[INFO] Scanning for projects...
[INFO] 
[INFO] ---------------------< com.example:AlgorithmName2 >---------------------
[INFO] Building AlgorithmName2 1.0-SNAPSHOT
[INFO]   from pom.xml
[INFO] --------------------------------[ jar ]---------------------------------
[INFO] 
[INFO] --- jacoco:0.8.11:prepare-agent (default) @ AlgorithmName2 ---
[INFO] argLine set to -javaagent:/home/kanyaphak673380391-3/.m2/repository/org/jacoco/org.jacoco.agent/0.8.11/org.jacoco.agent-0.8.11-runtime.jar=destfile=/tmp/bugrun/lang_49.qNWi15/target/jacoco.exec
[INFO] 
[INFO] --- resources:3.4.0:resources (default-resources) @ AlgorithmName2 ---
[INFO] Copying 1 resource from src/main/resources to target/classes
[INFO] 
[INFO] --- compiler:3.15.0:compile (default-compile) @ AlgorithmName2 ---
[INFO] Recompiling the module because of changed source code.
[INFO] Compiling 1 source file with javac [debug target 1.8] to target/classes
[WARNING] bootstrap class path not set in conjunction with -source 8
[INFO] 
[INFO] --- dependency:3.6.0:unpack-dependencies (unpack-defects4j) @ AlgorithmName2 ---
[INFO] 
[INFO] --- resources:3.4.0:testResources (default-testResources) @ AlgorithmName2 ---
[INFO] skip non existing resourceDirectory /tmp/bugrun/lang_49.qNWi15/src/test/resources
[INFO] 
[INFO] --- compiler:3.15.0:testCompile (default-testCompile) @ AlgorithmName2 ---
[INFO] Recompiling the module because of changed dependency.
[INFO] Compiling 1 source file with javac [debug target 1.8] to target/test-classes
[WARNING] bootstrap class path not set in conjunction with -source 8
[INFO] 
[INFO] --- surefire:3.1.2:test (default-cli) @ AlgorithmName2 ---
[INFO] Using auto detected provider org.apache.maven.surefire.junitplatform.JUnitPlatformProvider
[INFO] 
[INFO] -------------------------------------------------------
[INFO]  T E S T S
[INFO] -------------------------------------------------------
[INFO] Running com.example.algorithm2.Algorithm2Test
OpenJDK 64-Bit Server VM warning: Sharing is only supported for boot loader classes because bootstrap classpath has been appended
INFO: Loaded 288 hooks from com.code_intelligence.jazzer.runtime.TraceCmpHooks
INFO: Loaded 5 hooks from com.code_intelligence.jazzer.runtime.TraceDivHooks
INFO: Loaded 2 hooks from com.code_intelligence.jazzer.runtime.TraceIndirHooks
INFO: Loaded 4 hooks from com.code_intelligence.jazzer.runtime.NativeLibHooks
INFO: Loaded 2 hooks from com.code_intelligence.jazzer.sanitizers.ClojureLangHooks
INFO: Loaded 5 hooks from com.code_intelligence.jazzer.sanitizers.Deserialization
INFO: Loaded 5 hooks from com.code_intelligence.jazzer.sanitizers.ExpressionLanguageInjection
INFO: Loaded 70 hooks from com.code_intelligence.jazzer.sanitizers.LdapInjection
INFO: Loaded 46 hooks from com.code_intelligence.jazzer.sanitizers.NamingContextLookup
INFO: Loaded 1 hooks from com.code_intelligence.jazzer.sanitizers.OsCommandInjection
INFO: Loaded 52 hooks from com.code_intelligence.jazzer.sanitizers.ReflectiveCall
INFO: Loaded 8 hooks from com.code_intelligence.jazzer.sanitizers.RegexInjection
INFO: Loaded 16 hooks from com.code_intelligence.jazzer.sanitizers.RegexRoadblocks
INFO: Loaded 18 hooks from com.code_intelligence.jazzer.sanitizers.ScriptEngineInjection
INFO: Loaded 2 hooks from com.code_intelligence.jazzer.sanitizers.ServerSideRequestForgery
INFO: Loaded 19 hooks from com.code_intelligence.jazzer.sanitizers.SqlInjection
INFO: Loaded 6 hooks from com.code_intelligence.jazzer.sanitizers.XPathInjection
INFO: Instrumented com.example.algorithm2.Algorithm2Test$Skip (took 168 ms, size +44%)
INFO: Instrumented com.example.algorithm2.Algorithm2Test (took 257 ms, size +27%)
INFO: New number of coverage counters: 1024
INFO: New number of coverage counters: 2048
INFO: Instrumented org.apache.commons.lang.StringUtils (took 386 ms, size +33%)
[harness] Fallback target loaded: org.apache.commons.lang.StringUtils (original was org.apache.commons.lang3.StringUtils)
[harness] target=org.apache.commons.lang.StringUtils factories=1 methods=145
INFO: Instrumented org.apache.commons.lang.StringEscapeUtils (took 60 ms, size +20%)
INFO: Instrumented org.apache.commons.lang.exception.NestableRuntimeException (took 18 ms, size +22%)
INFO: Instrumented org.apache.commons.lang.exception.Nestable (took 1 ms, size +0%)
INFO: using inputs from: /tmp/bugrun/lang_49.qNWi15/.cifuzz-corpus/com.example.algorithm2.Algorithm2Test/testParameterizedFuzzer
INFO: using inputs from: /tmp/jazzer-java-seeds10266852919093017822
INFO: found LLVMFuzzerCustomMutator (0x79b75d66fcd0). Disabling -len_control by default.
INFO: Running with entropic power schedule (0xFF, 100).
INFO: Seed: 2694423674
INFO: Loaded 3 modules   (2048 inline 8-bit counters): 512 [0x79b804b97130, 0x79b804b97330), 512 [0x79b804b97330, 0x79b804b97530), 1024 [0x79b804b97530, 0x79b804b97930), 
INFO: Loaded 3 PC tables (2048 PCs): 512 [0x79b80472ae00,0x79b80472ce00), 512 [0x79b804cd9450,0x79b804cdb450), 1024 [0x79b804ce3450,0x79b804ce7450), 
INFO:        0 files found in /tmp/bugrun/lang_49.qNWi15/.cifuzz-corpus/com.example.algorithm2.Algorithm2Test/testParameterizedFuzzer
INFO:        0 files found in /tmp/jazzer-java-seeds10266852919093017822
INFO: -max_len is not provided; libFuzzer will not generate inputs larger than 4096 bytes
INFO: A corpus is not provided, starting from an empty corpus
#2	INITED cov: 40 ft: 40 corp: 1/1b exec/s: 0 rss: 883Mb
#4	NEW    cov: 42 ft: 42 corp: 2/4b lim: 4 exec/s: 0 rss: 883Mb L: 3/3 MS: 4 CrossOver-Custom-InsertByte-Custom-
#8	NEW    cov: 43 ft: 43 corp: 3/5b lim: 4 exec/s: 0 rss: 883Mb L: 1/3 MS: 8 ShuffleBytes-Custom-ShuffleBytes-Custom-ShuffleBytes-Custom-ChangeBit-Custom-
#9	NEW    cov: 51 ft: 51 corp: 4/6b lim: 4 exec/s: 0 rss: 883Mb L: 1/3 MS: 2 ChangeBit-Custom-
#12	NEW    cov: 56 ft: 56 corp: 5/8b lim: 4 exec/s: 0 rss: 883Mb L: 2/3 MS: 6 ChangeByte-Custom-ChangeBit-Custom-EraseBytes-Custom-
#15	NEW    cov: 65 ft: 65 corp: 6/9b lim: 4 exec/s: 0 rss: 883Mb L: 1/3 MS: 6 ChangeBit-Custom-ShuffleBytes-Custom-ChangeByte-Custom-
#19	NEW    cov: 67 ft: 69 corp: 7/13b lim: 4 exec/s: 0 rss: 883Mb L: 4/4 MS: 8 ShuffleBytes-Custom-CopyPart-Custom-ChangeByte-Custom-CrossOver-Custom-
#21	NEW    cov: 70 ft: 72 corp: 8/15b lim: 4 exec/s: 0 rss: 883Mb L: 2/4 MS: 4 InsertByte-Custom-ShuffleBytes-Custom-
#25	NEW    cov: 80 ft: 82 corp: 9/18b lim: 4 exec/s: 0 rss: 883Mb L: 3/4 MS: 8 ShuffleBytes-Custom-ShuffleBytes-Custom-InsertByte-Custom-InsertByte-Custom-
#27	NEW    cov: 81 ft: 83 corp: 10/21b lim: 4 exec/s: 0 rss: 883Mb L: 3/4 MS: 4 CopyPart-Custom-CrossOver-Custom-
#28	NEW    cov: 84 ft: 86 corp: 11/22b lim: 4 exec/s: 0 rss: 883Mb L: 1/4 MS: 2 ChangeBit-Custom-
#34	NEW    cov: 90 ft: 96 corp: 12/26b lim: 4 exec/s: 0 rss: 883Mb L: 4/4 MS: 2 ChangeASCIIInt-Custom-
#38	NEW    cov: 93 ft: 99 corp: 13/29b lim: 4 exec/s: 0 rss: 883Mb L: 3/4 MS: 8 ChangeByte-Custom-ShuffleBytes-Custom-ChangeByte-Custom-ChangeByte-Custom-
#40	REDUCE cov: 93 ft: 99 corp: 13/28b lim: 4 exec/s: 0 rss: 883Mb L: 1/4 MS: 4 CopyPart-Custom-EraseBytes-Custom-
#43	NEW    cov: 113 ft: 119 corp: 14/30b lim: 4 exec/s: 0 rss: 895Mb L: 2/4 MS: 6 CopyPart-Custom-ChangeBit-Custom-InsertByte-Custom-
#44	NEW    cov: 133 ft: 139 corp: 15/34b lim: 4 exec/s: 0 rss: 895Mb L: 4/4 MS: 2 ChangeByte-Custom-
#45	NEW    cov: 134 ft: 140 corp: 16/36b lim: 4 exec/s: 0 rss: 895Mb L: 2/4 MS: 2 ChangeASCIIInt-Custom-
#46	NEW    cov: 143 ft: 151 corp: 17/38b lim: 4 exec/s: 0 rss: 895Mb L: 2/4 MS: 2 CrossOver-Custom-
#48	REDUCE cov: 148 ft: 156 corp: 18/39b lim: 4 exec/s: 0 rss: 895Mb L: 1/4 MS: 4 ShuffleBytes-Custom-ChangeByte-Custom-
INFO: Instrumented org.apache.commons.lang.ObjectUtils (took 38 ms, size +26%)
INFO: Instrumented org.apache.commons.lang.ObjectUtils$Null (took 5 ms, size +43%)
MS: 8 ChangeASCIIInt-Custom-ChangeByte-Custom-EraseBytes-Custom-ShuffleBytes-Custom-; base unit: c0b6596cde57fe5b206e4d63a5e93f53cad9755e
0x2d,0x34,0xec,
-4\354
artifact_prefix='/tmp/bugrun/lang_49.qNWi15/'; Test unit written to /tmp/bugrun/lang_49.qNWi15/crash-732ee0afa930fe7afb3f91a0880e2a7fa506d154
Base64: LTTs
Done 52 runs in 0 second(s)
DEDUP_TOKEN: 5e9b924c260a845d
[ERROR] Tests run: 2, Failures: 0, Errors: 1, Skipped: 0, Time elapsed: 7.625 s <<< FAILURE! -- in com.example.algorithm2.Algorithm2Test
[ERROR] com.example.algorithm2.Algorithm2Test.testParameterizedFuzzer(FuzzedDataProvider)[2] -- Time elapsed: 0.472 s <<< ERROR!
java.lang.IllegalArgumentException: Minimum abbreviation width is 4
	at org.apache.commons.lang.StringUtils.abbreviate(StringUtils.java:4977)
	at org.apache.commons.lang.StringUtils.abbreviate(StringUtils.java:4934)
	at java.base/jdk.internal.reflect.NativeMethodAccessorImpl.invoke0(Native Method)
	at java.base/jdk.internal.reflect.NativeMethodAccessorImpl.invoke(NativeMethodAccessorImpl.java:62)
	at java.base/jdk.internal.reflect.DelegatingMethodAccessorImpl.invoke(DelegatingMethodAccessorImpl.java:43)
	at java.base/java.lang.reflect.Method.invoke(Method.java:566)
	at com.example.algorithm2.Algorithm2Test.testParameterizedFuzzer(Algorithm2Test.java:226)

[INFO] 
[INFO] Results:
[INFO] 
[ERROR] Errors: 
[ERROR]   Algorithm2Test.testParameterizedFuzzer:226 » IllegalArgument Minimum abbreviation width is 4
[INFO] 
[ERROR] Tests run: 2, Failures: 0, Errors: 1, Skipped: 0
[INFO] 
[ERROR] 

Please refer to /tmp/bugrun/lang_49.qNWi15/target/surefire-reports for the individual test results.
Please refer to dump files (if any exist) [date].dump, [date]-jvmRun[N].dump and [date].dumpstream.
[INFO] 
[INFO] --- jacoco:0.8.11:report (default-cli) @ AlgorithmName2 ---
[INFO] Loading execution data file /tmp/bugrun/lang_49.qNWi15/target/jacoco.exec
[INFO] Analyzed bundle 'AlgorithmName2' with 134 classes
[INFO] ------------------------------------------------------------------------
[INFO] BUILD SUCCESS
[INFO] ------------------------------------------------------------------------
[INFO] Total time:  25.058 s
[INFO] Finished at: 2026-10-06T02:09:56+07:00
[INFO] ------------------------------------------------------------------------
