[INFO] Scanning for projects...
[INFO] 
[INFO] ---------------------< com.example:AlgorithmName2 >---------------------
[INFO] Building AlgorithmName2 1.0-SNAPSHOT
[INFO]   from pom.xml
[INFO] --------------------------------[ jar ]---------------------------------
[INFO] 
[INFO] --- jacoco:0.8.11:prepare-agent (default) @ AlgorithmName2 ---
[INFO] argLine set to -javaagent:/home/kanyaphak673380391-3/.m2/repository/org/jacoco/org.jacoco.agent/0.8.11/org.jacoco.agent-0.8.11-runtime.jar=destfile=/tmp/bugrun/compress_9.ZrkQq1/target/jacoco.exec
[INFO] 
[INFO] --- resources:3.4.0:resources (default-resources) @ AlgorithmName2 ---
[INFO] Copying 1 resource from src/main/resources to target/classes
[INFO] 
[INFO] --- compiler:3.15.0:compile (default-compile) @ AlgorithmName2 ---
[INFO] Recompiling the module because of changed source code.
[INFO] Compiling 1 source file with javac [debug target 1.8] to target/classes
[WARNING] bootstrap class path not set in conjunction with -source 8
[INFO] 
[INFO] --- dependency:3.6.0:unpack-dependencies (unpack-defects4j) @ AlgorithmName2 ---
[INFO] 
[INFO] --- resources:3.4.0:testResources (default-testResources) @ AlgorithmName2 ---
[INFO] skip non existing resourceDirectory /tmp/bugrun/compress_9.ZrkQq1/src/test/resources
[INFO] 
[INFO] --- compiler:3.15.0:testCompile (default-testCompile) @ AlgorithmName2 ---
[INFO] Recompiling the module because of changed dependency.
[INFO] Compiling 1 source file with javac [debug target 1.8] to target/test-classes
[WARNING] bootstrap class path not set in conjunction with -source 8
[INFO] 
[INFO] --- surefire:3.1.2:test (default-cli) @ AlgorithmName2 ---
[INFO] Using auto detected provider org.apache.maven.surefire.junitplatform.JUnitPlatformProvider
[INFO] 
[INFO] -------------------------------------------------------
[INFO]  T E S T S
[INFO] -------------------------------------------------------
[INFO] Running com.example.algorithm2.Algorithm2Test
OpenJDK 64-Bit Server VM warning: Sharing is only supported for boot loader classes because bootstrap classpath has been appended
INFO: Loaded 281 hooks from com.code_intelligence.jazzer.runtime.TraceCmpHooks
INFO: Loaded 5 hooks from com.code_intelligence.jazzer.runtime.TraceDivHooks
INFO: Loaded 2 hooks from com.code_intelligence.jazzer.runtime.TraceIndirHooks
INFO: Loaded 4 hooks from com.code_intelligence.jazzer.runtime.NativeLibHooks
INFO: Loaded 2 hooks from com.code_intelligence.jazzer.sanitizers.ClojureLangHooks
INFO: Loaded 5 hooks from com.code_intelligence.jazzer.sanitizers.Deserialization
INFO: Loaded 5 hooks from com.code_intelligence.jazzer.sanitizers.ExpressionLanguageInjection
INFO: Loaded 70 hooks from com.code_intelligence.jazzer.sanitizers.LdapInjection
INFO: Loaded 46 hooks from com.code_intelligence.jazzer.sanitizers.NamingContextLookup
INFO: Loaded 1 hooks from com.code_intelligence.jazzer.sanitizers.OsCommandInjection
INFO: Loaded 52 hooks from com.code_intelligence.jazzer.sanitizers.ReflectiveCall
INFO: Loaded 8 hooks from com.code_intelligence.jazzer.sanitizers.RegexInjection
INFO: Loaded 16 hooks from com.code_intelligence.jazzer.sanitizers.RegexRoadblocks
INFO: Loaded 18 hooks from com.code_intelligence.jazzer.sanitizers.ScriptEngineInjection
INFO: Loaded 2 hooks from com.code_intelligence.jazzer.sanitizers.ServerSideRequestForgery
INFO: Loaded 19 hooks from com.code_intelligence.jazzer.sanitizers.SqlInjection
INFO: Loaded 6 hooks from com.code_intelligence.jazzer.sanitizers.XPathInjection
INFO: Instrumented com.example.algorithm2.Algorithm2Test$Skip (took 173 ms, size +44%)
INFO: Instrumented com.example.algorithm2.Algorithm2Test (took 166 ms, size +27%)
INFO: Instrumented org.apache.commons.compress.archivers.ArchiveStreamFactory (took 92 ms, size +36%)
INFO: Instrumented org.apache.commons.compress.archivers.ArchiveInputStream (took 14 ms, size +32%)
INFO: New number of coverage counters: 1024
WARN: Some hooks could not be applied to class files built for Java 7 or lower.
                       Ensure that the fuzz target and its dependencies are compiled with
                       -target 8 or higher to identify as many bugs as possible.
INFO: Instrumented org.apache.commons.compress.archivers.ar.ArArchiveInputStream (took 60 ms, size +26%)
INFO: Instrumented org.apache.commons.compress.archivers.zip.ZipArchiveInputStream (took 53 ms, size +17%)
INFO: New number of coverage counters: 2048
INFO: Instrumented org.apache.commons.compress.archivers.tar.TarArchiveInputStream (took 52 ms, size +26%)
INFO: Instrumented org.apache.commons.compress.archivers.jar.JarArchiveInputStream (took 4 ms, size +26%)
INFO: Instrumented org.apache.commons.compress.archivers.cpio.CpioArchiveInputStream (took 41 ms, size +30%)
INFO: Instrumented org.apache.commons.compress.archivers.cpio.CpioConstants (took 2 ms, size +0%)
INFO: Instrumented org.apache.commons.compress.archivers.dump.DumpArchiveInputStream (took 25 ms, size +25%)
INFO: Instrumented org.apache.commons.compress.archivers.ArchiveException (took 3 ms, size +38%)
INFO: Instrumented org.apache.commons.compress.archivers.ArchiveOutputStream (took 15 ms, size +28%)
INFO: Instrumented org.apache.commons.compress.archivers.ar.ArArchiveOutputStream (took 17 ms, size +23%)
INFO: New number of coverage counters: 4096
INFO: Instrumented org.apache.commons.compress.archivers.zip.ZipArchiveOutputStream (took 71 ms, size +18%)
INFO: Instrumented org.apache.commons.compress.archivers.tar.TarArchiveOutputStream (took 15 ms, size +18%)
INFO: Instrumented org.apache.commons.compress.archivers.jar.JarArchiveOutputStream (took 5 ms, size +36%)
INFO: Instrumented org.apache.commons.compress.archivers.cpio.CpioArchiveOutputStream (took 35 ms, size +23%)
[harness] target=org.apache.commons.compress.archivers.ArchiveStreamFactory factories=1 methods=3
INFO: found LLVMFuzzerCustomMutator (0x7f678ac72cd0). Disabling -len_control by default.
INFO: Running with entropic power schedule (0xFF, 100).
INFO: Seed: 2161633174
INFO: using inputs from: /tmp/bugrun/compress_9.ZrkQq1/.cifuzz-corpus/com.example.algorithm2.Algorithm2Test/testParameterizedFuzzer
INFO: using inputs from: /tmp/jazzer-java-seeds17974900338119333527
INFO: Loaded 4 modules   (4096 inline 8-bit counters): 512 [0x7f6884b7d2e0, 0x7f6884b7d4e0), 512 [0x7f6884b7d4e0, 0x7f6884b7d6e0), 1024 [0x7f6884b7d6e0, 0x7f6884b7dae0), 2048 [0x7f6884b7dae0, 0x7f6884b7e2e0), 
INFO: Loaded 4 PC tables (4096 PCs): 512 [0x7f68846b9dd0,0x7f68846bbdd0), 512 [0x7f68845c4c70,0x7f68845c6c70), 1024 [0x7f6884b70c80,0x7f6884b74c80), 2048 [0x7f68845e0f50,0x7f68845e8f50), 
INFO:        0 files found in /tmp/bugrun/compress_9.ZrkQq1/.cifuzz-corpus/com.example.algorithm2.Algorithm2Test/testParameterizedFuzzer
INFO:        0 files found in /tmp/jazzer-java-seeds17974900338119333527
INFO: -max_len is not provided; libFuzzer will not generate inputs larger than 4096 bytes
INFO: A corpus is not provided, starting from an empty corpus
INFO: Instrumented org.apache.commons.compress.archivers.zip.UnsupportedZipFeatureException (took 4 ms, size +21%)
INFO: Instrumented org.apache.commons.compress.archivers.ArchiveEntry (took 1 ms, size +0%)
INFO: Instrumented org.apache.commons.compress.archivers.zip.ZipLong (took 10 ms, size +21%)
INFO: Instrumented org.apache.commons.compress.archivers.zip.Zip64RequiredException (took 4 ms, size +27%)
INFO: Instrumented org.apache.commons.compress.archivers.zip.ZipExtraField (took 1 ms, size +0%)
INFO: Instrumented org.apache.commons.compress.archivers.dump.UnrecognizedFormatException (took 2 ms, size +43%)
INFO: Instrumented org.apache.commons.compress.archivers.dump.DumpArchiveException (took 9 ms, size +34%)
#2	INITED cov: 158 ft: 158 corp: 1/1b exec/s: 0 rss: 1212Mb
INFO: Instrumented org.apache.commons.compress.archivers.dump.InvalidFormatException (took 3 ms, size +30%)
INFO: Instrumented org.apache.commons.compress.archivers.tar.TarArchiveInputStream$1 (took 4 ms, size +30%)
INFO: Instrumented org.apache.commons.compress.archivers.tar.TarBuffer (took 22 ms, size +21%)
#3	NEW    cov: 225 ft: 230 corp: 2/3b lim: 4 exec/s: 0 rss: 1213Mb L: 2/2 MS: 2 CrossOver-Custom-
#4	NEW    cov: 225 ft: 231 corp: 3/7b lim: 4 exec/s: 0 rss: 1213Mb L: 4/4 MS: 2 CrossOver-Custom-
#6	NEW    cov: 228 ft: 253 corp: 4/11b lim: 4 exec/s: 0 rss: 1213Mb L: 4/4 MS: 4 ShuffleBytes-Custom-ChangeBinInt-Custom-
#7	NEW    cov: 228 ft: 254 corp: 5/13b lim: 4 exec/s: 0 rss: 1213Mb L: 2/4 MS: 2 CrossOver-Custom-
#9	NEW    cov: 228 ft: 255 corp: 6/16b lim: 4 exec/s: 0 rss: 1213Mb L: 3/4 MS: 4 InsertByte-Custom-CopyPart-Custom-
INFO: Instrumented org.apache.commons.compress.archivers.tar.TarArchiveEntry (took 61 ms, size +26%)
INFO: Instrumented org.apache.commons.compress.archivers.tar.TarConstants (took 0 ms, size +0%)
INFO: Instrumented org.apache.commons.compress.archivers.tar.TarUtils (took 15 ms, size +25%)
#219	NEW    cov: 233 ft: 262 corp: 7/21b lim: 6 exec/s: 0 rss: 1217Mb L: 5/5 MS: 10 CrossOver-Custom-EraseBytes-Custom-InsertRepeatedBytes-Custom-ChangeByte-Custom-ChangeBit-Custom-
#233	NEW    cov: 233 ft: 263 corp: 8/26b lim: 6 exec/s: 0 rss: 1217Mb L: 5/5 MS: 8 ShuffleBytes-Custom-ChangeBinInt-Custom-CrossOver-Custom-CopyPart-Custom-
#252	REDUCE cov: 233 ft: 263 corp: 8/23b lim: 6 exec/s: 0 rss: 1217Mb L: 1/5 MS: 8 ChangeByte-Custom-CrossOver-Custom-CopyPart-Custom-ChangeByte-Custom-
#285	NEW    cov: 237 ft: 270 corp: 9/26b lim: 6 exec/s: 0 rss: 1219Mb L: 3/5 MS: 6 CopyPart-Custom-CMP-Custom-CMP-Custom- DE: "\000\010"-"ar"-
#310	NEW    cov: 237 ft: 271 corp: 10/32b lim: 6 exec/s: 0 rss: 1219Mb L: 6/6 MS: 10 InsertRepeatedBytes-Custom-ShuffleBytes-Custom-ChangeByte-Custom-ChangeBinInt-Custom-ChangeByte-Custom-
#346	REDUCE cov: 237 ft: 271 corp: 10/30b lim: 6 exec/s: 0 rss: 1221Mb L: 4/5 MS: 2 EraseBytes-Custom-
#378	REDUCE cov: 237 ft: 271 corp: 10/29b lim: 6 exec/s: 0 rss: 1222Mb L: 1/5 MS: 4 CMP-Custom-EraseBytes-Custom- DE: "\010\000"-
#584	REDUCE cov: 240 ft: 274 corp: 11/36b lim: 8 exec/s: 0 rss: 1224Mb L: 7/7 MS: 2 InsertRepeatedBytes-Custom-
#715	REDUCE cov: 250 ft: 284 corp: 12/39b lim: 8 exec/s: 0 rss: 1224Mb L: 3/7 MS: 2 PersAutoDict-Custom- DE: "ar"-
#716	NEW    cov: 252 ft: 286 corp: 13/42b lim: 8 exec/s: 0 rss: 1224Mb L: 3/7 MS: 2 ShuffleBytes-Custom-
#841	NEW    cov: 308 ft: 343 corp: 14/46b lim: 8 exec/s: 0 rss: 1225Mb L: 4/7 MS: 10 ChangeByte-Custom-ChangeByte-Custom-ChangeBit-Custom-CMP-Custom-CMP-Custom- DE: "4\000"-"jar"-
#858	NEW    cov: 309 ft: 344 corp: 15/54b lim: 8 exec/s: 0 rss: 1225Mb L: 8/8 MS: 4 ChangeByte-Custom-InsertRepeatedBytes-Custom-
INFO: Instrumented org.apache.commons.compress.archivers.zip.ZipArchiveInputStream$Buffer (took 12 ms, size +18%)
INFO: Instrumented org.apache.commons.compress.archivers.zip.ZipEncodingHelper (took 17 ms, size +21%)
INFO: Instrumented org.apache.commons.compress.archivers.zip.ZipEncoding (took 0 ms, size +0%)
INFO: Instrumented org.apache.commons.compress.archivers.zip.ZipEncodingHelper$SimpleEncodingHolder (took 2 ms, size +33%)
INFO: Instrumented org.apache.commons.compress.archivers.zip.FallbackZipEncoding (took 3 ms, size +28%)
#1177	NEW    cov: 310 ft: 345 corp: 16/64b lim: 11 exec/s: 0 rss: 1230Mb L: 10/10 MS: 8 ChangeByte-Custom-CMP-Custom-InsertByte-Custom-CrossOver-Custom- DE: "K\001"-
#1193	NEW    cov: 342 ft: 378 corp: 17/68b lim: 11 exec/s: 0 rss: 1230Mb L: 4/10 MS: 2 ChangeByte-Custom-
INFO: Instrumented org.apache.commons.compress.archivers.zip.ZipArchiveOutputStream$UnicodeExtraFieldPolicy (took 3 ms, size +33%)
INFO: Instrumented org.apache.commons.compress.archivers.zip.Zip64Mode (took 3 ms, size +29%)
#1274	NEW    cov: 342 ft: 379 corp: 18/79b lim: 11 exec/s: 0 rss: 1230Mb L: 11/11 MS: 2 InsertRepeatedBytes-Custom-
#1343	NEW    cov: 342 ft: 380 corp: 19/90b lim: 11 exec/s: 0 rss: 1230Mb L: 11/11 MS: 8 ChangeBinInt-Custom-InsertRepeatedBytes-Custom-PersAutoDict-Custom-ShuffleBytes-Custom- DE: "K\001"-
#1385	NEW    cov: 342 ft: 381 corp: 20/101b lim: 11 exec/s: 0 rss: 1230Mb L: 11/11 MS: 4 ShuffleBytes-Custom-CopyPart-Custom-
#1392	REDUCE cov: 342 ft: 381 corp: 20/100b lim: 11 exec/s: 0 rss: 1230Mb L: 10/11 MS: 4 ChangeBinInt-Custom-EraseBytes-Custom-
#1414	REDUCE cov: 342 ft: 381 corp: 20/99b lim: 11 exec/s: 0 rss: 1230Mb L: 9/11 MS: 4 ShuffleBytes-Custom-EraseBytes-Custom-
#1455	NEW    cov: 342 ft: 382 corp: 21/110b lim: 11 exec/s: 0 rss: 1230Mb L: 11/11 MS: 2 CMP-Custom- DE: "jja"-
#1541	REDUCE cov: 342 ft: 382 corp: 21/108b lim: 11 exec/s: 0 rss: 1230Mb L: 9/11 MS: 2 EraseBytes-Custom-
#1594	NEW    cov: 342 ft: 383 corp: 22/112b lim: 11 exec/s: 0 rss: 1230Mb L: 4/11 MS: 6 EraseBytes-Custom-ShuffleBytes-Custom-InsertByte-Custom-
#1608	REDUCE cov: 342 ft: 383 corp: 22/111b lim: 11 exec/s: 0 rss: 1230Mb L: 7/11 MS: 8 CopyPart-Custom-InsertByte-Custom-CopyPart-Custom-EraseBytes-Custom-
#1609	REDUCE cov: 342 ft: 383 corp: 22/108b lim: 11 exec/s: 0 rss: 1230Mb L: 6/11 MS: 2 EraseBytes-Custom-
#1710	REDUCE cov: 342 ft: 383 corp: 22/107b lim: 11 exec/s: 0 rss: 1230Mb L: 10/11 MS: 2 EraseBytes-Custom-
#1796	REDUCE cov: 342 ft: 383 corp: 22/103b lim: 11 exec/s: 0 rss: 1230Mb L: 7/10 MS: 2 EraseBytes-Custom-
#2122	NEW    cov: 343 ft: 384 corp: 23/107b lim: 14 exec/s: 0 rss: 1230Mb L: 4/10 MS: 2 ChangeBit-Custom-
#2235	NEW    cov: 344 ft: 385 corp: 24/114b lim: 14 exec/s: 0 rss: 1230Mb L: 7/10 MS: 6 ChangeBit-Custom-InsertByte-Custom-InsertByte-Custom-
#2370	NEW    cov: 346 ft: 387 corp: 25/118b lim: 14 exec/s: 0 rss: 1230Mb L: 4/10 MS: 10 ChangeBinInt-Custom-EraseBytes-Custom-PersAutoDict-Custom-CopyPart-Custom-ChangeByte-Custom- DE: "jar"-
#2750	NEW    cov: 346 ft: 390 corp: 26/130b lim: 17 exec/s: 2750 rss: 1230Mb L: 12/12 MS: 10 InsertRepeatedBytes-Custom-InsertByte-Custom-EraseBytes-Custom-ChangeByte-Custom-ChangeBit-Custom-
#2782	REDUCE cov: 347 ft: 391 corp: 27/146b lim: 17 exec/s: 2782 rss: 1230Mb L: 16/16 MS: 4 CopyPart-Custom-ChangeBit-Custom-
#2851	REDUCE cov: 347 ft: 392 corp: 28/163b lim: 17 exec/s: 2851 rss: 1230Mb L: 17/17 MS: 8 CopyPart-Custom-CrossOver-Custom-InsertRepeatedBytes-Custom-ChangeBit-Custom-
#2853	REDUCE cov: 347 ft: 392 corp: 28/162b lim: 17 exec/s: 2853 rss: 1230Mb L: 11/17 MS: 4 ChangeBinInt-Custom-EraseBytes-Custom-
#3000	REDUCE cov: 347 ft: 392 corp: 28/161b lim: 17 exec/s: 3000 rss: 1231Mb L: 9/17 MS: 4 EraseBytes-Custom-InsertByte-Custom-
#3208	REDUCE cov: 347 ft: 392 corp: 28/153b lim: 17 exec/s: 3208 rss: 1231Mb L: 8/17 MS: 6 PersAutoDict-Custom-ChangeBit-Custom-EraseBytes-Custom- DE: "ar"-
#3219	REDUCE cov: 347 ft: 392 corp: 28/152b lim: 17 exec/s: 3219 rss: 1231Mb L: 10/17 MS: 2 EraseBytes-Custom-
#3620	REDUCE cov: 347 ft: 392 corp: 28/151b lim: 17 exec/s: 3620 rss: 1231Mb L: 3/17 MS: 2 EraseBytes-Custom-
#3631	REDUCE cov: 347 ft: 392 corp: 28/148b lim: 17 exec/s: 3631 rss: 1231Mb L: 7/17 MS: 2 EraseBytes-Custom-
#3859	REDUCE cov: 347 ft: 392 corp: 28/147b lim: 17 exec/s: 3859 rss: 1231Mb L: 7/17 MS: 6 EraseBytes-Custom-InsertByte-Custom-PersAutoDict-Custom- DE: "\010\000"-
#4015	REDUCE cov: 349 ft: 394 corp: 29/151b lim: 17 exec/s: 4015 rss: 1231Mb L: 4/17 MS: 2 CMP-Custom- DE: "zip"-
#4225	NEW    cov: 351 ft: 396 corp: 30/155b lim: 17 exec/s: 4225 rss: 1231Mb L: 4/17 MS: 10 ShuffleBytes-Custom-ChangeBit-Custom-ChangeBinInt-Custom-ChangeBinInt-Custom-CMP-Custom- DE: "zip"-
#4557	REDUCE cov: 351 ft: 396 corp: 30/154b lim: 17 exec/s: 4557 rss: 1232Mb L: 6/17 MS: 4 EraseBytes-Custom-ChangeBit-Custom-
#4793	REDUCE cov: 351 ft: 396 corp: 30/153b lim: 17 exec/s: 4793 rss: 1232Mb L: 6/17 MS: 2 EraseBytes-Custom-
#5095	REDUCE cov: 351 ft: 396 corp: 30/151b lim: 17 exec/s: 5095 rss: 1232Mb L: 4/17 MS: 4 EraseBytes-Custom-ChangeBit-Custom-
#6630	NEW    cov: 351 ft: 397 corp: 31/176b lim: 29 exec/s: 6630 rss: 1232Mb L: 25/25 MS: 10 InsertByte-Custom-CMP-Custom-CMP-Custom-EraseBytes-Custom-InsertRepeatedBytes-Custom- DE: "zip"-"\000\010"-
#6701	REDUCE cov: 351 ft: 397 corp: 31/175b lim: 29 exec/s: 6701 rss: 1232Mb L: 2/25 MS: 2 EraseBytes-Custom-
#7147	NEW    cov: 356 ft: 403 corp: 32/208b lim: 33 exec/s: 7147 rss: 1232Mb L: 33/33 MS: 2 InsertRepeatedBytes-Custom-
#7163	NEW    cov: 357 ft: 404 corp: 33/241b lim: 33 exec/s: 7163 rss: 1232Mb L: 33/33 MS: 2 ChangeBinInt-Custom-
INFO: Instrumented org.apache.commons.compress.archivers.dump.DumpArchiveUtil (took 3 ms, size +23%)
#7694	NEW    cov: 357 ft: 534 corp: 34/278b lim: 38 exec/s: 3847 rss: 1232Mb L: 37/37 MS: 2 InsertRepeatedBytes-Custom-
#7761	NEW    cov: 357 ft: 539 corp: 35/316b lim: 38 exec/s: 3880 rss: 1232Mb L: 38/38 MS: 4 PersAutoDict-Custom-CopyPart-Custom- DE: "K\001"-
#7949	NEW    cov: 377 ft: 562 corp: 36/320b lim: 38 exec/s: 3974 rss: 1233Mb L: 4/38 MS: 6 ChangeBinInt-Custom-ShuffleBytes-Custom-CMP-Custom- DE: "tar"-
#8192	pulse  cov: 377 ft: 562 corp: 36/320b lim: 38 exec/s: 4096 rss: 1233Mb
INFO: Instrumented org.apache.commons.compress.utils.CountingOutputStream (took 3 ms, size +34%)
#8502	REDUCE cov: 377 ft: 566 corp: 37/363b lim: 43 exec/s: 4251 rss: 1233Mb L: 43/43 MS: 6 CopyPart-Custom-InsertRepeatedBytes-Custom-CopyPart-Custom-
#8523	NEW    cov: 378 ft: 568 corp: 38/369b lim: 43 exec/s: 4261 rss: 1233Mb L: 6/43 MS: 2 CopyPart-Custom-
#8626	NEW    cov: 380 ft: 581 corp: 39/373b lim: 43 exec/s: 4313 rss: 1233Mb L: 4/43 MS: 6 ChangeBit-Custom-PersAutoDict-Custom-PersAutoDict-Custom- DE: "ar"-"tar"-
#9017	REDUCE cov: 380 ft: 581 corp: 39/368b lim: 43 exec/s: 4508 rss: 1233Mb L: 20/43 MS: 2 EraseBytes-Custom-
#9057	REDUCE cov: 380 ft: 581 corp: 39/367b lim: 43 exec/s: 4528 rss: 1233Mb L: 3/43 MS: 10 EraseBytes-Custom-ChangeBinInt-Custom-PersAutoDict-Custom-ChangeBit-Custom-EraseBytes-Custom- DE: "jja"-
#10317	NEW    cov: 381 ft: 582 corp: 40/381b lim: 53 exec/s: 5158 rss: 1234Mb L: 14/43 MS: 10 ChangeBit-Custom-CMP-Custom-ChangeBit-Custom-CrossOver-Custom-ChangeByte-Custom- DE: "N\001\000\000"-
#11004	REDUCE cov: 381 ft: 583 corp: 41/421b lim: 58 exec/s: 5502 rss: 1234Mb L: 40/43 MS: 4 CopyPart-Custom-InsertRepeatedBytes-Custom-
#11060	REDUCE cov: 381 ft: 586 corp: 42/429b lim: 58 exec/s: 5530 rss: 1234Mb L: 8/43 MS: 2 CopyPart-Custom-
#11287	REDUCE cov: 381 ft: 586 corp: 42/428b lim: 58 exec/s: 5643 rss: 1234Mb L: 13/43 MS: 4 CopyPart-Custom-EraseBytes-Custom-
#11518	REDUCE cov: 381 ft: 586 corp: 42/427b lim: 58 exec/s: 5759 rss: 1234Mb L: 19/43 MS: 2 EraseBytes-Custom-
#11584	NEW    cov: 381 ft: 589 corp: 43/441b lim: 58 exec/s: 5792 rss: 1234Mb L: 14/43 MS: 2 CrossOver-Custom-
#11586	REDUCE cov: 381 ft: 589 corp: 43/440b lim: 58 exec/s: 5793 rss: 1234Mb L: 13/43 MS: 4 ShuffleBytes-Custom-EraseBytes-Custom-
#11712	REDUCE cov: 381 ft: 589 corp: 43/438b lim: 58 exec/s: 5856 rss: 1234Mb L: 4/43 MS: 2 EraseBytes-Custom-
#12860	NEW    cov: 381 ft: 594 corp: 44/504b lim: 68 exec/s: 6430 rss: 1234Mb L: 66/66 MS: 6 CopyPart-Custom-CopyPart-Custom-CrossOver-Custom-
#13089	NEW    cov: 381 ft: 643 corp: 45/571b lim: 68 exec/s: 6544 rss: 1234Mb L: 67/67 MS: 8 ChangeBinInt-Custom-ChangeByte-Custom-ChangeBinInt-Custom-InsertRepeatedBytes-Custom-
#13625	REDUCE cov: 381 ft: 643 corp: 45/569b lim: 68 exec/s: 4541 rss: 1234Mb L: 11/67 MS: 2 EraseBytes-Custom-
#13675	REDUCE cov: 381 ft: 643 corp: 45/567b lim: 68 exec/s: 4558 rss: 1234Mb L: 9/67 MS: 10 CopyPart-Custom-InsertByte-Custom-InsertByte-Custom-EraseBytes-Custom-EraseBytes-Custom-
#13711	NEW    cov: 381 ft: 701 corp: 46/635b lim: 68 exec/s: 4570 rss: 1234Mb L: 68/68 MS: 2 CrossOver-Custom-
#14507	NEW    cov: 381 ft: 706 corp: 47/709b lim: 74 exec/s: 4835 rss: 1234Mb L: 74/74 MS: 2 InsertRepeatedBytes-Custom-
#14708	REDUCE cov: 381 ft: 707 corp: 48/735b lim: 74 exec/s: 4902 rss: 1234Mb L: 26/74 MS: 2 CrossOver-Custom-
#15348	NEW    cov: 381 ft: 708 corp: 49/812b lim: 80 exec/s: 5116 rss: 1235Mb L: 77/77 MS: 10 ShuffleBytes-Custom-InsertRepeatedBytes-Custom-ChangeBinInt-Custom-InsertRepeatedBytes-Custom-InsertRepeatedBytes-Custom-
#15431	REDUCE cov: 381 ft: 711 corp: 50/872b lim: 80 exec/s: 5143 rss: 1235Mb L: 60/77 MS: 6 CrossOver-Custom-InsertByte-Custom-InsertRepeatedBytes-Custom-
#15574	REDUCE cov: 381 ft: 711 corp: 50/869b lim: 80 exec/s: 5191 rss: 1235Mb L: 57/77 MS: 6 ChangeBit-Custom-CMP-Custom-EraseBytes-Custom- DE: "\177\000\000\000"-
#15725	REDUCE cov: 381 ft: 711 corp: 50/868b lim: 80 exec/s: 5241 rss: 1235Mb L: 56/77 MS: 2 PersAutoDict-Custom- DE: "ar"-
#15835	REDUCE cov: 381 ft: 711 corp: 50/867b lim: 80 exec/s: 5278 rss: 1235Mb L: 76/76 MS: 10 EraseBytes-Custom-InsertRepeatedBytes-Custom-ChangeBit-Custom-ShuffleBytes-Custom-InsertRepeatedBytes-Custom-
#15956	REDUCE cov: 381 ft: 711 corp: 50/866b lim: 80 exec/s: 5318 rss: 1235Mb L: 36/76 MS: 2 PersAutoDict-Custom- DE: "ar"-
#15959	REDUCE cov: 381 ft: 715 corp: 51/941b lim: 80 exec/s: 5319 rss: 1235Mb L: 75/76 MS: 6 ChangeBit-Custom-PersAutoDict-Custom-InsertRepeatedBytes-Custom- DE: "ar"-
#16384	pulse  cov: 381 ft: 715 corp: 51/941b lim: 80 exec/s: 5461 rss: 1235Mb
#16887	REDUCE cov: 381 ft: 715 corp: 51/940b lim: 86 exec/s: 5629 rss: 1235Mb L: 73/76 MS: 6 InsertRepeatedBytes-Custom-CrossOver-Custom-InsertByte-Custom-
#18832	NEW    cov: 381 ft: 840 corp: 52/1041b lim: 104 exec/s: 6277 rss: 1235Mb L: 101/101 MS: 10 ChangeBinInt-Custom-ChangeByte-Custom-CopyPart-Custom-CrossOver-Custom-InsertRepeatedBytes-Custom-
#18851	REDUCE cov: 381 ft: 845 corp: 53/1145b lim: 104 exec/s: 6283 rss: 1235Mb L: 104/104 MS: 8 ChangeBinInt-Custom-PersAutoDict-Custom-CMP-Custom-InsertRepeatedBytes-Custom- DE: "tar"-"\000\000\000\000\000\000\000\000"-
#19310	NEW    cov: 381 ft: 848 corp: 54/1214b lim: 104 exec/s: 6436 rss: 1235Mb L: 69/104 MS: 8 ShuffleBytes-Custom-CopyPart-Custom-ChangeBinInt-Custom-InsertRepeatedBytes-Custom-
#19440	DONE   cov: 381 ft: 848 corp: 54/1214b lim: 104 exec/s: 4860 rss: 1235Mb
###### Recommended dictionary. ######
"\000\010" # Uses: 216
"ar" # Uses: 208
"\010\000" # Uses: 212
"4\000" # Uses: 205
"jar" # Uses: 183
"K\001" # Uses: 194
"jja" # Uses: 154
"zip" # Uses: 145
"tar" # Uses: 102
"N\001\000\000" # Uses: 88
"\177\000\000\000" # Uses: 40
"\000\000\000\000\000\000\000\000" # Uses: 0
###### End of recommended dictionary. ######
Done 19440 runs in 4 second(s)
[INFO] Tests run: 2, Failures: 0, Errors: 0, Skipped: 0, Time elapsed: 14.37 s -- in com.example.algorithm2.Algorithm2Test
[INFO] 
[INFO] Results:
[INFO] 
[INFO] Tests run: 2, Failures: 0, Errors: 0, Skipped: 0
[INFO] 
[INFO] 
[INFO] --- jacoco:0.8.11:report (default-cli) @ AlgorithmName2 ---
[INFO] Loading execution data file /tmp/bugrun/compress_9.ZrkQq1/target/jacoco.exec
[INFO] Analyzed bundle 'AlgorithmName2' with 111 classes
[INFO] ------------------------------------------------------------------------
[INFO] BUILD SUCCESS
[INFO] ------------------------------------------------------------------------
[INFO] Total time:  32.811 s
[INFO] Finished at: 2026-10-06T04:24:16+07:00
[INFO] ------------------------------------------------------------------------
