[INFO] Scanning for projects...
[INFO] 
[INFO] ---------------------< com.example:AlgorithmName2 >---------------------
[INFO] Building AlgorithmName2 1.0-SNAPSHOT
[INFO]   from pom.xml
[INFO] --------------------------------[ jar ]---------------------------------
[INFO] 
[INFO] --- jacoco:0.8.11:prepare-agent (default) @ AlgorithmName2 ---
[INFO] argLine set to -javaagent:/home/kanyaphak673380391-3/.m2/repository/org/jacoco/org.jacoco.agent/0.8.11/org.jacoco.agent-0.8.11-runtime.jar=destfile=/tmp/bugrun/compress_27.pwiOIl/target/jacoco.exec
[INFO] 
[INFO] --- resources:3.4.0:resources (default-resources) @ AlgorithmName2 ---
[INFO] Copying 1 resource from src/main/resources to target/classes
[INFO] 
[INFO] --- compiler:3.15.0:compile (default-compile) @ AlgorithmName2 ---
[INFO] Recompiling the module because of changed source code.
[INFO] Compiling 1 source file with javac [debug target 1.8] to target/classes
[WARNING] bootstrap class path not set in conjunction with -source 8
[INFO] 
[INFO] --- dependency:3.6.0:unpack-dependencies (unpack-defects4j) @ AlgorithmName2 ---
[INFO] 
[INFO] --- resources:3.4.0:testResources (default-testResources) @ AlgorithmName2 ---
[INFO] skip non existing resourceDirectory /tmp/bugrun/compress_27.pwiOIl/src/test/resources
[INFO] 
[INFO] --- compiler:3.15.0:testCompile (default-testCompile) @ AlgorithmName2 ---
[INFO] Recompiling the module because of changed dependency.
[INFO] Compiling 1 source file with javac [debug target 1.8] to target/test-classes
[WARNING] bootstrap class path not set in conjunction with -source 8
[INFO] 
[INFO] --- surefire:3.1.2:test (default-cli) @ AlgorithmName2 ---
[INFO] Using auto detected provider org.apache.maven.surefire.junitplatform.JUnitPlatformProvider
[INFO] 
[INFO] -------------------------------------------------------
[INFO]  T E S T S
[INFO] -------------------------------------------------------
[INFO] Running com.example.algorithm2.Algorithm2Test
OpenJDK 64-Bit Server VM warning: Sharing is only supported for boot loader classes because bootstrap classpath has been appended
INFO: Loaded 281 hooks from com.code_intelligence.jazzer.runtime.TraceCmpHooks
INFO: Loaded 5 hooks from com.code_intelligence.jazzer.runtime.TraceDivHooks
INFO: Loaded 2 hooks from com.code_intelligence.jazzer.runtime.TraceIndirHooks
INFO: Loaded 4 hooks from com.code_intelligence.jazzer.runtime.NativeLibHooks
INFO: Loaded 2 hooks from com.code_intelligence.jazzer.sanitizers.ClojureLangHooks
INFO: Loaded 5 hooks from com.code_intelligence.jazzer.sanitizers.Deserialization
INFO: Loaded 5 hooks from com.code_intelligence.jazzer.sanitizers.ExpressionLanguageInjection
INFO: Loaded 70 hooks from com.code_intelligence.jazzer.sanitizers.LdapInjection
INFO: Loaded 46 hooks from com.code_intelligence.jazzer.sanitizers.NamingContextLookup
INFO: Loaded 1 hooks from com.code_intelligence.jazzer.sanitizers.OsCommandInjection
INFO: Loaded 52 hooks from com.code_intelligence.jazzer.sanitizers.ReflectiveCall
INFO: Loaded 8 hooks from com.code_intelligence.jazzer.sanitizers.RegexInjection
INFO: Loaded 16 hooks from com.code_intelligence.jazzer.sanitizers.RegexRoadblocks
INFO: Loaded 18 hooks from com.code_intelligence.jazzer.sanitizers.ScriptEngineInjection
INFO: Loaded 2 hooks from com.code_intelligence.jazzer.sanitizers.ServerSideRequestForgery
INFO: Loaded 19 hooks from com.code_intelligence.jazzer.sanitizers.SqlInjection
INFO: Loaded 6 hooks from com.code_intelligence.jazzer.sanitizers.XPathInjection
INFO: Instrumented com.example.algorithm2.Algorithm2Test$Skip (took 163 ms, size +44%)
INFO: Instrumented com.example.algorithm2.Algorithm2Test (took 245 ms, size +27%)
INFO: Instrumented org.apache.commons.compress.archivers.ArchiveStreamFactory (took 221 ms, size +35%)
INFO: Instrumented org.apache.commons.compress.archivers.ArchiveOutputStream (took 32 ms, size +28%)
INFO: New number of coverage counters: 1024
INFO: Instrumented org.apache.commons.compress.archivers.ar.ArArchiveOutputStream (took 119 ms, size +24%)
INFO: New number of coverage counters: 2048
INFO: Instrumented org.apache.commons.compress.archivers.zip.ZipArchiveOutputStream (took 272 ms, size +18%)
INFO: Instrumented org.apache.commons.compress.archivers.tar.TarArchiveOutputStream (took 107 ms, size +15%)
INFO: Instrumented org.apache.commons.compress.archivers.jar.JarArchiveOutputStream (took 26 ms, size +36%)
INFO: Instrumented org.apache.commons.compress.archivers.cpio.CpioArchiveOutputStream (took 50 ms, size +21%)
INFO: Instrumented org.apache.commons.compress.archivers.cpio.CpioConstants (took 1 ms, size +0%)
INFO: Instrumented org.apache.commons.compress.archivers.StreamingNotSupportedException (took 3 ms, size +33%)
INFO: Instrumented org.apache.commons.compress.archivers.ArchiveException (took 3 ms, size +38%)
INFO: Instrumented org.apache.commons.compress.archivers.ArchiveInputStream (took 10 ms, size +31%)
INFO: Instrumented org.apache.commons.compress.archivers.zip.ZipArchiveInputStream (took 106 ms, size +17%)
INFO: Instrumented org.apache.commons.compress.archivers.jar.JarArchiveInputStream (took 24 ms, size +26%)
INFO: New number of coverage counters: 4096
WARN: Some hooks could not be applied to class files built for Java 7 or lower.
                       Ensure that the fuzz target and its dependencies are compiled with
                       -target 8 or higher to identify as many bugs as possible.
INFO: Instrumented org.apache.commons.compress.archivers.ar.ArArchiveInputStream (took 36 ms, size +25%)
INFO: Instrumented org.apache.commons.compress.archivers.cpio.CpioArchiveInputStream (took 47 ms, size +27%)
INFO: Instrumented org.apache.commons.compress.archivers.arj.ArjArchiveInputStream (took 38 ms, size +17%)
INFO: Instrumented org.apache.commons.compress.archivers.dump.DumpArchiveInputStream (took 45 ms, size +24%)
INFO: Instrumented org.apache.commons.compress.archivers.tar.TarArchiveInputStream (took 71 ms, size +24%)
[harness] target=org.apache.commons.compress.archivers.ArchiveStreamFactory factories=1 methods=5
INFO: found LLVMFuzzerCustomMutator (0x7278a3873cd0). Disabling -len_control by default.
INFO: Running with entropic power schedule (0xFF, 100).
INFO: Seed: 2270230207
INFO: using inputs from: /tmp/bugrun/compress_27.pwiOIl/.cifuzz-corpus/com.example.algorithm2.Algorithm2Test/testParameterizedFuzzer
INFO: using inputs from: /tmp/jazzer-java-seeds5199884668631029889
INFO: Loaded 4 modules   (4096 inline 8-bit counters): 512 [0x7279c49f2cc0, 0x7279c49f2ec0), 512 [0x7279c49f2ec0, 0x7279c49f30c0), 1024 [0x7279c49f30c0, 0x7279c49f34c0), 2048 [0x7279c49f34c0, 0x7279c49f3cc0), 
INFO: Loaded 4 PC tables (4096 PCs): 512 [0x7279c4985da0,0x7279c4987da0), 512 [0x7279c4b93620,0x7279c4b95620), 1024 [0x7279c4ba5c00,0x7279c4ba9c00), 2048 [0x7279c4bb8950,0x7279c4bc0950), 
INFO:        0 files found in /tmp/bugrun/compress_27.pwiOIl/.cifuzz-corpus/com.example.algorithm2.Algorithm2Test/testParameterizedFuzzer
INFO:        0 files found in /tmp/jazzer-java-seeds5199884668631029889
INFO: -max_len is not provided; libFuzzer will not generate inputs larger than 4096 bytes
INFO: A corpus is not provided, starting from an empty corpus
#2	INITED cov: 45 ft: 45 corp: 1/1b exec/s: 0 rss: 945Mb
INFO: Instrumented org.apache.commons.compress.utils.IOUtils (took 9 ms, size +29%)
INFO: Instrumented org.apache.commons.compress.archivers.zip.UnsupportedZipFeatureException (took 16 ms, size +17%)
INFO: Instrumented org.apache.commons.compress.archivers.ArchiveEntry (took 0 ms, size +0%)
INFO: Instrumented org.apache.commons.compress.archivers.zip.ZipArchiveInputStream$BoundedInputStream (took 6 ms, size +25%)
INFO: Instrumented org.apache.commons.compress.archivers.zip.UnshrinkingInputStream (took 5 ms, size +30%)
INFO: Instrumented org.apache.commons.compress.compressors.z._internal_.InternalLZWInputStream (took 9 ms, size +22%)
INFO: Instrumented org.apache.commons.compress.compressors.CompressorInputStream (took 7 ms, size +39%)
INFO: Instrumented org.apache.commons.compress.archivers.zip.ExplodingInputStream (took 5 ms, size +28%)
INFO: Instrumented org.apache.commons.compress.archivers.zip.ZipLong (took 13 ms, size +20%)
INFO: Instrumented org.apache.commons.compress.archivers.zip.Zip64RequiredException (took 5 ms, size +27%)
INFO: Instrumented org.apache.commons.compress.archivers.zip.ZipExtraField (took 1 ms, size +0%)
INFO: Instrumented org.apache.commons.compress.utils.BoundedInputStream (took 5 ms, size +43%)
INFO: Instrumented org.apache.commons.compress.utils.CRC32VerifyingInputStream (took 3 ms, size +36%)
INFO: Instrumented org.apache.commons.compress.utils.ChecksumVerifyingInputStream (took 10 ms, size +34%)
#5	NEW    cov: 141 ft: 150 corp: 2/2b lim: 4 exec/s: 0 rss: 949Mb L: 1/1 MS: 6 ShuffleBytes-Custom-ShuffleBytes-Custom-ChangeBit-Custom-
#6	NEW    cov: 142 ft: 151 corp: 3/3b lim: 4 exec/s: 0 rss: 949Mb L: 1/1 MS: 2 ChangeByte-Custom-
#7	NEW    cov: 148 ft: 161 corp: 4/5b lim: 4 exec/s: 0 rss: 949Mb L: 2/2 MS: 2 InsertByte-Custom-
INFO: Instrumented org.apache.commons.compress.archivers.sevenz.SevenZFile (took 80 ms, size +19%)
INFO: Instrumented org.apache.commons.compress.archivers.sevenz.BoundedRandomAccessFileInputStream (took 7 ms, size +40%)
INFO: Instrumented org.apache.commons.compress.archivers.dump.UnrecognizedFormatException (took 3 ms, size +43%)
INFO: Instrumented org.apache.commons.compress.archivers.dump.DumpArchiveException (took 18 ms, size +34%)
INFO: Instrumented org.apache.commons.compress.archivers.dump.InvalidFormatException (took 8 ms, size +30%)
#11	NEW    cov: 150 ft: 174 corp: 5/6b lim: 4 exec/s: 0 rss: 949Mb L: 1/2 MS: 8 ShuffleBytes-Custom-ChangeBit-Custom-InsertByte-Custom-EraseBytes-Custom-
#14	NEW    cov: 150 ft: 176 corp: 6/8b lim: 4 exec/s: 0 rss: 949Mb L: 2/2 MS: 6 CrossOver-Custom-ChangeByte-Custom-InsertByte-Custom-
#16	NEW    cov: 151 ft: 177 corp: 7/10b lim: 4 exec/s: 0 rss: 949Mb L: 2/2 MS: 4 InsertByte-Custom-ChangeBit-Custom-
#23	NEW    cov: 152 ft: 178 corp: 8/13b lim: 4 exec/s: 0 rss: 949Mb L: 3/3 MS: 4 ChangeByte-Custom-InsertByte-Custom-
#73	REDUCE cov: 152 ft: 178 corp: 8/12b lim: 4 exec/s: 0 rss: 949Mb L: 1/3 MS: 10 CopyPart-Custom-EraseBytes-Custom-CrossOver-Custom-ChangeBit-Custom-EraseBytes-Custom-
#111	NEW    cov: 152 ft: 180 corp: 9/15b lim: 4 exec/s: 0 rss: 950Mb L: 3/3 MS: 6 CrossOver-Custom-ChangeBit-Custom-CrossOver-Custom-
#184	NEW    cov: 152 ft: 182 corp: 10/19b lim: 4 exec/s: 0 rss: 950Mb L: 4/4 MS: 6 ChangeBinInt-Custom-CopyPart-Custom-CopyPart-Custom-
#188	NEW    cov: 153 ft: 183 corp: 11/22b lim: 4 exec/s: 0 rss: 951Mb L: 3/4 MS: 8 EraseBytes-Custom-ChangeBinInt-Custom-InsertByte-Custom-CrossOver-Custom-
#416	NEW    cov: 160 ft: 197 corp: 12/27b lim: 6 exec/s: 0 rss: 952Mb L: 5/5 MS: 6 CrossOver-Custom-CopyPart-Custom-InsertByte-Custom-
#444	NEW    cov: 160 ft: 206 corp: 13/33b lim: 6 exec/s: 0 rss: 952Mb L: 6/6 MS: 6 CrossOver-Custom-EraseBytes-Custom-CrossOver-Custom-
#601	NEW    cov: 160 ft: 217 corp: 14/38b lim: 6 exec/s: 601 rss: 980Mb L: 5/6 MS: 4 CrossOver-Custom-CrossOver-Custom-
#632	NEW    cov: 160 ft: 220 corp: 15/44b lim: 6 exec/s: 632 rss: 980Mb L: 6/6 MS: 2 InsertByte-Custom-
#768	NEW    cov: 160 ft: 233 corp: 16/50b lim: 6 exec/s: 768 rss: 980Mb L: 6/6 MS: 2 CopyPart-Custom-
#1028	NEW    cov: 165 ft: 238 corp: 17/57b lim: 8 exec/s: 1028 rss: 1001Mb L: 7/7 MS: 10 ChangeASCIIInt-Custom-CopyPart-Custom-ChangeASCIIInt-Custom-ChangeBit-Custom-InsertByte-Custom-
#1040	NEW    cov: 165 ft: 258 corp: 18/64b lim: 8 exec/s: 1040 rss: 1002Mb L: 7/7 MS: 4 EraseBytes-Custom-CopyPart-Custom-
#1230	NEW    cov: 165 ft: 260 corp: 19/72b lim: 8 exec/s: 1230 rss: 1014Mb L: 8/8 MS: 10 ChangeByte-Custom-CrossOver-Custom-ChangeBinInt-Custom-ChangeBit-Custom-CrossOver-Custom-
#1540	NEW    cov: 165 ft: 264 corp: 20/81b lim: 11 exec/s: 1540 rss: 1032Mb L: 9/9 MS: 10 CrossOver-Custom-ChangeBit-Custom-CMP-Custom-CrossOver-Custom-CopyPart-Custom- DE: "\000\001"-
#1561	NEW    cov: 166 ft: 265 corp: 21/90b lim: 11 exec/s: 1561 rss: 1033Mb L: 9/9 MS: 2 CMP-Custom- DE: "\377\377\377\377\377\377\377\377"-
#1572	NEW    cov: 166 ft: 269 corp: 22/99b lim: 11 exec/s: 1572 rss: 1034Mb L: 9/9 MS: 2 InsertByte-Custom-
#1977	NEW    cov: 167 ft: 271 corp: 23/113b lim: 14 exec/s: 1977 rss: 1056Mb L: 14/14 MS: 10 EraseBytes-Custom-CrossOver-Custom-CMP-Custom-InsertByte-Custom-InsertRepeatedBytes-Custom- DE: "cpio"-
#2869	REDUCE cov: 167 ft: 271 corp: 23/111b lim: 21 exec/s: 1434 rss: 1096Mb L: 7/14 MS: 4 ChangeByte-Custom-EraseBytes-Custom-
#2970	REDUCE cov: 167 ft: 271 corp: 23/110b lim: 21 exec/s: 1485 rss: 1101Mb L: 8/14 MS: 2 EraseBytes-Custom-
#3535	NEW    cov: 168 ft: 272 corp: 24/121b lim: 25 exec/s: 1767 rss: 1131Mb L: 11/14 MS: 10 CMP-Custom-InsertByte-Custom-InsertRepeatedBytes-Custom-ChangeASCIIInt-Custom-EraseBytes-Custom- DE: "jar"-
#3586	NEW    cov: 233 ft: 339 corp: 25/125b lim: 25 exec/s: 1793 rss: 1144Mb L: 4/14 MS: 2 PersAutoDict-Custom- DE: "jar"-
INFO: Instrumented org.apache.commons.compress.archivers.zip.ZipEncodingHelper (took 24 ms, size +20%)
#3643	NEW    cov: 243 ft: 349 corp: 26/128b lim: 25 exec/s: 1821 rss: 1147Mb L: 3/14 MS: 4 ShuffleBytes-Custom-CrossOver-Custom-
INFO: Instrumented org.apache.commons.compress.archivers.zip.ZipEncoding (took 1 ms, size +0%)
#3694	NEW    cov: 245 ft: 351 corp: 27/132b lim: 25 exec/s: 1847 rss: 1150Mb L: 4/14 MS: 2 InsertByte-Custom-
INFO: Instrumented org.apache.commons.compress.archivers.zip.ZipEncodingHelper$SimpleEncodingHolder (took 12 ms, size +33%)
INFO: Instrumented org.apache.commons.compress.archivers.zip.FallbackZipEncoding (took 14 ms, size +28%)
INFO: Instrumented org.apache.commons.compress.utils.Charsets (took 10 ms, size +28%)
#3980	NEW    cov: 246 ft: 353 corp: 28/136b lim: 25 exec/s: 1990 rss: 1166Mb L: 4/14 MS: 2 ChangeBit-Custom-
#4086	NEW    cov: 275 ft: 386 corp: 29/140b lim: 25 exec/s: 2043 rss: 1179Mb L: 4/14 MS: 2 CMP-Custom- DE: "tar"-
#4096	pulse  cov: 275 ft: 386 corp: 29/140b lim: 25 exec/s: 2048 rss: 1180Mb
INFO: Instrumented org.apache.commons.compress.utils.CountingOutputStream (took 23 ms, size +37%)
INFO: Instrumented org.apache.commons.compress.archivers.zip.NioZipEncoding (took 18 ms, size +24%)
#4138	NEW    cov: 279 ft: 390 corp: 30/144b lim: 25 exec/s: 2069 rss: 1183Mb L: 4/14 MS: 4 CrossOver-Custom-ChangeByte-Custom-
#4148	REDUCE cov: 279 ft: 390 corp: 30/142b lim: 25 exec/s: 2074 rss: 1183Mb L: 9/14 MS: 10 ChangeASCIIInt-Custom-ChangeBinInt-Custom-InsertByte-Custom-PersAutoDict-Custom-EraseBytes-Custom- DE: "\377\377\377\377\377\377\377\377"-
#4285	NEW    cov: 280 ft: 391 corp: 31/146b lim: 25 exec/s: 2142 rss: 1193Mb L: 4/14 MS: 4 CopyPart-Custom-CMP-Custom- DE: "zip"-
#4381	NEW    cov: 309 ft: 420 corp: 32/150b lim: 25 exec/s: 2190 rss: 1193Mb L: 4/14 MS: 2 ChangeBit-Custom-
INFO: Instrumented org.apache.commons.compress.archivers.zip.ZipArchiveOutputStream$UnicodeExtraFieldPolicy (took 2 ms, size +33%)
INFO: Instrumented org.apache.commons.compress.archivers.zip.Zip64Mode (took 4 ms, size +29%)
#4628	REDUCE cov: 309 ft: 420 corp: 32/149b lim: 25 exec/s: 1542 rss: 1193Mb L: 8/14 MS: 4 EraseBytes-Custom-PersAutoDict-Custom- DE: "tar"-
#5104	NEW    cov: 310 ft: 421 corp: 33/156b lim: 29 exec/s: 1701 rss: 1193Mb L: 7/14 MS: 2 CMP-Custom- DE: "7z"-
#5115	NEW    cov: 318 ft: 431 corp: 34/160b lim: 29 exec/s: 1705 rss: 1193Mb L: 4/14 MS: 2 PersAutoDict-Custom- DE: "tar"-
#5131	NEW    cov: 318 ft: 432 corp: 35/167b lim: 29 exec/s: 1710 rss: 1193Mb L: 7/14 MS: 2 ChangeBit-Custom-
#5372	NEW    cov: 319 ft: 434 corp: 36/171b lim: 29 exec/s: 1790 rss: 1193Mb L: 4/14 MS: 2 CopyPart-Custom-
#5399	NEW    cov: 325 ft: 440 corp: 37/176b lim: 29 exec/s: 1799 rss: 1193Mb L: 5/14 MS: 4 ChangeBit-Custom-PersAutoDict-Custom- DE: "jar"-
#5775	REDUCE cov: 325 ft: 440 corp: 37/175b lim: 29 exec/s: 1925 rss: 1193Mb L: 13/13 MS: 2 EraseBytes-Custom-
#6207	NEW    cov: 330 ft: 447 corp: 38/208b lim: 33 exec/s: 2069 rss: 1193Mb L: 33/33 MS: 4 InsertByte-Custom-InsertRepeatedBytes-Custom-
INFO: Instrumented org.apache.commons.compress.archivers.dump.DumpArchiveUtil (took 20 ms, size +21%)
#6384	REDUCE cov: 331 ft: 448 corp: 39/241b lim: 33 exec/s: 2128 rss: 1193Mb L: 33/33 MS: 4 InsertByte-Custom-InsertRepeatedBytes-Custom-
#6590	REDUCE cov: 331 ft: 448 corp: 39/240b lim: 33 exec/s: 2196 rss: 1193Mb L: 3/33 MS: 2 EraseBytes-Custom-
#7036	NEW    cov: 332 ft: 449 corp: 40/245b lim: 33 exec/s: 2345 rss: 1193Mb L: 5/33 MS: 2 ShuffleBytes-Custom-
#7466	DONE   cov: 332 ft: 449 corp: 40/245b lim: 33 exec/s: 1866 rss: 1194Mb
###### Recommended dictionary. ######
"\000\001" # Uses: 105
"\377\377\377\377\377\377\377\377" # Uses: 85
"cpio" # Uses: 81
"jar" # Uses: 53
"tar" # Uses: 48
"zip" # Uses: 38
"7z" # Uses: 19
###### End of recommended dictionary. ######
Done 7466 runs in 4 second(s)
[INFO] Tests run: 2, Failures: 0, Errors: 0, Skipped: 0, Time elapsed: 16.13 s -- in com.example.algorithm2.Algorithm2Test
[INFO] 
[INFO] Results:
[INFO] 
[INFO] Tests run: 2, Failures: 0, Errors: 0, Skipped: 0
[INFO] 
[INFO] 
[INFO] --- jacoco:0.8.11:report (default-cli) @ AlgorithmName2 ---
[INFO] Loading execution data file /tmp/bugrun/compress_27.pwiOIl/target/jacoco.exec
[INFO] Analyzed bundle 'AlgorithmName2' with 178 classes
[INFO] ------------------------------------------------------------------------
[INFO] BUILD SUCCESS
[INFO] ------------------------------------------------------------------------
[INFO] Total time:  31.365 s
[INFO] Finished at: 2026-10-06T04:26:06+07:00
[INFO] ------------------------------------------------------------------------
