[INFO] Scanning for projects...
[INFO] 
[INFO] ---------------------< com.example:AlgorithmName2 >---------------------
[INFO] Building AlgorithmName2 1.0-SNAPSHOT
[INFO]   from pom.xml
[INFO] --------------------------------[ jar ]---------------------------------
[INFO] 
[INFO] --- jacoco:0.8.11:prepare-agent (default) @ AlgorithmName2 ---
[INFO] argLine set to -javaagent:/home/kanyaphak673380391-3/.m2/repository/org/jacoco/org.jacoco.agent/0.8.11/org.jacoco.agent-0.8.11-runtime.jar=destfile=/tmp/bugrun/compress_26.DcND2O/target/jacoco.exec
[INFO] 
[INFO] --- resources:3.4.0:resources (default-resources) @ AlgorithmName2 ---
[INFO] Copying 1 resource from src/main/resources to target/classes
[INFO] 
[INFO] --- compiler:3.15.0:compile (default-compile) @ AlgorithmName2 ---
[INFO] Recompiling the module because of changed source code.
[INFO] Compiling 1 source file with javac [debug target 1.8] to target/classes
[WARNING] bootstrap class path not set in conjunction with -source 8
[INFO] 
[INFO] --- dependency:3.6.0:unpack-dependencies (unpack-defects4j) @ AlgorithmName2 ---
[INFO] 
[INFO] --- resources:3.4.0:testResources (default-testResources) @ AlgorithmName2 ---
[INFO] skip non existing resourceDirectory /tmp/bugrun/compress_26.DcND2O/src/test/resources
[INFO] 
[INFO] --- compiler:3.15.0:testCompile (default-testCompile) @ AlgorithmName2 ---
[INFO] Recompiling the module because of changed dependency.
[INFO] Compiling 1 source file with javac [debug target 1.8] to target/test-classes
[WARNING] bootstrap class path not set in conjunction with -source 8
[INFO] 
[INFO] --- surefire:3.1.2:test (default-cli) @ AlgorithmName2 ---
[INFO] Using auto detected provider org.apache.maven.surefire.junitplatform.JUnitPlatformProvider
[INFO] 
[INFO] -------------------------------------------------------
[INFO]  T E S T S
[INFO] -------------------------------------------------------
[INFO] Running com.example.algorithm2.Algorithm2Test
OpenJDK 64-Bit Server VM warning: Sharing is only supported for boot loader classes because bootstrap classpath has been appended
INFO: Loaded 281 hooks from com.code_intelligence.jazzer.runtime.TraceCmpHooks
INFO: Loaded 5 hooks from com.code_intelligence.jazzer.runtime.TraceDivHooks
INFO: Loaded 2 hooks from com.code_intelligence.jazzer.runtime.TraceIndirHooks
INFO: Loaded 4 hooks from com.code_intelligence.jazzer.runtime.NativeLibHooks
INFO: Loaded 2 hooks from com.code_intelligence.jazzer.sanitizers.ClojureLangHooks
INFO: Loaded 5 hooks from com.code_intelligence.jazzer.sanitizers.Deserialization
INFO: Loaded 5 hooks from com.code_intelligence.jazzer.sanitizers.ExpressionLanguageInjection
INFO: Loaded 70 hooks from com.code_intelligence.jazzer.sanitizers.LdapInjection
INFO: Loaded 46 hooks from com.code_intelligence.jazzer.sanitizers.NamingContextLookup
INFO: Loaded 1 hooks from com.code_intelligence.jazzer.sanitizers.OsCommandInjection
INFO: Loaded 52 hooks from com.code_intelligence.jazzer.sanitizers.ReflectiveCall
INFO: Loaded 8 hooks from com.code_intelligence.jazzer.sanitizers.RegexInjection
INFO: Loaded 16 hooks from com.code_intelligence.jazzer.sanitizers.RegexRoadblocks
INFO: Loaded 18 hooks from com.code_intelligence.jazzer.sanitizers.ScriptEngineInjection
INFO: Loaded 2 hooks from com.code_intelligence.jazzer.sanitizers.ServerSideRequestForgery
INFO: Loaded 19 hooks from com.code_intelligence.jazzer.sanitizers.SqlInjection
INFO: Loaded 6 hooks from com.code_intelligence.jazzer.sanitizers.XPathInjection
INFO: Instrumented com.example.algorithm2.Algorithm2Test$Skip (took 217 ms, size +44%)
INFO: Instrumented com.example.algorithm2.Algorithm2Test (took 243 ms, size +27%)
INFO: Instrumented org.apache.commons.compress.archivers.ArchiveStreamFactory (took 250 ms, size +35%)
INFO: Instrumented org.apache.commons.compress.archivers.ArchiveOutputStream (took 83 ms, size +28%)
INFO: New number of coverage counters: 1024
INFO: Instrumented org.apache.commons.compress.archivers.ar.ArArchiveOutputStream (took 178 ms, size +24%)
INFO: New number of coverage counters: 2048
INFO: Instrumented org.apache.commons.compress.archivers.zip.ZipArchiveOutputStream (took 425 ms, size +18%)
INFO: Instrumented org.apache.commons.compress.archivers.tar.TarArchiveOutputStream (took 122 ms, size +15%)
INFO: Instrumented org.apache.commons.compress.archivers.jar.JarArchiveOutputStream (took 17 ms, size +36%)
INFO: Instrumented org.apache.commons.compress.archivers.cpio.CpioArchiveOutputStream (took 105 ms, size +21%)
INFO: Instrumented org.apache.commons.compress.archivers.cpio.CpioConstants (took 1 ms, size +0%)
INFO: Instrumented org.apache.commons.compress.archivers.StreamingNotSupportedException (took 19 ms, size +33%)
INFO: Instrumented org.apache.commons.compress.archivers.ArchiveException (took 8 ms, size +38%)
INFO: Instrumented org.apache.commons.compress.archivers.ArchiveInputStream (took 33 ms, size +31%)
INFO: Instrumented org.apache.commons.compress.archivers.zip.ZipArchiveInputStream (took 208 ms, size +17%)
INFO: Instrumented org.apache.commons.compress.archivers.jar.JarArchiveInputStream (took 6 ms, size +26%)
INFO: New number of coverage counters: 4096
WARN: Some hooks could not be applied to class files built for Java 7 or lower.
                       Ensure that the fuzz target and its dependencies are compiled with
                       -target 8 or higher to identify as many bugs as possible.
INFO: Instrumented org.apache.commons.compress.archivers.ar.ArArchiveInputStream (took 33 ms, size +25%)
INFO: Instrumented org.apache.commons.compress.archivers.cpio.CpioArchiveInputStream (took 81 ms, size +27%)
INFO: Instrumented org.apache.commons.compress.archivers.arj.ArjArchiveInputStream (took 41 ms, size +17%)
INFO: Instrumented org.apache.commons.compress.archivers.dump.DumpArchiveInputStream (took 71 ms, size +24%)
INFO: Instrumented org.apache.commons.compress.archivers.tar.TarArchiveInputStream (took 106 ms, size +24%)
[harness] target=org.apache.commons.compress.archivers.ArchiveStreamFactory factories=1 methods=5
INFO: found LLVMFuzzerCustomMutator (0x7290d83a2cd0). Disabling -len_control by default.
INFO: Running with entropic power schedule (0xFF, 100).
INFO: Seed: 2270428122
INFO: using inputs from: /tmp/bugrun/compress_26.DcND2O/.cifuzz-corpus/com.example.algorithm2.Algorithm2Test/testParameterizedFuzzer
INFO: using inputs from: /tmp/jazzer-java-seeds17617354507260347223
INFO: Loaded 4 modules   (4096 inline 8-bit counters): 512 [0x729150a8fe20, 0x729150a90020), 512 [0x729150a90020, 0x729150a90220), 1024 [0x729150a90220, 0x729150a90620), 2048 [0x729150a90620, 0x729150a90e20), 
INFO: Loaded 4 PC tables (4096 PCs): 512 [0x7291505dd8a0,0x7291505df8a0), 512 [0x7291504cb460,0x7291504cd460), 1024 [0x72915058aac0,0x72915058eac0), 2048 [0x7291504d8600,0x7291504e0600), 
INFO:        0 files found in /tmp/bugrun/compress_26.DcND2O/.cifuzz-corpus/com.example.algorithm2.Algorithm2Test/testParameterizedFuzzer
INFO:        0 files found in /tmp/jazzer-java-seeds17617354507260347223
INFO: -max_len is not provided; libFuzzer will not generate inputs larger than 4096 bytes
INFO: A corpus is not provided, starting from an empty corpus
#2	INITED cov: 45 ft: 45 corp: 1/1b exec/s: 0 rss: 1136Mb
INFO: Instrumented org.apache.commons.compress.utils.IOUtils (took 35 ms, size +30%)
INFO: Instrumented org.apache.commons.compress.archivers.zip.UnsupportedZipFeatureException (took 10 ms, size +17%)
INFO: Instrumented org.apache.commons.compress.archivers.ArchiveEntry (took 0 ms, size +0%)
INFO: Instrumented org.apache.commons.compress.archivers.zip.ZipArchiveInputStream$BoundedInputStream (took 9 ms, size +25%)
INFO: Instrumented org.apache.commons.compress.archivers.zip.UnshrinkingInputStream (took 7 ms, size +30%)
INFO: Instrumented org.apache.commons.compress.compressors.z._internal_.InternalLZWInputStream (took 22 ms, size +22%)
INFO: Instrumented org.apache.commons.compress.compressors.CompressorInputStream (took 5 ms, size +39%)
INFO: Instrumented org.apache.commons.compress.archivers.zip.ExplodingInputStream (took 12 ms, size +28%)
INFO: Instrumented org.apache.commons.compress.archivers.zip.ZipLong (took 13 ms, size +20%)
INFO: Instrumented org.apache.commons.compress.archivers.zip.Zip64RequiredException (took 3 ms, size +27%)
INFO: Instrumented org.apache.commons.compress.archivers.zip.ZipExtraField (took 11 ms, size +0%)
INFO: Instrumented org.apache.commons.compress.utils.BoundedInputStream (took 14 ms, size +43%)
INFO: Instrumented org.apache.commons.compress.utils.CRC32VerifyingInputStream (took 11 ms, size +36%)
INFO: Instrumented org.apache.commons.compress.utils.ChecksumVerifyingInputStream (took 25 ms, size +34%)
INFO: Instrumented org.apache.commons.compress.archivers.sevenz.SevenZFile (took 63 ms, size +19%)
INFO: Instrumented org.apache.commons.compress.archivers.sevenz.BoundedRandomAccessFileInputStream (took 4 ms, size +40%)
INFO: Instrumented org.apache.commons.compress.archivers.dump.UnrecognizedFormatException (took 22 ms, size +43%)
INFO: Instrumented org.apache.commons.compress.archivers.dump.DumpArchiveException (took 8 ms, size +34%)
#5	NEW    cov: 141 ft: 150 corp: 2/3b lim: 4 exec/s: 0 rss: 1160Mb L: 2/2 MS: 6 InsertByte-Custom-CopyPart-Custom-ChangeBit-Custom-
#6	NEW    cov: 146 ft: 158 corp: 3/5b lim: 4 exec/s: 0 rss: 1160Mb L: 2/2 MS: 2 ShuffleBytes-Custom-
#7	NEW    cov: 148 ft: 171 corp: 4/7b lim: 4 exec/s: 0 rss: 1160Mb L: 2/2 MS: 2 ChangeByte-Custom-
#8	NEW    cov: 149 ft: 172 corp: 5/8b lim: 4 exec/s: 0 rss: 1160Mb L: 1/2 MS: 2 ChangeByte-Custom-
#10	NEW    cov: 150 ft: 173 corp: 6/10b lim: 4 exec/s: 0 rss: 1160Mb L: 2/2 MS: 4 ChangeBinInt-Custom-ChangeByte-Custom-
#14	REDUCE cov: 150 ft: 173 corp: 6/9b lim: 4 exec/s: 0 rss: 1160Mb L: 1/2 MS: 8 EraseBytes-Custom-ChangeBit-Custom-CopyPart-Custom-ChangeBit-Custom-
#17	NEW    cov: 150 ft: 175 corp: 7/12b lim: 4 exec/s: 0 rss: 1160Mb L: 3/3 MS: 6 ChangeByte-Custom-ChangeBit-Custom-InsertByte-Custom-
#19	NEW    cov: 150 ft: 177 corp: 8/15b lim: 4 exec/s: 0 rss: 1160Mb L: 3/3 MS: 4 CrossOver-Custom-CrossOver-Custom-
#29	REDUCE cov: 150 ft: 177 corp: 8/14b lim: 4 exec/s: 0 rss: 1160Mb L: 1/3 MS: 10 EraseBytes-Custom-ChangeByte-Custom-CrossOver-Custom-EraseBytes-Custom-EraseBytes-Custom-
#36	NEW    cov: 151 ft: 178 corp: 9/17b lim: 4 exec/s: 0 rss: 1160Mb L: 3/3 MS: 4 ChangeBit-Custom-CopyPart-Custom-
INFO: Instrumented org.apache.commons.compress.archivers.dump.InvalidFormatException (took 8 ms, size +30%)
#123	NEW    cov: 151 ft: 179 corp: 10/18b lim: 4 exec/s: 0 rss: 1160Mb L: 1/3 MS: 4 EraseBytes-Custom-EraseBytes-Custom-
#148	REDUCE cov: 151 ft: 179 corp: 10/17b lim: 4 exec/s: 0 rss: 1160Mb L: 1/3 MS: 10 EraseBytes-Custom-ChangeByte-Custom-CrossOver-Custom-EraseBytes-Custom-ChangeByte-Custom-
#254	NEW    cov: 151 ft: 181 corp: 11/21b lim: 4 exec/s: 0 rss: 1160Mb L: 4/4 MS: 2 CopyPart-Custom-
#495	REDUCE cov: 151 ft: 181 corp: 11/20b lim: 6 exec/s: 0 rss: 1160Mb L: 2/4 MS: 2 EraseBytes-Custom-
#519	NEW    cov: 158 ft: 195 corp: 12/25b lim: 6 exec/s: 0 rss: 1160Mb L: 5/5 MS: 8 ChangeByte-Custom-ChangeByte-Custom-ChangeBinInt-Custom-CMP-Custom- DE: ".\353\201\200"-
#556	NEW    cov: 158 ft: 204 corp: 13/31b lim: 6 exec/s: 0 rss: 1160Mb L: 6/6 MS: 4 ChangeBit-Custom-CrossOver-Custom-
#653	NEW    cov: 158 ft: 220 corp: 14/37b lim: 6 exec/s: 0 rss: 1160Mb L: 6/6 MS: 4 CrossOver-Custom-InsertRepeatedBytes-Custom-
#682	NEW    cov: 158 ft: 231 corp: 15/42b lim: 6 exec/s: 0 rss: 1160Mb L: 5/6 MS: 8 ChangeBit-Custom-CrossOver-Custom-CopyPart-Custom-CrossOver-Custom-
#893	NEW    cov: 163 ft: 236 corp: 16/49b lim: 8 exec/s: 893 rss: 1160Mb L: 7/7 MS: 2 PersAutoDict-Custom- DE: ".\353\201\200"-
#1013	NEW    cov: 163 ft: 238 corp: 17/57b lim: 8 exec/s: 1013 rss: 1160Mb L: 8/8 MS: 10 ChangeBit-Custom-CrossOver-Custom-EraseBytes-Custom-EraseBytes-Custom-InsertRepeatedBytes-Custom-
#1114	NEW    cov: 163 ft: 247 corp: 18/65b lim: 8 exec/s: 1114 rss: 1160Mb L: 8/8 MS: 2 CrossOver-Custom-
#1120	NEW    cov: 163 ft: 262 corp: 19/72b lim: 8 exec/s: 1120 rss: 1160Mb L: 7/8 MS: 2 CopyPart-Custom-
#1459	NEW    cov: 164 ft: 263 corp: 20/83b lim: 11 exec/s: 1459 rss: 1160Mb L: 11/11 MS: 8 ChangeBit-Custom-EraseBytes-Custom-CMP-Custom-PersAutoDict-Custom- DE: "\007\000\000\000"-".\353\201\200"-
INFO: Instrumented org.apache.commons.compress.archivers.zip.ZipEncodingHelper (took 27 ms, size +20%)
#1581	NEW    cov: 224 ft: 325 corp: 21/88b lim: 11 exec/s: 1581 rss: 1161Mb L: 5/11 MS: 4 ChangeBinInt-Custom-CMP-Custom- DE: "cpio"-
INFO: Instrumented org.apache.commons.compress.archivers.zip.ZipEncoding (took 0 ms, size +0%)
INFO: Instrumented org.apache.commons.compress.archivers.zip.ZipEncodingHelper$SimpleEncodingHolder (took 11 ms, size +33%)
INFO: Instrumented org.apache.commons.compress.archivers.zip.FallbackZipEncoding (took 4 ms, size +28%)
INFO: Instrumented org.apache.commons.compress.utils.Charsets (took 10 ms, size +28%)
INFO: Instrumented org.apache.commons.compress.archivers.zip.NioZipEncoding (took 13 ms, size +24%)
#1902	NEW    cov: 224 ft: 329 corp: 22/97b lim: 14 exec/s: 1902 rss: 1162Mb L: 9/11 MS: 2 InsertByte-Custom-
#1908	REDUCE cov: 224 ft: 329 corp: 22/96b lim: 14 exec/s: 1908 rss: 1162Mb L: 10/10 MS: 2 EraseBytes-Custom-
#1934	REDUCE cov: 225 ft: 331 corp: 23/110b lim: 14 exec/s: 1934 rss: 1162Mb L: 14/14 MS: 2 InsertRepeatedBytes-Custom-
#2130	NEW    cov: 227 ft: 334 corp: 24/115b lim: 14 exec/s: 2130 rss: 1162Mb L: 5/14 MS: 2 CopyPart-Custom-
#2615	REDUCE cov: 227 ft: 334 corp: 24/114b lim: 17 exec/s: 1307 rss: 1165Mb L: 13/13 MS: 10 CMP-Custom-ShuffleBytes-Custom-EraseBytes-Custom-ChangeBit-Custom-CopyPart-Custom- DE: "jar"-
#3226	NEW    cov: 237 ft: 344 corp: 25/117b lim: 21 exec/s: 1613 rss: 1165Mb L: 3/13 MS: 2 CMP-Custom- DE: "ar"-
#3263	NEW    cov: 256 ft: 366 corp: 26/121b lim: 21 exec/s: 1631 rss: 1165Mb L: 4/13 MS: 4 CopyPart-Custom-PersAutoDict-Custom- DE: "jar"-
#3401	REDUCE cov: 256 ft: 366 corp: 26/120b lim: 21 exec/s: 1700 rss: 1165Mb L: 9/13 MS: 6 CopyPart-Custom-ChangeByte-Custom-CrossOver-Custom-
#3523	NEW    cov: 260 ft: 370 corp: 27/124b lim: 21 exec/s: 1761 rss: 1165Mb L: 4/13 MS: 4 ChangeBinInt-Custom-PersAutoDict-Custom- DE: "ar"-
#3805	REDUCE cov: 261 ft: 371 corp: 28/134b lim: 21 exec/s: 1902 rss: 1165Mb L: 10/13 MS: 4 InsertByte-Custom-CMP-Custom- DE: "7z"-
#3886	NEW    cov: 263 ft: 373 corp: 29/138b lim: 21 exec/s: 1943 rss: 1165Mb L: 4/13 MS: 2 ChangeByte-Custom-
#3982	NEW    cov: 275 ft: 385 corp: 30/143b lim: 21 exec/s: 1991 rss: 1165Mb L: 5/13 MS: 2 ChangeBit-Custom-
#4058	REDUCE cov: 275 ft: 385 corp: 30/140b lim: 21 exec/s: 2029 rss: 1165Mb L: 7/13 MS: 2 EraseBytes-Custom-
#4061	NEW    cov: 275 ft: 386 corp: 31/148b lim: 21 exec/s: 2030 rss: 1165Mb L: 8/13 MS: 6 InsertByte-Custom-ChangeBit-Custom-CopyPart-Custom-
#4096	pulse  cov: 275 ft: 386 corp: 31/148b lim: 21 exec/s: 2048 rss: 1165Mb
#4736	REDUCE cov: 281 ft: 392 corp: 32/151b lim: 25 exec/s: 2368 rss: 1165Mb L: 3/13 MS: 10 CopyPart-Custom-InsertRepeatedBytes-Custom-CopyPart-Custom-EraseBytes-Custom-PersAutoDict-Custom- DE: "7z"-
#4738	NEW    cov: 292 ft: 405 corp: 33/155b lim: 25 exec/s: 2369 rss: 1165Mb L: 4/13 MS: 4 ChangeByte-Custom-CMP-Custom- DE: "tar"-
#5120	NEW    cov: 292 ft: 406 corp: 34/171b lim: 25 exec/s: 2560 rss: 1166Mb L: 16/16 MS: 4 ChangeByte-Custom-InsertRepeatedBytes-Custom-
#5247	NEW    cov: 295 ft: 409 corp: 35/196b lim: 25 exec/s: 2623 rss: 1166Mb L: 25/25 MS: 4 InsertRepeatedBytes-Custom-CopyPart-Custom-
#5657	NEW    cov: 295 ft: 410 corp: 36/225b lim: 29 exec/s: 2828 rss: 1166Mb L: 29/29 MS: 10 CopyPart-Custom-PersAutoDict-Custom-CopyPart-Custom-ChangeBit-Custom-CopyPart-Custom- DE: "ar"-
#5669	REDUCE cov: 295 ft: 410 corp: 36/224b lim: 29 exec/s: 2834 rss: 1166Mb L: 15/29 MS: 4 PersAutoDict-Custom-EraseBytes-Custom- DE: "cpio"-
#5689	REDUCE cov: 295 ft: 410 corp: 36/210b lim: 29 exec/s: 2844 rss: 1166Mb L: 15/25 MS: 10 ChangeBinInt-Custom-ChangeByte-Custom-ChangeBit-Custom-ShuffleBytes-Custom-EraseBytes-Custom-
#5691	NEW    cov: 296 ft: 411 corp: 37/218b lim: 29 exec/s: 2845 rss: 1166Mb L: 8/25 MS: 4 CrossOver-Custom-ChangeBit-Custom-
#5938	REDUCE cov: 296 ft: 411 corp: 37/214b lim: 29 exec/s: 2969 rss: 1166Mb L: 11/25 MS: 4 CMP-Custom-EraseBytes-Custom- DE: ".iop"-
#6295	REDUCE cov: 296 ft: 411 corp: 37/210b lim: 29 exec/s: 3147 rss: 1166Mb L: 4/25 MS: 4 ChangeBit-Custom-EraseBytes-Custom-
#6361	REDUCE cov: 296 ft: 411 corp: 37/204b lim: 29 exec/s: 3180 rss: 1166Mb L: 19/19 MS: 2 CrossOver-Custom-
#6791	NEW    cov: 301 ft: 418 corp: 38/237b lim: 33 exec/s: 3395 rss: 1166Mb L: 33/33 MS: 10 InsertRepeatedBytes-Custom-InsertByte-Custom-ChangeBit-Custom-ShuffleBytes-Custom-InsertRepeatedBytes-Custom-
INFO: Instrumented org.apache.commons.compress.archivers.dump.DumpArchiveUtil (took 8 ms, size +21%)
#6827	NEW    cov: 302 ft: 419 corp: 39/270b lim: 33 exec/s: 2275 rss: 1166Mb L: 33/33 MS: 2 ShuffleBytes-Custom-
#6890	NEW    cov: 303 ft: 420 corp: 40/278b lim: 33 exec/s: 2296 rss: 1166Mb L: 8/33 MS: 6 ChangeByte-Custom-CopyPart-Custom-InsertByte-Custom-
#6906	REDUCE cov: 303 ft: 420 corp: 40/277b lim: 33 exec/s: 2302 rss: 1166Mb L: 14/33 MS: 2 EraseBytes-Custom-
#6919	NEW    cov: 332 ft: 449 corp: 41/281b lim: 33 exec/s: 2306 rss: 1166Mb L: 4/33 MS: 6 InsertByte-Custom-ChangeBit-Custom-CMP-Custom- DE: "zip"-
INFO: Instrumented org.apache.commons.compress.archivers.zip.ZipArchiveOutputStream$UnicodeExtraFieldPolicy (took 9 ms, size +33%)
INFO: Instrumented org.apache.commons.compress.archivers.zip.Zip64Mode (took 4 ms, size +29%)
#7058	NEW    cov: 333 ft: 450 corp: 42/313b lim: 33 exec/s: 2352 rss: 1166Mb L: 32/33 MS: 8 CrossOver-Custom-PersAutoDict-Custom-ChangeBinInt-Custom-InsertRepeatedBytes-Custom- DE: ".\353\201\200"-
#7106	REDUCE cov: 333 ft: 450 corp: 42/309b lim: 33 exec/s: 2368 rss: 1166Mb L: 7/33 MS: 6 ChangeASCIIInt-Custom-InsertByte-Custom-EraseBytes-Custom-
#7117	REDUCE cov: 333 ft: 450 corp: 42/302b lim: 33 exec/s: 2372 rss: 1166Mb L: 25/33 MS: 2 EraseBytes-Custom-
#7191	NEW    cov: 334 ft: 451 corp: 43/307b lim: 33 exec/s: 2397 rss: 1166Mb L: 5/33 MS: 8 ChangeBinInt-Custom-ChangeBit-Custom-CMP-Custom-ChangeBinInt-Custom- DE: "zip"-
#7321	REDUCE cov: 334 ft: 451 corp: 43/306b lim: 33 exec/s: 2440 rss: 1166Mb L: 7/33 MS: 10 ChangeBinInt-Custom-EraseBytes-Custom-CopyPart-Custom-PersAutoDict-Custom-InsertByte-Custom- DE: "ar"-
#7385	REDUCE cov: 334 ft: 452 corp: 44/333b lim: 33 exec/s: 2461 rss: 1166Mb L: 27/33 MS: 8 CopyPart-Custom-ChangeBit-Custom-InsertByte-Custom-CopyPart-Custom-
#7492	NEW    cov: 367 ft: 492 corp: 45/338b lim: 33 exec/s: 2497 rss: 1166Mb L: 5/33 MS: 4 ShuffleBytes-Custom-CMP-Custom- DE: "dump"-
INFO: Instrumented org.apache.commons.compress.archivers.dump.TapeInputStream (took 45 ms, size +21%)
INFO: Instrumented org.apache.commons.compress.archivers.dump.ShortFileException (took 9 ms, size +45%)
INFO: Instrumented org.apache.commons.compress.archivers.dump.UnsupportedCompressionAlgorithmException (took 3 ms, size +32%)
#7649	REDUCE cov: 367 ft: 492 corp: 45/329b lim: 33 exec/s: 2549 rss: 1166Mb L: 10/33 MS: 4 CMP-Custom-EraseBytes-Custom- DE: "\000\000\000\000\000\000\000\000"-
#7910	NEW    cov: 367 ft: 493 corp: 46/334b lim: 33 exec/s: 2636 rss: 1166Mb L: 5/33 MS: 2 CrossOver-Custom-
#8048	REDUCE cov: 367 ft: 493 corp: 46/323b lim: 33 exec/s: 2682 rss: 1166Mb L: 14/33 MS: 6 ChangeByte-Custom-CMP-Custom-EraseBytes-Custom- DE: "\335\272\326\227"-
#8192	pulse  cov: 367 ft: 493 corp: 46/323b lim: 33 exec/s: 2730 rss: 1166Mb
#8590	NEW    cov: 367 ft: 495 corp: 47/358b lim: 38 exec/s: 2863 rss: 1166Mb L: 35/35 MS: 4 ChangeBinInt-Custom-InsertRepeatedBytes-Custom-
#8872	NEW    cov: 369 ft: 497 corp: 48/363b lim: 38 exec/s: 2957 rss: 1166Mb L: 5/35 MS: 4 EraseBytes-Custom-PersAutoDict-Custom- DE: "dump"-
#9174	REDUCE cov: 369 ft: 497 corp: 48/359b lim: 38 exec/s: 3058 rss: 1166Mb L: 10/35 MS: 4 InsertByte-Custom-EraseBytes-Custom-
#9309	DONE   cov: 369 ft: 497 corp: 48/359b lim: 38 exec/s: 2327 rss: 1166Mb
###### Recommended dictionary. ######
".\353\201\200" # Uses: 176
"\007\000\000\000" # Uses: 99
"cpio" # Uses: 92
"jar" # Uses: 90
"ar" # Uses: 75
"7z" # Uses: 63
"tar" # Uses: 44
".iop" # Uses: 26
"zip" # Uses: 14
"dump" # Uses: 23
"\000\000\000\000\000\000\000\000" # Uses: 13
"\335\272\326\227" # Uses: 10
###### End of recommended dictionary. ######
Done 9309 runs in 4 second(s)
[INFO] Tests run: 2, Failures: 0, Errors: 0, Skipped: 0, Time elapsed: 16.78 s -- in com.example.algorithm2.Algorithm2Test
[INFO] 
[INFO] Results:
[INFO] 
[INFO] Tests run: 2, Failures: 0, Errors: 0, Skipped: 0
[INFO] 
[INFO] 
[INFO] --- jacoco:0.8.11:report (default-cli) @ AlgorithmName2 ---
[INFO] Loading execution data file /tmp/bugrun/compress_26.DcND2O/target/jacoco.exec
[INFO] Analyzed bundle 'AlgorithmName2' with 178 classes
[INFO] ------------------------------------------------------------------------
[INFO] BUILD SUCCESS
[INFO] ------------------------------------------------------------------------
[INFO] Total time:  31.298 s
[INFO] Finished at: 2026-10-06T04:26:06+07:00
[INFO] ------------------------------------------------------------------------
