[INFO] Scanning for projects...
[INFO] 
[INFO] ---------------------< com.example:AlgorithmName2 >---------------------
[INFO] Building AlgorithmName2 1.0-SNAPSHOT
[INFO]   from pom.xml
[INFO] --------------------------------[ jar ]---------------------------------
[INFO] 
[INFO] --- jacoco:0.8.11:prepare-agent (default) @ AlgorithmName2 ---
[INFO] argLine set to -javaagent:/home/kanyaphak673380391-3/.m2/repository/org/jacoco/org.jacoco.agent/0.8.11/org.jacoco.agent-0.8.11-runtime.jar=destfile=/tmp/bugrun/csv_16.rlAXc2/target/jacoco.exec
[INFO] 
[INFO] --- resources:3.4.0:resources (default-resources) @ AlgorithmName2 ---
[INFO] Copying 1 resource from src/main/resources to target/classes
[INFO] 
[INFO] --- compiler:3.15.0:compile (default-compile) @ AlgorithmName2 ---
[INFO] Recompiling the module because of changed source code.
[INFO] Compiling 1 source file with javac [debug target 1.8] to target/classes
[WARNING] bootstrap class path not set in conjunction with -source 8
[INFO] 
[INFO] --- dependency:3.6.0:unpack-dependencies (unpack-defects4j) @ AlgorithmName2 ---
[INFO] 
[INFO] --- resources:3.4.0:testResources (default-testResources) @ AlgorithmName2 ---
[INFO] skip non existing resourceDirectory /tmp/bugrun/csv_16.rlAXc2/src/test/resources
[INFO] 
[INFO] --- compiler:3.15.0:testCompile (default-testCompile) @ AlgorithmName2 ---
[INFO] Recompiling the module because of changed dependency.
[INFO] Compiling 1 source file with javac [debug target 1.8] to target/test-classes
[WARNING] bootstrap class path not set in conjunction with -source 8
[INFO] 
[INFO] --- surefire:3.1.2:test (default-cli) @ AlgorithmName2 ---
[INFO] Using auto detected provider org.apache.maven.surefire.junitplatform.JUnitPlatformProvider
[INFO] 
[INFO] -------------------------------------------------------
[INFO]  T E S T S
[INFO] -------------------------------------------------------
[INFO] Running com.example.algorithm2.Algorithm2Test
OpenJDK 64-Bit Server VM warning: Sharing is only supported for boot loader classes because bootstrap classpath has been appended
INFO: Loaded 281 hooks from com.code_intelligence.jazzer.runtime.TraceCmpHooks
INFO: Loaded 5 hooks from com.code_intelligence.jazzer.runtime.TraceDivHooks
INFO: Loaded 2 hooks from com.code_intelligence.jazzer.runtime.TraceIndirHooks
INFO: Loaded 4 hooks from com.code_intelligence.jazzer.runtime.NativeLibHooks
INFO: Loaded 2 hooks from com.code_intelligence.jazzer.sanitizers.ClojureLangHooks
INFO: Loaded 5 hooks from com.code_intelligence.jazzer.sanitizers.Deserialization
INFO: Loaded 5 hooks from com.code_intelligence.jazzer.sanitizers.ExpressionLanguageInjection
INFO: Loaded 70 hooks from com.code_intelligence.jazzer.sanitizers.LdapInjection
INFO: Loaded 46 hooks from com.code_intelligence.jazzer.sanitizers.NamingContextLookup
INFO: Loaded 1 hooks from com.code_intelligence.jazzer.sanitizers.OsCommandInjection
INFO: Loaded 52 hooks from com.code_intelligence.jazzer.sanitizers.ReflectiveCall
INFO: Loaded 8 hooks from com.code_intelligence.jazzer.sanitizers.RegexInjection
INFO: Loaded 16 hooks from com.code_intelligence.jazzer.sanitizers.RegexRoadblocks
INFO: Loaded 18 hooks from com.code_intelligence.jazzer.sanitizers.ScriptEngineInjection
INFO: Loaded 2 hooks from com.code_intelligence.jazzer.sanitizers.ServerSideRequestForgery
INFO: Loaded 19 hooks from com.code_intelligence.jazzer.sanitizers.SqlInjection
INFO: Loaded 6 hooks from com.code_intelligence.jazzer.sanitizers.XPathInjection
INFO: Instrumented com.example.algorithm2.Algorithm2Test$Skip (took 493 ms, size +44%)
INFO: Instrumented com.example.algorithm2.Algorithm2Test (took 294 ms, size +27%)
INFO: New number of coverage counters: 1024
INFO: Instrumented org.apache.commons.csv.CSVFormat (took 304 ms, size +17%)
INFO: Instrumented org.apache.commons.csv.Constants (took 7 ms, size +29%)
INFO: Instrumented org.apache.commons.csv.QuoteMode (took 11 ms, size +30%)
INFO: Instrumented org.apache.commons.csv.CSVPrinter (took 12 ms, size +23%)
INFO: New number of coverage counters: 2048
INFO: Instrumented org.apache.commons.csv.CSVParser (took 19 ms, size +16%)
[harness] target=org.apache.commons.csv.CSVFormat factories=13 methods=66
INFO: found LLVMFuzzerCustomMutator (0x74f4fb36ecd0). Disabling -len_control by default.
INFO: Running with entropic power schedule (0xFF, 100).
INFO: Seed: 3604692946
INFO: using inputs from: /tmp/bugrun/csv_16.rlAXc2/.cifuzz-corpus/com.example.algorithm2.Algorithm2Test/testParameterizedFuzzer
INFO: INFO: Loaded 3 modules   (2048 inline 8-bit counters): 512 [0x74f61cbb15e0, 0x74f61cbb17e0), 512 [0x74f61cbb17e0, 0x74f61cbb19e0), 1024 [0x74f61cbb19e0, 0x74f61cbb1de0), 
INFO: Loaded 3 PC tables (2048 PCs): 512 [0x74f61caf8200,0x74f61cafa200), 512 [0x74f61c694830,0x74f61c696830), 1024 [0x74f61cb1cae0,0x74f61cb20ae0), 
INFO:        0 files found in /tmp/bugrun/csv_16.rlAXc2/.cifuzz-corpus/com.example.algorithm2.Algorithm2Test/testParameterizedFuzzer
INFO:        0 files found in /tmp/jazzer-java-seeds3374263300665000961
using inputs from: /tmp/jazzer-java-seeds3374263300665000961
INFO: -max_len is not provided; libFuzzer will not generate inputs larger than 4096 bytes
INFO: A corpus is not provided, starting from an empty corpus
#2	INITED cov: 72 ft: 72 corp: 1/1b exec/s: 0 rss: 903Mb
#4	NEW    cov: 72 ft: 104 corp: 2/2b lim: 4 exec/s: 0 rss: 903Mb L: 1/1 MS: 4 ShuffleBytes-Custom-ChangeByte-Custom-
#11	NEW    cov: 122 ft: 162 corp: 3/4b lim: 4 exec/s: 0 rss: 903Mb L: 2/2 MS: 4 ChangeBit-Custom-CopyPart-Custom-
#17	NEW    cov: 122 ft: 164 corp: 4/6b lim: 4 exec/s: 0 rss: 903Mb L: 2/2 MS: 2 CrossOver-Custom-
#20	NEW    cov: 172 ft: 214 corp: 5/9b lim: 4 exec/s: 0 rss: 903Mb L: 3/3 MS: 6 CopyPart-Custom-CrossOver-Custom-InsertByte-Custom-
#24	NEW    cov: 176 ft: 245 corp: 6/12b lim: 4 exec/s: 0 rss: 903Mb L: 3/3 MS: 8 ChangeBit-Custom-CrossOver-Custom-ChangeByte-Custom-CrossOver-Custom-
INFO: Instrumented org.apache.commons.csv.Assertions (took 7 ms, size +37%)
INFO: Instrumented org.apache.commons.csv.CSVFormat$1 (took 12 ms, size +39%)
#29	NEW    cov: 199 ft: 277 corp: 7/14b lim: 4 exec/s: 0 rss: 903Mb L: 2/3 MS: 10 ShuffleBytes-Custom-ChangeByte-Custom-ChangeByte-Custom-ShuffleBytes-Custom-InsertByte-Custom-
#31	NEW    cov: 203 ft: 281 corp: 8/17b lim: 4 exec/s: 0 rss: 903Mb L: 3/3 MS: 4 ShuffleBytes-Custom-ChangeBit-Custom-
#33	NEW    cov: 204 ft: 284 corp: 9/19b lim: 4 exec/s: 0 rss: 903Mb L: 2/3 MS: 4 ChangeBinInt-Custom-InsertByte-Custom-
#34	NEW    cov: 206 ft: 286 corp: 10/22b lim: 4 exec/s: 0 rss: 903Mb L: 3/3 MS: 2 InsertByte-Custom-
#35	REDUCE cov: 206 ft: 286 corp: 10/21b lim: 4 exec/s: 0 rss: 903Mb L: 2/3 MS: 2 EraseBytes-Custom-
#37	NEW    cov: 210 ft: 290 corp: 11/24b lim: 4 exec/s: 0 rss: 903Mb L: 3/3 MS: 4 ChangeBit-Custom-InsertByte-Custom-
#38	NEW    cov: 211 ft: 291 corp: 12/28b lim: 4 exec/s: 0 rss: 903Mb L: 4/4 MS: 2 InsertByte-Custom-
#40	REDUCE cov: 213 ft: 293 corp: 13/30b lim: 4 exec/s: 0 rss: 903Mb L: 2/4 MS: 4 EraseBytes-Custom-InsertByte-Custom-
#41	NEW    cov: 213 ft: 309 corp: 14/34b lim: 4 exec/s: 0 rss: 903Mb L: 4/4 MS: 2 CopyPart-Custom-
#46	NEW    cov: 235 ft: 331 corp: 15/37b lim: 4 exec/s: 0 rss: 903Mb L: 3/4 MS: 10 CopyPart-Custom-CrossOver-Custom-EraseBytes-Custom-CrossOver-Custom-ChangeByte-Custom-
#47	NEW    cov: 239 ft: 335 corp: 16/40b lim: 4 exec/s: 0 rss: 903Mb L: 3/4 MS: 2 InsertByte-Custom-
#49	NEW    cov: 239 ft: 337 corp: 17/44b lim: 4 exec/s: 0 rss: 903Mb L: 4/4 MS: 4 CMP-Custom-ChangeBit-Custom- DE: "\010\000"-
#57	NEW    cov: 257 ft: 355 corp: 18/47b lim: 4 exec/s: 0 rss: 903Mb L: 3/4 MS: 6 EraseBytes-Custom-InsertByte-Custom-ChangeBit-Custom-
INFO: Instrumented org.apache.commons.csv.CSVFormat$Predefined (took 9 ms, size +20%)
#60	NEW    cov: 261 ft: 359 corp: 19/50b lim: 4 exec/s: 0 rss: 904Mb L: 3/4 MS: 6 InsertByte-Custom-CrossOver-Custom-ChangeByte-Custom-
#62	NEW    cov: 261 ft: 382 corp: 20/54b lim: 4 exec/s: 0 rss: 904Mb L: 4/4 MS: 4 InsertByte-Custom-InsertByte-Custom-
#64	NEW    cov: 261 ft: 386 corp: 21/58b lim: 4 exec/s: 0 rss: 904Mb L: 4/4 MS: 4 InsertByte-Custom-ChangeByte-Custom-
#69	NEW    cov: 262 ft: 387 corp: 22/60b lim: 4 exec/s: 0 rss: 904Mb L: 2/4 MS: 10 ShuffleBytes-Custom-CrossOver-Custom-CrossOver-Custom-ShuffleBytes-Custom-ChangeByte-Custom-
#75	NEW    cov: 262 ft: 391 corp: 23/64b lim: 4 exec/s: 0 rss: 904Mb L: 4/4 MS: 2 ChangeBinInt-Custom-
MS: 6 ShuffleBytes-Custom-ChangeByte-Custom-CopyPart-Custom-; base unit: 1b64ad951978758d6f17b8c161768cc57f8ca7e0
0x5,0x5,
\005\005
artifact_prefix='/tmp/bugrun/csv_16.rlAXc2/'; Test unit written to /tmp/bugrun/csv_16.rlAXc2/crash-6128e3696b826c011abfb6261b94a2099940841c
Base64: BQU=
Done 78 runs in 0 second(s)
DEDUP_TOKEN: 0139724390987819
[ERROR] Tests run: 2, Failures: 0, Errors: 1, Skipped: 0, Time elapsed: 10.87 s <<< FAILURE! -- in com.example.algorithm2.Algorithm2Test
[ERROR] com.example.algorithm2.Algorithm2Test.testParameterizedFuzzer(FuzzedDataProvider)[2] -- Time elapsed: 0.505 s <<< ERROR!
java.lang.IllegalArgumentException: No enum constant org.apache.commons.csv.CSVFormat.Predefined.
	at java.base/java.lang.Enum.valueOf(Enum.java:240)
	at org.apache.commons.csv.CSVFormat$Predefined.valueOf(CSVFormat.java:163)
	at org.apache.commons.csv.CSVFormat.valueOf(CSVFormat.java:594)
	at java.base/jdk.internal.reflect.NativeMethodAccessorImpl.invoke0(Native Method)
	at java.base/jdk.internal.reflect.NativeMethodAccessorImpl.invoke(NativeMethodAccessorImpl.java:62)
	at java.base/jdk.internal.reflect.DelegatingMethodAccessorImpl.invoke(DelegatingMethodAccessorImpl.java:43)
	at java.base/java.lang.reflect.Method.invoke(Method.java:566)
	at com.example.algorithm2.Algorithm2Test.testParameterizedFuzzer(Algorithm2Test.java:226)

[INFO] 
[INFO] Results:
[INFO] 
[ERROR] Errors: 
[ERROR]   Algorithm2Test.testParameterizedFuzzer:226 » IllegalArgument No enum constant org.apache.commons.csv.CSVFormat.Predefined.
[INFO] 
[ERROR] Tests run: 2, Failures: 0, Errors: 1, Skipped: 0
[INFO] 
[ERROR] 

Please refer to /tmp/bugrun/csv_16.rlAXc2/target/surefire-reports for the individual test results.
Please refer to dump files (if any exist) [date].dump, [date]-jvmRun[N].dump and [date].dumpstream.
[INFO] 
[INFO] --- jacoco:0.8.11:report (default-cli) @ AlgorithmName2 ---
[INFO] Loading execution data file /tmp/bugrun/csv_16.rlAXc2/target/jacoco.exec
[INFO] Analyzed bundle 'AlgorithmName2' with 14 classes
[INFO] ------------------------------------------------------------------------
[INFO] BUILD SUCCESS
[INFO] ------------------------------------------------------------------------
[INFO] Total time:  24.562 s
[INFO] Finished at: 2026-10-06T03:36:41+07:00
[INFO] ------------------------------------------------------------------------
