[INFO] Scanning for projects...
[INFO] 
[INFO] ---------------------< com.example:AlgorithmName2 >---------------------
[INFO] Building AlgorithmName2 1.0-SNAPSHOT
[INFO]   from pom.xml
[INFO] --------------------------------[ jar ]---------------------------------
[INFO] 
[INFO] --- jacoco:0.8.11:prepare-agent (default) @ AlgorithmName2 ---
[INFO] argLine set to -javaagent:/home/kanyaphak673380391-3/.m2/repository/org/jacoco/org.jacoco.agent/0.8.11/org.jacoco.agent-0.8.11-runtime.jar=destfile=/tmp/bugrun/jacksoncore_6.QlCHIB/target/jacoco.exec
[INFO] 
[INFO] --- resources:3.4.0:resources (default-resources) @ AlgorithmName2 ---
[INFO] Copying 1 resource from src/main/resources to target/classes
[INFO] 
[INFO] --- compiler:3.15.0:compile (default-compile) @ AlgorithmName2 ---
[INFO] Recompiling the module because of changed source code.
[INFO] Compiling 1 source file with javac [debug target 1.8] to target/classes
[WARNING] bootstrap class path not set in conjunction with -source 8
[INFO] 
[INFO] --- dependency:3.6.0:unpack-dependencies (unpack-defects4j) @ AlgorithmName2 ---
[INFO] 
[INFO] --- resources:3.4.0:testResources (default-testResources) @ AlgorithmName2 ---
[INFO] skip non existing resourceDirectory /tmp/bugrun/jacksoncore_6.QlCHIB/src/test/resources
[INFO] 
[INFO] --- compiler:3.15.0:testCompile (default-testCompile) @ AlgorithmName2 ---
[INFO] Recompiling the module because of changed dependency.
[INFO] Compiling 1 source file with javac [debug target 1.8] to target/test-classes
[WARNING] bootstrap class path not set in conjunction with -source 8
[INFO] 
[INFO] --- surefire:3.1.2:test (default-cli) @ AlgorithmName2 ---
[INFO] Using auto detected provider org.apache.maven.surefire.junitplatform.JUnitPlatformProvider
[INFO] 
[INFO] -------------------------------------------------------
[INFO]  T E S T S
[INFO] -------------------------------------------------------
[INFO] Running com.example.algorithm2.Algorithm2Test
OpenJDK 64-Bit Server VM warning: Sharing is only supported for boot loader classes because bootstrap classpath has been appended
INFO: Loaded 284 hooks from com.code_intelligence.jazzer.runtime.TraceCmpHooks
INFO: Loaded 5 hooks from com.code_intelligence.jazzer.runtime.TraceDivHooks
INFO: Loaded 2 hooks from com.code_intelligence.jazzer.runtime.TraceIndirHooks
INFO: Loaded 4 hooks from com.code_intelligence.jazzer.runtime.NativeLibHooks
INFO: Loaded 2 hooks from com.code_intelligence.jazzer.sanitizers.ClojureLangHooks
INFO: Loaded 5 hooks from com.code_intelligence.jazzer.sanitizers.Deserialization
INFO: Loaded 5 hooks from com.code_intelligence.jazzer.sanitizers.ExpressionLanguageInjection
INFO: Loaded 70 hooks from com.code_intelligence.jazzer.sanitizers.LdapInjection
INFO: Loaded 46 hooks from com.code_intelligence.jazzer.sanitizers.NamingContextLookup
INFO: Loaded 1 hooks from com.code_intelligence.jazzer.sanitizers.OsCommandInjection
INFO: Loaded 52 hooks from com.code_intelligence.jazzer.sanitizers.ReflectiveCall
INFO: Loaded 8 hooks from com.code_intelligence.jazzer.sanitizers.RegexInjection
INFO: Loaded 16 hooks from com.code_intelligence.jazzer.sanitizers.RegexRoadblocks
INFO: Loaded 18 hooks from com.code_intelligence.jazzer.sanitizers.ScriptEngineInjection
INFO: Loaded 2 hooks from com.code_intelligence.jazzer.sanitizers.ServerSideRequestForgery
INFO: Loaded 19 hooks from com.code_intelligence.jazzer.sanitizers.SqlInjection
INFO: Loaded 6 hooks from com.code_intelligence.jazzer.sanitizers.XPathInjection
INFO: Instrumented com.example.algorithm2.Algorithm2Test$Skip (took 178 ms, size +44%)
INFO: Instrumented com.example.algorithm2.Algorithm2Test (took 100 ms, size +27%)
INFO: New number of coverage counters: 1024
INFO: Instrumented com.fasterxml.jackson.core.JsonFactory (took 113 ms, size +11%)
INFO: Instrumented com.fasterxml.jackson.core.Versioned (took 1 ms, size +0%)
INFO: Instrumented com.fasterxml.jackson.core.SerializableString (took 1 ms, size +0%)
INFO: Instrumented com.fasterxml.jackson.core.JsonParser (took 34 ms, size +11%)
INFO: New number of coverage counters: 2048
INFO: Instrumented com.fasterxml.jackson.core.json.ReaderBasedJsonParser (took 83 ms, size +25%)
INFO: New number of coverage counters: 4096
INFO: Instrumented com.fasterxml.jackson.core.base.ParserBase (took 44 ms, size +17%)
INFO: Instrumented com.fasterxml.jackson.core.base.ParserMinimalBase (took 32 ms, size +16%)
INFO: Instrumented com.fasterxml.jackson.core.JsonGenerator (took 41 ms, size +14%)
INFO: Instrumented com.fasterxml.jackson.core.json.UTF8JsonGenerator (took 89 ms, size +20%)
INFO: Instrumented com.fasterxml.jackson.core.json.JsonGeneratorImpl (took 6 ms, size +17%)
INFO: Instrumented com.fasterxml.jackson.core.base.GeneratorBase (took 17 ms, size +15%)
INFO: Instrumented com.fasterxml.jackson.core.io.UTF8Writer (took 19 ms, size +26%)
INFO: New number of coverage counters: 8192
INFO: Instrumented com.fasterxml.jackson.core.json.WriterBasedJsonGenerator (took 66 ms, size +21%)
INFO: Instrumented com.fasterxml.jackson.core.JsonFactory$Feature (took 6 ms, size +29%)
INFO: Instrumented com.fasterxml.jackson.core.JsonParser$Feature (took 8 ms, size +25%)
INFO: Instrumented com.fasterxml.jackson.core.JsonGenerator$Feature (took 4 ms, size +25%)
INFO: Instrumented com.fasterxml.jackson.core.util.DefaultPrettyPrinter (took 13 ms, size +16%)
INFO: Instrumented com.fasterxml.jackson.core.PrettyPrinter (took 0 ms, size +0%)
INFO: Instrumented com.fasterxml.jackson.core.util.Instantiatable (took 0 ms, size +0%)
INFO: Instrumented com.fasterxml.jackson.core.util.DefaultPrettyPrinter$Indenter (took 1 ms, size +0%)
INFO: Instrumented com.fasterxml.jackson.core.io.SerializedString (took 9 ms, size +20%)
INFO: Instrumented com.fasterxml.jackson.core.ObjectCodec (took 3 ms, size +13%)
INFO: Instrumented com.fasterxml.jackson.core.TreeCodec (took 2 ms, size +32%)
INFO: Instrumented com.fasterxml.jackson.core.Version (took 9 ms, size +35%)
INFO: Instrumented com.fasterxml.jackson.core.io.InputDecorator (took 2 ms, size +37%)
INFO: Instrumented com.fasterxml.jackson.core.io.CharacterEscapes (took 2 ms, size +35%)
INFO: Instrumented com.fasterxml.jackson.core.io.OutputDecorator (took 1 ms, size +42%)
INFO: Instrumented com.fasterxml.jackson.core.JsonParseException (took 2 ms, size +35%)
INFO: Instrumented com.fasterxml.jackson.core.JsonProcessingException (took 5 ms, size +20%)
INFO: Instrumented com.fasterxml.jackson.core.format.InputAccessor (took 0 ms, size +0%)
INFO: Instrumented com.fasterxml.jackson.core.format.MatchStrength (took 5 ms, size +28%)
INFO: Instrumented com.fasterxml.jackson.core.JsonEncoding (took 5 ms, size +22%)
INFO: Instrumented com.fasterxml.jackson.core.util.BufferRecycler (took 6 ms, size +24%)
INFO: Instrumented com.fasterxml.jackson.core.FormatSchema (took 0 ms, size +0%)
[harness] target=com.fasterxml.jackson.core.JsonFactory factories=1 methods=52
INFO: Instrumented com.fasterxml.jackson.core.sym.CharsToNameCanonicalizer (took 18 ms, size +15%)
INFO: Instrumented com.fasterxml.jackson.core.sym.CharsToNameCanonicalizer$Bucket (took 3 ms, size +39%)
INFO: Instrumented com.fasterxml.jackson.core.sym.BytesToNameCanonicalizer (took 24 ms, size +15%)
INFO: Instrumented com.fasterxml.jackson.core.sym.Name (took 4 ms, size +36%)
INFO: Instrumented com.fasterxml.jackson.core.sym.Name1 (took 9 ms, size +43%)
INFO: Instrumented com.fasterxml.jackson.core.sym.Name2 (took 3 ms, size +46%)
INFO: Instrumented com.fasterxml.jackson.core.sym.Name3 (took 2 ms, size +43%)
INFO: Instrumented com.fasterxml.jackson.core.sym.NameN (took 6 ms, size +32%)
INFO: Instrumented com.fasterxml.jackson.core.sym.BytesToNameCanonicalizer$TableInfo (took 2 ms, size +21%)
INFO: found LLVMFuzzerCustomMutator (0x78670596ecd0). Disabling -len_control by default.
INFO: Running with entropic power schedule (0xFF, 100).
INFO: Seed: 815558684
INFO: Loaded 5 modules   (8192 inline 8-bit counters): 512 [0x7867c0b87750, 0x7867c0b87950), 512 [0x7867c0b87950, 0x7867c0b87b50), 1024 [0x7867c0b87b50, 0x7867c0b87f50), 2048 [0x7867c0b87f50, 0x7867c0b88750), 4096 [0x7867c0b88750, 0x7867c0b89750), 
INFO: Loaded 5 PC tables (8192 PCs): 512 [0x7867c09f2360,0x7867c09f4360), 512 [0x7867c065bdd0,0x7867c065ddd0), 1024 [0x7867c06e1b80,0x7867c06e5b80), 2048 [0x7867c06fcb60,0x7867c0704b60), 4096 [0x7867c0ae4000,0x7867c0af4000), 
INFO:        0 files found in /tmp/bugrun/jacksoncore_6.QlCHIB/.cifuzz-corpus/com.example.algorithm2.Algorithm2Test/testParameterizedFuzzer
INFO:        0 files found in /tmp/jazzer-java-seeds8096914723879868340
INFO: -max_len is not provided; libFuzzer will not generate inputs larger than 4096 bytes
INFO: A corpus is not provided, starting from an empty corpus
#2	INITED cov: 83 ft: 83 corp: 1/1b exec/s: 0 rss: 810Mb
#3	NEW    cov: 88 ft: 92 corp: 2/2b lim: 4 exec/s: 0 rss: 810Mb L: 1/1 MS: 2 ChangeBit-Custom-
INFO: using inputs from: /tmp/bugrun/jacksoncore_6.QlCHIB/.cifuzz-corpus/com.example.algorithm2.Algorithm2Test/testParameterizedFuzzer
INFO: using inputs from: /tmp/jazzer-java-seeds8096914723879868340
INFO: Instrumented com.fasterxml.jackson.core.io.IOContext (took 9 ms, size +18%)
INFO: Instrumented com.fasterxml.jackson.core.JsonStreamContext (took 5 ms, size +39%)
INFO: Instrumented com.fasterxml.jackson.core.json.JsonReadContext (took 7 ms, size +16%)
INFO: Instrumented com.fasterxml.jackson.core.io.CharTypes (took 7 ms, size +23%)
#5	NEW    cov: 229 ft: 236 corp: 3/4b lim: 4 exec/s: 0 rss: 813Mb L: 2/2 MS: 4 CopyPart-Custom-ChangeBinInt-Custom-
#7	NEW    cov: 317 ft: 333 corp: 4/5b lim: 4 exec/s: 0 rss: 813Mb L: 1/2 MS: 4 ShuffleBytes-Custom-ChangeBit-Custom-
#10	NEW    cov: 353 ft: 373 corp: 5/8b lim: 4 exec/s: 0 rss: 813Mb L: 3/3 MS: 6 ShuffleBytes-Custom-InsertByte-Custom-InsertByte-Custom-
#12	NEW    cov: 356 ft: 381 corp: 6/10b lim: 4 exec/s: 0 rss: 813Mb L: 2/3 MS: 4 CopyPart-Custom-CrossOver-Custom-
#13	NEW    cov: 357 ft: 390 corp: 7/14b lim: 4 exec/s: 0 rss: 813Mb L: 4/4 MS: 2 InsertByte-Custom-
INFO: Instrumented com.fasterxml.jackson.core.util.TextBuffer (took 15 ms, size +21%)
INFO: Instrumented com.fasterxml.jackson.core.JsonGenerationException (took 2 ms, size +32%)
INFO: Instrumented com.fasterxml.jackson.core.json.JsonWriteContext (took 8 ms, size +20%)
INFO: Instrumented com.fasterxml.jackson.core.json.ByteSourceJsonBootstrapper (took 13 ms, size +21%)
#14	NEW    cov: 404 ft: 441 corp: 8/15b lim: 4 exec/s: 0 rss: 826Mb L: 1/4 MS: 2 ChangeBinInt-Custom-
#15	NEW    cov: 405 ft: 443 corp: 9/19b lim: 4 exec/s: 0 rss: 826Mb L: 4/4 MS: 2 InsertByte-Custom-
INFO: Instrumented com.fasterxml.jackson.core.json.UTF8StreamJsonParser (took 67 ms, size +24%)
INFO: Instrumented com.fasterxml.jackson.core.io.MergedStream (took 7 ms, size +27%)
INFO: Instrumented com.fasterxml.jackson.core.io.UTF32Reader (took 7 ms, size +22%)
#16	NEW    cov: 440 ft: 481 corp: 10/20b lim: 4 exec/s: 0 rss: 826Mb L: 1/4 MS: 2 ChangeBit-Custom-
INFO: #17	NEW    cov: 440 ft: 487 corp: 11/23b lim: 4 exec/s: 0 rss: 826Mb L: 3/4 MS: 2 CrossOver-Custom-
Instrumented com.fasterxml.jackson.core.json.PackageVersion (took 2 ms, size +35%)
WARN: #22	NEW    cov: 449 ft: 514 corp: 12/27b lim: 4 exec/s: 0 rss: 826Mb L: 4/4 MS: 10 CrossOver-Custom-CopyPart-Custom-ChangeBinInt-Custom-ChangeByte-Custom-CopyPart-Custom-
Some hooks could not be applied to class files built for Java 7 or lower.
                       Ensure that the fuzz target and its dependencies are compiled with
                       -target 8 or higher to identify as many bugs as possible.
#24	NEW    cov: 449 ft: 527 corp: 13/31b lim: 4 exec/s: 0 rss: 826Mb L: 4/4 MS: 4 ChangeBit-Custom-CopyPart-Custom-
#29	NEW    cov: 456 ft: 534 corp: 14/35b lim: 4 exec/s: 0 rss: 826Mb L: 4/4 MS: 10 ShuffleBytes-Custom-CrossOver-Custom-InsertByte-Custom-ChangeBit-Custom-InsertByte-Custom-
#30	NEW    cov: 456 ft: 535 corp: 15/36b lim: 4 exec/s: 0 rss: 826Mb L: 1/4 MS: 2 ShuffleBytes-Custom-
#31	NEW    cov: 460 ft: 545 corp: 16/40b lim: 4 exec/s: 0 rss: 826Mb L: 4/4 MS: 2 ShuffleBytes-Custom-
#37	NEW    cov: 461 ft: 546 corp: 17/43b lim: 4 exec/s: 0 rss: 826Mb L: 3/4 MS: 2 ChangeByte-Custom-
#38	NEW    cov: 461 ft: 549 corp: 18/46b lim: 4 exec/s: 0 rss: 826Mb L: 3/4 MS: 2 EraseBytes-Custom-
#40	NEW    cov: 463 ft: 551 corp: 19/50b lim: 4 exec/s: 0 rss: 826Mb L: 4/4 MS: 4 ChangeByte-Custom-ChangeBinInt-Custom-
#42	REDUCE cov: 463 ft: 551 corp: 19/49b lim: 4 exec/s: 0 rss: 826Mb L: 3/4 MS: 4 ShuffleBytes-Custom-EraseBytes-Custom-
#43	NEW    cov: 465 ft: 553 corp: 20/53b lim: 4 exec/s: 0 rss: 826Mb L: 4/4 MS: 2 CMP-Custom- DE: "\000\010"-
#45	NEW    cov: 482 ft: 599 corp: 21/56b lim: 4 exec/s: 0 rss: 826Mb L: 3/4 MS: 4 ChangeByte-Custom-EraseBytes-Custom-
#49	NEW    cov: 482 ft: 600 corp: 22/58b lim: 4 exec/s: 0 rss: 826Mb L: 2/4 MS: 8 ChangeBinInt-Custom-ChangeByte-Custom-CopyPart-Custom-EraseBytes-Custom-
#53	NEW    cov: 482 ft: 601 corp: 23/60b lim: 4 exec/s: 0 rss: 826Mb L: 2/4 MS: 8 ChangeBit-Custom-ShuffleBytes-Custom-ChangeByte-Custom-CopyPart-Custom-
#54	NEW    cov: 485 ft: 604 corp: 24/61b lim: 4 exec/s: 0 rss: 826Mb L: 1/4 MS: 2 ChangeByte-Custom-
#62	REDUCE cov: 485 ft: 604 corp: 24/60b lim: 4 exec/s: 0 rss: 826Mb L: 3/4 MS: 6 PersAutoDict-Custom-CrossOver-Custom-CopyPart-Custom- DE: "\000\010"-
#66	NEW    cov: 492 ft: 611 corp: 25/63b lim: 4 exec/s: 0 rss: 826Mb L: 3/4 MS: 8 ShuffleBytes-Custom-ChangeByte-Custom-PersAutoDict-Custom-ChangeBit-Custom- DE: "\000\010"-
#69	NEW    cov: 492 ft: 613 corp: 26/65b lim: 4 exec/s: 0 rss: 826Mb L: 2/4 MS: 6 CopyPart-Custom-CrossOver-Custom-EraseBytes-Custom-
#72	NEW    cov: 494 ft: 617 corp: 27/66b lim: 4 exec/s: 0 rss: 826Mb L: 1/4 MS: 6 ChangeByte-Custom-CrossOver-Custom-ChangeBit-Custom-
#73	NEW    cov: 496 ft: 619 corp: 28/70b lim: 4 exec/s: 0 rss: 826Mb L: 4/4 MS: 2 CopyPart-Custom-
#76	NEW    cov: 496 ft: 623 corp: 29/73b lim: 4 exec/s: 0 rss: 826Mb L: 3/4 MS: 6 CrossOver-Custom-CopyPart-Custom-CrossOver-Custom-
#78	NEW    cov: 496 ft: 625 corp: 30/74b lim: 4 exec/s: 0 rss: 826Mb L: 1/4 MS: 4 CopyPart-Custom-ChangeByte-Custom-
#81	REDUCE cov: 496 ft: 625 corp: 30/72b lim: 4 exec/s: 0 rss: 826Mb L: 2/4 MS: 6 ShuffleBytes-Custom-ChangeBit-Custom-EraseBytes-Custom-
#87	NEW    cov: 499 ft: 628 corp: 31/76b lim: 4 exec/s: 0 rss: 826Mb L: 4/4 MS: 2 ShuffleBytes-Custom-
#91	NEW    cov: 499 ft: 629 corp: 32/77b lim: 4 exec/s: 0 rss: 826Mb L: 1/4 MS: 8 EraseBytes-Custom-ShuffleBytes-Custom-ShuffleBytes-Custom-ChangeByte-Custom-
#97	NEW    cov: 499 ft: 631 corp: 33/81b lim: 4 exec/s: 0 rss: 826Mb L: 4/4 MS: 2 CrossOver-Custom-
#99	NEW    cov: 504 ft: 639 corp: 34/82b lim: 4 exec/s: 0 rss: 826Mb L: 1/4 MS: 4 CopyPart-Custom-ChangeBit-Custom-
#101	NEW    cov: 504 ft: 641 corp: 35/85b lim: 4 exec/s: 0 rss: 826Mb L: 3/4 MS: 4 ChangeByte-Custom-ShuffleBytes-Custom-
#102	NEW    cov: 528 ft: 674 corp: 36/88b lim: 4 exec/s: 0 rss: 826Mb L: 3/4 MS: 2 ChangeByte-Custom-
#104	NEW    cov: 558 ft: 706 corp: 37/92b lim: 4 exec/s: 0 rss: 826Mb L: 4/4 MS: 4 CrossOver-Custom-ChangeByte-Custom-
#105	NEW    cov: 558 ft: 707 corp: 38/95b lim: 4 exec/s: 0 rss: 826Mb L: 3/4 MS: 2 ShuffleBytes-Custom-
#106	REDUCE cov: 558 ft: 708 corp: 39/99b lim: 4 exec/s: 0 rss: 826Mb L: 4/4 MS: 2 CopyPart-Custom-
#113	NEW    cov: 558 ft: 777 corp: 40/103b lim: 4 exec/s: 0 rss: 827Mb L: 4/4 MS: 4 CopyPart-Custom-ChangeByte-Custom-
#114	NEW    cov: 564 ft: 783 corp: 41/104b lim: 4 exec/s: 0 rss: 827Mb L: 1/4 MS: 2 ChangeBit-Custom-
#122	REDUCE cov: 564 ft: 784 corp: 42/108b lim: 4 exec/s: 0 rss: 827Mb L: 4/4 MS: 6 EraseBytes-Custom-PersAutoDict-Custom-ChangeByte-Custom- DE: "\000\010"-
#124	NEW    cov: 582 ft: 802 corp: 43/112b lim: 4 exec/s: 0 rss: 827Mb L: 4/4 MS: 4 ChangeByte-Custom-ChangeByte-Custom-
#133	NEW    cov: 583 ft: 803 corp: 44/116b lim: 4 exec/s: 0 rss: 827Mb L: 4/4 MS: 8 ChangeBit-Custom-ShuffleBytes-Custom-ChangeByte-Custom-InsertByte-Custom-
#134	NEW    cov: 583 ft: 805 corp: 45/118b lim: 4 exec/s: 0 rss: 827Mb L: 2/4 MS: 2 CopyPart-Custom-
#135	NEW    cov: 586 ft: 808 corp: 46/120b lim: 4 exec/s: 0 rss: 827Mb L: 2/4 MS: 2 ChangeBinInt-Custom-
#140	NEW    cov: 591 ft: 814 corp: 47/123b lim: 4 exec/s: 0 rss: 827Mb L: 3/4 MS: 10 CopyPart-Custom-EraseBytes-Custom-ChangeByte-Custom-CopyPart-Custom-ChangeByte-Custom-
#141	NEW    cov: 593 ft: 819 corp: 48/127b lim: 4 exec/s: 0 rss: 827Mb L: 4/4 MS: 2 CopyPart-Custom-
#145	NEW    cov: 593 ft: 820 corp: 49/131b lim: 4 exec/s: 0 rss: 827Mb L: 4/4 MS: 8 PersAutoDict-Custom-ChangeBit-Custom-ShuffleBytes-Custom-CopyPart-Custom- DE: "\000\010"-
#151	NEW    cov: 595 ft: 822 corp: 50/132b lim: 4 exec/s: 0 rss: 827Mb L: 1/4 MS: 2 ChangeBinInt-Custom-
#163	NEW    cov: 599 ft: 826 corp: 51/133b lim: 4 exec/s: 0 rss: 827Mb L: 1/4 MS: 4 ChangeByte-Custom-ChangeByte-Custom-
#164	NEW    cov: 604 ft: 831 corp: 52/134b lim: 4 exec/s: 0 rss: 827Mb L: 1/4 MS: 2 ChangeBit-Custom-
#172	NEW    cov: 608 ft: 835 corp: 53/137b lim: 4 exec/s: 0 rss: 827Mb L: 3/4 MS: 6 InsertByte-Custom-CrossOver-Custom-CrossOver-Custom-
#178	NEW    cov: 608 ft: 839 corp: 54/140b lim: 4 exec/s: 0 rss: 827Mb L: 3/4 MS: 2 CrossOver-Custom-
#179	NEW    cov: 609 ft: 840 corp: 55/144b lim: 4 exec/s: 0 rss: 827Mb L: 4/4 MS: 2 InsertByte-Custom-
#189	NEW    cov: 612 ft: 843 corp: 56/148b lim: 4 exec/s: 0 rss: 827Mb L: 4/4 MS: 10 ShuffleBytes-Custom-CrossOver-Custom-PersAutoDict-Custom-CopyPart-Custom-ChangeByte-Custom- DE: "\000\010"-
INFO: Instrumented com.fasterxml.jackson.core.util.VersionUtil (took 13 ms, size +19%)
#193	NEW    cov: 613 ft: 844 corp: 57/152b lim: 4 exec/s: 0 rss: 827Mb L: 4/4 MS: 8 CrossOver-Custom-ChangeBinInt-Custom-ChangeBinInt-Custom-ChangeBit-Custom-
#198	NEW    cov: 617 ft: 850 corp: 58/155b lim: 4 exec/s: 0 rss: 827Mb L: 3/4 MS: 10 CrossOver-Custom-CopyPart-Custom-ChangeASCIIInt-Custom-InsertByte-Custom-ChangeByte-Custom-
#222	NEW    cov: 618 ft: 851 corp: 59/157b lim: 4 exec/s: 0 rss: 827Mb L: 2/4 MS: 8 CopyPart-Custom-EraseBytes-Custom-PersAutoDict-Custom-ChangeBit-Custom- DE: "\000\010"-
#227	NEW    cov: 620 ft: 853 corp: 60/161b lim: 4 exec/s: 0 rss: 827Mb L: 4/4 MS: 10 CrossOver-Custom-EraseBytes-Custom-ChangeByte-Custom-InsertByte-Custom-PersAutoDict-Custom- DE: "\000\010"-
#231	NEW    cov: 620 ft: 854 corp: 61/162b lim: 4 exec/s: 0 rss: 827Mb L: 1/4 MS: 8 EraseBytes-Custom-ChangeByte-Custom-ChangeBinInt-Custom-EraseBytes-Custom-
#236	REDUCE cov: 620 ft: 854 corp: 61/161b lim: 4 exec/s: 0 rss: 827Mb L: 3/4 MS: 10 ShuffleBytes-Custom-ChangeBit-Custom-ShuffleBytes-Custom-CopyPart-Custom-EraseBytes-Custom-
#240	NEW    cov: 620 ft: 856 corp: 62/165b lim: 4 exec/s: 0 rss: 827Mb L: 4/4 MS: 8 InsertByte-Custom-PersAutoDict-Custom-CopyPart-Custom-ChangeBit-Custom- DE: "\000\010"-
#250	NEW    cov: 623 ft: 859 corp: 63/169b lim: 4 exec/s: 0 rss: 827Mb L: 4/4 MS: 10 PersAutoDict-Custom-ShuffleBytes-Custom-InsertByte-Custom-CopyPart-Custom-CMP-Custom- DE: "\000\010"-"\377\377\377\001"-
#270	NEW    cov: 624 ft: 862 corp: 64/172b lim: 4 exec/s: 0 rss: 827Mb L: 3/4 MS: 10 InsertByte-Custom-ChangeByte-Custom-InsertByte-Custom-CopyPart-Custom-CopyPart-Custom-
#274	NEW    cov: 626 ft: 864 corp: 65/175b lim: 4 exec/s: 0 rss: 827Mb L: 3/4 MS: 8 InsertByte-Custom-CrossOver-Custom-CrossOver-Custom-InsertByte-Custom-
#290	NEW    cov: 627 ft: 865 corp: 66/179b lim: 4 exec/s: 0 rss: 827Mb L: 4/4 MS: 2 InsertByte-Custom-
#315	NEW    cov: 646 ft: 886 corp: 67/183b lim: 4 exec/s: 0 rss: 827Mb L: 4/4 MS: 10 InsertByte-Custom-ChangeBit-Custom-ChangeBit-Custom-CopyPart-Custom-CrossOver-Custom-
#350	NEW    cov: 655 ft: 895 corp: 68/187b lim: 4 exec/s: 0 rss: 827Mb L: 4/4 MS: 10 CopyPart-Custom-ChangeBit-Custom-EraseBytes-Custom-CopyPart-Custom-InsertByte-Custom-
#407	REDUCE cov: 655 ft: 895 corp: 68/185b lim: 4 exec/s: 0 rss: 827Mb L: 2/4 MS: 4 CMP-Custom-EraseBytes-Custom- DE: "\000 "-
#419	REDUCE cov: 655 ft: 895 corp: 68/184b lim: 4 exec/s: 0 rss: 827Mb L: 1/4 MS: 4 ChangeByte-Custom-EraseBytes-Custom-
#423	NEW    cov: 655 ft: 896 corp: 69/187b lim: 4 exec/s: 0 rss: 827Mb L: 3/4 MS: 8 InsertByte-Custom-ShuffleBytes-Custom-ChangeBinInt-Custom-CopyPart-Custom-
#429	NEW    cov: 655 ft: 913 corp: 70/189b lim: 4 exec/s: 0 rss: 827Mb L: 2/4 MS: 2 CopyPart-Custom-
#476	REDUCE cov: 655 ft: 913 corp: 70/188b lim: 4 exec/s: 0 rss: 828Mb L: 3/4 MS: 4 CopyPart-Custom-EraseBytes-Custom-
#481	NEW    cov: 655 ft: 930 corp: 71/190b lim: 4 exec/s: 0 rss: 828Mb L: 2/4 MS: 10 CrossOver-Custom-ShuffleBytes-Custom-ShuffleBytes-Custom-CopyPart-Custom-CrossOver-Custom-
#500	NEW    cov: 656 ft: 931 corp: 72/194b lim: 4 exec/s: 0 rss: 828Mb L: 4/4 MS: 8 ChangeBit-Custom-ChangeBit-Custom-CrossOver-Custom-PersAutoDict-Custom- DE: "\000 "-
#516	NEW    cov: 657 ft: 932 corp: 73/198b lim: 4 exec/s: 0 rss: 828Mb L: 4/4 MS: 2 InsertByte-Custom-
#528	REDUCE cov: 657 ft: 932 corp: 73/196b lim: 4 exec/s: 0 rss: 828Mb L: 2/4 MS: 4 ChangeByte-Custom-EraseBytes-Custom-
#544	NEW    cov: 657 ft: 934 corp: 74/200b lim: 4 exec/s: 0 rss: 828Mb L: 4/4 MS: 2 CopyPart-Custom-
#588	NEW    cov: 658 ft: 935 corp: 75/204b lim: 4 exec/s: 0 rss: 828Mb L: 4/4 MS: 8 CopyPart-Custom-ChangeByte-Custom-CopyPart-Custom-CopyPart-Custom-
#615	REDUCE cov: 658 ft: 935 corp: 75/203b lim: 4 exec/s: 0 rss: 828Mb L: 3/4 MS: 4 CrossOver-Custom-EraseBytes-Custom-
#622	REDUCE cov: 659 ft: 936 corp: 76/207b lim: 4 exec/s: 0 rss: 828Mb L: 4/4 MS: 4 ChangeBinInt-Custom-InsertByte-Custom-
#657	NEW    cov: 659 ft: 939 corp: 77/211b lim: 4 exec/s: 0 rss: 833Mb L: 4/4 MS: 10 PersAutoDict-Custom-EraseBytes-Custom-InsertByte-Custom-CopyPart-Custom-CopyPart-Custom- DE: "\377\377\377\001"-
#658	NEW    cov: 659 ft: 940 corp: 78/215b lim: 4 exec/s: 0 rss: 833Mb L: 4/4 MS: 2 CopyPart-Custom-
#685	REDUCE cov: 659 ft: 940 corp: 78/214b lim: 4 exec/s: 0 rss: 833Mb L: 3/4 MS: 4 ChangeBit-Custom-EraseBytes-Custom-
#686	NEW    cov: 659 ft: 988 corp: 79/217b lim: 4 exec/s: 0 rss: 833Mb L: 3/4 MS: 2 InsertByte-Custom-
#696	NEW    cov: 659 ft: 990 corp: 80/221b lim: 4 exec/s: 0 rss: 833Mb L: 4/4 MS: 10 ChangeByte-Custom-ChangeBinInt-Custom-CopyPart-Custom-ChangeBinInt-Custom-ShuffleBytes-Custom-
#719	NEW    cov: 659 ft: 994 corp: 81/225b lim: 4 exec/s: 0 rss: 833Mb L: 4/4 MS: 6 ShuffleBytes-Custom-ChangeByte-Custom-CrossOver-Custom-
#748	NEW    cov: 659 ft: 1000 corp: 82/229b lim: 4 exec/s: 0 rss: 833Mb L: 4/4 MS: 8 ChangeByte-Custom-ChangeByte-Custom-ChangeBinInt-Custom-CopyPart-Custom-
#770	NEW    cov: 661 ft: 1002 corp: 83/232b lim: 4 exec/s: 0 rss: 833Mb L: 3/4 MS: 4 PersAutoDict-Custom-CopyPart-Custom- DE: "\000 "-
#774	NEW    cov: 661 ft: 1003 corp: 84/236b lim: 4 exec/s: 0 rss: 833Mb L: 4/4 MS: 8 PersAutoDict-Custom-ChangeBinInt-Custom-ChangeBit-Custom-CopyPart-Custom- DE: "\000\010"-
#786	NEW    cov: 662 ft: 1004 corp: 85/240b lim: 4 exec/s: 0 rss: 833Mb L: 4/4 MS: 4 PersAutoDict-Custom-ChangeBit-Custom- DE: "\000 "-
#796	REDUCE cov: 662 ft: 1004 corp: 85/239b lim: 4 exec/s: 0 rss: 833Mb L: 1/4 MS: 10 ChangeASCIIInt-Custom-PersAutoDict-Custom-InsertByte-Custom-CopyPart-Custom-CrossOver-Custom- DE: "\000 "-
#825	REDUCE cov: 662 ft: 1004 corp: 85/238b lim: 4 exec/s: 0 rss: 833Mb L: 3/4 MS: 8 CopyPart-Custom-PersAutoDict-Custom-CrossOver-Custom-CrossOver-Custom- DE: "\000\010"-
#836	REDUCE cov: 662 ft: 1004 corp: 85/237b lim: 4 exec/s: 0 rss: 833Mb L: 2/4 MS: 2 EraseBytes-Custom-
#860	REDUCE cov: 662 ft: 1015 corp: 86/241b lim: 4 exec/s: 0 rss: 833Mb L: 4/4 MS: 8 ShuffleBytes-Custom-CrossOver-Custom-ShuffleBytes-Custom-InsertByte-Custom-
#871	REDUCE cov: 662 ft: 1015 corp: 86/240b lim: 4 exec/s: 0 rss: 833Mb L: 3/4 MS: 2 EraseBytes-Custom-
#889	NEW    cov: 662 ft: 1020 corp: 87/243b lim: 4 exec/s: 0 rss: 833Mb L: 3/4 MS: 6 InsertByte-Custom-ChangeByte-Custom-ChangeByte-Custom-
#903	NEW    cov: 662 ft: 1022 corp: 88/247b lim: 4 exec/s: 0 rss: 833Mb L: 4/4 MS: 8 ChangeBit-Custom-CMP-Custom-ShuffleBytes-Custom-CopyPart-Custom- DE: "\377\377\377v"-
#919	REDUCE cov: 662 ft: 1022 corp: 88/246b lim: 4 exec/s: 0 rss: 833Mb L: 2/4 MS: 2 EraseBytes-Custom-
#927	REDUCE cov: 662 ft: 1022 corp: 88/245b lim: 4 exec/s: 0 rss: 833Mb L: 3/4 MS: 6 CrossOver-Custom-ChangeByte-Custom-EraseBytes-Custom-
#1007	NEW    cov: 662 ft: 1024 corp: 89/249b lim: 4 exec/s: 0 rss: 833Mb L: 4/4 MS: 10 ChangeBit-Custom-ChangeBit-Custom-ChangeByte-Custom-ShuffleBytes-Custom-CopyPart-Custom-
#1023	REDUCE cov: 662 ft: 1026 corp: 90/252b lim: 4 exec/s: 0 rss: 833Mb L: 3/4 MS: 2 CopyPart-Custom-
#1024	REDUCE cov: 662 ft: 1026 corp: 90/251b lim: 4 exec/s: 0 rss: 833Mb L: 2/4 MS: 2 EraseBytes-Custom-
#1052	NEW    cov: 662 ft: 1029 corp: 91/255b lim: 4 exec/s: 0 rss: 833Mb L: 4/4 MS: 6 CrossOver-Custom-CrossOver-Custom-CopyPart-Custom-
#1059	REDUCE cov: 662 ft: 1029 corp: 91/254b lim: 4 exec/s: 0 rss: 833Mb L: 3/4 MS: 4 ShuffleBytes-Custom-EraseBytes-Custom-
#1101	NEW    cov: 662 ft: 1030 corp: 92/258b lim: 4 exec/s: 0 rss: 833Mb L: 4/4 MS: 4 ChangeBinInt-Custom-CopyPart-Custom-
#1177	NEW    cov: 664 ft: 1032 corp: 93/262b lim: 4 exec/s: 0 rss: 833Mb L: 4/4 MS: 2 ShuffleBytes-Custom-
#1249	REDUCE cov: 664 ft: 1032 corp: 93/261b lim: 4 exec/s: 0 rss: 833Mb L: 2/4 MS: 4 ShuffleBytes-Custom-EraseBytes-Custom-
INFO: Instrumented com.fasterxml.jackson.core.sym.BytesToNameCanonicalizer$Bucket (took 4 ms, size +36%)
#1373	NEW    cov: 664 ft: 1034 corp: 94/265b lim: 4 exec/s: 0 rss: 833Mb L: 4/4 MS: 8 ChangeBit-Custom-CopyPart-Custom-CrossOver-Custom-CopyPart-Custom-
#1389	REDUCE cov: 664 ft: 1034 corp: 94/264b lim: 4 exec/s: 0 rss: 833Mb L: 3/4 MS: 2 EraseBytes-Custom-
#1390	NEW    cov: 664 ft: 1123 corp: 95/268b lim: 4 exec/s: 0 rss: 833Mb L: 4/4 MS: 2 CopyPart-Custom-
#1397	NEW    cov: 664 ft: 1132 corp: 96/270b lim: 4 exec/s: 0 rss: 833Mb L: 2/4 MS: 4 CopyPart-Custom-EraseBytes-Custom-
#1400	REDUCE cov: 664 ft: 1132 corp: 96/269b lim: 4 exec/s: 0 rss: 833Mb L: 1/4 MS: 6 EraseBytes-Custom-ShuffleBytes-Custom-ChangeByte-Custom-
#1402	REDUCE cov: 665 ft: 1133 corp: 97/273b lim: 4 exec/s: 0 rss: 833Mb L: 4/4 MS: 4 ShuffleBytes-Custom-InsertByte-Custom-
#1428	REDUCE cov: 665 ft: 1133 corp: 97/272b lim: 4 exec/s: 0 rss: 833Mb L: 2/4 MS: 2 EraseBytes-Custom-
#1459	NEW    cov: 665 ft: 1134 corp: 98/276b lim: 4 exec/s: 0 rss: 833Mb L: 4/4 MS: 2 CopyPart-Custom-
#1489	REDUCE cov: 665 ft: 1134 corp: 98/274b lim: 4 exec/s: 0 rss: 833Mb L: 2/4 MS: 10 CopyPart-Custom-ShuffleBytes-Custom-CopyPart-Custom-ShuffleBytes-Custom-EraseBytes-Custom-
#1605	NEW    cov: 665 ft: 1135 corp: 99/277b lim: 4 exec/s: 0 rss: 834Mb L: 3/4 MS: 2 CopyPart-Custom-
#1781	NEW    cov: 666 ft: 1136 corp: 100/281b lim: 4 exec/s: 0 rss: 834Mb L: 4/4 MS: 2 ChangeByte-Custom-
#1847	REDUCE cov: 666 ft: 1136 corp: 100/279b lim: 4 exec/s: 0 rss: 834Mb L: 2/4 MS: 2 EraseBytes-Custom-
#1909	REDUCE cov: 666 ft: 1136 corp: 100/278b lim: 4 exec/s: 0 rss: 834Mb L: 2/4 MS: 4 EraseBytes-Custom-CrossOver-Custom-
#2040	NEW    cov: 666 ft: 1137 corp: 101/282b lim: 4 exec/s: 0 rss: 834Mb L: 4/4 MS: 2 ChangeBit-Custom-
#2052	NEW    cov: 666 ft: 1138 corp: 102/286b lim: 4 exec/s: 0 rss: 834Mb L: 4/4 MS: 4 ChangeBit-Custom-CopyPart-Custom-
#2068	REDUCE cov: 667 ft: 1139 corp: 103/290b lim: 4 exec/s: 0 rss: 834Mb L: 4/4 MS: 2 CrossOver-Custom-
#2081	REDUCE cov: 667 ft: 1139 corp: 103/289b lim: 4 exec/s: 0 rss: 834Mb L: 2/4 MS: 6 EraseBytes-Custom-ChangeByte-Custom-ChangeByte-Custom-
#2107	REDUCE cov: 667 ft: 1139 corp: 103/288b lim: 4 exec/s: 0 rss: 834Mb L: 2/4 MS: 2 EraseBytes-Custom-
#2138	NEW    cov: 667 ft: 1145 corp: 104/290b lim: 4 exec/s: 0 rss: 834Mb L: 2/4 MS: 2 CopyPart-Custom-
#2141	REDUCE cov: 667 ft: 1145 corp: 104/288b lim: 4 exec/s: 0 rss: 834Mb L: 2/4 MS: 6 CopyPart-Custom-ChangeBit-Custom-EraseBytes-Custom-
#2143	NEW    cov: 667 ft: 1146 corp: 105/292b lim: 4 exec/s: 0 rss: 834Mb L: 4/4 MS: 4 ChangeBinInt-Custom-CopyPart-Custom-
#2167	REDUCE cov: 667 ft: 1146 corp: 105/291b lim: 4 exec/s: 0 rss: 834Mb L: 2/4 MS: 8 ShuffleBytes-Custom-ChangeBit-Custom-ShuffleBytes-Custom-EraseBytes-Custom-
#2229	REDUCE cov: 667 ft: 1146 corp: 105/290b lim: 4 exec/s: 0 rss: 834Mb L: 2/4 MS: 4 CrossOver-Custom-CrossOver-Custom-
#2275	REDUCE cov: 667 ft: 1146 corp: 105/289b lim: 4 exec/s: 0 rss: 834Mb L: 1/4 MS: 2 EraseBytes-Custom-
#2478	REDUCE cov: 667 ft: 1146 corp: 105/288b lim: 4 exec/s: 0 rss: 834Mb L: 1/4 MS: 6 CrossOver-Custom-ChangeBit-Custom-EraseBytes-Custom-
#2504	REDUCE cov: 667 ft: 1146 corp: 105/286b lim: 4 exec/s: 0 rss: 834Mb L: 2/4 MS: 2 EraseBytes-Custom-
#2508	NEW    cov: 667 ft: 1155 corp: 106/289b lim: 4 exec/s: 0 rss: 834Mb L: 3/4 MS: 8 EraseBytes-Custom-CopyPart-Custom-ShuffleBytes-Custom-CopyPart-Custom-
#2514	REDUCE cov: 667 ft: 1155 corp: 106/288b lim: 4 exec/s: 0 rss: 834Mb L: 1/4 MS: 2 EraseBytes-Custom-
#2652	NEW    cov: 667 ft: 1157 corp: 107/292b lim: 4 exec/s: 0 rss: 834Mb L: 4/4 MS: 6 ShuffleBytes-Custom-ChangeByte-Custom-CrossOver-Custom-
#2672	NEW    cov: 667 ft: 1159 corp: 108/296b lim: 4 exec/s: 0 rss: 834Mb L: 4/4 MS: 10 CopyPart-Custom-InsertByte-Custom-CrossOver-Custom-CrossOver-Custom-CrossOver-Custom-
#2751	NEW    cov: 667 ft: 1160 corp: 109/300b lim: 4 exec/s: 0 rss: 834Mb L: 4/4 MS: 8 InsertByte-Custom-CopyPart-Custom-CopyPart-Custom-CopyPart-Custom-
#2961	NEW    cov: 667 ft: 1174 corp: 110/306b lim: 6 exec/s: 0 rss: 834Mb L: 6/6 MS: 10 CrossOver-Custom-ChangeBit-Custom-ChangeBinInt-Custom-InsertByte-Custom-PersAutoDict-Custom- DE: "\377\377\377v"-
#2973	NEW    cov: 667 ft: 1218 corp: 111/310b lim: 6 exec/s: 0 rss: 834Mb L: 4/6 MS: 4 InsertRepeatedBytes-Custom-ChangeByte-Custom-
#2974	NEW    cov: 667 ft: 1220 corp: 112/316b lim: 6 exec/s: 0 rss: 834Mb L: 6/6 MS: 2 CopyPart-Custom-
#2985	NEW    cov: 667 ft: 1230 corp: 113/321b lim: 6 exec/s: 0 rss: 834Mb L: 5/6 MS: 2 InsertRepeatedBytes-Custom-
#2992	REDUCE cov: 667 ft: 1234 corp: 114/327b lim: 6 exec/s: 0 rss: 834Mb L: 6/6 MS: 4 InsertRepeatedBytes-Custom-ChangeBit-Custom-
#3031	REDUCE cov: 667 ft: 1235 corp: 115/331b lim: 6 exec/s: 0 rss: 834Mb L: 4/6 MS: 8 ChangeBit-Custom-ShuffleBytes-Custom-EraseBytes-Custom-InsertRepeatedBytes-Custom-
#3113	REDUCE cov: 667 ft: 1235 corp: 115/330b lim: 6 exec/s: 0 rss: 834Mb L: 2/6 MS: 4 ChangeBit-Custom-EraseBytes-Custom-
#3185	REDUCE cov: 667 ft: 1235 corp: 115/329b lim: 6 exec/s: 0 rss: 834Mb L: 3/6 MS: 4 PersAutoDict-Custom-EraseBytes-Custom- DE: "\377\377\377v"-
#3231	REDUCE cov: 667 ft: 1235 corp: 115/328b lim: 6 exec/s: 0 rss: 834Mb L: 2/6 MS: 2 EraseBytes-Custom-
#3250	NEW    cov: 667 ft: 1236 corp: 116/334b lim: 6 exec/s: 0 rss: 834Mb L: 6/6 MS: 8 ChangeByte-Custom-CrossOver-Custom-ChangeBit-Custom-CopyPart-Custom-
#3308	REDUCE cov: 667 ft: 1236 corp: 116/333b lim: 6 exec/s: 0 rss: 834Mb L: 1/6 MS: 6 ShuffleBytes-Custom-ShuffleBytes-Custom-CrossOver-Custom-
#3330	NEW    cov: 667 ft: 1238 corp: 117/339b lim: 6 exec/s: 0 rss: 834Mb L: 6/6 MS: 4 CrossOver-Custom-CrossOver-Custom-
#3340	NEW    cov: 667 ft: 1239 corp: 118/345b lim: 6 exec/s: 0 rss: 834Mb L: 6/6 MS: 10 CrossOver-Custom-CopyPart-Custom-CopyPart-Custom-ShuffleBytes-Custom-CopyPart-Custom-
#3350	REDUCE cov: 667 ft: 1239 corp: 118/344b lim: 6 exec/s: 0 rss: 834Mb L: 3/6 MS: 10 CMP-Custom-ChangeByte-Custom-ShuffleBytes-Custom-EraseBytes-Custom-ChangeByte-Custom- DE: "\000;"-
#3395	REDUCE cov: 673 ft: 1246 corp: 119/349b lim: 6 exec/s: 0 rss: 834Mb L: 5/6 MS: 10 ChangeBit-Custom-ChangeByte-Custom-CrossOver-Custom-CrossOver-Custom-PersAutoDict-Custom- DE: "\000;"-
#3420	REDUCE cov: 673 ft: 1247 corp: 120/355b lim: 6 exec/s: 0 rss: 834Mb L: 6/6 MS: 10 ChangeByte-Custom-ChangeBit-Custom-InsertRepeatedBytes-Custom-CopyPart-Custom-PersAutoDict-Custom- DE: "\000 "-
#3435	NEW    cov: 673 ft: 1265 corp: 121/361b lim: 6 exec/s: 0 rss: 834Mb L: 6/6 MS: 10 EraseBytes-Custom-CopyPart-Custom-EraseBytes-Custom-ChangeByte-Custom-CopyPart-Custom-
#3459	NEW    cov: 673 ft: 1267 corp: 122/366b lim: 6 exec/s: 0 rss: 834Mb L: 5/6 MS: 8 CopyPart-Custom-ShuffleBytes-Custom-ChangeByte-Custom-InsertRepeatedBytes-Custom-
#3485	REDUCE cov: 673 ft: 1267 corp: 122/365b lim: 6 exec/s: 0 rss: 834Mb L: 2/6 MS: 2 EraseBytes-Custom-
#3520	NEW    cov: 674 ft: 1270 corp: 123/370b lim: 6 exec/s: 0 rss: 834Mb L: 5/6 MS: 10 ChangeBit-Custom-ShuffleBytes-Custom-ChangeByte-Custom-ChangeBit-Custom-InsertByte-Custom-
#3601	REDUCE cov: 674 ft: 1270 corp: 123/369b lim: 6 exec/s: 0 rss: 834Mb L: 1/6 MS: 2 EraseBytes-Custom-
#3604	NEW    cov: 674 ft: 1276 corp: 124/375b lim: 6 exec/s: 0 rss: 834Mb L: 6/6 MS: 6 ShuffleBytes-Custom-CrossOver-Custom-CrossOver-Custom-
#3607	REDUCE cov: 674 ft: 1276 corp: 124/374b lim: 6 exec/s: 0 rss: 834Mb L: 1/6 MS: 6 ShuffleBytes-Custom-CopyPart-Custom-EraseBytes-Custom-
#3643	NEW    cov: 674 ft: 1277 corp: 125/379b lim: 6 exec/s: 0 rss: 834Mb L: 5/6 MS: 2 PersAutoDict-Custom- DE: "\000\010"-
#3689	NEW    cov: 674 ft: 1294 corp: 126/383b lim: 6 exec/s: 0 rss: 834Mb L: 4/6 MS: 2 ChangeBinInt-Custom-
#3719	NEW    cov: 674 ft: 1295 corp: 127/387b lim: 6 exec/s: 0 rss: 834Mb L: 4/6 MS: 10 InsertByte-Custom-ChangeByte-Custom-CrossOver-Custom-ChangeBit-Custom-CopyPart-Custom-
#3731	REDUCE cov: 674 ft: 1295 corp: 127/386b lim: 6 exec/s: 0 rss: 834Mb L: 3/6 MS: 4 ShuffleBytes-Custom-EraseBytes-Custom-
#3773	NEW    cov: 674 ft: 1312 corp: 128/392b lim: 6 exec/s: 0 rss: 834Mb L: 6/6 MS: 4 InsertByte-Custom-CopyPart-Custom-
#3799	NEW    cov: 674 ft: 1313 corp: 129/398b lim: 6 exec/s: 0 rss: 834Mb L: 6/6 MS: 2 CopyPart-Custom-
#3877	REDUCE cov: 674 ft: 1361 corp: 130/404b lim: 6 exec/s: 0 rss: 835Mb L: 6/6 MS: 6 ShuffleBytes-Custom-CopyPart-Custom-CrossOver-Custom-
#3903	REDUCE cov: 674 ft: 1361 corp: 130/403b lim: 6 exec/s: 0 rss: 835Mb L: 3/6 MS: 2 EraseBytes-Custom-
#4000	REDUCE cov: 674 ft: 1363 corp: 131/408b lim: 6 exec/s: 0 rss: 835Mb L: 5/6 MS: 4 InsertRepeatedBytes-Custom-ShuffleBytes-Custom-
#4043	REDUCE cov: 674 ft: 1373 corp: 132/414b lim: 6 exec/s: 0 rss: 835Mb L: 6/6 MS: 6 CrossOver-Custom-InsertByte-Custom-CopyPart-Custom-
#4064	REDUCE cov: 674 ft: 1373 corp: 132/412b lim: 6 exec/s: 0 rss: 835Mb L: 2/6 MS: 2 EraseBytes-Custom-
#4065	NEW    cov: 674 ft: 1375 corp: 133/417b lim: 6 exec/s: 0 rss: 835Mb L: 5/6 MS: 2 CopyPart-Custom-
#4087	REDUCE cov: 674 ft: 1375 corp: 133/416b lim: 6 exec/s: 0 rss: 835Mb L: 3/6 MS: 4 InsertByte-Custom-EraseBytes-Custom-
#4315	REDUCE cov: 674 ft: 1375 corp: 133/415b lim: 8 exec/s: 0 rss: 835Mb L: 5/6 MS: 6 ChangeByte-Custom-ChangeBinInt-Custom-EraseBytes-Custom-
#4326	REDUCE cov: 674 ft: 1375 corp: 133/414b lim: 8 exec/s: 0 rss: 835Mb L: 1/6 MS: 2 EraseBytes-Custom-
#4358	REDUCE cov: 674 ft: 1382 corp: 134/422b lim: 8 exec/s: 0 rss: 835Mb L: 8/8 MS: 4 InsertRepeatedBytes-Custom-PersAutoDict-Custom- DE: "\377\377\377\001"-
#4375	REDUCE cov: 674 ft: 1382 corp: 134/421b lim: 8 exec/s: 0 rss: 835Mb L: 4/8 MS: 4 EraseBytes-Custom-InsertByte-Custom-
#4383	NEW    cov: 674 ft: 1386 corp: 135/429b lim: 8 exec/s: 0 rss: 835Mb L: 8/8 MS: 6 ShuffleBytes-Custom-CrossOver-Custom-CopyPart-Custom-
#4411	REDUCE cov: 674 ft: 1389 corp: 136/437b lim: 8 exec/s: 0 rss: 835Mb L: 8/8 MS: 6 CrossOver-Custom-EraseBytes-Custom-CopyPart-Custom-
#4429	NEW    cov: 674 ft: 1390 corp: 137/444b lim: 8 exec/s: 0 rss: 835Mb L: 7/8 MS: 6 InsertRepeatedBytes-Custom-ChangeBinInt-Custom-ChangeBinInt-Custom-
#4500	NEW    cov: 674 ft: 1396 corp: 138/450b lim: 8 exec/s: 0 rss: 835Mb L: 6/8 MS: 2 InsertByte-Custom-
#4501	REDUCE cov: 674 ft: 1397 corp: 139/456b lim: 8 exec/s: 0 rss: 835Mb L: 6/8 MS: 2 CrossOver-Custom-
#4546	NEW    cov: 674 ft: 1398 corp: 140/464b lim: 8 exec/s: 0 rss: 835Mb L: 8/8 MS: 10 CopyPart-Custom-ChangeBinInt-Custom-ChangeBinInt-Custom-ShuffleBytes-Custom-InsertRepeatedBytes-Custom-
#4615	NEW    cov: 674 ft: 1401 corp: 141/471b lim: 8 exec/s: 0 rss: 835Mb L: 7/8 MS: 8 CrossOver-Custom-ChangeByte-Custom-EraseBytes-Custom-PersAutoDict-Custom- DE: "\377\377\377v"-
#4660	REDUCE cov: 674 ft: 1402 corp: 142/478b lim: 8 exec/s: 0 rss: 835Mb L: 7/8 MS: 10 ShuffleBytes-Custom-ChangeByte-Custom-CrossOver-Custom-CrossOver-Custom-CopyPart-Custom-
#4868	NEW    cov: 674 ft: 1404 corp: 143/486b lim: 8 exec/s: 0 rss: 835Mb L: 8/8 MS: 6 ChangeBit-Custom-ChangeByte-Custom-CopyPart-Custom-
#4885	NEW    cov: 674 ft: 1412 corp: 144/493b lim: 8 exec/s: 0 rss: 835Mb L: 7/8 MS: 4 ChangeByte-Custom-InsertRepeatedBytes-Custom-
#4902	REDUCE cov: 674 ft: 1412 corp: 144/492b lim: 8 exec/s: 0 rss: 835Mb L: 3/8 MS: 4 ShuffleBytes-Custom-EraseBytes-Custom-
#4934	NEW    cov: 674 ft: 1415 corp: 145/498b lim: 8 exec/s: 0 rss: 835Mb L: 6/8 MS: 4 ChangeByte-Custom-CopyPart-Custom-
#4983	NEW    cov: 674 ft: 1416 corp: 146/506b lim: 8 exec/s: 0 rss: 835Mb L: 8/8 MS: 8 PersAutoDict-Custom-ChangeBinInt-Custom-CrossOver-Custom-CopyPart-Custom- DE: "\377\377\377v"-
#5014	REDUCE cov: 674 ft: 1416 corp: 146/504b lim: 8 exec/s: 0 rss: 835Mb L: 2/8 MS: 2 EraseBytes-Custom-
#5020	NEW    cov: 674 ft: 1418 corp: 147/511b lim: 8 exec/s: 0 rss: 835Mb L: 7/8 MS: 2 InsertRepeatedBytes-Custom-
#5032	REDUCE cov: 674 ft: 1418 corp: 147/509b lim: 8 exec/s: 0 rss: 835Mb L: 6/8 MS: 4 CopyPart-Custom-EraseBytes-Custom-
#5062	NEW    cov: 674 ft: 1423 corp: 148/517b lim: 8 exec/s: 0 rss: 835Mb L: 8/8 MS: 10 ShuffleBytes-Custom-ShuffleBytes-Custom-CrossOver-Custom-CrossOver-Custom-InsertRepeatedBytes-Custom-
#5148	NEW    cov: 674 ft: 1433 corp: 149/523b lim: 8 exec/s: 0 rss: 835Mb L: 6/8 MS: 2 CopyPart-Custom-
#5259	REDUCE cov: 674 ft: 1433 corp: 149/522b lim: 8 exec/s: 0 rss: 835Mb L: 1/8 MS: 2 EraseBytes-Custom-
#5383	REDUCE cov: 674 ft: 1434 corp: 150/529b lim: 8 exec/s: 0 rss: 835Mb L: 7/8 MS: 8 CrossOver-Custom-InsertRepeatedBytes-Custom-CopyPart-Custom-CrossOver-Custom-
#5559	NEW    cov: 674 ft: 1437 corp: 151/536b lim: 8 exec/s: 0 rss: 835Mb L: 7/8 MS: 2 InsertRepeatedBytes-Custom-
#5566	NEW    cov: 674 ft: 1439 corp: 152/544b lim: 8 exec/s: 0 rss: 835Mb L: 8/8 MS: 4 ChangeByte-Custom-InsertRepeatedBytes-Custom-
#5577	NEW    cov: 674 ft: 1441 corp: 153/552b lim: 8 exec/s: 0 rss: 835Mb L: 8/8 MS: 2 InsertByte-Custom-
#5578	NEW    cov: 674 ft: 1442 corp: 154/559b lim: 8 exec/s: 0 rss: 835Mb L: 7/8 MS: 2 InsertRepeatedBytes-Custom-
#5677	NEW    cov: 674 ft: 1447 corp: 155/567b lim: 8 exec/s: 0 rss: 835Mb L: 8/8 MS: 8 InsertRepeatedBytes-Custom-CopyPart-Custom-ShuffleBytes-Custom-ShuffleBytes-Custom-
#5783	NEW    cov: 674 ft: 1448 corp: 156/573b lim: 8 exec/s: 0 rss: 835Mb L: 6/8 MS: 2 ShuffleBytes-Custom-
#5792	REDUCE cov: 674 ft: 1449 corp: 157/578b lim: 8 exec/s: 0 rss: 835Mb L: 5/8 MS: 8 EraseBytes-Custom-ChangeBit-Custom-CrossOver-Custom-ShuffleBytes-Custom-
#5800	REDUCE cov: 674 ft: 1449 corp: 157/577b lim: 8 exec/s: 0 rss: 835Mb L: 6/8 MS: 6 ChangeByte-Custom-ChangeBit-Custom-EraseBytes-Custom-
#5832	NEW    cov: 687 ft: 1463 corp: 158/584b lim: 8 exec/s: 0 rss: 835Mb L: 7/8 MS: 4 InsertRepeatedBytes-Custom-EraseBytes-Custom-
#5881	REDUCE cov: 687 ft: 1463 corp: 158/582b lim: 8 exec/s: 0 rss: 835Mb L: 6/8 MS: 8 ChangeBit-Custom-CrossOver-Custom-ChangeBinInt-Custom-EraseBytes-Custom-
#5902	NEW    cov: 687 ft: 1464 corp: 159/586b lim: 8 exec/s: 0 rss: 835Mb L: 4/8 MS: 2 CopyPart-Custom-
#5969	REDUCE cov: 687 ft: 1464 corp: 159/584b lim: 8 exec/s: 0 rss: 835Mb L: 5/8 MS: 4 ChangeBit-Custom-EraseBytes-Custom-
#6050	NEW    cov: 687 ft: 1465 corp: 160/592b lim: 8 exec/s: 0 rss: 835Mb L: 8/8 MS: 2 ChangeBinInt-Custom-
#6059	REDUCE cov: 687 ft: 1465 corp: 160/590b lim: 8 exec/s: 0 rss: 835Mb L: 5/8 MS: 8 CopyPart-Custom-ShuffleBytes-Custom-ChangeBinInt-Custom-EraseBytes-Custom-
#6202	NEW    cov: 687 ft: 1466 corp: 161/597b lim: 8 exec/s: 0 rss: 835Mb L: 7/8 MS: 6 CrossOver-Custom-InsertByte-Custom-CrossOver-Custom-
#6313	REDUCE cov: 687 ft: 1466 corp: 161/596b lim: 8 exec/s: 0 rss: 835Mb L: 7/8 MS: 2 EraseBytes-Custom-
#6321	NEW    cov: 687 ft: 1468 corp: 162/604b lim: 8 exec/s: 0 rss: 835Mb L: 8/8 MS: 6 CrossOver-Custom-InsertByte-Custom-CopyPart-Custom-
#6482	REDUCE cov: 687 ft: 1468 corp: 162/603b lim: 8 exec/s: 0 rss: 835Mb L: 3/8 MS: 2 EraseBytes-Custom-
#6541	NEW    cov: 687 ft: 1469 corp: 163/611b lim: 8 exec/s: 0 rss: 835Mb L: 8/8 MS: 8 CopyPart-Custom-EraseBytes-Custom-ShuffleBytes-Custom-CrossOver-Custom-
#6704	NEW    cov: 687 ft: 1471 corp: 164/619b lim: 8 exec/s: 0 rss: 835Mb L: 8/8 MS: 6 ChangeBit-Custom-ChangeByte-Custom-CMP-Custom- DE: "\377\377\377\377\377\377\377\377"-
#6899	REDUCE cov: 691 ft: 1475 corp: 165/626b lim: 8 exec/s: 0 rss: 835Mb L: 7/8 MS: 10 ChangeBit-Custom-CopyPart-Custom-CopyPart-Custom-EraseBytes-Custom-InsertRepeatedBytes-Custom-
#7035	REDUCE cov: 691 ft: 1475 corp: 165/625b lim: 8 exec/s: 0 rss: 835Mb L: 1/8 MS: 2 EraseBytes-Custom-
#7210	NEW    cov: 691 ft: 1476 corp: 166/631b lim: 8 exec/s: 0 rss: 835Mb L: 6/8 MS: 10 CrossOver-Custom-ChangeBinInt-Custom-ChangeBinInt-Custom-CrossOver-Custom-ShuffleBytes-Custom-
#7290	REDUCE cov: 691 ft: 1476 corp: 166/630b lim: 8 exec/s: 0 rss: 835Mb L: 3/8 MS: 10 ShuffleBytes-Custom-EraseBytes-Custom-InsertByte-Custom-ShuffleBytes-Custom-CopyPart-Custom-
#7311	NEW    cov: 691 ft: 1485 corp: 167/636b lim: 8 exec/s: 0 rss: 835Mb L: 6/8 MS: 2 CopyPart-Custom-
#7325	REDUCE cov: 691 ft: 1491 corp: 168/644b lim: 8 exec/s: 0 rss: 835Mb L: 8/8 MS: 8 ChangeBit-Custom-ChangeBit-Custom-PersAutoDict-Custom-InsertRepeatedBytes-Custom- DE: "\000\010"-
#7501	REDUCE cov: 691 ft: 1491 corp: 168/643b lim: 8 exec/s: 0 rss: 835Mb L: 1/8 MS: 2 EraseBytes-Custom-
#7578	NEW    cov: 691 ft: 1493 corp: 169/650b lim: 8 exec/s: 0 rss: 835Mb L: 7/8 MS: 4 ShuffleBytes-Custom-InsertRepeatedBytes-Custom-
#7845	NEW    cov: 694 ft: 1496 corp: 170/658b lim: 8 exec/s: 0 rss: 837Mb L: 8/8 MS: 4 InsertRepeatedBytes-Custom-ChangeBinInt-Custom-
#7878	REDUCE cov: 694 ft: 1496 corp: 170/656b lim: 8 exec/s: 0 rss: 837Mb L: 6/8 MS: 6 ShuffleBytes-Custom-CopyPart-Custom-EraseBytes-Custom-
#7961	NEW    cov: 696 ft: 1498 corp: 171/661b lim: 8 exec/s: 0 rss: 837Mb L: 5/8 MS: 6 InsertRepeatedBytes-Custom-CopyPart-Custom-CrossOver-Custom-
#7967	NEW    cov: 696 ft: 1500 corp: 172/668b lim: 8 exec/s: 0 rss: 837Mb L: 7/8 MS: 2 CopyPart-Custom-
#7973	REDUCE cov: 696 ft: 1500 corp: 172/667b lim: 8 exec/s: 0 rss: 837Mb L: 2/8 MS: 2 EraseBytes-Custom-
#8024	NEW    cov: 696 ft: 1502 corp: 173/675b lim: 8 exec/s: 0 rss: 837Mb L: 8/8 MS: 2 CopyPart-Custom-
#8045	NEW    cov: 696 ft: 1503 corp: 174/683b lim: 8 exec/s: 0 rss: 837Mb L: 8/8 MS: 2 CopyPart-Custom-
#8121	REDUCE cov: 696 ft: 1503 corp: 174/682b lim: 8 exec/s: 0 rss: 837Mb L: 1/8 MS: 2 EraseBytes-Custom-
#8147	REDUCE cov: 696 ft: 1505 corp: 175/690b lim: 8 exec/s: 0 rss: 837Mb L: 8/8 MS: 2 InsertRepeatedBytes-Custom-
#8239	REDUCE cov: 696 ft: 1505 corp: 175/688b lim: 8 exec/s: 0 rss: 837Mb L: 4/8 MS: 4 PersAutoDict-Custom-EraseBytes-Custom- DE: "\000\010"-
#8241	REDUCE cov: 696 ft: 1505 corp: 175/687b lim: 8 exec/s: 0 rss: 837Mb L: 1/8 MS: 4 ShuffleBytes-Custom-EraseBytes-Custom-
#8317	NEW    cov: 696 ft: 1506 corp: 176/695b lim: 8 exec/s: 0 rss: 837Mb L: 8/8 MS: 2 CopyPart-Custom-
#8409	NEW    cov: 696 ft: 1507 corp: 177/703b lim: 8 exec/s: 0 rss: 837Mb L: 8/8 MS: 4 CopyPart-Custom-ChangeByte-Custom-
#8541	NEW    cov: 696 ft: 1509 corp: 178/710b lim: 8 exec/s: 0 rss: 837Mb L: 7/8 MS: 4 CMP-Custom-CopyPart-Custom- DE: "\007\000"-
#8624	REDUCE cov: 696 ft: 1509 corp: 178/709b lim: 8 exec/s: 0 rss: 837Mb L: 6/8 MS: 6 ShuffleBytes-Custom-CopyPart-Custom-EraseBytes-Custom-
#8696	REDUCE cov: 696 ft: 1509 corp: 178/707b lim: 8 exec/s: 0 rss: 837Mb L: 5/8 MS: 4 ChangeByte-Custom-EraseBytes-Custom-
#9033	REDUCE cov: 696 ft: 1509 corp: 178/705b lim: 11 exec/s: 0 rss: 837Mb L: 6/8 MS: 4 ChangeBit-Custom-EraseBytes-Custom-
#9265	REDUCE cov: 696 ft: 1509 corp: 178/704b lim: 11 exec/s: 0 rss: 837Mb L: 5/8 MS: 4 PersAutoDict-Custom-EraseBytes-Custom- DE: "\000\010"-
#9289	NEW    cov: 696 ft: 1511 corp: 179/714b lim: 11 exec/s: 9289 rss: 837Mb L: 10/10 MS: 8 CMP-Custom-EraseBytes-Custom-CopyPart-Custom-InsertRepeatedBytes-Custom- DE: "\000\377\000\000"-
#9397	NEW    cov: 696 ft: 1517 corp: 180/725b lim: 11 exec/s: 9397 rss: 837Mb L: 11/11 MS: 6 EraseBytes-Custom-CrossOver-Custom-CopyPart-Custom-
#9471	REDUCE cov: 696 ft: 1519 corp: 181/735b lim: 11 exec/s: 9471 rss: 837Mb L: 10/11 MS: 8 CopyPart-Custom-PersAutoDict-Custom-ShuffleBytes-Custom-InsertByte-Custom- DE: "\007\000"-
#9716	REDUCE cov: 696 ft: 1519 corp: 181/734b lim: 11 exec/s: 9716 rss: 840Mb L: 1/11 MS: 10 CopyPart-Custom-EraseBytes-Custom-ChangeBit-Custom-ChangeByte-Custom-ChangeByte-Custom-
#9759	NEW    cov: 696 ft: 1583 corp: 182/745b lim: 11 exec/s: 9759 rss: 841Mb L: 11/11 MS: 6 InsertByte-Custom-ChangeBit-Custom-InsertRepeatedBytes-Custom-
#9911	NEW    cov: 696 ft: 1584 corp: 183/755b lim: 11 exec/s: 9911 rss: 844Mb L: 10/11 MS: 4 InsertByte-Custom-CopyPart-Custom-
#10012	REDUCE cov: 696 ft: 1584 corp: 183/754b lim: 11 exec/s: 10012 rss: 846Mb L: 3/11 MS: 2 EraseBytes-Custom-
#10272	REDUCE cov: 697 ft: 1585 corp: 184/762b lim: 11 exec/s: 10272 rss: 853Mb L: 8/11 MS: 10 InsertByte-Custom-ShuffleBytes-Custom-InsertRepeatedBytes-Custom-EraseBytes-Custom-PersAutoDict-Custom- DE: "\000 "-
#10273	REDUCE cov: 697 ft: 1585 corp: 184/761b lim: 11 exec/s: 10273 rss: 853Mb L: 1/11 MS: 2 EraseBytes-Custom-
#10499	REDUCE cov: 697 ft: 1585 corp: 184/759b lim: 11 exec/s: 10499 rss: 858Mb L: 6/11 MS: 2 EraseBytes-Custom-
#10664	REDUCE cov: 697 ft: 1589 corp: 185/770b lim: 11 exec/s: 10664 rss: 862Mb L: 11/11 MS: 10 InsertByte-Custom-InsertRepeatedBytes-Custom-CrossOver-Custom-EraseBytes-Custom-CopyPart-Custom-
#10761	REDUCE cov: 697 ft: 1589 corp: 185/769b lim: 11 exec/s: 10761 rss: 862Mb L: 3/11 MS: 4 ChangeBit-Custom-EraseBytes-Custom-
#10837	REDUCE cov: 697 ft: 1589 corp: 185/767b lim: 11 exec/s: 10837 rss: 862Mb L: 6/11 MS: 2 EraseBytes-Custom-
#10863	REDUCE cov: 697 ft: 1589 corp: 185/766b lim: 11 exec/s: 10863 rss: 862Mb L: 3/11 MS: 2 EraseBytes-Custom-
#10865	REDUCE cov: 697 ft: 1590 corp: 186/774b lim: 11 exec/s: 10865 rss: 862Mb L: 8/11 MS: 4 InsertByte-Custom-InsertRepeatedBytes-Custom-
#10943	NEW    cov: 697 ft: 1591 corp: 187/781b lim: 11 exec/s: 10943 rss: 862Mb L: 7/11 MS: 6 CrossOver-Custom-CrossOver-Custom-CopyPart-Custom-
#11000	NEW    cov: 697 ft: 1593 corp: 188/789b lim: 11 exec/s: 11000 rss: 862Mb L: 8/11 MS: 4 InsertByte-Custom-CopyPart-Custom-
#11201	NEW    cov: 697 ft: 1597 corp: 189/800b lim: 11 exec/s: 11201 rss: 862Mb L: 11/11 MS: 2 CopyPart-Custom-
#11290	NEW    cov: 697 ft: 1599 corp: 190/809b lim: 11 exec/s: 11290 rss: 862Mb L: 9/11 MS: 8 ShuffleBytes-Custom-CopyPart-Custom-CrossOver-Custom-InsertRepeatedBytes-Custom-
#11422	REDUCE cov: 699 ft: 1601 corp: 191/815b lim: 11 exec/s: 11422 rss: 862Mb L: 6/11 MS: 4 InsertByte-Custom-CMP-Custom- DE: "\377\376"-
#11453	REDUCE cov: 699 ft: 1601 corp: 191/813b lim: 11 exec/s: 11453 rss: 862Mb L: 3/11 MS: 2 EraseBytes-Custom-
#11479	REDUCE cov: 699 ft: 1601 corp: 191/812b lim: 11 exec/s: 11479 rss: 862Mb L: 3/11 MS: 2 EraseBytes-Custom-
#11571	REDUCE cov: 699 ft: 1601 corp: 191/809b lim: 11 exec/s: 11571 rss: 862Mb L: 4/11 MS: 4 ChangeByte-Custom-EraseBytes-Custom-
#11861	NEW    cov: 699 ft: 1602 corp: 192/817b lim: 11 exec/s: 11861 rss: 869Mb L: 8/11 MS: 10 ChangeBinInt-Custom-ShuffleBytes-Custom-ShuffleBytes-Custom-ChangeBit-Custom-InsertRepeatedBytes-Custom-
#12046	NEW    cov: 699 ft: 1604 corp: 193/827b lim: 11 exec/s: 12046 rss: 872Mb L: 10/11 MS: 10 ChangeBinInt-Custom-CopyPart-Custom-ShuffleBytes-Custom-CopyPart-Custom-CopyPart-Custom-
#12112	REDUCE cov: 699 ft: 1604 corp: 193/825b lim: 11 exec/s: 12112 rss: 874Mb L: 6/11 MS: 2 EraseBytes-Custom-
#12378	REDUCE cov: 699 ft: 1604 corp: 193/824b lim: 11 exec/s: 12378 rss: 880Mb L: 3/11 MS: 2 EraseBytes-Custom-
#12409	REDUCE cov: 699 ft: 1604 corp: 193/823b lim: 11 exec/s: 12409 rss: 881Mb L: 5/11 MS: 2 EraseBytes-Custom-
#12497	REDUCE cov: 699 ft: 1605 corp: 194/832b lim: 11 exec/s: 12497 rss: 883Mb L: 9/11 MS: 6 InsertByte-Custom-PersAutoDict-Custom-InsertByte-Custom- DE: "\007\000"-
#12565	REDUCE cov: 699 ft: 1605 corp: 194/830b lim: 11 exec/s: 12565 rss: 884Mb L: 2/11 MS: 6 CopyPart-Custom-ChangeByte-Custom-EraseBytes-Custom-
#12591	REDUCE cov: 699 ft: 1605 corp: 194/827b lim: 11 exec/s: 12591 rss: 885Mb L: 5/11 MS: 2 EraseBytes-Custom-
#12785	NEW    cov: 699 ft: 1607 corp: 195/838b lim: 11 exec/s: 12785 rss: 890Mb L: 11/11 MS: 8 ChangeBinInt-Custom-CopyPart-Custom-CrossOver-Custom-InsertRepeatedBytes-Custom-
#13138	NEW    cov: 699 ft: 1608 corp: 196/851b lim: 14 exec/s: 13138 rss: 898Mb L: 13/13 MS: 6 ShuffleBytes-Custom-InsertByte-Custom-InsertRepeatedBytes-Custom-
#13229	NEW    cov: 699 ft: 1609 corp: 197/859b lim: 14 exec/s: 13229 rss: 900Mb L: 8/13 MS: 2 CopyPart-Custom-
#13535	REDUCE cov: 699 ft: 1609 corp: 197/856b lim: 17 exec/s: 13535 rss: 908Mb L: 5/13 MS: 2 EraseBytes-Custom-
#13688	REDUCE cov: 699 ft: 1612 corp: 198/871b lim: 17 exec/s: 13688 rss: 911Mb L: 15/15 MS: 6 ChangeBit-Custom-CopyPart-Custom-InsertRepeatedBytes-Custom-
#13694	REDUCE cov: 699 ft: 1614 corp: 199/882b lim: 17 exec/s: 13694 rss: 911Mb L: 11/15 MS: 2 CopyPart-Custom-
#13710	REDUCE cov: 699 ft: 1614 corp: 199/881b lim: 17 exec/s: 13710 rss: 911Mb L: 2/15 MS: 2 EraseBytes-Custom-
#13776	NEW    cov: 699 ft: 1615 corp: 200/898b lim: 17 exec/s: 13776 rss: 913Mb L: 17/17 MS: 2 InsertRepeatedBytes-Custom-
#13813	REDUCE cov: 699 ft: 1615 corp: 200/897b lim: 17 exec/s: 13813 rss: 914Mb L: 3/17 MS: 4 ChangeByte-Custom-EraseBytes-Custom-
#13876	REDUCE cov: 700 ft: 1616 corp: 201/903b lim: 17 exec/s: 13876 rss: 915Mb L: 6/17 MS: 6 CopyPart-Custom-CopyPart-Custom-PersAutoDict-Custom- DE: "\377\377\377v"-
#13977	NEW    cov: 700 ft: 1620 corp: 202/919b lim: 17 exec/s: 13977 rss: 917Mb L: 16/17 MS: 2 InsertRepeatedBytes-Custom-
#14013	NEW    cov: 700 ft: 1623 corp: 203/935b lim: 17 exec/s: 14013 rss: 918Mb L: 16/17 MS: 2 InsertRepeatedBytes-Custom-
#14089	REDUCE cov: 700 ft: 1623 corp: 203/934b lim: 17 exec/s: 14089 rss: 920Mb L: 2/17 MS: 2 EraseBytes-Custom-
#14250	REDUCE cov: 700 ft: 1626 corp: 204/948b lim: 17 exec/s: 14250 rss: 923Mb L: 14/17 MS: 2 InsertRepeatedBytes-Custom-
#14741	NEW    cov: 700 ft: 1668 corp: 205/967b lim: 21 exec/s: 14741 rss: 935Mb L: 19/19 MS: 2 InsertRepeatedBytes-Custom-
#14783	NEW    cov: 700 ft: 1711 corp: 206/988b lim: 21 exec/s: 14783 rss: 936Mb L: 21/21 MS: 4 ShuffleBytes-Custom-CopyPart-Custom-
#15033	REDUCE cov: 700 ft: 1711 corp: 206/985b lim: 21 exec/s: 15033 rss: 946Mb L: 12/21 MS: 10 CopyPart-Custom-InsertByte-Custom-ChangeBinInt-Custom-ChangeBinInt-Custom-CrossOver-Custom-
#15316	REDUCE cov: 700 ft: 1716 corp: 207/1003b lim: 21 exec/s: 15316 rss: 952Mb L: 18/21 MS: 6 ShuffleBytes-Custom-ChangeByte-Custom-InsertRepeatedBytes-Custom-
#15352	REDUCE cov: 700 ft: 1722 corp: 208/1018b lim: 21 exec/s: 15352 rss: 952Mb L: 15/21 MS: 2 InsertRepeatedBytes-Custom-
#15368	REDUCE cov: 700 ft: 1722 corp: 208/1017b lim: 21 exec/s: 15368 rss: 952Mb L: 2/21 MS: 2 EraseBytes-Custom-
#15498	REDUCE cov: 700 ft: 1723 corp: 209/1033b lim: 21 exec/s: 15498 rss: 955Mb L: 16/21 MS: 10 ChangeASCIIInt-Custom-InsertByte-Custom-EraseBytes-Custom-CrossOver-Custom-CopyPart-Custom-
#15549	REDUCE cov: 700 ft: 1723 corp: 209/1032b lim: 21 exec/s: 15549 rss: 956Mb L: 10/21 MS: 2 CrossOver-Custom-
#15746	REDUCE cov: 700 ft: 1723 corp: 209/1031b lim: 21 exec/s: 15746 rss: 961Mb L: 14/21 MS: 4 InsertByte-Custom-EraseBytes-Custom-
#15838	REDUCE cov: 700 ft: 1725 corp: 210/1046b lim: 21 exec/s: 15838 rss: 963Mb L: 15/21 MS: 4 EraseBytes-Custom-InsertRepeatedBytes-Custom-
#15936	REDUCE cov: 700 ft: 1744 corp: 211/1056b lim: 21 exec/s: 15936 rss: 964Mb L: 10/21 MS: 6 ChangeBit-Custom-CrossOver-Custom-InsertRepeatedBytes-Custom-
#16068	REDUCE cov: 700 ft: 1744 corp: 211/1055b lim: 21 exec/s: 16068 rss: 964Mb L: 2/21 MS: 4 ChangeBit-Custom-EraseBytes-Custom-
#16190	NEW    cov: 700 ft: 1745 corp: 212/1068b lim: 21 exec/s: 16190 rss: 964Mb L: 13/21 MS: 4 CopyPart-Custom-InsertRepeatedBytes-Custom-
#16201	REDUCE cov: 700 ft: 1745 corp: 212/1067b lim: 21 exec/s: 16201 rss: 964Mb L: 1/21 MS: 2 EraseBytes-Custom-
#16271	NEW    cov: 700 ft: 1780 corp: 213/1082b lim: 21 exec/s: 16271 rss: 964Mb L: 15/21 MS: 10 ChangeBinInt-Custom-ShuffleBytes-Custom-ChangeBinInt-Custom-InsertByte-Custom-InsertRepeatedBytes-Custom-
#16305	NEW    cov: 700 ft: 1781 corp: 214/1095b lim: 21 exec/s: 16305 rss: 964Mb L: 13/21 MS: 8 ChangeBit-Custom-CrossOver-Custom-CMP-Custom-EraseBytes-Custom- DE: "\001\000\000\003"-
#16309	REDUCE cov: 700 ft: 1781 corp: 214/1092b lim: 21 exec/s: 16309 rss: 964Mb L: 6/21 MS: 8 ChangeBit-Custom-ChangeBinInt-Custom-ShuffleBytes-Custom-EraseBytes-Custom-
#16357	REDUCE cov: 700 ft: 1782 corp: 215/1109b lim: 21 exec/s: 16357 rss: 964Mb L: 17/21 MS: 6 ShuffleBytes-Custom-ShuffleBytes-Custom-InsertRepeatedBytes-Custom-
INFO: #16622	NEW    cov: 700 ft: 1784 corp: 216/1125b lim: 21 exec/s: 16622 rss: 964Mb L: 16/21 MS: 10 ChangeBit-Custom-PersAutoDict-Custom-ShuffleBytes-Custom-InsertRepeatedBytes-Custom-CopyPart-Custom- DE: "\000;"-
Instrumented com.fasterxml.jackson.core.json.DupDetector (took 6 ms, size +39%)
#16623	REDUCE cov: 700 ft: 1784 corp: 216/1124b lim: 21 exec/s: 16623 rss: 964Mb L: 10/21 MS: 2 EraseBytes-Custom-
#16721	REDUCE cov: 700 ft: 1784 corp: 216/1123b lim: 21 exec/s: 16721 rss: 964Mb L: 18/21 MS: 6 InsertByte-Custom-CopyPart-Custom-EraseBytes-Custom-
#16896	REDUCE cov: 700 ft: 1793 corp: 217/1142b lim: 21 exec/s: 16896 rss: 964Mb L: 19/21 MS: 10 InsertByte-Custom-EraseBytes-Custom-ShuffleBytes-Custom-ShuffleBytes-Custom-InsertRepeatedBytes-Custom-
#16947	REDUCE cov: 700 ft: 1793 corp: 217/1140b lim: 21 exec/s: 16947 rss: 964Mb L: 14/21 MS: 2 EraseBytes-Custom-
#17183	REDUCE cov: 700 ft: 1793 corp: 217/1136b lim: 21 exec/s: 17183 rss: 964Mb L: 9/21 MS: 2 EraseBytes-Custom-
#17433	REDUCE cov: 700 ft: 1795 corp: 218/1153b lim: 21 exec/s: 17433 rss: 964Mb L: 17/21 MS: 10 CrossOver-Custom-CrossOver-Custom-CrossOver-Custom-ChangeByte-Custom-CopyPart-Custom-
#17592	NEW    cov: 700 ft: 1796 corp: 219/1173b lim: 21 exec/s: 17592 rss: 964Mb L: 20/21 MS: 8 ChangeByte-Custom-ShuffleBytes-Custom-ChangeBit-Custom-InsertRepeatedBytes-Custom-
#17880	REDUCE cov: 700 ft: 1797 corp: 220/1193b lim: 21 exec/s: 17880 rss: 964Mb L: 20/21 MS: 6 InsertByte-Custom-ChangeBit-Custom-InsertRepeatedBytes-Custom-
#17991	REDUCE cov: 700 ft: 1797 corp: 220/1192b lim: 21 exec/s: 17991 rss: 964Mb L: 3/21 MS: 2 EraseBytes-Custom-
#18047	NEW    cov: 700 ft: 1809 corp: 221/1207b lim: 21 exec/s: 18047 rss: 964Mb L: 15/21 MS: 2 CopyPart-Custom-
#18198	REDUCE cov: 700 ft: 1809 corp: 221/1205b lim: 21 exec/s: 18198 rss: 964Mb L: 4/21 MS: 2 EraseBytes-Custom-
#18409	REDUCE cov: 700 ft: 1809 corp: 221/1204b lim: 21 exec/s: 18409 rss: 964Mb L: 14/21 MS: 2 EraseBytes-Custom-
#18696	REDUCE cov: 700 ft: 1809 corp: 221/1203b lim: 21 exec/s: 18696 rss: 964Mb L: 18/21 MS: 4 CopyPart-Custom-EraseBytes-Custom-
#18727	REDUCE cov: 700 ft: 1809 corp: 221/1201b lim: 21 exec/s: 18727 rss: 964Mb L: 5/21 MS: 2 EraseBytes-Custom-
#18730	REDUCE cov: 700 ft: 1809 corp: 221/1200b lim: 21 exec/s: 18730 rss: 964Mb L: 17/21 MS: 6 EraseBytes-Custom-InsertByte-Custom-CopyPart-Custom-
#18750	REDUCE cov: 700 ft: 1809 corp: 221/1199b lim: 21 exec/s: 18750 rss: 964Mb L: 4/21 MS: 10 ShuffleBytes-Custom-ShuffleBytes-Custom-InsertByte-Custom-EraseBytes-Custom-CopyPart-Custom-
#18783	REDUCE cov: 700 ft: 1809 corp: 221/1198b lim: 21 exec/s: 18783 rss: 964Mb L: 5/21 MS: 6 ShuffleBytes-Custom-ChangeBit-Custom-EraseBytes-Custom-
#18999	REDUCE cov: 700 ft: 1809 corp: 221/1197b lim: 21 exec/s: 18999 rss: 964Mb L: 16/21 MS: 2 EraseBytes-Custom-
#19064	REDUCE cov: 700 ft: 1849 corp: 222/1207b lim: 21 exec/s: 19064 rss: 964Mb L: 10/21 MS: 10 CopyPart-Custom-CrossOver-Custom-CopyPart-Custom-ChangeByte-Custom-InsertRepeatedBytes-Custom-
#19240	REDUCE cov: 700 ft: 1849 corp: 222/1206b lim: 21 exec/s: 19240 rss: 964Mb L: 13/21 MS: 2 EraseBytes-Custom-
#19261	REDUCE cov: 700 ft: 1849 corp: 222/1201b lim: 21 exec/s: 19261 rss: 964Mb L: 13/21 MS: 2 EraseBytes-Custom-
#19268	REDUCE cov: 700 ft: 1849 corp: 222/1191b lim: 21 exec/s: 19268 rss: 964Mb L: 10/21 MS: 4 ChangeBinInt-Custom-EraseBytes-Custom-
#19384	REDUCE cov: 700 ft: 1849 corp: 222/1190b lim: 21 exec/s: 19384 rss: 964Mb L: 9/21 MS: 2 EraseBytes-Custom-
#19501	NEW    cov: 700 ft: 1850 corp: 223/1210b lim: 21 exec/s: 19501 rss: 964Mb L: 20/21 MS: 4 CrossOver-Custom-InsertRepeatedBytes-Custom-
#19577	REDUCE cov: 700 ft: 1856 corp: 224/1223b lim: 21 exec/s: 19577 rss: 964Mb L: 13/21 MS: 2 InsertRepeatedBytes-Custom-
#19593	REDUCE cov: 700 ft: 1856 corp: 224/1222b lim: 21 exec/s: 19593 rss: 964Mb L: 12/21 MS: 2 EraseBytes-Custom-
#19634	REDUCE cov: 700 ft: 1856 corp: 224/1220b lim: 21 exec/s: 19634 rss: 964Mb L: 13/21 MS: 2 EraseBytes-Custom-
#19725	REDUCE cov: 700 ft: 1856 corp: 224/1219b lim: 21 exec/s: 19725 rss: 964Mb L: 3/21 MS: 2 CrossOver-Custom-
#19953	NEW    cov: 700 ft: 1858 corp: 225/1239b lim: 21 exec/s: 19953 rss: 964Mb L: 20/21 MS: 6 CopyPart-Custom-ShuffleBytes-Custom-InsertRepeatedBytes-Custom-
#19966	REDUCE cov: 700 ft: 1858 corp: 225/1236b lim: 21 exec/s: 19966 rss: 964Mb L: 6/21 MS: 6 ChangeBit-Custom-PersAutoDict-Custom-EraseBytes-Custom- DE: "\000 "-
#20236	NEW    cov: 700 ft: 1859 corp: 226/1255b lim: 21 exec/s: 20236 rss: 964Mb L: 19/21 MS: 10 EraseBytes-Custom-PersAutoDict-Custom-CopyPart-Custom-CopyPart-Custom-CopyPart-Custom- DE: "\377\377\377v"-
#20337	REDUCE cov: 700 ft: 1859 corp: 226/1253b lim: 21 exec/s: 20337 rss: 964Mb L: 15/21 MS: 2 EraseBytes-Custom-
#20536	REDUCE cov: 700 ft: 1859 corp: 226/1248b lim: 21 exec/s: 20536 rss: 964Mb L: 15/21 MS: 8 PersAutoDict-Custom-ShuffleBytes-Custom-CopyPart-Custom-EraseBytes-Custom- DE: "\377\377\377\377\377\377\377\377"-
#20758	REDUCE cov: 700 ft: 1859 corp: 226/1247b lim: 21 exec/s: 20758 rss: 964Mb L: 12/21 MS: 4 CrossOver-Custom-ChangeByte-Custom-
#20903	REDUCE cov: 700 ft: 1860 corp: 227/1266b lim: 21 exec/s: 20903 rss: 964Mb L: 19/21 MS: 10 InsertByte-Custom-InsertByte-Custom-EraseBytes-Custom-ShuffleBytes-Custom-InsertRepeatedBytes-Custom-
#21004	NEW    cov: 700 ft: 1861 corp: 228/1284b lim: 21 exec/s: 21004 rss: 964Mb L: 18/21 MS: 2 InsertRepeatedBytes-Custom-
#21222	REDUCE cov: 700 ft: 1862 corp: 229/1304b lim: 21 exec/s: 21222 rss: 964Mb L: 20/21 MS: 6 ShuffleBytes-Custom-ShuffleBytes-Custom-InsertRepeatedBytes-Custom-
#21333	REDUCE cov: 700 ft: 1862 corp: 229/1301b lim: 21 exec/s: 21333 rss: 965Mb L: 9/21 MS: 2 EraseBytes-Custom-
#21344	REDUCE cov: 700 ft: 1862 corp: 229/1300b lim: 21 exec/s: 21344 rss: 965Mb L: 5/21 MS: 2 EraseBytes-Custom-
#21436	REDUCE cov: 700 ft: 1862 corp: 229/1299b lim: 21 exec/s: 21436 rss: 965Mb L: 6/21 MS: 4 ChangeBinInt-Custom-EraseBytes-Custom-
#21818	REDUCE cov: 700 ft: 1862 corp: 229/1298b lim: 21 exec/s: 21818 rss: 965Mb L: 3/21 MS: 4 CopyPart-Custom-EraseBytes-Custom-
#21961	REDUCE cov: 700 ft: 1862 corp: 229/1297b lim: 21 exec/s: 21961 rss: 965Mb L: 19/21 MS: 6 ChangeBit-Custom-CopyPart-Custom-EraseBytes-Custom-
#22032	REDUCE cov: 700 ft: 1862 corp: 229/1296b lim: 21 exec/s: 22032 rss: 965Mb L: 5/21 MS: 2 EraseBytes-Custom-
#22054	REDUCE cov: 700 ft: 1862 corp: 229/1294b lim: 21 exec/s: 22054 rss: 965Mb L: 13/21 MS: 4 CrossOver-Custom-EraseBytes-Custom-
#22185	REDUCE cov: 700 ft: 1862 corp: 229/1291b lim: 21 exec/s: 22185 rss: 965Mb L: 13/21 MS: 2 CrossOver-Custom-
#22461	REDUCE cov: 700 ft: 1865 corp: 230/1312b lim: 21 exec/s: 22461 rss: 965Mb L: 21/21 MS: 2 CopyPart-Custom-
#22538	REDUCE cov: 700 ft: 1865 corp: 230/1311b lim: 21 exec/s: 22538 rss: 965Mb L: 3/21 MS: 4 ShuffleBytes-Custom-EraseBytes-Custom-
#22695	REDUCE cov: 701 ft: 1866 corp: 231/1323b lim: 21 exec/s: 22695 rss: 965Mb L: 12/21 MS: 4 CrossOver-Custom-CMP-Custom- DE: "\376\377"-
#22874	REDUCE cov: 701 ft: 1866 corp: 231/1321b lim: 21 exec/s: 22874 rss: 965Mb L: 6/21 MS: 8 CopyPart-Custom-ChangeByte-Custom-ChangeBinInt-Custom-EraseBytes-Custom-
#22985	REDUCE cov: 701 ft: 1866 corp: 231/1320b lim: 21 exec/s: 22985 rss: 965Mb L: 9/21 MS: 2 EraseBytes-Custom-
#23096	REDUCE cov: 701 ft: 1866 corp: 231/1319b lim: 21 exec/s: 23096 rss: 965Mb L: 1/21 MS: 2 EraseBytes-Custom-
#23157	REDUCE cov: 701 ft: 1866 corp: 231/1317b lim: 21 exec/s: 23157 rss: 965Mb L: 9/21 MS: 2 EraseBytes-Custom-
#23282	REDUCE cov: 701 ft: 1866 corp: 231/1316b lim: 21 exec/s: 23282 rss: 965Mb L: 1/21 MS: 10 InsertByte-Custom-EraseBytes-Custom-ShuffleBytes-Custom-ChangeByte-Custom-EraseBytes-Custom-
#23340	REDUCE cov: 701 ft: 1866 corp: 231/1315b lim: 21 exec/s: 23340 rss: 965Mb L: 5/21 MS: 6 CopyPart-Custom-EraseBytes-Custom-CopyPart-Custom-
#23486	REDUCE cov: 701 ft: 1866 corp: 231/1314b lim: 21 exec/s: 23486 rss: 965Mb L: 9/21 MS: 2 EraseBytes-Custom-
#23717	REDUCE cov: 701 ft: 1866 corp: 231/1313b lim: 21 exec/s: 23717 rss: 965Mb L: 15/21 MS: 2 EraseBytes-Custom-
#23818	REDUCE cov: 701 ft: 1867 corp: 232/1331b lim: 21 exec/s: 23818 rss: 965Mb L: 18/21 MS: 2 InsertRepeatedBytes-Custom-
#23987	NEW    cov: 702 ft: 1868 corp: 233/1351b lim: 21 exec/s: 23987 rss: 965Mb L: 20/21 MS: 8 InsertRepeatedBytes-Custom-InsertByte-Custom-InsertRepeatedBytes-Custom-ChangeBinInt-Custom-
#24133	REDUCE cov: 702 ft: 1870 corp: 234/1361b lim: 21 exec/s: 24133 rss: 965Mb L: 10/21 MS: 2 CopyPart-Custom-
#24547	REDUCE cov: 702 ft: 1870 corp: 234/1358b lim: 25 exec/s: 24547 rss: 965Mb L: 12/21 MS: 8 ChangeBit-Custom-ChangeBinInt-Custom-ShuffleBytes-Custom-EraseBytes-Custom-
#24719	REDUCE cov: 702 ft: 1870 corp: 234/1355b lim: 25 exec/s: 24719 rss: 965Mb L: 17/21 MS: 4 ChangeByte-Custom-EraseBytes-Custom-
#25107	REDUCE cov: 702 ft: 1871 corp: 235/1372b lim: 25 exec/s: 25107 rss: 965Mb L: 17/21 MS: 6 CrossOver-Custom-CrossOver-Custom-InsertRepeatedBytes-Custom-
#25168	REDUCE cov: 702 ft: 1871 corp: 235/1371b lim: 25 exec/s: 25168 rss: 965Mb L: 4/21 MS: 2 EraseBytes-Custom-
#25395	REDUCE cov: 702 ft: 1871 corp: 235/1361b lim: 25 exec/s: 25395 rss: 965Mb L: 10/21 MS: 4 ShuffleBytes-Custom-EraseBytes-Custom-
#25539	REDUCE cov: 702 ft: 1871 corp: 235/1358b lim: 25 exec/s: 25539 rss: 965Mb L: 17/21 MS: 8 EraseBytes-Custom-EraseBytes-Custom-ShuffleBytes-Custom-CopyPart-Custom-
#26097	REDUCE cov: 702 ft: 1872 corp: 236/1368b lim: 29 exec/s: 26097 rss: 965Mb L: 10/21 MS: 6 ChangeByte-Custom-CrossOver-Custom-CopyPart-Custom-
#26273	REDUCE cov: 702 ft: 1873 corp: 237/1392b lim: 29 exec/s: 26273 rss: 965Mb L: 24/24 MS: 2 InsertRepeatedBytes-Custom-
#26376	REDUCE cov: 702 ft: 1873 corp: 237/1390b lim: 29 exec/s: 26376 rss: 965Mb L: 15/24 MS: 6 InsertByte-Custom-PersAutoDict-Custom-EraseBytes-Custom- DE: "\000\010"-
#26542	REDUCE cov: 702 ft: 1873 corp: 237/1389b lim: 29 exec/s: 26542 rss: 965Mb L: 13/24 MS: 2 EraseBytes-Custom-
#26550	NEW    cov: 703 ft: 1874 corp: 238/1417b lim: 29 exec/s: 26550 rss: 965Mb L: 28/28 MS: 6 CrossOver-Custom-ChangeBinInt-Custom-InsertRepeatedBytes-Custom-
#26701	REDUCE cov: 703 ft: 1874 corp: 238/1412b lim: 29 exec/s: 26701 rss: 965Mb L: 12/28 MS: 2 EraseBytes-Custom-
#26712	NEW    cov: 703 ft: 1875 corp: 239/1422b lim: 29 exec/s: 26712 rss: 965Mb L: 10/28 MS: 2 ChangeByte-Custom-
#26858	REDUCE cov: 703 ft: 1875 corp: 239/1418b lim: 29 exec/s: 26858 rss: 965Mb L: 9/28 MS: 2 EraseBytes-Custom-
#27179	REDUCE cov: 703 ft: 1875 corp: 239/1417b lim: 29 exec/s: 27179 rss: 965Mb L: 5/28 MS: 2 EraseBytes-Custom-
#27216	REDUCE cov: 703 ft: 1875 corp: 239/1416b lim: 29 exec/s: 27216 rss: 965Mb L: 4/28 MS: 4 ShuffleBytes-Custom-EraseBytes-Custom-
#27332	REDUCE cov: 703 ft: 1875 corp: 239/1413b lim: 29 exec/s: 27332 rss: 965Mb L: 9/28 MS: 2 EraseBytes-Custom-
#27578	REDUCE cov: 703 ft: 1875 corp: 239/1404b lim: 29 exec/s: 27578 rss: 965Mb L: 10/28 MS: 2 EraseBytes-Custom-
#27667	REDUCE cov: 703 ft: 1875 corp: 239/1398b lim: 29 exec/s: 27667 rss: 965Mb L: 22/24 MS: 8 CopyPart-Custom-ShuffleBytes-Custom-ShuffleBytes-Custom-EraseBytes-Custom-
#27736	REDUCE cov: 703 ft: 1875 corp: 239/1397b lim: 29 exec/s: 27736 rss: 965Mb L: 2/24 MS: 8 ChangeByte-Custom-CopyPart-Custom-ChangeByte-Custom-EraseBytes-Custom-
#28029	REDUCE cov: 703 ft: 1875 corp: 239/1396b lim: 29 exec/s: 28029 rss: 965Mb L: 23/23 MS: 6 PersAutoDict-Custom-PersAutoDict-Custom-EraseBytes-Custom- DE: "\007\000"-"\377\377\377v"-
#28192	NEW    cov: 703 ft: 1877 corp: 240/1420b lim: 29 exec/s: 28192 rss: 965Mb L: 24/24 MS: 6 ChangeBit-Custom-CopyPart-Custom-CrossOver-Custom-
#28508	REDUCE cov: 703 ft: 1877 corp: 240/1419b lim: 29 exec/s: 28508 rss: 966Mb L: 8/24 MS: 2 EraseBytes-Custom-
#29065	NEW    cov: 703 ft: 1878 corp: 241/1438b lim: 33 exec/s: 29065 rss: 966Mb L: 19/24 MS: 4 EraseBytes-Custom-InsertRepeatedBytes-Custom-
#29106	REDUCE cov: 703 ft: 1878 corp: 241/1437b lim: 33 exec/s: 29106 rss: 966Mb L: 3/24 MS: 2 EraseBytes-Custom-
#29230	REDUCE cov: 703 ft: 1878 corp: 241/1435b lim: 33 exec/s: 29230 rss: 966Mb L: 10/24 MS: 8 ChangeBinInt-Custom-ShuffleBytes-Custom-CopyPart-Custom-EraseBytes-Custom-
#29642	REDUCE cov: 703 ft: 1878 corp: 241/1434b lim: 33 exec/s: 29642 rss: 966Mb L: 11/24 MS: 4 CrossOver-Custom-EraseBytes-Custom-
#30666	REDUCE cov: 703 ft: 1878 corp: 241/1432b lim: 43 exec/s: 30666 rss: 966Mb L: 11/24 MS: 8 ChangeBinInt-Custom-ChangeBinInt-Custom-ChangeByte-Custom-EraseBytes-Custom-
#30882	REDUCE cov: 703 ft: 1878 corp: 241/1431b lim: 43 exec/s: 30882 rss: 966Mb L: 1/24 MS: 2 EraseBytes-Custom-
#31127	NEW    cov: 703 ft: 1900 corp: 242/1455b lim: 43 exec/s: 31127 rss: 966Mb L: 24/24 MS: 10 ChangeBit-Custom-ChangeByte-Custom-ChangeBinInt-Custom-ChangeBinInt-Custom-InsertRepeatedBytes-Custom-
#31338	REDUCE cov: 703 ft: 1900 corp: 242/1449b lim: 43 exec/s: 31338 rss: 966Mb L: 12/24 MS: 2 EraseBytes-Custom-
#31437	NEW    cov: 703 ft: 1935 corp: 243/1484b lim: 43 exec/s: 31437 rss: 966Mb L: 35/35 MS: 8 CrossOver-Custom-ChangeBit-Custom-InsertRepeatedBytes-Custom-InsertRepeatedBytes-Custom-
#31467	REDUCE cov: 703 ft: 1935 corp: 243/1483b lim: 43 exec/s: 31467 rss: 966Mb L: 14/35 MS: 10 ChangeByte-Custom-ShuffleBytes-Custom-CrossOver-Custom-CMP-Custom-EraseBytes-Custom- DE: "\011\000"-
#31495	REDUCE cov: 703 ft: 1953 corp: 244/1519b lim: 43 exec/s: 31495 rss: 966Mb L: 36/36 MS: 6 InsertRepeatedBytes-Custom-PersAutoDict-Custom-CopyPart-Custom- DE: "\000 "-
#31569	REDUCE cov: 703 ft: 1961 corp: 245/1559b lim: 43 exec/s: 31569 rss: 966Mb L: 40/40 MS: 8 ChangeBinInt-Custom-EraseBytes-Custom-InsertRepeatedBytes-Custom-InsertRepeatedBytes-Custom-
#31586	REDUCE cov: 703 ft: 1961 corp: 245/1557b lim: 43 exec/s: 31586 rss: 966Mb L: 11/40 MS: 4 ShuffleBytes-Custom-EraseBytes-Custom-
#31934	REDUCE cov: 703 ft: 1961 corp: 245/1554b lim: 43 exec/s: 31934 rss: 966Mb L: 33/40 MS: 6 EraseBytes-Custom-CopyPart-Custom-ChangeBinInt-Custom-
#32173	REDUCE cov: 703 ft: 1961 corp: 245/1552b lim: 43 exec/s: 32173 rss: 966Mb L: 17/40 MS: 8 InsertByte-Custom-ChangeByte-Custom-InsertByte-Custom-EraseBytes-Custom-
#32811	REDUCE cov: 703 ft: 1961 corp: 245/1546b lim: 48 exec/s: 32811 rss: 966Mb L: 12/40 MS: 6 EraseBytes-Custom-ShuffleBytes-Custom-InsertByte-Custom-
#32839	REDUCE cov: 703 ft: 1961 corp: 245/1545b lim: 48 exec/s: 32839 rss: 966Mb L: 3/40 MS: 6 ChangeByte-Custom-EraseBytes-Custom-ChangeByte-Custom-
#32924	NEW    cov: 703 ft: 1968 corp: 246/1586b lim: 48 exec/s: 32924 rss: 966Mb L: 41/41 MS: 10 ChangeBit-Custom-ChangeBit-Custom-ShuffleBytes-Custom-InsertRepeatedBytes-Custom-ChangeBinInt-Custom-
#33182	NEW    cov: 703 ft: 1970 corp: 247/1610b lim: 48 exec/s: 33182 rss: 966Mb L: 24/41 MS: 6 CrossOver-Custom-ShuffleBytes-Custom-InsertRepeatedBytes-Custom-
#33434	REDUCE cov: 703 ft: 1970 corp: 247/1608b lim: 48 exec/s: 33434 rss: 966Mb L: 4/41 MS: 4 ChangeBit-Custom-EraseBytes-Custom-
#33492	NEW    cov: 703 ft: 1979 corp: 248/1649b lim: 48 exec/s: 33492 rss: 966Mb L: 41/41 MS: 6 EraseBytes-Custom-ChangeByte-Custom-InsertRepeatedBytes-Custom-
#33943	REDUCE cov: 703 ft: 1980 corp: 249/1682b lim: 48 exec/s: 33943 rss: 966Mb L: 33/41 MS: 2 InsertRepeatedBytes-Custom-
#33944	REDUCE cov: 703 ft: 1980 corp: 249/1673b lim: 48 exec/s: 33944 rss: 966Mb L: 24/41 MS: 2 EraseBytes-Custom-
#34092	REDUCE cov: 703 ft: 1980 corp: 249/1672b lim: 48 exec/s: 34092 rss: 966Mb L: 20/41 MS: 6 ChangeByte-Custom-CrossOver-Custom-EraseBytes-Custom-
#34093	NEW    cov: 703 ft: 1983 corp: 250/1694b lim: 48 exec/s: 34093 rss: 966Mb L: 22/41 MS: 2 CopyPart-Custom-
#34117	REDUCE cov: 703 ft: 1985 corp: 251/1733b lim: 48 exec/s: 34117 rss: 966Mb L: 39/41 MS: 8 CopyPart-Custom-ChangeByte-Custom-ShuffleBytes-Custom-InsertRepeatedBytes-Custom-
#34159	REDUCE cov: 703 ft: 1996 corp: 252/1774b lim: 48 exec/s: 34159 rss: 966Mb L: 41/41 MS: 4 InsertByte-Custom-InsertRepeatedBytes-Custom-
#34205	REDUCE cov: 703 ft: 1996 corp: 252/1773b lim: 48 exec/s: 34205 rss: 966Mb L: 5/41 MS: 2 EraseBytes-Custom-
#34217	REDUCE cov: 703 ft: 1996 corp: 252/1771b lim: 48 exec/s: 34217 rss: 966Mb L: 6/41 MS: 4 CopyPart-Custom-EraseBytes-Custom-
#34292	NEW    cov: 703 ft: 1998 corp: 253/1815b lim: 48 exec/s: 34292 rss: 966Mb L: 44/44 MS: 10 InsertRepeatedBytes-Custom-InsertRepeatedBytes-Custom-InsertByte-Custom-PersAutoDict-Custom-PersAutoDict-Custom- DE: "\011\000"-"\000\377\000\000"-
#34297	NEW    cov: 703 ft: 2049 corp: 254/1848b lim: 48 exec/s: 34297 rss: 966Mb L: 33/44 MS: 10 InsertRepeatedBytes-Custom-PersAutoDict-Custom-EraseBytes-Custom-ShuffleBytes-Custom-CopyPart-Custom- DE: "\377\376"-
#34591	REDUCE cov: 703 ft: 2051 corp: 255/1892b lim: 48 exec/s: 34591 rss: 966Mb L: 44/44 MS: 8 InsertRepeatedBytes-Custom-InsertByte-Custom-CrossOver-Custom-CrossOver-Custom-
#34592	REDUCE cov: 703 ft: 2051 corp: 255/1891b lim: 48 exec/s: 34592 rss: 966Mb L: 13/44 MS: 2 EraseBytes-Custom-
#34754	REDUCE cov: 703 ft: 2051 corp: 255/1890b lim: 48 exec/s: 34754 rss: 966Mb L: 3/44 MS: 4 CrossOver-Custom-EraseBytes-Custom-
#34872	REDUCE cov: 703 ft: 2051 corp: 255/1888b lim: 48 exec/s: 34872 rss: 966Mb L: 37/44 MS: 6 InsertRepeatedBytes-Custom-EraseBytes-Custom-InsertRepeatedBytes-Custom-
#34988	NEW    cov: 703 ft: 2053 corp: 256/1918b lim: 48 exec/s: 34988 rss: 966Mb L: 30/44 MS: 2 CrossOver-Custom-
#35025	REDUCE cov: 703 ft: 2053 corp: 256/1912b lim: 48 exec/s: 35025 rss: 966Mb L: 13/44 MS: 4 ChangeByte-Custom-EraseBytes-Custom-
#35257	REDUCE cov: 703 ft: 2053 corp: 256/1911b lim: 48 exec/s: 35257 rss: 966Mb L: 7/44 MS: 4 CMP-Custom-EraseBytes-Custom- DE: "\000\000\000\000"-
#35332	REDUCE cov: 703 ft: 2053 corp: 256/1910b lim: 48 exec/s: 35332 rss: 966Mb L: 13/44 MS: 10 EraseBytes-Custom-CopyPart-Custom-ShuffleBytes-Custom-ShuffleBytes-Custom-InsertByte-Custom-
#35421	NEW    cov: 703 ft: 2067 corp: 257/1950b lim: 48 exec/s: 35421 rss: 966Mb L: 40/44 MS: 8 ChangeBinInt-Custom-CMP-Custom-ChangeBit-Custom-PersAutoDict-Custom- DE: "getSchemaType"-"\376\377"-
#35444	NEW    cov: 703 ft: 2069 corp: 258/1986b lim: 48 exec/s: 35444 rss: 966Mb L: 36/44 MS: 6 CopyPart-Custom-CopyPart-Custom-ChangeBit-Custom-
MS: 10 InsertByte-Custom-EraseBytes-Custom-CopyPart-Custom-ChangeBinInt-Custom-InsertRepeatedBytes-Custom-; base unit: 5f05257c91e93ac7fceffbb9784fc4ed78810b03
0x5b,0xe5,0xa4,0x25,0x1e,0x1e,0x1e,0x1e,0x1e,0x1e,0x1e,0x1e,0x1e,0x1e,0x1e,0x1e,0x1e,0x1e,0x1e,0x1e,0x1e,0x1e,0x1e,0x1e,0x1e,0x1e,0x1e,0x1e,0x1e,0x1e,0x1e,0x1e,0x1e,0x1e,0x1e,0x1e,0x1e,0x1e,0x1e,0x1e,0x1e,0x1e,0x1e,0xa3,
[\345\244%\036\036\036\036\036\036\036\036\036\036\036\036\036\036\036\036\036\036\036\036\036\036\036\036\036\036\036\036\036\036\036\036\036\036\036\036\036\036\036\243
artifact_prefix='/tmp/bugrun/jacksoncore_6.QlCHIB/'; Test unit written to /tmp/bugrun/jacksoncore_6.QlCHIB/crash-7989834b00e470ea62464ad3b9534470cd524a82
Base64: W+WkJR4eHh4eHh4eHh4eHh4eHh4eHh4eHh4eHh4eHh4eHh4eHh4eHh4eHqM=
Done 35459 runs in 1 second(s)
DEDUP_TOKEN: 02b5de70504e1854
[ERROR] Tests run: 2, Failures: 0, Errors: 1, Skipped: 0, Time elapsed: 7.668 s <<< FAILURE! -- in com.example.algorithm2.Algorithm2Test
[ERROR] com.example.algorithm2.Algorithm2Test.testParameterizedFuzzer(FuzzedDataProvider)[2] -- Time elapsed: 1.849 s <<< ERROR!
java.lang.ArrayIndexOutOfBoundsException: Index 539 out of bounds for length 32
	at com.fasterxml.jackson.core.json.ByteSourceJsonBootstrapper.detectEncoding(ByteSourceJsonBootstrapper.java:127)
	at com.fasterxml.jackson.core.json.ByteSourceJsonBootstrapper.constructParser(ByteSourceJsonBootstrapper.java:215)
	at com.fasterxml.jackson.core.JsonFactory._createParser(JsonFactory.java:1238)
	at com.fasterxml.jackson.core.JsonFactory.createParser(JsonFactory.java:812)
	at com.fasterxml.jackson.core.JsonFactory.createJsonParser(JsonFactory.java:967)
	at jdk.internal.reflect.GeneratedMethodAccessor81.invoke(Unknown Source)
	at java.base/jdk.internal.reflect.DelegatingMethodAccessorImpl.invoke(DelegatingMethodAccessorImpl.java:43)
	at java.base/java.lang.reflect.Method.invoke(Method.java:566)
	at com.example.algorithm2.Algorithm2Test.testParameterizedFuzzer(Algorithm2Test.java:226)

[INFO] 
[INFO] Results:
[INFO] 
[ERROR] Errors: 
[ERROR]   Algorithm2Test.testParameterizedFuzzer:226 » ArrayIndexOutOfBounds Index 539 out of bounds for length 32
[INFO] 
[ERROR] Tests run: 2, Failures: 0, Errors: 1, Skipped: 0
[INFO] 
[ERROR] 

Please refer to /tmp/bugrun/jacksoncore_6.QlCHIB/target/surefire-reports for the individual test results.
Please refer to dump files (if any exist) [date].dump, [date]-jvmRun[N].dump and [date].dumpstream.
[INFO] 
[INFO] --- jacoco:0.8.11:report (default-cli) @ AlgorithmName2 ---
[INFO] Loading execution data file /tmp/bugrun/jacksoncore_6.QlCHIB/target/jacoco.exec
[INFO] Analyzed bundle 'AlgorithmName2' with 76 classes
[INFO] ------------------------------------------------------------------------
[INFO] BUILD SUCCESS
[INFO] ------------------------------------------------------------------------
[INFO] Total time:  24.859 s
[INFO] Finished at: 2026-10-06T02:50:13+07:00
[INFO] ------------------------------------------------------------------------
