[INFO] Scanning for projects...
[INFO] 
[INFO] ---------------------< com.example:AlgorithmName2 >---------------------
[INFO] Building AlgorithmName2 1.0-SNAPSHOT
[INFO]   from pom.xml
[INFO] --------------------------------[ jar ]---------------------------------
[INFO] 
[INFO] --- jacoco:0.8.11:prepare-agent (default) @ AlgorithmName2 ---
[INFO] argLine set to -javaagent:/home/kanyaphak673380391-3/.m2/repository/org/jacoco/org.jacoco.agent/0.8.11/org.jacoco.agent-0.8.11-runtime.jar=destfile=/tmp/bugrun/codec_1.3NrQsN/target/jacoco.exec
[INFO] 
[INFO] --- resources:3.4.0:resources (default-resources) @ AlgorithmName2 ---
[INFO] Copying 1 resource from src/main/resources to target/classes
[INFO] 
[INFO] --- compiler:3.15.0:compile (default-compile) @ AlgorithmName2 ---
[INFO] Recompiling the module because of changed source code.
[INFO] Compiling 1 source file with javac [debug target 1.8] to target/classes
[WARNING] bootstrap class path not set in conjunction with -source 8
[INFO] 
[INFO] --- dependency:3.6.0:unpack-dependencies (unpack-defects4j) @ AlgorithmName2 ---
[INFO] 
[INFO] --- resources:3.4.0:testResources (default-testResources) @ AlgorithmName2 ---
[INFO] skip non existing resourceDirectory /tmp/bugrun/codec_1.3NrQsN/src/test/resources
[INFO] 
[INFO] --- compiler:3.15.0:testCompile (default-testCompile) @ AlgorithmName2 ---
[INFO] Recompiling the module because of changed dependency.
[INFO] Compiling 1 source file with javac [debug target 1.8] to target/test-classes
[WARNING] bootstrap class path not set in conjunction with -source 8
[INFO] 
[INFO] --- surefire:3.1.2:test (default-cli) @ AlgorithmName2 ---
[INFO] Using auto detected provider org.apache.maven.surefire.junitplatform.JUnitPlatformProvider
[INFO] 
[INFO] -------------------------------------------------------
[INFO]  T E S T S
[INFO] -------------------------------------------------------
[INFO] Running com.example.algorithm2.Algorithm2Test
OpenJDK 64-Bit Server VM warning: Sharing is only supported for boot loader classes because bootstrap classpath has been appended
INFO: Loaded 281 hooks from com.code_intelligence.jazzer.runtime.TraceCmpHooks
INFO: Loaded 5 hooks from com.code_intelligence.jazzer.runtime.TraceDivHooks
INFO: Loaded 2 hooks from com.code_intelligence.jazzer.runtime.TraceIndirHooks
INFO: Loaded 4 hooks from com.code_intelligence.jazzer.runtime.NativeLibHooks
INFO: Loaded 2 hooks from com.code_intelligence.jazzer.sanitizers.ClojureLangHooks
INFO: Loaded 5 hooks from com.code_intelligence.jazzer.sanitizers.Deserialization
INFO: Loaded 5 hooks from com.code_intelligence.jazzer.sanitizers.ExpressionLanguageInjection
INFO: Loaded 70 hooks from com.code_intelligence.jazzer.sanitizers.LdapInjection
INFO: Loaded 46 hooks from com.code_intelligence.jazzer.sanitizers.NamingContextLookup
INFO: Loaded 1 hooks from com.code_intelligence.jazzer.sanitizers.OsCommandInjection
INFO: Loaded 52 hooks from com.code_intelligence.jazzer.sanitizers.ReflectiveCall
INFO: Loaded 8 hooks from com.code_intelligence.jazzer.sanitizers.RegexInjection
INFO: Loaded 16 hooks from com.code_intelligence.jazzer.sanitizers.RegexRoadblocks
INFO: Loaded 18 hooks from com.code_intelligence.jazzer.sanitizers.ScriptEngineInjection
INFO: Loaded 2 hooks from com.code_intelligence.jazzer.sanitizers.ServerSideRequestForgery
INFO: Loaded 19 hooks from com.code_intelligence.jazzer.sanitizers.SqlInjection
INFO: Loaded 6 hooks from com.code_intelligence.jazzer.sanitizers.XPathInjection
INFO: Instrumented com.example.algorithm2.Algorithm2Test$Skip (took 456 ms, size +44%)
INFO: Instrumented com.example.algorithm2.Algorithm2Test (took 464 ms, size +27%)
INFO: Instrumented org.apache.commons.codec.binary.Base64 (took 271 ms, size +24%)
INFO: Instrumented org.apache.commons.codec.BinaryEncoder (took 9 ms, size +0%)
INFO: Instrumented org.apache.commons.codec.Encoder (took 1 ms, size +0%)
INFO: Instrumented org.apache.commons.codec.BinaryDecoder (took 13 ms, size +0%)
INFO: Instrumented org.apache.commons.codec.Decoder (took 1 ms, size +0%)
INFO: Instrumented org.apache.commons.codec.DecoderException (took 28 ms, size +49%)
INFO: Instrumented org.apache.commons.codec.EncoderException (took 11 ms, size +49%)
[harness] target=org.apache.commons.codec.binary.Base64 factories=1 methods=11
INFO: found LLVMFuzzerCustomMutator (0x7766b1f9ecd0). Disabling -len_control by default.
INFO: Running with entropic power schedule (0xFF, 100).
INFO: Seed: 3254636224
INFO: using inputs from: /tmp/bugrun/codec_1.3NrQsN/.cifuzz-corpus/com.example.algorithm2.Algorithm2Test/testParameterizedFuzzer
INFO: using inputs from: /tmp/jazzer-java-seeds9134585182894467292
INFO: Loaded 1 modules   (512 inline 8-bit counters): 512 [0x77678cb58670, 0x77678cb58870), 
INFO: Loaded 1 PC tables (512 PCs): 512 [0x77678c65ca90,0x77678c65ea90), 
INFO:        0 files found in /tmp/bugrun/codec_1.3NrQsN/.cifuzz-corpus/com.example.algorithm2.Algorithm2Test/testParameterizedFuzzer
INFO:        0 files found in /tmp/jazzer-java-seeds9134585182894467292
INFO: -max_len is not provided; libFuzzer will not generate inputs larger than 4096 bytes
INFO: A corpus is not provided, starting from an empty corpus
#2	INITED cov: 85 ft: 85 corp: 1/1b exec/s: 0 rss: 932Mb
#6	NEW    cov: 100 ft: 110 corp: 2/3b lim: 4 exec/s: 0 rss: 932Mb L: 2/2 MS: 8 ShuffleBytes-Custom-ShuffleBytes-Custom-CopyPart-Custom-InsertByte-Custom-
#7	NEW    cov: 101 ft: 111 corp: 3/6b lim: 4 exec/s: 0 rss: 932Mb L: 3/3 MS: 2 CrossOver-Custom-
#8	NEW    cov: 106 ft: 122 corp: 4/7b lim: 4 exec/s: 0 rss: 932Mb L: 1/3 MS: 2 ChangeByte-Custom-
#10	NEW    cov: 111 ft: 127 corp: 5/9b lim: 4 exec/s: 0 rss: 932Mb L: 2/3 MS: 4 ShuffleBytes-Custom-ChangeBit-Custom-
#12	NEW    cov: 118 ft: 141 corp: 6/12b lim: 4 exec/s: 0 rss: 932Mb L: 3/3 MS: 4 ChangeBinInt-Custom-ChangeBit-Custom-
#14	NEW    cov: 125 ft: 149 corp: 7/14b lim: 4 exec/s: 0 rss: 932Mb L: 2/3 MS: 4 ChangeByte-Custom-CrossOver-Custom-
#19	NEW    cov: 127 ft: 151 corp: 8/15b lim: 4 exec/s: 0 rss: 932Mb L: 1/3 MS: 10 ChangeBinInt-Custom-CopyPart-Custom-ShuffleBytes-Custom-EraseBytes-Custom-ChangeByte-Custom-
#21	NEW    cov: 132 ft: 158 corp: 9/17b lim: 4 exec/s: 0 rss: 932Mb L: 2/3 MS: 4 EraseBytes-Custom-CopyPart-Custom-
#22	NEW    cov: 134 ft: 160 corp: 10/18b lim: 4 exec/s: 0 rss: 932Mb L: 1/3 MS: 2 ChangeByte-Custom-
#25	NEW    cov: 134 ft: 163 corp: 11/20b lim: 4 exec/s: 0 rss: 932Mb L: 2/3 MS: 6 CopyPart-Custom-ShuffleBytes-Custom-InsertByte-Custom-
#27	NEW    cov: 134 ft: 165 corp: 12/23b lim: 4 exec/s: 0 rss: 932Mb L: 3/3 MS: 4 ShuffleBytes-Custom-ChangeBinInt-Custom-
#32	NEW    cov: 135 ft: 170 corp: 13/25b lim: 4 exec/s: 0 rss: 932Mb L: 2/3 MS: 10 ShuffleBytes-Custom-CopyPart-Custom-ChangeBinInt-Custom-ShuffleBytes-Custom-ChangeBinInt-Custom-
#33	NEW    cov: 136 ft: 171 corp: 14/28b lim: 4 exec/s: 0 rss: 932Mb L: 3/3 MS: 2 CopyPart-Custom-
#38	NEW    cov: 137 ft: 172 corp: 15/32b lim: 4 exec/s: 0 rss: 932Mb L: 4/4 MS: 10 ChangeByte-Custom-ShuffleBytes-Custom-EraseBytes-Custom-CrossOver-Custom-CrossOver-Custom-
#40	NEW    cov: 137 ft: 174 corp: 16/33b lim: 4 exec/s: 0 rss: 932Mb L: 1/4 MS: 4 CrossOver-Custom-ChangeBit-Custom-
#46	NEW    cov: 142 ft: 179 corp: 17/37b lim: 4 exec/s: 0 rss: 932Mb L: 4/4 MS: 2 InsertByte-Custom-
#47	NEW    cov: 143 ft: 180 corp: 18/40b lim: 4 exec/s: 0 rss: 932Mb L: 3/4 MS: 2 ChangeBinInt-Custom-
#48	NEW    cov: 143 ft: 183 corp: 19/44b lim: 4 exec/s: 0 rss: 932Mb L: 4/4 MS: 2 CopyPart-Custom-
#50	NEW    cov: 144 ft: 184 corp: 20/48b lim: 4 exec/s: 0 rss: 932Mb L: 4/4 MS: 4 InsertByte-Custom-InsertByte-Custom-
#51	NEW    cov: 144 ft: 188 corp: 21/52b lim: 4 exec/s: 0 rss: 932Mb L: 4/4 MS: 2 InsertByte-Custom-
#54	REDUCE cov: 144 ft: 188 corp: 21/51b lim: 4 exec/s: 0 rss: 932Mb L: 2/4 MS: 6 InsertByte-Custom-ChangeBit-Custom-EraseBytes-Custom-
#55	NEW    cov: 144 ft: 189 corp: 22/53b lim: 4 exec/s: 0 rss: 932Mb L: 2/4 MS: 2 CrossOver-Custom-
#56	NEW    cov: 144 ft: 191 corp: 23/57b lim: 4 exec/s: 0 rss: 932Mb L: 4/4 MS: 2 CopyPart-Custom-
#57	NEW    cov: 147 ft: 194 corp: 24/60b lim: 4 exec/s: 0 rss: 932Mb L: 3/4 MS: 2 CopyPart-Custom-
#70	NEW    cov: 147 ft: 195 corp: 25/64b lim: 4 exec/s: 0 rss: 932Mb L: 4/4 MS: 6 CopyPart-Custom-ChangeByte-Custom-ChangeByte-Custom-
#73	NEW    cov: 153 ft: 201 corp: 26/67b lim: 4 exec/s: 0 rss: 933Mb L: 3/4 MS: 6 ChangeBit-Custom-InsertByte-Custom-ChangeBinInt-Custom-
#76	NEW    cov: 155 ft: 203 corp: 27/71b lim: 4 exec/s: 0 rss: 933Mb L: 4/4 MS: 6 EraseBytes-Custom-CrossOver-Custom-ChangeByte-Custom-
#79	NEW    cov: 155 ft: 206 corp: 28/73b lim: 4 exec/s: 0 rss: 933Mb L: 2/4 MS: 6 CrossOver-Custom-ChangeByte-Custom-CMP-Custom- DE: "\005\000"-
#90	NEW    cov: 157 ft: 208 corp: 29/76b lim: 4 exec/s: 0 rss: 933Mb L: 3/4 MS: 2 CopyPart-Custom-
#91	NEW    cov: 158 ft: 209 corp: 30/80b lim: 4 exec/s: 0 rss: 933Mb L: 4/4 MS: 2 CMP-Custom- DE: "\001\000\000\003"-
#94	NEW    cov: 158 ft: 210 corp: 31/84b lim: 4 exec/s: 0 rss: 933Mb L: 4/4 MS: 6 PersAutoDict-Custom-ChangeBinInt-Custom-CMP-Custom- DE: "\005\000"-"\001\000\000\000"-
#96	REDUCE cov: 158 ft: 210 corp: 31/83b lim: 4 exec/s: 0 rss: 933Mb L: 3/4 MS: 4 CopyPart-Custom-EraseBytes-Custom-
#98	NEW    cov: 159 ft: 211 corp: 32/85b lim: 4 exec/s: 0 rss: 933Mb L: 2/4 MS: 4 InsertByte-Custom-ChangeBinInt-Custom-
#104	NEW    cov: 160 ft: 212 corp: 33/88b lim: 4 exec/s: 0 rss: 933Mb L: 3/4 MS: 2 ChangeBit-Custom-
#140	NEW    cov: 164 ft: 216 corp: 34/92b lim: 4 exec/s: 0 rss: 933Mb L: 4/4 MS: 2 ChangeByte-Custom-
#141	NEW    cov: 167 ft: 219 corp: 35/94b lim: 4 exec/s: 0 rss: 933Mb L: 2/4 MS: 2 InsertByte-Custom-
#147	NEW    cov: 169 ft: 222 corp: 36/98b lim: 4 exec/s: 0 rss: 933Mb L: 4/4 MS: 2 ChangeBinInt-Custom-
#160	NEW    cov: 170 ft: 223 corp: 37/102b lim: 4 exec/s: 0 rss: 933Mb L: 4/4 MS: 6 CrossOver-Custom-CopyPart-Custom-ChangeBit-Custom-
#170	NEW    cov: 171 ft: 224 corp: 38/106b lim: 4 exec/s: 0 rss: 933Mb L: 4/4 MS: 10 CrossOver-Custom-ChangeBit-Custom-PersAutoDict-Custom-ChangeBit-Custom-CrossOver-Custom- DE: "\001\000\000\000"-
#174	NEW    cov: 171 ft: 225 corp: 39/110b lim: 4 exec/s: 0 rss: 933Mb L: 4/4 MS: 8 CopyPart-Custom-ChangeByte-Custom-ShuffleBytes-Custom-ChangeBinInt-Custom-
#175	NEW    cov: 172 ft: 226 corp: 40/114b lim: 4 exec/s: 0 rss: 933Mb L: 4/4 MS: 2 CopyPart-Custom-
#226	NEW    cov: 173 ft: 227 corp: 41/118b lim: 4 exec/s: 0 rss: 934Mb L: 4/4 MS: 2 CrossOver-Custom-
#228	NEW    cov: 179 ft: 233 corp: 42/119b lim: 4 exec/s: 0 rss: 934Mb L: 1/4 MS: 4 ChangeByte-Custom-ChangeBit-Custom-
#234	NEW    cov: 181 ft: 235 corp: 43/123b lim: 4 exec/s: 0 rss: 934Mb L: 4/4 MS: 2 CopyPart-Custom-
#345	NEW    cov: 181 ft: 237 corp: 44/127b lim: 4 exec/s: 0 rss: 934Mb L: 4/4 MS: 2 CopyPart-Custom-
#365	NEW    cov: 183 ft: 239 corp: 45/129b lim: 4 exec/s: 0 rss: 935Mb L: 2/4 MS: 10 EraseBytes-Custom-CopyPart-Custom-CopyPart-Custom-EraseBytes-Custom-ChangeByte-Custom-
#440	REDUCE cov: 183 ft: 239 corp: 45/128b lim: 4 exec/s: 0 rss: 935Mb L: 3/4 MS: 10 CrossOver-Custom-CrossOver-Custom-ChangeByte-Custom-ChangeByte-Custom-CopyPart-Custom-
#449	REDUCE cov: 183 ft: 239 corp: 45/127b lim: 4 exec/s: 0 rss: 935Mb L: 3/4 MS: 8 ChangeByte-Custom-ChangeBit-Custom-ChangeBit-Custom-EraseBytes-Custom-
#488	NEW    cov: 183 ft: 240 corp: 46/130b lim: 4 exec/s: 0 rss: 936Mb L: 3/4 MS: 8 CrossOver-Custom-ShuffleBytes-Custom-ChangeByte-Custom-ChangeBinInt-Custom-
#493	NEW    cov: 184 ft: 241 corp: 47/134b lim: 4 exec/s: 0 rss: 936Mb L: 4/4 MS: 10 CrossOver-Custom-ShuffleBytes-Custom-CopyPart-Custom-ShuffleBytes-Custom-CrossOver-Custom-
#549	REDUCE cov: 184 ft: 241 corp: 47/133b lim: 4 exec/s: 0 rss: 936Mb L: 2/4 MS: 2 EraseBytes-Custom-
#649	NEW    cov: 184 ft: 242 corp: 48/136b lim: 4 exec/s: 0 rss: 937Mb L: 3/4 MS: 10 ChangeBit-Custom-ChangeBit-Custom-CopyPart-Custom-EraseBytes-Custom-InsertByte-Custom-
#699	NEW    cov: 184 ft: 243 corp: 49/140b lim: 4 exec/s: 0 rss: 937Mb L: 4/4 MS: 10 ShuffleBytes-Custom-CrossOver-Custom-CopyPart-Custom-ChangeByte-Custom-ChangeBit-Custom-
#926	NEW    cov: 184 ft: 245 corp: 50/146b lim: 6 exec/s: 0 rss: 938Mb L: 6/6 MS: 4 ChangeByte-Custom-InsertRepeatedBytes-Custom-
#971	NEW    cov: 184 ft: 247 corp: 51/152b lim: 6 exec/s: 0 rss: 939Mb L: 6/6 MS: 10 ShuffleBytes-Custom-CopyPart-Custom-CrossOver-Custom-ChangeByte-Custom-ChangeByte-Custom-
#993	NEW    cov: 184 ft: 250 corp: 52/158b lim: 6 exec/s: 0 rss: 939Mb L: 6/6 MS: 4 PersAutoDict-Custom-CrossOver-Custom- DE: "\005\000"-
#1082	REDUCE cov: 184 ft: 250 corp: 52/157b lim: 6 exec/s: 0 rss: 939Mb L: 5/6 MS: 8 PersAutoDict-Custom-ChangeBit-Custom-EraseBytes-Custom-CopyPart-Custom- DE: "\001\000\000\000"-
#1097	NEW    cov: 184 ft: 251 corp: 53/162b lim: 6 exec/s: 0 rss: 939Mb L: 5/6 MS: 10 ChangeByte-Custom-CopyPart-Custom-InsertRepeatedBytes-Custom-ChangeByte-Custom-ChangeBit-Custom-
#1113	NEW    cov: 184 ft: 252 corp: 54/168b lim: 6 exec/s: 0 rss: 940Mb L: 6/6 MS: 2 CopyPart-Custom-
#1151	NEW    cov: 184 ft: 254 corp: 55/173b lim: 6 exec/s: 0 rss: 940Mb L: 5/6 MS: 6 InsertByte-Custom-CrossOver-Custom-ChangeByte-Custom-
#1368	NEW    cov: 184 ft: 259 corp: 56/180b lim: 8 exec/s: 0 rss: 941Mb L: 7/7 MS: 4 InsertByte-Custom-ShuffleBytes-Custom-
#1386	NEW    cov: 184 ft: 260 corp: 57/187b lim: 8 exec/s: 0 rss: 941Mb L: 7/7 MS: 6 ShuffleBytes-Custom-ChangeBit-Custom-InsertByte-Custom-
#1421	NEW    cov: 184 ft: 262 corp: 58/195b lim: 8 exec/s: 0 rss: 942Mb L: 8/8 MS: 10 ShuffleBytes-Custom-ChangeByte-Custom-ChangeByte-Custom-CrossOver-Custom-InsertRepeatedBytes-Custom-
#1442	REDUCE cov: 184 ft: 262 corp: 58/194b lim: 8 exec/s: 0 rss: 942Mb L: 3/8 MS: 2 EraseBytes-Custom-
#1503	NEW    cov: 184 ft: 290 corp: 59/201b lim: 8 exec/s: 0 rss: 942Mb L: 7/8 MS: 2 ShuffleBytes-Custom-
#1555	NEW    cov: 184 ft: 291 corp: 60/209b lim: 8 exec/s: 0 rss: 942Mb L: 8/8 MS: 4 CopyPart-Custom-ChangeByte-Custom-
#1574	NEW    cov: 186 ft: 295 corp: 61/216b lim: 8 exec/s: 0 rss: 942Mb L: 7/8 MS: 8 ChangeBinInt-Custom-ChangeBit-Custom-CrossOver-Custom-InsertRepeatedBytes-Custom-
#1605	NEW    cov: 186 ft: 296 corp: 62/223b lim: 8 exec/s: 0 rss: 943Mb L: 7/8 MS: 2 ChangeByte-Custom-
#1649	REDUCE cov: 186 ft: 296 corp: 62/222b lim: 8 exec/s: 0 rss: 943Mb L: 5/8 MS: 8 ChangeByte-Custom-PersAutoDict-Custom-EraseBytes-Custom-PersAutoDict-Custom- DE: "\001\000\000\003"-"\005\000"-
#1705	NEW    cov: 186 ft: 297 corp: 63/226b lim: 8 exec/s: 0 rss: 943Mb L: 4/8 MS: 2 InsertByte-Custom-
#1768	NEW    cov: 187 ft: 299 corp: 64/231b lim: 8 exec/s: 0 rss: 944Mb L: 5/8 MS: 6 ChangeBit-Custom-InsertByte-Custom-CMP-Custom- DE: "=\000"-
#1780	REDUCE cov: 187 ft: 299 corp: 64/230b lim: 8 exec/s: 0 rss: 944Mb L: 3/8 MS: 4 CopyPart-Custom-EraseBytes-Custom-
#1941	NEW    cov: 187 ft: 307 corp: 65/238b lim: 8 exec/s: 0 rss: 944Mb L: 8/8 MS: 2 CopyPart-Custom-
#2304	NEW    cov: 187 ft: 309 corp: 66/249b lim: 11 exec/s: 0 rss: 947Mb L: 11/11 MS: 6 CrossOver-Custom-CrossOver-Custom-CopyPart-Custom-
#2307	NEW    cov: 187 ft: 313 corp: 67/260b lim: 11 exec/s: 0 rss: 947Mb L: 11/11 MS: 6 CrossOver-Custom-PersAutoDict-Custom-InsertRepeatedBytes-Custom- DE: "\001\000\000\000"-
#2317	REDUCE cov: 187 ft: 313 corp: 67/259b lim: 11 exec/s: 0 rss: 947Mb L: 5/11 MS: 10 CMP-Custom-PersAutoDict-Custom-ChangeBit-Custom-PersAutoDict-Custom-EraseBytes-Custom- DE: "\001\000\000="-"=\000"-"\001\000\000\003"-
#2324	REDUCE cov: 187 ft: 314 corp: 68/270b lim: 11 exec/s: 0 rss: 947Mb L: 11/11 MS: 4 InsertRepeatedBytes-Custom-CopyPart-Custom-
#2386	NEW    cov: 187 ft: 315 corp: 69/277b lim: 11 exec/s: 0 rss: 947Mb L: 7/11 MS: 4 ShuffleBytes-Custom-CrossOver-Custom-
#2395	NEW    cov: 187 ft: 317 corp: 70/287b lim: 11 exec/s: 0 rss: 947Mb L: 10/11 MS: 8 CopyPart-Custom-PersAutoDict-Custom-CopyPart-Custom-InsertByte-Custom- DE: "\001\000\000\003"-
#2406	REDUCE cov: 187 ft: 317 corp: 70/286b lim: 11 exec/s: 0 rss: 947Mb L: 4/11 MS: 2 EraseBytes-Custom-
#2407	REDUCE cov: 187 ft: 317 corp: 70/285b lim: 11 exec/s: 0 rss: 947Mb L: 2/11 MS: 2 EraseBytes-Custom-
#2443	NEW    cov: 187 ft: 321 corp: 71/295b lim: 11 exec/s: 0 rss: 947Mb L: 10/11 MS: 2 CopyPart-Custom-
#2467	NEW    cov: 187 ft: 323 corp: 72/306b lim: 11 exec/s: 0 rss: 948Mb L: 11/11 MS: 8 CopyPart-Custom-ChangeBit-Custom-CopyPart-Custom-ChangeBit-Custom-
#2528	NEW    cov: 187 ft: 324 corp: 73/317b lim: 11 exec/s: 0 rss: 948Mb L: 11/11 MS: 2 CopyPart-Custom-
#2635	NEW    cov: 187 ft: 325 corp: 74/327b lim: 11 exec/s: 0 rss: 949Mb L: 10/11 MS: 4 ChangeByte-Custom-EraseBytes-Custom-
#2646	NEW    cov: 187 ft: 326 corp: 75/337b lim: 11 exec/s: 0 rss: 949Mb L: 10/11 MS: 2 InsertRepeatedBytes-Custom-
#2714	NEW    cov: 187 ft: 328 corp: 76/345b lim: 11 exec/s: 0 rss: 949Mb L: 8/11 MS: 6 InsertByte-Custom-EraseBytes-Custom-InsertRepeatedBytes-Custom-
#2755	NEW    cov: 187 ft: 333 corp: 77/353b lim: 11 exec/s: 0 rss: 949Mb L: 8/11 MS: 2 ShuffleBytes-Custom-
#2782	NEW    cov: 187 ft: 337 corp: 78/364b lim: 11 exec/s: 0 rss: 949Mb L: 11/11 MS: 4 CopyPart-Custom-ChangeBinInt-Custom-
#3111	NEW    cov: 187 ft: 339 corp: 79/378b lim: 14 exec/s: 0 rss: 960Mb L: 14/14 MS: 8 CrossOver-Custom-CMP-Custom-ChangeByte-Custom-CopyPart-Custom- DE: "\377\377\377\377\377\377\377\377"-
#3157	NEW    cov: 187 ft: 343 corp: 80/390b lim: 14 exec/s: 0 rss: 960Mb L: 12/14 MS: 2 CrossOver-Custom-
#3175	NEW    cov: 187 ft: 354 corp: 81/398b lim: 14 exec/s: 0 rss: 960Mb L: 8/14 MS: 6 ChangeByte-Custom-ChangeByte-Custom-EraseBytes-Custom-
#3206	NEW    cov: 187 ft: 356 corp: 82/409b lim: 14 exec/s: 0 rss: 961Mb L: 11/14 MS: 2 InsertRepeatedBytes-Custom-
#3211	NEW    cov: 187 ft: 357 corp: 83/423b lim: 14 exec/s: 0 rss: 961Mb L: 14/14 MS: 10 ShuffleBytes-Custom-ChangeByte-Custom-CopyPart-Custom-ChangeBinInt-Custom-InsertRepeatedBytes-Custom-
#3241	NEW    cov: 189 ft: 359 corp: 84/434b lim: 14 exec/s: 0 rss: 961Mb L: 11/14 MS: 10 ChangeBit-Custom-PersAutoDict-Custom-CrossOver-Custom-EraseBytes-Custom-PersAutoDict-Custom- DE: "=\000"-"=\000"-
#3247	REDUCE cov: 189 ft: 359 corp: 84/433b lim: 14 exec/s: 0 rss: 961Mb L: 1/14 MS: 2 EraseBytes-Custom-
#3253	NEW    cov: 189 ft: 360 corp: 85/445b lim: 14 exec/s: 0 rss: 961Mb L: 12/14 MS: 2 InsertRepeatedBytes-Custom-
#3382	REDUCE cov: 189 ft: 362 corp: 86/454b lim: 14 exec/s: 0 rss: 962Mb L: 9/14 MS: 8 InsertByte-Custom-CrossOver-Custom-ChangeByte-Custom-PersAutoDict-Custom- DE: "\001\000\000="-
#3409	REDUCE cov: 189 ft: 362 corp: 86/453b lim: 14 exec/s: 0 rss: 962Mb L: 13/14 MS: 4 EraseBytes-Custom-InsertByte-Custom-
#3445	REDUCE cov: 189 ft: 362 corp: 86/449b lim: 14 exec/s: 0 rss: 962Mb L: 7/14 MS: 2 EraseBytes-Custom-
#3537	REDUCE cov: 189 ft: 362 corp: 86/447b lim: 14 exec/s: 0 rss: 962Mb L: 9/14 MS: 4 ShuffleBytes-Custom-EraseBytes-Custom-
#3595	NEW    cov: 189 ft: 367 corp: 87/457b lim: 14 exec/s: 0 rss: 963Mb L: 10/14 MS: 6 CrossOver-Custom-ChangeByte-Custom-InsertByte-Custom-
#3597	NEW    cov: 189 ft: 369 corp: 88/470b lim: 14 exec/s: 0 rss: 963Mb L: 13/14 MS: 4 ChangeBit-Custom-InsertRepeatedBytes-Custom-
#3643	NEW    cov: 189 ft: 370 corp: 89/476b lim: 14 exec/s: 0 rss: 963Mb L: 6/14 MS: 2 CopyPart-Custom-
#3795	NEW    cov: 189 ft: 371 corp: 90/483b lim: 14 exec/s: 0 rss: 964Mb L: 7/14 MS: 4 InsertByte-Custom-CopyPart-Custom-
#3877	NEW    cov: 191 ft: 373 corp: 91/496b lim: 14 exec/s: 0 rss: 964Mb L: 13/14 MS: 4 CopyPart-Custom-PersAutoDict-Custom- DE: "=\000"-
#3923	NEW    cov: 191 ft: 375 corp: 92/510b lim: 14 exec/s: 0 rss: 964Mb L: 14/14 MS: 2 CopyPart-Custom-
#4032	REDUCE cov: 191 ft: 375 corp: 92/509b lim: 14 exec/s: 0 rss: 965Mb L: 3/14 MS: 8 EraseBytes-Custom-ShuffleBytes-Custom-EraseBytes-Custom-InsertByte-Custom-
#4046	NEW    cov: 191 ft: 378 corp: 93/521b lim: 14 exec/s: 0 rss: 965Mb L: 12/14 MS: 8 CopyPart-Custom-ChangeBit-Custom-CopyPart-Custom-ShuffleBytes-Custom-
#4092	NEW    cov: 191 ft: 380 corp: 94/533b lim: 14 exec/s: 0 rss: 965Mb L: 12/14 MS: 2 ChangeBinInt-Custom-
#4167	REDUCE cov: 191 ft: 380 corp: 94/532b lim: 14 exec/s: 0 rss: 965Mb L: 10/14 MS: 10 PersAutoDict-Custom-ChangeBinInt-Custom-CrossOver-Custom-EraseBytes-Custom-EraseBytes-Custom- DE: "\001\000\000\000"-
#4309	NEW    cov: 191 ft: 381 corp: 95/546b lim: 14 exec/s: 0 rss: 966Mb L: 14/14 MS: 4 CrossOver-Custom-PersAutoDict-Custom- DE: "\377\377\377\377\377\377\377\377"-
#4593	REDUCE cov: 191 ft: 382 corp: 96/558b lim: 14 exec/s: 0 rss: 968Mb L: 12/14 MS: 8 InsertByte-Custom-ChangeBit-Custom-ChangeBinInt-Custom-PersAutoDict-Custom- DE: "=\000"-
#4637	NEW    cov: 191 ft: 383 corp: 97/572b lim: 14 exec/s: 0 rss: 969Mb L: 14/14 MS: 8 ShuffleBytes-Custom-ChangeASCIIInt-Custom-ChangeBit-Custom-CopyPart-Custom-
#4755	NEW    cov: 191 ft: 385 corp: 98/580b lim: 14 exec/s: 0 rss: 969Mb L: 8/14 MS: 6 ChangeBit-Custom-InsertRepeatedBytes-Custom-ChangeBinInt-Custom-
#4981	NEW    cov: 191 ft: 387 corp: 99/594b lim: 14 exec/s: 0 rss: 974Mb L: 14/14 MS: 2 ChangeBinInt-Custom-
#5308	REDUCE cov: 191 ft: 388 corp: 100/609b lim: 17 exec/s: 5308 rss: 1028Mb L: 15/15 MS: 4 ShuffleBytes-Custom-CrossOver-Custom-
#5379	NEW    cov: 191 ft: 389 corp: 101/621b lim: 17 exec/s: 5379 rss: 1028Mb L: 12/15 MS: 2 ChangeBit-Custom-
#5406	NEW    cov: 191 ft: 391 corp: 102/638b lim: 17 exec/s: 5406 rss: 1037Mb L: 17/17 MS: 4 ChangeByte-Custom-InsertRepeatedBytes-Custom-
#5587	NEW    cov: 191 ft: 392 corp: 103/652b lim: 17 exec/s: 5587 rss: 1037Mb L: 14/17 MS: 2 InsertRepeatedBytes-Custom-
#5651	NEW    cov: 191 ft: 399 corp: 104/669b lim: 17 exec/s: 5651 rss: 1037Mb L: 17/17 MS: 8 InsertByte-Custom-CrossOver-Custom-CopyPart-Custom-CopyPart-Custom-
#5717	REDUCE cov: 191 ft: 399 corp: 104/668b lim: 17 exec/s: 5717 rss: 1037Mb L: 6/17 MS: 2 EraseBytes-Custom-
#5733	REDUCE cov: 191 ft: 399 corp: 104/666b lim: 17 exec/s: 5733 rss: 1037Mb L: 10/17 MS: 2 EraseBytes-Custom-
#5857	REDUCE cov: 191 ft: 399 corp: 104/665b lim: 17 exec/s: 5857 rss: 1037Mb L: 9/17 MS: 8 EraseBytes-Custom-PersAutoDict-Custom-InsertByte-Custom-InsertByte-Custom- DE: "\005\000"-
#5883	REDUCE cov: 191 ft: 399 corp: 104/664b lim: 17 exec/s: 5883 rss: 1037Mb L: 14/17 MS: 2 EraseBytes-Custom-
#5896	NEW    cov: 191 ft: 401 corp: 105/681b lim: 17 exec/s: 5896 rss: 1037Mb L: 17/17 MS: 6 InsertRepeatedBytes-Custom-ChangeBit-Custom-CrossOver-Custom-
#6113	REDUCE cov: 191 ft: 401 corp: 105/680b lim: 17 exec/s: 6113 rss: 1037Mb L: 13/17 MS: 4 ChangeByte-Custom-EraseBytes-Custom-
#6204	NEW    cov: 191 ft: 404 corp: 106/697b lim: 17 exec/s: 6204 rss: 1037Mb L: 17/17 MS: 2 InsertRepeatedBytes-Custom-
MS: 10 ShuffleBytes-Custom-ChangeBit-Custom-ShuffleBytes-Custom-ChangeByte-Custom-CrossOver-Custom-; base unit: 765cd3b02bde0ced0671956e4691d010651ff6fb
0x98,0x4a,0xfa,0x41,0x46,0x50,0x4c,0x0,0x3d,0xa,0x0,0x3d,0x0,0x3d,0x0,
\230J\372AFPL\000=\012\000=\000=\000
artifact_prefix='/tmp/bugrun/codec_1.3NrQsN/'; Test unit written to /tmp/bugrun/codec_1.3NrQsN/crash-439762d9e74f13db6db3d7d70294b3f8d0b7334a
DEDUP_TOKEN: b385ffe9de09bb8eBase64: mEr6QUZQTAA9CgA9AD0A

Done 6259 runs in 1 second(s)
[ERROR] Tests run: 2, Failures: 0, Errors: 1, Skipped: 0, Time elapsed: 14.75 s <<< FAILURE! -- in com.example.algorithm2.Algorithm2Test
[ERROR] com.example.algorithm2.Algorithm2Test.testParameterizedFuzzer(FuzzedDataProvider)[2] -- Time elapsed: 2.102 s <<< ERROR!
java.lang.ArrayIndexOutOfBoundsException: Index 3 out of bounds for length 3
	at org.apache.commons.codec.binary.Base64.decodeBase64(Base64.java:439)
	at org.apache.commons.codec.binary.Base64.decode(Base64.java:252)
	at jdk.internal.reflect.GeneratedMethodAccessor55.invoke(Unknown Source)
	at java.base/jdk.internal.reflect.DelegatingMethodAccessorImpl.invoke(DelegatingMethodAccessorImpl.java:43)
	at java.base/java.lang.reflect.Method.invoke(Method.java:566)
	at com.example.algorithm2.Algorithm2Test.testParameterizedFuzzer(Algorithm2Test.java:226)

[INFO] 
[INFO] Results:
[INFO] 
[ERROR] Errors: 
[ERROR]   Algorithm2Test.testParameterizedFuzzer:226 » ArrayIndexOutOfBounds Index 3 out of bounds for length 3
[INFO] 
[ERROR] Tests run: 2, Failures: 0, Errors: 1, Skipped: 0
[INFO] 
[ERROR] 

Please refer to /tmp/bugrun/codec_1.3NrQsN/target/surefire-reports for the individual test results.
Please refer to dump files (if any exist) [date].dump, [date]-jvmRun[N].dump and [date].dumpstream.
[INFO] 
[INFO] --- jacoco:0.8.11:report (default-cli) @ AlgorithmName2 ---
[INFO] Loading execution data file /tmp/bugrun/codec_1.3NrQsN/target/jacoco.exec
[INFO] Analyzed bundle 'AlgorithmName2' with 21 classes
[INFO] ------------------------------------------------------------------------
[INFO] BUILD SUCCESS
[INFO] ------------------------------------------------------------------------
[INFO] Total time:  36.405 s
[INFO] Finished at: 2026-10-06T03:30:53+07:00
[INFO] ------------------------------------------------------------------------
