[INFO] Scanning for projects...
[INFO] 
[INFO] ---------------------< com.example:AlgorithmName2 >---------------------
[INFO] Building AlgorithmName2 1.0-SNAPSHOT
[INFO]   from pom.xml
[INFO] --------------------------------[ jar ]---------------------------------
[INFO] 
[INFO] --- jacoco:0.8.11:prepare-agent (default) @ AlgorithmName2 ---
[INFO] argLine set to -javaagent:/home/kanyaphak673380391-3/.m2/repository/org/jacoco/org.jacoco.agent/0.8.11/org.jacoco.agent-0.8.11-runtime.jar=destfile=/tmp/bugrun/jacksoncore_6.tSQq0E/target/jacoco.exec
[INFO] 
[INFO] --- resources:3.4.0:resources (default-resources) @ AlgorithmName2 ---
[INFO] Copying 1 resource from src/main/resources to target/classes
[INFO] 
[INFO] --- compiler:3.15.0:compile (default-compile) @ AlgorithmName2 ---
[INFO] Recompiling the module because of changed source code.
[INFO] Compiling 1 source file with javac [debug target 1.8] to target/classes
[WARNING] bootstrap class path not set in conjunction with -source 8
[INFO] 
[INFO] --- dependency:3.6.0:unpack-dependencies (unpack-defects4j) @ AlgorithmName2 ---
[INFO] 
[INFO] --- resources:3.4.0:testResources (default-testResources) @ AlgorithmName2 ---
[INFO] skip non existing resourceDirectory /tmp/bugrun/jacksoncore_6.tSQq0E/src/test/resources
[INFO] 
[INFO] --- compiler:3.15.0:testCompile (default-testCompile) @ AlgorithmName2 ---
[INFO] Recompiling the module because of changed dependency.
[INFO] Compiling 1 source file with javac [debug target 1.8] to target/test-classes
[WARNING] bootstrap class path not set in conjunction with -source 8
[INFO] 
[INFO] --- surefire:3.1.2:test (default-cli) @ AlgorithmName2 ---
[INFO] Using auto detected provider org.apache.maven.surefire.junitplatform.JUnitPlatformProvider
[INFO] 
[INFO] -------------------------------------------------------
[INFO]  T E S T S
[INFO] -------------------------------------------------------
[INFO] Running com.example.algorithm2.Algorithm2Test
OpenJDK 64-Bit Server VM warning: Sharing is only supported for boot loader classes because bootstrap classpath has been appended
INFO: Loaded 284 hooks from com.code_intelligence.jazzer.runtime.TraceCmpHooks
INFO: Loaded 5 hooks from com.code_intelligence.jazzer.runtime.TraceDivHooks
INFO: Loaded 2 hooks from com.code_intelligence.jazzer.runtime.TraceIndirHooks
INFO: Loaded 4 hooks from com.code_intelligence.jazzer.runtime.NativeLibHooks
INFO: Loaded 2 hooks from com.code_intelligence.jazzer.sanitizers.ClojureLangHooks
INFO: Loaded 5 hooks from com.code_intelligence.jazzer.sanitizers.Deserialization
INFO: Loaded 5 hooks from com.code_intelligence.jazzer.sanitizers.ExpressionLanguageInjection
INFO: Loaded 70 hooks from com.code_intelligence.jazzer.sanitizers.LdapInjection
INFO: Loaded 46 hooks from com.code_intelligence.jazzer.sanitizers.NamingContextLookup
INFO: Loaded 1 hooks from com.code_intelligence.jazzer.sanitizers.OsCommandInjection
INFO: Loaded 52 hooks from com.code_intelligence.jazzer.sanitizers.ReflectiveCall
INFO: Loaded 8 hooks from com.code_intelligence.jazzer.sanitizers.RegexInjection
INFO: Loaded 16 hooks from com.code_intelligence.jazzer.sanitizers.RegexRoadblocks
INFO: Loaded 18 hooks from com.code_intelligence.jazzer.sanitizers.ScriptEngineInjection
INFO: Loaded 2 hooks from com.code_intelligence.jazzer.sanitizers.ServerSideRequestForgery
INFO: Loaded 19 hooks from com.code_intelligence.jazzer.sanitizers.SqlInjection
INFO: Loaded 6 hooks from com.code_intelligence.jazzer.sanitizers.XPathInjection
INFO: Instrumented com.example.algorithm2.Algorithm2Test$Skip (took 153 ms, size +44%)
INFO: Instrumented com.example.algorithm2.Algorithm2Test (took 147 ms, size +27%)
INFO: New number of coverage counters: 1024
INFO: Instrumented com.fasterxml.jackson.core.JsonFactory (took 175 ms, size +11%)
INFO: Instrumented com.fasterxml.jackson.core.Versioned (took 1 ms, size +0%)
INFO: Instrumented com.fasterxml.jackson.core.SerializableString (took 1 ms, size +0%)
INFO: Instrumented com.fasterxml.jackson.core.JsonParser (took 55 ms, size +11%)
INFO: New number of coverage counters: 2048
INFO: Instrumented com.fasterxml.jackson.core.json.ReaderBasedJsonParser (took 133 ms, size +25%)
INFO: New number of coverage counters: 4096
INFO: Instrumented com.fasterxml.jackson.core.base.ParserBase (took 62 ms, size +17%)
INFO: Instrumented com.fasterxml.jackson.core.base.ParserMinimalBase (took 30 ms, size +16%)
INFO: Instrumented com.fasterxml.jackson.core.JsonGenerator (took 57 ms, size +14%)
INFO: Instrumented com.fasterxml.jackson.core.json.UTF8JsonGenerator (took 133 ms, size +20%)
INFO: Instrumented com.fasterxml.jackson.core.json.JsonGeneratorImpl (took 11 ms, size +17%)
INFO: Instrumented com.fasterxml.jackson.core.base.GeneratorBase (took 22 ms, size +15%)
INFO: Instrumented com.fasterxml.jackson.core.io.UTF8Writer (took 20 ms, size +26%)
INFO: New number of coverage counters: 8192
INFO: Instrumented com.fasterxml.jackson.core.json.WriterBasedJsonGenerator (took 88 ms, size +21%)
INFO: Instrumented com.fasterxml.jackson.core.JsonFactory$Feature (took 11 ms, size +29%)
INFO: Instrumented com.fasterxml.jackson.core.JsonParser$Feature (took 11 ms, size +25%)
INFO: Instrumented com.fasterxml.jackson.core.JsonGenerator$Feature (took 13 ms, size +25%)
INFO: Instrumented com.fasterxml.jackson.core.util.DefaultPrettyPrinter (took 27 ms, size +16%)
INFO: Instrumented com.fasterxml.jackson.core.PrettyPrinter (took 1 ms, size +0%)
INFO: Instrumented com.fasterxml.jackson.core.util.Instantiatable (took 0 ms, size +0%)
INFO: Instrumented com.fasterxml.jackson.core.util.DefaultPrettyPrinter$Indenter (took 0 ms, size +0%)
INFO: Instrumented com.fasterxml.jackson.core.io.SerializedString (took 24 ms, size +20%)
INFO: Instrumented com.fasterxml.jackson.core.ObjectCodec (took 4 ms, size +13%)
INFO: Instrumented com.fasterxml.jackson.core.TreeCodec (took 2 ms, size +32%)
INFO: Instrumented com.fasterxml.jackson.core.Version (took 15 ms, size +35%)
INFO: Instrumented com.fasterxml.jackson.core.io.InputDecorator (took 2 ms, size +37%)
INFO: Instrumented com.fasterxml.jackson.core.io.CharacterEscapes (took 3 ms, size +35%)
INFO: Instrumented com.fasterxml.jackson.core.io.OutputDecorator (took 6 ms, size +42%)
INFO: Instrumented com.fasterxml.jackson.core.JsonParseException (took 5 ms, size +35%)
INFO: Instrumented com.fasterxml.jackson.core.JsonProcessingException (took 15 ms, size +20%)
INFO: Instrumented com.fasterxml.jackson.core.JsonEncoding (took 8 ms, size +22%)
INFO: Instrumented com.fasterxml.jackson.core.util.BufferRecycler (took 29 ms, size +24%)
INFO: Instrumented com.fasterxml.jackson.core.FormatSchema (took 0 ms, size +0%)
INFO: Instrumented com.fasterxml.jackson.core.format.InputAccessor (took 1 ms, size +0%)
INFO: Instrumented com.fasterxml.jackson.core.format.MatchStrength (took 6 ms, size +28%)
[harness] target=com.fasterxml.jackson.core.JsonFactory factories=1 methods=52
INFO: Instrumented com.fasterxml.jackson.core.sym.CharsToNameCanonicalizer (took 46 ms, size +15%)
INFO: Instrumented com.fasterxml.jackson.core.sym.CharsToNameCanonicalizer$Bucket (took 3 ms, size +39%)
INFO: Instrumented com.fasterxml.jackson.core.sym.BytesToNameCanonicalizer (took 22 ms, size +15%)
INFO: Instrumented com.fasterxml.jackson.core.sym.Name (took 3 ms, size +36%)
INFO: Instrumented com.fasterxml.jackson.core.sym.Name1 (took 3 ms, size +43%)
INFO: Instrumented com.fasterxml.jackson.core.sym.Name2 (took 4 ms, size +46%)
INFO: Instrumented com.fasterxml.jackson.core.sym.Name3 (took 2 ms, size +43%)
INFO: Instrumented com.fasterxml.jackson.core.sym.NameN (took 4 ms, size +32%)
INFO: Instrumented com.fasterxml.jackson.core.sym.BytesToNameCanonicalizer$TableInfo (took 2 ms, size +21%)
INFO: found LLVMFuzzerCustomMutator (0x7cc32f070cd0). Disabling -len_control by default.
INFO: Running with entropic power schedule (0xFF, 100).
INFO: Seed: 2420342805
INFO: Loaded 5 modules   (8192 inline 8-bit counters): 512 [0x7cc440badba0, 0x7cc440badda0), 512 [0x7cc440badda0, 0x7cc440badfa0), 1024 [0x7cc440badfa0, 0x7cc440bae3a0), 2048 [0x7cc440bae3a0, 0x7cc440baeba0), 4096 [0x7cc440baeba0, 0x7cc440bafba0), 
INFO: Loaded 5 PC tables (8192 PCs): 512 [0x7cc4405194d0,0x7cc44051b4d0), 512 [0x7cc440a63350,0x7cc440a65350), 1024 [0x7cc440a65360,0x7cc440a69360), 2048 [0x7cc440af5790,0x7cc440afd790), 4096 [0x7cc440cd2f90,0x7cc440ce2f90), 
INFO:        0 files found in /tmp/bugrun/jacksoncore_6.tSQq0E/.cifuzz-corpus/com.example.algorithm2.Algorithm2Test/testParameterizedFuzzer
INFO:        0 files found in /tmp/jazzer-java-seeds6313152481211699322
INFO: -max_len is not provided; libFuzzer will not generate inputs larger than 4096 bytes
INFO: A corpus is not provided, starting from an empty corpus
#2	INITED cov: 90 ft: 90 corp: 1/1b exec/s: 0 rss: 1035Mb
#9	NEW    cov: 100 ft: 103 corp: 2/3b lim: 4 exec/s: 0 rss: 1035Mb L: 2/2 MS: 4 InsertByte-Custom-ChangeByte-Custom-
#16	NEW    cov: 101 ft: 108 corp: 3/5b lim: 4 exec/s: 0 rss: 1035Mb L: 2/2 MS: 4 CrossOver-Custom-EraseBytes-Custom-
#17	NEW    cov: 103 ft: 110 corp: 4/7b lim: 4 exec/s: 0 rss: 1035Mb L: 2/2 MS: 2 ChangeBinInt-Custom-
#18	NEW    cov: 103 ft: 111 corp: 5/11b lim: 4 exec/s: 0 rss: 1035Mb L: 4/4 MS: 2 CopyPart-Custom-
INFO: using inputs from: /tmp/bugrun/jacksoncore_6.tSQq0E/.cifuzz-corpus/com.example.algorithm2.Algorithm2Test/testParameterizedFuzzer
INFO: using inputs from: /tmp/jazzer-java-seeds6313152481211699322
INFO: Instrumented com.fasterxml.jackson.core.io.IOContext (took 7 ms, size +18%)
INFO: Instrumented com.fasterxml.jackson.core.json.ByteSourceJsonBootstrapper (took 12 ms, size +21%)
INFO: Instrumented com.fasterxml.jackson.core.json.UTF8StreamJsonParser (took 61 ms, size +24%)
INFO: Instrumented com.fasterxml.jackson.core.io.MergedStream (took 5 ms, size +27%)
INFO: Instrumented com.fasterxml.jackson.core.io.UTF32Reader (took 6 ms, size +22%)
INFO: Instrumented com.fasterxml.jackson.core.JsonStreamContext (took 3 ms, size +39%)
INFO: Instrumented com.fasterxml.jackson.core.json.JsonReadContext (took 10 ms, size +16%)
#19	NEW    cov: 267 ft: 277 corp: 6/12b lim: 4 exec/s: 0 rss: 1040Mb L: 1/4 MS: 2 ChangeBit-Custom-
#20	NEW    cov: 270 ft: 281 corp: 7/16b lim: 4 exec/s: 0 rss: 1040Mb L: 4/4 MS: 2 CrossOver-Custom-
#23	NEW    cov: 280 ft: 296 corp: 8/19b lim: 4 exec/s: 0 rss: 1040Mb L: 3/4 MS: 6 CrossOver-Custom-ShuffleBytes-Custom-CopyPart-Custom-
#24	REDUCE cov: 280 ft: 296 corp: 8/18b lim: 4 exec/s: 0 rss: 1040Mb L: 1/4 MS: 2 EraseBytes-Custom-
#25	NEW    cov: 285 ft: 301 corp: 9/22b lim: 4 exec/s: 0 rss: 1040Mb L: 4/4 MS: 2 ChangeASCIIInt-Custom-
#26	NEW    cov: 286 ft: 302 corp: 10/26b lim: 4 exec/s: 0 rss: 1040Mb L: 4/4 MS: 2 CopyPart-Custom-
#28	REDUCE cov: 286 ft: 307 corp: 11/27b lim: 4 exec/s: 0 rss: 1040Mb L: 1/4 MS: 4 ShuffleBytes-Custom-ChangeASCIIInt-Custom-
#31	NEW    cov: 286 ft: 308 corp: 12/29b lim: 4 exec/s: 0 rss: 1040Mb L: 2/4 MS: 6 ShuffleBytes-Custom-ShuffleBytes-Custom-EraseBytes-Custom-
#32	NEW    cov: 286 ft: 309 corp: 13/33b lim: 4 exec/s: 0 rss: 1040Mb L: 4/4 MS: 2 ChangeByte-Custom-
#37	NEW    cov: 290 ft: 313 corp: 14/37b lim: 4 exec/s: 0 rss: 1040Mb L: 4/4 MS: 10 CrossOver-Custom-ChangeBit-Custom-EraseBytes-Custom-CopyPart-Custom-InsertByte-Custom-
#38	REDUCE cov: 290 ft: 313 corp: 14/36b lim: 4 exec/s: 0 rss: 1040Mb L: 3/4 MS: 2 EraseBytes-Custom-
#39	NEW    cov: 291 ft: 314 corp: 15/40b lim: 4 exec/s: 0 rss: 1040Mb L: 4/4 MS: 2 ChangeBit-Custom-
#46	NEW    cov: 294 ft: 317 corp: 16/42b lim: 4 exec/s: 0 rss: 1040Mb L: 2/4 MS: 4 CrossOver-Custom-ChangeBinInt-Custom-
#48	NEW    cov: 370 ft: 397 corp: 17/44b lim: 4 exec/s: 0 rss: 1043Mb L: 2/4 MS: 4 CrossOver-Custom-InsertByte-Custom-
#49	NEW    cov: 372 ft: 399 corp: 18/48b lim: 4 exec/s: 0 rss: 1043Mb L: 4/4 MS: 2 ChangeBinInt-Custom-
INFO: Instrumented com.fasterxml.jackson.core.io.CharTypes (took 9 ms, size +23%)
INFO: #50	NEW    cov: 391 ft: 418 corp: 19/49b lim: 4 exec/s: 0 rss: 1044Mb L: 1/4 MS: 2 ChangeByte-Custom-
Instrumented com.fasterxml.jackson.core.util.TextBuffer (took 13 ms, size +21%)
INFO: Instrumented com.fasterxml.jackson.core.JsonGenerationException (took 3 ms, size +32%)
INFO: Instrumented com.fasterxml.jackson.core.json.JsonWriteContext (took 7 ms, size +20%)
#52	NEW    cov: 425 ft: 462 corp: 20/53b lim: 4 exec/s: 0 rss: 1044Mb L: 4/4 MS: 4 ChangeByte-Custom-InsertByte-Custom-
#58	NEW    cov: 461 ft: 504 corp: 21/56b lim: 4 exec/s: 0 rss: 1044Mb L: 3/4 MS: 2 ChangeByte-Custom-
#59	NEW    cov: 462 ft: 505 corp: 22/60b lim: 4 exec/s: 0 rss: 1044Mb L: 4/4 MS: 2 ChangeByte-Custom-
#62	NEW    cov: 463 ft: 506 corp: 23/63b lim: 4 exec/s: 0 rss: 1044Mb L: 3/4 MS: 6 InsertByte-Custom-ChangeBit-Custom-ChangeASCIIInt-Custom-
#69	NEW    cov: 482 ft: 527 corp: 24/64b lim: 4 exec/s: 0 rss: 1045Mb L: 1/4 MS: 4 CopyPart-Custom-ChangeByte-Custom-
#70	NEW    cov: 483 ft: 534 corp: 25/66b lim: 4 exec/s: 0 rss: 1045Mb L: 2/4 MS: 2 ChangeByte-Custom-
#71	NEW    cov: 484 ft: 536 corp: 26/70b lim: 4 exec/s: 0 rss: 1045Mb L: 4/4 MS: 2 ChangeBinInt-Custom-
#74	NEW    cov: 512 ft: 597 corp: 27/74b lim: 4 exec/s: 0 rss: 1045Mb L: 4/4 MS: 6 ChangeBit-Custom-CopyPart-Custom-ChangeBinInt-Custom-
#75	REDUCE cov: 512 ft: 597 corp: 27/73b lim: 4 exec/s: 0 rss: 1046Mb L: 2/4 MS: 2 EraseBytes-Custom-
#86	NEW    cov: 522 ft: 627 corp: 28/74b lim: 4 exec/s: 0 rss: 1054Mb L: 1/4 MS: 2 ChangeByte-Custom-
#87	NEW    cov: 523 ft: 628 corp: 29/78b lim: 4 exec/s: 0 rss: 1054Mb L: 4/4 MS: 2 ChangeBit-Custom-
#95	REDUCE cov: 524 ft: 629 corp: 30/79b lim: 4 exec/s: 0 rss: 1054Mb L: 1/4 MS: 6 ChangeByte-Custom-ShuffleBytes-Custom-CrossOver-Custom-
#98	NEW    cov: 525 ft: 630 corp: 31/81b lim: 4 exec/s: 0 rss: 1054Mb L: 2/4 MS: 6 EraseBytes-Custom-CrossOver-Custom-InsertByte-Custom-
#101	NEW    cov: 526 ft: 631 corp: 32/85b lim: 4 exec/s: 0 rss: 1054Mb L: 4/4 MS: 6 CrossOver-Custom-ShuffleBytes-Custom-ChangeBit-Custom-
#105	NEW    cov: 526 ft: 632 corp: 33/89b lim: 4 exec/s: 0 rss: 1054Mb L: 4/4 MS: 8 InsertByte-Custom-ShuffleBytes-Custom-ChangeBit-Custom-ChangeByte-Custom-
#111	NEW    cov: 528 ft: 636 corp: 34/90b lim: 4 exec/s: 0 rss: 1054Mb L: 1/4 MS: 2 ChangeBit-Custom-
#112	NEW    cov: 530 ft: 638 corp: 35/92b lim: 4 exec/s: 0 rss: 1054Mb L: 2/4 MS: 2 EraseBytes-Custom-
#122	REDUCE cov: 565 ft: 673 corp: 36/93b lim: 4 exec/s: 0 rss: 1054Mb L: 1/4 MS: 10 ChangeByte-Custom-CrossOver-Custom-ShuffleBytes-Custom-ShuffleBytes-Custom-ChangeBit-Custom-
#123	REDUCE cov: 565 ft: 675 corp: 37/97b lim: 4 exec/s: 0 rss: 1054Mb L: 4/4 MS: 2 InsertByte-Custom-
#125	NEW    cov: 576 ft: 686 corp: 38/101b lim: 4 exec/s: 0 rss: 1054Mb L: 4/4 MS: 4 ChangeBinInt-Custom-ChangeBinInt-Custom-
#144	NEW    cov: 576 ft: 687 corp: 39/105b lim: 4 exec/s: 0 rss: 1054Mb L: 4/4 MS: 8 ShuffleBytes-Custom-CrossOver-Custom-ChangeByte-Custom-CopyPart-Custom-
#159	NEW    cov: 581 ft: 692 corp: 40/108b lim: 4 exec/s: 0 rss: 1054Mb L: 3/4 MS: 10 ChangeByte-Custom-ShuffleBytes-Custom-CrossOver-Custom-ChangeASCIIInt-Custom-CrossOver-Custom-
INFO: Instrumented com.fasterxml.jackson.core.json.PackageVersion (took 3 ms, size +35%)
WARN: Some hooks could not be applied to class files built for Java 7 or lower.
                       Ensure that the fuzz target and its dependencies are compiled with
                       -target 8 or higher to identify as many bugs as possible.
INFO: Instrumented com.fasterxml.jackson.core.util.VersionUtil (took 8 ms, size +19%)
#172	NEW    cov: 583 ft: 694 corp: 41/112b lim: 4 exec/s: 0 rss: 1054Mb L: 4/4 MS: 6 CopyPart-Custom-CopyPart-Custom-ChangeByte-Custom-
#175	NEW    cov: 583 ft: 696 corp: 42/115b lim: 4 exec/s: 0 rss: 1054Mb L: 3/4 MS: 6 ChangeBit-Custom-ShuffleBytes-Custom-CopyPart-Custom-
#180	NEW    cov: 597 ft: 712 corp: 43/118b lim: 4 exec/s: 0 rss: 1054Mb L: 3/4 MS: 10 ShuffleBytes-Custom-CopyPart-Custom-ShuffleBytes-Custom-InsertByte-Custom-ShuffleBytes-Custom-
#188	NEW    cov: 611 ft: 728 corp: 44/121b lim: 4 exec/s: 0 rss: 1054Mb L: 3/4 MS: 6 ChangeBit-Custom-CrossOver-Custom-ChangeBit-Custom-
#194	NEW    cov: 612 ft: 729 corp: 45/125b lim: 4 exec/s: 0 rss: 1054Mb L: 4/4 MS: 2 ChangeBit-Custom-
#199	NEW    cov: 615 ft: 732 corp: 46/126b lim: 4 exec/s: 0 rss: 1054Mb L: 1/4 MS: 10 ChangeByte-Custom-InsertByte-Custom-CrossOver-Custom-ShuffleBytes-Custom-ChangeBinInt-Custom-
#206	NEW    cov: 616 ft: 733 corp: 47/130b lim: 4 exec/s: 0 rss: 1054Mb L: 4/4 MS: 4 ChangeBit-Custom-CopyPart-Custom-
#210	NEW    cov: 618 ft: 735 corp: 48/132b lim: 4 exec/s: 0 rss: 1054Mb L: 2/4 MS: 8 CopyPart-Custom-ShuffleBytes-Custom-ChangeByte-Custom-CMP-Custom- DE: "\000\033"-
#212	NEW    cov: 623 ft: 799 corp: 49/136b lim: 4 exec/s: 0 rss: 1054Mb L: 4/4 MS: 4 ChangeBinInt-Custom-ChangeBit-Custom-
#216	NEW    cov: 625 ft: 801 corp: 50/140b lim: 4 exec/s: 0 rss: 1054Mb L: 4/4 MS: 8 ChangeBit-Custom-CopyPart-Custom-ChangeBinInt-Custom-ChangeByte-Custom-
#223	NEW    cov: 626 ft: 802 corp: 51/144b lim: 4 exec/s: 0 rss: 1054Mb L: 4/4 MS: 4 ChangeByte-Custom-InsertByte-Custom-
#225	REDUCE cov: 626 ft: 802 corp: 51/141b lim: 4 exec/s: 0 rss: 1054Mb L: 1/4 MS: 4 ChangeByte-Custom-CrossOver-Custom-
#226	REDUCE cov: 626 ft: 802 corp: 51/140b lim: 4 exec/s: 0 rss: 1054Mb L: 3/4 MS: 2 EraseBytes-Custom-
#232	NEW    cov: 626 ft: 803 corp: 52/144b lim: 4 exec/s: 0 rss: 1054Mb L: 4/4 MS: 2 CopyPart-Custom-
#234	NEW    cov: 626 ft: 804 corp: 53/148b lim: 4 exec/s: 0 rss: 1054Mb L: 4/4 MS: 4 ShuffleBytes-Custom-CopyPart-Custom-
#239	NEW    cov: 633 ft: 813 corp: 54/150b lim: 4 exec/s: 0 rss: 1054Mb L: 2/4 MS: 10 ChangeByte-Custom-ChangeBinInt-Custom-ShuffleBytes-Custom-EraseBytes-Custom-ChangeBinInt-Custom-
#243	NEW    cov: 633 ft: 843 corp: 55/153b lim: 4 exec/s: 0 rss: 1054Mb L: 3/4 MS: 8 EraseBytes-Custom-CrossOver-Custom-EraseBytes-Custom-CopyPart-Custom-
#253	NEW    cov: 633 ft: 847 corp: 56/157b lim: 4 exec/s: 0 rss: 1054Mb L: 4/4 MS: 10 CrossOver-Custom-ChangeByte-Custom-ChangeBit-Custom-ChangeByte-Custom-ChangeBit-Custom-
#255	NEW    cov: 633 ft: 857 corp: 57/159b lim: 4 exec/s: 0 rss: 1054Mb L: 2/4 MS: 4 ChangeByte-Custom-InsertByte-Custom-
#266	NEW    cov: 638 ft: 862 corp: 58/163b lim: 4 exec/s: 0 rss: 1054Mb L: 4/4 MS: 2 ChangeByte-Custom-
#291	NEW    cov: 638 ft: 864 corp: 59/167b lim: 4 exec/s: 0 rss: 1054Mb L: 4/4 MS: 10 CrossOver-Custom-ShuffleBytes-Custom-ShuffleBytes-Custom-ShuffleBytes-Custom-ChangeByte-Custom-
#296	NEW    cov: 647 ft: 873 corp: 60/171b lim: 4 exec/s: 0 rss: 1054Mb L: 4/4 MS: 10 EraseBytes-Custom-ShuffleBytes-Custom-ShuffleBytes-Custom-InsertByte-Custom-ChangeByte-Custom-
#299	NEW    cov: 648 ft: 874 corp: 61/172b lim: 4 exec/s: 0 rss: 1054Mb L: 1/4 MS: 6 CrossOver-Custom-ChangeBit-Custom-CrossOver-Custom-
#330	NEW    cov: 648 ft: 884 corp: 62/175b lim: 4 exec/s: 0 rss: 1054Mb L: 3/4 MS: 2 InsertByte-Custom-
#341	NEW    cov: 648 ft: 888 corp: 63/179b lim: 4 exec/s: 0 rss: 1054Mb L: 4/4 MS: 2 CopyPart-Custom-
#354	REDUCE cov: 648 ft: 888 corp: 63/177b lim: 4 exec/s: 0 rss: 1055Mb L: 2/4 MS: 6 CopyPart-Custom-ChangeByte-Custom-CrossOver-Custom-
#359	NEW    cov: 648 ft: 909 corp: 64/179b lim: 4 exec/s: 0 rss: 1055Mb L: 2/4 MS: 10 CopyPart-Custom-CrossOver-Custom-EraseBytes-Custom-CrossOver-Custom-CrossOver-Custom-
#360	REDUCE cov: 648 ft: 909 corp: 64/177b lim: 4 exec/s: 0 rss: 1055Mb L: 2/4 MS: 2 EraseBytes-Custom-
#388	REDUCE cov: 648 ft: 910 corp: 65/181b lim: 4 exec/s: 0 rss: 1055Mb L: 4/4 MS: 6 ChangeBinInt-Custom-ChangeByte-Custom-CopyPart-Custom-
#412	NEW    cov: 653 ft: 915 corp: 66/185b lim: 4 exec/s: 0 rss: 1055Mb L: 4/4 MS: 8 CopyPart-Custom-InsertByte-Custom-CrossOver-Custom-CrossOver-Custom-
#441	REDUCE cov: 653 ft: 915 corp: 66/184b lim: 4 exec/s: 0 rss: 1055Mb L: 3/4 MS: 8 ChangeBit-Custom-ChangeByte-Custom-ChangeBit-Custom-EraseBytes-Custom-
#446	NEW    cov: 653 ft: 916 corp: 67/188b lim: 4 exec/s: 0 rss: 1055Mb L: 4/4 MS: 10 ChangeByte-Custom-CopyPart-Custom-ShuffleBytes-Custom-EraseBytes-Custom-CopyPart-Custom-
#451	NEW    cov: 655 ft: 918 corp: 68/192b lim: 4 exec/s: 0 rss: 1055Mb L: 4/4 MS: 10 CrossOver-Custom-PersAutoDict-Custom-InsertByte-Custom-CopyPart-Custom-ChangeByte-Custom- DE: "\000\033"-
#453	REDUCE cov: 655 ft: 918 corp: 68/190b lim: 4 exec/s: 0 rss: 1055Mb L: 2/4 MS: 4 ShuffleBytes-Custom-EraseBytes-Custom-
#457	NEW    cov: 655 ft: 919 corp: 69/192b lim: 4 exec/s: 0 rss: 1055Mb L: 2/4 MS: 8 ChangeByte-Custom-ChangeByte-Custom-CrossOver-Custom-ChangeByte-Custom-
#468	NEW    cov: 655 ft: 930 corp: 70/195b lim: 4 exec/s: 0 rss: 1055Mb L: 3/4 MS: 2 InsertByte-Custom-
#472	NEW    cov: 659 ft: 934 corp: 71/199b lim: 4 exec/s: 0 rss: 1055Mb L: 4/4 MS: 8 ShuffleBytes-Custom-CopyPart-Custom-ChangeBit-Custom-CrossOver-Custom-
#501	REDUCE cov: 659 ft: 942 corp: 72/202b lim: 4 exec/s: 0 rss: 1055Mb L: 3/4 MS: 8 EraseBytes-Custom-CrossOver-Custom-ShuffleBytes-Custom-CrossOver-Custom-
#549	REDUCE cov: 659 ft: 942 corp: 72/201b lim: 4 exec/s: 0 rss: 1055Mb L: 1/4 MS: 6 ChangeByte-Custom-EraseBytes-Custom-ChangeBit-Custom-
#564	NEW    cov: 659 ft: 951 corp: 73/204b lim: 4 exec/s: 0 rss: 1055Mb L: 3/4 MS: 10 CopyPart-Custom-InsertByte-Custom-CrossOver-Custom-ChangeBinInt-Custom-CopyPart-Custom-
#565	NEW    cov: 659 ft: 953 corp: 74/207b lim: 4 exec/s: 0 rss: 1055Mb L: 3/4 MS: 2 ChangeBit-Custom-
#583	NEW    cov: 661 ft: 955 corp: 75/209b lim: 4 exec/s: 0 rss: 1055Mb L: 2/4 MS: 6 CopyPart-Custom-ChangeBit-Custom-ChangeBit-Custom-
#592	REDUCE cov: 661 ft: 955 corp: 75/207b lim: 4 exec/s: 0 rss: 1055Mb L: 2/4 MS: 8 CopyPart-Custom-ShuffleBytes-Custom-ShuffleBytes-Custom-EraseBytes-Custom-
#609	NEW    cov: 661 ft: 957 corp: 76/211b lim: 4 exec/s: 0 rss: 1055Mb L: 4/4 MS: 4 ChangeBinInt-Custom-ChangeBit-Custom-
#627	NEW    cov: 661 ft: 958 corp: 77/215b lim: 4 exec/s: 0 rss: 1055Mb L: 4/4 MS: 6 CrossOver-Custom-InsertByte-Custom-InsertByte-Custom-
#715	REDUCE cov: 661 ft: 958 corp: 77/213b lim: 4 exec/s: 0 rss: 1055Mb L: 2/4 MS: 6 ChangeBit-Custom-CopyPart-Custom-EraseBytes-Custom-
#734	NEW    cov: 661 ft: 959 corp: 78/217b lim: 4 exec/s: 0 rss: 1055Mb L: 4/4 MS: 8 CrossOver-Custom-ChangeBinInt-Custom-ShuffleBytes-Custom-PersAutoDict-Custom- DE: "\000\033"-
#777	REDUCE cov: 661 ft: 959 corp: 78/216b lim: 4 exec/s: 0 rss: 1055Mb L: 2/4 MS: 6 InsertByte-Custom-ShuffleBytes-Custom-EraseBytes-Custom-
#804	NEW    cov: 661 ft: 961 corp: 79/220b lim: 4 exec/s: 0 rss: 1055Mb L: 4/4 MS: 4 CrossOver-Custom-CrossOver-Custom-
#811	REDUCE cov: 661 ft: 961 corp: 79/219b lim: 4 exec/s: 0 rss: 1055Mb L: 3/4 MS: 4 ChangeByte-Custom-EraseBytes-Custom-
#882	REDUCE cov: 661 ft: 961 corp: 79/218b lim: 4 exec/s: 0 rss: 1055Mb L: 1/4 MS: 2 EraseBytes-Custom-
#887	NEW    cov: 661 ft: 965 corp: 80/222b lim: 4 exec/s: 0 rss: 1055Mb L: 4/4 MS: 10 ShuffleBytes-Custom-EraseBytes-Custom-EraseBytes-Custom-PersAutoDict-Custom-InsertByte-Custom- DE: "\000\033"-
#913	REDUCE cov: 661 ft: 965 corp: 80/221b lim: 4 exec/s: 0 rss: 1055Mb L: 1/4 MS: 2 EraseBytes-Custom-
#993	NEW    cov: 661 ft: 971 corp: 81/225b lim: 4 exec/s: 0 rss: 1055Mb L: 4/4 MS: 10 ShuffleBytes-Custom-ChangeByte-Custom-ShuffleBytes-Custom-CopyPart-Custom-ChangeBit-Custom-
#996	NEW    cov: 662 ft: 972 corp: 82/229b lim: 4 exec/s: 0 rss: 1055Mb L: 4/4 MS: 6 EraseBytes-Custom-ChangeBit-Custom-InsertByte-Custom-
#1000	REDUCE cov: 662 ft: 972 corp: 82/228b lim: 4 exec/s: 0 rss: 1055Mb L: 3/4 MS: 8 CrossOver-Custom-CopyPart-Custom-ShuffleBytes-Custom-EraseBytes-Custom-
#1007	NEW    cov: 664 ft: 974 corp: 83/232b lim: 4 exec/s: 0 rss: 1055Mb L: 4/4 MS: 4 CrossOver-Custom-ShuffleBytes-Custom-
#1018	NEW    cov: 664 ft: 978 corp: 84/234b lim: 4 exec/s: 0 rss: 1055Mb L: 2/4 MS: 2 CrossOver-Custom-
#1055	REDUCE cov: 664 ft: 995 corp: 85/238b lim: 4 exec/s: 0 rss: 1055Mb L: 4/4 MS: 4 ChangeBit-Custom-CopyPart-Custom-
#1072	REDUCE cov: 664 ft: 995 corp: 85/237b lim: 4 exec/s: 0 rss: 1055Mb L: 2/4 MS: 4 CMP-Custom-EraseBytes-Custom- DE: "\377\002"-
#1100	NEW    cov: 664 ft: 997 corp: 86/240b lim: 4 exec/s: 0 rss: 1055Mb L: 3/4 MS: 6 ChangeBit-Custom-CrossOver-Custom-CopyPart-Custom-
#1115	NEW    cov: 664 ft: 998 corp: 87/244b lim: 4 exec/s: 0 rss: 1055Mb L: 4/4 MS: 10 ChangeBit-Custom-ChangeBit-Custom-ChangeByte-Custom-ChangeBit-Custom-CopyPart-Custom-
#1117	REDUCE cov: 664 ft: 998 corp: 87/243b lim: 4 exec/s: 0 rss: 1055Mb L: 3/4 MS: 4 CrossOver-Custom-EraseBytes-Custom-
#1121	REDUCE cov: 664 ft: 1002 corp: 88/247b lim: 4 exec/s: 0 rss: 1055Mb L: 4/4 MS: 8 EraseBytes-Custom-ChangeByte-Custom-CopyPart-Custom-PersAutoDict-Custom- DE: "\377\002"-
#1198	REDUCE cov: 664 ft: 1002 corp: 88/246b lim: 4 exec/s: 0 rss: 1055Mb L: 3/4 MS: 4 CrossOver-Custom-EraseBytes-Custom-
#1204	REDUCE cov: 664 ft: 1002 corp: 88/245b lim: 4 exec/s: 0 rss: 1055Mb L: 3/4 MS: 2 EraseBytes-Custom-
#1205	NEW    cov: 664 ft: 1003 corp: 89/249b lim: 4 exec/s: 0 rss: 1055Mb L: 4/4 MS: 2 CopyPart-Custom-
#1285	REDUCE cov: 664 ft: 1003 corp: 89/248b lim: 4 exec/s: 0 rss: 1055Mb L: 3/4 MS: 10 ShuffleBytes-Custom-ChangeByte-Custom-ChangeBit-Custom-ChangeBinInt-Custom-EraseBytes-Custom-
#1304	REDUCE cov: 664 ft: 1004 corp: 90/252b lim: 4 exec/s: 0 rss: 1055Mb L: 4/4 MS: 8 CopyPart-Custom-CrossOver-Custom-CopyPart-Custom-CrossOver-Custom-
#1326	NEW    cov: 665 ft: 1005 corp: 91/253b lim: 4 exec/s: 0 rss: 1055Mb L: 1/4 MS: 4 ChangeByte-Custom-ChangeByte-Custom-
#1453	NEW    cov: 665 ft: 1042 corp: 92/257b lim: 4 exec/s: 0 rss: 1055Mb L: 4/4 MS: 4 PersAutoDict-Custom-ChangeByte-Custom- DE: "\000\033"-
#1521	REDUCE cov: 665 ft: 1042 corp: 92/256b lim: 4 exec/s: 0 rss: 1055Mb L: 3/4 MS: 6 ChangeByte-Custom-EraseBytes-Custom-ChangeByte-Custom-
#1522	REDUCE cov: 665 ft: 1042 corp: 92/255b lim: 4 exec/s: 0 rss: 1055Mb L: 3/4 MS: 2 EraseBytes-Custom-
#1538	NEW    cov: 665 ft: 1061 corp: 93/259b lim: 4 exec/s: 0 rss: 1055Mb L: 4/4 MS: 2 CopyPart-Custom-
#1584	REDUCE cov: 665 ft: 1061 corp: 93/258b lim: 4 exec/s: 0 rss: 1055Mb L: 1/4 MS: 2 EraseBytes-Custom-
#1595	NEW    cov: 665 ft: 1062 corp: 94/262b lim: 4 exec/s: 0 rss: 1055Mb L: 4/4 MS: 2 ChangeBit-Custom-
#1631	REDUCE cov: 665 ft: 1062 corp: 94/261b lim: 4 exec/s: 0 rss: 1055Mb L: 3/4 MS: 2 EraseBytes-Custom-
INFO: Instrumented com.fasterxml.jackson.core.sym.BytesToNameCanonicalizer$Bucket (took 4 ms, size +36%)
#1684	REDUCE cov: 665 ft: 1062 corp: 94/260b lim: 4 exec/s: 0 rss: 1055Mb L: 1/4 MS: 6 ChangeBit-Custom-ChangeBit-Custom-EraseBytes-Custom-
#1685	REDUCE cov: 665 ft: 1062 corp: 94/259b lim: 4 exec/s: 0 rss: 1055Mb L: 3/4 MS: 2 EraseBytes-Custom-
#1694	NEW    cov: 665 ft: 1063 corp: 95/262b lim: 4 exec/s: 0 rss: 1055Mb L: 3/4 MS: 8 CrossOver-Custom-CrossOver-Custom-ShuffleBytes-Custom-EraseBytes-Custom-
#1705	NEW    cov: 665 ft: 1073 corp: 96/265b lim: 4 exec/s: 0 rss: 1055Mb L: 3/4 MS: 2 EraseBytes-Custom-
#1756	REDUCE cov: 665 ft: 1073 corp: 96/264b lim: 4 exec/s: 0 rss: 1055Mb L: 1/4 MS: 2 EraseBytes-Custom-
#1763	REDUCE cov: 665 ft: 1073 corp: 96/263b lim: 4 exec/s: 0 rss: 1055Mb L: 3/4 MS: 4 CopyPart-Custom-EraseBytes-Custom-
#1797	REDUCE cov: 665 ft: 1073 corp: 96/262b lim: 4 exec/s: 0 rss: 1055Mb L: 3/4 MS: 8 ChangeByte-Custom-EraseBytes-Custom-EraseBytes-Custom-CrossOver-Custom-
#1854	REDUCE cov: 665 ft: 1073 corp: 96/261b lim: 4 exec/s: 0 rss: 1055Mb L: 2/4 MS: 4 CrossOver-Custom-EraseBytes-Custom-
#1915	REDUCE cov: 665 ft: 1073 corp: 96/260b lim: 4 exec/s: 0 rss: 1055Mb L: 2/4 MS: 2 EraseBytes-Custom-
#1924	NEW    cov: 665 ft: 1147 corp: 97/264b lim: 4 exec/s: 0 rss: 1055Mb L: 4/4 MS: 8 ChangeBit-Custom-ChangeBinInt-Custom-CrossOver-Custom-CrossOver-Custom-
#1990	REDUCE cov: 665 ft: 1147 corp: 97/263b lim: 4 exec/s: 0 rss: 1055Mb L: 1/4 MS: 2 EraseBytes-Custom-
#1994	REDUCE cov: 665 ft: 1147 corp: 97/262b lim: 4 exec/s: 0 rss: 1055Mb L: 1/4 MS: 8 ChangeBit-Custom-EraseBytes-Custom-CrossOver-Custom-ChangeByte-Custom-
#2015	REDUCE cov: 665 ft: 1147 corp: 97/260b lim: 4 exec/s: 0 rss: 1055Mb L: 2/4 MS: 2 EraseBytes-Custom-
#2025	NEW    cov: 665 ft: 1150 corp: 98/263b lim: 4 exec/s: 0 rss: 1055Mb L: 3/4 MS: 10 ShuffleBytes-Custom-ChangeByte-Custom-CopyPart-Custom-CrossOver-Custom-ChangeBit-Custom-
#2067	REDUCE cov: 665 ft: 1150 corp: 98/262b lim: 4 exec/s: 0 rss: 1055Mb L: 3/4 MS: 4 CopyPart-Custom-EraseBytes-Custom-
#2074	REDUCE cov: 665 ft: 1150 corp: 98/261b lim: 4 exec/s: 0 rss: 1055Mb L: 1/4 MS: 4 CopyPart-Custom-EraseBytes-Custom-
#2302	NEW    cov: 665 ft: 1153 corp: 99/266b lim: 6 exec/s: 0 rss: 1056Mb L: 5/5 MS: 6 CopyPart-Custom-EraseBytes-Custom-InsertRepeatedBytes-Custom-
#2304	REDUCE cov: 671 ft: 1161 corp: 100/272b lim: 6 exec/s: 0 rss: 1056Mb L: 6/6 MS: 4 InsertRepeatedBytes-Custom-CrossOver-Custom-
#2321	REDUCE cov: 671 ft: 1161 corp: 100/271b lim: 6 exec/s: 0 rss: 1056Mb L: 2/6 MS: 4 ChangeByte-Custom-EraseBytes-Custom-
#2322	REDUCE cov: 671 ft: 1163 corp: 101/277b lim: 6 exec/s: 0 rss: 1056Mb L: 6/6 MS: 2 InsertRepeatedBytes-Custom-
#2347	REDUCE cov: 671 ft: 1165 corp: 102/281b lim: 6 exec/s: 0 rss: 1056Mb L: 4/6 MS: 10 ChangeByte-Custom-InsertByte-Custom-ShuffleBytes-Custom-ChangeByte-Custom-ChangeBit-Custom-
#2454	NEW    cov: 671 ft: 1172 corp: 103/287b lim: 6 exec/s: 0 rss: 1056Mb L: 6/6 MS: 4 ChangeByte-Custom-PersAutoDict-Custom- DE: "\377\002"-
#2473	NEW    cov: 672 ft: 1175 corp: 104/292b lim: 6 exec/s: 0 rss: 1056Mb L: 5/6 MS: 8 ChangeBit-Custom-ChangeByte-Custom-PersAutoDict-Custom-InsertByte-Custom- DE: "\000\033"-
#2509	REDUCE cov: 672 ft: 1175 corp: 104/291b lim: 6 exec/s: 0 rss: 1056Mb L: 3/6 MS: 2 EraseBytes-Custom-
#2539	NEW    cov: 672 ft: 1176 corp: 105/297b lim: 6 exec/s: 0 rss: 1056Mb L: 6/6 MS: 10 EraseBytes-Custom-InsertRepeatedBytes-Custom-ShuffleBytes-Custom-InsertByte-Custom-CopyPart-Custom-
#2557	REDUCE cov: 672 ft: 1178 corp: 106/303b lim: 6 exec/s: 0 rss: 1056Mb L: 6/6 MS: 6 ShuffleBytes-Custom-InsertByte-Custom-InsertRepeatedBytes-Custom-
#2568	REDUCE cov: 672 ft: 1254 corp: 107/309b lim: 6 exec/s: 0 rss: 1056Mb L: 6/6 MS: 2 CopyPart-Custom-
#2579	REDUCE cov: 672 ft: 1254 corp: 107/308b lim: 6 exec/s: 0 rss: 1056Mb L: 4/6 MS: 2 EraseBytes-Custom-
#2605	NEW    cov: 672 ft: 1256 corp: 108/314b lim: 6 exec/s: 0 rss: 1056Mb L: 6/6 MS: 2 ChangeASCIIInt-Custom-
#2611	REDUCE cov: 672 ft: 1257 corp: 109/319b lim: 6 exec/s: 0 rss: 1056Mb L: 5/6 MS: 2 InsertRepeatedBytes-Custom-
#2627	NEW    cov: 672 ft: 1304 corp: 110/325b lim: 6 exec/s: 0 rss: 1056Mb L: 6/6 MS: 2 CopyPart-Custom-
#2673	NEW    cov: 672 ft: 1307 corp: 111/330b lim: 6 exec/s: 0 rss: 1056Mb L: 5/6 MS: 2 InsertByte-Custom-
#2685	NEW    cov: 672 ft: 1308 corp: 112/334b lim: 6 exec/s: 0 rss: 1056Mb L: 4/6 MS: 4 ChangeByte-Custom-EraseBytes-Custom-
#2746	REDUCE cov: 672 ft: 1311 corp: 113/339b lim: 6 exec/s: 0 rss: 1056Mb L: 5/6 MS: 2 CopyPart-Custom-
#2799	NEW    cov: 672 ft: 1325 corp: 114/345b lim: 6 exec/s: 0 rss: 1056Mb L: 6/6 MS: 6 ChangeBinInt-Custom-CopyPart-Custom-CopyPart-Custom-
#2825	NEW    cov: 672 ft: 1327 corp: 115/351b lim: 6 exec/s: 0 rss: 1056Mb L: 6/6 MS: 2 CopyPart-Custom-
#2831	REDUCE cov: 672 ft: 1329 corp: 116/357b lim: 6 exec/s: 0 rss: 1056Mb L: 6/6 MS: 2 InsertRepeatedBytes-Custom-
#2833	REDUCE cov: 672 ft: 1329 corp: 116/356b lim: 6 exec/s: 0 rss: 1056Mb L: 3/6 MS: 4 CopyPart-Custom-CrossOver-Custom-
#2866	REDUCE cov: 672 ft: 1329 corp: 116/355b lim: 6 exec/s: 0 rss: 1056Mb L: 3/6 MS: 6 CMP-Custom-ChangeByte-Custom-EraseBytes-Custom- DE: "\376\377"-
#2951	NEW    cov: 685 ft: 1343 corp: 117/361b lim: 6 exec/s: 0 rss: 1056Mb L: 6/6 MS: 10 ShuffleBytes-Custom-InsertByte-Custom-ChangeBinInt-Custom-ShuffleBytes-Custom-CMP-Custom- DE: "\020\000\000\000"-
#2978	NEW    cov: 685 ft: 1347 corp: 118/366b lim: 6 exec/s: 0 rss: 1056Mb L: 5/6 MS: 4 EraseBytes-Custom-CopyPart-Custom-
#2981	REDUCE cov: 685 ft: 1348 corp: 119/370b lim: 6 exec/s: 0 rss: 1056Mb L: 4/6 MS: 6 ShuffleBytes-Custom-InsertRepeatedBytes-Custom-ChangeByte-Custom-
#3004	NEW    cov: 685 ft: 1349 corp: 120/376b lim: 6 exec/s: 0 rss: 1056Mb L: 6/6 MS: 6 InsertByte-Custom-CopyPart-Custom-ChangeBit-Custom-
#3050	NEW    cov: 686 ft: 1350 corp: 121/380b lim: 6 exec/s: 0 rss: 1056Mb L: 4/6 MS: 2 ChangeByte-Custom-
#3111	REDUCE cov: 686 ft: 1350 corp: 121/379b lim: 6 exec/s: 0 rss: 1056Mb L: 2/6 MS: 2 EraseBytes-Custom-
#3134	REDUCE cov: 686 ft: 1356 corp: 122/385b lim: 6 exec/s: 0 rss: 1056Mb L: 6/6 MS: 6 CrossOver-Custom-CrossOver-Custom-InsertByte-Custom-
#3142	REDUCE cov: 686 ft: 1356 corp: 122/384b lim: 6 exec/s: 0 rss: 1056Mb L: 2/6 MS: 6 ChangeByte-Custom-CopyPart-Custom-EraseBytes-Custom-
#3187	REDUCE cov: 686 ft: 1356 corp: 122/383b lim: 6 exec/s: 0 rss: 1056Mb L: 2/6 MS: 10 ChangeBit-Custom-ChangeBinInt-Custom-ShuffleBytes-Custom-CrossOver-Custom-CrossOver-Custom-
#3284	REDUCE cov: 686 ft: 1362 corp: 123/389b lim: 6 exec/s: 0 rss: 1056Mb L: 6/6 MS: 4 EraseBytes-Custom-InsertRepeatedBytes-Custom-
#3304	REDUCE cov: 686 ft: 1363 corp: 124/395b lim: 6 exec/s: 0 rss: 1056Mb L: 6/6 MS: 10 CrossOver-Custom-CrossOver-Custom-CrossOver-Custom-CrossOver-Custom-CopyPart-Custom-
#3337	NEW    cov: 689 ft: 1366 corp: 125/401b lim: 6 exec/s: 0 rss: 1056Mb L: 6/6 MS: 6 ShuffleBytes-Custom-ShuffleBytes-Custom-ShuffleBytes-Custom-
#3590	NEW    cov: 689 ft: 1368 corp: 126/407b lim: 8 exec/s: 0 rss: 1056Mb L: 6/6 MS: 6 ShuffleBytes-Custom-ChangeByte-Custom-ChangeByte-Custom-
#3631	NEW    cov: 689 ft: 1373 corp: 127/414b lim: 8 exec/s: 0 rss: 1056Mb L: 7/7 MS: 2 CopyPart-Custom-
#3664	NEW    cov: 689 ft: 1380 corp: 128/422b lim: 8 exec/s: 0 rss: 1056Mb L: 8/8 MS: 6 ChangeBinInt-Custom-CrossOver-Custom-PersAutoDict-Custom- DE: "\377\002"-
#3667	NEW    cov: 689 ft: 1383 corp: 129/430b lim: 8 exec/s: 0 rss: 1056Mb L: 8/8 MS: 6 InsertByte-Custom-InsertByte-Custom-CopyPart-Custom-
#3673	NEW    cov: 691 ft: 1385 corp: 130/437b lim: 8 exec/s: 0 rss: 1056Mb L: 7/8 MS: 2 CrossOver-Custom-
#3748	REDUCE cov: 691 ft: 1387 corp: 131/445b lim: 8 exec/s: 0 rss: 1056Mb L: 8/8 MS: 10 ChangeBit-Custom-InsertByte-Custom-ChangeBit-Custom-PersAutoDict-Custom-InsertRepeatedBytes-Custom- DE: "\377\002"-
#3785	NEW    cov: 691 ft: 1388 corp: 132/453b lim: 8 exec/s: 0 rss: 1056Mb L: 8/8 MS: 4 ShuffleBytes-Custom-ShuffleBytes-Custom-
#3826	REDUCE cov: 691 ft: 1389 corp: 133/459b lim: 8 exec/s: 0 rss: 1056Mb L: 6/8 MS: 2 InsertRepeatedBytes-Custom-
#3836	REDUCE cov: 691 ft: 1390 corp: 134/467b lim: 8 exec/s: 0 rss: 1056Mb L: 8/8 MS: 10 InsertByte-Custom-ChangeBit-Custom-InsertByte-Custom-InsertRepeatedBytes-Custom-CrossOver-Custom-
#3871	NEW    cov: 691 ft: 1401 corp: 135/475b lim: 8 exec/s: 0 rss: 1056Mb L: 8/8 MS: 10 ShuffleBytes-Custom-CopyPart-Custom-ChangeBinInt-Custom-InsertByte-Custom-CopyPart-Custom-
#3887	NEW    cov: 691 ft: 1409 corp: 136/480b lim: 8 exec/s: 0 rss: 1056Mb L: 5/8 MS: 2 CopyPart-Custom-
#3928	NEW    cov: 691 ft: 1411 corp: 137/488b lim: 8 exec/s: 0 rss: 1056Mb L: 8/8 MS: 2 CMP-Custom- DE: "\377\377\377\377\377\377\377\377"-
#3935	NEW    cov: 691 ft: 1419 corp: 138/495b lim: 8 exec/s: 0 rss: 1056Mb L: 7/8 MS: 4 ChangeByte-Custom-InsertRepeatedBytes-Custom-
#3956	NEW    cov: 691 ft: 1420 corp: 139/503b lim: 8 exec/s: 0 rss: 1056Mb L: 8/8 MS: 2 InsertRepeatedBytes-Custom-
#3964	REDUCE cov: 691 ft: 1420 corp: 139/502b lim: 8 exec/s: 0 rss: 1056Mb L: 5/8 MS: 6 ShuffleBytes-Custom-ChangeByte-Custom-EraseBytes-Custom-
#3989	REDUCE cov: 691 ft: 1421 corp: 140/510b lim: 8 exec/s: 0 rss: 1056Mb L: 8/8 MS: 10 ChangeByte-Custom-ChangeByte-Custom-InsertByte-Custom-ShuffleBytes-Custom-CopyPart-Custom-
#4075	REDUCE cov: 693 ft: 1423 corp: 141/517b lim: 8 exec/s: 0 rss: 1056Mb L: 7/8 MS: 2 PersAutoDict-Custom- DE: "\020\000\000\000"-
#4176	NEW    cov: 693 ft: 1431 corp: 142/521b lim: 8 exec/s: 0 rss: 1056Mb L: 4/8 MS: 2 EraseBytes-Custom-
#4203	NEW    cov: 693 ft: 1433 corp: 143/529b lim: 8 exec/s: 0 rss: 1056Mb L: 8/8 MS: 4 ShuffleBytes-Custom-InsertRepeatedBytes-Custom-
#4224	NEW    cov: 693 ft: 1438 corp: 144/534b lim: 8 exec/s: 0 rss: 1056Mb L: 5/8 MS: 2 InsertRepeatedBytes-Custom-
#4235	NEW    cov: 694 ft: 1439 corp: 145/541b lim: 8 exec/s: 0 rss: 1056Mb L: 7/8 MS: 2 ShuffleBytes-Custom-
#4268	NEW    cov: 694 ft: 1440 corp: 146/545b lim: 8 exec/s: 0 rss: 1056Mb L: 4/8 MS: 6 CrossOver-Custom-InsertRepeatedBytes-Custom-EraseBytes-Custom-
#4318	NEW    cov: 694 ft: 1442 corp: 147/551b lim: 8 exec/s: 0 rss: 1056Mb L: 6/8 MS: 10 ChangeBit-Custom-ShuffleBytes-Custom-InsertByte-Custom-ChangeByte-Custom-CopyPart-Custom-
#4443	NEW    cov: 694 ft: 1446 corp: 148/559b lim: 8 exec/s: 0 rss: 1056Mb L: 8/8 MS: 10 InsertByte-Custom-ShuffleBytes-Custom-EraseBytes-Custom-InsertRepeatedBytes-Custom-InsertByte-Custom-
#4464	NEW    cov: 694 ft: 1448 corp: 149/567b lim: 8 exec/s: 0 rss: 1056Mb L: 8/8 MS: 2 CopyPart-Custom-
#4466	NEW    cov: 694 ft: 1449 corp: 150/574b lim: 8 exec/s: 0 rss: 1056Mb L: 7/8 MS: 4 InsertRepeatedBytes-Custom-CrossOver-Custom-
#4477	REDUCE cov: 694 ft: 1449 corp: 150/572b lim: 8 exec/s: 0 rss: 1056Mb L: 6/8 MS: 2 EraseBytes-Custom-
#4495	NEW    cov: 695 ft: 1450 corp: 151/579b lim: 8 exec/s: 0 rss: 1056Mb L: 7/8 MS: 6 EraseBytes-Custom-ChangeBinInt-Custom-ChangeBit-Custom-
#4506	NEW    cov: 695 ft: 1451 corp: 152/585b lim: 8 exec/s: 0 rss: 1056Mb L: 6/8 MS: 2 ChangeBinInt-Custom-
#4543	NEW    cov: 695 ft: 1460 corp: 153/593b lim: 8 exec/s: 0 rss: 1056Mb L: 8/8 MS: 4 ChangeBit-Custom-PersAutoDict-Custom- DE: "\020\000\000\000"-
#4614	REDUCE cov: 695 ft: 1461 corp: 154/601b lim: 8 exec/s: 0 rss: 1056Mb L: 8/8 MS: 2 InsertRepeatedBytes-Custom-
#4636	REDUCE cov: 695 ft: 1461 corp: 154/600b lim: 8 exec/s: 0 rss: 1056Mb L: 7/8 MS: 4 ChangeBit-Custom-EraseBytes-Custom-
#4773	NEW    cov: 695 ft: 1462 corp: 155/608b lim: 8 exec/s: 0 rss: 1056Mb L: 8/8 MS: 4 CopyPart-Custom-CopyPart-Custom-
#4885	NEW    cov: 695 ft: 1468 corp: 156/616b lim: 8 exec/s: 0 rss: 1056Mb L: 8/8 MS: 4 EraseBytes-Custom-InsertRepeatedBytes-Custom-
#4928	NEW    cov: 697 ft: 1470 corp: 157/622b lim: 8 exec/s: 0 rss: 1056Mb L: 6/8 MS: 6 ChangeByte-Custom-ChangeByte-Custom-InsertRepeatedBytes-Custom-
#4965	REDUCE cov: 697 ft: 1470 corp: 157/621b lim: 8 exec/s: 0 rss: 1056Mb L: 1/8 MS: 4 ChangeBit-Custom-EraseBytes-Custom-
#5016	REDUCE cov: 697 ft: 1470 corp: 157/620b lim: 8 exec/s: 0 rss: 1056Mb L: 1/8 MS: 2 EraseBytes-Custom-
#5044	NEW    cov: 697 ft: 1471 corp: 158/628b lim: 8 exec/s: 0 rss: 1056Mb L: 8/8 MS: 6 CopyPart-Custom-PersAutoDict-Custom-ChangeBinInt-Custom- DE: "\377\002"-
#5094	REDUCE cov: 697 ft: 1471 corp: 158/627b lim: 8 exec/s: 0 rss: 1056Mb L: 6/8 MS: 10 ChangeBit-Custom-ChangeBinInt-Custom-ChangeBinInt-Custom-CopyPart-Custom-EraseBytes-Custom-
#5156	REDUCE cov: 697 ft: 1471 corp: 158/626b lim: 8 exec/s: 0 rss: 1056Mb L: 2/8 MS: 4 CopyPart-Custom-EraseBytes-Custom-
#5175	NEW    cov: 697 ft: 1472 corp: 159/633b lim: 8 exec/s: 0 rss: 1056Mb L: 7/8 MS: 8 CopyPart-Custom-PersAutoDict-Custom-CopyPart-Custom-CrossOver-Custom- DE: "\376\377"-
#5176	REDUCE cov: 697 ft: 1472 corp: 159/632b lim: 8 exec/s: 0 rss: 1056Mb L: 7/8 MS: 2 EraseBytes-Custom-
#5197	NEW    cov: 699 ft: 1474 corp: 160/640b lim: 8 exec/s: 0 rss: 1056Mb L: 8/8 MS: 2 PersAutoDict-Custom- DE: "\376\377"-
#5283	NEW    cov: 699 ft: 1476 corp: 161/648b lim: 8 exec/s: 0 rss: 1056Mb L: 8/8 MS: 2 InsertRepeatedBytes-Custom-
#5317	REDUCE cov: 699 ft: 1477 corp: 162/654b lim: 8 exec/s: 0 rss: 1056Mb L: 6/8 MS: 8 CopyPart-Custom-EraseBytes-Custom-InsertByte-Custom-InsertRepeatedBytes-Custom-
#5349	NEW    cov: 699 ft: 1478 corp: 163/657b lim: 8 exec/s: 0 rss: 1056Mb L: 3/8 MS: 4 ShuffleBytes-Custom-EraseBytes-Custom-
#5365	NEW    cov: 699 ft: 1479 corp: 164/665b lim: 8 exec/s: 0 rss: 1056Mb L: 8/8 MS: 2 CopyPart-Custom-
#5498	NEW    cov: 699 ft: 1480 corp: 165/673b lim: 8 exec/s: 0 rss: 1056Mb L: 8/8 MS: 6 ChangeBit-Custom-CopyPart-Custom-CopyPart-Custom-
#5833	NEW    cov: 699 ft: 1481 corp: 166/682b lim: 11 exec/s: 0 rss: 1056Mb L: 9/9 MS: 10 PersAutoDict-Custom-CopyPart-Custom-ShuffleBytes-Custom-EraseBytes-Custom-CopyPart-Custom- DE: "\020\000\000\000"-
#5938	REDUCE cov: 699 ft: 1483 corp: 167/691b lim: 11 exec/s: 0 rss: 1056Mb L: 9/9 MS: 10 CopyPart-Custom-ChangeByte-Custom-InsertByte-Custom-ChangeByte-Custom-InsertRepeatedBytes-Custom-
#6049	NEW    cov: 699 ft: 1491 corp: 168/700b lim: 11 exec/s: 0 rss: 1056Mb L: 9/9 MS: 2 InsertRepeatedBytes-Custom-
#6093	REDUCE cov: 699 ft: 1495 corp: 169/711b lim: 11 exec/s: 0 rss: 1056Mb L: 11/11 MS: 8 InsertByte-Custom-CrossOver-Custom-CrossOver-Custom-CrossOver-Custom-
#6132	NEW    cov: 699 ft: 1496 corp: 170/722b lim: 11 exec/s: 0 rss: 1056Mb L: 11/11 MS: 8 CrossOver-Custom-ChangeBit-Custom-ChangeByte-Custom-InsertRepeatedBytes-Custom-
#6134	NEW    cov: 699 ft: 1500 corp: 171/732b lim: 11 exec/s: 0 rss: 1056Mb L: 10/11 MS: 4 CrossOver-Custom-CrossOver-Custom-
#6162	NEW    cov: 699 ft: 1507 corp: 172/743b lim: 11 exec/s: 0 rss: 1056Mb L: 11/11 MS: 6 ShuffleBytes-Custom-ShuffleBytes-Custom-InsertByte-Custom-
#6179	REDUCE cov: 699 ft: 1507 corp: 172/742b lim: 11 exec/s: 0 rss: 1056Mb L: 1/11 MS: 4 ShuffleBytes-Custom-EraseBytes-Custom-
#6296	REDUCE cov: 699 ft: 1508 corp: 173/751b lim: 11 exec/s: 0 rss: 1056Mb L: 9/11 MS: 4 ShuffleBytes-Custom-InsertRepeatedBytes-Custom-
#6314	REDUCE cov: 699 ft: 1509 corp: 174/759b lim: 11 exec/s: 0 rss: 1056Mb L: 8/11 MS: 6 InsertRepeatedBytes-Custom-EraseBytes-Custom-CopyPart-Custom-
#6420	NEW    cov: 699 ft: 1511 corp: 175/769b lim: 11 exec/s: 0 rss: 1056Mb L: 10/11 MS: 2 CopyPart-Custom-
#6512	REDUCE cov: 699 ft: 1511 corp: 175/768b lim: 11 exec/s: 0 rss: 1056Mb L: 7/11 MS: 4 ChangeASCIIInt-Custom-EraseBytes-Custom-
#6555	NEW    cov: 699 ft: 1512 corp: 176/778b lim: 11 exec/s: 0 rss: 1056Mb L: 10/11 MS: 6 CrossOver-Custom-ShuffleBytes-Custom-PersAutoDict-Custom- DE: "\020\000\000\000"-
#6586	NEW    cov: 699 ft: 1514 corp: 177/786b lim: 11 exec/s: 0 rss: 1056Mb L: 8/11 MS: 2 CopyPart-Custom-
#6634	NEW    cov: 699 ft: 1515 corp: 178/796b lim: 11 exec/s: 0 rss: 1056Mb L: 10/11 MS: 6 ShuffleBytes-Custom-CopyPart-Custom-InsertByte-Custom-
#6635	REDUCE cov: 699 ft: 1517 corp: 179/807b lim: 11 exec/s: 0 rss: 1056Mb L: 11/11 MS: 2 InsertRepeatedBytes-Custom-
#6672	NEW    cov: 699 ft: 1518 corp: 180/817b lim: 11 exec/s: 0 rss: 1056Mb L: 10/11 MS: 4 CrossOver-Custom-InsertRepeatedBytes-Custom-
#6893	REDUCE cov: 699 ft: 1518 corp: 180/816b lim: 11 exec/s: 0 rss: 1056Mb L: 2/11 MS: 2 EraseBytes-Custom-
#6899	NEW    cov: 699 ft: 1520 corp: 181/825b lim: 11 exec/s: 0 rss: 1056Mb L: 9/11 MS: 2 InsertRepeatedBytes-Custom-
#6920	NEW    cov: 699 ft: 1522 corp: 182/836b lim: 11 exec/s: 0 rss: 1056Mb L: 11/11 MS: 2 CMP-Custom- DE: "\377\377\377\377\377\377\377\377"-
#6959	REDUCE cov: 699 ft: 1522 corp: 182/835b lim: 11 exec/s: 0 rss: 1056Mb L: 5/11 MS: 8 ChangeByte-Custom-ChangeBit-Custom-ChangeByte-Custom-EraseBytes-Custom-
#6977	REDUCE cov: 699 ft: 1522 corp: 182/833b lim: 11 exec/s: 0 rss: 1056Mb L: 4/11 MS: 6 ChangeBinInt-Custom-ShuffleBytes-Custom-EraseBytes-Custom-
#7068	REDUCE cov: 699 ft: 1522 corp: 182/832b lim: 11 exec/s: 0 rss: 1056Mb L: 9/11 MS: 2 EraseBytes-Custom-
#7072	NEW    cov: 699 ft: 1523 corp: 183/842b lim: 11 exec/s: 0 rss: 1056Mb L: 10/11 MS: 8 InsertRepeatedBytes-Custom-CrossOver-Custom-InsertRepeatedBytes-Custom-CrossOver-Custom-
#7183	REDUCE cov: 699 ft: 1523 corp: 183/841b lim: 11 exec/s: 0 rss: 1056Mb L: 1/11 MS: 2 EraseBytes-Custom-
#7209	REDUCE cov: 699 ft: 1523 corp: 183/840b lim: 11 exec/s: 0 rss: 1056Mb L: 2/11 MS: 2 EraseBytes-Custom-
#7272	REDUCE cov: 699 ft: 1523 corp: 183/839b lim: 11 exec/s: 0 rss: 1056Mb L: 1/11 MS: 6 CrossOver-Custom-ChangeByte-Custom-EraseBytes-Custom-
#7599	NEW    cov: 699 ft: 1616 corp: 184/851b lim: 14 exec/s: 0 rss: 1056Mb L: 12/12 MS: 4 EraseBytes-Custom-InsertRepeatedBytes-Custom-
#7680	REDUCE cov: 699 ft: 1616 corp: 184/850b lim: 14 exec/s: 0 rss: 1056Mb L: 3/12 MS: 2 EraseBytes-Custom-
#7725	NEW    cov: 699 ft: 1619 corp: 185/864b lim: 14 exec/s: 0 rss: 1056Mb L: 14/14 MS: 10 InsertRepeatedBytes-Custom-CrossOver-Custom-ChangeBit-Custom-CrossOver-Custom-CopyPart-Custom-
#7776	REDUCE cov: 699 ft: 1619 corp: 185/863b lim: 14 exec/s: 0 rss: 1056Mb L: 7/14 MS: 2 EraseBytes-Custom-
#7902	REDUCE cov: 699 ft: 1619 corp: 185/862b lim: 14 exec/s: 0 rss: 1056Mb L: 5/14 MS: 2 EraseBytes-Custom-
#8123	NEW    cov: 699 ft: 1620 corp: 186/874b lim: 14 exec/s: 0 rss: 1056Mb L: 12/14 MS: 2 CopyPart-Custom-
#8249	REDUCE cov: 699 ft: 1620 corp: 186/873b lim: 14 exec/s: 0 rss: 1056Mb L: 3/14 MS: 2 EraseBytes-Custom-
#8260	REDUCE cov: 699 ft: 1648 corp: 187/882b lim: 14 exec/s: 0 rss: 1056Mb L: 9/14 MS: 2 InsertRepeatedBytes-Custom-
#8282	REDUCE cov: 699 ft: 1648 corp: 187/881b lim: 14 exec/s: 0 rss: 1056Mb L: 2/14 MS: 4 ChangeBit-Custom-EraseBytes-Custom-
#8391	NEW    cov: 699 ft: 1650 corp: 188/892b lim: 14 exec/s: 0 rss: 1056Mb L: 11/14 MS: 8 InsertByte-Custom-EraseBytes-Custom-CopyPart-Custom-CopyPart-Custom-
#8532	NEW    cov: 699 ft: 1653 corp: 189/905b lim: 14 exec/s: 0 rss: 1056Mb L: 13/14 MS: 2 CopyPart-Custom-
#8811	NEW    cov: 700 ft: 1654 corp: 190/913b lim: 14 exec/s: 0 rss: 1056Mb L: 8/14 MS: 8 ChangeBinInt-Custom-EraseBytes-Custom-PersAutoDict-Custom-ChangeBit-Custom- DE: "\376\377"-
#8813	NEW    cov: 700 ft: 1657 corp: 191/926b lim: 14 exec/s: 0 rss: 1056Mb L: 13/14 MS: 4 CopyPart-Custom-ChangeASCIIInt-Custom-
#8949	REDUCE cov: 700 ft: 1657 corp: 191/925b lim: 14 exec/s: 0 rss: 1056Mb L: 1/14 MS: 2 EraseBytes-Custom-
#8987	NEW    cov: 700 ft: 1659 corp: 192/933b lim: 14 exec/s: 0 rss: 1056Mb L: 8/14 MS: 6 ChangeBit-Custom-ChangeBit-Custom-ChangeBit-Custom-
#8993	NEW    cov: 700 ft: 1660 corp: 193/946b lim: 14 exec/s: 0 rss: 1056Mb L: 13/14 MS: 2 InsertRepeatedBytes-Custom-
#9112	REDUCE cov: 700 ft: 1660 corp: 193/944b lim: 14 exec/s: 0 rss: 1056Mb L: 9/14 MS: 8 PersAutoDict-Custom-ChangeByte-Custom-EraseBytes-Custom-CopyPart-Custom- DE: "\377\002"-
#9178	REDUCE cov: 700 ft: 1660 corp: 193/942b lim: 14 exec/s: 0 rss: 1056Mb L: 5/14 MS: 2 EraseBytes-Custom-
#9214	REDUCE cov: 700 ft: 1660 corp: 193/941b lim: 14 exec/s: 0 rss: 1056Mb L: 2/14 MS: 2 EraseBytes-Custom-
#9265	NEW    cov: 701 ft: 1661 corp: 194/948b lim: 14 exec/s: 0 rss: 1056Mb L: 7/14 MS: 2 PersAutoDict-Custom- DE: "\376\377"-
#9647	NEW    cov: 701 ft: 1662 corp: 195/962b lim: 17 exec/s: 0 rss: 1056Mb L: 14/14 MS: 4 CrossOver-Custom-CrossOver-Custom-
#9724	NEW    cov: 701 ft: 1664 corp: 196/979b lim: 17 exec/s: 0 rss: 1056Mb L: 17/17 MS: 4 ShuffleBytes-Custom-CrossOver-Custom-
#9777	REDUCE cov: 701 ft: 1664 corp: 196/978b lim: 17 exec/s: 0 rss: 1056Mb L: 2/17 MS: 6 CrossOver-Custom-InsertByte-Custom-EraseBytes-Custom-
#9790	REDUCE cov: 701 ft: 1665 corp: 197/995b lim: 17 exec/s: 0 rss: 1056Mb L: 17/17 MS: 6 ShuffleBytes-Custom-InsertByte-Custom-InsertRepeatedBytes-Custom-
#9837	REDUCE cov: 701 ft: 1668 corp: 198/1006b lim: 17 exec/s: 0 rss: 1056Mb L: 11/17 MS: 4 ShuffleBytes-Custom-InsertRepeatedBytes-Custom-
#9848	REDUCE cov: 701 ft: 1677 corp: 199/1016b lim: 17 exec/s: 0 rss: 1056Mb L: 10/17 MS: 2 InsertRepeatedBytes-Custom-
#9909	NEW    cov: 701 ft: 1715 corp: 200/1028b lim: 17 exec/s: 0 rss: 1056Mb L: 12/17 MS: 2 InsertRepeatedBytes-Custom-
#9946	REDUCE cov: 701 ft: 1715 corp: 200/1027b lim: 17 exec/s: 0 rss: 1056Mb L: 2/17 MS: 4 ShuffleBytes-Custom-EraseBytes-Custom-
#10028	REDUCE cov: 701 ft: 1715 corp: 200/1026b lim: 17 exec/s: 0 rss: 1056Mb L: 1/17 MS: 4 ChangeBit-Custom-EraseBytes-Custom-
#10040	NEW    cov: 701 ft: 1720 corp: 201/1042b lim: 17 exec/s: 0 rss: 1056Mb L: 16/17 MS: 4 ChangeASCIIInt-Custom-CopyPart-Custom-
#10245	NEW    cov: 701 ft: 1722 corp: 202/1059b lim: 17 exec/s: 0 rss: 1056Mb L: 17/17 MS: 10 ShuffleBytes-Custom-ChangeASCIIInt-Custom-ChangeASCIIInt-Custom-ChangeBit-Custom-ChangeBinInt-Custom-
#10356	NEW    cov: 701 ft: 1723 corp: 203/1075b lim: 17 exec/s: 0 rss: 1056Mb L: 16/17 MS: 2 CopyPart-Custom-
#10680	REDUCE cov: 701 ft: 1725 corp: 204/1092b lim: 17 exec/s: 0 rss: 1056Mb L: 17/17 MS: 8 PersAutoDict-Custom-ChangeByte-Custom-CopyPart-Custom-CopyPart-Custom- DE: "\377\377\377\377\377\377\377\377"-
#10816	REDUCE cov: 701 ft: 1725 corp: 204/1090b lim: 17 exec/s: 0 rss: 1056Mb L: 6/17 MS: 2 EraseBytes-Custom-
#10869	REDUCE cov: 701 ft: 1725 corp: 204/1089b lim: 17 exec/s: 0 rss: 1056Mb L: 5/17 MS: 6 EraseBytes-Custom-ChangeBit-Custom-ChangeASCIIInt-Custom-
#10875	REDUCE cov: 701 ft: 1726 corp: 205/1105b lim: 17 exec/s: 0 rss: 1056Mb L: 16/17 MS: 2 InsertRepeatedBytes-Custom-
#10888	REDUCE cov: 701 ft: 1728 corp: 206/1122b lim: 17 exec/s: 0 rss: 1056Mb L: 17/17 MS: 6 CopyPart-Custom-ChangeBit-Custom-InsertRepeatedBytes-Custom-
#10899	REDUCE cov: 701 ft: 1728 corp: 206/1118b lim: 17 exec/s: 0 rss: 1056Mb L: 6/17 MS: 2 EraseBytes-Custom-
#10964	REDUCE cov: 701 ft: 1743 corp: 207/1133b lim: 17 exec/s: 0 rss: 1056Mb L: 15/17 MS: 10 CMP-Custom-PersAutoDict-Custom-CrossOver-Custom-ChangeByte-Custom-InsertRepeatedBytes-Custom- DE: "\006\000"-"\377\002"-
#10975	REDUCE cov: 701 ft: 1743 corp: 207/1129b lim: 17 exec/s: 0 rss: 1056Mb L: 6/17 MS: 2 EraseBytes-Custom-
#11096	REDUCE cov: 701 ft: 1743 corp: 207/1128b lim: 17 exec/s: 0 rss: 1056Mb L: 7/17 MS: 2 EraseBytes-Custom-
#11151	REDUCE cov: 701 ft: 1762 corp: 208/1143b lim: 17 exec/s: 0 rss: 1056Mb L: 15/17 MS: 10 InsertByte-Custom-ChangeBinInt-Custom-CMP-Custom-CopyPart-Custom-InsertRepeatedBytes-Custom- DE: "\004\000\000\000"-
#11297	NEW    cov: 701 ft: 1764 corp: 209/1155b lim: 17 exec/s: 0 rss: 1056Mb L: 12/17 MS: 2 InsertRepeatedBytes-Custom-
#11310	REDUCE cov: 701 ft: 1764 corp: 209/1154b lim: 17 exec/s: 0 rss: 1056Mb L: 7/17 MS: 6 InsertByte-Custom-EraseBytes-Custom-ChangeByte-Custom-
#11507	REDUCE cov: 701 ft: 1764 corp: 209/1153b lim: 17 exec/s: 0 rss: 1056Mb L: 3/17 MS: 4 EraseBytes-Custom-ChangeBinInt-Custom-
#11528	REDUCE cov: 701 ft: 1764 corp: 209/1152b lim: 17 exec/s: 0 rss: 1056Mb L: 2/17 MS: 2 EraseBytes-Custom-
#11537	REDUCE cov: 701 ft: 1764 corp: 209/1145b lim: 17 exec/s: 0 rss: 1056Mb L: 9/17 MS: 8 ChangeBinInt-Custom-CopyPart-Custom-ChangeBit-Custom-EraseBytes-Custom-
#11567	REDUCE cov: 701 ft: 1764 corp: 209/1144b lim: 17 exec/s: 0 rss: 1056Mb L: 4/17 MS: 10 ShuffleBytes-Custom-CrossOver-Custom-CMP-Custom-InsertRepeatedBytes-Custom-CrossOver-Custom- DE: "\001\000\000\000\000\000\000\000"-
#11695	REDUCE cov: 701 ft: 1765 corp: 210/1157b lim: 17 exec/s: 0 rss: 1056Mb L: 13/17 MS: 6 EraseBytes-Custom-InsertRepeatedBytes-Custom-CopyPart-Custom-
#11734	NEW    cov: 701 ft: 1771 corp: 211/1173b lim: 17 exec/s: 0 rss: 1056Mb L: 16/17 MS: 8 ChangeBit-Custom-ChangeByte-Custom-ChangeByte-Custom-InsertRepeatedBytes-Custom-
#11785	NEW    cov: 701 ft: 1789 corp: 212/1184b lim: 17 exec/s: 0 rss: 1056Mb L: 11/17 MS: 2 InsertRepeatedBytes-Custom-
#11836	NEW    cov: 701 ft: 1791 corp: 213/1200b lim: 17 exec/s: 0 rss: 1056Mb L: 16/17 MS: 2 InsertRepeatedBytes-Custom-
#11947	NEW    cov: 701 ft: 1792 corp: 214/1216b lim: 17 exec/s: 0 rss: 1056Mb L: 16/17 MS: 2 InsertRepeatedBytes-Custom-
#12090	REDUCE cov: 701 ft: 1792 corp: 214/1215b lim: 17 exec/s: 0 rss: 1056Mb L: 2/17 MS: 6 ShuffleBytes-Custom-ShuffleBytes-Custom-EraseBytes-Custom-
#12142	REDUCE cov: 701 ft: 1792 corp: 214/1214b lim: 17 exec/s: 0 rss: 1056Mb L: 4/17 MS: 4 ChangeBit-Custom-EraseBytes-Custom-
#12554	REDUCE cov: 701 ft: 1792 corp: 214/1213b lim: 21 exec/s: 12554 rss: 1056Mb L: 8/17 MS: 4 ChangeByte-Custom-EraseBytes-Custom-
#12578	REDUCE cov: 701 ft: 1792 corp: 214/1211b lim: 21 exec/s: 12578 rss: 1056Mb L: 5/17 MS: 8 ChangeASCIIInt-Custom-ChangeASCIIInt-Custom-ChangeBit-Custom-EraseBytes-Custom-
#12622	NEW    cov: 701 ft: 1793 corp: 215/1229b lim: 21 exec/s: 12622 rss: 1056Mb L: 18/18 MS: 8 CopyPart-Custom-PersAutoDict-Custom-InsertByte-Custom-CrossOver-Custom- DE: "\001\000\000\000\000\000\000\000"-
#12758	REDUCE cov: 701 ft: 1793 corp: 215/1228b lim: 21 exec/s: 12758 rss: 1056Mb L: 1/18 MS: 2 EraseBytes-Custom-
#12884	REDUCE cov: 701 ft: 1793 corp: 215/1227b lim: 21 exec/s: 12884 rss: 1056Mb L: 12/18 MS: 2 EraseBytes-Custom-
#12885	REDUCE cov: 701 ft: 1793 corp: 215/1226b lim: 21 exec/s: 12885 rss: 1056Mb L: 8/18 MS: 2 EraseBytes-Custom-
#13146	REDUCE cov: 701 ft: 1793 corp: 215/1224b lim: 21 exec/s: 13146 rss: 1056Mb L: 13/18 MS: 2 EraseBytes-Custom-
#13177	REDUCE cov: 701 ft: 1793 corp: 215/1223b lim: 21 exec/s: 13177 rss: 1056Mb L: 3/18 MS: 2 EraseBytes-Custom-
#13284	REDUCE cov: 701 ft: 1793 corp: 215/1222b lim: 21 exec/s: 13284 rss: 1056Mb L: 5/18 MS: 4 ShuffleBytes-Custom-EraseBytes-Custom-
#13880	NEW    cov: 701 ft: 1840 corp: 216/1242b lim: 25 exec/s: 13880 rss: 1056Mb L: 20/20 MS: 2 InsertRepeatedBytes-Custom-
#13922	NEW    cov: 701 ft: 1841 corp: 217/1263b lim: 25 exec/s: 13922 rss: 1056Mb L: 21/21 MS: 4 InsertByte-Custom-InsertRepeatedBytes-Custom-
#14096	REDUCE cov: 701 ft: 1841 corp: 217/1261b lim: 25 exec/s: 14096 rss: 1056Mb L: 2/21 MS: 8 ChangeBit-Custom-ChangeBit-Custom-CopyPart-Custom-EraseBytes-Custom-
#14209	REDUCE cov: 701 ft: 1841 corp: 217/1255b lim: 25 exec/s: 14209 rss: 1056Mb L: 15/20 MS: 6 EraseBytes-Custom-ChangeASCIIInt-Custom-ChangeBinInt-Custom-
#14223	NEW    cov: 701 ft: 1844 corp: 218/1265b lim: 25 exec/s: 14223 rss: 1056Mb L: 10/20 MS: 8 InsertByte-Custom-CopyPart-Custom-CrossOver-Custom-CMP-Custom- DE: "\000\000\000\020"-
#14300	REDUCE cov: 701 ft: 1844 corp: 218/1264b lim: 25 exec/s: 14300 rss: 1056Mb L: 11/20 MS: 4 ChangeBinInt-Custom-EraseBytes-Custom-
#14337	REDUCE cov: 701 ft: 1844 corp: 218/1263b lim: 25 exec/s: 14337 rss: 1056Mb L: 3/20 MS: 4 InsertByte-Custom-EraseBytes-Custom-
#14383	REDUCE cov: 701 ft: 1844 corp: 218/1262b lim: 25 exec/s: 14383 rss: 1056Mb L: 7/20 MS: 2 CrossOver-Custom-
#14689	REDUCE cov: 701 ft: 1844 corp: 218/1261b lim: 25 exec/s: 14689 rss: 1056Mb L: 3/20 MS: 2 EraseBytes-Custom-
#14975	NEW    cov: 701 ft: 1848 corp: 219/1278b lim: 25 exec/s: 14975 rss: 1056Mb L: 17/20 MS: 2 CopyPart-Custom-
#15006	REDUCE cov: 701 ft: 1848 corp: 219/1277b lim: 25 exec/s: 15006 rss: 1056Mb L: 10/20 MS: 2 EraseBytes-Custom-
#15689	REDUCE cov: 701 ft: 1848 corp: 219/1275b lim: 29 exec/s: 15689 rss: 1056Mb L: 14/20 MS: 6 ShuffleBytes-Custom-ShuffleBytes-Custom-EraseBytes-Custom-
INFO: Instrumented com.fasterxml.jackson.core.json.DupDetector (took 24 ms, size +39%)
#16040	REDUCE cov: 701 ft: 1848 corp: 219/1274b lim: 29 exec/s: 16040 rss: 1056Mb L: 6/20 MS: 2 EraseBytes-Custom-
#16168	REDUCE cov: 701 ft: 1888 corp: 220/1303b lim: 29 exec/s: 16168 rss: 1056Mb L: 29/29 MS: 6 InsertRepeatedBytes-Custom-ShuffleBytes-Custom-InsertByte-Custom-
#16404	REDUCE cov: 701 ft: 1888 corp: 220/1302b lim: 29 exec/s: 16404 rss: 1056Mb L: 14/29 MS: 2 EraseBytes-Custom-
#16405	NEW    cov: 701 ft: 1890 corp: 221/1320b lim: 29 exec/s: 16405 rss: 1056Mb L: 18/29 MS: 2 InsertRepeatedBytes-Custom-
#16541	REDUCE cov: 701 ft: 1890 corp: 221/1315b lim: 29 exec/s: 16541 rss: 1056Mb L: 10/29 MS: 2 EraseBytes-Custom-
#16713	REDUCE cov: 701 ft: 1890 corp: 221/1314b lim: 29 exec/s: 16713 rss: 1056Mb L: 3/29 MS: 4 CrossOver-Custom-EraseBytes-Custom-
#16714	REDUCE cov: 701 ft: 1890 corp: 221/1311b lim: 29 exec/s: 16714 rss: 1056Mb L: 10/29 MS: 2 EraseBytes-Custom-
#16924	NEW    cov: 701 ft: 1892 corp: 222/1336b lim: 29 exec/s: 16924 rss: 1056Mb L: 25/29 MS: 10 EraseBytes-Custom-ChangeBit-Custom-ShuffleBytes-Custom-PersAutoDict-Custom-InsertRepeatedBytes-Custom- DE: "\376\377"-
#16945	REDUCE cov: 701 ft: 1892 corp: 222/1333b lim: 29 exec/s: 16945 rss: 1056Mb L: 9/29 MS: 2 EraseBytes-Custom-
#16981	REDUCE cov: 701 ft: 1892 corp: 222/1330b lim: 29 exec/s: 16981 rss: 1056Mb L: 11/29 MS: 2 EraseBytes-Custom-
#17378	REDUCE cov: 701 ft: 1892 corp: 222/1328b lim: 29 exec/s: 17378 rss: 1056Mb L: 4/29 MS: 4 EraseBytes-Custom-CopyPart-Custom-
#17379	REDUCE cov: 701 ft: 1893 corp: 223/1339b lim: 29 exec/s: 17379 rss: 1056Mb L: 11/29 MS: 2 ChangeBit-Custom-
#17687	REDUCE cov: 701 ft: 1894 corp: 224/1360b lim: 29 exec/s: 17687 rss: 1056Mb L: 21/29 MS: 6 ShuffleBytes-Custom-PersAutoDict-Custom-InsertRepeatedBytes-Custom- DE: "\000\033"-
#17824	REDUCE cov: 701 ft: 1895 corp: 225/1377b lim: 29 exec/s: 17824 rss: 1056Mb L: 17/29 MS: 4 ChangeByte-Custom-CopyPart-Custom-
#17870	REDUCE cov: 701 ft: 1895 corp: 225/1375b lim: 29 exec/s: 17870 rss: 1056Mb L: 4/29 MS: 2 EraseBytes-Custom-
#18011	NEW    cov: 701 ft: 1898 corp: 226/1398b lim: 29 exec/s: 18011 rss: 1056Mb L: 23/29 MS: 2 InsertRepeatedBytes-Custom-
#18241	REDUCE cov: 702 ft: 1899 corp: 227/1409b lim: 29 exec/s: 18241 rss: 1056Mb L: 11/29 MS: 10 CopyPart-Custom-ChangeByte-Custom-PersAutoDict-Custom-EraseBytes-Custom-PersAutoDict-Custom- DE: "\377\002"-"\377\377\377\377\377\377\377\377"-
#18396	REDUCE cov: 702 ft: 1899 corp: 227/1408b lim: 29 exec/s: 18396 rss: 1056Mb L: 5/29 MS: 10 ShuffleBytes-Custom-CrossOver-Custom-ChangeByte-Custom-CopyPart-Custom-EraseBytes-Custom-
#18493	REDUCE cov: 702 ft: 1899 corp: 227/1407b lim: 29 exec/s: 18493 rss: 1056Mb L: 2/29 MS: 4 CopyPart-Custom-EraseBytes-Custom-
#18502	REDUCE cov: 702 ft: 1902 corp: 228/1435b lim: 29 exec/s: 18502 rss: 1056Mb L: 28/29 MS: 8 ChangeASCIIInt-Custom-CrossOver-Custom-EraseBytes-Custom-InsertRepeatedBytes-Custom-
#18605	REDUCE cov: 702 ft: 1902 corp: 228/1434b lim: 29 exec/s: 18605 rss: 1056Mb L: 3/29 MS: 6 ShuffleBytes-Custom-CopyPart-Custom-EraseBytes-Custom-
#18614	REDUCE cov: 702 ft: 1902 corp: 228/1433b lim: 29 exec/s: 18614 rss: 1056Mb L: 9/29 MS: 8 ChangeBinInt-Custom-CMP-Custom-InsertByte-Custom-EraseBytes-Custom- DE: "A@\000\000"-
#19096	REDUCE cov: 702 ft: 1902 corp: 228/1431b lim: 33 exec/s: 19096 rss: 1056Mb L: 16/29 MS: 4 EraseBytes-Custom-InsertByte-Custom-
#19143	REDUCE cov: 702 ft: 1902 corp: 228/1430b lim: 33 exec/s: 19143 rss: 1056Mb L: 4/29 MS: 4 CopyPart-Custom-EraseBytes-Custom-
#19203	NEW    cov: 702 ft: 1908 corp: 229/1448b lim: 33 exec/s: 19203 rss: 1056Mb L: 18/29 MS: 10 CrossOver-Custom-CrossOver-Custom-ChangeBinInt-Custom-CopyPart-Custom-CopyPart-Custom-
#19514	REDUCE cov: 702 ft: 1908 corp: 229/1447b lim: 33 exec/s: 19514 rss: 1056Mb L: 5/29 MS: 2 EraseBytes-Custom-
#19580	REDUCE cov: 702 ft: 1908 corp: 229/1446b lim: 33 exec/s: 19580 rss: 1056Mb L: 3/29 MS: 2 EraseBytes-Custom-
#19591	REDUCE cov: 702 ft: 1908 corp: 229/1445b lim: 33 exec/s: 19591 rss: 1056Mb L: 5/29 MS: 2 EraseBytes-Custom-
#19637	REDUCE cov: 702 ft: 1908 corp: 229/1439b lim: 33 exec/s: 19637 rss: 1056Mb L: 8/29 MS: 2 EraseBytes-Custom-
#19649	REDUCE cov: 702 ft: 1908 corp: 229/1435b lim: 33 exec/s: 19649 rss: 1056Mb L: 7/29 MS: 4 PersAutoDict-Custom-EraseBytes-Custom- DE: "\377\002"-
#19771	NEW    cov: 702 ft: 1909 corp: 230/1456b lim: 33 exec/s: 19771 rss: 1056Mb L: 21/29 MS: 4 InsertRepeatedBytes-Custom-CrossOver-Custom-
#19814	REDUCE cov: 702 ft: 1909 corp: 230/1454b lim: 33 exec/s: 19814 rss: 1056Mb L: 6/29 MS: 6 ChangeBit-Custom-CrossOver-Custom-EraseBytes-Custom-
#19998	REDUCE cov: 702 ft: 1910 corp: 231/1482b lim: 33 exec/s: 19998 rss: 1056Mb L: 28/29 MS: 8 CopyPart-Custom-CopyPart-Custom-CopyPart-Custom-EraseBytes-Custom-
#20019	REDUCE cov: 702 ft: 1910 corp: 231/1479b lim: 33 exec/s: 20019 rss: 1056Mb L: 13/29 MS: 2 EraseBytes-Custom-
#20252	REDUCE cov: 702 ft: 1911 corp: 232/1502b lim: 33 exec/s: 20252 rss: 1056Mb L: 23/29 MS: 6 CrossOver-Custom-CMP-Custom-InsertRepeatedBytes-Custom- DE: "\276\273\357\000"-
#20269	REDUCE cov: 702 ft: 1913 corp: 233/1533b lim: 33 exec/s: 20269 rss: 1056Mb L: 31/31 MS: 4 ChangeBit-Custom-InsertRepeatedBytes-Custom-
#20362	REDUCE cov: 702 ft: 1913 corp: 233/1519b lim: 33 exec/s: 20362 rss: 1056Mb L: 17/29 MS: 6 ShuffleBytes-Custom-CopyPart-Custom-EraseBytes-Custom-
#20458	REDUCE cov: 702 ft: 1913 corp: 233/1518b lim: 33 exec/s: 20458 rss: 1056Mb L: 16/29 MS: 2 EraseBytes-Custom-
#20479	REDUCE cov: 702 ft: 1913 corp: 233/1517b lim: 33 exec/s: 20479 rss: 1056Mb L: 6/29 MS: 2 EraseBytes-Custom-
#20656	NEW    cov: 702 ft: 1924 corp: 234/1547b lim: 33 exec/s: 20656 rss: 1056Mb L: 30/30 MS: 4 ChangeBit-Custom-InsertByte-Custom-
#20675	REDUCE cov: 702 ft: 1924 corp: 234/1544b lim: 33 exec/s: 20675 rss: 1056Mb L: 20/30 MS: 8 ChangeBit-Custom-ChangeByte-Custom-ShuffleBytes-Custom-EraseBytes-Custom-
#20712	NEW    cov: 702 ft: 1925 corp: 235/1562b lim: 33 exec/s: 20712 rss: 1056Mb L: 18/30 MS: 4 ShuffleBytes-Custom-CrossOver-Custom-
#20724	REDUCE cov: 702 ft: 1925 corp: 235/1561b lim: 33 exec/s: 20724 rss: 1056Mb L: 3/30 MS: 4 ChangeByte-Custom-EraseBytes-Custom-
#20834	NEW    cov: 702 ft: 1926 corp: 236/1589b lim: 33 exec/s: 20834 rss: 1056Mb L: 28/30 MS: 10 CopyPart-Custom-InsertByte-Custom-ShuffleBytes-Custom-EraseBytes-Custom-InsertRepeatedBytes-Custom-
#21158	REDUCE cov: 702 ft: 1926 corp: 236/1586b lim: 33 exec/s: 21158 rss: 1056Mb L: 25/30 MS: 8 ChangeBinInt-Custom-ShuffleBytes-Custom-InsertRepeatedBytes-Custom-EraseBytes-Custom-
#21210	REDUCE cov: 702 ft: 1926 corp: 236/1585b lim: 33 exec/s: 21210 rss: 1056Mb L: 5/30 MS: 4 CopyPart-Custom-EraseBytes-Custom-
#21451	REDUCE cov: 702 ft: 1926 corp: 236/1584b lim: 33 exec/s: 21451 rss: 1056Mb L: 6/30 MS: 2 EraseBytes-Custom-
#22335	NEW    cov: 702 ft: 1931 corp: 237/1619b lim: 38 exec/s: 22335 rss: 1056Mb L: 35/35 MS: 8 ChangeByte-Custom-ChangeByte-Custom-CopyPart-Custom-InsertRepeatedBytes-Custom-
#22367	NEW    cov: 702 ft: 1935 corp: 238/1656b lim: 38 exec/s: 22367 rss: 1056Mb L: 37/37 MS: 4 ChangeBinInt-Custom-InsertRepeatedBytes-Custom-
#22858	NEW    cov: 702 ft: 1944 corp: 239/1693b lim: 38 exec/s: 22858 rss: 1056Mb L: 37/37 MS: 2 InsertRepeatedBytes-Custom-
#23094	REDUCE cov: 702 ft: 1944 corp: 239/1692b lim: 38 exec/s: 23094 rss: 1056Mb L: 6/37 MS: 2 EraseBytes-Custom-
#23108	REDUCE cov: 702 ft: 1944 corp: 239/1690b lim: 38 exec/s: 23108 rss: 1056Mb L: 35/37 MS: 8 EraseBytes-Custom-ChangeByte-Custom-ShuffleBytes-Custom-PersAutoDict-Custom- DE: "\020\000\000\000"-
#23405	NEW    cov: 702 ft: 1945 corp: 240/1723b lim: 38 exec/s: 23405 rss: 1056Mb L: 33/37 MS: 4 PersAutoDict-Custom-InsertRepeatedBytes-Custom- DE: "\000\033"-
#23552	REDUCE cov: 702 ft: 1945 corp: 240/1720b lim: 38 exec/s: 23552 rss: 1056Mb L: 5/37 MS: 4 ChangeByte-Custom-EraseBytes-Custom-
#23595	REDUCE cov: 702 ft: 1945 corp: 240/1719b lim: 38 exec/s: 23595 rss: 1056Mb L: 24/37 MS: 6 CopyPart-Custom-ChangeByte-Custom-EraseBytes-Custom-
#24076	REDUCE cov: 702 ft: 1945 corp: 240/1718b lim: 38 exec/s: 24076 rss: 1056Mb L: 3/37 MS: 2 EraseBytes-Custom-
#24257	REDUCE cov: 702 ft: 1945 corp: 240/1717b lim: 38 exec/s: 24257 rss: 1056Mb L: 4/37 MS: 2 EraseBytes-Custom-
#24389	REDUCE cov: 702 ft: 1945 corp: 240/1716b lim: 38 exec/s: 24389 rss: 1056Mb L: 20/37 MS: 4 ChangeByte-Custom-EraseBytes-Custom-
#24425	REDUCE cov: 702 ft: 1945 corp: 240/1715b lim: 38 exec/s: 24425 rss: 1056Mb L: 1/37 MS: 2 EraseBytes-Custom-
#24675	NEW    cov: 702 ft: 1959 corp: 241/1753b lim: 38 exec/s: 24675 rss: 1056Mb L: 38/38 MS: 10 CopyPart-Custom-CopyPart-Custom-InsertRepeatedBytes-Custom-EraseBytes-Custom-InsertRepeatedBytes-Custom-
#24972	REDUCE cov: 702 ft: 1973 corp: 242/1787b lim: 38 exec/s: 24972 rss: 1056Mb L: 34/38 MS: 4 CMP-Custom-InsertRepeatedBytes-Custom- DE: "GG"-
#24999	NEW    cov: 702 ft: 1976 corp: 243/1823b lim: 38 exec/s: 24999 rss: 1056Mb L: 36/38 MS: 4 ChangeByte-Custom-InsertRepeatedBytes-Custom-
#25071	REDUCE cov: 702 ft: 1976 corp: 243/1816b lim: 38 exec/s: 25071 rss: 1056Mb L: 11/38 MS: 4 ChangeByte-Custom-EraseBytes-Custom-
#25113	REDUCE cov: 702 ft: 1981 corp: 244/1854b lim: 38 exec/s: 25113 rss: 1056Mb L: 38/38 MS: 4 CopyPart-Custom-InsertRepeatedBytes-Custom-
#25144	REDUCE cov: 702 ft: 1981 corp: 244/1851b lim: 38 exec/s: 25144 rss: 1056Mb L: 32/38 MS: 2 EraseBytes-Custom-
#25160	REDUCE cov: 702 ft: 1981 corp: 244/1850b lim: 38 exec/s: 25160 rss: 1056Mb L: 4/38 MS: 2 EraseBytes-Custom-
#25566	REDUCE cov: 702 ft: 1981 corp: 244/1849b lim: 38 exec/s: 25566 rss: 1056Mb L: 7/38 MS: 2 CrossOver-Custom-
#25621	NEW    cov: 702 ft: 1982 corp: 245/1887b lim: 38 exec/s: 25621 rss: 1056Mb L: 38/38 MS: 10 InsertRepeatedBytes-Custom-PersAutoDict-Custom-ChangeBinInt-Custom-CMP-Custom-InsertRepeatedBytes-Custom- DE: "GG"-"\001\000\000\000\000\000\000\000"-
#25672	NEW    cov: 702 ft: 1984 corp: 246/1925b lim: 38 exec/s: 25672 rss: 1056Mb L: 38/38 MS: 2 InsertRepeatedBytes-Custom-
#25718	REDUCE cov: 702 ft: 1984 corp: 246/1922b lim: 38 exec/s: 25718 rss: 1056Mb L: 4/38 MS: 2 EraseBytes-Custom-
#25774	REDUCE cov: 702 ft: 1984 corp: 246/1921b lim: 38 exec/s: 25774 rss: 1056Mb L: 2/38 MS: 2 EraseBytes-Custom-
#26807	REDUCE cov: 702 ft: 1984 corp: 246/1919b lim: 48 exec/s: 26807 rss: 1056Mb L: 8/38 MS: 6 InsertByte-Custom-InsertByte-Custom-EraseBytes-Custom-
#27072	REDUCE cov: 702 ft: 1986 corp: 247/1956b lim: 48 exec/s: 27072 rss: 1056Mb L: 37/38 MS: 10 InsertRepeatedBytes-Custom-ChangeBit-Custom-PersAutoDict-Custom-CopyPart-Custom-InsertRepeatedBytes-Custom- DE: "A@\000\000"-
#27158	NEW    cov: 702 ft: 1988 corp: 248/1994b lim: 48 exec/s: 27158 rss: 1056Mb L: 38/38 MS: 2 CrossOver-Custom-
#27179	REDUCE cov: 702 ft: 1988 corp: 248/1992b lim: 48 exec/s: 27179 rss: 1056Mb L: 21/38 MS: 2 EraseBytes-Custom-
#27280	REDUCE cov: 702 ft: 1988 corp: 248/1981b lim: 48 exec/s: 27280 rss: 1056Mb L: 22/38 MS: 2 EraseBytes-Custom-
#27327	REDUCE cov: 702 ft: 1988 corp: 248/1975b lim: 48 exec/s: 27327 rss: 1056Mb L: 22/38 MS: 4 PersAutoDict-Custom-EraseBytes-Custom- DE: "\004\000\000\000"-
#27583	REDUCE cov: 702 ft: 1988 corp: 248/1974b lim: 48 exec/s: 27583 rss: 1056Mb L: 12/38 MS: 2 EraseBytes-Custom-
#27722	REDUCE cov: 702 ft: 1989 corp: 249/2016b lim: 48 exec/s: 27722 rss: 1056Mb L: 42/42 MS: 8 InsertRepeatedBytes-Custom-PersAutoDict-Custom-ChangeByte-Custom-InsertRepeatedBytes-Custom- DE: "\006\000"-
#27748	REDUCE cov: 702 ft: 1989 corp: 249/2014b lim: 48 exec/s: 27748 rss: 1056Mb L: 5/42 MS: 2 EraseBytes-Custom-
#27979	REDUCE cov: 702 ft: 1991 corp: 250/2051b lim: 48 exec/s: 27979 rss: 1056Mb L: 37/42 MS: 2 InsertRepeatedBytes-Custom-
#28140	REDUCE cov: 702 ft: 1991 corp: 250/2046b lim: 48 exec/s: 28140 rss: 1056Mb L: 32/42 MS: 2 EraseBytes-Custom-
#28189	NEW    cov: 702 ft: 2018 corp: 251/2091b lim: 48 exec/s: 28189 rss: 1056Mb L: 45/45 MS: 8 EraseBytes-Custom-CMP-Custom-InsertRepeatedBytes-Custom-CopyPart-Custom- DE: "\001\000\000\000\000\000\000\000"-
#28427	REDUCE cov: 702 ft: 2040 corp: 252/2138b lim: 48 exec/s: 28427 rss: 1056Mb L: 47/47 MS: 6 InsertByte-Custom-CopyPart-Custom-InsertRepeatedBytes-Custom-
#28584	NEW    cov: 702 ft: 2055 corp: 253/2174b lim: 48 exec/s: 28584 rss: 1056Mb L: 36/47 MS: 4 CopyPart-Custom-InsertRepeatedBytes-Custom-
#28586	REDUCE cov: 702 ft: 2055 corp: 253/2173b lim: 48 exec/s: 28586 rss: 1056Mb L: 12/47 MS: 4 ChangeBit-Custom-EraseBytes-Custom-
#29267	REDUCE cov: 702 ft: 2055 corp: 253/2171b lim: 53 exec/s: 29267 rss: 1056Mb L: 2/47 MS: 2 EraseBytes-Custom-
#29507	NEW    cov: 702 ft: 2065 corp: 254/2218b lim: 53 exec/s: 29507 rss: 1056Mb L: 47/47 MS: 10 PersAutoDict-Custom-InsertByte-Custom-InsertRepeatedBytes-Custom-ChangeBinInt-Custom-InsertRepeatedBytes-Custom- DE: "\376\377"-
#29573	REDUCE cov: 702 ft: 2067 corp: 255/2248b lim: 53 exec/s: 29573 rss: 1056Mb L: 30/47 MS: 2 InsertRepeatedBytes-Custom-
#30106	REDUCE cov: 702 ft: 2067 corp: 255/2247b lim: 58 exec/s: 30106 rss: 1056Mb L: 20/47 MS: 6 PersAutoDict-Custom-CMP-Custom-EraseBytes-Custom- DE: "\001\000\000\000\000\000\000\000"-"\000\000\000\000\000\000\000\000"-
#30212	REDUCE cov: 702 ft: 2067 corp: 255/2242b lim: 58 exec/s: 30212 rss: 1056Mb L: 15/47 MS: 2 CrossOver-Custom-
#30248	REDUCE cov: 702 ft: 2067 corp: 255/2235b lim: 58 exec/s: 30248 rss: 1056Mb L: 11/47 MS: 2 EraseBytes-Custom-
#30530	REDUCE cov: 702 ft: 2068 corp: 256/2275b lim: 58 exec/s: 30530 rss: 1056Mb L: 40/47 MS: 4 CopyPart-Custom-InsertRepeatedBytes-Custom-
#30715	NEW    cov: 702 ft: 2070 corp: 257/2328b lim: 58 exec/s: 30715 rss: 1056Mb L: 53/53 MS: 10 ChangeASCIIInt-Custom-CrossOver-Custom-ChangeBit-Custom-EraseBytes-Custom-InsertRepeatedBytes-Custom-
#30772	NEW    cov: 702 ft: 2071 corp: 258/2368b lim: 58 exec/s: 30772 rss: 1056Mb L: 40/53 MS: 4 ShuffleBytes-Custom-ShuffleBytes-Custom-
#30776	REDUCE cov: 702 ft: 2071 corp: 258/2367b lim: 58 exec/s: 30776 rss: 1056Mb L: 3/53 MS: 8 PersAutoDict-Custom-ChangeBit-Custom-EraseBytes-Custom-EraseBytes-Custom- DE: "GG"-
#30932	NEW    cov: 702 ft: 2079 corp: 259/2407b lim: 58 exec/s: 30932 rss: 1056Mb L: 40/53 MS: 2 CMP-Custom- DE: "\005\000"-
#30963	REDUCE cov: 702 ft: 2079 corp: 259/2404b lim: 58 exec/s: 30963 rss: 1056Mb L: 13/53 MS: 2 EraseBytes-Custom-
#31011	REDUCE cov: 702 ft: 2079 corp: 259/2403b lim: 58 exec/s: 31011 rss: 1056Mb L: 3/53 MS: 6 InsertByte-Custom-EraseBytes-Custom-EraseBytes-Custom-
#31340	NEW    cov: 702 ft: 2081 corp: 260/2449b lim: 58 exec/s: 31340 rss: 1056Mb L: 46/53 MS: 8 PersAutoDict-Custom-ChangeByte-Custom-ChangeBit-Custom-PersAutoDict-Custom- DE: "\005\000"-"\001\000\000\000\000\000\000\000"-
MS: 2 InsertRepeatedBytes-Custom-; base unit: 511993d3c99719e38a6779073019dacd7178ddb9
0xff,0xff,0xff,0xff,0xff,0xff,0xff,0xff,0xff,0xff,0xff,0xff,0xff,0xff,0xff,0xff,0xff,0xff,0xff,0xff,0xff,0xff,0xff,0xff,0xff,0xff,0xff,0xff,0xff,0xff,0xff,0xff,0xff,0xff,0xff,0xff,0xff,0xff,0xff,0xff,0xff,0xff,0xff,0xff,0xff,0xff,0xff,0xff,0xff,0xff,0xff,0xff,0xff,0xff,0xff,0xff,0x50,
\377\377\377\377\377\377\377\377\377\377\377\377\377\377\377\377\377\377\377\377\377\377\377\377\377\377\377\377\377\377\377\377\377\377\377\377\377\377\377\377\377\377\377\377\377\377\377\377\377\377\377\377\377\377\377\377P
artifact_prefix='/tmp/bugrun/jacksoncore_6.tSQq0E/'; Test unit written to /tmp/bugrun/jacksoncore_6.tSQq0E/crash-31c92a1b8b82bd76b5f05f379f1f4969927a5cf9
Base64: //////////////////////////////////////////////////////////////////////////9Q
Done 31421 runs in 1 second(s)
DEDUP_TOKEN: 02b5de70504e1854
[ERROR] Tests run: 2, Failures: 0, Errors: 1, Skipped: 0, Time elapsed: 9.627 s <<< FAILURE! -- in com.example.algorithm2.Algorithm2Test
[ERROR] com.example.algorithm2.Algorithm2Test.testParameterizedFuzzer(FuzzedDataProvider)[2] -- Time elapsed: 1.769 s <<< ERROR!
java.lang.ArrayIndexOutOfBoundsException: Index 992 out of bounds for length 32
	at com.fasterxml.jackson.core.json.ByteSourceJsonBootstrapper.detectEncoding(ByteSourceJsonBootstrapper.java:127)
	at com.fasterxml.jackson.core.json.ByteSourceJsonBootstrapper.constructParser(ByteSourceJsonBootstrapper.java:215)
	at com.fasterxml.jackson.core.JsonFactory._createParser(JsonFactory.java:1238)
	at com.fasterxml.jackson.core.JsonFactory.createParser(JsonFactory.java:812)
	at com.fasterxml.jackson.core.JsonFactory.createJsonParser(JsonFactory.java:967)
	at jdk.internal.reflect.GeneratedMethodAccessor108.invoke(Unknown Source)
	at java.base/jdk.internal.reflect.DelegatingMethodAccessorImpl.invoke(DelegatingMethodAccessorImpl.java:43)
	at java.base/java.lang.reflect.Method.invoke(Method.java:566)
	at com.example.algorithm2.Algorithm2Test.testParameterizedFuzzer(Algorithm2Test.java:226)

[INFO] 
[INFO] Results:
[INFO] 
[ERROR] Errors: 
[ERROR]   Algorithm2Test.testParameterizedFuzzer:226 » ArrayIndexOutOfBounds Index 992 out of bounds for length 32
[INFO] 
[ERROR] Tests run: 2, Failures: 0, Errors: 1, Skipped: 0
[INFO] 
[ERROR] 

Please refer to /tmp/bugrun/jacksoncore_6.tSQq0E/target/surefire-reports for the individual test results.
Please refer to dump files (if any exist) [date].dump, [date]-jvmRun[N].dump and [date].dumpstream.
[INFO] 
[INFO] --- jacoco:0.8.11:report (default-cli) @ AlgorithmName2 ---
[INFO] Loading execution data file /tmp/bugrun/jacksoncore_6.tSQq0E/target/jacoco.exec
[INFO] Analyzed bundle 'AlgorithmName2' with 76 classes
[INFO] ------------------------------------------------------------------------
[INFO] BUILD SUCCESS
[INFO] ------------------------------------------------------------------------
[INFO] Total time:  19.152 s
[INFO] Finished at: 2026-10-06T04:28:32+07:00
[INFO] ------------------------------------------------------------------------
