[INFO] Scanning for projects...
[INFO] 
[INFO] ---------------------< com.example:AlgorithmName2 >---------------------
[INFO] Building AlgorithmName2 1.0-SNAPSHOT
[INFO]   from pom.xml
[INFO] --------------------------------[ jar ]---------------------------------
[INFO] 
[INFO] --- jacoco:0.8.11:prepare-agent (default) @ AlgorithmName2 ---
[INFO] argLine set to -javaagent:/home/kanyaphak673380391-3/.m2/repository/org/jacoco/org.jacoco.agent/0.8.11/org.jacoco.agent-0.8.11-runtime.jar=destfile=/tmp/bugrun/time_2.XFaEEE/target/jacoco.exec
[INFO] 
[INFO] --- resources:3.4.0:resources (default-resources) @ AlgorithmName2 ---
[INFO] Copying 1 resource from src/main/resources to target/classes
[INFO] 
[INFO] --- compiler:3.15.0:compile (default-compile) @ AlgorithmName2 ---
[INFO] Recompiling the module because of changed source code.
[INFO] Compiling 1 source file with javac [debug target 1.8] to target/classes
[WARNING] bootstrap class path not set in conjunction with -source 8
[INFO] 
[INFO] --- dependency:3.6.0:unpack-dependencies (unpack-defects4j) @ AlgorithmName2 ---
[INFO] 
[INFO] --- resources:3.4.0:testResources (default-testResources) @ AlgorithmName2 ---
[INFO] skip non existing resourceDirectory /tmp/bugrun/time_2.XFaEEE/src/test/resources
[INFO] 
[INFO] --- compiler:3.15.0:testCompile (default-testCompile) @ AlgorithmName2 ---
[INFO] Recompiling the module because of changed dependency.
[INFO] Compiling 1 source file with javac [debug target 1.8] to target/test-classes
[WARNING] bootstrap class path not set in conjunction with -source 8
[INFO] 
[INFO] --- surefire:3.1.2:test (default-cli) @ AlgorithmName2 ---
[INFO] Using auto detected provider org.apache.maven.surefire.junitplatform.JUnitPlatformProvider
[INFO] 
[INFO] -------------------------------------------------------
[INFO]  T E S T S
[INFO] -------------------------------------------------------
[INFO] Running com.example.algorithm2.Algorithm2Test
OpenJDK 64-Bit Server VM warning: Sharing is only supported for boot loader classes because bootstrap classpath has been appended
INFO: Loaded 281 hooks from com.code_intelligence.jazzer.runtime.TraceCmpHooks
INFO: Loaded 5 hooks from com.code_intelligence.jazzer.runtime.TraceDivHooks
INFO: Loaded 2 hooks from com.code_intelligence.jazzer.runtime.TraceIndirHooks
INFO: Loaded 4 hooks from com.code_intelligence.jazzer.runtime.NativeLibHooks
INFO: Loaded 2 hooks from com.code_intelligence.jazzer.sanitizers.ClojureLangHooks
INFO: Loaded 5 hooks from com.code_intelligence.jazzer.sanitizers.Deserialization
INFO: Loaded 5 hooks from com.code_intelligence.jazzer.sanitizers.ExpressionLanguageInjection
INFO: Loaded 70 hooks from com.code_intelligence.jazzer.sanitizers.LdapInjection
INFO: Loaded 46 hooks from com.code_intelligence.jazzer.sanitizers.NamingContextLookup
INFO: Loaded 1 hooks from com.code_intelligence.jazzer.sanitizers.OsCommandInjection
INFO: Loaded 52 hooks from com.code_intelligence.jazzer.sanitizers.ReflectiveCall
INFO: Loaded 8 hooks from com.code_intelligence.jazzer.sanitizers.RegexInjection
INFO: Loaded 16 hooks from com.code_intelligence.jazzer.sanitizers.RegexRoadblocks
INFO: Loaded 18 hooks from com.code_intelligence.jazzer.sanitizers.ScriptEngineInjection
INFO: Loaded 2 hooks from com.code_intelligence.jazzer.sanitizers.ServerSideRequestForgery
INFO: Loaded 19 hooks from com.code_intelligence.jazzer.sanitizers.SqlInjection
INFO: Loaded 6 hooks from com.code_intelligence.jazzer.sanitizers.XPathInjection
INFO: Instrumented com.example.algorithm2.Algorithm2Test$Skip (took 326 ms, size +44%)
INFO: Instrumented com.example.algorithm2.Algorithm2Test (took 356 ms, size +27%)
INFO: New number of coverage counters: 1024
INFO: Instrumented org.joda.time.DateTime (took 323 ms, size +12%)
INFO: Instrumented org.joda.time.ReadableDateTime (took 11 ms, size +0%)
INFO: Instrumented org.joda.time.ReadableInstant (took 1 ms, size +0%)
INFO: Instrumented org.joda.time.base.BaseDateTime (took 23 ms, size +15%)
INFO: Instrumented org.joda.time.base.AbstractDateTime (took 33 ms, size +14%)
INFO: Instrumented org.joda.time.base.AbstractInstant (took 53 ms, size +17%)
INFO: Instrumented org.joda.time.Chronology (took 4 ms, size +21%)
INFO: Instrumented org.joda.time.chrono.ISOChronology (took 26 ms, size +18%)
INFO: New number of coverage counters: 2048
INFO: Instrumented org.joda.time.chrono.AssembledChronology (took 67 ms, size +14%)
INFO: Instrumented org.joda.time.chrono.BaseChronology (took 89 ms, size +17%)
INFO: Instrumented org.joda.time.DateTimeZone (took 269 ms, size +22%)
INFO: Instrumented org.joda.time.DateTime$Property (took 36 ms, size +20%)
INFO: Instrumented org.joda.time.field.AbstractReadableInstantFieldProperty (took 60 ms, size +19%)
INFO: Instrumented org.joda.time.DateTimeFieldType (took 64 ms, size +12%)
INFO: Instrumented org.joda.time.ReadablePeriod (took 0 ms, size +0%)
INFO: Instrumented org.joda.time.ReadableDuration (took 0 ms, size +0%)
INFO: New number of coverage counters: 4096
INFO: Instrumented org.joda.time.LocalDate (took 135 ms, size +13%)
INFO: Instrumented org.joda.time.ReadablePartial (took 1 ms, size +0%)
INFO: Instrumented org.joda.time.base.BaseLocal (took 3 ms, size +52%)
INFO: Instrumented org.joda.time.base.AbstractPartial (took 27 ms, size +19%)
INFO: Instrumented org.joda.time.LocalTime (took 101 ms, size +13%)
INFO: Instrumented org.joda.time.LocalDateTime (took 123 ms, size +13%)
INFO: Instrumented org.joda.time.format.DateTimeFormatter (took 26 ms, size +14%)
INFO: Instrumented org.joda.time.DurationFieldType (took 7 ms, size +18%)
INFO: Instrumented org.joda.time.DateMidnight (took 26 ms, size +12%)
INFO: Instrumented org.joda.time.YearMonthDay (took 25 ms, size +12%)
INFO: Instrumented org.joda.time.base.BasePartial (took 11 ms, size +13%)
INFO: Instrumented org.joda.time.TimeOfDay (took 23 ms, size +12%)
INFO: Instrumented org.joda.time.Instant (took 9 ms, size +19%)
INFO: Instrumented org.joda.time.DateTimeField (took 2 ms, size +19%)
INFO: Instrumented org.joda.time.MutableDateTime (took 36 ms, size +12%)
INFO: Instrumented org.joda.time.ReadWritableDateTime (took 1 ms, size +0%)
INFO: Instrumented org.joda.time.ReadWritableInstant (took 0 ms, size +0%)
INFO: Instrumented org.joda.time.format.DateTimePrinter (took 0 ms, size +0%)
INFO: Instrumented org.joda.time.format.DateTimeParser (took 0 ms, size +0%)
[harness] target=org.joda.time.DateTime factories=9 methods=120
INFO: Instrumented org.joda.time.DurationField (took 22 ms, size +36%)
INFO: Instrumented org.joda.time.field.UnsupportedDurationField (took 53 ms, size +25%)
INFO: New number of coverage counters: 8192
INFO: Instrumented org.joda.time.field.UnsupportedDateTimeField (took 141 ms, size +14%)
INFO: Instrumented org.joda.time.IllegalFieldValueException (took 54 ms, size +13%)
INFO: Instrumented org.joda.time.chrono.GregorianChronology (took 140 ms, size +20%)
INFO: Instrumented org.joda.time.chrono.BasicGJChronology (took 20 ms, size +32%)
INFO: Instrumented org.joda.time.chrono.BasicChronology (took 62 ms, size +14%)
INFO: Instrumented org.joda.time.chrono.ZonedChronology (took 18 ms, size +20%)
INFO: Instrumented org.joda.time.field.DividedDateTimeField (took 8 ms, size +21%)
INFO: Instrumented org.joda.time.field.DecoratedDateTimeField (took 13 ms, size +27%)
INFO: Instrumented org.joda.time.field.BaseDateTimeField (took 93 ms, size +18%)
INFO: Instrumented org.joda.time.field.RemainderDateTimeField (took 23 ms, size +18%)
INFO: Instrumented org.joda.time.field.PreciseDurationField (took 23 ms, size +30%)
INFO: Instrumented org.joda.time.field.BaseDurationField (took 26 ms, size +24%)
INFO: Instrumented org.joda.time.field.PreciseDateTimeField (took 21 ms, size +30%)
INFO: Instrumented org.joda.time.field.PreciseDurationDateTimeField (took 17 ms, size +26%)
INFO: Instrumented org.joda.time.field.ZeroIsMaxDateTimeField (took 23 ms, size +19%)
INFO: Instrumented org.joda.time.chrono.BasicChronology$HalfdayField (took 3 ms, size +23%)
INFO: Instrumented org.joda.time.chrono.BasicYearDateTimeField (took 22 ms, size +22%)
INFO: Instrumented org.joda.time.field.ImpreciseDateTimeField (took 16 ms, size +31%)
INFO: Instrumented org.joda.time.chrono.GJYearOfEraDateTimeField (took 12 ms, size +21%)
INFO: Instrumented org.joda.time.field.OffsetDateTimeField (took 40 ms, size +20%)
INFO: Instrumented org.joda.time.chrono.GJEraDateTimeField (took 9 ms, size +19%)
INFO: Instrumented org.joda.time.chrono.GJDayOfWeekDateTimeField (took 6 ms, size +16%)
INFO: Instrumented org.joda.time.chrono.BasicDayOfMonthDateTimeField (took 9 ms, size +23%)
INFO: Instrumented org.joda.time.chrono.BasicDayOfYearDateTimeField (took 5 ms, size +24%)
INFO: Instrumented org.joda.time.chrono.GJMonthOfYearDateTimeField (took 4 ms, size +23%)
INFO: Instrumented org.joda.time.chrono.BasicMonthOfYearDateTimeField (took 13 ms, size +21%)
INFO: Instrumented org.joda.time.chrono.BasicWeekyearDateTimeField (took 10 ms, size +22%)
INFO: Instrumented org.joda.time.chrono.BasicWeekOfWeekyearDateTimeField (took 5 ms, size +21%)
INFO: Instrumented org.joda.time.field.MillisDurationField (took 12 ms, size +23%)
INFO: Instrumented org.joda.time.DurationFieldType$StandardDurationFieldType (took 4 ms, size +27%)
INFO: Instrumented org.joda.time.DateTimeFieldType$StandardDateTimeFieldType (took 10 ms, size +21%)
INFO: Instrumented org.joda.time.tz.Provider (took 0 ms, size +0%)
INFO: Instrumented org.joda.time.JodaTimePermission (took 2 ms, size +49%)
INFO: Instrumented org.joda.time.tz.FixedDateTimeZone (took 6 ms, size +37%)
INFO: Instrumented org.joda.time.DateTimeZone$1 (took 8 ms, size +30%)
INFO: Instrumented org.joda.time.IllegalInstantException (took 8 ms, size +28%)
INFO: Instrumented org.joda.time.tz.NameProvider (took 0 ms, size +0%)
INFO: Instrumented org.joda.time.tz.ZoneInfoProvider (took 21 ms, size +23%)
INFO: Instrumented org.joda.time.tz.DefaultNameProvider (took 13 ms, size +42%)
INFO: Instrumented org.joda.time.chrono.AssembledChronology$Fields (took 18 ms, size +31%)
INFO: Instrumented org.joda.time.field.ImpreciseDateTimeField$LinkedDurationField (took 20 ms, size +21%)
INFO: Instrumented org.joda.time.field.ScaledDurationField (took 23 ms, size +28%)
INFO: Instrumented org.joda.time.field.DecoratedDurationField (took 19 ms, size +26%)
INFO: Instrumented org.joda.time.chrono.BasicChronology$YearInfo (took 18 ms, size +45%)
INFO: Instrumented org.joda.time.chrono.ISOYearOfEraDateTimeField (took 28 ms, size +22%)
INFO: Instrumented org.joda.time.tz.DateTimeZoneBuilder (took 54 ms, size +19%)
INFO: Instrumented org.joda.time.tz.DateTimeZoneBuilder$PrecalculatedZone (took 64 ms, size +24%)
INFO: Instrumented org.joda.time.tz.CachedDateTimeZone (took 11 ms, size +22%)
INFO: Instrumented org.joda.time.tz.DateTimeZoneBuilder$DSTZone (took 11 ms, size +25%)
INFO: Instrumented org.joda.time.chrono.ZonedChronology$ZonedDurationField (took 14 ms, size +25%)
INFO: Instrumented org.joda.time.chrono.ZonedChronology$ZonedDateTimeField (took 26 ms, size +19%)
INFO: Instrumented org.joda.time.DateTimeUtils (took 25 ms, size +16%)
INFO: Instrumented org.joda.time.DateTimeUtils$MillisProvider (took 15 ms, size +0%)
INFO: Instrumented org.joda.time.ReadableInterval (took 0 ms, size +0%)
INFO: Instrumented org.joda.time.DateTimeUtils$SystemMillisProvider (took 10 ms, size +43%)
INFO: Instrumented org.joda.time.tz.DateTimeZoneBuilder$Recurrence (took 30 ms, size +28%)
INFO: Instrumented org.joda.time.tz.DateTimeZoneBuilder$OfYear (took 17 ms, size +26%)
INFO: Instrumented org.joda.time.tz.CachedDateTimeZone$Info (took 5 ms, size +37%)
INFO: found LLVMFuzzerCustomMutator (0x705ffb16fcd0). Disabling -len_control by default.
INFO: Running with entropic power schedule (0xFF, 100).
INFO: Seed: 1955756236
INFO: using inputs from: /tmp/bugrun/time_2.XFaEEE/.cifuzz-corpus/com.example.algorithm2.Algorithm2Test/testParameterizedFuzzer
INFO: using inputs from: /tmp/jazzer-java-seeds6137489791924199119
INFO: Loaded 5 modules   (8192 inline 8-bit counters): 512 [0x706114b7ee80, 0x706114b7f080), 512 [0x706114b7f080, 0x706114b7f280), 1024 [0x706114b7f280, 0x706114b7f680), 2048 [0x706114b7f680, 0x706114b7fe80), 4096 [0x706114b7fe80, 0x706114b80e80), 
INFO: Loaded 5 PC tables (8192 PCs): 512 [0x706114a29f60,0x706114a2bf60), 512 [0x706114cb14d0,0x706114cb34d0), 1024 [0x7061144f4020,0x7061144f8020), 2048 [0x70611476a290,0x706114772290), 4096 [0x70611473a2f0,0x70611474a2f0), 
INFO:        0 files found in /tmp/bugrun/time_2.XFaEEE/.cifuzz-corpus/com.example.algorithm2.Algorithm2Test/testParameterizedFuzzer
INFO:        0 files found in /tmp/jazzer-java-seeds6137489791924199119
INFO: -max_len is not provided; libFuzzer will not generate inputs larger than 4096 bytes
INFO: A corpus is not provided, starting from an empty corpus
#2	INITED cov: 91 ft: 91 corp: 1/1b exec/s: 0 rss: 1171Mb
INFO: Instrumented org.joda.time.MutablePeriod (took 33 ms, size +11%)
INFO: Instrumented org.joda.time.ReadWritablePeriod (took 0 ms, size +0%)
INFO: Instrumented org.joda.time.base.BasePeriod (took 16 ms, size +15%)
INFO: Instrumented org.joda.time.base.AbstractPeriod (took 9 ms, size +24%)
#3	NEW    cov: 117 ft: 125 corp: 2/2b lim: 4 exec/s: 0 rss: 1171Mb L: 1/1 MS: 2 ChangeByte-Custom-
#4	NEW    cov: 119 ft: 127 corp: 3/3b lim: 4 exec/s: 0 rss: 1171Mb L: 1/1 MS: 2 ChangeBit-Custom-
#6	NEW    cov: 188 ft: 217 corp: 4/5b lim: 4 exec/s: 0 rss: 1171Mb L: 2/2 MS: 4 ShuffleBytes-Custom-CopyPart-Custom-
#7	NEW    cov: 190 ft: 220 corp: 5/7b lim: 4 exec/s: 0 rss: 1171Mb L: 2/2 MS: 2 ChangeBinInt-Custom-
INFO: Instrumented org.joda.time.PeriodType (took 21 ms, size +18%)
INFO: #9	NEW    cov: 285 ft: 323 corp: 6/9b lim: 4 exec/s: 0 rss: 1171Mb L: 2/2 MS: 4 ChangeByte-Custom-InsertByte-Custom-
#10	NEW    cov: 286 ft: 324 corp: 7/12b lim: 4 exec/s: 0 rss: 1171Mb L: 3/3 MS: 2 CrossOver-Custom-
#11	NEW    cov: 296 ft: 344 corp: 8/13b lim: 4 exec/s: 0 rss: 1171Mb L: 1/3 MS: 2 ChangeByte-Custom-
#14	NEW    cov: 297 ft: 345 corp: 9/16b lim: 4 exec/s: 0 rss: 1171Mb L: 3/3 MS: 6 InsertByte-Custom-InsertByte-Custom-ShuffleBytes-Custom-
#15	NEW    cov: 370 ft: 436 corp: 10/18b lim: 4 exec/s: 0 rss: 1171Mb L: 2/3 MS: 2 ChangeBit-Custom-
#17	NEW    cov: 385 ft: 475 corp: 11/19b lim: 4 exec/s: 0 rss: 1171Mb L: 1/3 MS: 4 ShuffleBytes-Custom-ChangeByte-Custom-
#19	NEW    cov: 386 ft: 476 corp: 12/20b lim: 4 exec/s: 0 rss: 1171Mb L: 1/3 MS: 4 ChangeBit-Custom-EraseBytes-Custom-
New number of coverage counters: 16384
#20	NEW    cov: 471 ft: 576 corp: 13/22b lim: 4 exec/s: 0 rss: 1171Mb L: 2/3 MS: 2 InsertByte-Custom-
INFO: Instrumented org.joda.time.Period (took 46 ms, size +14%)
INFO: #22	NEW    cov: 477 ft: 585 corp: 14/23b lim: 4 exec/s: 0 rss: 1171Mb L: 1/3 MS: 4 CrossOver-Custom-ChangeBit-Custom-
Instrumented org.joda.time.field.FieldUtils (took 19 ms, size +30%)
#24	NEW    cov: 479 ft: 590 corp: 15/25b lim: 4 exec/s: 0 rss: 1171Mb L: 2/3 MS: 4 ChangeBit-Custom-EraseBytes-Custom-
MS: 2 CopyPart-Custom-; base unit: 6c79be11ab17c202cec77a0ef0ee7ac49f741fb2
0xa,0xa,0xb8,
\012\012\270
artifact_prefix='/tmp/bugrun/time_2.XFaEEE/'; Test unit written to /tmp/bugrun/time_2.XFaEEE/crash-5e77c7022a7ae546c62ec390fa9063602b81350f
Base64: Cgq4
Done 25 runs in 0 second(s)
INFO: Instrumented org.joda.time.format.DateTimeParserBucket (took 14 ms, size +15%)
INFO: Instrumented org.joda.time.format.DateTimeParserBucket$SavedField (took 3 ms, size +26%)
DEDUP_TOKEN: 449f45a224b81711
[ERROR] Tests run: 2, Failures: 0, Errors: 1, Skipped: 0, Time elapsed: 16.11 s <<< FAILURE! -- in com.example.algorithm2.Algorithm2Test
[ERROR] com.example.algorithm2.Algorithm2Test.testParameterizedFuzzer(FuzzedDataProvider)[2] -- Time elapsed: 0.469 s <<< ERROR!
org.joda.time.IllegalFieldValueException: Value -1 for era must be in the range [0,1]
	at org.joda.time.field.FieldUtils.verifyValueBounds(FieldUtils.java:236)
	at org.joda.time.chrono.GJEraDateTimeField.set(GJEraDateTimeField.java:81)
	at org.joda.time.chrono.ZonedChronology$ZonedDateTimeField.set(ZonedChronology.java:481)
	at org.joda.time.DateTime.withEra(DateTime.java:1579)
	at java.base/jdk.internal.reflect.NativeMethodAccessorImpl.invoke0(Native Method)
	at java.base/jdk.internal.reflect.NativeMethodAccessorImpl.invoke(NativeMethodAccessorImpl.java:62)
	at java.base/jdk.internal.reflect.DelegatingMethodAccessorImpl.invoke(DelegatingMethodAccessorImpl.java:43)
	at java.base/java.lang.reflect.Method.invoke(Method.java:566)
	at com.example.algorithm2.Algorithm2Test.testParameterizedFuzzer(Algorithm2Test.java:226)

[INFO] 
[INFO] Results:
[INFO] 
[ERROR] Errors: 
[ERROR]   Algorithm2Test.testParameterizedFuzzer:226 » IllegalFieldValue Value -1 for era must be in the range [0,1]
[INFO] 
[ERROR] Tests run: 2, Failures: 0, Errors: 1, Skipped: 0
[INFO] 
[ERROR] 

Please refer to /tmp/bugrun/time_2.XFaEEE/target/surefire-reports for the individual test results.
Please refer to dump files (if any exist) [date].dump, [date]-jvmRun[N].dump and [date].dumpstream.
[INFO] 
[INFO] --- jacoco:0.8.11:report (default-cli) @ AlgorithmName2 ---
[INFO] Loading execution data file /tmp/bugrun/time_2.XFaEEE/target/jacoco.exec
[INFO] Analyzed bundle 'AlgorithmName2' with 209 classes
[INFO] ------------------------------------------------------------------------
[INFO] BUILD SUCCESS
[INFO] ------------------------------------------------------------------------
[INFO] Total time:  35.697 s
[INFO] Finished at: 2026-10-06T04:20:47+07:00
[INFO] ------------------------------------------------------------------------
