[INFO] Scanning for projects...
[INFO] 
[INFO] ---------------------< com.example:AlgorithmName2 >---------------------
[INFO] Building AlgorithmName2 1.0-SNAPSHOT
[INFO]   from pom.xml
[INFO] --------------------------------[ jar ]---------------------------------
[INFO] 
[INFO] --- jacoco:0.8.11:prepare-agent (default) @ AlgorithmName2 ---
[INFO] argLine set to -javaagent:/home/kanyaphak673380391-3/.m2/repository/org/jacoco/org.jacoco.agent/0.8.11/org.jacoco.agent-0.8.11-runtime.jar=destfile=/tmp/bugrun/collections_8.zMRqFC/target/jacoco.exec
[INFO] 
[INFO] --- resources:3.4.0:resources (default-resources) @ AlgorithmName2 ---
[INFO] Copying 1 resource from src/main/resources to target/classes
[INFO] 
[INFO] --- compiler:3.15.0:compile (default-compile) @ AlgorithmName2 ---
[INFO] Recompiling the module because of changed source code.
[INFO] Compiling 1 source file with javac [debug target 1.8] to target/classes
[WARNING] bootstrap class path not set in conjunction with -source 8
[INFO] 
[INFO] --- dependency:3.6.0:unpack-dependencies (unpack-defects4j) @ AlgorithmName2 ---
[INFO] 
[INFO] --- resources:3.4.0:testResources (default-testResources) @ AlgorithmName2 ---
[INFO] skip non existing resourceDirectory /tmp/bugrun/collections_8.zMRqFC/src/test/resources
[INFO] 
[INFO] --- compiler:3.15.0:testCompile (default-testCompile) @ AlgorithmName2 ---
[INFO] Recompiling the module because of changed dependency.
[INFO] Compiling 1 source file with javac [debug target 1.8] to target/test-classes
[WARNING] bootstrap class path not set in conjunction with -source 8
[INFO] 
[INFO] --- surefire:3.1.2:test (default-cli) @ AlgorithmName2 ---
[INFO] Using auto detected provider org.apache.maven.surefire.junitplatform.JUnitPlatformProvider
[INFO] 
[INFO] -------------------------------------------------------
[INFO]  T E S T S
[INFO] -------------------------------------------------------
[INFO] Running com.example.algorithm2.Algorithm2Test
OpenJDK 64-Bit Server VM warning: Sharing is only supported for boot loader classes because bootstrap classpath has been appended
INFO: Loaded 458 hooks from com.code_intelligence.jazzer.runtime.TraceCmpHooks
INFO: Loaded 5 hooks from com.code_intelligence.jazzer.runtime.TraceDivHooks
INFO: Loaded 2 hooks from com.code_intelligence.jazzer.runtime.TraceIndirHooks
INFO: Loaded 4 hooks from com.code_intelligence.jazzer.runtime.NativeLibHooks
INFO: Loaded 2 hooks from com.code_intelligence.jazzer.sanitizers.ClojureLangHooks
INFO: Loaded 5 hooks from com.code_intelligence.jazzer.sanitizers.Deserialization
INFO: Loaded 5 hooks from com.code_intelligence.jazzer.sanitizers.ExpressionLanguageInjection
INFO: Loaded 70 hooks from com.code_intelligence.jazzer.sanitizers.LdapInjection
INFO: Loaded 46 hooks from com.code_intelligence.jazzer.sanitizers.NamingContextLookup
INFO: Loaded 1 hooks from com.code_intelligence.jazzer.sanitizers.OsCommandInjection
INFO: Loaded 52 hooks from com.code_intelligence.jazzer.sanitizers.ReflectiveCall
INFO: Loaded 8 hooks from com.code_intelligence.jazzer.sanitizers.RegexInjection
INFO: Loaded 16 hooks from com.code_intelligence.jazzer.sanitizers.RegexRoadblocks
INFO: Loaded 18 hooks from com.code_intelligence.jazzer.sanitizers.ScriptEngineInjection
INFO: Loaded 2 hooks from com.code_intelligence.jazzer.sanitizers.ServerSideRequestForgery
INFO: Loaded 19 hooks from com.code_intelligence.jazzer.sanitizers.SqlInjection
INFO: Loaded 6 hooks from com.code_intelligence.jazzer.sanitizers.XPathInjection
INFO: Instrumented com.example.algorithm2.Algorithm2Test$Skip (took 127 ms, size +44%)
INFO: Instrumented com.example.algorithm2.Algorithm2Test (took 108 ms, size +27%)
INFO: Instrumented org.apache.commons.collections.ListUtils (took 141 ms, size +23%)
[harness] Fallback target loaded: org.apache.commons.collections.ListUtils (original was org.apache.commons.collections4.ListUtils)
INFO: Instrumented org.apache.commons.collections.Predicate (took 1 ms, size +0%)
INFO: Instrumented org.apache.commons.collections.Transformer (took 0 ms, size +0%)
INFO: Instrumented org.apache.commons.collections.Factory (took 9 ms, size +0%)
[harness] target=org.apache.commons.collections.ListUtils factories=1 methods=15
INFO: found LLVMFuzzerCustomMutator (0x7f05bf070cd0). Disabling -len_control by default.
INFO: Running with entropic power schedule (0xFF, 100).
INFO: Seed: 1547078590
INFO: Loaded 1 modules   (512 inline 8-bit counters): 512 [0x7f06d0babdb0, 0x7f06d0babfb0), 
INFO: Loaded 1 PC tables (512 PCs): 512 [0x7f06d0a82820,0x7f06d0a84820), 
INFO:        0 files found in /tmp/bugrun/collections_8.zMRqFC/.cifuzz-corpus/com.example.algorithm2.Algorithm2Test/testParameterizedFuzzer
INFO:        0 files found in /tmp/jazzer-java-seeds11713486693765034784
INFO: -max_len is not provided; libFuzzer will not generate inputs larger than 4096 bytes
INFO: A corpus is not provided, starting from an empty corpus
INFO: using inputs from: /tmp/bugrun/collections_8.zMRqFC/.cifuzz-corpus/com.example.algorithm2.Algorithm2Test/testParameterizedFuzzer
INFO: using inputs from: /tmp/jazzer-java-seeds11713486693765034784
#2	INITED cov: 58 ft: 58 corp: 1/1b exec/s: 0 rss: 867Mb
#3	NEW    cov: 63 ft: 69 corp: 2/2b lim: 4 exec/s: 0 rss: 867Mb L: 1/1 MS: 2 ChangeByte-Custom-
INFO: Instrumented org.apache.commons.collections.list.PredicatedList (took 32 ms, size +20%)
INFO: New number of coverage counters: 1024
INFO: Instrumented org.apache.commons.collections.collection.PredicatedCollection (took 16 ms, size +25%)
INFO: Instrumented org.apache.commons.collections.collection.AbstractSerializableCollectionDecorator (took 10 ms, size +38%)
INFO: Instrumented org.apache.commons.collections.collection.AbstractCollectionDecorator (took 38 ms, size +21%)
#4	NEW    cov: 76 ft: 86 corp: 3/3b lim: 4 exec/s: 0 rss: 888Mb L: 1/1 MS: 2 ChangeByte-Custom-
#5	NEW    cov: 79 ft: 90 corp: 4/4b lim: 4 exec/s: 0 rss: 888Mb L: 1/1 MS: 2 ShuffleBytes-Custom-
INFO: Instrumented org.apache.commons.collections.list.SynchronizedList (took 19 ms, size +18%)
INFO: Instrumented org.apache.commons.collections.collection.SynchronizedCollection (took 32 ms, size +17%)
INFO: Instrumented org.apache.commons.collections.list.FixedSizeList (took 28 ms, size +17%)
INFO: #6	NEW    cov: 96 ft: 107 corp: 5/5b lim: 4 exec/s: 0 rss: 914Mb L: 1/1 MS: 2 ChangeBit-Custom-
Instrumented org.apache.commons.collections.BoundedCollection (took 0 ms, size +0%)
INFO: Instrumented org.apache.commons.collections.list.AbstractSerializableListDecorator (took 7 ms, size +38%)
MS: 2 CrossOver-Custom-; base unit: fb3c6e4de85bd9eae26fdc63e75f10a7f39e850e
0x7e,0xa,
~\012
artifact_prefix='/tmp/bugrun/collections_8.zMRqFC/'; Test unit written to /tmp/bugrun/collections_8.zMRqFC/crash-f73ee080cfb5894aa897c6f45ab0d60954e69f93
Base64: fgo=
Done 7 runs in 0 second(s)
INFO: Instrumented org.apache.commons.collections.list.AbstractListDecorator (took 17 ms, size +22%)
DEDUP_TOKEN: 0c94d51c98f6367a
[ERROR] Tests run: 2, Failures: 0, Errors: 1, Skipped: 0, Time elapsed: 6.452 s <<< FAILURE! -- in com.example.algorithm2.Algorithm2Test
[ERROR] com.example.algorithm2.Algorithm2Test.testParameterizedFuzzer(FuzzedDataProvider)[2] -- Time elapsed: 0.439 s <<< ERROR!
java.lang.IllegalArgumentException: Cannot add Object '' - Predicate rejected it
	at org.apache.commons.collections.collection.PredicatedCollection.validate(PredicatedCollection.java:101)
	at org.apache.commons.collections.collection.PredicatedCollection.<init>(PredicatedCollection.java:86)
	at org.apache.commons.collections.list.PredicatedList.<init>(PredicatedList.java:80)
	at org.apache.commons.collections.list.PredicatedList.decorate(PredicatedList.java:64)
	at org.apache.commons.collections.ListUtils.predicatedList(ListUtils.java:331)
	at java.base/jdk.internal.reflect.NativeMethodAccessorImpl.invoke0(Native Method)
	at java.base/jdk.internal.reflect.NativeMethodAccessorImpl.invoke(NativeMethodAccessorImpl.java:62)
	at java.base/jdk.internal.reflect.DelegatingMethodAccessorImpl.invoke(DelegatingMethodAccessorImpl.java:43)
	at java.base/java.lang.reflect.Method.invoke(Method.java:566)
	at com.example.algorithm2.Algorithm2Test.testParameterizedFuzzer(Algorithm2Test.java:226)

[INFO] 
[INFO] Results:
[INFO] 
[ERROR] Errors: 
[ERROR]   Algorithm2Test.testParameterizedFuzzer:226 » IllegalArgument Cannot add Object '' - Predicate rejected it
[INFO] 
[ERROR] Tests run: 2, Failures: 0, Errors: 1, Skipped: 0
[INFO] 
[ERROR] 

Please refer to /tmp/bugrun/collections_8.zMRqFC/target/surefire-reports for the individual test results.
Please refer to dump files (if any exist) [date].dump, [date]-jvmRun[N].dump and [date].dumpstream.
[INFO] 
[INFO] --- jacoco:0.8.11:report (default-cli) @ AlgorithmName2 ---
[INFO] Loading execution data file /tmp/bugrun/collections_8.zMRqFC/target/jacoco.exec
[INFO] Analyzed bundle 'AlgorithmName2' with 421 classes
[INFO] ------------------------------------------------------------------------
[INFO] BUILD SUCCESS
[INFO] ------------------------------------------------------------------------
[INFO] Total time:  16.109 s
[INFO] Finished at: 2026-10-06T01:50:49+07:00
[INFO] ------------------------------------------------------------------------
