[INFO] Scanning for projects...
[INFO] 
[INFO] ---------------------< com.example:AlgorithmName2 >---------------------
[INFO] Building AlgorithmName2 1.0-SNAPSHOT
[INFO]   from pom.xml
[INFO] --------------------------------[ jar ]---------------------------------
[INFO] 
[INFO] --- jacoco:0.8.11:prepare-agent (default) @ AlgorithmName2 ---
[INFO] argLine set to -javaagent:/home/kanyaphak673380391-3/.m2/repository/org/jacoco/org.jacoco.agent/0.8.11/org.jacoco.agent-0.8.11-runtime.jar=destfile=/tmp/bugrun/lang_62.uObQST/target/jacoco.exec
[INFO] 
[INFO] --- resources:3.4.0:resources (default-resources) @ AlgorithmName2 ---
[INFO] Copying 1 resource from src/main/resources to target/classes
[INFO] 
[INFO] --- compiler:3.15.0:compile (default-compile) @ AlgorithmName2 ---
[INFO] Recompiling the module because of changed source code.
[INFO] Compiling 1 source file with javac [debug target 1.8] to target/classes
[WARNING] bootstrap class path not set in conjunction with -source 8
[INFO] 
[INFO] --- dependency:3.6.0:unpack-dependencies (unpack-defects4j) @ AlgorithmName2 ---
[INFO] 
[INFO] --- resources:3.4.0:testResources (default-testResources) @ AlgorithmName2 ---
[INFO] skip non existing resourceDirectory /tmp/bugrun/lang_62.uObQST/src/test/resources
[INFO] 
[INFO] --- compiler:3.15.0:testCompile (default-testCompile) @ AlgorithmName2 ---
[INFO] Recompiling the module because of changed dependency.
[INFO] Compiling 1 source file with javac [debug target 1.8] to target/test-classes
[WARNING] bootstrap class path not set in conjunction with -source 8
[INFO] 
[INFO] --- surefire:3.1.2:test (default-cli) @ AlgorithmName2 ---
[INFO] Using auto detected provider org.apache.maven.surefire.junitplatform.JUnitPlatformProvider
[INFO] 
[INFO] -------------------------------------------------------
[INFO]  T E S T S
[INFO] -------------------------------------------------------
[INFO] Running com.example.algorithm2.Algorithm2Test
OpenJDK 64-Bit Server VM warning: Sharing is only supported for boot loader classes because bootstrap classpath has been appended
INFO: Loaded 288 hooks from com.code_intelligence.jazzer.runtime.TraceCmpHooks
INFO: Loaded 5 hooks from com.code_intelligence.jazzer.runtime.TraceDivHooks
INFO: Loaded 2 hooks from com.code_intelligence.jazzer.runtime.TraceIndirHooks
INFO: Loaded 4 hooks from com.code_intelligence.jazzer.runtime.NativeLibHooks
INFO: Loaded 2 hooks from com.code_intelligence.jazzer.sanitizers.ClojureLangHooks
INFO: Loaded 5 hooks from com.code_intelligence.jazzer.sanitizers.Deserialization
INFO: Loaded 5 hooks from com.code_intelligence.jazzer.sanitizers.ExpressionLanguageInjection
INFO: Loaded 70 hooks from com.code_intelligence.jazzer.sanitizers.LdapInjection
INFO: Loaded 46 hooks from com.code_intelligence.jazzer.sanitizers.NamingContextLookup
INFO: Loaded 1 hooks from com.code_intelligence.jazzer.sanitizers.OsCommandInjection
INFO: Loaded 52 hooks from com.code_intelligence.jazzer.sanitizers.ReflectiveCall
INFO: Loaded 8 hooks from com.code_intelligence.jazzer.sanitizers.RegexInjection
INFO: Loaded 16 hooks from com.code_intelligence.jazzer.sanitizers.RegexRoadblocks
INFO: Loaded 18 hooks from com.code_intelligence.jazzer.sanitizers.ScriptEngineInjection
INFO: Loaded 2 hooks from com.code_intelligence.jazzer.sanitizers.ServerSideRequestForgery
INFO: Loaded 19 hooks from com.code_intelligence.jazzer.sanitizers.SqlInjection
INFO: Loaded 6 hooks from com.code_intelligence.jazzer.sanitizers.XPathInjection
INFO: Instrumented com.example.algorithm2.Algorithm2Test$Skip (took 158 ms, size +44%)
INFO: Instrumented com.example.algorithm2.Algorithm2Test (took 114 ms, size +27%)
INFO: New number of coverage counters: 1024
INFO: New number of coverage counters: 2048
INFO: Instrumented org.apache.commons.lang.StringUtils (took 196 ms, size +32%)
[harness] Fallback target loaded: org.apache.commons.lang.StringUtils (original was org.apache.commons.lang3.StringUtils)
[harness] target=org.apache.commons.lang.StringUtils factories=1 methods=134
INFO: Instrumented org.apache.commons.lang.StringEscapeUtils (took 23 ms, size +20%)
INFO: Instrumented org.apache.commons.lang.exception.NestableRuntimeException (took 13 ms, size +22%)
INFO: Instrumented org.apache.commons.lang.exception.Nestable (took 1 ms, size +0%)
INFO: using inputs from: /tmp/bugrun/lang_62.uObQST/.cifuzz-corpus/com.example.algorithm2.Algorithm2Test/testParameterizedFuzzer
INFO: using inputs from: /tmp/jazzer-java-seeds2528088563833452102
INFO: found LLVMFuzzerCustomMutator (0x7a8fc5b72cd0). Disabling -len_control by default.
INFO: Running with entropic power schedule (0xFF, 100).
INFO: Seed: 2769587746
INFO: Loaded 3 modules   (2048 inline 8-bit counters): 512 [0x7a9074c5ce60, 0x7a9074c5d060), 512 [0x7a9074c5d060, 0x7a9074c5d260), 1024 [0x7a9074c5d260, 0x7a9074c5d660), 
INFO: Loaded 3 PC tables (2048 PCs): 512 [0x7a9074bca7c0,0x7a9074bcc7c0), 512 [0x7a9074793a20,0x7a9074795a20), 1024 [0x7a90745ca5a0,0x7a90745ce5a0), 
INFO:        0 files found in /tmp/bugrun/lang_62.uObQST/.cifuzz-corpus/com.example.algorithm2.Algorithm2Test/testParameterizedFuzzer
INFO:        0 files found in /tmp/jazzer-java-seeds2528088563833452102
INFO: -max_len is not provided; libFuzzer will not generate inputs larger than 4096 bytes
INFO: A corpus is not provided, starting from an empty corpus
#2	INITED cov: 42 ft: 42 corp: 1/1b exec/s: 0 rss: 804Mb
#5	NEW    cov: 44 ft: 44 corp: 2/4b lim: 4 exec/s: 0 rss: 804Mb L: 3/3 MS: 6 CopyPart-Custom-ChangeBit-Custom-CopyPart-Custom-
#7	NEW    cov: 46 ft: 46 corp: 3/6b lim: 4 exec/s: 0 rss: 804Mb L: 2/3 MS: 4 ShuffleBytes-Custom-InsertByte-Custom-
#10	NEW    cov: 53 ft: 53 corp: 4/8b lim: 4 exec/s: 0 rss: 804Mb L: 2/3 MS: 6 CrossOver-Custom-EraseBytes-Custom-CrossOver-Custom-
#15	NEW    cov: 54 ft: 54 corp: 5/11b lim: 4 exec/s: 0 rss: 804Mb L: 3/3 MS: 10 CopyPart-Custom-ShuffleBytes-Custom-CrossOver-Custom-ShuffleBytes-Custom-CrossOver-Custom-
#18	NEW    cov: 56 ft: 56 corp: 6/12b lim: 4 exec/s: 0 rss: 804Mb L: 1/3 MS: 6 EraseBytes-Custom-EraseBytes-Custom-ChangeByte-Custom-
#19	NEW    cov: 59 ft: 63 corp: 7/13b lim: 4 exec/s: 0 rss: 804Mb L: 1/3 MS: 2 ChangeByte-Custom-
#27	NEW    cov: 62 ft: 68 corp: 8/17b lim: 4 exec/s: 0 rss: 804Mb L: 4/4 MS: 6 InsertByte-Custom-InsertByte-Custom-ChangeBinInt-Custom-
#32	NEW    cov: 67 ft: 73 corp: 9/19b lim: 4 exec/s: 0 rss: 804Mb L: 2/4 MS: 10 EraseBytes-Custom-ChangeByte-Custom-CrossOver-Custom-InsertByte-Custom-EraseBytes-Custom-
#36	NEW    cov: 69 ft: 75 corp: 10/20b lim: 4 exec/s: 0 rss: 805Mb L: 1/4 MS: 8 CrossOver-Custom-ShuffleBytes-Custom-ShuffleBytes-Custom-ChangeByte-Custom-
#37	NEW    cov: 71 ft: 77 corp: 11/23b lim: 4 exec/s: 0 rss: 805Mb L: 3/4 MS: 2 InsertByte-Custom-
#41	NEW    cov: 82 ft: 88 corp: 12/27b lim: 4 exec/s: 0 rss: 805Mb L: 4/4 MS: 8 CopyPart-Custom-ShuffleBytes-Custom-CrossOver-Custom-CrossOver-Custom-
#42	NEW    cov: 82 ft: 98 corp: 13/29b lim: 4 exec/s: 0 rss: 805Mb L: 2/4 MS: 2 ChangeBit-Custom-
#45	NEW    cov: 84 ft: 100 corp: 14/31b lim: 4 exec/s: 0 rss: 805Mb L: 2/4 MS: 6 CrossOver-Custom-ShuffleBytes-Custom-ChangeBit-Custom-
#47	NEW    cov: 85 ft: 101 corp: 15/34b lim: 4 exec/s: 0 rss: 805Mb L: 3/4 MS: 4 ChangeBinInt-Custom-InsertByte-Custom-
#48	NEW    cov: 90 ft: 106 corp: 16/37b lim: 4 exec/s: 0 rss: 805Mb L: 3/4 MS: 2 CrossOver-Custom-
#49	NEW    cov: 112 ft: 129 corp: 17/41b lim: 4 exec/s: 0 rss: 805Mb L: 4/4 MS: 2 InsertByte-Custom-
#53	NEW    cov: 116 ft: 133 corp: 18/42b lim: 4 exec/s: 0 rss: 805Mb L: 1/4 MS: 8 CopyPart-Custom-InsertByte-Custom-CrossOver-Custom-CrossOver-Custom-
#56	NEW    cov: 119 ft: 136 corp: 19/44b lim: 4 exec/s: 0 rss: 805Mb L: 2/4 MS: 6 CrossOver-Custom-EraseBytes-Custom-ChangeBit-Custom-
#57	NEW    cov: 121 ft: 138 corp: 20/45b lim: 4 exec/s: 0 rss: 805Mb L: 1/4 MS: 2 ChangeByte-Custom-
#66	NEW    cov: 123 ft: 140 corp: 21/49b lim: 4 exec/s: 0 rss: 805Mb L: 4/4 MS: 8 ChangeByte-Custom-CopyPart-Custom-CrossOver-Custom-ChangeByte-Custom-
#68	REDUCE cov: 123 ft: 140 corp: 21/48b lim: 4 exec/s: 0 rss: 805Mb L: 3/4 MS: 4 ShuffleBytes-Custom-EraseBytes-Custom-
#72	NEW    cov: 124 ft: 141 corp: 22/51b lim: 4 exec/s: 0 rss: 805Mb L: 3/4 MS: 8 ChangeBinInt-Custom-ShuffleBytes-Custom-ChangeByte-Custom-ShuffleBytes-Custom-
MS: 4 ShuffleBytes-Custom-ChangeByte-Custom-; base unit: 39f7d1d809d44350dc7628473abef70fe241e8b0
0xa,0x8,0xe6,
\012\010\346
artifact_prefix='/tmp/bugrun/lang_62.uObQST/'; Test unit written to /tmp/bugrun/lang_62.uObQST/crash-1ddcdc0e2f291fdeae2b0eec41eefde4ec3e573a
Base64: CgjmDEDUP_TOKEN: fb6a962c96fc8a47

Done 79 runs in 0 second(s)
[ERROR] Tests run: 2, Failures: 0, Errors: 1, Skipped: 0, Time elapsed: 5.721 s <<< FAILURE! -- in com.example.algorithm2.Algorithm2Test
[ERROR] com.example.algorithm2.Algorithm2Test.testParameterizedFuzzer(FuzzedDataProvider)[2] -- Time elapsed: 0.243 s <<< ERROR!
java.lang.IllegalArgumentException: Minimum abbreviation width is 4
	at org.apache.commons.lang.StringUtils.abbreviate(StringUtils.java:4777)
	at java.base/jdk.internal.reflect.NativeMethodAccessorImpl.invoke0(Native Method)
	at java.base/jdk.internal.reflect.NativeMethodAccessorImpl.invoke(NativeMethodAccessorImpl.java:62)
	at java.base/jdk.internal.reflect.DelegatingMethodAccessorImpl.invoke(DelegatingMethodAccessorImpl.java:43)
	at java.base/java.lang.reflect.Method.invoke(Method.java:566)
	at com.example.algorithm2.Algorithm2Test.testParameterizedFuzzer(Algorithm2Test.java:226)

[INFO] 
[INFO] Results:
[INFO] 
[ERROR] Errors: 
[ERROR]   Algorithm2Test.testParameterizedFuzzer:226 » IllegalArgument Minimum abbreviation width is 4
[INFO] 
[ERROR] Tests run: 2, Failures: 0, Errors: 1, Skipped: 0
[INFO] 
[ERROR] 

Please refer to /tmp/bugrun/lang_62.uObQST/target/surefire-reports for the individual test results.
Please refer to dump files (if any exist) [date].dump, [date]-jvmRun[N].dump and [date].dumpstream.
[INFO] 
[INFO] --- jacoco:0.8.11:report (default-cli) @ AlgorithmName2 ---
[INFO] Loading execution data file /tmp/bugrun/lang_62.uObQST/target/jacoco.exec
[INFO] Analyzed bundle 'AlgorithmName2' with 120 classes
[INFO] ------------------------------------------------------------------------
[INFO] BUILD SUCCESS
[INFO] ------------------------------------------------------------------------
[INFO] Total time:  14.207 s
[INFO] Finished at: 2026-10-06T02:11:11+07:00
[INFO] ------------------------------------------------------------------------
