[INFO] Scanning for projects...
[INFO] 
[INFO] ---------------------< com.example:AlgorithmName2 >---------------------
[INFO] Building AlgorithmName2 1.0-SNAPSHOT
[INFO]   from pom.xml
[INFO] --------------------------------[ jar ]---------------------------------
[INFO] 
[INFO] --- jacoco:0.8.11:prepare-agent (default) @ AlgorithmName2 ---
[INFO] argLine set to -javaagent:/home/kanyaphak673380391-3/.m2/repository/org/jacoco/org.jacoco.agent/0.8.11/org.jacoco.agent-0.8.11-runtime.jar=destfile=/tmp/bugrun/codec_14.AiFAtc/target/jacoco.exec
[INFO] 
[INFO] --- resources:3.4.0:resources (default-resources) @ AlgorithmName2 ---
[INFO] Copying 1 resource from src/main/resources to target/classes
[INFO] 
[INFO] --- compiler:3.15.0:compile (default-compile) @ AlgorithmName2 ---
[INFO] Recompiling the module because of changed source code.
[INFO] Compiling 1 source file with javac [debug target 1.8] to target/classes
[WARNING] bootstrap class path not set in conjunction with -source 8
[INFO] 
[INFO] --- dependency:3.6.0:unpack-dependencies (unpack-defects4j) @ AlgorithmName2 ---
[INFO] 
[INFO] --- resources:3.4.0:testResources (default-testResources) @ AlgorithmName2 ---
[INFO] skip non existing resourceDirectory /tmp/bugrun/codec_14.AiFAtc/src/test/resources
[INFO] 
[INFO] --- compiler:3.15.0:testCompile (default-testCompile) @ AlgorithmName2 ---
[INFO] Recompiling the module because of changed dependency.
[INFO] Compiling 1 source file with javac [debug target 1.8] to target/test-classes
[WARNING] bootstrap class path not set in conjunction with -source 8
[INFO] 
[INFO] --- surefire:3.1.2:test (default-cli) @ AlgorithmName2 ---
[INFO] Using auto detected provider org.apache.maven.surefire.junitplatform.JUnitPlatformProvider
[INFO] 
[INFO] -------------------------------------------------------
[INFO]  T E S T S
[INFO] -------------------------------------------------------
[INFO] Running com.example.algorithm2.Algorithm2Test
OpenJDK 64-Bit Server VM warning: Sharing is only supported for boot loader classes because bootstrap classpath has been appended
INFO: Loaded 281 hooks from com.code_intelligence.jazzer.runtime.TraceCmpHooks
INFO: Loaded 5 hooks from com.code_intelligence.jazzer.runtime.TraceDivHooks
INFO: Loaded 2 hooks from com.code_intelligence.jazzer.runtime.TraceIndirHooks
INFO: Loaded 4 hooks from com.code_intelligence.jazzer.runtime.NativeLibHooks
INFO: Loaded 2 hooks from com.code_intelligence.jazzer.sanitizers.ClojureLangHooks
INFO: Loaded 5 hooks from com.code_intelligence.jazzer.sanitizers.Deserialization
INFO: Loaded 5 hooks from com.code_intelligence.jazzer.sanitizers.ExpressionLanguageInjection
INFO: Loaded 70 hooks from com.code_intelligence.jazzer.sanitizers.LdapInjection
INFO: Loaded 46 hooks from com.code_intelligence.jazzer.sanitizers.NamingContextLookup
INFO: Loaded 1 hooks from com.code_intelligence.jazzer.sanitizers.OsCommandInjection
INFO: Loaded 52 hooks from com.code_intelligence.jazzer.sanitizers.ReflectiveCall
INFO: Loaded 8 hooks from com.code_intelligence.jazzer.sanitizers.RegexInjection
INFO: Loaded 16 hooks from com.code_intelligence.jazzer.sanitizers.RegexRoadblocks
INFO: Loaded 18 hooks from com.code_intelligence.jazzer.sanitizers.ScriptEngineInjection
INFO: Loaded 2 hooks from com.code_intelligence.jazzer.sanitizers.ServerSideRequestForgery
INFO: Loaded 19 hooks from com.code_intelligence.jazzer.sanitizers.SqlInjection
INFO: Loaded 6 hooks from com.code_intelligence.jazzer.sanitizers.XPathInjection
INFO: Instrumented com.example.algorithm2.Algorithm2Test$Skip (took 190 ms, size +44%)
INFO: Instrumented com.example.algorithm2.Algorithm2Test (took 176 ms, size +27%)
INFO: Instrumented org.apache.commons.codec.binary.Base64 (took 83 ms, size +19%)
INFO: New number of coverage counters: 1024
INFO: Instrumented org.apache.commons.codec.binary.BaseNCodec (took 36 ms, size +21%)
INFO: Instrumented org.apache.commons.codec.BinaryEncoder (took 1 ms, size +0%)
INFO: Instrumented org.apache.commons.codec.Encoder (took 1 ms, size +0%)
INFO: Instrumented org.apache.commons.codec.BinaryDecoder (took 1 ms, size +0%)
INFO: Instrumented org.apache.commons.codec.Decoder (took 0 ms, size +0%)
INFO: Instrumented org.apache.commons.codec.DecoderException (took 6 ms, size +37%)
INFO: Instrumented org.apache.commons.codec.EncoderException (took 5 ms, size +37%)
[harness] target=org.apache.commons.codec.binary.Base64 factories=5 methods=27
INFO: found LLVMFuzzerCustomMutator (0x702b38396cd0). Disabling -len_control by default.
INFO: Running with entropic power schedule (0xFF, 100).
INFO: Seed: 1469941954
INFO: INFO: Loaded 2 modules   (1024 inline 8-bit counters): 512 [0x702ba0ac9b20, 0x702ba0ac9d20), 512 [0x702ba0ac9d20, 0x702ba0ac9f20), 
using inputs from: /tmp/bugrun/codec_14.AiFAtc/.cifuzz-corpus/com.example.algorithm2.Algorithm2Test/testParameterizedFuzzer
INFO: INFO: Loaded 2 PC tables (1024 PCs): 512 [0x702ba0a9e680,0x702ba0aa0680), 512 [0x702ba0a0bd20,0x702ba0a0dd20), 
using inputs from: /tmp/jazzer-java-seeds16394827118996817958
INFO:        0 files found in /tmp/bugrun/codec_14.AiFAtc/.cifuzz-corpus/com.example.algorithm2.Algorithm2Test/testParameterizedFuzzer
INFO:        0 files found in /tmp/jazzer-java-seeds16394827118996817958
INFO: -max_len is not provided; libFuzzer will not generate inputs larger than 4096 bytes
INFO: A corpus is not provided, starting from an empty corpus
#2	INITED cov: 90 ft: 90 corp: 1/1b exec/s: 0 rss: 778Mb
#3	NEW    cov: 90 ft: 91 corp: 2/2b lim: 4 exec/s: 0 rss: 778Mb L: 1/1 MS: 2 ChangeByte-Custom-
#4	NEW    cov: 149 ft: 152 corp: 3/4b lim: 4 exec/s: 0 rss: 779Mb L: 2/2 MS: 2 InsertByte-Custom-
#7	NEW    cov: 172 ft: 179 corp: 4/6b lim: 4 exec/s: 0 rss: 779Mb L: 2/2 MS: 6 CrossOver-Custom-ShuffleBytes-Custom-InsertByte-Custom-
#8	NEW    cov: 172 ft: 183 corp: 5/10b lim: 4 exec/s: 0 rss: 779Mb L: 4/4 MS: 2 CopyPart-Custom-
#10	NEW    cov: 181 ft: 205 corp: 6/11b lim: 4 exec/s: 0 rss: 779Mb L: 1/4 MS: 4 EraseBytes-Custom-ChangeByte-Custom-
#14	NEW    cov: 181 ft: 207 corp: 7/13b lim: 4 exec/s: 0 rss: 779Mb L: 2/4 MS: 8 ShuffleBytes-Custom-ShuffleBytes-Custom-CrossOver-Custom-InsertByte-Custom-
#15	NEW    cov: 185 ft: 211 corp: 8/14b lim: 4 exec/s: 0 rss: 779Mb L: 1/4 MS: 2 ChangeByte-Custom-
#17	NEW    cov: 185 ft: 213 corp: 9/16b lim: 4 exec/s: 0 rss: 779Mb L: 2/4 MS: 4 EraseBytes-Custom-CrossOver-Custom-
#19	NEW    cov: 190 ft: 223 corp: 10/20b lim: 4 exec/s: 0 rss: 779Mb L: 4/4 MS: 4 CrossOver-Custom-ChangeBit-Custom-
#23	NEW    cov: 191 ft: 227 corp: 11/23b lim: 4 exec/s: 0 rss: 779Mb L: 3/4 MS: 8 CopyPart-Custom-EraseBytes-Custom-InsertByte-Custom-InsertByte-Custom-
#24	NEW    cov: 195 ft: 231 corp: 12/25b lim: 4 exec/s: 0 rss: 779Mb L: 2/4 MS: 2 ChangeByte-Custom-
#25	NEW    cov: 198 ft: 234 corp: 13/27b lim: 4 exec/s: 0 rss: 779Mb L: 2/4 MS: 2 InsertByte-Custom-
#32	NEW    cov: 200 ft: 236 corp: 14/28b lim: 4 exec/s: 0 rss: 779Mb L: 1/4 MS: 4 ShuffleBytes-Custom-ChangeByte-Custom-
#34	NEW    cov: 209 ft: 245 corp: 15/30b lim: 4 exec/s: 0 rss: 779Mb L: 2/4 MS: 4 ShuffleBytes-Custom-InsertByte-Custom-
#35	NEW    cov: 210 ft: 246 corp: 16/33b lim: 4 exec/s: 0 rss: 779Mb L: 3/4 MS: 2 InsertByte-Custom-
#37	NEW    cov: 219 ft: 257 corp: 17/37b lim: 4 exec/s: 0 rss: 779Mb L: 4/4 MS: 4 EraseBytes-Custom-InsertByte-Custom-
#42	NEW    cov: 221 ft: 259 corp: 18/39b lim: 4 exec/s: 0 rss: 779Mb L: 2/4 MS: 10 CrossOver-Custom-ShuffleBytes-Custom-ChangeBit-Custom-CopyPart-Custom-EraseBytes-Custom-
#44	NEW    cov: 221 ft: 280 corp: 19/41b lim: 4 exec/s: 0 rss: 779Mb L: 2/4 MS: 4 CrossOver-Custom-InsertByte-Custom-
#45	NEW    cov: 228 ft: 289 corp: 20/43b lim: 4 exec/s: 0 rss: 779Mb L: 2/4 MS: 2 ChangeBit-Custom-
#47	NEW    cov: 242 ft: 303 corp: 21/44b lim: 4 exec/s: 0 rss: 779Mb L: 1/4 MS: 4 ShuffleBytes-Custom-ChangeByte-Custom-
INFO: #51	NEW    cov: 243 ft: 304 corp: 22/46b lim: 4 exec/s: 0 rss: 779Mb L: 2/4 MS: 8 CopyPart-Custom-CopyPart-Custom-ChangeBit-Custom-EraseBytes-Custom-
Instrumented org.apache.commons.codec.binary.StringUtils (took 21 ms, size +21%)
#52	NEW    cov: 245 ft: 306 corp: 23/49b lim: 4 exec/s: 0 rss: 779Mb L: 3/4 MS: 2 InsertByte-Custom-
INFO: #57	NEW    cov: 247 ft: 308 corp: 24/51b lim: 4 exec/s: 0 rss: 779Mb L: 2/4 MS: 10 CopyPart-Custom-ShuffleBytes-Custom-ChangeByte-Custom-EraseBytes-Custom-ChangeByte-Custom-
Instrumented org.apache.commons.codec.Charsets (took 6 ms, size +26%)
INFO: Instrumented org.apache.commons.codec.binary.BaseNCodec$Context (took 9 ms, size +23%)
#59	NEW    cov: 249 ft: 310 corp: 25/52b lim: 4 exec/s: 0 rss: 779Mb L: 1/4 MS: 4 ShuffleBytes-Custom-ChangeBit-Custom-
#64	NEW    cov: 249 ft: 316 corp: 26/55b lim: 4 exec/s: 0 rss: 779Mb L: 3/4 MS: 10 CrossOver-Custom-InsertByte-Custom-ChangeByte-Custom-ChangeByte-Custom-ShuffleBytes-Custom-
#66	NEW    cov: 249 ft: 318 corp: 27/58b lim: 4 exec/s: 0 rss: 779Mb L: 3/4 MS: 4 ChangeBit-Custom-ChangeBit-Custom-
#69	NEW    cov: 250 ft: 321 corp: 28/61b lim: 4 exec/s: 0 rss: 779Mb L: 3/4 MS: 6 ShuffleBytes-Custom-InsertByte-Custom-InsertByte-Custom-
MS: 8 CopyPart-Custom-ChangeByte-Custom-InsertByte-Custom-ChangeBit-Custom-; base unit: ba1039e8cdae53e44ac3e6185b0871f3d031a476
0x30,0x8e,0x8,
0\216\010
artifact_prefix='/tmp/bugrun/codec_14.AiFAtc/'; Test unit written to /tmp/bugrun/codec_14.AiFAtc/crash-2afc5e3bcd87c4bb51d522a62a636d1b75fbc28c
Base64: MI4I
Done 78 runs in 0 second(s)
DEDUP_TOKEN: c21fc44ccc55d259
[ERROR] Tests run: 2, Failures: 0, Errors: 1, Skipped: 0, Time elapsed: 8.101 s <<< FAILURE! -- in com.example.algorithm2.Algorithm2Test
[ERROR] com.example.algorithm2.Algorithm2Test.testParameterizedFuzzer(FuzzedDataProvider)[2] -- Time elapsed: 0.291 s <<< ERROR!
java.lang.IllegalArgumentException: Input array too big, the output array would be bigger (4) than the specified maximum size of 0
	at org.apache.commons.codec.binary.Base64.encodeBase64(Base64.java:668)
	at java.base/jdk.internal.reflect.NativeMethodAccessorImpl.invoke0(Native Method)
	at java.base/jdk.internal.reflect.NativeMethodAccessorImpl.invoke(NativeMethodAccessorImpl.java:62)
	at java.base/jdk.internal.reflect.DelegatingMethodAccessorImpl.invoke(DelegatingMethodAccessorImpl.java:43)
	at java.base/java.lang.reflect.Method.invoke(Method.java:566)
	at com.example.algorithm2.Algorithm2Test.testParameterizedFuzzer(Algorithm2Test.java:226)

[INFO] 
[INFO] Results:
[INFO] 
[ERROR] Errors: 
[ERROR]   Algorithm2Test.testParameterizedFuzzer:226 » IllegalArgument Input array too big, the output array would be bigger (4) than the specified maximum size of 0
[INFO] 
[ERROR] Tests run: 2, Failures: 0, Errors: 1, Skipped: 0
[INFO] 
[ERROR] 

Please refer to /tmp/bugrun/codec_14.AiFAtc/target/surefire-reports for the individual test results.
Please refer to dump files (if any exist) [date].dump, [date]-jvmRun[N].dump and [date].dumpstream.
[INFO] 
[INFO] --- jacoco:0.8.11:report (default-cli) @ AlgorithmName2 ---
[INFO] Loading execution data file /tmp/bugrun/codec_14.AiFAtc/target/jacoco.exec
[INFO] Analyzed bundle 'AlgorithmName2' with 76 classes
[INFO] ------------------------------------------------------------------------
[INFO] BUILD SUCCESS
[INFO] ------------------------------------------------------------------------
[INFO] Total time:  26.136 s
[INFO] Finished at: 2026-10-06T01:49:31+07:00
[INFO] ------------------------------------------------------------------------
