[INFO] Scanning for projects...
[INFO] 
[INFO] ---------------------< com.example:AlgorithmName2 >---------------------
[INFO] Building AlgorithmName2 1.0-SNAPSHOT
[INFO]   from pom.xml
[INFO] --------------------------------[ jar ]---------------------------------
[INFO] 
[INFO] --- jacoco:0.8.11:prepare-agent (default) @ AlgorithmName2 ---
[INFO] argLine set to -javaagent:/home/kanyaphak673380391-3/.m2/repository/org/jacoco/org.jacoco.agent/0.8.11/org.jacoco.agent-0.8.11-runtime.jar=destfile=/tmp/bugrun/compress_27.3ASfxh/target/jacoco.exec
[INFO] 
[INFO] --- resources:3.4.0:resources (default-resources) @ AlgorithmName2 ---
[INFO] Copying 1 resource from src/main/resources to target/classes
[INFO] 
[INFO] --- compiler:3.15.0:compile (default-compile) @ AlgorithmName2 ---
[INFO] Recompiling the module because of changed source code.
[INFO] Compiling 1 source file with javac [debug target 1.8] to target/classes
[WARNING] bootstrap class path not set in conjunction with -source 8
[INFO] 
[INFO] --- dependency:3.6.0:unpack-dependencies (unpack-defects4j) @ AlgorithmName2 ---
[INFO] 
[INFO] --- resources:3.4.0:testResources (default-testResources) @ AlgorithmName2 ---
[INFO] skip non existing resourceDirectory /tmp/bugrun/compress_27.3ASfxh/src/test/resources
[INFO] 
[INFO] --- compiler:3.15.0:testCompile (default-testCompile) @ AlgorithmName2 ---
[INFO] Recompiling the module because of changed dependency.
[INFO] Compiling 1 source file with javac [debug target 1.8] to target/test-classes
[WARNING] bootstrap class path not set in conjunction with -source 8
[INFO] 
[INFO] --- surefire:3.1.2:test (default-cli) @ AlgorithmName2 ---
[INFO] Using auto detected provider org.apache.maven.surefire.junitplatform.JUnitPlatformProvider
[INFO] 
[INFO] -------------------------------------------------------
[INFO]  T E S T S
[INFO] -------------------------------------------------------
[INFO] Running com.example.algorithm2.Algorithm2Test
OpenJDK 64-Bit Server VM warning: Sharing is only supported for boot loader classes because bootstrap classpath has been appended
INFO: Loaded 281 hooks from com.code_intelligence.jazzer.runtime.TraceCmpHooks
INFO: Loaded 5 hooks from com.code_intelligence.jazzer.runtime.TraceDivHooks
INFO: Loaded 2 hooks from com.code_intelligence.jazzer.runtime.TraceIndirHooks
INFO: Loaded 4 hooks from com.code_intelligence.jazzer.runtime.NativeLibHooks
INFO: Loaded 2 hooks from com.code_intelligence.jazzer.sanitizers.ClojureLangHooks
INFO: Loaded 5 hooks from com.code_intelligence.jazzer.sanitizers.Deserialization
INFO: Loaded 5 hooks from com.code_intelligence.jazzer.sanitizers.ExpressionLanguageInjection
INFO: Loaded 70 hooks from com.code_intelligence.jazzer.sanitizers.LdapInjection
INFO: Loaded 46 hooks from com.code_intelligence.jazzer.sanitizers.NamingContextLookup
INFO: Loaded 1 hooks from com.code_intelligence.jazzer.sanitizers.OsCommandInjection
INFO: Loaded 52 hooks from com.code_intelligence.jazzer.sanitizers.ReflectiveCall
INFO: Loaded 8 hooks from com.code_intelligence.jazzer.sanitizers.RegexInjection
INFO: Loaded 16 hooks from com.code_intelligence.jazzer.sanitizers.RegexRoadblocks
INFO: Loaded 18 hooks from com.code_intelligence.jazzer.sanitizers.ScriptEngineInjection
INFO: Loaded 2 hooks from com.code_intelligence.jazzer.sanitizers.ServerSideRequestForgery
INFO: Loaded 19 hooks from com.code_intelligence.jazzer.sanitizers.SqlInjection
INFO: Loaded 6 hooks from com.code_intelligence.jazzer.sanitizers.XPathInjection
INFO: Instrumented com.example.algorithm2.Algorithm2Test$Skip (took 258 ms, size +44%)
INFO: Instrumented com.example.algorithm2.Algorithm2Test (took 265 ms, size +27%)
INFO: Instrumented org.apache.commons.compress.archivers.ArchiveStreamFactory (took 291 ms, size +35%)
INFO: Instrumented org.apache.commons.compress.archivers.ArchiveInputStream (took 68 ms, size +31%)
INFO: New number of coverage counters: 1024
INFO: Instrumented org.apache.commons.compress.archivers.zip.ZipArchiveInputStream (took 225 ms, size +17%)
INFO: Instrumented org.apache.commons.compress.archivers.jar.JarArchiveInputStream (took 35 ms, size +26%)
WARN: Some hooks could not be applied to class files built for Java 7 or lower.
                       Ensure that the fuzz target and its dependencies are compiled with
                       -target 8 or higher to identify as many bugs as possible.
INFO: Instrumented org.apache.commons.compress.archivers.ar.ArArchiveInputStream (took 79 ms, size +25%)
INFO: New number of coverage counters: 2048
INFO: Instrumented org.apache.commons.compress.archivers.cpio.CpioArchiveInputStream (took 64 ms, size +27%)
INFO: Instrumented org.apache.commons.compress.archivers.cpio.CpioConstants (took 2 ms, size +0%)
INFO: Instrumented org.apache.commons.compress.archivers.arj.ArjArchiveInputStream (took 67 ms, size +17%)
INFO: Instrumented org.apache.commons.compress.archivers.StreamingNotSupportedException (took 8 ms, size +33%)
INFO: Instrumented org.apache.commons.compress.archivers.ArchiveException (took 12 ms, size +38%)
INFO: Instrumented org.apache.commons.compress.archivers.dump.DumpArchiveInputStream (took 41 ms, size +24%)
INFO: Instrumented org.apache.commons.compress.archivers.tar.TarArchiveInputStream (took 92 ms, size +24%)
INFO: Instrumented org.apache.commons.compress.archivers.ArchiveOutputStream (took 12 ms, size +28%)
INFO: Instrumented org.apache.commons.compress.archivers.ar.ArArchiveOutputStream (took 17 ms, size +24%)
INFO: New number of coverage counters: 4096
INFO: Instrumented org.apache.commons.compress.archivers.zip.ZipArchiveOutputStream (took 109 ms, size +18%)
INFO: Instrumented org.apache.commons.compress.archivers.tar.TarArchiveOutputStream (took 53 ms, size +15%)
INFO: Instrumented org.apache.commons.compress.archivers.jar.JarArchiveOutputStream (took 3 ms, size +36%)
INFO: Instrumented org.apache.commons.compress.archivers.cpio.CpioArchiveOutputStream (took 21 ms, size +21%)
[harness] target=org.apache.commons.compress.archivers.ArchiveStreamFactory factories=1 methods=5
INFO: found LLVMFuzzerCustomMutator (0x7ddd08469cd0). Disabling -len_control by default.
INFO: Running with entropic power schedule (0xFF, 100).
INFO: Seed: 656369357
INFO: Loaded 4 modules   (4096 inline 8-bit counters): 512 [0x7ddd78bad080, 0x7ddd78bad280), 512 [0x7ddd78bad280, 0x7ddd78bad480), 1024 [0x7ddd78bad480, 0x7ddd78bad880), 2048 [0x7ddd78bad880, 0x7ddd78bae080), 
INFO: Loaded 4 PC tables (4096 PCs): 512 [0x7ddd78baa150,0x7ddd78bac150), 512 [0x7ddd78a84910,0x7ddd78a86910), 1024 [0x7ddd78503710,0x7ddd78507710), 2048 [0x7ddd78abb8e0,0x7ddd78ac38e0), 
INFO:        0 files found in /tmp/bugrun/compress_27.3ASfxh/.cifuzz-corpus/com.example.algorithm2.Algorithm2Test/testParameterizedFuzzer
INFO:        0 files found in /tmp/jazzer-java-seeds632133664612124632
INFO: -max_len is not provided; libFuzzer will not generate inputs larger than 4096 bytes
INFO: A corpus is not provided, starting from an empty corpus
#2	INITED cov: 27 ft: 27 corp: 1/1b exec/s: 0 rss: 931Mb
#3	NEW    cov: 47 ft: 49 corp: 2/2b lim: 4 exec/s: 0 rss: 932Mb L: 1/1 MS: 2 ChangeByte-Custom-
INFO: using inputs from: /tmp/bugrun/compress_27.3ASfxh/.cifuzz-corpus/com.example.algorithm2.Algorithm2Test/testParameterizedFuzzer
INFO: using inputs from: /tmp/jazzer-java-seeds632133664612124632
#4	NEW    cov: 48 ft: 50 corp: 3/3b lim: 4 exec/s: 0 rss: 932Mb L: 1/1 MS: 2 ShuffleBytes-Custom-
#10	NEW    cov: 49 ft: 55 corp: 4/4b lim: 4 exec/s: 0 rss: 933Mb L: 1/1 MS: 2 ChangeByte-Custom-
INFO: Instrumented org.apache.commons.compress.utils.IOUtils (took 23 ms, size +29%)
INFO: Instrumented org.apache.commons.compress.archivers.zip.UnsupportedZipFeatureException (took 5 ms, size +17%)
INFO: Instrumented org.apache.commons.compress.archivers.ArchiveEntry (took 5 ms, size +0%)
INFO: Instrumented org.apache.commons.compress.archivers.zip.ZipArchiveInputStream$BoundedInputStream (took 25 ms, size +25%)
INFO: Instrumented org.apache.commons.compress.archivers.zip.UnshrinkingInputStream (took 27 ms, size +30%)
INFO: Instrumented org.apache.commons.compress.compressors.z._internal_.InternalLZWInputStream (took 21 ms, size +22%)
INFO: Instrumented org.apache.commons.compress.compressors.CompressorInputStream (took 8 ms, size +39%)
INFO: Instrumented org.apache.commons.compress.archivers.zip.ExplodingInputStream (took 8 ms, size +28%)
INFO: Instrumented org.apache.commons.compress.archivers.zip.ZipLong (took 14 ms, size +20%)
INFO: Instrumented org.apache.commons.compress.archivers.zip.Zip64RequiredException (took 14 ms, size +27%)
INFO: Instrumented org.apache.commons.compress.archivers.zip.ZipExtraField (took 0 ms, size +0%)
INFO: Instrumented org.apache.commons.compress.utils.BoundedInputStream (took 31 ms, size +43%)
INFO: Instrumented org.apache.commons.compress.utils.CRC32VerifyingInputStream (took 3 ms, size +36%)
INFO: Instrumented org.apache.commons.compress.utils.ChecksumVerifyingInputStream (took 15 ms, size +34%)
#21	NEW    cov: 145 ft: 151 corp: 5/5b lim: 4 exec/s: 0 rss: 937Mb L: 1/1 MS: 2 ChangeByte-Custom-
#22	NEW    cov: 151 ft: 161 corp: 6/7b lim: 4 exec/s: 0 rss: 937Mb L: 2/2 MS: 2 CopyPart-Custom-
#24	NEW    cov: 152 ft: 162 corp: 7/8b lim: 4 exec/s: 0 rss: 937Mb L: 1/2 MS: 4 CrossOver-Custom-ChangeBit-Custom-
#31	NEW    cov: 153 ft: 163 corp: 8/11b lim: 4 exec/s: 0 rss: 937Mb L: 3/3 MS: 4 CopyPart-Custom-CrossOver-Custom-
INFO: Instrumented org.apache.commons.compress.archivers.sevenz.SevenZFile (took 55 ms, size +19%)
INFO: Instrumented org.apache.commons.compress.archivers.sevenz.BoundedRandomAccessFileInputStream (took 10 ms, size +40%)
INFO: Instrumented org.apache.commons.compress.archivers.dump.UnrecognizedFormatException (took 2 ms, size +43%)
INFO: Instrumented org.apache.commons.compress.archivers.dump.DumpArchiveException (took 4 ms, size +34%)
INFO: Instrumented org.apache.commons.compress.archivers.dump.InvalidFormatException (took 3 ms, size +30%)
#225	NEW    cov: 154 ft: 164 corp: 9/14b lim: 4 exec/s: 0 rss: 937Mb L: 3/3 MS: 8 ChangeBit-Custom-CrossOver-Custom-CopyPart-Custom-ChangeByte-Custom-
INFO: #251	NEW    cov: 231 ft: 241 corp: 10/18b lim: 4 exec/s: 0 rss: 937Mb L: 4/4 MS: 2 CMP-Custom- DE: "zip"-
Instrumented org.apache.commons.compress.archivers.zip.ZipEncodingHelper (took 8 ms, size +20%)
INFO: Instrumented org.apache.commons.compress.archivers.zip.ZipEncoding (took 1 ms, size +0%)
INFO: Instrumented org.apache.commons.compress.archivers.zip.ZipEncodingHelper$SimpleEncodingHolder (took 3 ms, size +33%)
INFO: Instrumented org.apache.commons.compress.archivers.zip.FallbackZipEncoding (took 3 ms, size +28%)
INFO: Instrumented org.apache.commons.compress.utils.Charsets (took 8 ms, size +28%)
INFO: Instrumented org.apache.commons.compress.archivers.zip.ZipArchiveOutputStream$UnicodeExtraFieldPolicy (took 6 ms, size +33%)
INFO: Instrumented org.apache.commons.compress.archivers.zip.Zip64Mode (took 12 ms, size +29%)
#398	NEW    cov: 232 ft: 243 corp: 11/22b lim: 4 exec/s: 0 rss: 937Mb L: 4/4 MS: 4 CrossOver-Custom-CrossOver-Custom-
#402	NEW    cov: 250 ft: 263 corp: 12/26b lim: 4 exec/s: 0 rss: 937Mb L: 4/4 MS: 8 ChangeBit-Custom-ChangeBit-Custom-ChangeBit-Custom-PersAutoDict-Custom- DE: "zip"-
#453	NEW    cov: 251 ft: 264 corp: 13/30b lim: 4 exec/s: 0 rss: 937Mb L: 4/4 MS: 2 ChangeByte-Custom-
#659	NEW    cov: 262 ft: 277 corp: 14/34b lim: 6 exec/s: 0 rss: 937Mb L: 4/4 MS: 2 CMP-Custom- DE: "tar"-
#663	NEW    cov: 269 ft: 291 corp: 15/40b lim: 6 exec/s: 0 rss: 937Mb L: 6/6 MS: 8 CopyPart-Custom-InsertByte-Custom-ChangeByte-Custom-CopyPart-Custom-
#789	NEW    cov: 273 ft: 295 corp: 16/43b lim: 6 exec/s: 0 rss: 937Mb L: 3/6 MS: 2 EraseBytes-Custom-
#996	NEW    cov: 278 ft: 300 corp: 17/51b lim: 8 exec/s: 0 rss: 937Mb L: 8/8 MS: 4 InsertByte-Custom-CopyPart-Custom-
#1067	NEW    cov: 304 ft: 330 corp: 18/55b lim: 8 exec/s: 0 rss: 939Mb L: 4/8 MS: 2 CopyPart-Custom-
#1118	NEW    cov: 305 ft: 332 corp: 19/59b lim: 8 exec/s: 0 rss: 939Mb L: 4/8 MS: 2 PersAutoDict-Custom- DE: "tar"-
#1376	REDUCE cov: 305 ft: 332 corp: 19/58b lim: 8 exec/s: 0 rss: 939Mb L: 5/8 MS: 6 EraseBytes-Custom-CrossOver-Custom-EraseBytes-Custom-
INFO: Instrumented org.apache.commons.compress.utils.CountingOutputStream (took 9 ms, size +37%)
INFO: #1423	NEW    cov: 311 ft: 338 corp: 20/61b lim: 8 exec/s: 0 rss: 939Mb L: 3/8 MS: 4 CrossOver-Custom-CMP-Custom- DE: "7z"-
Instrumented org.apache.commons.compress.archivers.zip.NioZipEncoding (took 8 ms, size +24%)
#1584	NEW    cov: 312 ft: 339 corp: 21/67b lim: 8 exec/s: 0 rss: 940Mb L: 6/8 MS: 2 InsertRepeatedBytes-Custom-
#1607	NEW    cov: 314 ft: 341 corp: 22/70b lim: 8 exec/s: 0 rss: 940Mb L: 3/8 MS: 6 ChangeByte-Custom-ChangeBit-Custom-PersAutoDict-Custom- DE: "7z"-
#1784	REDUCE cov: 314 ft: 341 corp: 22/69b lim: 8 exec/s: 0 rss: 940Mb L: 7/7 MS: 4 CopyPart-Custom-EraseBytes-Custom-
#1898	REDUCE cov: 314 ft: 341 corp: 22/67b lim: 8 exec/s: 0 rss: 940Mb L: 4/7 MS: 8 ChangeBit-Custom-CopyPart-Custom-EraseBytes-Custom-CrossOver-Custom-
#2077	NEW    cov: 315 ft: 342 corp: 23/74b lim: 8 exec/s: 0 rss: 940Mb L: 7/7 MS: 8 ShuffleBytes-Custom-EraseBytes-Custom-PersAutoDict-Custom-InsertRepeatedBytes-Custom- DE: "7z"-
#2170	NEW    cov: 319 ft: 346 corp: 24/78b lim: 8 exec/s: 0 rss: 940Mb L: 4/7 MS: 6 ChangeByte-Custom-ChangeBit-Custom-CMP-Custom- DE: "jar"-
#2381	NEW    cov: 332 ft: 359 corp: 25/83b lim: 8 exec/s: 0 rss: 940Mb L: 5/7 MS: 2 CMP-Custom- DE: "cpio"-
#2592	NEW    cov: 332 ft: 360 corp: 26/88b lim: 8 exec/s: 0 rss: 940Mb L: 5/7 MS: 2 ChangeBit-Custom-
#2617	NEW    cov: 338 ft: 366 corp: 27/91b lim: 8 exec/s: 0 rss: 940Mb L: 3/7 MS: 10 ChangeByte-Custom-CopyPart-Custom-CopyPart-Custom-CopyPart-Custom-CrossOver-Custom-
#2633	NEW    cov: 339 ft: 367 corp: 28/94b lim: 8 exec/s: 0 rss: 940Mb L: 3/7 MS: 2 ShuffleBytes-Custom-
#2763	NEW    cov: 345 ft: 375 corp: 29/99b lim: 8 exec/s: 0 rss: 940Mb L: 5/7 MS: 10 CrossOver-Custom-ChangeByte-Custom-CopyPart-Custom-EraseBytes-Custom-CMP-Custom- DE: "cpio"-
#3075	NEW    cov: 346 ft: 376 corp: 30/108b lim: 11 exec/s: 0 rss: 947Mb L: 9/9 MS: 4 CopyPart-Custom-InsertRepeatedBytes-Custom-
#3336	REDUCE cov: 347 ft: 377 corp: 31/115b lim: 11 exec/s: 0 rss: 948Mb L: 7/9 MS: 2 ChangeASCIIInt-Custom-
#3674	NEW    cov: 348 ft: 379 corp: 32/128b lim: 14 exec/s: 0 rss: 948Mb L: 13/13 MS: 6 InsertRepeatedBytes-Custom-CMP-Custom-InsertByte-Custom- DE: "\377\377\377\002"-
#3828	NEW    cov: 348 ft: 399 corp: 33/133b lim: 14 exec/s: 0 rss: 948Mb L: 5/13 MS: 8 CopyPart-Custom-InsertByte-Custom-CopyPart-Custom-InsertByte-Custom-
#4115	REDUCE cov: 348 ft: 399 corp: 33/132b lim: 14 exec/s: 0 rss: 949Mb L: 4/13 MS: 4 EraseBytes-Custom-InsertByte-Custom-
#5007	REDUCE cov: 348 ft: 403 corp: 34/139b lim: 21 exec/s: 0 rss: 949Mb L: 7/13 MS: 4 CopyPart-Custom-CMP-Custom- DE: "zip"-
#5335	REDUCE cov: 348 ft: 404 corp: 35/157b lim: 21 exec/s: 0 rss: 949Mb L: 18/18 MS: 6 CrossOver-Custom-InsertByte-Custom-InsertRepeatedBytes-Custom-
#5479	NEW    cov: 348 ft: 405 corp: 36/167b lim: 21 exec/s: 0 rss: 949Mb L: 10/18 MS: 8 PersAutoDict-Custom-EraseBytes-Custom-CopyPart-Custom-PersAutoDict-Custom- DE: "tar"-"cpio"-
#5653	REDUCE cov: 349 ft: 406 corp: 37/175b lim: 21 exec/s: 0 rss: 949Mb L: 8/18 MS: 8 PersAutoDict-Custom-ChangeBit-Custom-PersAutoDict-Custom-CopyPart-Custom- DE: "cpio"-"7z"-
#5892	REDUCE cov: 349 ft: 406 corp: 37/174b lim: 21 exec/s: 0 rss: 949Mb L: 7/18 MS: 8 ChangeASCIIInt-Custom-PersAutoDict-Custom-ChangeASCIIInt-Custom-EraseBytes-Custom- DE: "cpio"-
#5893	REDUCE cov: 349 ft: 406 corp: 37/173b lim: 21 exec/s: 0 rss: 949Mb L: 9/18 MS: 2 EraseBytes-Custom-
#6531	REDUCE cov: 349 ft: 406 corp: 37/168b lim: 25 exec/s: 0 rss: 949Mb L: 13/13 MS: 6 ChangeByte-Custom-CopyPart-Custom-EraseBytes-Custom-
#6677	NEW    cov: 355 ft: 412 corp: 38/172b lim: 25 exec/s: 0 rss: 949Mb L: 4/13 MS: 2 PersAutoDict-Custom- DE: "jar"-
#6889	NEW    cov: 356 ft: 413 corp: 39/176b lim: 25 exec/s: 6889 rss: 949Mb L: 4/13 MS: 4 ShuffleBytes-Custom-PersAutoDict-Custom- DE: "jar"-
#7285	REDUCE cov: 356 ft: 413 corp: 39/174b lim: 25 exec/s: 7285 rss: 949Mb L: 5/13 MS: 2 EraseBytes-Custom-
#7465	REDUCE cov: 356 ft: 416 corp: 40/193b lim: 25 exec/s: 7465 rss: 949Mb L: 19/19 MS: 10 CopyPart-Custom-CopyPart-Custom-InsertByte-Custom-ChangeBit-Custom-ChangeByte-Custom-
#7511	REDUCE cov: 356 ft: 416 corp: 40/188b lim: 25 exec/s: 7511 rss: 949Mb L: 14/14 MS: 2 EraseBytes-Custom-
#7738	REDUCE cov: 356 ft: 418 corp: 41/210b lim: 25 exec/s: 7738 rss: 949Mb L: 22/22 MS: 4 ChangeBinInt-Custom-CMP-Custom- DE: "7z7\031\035\035\035\035"-
#7879	REDUCE cov: 357 ft: 419 corp: 42/217b lim: 25 exec/s: 7879 rss: 949Mb L: 7/22 MS: 2 CMP-Custom- DE: "q\000"-
#8627	REDUCE cov: 357 ft: 419 corp: 42/215b lim: 29 exec/s: 8627 rss: 949Mb L: 7/22 MS: 6 ChangeBit-Custom-ChangeBit-Custom-EraseBytes-Custom-
#8669	REDUCE cov: 357 ft: 433 corp: 43/232b lim: 29 exec/s: 8669 rss: 949Mb L: 17/22 MS: 4 CrossOver-Custom-CrossOver-Custom-
#9694	NEW    cov: 362 ft: 485 corp: 44/267b lim: 38 exec/s: 9694 rss: 949Mb L: 35/35 MS: 10 PersAutoDict-Custom-ChangeBit-Custom-EraseBytes-Custom-InsertRepeatedBytes-Custom-InsertRepeatedBytes-Custom- DE: "\377\377\377\002"-
#9735	NEW    cov: 363 ft: 486 corp: 45/302b lim: 38 exec/s: 9735 rss: 949Mb L: 35/35 MS: 2 ChangeByte-Custom-
#9809	NEW    cov: 363 ft: 501 corp: 46/340b lim: 38 exec/s: 9809 rss: 949Mb L: 38/38 MS: 8 ChangeBit-Custom-ShuffleBytes-Custom-CrossOver-Custom-InsertRepeatedBytes-Custom-
#9879	NEW    cov: 363 ft: 502 corp: 47/373b lim: 38 exec/s: 9879 rss: 949Mb L: 33/38 MS: 10 CrossOver-Custom-CrossOver-Custom-EraseBytes-Custom-ChangeBit-Custom-CrossOver-Custom-
#10009	NEW    cov: 363 ft: 520 corp: 48/398b lim: 38 exec/s: 10009 rss: 949Mb L: 25/38 MS: 10 CrossOver-Custom-ShuffleBytes-Custom-ChangeBit-Custom-CopyPart-Custom-CopyPart-Custom-
#10335	NEW    cov: 363 ft: 521 corp: 49/429b lim: 38 exec/s: 10335 rss: 949Mb L: 31/38 MS: 2 CopyPart-Custom-
#10407	NEW    cov: 363 ft: 522 corp: 50/467b lim: 38 exec/s: 10407 rss: 949Mb L: 38/38 MS: 4 PersAutoDict-Custom-CopyPart-Custom- DE: "q\000"-
#10628	NEW    cov: 363 ft: 523 corp: 51/505b lim: 38 exec/s: 10628 rss: 949Mb L: 38/38 MS: 2 CopyPart-Custom-
#10750	NEW    cov: 363 ft: 524 corp: 52/536b lim: 38 exec/s: 10750 rss: 949Mb L: 31/38 MS: 4 PersAutoDict-Custom-PersAutoDict-Custom- DE: "cpio"-"tar"-
#10781	REDUCE cov: 363 ft: 524 corp: 52/530b lim: 38 exec/s: 10781 rss: 949Mb L: 11/38 MS: 2 EraseBytes-Custom-
INFO: Instrumented org.apache.commons.compress.archivers.dump.DumpArchiveUtil (took 4 ms, size +21%)
#10945	NEW    cov: 396 ft: 562 corp: 53/535b lim: 38 exec/s: 10945 rss: 949Mb L: 5/38 MS: 8 ChangeByte-Custom-CopyPart-Custom-CrossOver-Custom-CMP-Custom- DE: "dump"-
#11241	NEW    cov: 397 ft: 563 corp: 54/568b lim: 38 exec/s: 11241 rss: 949Mb L: 33/38 MS: 2 ChangeBinInt-Custom-
#11338	REDUCE cov: 397 ft: 563 corp: 54/554b lim: 38 exec/s: 11338 rss: 949Mb L: 19/38 MS: 4 PersAutoDict-Custom-EraseBytes-Custom- DE: "\377\377\377\002"-
INFO: Instrumented org.apache.commons.compress.archivers.dump.TapeInputStream (took 21 ms, size +21%)
#11591	REDUCE cov: 397 ft: 563 corp: 54/552b lim: 38 exec/s: 11591 rss: 949Mb L: 33/38 MS: 6 CMP-Custom-CopyPart-Custom-EraseBytes-Custom- DE: "ar"-
INFO: #11628	NEW    cov: 397 ft: 564 corp: 55/574b lim: 38 exec/s: 11628 rss: 949Mb L: 22/38 MS: 4 ChangeBit-Custom-CopyPart-Custom-
Instrumented org.apache.commons.compress.archivers.dump.ShortFileException (took 1 ms, size +45%)
#12054	NEW    cov: 399 ft: 566 corp: 56/579b lim: 38 exec/s: 12054 rss: 949Mb L: 5/38 MS: 2 PersAutoDict-Custom- DE: "dump"-
INFO: #12304	REDUCE cov: 399 ft: 566 corp: 56/578b lim: 38 exec/s: 12304 rss: 949Mb L: 18/38 MS: 10 ChangeBit-Custom-InsertByte-Custom-ShuffleBytes-Custom-ChangeBinInt-Custom-EraseBytes-Custom-
Instrumented org.apache.commons.compress.archivers.dump.UnsupportedCompressionAlgorithmException (took 1 ms, size +32%)
#12923	NEW    cov: 399 ft: 572 corp: 57/621b lim: 43 exec/s: 12923 rss: 950Mb L: 43/43 MS: 8 EraseBytes-Custom-ShuffleBytes-Custom-PersAutoDict-Custom-CopyPart-Custom- DE: "zip"-
#13228	NEW    cov: 399 ft: 582 corp: 58/662b lim: 43 exec/s: 13228 rss: 951Mb L: 41/43 MS: 10 ChangeByte-Custom-ChangeBinInt-Custom-PersAutoDict-Custom-CopyPart-Custom-ShuffleBytes-Custom- DE: "jar"-
#13310	REDUCE cov: 399 ft: 582 corp: 58/658b lim: 43 exec/s: 13310 rss: 951Mb L: 14/43 MS: 4 ChangeBit-Custom-EraseBytes-Custom-
#13387	REDUCE cov: 399 ft: 582 corp: 58/657b lim: 43 exec/s: 13387 rss: 951Mb L: 3/43 MS: 4 ChangeBinInt-Custom-EraseBytes-Custom-
#13831	REDUCE cov: 399 ft: 582 corp: 58/656b lim: 43 exec/s: 13831 rss: 951Mb L: 42/42 MS: 8 EraseBytes-Custom-ShuffleBytes-Custom-PersAutoDict-Custom-InsertRepeatedBytes-Custom- DE: "\377\377\377\002"-
#14023	REDUCE cov: 399 ft: 582 corp: 58/653b lim: 43 exec/s: 14023 rss: 951Mb L: 38/42 MS: 4 InsertByte-Custom-EraseBytes-Custom-
#14360	NEW    cov: 399 ft: 583 corp: 59/695b lim: 43 exec/s: 14360 rss: 951Mb L: 42/42 MS: 4 CopyPart-Custom-ChangeBinInt-Custom-
#14925	NEW    cov: 399 ft: 584 corp: 60/741b lim: 48 exec/s: 14925 rss: 951Mb L: 46/46 MS: 10 ShuffleBytes-Custom-ShuffleBytes-Custom-CopyPart-Custom-CrossOver-Custom-PersAutoDict-Custom- DE: "jar"-
#15780	NEW    cov: 399 ft: 585 corp: 61/786b lim: 53 exec/s: 15780 rss: 951Mb L: 45/46 MS: 10 EraseBytes-Custom-InsertByte-Custom-ChangeBit-Custom-ChangeBit-Custom-InsertRepeatedBytes-Custom-
#15957	NEW    cov: 399 ft: 587 corp: 62/839b lim: 53 exec/s: 15957 rss: 951Mb L: 53/53 MS: 4 CopyPart-Custom-CopyPart-Custom-
#16116	NEW    cov: 399 ft: 588 corp: 63/888b lim: 53 exec/s: 16116 rss: 951Mb L: 49/53 MS: 8 ShuffleBytes-Custom-CrossOver-Custom-CopyPart-Custom-InsertRepeatedBytes-Custom-
#16479	REDUCE cov: 399 ft: 588 corp: 63/887b lim: 53 exec/s: 16479 rss: 951Mb L: 24/53 MS: 6 ChangeByte-Custom-ShuffleBytes-Custom-EraseBytes-Custom-
#16510	REDUCE cov: 399 ft: 588 corp: 63/886b lim: 53 exec/s: 16510 rss: 951Mb L: 13/53 MS: 2 EraseBytes-Custom-
#17143	REDUCE cov: 399 ft: 588 corp: 63/881b lim: 58 exec/s: 17143 rss: 951Mb L: 19/53 MS: 6 CopyPart-Custom-EraseBytes-Custom-EraseBytes-Custom-
#17190	REDUCE cov: 399 ft: 588 corp: 63/877b lim: 58 exec/s: 17190 rss: 951Mb L: 9/53 MS: 4 CMP-Custom-EraseBytes-Custom- DE: "\000\000\000\010"-
#17244	REDUCE cov: 399 ft: 588 corp: 63/876b lim: 58 exec/s: 17244 rss: 951Mb L: 41/53 MS: 8 PersAutoDict-Custom-ShuffleBytes-Custom-ChangeByte-Custom-EraseBytes-Custom- DE: "\377\377\377\002"-
#17492	REDUCE cov: 399 ft: 588 corp: 63/865b lim: 58 exec/s: 17492 rss: 951Mb L: 38/53 MS: 6 CopyPart-Custom-EraseBytes-Custom-InsertByte-Custom-
#17778	REDUCE cov: 399 ft: 588 corp: 63/863b lim: 58 exec/s: 17778 rss: 952Mb L: 29/53 MS: 2 EraseBytes-Custom-
#17816	REDUCE cov: 399 ft: 588 corp: 63/861b lim: 58 exec/s: 17816 rss: 952Mb L: 43/53 MS: 6 ChangeBinInt-Custom-InsertByte-Custom-EraseBytes-Custom-
#18117	REDUCE cov: 399 ft: 588 corp: 63/853b lim: 58 exec/s: 18117 rss: 952Mb L: 45/46 MS: 2 EraseBytes-Custom-
#18283	REDUCE cov: 399 ft: 588 corp: 63/852b lim: 58 exec/s: 18283 rss: 952Mb L: 4/46 MS: 2 EraseBytes-Custom-
#18356	REDUCE cov: 399 ft: 588 corp: 63/845b lim: 58 exec/s: 18356 rss: 952Mb L: 24/46 MS: 6 ChangeBit-Custom-ShuffleBytes-Custom-EraseBytes-Custom-
#19092	REDUCE cov: 399 ft: 588 corp: 63/841b lim: 63 exec/s: 19092 rss: 957Mb L: 41/46 MS: 2 EraseBytes-Custom-
#19283	REDUCE cov: 399 ft: 588 corp: 63/840b lim: 63 exec/s: 19283 rss: 957Mb L: 12/46 MS: 2 CrossOver-Custom-
#19745	REDUCE cov: 399 ft: 588 corp: 63/836b lim: 63 exec/s: 19745 rss: 957Mb L: 8/46 MS: 4 ShuffleBytes-Custom-EraseBytes-Custom-
#20142	REDUCE cov: 399 ft: 598 corp: 64/877b lim: 63 exec/s: 20142 rss: 957Mb L: 41/46 MS: 4 CopyPart-Custom-CopyPart-Custom-
#20847	NEW    cov: 399 ft: 604 corp: 65/945b lim: 68 exec/s: 20847 rss: 957Mb L: 68/68 MS: 10 ShuffleBytes-Custom-InsertRepeatedBytes-Custom-ShuffleBytes-Custom-ChangeByte-Custom-InsertRepeatedBytes-Custom-
#21208	NEW    cov: 399 ft: 651 corp: 66/1012b lim: 68 exec/s: 21208 rss: 957Mb L: 67/68 MS: 2 InsertRepeatedBytes-Custom-
#21404	NEW    cov: 399 ft: 652 corp: 67/1080b lim: 68 exec/s: 21404 rss: 957Mb L: 68/68 MS: 2 CopyPart-Custom-
#21793	REDUCE cov: 399 ft: 652 corp: 67/1074b lim: 68 exec/s: 21793 rss: 957Mb L: 32/68 MS: 8 InsertRepeatedBytes-Custom-ChangeBinInt-Custom-EraseBytes-Custom-CopyPart-Custom-
#22134	REDUCE cov: 400 ft: 653 corp: 68/1126b lim: 68 exec/s: 22134 rss: 957Mb L: 52/68 MS: 2 InsertRepeatedBytes-Custom-
#22161	NEW    cov: 400 ft: 654 corp: 69/1178b lim: 68 exec/s: 22161 rss: 957Mb L: 52/68 MS: 4 ChangeByte-Custom-CopyPart-Custom-
#22252	NEW    cov: 400 ft: 664 corp: 70/1219b lim: 68 exec/s: 22252 rss: 957Mb L: 41/68 MS: 2 ChangeBinInt-Custom-
#22292	REDUCE cov: 400 ft: 664 corp: 70/1209b lim: 68 exec/s: 22292 rss: 957Mb L: 42/68 MS: 10 EraseBytes-Custom-PersAutoDict-Custom-InsertByte-Custom-PersAutoDict-Custom-CrossOver-Custom- DE: "zip"-"cpio"-
#22609	REDUCE cov: 400 ft: 664 corp: 70/1183b lim: 68 exec/s: 22609 rss: 957Mb L: 26/68 MS: 4 ShuffleBytes-Custom-EraseBytes-Custom-
#22926	REDUCE cov: 400 ft: 664 corp: 70/1182b lim: 68 exec/s: 22926 rss: 957Mb L: 13/68 MS: 4 ChangeBit-Custom-EraseBytes-Custom-
#23038	REDUCE cov: 400 ft: 664 corp: 70/1181b lim: 68 exec/s: 23038 rss: 957Mb L: 7/68 MS: 4 ChangeByte-Custom-EraseBytes-Custom-
#23165	REDUCE cov: 400 ft: 664 corp: 70/1180b lim: 68 exec/s: 23165 rss: 957Mb L: 25/68 MS: 4 CMP-Custom-EraseBytes-Custom- DE: "`\000\000\000"-
#23426	REDUCE cov: 400 ft: 664 corp: 70/1178b lim: 68 exec/s: 23426 rss: 958Mb L: 39/68 MS: 2 EraseBytes-Custom-
#23437	REDUCE cov: 400 ft: 664 corp: 70/1177b lim: 68 exec/s: 23437 rss: 958Mb L: 23/68 MS: 2 EraseBytes-Custom-
#23697	REDUCE cov: 400 ft: 664 corp: 70/1166b lim: 68 exec/s: 23697 rss: 958Mb L: 14/68 MS: 10 ChangeBit-Custom-ChangeBit-Custom-ShuffleBytes-Custom-ShuffleBytes-Custom-EraseBytes-Custom-
#24571	NEW    cov: 400 ft: 670 corp: 71/1239b lim: 74 exec/s: 24571 rss: 958Mb L: 73/73 MS: 8 CopyPart-Custom-ChangeByte-Custom-CrossOver-Custom-InsertRepeatedBytes-Custom-
#24890	REDUCE cov: 400 ft: 670 corp: 71/1233b lim: 74 exec/s: 24890 rss: 958Mb L: 8/73 MS: 8 ShuffleBytes-Custom-CopyPart-Custom-CrossOver-Custom-CrossOver-Custom-
#25651	REDUCE cov: 400 ft: 670 corp: 71/1230b lim: 80 exec/s: 25651 rss: 958Mb L: 5/73 MS: 2 EraseBytes-Custom-
#25829	REDUCE cov: 400 ft: 671 corp: 72/1309b lim: 80 exec/s: 25829 rss: 958Mb L: 79/79 MS: 6 CopyPart-Custom-ChangeByte-Custom-InsertRepeatedBytes-Custom-
#25927	REDUCE cov: 400 ft: 671 corp: 72/1308b lim: 80 exec/s: 25927 rss: 958Mb L: 78/78 MS: 6 ShuffleBytes-Custom-CopyPart-Custom-EraseBytes-Custom-
#26001	REDUCE cov: 400 ft: 677 corp: 73/1353b lim: 80 exec/s: 26001 rss: 958Mb L: 45/78 MS: 8 InsertByte-Custom-ShuffleBytes-Custom-PersAutoDict-Custom-CMP-Custom- DE: "zip"-"\023\023\023\023\023"-
#26282	REDUCE cov: 400 ft: 677 corp: 73/1350b lim: 80 exec/s: 26282 rss: 958Mb L: 8/78 MS: 2 EraseBytes-Custom-
#26313	NEW    cov: 400 ft: 678 corp: 74/1429b lim: 80 exec/s: 26313 rss: 958Mb L: 79/79 MS: 2 InsertRepeatedBytes-Custom-
#26639	REDUCE cov: 400 ft: 678 corp: 74/1425b lim: 80 exec/s: 26639 rss: 958Mb L: 37/79 MS: 2 PersAutoDict-Custom- DE: "7z"-
#26767	REDUCE cov: 400 ft: 678 corp: 74/1410b lim: 80 exec/s: 26767 rss: 958Mb L: 64/78 MS: 6 ChangeBit-Custom-InsertByte-Custom-EraseBytes-Custom-
#26923	REDUCE cov: 400 ft: 678 corp: 74/1405b lim: 80 exec/s: 26923 rss: 958Mb L: 33/78 MS: 2 EraseBytes-Custom-
#26954	REDUCE cov: 400 ft: 690 corp: 75/1471b lim: 80 exec/s: 26954 rss: 958Mb L: 66/78 MS: 2 CMP-Custom- DE: "%j"-
#26955	REDUCE cov: 400 ft: 690 corp: 75/1469b lim: 80 exec/s: 26955 rss: 958Mb L: 5/78 MS: 2 EraseBytes-Custom-
#27109	REDUCE cov: 400 ft: 690 corp: 75/1465b lim: 80 exec/s: 27109 rss: 958Mb L: 29/78 MS: 8 ShuffleBytes-Custom-ChangeBit-Custom-InsertByte-Custom-EraseBytes-Custom-
#27495	REDUCE cov: 400 ft: 690 corp: 75/1464b lim: 80 exec/s: 13747 rss: 958Mb L: 18/78 MS: 2 EraseBytes-Custom-
#27750	REDUCE cov: 400 ft: 690 corp: 75/1463b lim: 80 exec/s: 13875 rss: 958Mb L: 42/78 MS: 10 ShuffleBytes-Custom-ChangeByte-Custom-InsertByte-Custom-ChangeBit-Custom-EraseBytes-Custom-
#27847	REDUCE cov: 400 ft: 690 corp: 75/1458b lim: 80 exec/s: 13923 rss: 958Mb L: 61/78 MS: 4 ChangeBinInt-Custom-EraseBytes-Custom-
#28604	REDUCE cov: 400 ft: 690 corp: 75/1456b lim: 86 exec/s: 14302 rss: 958Mb L: 39/78 MS: 4 ChangeBit-Custom-EraseBytes-Custom-
#29547	REDUCE cov: 400 ft: 690 corp: 75/1454b lim: 92 exec/s: 14773 rss: 958Mb L: 59/78 MS: 6 ChangeBit-Custom-EraseBytes-Custom-CopyPart-Custom-
#30035	NEW    cov: 411 ft: 703 corp: 76/1458b lim: 92 exec/s: 15017 rss: 958Mb L: 4/78 MS: 6 ChangeByte-Custom-PersAutoDict-Custom-CMP-Custom- DE: "q\000"-"arj"-
#30561	REDUCE cov: 411 ft: 703 corp: 76/1457b lim: 92 exec/s: 15280 rss: 958Mb L: 17/78 MS: 2 EraseBytes-Custom-
#30836	REDUCE cov: 411 ft: 703 corp: 76/1456b lim: 92 exec/s: 15418 rss: 958Mb L: 38/78 MS: 10 ChangeBit-Custom-CMP-Custom-InsertByte-Custom-EraseBytes-Custom-ShuffleBytes-Custom- DE: "p\000\000\000"-
#30953	REDUCE cov: 411 ft: 703 corp: 76/1446b lim: 92 exec/s: 15476 rss: 958Mb L: 54/78 MS: 4 InsertByte-Custom-EraseBytes-Custom-
#30984	REDUCE cov: 411 ft: 703 corp: 76/1444b lim: 92 exec/s: 15492 rss: 958Mb L: 27/78 MS: 2 EraseBytes-Custom-
#31053	REDUCE cov: 411 ft: 703 corp: 76/1430b lim: 92 exec/s: 15526 rss: 958Mb L: 40/78 MS: 8 InsertByte-Custom-ChangeBit-Custom-InsertByte-Custom-EraseBytes-Custom-
#31249	REDUCE cov: 411 ft: 703 corp: 76/1429b lim: 92 exec/s: 15624 rss: 958Mb L: 4/78 MS: 2 EraseBytes-Custom-
#31407	REDUCE cov: 411 ft: 703 corp: 76/1426b lim: 92 exec/s: 15703 rss: 958Mb L: 39/78 MS: 6 CopyPart-Custom-EraseBytes-Custom-CopyPart-Custom-
#31451	REDUCE cov: 411 ft: 703 corp: 76/1424b lim: 92 exec/s: 15725 rss: 958Mb L: 66/78 MS: 8 ChangeBit-Custom-CopyPart-Custom-EraseBytes-Custom-CrossOver-Custom-
#31648	REDUCE cov: 411 ft: 703 corp: 76/1412b lim: 92 exec/s: 15824 rss: 958Mb L: 27/78 MS: 4 ChangeByte-Custom-EraseBytes-Custom-
#31844	REDUCE cov: 411 ft: 703 corp: 76/1411b lim: 92 exec/s: 15922 rss: 958Mb L: 44/78 MS: 2 EraseBytes-Custom-
#32127	REDUCE cov: 411 ft: 703 corp: 76/1410b lim: 92 exec/s: 16063 rss: 958Mb L: 77/77 MS: 6 PersAutoDict-Custom-ShuffleBytes-Custom-EraseBytes-Custom- DE: "arj"-
#32768	pulse  cov: 411 ft: 703 corp: 76/1410b lim: 98 exec/s: 16384 rss: 958Mb
#32770	REDUCE cov: 411 ft: 704 corp: 77/1495b lim: 98 exec/s: 16385 rss: 958Mb L: 85/85 MS: 6 ShuffleBytes-Custom-InsertByte-Custom-CopyPart-Custom-
#33381	REDUCE cov: 411 ft: 704 corp: 77/1486b lim: 104 exec/s: 16690 rss: 958Mb L: 76/77 MS: 2 EraseBytes-Custom-
#33472	REDUCE cov: 411 ft: 704 corp: 77/1484b lim: 104 exec/s: 16736 rss: 958Mb L: 20/77 MS: 2 EraseBytes-Custom-
#34147	REDUCE cov: 411 ft: 754 corp: 78/1588b lim: 110 exec/s: 17073 rss: 958Mb L: 104/104 MS: 10 ChangeBit-Custom-CopyPart-Custom-PersAutoDict-Custom-EraseBytes-Custom-InsertRepeatedBytes-Custom- DE: "arj"-
#34187	REDUCE cov: 411 ft: 754 corp: 78/1564b lim: 110 exec/s: 17093 rss: 958Mb L: 35/104 MS: 10 ShuffleBytes-Custom-PersAutoDict-Custom-EraseBytes-Custom-ChangeBinInt-Custom-CopyPart-Custom- DE: "p\000\000\000"-
#34412	NEW    cov: 411 ft: 769 corp: 79/1672b lim: 110 exec/s: 17206 rss: 958Mb L: 108/108 MS: 10 ShuffleBytes-Custom-InsertRepeatedBytes-Custom-ShuffleBytes-Custom-ShuffleBytes-Custom-InsertRepeatedBytes-Custom-
#34529	REDUCE cov: 411 ft: 769 corp: 79/1669b lim: 110 exec/s: 17264 rss: 958Mb L: 34/108 MS: 4 ChangeByte-Custom-EraseBytes-Custom-
#34915	REDUCE cov: 411 ft: 770 corp: 80/1739b lim: 110 exec/s: 17457 rss: 958Mb L: 70/108 MS: 2 InsertRepeatedBytes-Custom-
#35161	REDUCE cov: 411 ft: 770 corp: 80/1738b lim: 110 exec/s: 17580 rss: 958Mb L: 33/108 MS: 2 EraseBytes-Custom-
#35577	REDUCE cov: 411 ft: 770 corp: 80/1737b lim: 110 exec/s: 17788 rss: 958Mb L: 43/108 MS: 2 CMP-Custom- DE: "zi"-
#36409	REDUCE cov: 411 ft: 770 corp: 80/1733b lim: 116 exec/s: 18204 rss: 958Mb L: 37/108 MS: 4 PersAutoDict-Custom-ChangeBinInt-Custom- DE: "7z"-
#37100	REDUCE cov: 411 ft: 770 corp: 80/1728b lim: 122 exec/s: 18550 rss: 958Mb L: 17/108 MS: 2 EraseBytes-Custom-
#37274	REDUCE cov: 411 ft: 770 corp: 80/1726b lim: 122 exec/s: 18637 rss: 958Mb L: 75/108 MS: 8 PersAutoDict-Custom-ChangeBinInt-Custom-InsertByte-Custom-EraseBytes-Custom- DE: "dump"-
#37307	REDUCE cov: 411 ft: 770 corp: 80/1707b lim: 122 exec/s: 18653 rss: 958Mb L: 51/108 MS: 6 PersAutoDict-Custom-ShuffleBytes-Custom-EraseBytes-Custom- DE: "p\000\000\000"-
#38903	REDUCE cov: 411 ft: 770 corp: 80/1706b lim: 135 exec/s: 19451 rss: 958Mb L: 32/108 MS: 2 EraseBytes-Custom-
#39251	REDUCE cov: 411 ft: 776 corp: 81/1838b lim: 135 exec/s: 19625 rss: 958Mb L: 132/132 MS: 6 ChangeBit-Custom-ChangeByte-Custom-InsertRepeatedBytes-Custom-
#39730	REDUCE cov: 411 ft: 776 corp: 81/1834b lim: 135 exec/s: 19865 rss: 958Mb L: 39/132 MS: 8 ChangeBit-Custom-ChangeBinInt-Custom-CopyPart-Custom-PersAutoDict-Custom- DE: "7z"-
#40077	REDUCE cov: 411 ft: 776 corp: 81/1825b lim: 135 exec/s: 20038 rss: 958Mb L: 26/132 MS: 4 ShuffleBytes-Custom-EraseBytes-Custom-
#40103	REDUCE cov: 411 ft: 776 corp: 81/1818b lim: 135 exec/s: 20051 rss: 958Mb L: 25/132 MS: 2 EraseBytes-Custom-
#40134	REDUCE cov: 411 ft: 776 corp: 81/1817b lim: 135 exec/s: 20067 rss: 958Mb L: 22/132 MS: 2 EraseBytes-Custom-
#40703	REDUCE cov: 411 ft: 777 corp: 82/1932b lim: 135 exec/s: 20351 rss: 958Mb L: 115/132 MS: 8 ShuffleBytes-Custom-InsertRepeatedBytes-Custom-InsertRepeatedBytes-Custom-CopyPart-Custom-
#40936	REDUCE cov: 411 ft: 777 corp: 82/1918b lim: 135 exec/s: 20468 rss: 958Mb L: 101/132 MS: 6 InsertByte-Custom-ShuffleBytes-Custom-EraseBytes-Custom-
#40955	REDUCE cov: 411 ft: 777 corp: 82/1917b lim: 135 exec/s: 20477 rss: 958Mb L: 103/132 MS: 8 EraseBytes-Custom-ChangeByte-Custom-InsertRepeatedBytes-Custom-InsertByte-Custom-
#41253	REDUCE cov: 411 ft: 777 corp: 82/1913b lim: 135 exec/s: 20626 rss: 958Mb L: 25/132 MS: 6 PersAutoDict-Custom-ChangeBit-Custom-EraseBytes-Custom- DE: "%j"-
#41569	REDUCE cov: 411 ft: 777 corp: 82/1903b lim: 135 exec/s: 13856 rss: 958Mb L: 41/132 MS: 2 EraseBytes-Custom-
#42056	REDUCE cov: 420 ft: 791 corp: 83/1931b lim: 135 exec/s: 14018 rss: 958Mb L: 28/132 MS: 4 EraseBytes-Custom-CMP-Custom- DE: "arj"-
#42157	REDUCE cov: 420 ft: 791 corp: 83/1927b lim: 135 exec/s: 14052 rss: 958Mb L: 21/132 MS: 2 EraseBytes-Custom-
#42923	REDUCE cov: 420 ft: 791 corp: 83/1926b lim: 142 exec/s: 14307 rss: 958Mb L: 24/132 MS: 2 EraseBytes-Custom-
#43295	REDUCE cov: 420 ft: 791 corp: 83/1919b lim: 142 exec/s: 14431 rss: 958Mb L: 94/132 MS: 4 ChangeByte-Custom-CrossOver-Custom-
#43311	NEW    cov: 420 ft: 801 corp: 84/2056b lim: 142 exec/s: 14437 rss: 958Mb L: 137/137 MS: 2 InsertRepeatedBytes-Custom-
#43452	REDUCE cov: 420 ft: 801 corp: 84/2037b lim: 142 exec/s: 14484 rss: 958Mb L: 118/132 MS: 2 EraseBytes-Custom-
#43582	REDUCE cov: 420 ft: 801 corp: 84/2031b lim: 142 exec/s: 14527 rss: 958Mb L: 112/132 MS: 10 CMP-Custom-ChangeByte-Custom-PersAutoDict-Custom-CMP-Custom-EraseBytes-Custom- DE: "\377\377\377\351"-"\000\000\000\010"-"\377\377\377\377\377\377\377\377"-
#43703	REDUCE cov: 420 ft: 801 corp: 84/1993b lim: 142 exec/s: 14567 rss: 958Mb L: 74/132 MS: 2 EraseBytes-Custom-
#44159	REDUCE cov: 420 ft: 801 corp: 84/1989b lim: 142 exec/s: 14719 rss: 958Mb L: 33/132 MS: 2 EraseBytes-Custom-
#44368	REDUCE cov: 420 ft: 801 corp: 84/1966b lim: 142 exec/s: 14789 rss: 958Mb L: 51/132 MS: 8 PersAutoDict-Custom-ChangeBit-Custom-CopyPart-Custom-EraseBytes-Custom- DE: "cpio"-
#44406	REDUCE cov: 420 ft: 814 corp: 85/1982b lim: 142 exec/s: 14802 rss: 958Mb L: 16/132 MS: 6 ChangeBinInt-Custom-EraseBytes-Custom-EraseBytes-Custom-
#44957	REDUCE cov: 420 ft: 814 corp: 85/1981b lim: 142 exec/s: 14985 rss: 958Mb L: 21/132 MS: 2 EraseBytes-Custom-
#45754	REDUCE cov: 420 ft: 814 corp: 85/1980b lim: 149 exec/s: 15251 rss: 958Mb L: 75/132 MS: 4 CopyPart-Custom-EraseBytes-Custom-
#45944	NEW    cov: 428 ft: 833 corp: 86/2129b lim: 149 exec/s: 15314 rss: 958Mb L: 149/149 MS: 10 PersAutoDict-Custom-ChangeBinInt-Custom-InsertRepeatedBytes-Custom-ChangeBit-Custom-PersAutoDict-Custom- DE: "zip"-"`\000\000\000"-
#46331	REDUCE cov: 430 ft: 837 corp: 87/2180b lim: 149 exec/s: 15443 rss: 958Mb L: 51/149 MS: 4 PersAutoDict-Custom-ChangeByte-Custom- DE: "tar"-
#46852	REDUCE cov: 430 ft: 838 corp: 88/2319b lim: 149 exec/s: 15617 rss: 958Mb L: 139/149 MS: 2 CopyPart-Custom-
#46870	REDUCE cov: 430 ft: 838 corp: 88/2313b lim: 149 exec/s: 15623 rss: 958Mb L: 143/143 MS: 6 PersAutoDict-Custom-ChangeByte-Custom-EraseBytes-Custom- DE: "\377\377\377\002"-
#46879	REDUCE cov: 430 ft: 838 corp: 88/2264b lim: 149 exec/s: 15626 rss: 958Mb L: 94/139 MS: 8 ChangeByte-Custom-ChangeByte-Custom-ChangeBinInt-Custom-EraseBytes-Custom-
#47135	REDUCE cov: 430 ft: 838 corp: 88/2251b lim: 149 exec/s: 15711 rss: 958Mb L: 38/139 MS: 2 EraseBytes-Custom-
#47251	REDUCE cov: 430 ft: 838 corp: 88/2244b lim: 149 exec/s: 15750 rss: 958Mb L: 87/139 MS: 2 EraseBytes-Custom-
#47346	REDUCE cov: 430 ft: 838 corp: 88/2225b lim: 149 exec/s: 15782 rss: 958Mb L: 32/139 MS: 10 ChangeBit-Custom-CopyPart-Custom-ChangeBinInt-Custom-ChangeBit-Custom-EraseBytes-Custom-
#47698	REDUCE cov: 430 ft: 838 corp: 88/2212b lim: 149 exec/s: 15899 rss: 958Mb L: 74/139 MS: 4 ShuffleBytes-Custom-EraseBytes-Custom-
#47984	REDUCE cov: 430 ft: 838 corp: 88/2206b lim: 149 exec/s: 15994 rss: 958Mb L: 26/139 MS: 2 EraseBytes-Custom-
#48115	REDUCE cov: 430 ft: 838 corp: 88/2203b lim: 149 exec/s: 16038 rss: 958Mb L: 21/139 MS: 2 EraseBytes-Custom-
#48171	REDUCE cov: 430 ft: 838 corp: 88/2197b lim: 149 exec/s: 16057 rss: 958Mb L: 68/139 MS: 2 EraseBytes-Custom-
#48372	REDUCE cov: 430 ft: 838 corp: 88/2196b lim: 149 exec/s: 16124 rss: 958Mb L: 7/139 MS: 2 EraseBytes-Custom-
#48663	REDUCE cov: 430 ft: 838 corp: 88/2175b lim: 149 exec/s: 16221 rss: 958Mb L: 47/139 MS: 2 EraseBytes-Custom-
#48882	REDUCE cov: 430 ft: 848 corp: 89/2223b lim: 149 exec/s: 16294 rss: 958Mb L: 48/139 MS: 8 InsertByte-Custom-ShuffleBytes-Custom-PersAutoDict-Custom-ShuffleBytes-Custom- DE: "q\000"-
#48903	REDUCE cov: 430 ft: 848 corp: 89/2222b lim: 149 exec/s: 16301 rss: 958Mb L: 20/139 MS: 2 EraseBytes-Custom-
#49227	REDUCE cov: 430 ft: 849 corp: 90/2329b lim: 149 exec/s: 16409 rss: 958Mb L: 107/139 MS: 8 CopyPart-Custom-ChangeBit-Custom-ShuffleBytes-Custom-CopyPart-Custom-
#49399	REDUCE cov: 430 ft: 849 corp: 90/2315b lim: 149 exec/s: 16466 rss: 958Mb L: 34/139 MS: 4 CrossOver-Custom-EraseBytes-Custom-
#49757	REDUCE cov: 432 ft: 851 corp: 91/2351b lim: 149 exec/s: 16585 rss: 958Mb L: 36/139 MS: 6 InsertByte-Custom-CMP-Custom-InsertByte-Custom- DE: "\376\377\377\377\377\377\377\377"-
#50056	REDUCE cov: 443 ft: 862 corp: 92/2397b lim: 149 exec/s: 16685 rss: 958Mb L: 46/139 MS: 8 CrossOver-Custom-CopyPart-Custom-ChangeBit-Custom-CMP-Custom- DE: "\001\000\000\000\000\000\000\000"-
#50232	REDUCE cov: 443 ft: 862 corp: 92/2382b lim: 149 exec/s: 16744 rss: 958Mb L: 19/139 MS: 2 EraseBytes-Custom-
#50370	REDUCE cov: 443 ft: 862 corp: 92/2380b lim: 149 exec/s: 16790 rss: 958Mb L: 45/139 MS: 6 ChangeBit-Custom-InsertRepeatedBytes-Custom-EraseBytes-Custom-
#50554	REDUCE cov: 443 ft: 862 corp: 92/2373b lim: 149 exec/s: 16851 rss: 958Mb L: 29/139 MS: 8 ShuffleBytes-Custom-ChangeByte-Custom-ShuffleBytes-Custom-EraseBytes-Custom-
#50791	NEW    cov: 443 ft: 883 corp: 93/2463b lim: 149 exec/s: 16930 rss: 958Mb L: 90/139 MS: 4 InsertByte-Custom-CopyPart-Custom-
#50835	REDUCE cov: 443 ft: 888 corp: 94/2473b lim: 149 exec/s: 16945 rss: 958Mb L: 10/139 MS: 8 ChangeBinInt-Custom-InsertByte-Custom-ChangeBit-Custom-EraseBytes-Custom-
#51103	REDUCE cov: 443 ft: 888 corp: 94/2459b lim: 149 exec/s: 17034 rss: 958Mb L: 32/139 MS: 6 ChangeBinInt-Custom-ShuffleBytes-Custom-EraseBytes-Custom-
#51162	REDUCE cov: 443 ft: 888 corp: 94/2457b lim: 149 exec/s: 17054 rss: 958Mb L: 25/139 MS: 8 ShuffleBytes-Custom-CopyPart-Custom-EraseBytes-Custom-ChangeASCIIInt-Custom-
#51527	REDUCE cov: 443 ft: 888 corp: 94/2454b lim: 149 exec/s: 17175 rss: 958Mb L: 22/139 MS: 10 PersAutoDict-Custom-InsertByte-Custom-ChangeBinInt-Custom-ChangeBit-Custom-ChangeASCIIInt-Custom- DE: "7z"-
#51618	NEW    cov: 443 ft: 889 corp: 95/2465b lim: 149 exec/s: 17206 rss: 958Mb L: 11/139 MS: 2 InsertByte-Custom-
#51624	REDUCE cov: 444 ft: 890 corp: 96/2503b lim: 149 exec/s: 17208 rss: 958Mb L: 38/139 MS: 2 CMP-Custom- DE: "k\352\000\000"-
#51682	REDUCE cov: 444 ft: 890 corp: 96/2495b lim: 149 exec/s: 17227 rss: 958Mb L: 37/139 MS: 6 CrossOver-Custom-ChangeByte-Custom-EraseBytes-Custom-
#51693	REDUCE cov: 444 ft: 890 corp: 96/2484b lim: 149 exec/s: 17231 rss: 958Mb L: 15/139 MS: 2 EraseBytes-Custom-
#51745	REDUCE cov: 444 ft: 890 corp: 96/2480b lim: 149 exec/s: 17248 rss: 958Mb L: 29/139 MS: 4 CMP-Custom-EraseBytes-Custom- DE: "\377`"-
#51981	REDUCE cov: 444 ft: 890 corp: 96/2478b lim: 149 exec/s: 17327 rss: 958Mb L: 15/139 MS: 2 EraseBytes-Custom-
#51987	NEW    cov: 444 ft: 894 corp: 97/2486b lim: 149 exec/s: 17329 rss: 958Mb L: 8/139 MS: 2 EraseBytes-Custom-
#52041	REDUCE cov: 444 ft: 894 corp: 97/2481b lim: 149 exec/s: 17347 rss: 958Mb L: 89/139 MS: 8 ShuffleBytes-Custom-CMP-Custom-InsertRepeatedBytes-Custom-EraseBytes-Custom- DE: "\001\000\000R"-
#52087	REDUCE cov: 444 ft: 895 corp: 98/2507b lim: 149 exec/s: 17362 rss: 958Mb L: 26/139 MS: 2 CopyPart-Custom-
#52109	REDUCE cov: 444 ft: 895 corp: 98/2505b lim: 149 exec/s: 17369 rss: 958Mb L: 36/139 MS: 4 CMP-Custom-EraseBytes-Custom- DE: "jar"-
#52191	REDUCE cov: 444 ft: 895 corp: 98/2504b lim: 149 exec/s: 17397 rss: 958Mb L: 15/139 MS: 4 InsertByte-Custom-EraseBytes-Custom-
#52287	REDUCE cov: 444 ft: 896 corp: 99/2516b lim: 149 exec/s: 17429 rss: 958Mb L: 12/139 MS: 2 EraseBytes-Custom-
#52488	REDUCE cov: 444 ft: 896 corp: 99/2507b lim: 149 exec/s: 17496 rss: 958Mb L: 81/139 MS: 2 EraseBytes-Custom-
#52804	REDUCE cov: 444 ft: 896 corp: 99/2505b lim: 149 exec/s: 17601 rss: 958Mb L: 26/139 MS: 2 EraseBytes-Custom-
#53310	REDUCE cov: 444 ft: 896 corp: 99/2503b lim: 149 exec/s: 17770 rss: 958Mb L: 105/139 MS: 2 EraseBytes-Custom-
#53368	REDUCE cov: 444 ft: 896 corp: 99/2493b lim: 149 exec/s: 17789 rss: 958Mb L: 26/139 MS: 6 CopyPart-Custom-ChangeBinInt-Custom-EraseBytes-Custom-
#53382	REDUCE cov: 444 ft: 896 corp: 99/2482b lim: 149 exec/s: 17794 rss: 958Mb L: 18/139 MS: 8 ChangeBinInt-Custom-PersAutoDict-Custom-InsertByte-Custom-EraseBytes-Custom- DE: "cpio"-
#53468	REDUCE cov: 444 ft: 896 corp: 99/2469b lim: 149 exec/s: 17822 rss: 958Mb L: 68/139 MS: 2 EraseBytes-Custom-
#53747	REDUCE cov: 444 ft: 896 corp: 99/2461b lim: 149 exec/s: 17915 rss: 958Mb L: 29/139 MS: 8 ShuffleBytes-Custom-ChangeBit-Custom-ShuffleBytes-Custom-EraseBytes-Custom-
#54199	REDUCE cov: 444 ft: 896 corp: 99/2458b lim: 149 exec/s: 18066 rss: 958Mb L: 18/139 MS: 4 ShuffleBytes-Custom-EraseBytes-Custom-
#54278	REDUCE cov: 444 ft: 896 corp: 99/2453b lim: 149 exec/s: 18092 rss: 958Mb L: 134/134 MS: 8 CMP-Custom-ChangeBinInt-Custom-EraseBytes-Custom-CopyPart-Custom- DE: "\001\000\000\000\000\000\000\000"-
#54814	REDUCE cov: 444 ft: 896 corp: 99/2443b lim: 149 exec/s: 18271 rss: 958Mb L: 16/134 MS: 2 EraseBytes-Custom-
#54920	REDUCE cov: 444 ft: 896 corp: 99/2442b lim: 149 exec/s: 18306 rss: 958Mb L: 28/134 MS: 2 CrossOver-Custom-
#54941	NEW    cov: 444 ft: 897 corp: 100/2451b lim: 149 exec/s: 18313 rss: 958Mb L: 9/134 MS: 2 InsertByte-Custom-
#55532	REDUCE cov: 444 ft: 897 corp: 100/2439b lim: 149 exec/s: 18510 rss: 958Mb L: 20/134 MS: 2 EraseBytes-Custom-
#55615	NEW    cov: 444 ft: 899 corp: 101/2466b lim: 149 exec/s: 18538 rss: 958Mb L: 27/134 MS: 6 ChangeByte-Custom-InsertByte-Custom-CMP-Custom- DE: "dump"-
#55656	REDUCE cov: 444 ft: 899 corp: 101/2465b lim: 149 exec/s: 18552 rss: 958Mb L: 18/134 MS: 2 EraseBytes-Custom-
#55872	REDUCE cov: 444 ft: 899 corp: 101/2458b lim: 149 exec/s: 18624 rss: 958Mb L: 11/134 MS: 2 EraseBytes-Custom-
#56004	REDUCE cov: 444 ft: 899 corp: 101/2456b lim: 149 exec/s: 18668 rss: 958Mb L: 18/134 MS: 4 ChangeBit-Custom-EraseBytes-Custom-
#56025	NEW    cov: 444 ft: 907 corp: 102/2463b lim: 149 exec/s: 18675 rss: 958Mb L: 7/134 MS: 2 EraseBytes-Custom-
#56061	REDUCE cov: 444 ft: 907 corp: 102/2461b lim: 149 exec/s: 18687 rss: 958Mb L: 16/134 MS: 2 EraseBytes-Custom-
#56964	REDUCE cov: 444 ft: 907 corp: 102/2458b lim: 156 exec/s: 18988 rss: 958Mb L: 17/134 MS: 6 CrossOver-Custom-PersAutoDict-Custom-ChangeByte-Custom- DE: "k\352\000\000"-
#57089	DONE   cov: 444 ft: 907 corp: 102/2458b lim: 156 exec/s: 14272 rss: 958Mb
###### Recommended dictionary. ######
"zip" # Uses: 497
"tar" # Uses: 474
"7z" # Uses: 444
"jar" # Uses: 408
"cpio" # Uses: 385
"\377\377\377\002" # Uses: 348
"7z7\031\035\035\035\035" # Uses: 269
"q\000" # Uses: 341
"dump" # Uses: 280
"ar" # Uses: 286
"\000\000\000\010" # Uses: 232
"`\000\000\000" # Uses: 180
"\023\023\023\023\023" # Uses: 128
"%j" # Uses: 147
"arj" # Uses: 124
"p\000\000\000" # Uses: 133
"zi" # Uses: 107
"\377\377\377\351" # Uses: 66
"\377\377\377\377\377\377\377\377" # Uses: 46
"\376\377\377\377\377\377\377\377" # Uses: 24
"\001\000\000\000\000\000\000\000" # Uses: 20
"k\352\000\000" # Uses: 24
"\377`" # Uses: 23
"\001\000\000R" # Uses: 17
###### End of recommended dictionary. ######
Done 57089 runs in 4 second(s)
[INFO] Tests run: 2, Failures: 0, Errors: 0, Skipped: 0, Time elapsed: 16.25 s -- in com.example.algorithm2.Algorithm2Test
[INFO] 
[INFO] Results:
[INFO] 
[INFO] Tests run: 2, Failures: 0, Errors: 0, Skipped: 0
[INFO] 
[INFO] 
[INFO] --- jacoco:0.8.11:report (default-cli) @ AlgorithmName2 ---
[INFO] Loading execution data file /tmp/bugrun/compress_27.3ASfxh/target/jacoco.exec
[INFO] Analyzed bundle 'AlgorithmName2' with 178 classes
[INFO] ------------------------------------------------------------------------
[INFO] BUILD SUCCESS
[INFO] ------------------------------------------------------------------------
[INFO] Total time:  36.875 s
[INFO] Finished at: 2026-10-06T02:47:36+07:00
[INFO] ------------------------------------------------------------------------
