[INFO] Scanning for projects...
[INFO] 
[INFO] ---------------------< com.example:AlgorithmName2 >---------------------
[INFO] Building AlgorithmName2 1.0-SNAPSHOT
[INFO]   from pom.xml
[INFO] --------------------------------[ jar ]---------------------------------
[INFO] 
[INFO] --- jacoco:0.8.11:prepare-agent (default) @ AlgorithmName2 ---
[INFO] argLine set to -javaagent:/home/kanyaphak673380391-3/.m2/repository/org/jacoco/org.jacoco.agent/0.8.11/org.jacoco.agent-0.8.11-runtime.jar=destfile=/tmp/bugrun/math_13.o6MD0h/target/jacoco.exec
[INFO] 
[INFO] --- resources:3.4.0:resources (default-resources) @ AlgorithmName2 ---
[INFO] Copying 1 resource from src/main/resources to target/classes
[INFO] 
[INFO] --- compiler:3.15.0:compile (default-compile) @ AlgorithmName2 ---
[INFO] Recompiling the module because of changed source code.
[INFO] Compiling 1 source file with javac [debug target 1.8] to target/classes
[WARNING] bootstrap class path not set in conjunction with -source 8
[INFO] 
[INFO] --- dependency:3.6.0:unpack-dependencies (unpack-defects4j) @ AlgorithmName2 ---
[INFO] 
[INFO] --- resources:3.4.0:testResources (default-testResources) @ AlgorithmName2 ---
[INFO] skip non existing resourceDirectory /tmp/bugrun/math_13.o6MD0h/src/test/resources
[INFO] 
[INFO] --- compiler:3.15.0:testCompile (default-testCompile) @ AlgorithmName2 ---
[INFO] Recompiling the module because of changed dependency.
[INFO] Compiling 1 source file with javac [debug target 1.8] to target/test-classes
[WARNING] bootstrap class path not set in conjunction with -source 8
[INFO] 
[INFO] --- surefire:3.1.2:test (default-cli) @ AlgorithmName2 ---
[INFO] Using auto detected provider org.apache.maven.surefire.junitplatform.JUnitPlatformProvider
[INFO] 
[INFO] -------------------------------------------------------
[INFO]  T E S T S
[INFO] -------------------------------------------------------
[INFO] Running com.example.algorithm2.Algorithm2Test
OpenJDK 64-Bit Server VM warning: Sharing is only supported for boot loader classes because bootstrap classpath has been appended
INFO: Loaded 284 hooks from com.code_intelligence.jazzer.runtime.TraceCmpHooks
INFO: Loaded 5 hooks from com.code_intelligence.jazzer.runtime.TraceDivHooks
INFO: Loaded 2 hooks from com.code_intelligence.jazzer.runtime.TraceIndirHooks
INFO: Loaded 4 hooks from com.code_intelligence.jazzer.runtime.NativeLibHooks
INFO: Loaded 2 hooks from com.code_intelligence.jazzer.sanitizers.ClojureLangHooks
INFO: Loaded 5 hooks from com.code_intelligence.jazzer.sanitizers.Deserialization
INFO: Loaded 5 hooks from com.code_intelligence.jazzer.sanitizers.ExpressionLanguageInjection
INFO: Loaded 70 hooks from com.code_intelligence.jazzer.sanitizers.LdapInjection
INFO: Loaded 46 hooks from com.code_intelligence.jazzer.sanitizers.NamingContextLookup
INFO: Loaded 1 hooks from com.code_intelligence.jazzer.sanitizers.OsCommandInjection
INFO: Loaded 52 hooks from com.code_intelligence.jazzer.sanitizers.ReflectiveCall
INFO: Loaded 8 hooks from com.code_intelligence.jazzer.sanitizers.RegexInjection
INFO: Loaded 16 hooks from com.code_intelligence.jazzer.sanitizers.RegexRoadblocks
INFO: Loaded 18 hooks from com.code_intelligence.jazzer.sanitizers.ScriptEngineInjection
INFO: Loaded 2 hooks from com.code_intelligence.jazzer.sanitizers.ServerSideRequestForgery
INFO: Loaded 19 hooks from com.code_intelligence.jazzer.sanitizers.SqlInjection
INFO: Loaded 6 hooks from com.code_intelligence.jazzer.sanitizers.XPathInjection
INFO: Instrumented com.example.algorithm2.Algorithm2Test$Skip (took 234 ms, size +44%)
INFO: Instrumented com.example.algorithm2.Algorithm2Test (took 247 ms, size +27%)
INFO: New number of coverage counters: 1024
INFO: Instrumented org.apache.commons.math3.util.Precision (took 222 ms, size +26%)
INFO: Instrumented org.apache.commons.math3.exception.MathArithmeticException (took 38 ms, size +24%)
INFO: Instrumented org.apache.commons.math3.exception.util.ExceptionContextProvider (took 1 ms, size +0%)
INFO: Instrumented org.apache.commons.math3.exception.util.Localizable (took 0 ms, size +0%)
INFO: Instrumented org.apache.commons.math3.exception.MathIllegalArgumentException (took 19 ms, size +27%)
[harness] target=org.apache.commons.math3.util.Precision factories=1 methods=20
INFO: New number of coverage counters: 2048
INFO: Instrumented org.apache.commons.math3.util.FastMath (took 391 ms, size +16%)
INFO: using inputs from: /tmp/bugrun/math_13.o6MD0h/.cifuzz-corpus/com.example.algorithm2.Algorithm2Test/testParameterizedFuzzer
INFO: INFO: found LLVMFuzzerCustomMutator (0x72f98bf76cd0). Disabling -len_control by default.
INFO: Running with entropic power schedule (0xFF, 100).
using inputs from: /tmp/jazzer-java-seeds269434585612504109
INFO: Seed: 366512938
INFO: Loaded 3 modules   (2048 inline 8-bit counters): 512 [0x72fad4b9d970, 0x72fad4b9db70), 512 [0x72fad4b9db70, 0x72fad4b9dd70), 1024 [0x72fad4b9dd70, 0x72fad4b9e170), 
INFO: Loaded 3 PC tables (2048 PCs): 512 [0x72fad47fb0e0,0x72fad47fd0e0), 512 [0x72fad4281ce0,0x72fad4283ce0), 1024 [0x72fad4469f60,0x72fad446df60), 
INFO:        0 files found in /tmp/bugrun/math_13.o6MD0h/.cifuzz-corpus/com.example.algorithm2.Algorithm2Test/testParameterizedFuzzer
INFO:        0 files found in /tmp/jazzer-java-seeds269434585612504109
INFO: -max_len is not provided; libFuzzer will not generate inputs larger than 4096 bytes
INFO: A corpus is not provided, starting from an empty corpus
#2	INITED cov: 47 ft: 47 corp: 1/1b exec/s: 0 rss: 891Mb
#3	NEW    cov: 49 ft: 63 corp: 2/2b lim: 4 exec/s: 0 rss: 891Mb L: 1/1 MS: 2 ChangeByte-Custom-
#4	NEW    cov: 49 ft: 65 corp: 3/3b lim: 4 exec/s: 0 rss: 891Mb L: 1/1 MS: 2 ChangeByte-Custom-
#6	NEW    cov: 49 ft: 69 corp: 4/4b lim: 4 exec/s: 0 rss: 891Mb L: 1/1 MS: 4 CopyPart-Custom-ChangeByte-Custom-
#15	NEW    cov: 61 ft: 81 corp: 5/6b lim: 4 exec/s: 0 rss: 891Mb L: 2/2 MS: 8 CrossOver-Custom-CopyPart-Custom-CrossOver-Custom-InsertByte-Custom-
#16	NEW    cov: 67 ft: 87 corp: 6/7b lim: 4 exec/s: 0 rss: 891Mb L: 1/2 MS: 2 ChangeBit-Custom-
#18	NEW    cov: 70 ft: 91 corp: 7/9b lim: 4 exec/s: 0 rss: 891Mb L: 2/2 MS: 4 CopyPart-Custom-CopyPart-Custom-
#21	NEW    cov: 74 ft: 95 corp: 8/12b lim: 4 exec/s: 0 rss: 891Mb L: 3/3 MS: 6 ChangeByte-Custom-CrossOver-Custom-InsertByte-Custom-
#23	NEW    cov: 75 ft: 96 corp: 9/14b lim: 4 exec/s: 0 rss: 891Mb L: 2/3 MS: 4 InsertByte-Custom-ChangeByte-Custom-
#29	NEW    cov: 80 ft: 101 corp: 10/15b lim: 4 exec/s: 0 rss: 891Mb L: 1/3 MS: 2 ChangeBit-Custom-
#34	NEW    cov: 94 ft: 115 corp: 11/16b lim: 4 exec/s: 0 rss: 891Mb L: 1/3 MS: 10 CopyPart-Custom-InsertByte-Custom-ShuffleBytes-Custom-EraseBytes-Custom-ChangeByte-Custom-
#35	NEW    cov: 99 ft: 120 corp: 12/19b lim: 4 exec/s: 0 rss: 891Mb L: 3/3 MS: 2 CrossOver-Custom-
#46	NEW    cov: 99 ft: 122 corp: 13/20b lim: 4 exec/s: 0 rss: 891Mb L: 1/3 MS: 2 ChangeBit-Custom-
#51	NEW    cov: 108 ft: 133 corp: 14/21b lim: 4 exec/s: 0 rss: 891Mb L: 1/3 MS: 10 CopyPart-Custom-EraseBytes-Custom-ChangeByte-Custom-CopyPart-Custom-ChangeBit-Custom-
#57	NEW    cov: 112 ft: 137 corp: 15/22b lim: 4 exec/s: 0 rss: 891Mb L: 1/3 MS: 2 ChangeBit-Custom-
#66	NEW    cov: 116 ft: 141 corp: 16/24b lim: 4 exec/s: 0 rss: 891Mb L: 2/3 MS: 8 ChangeByte-Custom-CrossOver-Custom-ShuffleBytes-Custom-ChangeBit-Custom-
#69	NEW    cov: 118 ft: 143 corp: 17/27b lim: 4 exec/s: 0 rss: 891Mb L: 3/3 MS: 6 ShuffleBytes-Custom-InsertByte-Custom-InsertByte-Custom-
#71	NEW    cov: 137 ft: 164 corp: 18/28b lim: 4 exec/s: 0 rss: 891Mb L: 1/3 MS: 4 ShuffleBytes-Custom-ChangeASCIIInt-Custom-
#74	NEW    cov: 139 ft: 166 corp: 19/29b lim: 4 exec/s: 0 rss: 891Mb L: 1/3 MS: 6 CopyPart-Custom-ChangeBit-Custom-ChangeBit-Custom-
#79	NEW    cov: 148 ft: 175 corp: 20/31b lim: 4 exec/s: 0 rss: 891Mb L: 2/3 MS: 10 CrossOver-Custom-ShuffleBytes-Custom-ShuffleBytes-Custom-InsertByte-Custom-ChangeASCIIInt-Custom-
#84	NEW    cov: 149 ft: 176 corp: 21/35b lim: 4 exec/s: 0 rss: 891Mb L: 4/4 MS: 10 ShuffleBytes-Custom-CopyPart-Custom-CrossOver-Custom-CrossOver-Custom-CMP-Custom- DE: "\000\004"-
#97	NEW    cov: 150 ft: 177 corp: 22/37b lim: 4 exec/s: 0 rss: 891Mb L: 2/4 MS: 6 CopyPart-Custom-CrossOver-Custom-ChangeByte-Custom-
#98	NEW    cov: 154 ft: 181 corp: 23/40b lim: 4 exec/s: 0 rss: 891Mb L: 3/4 MS: 2 ChangeBit-Custom-
#116	NEW    cov: 156 ft: 185 corp: 24/41b lim: 4 exec/s: 0 rss: 891Mb L: 1/4 MS: 6 CrossOver-Custom-ShuffleBytes-Custom-ChangeBit-Custom-
#117	NEW    cov: 157 ft: 186 corp: 25/43b lim: 4 exec/s: 0 rss: 891Mb L: 2/4 MS: 2 CopyPart-Custom-
#120	NEW    cov: 157 ft: 187 corp: 26/47b lim: 4 exec/s: 0 rss: 891Mb L: 4/4 MS: 6 ChangeByte-Custom-CrossOver-Custom-InsertByte-Custom-
#141	REDUCE cov: 157 ft: 187 corp: 26/46b lim: 4 exec/s: 0 rss: 891Mb L: 2/4 MS: 2 EraseBytes-Custom-
#156	NEW    cov: 157 ft: 188 corp: 27/49b lim: 4 exec/s: 0 rss: 891Mb L: 3/4 MS: 10 ChangeBit-Custom-ChangeBit-Custom-CMP-Custom-ChangeBit-Custom-ShuffleBytes-Custom- DE: "\004\000"-
#162	NEW    cov: 158 ft: 189 corp: 28/53b lim: 4 exec/s: 0 rss: 891Mb L: 4/4 MS: 2 CopyPart-Custom-
#180	NEW    cov: 159 ft: 190 corp: 29/57b lim: 4 exec/s: 0 rss: 891Mb L: 4/4 MS: 6 InsertByte-Custom-ChangeBit-Custom-CopyPart-Custom-
#182	NEW    cov: 161 ft: 192 corp: 30/61b lim: 4 exec/s: 0 rss: 894Mb L: 4/4 MS: 4 ChangeBinInt-Custom-ChangeByte-Custom-
#183	NEW    cov: 162 ft: 193 corp: 31/65b lim: 4 exec/s: 0 rss: 894Mb L: 4/4 MS: 2 ChangeBinInt-Custom-
#208	NEW    cov: 165 ft: 196 corp: 32/68b lim: 4 exec/s: 0 rss: 894Mb L: 3/4 MS: 10 InsertByte-Custom-ChangeASCIIInt-Custom-PersAutoDict-Custom-ChangeASCIIInt-Custom-ShuffleBytes-Custom- DE: "\004\000"-
#227	REDUCE cov: 165 ft: 196 corp: 32/67b lim: 4 exec/s: 0 rss: 895Mb L: 3/4 MS: 8 ChangeBit-Custom-CrossOver-Custom-CopyPart-Custom-PersAutoDict-Custom- DE: "\000\004"-
#307	NEW    cov: 167 ft: 198 corp: 33/70b lim: 4 exec/s: 0 rss: 895Mb L: 3/4 MS: 10 CrossOver-Custom-ShuffleBytes-Custom-ChangeBinInt-Custom-InsertByte-Custom-EraseBytes-Custom-
#353	REDUCE cov: 167 ft: 198 corp: 33/69b lim: 4 exec/s: 0 rss: 895Mb L: 2/4 MS: 2 EraseBytes-Custom-
#385	NEW    cov: 168 ft: 199 corp: 34/72b lim: 4 exec/s: 0 rss: 895Mb L: 3/4 MS: 4 ChangeBit-Custom-PersAutoDict-Custom- DE: "\000\004"-
#391	NEW    cov: 169 ft: 202 corp: 35/74b lim: 4 exec/s: 0 rss: 895Mb L: 2/4 MS: 2 CopyPart-Custom-
#452	NEW    cov: 174 ft: 207 corp: 36/75b lim: 4 exec/s: 0 rss: 895Mb L: 1/4 MS: 2 ChangeBit-Custom-
#466	NEW    cov: 175 ft: 208 corp: 37/77b lim: 4 exec/s: 0 rss: 895Mb L: 2/4 MS: 8 ChangeBit-Custom-CopyPart-Custom-ChangeBit-Custom-InsertByte-Custom-
#614	NEW    cov: 176 ft: 209 corp: 38/81b lim: 4 exec/s: 0 rss: 895Mb L: 4/4 MS: 6 PersAutoDict-Custom-InsertByte-Custom-PersAutoDict-Custom- DE: "\004\000"-"\000\004"-
#753	NEW    cov: 177 ft: 210 corp: 39/85b lim: 4 exec/s: 0 rss: 895Mb L: 4/4 MS: 8 CopyPart-Custom-ShuffleBytes-Custom-PersAutoDict-Custom-ChangeBinInt-Custom- DE: "\004\000"-
#823	NEW    cov: 178 ft: 211 corp: 40/87b lim: 4 exec/s: 0 rss: 895Mb L: 2/4 MS: 10 InsertByte-Custom-PersAutoDict-Custom-ShuffleBytes-Custom-CopyPart-Custom-CrossOver-Custom- DE: "\004\000"-
#878	NEW    cov: 179 ft: 212 corp: 41/91b lim: 4 exec/s: 0 rss: 896Mb L: 4/4 MS: 10 ChangeBit-Custom-ChangeBit-Custom-CrossOver-Custom-ChangeBit-Custom-CrossOver-Custom-
#902	REDUCE cov: 179 ft: 212 corp: 41/90b lim: 4 exec/s: 0 rss: 896Mb L: 3/4 MS: 8 CrossOver-Custom-CopyPart-Custom-PersAutoDict-Custom-ChangeByte-Custom- DE: "\004\000"-
#927	NEW    cov: 180 ft: 213 corp: 42/93b lim: 4 exec/s: 0 rss: 896Mb L: 3/4 MS: 10 ChangeBit-Custom-ChangeByte-Custom-CopyPart-Custom-CopyPart-Custom-CrossOver-Custom-
#1043	REDUCE cov: 180 ft: 213 corp: 42/92b lim: 4 exec/s: 0 rss: 896Mb L: 2/4 MS: 2 EraseBytes-Custom-
#1486	NEW    cov: 181 ft: 214 corp: 43/100b lim: 8 exec/s: 0 rss: 896Mb L: 8/8 MS: 6 CrossOver-Custom-CrossOver-Custom-InsertRepeatedBytes-Custom-
#1502	REDUCE cov: 181 ft: 214 corp: 43/99b lim: 8 exec/s: 0 rss: 896Mb L: 2/8 MS: 2 EraseBytes-Custom-
#1514	NEW    cov: 188 ft: 221 corp: 44/107b lim: 8 exec/s: 0 rss: 896Mb L: 8/8 MS: 4 ChangeByte-Custom-InsertRepeatedBytes-Custom-
#1567	NEW    cov: 189 ft: 222 corp: 45/115b lim: 8 exec/s: 0 rss: 896Mb L: 8/8 MS: 6 InsertRepeatedBytes-Custom-InsertByte-Custom-PersAutoDict-Custom- DE: "\004\000"-
#1900	NEW    cov: 190 ft: 225 corp: 46/126b lim: 11 exec/s: 0 rss: 896Mb L: 11/11 MS: 6 InsertRepeatedBytes-Custom-ChangeByte-Custom-ChangeASCIIInt-Custom-
#1948	NEW    cov: 190 ft: 227 corp: 47/136b lim: 11 exec/s: 0 rss: 896Mb L: 10/11 MS: 6 ShuffleBytes-Custom-PersAutoDict-Custom-PersAutoDict-Custom- DE: "\004\000"-"\004\000"-
#1960	NEW    cov: 191 ft: 228 corp: 48/139b lim: 11 exec/s: 0 rss: 896Mb L: 3/11 MS: 4 InsertByte-Custom-ChangeBit-Custom-
#2039	REDUCE cov: 191 ft: 228 corp: 48/138b lim: 11 exec/s: 0 rss: 896Mb L: 2/11 MS: 8 CrossOver-Custom-ChangeByte-Custom-ChangeBinInt-Custom-EraseBytes-Custom-
#2056	REDUCE cov: 191 ft: 228 corp: 48/137b lim: 11 exec/s: 0 rss: 896Mb L: 9/11 MS: 4 EraseBytes-Custom-CMP-Custom- DE: "\007\000"-
#2271	NEW    cov: 192 ft: 230 corp: 49/146b lim: 11 exec/s: 0 rss: 896Mb L: 9/11 MS: 10 ChangeASCIIInt-Custom-ChangeASCIIInt-Custom-ChangeBinInt-Custom-CopyPart-Custom-ChangeBinInt-Custom-
#2299	REDUCE cov: 192 ft: 230 corp: 49/145b lim: 11 exec/s: 0 rss: 896Mb L: 2/11 MS: 6 ChangeBinInt-Custom-ShuffleBytes-Custom-EraseBytes-Custom-
WARN: Some hooks could not be applied to class files built for Java 7 or lower.
                       Ensure that the fuzz target and its dependencies are compiled with
                       -target 8 or higher to identify as many bugs as possible.
INFO: Instrumented org.apache.commons.math3.exception.util.LocalizedFormats (took 65 ms, size +6%)
INFO: Instrumented org.apache.commons.math3.exception.util.ExceptionContext (took 72 ms, size +24%)
#2501	REDUCE cov: 553 ft: 593 corp: 50/156b lim: 11 exec/s: 0 rss: 896Mb L: 11/11 MS: 4 ShuffleBytes-Custom-PersAutoDict-Custom- DE: "\000\004"-
#2522	REDUCE cov: 553 ft: 593 corp: 50/155b lim: 11 exec/s: 0 rss: 896Mb L: 10/11 MS: 2 EraseBytes-Custom-
#2563	NEW    cov: 555 ft: 596 corp: 51/166b lim: 11 exec/s: 0 rss: 896Mb L: 11/11 MS: 2 ShuffleBytes-Custom-
#2675	NEW    cov: 555 ft: 598 corp: 52/177b lim: 11 exec/s: 0 rss: 896Mb L: 11/11 MS: 4 InsertRepeatedBytes-Custom-CMP-Custom- DE: "\321\306\306\306\306\306\026\200"-
#2686	NEW    cov: 556 ft: 599 corp: 53/185b lim: 11 exec/s: 0 rss: 896Mb L: 8/11 MS: 2 InsertRepeatedBytes-Custom-
#2704	NEW    cov: 556 ft: 600 corp: 54/196b lim: 11 exec/s: 0 rss: 896Mb L: 11/11 MS: 6 PersAutoDict-Custom-CrossOver-Custom-ChangeByte-Custom- DE: "\321\306\306\306\306\306\026\200"-
#3026	REDUCE cov: 557 ft: 601 corp: 55/208b lim: 14 exec/s: 0 rss: 896Mb L: 12/12 MS: 4 CopyPart-Custom-InsertRepeatedBytes-Custom-
#3033	REDUCE cov: 557 ft: 614 corp: 56/219b lim: 14 exec/s: 0 rss: 896Mb L: 11/12 MS: 4 InsertByte-Custom-PersAutoDict-Custom- DE: "\321\306\306\306\306\306\026\200"-
#3087	REDUCE cov: 558 ft: 615 corp: 57/233b lim: 14 exec/s: 0 rss: 896Mb L: 14/14 MS: 8 InsertRepeatedBytes-Custom-CrossOver-Custom-CrossOver-Custom-CrossOver-Custom-
#3181	NEW    cov: 558 ft: 623 corp: 58/247b lim: 14 exec/s: 0 rss: 896Mb L: 14/14 MS: 8 ShuffleBytes-Custom-CopyPart-Custom-ShuffleBytes-Custom-CopyPart-Custom-
#3192	NEW    cov: 558 ft: 628 corp: 59/260b lim: 14 exec/s: 0 rss: 896Mb L: 13/14 MS: 2 PersAutoDict-Custom- DE: "\000\004"-
INFO: Instrumented org.apache.commons.math3.exception.util.ArgUtils (took 22 ms, size +46%)
MS: 4 InsertByte-Custom-CMP-Custom- DE: "\001\000\000\000\000\000\000\000"-; base unit: bf49f6e5cda79d3fc0d07d192f1ce5b6b324dd47
0x4a,0x1,0x0,0x0,0x0,0x0,0x0,0x0,0x0,0x0,0x4,0x43,0x45,
J\001\000\000\000\000\000\000\000\000\004CE
artifact_prefix='/tmp/bugrun/math_13.o6MD0h/'; Test unit written to /tmp/bugrun/math_13.o6MD0h/crash-25767975c1c8c9843b6da47719f902841f425200
Base64: SgEAAAAAAAAAAARDRQ==
Done 3319 runs in 0 second(s)DEDUP_TOKEN: 900c31c0561dbe87

[ERROR] Tests run: 2, Failures: 0, Errors: 1, Skipped: 0, Time elapsed: 11.79 s <<< FAILURE! -- in com.example.algorithm2.Algorithm2Test
[ERROR] com.example.algorithm2.Algorithm2Test.testParameterizedFuzzer(FuzzedDataProvider)[2] -- Time elapsed: 0.799 s <<< ERROR!
java.lang.IllegalArgumentException: Invalid rounding mode
	at java.base/java.math.BigDecimal.setScale(BigDecimal.java:2884)
	at org.apache.commons.math3.util.Precision.round(Precision.java:397)
	at jdk.internal.reflect.GeneratedMethodAccessor60.invoke(Unknown Source)
	at java.base/jdk.internal.reflect.DelegatingMethodAccessorImpl.invoke(DelegatingMethodAccessorImpl.java:43)
	at java.base/java.lang.reflect.Method.invoke(Method.java:566)
	at com.example.algorithm2.Algorithm2Test.testParameterizedFuzzer(Algorithm2Test.java:226)

[INFO] 
[INFO] Results:
[INFO] 
[ERROR] Errors: 
[ERROR]   Algorithm2Test.testParameterizedFuzzer:226 » IllegalArgument Invalid rounding mode
[INFO] 
[ERROR] Tests run: 2, Failures: 0, Errors: 1, Skipped: 0
[INFO] 
[ERROR] 

Please refer to /tmp/bugrun/math_13.o6MD0h/target/surefire-reports for the individual test results.
Please refer to dump files (if any exist) [date].dump, [date]-jvmRun[N].dump and [date].dumpstream.
[INFO] 
[INFO] --- jacoco:0.8.11:report (default-cli) @ AlgorithmName2 ---
[INFO] Loading execution data file /tmp/bugrun/math_13.o6MD0h/target/jacoco.exec
[INFO] Analyzed bundle 'AlgorithmName2' with 786 classes
[INFO] ------------------------------------------------------------------------
[INFO] BUILD SUCCESS
[INFO] ------------------------------------------------------------------------
[INFO] Total time:  30.330 s
[INFO] Finished at: 2026-10-06T03:54:22+07:00
[INFO] ------------------------------------------------------------------------
