[INFO] Scanning for projects...
[INFO] 
[INFO] ---------------------< com.example:AlgorithmName2 >---------------------
[INFO] Building AlgorithmName2 1.0-SNAPSHOT
[INFO]   from pom.xml
[INFO] --------------------------------[ jar ]---------------------------------
[INFO] 
[INFO] --- jacoco:0.8.11:prepare-agent (default) @ AlgorithmName2 ---
[INFO] argLine set to -javaagent:/home/kanyaphak673380391-3/.m2/repository/org/jacoco/org.jacoco.agent/0.8.11/org.jacoco.agent-0.8.11-runtime.jar=destfile=/tmp/bugrun/lang_1.B0BOLo/target/jacoco.exec
[INFO] 
[INFO] --- resources:3.4.0:resources (default-resources) @ AlgorithmName2 ---
[INFO] Copying 1 resource from src/main/resources to target/classes
[INFO] 
[INFO] --- compiler:3.15.0:compile (default-compile) @ AlgorithmName2 ---
[INFO] Recompiling the module because of changed source code.
[INFO] Compiling 1 source file with javac [debug target 1.8] to target/classes
[WARNING] bootstrap class path not set in conjunction with -source 8
[INFO] 
[INFO] --- dependency:3.6.0:unpack-dependencies (unpack-defects4j) @ AlgorithmName2 ---
[INFO] 
[INFO] --- resources:3.4.0:testResources (default-testResources) @ AlgorithmName2 ---
[INFO] skip non existing resourceDirectory /tmp/bugrun/lang_1.B0BOLo/src/test/resources
[INFO] 
[INFO] --- compiler:3.15.0:testCompile (default-testCompile) @ AlgorithmName2 ---
[INFO] Recompiling the module because of changed dependency.
[INFO] Compiling 1 source file with javac [debug target 1.8] to target/test-classes
[WARNING] bootstrap class path not set in conjunction with -source 8
[INFO] 
[INFO] --- surefire:3.1.2:test (default-cli) @ AlgorithmName2 ---
[INFO] Using auto detected provider org.apache.maven.surefire.junitplatform.JUnitPlatformProvider
[INFO] 
[INFO] -------------------------------------------------------
[INFO]  T E S T S
[INFO] -------------------------------------------------------
[INFO] Running com.example.algorithm2.Algorithm2Test
OpenJDK 64-Bit Server VM warning: Sharing is only supported for boot loader classes because bootstrap classpath has been appended
INFO: Loaded 289 hooks from com.code_intelligence.jazzer.runtime.TraceCmpHooks
INFO: Loaded 5 hooks from com.code_intelligence.jazzer.runtime.TraceDivHooks
INFO: Loaded 2 hooks from com.code_intelligence.jazzer.runtime.TraceIndirHooks
INFO: Loaded 4 hooks from com.code_intelligence.jazzer.runtime.NativeLibHooks
INFO: Loaded 2 hooks from com.code_intelligence.jazzer.sanitizers.ClojureLangHooks
INFO: Loaded 5 hooks from com.code_intelligence.jazzer.sanitizers.Deserialization
INFO: Loaded 5 hooks from com.code_intelligence.jazzer.sanitizers.ExpressionLanguageInjection
INFO: Loaded 70 hooks from com.code_intelligence.jazzer.sanitizers.LdapInjection
INFO: Loaded 46 hooks from com.code_intelligence.jazzer.sanitizers.NamingContextLookup
INFO: Loaded 1 hooks from com.code_intelligence.jazzer.sanitizers.OsCommandInjection
INFO: Loaded 52 hooks from com.code_intelligence.jazzer.sanitizers.ReflectiveCall
INFO: Loaded 8 hooks from com.code_intelligence.jazzer.sanitizers.RegexInjection
INFO: Loaded 16 hooks from com.code_intelligence.jazzer.sanitizers.RegexRoadblocks
INFO: Loaded 18 hooks from com.code_intelligence.jazzer.sanitizers.ScriptEngineInjection
INFO: Loaded 2 hooks from com.code_intelligence.jazzer.sanitizers.ServerSideRequestForgery
INFO: Loaded 19 hooks from com.code_intelligence.jazzer.sanitizers.SqlInjection
INFO: Loaded 6 hooks from com.code_intelligence.jazzer.sanitizers.XPathInjection
INFO: Instrumented com.example.algorithm2.Algorithm2Test$Skip (took 176 ms, size +44%)
INFO: Instrumented com.example.algorithm2.Algorithm2Test (took 295 ms, size +27%)
INFO: New number of coverage counters: 1024
INFO: New number of coverage counters: 2048
WARN: Some hooks could not be applied to class files built for Java 7 or lower.
                       Ensure that the fuzz target and its dependencies are compiled with
                       -target 8 or higher to identify as many bugs as possible.
INFO: Instrumented org.apache.commons.lang3.StringUtils (took 332 ms, size +27%)
[harness] target=org.apache.commons.lang3.StringUtils factories=1 methods=175
INFO: found LLVMFuzzerCustomMutator (0x729f9d671cd0). Disabling -len_control by default.
INFO: Running with entropic power schedule (0xFF, 100).
INFO: Seed: 2432101769
INFO: Loaded 3 modules   (2048 inline 8-bit counters): 512 [0x72a044a78d20, 0x72a044a78f20), 512 [0x72a044a78f20, 0x72a044a79120), 1024 [0x72a044a79120, 0x72a044a79520), 
INFO: Loaded 3 PC tables (2048 PCs): 512 [0x72a044550080,0x72a044552080), 512 [0x72a0446cdc70,0x72a0446cfc70), 1024 [0x72a044727fb0,0x72a04472bfb0), 
INFO:        0 files found in /tmp/bugrun/lang_1.B0BOLo/.cifuzz-corpus/com.example.algorithm2.Algorithm2Test/testParameterizedFuzzer
INFO:        0 files found in /tmp/jazzer-java-seeds18389592213760713941
INFO: -max_len is not provided; libFuzzer will not generate inputs larger than 4096 bytes
INFO: using inputs from: /tmp/bugrun/lang_1.B0BOLo/.cifuzz-corpus/com.example.algorithm2.Algorithm2Test/testParameterizedFuzzer
INFO: INFO: A corpus is not provided, starting from an empty corpus
using inputs from: /tmp/jazzer-java-seeds18389592213760713941
#2	INITED cov: 35 ft: 35 corp: 1/1b exec/s: 0 rss: 923Mb
#4	NEW    cov: 40 ft: 41 corp: 2/4b lim: 4 exec/s: 0 rss: 924Mb L: 3/3 MS: 4 CrossOver-Custom-InsertByte-Custom-
#7	NEW    cov: 53 ft: 54 corp: 3/5b lim: 4 exec/s: 0 rss: 924Mb L: 1/3 MS: 6 CopyPart-Custom-InsertByte-Custom-EraseBytes-Custom-
#8	NEW    cov: 53 ft: 57 corp: 4/7b lim: 4 exec/s: 0 rss: 924Mb L: 2/3 MS: 2 InsertByte-Custom-
#16	NEW    cov: 58 ft: 67 corp: 5/8b lim: 4 exec/s: 0 rss: 924Mb L: 1/3 MS: 6 ChangeByte-Custom-CopyPart-Custom-ChangeByte-Custom-
#21	NEW    cov: 59 ft: 68 corp: 6/9b lim: 4 exec/s: 0 rss: 924Mb L: 1/3 MS: 10 ChangeByte-Custom-ChangeByte-Custom-ShuffleBytes-Custom-ChangeByte-Custom-CrossOver-Custom-
#27	NEW    cov: 61 ft: 70 corp: 7/10b lim: 4 exec/s: 0 rss: 924Mb L: 1/3 MS: 2 ChangeBit-Custom-
#32	NEW    cov: 67 ft: 76 corp: 8/13b lim: 4 exec/s: 0 rss: 924Mb L: 3/3 MS: 10 CopyPart-Custom-ChangeBit-Custom-EraseBytes-Custom-CopyPart-Custom-InsertByte-Custom-
#43	NEW    cov: 68 ft: 77 corp: 9/16b lim: 4 exec/s: 0 rss: 924Mb L: 3/3 MS: 2 ShuffleBytes-Custom-
#44	NEW    cov: 70 ft: 79 corp: 10/19b lim: 4 exec/s: 0 rss: 924Mb L: 3/3 MS: 2 ChangeBinInt-Custom-
#45	NEW    cov: 72 ft: 81 corp: 11/20b lim: 4 exec/s: 0 rss: 924Mb L: 1/3 MS: 2 ChangeByte-Custom-
#47	REDUCE cov: 72 ft: 81 corp: 11/19b lim: 4 exec/s: 0 rss: 924Mb L: 2/3 MS: 4 CopyPart-Custom-EraseBytes-Custom-
#48	NEW    cov: 82 ft: 91 corp: 12/21b lim: 4 exec/s: 0 rss: 924Mb L: 2/3 MS: 2 CrossOver-Custom-
#49	NEW    cov: 84 ft: 94 corp: 13/22b lim: 4 exec/s: 0 rss: 924Mb L: 1/3 MS: 2 ChangeByte-Custom-
#50	NEW    cov: 86 ft: 96 corp: 14/25b lim: 4 exec/s: 0 rss: 924Mb L: 3/3 MS: 2 CrossOver-Custom-
#53	NEW    cov: 87 ft: 97 corp: 15/26b lim: 4 exec/s: 0 rss: 924Mb L: 1/3 MS: 6 ChangeBit-Custom-ShuffleBytes-Custom-ChangeBit-Custom-
#55	NEW    cov: 96 ft: 106 corp: 16/28b lim: 4 exec/s: 0 rss: 924Mb L: 2/3 MS: 4 CrossOver-Custom-InsertByte-Custom-
#61	NEW    cov: 97 ft: 107 corp: 17/31b lim: 4 exec/s: 0 rss: 924Mb L: 3/3 MS: 2 ChangeBit-Custom-
#63	NEW    cov: 106 ft: 116 corp: 18/32b lim: 4 exec/s: 0 rss: 924Mb L: 1/3 MS: 4 CopyPart-Custom-ChangeBinInt-Custom-
#69	NEW    cov: 108 ft: 118 corp: 19/33b lim: 4 exec/s: 0 rss: 924Mb L: 1/3 MS: 2 ChangeBit-Custom-
#76	NEW    cov: 109 ft: 121 corp: 20/35b lim: 4 exec/s: 0 rss: 924Mb L: 2/3 MS: 4 CopyPart-Custom-ChangeByte-Custom-
#81	NEW    cov: 113 ft: 125 corp: 21/37b lim: 4 exec/s: 0 rss: 924Mb L: 2/3 MS: 10 EraseBytes-Custom-InsertByte-Custom-ShuffleBytes-Custom-EraseBytes-Custom-ChangeBit-Custom-
#87	NEW    cov: 116 ft: 128 corp: 22/39b lim: 4 exec/s: 0 rss: 924Mb L: 2/3 MS: 2 InsertByte-Custom-
#92	NEW    cov: 127 ft: 139 corp: 23/43b lim: 4 exec/s: 0 rss: 924Mb L: 4/4 MS: 10 InsertByte-Custom-ChangeBit-Custom-ChangeByte-Custom-ShuffleBytes-Custom-ChangeBit-Custom-
#94	NEW    cov: 130 ft: 142 corp: 24/45b lim: 4 exec/s: 0 rss: 924Mb L: 2/4 MS: 4 CrossOver-Custom-ChangeBit-Custom-
#101	REDUCE cov: 136 ft: 148 corp: 25/49b lim: 4 exec/s: 0 rss: 924Mb L: 4/4 MS: 4 CopyPart-Custom-ChangeByte-Custom-
#104	NEW    cov: 138 ft: 150 corp: 26/51b lim: 4 exec/s: 0 rss: 924Mb L: 2/4 MS: 6 CopyPart-Custom-CopyPart-Custom-EraseBytes-Custom-
#106	NEW    cov: 140 ft: 152 corp: 27/53b lim: 4 exec/s: 0 rss: 924Mb L: 2/4 MS: 4 ShuffleBytes-Custom-InsertByte-Custom-
#107	NEW    cov: 152 ft: 165 corp: 28/56b lim: 4 exec/s: 0 rss: 924Mb L: 3/4 MS: 2 ChangeByte-Custom-
#108	REDUCE cov: 152 ft: 165 corp: 28/55b lim: 4 exec/s: 0 rss: 924Mb L: 2/4 MS: 2 EraseBytes-Custom-
#110	NEW    cov: 161 ft: 176 corp: 29/57b lim: 4 exec/s: 0 rss: 924Mb L: 2/4 MS: 4 ChangeBit-Custom-InsertByte-Custom-
#114	NEW    cov: 166 ft: 181 corp: 30/59b lim: 4 exec/s: 0 rss: 924Mb L: 2/4 MS: 8 CrossOver-Custom-ShuffleBytes-Custom-ChangeBit-Custom-ChangeBit-Custom-
#115	NEW    cov: 170 ft: 185 corp: 31/62b lim: 4 exec/s: 0 rss: 924Mb L: 3/4 MS: 2 InsertByte-Custom-
#122	NEW    cov: 173 ft: 188 corp: 32/65b lim: 4 exec/s: 0 rss: 924Mb L: 3/4 MS: 4 ChangeBinInt-Custom-ChangeBinInt-Custom-
#123	NEW    cov: 175 ft: 190 corp: 33/66b lim: 4 exec/s: 0 rss: 924Mb L: 1/4 MS: 2 ChangeBit-Custom-
#124	NEW    cov: 177 ft: 192 corp: 34/69b lim: 4 exec/s: 0 rss: 924Mb L: 3/4 MS: 2 CrossOver-Custom-
#127	NEW    cov: 189 ft: 204 corp: 35/72b lim: 4 exec/s: 0 rss: 924Mb L: 3/4 MS: 6 EraseBytes-Custom-ChangeBit-Custom-InsertByte-Custom-
#133	NEW    cov: 191 ft: 206 corp: 36/73b lim: 4 exec/s: 0 rss: 924Mb L: 1/4 MS: 2 ChangeByte-Custom-
#135	NEW    cov: 192 ft: 207 corp: 37/75b lim: 4 exec/s: 0 rss: 924Mb L: 2/4 MS: 4 ShuffleBytes-Custom-InsertByte-Custom-
INFO: Instrumented org.apache.commons.lang3.CharSequenceUtils (took 21 ms, size +53%)
#140	NEW    cov: 199 ft: 214 corp: 38/79b lim: 4 exec/s: 0 rss: 924Mb L: 4/4 MS: 10 ChangeByte-Custom-ShuffleBytes-Custom-CrossOver-Custom-CrossOver-Custom-ChangeByte-Custom-
#146	REDUCE cov: 199 ft: 214 corp: 38/78b lim: 4 exec/s: 0 rss: 924Mb L: 1/4 MS: 2 EraseBytes-Custom-
#149	NEW    cov: 201 ft: 216 corp: 39/82b lim: 4 exec/s: 0 rss: 924Mb L: 4/4 MS: 6 CopyPart-Custom-ShuffleBytes-Custom-ChangeBit-Custom-
#151	NEW    cov: 204 ft: 219 corp: 40/83b lim: 4 exec/s: 0 rss: 924Mb L: 1/4 MS: 4 CopyPart-Custom-ChangeByte-Custom-
#152	NEW    cov: 209 ft: 224 corp: 41/87b lim: 4 exec/s: 0 rss: 924Mb L: 4/4 MS: 2 CrossOver-Custom-
#154	NEW    cov: 210 ft: 225 corp: 42/91b lim: 4 exec/s: 0 rss: 924Mb L: 4/4 MS: 4 InsertByte-Custom-ChangeByte-Custom-
#159	NEW    cov: 211 ft: 227 corp: 43/94b lim: 4 exec/s: 0 rss: 924Mb L: 3/4 MS: 10 ShuffleBytes-Custom-ChangeBit-Custom-ChangeASCIIInt-Custom-ChangeASCIIInt-Custom-ChangeASCIIInt-Custom-
#163	NEW    cov: 213 ft: 229 corp: 44/97b lim: 4 exec/s: 0 rss: 924Mb L: 3/4 MS: 8 EraseBytes-Custom-EraseBytes-Custom-CopyPart-Custom-InsertByte-Custom-
#177	NEW    cov: 213 ft: 233 corp: 45/99b lim: 4 exec/s: 0 rss: 924Mb L: 2/4 MS: 8 ChangeByte-Custom-EraseBytes-Custom-ShuffleBytes-Custom-CrossOver-Custom-
#178	NEW    cov: 217 ft: 237 corp: 46/103b lim: 4 exec/s: 0 rss: 924Mb L: 4/4 MS: 2 ChangeBinInt-Custom-
#180	NEW    cov: 218 ft: 238 corp: 47/106b lim: 4 exec/s: 0 rss: 924Mb L: 3/4 MS: 4 ShuffleBytes-Custom-CrossOver-Custom-
#185	NEW    cov: 221 ft: 241 corp: 48/107b lim: 4 exec/s: 0 rss: 924Mb L: 1/4 MS: 10 ChangeByte-Custom-ChangeBit-Custom-ChangeByte-Custom-EraseBytes-Custom-EraseBytes-Custom-
#187	NEW    cov: 224 ft: 246 corp: 49/110b lim: 4 exec/s: 0 rss: 924Mb L: 3/4 MS: 4 ShuffleBytes-Custom-ChangeBinInt-Custom-
#189	NEW    cov: 227 ft: 249 corp: 50/111b lim: 4 exec/s: 0 rss: 924Mb L: 1/4 MS: 4 ChangeByte-Custom-EraseBytes-Custom-
#190	REDUCE cov: 227 ft: 249 corp: 50/110b lim: 4 exec/s: 0 rss: 924Mb L: 1/4 MS: 2 EraseBytes-Custom-
#193	NEW    cov: 230 ft: 252 corp: 51/112b lim: 4 exec/s: 0 rss: 924Mb L: 2/4 MS: 6 ChangeBinInt-Custom-ChangeBit-Custom-EraseBytes-Custom-
#198	NEW    cov: 231 ft: 255 corp: 52/114b lim: 4 exec/s: 0 rss: 924Mb L: 2/4 MS: 10 CrossOver-Custom-CrossOver-Custom-CopyPart-Custom-CrossOver-Custom-InsertByte-Custom-
#206	NEW    cov: 232 ft: 256 corp: 53/116b lim: 4 exec/s: 0 rss: 924Mb L: 2/4 MS: 6 CrossOver-Custom-CopyPart-Custom-ChangeByte-Custom-
#212	REDUCE cov: 232 ft: 256 corp: 53/115b lim: 4 exec/s: 0 rss: 924Mb L: 1/4 MS: 2 EraseBytes-Custom-
INFO: New number of coverage counters: 4096
#245	NEW    cov: 238 ft: 262 corp: 54/116b lim: 4 exec/s: 0 rss: 931Mb L: 1/4 MS: 6 CopyPart-Custom-EraseBytes-Custom-ChangeByte-Custom-
INFO: #246	NEW    cov: 240 ft: 266 corp: 55/120b lim: 4 exec/s: 0 rss: 931Mb L: 4/4 MS: 2 ChangeBinInt-Custom-
Instrumented org.apache.commons.lang3.ArrayUtils (took 296 ms, size +22%)
#250	NEW    cov: 251 ft: 277 corp: 56/122b lim: 4 exec/s: 0 rss: 932Mb L: 2/4 MS: 8 CopyPart-Custom-CrossOver-Custom-ChangeBinInt-Custom-ChangeBit-Custom-
#251	NEW    cov: 256 ft: 282 corp: 57/123b lim: 4 exec/s: 0 rss: 932Mb L: 1/4 MS: 2 ChangeBit-Custom-
#252	REDUCE cov: 256 ft: 282 corp: 57/122b lim: 4 exec/s: 0 rss: 932Mb L: 1/4 MS: 2 EraseBytes-Custom-
#253	REDUCE cov: 259 ft: 285 corp: 58/123b lim: 4 exec/s: 0 rss: 932Mb L: 1/4 MS: 2 ChangeBit-Custom-
#254	NEW    cov: 260 ft: 286 corp: 59/124b lim: 4 exec/s: 0 rss: 932Mb L: 1/4 MS: 2 EraseBytes-Custom-
#255	NEW    cov: 261 ft: 287 corp: 60/127b lim: 4 exec/s: 0 rss: 932Mb L: 3/4 MS: 2 CopyPart-Custom-
#257	NEW    cov: 262 ft: 288 corp: 61/128b lim: 4 exec/s: 0 rss: 932Mb L: 1/4 MS: 4 ChangeByte-Custom-EraseBytes-Custom-
#271	NEW    cov: 264 ft: 290 corp: 62/129b lim: 4 exec/s: 0 rss: 932Mb L: 1/4 MS: 8 ShuffleBytes-Custom-CrossOver-Custom-EraseBytes-Custom-ChangeByte-Custom-
#272	NEW    cov: 278 ft: 306 corp: 63/131b lim: 4 exec/s: 0 rss: 933Mb L: 2/4 MS: 2 ShuffleBytes-Custom-
#274	NEW    cov: 280 ft: 308 corp: 64/133b lim: 4 exec/s: 0 rss: 933Mb L: 2/4 MS: 4 EraseBytes-Custom-InsertByte-Custom-
#280	NEW    cov: 280 ft: 309 corp: 65/136b lim: 4 exec/s: 0 rss: 933Mb L: 3/4 MS: 2 InsertByte-Custom-
#286	REDUCE cov: 280 ft: 309 corp: 65/135b lim: 4 exec/s: 0 rss: 933Mb L: 2/4 MS: 2 EraseBytes-Custom-
#287	NEW    cov: 283 ft: 312 corp: 66/138b lim: 4 exec/s: 0 rss: 933Mb L: 3/4 MS: 2 CrossOver-Custom-
#291	NEW    cov: 286 ft: 315 corp: 67/140b lim: 4 exec/s: 0 rss: 933Mb L: 2/4 MS: 8 ChangeBit-Custom-EraseBytes-Custom-ChangeByte-Custom-ChangeBinInt-Custom-
#313	NEW    cov: 288 ft: 317 corp: 68/141b lim: 4 exec/s: 0 rss: 933Mb L: 1/4 MS: 4 ChangeByte-Custom-ChangeByte-Custom-
#314	NEW    cov: 291 ft: 320 corp: 69/142b lim: 4 exec/s: 0 rss: 933Mb L: 1/4 MS: 2 ChangeBinInt-Custom-
#315	NEW    cov: 291 ft: 323 corp: 70/144b lim: 4 exec/s: 0 rss: 933Mb L: 2/4 MS: 2 CrossOver-Custom-
#322	NEW    cov: 300 ft: 332 corp: 71/146b lim: 4 exec/s: 0 rss: 933Mb L: 2/4 MS: 4 ChangeBinInt-Custom-ChangeByte-Custom-
#324	NEW    cov: 303 ft: 335 corp: 72/149b lim: 4 exec/s: 0 rss: 933Mb L: 3/4 MS: 4 CMP-Custom-ShuffleBytes-Custom- DE: "\000\243"-
#326	NEW    cov: 304 ft: 336 corp: 73/150b lim: 4 exec/s: 0 rss: 933Mb L: 1/4 MS: 4 CopyPart-Custom-ChangeBit-Custom-
#327	NEW    cov: 307 ft: 339 corp: 74/153b lim: 4 exec/s: 0 rss: 933Mb L: 3/4 MS: 2 CMP-Custom- DE: "\001\007"-
#329	NEW    cov: 308 ft: 340 corp: 75/154b lim: 4 exec/s: 0 rss: 933Mb L: 1/4 MS: 4 ShuffleBytes-Custom-CrossOver-Custom-
#335	NEW    cov: 311 ft: 343 corp: 76/156b lim: 4 exec/s: 0 rss: 933Mb L: 2/4 MS: 2 InsertByte-Custom-
#340	NEW    cov: 312 ft: 344 corp: 77/157b lim: 4 exec/s: 0 rss: 933Mb L: 1/4 MS: 10 ShuffleBytes-Custom-CopyPart-Custom-ShuffleBytes-Custom-ChangeASCIIInt-Custom-ChangeBit-Custom-
#341	REDUCE cov: 312 ft: 344 corp: 77/156b lim: 4 exec/s: 0 rss: 933Mb L: 2/4 MS: 2 EraseBytes-Custom-
#349	NEW    cov: 313 ft: 345 corp: 78/160b lim: 4 exec/s: 0 rss: 933Mb L: 4/4 MS: 6 CopyPart-Custom-PersAutoDict-Custom-InsertByte-Custom- DE: "\001\007"-
#350	NEW    cov: 313 ft: 351 corp: 79/163b lim: 4 exec/s: 0 rss: 933Mb L: 3/4 MS: 2 InsertByte-Custom-
INFO: Instrumented org.apache.commons.lang3.ObjectUtils (took 37 ms, size +17%)
INFO: Instrumented org.apache.commons.lang3.exception.CloneFailedException (took 5 ms, size +37%)
INFO: Instrumented org.apache.commons.lang3.ObjectUtils$Null (took 2 ms, size +43%)
#360	NEW    cov: 321 ft: 360 corp: 80/166b lim: 4 exec/s: 0 rss: 934Mb L: 3/4 MS: 10 PersAutoDict-Custom-PersAutoDict-Custom-ChangeBit-Custom-EraseBytes-Custom-CMP-Custom- DE: "\001\007"-"\000\243"-"\000\010"-
#369	NEW    cov: 324 ft: 363 corp: 81/167b lim: 4 exec/s: 0 rss: 934Mb L: 1/4 MS: 8 ChangeBit-Custom-ChangeBinInt-Custom-ShuffleBytes-Custom-ChangeByte-Custom-
#380	REDUCE cov: 327 ft: 366 corp: 82/168b lim: 4 exec/s: 0 rss: 934Mb L: 1/4 MS: 2 ChangeBit-Custom-
#400	NEW    cov: 348 ft: 389 corp: 83/170b lim: 4 exec/s: 0 rss: 934Mb L: 2/4 MS: 10 InsertByte-Custom-ChangeBit-Custom-ChangeBit-Custom-ChangeByte-Custom-ChangeByte-Custom-
#404	NEW    cov: 350 ft: 391 corp: 84/174b lim: 4 exec/s: 0 rss: 934Mb L: 4/4 MS: 8 ShuffleBytes-Custom-ChangeBinInt-Custom-CrossOver-Custom-ChangeByte-Custom-
#410	NEW    cov: 350 ft: 393 corp: 85/176b lim: 4 exec/s: 0 rss: 934Mb L: 2/4 MS: 2 InsertByte-Custom-
#412	NEW    cov: 351 ft: 394 corp: 86/180b lim: 4 exec/s: 0 rss: 934Mb L: 4/4 MS: 4 CrossOver-Custom-ChangeBinInt-Custom-
#423	NEW    cov: 355 ft: 398 corp: 87/182b lim: 4 exec/s: 0 rss: 934Mb L: 2/4 MS: 2 CrossOver-Custom-
#427	NEW    cov: 356 ft: 399 corp: 88/184b lim: 4 exec/s: 0 rss: 934Mb L: 2/4 MS: 8 ChangeByte-Custom-EraseBytes-Custom-ShuffleBytes-Custom-PersAutoDict-Custom- DE: "\000\243"-
#430	NEW    cov: 357 ft: 400 corp: 89/186b lim: 4 exec/s: 0 rss: 934Mb L: 2/4 MS: 6 ChangeBit-Custom-ShuffleBytes-Custom-InsertByte-Custom-
#447	NEW    cov: 363 ft: 406 corp: 90/189b lim: 4 exec/s: 0 rss: 934Mb L: 3/4 MS: 4 ShuffleBytes-Custom-ChangeBinInt-Custom-
#451	NEW    cov: 364 ft: 407 corp: 91/192b lim: 4 exec/s: 0 rss: 934Mb L: 3/4 MS: 8 EraseBytes-Custom-InsertByte-Custom-EraseBytes-Custom-CrossOver-Custom-
#456	NEW    cov: 364 ft: 410 corp: 92/195b lim: 4 exec/s: 0 rss: 934Mb L: 3/4 MS: 10 ShuffleBytes-Custom-ChangeASCIIInt-Custom-CopyPart-Custom-InsertByte-Custom-InsertByte-Custom-
#457	REDUCE cov: 364 ft: 410 corp: 92/193b lim: 4 exec/s: 0 rss: 934Mb L: 2/4 MS: 2 EraseBytes-Custom-
#458	REDUCE cov: 364 ft: 410 corp: 92/192b lim: 4 exec/s: 0 rss: 934Mb L: 1/4 MS: 2 EraseBytes-Custom-
#468	NEW    cov: 366 ft: 412 corp: 93/193b lim: 4 exec/s: 0 rss: 934Mb L: 1/4 MS: 10 CrossOver-Custom-ShuffleBytes-Custom-ShuffleBytes-Custom-ShuffleBytes-Custom-ChangeByte-Custom-
#479	REDUCE cov: 367 ft: 413 corp: 94/194b lim: 4 exec/s: 0 rss: 934Mb L: 1/4 MS: 2 ChangeByte-Custom-
#488	NEW    cov: 372 ft: 422 corp: 95/197b lim: 4 exec/s: 0 rss: 934Mb L: 3/4 MS: 8 ChangeByte-Custom-CopyPart-Custom-ChangeByte-Custom-InsertByte-Custom-
#489	NEW    cov: 374 ft: 424 corp: 96/198b lim: 4 exec/s: 0 rss: 934Mb L: 1/4 MS: 2 ChangeBinInt-Custom-
#491	NEW    cov: 385 ft: 435 corp: 97/201b lim: 4 exec/s: 0 rss: 935Mb L: 3/4 MS: 4 ChangeByte-Custom-InsertByte-Custom-
#492	REDUCE cov: 387 ft: 437 corp: 98/202b lim: 4 exec/s: 0 rss: 935Mb L: 1/4 MS: 2 ChangeBit-Custom-
#493	NEW    cov: 388 ft: 438 corp: 99/205b lim: 4 exec/s: 0 rss: 935Mb L: 3/4 MS: 2 CopyPart-Custom-
#497	NEW    cov: 389 ft: 439 corp: 100/208b lim: 4 exec/s: 0 rss: 935Mb L: 3/4 MS: 8 ChangeBit-Custom-ChangeByte-Custom-InsertByte-Custom-ChangeBinInt-Custom-
#503	NEW    cov: 395 ft: 445 corp: 101/212b lim: 4 exec/s: 0 rss: 935Mb L: 4/4 MS: 2 ChangeByte-Custom-
#510	NEW    cov: 398 ft: 448 corp: 102/213b lim: 4 exec/s: 0 rss: 935Mb L: 1/4 MS: 4 ShuffleBytes-Custom-ChangeBit-Custom-
#512	NEW    cov: 399 ft: 449 corp: 103/217b lim: 4 exec/s: 0 rss: 935Mb L: 4/4 MS: 4 InsertByte-Custom-ShuffleBytes-Custom-
#514	NEW    cov: 400 ft: 450 corp: 104/221b lim: 4 exec/s: 0 rss: 935Mb L: 4/4 MS: 4 ShuffleBytes-Custom-PersAutoDict-Custom- DE: "\000\243"-
#521	NEW    cov: 403 ft: 453 corp: 105/224b lim: 4 exec/s: 0 rss: 935Mb L: 3/4 MS: 4 ChangeBinInt-Custom-PersAutoDict-Custom- DE: "\000\010"-
#532	NEW    cov: 403 ft: 458 corp: 106/228b lim: 4 exec/s: 0 rss: 935Mb L: 4/4 MS: 2 CopyPart-Custom-
#539	NEW    cov: 406 ft: 461 corp: 107/231b lim: 4 exec/s: 0 rss: 935Mb L: 3/4 MS: 4 InsertByte-Custom-ChangeBit-Custom-
#545	NEW    cov: 409 ft: 464 corp: 108/234b lim: 4 exec/s: 0 rss: 935Mb L: 3/4 MS: 2 PersAutoDict-Custom- DE: "\000\243"-
#546	NEW    cov: 416 ft: 471 corp: 109/238b lim: 4 exec/s: 0 rss: 935Mb L: 4/4 MS: 2 ChangeBinInt-Custom-
#547	NEW    cov: 416 ft: 476 corp: 110/240b lim: 4 exec/s: 0 rss: 935Mb L: 2/4 MS: 2 ChangeBit-Custom-
#554	NEW    cov: 417 ft: 477 corp: 111/241b lim: 4 exec/s: 0 rss: 935Mb L: 1/4 MS: 4 InsertByte-Custom-EraseBytes-Custom-
#559	NEW    cov: 420 ft: 480 corp: 112/244b lim: 4 exec/s: 0 rss: 935Mb L: 3/4 MS: 10 CopyPart-Custom-ShuffleBytes-Custom-ShuffleBytes-Custom-ShuffleBytes-Custom-CrossOver-Custom-
#563	NEW    cov: 426 ft: 486 corp: 113/248b lim: 4 exec/s: 0 rss: 935Mb L: 4/4 MS: 8 ChangeByte-Custom-InsertByte-Custom-CrossOver-Custom-CopyPart-Custom-
#567	NEW    cov: 429 ft: 489 corp: 114/252b lim: 4 exec/s: 0 rss: 935Mb L: 4/4 MS: 8 ChangeByte-Custom-ChangeByte-Custom-CopyPart-Custom-CopyPart-Custom-
#573	NEW    cov: 429 ft: 491 corp: 115/256b lim: 4 exec/s: 0 rss: 935Mb L: 4/4 MS: 2 CopyPart-Custom-
#574	NEW    cov: 430 ft: 492 corp: 116/260b lim: 4 exec/s: 0 rss: 935Mb L: 4/4 MS: 2 CopyPart-Custom-
#581	NEW    cov: 431 ft: 493 corp: 117/264b lim: 4 exec/s: 0 rss: 935Mb L: 4/4 MS: 4 ChangeBinInt-Custom-ChangeBinInt-Custom-
#585	NEW    cov: 433 ft: 495 corp: 118/266b lim: 4 exec/s: 0 rss: 935Mb L: 2/4 MS: 8 ShuffleBytes-Custom-ChangeBinInt-Custom-ChangeBit-Custom-EraseBytes-Custom-
#607	NEW    cov: 433 ft: 496 corp: 119/268b lim: 4 exec/s: 0 rss: 935Mb L: 2/4 MS: 4 ShuffleBytes-Custom-InsertByte-Custom-
#612	NEW    cov: 436 ft: 499 corp: 120/270b lim: 4 exec/s: 0 rss: 935Mb L: 2/4 MS: 10 ShuffleBytes-Custom-ChangeBinInt-Custom-EraseBytes-Custom-InsertByte-Custom-ChangeByte-Custom-
#628	NEW    cov: 438 ft: 501 corp: 121/271b lim: 4 exec/s: 0 rss: 936Mb L: 1/4 MS: 2 ChangeBit-Custom-
INFO: #629	NEW    cov: 444 ft: 509 corp: 122/273b lim: 4 exec/s: 0 rss: 936Mb L: 2/4 MS: 2 InsertByte-Custom-
Instrumented org.apache.commons.lang3.CharUtils (took 12 ms, size +28%)
#638	NEW    cov: 445 ft: 510 corp: 123/276b lim: 4 exec/s: 0 rss: 936Mb L: 3/4 MS: 8 PersAutoDict-Custom-EraseBytes-Custom-ChangeBinInt-Custom-ChangeByte-Custom- DE: "\000\243"-
#639	NEW    cov: 448 ft: 513 corp: 124/279b lim: 4 exec/s: 0 rss: 936Mb L: 3/4 MS: 2 ChangeBit-Custom-
#644	NEW    cov: 451 ft: 516 corp: 125/280b lim: 4 exec/s: 0 rss: 936Mb L: 1/4 MS: 10 PersAutoDict-Custom-ChangeBinInt-Custom-EraseBytes-Custom-EraseBytes-Custom-ChangeByte-Custom- DE: "\001\007"-
#646	NEW    cov: 452 ft: 517 corp: 126/281b lim: 4 exec/s: 0 rss: 936Mb L: 1/4 MS: 4 ChangeByte-Custom-ChangeBit-Custom-
#648	NEW    cov: 452 ft: 521 corp: 127/285b lim: 4 exec/s: 0 rss: 936Mb L: 4/4 MS: 4 ShuffleBytes-Custom-PersAutoDict-Custom- DE: "\000\243"-
#661	NEW    cov: 457 ft: 526 corp: 128/289b lim: 4 exec/s: 0 rss: 936Mb L: 4/4 MS: 6 CrossOver-Custom-PersAutoDict-Custom-ChangeBinInt-Custom- DE: "\000\243"-
#663	NEW    cov: 457 ft: 532 corp: 129/293b lim: 4 exec/s: 0 rss: 936Mb L: 4/4 MS: 4 InsertByte-Custom-ChangeByte-Custom-
#667	NEW    cov: 463 ft: 538 corp: 130/297b lim: 4 exec/s: 0 rss: 936Mb L: 4/4 MS: 8 CopyPart-Custom-CMP-Custom-ChangeBit-Custom-ChangeBit-Custom- DE: "\177\000\000\000"-
#677	REDUCE cov: 464 ft: 539 corp: 131/299b lim: 4 exec/s: 0 rss: 936Mb L: 2/4 MS: 10 ChangeBit-Custom-ChangeBit-Custom-CopyPart-Custom-CopyPart-Custom-ChangeBit-Custom-
#686	NEW    cov: 466 ft: 541 corp: 132/302b lim: 4 exec/s: 0 rss: 936Mb L: 3/4 MS: 8 ChangeBinInt-Custom-ChangeBit-Custom-ChangeBinInt-Custom-ChangeBit-Custom-
#689	NEW    cov: 478 ft: 553 corp: 133/305b lim: 4 exec/s: 0 rss: 936Mb L: 3/4 MS: 6 ChangeByte-Custom-InsertByte-Custom-InsertByte-Custom-
#691	REDUCE cov: 478 ft: 553 corp: 133/304b lim: 4 exec/s: 0 rss: 936Mb L: 3/4 MS: 4 ChangeBit-Custom-EraseBytes-Custom-
#701	NEW    cov: 478 ft: 558 corp: 134/308b lim: 4 exec/s: 0 rss: 936Mb L: 4/4 MS: 10 InsertByte-Custom-ChangeBinInt-Custom-ChangeByte-Custom-ShuffleBytes-Custom-CrossOver-Custom-
#702	NEW    cov: 482 ft: 562 corp: 135/311b lim: 4 exec/s: 0 rss: 936Mb L: 3/4 MS: 2 ChangeBit-Custom-
#704	NEW    cov: 483 ft: 563 corp: 136/314b lim: 4 exec/s: 0 rss: 936Mb L: 3/4 MS: 4 InsertByte-Custom-ChangeBit-Custom-
#713	NEW    cov: 485 ft: 565 corp: 137/318b lim: 4 exec/s: 0 rss: 936Mb L: 4/4 MS: 8 CopyPart-Custom-ShuffleBytes-Custom-ChangeByte-Custom-ChangeByte-Custom-
#721	NEW    cov: 487 ft: 570 corp: 138/322b lim: 4 exec/s: 0 rss: 936Mb L: 4/4 MS: 6 InsertByte-Custom-CopyPart-Custom-CrossOver-Custom-
#722	REDUCE cov: 487 ft: 570 corp: 138/321b lim: 4 exec/s: 0 rss: 936Mb L: 2/4 MS: 2 EraseBytes-Custom-
#734	NEW    cov: 489 ft: 572 corp: 139/323b lim: 4 exec/s: 0 rss: 937Mb L: 2/4 MS: 4 PersAutoDict-Custom-CMP-Custom- DE: "\001\007"-"\377\004"-
#746	NEW    cov: 491 ft: 574 corp: 140/325b lim: 4 exec/s: 0 rss: 938Mb L: 2/4 MS: 4 ChangeBit-Custom-ChangeBit-Custom-
#748	NEW    cov: 492 ft: 575 corp: 141/328b lim: 4 exec/s: 0 rss: 938Mb L: 3/4 MS: 4 ChangeBit-Custom-InsertByte-Custom-
#752	NEW    cov: 503 ft: 586 corp: 142/332b lim: 4 exec/s: 0 rss: 938Mb L: 4/4 MS: 8 EraseBytes-Custom-CopyPart-Custom-PersAutoDict-Custom-ChangeBinInt-Custom- DE: "\001\007"-
#762	REDUCE cov: 507 ft: 590 corp: 143/336b lim: 4 exec/s: 0 rss: 938Mb L: 4/4 MS: 10 PersAutoDict-Custom-EraseBytes-Custom-CrossOver-Custom-ShuffleBytes-Custom-PersAutoDict-Custom- DE: "\377\004"-"\001\007"-
#773	REDUCE cov: 507 ft: 590 corp: 143/335b lim: 4 exec/s: 0 rss: 938Mb L: 3/4 MS: 2 EraseBytes-Custom-
#774	NEW    cov: 509 ft: 592 corp: 144/336b lim: 4 exec/s: 0 rss: 938Mb L: 1/4 MS: 2 ChangeBit-Custom-
#782	NEW    cov: 514 ft: 597 corp: 145/339b lim: 4 exec/s: 0 rss: 938Mb L: 3/4 MS: 6 ShuffleBytes-Custom-CrossOver-Custom-CrossOver-Custom-
#783	NEW    cov: 517 ft: 604 corp: 146/343b lim: 4 exec/s: 0 rss: 938Mb L: 4/4 MS: 2 PersAutoDict-Custom- DE: "\377\004"-
#794	NEW    cov: 520 ft: 607 corp: 147/344b lim: 4 exec/s: 0 rss: 938Mb L: 1/4 MS: 2 ChangeByte-Custom-
#804	NEW    cov: 521 ft: 608 corp: 148/348b lim: 4 exec/s: 0 rss: 938Mb L: 4/4 MS: 10 ChangeByte-Custom-PersAutoDict-Custom-EraseBytes-Custom-PersAutoDict-Custom-PersAutoDict-Custom- DE: "\000\243"-"\377\004"-"\001\007"-
DEDUP_TOKEN: 731bce30162643e3#806	NEW    cov: 523 ft: 610 corp: 149/352b lim: 4 exec/s: 0 rss: 938Mb L: 4/4 MS: 4 CrossOver-Custom-ChangeBit-Custom-

#812	NEW    cov: 524 ft: 611 corp: 150/356b lim: 4 exec/s: 0 rss: 938Mb L: 4/4 MS: 2 ChangeBit-Custom-
#814	NEW    cov: 527 ft: 614 corp: 151/360b lim: 4 exec/s: 0 rss: 938Mb L: 4/4 MS: 4 CopyPart-Custom-ChangeBinInt-Custom-
#819	NEW    cov: 528 ft: 616 corp: 152/363b lim: 4 exec/s: 0 rss: 938Mb L: 3/4 MS: 10 ChangeBit-Custom-ChangeByte-Custom-ChangeBinInt-Custom-EraseBytes-Custom-ChangeByte-Custom-
#837	NEW    cov: 531 ft: 619 corp: 153/364b lim: 4 exec/s: 0 rss: 938Mb L: 1/4 MS: 6 ChangeBit-Custom-ChangeBit-Custom-ChangeByte-Custom-
#840	NEW    cov: 531 ft: 622 corp: 154/368b lim: 4 exec/s: 0 rss: 938Mb L: 4/4 MS: 6 ChangeBit-Custom-EraseBytes-Custom-PersAutoDict-Custom- DE: "\000\010"-
#855	NEW    cov: 533 ft: 627 corp: 155/370b lim: 4 exec/s: 0 rss: 938Mb L: 2/4 MS: 10 ChangeBit-Custom-ChangeBinInt-Custom-EraseBytes-Custom-ChangeByte-Custom-InsertByte-Custom-
#863	NEW    cov: 536 ft: 630 corp: 156/373b lim: 4 exec/s: 0 rss: 938Mb L: 3/4 MS: 6 EraseBytes-Custom-ChangeByte-Custom-CopyPart-Custom-
#865	NEW    cov: 539 ft: 633 corp: 157/377b lim: 4 exec/s: 0 rss: 938Mb L: 4/4 MS: 4 CopyPart-Custom-ChangeByte-Custom-
#874	NEW    cov: 541 ft: 635 corp: 158/380b lim: 4 exec/s: 0 rss: 938Mb L: 3/4 MS: 8 CrossOver-Custom-CrossOver-Custom-EraseBytes-Custom-CrossOver-Custom-
#891	NEW    cov: 544 ft: 638 corp: 159/382b lim: 4 exec/s: 0 rss: 938Mb L: 2/4 MS: 4 ShuffleBytes-Custom-ChangeBit-Custom-
#894	NEW    cov: 546 ft: 640 corp: 160/386b lim: 4 exec/s: 0 rss: 938Mb L: 4/4 MS: 6 ShuffleBytes-Custom-CrossOver-Custom-ChangeBinInt-Custom-
#895	NEW    cov: 548 ft: 642 corp: 161/389b lim: 4 exec/s: 0 rss: 938Mb L: 3/4 MS: 2 ChangeBit-Custom-
#901	NEW    cov: 553 ft: 647 corp: 162/392b lim: 4 exec/s: 0 rss: 938Mb L: 3/4 MS: 2 CrossOver-Custom-
#902	REDUCE cov: 554 ft: 648 corp: 163/394b lim: 4 exec/s: 0 rss: 938Mb L: 2/4 MS: 2 CrossOver-Custom-
#905	NEW    cov: 554 ft: 652 corp: 164/396b lim: 4 exec/s: 0 rss: 938Mb L: 2/4 MS: 6 ShuffleBytes-Custom-EraseBytes-Custom-InsertByte-Custom-
#917	NEW    cov: 554 ft: 657 corp: 165/399b lim: 4 exec/s: 0 rss: 938Mb L: 3/4 MS: 4 ChangeBit-Custom-CrossOver-Custom-
#918	REDUCE cov: 554 ft: 657 corp: 165/398b lim: 4 exec/s: 0 rss: 938Mb L: 3/4 MS: 2 EraseBytes-Custom-
#922	REDUCE cov: 554 ft: 658 corp: 166/402b lim: 4 exec/s: 0 rss: 938Mb L: 4/4 MS: 8 CrossOver-Custom-ChangeBit-Custom-CrossOver-Custom-ChangeBinInt-Custom-
#924	NEW    cov: 554 ft: 659 corp: 167/405b lim: 4 exec/s: 0 rss: 938Mb L: 3/4 MS: 4 ChangeByte-Custom-CrossOver-Custom-
#937	NEW    cov: 561 ft: 666 corp: 168/408b lim: 4 exec/s: 0 rss: 938Mb L: 3/4 MS: 6 ShuffleBytes-Custom-ChangeByte-Custom-ChangeBit-Custom-
#948	REDUCE cov: 561 ft: 666 corp: 168/407b lim: 4 exec/s: 0 rss: 938Mb L: 2/4 MS: 2 EraseBytes-Custom-
#950	REDUCE cov: 561 ft: 666 corp: 168/406b lim: 4 exec/s: 0 rss: 938Mb L: 3/4 MS: 4 CrossOver-Custom-EraseBytes-Custom-
#953	REDUCE cov: 561 ft: 666 corp: 168/405b lim: 4 exec/s: 0 rss: 938Mb L: 1/4 MS: 6 CopyPart-Custom-CopyPart-Custom-EraseBytes-Custom-
#964	NEW    cov: 563 ft: 668 corp: 169/409b lim: 4 exec/s: 0 rss: 938Mb L: 4/4 MS: 2 ChangeByte-Custom-
#970	NEW    cov: 565 ft: 670 corp: 170/410b lim: 4 exec/s: 0 rss: 938Mb L: 1/4 MS: 2 ChangeBit-Custom-
#987	REDUCE cov: 565 ft: 672 corp: 171/414b lim: 4 exec/s: 0 rss: 938Mb L: 4/4 MS: 4 PersAutoDict-Custom-PersAutoDict-Custom- DE: "\000\010"-"\377\004"-
#992	NEW    cov: 566 ft: 673 corp: 172/418b lim: 4 exec/s: 0 rss: 938Mb L: 4/4 MS: 10 CrossOver-Custom-ChangeBinInt-Custom-ChangeByte-Custom-CopyPart-Custom-ChangeBinInt-Custom-
#1002	NEW    cov: 571 ft: 678 corp: 173/419b lim: 4 exec/s: 0 rss: 938Mb L: 1/4 MS: 10 ChangeByte-Custom-ShuffleBytes-Custom-EraseBytes-Custom-CopyPart-Custom-EraseBytes-Custom-
#1003	NEW    cov: 576 ft: 683 corp: 174/423b lim: 4 exec/s: 0 rss: 938Mb L: 4/4 MS: 2 CrossOver-Custom-
#1015	NEW    cov: 578 ft: 685 corp: 175/424b lim: 4 exec/s: 0 rss: 938Mb L: 1/4 MS: 4 CrossOver-Custom-ChangeBit-Custom-
#1016	NEW    cov: 579 ft: 686 corp: 176/425b lim: 4 exec/s: 0 rss: 938Mb L: 1/4 MS: 2 ChangeByte-Custom-
#1022	NEW    cov: 584 ft: 691 corp: 177/428b lim: 4 exec/s: 0 rss: 938Mb L: 3/4 MS: 2 ChangeByte-Custom-
#1026	REDUCE cov: 584 ft: 691 corp: 177/427b lim: 4 exec/s: 0 rss: 938Mb L: 2/4 MS: 8 ChangeBinInt-Custom-CrossOver-Custom-ChangeBit-Custom-EraseBytes-Custom-
#1033	NEW    cov: 584 ft: 693 corp: 178/431b lim: 4 exec/s: 0 rss: 938Mb L: 4/4 MS: 4 CrossOver-Custom-CMP-Custom- DE: "\377\377\377\037"-
#1035	NEW    cov: 586 ft: 695 corp: 179/433b lim: 4 exec/s: 0 rss: 938Mb L: 2/4 MS: 4 ChangeByte-Custom-ChangeByte-Custom-
#1036	REDUCE cov: 586 ft: 695 corp: 179/432b lim: 4 exec/s: 0 rss: 938Mb L: 2/4 MS: 2 EraseBytes-Custom-
#1052	REDUCE cov: 586 ft: 695 corp: 179/430b lim: 4 exec/s: 0 rss: 938Mb L: 2/4 MS: 2 EraseBytes-Custom-
#1067	NEW    cov: 590 ft: 699 corp: 180/433b lim: 4 exec/s: 0 rss: 938Mb L: 3/4 MS: 10 ShuffleBytes-Custom-InsertByte-Custom-ChangeBit-Custom-CrossOver-Custom-InsertByte-Custom-
#1100	NEW    cov: 595 ft: 704 corp: 181/434b lim: 4 exec/s: 0 rss: 938Mb L: 1/4 MS: 6 ShuffleBytes-Custom-EraseBytes-Custom-CrossOver-Custom-
#1106	REDUCE cov: 595 ft: 704 corp: 181/433b lim: 4 exec/s: 0 rss: 938Mb L: 1/4 MS: 2 EraseBytes-Custom-
#1110	NEW    cov: 595 ft: 707 corp: 182/436b lim: 4 exec/s: 0 rss: 938Mb L: 3/4 MS: 8 CopyPart-Custom-ShuffleBytes-Custom-EraseBytes-Custom-ShuffleBytes-Custom-
#1123	REDUCE cov: 596 ft: 708 corp: 183/437b lim: 4 exec/s: 0 rss: 938Mb L: 1/4 MS: 6 EraseBytes-Custom-CrossOver-Custom-ChangeBit-Custom-
#1126	REDUCE cov: 596 ft: 708 corp: 183/436b lim: 4 exec/s: 0 rss: 938Mb L: 1/4 MS: 6 ChangeByte-Custom-CrossOver-Custom-EraseBytes-Custom-
#1156	NEW    cov: 597 ft: 709 corp: 184/437b lim: 4 exec/s: 0 rss: 938Mb L: 1/4 MS: 10 ChangeASCIIInt-Custom-ChangeBit-Custom-ChangeByte-Custom-ChangeByte-Custom-ChangeBit-Custom-
#1159	REDUCE cov: 597 ft: 709 corp: 184/436b lim: 4 exec/s: 0 rss: 938Mb L: 3/4 MS: 6 CopyPart-Custom-EraseBytes-Custom-CopyPart-Custom-
#1166	NEW    cov: 599 ft: 711 corp: 185/440b lim: 4 exec/s: 0 rss: 939Mb L: 4/4 MS: 4 CopyPart-Custom-ChangeByte-Custom-
MS: 2 ChangeByte-Custom-; base unit: 64b68bf5b882b9bd0b37267287980ecfa0e44a85
0x66,
f
artifact_prefix='/tmp/bugrun/lang_1.B0BOLo/'; Test unit written to /tmp/bugrun/lang_1.B0BOLo/crash-4a0a19218e082a343a1b17e5333409af9d98f0f5
Base64: Zg==
Done 1172 runs in 0 second(s)
[ERROR] Tests run: 2, Failures: 0, Errors: 1, Skipped: 0, Time elapsed: 10.51 s <<< FAILURE! -- in com.example.algorithm2.Algorithm2Test
[ERROR] com.example.algorithm2.Algorithm2Test.testParameterizedFuzzer(FuzzedDataProvider)[2] -- Time elapsed: 0.862 s <<< ERROR!
java.lang.IllegalArgumentException: Minimum abbreviation width is 4
	at org.apache.commons.lang3.StringUtils.abbreviate(StringUtils.java:6291)
	at java.base/jdk.internal.reflect.NativeMethodAccessorImpl.invoke0(Native Method)
	at java.base/jdk.internal.reflect.NativeMethodAccessorImpl.invoke(NativeMethodAccessorImpl.java:62)
	at java.base/jdk.internal.reflect.DelegatingMethodAccessorImpl.invoke(DelegatingMethodAccessorImpl.java:43)
	at java.base/java.lang.reflect.Method.invoke(Method.java:566)
	at com.example.algorithm2.Algorithm2Test.testParameterizedFuzzer(Algorithm2Test.java:226)

[INFO] 
[INFO] Results:
[INFO] 
[ERROR] Errors: 
[ERROR]   Algorithm2Test.testParameterizedFuzzer:226 » IllegalArgument Minimum abbreviation width is 4
[INFO] 
[ERROR] Tests run: 2, Failures: 0, Errors: 1, Skipped: 0
[INFO] 
[ERROR] 

Please refer to /tmp/bugrun/lang_1.B0BOLo/target/surefire-reports for the individual test results.
Please refer to dump files (if any exist) [date].dump, [date]-jvmRun[N].dump and [date].dumpstream.
[INFO] 
[INFO] --- jacoco:0.8.11:report (default-cli) @ AlgorithmName2 ---
[INFO] Loading execution data file /tmp/bugrun/lang_1.B0BOLo/target/jacoco.exec
[INFO] Analyzed bundle 'AlgorithmName2' with 159 classes
[INFO] ------------------------------------------------------------------------
[INFO] BUILD SUCCESS
[INFO] ------------------------------------------------------------------------
[INFO] Total time:  22.934 s
[INFO] Finished at: 2026-10-06T02:05:34+07:00
[INFO] ------------------------------------------------------------------------
