[INFO] Scanning for projects...
[INFO] 
[INFO] ---------------------< com.example:AlgorithmName2 >---------------------
[INFO] Building AlgorithmName2 1.0-SNAPSHOT
[INFO]   from pom.xml
[INFO] --------------------------------[ jar ]---------------------------------
[INFO] 
[INFO] --- jacoco:0.8.11:prepare-agent (default) @ AlgorithmName2 ---
[INFO] argLine set to -javaagent:/home/kanyaphak673380391-3/.m2/repository/org/jacoco/org.jacoco.agent/0.8.11/org.jacoco.agent-0.8.11-runtime.jar=destfile=/tmp/bugrun/lang_10.d3l6sX/target/jacoco.exec
[INFO] 
[INFO] --- resources:3.4.0:resources (default-resources) @ AlgorithmName2 ---
[INFO] Copying 1 resource from src/main/resources to target/classes
[INFO] 
[INFO] --- compiler:3.15.0:compile (default-compile) @ AlgorithmName2 ---
[INFO] Recompiling the module because of changed source code.
[INFO] Compiling 1 source file with javac [debug target 1.8] to target/classes
[WARNING] bootstrap class path not set in conjunction with -source 8
[INFO] 
[INFO] --- dependency:3.6.0:unpack-dependencies (unpack-defects4j) @ AlgorithmName2 ---
[INFO] 
[INFO] --- resources:3.4.0:testResources (default-testResources) @ AlgorithmName2 ---
[INFO] skip non existing resourceDirectory /tmp/bugrun/lang_10.d3l6sX/src/test/resources
[INFO] 
[INFO] --- compiler:3.15.0:testCompile (default-testCompile) @ AlgorithmName2 ---
[INFO] Recompiling the module because of changed dependency.
[INFO] Compiling 1 source file with javac [debug target 1.8] to target/test-classes
[WARNING] bootstrap class path not set in conjunction with -source 8
[INFO] 
[INFO] --- surefire:3.1.2:test (default-cli) @ AlgorithmName2 ---
[INFO] Using auto detected provider org.apache.maven.surefire.junitplatform.JUnitPlatformProvider
[INFO] 
[INFO] -------------------------------------------------------
[INFO]  T E S T S
[INFO] -------------------------------------------------------
[INFO] Running com.example.algorithm2.Algorithm2Test
OpenJDK 64-Bit Server VM warning: Sharing is only supported for boot loader classes because bootstrap classpath has been appended
INFO: Loaded 289 hooks from com.code_intelligence.jazzer.runtime.TraceCmpHooks
INFO: Loaded 5 hooks from com.code_intelligence.jazzer.runtime.TraceDivHooks
INFO: Loaded 2 hooks from com.code_intelligence.jazzer.runtime.TraceIndirHooks
INFO: Loaded 4 hooks from com.code_intelligence.jazzer.runtime.NativeLibHooks
INFO: Loaded 2 hooks from com.code_intelligence.jazzer.sanitizers.ClojureLangHooks
INFO: Loaded 5 hooks from com.code_intelligence.jazzer.sanitizers.Deserialization
INFO: Loaded 5 hooks from com.code_intelligence.jazzer.sanitizers.ExpressionLanguageInjection
INFO: Loaded 70 hooks from com.code_intelligence.jazzer.sanitizers.LdapInjection
INFO: Loaded 46 hooks from com.code_intelligence.jazzer.sanitizers.NamingContextLookup
INFO: Loaded 1 hooks from com.code_intelligence.jazzer.sanitizers.OsCommandInjection
INFO: Loaded 52 hooks from com.code_intelligence.jazzer.sanitizers.ReflectiveCall
INFO: Loaded 8 hooks from com.code_intelligence.jazzer.sanitizers.RegexInjection
INFO: Loaded 16 hooks from com.code_intelligence.jazzer.sanitizers.RegexRoadblocks
INFO: Loaded 18 hooks from com.code_intelligence.jazzer.sanitizers.ScriptEngineInjection
INFO: Loaded 2 hooks from com.code_intelligence.jazzer.sanitizers.ServerSideRequestForgery
INFO: Loaded 19 hooks from com.code_intelligence.jazzer.sanitizers.SqlInjection
INFO: Loaded 6 hooks from com.code_intelligence.jazzer.sanitizers.XPathInjection
INFO: Instrumented com.example.algorithm2.Algorithm2Test$Skip (took 307 ms, size +44%)
INFO: Instrumented com.example.algorithm2.Algorithm2Test (took 243 ms, size +27%)
INFO: New number of coverage counters: 1024
INFO: New number of coverage counters: 2048
WARN: Some hooks could not be applied to class files built for Java 7 or lower.
                       Ensure that the fuzz target and its dependencies are compiled with
                       -target 8 or higher to identify as many bugs as possible.
INFO: Instrumented org.apache.commons.lang3.StringUtils (took 363 ms, size +28%)
[harness] target=org.apache.commons.lang3.StringUtils factories=1 methods=155
INFO: found LLVMFuzzerCustomMutator (0x73e54ad70cd0). Disabling -len_control by default.
INFO: Running with entropic power schedule (0xFF, 100).
INFO: Seed: 2488759153
INFO: using inputs from: /tmp/bugrun/lang_10.d3l6sX/.cifuzz-corpus/com.example.algorithm2.Algorithm2Test/testParameterizedFuzzer
INFO: using inputs from: /tmp/jazzer-java-seeds14231195071575885518
INFO: Loaded 3 modules   (2048 inline 8-bit counters): 512 [0x73e64cd1e970, 0x73e64cd1eb70), 512 [0x73e64cd1eb70, 0x73e64cd1ed70), 1024 [0x73e64cd1ed70, 0x73e64cd1f170), 
INFO: Loaded 3 PC tables (2048 PCs): 512 [0x73e64c77bd50,0x73e64c77dd50), 512 [0x73e64c8bce20,0x73e64c8bee20), 1024 [0x73e64c5aac90,0x73e64c5aec90), 
INFO:        0 files found in /tmp/bugrun/lang_10.d3l6sX/.cifuzz-corpus/com.example.algorithm2.Algorithm2Test/testParameterizedFuzzer
INFO:        0 files found in /tmp/jazzer-java-seeds14231195071575885518
INFO: -max_len is not provided; libFuzzer will not generate inputs larger than 4096 bytes
INFO: A corpus is not provided, starting from an empty corpus
#2	INITED cov: 35 ft: 35 corp: 1/1b exec/s: 0 rss: 1066Mb
#3	NEW    cov: 39 ft: 44 corp: 2/2b lim: 4 exec/s: 0 rss: 1066Mb L: 1/1 MS: 2 ChangeByte-Custom-
#4	NEW    cov: 41 ft: 46 corp: 3/3b lim: 4 exec/s: 0 rss: 1066Mb L: 1/1 MS: 2 ChangeBit-Custom-
#5	NEW    cov: 45 ft: 50 corp: 4/5b lim: 4 exec/s: 0 rss: 1066Mb L: 2/2 MS: 2 InsertByte-Custom-
#7	NEW    cov: 62 ft: 67 corp: 5/7b lim: 4 exec/s: 0 rss: 1066Mb L: 2/2 MS: 4 CopyPart-Custom-InsertByte-Custom-
#13	NEW    cov: 63 ft: 68 corp: 6/8b lim: 4 exec/s: 0 rss: 1066Mb L: 1/2 MS: 2 CrossOver-Custom-
#14	NEW    cov: 67 ft: 73 corp: 7/9b lim: 4 exec/s: 0 rss: 1066Mb L: 1/2 MS: 2 ChangeByte-Custom-
#15	NEW    cov: 68 ft: 74 corp: 8/10b lim: 4 exec/s: 0 rss: 1066Mb L: 1/2 MS: 2 ChangeBit-Custom-
#17	NEW    cov: 70 ft: 76 corp: 9/12b lim: 4 exec/s: 0 rss: 1066Mb L: 2/2 MS: 4 CopyPart-Custom-ChangeByte-Custom-
#20	NEW    cov: 76 ft: 82 corp: 10/14b lim: 4 exec/s: 0 rss: 1066Mb L: 2/2 MS: 6 ShuffleBytes-Custom-CopyPart-Custom-ChangeBinInt-Custom-
#21	NEW    cov: 85 ft: 91 corp: 11/16b lim: 4 exec/s: 0 rss: 1066Mb L: 2/2 MS: 2 ChangeByte-Custom-
#24	NEW    cov: 86 ft: 92 corp: 12/20b lim: 4 exec/s: 0 rss: 1066Mb L: 4/4 MS: 6 InsertByte-Custom-ChangeByte-Custom-InsertByte-Custom-
#26	NEW    cov: 89 ft: 95 corp: 13/21b lim: 4 exec/s: 0 rss: 1066Mb L: 1/4 MS: 4 ShuffleBytes-Custom-ChangeByte-Custom-
#28	NEW    cov: 93 ft: 99 corp: 14/25b lim: 4 exec/s: 0 rss: 1066Mb L: 4/4 MS: 4 InsertByte-Custom-CMP-Custom- DE: "\000\227"-
#34	NEW    cov: 94 ft: 100 corp: 15/27b lim: 4 exec/s: 0 rss: 1066Mb L: 2/4 MS: 2 ChangeByte-Custom-
#39	NEW    cov: 95 ft: 101 corp: 16/30b lim: 4 exec/s: 0 rss: 1066Mb L: 3/4 MS: 10 ShuffleBytes-Custom-InsertByte-Custom-CopyPart-Custom-ShuffleBytes-Custom-CopyPart-Custom-
#41	NEW    cov: 98 ft: 104 corp: 17/31b lim: 4 exec/s: 0 rss: 1066Mb L: 1/4 MS: 4 EraseBytes-Custom-ChangeBit-Custom-
#42	NEW    cov: 100 ft: 106 corp: 18/32b lim: 4 exec/s: 0 rss: 1066Mb L: 1/4 MS: 2 ChangeByte-Custom-
#43	NEW    cov: 102 ft: 108 corp: 19/34b lim: 4 exec/s: 0 rss: 1066Mb L: 2/4 MS: 2 InsertByte-Custom-
#45	NEW    cov: 104 ft: 110 corp: 20/36b lim: 4 exec/s: 0 rss: 1066Mb L: 2/4 MS: 4 ShuffleBytes-Custom-PersAutoDict-Custom- DE: "\000\227"-
#49	NEW    cov: 108 ft: 115 corp: 21/39b lim: 4 exec/s: 0 rss: 1066Mb L: 3/4 MS: 8 InsertByte-Custom-ShuffleBytes-Custom-InsertByte-Custom-CMP-Custom- DE: "\010\000"-
#50	NEW    cov: 111 ft: 118 corp: 22/42b lim: 4 exec/s: 0 rss: 1066Mb L: 3/4 MS: 2 InsertByte-Custom-
#51	NEW    cov: 114 ft: 122 corp: 23/45b lim: 4 exec/s: 0 rss: 1066Mb L: 3/4 MS: 2 CopyPart-Custom-
#53	NEW    cov: 114 ft: 124 corp: 24/46b lim: 4 exec/s: 0 rss: 1066Mb L: 1/4 MS: 4 PersAutoDict-Custom-EraseBytes-Custom- DE: "\000\227"-
#54	REDUCE cov: 114 ft: 124 corp: 24/45b lim: 4 exec/s: 0 rss: 1066Mb L: 1/4 MS: 2 EraseBytes-Custom-
#61	NEW    cov: 117 ft: 127 corp: 25/46b lim: 4 exec/s: 0 rss: 1066Mb L: 1/4 MS: 4 ShuffleBytes-Custom-ChangeBit-Custom-
#62	NEW    cov: 124 ft: 134 corp: 26/50b lim: 4 exec/s: 0 rss: 1067Mb L: 4/4 MS: 2 PersAutoDict-Custom- DE: "\010\000"-
#63	NEW    cov: 131 ft: 141 corp: 27/51b lim: 4 exec/s: 0 rss: 1067Mb L: 1/4 MS: 2 ChangeByte-Custom-
#67	NEW    cov: 136 ft: 146 corp: 28/54b lim: 4 exec/s: 0 rss: 1067Mb L: 3/4 MS: 8 CrossOver-Custom-CrossOver-Custom-ShuffleBytes-Custom-InsertByte-Custom-
#70	NEW    cov: 136 ft: 147 corp: 29/56b lim: 4 exec/s: 0 rss: 1067Mb L: 2/4 MS: 6 ChangeBit-Custom-ShuffleBytes-Custom-EraseBytes-Custom-
#71	NEW    cov: 149 ft: 160 corp: 30/58b lim: 4 exec/s: 0 rss: 1067Mb L: 2/4 MS: 2 ChangeBinInt-Custom-
#72	NEW    cov: 154 ft: 165 corp: 31/62b lim: 4 exec/s: 0 rss: 1067Mb L: 4/4 MS: 2 ChangeBinInt-Custom-
#74	NEW    cov: 154 ft: 166 corp: 32/66b lim: 4 exec/s: 0 rss: 1067Mb L: 4/4 MS: 4 CrossOver-Custom-PersAutoDict-Custom- DE: "\010\000"-
#76	NEW    cov: 155 ft: 167 corp: 33/70b lim: 4 exec/s: 0 rss: 1067Mb L: 4/4 MS: 4 CrossOver-Custom-CrossOver-Custom-
#85	NEW    cov: 156 ft: 168 corp: 34/74b lim: 4 exec/s: 0 rss: 1067Mb L: 4/4 MS: 8 EraseBytes-Custom-CopyPart-Custom-ChangeBit-Custom-CopyPart-Custom-
#87	NEW    cov: 159 ft: 171 corp: 35/76b lim: 4 exec/s: 0 rss: 1067Mb L: 2/4 MS: 4 EraseBytes-Custom-InsertByte-Custom-
#90	NEW    cov: 162 ft: 174 corp: 36/78b lim: 4 exec/s: 0 rss: 1067Mb L: 2/4 MS: 6 ShuffleBytes-Custom-ChangeBit-Custom-ChangeBinInt-Custom-
#91	NEW    cov: 164 ft: 176 corp: 37/80b lim: 4 exec/s: 0 rss: 1067Mb L: 2/4 MS: 2 ChangeBinInt-Custom-
#92	NEW    cov: 166 ft: 178 corp: 38/82b lim: 4 exec/s: 0 rss: 1067Mb L: 2/4 MS: 2 EraseBytes-Custom-
INFO: Instrumented org.apache.commons.lang3.CharSequenceUtils (took 35 ms, size +60%)
#101	NEW    cov: 176 ft: 189 corp: 39/83b lim: 4 exec/s: 0 rss: 1067Mb L: 1/4 MS: 8 CopyPart-Custom-ChangeBinInt-Custom-CopyPart-Custom-ChangeBinInt-Custom-
#103	NEW    cov: 179 ft: 193 corp: 40/84b lim: 4 exec/s: 0 rss: 1067Mb L: 1/4 MS: 4 CrossOver-Custom-ChangeBit-Custom-
#109	NEW    cov: 180 ft: 194 corp: 41/88b lim: 4 exec/s: 0 rss: 1067Mb L: 4/4 MS: 2 ChangeBit-Custom-
#111	NEW    cov: 189 ft: 203 corp: 42/92b lim: 4 exec/s: 0 rss: 1067Mb L: 4/4 MS: 4 CrossOver-Custom-ChangeBit-Custom-
#114	NEW    cov: 192 ft: 208 corp: 43/95b lim: 4 exec/s: 0 rss: 1067Mb L: 3/4 MS: 6 ShuffleBytes-Custom-PersAutoDict-Custom-InsertByte-Custom- DE: "\000\227"-
#115	NEW    cov: 193 ft: 209 corp: 44/98b lim: 4 exec/s: 0 rss: 1067Mb L: 3/4 MS: 2 PersAutoDict-Custom- DE: "\000\227"-
#117	NEW    cov: 194 ft: 210 corp: 45/100b lim: 4 exec/s: 0 rss: 1067Mb L: 2/4 MS: 4 ChangeByte-Custom-EraseBytes-Custom-
#120	NEW    cov: 197 ft: 213 corp: 46/103b lim: 4 exec/s: 0 rss: 1067Mb L: 3/4 MS: 6 ChangeBinInt-Custom-CrossOver-Custom-ChangeBit-Custom-
#121	NEW    cov: 198 ft: 214 corp: 47/105b lim: 4 exec/s: 0 rss: 1067Mb L: 2/4 MS: 2 ChangeByte-Custom-
#122	NEW    cov: 199 ft: 215 corp: 48/109b lim: 4 exec/s: 0 rss: 1067Mb L: 4/4 MS: 2 ChangeASCIIInt-Custom-
#130	NEW    cov: 202 ft: 218 corp: 49/113b lim: 4 exec/s: 0 rss: 1067Mb L: 4/4 MS: 6 CrossOver-Custom-CopyPart-Custom-ChangeByte-Custom-
#137	NEW    cov: 205 ft: 221 corp: 50/116b lim: 4 exec/s: 0 rss: 1067Mb L: 3/4 MS: 4 CopyPart-Custom-PersAutoDict-Custom- DE: "\010\000"-
#139	NEW    cov: 208 ft: 224 corp: 51/119b lim: 4 exec/s: 0 rss: 1067Mb L: 3/4 MS: 4 ShuffleBytes-Custom-PersAutoDict-Custom- DE: "\000\227"-
#142	REDUCE cov: 215 ft: 233 corp: 52/122b lim: 4 exec/s: 0 rss: 1067Mb L: 3/4 MS: 6 CopyPart-Custom-ChangeByte-Custom-CopyPart-Custom-
#153	NEW    cov: 218 ft: 236 corp: 53/126b lim: 4 exec/s: 0 rss: 1067Mb L: 4/4 MS: 2 ChangeByte-Custom-
#154	REDUCE cov: 218 ft: 236 corp: 53/125b lim: 4 exec/s: 0 rss: 1067Mb L: 1/4 MS: 2 EraseBytes-Custom-
#162	NEW    cov: 221 ft: 245 corp: 54/127b lim: 4 exec/s: 0 rss: 1067Mb L: 2/4 MS: 6 ChangeByte-Custom-ChangeBit-Custom-InsertByte-Custom-
#167	NEW    cov: 221 ft: 250 corp: 55/130b lim: 4 exec/s: 0 rss: 1067Mb L: 3/4 MS: 10 CopyPart-Custom-EraseBytes-Custom-CopyPart-Custom-CopyPart-Custom-PersAutoDict-Custom- DE: "\000\227"-
#168	NEW    cov: 227 ft: 256 corp: 56/132b lim: 4 exec/s: 0 rss: 1067Mb L: 2/4 MS: 2 InsertByte-Custom-
#180	NEW    cov: 228 ft: 258 corp: 57/136b lim: 4 exec/s: 0 rss: 1067Mb L: 4/4 MS: 4 ShuffleBytes-Custom-ChangeByte-Custom-
#181	NEW    cov: 229 ft: 259 corp: 58/139b lim: 4 exec/s: 0 rss: 1067Mb L: 3/4 MS: 2 CrossOver-Custom-
#191	NEW    cov: 249 ft: 279 corp: 59/143b lim: 4 exec/s: 0 rss: 1067Mb L: 4/4 MS: 10 ShuffleBytes-Custom-CrossOver-Custom-PersAutoDict-Custom-ChangeByte-Custom-InsertByte-Custom- DE: "\000\227"-
#192	NEW    cov: 250 ft: 280 corp: 60/147b lim: 4 exec/s: 0 rss: 1067Mb L: 4/4 MS: 2 CrossOver-Custom-
#194	NEW    cov: 253 ft: 283 corp: 61/149b lim: 4 exec/s: 0 rss: 1067Mb L: 2/4 MS: 4 ShuffleBytes-Custom-ChangeBit-Custom-
#206	NEW    cov: 254 ft: 284 corp: 62/153b lim: 4 exec/s: 0 rss: 1067Mb L: 4/4 MS: 4 ChangeBit-Custom-ChangeBit-Custom-
#210	NEW    cov: 260 ft: 290 corp: 63/156b lim: 4 exec/s: 0 rss: 1067Mb L: 3/4 MS: 8 ShuffleBytes-Custom-ShuffleBytes-Custom-InsertByte-Custom-ShuffleBytes-Custom-
#215	NEW    cov: 264 ft: 296 corp: 64/159b lim: 4 exec/s: 0 rss: 1067Mb L: 3/4 MS: 10 ShuffleBytes-Custom-CopyPart-Custom-CrossOver-Custom-ChangeByte-Custom-ChangeBit-Custom-
#226	NEW    cov: 265 ft: 297 corp: 65/162b lim: 4 exec/s: 0 rss: 1067Mb L: 3/4 MS: 2 CopyPart-Custom-
#229	NEW    cov: 267 ft: 299 corp: 66/165b lim: 4 exec/s: 0 rss: 1067Mb L: 3/4 MS: 6 PersAutoDict-Custom-EraseBytes-Custom-InsertByte-Custom- DE: "\010\000"-
#231	NEW    cov: 269 ft: 301 corp: 67/169b lim: 4 exec/s: 0 rss: 1067Mb L: 4/4 MS: 4 ChangeByte-Custom-ShuffleBytes-Custom-
#232	NEW    cov: 271 ft: 303 corp: 68/170b lim: 4 exec/s: 0 rss: 1067Mb L: 1/4 MS: 2 ChangeBit-Custom-
#238	NEW    cov: 274 ft: 306 corp: 69/172b lim: 4 exec/s: 0 rss: 1067Mb L: 2/4 MS: 2 ChangeBinInt-Custom-
#249	REDUCE cov: 274 ft: 306 corp: 69/171b lim: 4 exec/s: 0 rss: 1067Mb L: 1/4 MS: 2 EraseBytes-Custom-
#259	NEW    cov: 276 ft: 308 corp: 70/172b lim: 4 exec/s: 0 rss: 1067Mb L: 1/4 MS: 10 CopyPart-Custom-EraseBytes-Custom-ShuffleBytes-Custom-ChangeBit-Custom-ChangeByte-Custom-
#263	NEW    cov: 276 ft: 314 corp: 71/174b lim: 4 exec/s: 0 rss: 1067Mb L: 2/4 MS: 8 InsertByte-Custom-EraseBytes-Custom-EraseBytes-Custom-InsertByte-Custom-
#267	NEW    cov: 279 ft: 317 corp: 72/178b lim: 4 exec/s: 0 rss: 1067Mb L: 4/4 MS: 8 CrossOver-Custom-ChangeBit-Custom-ChangeBit-Custom-ChangeByte-Custom-
#280	NEW    cov: 279 ft: 319 corp: 73/182b lim: 4 exec/s: 0 rss: 1067Mb L: 4/4 MS: 6 ShuffleBytes-Custom-ChangeByte-Custom-CrossOver-Custom-
#281	REDUCE cov: 279 ft: 319 corp: 73/181b lim: 4 exec/s: 0 rss: 1067Mb L: 1/4 MS: 2 EraseBytes-Custom-
#294	REDUCE cov: 279 ft: 319 corp: 73/180b lim: 4 exec/s: 0 rss: 1067Mb L: 3/4 MS: 6 CopyPart-Custom-CrossOver-Custom-EraseBytes-Custom-
INFO: New number of coverage counters: 4096
#299	NEW    cov: 283 ft: 323 corp: 74/182b lim: 4 exec/s: 0 rss: 1089Mb L: 2/4 MS: 10 EraseBytes-Custom-PersAutoDict-Custom-CMP-Custom-PersAutoDict-Custom-ChangeBit-Custom- DE: "\000\227"-"\233\000"-"\010\000"-
#306	REDUCE cov: 286 ft: 326 corp: 75/183b lim: 4 exec/s: 0 rss: 1089Mb L: 1/4 MS: 4 CrossOver-Custom-ChangeBit-Custom-
#309	NEW    cov: 289 ft: 329 corp: 76/185b lim: 4 exec/s: 0 rss: 1089Mb L: 2/4 MS: 6 ChangeBit-Custom-ChangeBit-Custom-CrossOver-Custom-
#314	NEW    cov: 291 ft: 331 corp: 77/189b lim: 4 exec/s: 0 rss: 1089Mb L: 4/4 MS: 10 CopyPart-Custom-InsertByte-Custom-CrossOver-Custom-CrossOver-Custom-ChangeBinInt-Custom-
#321	NEW    cov: 291 ft: 334 corp: 78/193b lim: 4 exec/s: 0 rss: 1089Mb L: 4/4 MS: 4 PersAutoDict-Custom-ChangeBit-Custom- DE: "\010\000"-
#326	REDUCE cov: 294 ft: 337 corp: 79/197b lim: 4 exec/s: 0 rss: 1089Mb L: 4/4 MS: 10 CrossOver-Custom-ChangeByte-Custom-ChangeBit-Custom-CrossOver-Custom-CMP-Custom- DE: "\377\377\377\007"-
#331	NEW    cov: 295 ft: 338 corp: 80/200b lim: 4 exec/s: 0 rss: 1089Mb L: 3/4 MS: 10 ShuffleBytes-Custom-CMP-Custom-PersAutoDict-Custom-CrossOver-Custom-ChangeBit-Custom- DE: "\010\000"-"\233\000"-
#332	NEW    cov: 297 ft: 340 corp: 81/201b lim: 4 exec/s: 0 rss: 1089Mb L: 1/4 MS: 2 ChangeByte-Custom-
#334	NEW    cov: 299 ft: 344 corp: 82/204b lim: 4 exec/s: 0 rss: 1089Mb L: 3/4 MS: 4 ChangeByte-Custom-ChangeByte-Custom-
#338	NEW    cov: 299 ft: 345 corp: 83/208b lim: 4 exec/s: 0 rss: 1089Mb L: 4/4 MS: 8 ChangeBinInt-Custom-ChangeByte-Custom-ShuffleBytes-Custom-ChangeBinInt-Custom-
#341	NEW    cov: 302 ft: 348 corp: 84/209b lim: 4 exec/s: 0 rss: 1089Mb L: 1/4 MS: 6 ChangeBinInt-Custom-EraseBytes-Custom-ChangeBit-Custom-
#344	NEW    cov: 304 ft: 350 corp: 85/211b lim: 4 exec/s: 0 rss: 1089Mb L: 2/4 MS: 6 CrossOver-Custom-CopyPart-Custom-ChangeByte-Custom-
#360	NEW    cov: 306 ft: 352 corp: 86/214b lim: 4 exec/s: 0 rss: 1089Mb L: 3/4 MS: 2 ChangeByte-Custom-
#367	NEW    cov: 312 ft: 358 corp: 87/217b lim: 4 exec/s: 0 rss: 1089Mb L: 3/4 MS: 4 CrossOver-Custom-ChangeBit-Custom-
#372	NEW    cov: 314 ft: 360 corp: 88/219b lim: 4 exec/s: 0 rss: 1089Mb L: 2/4 MS: 10 EraseBytes-Custom-CopyPart-Custom-ShuffleBytes-Custom-EraseBytes-Custom-ChangeByte-Custom-
#375	NEW    cov: 318 ft: 364 corp: 89/223b lim: 4 exec/s: 0 rss: 1089Mb L: 4/4 MS: 6 InsertByte-Custom-CopyPart-Custom-InsertByte-Custom-
#382	REDUCE cov: 318 ft: 364 corp: 89/221b lim: 4 exec/s: 0 rss: 1089Mb L: 2/4 MS: 4 CopyPart-Custom-EraseBytes-Custom-
#383	NEW    cov: 322 ft: 368 corp: 90/224b lim: 4 exec/s: 0 rss: 1089Mb L: 3/4 MS: 2 InsertByte-Custom-
#385	REDUCE cov: 322 ft: 368 corp: 90/222b lim: 4 exec/s: 0 rss: 1089Mb L: 2/4 MS: 4 ChangeBit-Custom-EraseBytes-Custom-
#401	NEW    cov: 333 ft: 379 corp: 91/225b lim: 4 exec/s: 0 rss: 1089Mb L: 3/4 MS: 2 InsertByte-Custom-
#402	NEW    cov: 340 ft: 386 corp: 92/228b lim: 4 exec/s: 0 rss: 1089Mb L: 3/4 MS: 2 EraseBytes-Custom-
#409	NEW    cov: 341 ft: 387 corp: 93/232b lim: 4 exec/s: 0 rss: 1089Mb L: 4/4 MS: 4 ChangeBit-Custom-PersAutoDict-Custom- DE: "\233\000"-
#419	NEW    cov: 362 ft: 410 corp: 94/235b lim: 4 exec/s: 0 rss: 1089Mb L: 3/4 MS: 10 CrossOver-Custom-ShuffleBytes-Custom-ChangeBit-Custom-CopyPart-Custom-EraseBytes-Custom-
#434	NEW    cov: 366 ft: 414 corp: 95/239b lim: 4 exec/s: 0 rss: 1089Mb L: 4/4 MS: 10 CopyPart-Custom-CopyPart-Custom-CopyPart-Custom-ShuffleBytes-Custom-ChangeBinInt-Custom-
#435	REDUCE cov: 366 ft: 414 corp: 95/238b lim: 4 exec/s: 0 rss: 1089Mb L: 1/4 MS: 2 EraseBytes-Custom-
#436	NEW    cov: 367 ft: 415 corp: 96/239b lim: 4 exec/s: 0 rss: 1089Mb L: 1/4 MS: 2 CrossOver-Custom-
#437	NEW    cov: 370 ft: 418 corp: 97/240b lim: 4 exec/s: 0 rss: 1089Mb L: 1/4 MS: 2 ChangeBit-Custom-
#447	NEW    cov: 370 ft: 421 corp: 98/244b lim: 4 exec/s: 0 rss: 1089Mb L: 4/4 MS: 10 ChangeBit-Custom-PersAutoDict-Custom-CrossOver-Custom-ChangeBinInt-Custom-CopyPart-Custom- DE: "\000\227"-
#451	NEW    cov: 371 ft: 422 corp: 99/248b lim: 4 exec/s: 0 rss: 1089Mb L: 4/4 MS: 8 CopyPart-Custom-ChangeBit-Custom-PersAutoDict-Custom-CMP-Custom- DE: "\000\227"-"\377\377\377\377"-
#452	NEW    cov: 372 ft: 423 corp: 100/251b lim: 4 exec/s: 0 rss: 1089Mb L: 3/4 MS: 2 EraseBytes-Custom-
#458	NEW    cov: 375 ft: 426 corp: 101/252b lim: 4 exec/s: 0 rss: 1089Mb L: 1/4 MS: 2 ChangeByte-Custom-
#484	NEW    cov: 376 ft: 427 corp: 102/253b lim: 4 exec/s: 0 rss: 1089Mb L: 1/4 MS: 2 ChangeBit-Custom-
#499	NEW    cov: 377 ft: 428 corp: 103/255b lim: 4 exec/s: 0 rss: 1089Mb L: 2/4 MS: 10 ShuffleBytes-Custom-ChangeByte-Custom-CrossOver-Custom-ChangeASCIIInt-Custom-InsertByte-Custom-
#506	NEW    cov: 379 ft: 430 corp: 104/259b lim: 4 exec/s: 0 rss: 1089Mb L: 4/4 MS: 4 ShuffleBytes-Custom-ShuffleBytes-Custom-
#514	NEW    cov: 382 ft: 433 corp: 105/261b lim: 4 exec/s: 0 rss: 1089Mb L: 2/4 MS: 6 ChangeByte-Custom-ChangeBit-Custom-ChangeByte-Custom-
#515	REDUCE cov: 382 ft: 433 corp: 105/260b lim: 4 exec/s: 0 rss: 1089Mb L: 3/4 MS: 2 EraseBytes-Custom-
#516	REDUCE cov: 382 ft: 433 corp: 105/259b lim: 4 exec/s: 0 rss: 1089Mb L: 1/4 MS: 2 EraseBytes-Custom-
#524	NEW    cov: 385 ft: 436 corp: 106/263b lim: 4 exec/s: 0 rss: 1089Mb L: 4/4 MS: 6 ChangeByte-Custom-PersAutoDict-Custom-ChangeBit-Custom- DE: "\000\227"-
#528	NEW    cov: 388 ft: 439 corp: 107/267b lim: 4 exec/s: 0 rss: 1089Mb L: 4/4 MS: 8 InsertByte-Custom-CrossOver-Custom-ChangeByte-Custom-InsertByte-Custom-
#540	NEW    cov: 390 ft: 441 corp: 108/268b lim: 4 exec/s: 0 rss: 1089Mb L: 1/4 MS: 4 CopyPart-Custom-ChangeByte-Custom-
#545	NEW    cov: 393 ft: 444 corp: 109/269b lim: 4 exec/s: 0 rss: 1089Mb L: 1/4 MS: 10 ShuffleBytes-Custom-InsertByte-Custom-CopyPart-Custom-ChangeBit-Custom-CrossOver-Custom-
#546	NEW    cov: 394 ft: 445 corp: 110/270b lim: 4 exec/s: 0 rss: 1089Mb L: 1/4 MS: 2 ChangeByte-Custom-
#549	NEW    cov: 397 ft: 448 corp: 111/271b lim: 4 exec/s: 0 rss: 1089Mb L: 1/4 MS: 6 EraseBytes-Custom-EraseBytes-Custom-ChangeBit-Custom-
#555	NEW    cov: 401 ft: 452 corp: 112/272b lim: 4 exec/s: 0 rss: 1089Mb L: 1/4 MS: 2 EraseBytes-Custom-
#558	NEW    cov: 405 ft: 456 corp: 113/275b lim: 4 exec/s: 0 rss: 1089Mb L: 3/4 MS: 6 CMP-Custom-ChangeBit-Custom-ChangeBit-Custom- DE: "\226\000"-
#567	NEW    cov: 409 ft: 464 corp: 114/279b lim: 4 exec/s: 0 rss: 1089Mb L: 4/4 MS: 8 ShuffleBytes-Custom-InsertByte-Custom-ChangeBit-Custom-CopyPart-Custom-
#568	NEW    cov: 409 ft: 467 corp: 115/282b lim: 4 exec/s: 0 rss: 1089Mb L: 3/4 MS: 2 ChangeByte-Custom-
#569	REDUCE cov: 420 ft: 478 corp: 116/283b lim: 4 exec/s: 0 rss: 1089Mb L: 1/4 MS: 2 ChangeByte-Custom-
INFO: #585	REDUCE cov: 420 ft: 478 corp: 116/282b lim: 4 exec/s: 0 rss: 1089Mb L: 1/4 MS: 2 EraseBytes-Custom-
Instrumented org.apache.commons.lang3.ArrayUtils (took 602 ms, size +22%)
#598	REDUCE cov: 421 ft: 479 corp: 117/283b lim: 4 exec/s: 0 rss: 1089Mb L: 1/4 MS: 6 CrossOver-Custom-EraseBytes-Custom-ChangeBinInt-Custom-
#599	REDUCE cov: 421 ft: 479 corp: 117/282b lim: 4 exec/s: 0 rss: 1089Mb L: 3/4 MS: 2 EraseBytes-Custom-
#603	NEW    cov: 422 ft: 480 corp: 118/284b lim: 4 exec/s: 0 rss: 1089Mb L: 2/4 MS: 8 CrossOver-Custom-CrossOver-Custom-ChangeBit-Custom-ChangeByte-Custom-
#605	NEW    cov: 427 ft: 485 corp: 119/287b lim: 4 exec/s: 0 rss: 1089Mb L: 3/4 MS: 4 CopyPart-Custom-InsertByte-Custom-
#611	REDUCE cov: 427 ft: 485 corp: 119/286b lim: 4 exec/s: 0 rss: 1089Mb L: 2/4 MS: 2 EraseBytes-Custom-
#616	NEW    cov: 428 ft: 486 corp: 120/290b lim: 4 exec/s: 0 rss: 1089Mb L: 4/4 MS: 10 ShuffleBytes-Custom-CopyPart-Custom-ChangeByte-Custom-ShuffleBytes-Custom-CrossOver-Custom-
#647	REDUCE cov: 431 ft: 489 corp: 121/291b lim: 4 exec/s: 0 rss: 1089Mb L: 1/4 MS: 2 ChangeByte-Custom-
#650	NEW    cov: 436 ft: 494 corp: 122/293b lim: 4 exec/s: 0 rss: 1089Mb L: 2/4 MS: 6 CopyPart-Custom-ShuffleBytes-Custom-InsertByte-Custom-
MS: 4 EraseBytes-Custom-InsertByte-Custom-; base unit: c9bfbe64275bcba0830b38505b7cdb1f72fe6713
0x2c,0xc6,0xef,
,\306\357
artifact_prefix='/tmp/bugrun/lang_10.d3l6sX/'; Test unit written to /tmp/bugrun/lang_10.d3l6sX/crash-11e96ce1c4bec1b5ad6bb23a5f2a7b367fc8089f
Base64: LMbv
Done 652 runs in 1 second(s)
DEDUP_TOKEN: f0fa76eb68098a87
[ERROR] Tests run: 2, Failures: 0, Errors: 1, Skipped: 0, Time elapsed: 11.35 s <<< FAILURE! -- in com.example.algorithm2.Algorithm2Test
[ERROR] com.example.algorithm2.Algorithm2Test.testParameterizedFuzzer(FuzzedDataProvider)[2] -- Time elapsed: 1.400 s <<< ERROR!
java.lang.IllegalArgumentException: Minimum abbreviation width is 4
	at org.apache.commons.lang3.StringUtils.abbreviate(StringUtils.java:5625)
	at org.apache.commons.lang3.StringUtils.abbreviate(StringUtils.java:5582)
	at java.base/jdk.internal.reflect.NativeMethodAccessorImpl.invoke0(Native Method)
	at java.base/jdk.internal.reflect.NativeMethodAccessorImpl.invoke(NativeMethodAccessorImpl.java:62)
	at java.base/jdk.internal.reflect.DelegatingMethodAccessorImpl.invoke(DelegatingMethodAccessorImpl.java:43)
	at java.base/java.lang.reflect.Method.invoke(Method.java:566)
	at com.example.algorithm2.Algorithm2Test.testParameterizedFuzzer(Algorithm2Test.java:226)

[INFO] 
[INFO] Results:
[INFO] 
[ERROR] Errors: 
[ERROR]   Algorithm2Test.testParameterizedFuzzer:226 » IllegalArgument Minimum abbreviation width is 4
[INFO] 
[ERROR] Tests run: 2, Failures: 0, Errors: 1, Skipped: 0
[INFO] 
[ERROR] 

Please refer to /tmp/bugrun/lang_10.d3l6sX/target/surefire-reports for the individual test results.
Please refer to dump files (if any exist) [date].dump, [date]-jvmRun[N].dump and [date].dumpstream.
[INFO] 
[INFO] --- jacoco:0.8.11:report (default-cli) @ AlgorithmName2 ---
[INFO] Loading execution data file /tmp/bugrun/lang_10.d3l6sX/target/jacoco.exec
[INFO] Analyzed bundle 'AlgorithmName2' with 158 classes
[INFO] ------------------------------------------------------------------------
[INFO] BUILD SUCCESS
[INFO] ------------------------------------------------------------------------
[INFO] Total time:  22.343 s
[INFO] Finished at: 2026-10-06T02:06:32+07:00
[INFO] ------------------------------------------------------------------------
