[INFO] Scanning for projects...
[INFO] 
[INFO] ---------------------< com.example:AlgorithmName2 >---------------------
[INFO] Building AlgorithmName2 1.0-SNAPSHOT
[INFO]   from pom.xml
[INFO] --------------------------------[ jar ]---------------------------------
[INFO] 
[INFO] --- jacoco:0.8.11:prepare-agent (default) @ AlgorithmName2 ---
[INFO] argLine set to -javaagent:/home/kanyaphak673380391-3/.m2/repository/org/jacoco/org.jacoco.agent/0.8.11/org.jacoco.agent-0.8.11-runtime.jar=destfile=/tmp/bugrun/math_19.uI5U0I/target/jacoco.exec
[INFO] 
[INFO] --- resources:3.4.0:resources (default-resources) @ AlgorithmName2 ---
[INFO] Copying 1 resource from src/main/resources to target/classes
[INFO] 
[INFO] --- compiler:3.15.0:compile (default-compile) @ AlgorithmName2 ---
[INFO] Recompiling the module because of changed source code.
[INFO] Compiling 1 source file with javac [debug target 1.8] to target/classes
[WARNING] bootstrap class path not set in conjunction with -source 8
[INFO] 
[INFO] --- dependency:3.6.0:unpack-dependencies (unpack-defects4j) @ AlgorithmName2 ---
[INFO] 
[INFO] --- resources:3.4.0:testResources (default-testResources) @ AlgorithmName2 ---
[INFO] skip non existing resourceDirectory /tmp/bugrun/math_19.uI5U0I/src/test/resources
[INFO] 
[INFO] --- compiler:3.15.0:testCompile (default-testCompile) @ AlgorithmName2 ---
[INFO] Recompiling the module because of changed dependency.
[INFO] Compiling 1 source file with javac [debug target 1.8] to target/test-classes
[WARNING] bootstrap class path not set in conjunction with -source 8
[INFO] 
[INFO] --- surefire:3.1.2:test (default-cli) @ AlgorithmName2 ---
[INFO] Using auto detected provider org.apache.maven.surefire.junitplatform.JUnitPlatformProvider
[INFO] 
[INFO] -------------------------------------------------------
[INFO]  T E S T S
[INFO] -------------------------------------------------------
[INFO] Running com.example.algorithm2.Algorithm2Test
OpenJDK 64-Bit Server VM warning: Sharing is only supported for boot loader classes because bootstrap classpath has been appended
INFO: Loaded 284 hooks from com.code_intelligence.jazzer.runtime.TraceCmpHooks
INFO: Loaded 5 hooks from com.code_intelligence.jazzer.runtime.TraceDivHooks
INFO: Loaded 2 hooks from com.code_intelligence.jazzer.runtime.TraceIndirHooks
INFO: Loaded 4 hooks from com.code_intelligence.jazzer.runtime.NativeLibHooks
INFO: Loaded 2 hooks from com.code_intelligence.jazzer.sanitizers.ClojureLangHooks
INFO: Loaded 5 hooks from com.code_intelligence.jazzer.sanitizers.Deserialization
INFO: Loaded 5 hooks from com.code_intelligence.jazzer.sanitizers.ExpressionLanguageInjection
INFO: Loaded 70 hooks from com.code_intelligence.jazzer.sanitizers.LdapInjection
INFO: Loaded 46 hooks from com.code_intelligence.jazzer.sanitizers.NamingContextLookup
INFO: Loaded 1 hooks from com.code_intelligence.jazzer.sanitizers.OsCommandInjection
INFO: Loaded 52 hooks from com.code_intelligence.jazzer.sanitizers.ReflectiveCall
INFO: Loaded 8 hooks from com.code_intelligence.jazzer.sanitizers.RegexInjection
INFO: Loaded 16 hooks from com.code_intelligence.jazzer.sanitizers.RegexRoadblocks
INFO: Loaded 18 hooks from com.code_intelligence.jazzer.sanitizers.ScriptEngineInjection
INFO: Loaded 2 hooks from com.code_intelligence.jazzer.sanitizers.ServerSideRequestForgery
INFO: Loaded 19 hooks from com.code_intelligence.jazzer.sanitizers.SqlInjection
INFO: Loaded 6 hooks from com.code_intelligence.jazzer.sanitizers.XPathInjection
INFO: Instrumented com.example.algorithm2.Algorithm2Test$Skip (took 271 ms, size +44%)
INFO: Instrumented com.example.algorithm2.Algorithm2Test (took 164 ms, size +27%)
INFO: New number of coverage counters: 1024
INFO: Instrumented org.apache.commons.math3.util.Precision (took 159 ms, size +26%)
INFO: Instrumented org.apache.commons.math3.exception.MathArithmeticException (took 21 ms, size +24%)
INFO: Instrumented org.apache.commons.math3.exception.util.ExceptionContextProvider (took 2 ms, size +0%)
INFO: Instrumented org.apache.commons.math3.exception.util.Localizable (took 1 ms, size +0%)
INFO: Instrumented org.apache.commons.math3.exception.MathIllegalArgumentException (took 7 ms, size +27%)
[harness] target=org.apache.commons.math3.util.Precision factories=1 methods=20
INFO: New number of coverage counters: 2048
INFO: Instrumented org.apache.commons.math3.util.FastMath (took 115 ms, size +16%)
INFO: found LLVMFuzzerCustomMutator (0x7030b0466cd0). Disabling -len_control by default.
INFO: Running with entropic power schedule (0xFF, 100).
INFO: Seed: 413944799
INFO: using inputs from: /tmp/bugrun/math_19.uI5U0I/.cifuzz-corpus/com.example.algorithm2.Algorithm2Test/testParameterizedFuzzer
INFO: using inputs from: /tmp/jazzer-java-seeds4891205760164433521
INFO: Loaded 3 modules   (2048 inline 8-bit counters): 512 [0x703130b76960, 0x703130b76b60), 512 [0x703130b76b60, 0x703130b76d60), 1024 [0x703130b76d60, 0x703130b77160), 
INFO: Loaded 3 PC tables (2048 PCs): 512 [0x703130ada9d0,0x703130adc9d0), 512 [0x7031304e9040,0x7031304eb040), 1024 [0x703130727650,0x70313072b650), 
INFO:        0 files found in /tmp/bugrun/math_19.uI5U0I/.cifuzz-corpus/com.example.algorithm2.Algorithm2Test/testParameterizedFuzzer
INFO:        0 files found in /tmp/jazzer-java-seeds4891205760164433521
INFO: -max_len is not provided; libFuzzer will not generate inputs larger than 4096 bytes
INFO: A corpus is not provided, starting from an empty corpus
#2	INITED cov: 45 ft: 45 corp: 1/1b exec/s: 0 rss: 850Mb
#3	NEW    cov: 59 ft: 67 corp: 2/2b lim: 4 exec/s: 0 rss: 850Mb L: 1/1 MS: 2 ChangeBit-Custom-
#4	NEW    cov: 64 ft: 84 corp: 3/3b lim: 4 exec/s: 0 rss: 850Mb L: 1/1 MS: 2 ChangeByte-Custom-
#12	NEW    cov: 72 ft: 92 corp: 4/5b lim: 4 exec/s: 0 rss: 850Mb L: 2/2 MS: 6 ShuffleBytes-Custom-ShuffleBytes-Custom-InsertByte-Custom-
#13	NEW    cov: 89 ft: 109 corp: 5/6b lim: 4 exec/s: 0 rss: 850Mb L: 1/2 MS: 2 ChangeByte-Custom-
#16	NEW    cov: 93 ft: 115 corp: 6/7b lim: 4 exec/s: 0 rss: 850Mb L: 1/2 MS: 6 ChangeByte-Custom-ChangeByte-Custom-ChangeBit-Custom-
#19	NEW    cov: 103 ft: 125 corp: 7/9b lim: 4 exec/s: 0 rss: 850Mb L: 2/2 MS: 6 ShuffleBytes-Custom-ShuffleBytes-Custom-InsertByte-Custom-
#23	NEW    cov: 105 ft: 127 corp: 8/11b lim: 4 exec/s: 0 rss: 850Mb L: 2/2 MS: 8 CopyPart-Custom-ShuffleBytes-Custom-ChangeBit-Custom-InsertByte-Custom-
#28	NEW    cov: 105 ft: 129 corp: 9/12b lim: 4 exec/s: 0 rss: 850Mb L: 1/2 MS: 10 ChangeASCIIInt-Custom-ShuffleBytes-Custom-ChangeByte-Custom-CopyPart-Custom-ChangeByte-Custom-
#29	NEW    cov: 114 ft: 138 corp: 10/13b lim: 4 exec/s: 0 rss: 850Mb L: 1/2 MS: 2 ChangeBit-Custom-
#34	NEW    cov: 116 ft: 140 corp: 11/17b lim: 4 exec/s: 0 rss: 850Mb L: 4/4 MS: 10 ShuffleBytes-Custom-ChangeBit-Custom-InsertByte-Custom-ChangeByte-Custom-InsertByte-Custom-
#37	NEW    cov: 117 ft: 141 corp: 12/19b lim: 4 exec/s: 0 rss: 850Mb L: 2/4 MS: 6 ChangeByte-Custom-ChangeBit-Custom-CrossOver-Custom-
#38	NEW    cov: 122 ft: 146 corp: 13/21b lim: 4 exec/s: 0 rss: 850Mb L: 2/4 MS: 2 CMP-Custom- DE: "\003\000"-
#39	NEW    cov: 123 ft: 147 corp: 14/23b lim: 4 exec/s: 0 rss: 850Mb L: 2/4 MS: 2 CrossOver-Custom-
#46	NEW    cov: 125 ft: 149 corp: 15/25b lim: 4 exec/s: 0 rss: 850Mb L: 2/4 MS: 4 ChangeBit-Custom-CopyPart-Custom-
#57	NEW    cov: 127 ft: 151 corp: 16/27b lim: 4 exec/s: 0 rss: 850Mb L: 2/4 MS: 2 InsertByte-Custom-
#60	REDUCE cov: 127 ft: 151 corp: 16/26b lim: 4 exec/s: 0 rss: 850Mb L: 1/4 MS: 6 ShuffleBytes-Custom-ShuffleBytes-Custom-EraseBytes-Custom-
#63	NEW    cov: 132 ft: 156 corp: 17/29b lim: 4 exec/s: 0 rss: 850Mb L: 3/4 MS: 6 InsertByte-Custom-ChangeByte-Custom-InsertByte-Custom-
#67	NEW    cov: 132 ft: 158 corp: 18/33b lim: 4 exec/s: 0 rss: 850Mb L: 4/4 MS: 8 PersAutoDict-Custom-InsertByte-Custom-ChangeByte-Custom-CopyPart-Custom- DE: "\003\000"-
#113	NEW    cov: 134 ft: 160 corp: 19/35b lim: 4 exec/s: 0 rss: 850Mb L: 2/4 MS: 2 ChangeBit-Custom-
#115	REDUCE cov: 134 ft: 160 corp: 19/34b lim: 4 exec/s: 0 rss: 850Mb L: 3/4 MS: 4 CopyPart-Custom-EraseBytes-Custom-
#116	NEW    cov: 140 ft: 168 corp: 20/36b lim: 4 exec/s: 0 rss: 850Mb L: 2/4 MS: 2 ChangeBit-Custom-
#121	NEW    cov: 142 ft: 170 corp: 21/40b lim: 4 exec/s: 0 rss: 850Mb L: 4/4 MS: 10 ChangeBinInt-Custom-CrossOver-Custom-ShuffleBytes-Custom-CrossOver-Custom-ChangeByte-Custom-
#122	NEW    cov: 143 ft: 171 corp: 22/43b lim: 4 exec/s: 0 rss: 850Mb L: 3/4 MS: 2 InsertByte-Custom-
#127	NEW    cov: 147 ft: 175 corp: 23/45b lim: 4 exec/s: 0 rss: 850Mb L: 2/4 MS: 10 EraseBytes-Custom-ShuffleBytes-Custom-ChangeBit-Custom-CopyPart-Custom-ChangeBinInt-Custom-
#133	NEW    cov: 151 ft: 179 corp: 24/46b lim: 4 exec/s: 0 rss: 850Mb L: 1/4 MS: 2 ChangeASCIIInt-Custom-
#139	NEW    cov: 152 ft: 180 corp: 25/48b lim: 4 exec/s: 0 rss: 850Mb L: 2/4 MS: 2 CrossOver-Custom-
#173	NEW    cov: 153 ft: 181 corp: 26/51b lim: 4 exec/s: 0 rss: 850Mb L: 3/4 MS: 8 ChangeBit-Custom-CopyPart-Custom-EraseBytes-Custom-InsertByte-Custom-
#176	NEW    cov: 155 ft: 183 corp: 27/52b lim: 4 exec/s: 0 rss: 850Mb L: 1/4 MS: 6 ChangeBit-Custom-EraseBytes-Custom-ChangeBinInt-Custom-
#193	NEW    cov: 157 ft: 185 corp: 28/53b lim: 4 exec/s: 0 rss: 850Mb L: 1/4 MS: 4 ChangeByte-Custom-ChangeBinInt-Custom-
#238	NEW    cov: 158 ft: 186 corp: 29/55b lim: 4 exec/s: 0 rss: 850Mb L: 2/4 MS: 10 PersAutoDict-Custom-CrossOver-Custom-ChangeBinInt-Custom-ShuffleBytes-Custom-CrossOver-Custom- DE: "\003\000"-
#274	NEW    cov: 160 ft: 188 corp: 30/57b lim: 4 exec/s: 0 rss: 850Mb L: 2/4 MS: 2 ChangeBit-Custom-
#315	REDUCE cov: 160 ft: 188 corp: 30/56b lim: 4 exec/s: 0 rss: 850Mb L: 3/4 MS: 2 EraseBytes-Custom-
#320	NEW    cov: 165 ft: 193 corp: 31/59b lim: 4 exec/s: 0 rss: 850Mb L: 3/4 MS: 10 ChangeBit-Custom-InsertByte-Custom-ChangeByte-Custom-ChangeBit-Custom-ChangeASCIIInt-Custom-
#326	NEW    cov: 167 ft: 195 corp: 32/62b lim: 4 exec/s: 0 rss: 850Mb L: 3/4 MS: 2 PersAutoDict-Custom- DE: "\003\000"-
#350	NEW    cov: 168 ft: 196 corp: 33/63b lim: 4 exec/s: 0 rss: 850Mb L: 1/4 MS: 8 ChangeByte-Custom-ChangeBinInt-Custom-ChangeByte-Custom-ChangeByte-Custom-
#379	NEW    cov: 169 ft: 197 corp: 34/67b lim: 4 exec/s: 0 rss: 850Mb L: 4/4 MS: 8 ChangeBit-Custom-PersAutoDict-Custom-PersAutoDict-Custom-ChangeBinInt-Custom- DE: "\003\000"-"\003\000"-
#440	NEW    cov: 170 ft: 198 corp: 35/70b lim: 4 exec/s: 0 rss: 850Mb L: 3/4 MS: 2 CMP-Custom- DE: "\000\030"-
#447	REDUCE cov: 170 ft: 198 corp: 35/69b lim: 4 exec/s: 0 rss: 850Mb L: 2/4 MS: 4 InsertByte-Custom-EraseBytes-Custom-
#479	REDUCE cov: 170 ft: 198 corp: 35/68b lim: 4 exec/s: 0 rss: 850Mb L: 2/4 MS: 4 ShuffleBytes-Custom-EraseBytes-Custom-
#514	NEW    cov: 171 ft: 199 corp: 36/70b lim: 4 exec/s: 0 rss: 850Mb L: 2/4 MS: 10 CrossOver-Custom-ShuffleBytes-Custom-ChangeByte-Custom-EraseBytes-Custom-CrossOver-Custom-
#527	NEW    cov: 172 ft: 200 corp: 37/72b lim: 4 exec/s: 0 rss: 850Mb L: 2/4 MS: 6 CrossOver-Custom-EraseBytes-Custom-CrossOver-Custom-
#548	NEW    cov: 172 ft: 201 corp: 38/76b lim: 4 exec/s: 0 rss: 850Mb L: 4/4 MS: 2 CopyPart-Custom-
#610	NEW    cov: 173 ft: 202 corp: 39/78b lim: 4 exec/s: 0 rss: 850Mb L: 2/4 MS: 4 ShuffleBytes-Custom-ChangeASCIIInt-Custom-
#735	NEW    cov: 174 ft: 203 corp: 40/82b lim: 4 exec/s: 0 rss: 850Mb L: 4/4 MS: 10 EraseBytes-Custom-CrossOver-Custom-ChangeByte-Custom-ChangeBinInt-Custom-CrossOver-Custom-
#851	REDUCE cov: 174 ft: 203 corp: 40/81b lim: 4 exec/s: 0 rss: 850Mb L: 2/4 MS: 2 EraseBytes-Custom-
#976	NEW    cov: 175 ft: 204 corp: 41/84b lim: 4 exec/s: 0 rss: 850Mb L: 3/4 MS: 10 ShuffleBytes-Custom-ChangeBinInt-Custom-ChangeByte-Custom-ChangeByte-Custom-ChangeBit-Custom-
#990	REDUCE cov: 175 ft: 204 corp: 41/82b lim: 4 exec/s: 0 rss: 850Mb L: 2/4 MS: 8 ChangeBinInt-Custom-CopyPart-Custom-ChangeBinInt-Custom-EraseBytes-Custom-
#1027	REDUCE cov: 175 ft: 204 corp: 41/81b lim: 4 exec/s: 0 rss: 850Mb L: 2/4 MS: 4 ChangeBit-Custom-EraseBytes-Custom-
#1124	NEW    cov: 176 ft: 205 corp: 42/83b lim: 4 exec/s: 0 rss: 850Mb L: 2/4 MS: 4 InsertByte-Custom-EraseBytes-Custom-
#1125	NEW    cov: 179 ft: 208 corp: 43/85b lim: 4 exec/s: 0 rss: 850Mb L: 2/4 MS: 2 ChangeBit-Custom-
#1553	NEW    cov: 186 ft: 215 corp: 44/93b lim: 8 exec/s: 0 rss: 850Mb L: 8/8 MS: 6 CrossOver-Custom-ChangeByte-Custom-InsertRepeatedBytes-Custom-
#1563	NEW    cov: 187 ft: 216 corp: 45/99b lim: 8 exec/s: 0 rss: 850Mb L: 6/8 MS: 10 CopyPart-Custom-PersAutoDict-Custom-CrossOver-Custom-InsertByte-Custom-InsertByte-Custom- DE: "\000\030"-
#1628	NEW    cov: 188 ft: 217 corp: 46/107b lim: 8 exec/s: 0 rss: 850Mb L: 8/8 MS: 10 ShuffleBytes-Custom-PersAutoDict-Custom-ChangeBit-Custom-EraseBytes-Custom-InsertRepeatedBytes-Custom- DE: "\000\030"-
#1985	NEW    cov: 189 ft: 220 corp: 47/117b lim: 11 exec/s: 0 rss: 850Mb L: 10/10 MS: 4 ChangeByte-Custom-InsertRepeatedBytes-Custom-
#2020	REDUCE cov: 190 ft: 222 corp: 48/128b lim: 11 exec/s: 0 rss: 850Mb L: 11/11 MS: 10 ChangeByte-Custom-ChangeBit-Custom-InsertRepeatedBytes-Custom-ChangeBinInt-Custom-ShuffleBytes-Custom-
#2126	REDUCE cov: 190 ft: 222 corp: 48/126b lim: 11 exec/s: 0 rss: 850Mb L: 2/11 MS: 2 EraseBytes-Custom-
#2138	NEW    cov: 190 ft: 223 corp: 49/136b lim: 11 exec/s: 0 rss: 850Mb L: 10/11 MS: 4 PersAutoDict-Custom-ChangeBinInt-Custom- DE: "\003\000"-
#2256	REDUCE cov: 190 ft: 223 corp: 49/135b lim: 11 exec/s: 0 rss: 850Mb L: 2/11 MS: 6 ShuffleBytes-Custom-EraseBytes-Custom-ChangeByte-Custom-
#2258	NEW    cov: 191 ft: 224 corp: 50/137b lim: 11 exec/s: 0 rss: 850Mb L: 2/11 MS: 4 ChangeBinInt-Custom-CrossOver-Custom-
#2331	REDUCE cov: 191 ft: 226 corp: 51/148b lim: 11 exec/s: 0 rss: 850Mb L: 11/11 MS: 6 CopyPart-Custom-InsertRepeatedBytes-Custom-ChangeBinInt-Custom-
#2335	NEW    cov: 552 ft: 588 corp: 52/159b lim: 11 exec/s: 0 rss: 850Mb L: 11/11 MS: 8 CrossOver-Custom-ChangeBinInt-Custom-ShuffleBytes-Custom-CopyPart-Custom-
#2336	NEW    cov: 554 ft: 591 corp: 53/170b lim: 11 exec/s: 0 rss: 850Mb L: 11/11 MS: 2 ChangeASCIIInt-Custom-
#2518	REDUCE cov: 554 ft: 592 corp: 54/179b lim: 11 exec/s: 0 rss: 850Mb L: 9/11 MS: 4 InsertByte-Custom-CrossOver-Custom-
#2626	REDUCE cov: 554 ft: 592 corp: 54/177b lim: 11 exec/s: 0 rss: 850Mb L: 1/11 MS: 6 EraseBytes-Custom-ChangeByte-Custom-EraseBytes-Custom-
#2710	REDUCE cov: 554 ft: 592 corp: 54/176b lim: 11 exec/s: 0 rss: 850Mb L: 5/11 MS: 8 ChangeByte-Custom-ShuffleBytes-Custom-ChangeASCIIInt-Custom-EraseBytes-Custom-
#2771	NEW    cov: 554 ft: 594 corp: 55/186b lim: 11 exec/s: 0 rss: 850Mb L: 10/11 MS: 2 ChangeByte-Custom-
#2927	NEW    cov: 554 ft: 606 corp: 56/197b lim: 11 exec/s: 0 rss: 850Mb L: 11/11 MS: 2 InsertByte-Custom-
#2963	NEW    cov: 557 ft: 609 corp: 57/208b lim: 11 exec/s: 0 rss: 850Mb L: 11/11 MS: 2 ChangeBinInt-Custom-
#3024	NEW    cov: 557 ft: 611 corp: 58/219b lim: 11 exec/s: 0 rss: 850Mb L: 11/11 MS: 2 CopyPart-Custom-
#3082	REDUCE cov: 557 ft: 611 corp: 58/218b lim: 11 exec/s: 0 rss: 850Mb L: 1/11 MS: 6 ChangeByte-Custom-ChangeBinInt-Custom-EraseBytes-Custom-
#3112	NEW    cov: 557 ft: 612 corp: 59/229b lim: 11 exec/s: 0 rss: 850Mb L: 11/11 MS: 10 ShuffleBytes-Custom-CopyPart-Custom-ChangeBit-Custom-ChangeBit-Custom-ShuffleBytes-Custom-
#3165	REDUCE cov: 557 ft: 612 corp: 59/228b lim: 11 exec/s: 0 rss: 850Mb L: 10/11 MS: 6 ChangeASCIIInt-Custom-PersAutoDict-Custom-EraseBytes-Custom- DE: "\003\000"-
#3493	REDUCE cov: 557 ft: 612 corp: 59/227b lim: 14 exec/s: 0 rss: 850Mb L: 2/11 MS: 6 PersAutoDict-Custom-EraseBytes-Custom-EraseBytes-Custom- DE: "\000\030"-
#3701	REDUCE cov: 558 ft: 613 corp: 60/239b lim: 14 exec/s: 0 rss: 850Mb L: 12/12 MS: 6 InsertByte-Custom-ChangeByte-Custom-InsertRepeatedBytes-Custom-
#3735	NEW    cov: 558 ft: 619 corp: 61/249b lim: 14 exec/s: 0 rss: 850Mb L: 10/12 MS: 8 ShuffleBytes-Custom-ShuffleBytes-Custom-ChangeByte-Custom-ChangeBinInt-Custom-
#3787	REDUCE cov: 558 ft: 619 corp: 61/248b lim: 14 exec/s: 0 rss: 850Mb L: 1/12 MS: 4 ShuffleBytes-Custom-EraseBytes-Custom-
#3934	REDUCE cov: 559 ft: 620 corp: 62/260b lim: 14 exec/s: 0 rss: 850Mb L: 12/12 MS: 4 InsertRepeatedBytes-Custom-InsertByte-Custom-
#3967	NEW    cov: 560 ft: 621 corp: 63/272b lim: 14 exec/s: 0 rss: 850Mb L: 12/12 MS: 6 EraseBytes-Custom-InsertByte-Custom-PersAutoDict-Custom- DE: "\000\030"-
#4022	NEW    cov: 560 ft: 622 corp: 64/284b lim: 14 exec/s: 0 rss: 850Mb L: 12/12 MS: 10 ChangeASCIIInt-Custom-ChangeByte-Custom-CrossOver-Custom-ChangeASCIIInt-Custom-InsertRepeatedBytes-Custom-
#4164	NEW    cov: 560 ft: 624 corp: 65/298b lim: 14 exec/s: 0 rss: 850Mb L: 14/14 MS: 4 InsertByte-Custom-PersAutoDict-Custom- DE: "\000\030"-
#4247	NEW    cov: 560 ft: 627 corp: 66/312b lim: 14 exec/s: 0 rss: 850Mb L: 14/14 MS: 6 PersAutoDict-Custom-ChangeBinInt-Custom-InsertByte-Custom- DE: "\003\000"-
#4548	NEW    cov: 560 ft: 631 corp: 67/323b lim: 14 exec/s: 0 rss: 850Mb L: 11/14 MS: 2 ChangeBinInt-Custom-
#4645	NEW    cov: 560 ft: 635 corp: 68/335b lim: 14 exec/s: 0 rss: 850Mb L: 12/14 MS: 4 PersAutoDict-Custom-CrossOver-Custom- DE: "\003\000"-
#4731	REDUCE cov: 560 ft: 636 corp: 69/348b lim: 14 exec/s: 0 rss: 850Mb L: 13/14 MS: 2 InsertRepeatedBytes-Custom-
#4824	NEW    cov: 560 ft: 637 corp: 70/362b lim: 14 exec/s: 0 rss: 850Mb L: 14/14 MS: 6 ChangeBit-Custom-CrossOver-Custom-CrossOver-Custom-
#4965	NEW    cov: 560 ft: 638 corp: 71/373b lim: 14 exec/s: 0 rss: 850Mb L: 11/14 MS: 2 ShuffleBytes-Custom-
#4992	REDUCE cov: 560 ft: 638 corp: 71/372b lim: 14 exec/s: 0 rss: 850Mb L: 4/14 MS: 4 ChangeASCIIInt-Custom-EraseBytes-Custom-
WARN: Some hooks could not be applied to class files built for Java 7 or lower.
                       Ensure that the fuzz target and its dependencies are compiled with
                       -target 8 or higher to identify as many bugs as possible.
INFO: Instrumented org.apache.commons.math3.exception.util.LocalizedFormats (took 21 ms, size +6%)
#5354	NEW    cov: 562 ft: 641 corp: 72/381b lim: 17 exec/s: 0 rss: 854Mb L: 9/14 MS: 4 EraseBytes-Custom-InsertByte-Custom-
INFO: #5455	REDUCE cov: 562 ft: 641 corp: 72/379b lim: 17 exec/s: 0 rss: 854Mb L: 9/14 MS: 2 EraseBytes-Custom-
Instrumented org.apache.commons.math3.exception.util.ExceptionContext (took 14 ms, size +24%)
INFO: Instrumented org.apache.commons.math3.exception.util.ArgUtils (took 3 ms, size +46%)
MS: 4 CrossOver-Custom-InsertRepeatedBytes-Custom-; base unit: 771cc8a4225768fa94d847e086fa0775ba669b1b
0x4,0x33,0xbe,0xbe,0xbe,0xbe,0xbe,0xbe,0xbe,0xbe,0xbe,0xbe,0xbe,0xbe,0xbe,0xbe,
\0043\276\276\276\276\276\276\276\276\276\276\276\276\276\276
artifact_prefix='/tmp/bugrun/math_19.uI5U0I/'; Test unit written to /tmp/bugrun/math_19.uI5U0I/crash-11eca64114fe0ca8f464c41783e6da5a830be115
Base64: BDO+vr6+vr6+vr6+vr6+vg==
Done 5542 runs in 0 second(s)
DEDUP_TOKEN: 200d3d06a27b1acb
[ERROR] Tests run: 2, Failures: 0, Errors: 1, Skipped: 0, Time elapsed: 6.492 s <<< FAILURE! -- in com.example.algorithm2.Algorithm2Test
[ERROR] com.example.algorithm2.Algorithm2Test.testParameterizedFuzzer(FuzzedDataProvider)[2] -- Time elapsed: 0.496 s <<< ERROR!
java.lang.IllegalArgumentException: Invalid rounding mode
	at java.base/java.math.BigDecimal.setScale(BigDecimal.java:2884)
	at org.apache.commons.math3.util.Precision.round(Precision.java:396)
	at jdk.internal.reflect.GeneratedMethodAccessor73.invoke(Unknown Source)
	at java.base/jdk.internal.reflect.DelegatingMethodAccessorImpl.invoke(DelegatingMethodAccessorImpl.java:43)
	at java.base/java.lang.reflect.Method.invoke(Method.java:566)
	at com.example.algorithm2.Algorithm2Test.testParameterizedFuzzer(Algorithm2Test.java:226)

[INFO] 
[INFO] Results:
[INFO] 
[ERROR] Errors: 
[ERROR]   Algorithm2Test.testParameterizedFuzzer:226 » IllegalArgument Invalid rounding mode
[INFO] 
[ERROR] Tests run: 2, Failures: 0, Errors: 1, Skipped: 0
[INFO] 
[ERROR] 

Please refer to /tmp/bugrun/math_19.uI5U0I/target/surefire-reports for the individual test results.
Please refer to dump files (if any exist) [date].dump, [date]-jvmRun[N].dump and [date].dumpstream.
[INFO] 
[INFO] --- jacoco:0.8.11:report (default-cli) @ AlgorithmName2 ---
[INFO] Loading execution data file /tmp/bugrun/math_19.uI5U0I/target/jacoco.exec
[INFO] Analyzed bundle 'AlgorithmName2' with 667 classes
[INFO] ------------------------------------------------------------------------
[INFO] BUILD SUCCESS
[INFO] ------------------------------------------------------------------------
[INFO] Total time:  15.940 s
[INFO] Finished at: 2026-10-06T03:55:06+07:00
[INFO] ------------------------------------------------------------------------
