[INFO] Scanning for projects...
[INFO] 
[INFO] ---------------------< com.example:AlgorithmName2 >---------------------
[INFO] Building AlgorithmName2 1.0-SNAPSHOT
[INFO]   from pom.xml
[INFO] --------------------------------[ jar ]---------------------------------
[INFO] 
[INFO] --- jacoco:0.8.11:prepare-agent (default) @ AlgorithmName2 ---
[INFO] argLine set to -javaagent:/home/kanyaphak673380391-3/.m2/repository/org/jacoco/org.jacoco.agent/0.8.11/org.jacoco.agent-0.8.11-runtime.jar=destfile=/tmp/bugrun/mockito_16.dFl1kX/target/jacoco.exec
[INFO] 
[INFO] --- resources:3.4.0:resources (default-resources) @ AlgorithmName2 ---
[INFO] Copying 1 resource from src/main/resources to target/classes
[INFO] 
[INFO] --- compiler:3.15.0:compile (default-compile) @ AlgorithmName2 ---
[INFO] Recompiling the module because of changed source code.
[INFO] Compiling 1 source file with javac [debug target 1.8] to target/classes
[WARNING] bootstrap class path not set in conjunction with -source 8
[INFO] 
[INFO] --- dependency:3.6.0:unpack-dependencies (unpack-defects4j) @ AlgorithmName2 ---
[INFO] 
[INFO] --- resources:3.4.0:testResources (default-testResources) @ AlgorithmName2 ---
[INFO] skip non existing resourceDirectory /tmp/bugrun/mockito_16.dFl1kX/src/test/resources
[INFO] 
[INFO] --- compiler:3.15.0:testCompile (default-testCompile) @ AlgorithmName2 ---
[INFO] Recompiling the module because of changed dependency.
[INFO] Compiling 1 source file with javac [debug target 1.8] to target/test-classes
[WARNING] bootstrap class path not set in conjunction with -source 8
[INFO] 
[INFO] --- surefire:3.1.2:test (default-cli) @ AlgorithmName2 ---
[INFO] Using auto detected provider org.apache.maven.surefire.junitplatform.JUnitPlatformProvider
[INFO] 
[INFO] -------------------------------------------------------
[INFO]  T E S T S
[INFO] -------------------------------------------------------
[INFO] Running com.example.algorithm2.Algorithm2Test
OpenJDK 64-Bit Server VM warning: Sharing is only supported for boot loader classes because bootstrap classpath has been appended
INFO: Loaded 281 hooks from com.code_intelligence.jazzer.runtime.TraceCmpHooks
INFO: Loaded 5 hooks from com.code_intelligence.jazzer.runtime.TraceDivHooks
INFO: Loaded 2 hooks from com.code_intelligence.jazzer.runtime.TraceIndirHooks
INFO: Loaded 4 hooks from com.code_intelligence.jazzer.runtime.NativeLibHooks
INFO: Loaded 2 hooks from com.code_intelligence.jazzer.sanitizers.ClojureLangHooks
INFO: Loaded 5 hooks from com.code_intelligence.jazzer.sanitizers.Deserialization
INFO: Loaded 5 hooks from com.code_intelligence.jazzer.sanitizers.ExpressionLanguageInjection
INFO: Loaded 70 hooks from com.code_intelligence.jazzer.sanitizers.LdapInjection
INFO: Loaded 46 hooks from com.code_intelligence.jazzer.sanitizers.NamingContextLookup
INFO: Loaded 1 hooks from com.code_intelligence.jazzer.sanitizers.OsCommandInjection
INFO: Loaded 56 hooks from com.code_intelligence.jazzer.sanitizers.ReflectiveCall
INFO: Loaded 8 hooks from com.code_intelligence.jazzer.sanitizers.RegexInjection
INFO: Loaded 16 hooks from com.code_intelligence.jazzer.sanitizers.RegexRoadblocks
INFO: Loaded 18 hooks from com.code_intelligence.jazzer.sanitizers.ScriptEngineInjection
INFO: Loaded 2 hooks from com.code_intelligence.jazzer.sanitizers.ServerSideRequestForgery
INFO: Loaded 19 hooks from com.code_intelligence.jazzer.sanitizers.SqlInjection
INFO: Loaded 6 hooks from com.code_intelligence.jazzer.sanitizers.XPathInjection
INFO: Instrumented com.example.algorithm2.Algorithm2Test$Skip (took 794 ms, size +44%)
INFO: Instrumented com.example.algorithm2.Algorithm2Test (took 459 ms, size +27%)
INFO: Instrumented org.mockito.internal.invocation.InvocationMatcher (took 224 ms, size +24%)
INFO: Instrumented org.mockito.exceptions.PrintableInvocation (took 11 ms, size +0%)
INFO: Instrumented org.mockito.internal.reporting.PrintingFriendlyInvocation (took 1 ms, size +0%)
INFO: Instrumented org.mockito.internal.invocation.CapturesArgumensFromInvocation (took 1 ms, size +0%)
INFO: New number of coverage counters: 1024
INFO: Instrumented org.mockito.internal.invocation.Invocation (took 299 ms, size +16%)
INFO: Instrumented org.mockito.invocation.InvocationOnMock (took 7 ms, size +0%)
INFO: Instrumented org.mockito.internal.invocation.MockitoMethod (took 1 ms, size +0%)
INFO: Instrumented org.mockito.internal.invocation.realmethod.RealMethod (took 2 ms, size +0%)
INFO: Instrumented org.mockito.internal.reporting.PrintSettings (took 46 ms, size +27%)
INFO: Instrumented org.mockito.internal.debugging.Location (took 125 ms, size +32%)
[harness] target=org.mockito.internal.invocation.InvocationMatcher factories=2 methods=10
INFO: Instrumented org.mockito.internal.exceptions.base.StackTraceFilter (took 46 ms, size +43%)
INFO: Instrumented org.mockito.internal.matchers.MatchersPrinter (took 18 ms, size +22%)
INFO: Instrumented org.mockito.internal.util.MockUtil (took 59 ms, size +13%)
INFO: Instrumented org.mockito.internal.MockitoInvocationHandler (took 13 ms, size +0%)
[harness] ignoring LinkageError: java.lang.NoClassDefFoundError: org/mockito/cglib/proxy/Callback
INFO: found LLVMFuzzerCustomMutator (0x7e0f4676bcd0). Disabling -len_control by default.
INFO: Running with entropic power schedule (0xFF, 100).
INFO: Seed: 1038403727
INFO: using inputs from: /tmp/bugrun/mockito_16.dFl1kX/.cifuzz-corpus/com.example.algorithm2.Algorithm2Test/testParameterizedFuzzer
INFO: using inputs from: /tmp/jazzer-java-seeds2676752605159061547
INFO: Loaded 2 modules   (1024 inline 8-bit counters): 512 [0x7e10489f4310, 0x7e10489f4510), 512 [0x7e10489f4510, 0x7e10489f4710), 
INFO: Loaded 2 PC tables (1024 PCs): 512 [0x7e104858bb10,0x7e104858db10), 512 [0x7e1048b534b0,0x7e1048b554b0), 
INFO:        0 files found in /tmp/bugrun/mockito_16.dFl1kX/.cifuzz-corpus/com.example.algorithm2.Algorithm2Test/testParameterizedFuzzer
INFO:        0 files found in /tmp/jazzer-java-seeds2676752605159061547
INFO: -max_len is not provided; libFuzzer will not generate inputs larger than 4096 bytes
INFO: A corpus is not provided, starting from an empty corpus
#2	INITED cov: 157 ft: 157 corp: 1/1b exec/s: 0 rss: 1464Mb
#3	NEW    cov: 161 ft: 193 corp: 2/2b lim: 4 exec/s: 0 rss: 1465Mb L: 1/1 MS: 2 ChangeByte-Custom-
#4	NEW    cov: 162 ft: 194 corp: 3/4b lim: 4 exec/s: 0 rss: 1465Mb L: 2/2 MS: 2 InsertByte-Custom-
#7	NEW    cov: 164 ft: 203 corp: 4/6b lim: 4 exec/s: 0 rss: 1465Mb L: 2/2 MS: 6 InsertByte-Custom-ChangeBinInt-Custom-EraseBytes-Custom-
MS: 10 CopyPart-Custom-ShuffleBytes-Custom-ChangeBit-Custom-ChangeBit-Custom-InsertByte-Custom-; base unit: e09358dcc031ebd57ea9f923462a67a115b220ba
0xc8,0xc8,0x2,
\310\310\002
artifact_prefix='/tmp/bugrun/mockito_16.dFl1kX/'; Test unit written to /tmp/bugrun/mockito_16.dFl1kX/crash-2feceaad72f2e164c2e11d7b05d6e5e9351f567e
Base64: yMgC
Done 12 runs in 0 second(s)
DEDUP_TOKEN: fc7e3664a3d7c951
[ERROR] Tests run: 2, Failures: 0, Errors: 1, Skipped: 0, Time elapsed: 25.75 s <<< FAILURE! -- in com.example.algorithm2.Algorithm2Test
[ERROR] com.example.algorithm2.Algorithm2Test.testParameterizedFuzzer(FuzzedDataProvider)[2] -- Time elapsed: 0.492 s <<< ERROR!
java.lang.NullPointerException
	at org.mockito.internal.invocation.InvocationMatcher.hasSameMethod(InvocationMatcher.java:92)
	at org.mockito.internal.invocation.InvocationMatcher.matches(InvocationMatcher.java:57)
	at java.base/jdk.internal.reflect.NativeMethodAccessorImpl.invoke0(Native Method)
	at java.base/jdk.internal.reflect.NativeMethodAccessorImpl.invoke(NativeMethodAccessorImpl.java:62)
	at java.base/jdk.internal.reflect.DelegatingMethodAccessorImpl.invoke(DelegatingMethodAccessorImpl.java:43)
	at java.base/java.lang.reflect.Method.invoke(Method.java:566)
	at com.example.algorithm2.Algorithm2Test.testParameterizedFuzzer(Algorithm2Test.java:226)

[INFO] 
[INFO] Results:
[INFO] 
[ERROR] Errors: 
[ERROR]   Algorithm2Test.testParameterizedFuzzer:226 » NullPointer
[INFO] 
[ERROR] Tests run: 2, Failures: 0, Errors: 1, Skipped: 0
[INFO] 
[ERROR] 

Please refer to /tmp/bugrun/mockito_16.dFl1kX/target/surefire-reports for the individual test results.
Please refer to dump files (if any exist) [date].dump, [date]-jvmRun[N].dump and [date].dumpstream.
[INFO] 
[INFO] --- jacoco:0.8.11:report (default-cli) @ AlgorithmName2 ---
[INFO] Loading execution data file /tmp/bugrun/mockito_16.dFl1kX/target/jacoco.exec
[INFO] Analyzed bundle 'AlgorithmName2' with 182 classes
[INFO] ------------------------------------------------------------------------
[INFO] BUILD SUCCESS
[INFO] ------------------------------------------------------------------------
[INFO] Total time:  45.147 s
[INFO] Finished at: 2026-10-06T01:42:21+07:00
[INFO] ------------------------------------------------------------------------
