[INFO] Scanning for projects...
[INFO] 
[INFO] ---------------------< com.example:AlgorithmName2 >---------------------
[INFO] Building AlgorithmName2 1.0-SNAPSHOT
[INFO]   from pom.xml
[INFO] --------------------------------[ jar ]---------------------------------
[INFO] 
[INFO] --- jacoco:0.8.11:prepare-agent (default) @ AlgorithmName2 ---
[INFO] argLine set to -javaagent:/home/kanyaphak673380391-3/.m2/repository/org/jacoco/org.jacoco.agent/0.8.11/org.jacoco.agent-0.8.11-runtime.jar=destfile=/tmp/bugrun/compress_16.ZoujhA/target/jacoco.exec
[INFO] 
[INFO] --- resources:3.4.0:resources (default-resources) @ AlgorithmName2 ---
[INFO] Copying 1 resource from src/main/resources to target/classes
[INFO] 
[INFO] --- compiler:3.15.0:compile (default-compile) @ AlgorithmName2 ---
[INFO] Recompiling the module because of changed source code.
[INFO] Compiling 1 source file with javac [debug target 1.8] to target/classes
[WARNING] bootstrap class path not set in conjunction with -source 8
[INFO] 
[INFO] --- dependency:3.6.0:unpack-dependencies (unpack-defects4j) @ AlgorithmName2 ---
[INFO] 
[INFO] --- resources:3.4.0:testResources (default-testResources) @ AlgorithmName2 ---
[INFO] skip non existing resourceDirectory /tmp/bugrun/compress_16.ZoujhA/src/test/resources
[INFO] 
[INFO] --- compiler:3.15.0:testCompile (default-testCompile) @ AlgorithmName2 ---
[INFO] Recompiling the module because of changed dependency.
[INFO] Compiling 1 source file with javac [debug target 1.8] to target/test-classes
[WARNING] bootstrap class path not set in conjunction with -source 8
[INFO] 
[INFO] --- surefire:3.1.2:test (default-cli) @ AlgorithmName2 ---
[INFO] Using auto detected provider org.apache.maven.surefire.junitplatform.JUnitPlatformProvider
[INFO] 
[INFO] -------------------------------------------------------
[INFO]  T E S T S
[INFO] -------------------------------------------------------
[INFO] Running com.example.algorithm2.Algorithm2Test
OpenJDK 64-Bit Server VM warning: Sharing is only supported for boot loader classes because bootstrap classpath has been appended
INFO: Loaded 281 hooks from com.code_intelligence.jazzer.runtime.TraceCmpHooks
INFO: Loaded 5 hooks from com.code_intelligence.jazzer.runtime.TraceDivHooks
INFO: Loaded 2 hooks from com.code_intelligence.jazzer.runtime.TraceIndirHooks
INFO: Loaded 4 hooks from com.code_intelligence.jazzer.runtime.NativeLibHooks
INFO: Loaded 2 hooks from com.code_intelligence.jazzer.sanitizers.ClojureLangHooks
INFO: Loaded 5 hooks from com.code_intelligence.jazzer.sanitizers.Deserialization
INFO: Loaded 5 hooks from com.code_intelligence.jazzer.sanitizers.ExpressionLanguageInjection
INFO: Loaded 70 hooks from com.code_intelligence.jazzer.sanitizers.LdapInjection
INFO: Loaded 46 hooks from com.code_intelligence.jazzer.sanitizers.NamingContextLookup
INFO: Loaded 1 hooks from com.code_intelligence.jazzer.sanitizers.OsCommandInjection
INFO: Loaded 52 hooks from com.code_intelligence.jazzer.sanitizers.ReflectiveCall
INFO: Loaded 8 hooks from com.code_intelligence.jazzer.sanitizers.RegexInjection
INFO: Loaded 16 hooks from com.code_intelligence.jazzer.sanitizers.RegexRoadblocks
INFO: Loaded 18 hooks from com.code_intelligence.jazzer.sanitizers.ScriptEngineInjection
INFO: Loaded 2 hooks from com.code_intelligence.jazzer.sanitizers.ServerSideRequestForgery
INFO: Loaded 19 hooks from com.code_intelligence.jazzer.sanitizers.SqlInjection
INFO: Loaded 6 hooks from com.code_intelligence.jazzer.sanitizers.XPathInjection
INFO: Instrumented com.example.algorithm2.Algorithm2Test$Skip (took 348 ms, size +44%)
INFO: Instrumented com.example.algorithm2.Algorithm2Test (took 288 ms, size +27%)
INFO: Instrumented org.apache.commons.compress.archivers.ArchiveStreamFactory (took 185 ms, size +37%)
INFO: Instrumented org.apache.commons.compress.archivers.ArchiveInputStream (took 61 ms, size +32%)
INFO: New number of coverage counters: 1024
WARN: Some hooks could not be applied to class files built for Java 7 or lower.
                       Ensure that the fuzz target and its dependencies are compiled with
                       -target 8 or higher to identify as many bugs as possible.
INFO: Instrumented org.apache.commons.compress.archivers.ar.ArArchiveInputStream (took 144 ms, size +26%)
INFO: Instrumented org.apache.commons.compress.archivers.zip.ZipArchiveInputStream (took 227 ms, size +17%)
INFO: New number of coverage counters: 2048
INFO: Instrumented org.apache.commons.compress.archivers.tar.TarArchiveInputStream (took 160 ms, size +25%)
INFO: Instrumented org.apache.commons.compress.archivers.jar.JarArchiveInputStream (took 44 ms, size +26%)
INFO: Instrumented org.apache.commons.compress.archivers.cpio.CpioArchiveInputStream (took 115 ms, size +30%)
INFO: Instrumented org.apache.commons.compress.archivers.cpio.CpioConstants (took 1 ms, size +0%)
INFO: Instrumented org.apache.commons.compress.archivers.dump.DumpArchiveInputStream (took 89 ms, size +25%)
INFO: Instrumented org.apache.commons.compress.archivers.ArchiveException (took 15 ms, size +38%)
INFO: Instrumented org.apache.commons.compress.archivers.ArchiveOutputStream (took 30 ms, size +28%)
INFO: Instrumented org.apache.commons.compress.archivers.ar.ArArchiveOutputStream (took 56 ms, size +24%)
INFO: New number of coverage counters: 4096
INFO: Instrumented org.apache.commons.compress.archivers.zip.ZipArchiveOutputStream (took 295 ms, size +18%)
INFO: Instrumented org.apache.commons.compress.archivers.tar.TarArchiveOutputStream (took 148 ms, size +15%)
INFO: Instrumented org.apache.commons.compress.archivers.jar.JarArchiveOutputStream (took 5 ms, size +36%)
INFO: Instrumented org.apache.commons.compress.archivers.cpio.CpioArchiveOutputStream (took 88 ms, size +23%)
[harness] target=org.apache.commons.compress.archivers.ArchiveStreamFactory factories=1 methods=3
INFO: found LLVMFuzzerCustomMutator (0x7b15f716fcd0). Disabling -len_control by default.
INFO: Running with entropic power schedule (0xFF, 100).
INFO: Seed: 2211911181
INFO: Loaded 4 modules   (4096 inline 8-bit counters): 512 [0x7b1710c27160, 0x7b1710c27360), 512 [0x7b1710c27360, 0x7b1710c27560), 1024 [0x7b1710c27560, 0x7b1710c27960), 2048 [0x7b1710c27960, 0x7b1710c28160), 
INFO: Loaded 4 PC tables (4096 PCs): 512 [0x7b171074cbe0,0x7b171074ebe0), 512 [0x7b1710669a80,0x7b171066ba80), 1024 [0x7b171027df40,0x7b1710281f40), 2048 [0x7b171069d600,0x7b17106a5600), 
INFO:        0 files found in /tmp/bugrun/compress_16.ZoujhA/.cifuzz-corpus/com.example.algorithm2.Algorithm2Test/testParameterizedFuzzer
INFO:        0 files found in /tmp/jazzer-java-seeds15430004977798609973
INFO: -max_len is not provided; libFuzzer will not generate inputs larger than 4096 bytes
INFO: A corpus is not provided, starting from an empty corpus
INFO: using inputs from: /tmp/bugrun/compress_16.ZoujhA/.cifuzz-corpus/com.example.algorithm2.Algorithm2Test/testParameterizedFuzzer
INFO: using inputs from: /tmp/jazzer-java-seeds15430004977798609973
INFO: Instrumented org.apache.commons.compress.archivers.zip.UnsupportedZipFeatureException (took 6 ms, size +21%)
INFO: Instrumented org.apache.commons.compress.archivers.ArchiveEntry (took 0 ms, size +0%)
INFO: Instrumented org.apache.commons.compress.archivers.zip.ZipLong (took 20 ms, size +21%)
INFO: Instrumented org.apache.commons.compress.archivers.zip.Zip64RequiredException (took 7 ms, size +27%)
INFO: Instrumented org.apache.commons.compress.archivers.zip.ZipExtraField (took 1 ms, size +0%)
#2	INITED cov: 116 ft: 116 corp: 1/1b exec/s: 0 rss: 1039Mb
#3	NEW    cov: 120 ft: 122 corp: 2/2b lim: 4 exec/s: 0 rss: 1039Mb L: 1/1 MS: 2 CopyPart-Custom-
#4	NEW    cov: 123 ft: 133 corp: 3/3b lim: 4 exec/s: 0 rss: 1039Mb L: 1/1 MS: 2 ChangeBit-Custom-
INFO: Instrumented org.apache.commons.compress.archivers.dump.UnrecognizedFormatException (took 5 ms, size +43%)
#24	NEW    cov: 123 ft: 134 corp: 4/4b lim: 4 exec/s: 0 rss: 1041Mb L: 1/1 MS: 10 CopyPart-Custom-ChangeByte-Custom-ChangeBinInt-Custom-ChangeBit-Custom-ChangeBit-Custom-
INFO: Instrumented org.apache.commons.compress.archivers.dump.DumpArchiveException (took 5 ms, size +34%)
INFO: Instrumented org.apache.commons.compress.archivers.dump.InvalidFormatException (took 4 ms, size +30%)
#246	NEW    cov: 128 ft: 141 corp: 5/10b lim: 6 exec/s: 0 rss: 1056Mb L: 6/6 MS: 4 CopyPart-Custom-InsertRepeatedBytes-Custom-
#346	REDUCE cov: 128 ft: 141 corp: 5/9b lim: 6 exec/s: 0 rss: 1062Mb L: 5/5 MS: 10 ShuffleBytes-Custom-CopyPart-Custom-ShuffleBytes-Custom-ChangeBit-Custom-EraseBytes-Custom-
INFO: Instrumented org.apache.commons.compress.archivers.zip.ZipEncodingHelper (took 15 ms, size +20%)
INFO: Instrumented org.apache.commons.compress.archivers.zip.ZipEncoding (took 0 ms, size +0%)
INFO: Instrumented org.apache.commons.compress.archivers.zip.ZipEncodingHelper$SimpleEncodingHolder (took 8 ms, size +33%)
#396	NEW    cov: 198 ft: 222 corp: 6/13b lim: 6 exec/s: 0 rss: 1077Mb L: 4/5 MS: 10 ChangeByte-Custom-ShuffleBytes-Custom-InsertRepeatedBytes-Custom-EraseBytes-Custom-CMP-Custom- DE: "jar"-
#415	NEW    cov: 225 ft: 251 corp: 7/18b lim: 6 exec/s: 0 rss: 1083Mb L: 5/5 MS: 8 InsertByte-Custom-PersAutoDict-Custom-ChangeBinInt-Custom-PersAutoDict-Custom- DE: "jar"-"jar"-
#426	NEW    cov: 227 ft: 253 corp: 8/22b lim: 6 exec/s: 0 rss: 1084Mb L: 4/5 MS: 2 ShuffleBytes-Custom-
#432	NEW    cov: 228 ft: 255 corp: 9/26b lim: 6 exec/s: 0 rss: 1084Mb L: 4/5 MS: 2 PersAutoDict-Custom- DE: "jar"-
INFO: Instrumented org.apache.commons.compress.archivers.zip.FallbackZipEncoding (took 10 ms, size +28%)
INFO: Instrumented org.apache.commons.compress.archivers.zip.ZipArchiveOutputStream$UnicodeExtraFieldPolicy (took 8 ms, size +33%)
INFO: Instrumented org.apache.commons.compress.archivers.zip.Zip64Mode (took 15 ms, size +29%)
INFO: Instrumented org.apache.commons.compress.archivers.zip.ZipArchiveInputStream$Buffer (took 15 ms, size +18%)
#657	NEW    cov: 231 ft: 258 corp: 10/34b lim: 8 exec/s: 0 rss: 1099Mb L: 8/8 MS: 10 CrossOver-Custom-CrossOver-Custom-ChangeBit-Custom-CopyPart-Custom-ShuffleBytes-Custom-
#674	REDUCE cov: 231 ft: 258 corp: 10/33b lim: 8 exec/s: 0 rss: 1100Mb L: 7/7 MS: 4 ChangeByte-Custom-EraseBytes-Custom-
#854	NEW    cov: 232 ft: 259 corp: 11/40b lim: 8 exec/s: 854 rss: 1113Mb L: 7/7 MS: 10 ShuffleBytes-Custom-ChangeByte-Custom-PersAutoDict-Custom-InsertRepeatedBytes-Custom-CrossOver-Custom- DE: "jar"-
#1162	NEW    cov: 233 ft: 260 corp: 12/49b lim: 11 exec/s: 1162 rss: 1133Mb L: 9/9 MS: 6 CopyPart-Custom-ShuffleBytes-Custom-CopyPart-Custom-
#2022	NEW    cov: 239 ft: 266 corp: 13/52b lim: 17 exec/s: 2022 rss: 1148Mb L: 3/9 MS: 10 EraseBytes-Custom-InsertRepeatedBytes-Custom-EraseBytes-Custom-CopyPart-Custom-CMP-Custom- DE: "ar"-
#2023	NEW    cov: 243 ft: 270 corp: 14/55b lim: 17 exec/s: 2023 rss: 1148Mb L: 3/9 MS: 2 ChangeBinInt-Custom-
#2040	NEW    cov: 244 ft: 271 corp: 15/58b lim: 17 exec/s: 2040 rss: 1148Mb L: 3/9 MS: 4 ChangeByte-Custom-PersAutoDict-Custom- DE: "ar"-
#2681	NEW    cov: 246 ft: 273 corp: 16/62b lim: 21 exec/s: 2681 rss: 1148Mb L: 4/9 MS: 2 CMP-Custom- DE: "zip"-
#2859	NEW    cov: 247 ft: 274 corp: 17/69b lim: 21 exec/s: 1429 rss: 1148Mb L: 7/9 MS: 6 PersAutoDict-Custom-ChangeByte-Custom-ShuffleBytes-Custom- DE: "ar"-
#3065	NEW    cov: 249 ft: 276 corp: 18/73b lim: 21 exec/s: 1532 rss: 1148Mb L: 4/9 MS: 2 ChangeBit-Custom-
#4096	pulse  cov: 249 ft: 276 corp: 18/73b lim: 29 exec/s: 2048 rss: 1149Mb
#4627	NEW    cov: 250 ft: 277 corp: 19/80b lim: 33 exec/s: 2313 rss: 1149Mb L: 7/9 MS: 4 CopyPart-Custom-ChangeBinInt-Custom-
#5137	NEW    cov: 255 ft: 282 corp: 20/118b lim: 38 exec/s: 2568 rss: 1149Mb L: 38/38 MS: 10 CMP-Custom-InsertRepeatedBytes-Custom-ChangeBit-Custom-InsertByte-Custom-InsertRepeatedBytes-Custom- DE: "r\000"-
#5208	NEW    cov: 256 ft: 283 corp: 21/156b lim: 38 exec/s: 2604 rss: 1149Mb L: 38/38 MS: 2 ChangeBit-Custom-
#5210	REDUCE cov: 256 ft: 283 corp: 21/152b lim: 38 exec/s: 2605 rss: 1149Mb L: 34/38 MS: 4 CrossOver-Custom-InsertRepeatedBytes-Custom-
INFO: Instrumented org.apache.commons.compress.archivers.dump.DumpArchiveUtil (took 5 ms, size +26%)
#5327	NEW    cov: 256 ft: 286 corp: 22/161b lim: 38 exec/s: 2663 rss: 1149Mb L: 9/38 MS: 4 ChangeByte-Custom-InsertRepeatedBytes-Custom-
#5434	REDUCE cov: 256 ft: 286 corp: 22/160b lim: 38 exec/s: 2717 rss: 1149Mb L: 8/38 MS: 4 InsertByte-Custom-EraseBytes-Custom-
#5530	REDUCE cov: 256 ft: 286 corp: 22/159b lim: 38 exec/s: 2765 rss: 1149Mb L: 33/38 MS: 2 EraseBytes-Custom-
#5957	REDUCE cov: 256 ft: 286 corp: 22/157b lim: 38 exec/s: 1985 rss: 1149Mb L: 6/38 MS: 4 ChangeBinInt-Custom-EraseBytes-Custom-
#6083	NEW    cov: 256 ft: 321 corp: 23/194b lim: 38 exec/s: 2027 rss: 1149Mb L: 37/38 MS: 2 InsertRepeatedBytes-Custom-
#6126	NEW    cov: 256 ft: 326 corp: 24/232b lim: 38 exec/s: 2042 rss: 1149Mb L: 38/38 MS: 6 ChangeByte-Custom-CopyPart-Custom-InsertByte-Custom-
#6167	REDUCE cov: 256 ft: 326 corp: 24/230b lim: 38 exec/s: 2055 rss: 1149Mb L: 35/38 MS: 2 EraseBytes-Custom-
#6729	NEW    cov: 256 ft: 330 corp: 25/273b lim: 43 exec/s: 2243 rss: 1149Mb L: 43/43 MS: 4 ChangeBit-Custom-InsertRepeatedBytes-Custom-
#6928	REDUCE cov: 256 ft: 330 corp: 25/272b lim: 43 exec/s: 2309 rss: 1149Mb L: 42/42 MS: 8 ChangeBinInt-Custom-PersAutoDict-Custom-PersAutoDict-Custom-EraseBytes-Custom- DE: "jar"-"r\000"-
#7509	REDUCE cov: 256 ft: 330 corp: 25/271b lim: 48 exec/s: 2503 rss: 1149Mb L: 5/42 MS: 2 EraseBytes-Custom-
#7847	NEW    cov: 278 ft: 354 corp: 26/275b lim: 48 exec/s: 2615 rss: 1149Mb L: 4/42 MS: 6 CMP-Custom-CopyPart-Custom-CMP-Custom- DE: "\001\000\000\032"-"tar"-
INFO: Instrumented org.apache.commons.compress.archivers.tar.TarBuffer (took 18 ms, size +21%)
#8103	NEW    cov: 278 ft: 355 corp: 27/279b lim: 48 exec/s: 2701 rss: 1149Mb L: 4/42 MS: 2 CopyPart-Custom-
#8192	pulse  cov: 278 ft: 355 corp: 27/279b lim: 48 exec/s: 2730 rss: 1149Mb
#8298	REDUCE cov: 278 ft: 355 corp: 27/278b lim: 48 exec/s: 2766 rss: 1150Mb L: 34/42 MS: 10 CopyPart-Custom-EraseBytes-Custom-ChangeByte-Custom-ChangeByte-Custom-InsertByte-Custom-
INFO: Instrumented org.apache.commons.compress.utils.CountingOutputStream (took 16 ms, size +37%)
#8604	NEW    cov: 309 ft: 391 corp: 28/282b lim: 48 exec/s: 2868 rss: 1150Mb L: 4/42 MS: 2 ChangeBit-Custom-
INFO: Instrumented org.apache.commons.compress.archivers.zip.NioZipEncoding (took 10 ms, size +24%)
#8942	NEW    cov: 310 ft: 393 corp: 29/286b lim: 48 exec/s: 2980 rss: 1150Mb L: 4/42 MS: 6 ChangeByte-Custom-ChangeBit-Custom-ChangeBit-Custom-
#9087	DONE   cov: 310 ft: 393 corp: 29/286b lim: 48 exec/s: 2271 rss: 1150Mb
###### Recommended dictionary. ######
"jar" # Uses: 307
"ar" # Uses: 191
"zip" # Uses: 139
"r\000" # Uses: 81
"\001\000\000\032" # Uses: 20
"tar" # Uses: 24
###### End of recommended dictionary. ######
Done 9087 runs in 4 second(s)
[INFO] Tests run: 2, Failures: 0, Errors: 0, Skipped: 0, Time elapsed: 17.14 s -- in com.example.algorithm2.Algorithm2Test
[INFO] 
[INFO] Results:
[INFO] 
[INFO] Tests run: 2, Failures: 0, Errors: 0, Skipped: 0
[INFO] 
[INFO] 
[INFO] --- jacoco:0.8.11:report (default-cli) @ AlgorithmName2 ---
[INFO] Loading execution data file /tmp/bugrun/compress_16.ZoujhA/target/jacoco.exec
[INFO] Analyzed bundle 'AlgorithmName2' with 118 classes
[INFO] ------------------------------------------------------------------------
[INFO] BUILD SUCCESS
[INFO] ------------------------------------------------------------------------
[INFO] Total time:  30.358 s
[INFO] Finished at: 2026-10-06T04:25:07+07:00
[INFO] ------------------------------------------------------------------------
