[INFO] Scanning for projects...
[INFO] 
[INFO] ---------------------< com.example:AlgorithmName2 >---------------------
[INFO] Building AlgorithmName2 1.0-SNAPSHOT
[INFO]   from pom.xml
[INFO] --------------------------------[ jar ]---------------------------------
[INFO] 
[INFO] --- jacoco:0.8.11:prepare-agent (default) @ AlgorithmName2 ---
[INFO] argLine set to -javaagent:/home/kanyaphak673380391-3/.m2/repository/org/jacoco/org.jacoco.agent/0.8.11/org.jacoco.agent-0.8.11-runtime.jar=destfile=/tmp/bugrun/math_37.T4yzei/target/jacoco.exec
[INFO] 
[INFO] --- resources:3.4.0:resources (default-resources) @ AlgorithmName2 ---
[INFO] Copying 1 resource from src/main/resources to target/classes
[INFO] 
[INFO] --- compiler:3.15.0:compile (default-compile) @ AlgorithmName2 ---
[INFO] Recompiling the module because of changed source code.
[INFO] Compiling 1 source file with javac [debug target 1.8] to target/classes
[WARNING] bootstrap class path not set in conjunction with -source 8
[INFO] 
[INFO] --- dependency:3.6.0:unpack-dependencies (unpack-defects4j) @ AlgorithmName2 ---
[INFO] 
[INFO] --- resources:3.4.0:testResources (default-testResources) @ AlgorithmName2 ---
[INFO] skip non existing resourceDirectory /tmp/bugrun/math_37.T4yzei/src/test/resources
[INFO] 
[INFO] --- compiler:3.15.0:testCompile (default-testCompile) @ AlgorithmName2 ---
[INFO] Recompiling the module because of changed dependency.
[INFO] Compiling 1 source file with javac [debug target 1.8] to target/test-classes
[WARNING] bootstrap class path not set in conjunction with -source 8
[INFO] 
[INFO] --- surefire:3.1.2:test (default-cli) @ AlgorithmName2 ---
[INFO] Using auto detected provider org.apache.maven.surefire.junitplatform.JUnitPlatformProvider
[INFO] 
[INFO] -------------------------------------------------------
[INFO]  T E S T S
[INFO] -------------------------------------------------------
[INFO] Running com.example.algorithm2.Algorithm2Test
OpenJDK 64-Bit Server VM warning: Sharing is only supported for boot loader classes because bootstrap classpath has been appended
INFO: Loaded 283 hooks from com.code_intelligence.jazzer.runtime.TraceCmpHooks
INFO: Loaded 5 hooks from com.code_intelligence.jazzer.runtime.TraceDivHooks
INFO: Loaded 2 hooks from com.code_intelligence.jazzer.runtime.TraceIndirHooks
INFO: Loaded 4 hooks from com.code_intelligence.jazzer.runtime.NativeLibHooks
INFO: Loaded 2 hooks from com.code_intelligence.jazzer.sanitizers.ClojureLangHooks
INFO: Loaded 5 hooks from com.code_intelligence.jazzer.sanitizers.Deserialization
INFO: Loaded 5 hooks from com.code_intelligence.jazzer.sanitizers.ExpressionLanguageInjection
INFO: Loaded 70 hooks from com.code_intelligence.jazzer.sanitizers.LdapInjection
INFO: Loaded 46 hooks from com.code_intelligence.jazzer.sanitizers.NamingContextLookup
INFO: Loaded 1 hooks from com.code_intelligence.jazzer.sanitizers.OsCommandInjection
INFO: Loaded 52 hooks from com.code_intelligence.jazzer.sanitizers.ReflectiveCall
INFO: Loaded 8 hooks from com.code_intelligence.jazzer.sanitizers.RegexInjection
INFO: Loaded 16 hooks from com.code_intelligence.jazzer.sanitizers.RegexRoadblocks
INFO: Loaded 18 hooks from com.code_intelligence.jazzer.sanitizers.ScriptEngineInjection
INFO: Loaded 2 hooks from com.code_intelligence.jazzer.sanitizers.ServerSideRequestForgery
INFO: Loaded 19 hooks from com.code_intelligence.jazzer.sanitizers.SqlInjection
INFO: Loaded 6 hooks from com.code_intelligence.jazzer.sanitizers.XPathInjection
INFO: Instrumented com.example.algorithm2.Algorithm2Test$Skip (took 314 ms, size +44%)
INFO: Instrumented com.example.algorithm2.Algorithm2Test (took 304 ms, size +27%)
INFO: New number of coverage counters: 1024
INFO: Instrumented org.apache.commons.math.util.Precision (took 199 ms, size +27%)
INFO: Instrumented org.apache.commons.math.exception.MathArithmeticException (took 14 ms, size +25%)
INFO: Instrumented org.apache.commons.math.exception.util.ExceptionContextProvider (took 1 ms, size +0%)
INFO: Instrumented org.apache.commons.math.exception.util.Localizable (took 0 ms, size +0%)
INFO: Instrumented org.apache.commons.math.exception.MathIllegalArgumentException (took 9 ms, size +27%)
[harness] Fallback target loaded: org.apache.commons.math.util.Precision (original was org.apache.commons.math3.util.Precision)
[harness] target=org.apache.commons.math.util.Precision factories=1 methods=19
INFO: New number of coverage counters: 2048
INFO: Instrumented org.apache.commons.math.util.FastMath (took 210 ms, size +16%)
INFO: found LLVMFuzzerCustomMutator (0x76c1a726dcd0). Disabling -len_control by default.
INFO: Running with entropic power schedule (0xFF, 100).
INFO: Seed: 529246200
INFO: Loaded 3 modules   (2048 inline 8-bit counters): 512 [0x76c2c8bd2dd0, 0x76c2c8bd2fd0), 512 [0x76c2c8bd2fd0, 0x76c2c8bd31d0), 1024 [0x76c2c8bd31d0, 0x76c2c8bd35d0), 
INFO: Loaded 3 PC tables (2048 PCs): 512 [0x76c2c8a01fd0,0x76c2c8a03fd0), 512 [0x76c2c84ade90,0x76c2c84afe90), 1024 [0x76c2c8cef1b0,0x76c2c8cf31b0), 
INFO:        0 files found in /tmp/bugrun/math_37.T4yzei/.cifuzz-corpus/com.example.algorithm2.Algorithm2Test/testParameterizedFuzzer
INFO:        0 files found in /tmp/jazzer-java-seeds11154134831529598444
INFO: -max_len is not provided; libFuzzer will not generate inputs larger than 4096 bytes
INFO: A corpus is not provided, starting from an empty corpus
#2	INITED cov: 47 ft: 47 corp: 1/1b exec/s: 0 rss: 1113Mb
INFO: #3	NEW    cov: 63 ft: 65 corp: 2/2b lim: 4 exec/s: 0 rss: 1113Mb L: 1/1 MS: 2 ChangeBit-Custom-
using inputs from: /tmp/bugrun/math_37.T4yzei/.cifuzz-corpus/com.example.algorithm2.Algorithm2Test/testParameterizedFuzzer
#8	NEW    cov: 72 ft: 76 corp: 3/4b lim: 4 exec/s: 0 rss: 1113Mb L: 2/2 MS: 10 CrossOver-Custom-CrossOver-Custom-CopyPart-Custom-CopyPart-Custom-ChangeBit-Custom-
INFO: using inputs from: /tmp/jazzer-java-seeds11154134831529598444
#10	NEW    cov: 81 ft: 93 corp: 4/7b lim: 4 exec/s: 0 rss: 1113Mb L: 3/3 MS: 4 InsertByte-Custom-ChangeByte-Custom-
#11	NEW    cov: 83 ft: 95 corp: 5/8b lim: 4 exec/s: 0 rss: 1113Mb L: 1/3 MS: 2 ChangeByte-Custom-
#16	NEW    cov: 83 ft: 101 corp: 6/10b lim: 4 exec/s: 0 rss: 1113Mb L: 2/3 MS: 10 CopyPart-Custom-ChangeBit-Custom-ShuffleBytes-Custom-ChangeByte-Custom-ChangeByte-Custom-
#17	NEW    cov: 86 ft: 104 corp: 7/12b lim: 4 exec/s: 0 rss: 1113Mb L: 2/3 MS: 2 CopyPart-Custom-
#18	NEW    cov: 86 ft: 106 corp: 8/14b lim: 4 exec/s: 0 rss: 1113Mb L: 2/3 MS: 2 EraseBytes-Custom-
#20	NEW    cov: 106 ft: 128 corp: 9/16b lim: 4 exec/s: 0 rss: 1113Mb L: 2/3 MS: 4 ChangeByte-Custom-ChangeBit-Custom-
#22	NEW    cov: 108 ft: 130 corp: 10/18b lim: 4 exec/s: 0 rss: 1113Mb L: 2/3 MS: 4 CrossOver-Custom-EraseBytes-Custom-
#26	NEW    cov: 114 ft: 140 corp: 11/19b lim: 4 exec/s: 0 rss: 1113Mb L: 1/3 MS: 8 ChangeByte-Custom-CrossOver-Custom-ShuffleBytes-Custom-ChangeBinInt-Custom-
#27	NEW    cov: 116 ft: 142 corp: 12/20b lim: 4 exec/s: 0 rss: 1113Mb L: 1/3 MS: 2 ChangeByte-Custom-
#30	NEW    cov: 118 ft: 144 corp: 13/21b lim: 4 exec/s: 0 rss: 1113Mb L: 1/3 MS: 6 ChangeByte-Custom-ShuffleBytes-Custom-ChangeBit-Custom-
#33	NEW    cov: 122 ft: 148 corp: 14/23b lim: 4 exec/s: 0 rss: 1113Mb L: 2/3 MS: 6 CopyPart-Custom-ShuffleBytes-Custom-ChangeByte-Custom-
#34	NEW    cov: 126 ft: 154 corp: 15/25b lim: 4 exec/s: 0 rss: 1113Mb L: 2/3 MS: 2 InsertByte-Custom-
#36	NEW    cov: 133 ft: 161 corp: 16/28b lim: 4 exec/s: 0 rss: 1113Mb L: 3/3 MS: 4 ChangeByte-Custom-CrossOver-Custom-
#50	NEW    cov: 134 ft: 162 corp: 17/30b lim: 4 exec/s: 0 rss: 1113Mb L: 2/3 MS: 8 ChangeBit-Custom-ShuffleBytes-Custom-ShuffleBytes-Custom-InsertByte-Custom-
#61	REDUCE cov: 134 ft: 162 corp: 17/29b lim: 4 exec/s: 0 rss: 1113Mb L: 1/3 MS: 2 EraseBytes-Custom-
#62	NEW    cov: 136 ft: 164 corp: 18/30b lim: 4 exec/s: 0 rss: 1113Mb L: 1/3 MS: 2 EraseBytes-Custom-
#72	NEW    cov: 137 ft: 165 corp: 19/33b lim: 4 exec/s: 0 rss: 1114Mb L: 3/3 MS: 10 ChangeByte-Custom-CrossOver-Custom-CopyPart-Custom-ChangeBit-Custom-InsertByte-Custom-
#96	NEW    cov: 142 ft: 170 corp: 20/35b lim: 4 exec/s: 0 rss: 1114Mb L: 2/3 MS: 8 ChangeBit-Custom-ShuffleBytes-Custom-ChangeBinInt-Custom-InsertByte-Custom-
#109	NEW    cov: 143 ft: 171 corp: 21/39b lim: 4 exec/s: 0 rss: 1114Mb L: 4/4 MS: 6 ShuffleBytes-Custom-ChangeBit-Custom-InsertByte-Custom-
#120	NEW    cov: 148 ft: 176 corp: 22/40b lim: 4 exec/s: 0 rss: 1114Mb L: 1/4 MS: 2 ChangeByte-Custom-
#127	NEW    cov: 152 ft: 180 corp: 23/42b lim: 4 exec/s: 0 rss: 1114Mb L: 2/4 MS: 4 ShuffleBytes-Custom-InsertByte-Custom-
#143	NEW    cov: 153 ft: 181 corp: 24/46b lim: 4 exec/s: 0 rss: 1114Mb L: 4/4 MS: 2 CrossOver-Custom-
#168	NEW    cov: 156 ft: 184 corp: 25/50b lim: 4 exec/s: 0 rss: 1114Mb L: 4/4 MS: 10 CrossOver-Custom-ChangeBinInt-Custom-InsertByte-Custom-CrossOver-Custom-ChangeBinInt-Custom-
#229	NEW    cov: 158 ft: 186 corp: 26/51b lim: 4 exec/s: 0 rss: 1114Mb L: 1/4 MS: 2 ChangeByte-Custom-
#243	NEW    cov: 158 ft: 188 corp: 27/54b lim: 4 exec/s: 0 rss: 1114Mb L: 3/4 MS: 8 ShuffleBytes-Custom-ChangeByte-Custom-CrossOver-Custom-CopyPart-Custom-
#258	NEW    cov: 159 ft: 189 corp: 28/56b lim: 4 exec/s: 0 rss: 1114Mb L: 2/4 MS: 10 CopyPart-Custom-CopyPart-Custom-InsertByte-Custom-ChangeBit-Custom-ChangeByte-Custom-
#261	REDUCE cov: 159 ft: 189 corp: 28/55b lim: 4 exec/s: 0 rss: 1114Mb L: 3/4 MS: 6 CrossOver-Custom-CrossOver-Custom-EraseBytes-Custom-
#299	NEW    cov: 161 ft: 191 corp: 29/58b lim: 4 exec/s: 0 rss: 1115Mb L: 3/4 MS: 6 ChangeBinInt-Custom-CopyPart-Custom-InsertByte-Custom-
#367	NEW    cov: 162 ft: 192 corp: 30/60b lim: 4 exec/s: 0 rss: 1115Mb L: 2/4 MS: 6 ChangeBit-Custom-InsertByte-Custom-ChangeBit-Custom-
#383	NEW    cov: 165 ft: 195 corp: 31/62b lim: 4 exec/s: 0 rss: 1115Mb L: 2/4 MS: 2 ChangeByte-Custom-
#590	REDUCE cov: 165 ft: 195 corp: 31/61b lim: 6 exec/s: 0 rss: 1116Mb L: 2/4 MS: 4 CrossOver-Custom-EraseBytes-Custom-
#591	NEW    cov: 167 ft: 197 corp: 32/64b lim: 6 exec/s: 0 rss: 1116Mb L: 3/4 MS: 2 CrossOver-Custom-
#598	REDUCE cov: 167 ft: 197 corp: 32/63b lim: 6 exec/s: 0 rss: 1116Mb L: 2/4 MS: 4 ChangeBinInt-Custom-EraseBytes-Custom-
#651	REDUCE cov: 167 ft: 197 corp: 32/62b lim: 6 exec/s: 0 rss: 1116Mb L: 1/4 MS: 6 ChangeBit-Custom-ShuffleBytes-Custom-EraseBytes-Custom-
#667	NEW    cov: 168 ft: 198 corp: 33/64b lim: 6 exec/s: 0 rss: 1116Mb L: 2/4 MS: 2 ChangeByte-Custom-
INFO: Instrumented org.apache.commons.math.util.FastMath$lnMant (took 27 ms, size +43%)
INFO: Instrumented org.apache.commons.math.util.FastMathLiteralArrays (took 79 ms, size +0%)
INFO: Instrumented org.apache.commons.math.util.FastMath$ExpIntTable (took 17 ms, size +37%)
#891	NEW    cov: 230 ft: 262 corp: 34/72b lim: 8 exec/s: 0 rss: 1133Mb L: 8/8 MS: 8 CopyPart-Custom-CrossOver-Custom-CrossOver-Custom-InsertRepeatedBytes-Custom-
#892	NEW    cov: 230 ft: 265 corp: 35/80b lim: 8 exec/s: 0 rss: 1133Mb L: 8/8 MS: 2 ChangeBit-Custom-
#894	NEW    cov: 231 ft: 266 corp: 36/88b lim: 8 exec/s: 0 rss: 1133Mb L: 8/8 MS: 4 ChangeBit-Custom-CrossOver-Custom-
#1082	NEW    cov: 234 ft: 269 corp: 37/96b lim: 8 exec/s: 0 rss: 1133Mb L: 8/8 MS: 6 InsertByte-Custom-InsertRepeatedBytes-Custom-CopyPart-Custom-
#1509	REDUCE cov: 234 ft: 269 corp: 37/95b lim: 11 exec/s: 0 rss: 1133Mb L: 2/8 MS: 4 CrossOver-Custom-EraseBytes-Custom-
#1515	NEW    cov: 238 ft: 273 corp: 38/103b lim: 11 exec/s: 0 rss: 1133Mb L: 8/8 MS: 2 CrossOver-Custom-
INFO: Instrumented org.apache.commons.math.util.FastMath$ExpFracTable (took 12 ms, size +38%)
INFO: Instrumented org.apache.commons.math.exception.util.LocalizedFormats (took 65 ms, size +6%)
MS: 2 InsertRepeatedBytes-Custom-; base unit: c31c05ae5e69498fdafd79154eac3bf91eb68cb5
0x2b,0xff,0xff,0xff,0xff,0xff,0xff,0xff,0xff,0xe9,0x31,
+\377\377\377\377\377\377\377\377\3511
artifact_prefix='/tmp/bugrun/math_37.T4yzei/'; Test unit written to /tmp/bugrun/math_37.T4yzei/crash-9b9641b5efbf5a20f3299c0012d4bb05a3651fa2
Base64: K///////////6TE=
Done 1776 runs in 0 second(s)
INFO: Instrumented org.apache.commons.math.exception.util.ExceptionContext (took 39 ms, size +24%)
INFO: Instrumented org.apache.commons.math.exception.util.ArgUtils (took 9 ms, size +46%)
DEDUP_TOKEN: e9d27a5f2a39ae18
[ERROR] Tests run: 2, Failures: 0, Errors: 1, Skipped: 0, Time elapsed: 13.17 s <<< FAILURE! -- in com.example.algorithm2.Algorithm2Test
[ERROR] com.example.algorithm2.Algorithm2Test.testParameterizedFuzzer(FuzzedDataProvider)[2] -- Time elapsed: 0.892 s <<< ERROR!
org.apache.commons.math.exception.MathIllegalArgumentException: invalid rounding method -1,024, valid methods: ROUND_CEILING (2), ROUND_DOWN (1), ROUND_FLOOR (3), ROUND_HALF_DOWN (5), ROUND_HALF_EVEN (6), ROUND_HALF_UP (4), ROUND_UNNECESSARY (7), ROUND_UP (0)
	at org.apache.commons.math.util.Precision.roundUnscaled(Precision.java:472)
	at org.apache.commons.math.util.Precision.round(Precision.java:381)
	at jdk.internal.reflect.GeneratedMethodAccessor66.invoke(Unknown Source)
	at java.base/jdk.internal.reflect.DelegatingMethodAccessorImpl.invoke(DelegatingMethodAccessorImpl.java:43)
	at java.base/java.lang.reflect.Method.invoke(Method.java:566)
	at com.example.algorithm2.Algorithm2Test.testParameterizedFuzzer(Algorithm2Test.java:226)

[INFO] 
[INFO] Results:
[INFO] 
[ERROR] Errors: 
[ERROR]   Algorithm2Test.testParameterizedFuzzer:226 » MathIllegalArgument invalid rounding method -1,024, valid methods: ROUND_CEILING (2), ROUND_DOWN (1), ROUND_FLOOR (3), ROUND_HALF_DOWN (5), ROUND_HALF_EVEN (6), ROUND_HALF_UP (4), ROUND_UNNECESSARY (7), ROUND_UP (0)
[INFO] 
[ERROR] Tests run: 2, Failures: 0, Errors: 1, Skipped: 0
[INFO] 
[ERROR] 

Please refer to /tmp/bugrun/math_37.T4yzei/target/surefire-reports for the individual test results.
Please refer to dump files (if any exist) [date].dump, [date]-jvmRun[N].dump and [date].dumpstream.
[INFO] 
[INFO] --- jacoco:0.8.11:report (default-cli) @ AlgorithmName2 ---
[INFO] Loading execution data file /tmp/bugrun/math_37.T4yzei/target/jacoco.exec
[INFO] Analyzed bundle 'AlgorithmName2' with 654 classes
[INFO] ------------------------------------------------------------------------
[INFO] BUILD SUCCESS
[INFO] ------------------------------------------------------------------------
[INFO] Total time:  35.597 s
[INFO] Finished at: 2026-10-06T03:57:02+07:00
[INFO] ------------------------------------------------------------------------
