[INFO] Scanning for projects...
[INFO] 
[INFO] ---------------------< com.example:AlgorithmName2 >---------------------
[INFO] Building AlgorithmName2 1.0-SNAPSHOT
[INFO]   from pom.xml
[INFO] --------------------------------[ jar ]---------------------------------
[INFO] 
[INFO] --- jacoco:0.8.11:prepare-agent (default) @ AlgorithmName2 ---
[INFO] argLine set to -javaagent:/home/kanyaphak673380391-3/.m2/repository/org/jacoco/org.jacoco.agent/0.8.11/org.jacoco.agent-0.8.11-runtime.jar=destfile=/tmp/bugrun/gson_11.gZs4QW/target/jacoco.exec
[INFO] 
[INFO] --- resources:3.4.0:resources (default-resources) @ AlgorithmName2 ---
[INFO] Copying 1 resource from src/main/resources to target/classes
[INFO] 
[INFO] --- compiler:3.15.0:compile (default-compile) @ AlgorithmName2 ---
[INFO] Recompiling the module because of changed source code.
[INFO] Compiling 1 source file with javac [debug target 1.8] to target/classes
[WARNING] bootstrap class path not set in conjunction with -source 8
[INFO] 
[INFO] --- dependency:3.6.0:unpack-dependencies (unpack-defects4j) @ AlgorithmName2 ---
[INFO] 
[INFO] --- resources:3.4.0:testResources (default-testResources) @ AlgorithmName2 ---
[INFO] skip non existing resourceDirectory /tmp/bugrun/gson_11.gZs4QW/src/test/resources
[INFO] 
[INFO] --- compiler:3.15.0:testCompile (default-testCompile) @ AlgorithmName2 ---
[INFO] Recompiling the module because of changed dependency.
[INFO] Compiling 1 source file with javac [debug target 1.8] to target/test-classes
[WARNING] bootstrap class path not set in conjunction with -source 8
[INFO] 
[INFO] --- surefire:3.1.2:test (default-cli) @ AlgorithmName2 ---
[INFO] Using auto detected provider org.apache.maven.surefire.junitplatform.JUnitPlatformProvider
[INFO] 
[INFO] -------------------------------------------------------
[INFO]  T E S T S
[INFO] -------------------------------------------------------
[INFO] Running com.example.algorithm2.Algorithm2Test
OpenJDK 64-Bit Server VM warning: Sharing is only supported for boot loader classes because bootstrap classpath has been appended
INFO: Loaded 288 hooks from com.code_intelligence.jazzer.runtime.TraceCmpHooks
INFO: Loaded 5 hooks from com.code_intelligence.jazzer.runtime.TraceDivHooks
INFO: Loaded 2 hooks from com.code_intelligence.jazzer.runtime.TraceIndirHooks
INFO: Loaded 4 hooks from com.code_intelligence.jazzer.runtime.NativeLibHooks
INFO: Loaded 2 hooks from com.code_intelligence.jazzer.sanitizers.ClojureLangHooks
INFO: Loaded 5 hooks from com.code_intelligence.jazzer.sanitizers.Deserialization
INFO: Loaded 5 hooks from com.code_intelligence.jazzer.sanitizers.ExpressionLanguageInjection
INFO: Loaded 70 hooks from com.code_intelligence.jazzer.sanitizers.LdapInjection
INFO: Loaded 46 hooks from com.code_intelligence.jazzer.sanitizers.NamingContextLookup
INFO: Loaded 1 hooks from com.code_intelligence.jazzer.sanitizers.OsCommandInjection
INFO: Loaded 52 hooks from com.code_intelligence.jazzer.sanitizers.ReflectiveCall
INFO: Loaded 8 hooks from com.code_intelligence.jazzer.sanitizers.RegexInjection
INFO: Loaded 16 hooks from com.code_intelligence.jazzer.sanitizers.RegexRoadblocks
INFO: Loaded 18 hooks from com.code_intelligence.jazzer.sanitizers.ScriptEngineInjection
INFO: Loaded 2 hooks from com.code_intelligence.jazzer.sanitizers.ServerSideRequestForgery
INFO: Loaded 19 hooks from com.code_intelligence.jazzer.sanitizers.SqlInjection
INFO: Loaded 6 hooks from com.code_intelligence.jazzer.sanitizers.XPathInjection
INFO: Instrumented com.example.algorithm2.Algorithm2Test$Skip (took 180 ms, size +44%)
INFO: Instrumented com.example.algorithm2.Algorithm2Test (took 209 ms, size +27%)
INFO: New number of coverage counters: 1024
INFO: Instrumented com.google.gson.Gson (took 157 ms, size +10%)
INFO: Instrumented com.google.gson.TypeAdapter (took 31 ms, size +14%)
INFO: Instrumented com.google.gson.Gson$FutureTypeAdapter (took 7 ms, size +22%)
INFO: Instrumented com.google.gson.FieldNamingStrategy (took 1 ms, size +0%)
INFO: Instrumented com.google.gson.reflect.TypeToken (took 83 ms, size +21%)
INFO: Instrumented com.google.gson.Gson$1 (took 7 ms, size +49%)
INFO: Instrumented com.google.gson.TypeAdapterFactory (took 2 ms, size +0%)
INFO: Instrumented com.google.gson.stream.JsonWriter (took 49 ms, size +22%)
INFO: New number of coverage counters: 2048
INFO: Instrumented com.google.gson.internal.bind.JsonTreeWriter (took 24 ms, size +19%)
INFO: Instrumented com.google.gson.JsonElement (took 21 ms, size +19%)
INFO: Instrumented com.google.gson.JsonNull (took 8 ms, size +45%)
INFO: Instrumented com.google.gson.JsonIOException (took 6 ms, size +39%)
INFO: Instrumented com.google.gson.JsonParseException (took 6 ms, size +39%)
INFO: Instrumented com.google.gson.stream.JsonReader (took 67 ms, size +24%)
INFO: Instrumented com.google.gson.internal.bind.JsonTreeReader (took 28 ms, size +20%)
INFO: Instrumented com.google.gson.JsonSyntaxException (took 6 ms, size +38%)
INFO: Instrumented com.google.gson.stream.MalformedJsonException (took 3 ms, size +36%)
INFO: Instrumented com.google.gson.Gson$4 (took 4 ms, size +21%)
INFO: Instrumented com.google.gson.Gson$2 (took 4 ms, size +20%)
INFO: Instrumented com.google.gson.Gson$3 (took 4 ms, size +20%)
INFO: New number of coverage counters: 4096
INFO: Instrumented com.google.gson.internal.$Gson$Types (took 41 ms, size +23%)
INFO: Instrumented com.google.gson.internal.Excluder (took 47 ms, size +20%)
INFO: Instrumented com.google.gson.internal.JsonReaderInternalAccess (took 6 ms, size +48%)
INFO: Instrumented com.google.gson.stream.JsonReader$1 (took 3 ms, size +36%)
[harness] target=com.google.gson.Gson factories=1 methods=20
INFO: Instrumented com.google.gson.internal.Excluder$1 (took 5 ms, size +22%)
INFO: Instrumented com.google.gson.FieldNamingPolicy (took 10 ms, size +22%)
INFO: Instrumented com.google.gson.FieldNamingPolicy$1 (took 3 ms, size +39%)
INFO: Instrumented com.google.gson.FieldNamingPolicy$2 (took 19 ms, size +35%)
INFO: Instrumented com.google.gson.FieldNamingPolicy$3 (took 4 ms, size +32%)
INFO: Instrumented com.google.gson.FieldNamingPolicy$4 (took 5 ms, size +30%)
INFO: Instrumented com.google.gson.FieldNamingPolicy$5 (took 4 ms, size +30%)
INFO: Instrumented com.google.gson.LongSerializationPolicy (took 6 ms, size +25%)
INFO: Instrumented com.google.gson.LongSerializationPolicy$1 (took 4 ms, size +38%)
INFO: Instrumented com.google.gson.LongSerializationPolicy$2 (took 4 ms, size +34%)
INFO: Instrumented com.google.gson.JsonPrimitive (took 30 ms, size +25%)
INFO: Instrumented com.google.gson.internal.ConstructorConstructor (took 10 ms, size +19%)
INFO: Instrumented com.google.gson.internal.ObjectConstructor (took 1 ms, size +0%)
INFO: Instrumented com.google.gson.internal.bind.TypeAdapters (took 8 ms, size +8%)
INFO: Instrumented com.google.gson.internal.bind.TypeAdapters$1 (took 8 ms, size +19%)
INFO: Instrumented com.google.gson.internal.bind.TypeAdapters$2 (took 12 ms, size +22%)
INFO: Instrumented com.google.gson.internal.bind.TypeAdapters$3 (took 7 ms, size +19%)
INFO: Instrumented com.google.gson.internal.bind.TypeAdapters$4 (took 5 ms, size +20%)
INFO: Instrumented com.google.gson.internal.bind.TypeAdapters$5 (took 6 ms, size +21%)
INFO: Instrumented com.google.gson.internal.bind.TypeAdapters$6 (took 6 ms, size +21%)
INFO: Instrumented com.google.gson.internal.bind.TypeAdapters$7 (took 4 ms, size +21%)
INFO: Instrumented com.google.gson.internal.bind.TypeAdapters$11 (took 4 ms, size +21%)
INFO: Instrumented com.google.gson.internal.bind.TypeAdapters$12 (took 3 ms, size +22%)
INFO: Instrumented com.google.gson.internal.bind.TypeAdapters$13 (took 8 ms, size +22%)
INFO: Instrumented com.google.gson.internal.bind.TypeAdapters$14 (took 4 ms, size +18%)
INFO: Instrumented com.google.gson.internal.bind.TypeAdapters$15 (took 9 ms, size +23%)
INFO: Instrumented com.google.gson.internal.bind.TypeAdapters$16 (took 5 ms, size +20%)
INFO: Instrumented com.google.gson.internal.bind.TypeAdapters$17 (took 4 ms, size +21%)
INFO: Instrumented com.google.gson.internal.bind.TypeAdapters$18 (took 7 ms, size +21%)
INFO: Instrumented com.google.gson.internal.bind.TypeAdapters$19 (took 4 ms, size +21%)
INFO: Instrumented com.google.gson.internal.bind.TypeAdapters$20 (took 5 ms, size +21%)
INFO: Instrumented com.google.gson.internal.bind.TypeAdapters$21 (took 6 ms, size +34%)
INFO: Instrumented com.google.gson.internal.bind.TypeAdapters$22 (took 6 ms, size +31%)
INFO: Instrumented com.google.gson.internal.bind.TypeAdapters$23 (took 7 ms, size +21%)
INFO: Instrumented com.google.gson.internal.bind.TypeAdapters$24 (took 3 ms, size +21%)
INFO: Instrumented com.google.gson.internal.bind.TypeAdapters$27 (took 7 ms, size +39%)
INFO: Instrumented com.google.gson.internal.bind.TypeAdapters$28 (took 7 ms, size +24%)
INFO: Instrumented com.google.gson.internal.bind.TypeAdapters$29 (took 8 ms, size +16%)
INFO: Instrumented com.google.gson.TypeAdapter$1 (took 7 ms, size +23%)
INFO: Instrumented com.google.gson.internal.bind.TypeAdapters$32 (took 4 ms, size +21%)
INFO: Instrumented com.google.gson.internal.bind.TypeAdapters$33 (took 4 ms, size +20%)
INFO: Instrumented com.google.gson.internal.bind.TypeAdapters$8 (took 7 ms, size +21%)
INFO: Instrumented com.google.gson.internal.bind.TypeAdapters$9 (took 4 ms, size +23%)
INFO: Instrumented com.google.gson.internal.bind.TypeAdapters$10 (took 14 ms, size +23%)
INFO: Instrumented com.google.gson.internal.LazilyParsedNumber (took 16 ms, size +37%)
INFO: Instrumented com.google.gson.internal.bind.TypeAdapters$35 (took 4 ms, size +23%)
INFO: Instrumented com.google.gson.internal.bind.TypeAdapters$35$1 (took 9 ms, size +24%)
INFO: Instrumented com.google.gson.internal.bind.TypeAdapters$25 (took 4 ms, size +23%)
INFO: Instrumented com.google.gson.internal.bind.TypeAdapters$26 (took 13 ms, size +23%)
INFO: Instrumented com.google.gson.internal.bind.TypeAdapters$26$1 (took 9 ms, size +21%)
INFO: Instrumented com.google.gson.internal.bind.TypeAdapters$34 (took 3 ms, size +20%)
INFO: Instrumented com.google.gson.JsonArray (took 23 ms, size +20%)
INFO: Instrumented com.google.gson.JsonObject (took 20 ms, size +25%)
INFO: Instrumented com.google.gson.internal.bind.TypeAdapters$30 (took 9 ms, size +31%)
INFO: Instrumented com.google.gson.internal.bind.TypeAdapters$EnumTypeAdapter (took 6 ms, size +22%)
INFO: Instrumented com.google.gson.internal.bind.ObjectTypeAdapter (took 6 ms, size +18%)
INFO: Instrumented com.google.gson.internal.bind.ObjectTypeAdapter$1 (took 3 ms, size +29%)
INFO: Instrumented com.google.gson.Gson$5 (took 4 ms, size +22%)
INFO: Instrumented com.google.gson.Gson$6 (took 6 ms, size +23%)
INFO: Instrumented com.google.gson.internal.bind.DateTypeAdapter (took 5 ms, size +16%)
INFO: Instrumented com.google.gson.internal.bind.DateTypeAdapter$1 (took 2 ms, size +29%)
INFO: Instrumented com.google.gson.internal.bind.TimeTypeAdapter (took 5 ms, size +18%)
INFO: Instrumented com.google.gson.internal.bind.TimeTypeAdapter$1 (took 8 ms, size +29%)
INFO: Instrumented com.google.gson.internal.bind.SqlDateTypeAdapter (took 4 ms, size +18%)
INFO: Instrumented com.google.gson.internal.bind.SqlDateTypeAdapter$1 (took 4 ms, size +29%)
INFO: Instrumented com.google.gson.internal.bind.ArrayTypeAdapter (took 4 ms, size +20%)
INFO: Instrumented com.google.gson.internal.bind.TypeAdapterRuntimeTypeWrapper (took 7 ms, size +20%)
INFO: Instrumented com.google.gson.internal.bind.ArrayTypeAdapter$1 (took 3 ms, size +26%)
INFO: Instrumented com.google.gson.internal.bind.CollectionTypeAdapterFactory (took 8 ms, size +19%)
INFO: Instrumented com.google.gson.internal.bind.CollectionTypeAdapterFactory$Adapter (took 7 ms, size +16%)
INFO: Instrumented com.google.gson.internal.bind.MapTypeAdapterFactory (took 3 ms, size +15%)
INFO: Instrumented com.google.gson.internal.bind.MapTypeAdapterFactory$Adapter (took 8 ms, size +14%)
INFO: Instrumented com.google.gson.internal.bind.JsonAdapterAnnotationTypeAdapterFactory (took 5 ms, size +17%)
INFO: Instrumented com.google.gson.internal.bind.TreeTypeAdapter (took 5 ms, size +11%)
INFO: Instrumented com.google.gson.internal.bind.ReflectiveTypeAdapterFactory (took 11 ms, size +11%)
INFO: New number of coverage counters: 8192
INFO: Instrumented com.google.gson.internal.bind.ReflectiveTypeAdapterFactory$Adapter (took 6 ms, size +21%)
INFO: Instrumented com.google.gson.internal.bind.ReflectiveTypeAdapterFactory$BoundField (took 2 ms, size +31%)
INFO: Instrumented com.google.gson.internal.bind.ReflectiveTypeAdapterFactory$1 (took 3 ms, size +19%)
INFO: Instrumented com.google.gson.internal.$Gson$Preconditions (took 2 ms, size +45%)
INFO: found LLVMFuzzerCustomMutator (0x7dd54656ecd0). Disabling -len_control by default.
INFO: Running with entropic power schedule (0xFF, 100).
INFO: Seed: 1846972986
INFO: Loaded 5 modules   (8192 inline 8-bit counters): 512 [0x7dd630b53a90, 0x7dd630b53c90), 512 [0x7dd630b53c90, 0x7dd630b53e90), 1024 [0x7dd630b53e90, 0x7dd630b54290), 2048 [0x7dd630b54290, 0x7dd630b54a90), 4096 [0x7dd630b54a90, 0x7dd630b55a90), 
INFO: Loaded 5 PC tables (8192 PCs): 512 [0x7dd630719630,0x7dd63071b630), 512 [0x7dd630ac9fb0,0x7dd630acbfb0), 1024 [0x7dd630ac54a0,0x7dd630ac94a0), 2048 [0x7dd630c6d8a0,0x7dd630c758a0), 4096 [0x7dd630660880,0x7dd630670880), 
INFO:        0 files found in /tmp/bugrun/gson_11.gZs4QW/.cifuzz-corpus/com.example.algorithm2.Algorithm2Test/testParameterizedFuzzer
INFO: using inputs from: /tmp/bugrun/gson_11.gZs4QW/.cifuzz-corpus/com.example.algorithm2.Algorithm2Test/testParameterizedFuzzer
INFO:        0 files found in /tmp/jazzer-java-seeds1625655934795225702
INFO: using inputs from: /tmp/jazzer-java-seeds1625655934795225702
INFO: -max_len is not provided; libFuzzer will not generate inputs larger than 4096 bytes
INFO: A corpus is not provided, starting from an empty corpus
INFO: Instrumented com.google.gson.internal.Streams (took 3 ms, size +23%)
INFO: Instrumented com.google.gson.internal.Streams$AppendableWriter (took 4 ms, size +26%)
#2	INITED cov: 236 ft: 236 corp: 1/1b exec/s: 0 rss: 864Mb
#3	NEW    cov: 236 ft: 237 corp: 2/3b lim: 4 exec/s: 0 rss: 864Mb L: 2/2 MS: 2 CrossOver-Custom-
#10	REDUCE cov: 236 ft: 237 corp: 2/2b lim: 4 exec/s: 0 rss: 864Mb L: 1/1 MS: 4 ShuffleBytes-Custom-EraseBytes-Custom-
#12	NEW    cov: 333 ft: 380 corp: 3/4b lim: 4 exec/s: 0 rss: 864Mb L: 2/2 MS: 4 CrossOver-Custom-InsertByte-Custom-
#15	REDUCE cov: 376 ft: 426 corp: 4/7b lim: 4 exec/s: 0 rss: 864Mb L: 3/3 MS: 6 CrossOver-Custom-CrossOver-Custom-ChangeBinInt-Custom-
MS: 2 ChangeBit-Custom-; base unit: 5d15d574804d37007e6bfe7fa8f9083e422d257f
0xa,0xb,0xc,
\012\013\014
artifact_prefix='/tmp/bugrun/gson_11.gZs4QW/'; Test unit written to /tmp/bugrun/gson_11.gZs4QW/crash-be99d8769b726224b8042344b400ae2f5df5680e
Base64: CgsM
Done 16 runs in 0 second(s)
INFO: Instrumented com.google.gson.stream.JsonToken (took 3 ms, size +27%)
DEDUP_TOKEN: ea95d34c697129e9
[ERROR] Tests run: 2, Failures: 0, Errors: 1, Skipped: 0, Time elapsed: 10.03 s <<< FAILURE! -- in com.example.algorithm2.Algorithm2Test
[ERROR] com.example.algorithm2.Algorithm2Test.testParameterizedFuzzer(FuzzedDataProvider)[2] -- Time elapsed: 0.343 s <<< ERROR!
java.lang.IllegalArgumentException: Expected a Class, ParameterizedType, or GenericArrayType, but <proxy:Type> is of type com.sun.proxy.$Proxy25
	at com.google.gson.internal.$Gson$Types.getRawType($Gson$Types.java:148)
	at com.google.gson.reflect.TypeToken.<init>(TypeToken.java:73)
	at com.google.gson.reflect.TypeToken.get(TypeToken.java:296)
	at com.google.gson.Gson.fromJson(Gson.java:885)
	at com.google.gson.Gson.fromJson(Gson.java:852)
	at com.google.gson.Gson.fromJson(Gson.java:801)
	at java.base/jdk.internal.reflect.NativeMethodAccessorImpl.invoke0(Native Method)
	at java.base/jdk.internal.reflect.NativeMethodAccessorImpl.invoke(NativeMethodAccessorImpl.java:62)
	at java.base/jdk.internal.reflect.DelegatingMethodAccessorImpl.invoke(DelegatingMethodAccessorImpl.java:43)
	at java.base/java.lang.reflect.Method.invoke(Method.java:566)
	at com.example.algorithm2.Algorithm2Test.testParameterizedFuzzer(Algorithm2Test.java:226)

[INFO] 
[INFO] Results:
[INFO] 
[ERROR] Errors: 
[ERROR]   Algorithm2Test.testParameterizedFuzzer:226 » IllegalArgument Expected a Class, ParameterizedType, or GenericArrayType, but <proxy:Type> is of type com.sun.proxy.$Proxy25
[INFO] 
[ERROR] Tests run: 2, Failures: 0, Errors: 1, Skipped: 0
[INFO] 
[ERROR] 

Please refer to /tmp/bugrun/gson_11.gZs4QW/target/surefire-reports for the individual test results.
Please refer to dump files (if any exist) [date].dump, [date]-jvmRun[N].dump and [date].dumpstream.
[INFO] 
[INFO] --- jacoco:0.8.11:report (default-cli) @ AlgorithmName2 ---
[INFO] Loading execution data file /tmp/bugrun/gson_11.gZs4QW/target/jacoco.exec
[INFO] Analyzed bundle 'AlgorithmName2' with 158 classes
[INFO] ------------------------------------------------------------------------
[INFO] BUILD SUCCESS
[INFO] ------------------------------------------------------------------------
[INFO] Total time:  28.506 s
[INFO] Finished at: 2026-10-06T01:55:49+07:00
[INFO] ------------------------------------------------------------------------
