[INFO] Scanning for projects...
[INFO] 
[INFO] ---------------------< com.example:AlgorithmName2 >---------------------
[INFO] Building AlgorithmName2 1.0-SNAPSHOT
[INFO]   from pom.xml
[INFO] --------------------------------[ jar ]---------------------------------
[INFO] 
[INFO] --- jacoco:0.8.11:prepare-agent (default) @ AlgorithmName2 ---
[INFO] argLine set to -javaagent:/home/kanyaphak673380391-3/.m2/repository/org/jacoco/org.jacoco.agent/0.8.11/org.jacoco.agent-0.8.11-runtime.jar=destfile=/tmp/bugrun/lang_19.cGkULq/target/jacoco.exec
[INFO] 
[INFO] --- resources:3.4.0:resources (default-resources) @ AlgorithmName2 ---
[INFO] Copying 1 resource from src/main/resources to target/classes
[INFO] 
[INFO] --- compiler:3.15.0:compile (default-compile) @ AlgorithmName2 ---
[INFO] Recompiling the module because of changed source code.
[INFO] Compiling 1 source file with javac [debug target 1.8] to target/classes
[WARNING] bootstrap class path not set in conjunction with -source 8
[INFO] 
[INFO] --- dependency:3.6.0:unpack-dependencies (unpack-defects4j) @ AlgorithmName2 ---
[INFO] 
[INFO] --- resources:3.4.0:testResources (default-testResources) @ AlgorithmName2 ---
[INFO] skip non existing resourceDirectory /tmp/bugrun/lang_19.cGkULq/src/test/resources
[INFO] 
[INFO] --- compiler:3.15.0:testCompile (default-testCompile) @ AlgorithmName2 ---
[INFO] Recompiling the module because of changed dependency.
[INFO] Compiling 1 source file with javac [debug target 1.8] to target/test-classes
[WARNING] bootstrap class path not set in conjunction with -source 8
[INFO] 
[INFO] --- surefire:3.1.2:test (default-cli) @ AlgorithmName2 ---
[INFO] Using auto detected provider org.apache.maven.surefire.junitplatform.JUnitPlatformProvider
[INFO] 
[INFO] -------------------------------------------------------
[INFO]  T E S T S
[INFO] -------------------------------------------------------
[INFO] Running com.example.algorithm2.Algorithm2Test
OpenJDK 64-Bit Server VM warning: Sharing is only supported for boot loader classes because bootstrap classpath has been appended
INFO: Loaded 289 hooks from com.code_intelligence.jazzer.runtime.TraceCmpHooks
INFO: Loaded 5 hooks from com.code_intelligence.jazzer.runtime.TraceDivHooks
INFO: Loaded 2 hooks from com.code_intelligence.jazzer.runtime.TraceIndirHooks
INFO: Loaded 4 hooks from com.code_intelligence.jazzer.runtime.NativeLibHooks
INFO: Loaded 2 hooks from com.code_intelligence.jazzer.sanitizers.ClojureLangHooks
INFO: Loaded 5 hooks from com.code_intelligence.jazzer.sanitizers.Deserialization
INFO: Loaded 5 hooks from com.code_intelligence.jazzer.sanitizers.ExpressionLanguageInjection
INFO: Loaded 70 hooks from com.code_intelligence.jazzer.sanitizers.LdapInjection
INFO: Loaded 46 hooks from com.code_intelligence.jazzer.sanitizers.NamingContextLookup
INFO: Loaded 1 hooks from com.code_intelligence.jazzer.sanitizers.OsCommandInjection
INFO: Loaded 52 hooks from com.code_intelligence.jazzer.sanitizers.ReflectiveCall
INFO: Loaded 8 hooks from com.code_intelligence.jazzer.sanitizers.RegexInjection
INFO: Loaded 16 hooks from com.code_intelligence.jazzer.sanitizers.RegexRoadblocks
INFO: Loaded 18 hooks from com.code_intelligence.jazzer.sanitizers.ScriptEngineInjection
INFO: Loaded 2 hooks from com.code_intelligence.jazzer.sanitizers.ServerSideRequestForgery
INFO: Loaded 19 hooks from com.code_intelligence.jazzer.sanitizers.SqlInjection
INFO: Loaded 6 hooks from com.code_intelligence.jazzer.sanitizers.XPathInjection
INFO: Instrumented com.example.algorithm2.Algorithm2Test$Skip (took 140 ms, size +44%)
INFO: Instrumented com.example.algorithm2.Algorithm2Test (took 114 ms, size +27%)
INFO: New number of coverage counters: 1024
INFO: New number of coverage counters: 2048
WARN: Some hooks could not be applied to class files built for Java 7 or lower.
                       Ensure that the fuzz target and its dependencies are compiled with
                       -target 8 or higher to identify as many bugs as possible.
INFO: Instrumented org.apache.commons.lang3.StringUtils (took 539 ms, size +28%)
[harness] target=org.apache.commons.lang3.StringUtils factories=1 methods=154
INFO: found LLVMFuzzerCustomMutator (0x7d9c5ed72cd0). Disabling -len_control by default.
INFO: Running with entropic power schedule (0xFF, 100).
INFO: Seed: 2521690840
INFO: Loaded 3 modules   (2048 inline 8-bit counters): 512 [0x7d9d58c29950, 0x7d9d58c29b50), 512 [0x7d9d58c29b50, 0x7d9d58c29d50), 1024 [0x7d9d58c29d50, 0x7d9d58c2a150), 
INFO: Loaded 3 PC tables (2048 PCs): 512 [0x7d9d58453740,0x7d9d58455740), 512 [0x7d9d586194a0,0x7d9d5861b4a0), 1024 [0x7d9d5861b4b0,0x7d9d5861f4b0), 
INFO:        0 files found in /tmp/bugrun/lang_19.cGkULq/.cifuzz-corpus/com.example.algorithm2.Algorithm2Test/testParameterizedFuzzer
INFO:        0 files found in /tmp/jazzer-java-seeds2058784918427899945
INFO: -max_len is not provided; libFuzzer will not generate inputs larger than 4096 bytes
INFO: A corpus is not provided, starting from an empty corpus
#2	INITED cov: 35 ft: 35 corp: 1/1b exec/s: 0 rss: 859Mb
#4	NEW    cov: 41 ft: 41 corp: 2/5b lim: 4 exec/s: 0 rss: 859Mb L: 4/4 MS: 4 InsertByte-Custom-CMP-Custom- DE: "\005\000"-
#5	NEW    cov: 45 ft: 46 corp: 3/6b lim: 4 exec/s: 0 rss: 859Mb L: 1/4 MS: 2 ChangeByte-Custom-
#6	NEW    cov: 46 ft: 47 corp: 4/10b lim: 4 exec/s: 0 rss: 859Mb L: 4/4 MS: 2 ChangeBit-Custom-
#8	NEW    cov: 49 ft: 51 corp: 5/14b lim: 4 exec/s: 0 rss: 859Mb L: 4/4 MS: 4 ChangeByte-Custom-ChangeBinInt-Custom-
#16	NEW    cov: 54 ft: 56 corp: 6/18b lim: 4 exec/s: 0 rss: 859Mb L: 4/4 MS: 6 CMP-Custom-ChangeBit-Custom-ChangeBinInt-Custom- DE: "\377\377\377\232"-
#18	NEW    cov: 55 ft: 57 corp: 7/22b lim: 4 exec/s: 0 rss: 859Mb L: 4/4 MS: 4 ChangeBit-Custom-CopyPart-Custom-
#21	NEW    cov: 60 ft: 63 corp: 8/26b lim: 4 exec/s: 0 rss: 859Mb L: 4/4 MS: 6 ChangeByte-Custom-ShuffleBytes-Custom-ChangeBit-Custom-
#25	NEW    cov: 60 ft: 65 corp: 9/29b lim: 4 exec/s: 0 rss: 859Mb L: 3/4 MS: 8 CrossOver-Custom-ShuffleBytes-Custom-PersAutoDict-Custom-EraseBytes-Custom- DE: "\377\377\377\232"-
#26	NEW    cov: 70 ft: 75 corp: 10/32b lim: 4 exec/s: 0 rss: 859Mb L: 3/4 MS: 2 ChangeBinInt-Custom-
#27	NEW    cov: 90 ft: 95 corp: 11/36b lim: 4 exec/s: 0 rss: 859Mb L: 4/4 MS: 2 InsertByte-Custom-
#34	NEW    cov: 90 ft: 103 corp: 12/40b lim: 4 exec/s: 0 rss: 859Mb L: 4/4 MS: 4 CopyPart-Custom-ShuffleBytes-Custom-
INFO: #38	NEW    cov: 93 ft: 106 corp: 13/44b lim: 4 exec/s: 0 rss: 859Mb L: 4/4 MS: 8 PersAutoDict-Custom-ChangeBinInt-Custom-ChangeBit-Custom-CrossOver-Custom- DE: "\005\000"-
using inputs from: /tmp/bugrun/lang_19.cGkULq/.cifuzz-corpus/com.example.algorithm2.Algorithm2Test/testParameterizedFuzzer
#41	REDUCE cov: 93 ft: 106 corp: 13/42b lim: 4 exec/s: 0 rss: 859Mb L: 2/4 MS: 6 ShuffleBytes-Custom-CrossOver-Custom-EraseBytes-Custom-
#42	NEW    cov: 94 ft: 107 corp: 14/45b lim: 4 exec/s: 0 rss: 859Mb L: 3/4 MS: 2 ChangeBinInt-Custom-
INFO: #44	NEW    cov: 96 ft: 109 corp: 15/49b lim: 4 exec/s: 0 rss: 859Mb L: 4/4 MS: 4 CMP-Custom-PersAutoDict-Custom- DE: "\377\377"-"\005\000"-
using inputs from: /tmp/jazzer-java-seeds2058784918427899945
#46	NEW    cov: 99 ft: 112 corp: 16/53b lim: 4 exec/s: 0 rss: 859Mb L: 4/4 MS: 4 CopyPart-Custom-ChangeBit-Custom-
INFO: #49	NEW    cov: 101 ft: 114 corp: 17/57b lim: 4 exec/s: 0 rss: 859Mb L: 4/4 MS: 6 PersAutoDict-Custom-ChangeBit-Custom-CopyPart-Custom- DE: "\377\377\377\232"-
Instrumented org.apache.commons.lang3.CharSequenceUtils (took 12 ms, size +60%)
#56	NEW    cov: 112 ft: 125 corp: 18/61b lim: 4 exec/s: 0 rss: 859Mb L: 4/4 MS: 4 ChangeByte-Custom-ChangeBit-Custom-
#57	NEW    cov: 124 ft: 141 corp: 19/65b lim: 4 exec/s: 0 rss: 859Mb L: 4/4 MS: 2 ChangeByte-Custom-
#58	NEW    cov: 125 ft: 142 corp: 20/67b lim: 4 exec/s: 0 rss: 859Mb L: 2/4 MS: 2 EraseBytes-Custom-
#61	NEW    cov: 126 ft: 143 corp: 21/71b lim: 4 exec/s: 0 rss: 859Mb L: 4/4 MS: 6 PersAutoDict-Custom-ChangeBit-Custom-ChangeByte-Custom- DE: "\377\377\377\232"-
#62	NEW    cov: 147 ft: 166 corp: 22/75b lim: 4 exec/s: 0 rss: 859Mb L: 4/4 MS: 2 ChangeBinInt-Custom-
#63	NEW    cov: 153 ft: 173 corp: 23/79b lim: 4 exec/s: 0 rss: 859Mb L: 4/4 MS: 2 CrossOver-Custom-
#66	NEW    cov: 153 ft: 174 corp: 24/83b lim: 4 exec/s: 0 rss: 859Mb L: 4/4 MS: 6 CrossOver-Custom-EraseBytes-Custom-CrossOver-Custom-
#67	NEW    cov: 156 ft: 177 corp: 25/86b lim: 4 exec/s: 0 rss: 859Mb L: 3/4 MS: 2 ChangeBit-Custom-
#70	NEW    cov: 161 ft: 182 corp: 26/87b lim: 4 exec/s: 0 rss: 859Mb L: 1/4 MS: 6 CopyPart-Custom-ChangeByte-Custom-EraseBytes-Custom-
#71	NEW    cov: 161 ft: 187 corp: 27/91b lim: 4 exec/s: 0 rss: 859Mb L: 4/4 MS: 2 ChangeBit-Custom-
#75	NEW    cov: 164 ft: 192 corp: 28/95b lim: 4 exec/s: 0 rss: 859Mb L: 4/4 MS: 8 ChangeByte-Custom-ChangeByte-Custom-CrossOver-Custom-ChangeBinInt-Custom-
#82	NEW    cov: 167 ft: 195 corp: 29/98b lim: 4 exec/s: 0 rss: 859Mb L: 3/4 MS: 4 PersAutoDict-Custom-ChangeBit-Custom- DE: "\005\000"-
#83	REDUCE cov: 167 ft: 195 corp: 29/96b lim: 4 exec/s: 0 rss: 859Mb L: 2/4 MS: 2 EraseBytes-Custom-
#85	NEW    cov: 168 ft: 196 corp: 30/98b lim: 4 exec/s: 0 rss: 859Mb L: 2/4 MS: 4 ShuffleBytes-Custom-EraseBytes-Custom-
#87	NEW    cov: 173 ft: 201 corp: 31/102b lim: 4 exec/s: 0 rss: 859Mb L: 4/4 MS: 4 CrossOver-Custom-ChangeBinInt-Custom-
#91	NEW    cov: 183 ft: 212 corp: 32/105b lim: 4 exec/s: 0 rss: 859Mb L: 3/4 MS: 8 ChangeBit-Custom-ChangeByte-Custom-CrossOver-Custom-CrossOver-Custom-
#92	NEW    cov: 184 ft: 213 corp: 33/109b lim: 4 exec/s: 0 rss: 859Mb L: 4/4 MS: 2 ChangeByte-Custom-
#99	NEW    cov: 186 ft: 219 corp: 34/113b lim: 4 exec/s: 0 rss: 859Mb L: 4/4 MS: 4 ShuffleBytes-Custom-CMP-Custom- DE: "\000\000\000\243"-
#102	NEW    cov: 198 ft: 234 corp: 35/115b lim: 4 exec/s: 0 rss: 859Mb L: 2/4 MS: 6 CrossOver-Custom-ChangeBinInt-Custom-ChangeBit-Custom-
#103	REDUCE cov: 201 ft: 237 corp: 36/117b lim: 4 exec/s: 0 rss: 859Mb L: 2/4 MS: 2 ChangeByte-Custom-
#115	NEW    cov: 214 ft: 250 corp: 37/121b lim: 4 exec/s: 0 rss: 859Mb L: 4/4 MS: 4 PersAutoDict-Custom-ChangeByte-Custom- DE: "\377\377"-
INFO: New number of coverage counters: 4096
#116	NEW    cov: 218 ft: 254 corp: 38/123b lim: 4 exec/s: 0 rss: 860Mb L: 2/4 MS: 2 EraseBytes-Custom-
#117	NEW    cov: 219 ft: 255 corp: 39/127b lim: 4 exec/s: 0 rss: 860Mb L: 4/4 MS: 2 ChangeBit-Custom-
#133	REDUCE cov: 221 ft: 258 corp: 40/130b lim: 4 exec/s: 0 rss: 860Mb L: 3/4 MS: 2 InsertByte-Custom-
#141	NEW    cov: 222 ft: 259 corp: 41/131b lim: 4 exec/s: 0 rss: 860Mb L: 1/4 MS: 6 ShuffleBytes-Custom-CopyPart-Custom-EraseBytes-Custom-
#144	REDUCE cov: 222 ft: 259 corp: 41/130b lim: 4 exec/s: 0 rss: 860Mb L: 3/4 MS: 6 ChangeByte-Custom-CopyPart-Custom-EraseBytes-Custom-
#152	NEW    cov: 223 ft: 260 corp: 42/131b lim: 4 exec/s: 0 rss: 860Mb L: 1/4 MS: 6 ChangeByte-Custom-EraseBytes-Custom-EraseBytes-Custom-
#156	NEW    cov: 224 ft: 261 corp: 43/135b lim: 4 exec/s: 0 rss: 860Mb L: 4/4 MS: 8 ShuffleBytes-Custom-PersAutoDict-Custom-ChangeByte-Custom-ChangeByte-Custom- DE: "\005\000"-
#160	NEW    cov: 225 ft: 262 corp: 44/139b lim: 4 exec/s: 0 rss: 860Mb L: 4/4 MS: 8 InsertByte-Custom-EraseBytes-Custom-InsertByte-Custom-ChangeByte-Custom-
#167	NEW    cov: 227 ft: 264 corp: 45/141b lim: 4 exec/s: 0 rss: 860Mb L: 2/4 MS: 4 ChangeBit-Custom-InsertByte-Custom-
#172	NEW    cov: 228 ft: 265 corp: 46/144b lim: 4 exec/s: 0 rss: 860Mb L: 3/4 MS: 10 ChangeBit-Custom-InsertByte-Custom-ChangeByte-Custom-ChangeBit-Custom-CrossOver-Custom-
#178	NEW    cov: 229 ft: 266 corp: 47/148b lim: 4 exec/s: 0 rss: 860Mb L: 4/4 MS: 2 ChangeByte-Custom-
#184	NEW    cov: 234 ft: 271 corp: 48/152b lim: 4 exec/s: 0 rss: 860Mb L: 4/4 MS: 2 ChangeBinInt-Custom-
#188	NEW    cov: 236 ft: 273 corp: 49/154b lim: 4 exec/s: 0 rss: 860Mb L: 2/4 MS: 8 PersAutoDict-Custom-EraseBytes-Custom-CopyPart-Custom-InsertByte-Custom- DE: "\377\377"-
#190	NEW    cov: 241 ft: 278 corp: 50/158b lim: 4 exec/s: 0 rss: 860Mb L: 4/4 MS: 4 ChangeBit-Custom-ChangeByte-Custom-
#194	NEW    cov: 241 ft: 283 corp: 51/160b lim: 4 exec/s: 0 rss: 861Mb L: 2/4 MS: 8 ShuffleBytes-Custom-ShuffleBytes-Custom-CopyPart-Custom-CopyPart-Custom-
#196	NEW    cov: 243 ft: 285 corp: 52/164b lim: 4 exec/s: 0 rss: 861Mb L: 4/4 MS: 4 CopyPart-Custom-ChangeBit-Custom-
#207	REDUCE cov: 243 ft: 285 corp: 52/163b lim: 4 exec/s: 0 rss: 863Mb L: 1/4 MS: 2 EraseBytes-Custom-
#209	NEW    cov: 244 ft: 286 corp: 53/164b lim: 4 exec/s: 0 rss: 863Mb L: 1/4 MS: 4 ShuffleBytes-Custom-ChangeASCIIInt-Custom-
#212	REDUCE cov: 246 ft: 288 corp: 54/168b lim: 4 exec/s: 0 rss: 863Mb L: 4/4 MS: 6 InsertByte-Custom-ShuffleBytes-Custom-CopyPart-Custom-
#213	NEW    cov: 249 ft: 291 corp: 55/169b lim: 4 exec/s: 0 rss: 863Mb L: 1/4 MS: 2 ChangeASCIIInt-Custom-
#219	REDUCE cov: 249 ft: 291 corp: 55/168b lim: 4 exec/s: 0 rss: 863Mb L: 3/4 MS: 2 EraseBytes-Custom-
#221	NEW    cov: 252 ft: 294 corp: 56/170b lim: 4 exec/s: 0 rss: 863Mb L: 2/4 MS: 4 PersAutoDict-Custom-ChangeBit-Custom- DE: "\005\000"-
#222	NEW    cov: 255 ft: 297 corp: 57/172b lim: 4 exec/s: 0 rss: 863Mb L: 2/4 MS: 2 InsertByte-Custom-
#223	NEW    cov: 256 ft: 298 corp: 58/175b lim: 4 exec/s: 0 rss: 863Mb L: 3/4 MS: 2 CrossOver-Custom-
#224	REDUCE cov: 256 ft: 298 corp: 58/174b lim: 4 exec/s: 0 rss: 863Mb L: 3/4 MS: 2 EraseBytes-Custom-
#225	NEW    cov: 257 ft: 299 corp: 59/175b lim: 4 exec/s: 0 rss: 863Mb L: 1/4 MS: 2 ChangeBinInt-Custom-
#230	NEW    cov: 261 ft: 303 corp: 60/179b lim: 4 exec/s: 0 rss: 863Mb L: 4/4 MS: 10 CopyPart-Custom-ChangeByte-Custom-CrossOver-Custom-ChangeBinInt-Custom-ChangeBit-Custom-
#232	NEW    cov: 264 ft: 306 corp: 61/183b lim: 4 exec/s: 0 rss: 863Mb L: 4/4 MS: 4 InsertByte-Custom-ChangeBit-Custom-
#234	NEW    cov: 268 ft: 310 corp: 62/187b lim: 4 exec/s: 0 rss: 863Mb L: 4/4 MS: 4 CrossOver-Custom-ChangeBit-Custom-
#239	NEW    cov: 268 ft: 312 corp: 63/191b lim: 4 exec/s: 0 rss: 863Mb L: 4/4 MS: 10 CopyPart-Custom-CopyPart-Custom-CopyPart-Custom-CrossOver-Custom-ShuffleBytes-Custom-
#240	NEW    cov: 280 ft: 324 corp: 64/195b lim: 4 exec/s: 0 rss: 863Mb L: 4/4 MS: 2 ChangeBinInt-Custom-
#254	NEW    cov: 283 ft: 327 corp: 65/199b lim: 4 exec/s: 0 rss: 863Mb L: 4/4 MS: 8 PersAutoDict-Custom-ShuffleBytes-Custom-CrossOver-Custom-ChangeBinInt-Custom- DE: "\377\377"-
#262	NEW    cov: 284 ft: 328 corp: 66/203b lim: 4 exec/s: 0 rss: 863Mb L: 4/4 MS: 6 ChangeByte-Custom-ChangeBinInt-Custom-ChangeBinInt-Custom-
#267	NEW    cov: 288 ft: 332 corp: 67/207b lim: 4 exec/s: 0 rss: 863Mb L: 4/4 MS: 10 CopyPart-Custom-CrossOver-Custom-ChangeBit-Custom-ChangeByte-Custom-ChangeBinInt-Custom-
#268	NEW    cov: 292 ft: 336 corp: 68/210b lim: 4 exec/s: 0 rss: 863Mb L: 3/4 MS: 2 InsertByte-Custom-
#270	REDUCE cov: 294 ft: 338 corp: 69/213b lim: 4 exec/s: 0 rss: 863Mb L: 3/4 MS: 4 ShuffleBytes-Custom-InsertByte-Custom-
#271	NEW    cov: 296 ft: 340 corp: 70/215b lim: 4 exec/s: 0 rss: 863Mb L: 2/4 MS: 2 ChangeBit-Custom-
#273	NEW    cov: 297 ft: 342 corp: 71/218b lim: 4 exec/s: 0 rss: 863Mb L: 3/4 MS: 4 CopyPart-Custom-EraseBytes-Custom-
#276	NEW    cov: 300 ft: 345 corp: 72/220b lim: 4 exec/s: 0 rss: 863Mb L: 2/4 MS: 6 EraseBytes-Custom-ChangeBinInt-Custom-CMP-Custom- DE: "\001\002"-
#277	NEW    cov: 302 ft: 347 corp: 73/221b lim: 4 exec/s: 0 rss: 863Mb L: 1/4 MS: 2 CrossOver-Custom-
#279	NEW    cov: 303 ft: 348 corp: 74/223b lim: 4 exec/s: 0 rss: 863Mb L: 2/4 MS: 4 ChangeBinInt-Custom-EraseBytes-Custom-
#282	REDUCE cov: 303 ft: 348 corp: 74/221b lim: 4 exec/s: 0 rss: 863Mb L: 2/4 MS: 6 CrossOver-Custom-ChangeByte-Custom-EraseBytes-Custom-
#284	NEW    cov: 304 ft: 349 corp: 75/225b lim: 4 exec/s: 0 rss: 863Mb L: 4/4 MS: 4 ChangeBit-Custom-ChangeByte-Custom-
#288	NEW    cov: 305 ft: 350 corp: 76/228b lim: 4 exec/s: 0 rss: 863Mb L: 3/4 MS: 8 CrossOver-Custom-ChangeBit-Custom-EraseBytes-Custom-CrossOver-Custom-
#294	REDUCE cov: 305 ft: 350 corp: 76/227b lim: 4 exec/s: 0 rss: 863Mb L: 1/4 MS: 2 EraseBytes-Custom-
#296	NEW    cov: 305 ft: 351 corp: 77/231b lim: 4 exec/s: 0 rss: 863Mb L: 4/4 MS: 4 CrossOver-Custom-CrossOver-Custom-
#303	NEW    cov: 309 ft: 355 corp: 78/234b lim: 4 exec/s: 0 rss: 863Mb L: 3/4 MS: 4 CopyPart-Custom-ChangeBit-Custom-
#324	NEW    cov: 313 ft: 359 corp: 79/237b lim: 4 exec/s: 0 rss: 863Mb L: 3/4 MS: 2 PersAutoDict-Custom- DE: "\001\002"-
#329	NEW    cov: 317 ft: 363 corp: 80/241b lim: 4 exec/s: 0 rss: 863Mb L: 4/4 MS: 10 InsertByte-Custom-ShuffleBytes-Custom-CopyPart-Custom-ChangeByte-Custom-CMP-Custom- DE: "\377\203"-
INFO: #330	NEW    cov: 317 ft: 365 corp: 81/245b lim: 4 exec/s: 0 rss: 863Mb L: 4/4 MS: 2 CopyPart-Custom-
Instrumented org.apache.commons.lang3.ArrayUtils (took 191 ms, size +20%)
DEDUP_TOKEN: b86142fd247335c5
#331	NEW    cov: 321 ft: 369 corp: 82/248b lim: 4 exec/s: 0 rss: 863Mb L: 3/4 MS: 2 ChangeBinInt-Custom-
#335	NEW    cov: 327 ft: 375 corp: 83/250b lim: 4 exec/s: 0 rss: 863Mb L: 2/4 MS: 8 CrossOver-Custom-ShuffleBytes-Custom-EraseBytes-Custom-ChangeBinInt-Custom-
#340	NEW    cov: 328 ft: 376 corp: 84/252b lim: 4 exec/s: 0 rss: 863Mb L: 2/4 MS: 10 ChangeBinInt-Custom-InsertByte-Custom-ShuffleBytes-Custom-EraseBytes-Custom-EraseBytes-Custom-
#341	NEW    cov: 330 ft: 378 corp: 85/255b lim: 4 exec/s: 0 rss: 863Mb L: 3/4 MS: 2 ChangeBinInt-Custom-
#347	NEW    cov: 338 ft: 386 corp: 86/259b lim: 4 exec/s: 0 rss: 863Mb L: 4/4 MS: 2 ChangeBinInt-Custom-
MS: 8 ChangeByte-Custom-CopyPart-Custom-ChangeByte-Custom-ChangeByte-Custom-; base unit: 6b7ff991fb3f43cd15ec6af16ef95dc577451500
0x79,0x55,
yU
artifact_prefix='/tmp/bugrun/lang_19.cGkULq/'; Test unit written to /tmp/bugrun/lang_19.cGkULq/crash-1d46d8f68f137b8292f7427cca57469ce4ac98de
Base64: eVU=
Done 361 runs in 0 second(s)
[ERROR] Tests run: 2, Failures: 0, Errors: 1, Skipped: 0, Time elapsed: 7.860 s <<< FAILURE! -- in com.example.algorithm2.Algorithm2Test
[ERROR] com.example.algorithm2.Algorithm2Test.testParameterizedFuzzer(FuzzedDataProvider)[2] -- Time elapsed: 0.449 s <<< ERROR!
java.lang.IllegalArgumentException: Minimum abbreviation width is 4
	at org.apache.commons.lang3.StringUtils.abbreviate(StringUtils.java:5719)
	at java.base/jdk.internal.reflect.NativeMethodAccessorImpl.invoke0(Native Method)
	at java.base/jdk.internal.reflect.NativeMethodAccessorImpl.invoke(NativeMethodAccessorImpl.java:62)
	at java.base/jdk.internal.reflect.DelegatingMethodAccessorImpl.invoke(DelegatingMethodAccessorImpl.java:43)
	at java.base/java.lang.reflect.Method.invoke(Method.java:566)
	at com.example.algorithm2.Algorithm2Test.testParameterizedFuzzer(Algorithm2Test.java:226)

[INFO] 
[INFO] Results:
[INFO] 
[ERROR] Errors: 
[ERROR]   Algorithm2Test.testParameterizedFuzzer:226 » IllegalArgument Minimum abbreviation width is 4
[INFO] 
[ERROR] Tests run: 2, Failures: 0, Errors: 1, Skipped: 0
[INFO] 
[ERROR] 

Please refer to /tmp/bugrun/lang_19.cGkULq/target/surefire-reports for the individual test results.
Please refer to dump files (if any exist) [date].dump, [date]-jvmRun[N].dump and [date].dumpstream.
[INFO] 
[INFO] --- jacoco:0.8.11:report (default-cli) @ AlgorithmName2 ---
[INFO] Loading execution data file /tmp/bugrun/lang_19.cGkULq/target/jacoco.exec
[INFO] Analyzed bundle 'AlgorithmName2' with 142 classes
[INFO] ------------------------------------------------------------------------
[INFO] BUILD SUCCESS
[INFO] ------------------------------------------------------------------------
[INFO] Total time:  22.545 s
[INFO] Finished at: 2026-10-06T02:07:03+07:00
[INFO] ------------------------------------------------------------------------
