[INFO] Scanning for projects...
[INFO] 
[INFO] ---------------------< com.example:AlgorithmName2 >---------------------
[INFO] Building AlgorithmName2 1.0-SNAPSHOT
[INFO]   from pom.xml
[INFO] --------------------------------[ jar ]---------------------------------
[INFO] 
[INFO] --- jacoco:0.8.11:prepare-agent (default) @ AlgorithmName2 ---
[INFO] argLine set to -javaagent:/home/kanyaphak673380391-3/.m2/repository/org/jacoco/org.jacoco.agent/0.8.11/org.jacoco.agent-0.8.11-runtime.jar=destfile=/tmp/bugrun/cli_37.S1yTpm/target/jacoco.exec
[INFO] 
[INFO] --- resources:3.4.0:resources (default-resources) @ AlgorithmName2 ---
[INFO] Copying 1 resource from src/main/resources to target/classes
[INFO] 
[INFO] --- compiler:3.15.0:compile (default-compile) @ AlgorithmName2 ---
[INFO] Recompiling the module because of changed source code.
[INFO] Compiling 1 source file with javac [debug target 1.8] to target/classes
[WARNING] bootstrap class path not set in conjunction with -source 8
[INFO] 
[INFO] --- dependency:3.6.0:unpack-dependencies (unpack-defects4j) @ AlgorithmName2 ---
[INFO] 
[INFO] --- resources:3.4.0:testResources (default-testResources) @ AlgorithmName2 ---
[INFO] skip non existing resourceDirectory /tmp/bugrun/cli_37.S1yTpm/src/test/resources
[INFO] 
[INFO] --- compiler:3.15.0:testCompile (default-testCompile) @ AlgorithmName2 ---
[INFO] Recompiling the module because of changed dependency.
[INFO] Compiling 1 source file with javac [debug target 1.8] to target/test-classes
[WARNING] bootstrap class path not set in conjunction with -source 8
[INFO] 
[INFO] --- surefire:3.1.2:test (default-cli) @ AlgorithmName2 ---
[INFO] Using auto detected provider org.apache.maven.surefire.junitplatform.JUnitPlatformProvider
[INFO] 
[INFO] -------------------------------------------------------
[INFO]  T E S T S
[INFO] -------------------------------------------------------
[INFO] Running com.example.algorithm2.Algorithm2Test
OpenJDK 64-Bit Server VM warning: Sharing is only supported for boot loader classes because bootstrap classpath has been appended
INFO: Loaded 281 hooks from com.code_intelligence.jazzer.runtime.TraceCmpHooks
INFO: Loaded 5 hooks from com.code_intelligence.jazzer.runtime.TraceDivHooks
INFO: Loaded 2 hooks from com.code_intelligence.jazzer.runtime.TraceIndirHooks
INFO: Loaded 4 hooks from com.code_intelligence.jazzer.runtime.NativeLibHooks
INFO: Loaded 2 hooks from com.code_intelligence.jazzer.sanitizers.ClojureLangHooks
INFO: Loaded 5 hooks from com.code_intelligence.jazzer.sanitizers.Deserialization
INFO: Loaded 5 hooks from com.code_intelligence.jazzer.sanitizers.ExpressionLanguageInjection
INFO: Loaded 70 hooks from com.code_intelligence.jazzer.sanitizers.LdapInjection
INFO: Loaded 46 hooks from com.code_intelligence.jazzer.sanitizers.NamingContextLookup
INFO: Loaded 1 hooks from com.code_intelligence.jazzer.sanitizers.OsCommandInjection
INFO: Loaded 52 hooks from com.code_intelligence.jazzer.sanitizers.ReflectiveCall
INFO: Loaded 8 hooks from com.code_intelligence.jazzer.sanitizers.RegexInjection
INFO: Loaded 16 hooks from com.code_intelligence.jazzer.sanitizers.RegexRoadblocks
INFO: Loaded 18 hooks from com.code_intelligence.jazzer.sanitizers.ScriptEngineInjection
INFO: Loaded 2 hooks from com.code_intelligence.jazzer.sanitizers.ServerSideRequestForgery
INFO: Loaded 19 hooks from com.code_intelligence.jazzer.sanitizers.SqlInjection
INFO: Loaded 6 hooks from com.code_intelligence.jazzer.sanitizers.XPathInjection
INFO: Instrumented com.example.algorithm2.Algorithm2Test$Skip (took 154 ms, size +44%)
INFO: Instrumented com.example.algorithm2.Algorithm2Test (took 178 ms, size +27%)
INFO: Instrumented org.apache.commons.cli.CommandLine (took 208 ms, size +26%)
INFO: Instrumented org.apache.commons.cli.ParseException (took 8 ms, size +49%)
INFO: New number of coverage counters: 1024
INFO: Instrumented org.apache.commons.cli.Option (took 170 ms, size +22%)
[harness] target=org.apache.commons.cli.CommandLine factories=1 methods=16
INFO: found LLVMFuzzerCustomMutator (0x780c97070cd0). Disabling -len_control by default.
INFO: Running with entropic power schedule (0xFF, 100).
INFO: Seed: 1400395031
INFO: Loaded 2 modules   (1024 inline 8-bit counters): 512 [0x780da8b6e720, 0x780da8b6e920), 512 [0x780da8b6e920, 0x780da8b6eb20), 
INFO: Loaded 2 PC tables (1024 PCs): 512 [0x780da84ea710,0x780da84ec710), 512 [0x780da8691d10,0x780da8693d10), 
INFO:        0 files found in /tmp/bugrun/cli_37.S1yTpm/.cifuzz-corpus/com.example.algorithm2.Algorithm2Test/testParameterizedFuzzer
INFO:        0 files found in /tmp/jazzer-java-seeds10232590984265556893
INFO: -max_len is not provided; libFuzzer will not generate inputs larger than 4096 bytes
INFO: A corpus is not provided, starting from an empty corpus
#2	INITED cov: 46 ft: 46 corp: 1/1b exec/s: 0 rss: 813Mb
#4	NEW    cov: 48 ft: 48 corp: 2/4b lim: 4 exec/s: 0 rss: 813Mb L: 3/3 MS: 4 ShuffleBytes-Custom-CMP-Custom- DE: "\011\000"-
#5	NEW    cov: 51 ft: 57 corp: 3/5b lim: 4 exec/s: 0 rss: 813Mb L: 1/3 MS: 2 ChangeBit-Custom-
INFO: using inputs from: /tmp/bugrun/cli_37.S1yTpm/.cifuzz-corpus/com.example.algorithm2.Algorithm2Test/testParameterizedFuzzer
#6	REDUCE cov: 51 ft: 57 corp: 3/4b lim: 4 exec/s: 0 rss: 813Mb L: 2/2 MS: 2 EraseBytes-Custom-
INFO: using inputs from: /tmp/jazzer-java-seeds10232590984265556893
#15	NEW    cov: 60 ft: 66 corp: 4/6b lim: 4 exec/s: 0 rss: 813Mb L: 2/2 MS: 8 CopyPart-Custom-CrossOver-Custom-ShuffleBytes-Custom-ChangeBinInt-Custom-
#18	REDUCE cov: 60 ft: 74 corp: 5/10b lim: 4 exec/s: 0 rss: 813Mb L: 4/4 MS: 6 ShuffleBytes-Custom-ChangeBit-Custom-CopyPart-Custom-
#20	NEW    cov: 67 ft: 81 corp: 6/13b lim: 4 exec/s: 0 rss: 813Mb L: 3/4 MS: 4 PersAutoDict-Custom-ChangeBit-Custom- DE: "\011\000"-
#26	NEW    cov: 67 ft: 85 corp: 7/17b lim: 4 exec/s: 0 rss: 813Mb L: 4/4 MS: 2 ChangeBit-Custom-
#27	REDUCE cov: 70 ft: 88 corp: 8/19b lim: 4 exec/s: 0 rss: 813Mb L: 2/4 MS: 2 ChangeBinInt-Custom-
#43	REDUCE cov: 70 ft: 88 corp: 8/18b lim: 4 exec/s: 0 rss: 813Mb L: 1/4 MS: 2 EraseBytes-Custom-
#63	NEW    cov: 75 ft: 93 corp: 9/21b lim: 4 exec/s: 0 rss: 813Mb L: 3/4 MS: 10 EraseBytes-Custom-CopyPart-Custom-ChangeByte-Custom-EraseBytes-Custom-ChangeBinInt-Custom-
#70	NEW    cov: 77 ft: 95 corp: 10/25b lim: 4 exec/s: 0 rss: 815Mb L: 4/4 MS: 4 ChangeBit-Custom-InsertByte-Custom-
#86	NEW    cov: 77 ft: 98 corp: 11/29b lim: 4 exec/s: 0 rss: 815Mb L: 4/4 MS: 2 ChangeBinInt-Custom-
#90	NEW    cov: 79 ft: 100 corp: 12/30b lim: 4 exec/s: 0 rss: 815Mb L: 1/4 MS: 8 ChangeBinInt-Custom-InsertByte-Custom-CopyPart-Custom-EraseBytes-Custom-
#98	NEW    cov: 83 ft: 104 corp: 13/34b lim: 4 exec/s: 0 rss: 815Mb L: 4/4 MS: 6 ChangeByte-Custom-ChangeBit-Custom-CMP-Custom- DE: "\377\004"-
INFO: Instrumented org.apache.commons.cli.Util (took 10 ms, size +88%)
#178	NEW    cov: 83 ft: 105 corp: 14/38b lim: 4 exec/s: 0 rss: 815Mb L: 4/4 MS: 10 ShuffleBytes-Custom-CopyPart-Custom-PersAutoDict-Custom-ChangeBinInt-Custom-CopyPart-Custom- DE: "\377\004"-
#206	NEW    cov: 83 ft: 107 corp: 15/42b lim: 4 exec/s: 0 rss: 815Mb L: 4/4 MS: 6 CopyPart-Custom-PersAutoDict-Custom-ChangeBinInt-Custom- DE: "\377\004"-
#219	REDUCE cov: 83 ft: 107 corp: 15/40b lim: 4 exec/s: 0 rss: 818Mb L: 2/4 MS: 6 ChangeByte-Custom-PersAutoDict-Custom-EraseBytes-Custom- DE: "\377\004"-
#260	NEW    cov: 83 ft: 109 corp: 16/41b lim: 4 exec/s: 0 rss: 818Mb L: 1/4 MS: 2 EraseBytes-Custom-
#261	REDUCE cov: 83 ft: 109 corp: 16/40b lim: 4 exec/s: 0 rss: 818Mb L: 3/4 MS: 2 EraseBytes-Custom-
#280	NEW    cov: 83 ft: 124 corp: 17/44b lim: 4 exec/s: 0 rss: 819Mb L: 4/4 MS: 8 InsertByte-Custom-InsertByte-Custom-CrossOver-Custom-CopyPart-Custom-
#384	REDUCE cov: 86 ft: 127 corp: 18/46b lim: 4 exec/s: 0 rss: 819Mb L: 2/4 MS: 8 InsertByte-Custom-EraseBytes-Custom-ChangeByte-Custom-ChangeBinInt-Custom-
#390	REDUCE cov: 86 ft: 127 corp: 18/45b lim: 4 exec/s: 0 rss: 819Mb L: 1/4 MS: 2 EraseBytes-Custom-
#404	REDUCE cov: 86 ft: 127 corp: 18/44b lim: 4 exec/s: 0 rss: 819Mb L: 1/4 MS: 8 InsertByte-Custom-ChangeBit-Custom-ChangeBinInt-Custom-CrossOver-Custom-
#595	REDUCE cov: 86 ft: 127 corp: 18/43b lim: 4 exec/s: 0 rss: 819Mb L: 2/4 MS: 2 EraseBytes-Custom-
#773	REDUCE cov: 86 ft: 127 corp: 18/41b lim: 4 exec/s: 0 rss: 819Mb L: 2/4 MS: 6 CopyPart-Custom-EraseBytes-Custom-ChangeByte-Custom-
#829	REDUCE cov: 86 ft: 127 corp: 18/40b lim: 4 exec/s: 0 rss: 819Mb L: 3/4 MS: 2 EraseBytes-Custom-
#865	REDUCE cov: 86 ft: 127 corp: 18/39b lim: 4 exec/s: 0 rss: 819Mb L: 1/4 MS: 2 EraseBytes-Custom-
#870	NEW    cov: 86 ft: 130 corp: 19/41b lim: 4 exec/s: 0 rss: 819Mb L: 2/4 MS: 10 CopyPart-Custom-ChangeBit-Custom-ChangeBit-Custom-ChangeByte-Custom-CopyPart-Custom-
#891	NEW    cov: 86 ft: 133 corp: 20/45b lim: 4 exec/s: 0 rss: 819Mb L: 4/4 MS: 2 CopyPart-Custom-
#907	NEW    cov: 86 ft: 136 corp: 21/48b lim: 4 exec/s: 0 rss: 819Mb L: 3/4 MS: 2 CopyPart-Custom-
#948	NEW    cov: 86 ft: 138 corp: 22/52b lim: 4 exec/s: 0 rss: 819Mb L: 4/4 MS: 2 ShuffleBytes-Custom-
#1016	NEW    cov: 86 ft: 140 corp: 23/56b lim: 4 exec/s: 0 rss: 819Mb L: 4/4 MS: 6 CrossOver-Custom-CopyPart-Custom-ShuffleBytes-Custom-
#1162	REDUCE cov: 86 ft: 141 corp: 24/60b lim: 4 exec/s: 0 rss: 819Mb L: 4/4 MS: 2 CopyPart-Custom-
#1356	REDUCE cov: 86 ft: 141 corp: 24/59b lim: 4 exec/s: 0 rss: 819Mb L: 2/4 MS: 8 CrossOver-Custom-ChangeBinInt-Custom-ChangeBit-Custom-CrossOver-Custom-
#1407	REDUCE cov: 86 ft: 141 corp: 24/58b lim: 4 exec/s: 0 rss: 819Mb L: 2/4 MS: 2 EraseBytes-Custom-
#1767	REDUCE cov: 86 ft: 144 corp: 25/61b lim: 6 exec/s: 0 rss: 820Mb L: 3/4 MS: 10 CopyPart-Custom-CrossOver-Custom-ShuffleBytes-Custom-ChangeBit-Custom-CopyPart-Custom-
#1828	REDUCE cov: 86 ft: 145 corp: 26/65b lim: 6 exec/s: 0 rss: 820Mb L: 4/4 MS: 2 CopyPart-Custom-
#1881	NEW    cov: 86 ft: 149 corp: 27/71b lim: 6 exec/s: 0 rss: 820Mb L: 6/6 MS: 6 ShuffleBytes-Custom-EraseBytes-Custom-InsertRepeatedBytes-Custom-
#1892	NEW    cov: 86 ft: 151 corp: 28/76b lim: 6 exec/s: 0 rss: 820Mb L: 5/6 MS: 2 CopyPart-Custom-
#1989	REDUCE cov: 86 ft: 154 corp: 29/81b lim: 6 exec/s: 0 rss: 820Mb L: 5/6 MS: 4 CopyPart-Custom-InsertRepeatedBytes-Custom-
#2052	NEW    cov: 86 ft: 156 corp: 30/87b lim: 6 exec/s: 0 rss: 820Mb L: 6/6 MS: 6 PersAutoDict-Custom-CopyPart-Custom-CopyPart-Custom- DE: "\011\000"-
#2095	REDUCE cov: 86 ft: 156 corp: 30/86b lim: 6 exec/s: 0 rss: 820Mb L: 1/6 MS: 6 ShuffleBytes-Custom-ShuffleBytes-Custom-EraseBytes-Custom-
#2309	NEW    cov: 86 ft: 161 corp: 31/94b lim: 8 exec/s: 0 rss: 823Mb L: 8/8 MS: 8 EraseBytes-Custom-ChangeBinInt-Custom-InsertByte-Custom-InsertRepeatedBytes-Custom-
#2314	NEW    cov: 86 ft: 163 corp: 32/101b lim: 8 exec/s: 0 rss: 826Mb L: 7/8 MS: 10 PersAutoDict-Custom-ChangeBit-Custom-ChangeBinInt-Custom-EraseBytes-Custom-InsertByte-Custom- DE: "\011\000"-
#2339	REDUCE cov: 86 ft: 163 corp: 32/100b lim: 8 exec/s: 0 rss: 826Mb L: 7/7 MS: 10 EraseBytes-Custom-PersAutoDict-Custom-PersAutoDict-Custom-ChangeBinInt-Custom-CopyPart-Custom- DE: "\011\000"-"\377\004"-
#2358	NEW    cov: 86 ft: 166 corp: 33/108b lim: 8 exec/s: 0 rss: 826Mb L: 8/8 MS: 8 ChangeBit-Custom-InsertByte-Custom-ChangeBinInt-Custom-InsertRepeatedBytes-Custom-
#2384	NEW    cov: 86 ft: 181 corp: 34/116b lim: 8 exec/s: 0 rss: 826Mb L: 8/8 MS: 2 CMP-Custom- DE: "\377\377\377\377\377\377\377\377"-
#2553	NEW    cov: 86 ft: 185 corp: 35/123b lim: 8 exec/s: 0 rss: 827Mb L: 7/8 MS: 8 ChangeBit-Custom-ChangeBinInt-Custom-CrossOver-Custom-CopyPart-Custom-
#2752	REDUCE cov: 86 ft: 185 corp: 35/122b lim: 8 exec/s: 0 rss: 829Mb L: 5/8 MS: 8 ShuffleBytes-Custom-CMP-Custom-ShuffleBytes-Custom-EraseBytes-Custom- DE: "\007\000"-
#2760	REDUCE cov: 86 ft: 185 corp: 35/121b lim: 8 exec/s: 0 rss: 829Mb L: 4/8 MS: 6 ShuffleBytes-Custom-CopyPart-Custom-EraseBytes-Custom-
#2941	NEW    cov: 86 ft: 187 corp: 36/128b lim: 8 exec/s: 0 rss: 829Mb L: 7/8 MS: 2 InsertRepeatedBytes-Custom-
#3093	REDUCE cov: 86 ft: 187 corp: 36/127b lim: 8 exec/s: 0 rss: 831Mb L: 7/8 MS: 4 EraseBytes-Custom-CopyPart-Custom-
#3187	NEW    cov: 86 ft: 191 corp: 37/135b lim: 8 exec/s: 0 rss: 831Mb L: 8/8 MS: 8 ChangeByte-Custom-CopyPart-Custom-CopyPart-Custom-InsertRepeatedBytes-Custom-
#3402	REDUCE cov: 86 ft: 191 corp: 37/134b lim: 8 exec/s: 0 rss: 833Mb L: 4/8 MS: 10 InsertByte-Custom-ChangeByte-Custom-CopyPart-Custom-ShuffleBytes-Custom-CrossOver-Custom-
#3686	NEW    cov: 86 ft: 193 corp: 38/142b lim: 8 exec/s: 0 rss: 834Mb L: 8/8 MS: 8 ChangeBit-Custom-CopyPart-Custom-ChangeByte-Custom-ShuffleBytes-Custom-
#3964	REDUCE cov: 86 ft: 193 corp: 38/141b lim: 8 exec/s: 0 rss: 834Mb L: 2/8 MS: 6 PersAutoDict-Custom-EraseBytes-Custom-EraseBytes-Custom- DE: "\377\004"-
#4166	NEW    cov: 88 ft: 195 corp: 39/146b lim: 8 exec/s: 0 rss: 835Mb L: 5/8 MS: 4 InsertByte-Custom-ChangeBit-Custom-
#4167	NEW    cov: 88 ft: 197 corp: 40/154b lim: 8 exec/s: 0 rss: 835Mb L: 8/8 MS: 2 CopyPart-Custom-
#4433	REDUCE cov: 88 ft: 197 corp: 40/153b lim: 8 exec/s: 0 rss: 835Mb L: 7/8 MS: 2 EraseBytes-Custom-
#4445	REDUCE cov: 88 ft: 197 corp: 40/152b lim: 8 exec/s: 0 rss: 836Mb L: 7/8 MS: 4 ChangeBinInt-Custom-EraseBytes-Custom-
#4843	NEW    cov: 88 ft: 207 corp: 41/163b lim: 11 exec/s: 0 rss: 837Mb L: 11/11 MS: 6 ShuffleBytes-Custom-ChangeByte-Custom-InsertRepeatedBytes-Custom-
#4862	NEW    cov: 88 ft: 224 corp: 42/174b lim: 11 exec/s: 0 rss: 837Mb L: 11/11 MS: 8 PersAutoDict-Custom-ChangeBit-Custom-ChangeByte-Custom-CMP-Custom- DE: "\377\377\377\377\377\377\377\377"-"\377\377\377\377\377\377\377\377"-
#4934	REDUCE cov: 88 ft: 228 corp: 43/185b lim: 11 exec/s: 0 rss: 837Mb L: 11/11 MS: 4 ShuffleBytes-Custom-CopyPart-Custom-
#4950	REDUCE cov: 88 ft: 228 corp: 43/184b lim: 11 exec/s: 0 rss: 837Mb L: 10/11 MS: 2 EraseBytes-Custom-
#5454	NEW    cov: 88 ft: 231 corp: 44/197b lim: 14 exec/s: 0 rss: 841Mb L: 13/13 MS: 8 CopyPart-Custom-CopyPart-Custom-CopyPart-Custom-InsertRepeatedBytes-Custom-
#5479	NEW    cov: 88 ft: 233 corp: 45/209b lim: 14 exec/s: 0 rss: 841Mb L: 12/13 MS: 10 CrossOver-Custom-CMP-Custom-PersAutoDict-Custom-ChangeBit-Custom-CopyPart-Custom- DE: "\032\000\000\000"-"\007\000"-
#5611	REDUCE cov: 88 ft: 233 corp: 45/208b lim: 14 exec/s: 0 rss: 841Mb L: 4/13 MS: 4 ShuffleBytes-Custom-EraseBytes-Custom-
#5738	REDUCE cov: 88 ft: 233 corp: 45/207b lim: 14 exec/s: 0 rss: 841Mb L: 12/12 MS: 4 CopyPart-Custom-EraseBytes-Custom-
#5890	REDUCE cov: 88 ft: 233 corp: 45/206b lim: 14 exec/s: 0 rss: 841Mb L: 3/12 MS: 4 EraseBytes-Custom-CrossOver-Custom-
#6336	REDUCE cov: 88 ft: 233 corp: 45/205b lim: 17 exec/s: 0 rss: 841Mb L: 3/12 MS: 2 EraseBytes-Custom-
#6402	NEW    cov: 88 ft: 236 corp: 46/214b lim: 17 exec/s: 0 rss: 841Mb L: 9/12 MS: 2 CopyPart-Custom-
#6469	REDUCE cov: 88 ft: 238 corp: 47/227b lim: 17 exec/s: 0 rss: 841Mb L: 13/13 MS: 4 ShuffleBytes-Custom-InsertRepeatedBytes-Custom-
#7265	NEW    cov: 88 ft: 242 corp: 48/247b lim: 21 exec/s: 0 rss: 841Mb L: 20/20 MS: 2 CopyPart-Custom-
#7494	NEW    cov: 88 ft: 243 corp: 49/264b lim: 21 exec/s: 0 rss: 841Mb L: 17/20 MS: 8 InsertByte-Custom-ChangeByte-Custom-CopyPart-Custom-InsertRepeatedBytes-Custom-
#8021	REDUCE cov: 88 ft: 243 corp: 49/262b lim: 25 exec/s: 0 rss: 842Mb L: 11/20 MS: 4 ChangeByte-Custom-CrossOver-Custom-
#8254	REDUCE cov: 88 ft: 250 corp: 50/287b lim: 25 exec/s: 0 rss: 842Mb L: 25/25 MS: 6 InsertRepeatedBytes-Custom-InsertRepeatedBytes-Custom-PersAutoDict-Custom- DE: "\377\004"-
#8898	REDUCE cov: 88 ft: 257 corp: 51/314b lim: 29 exec/s: 0 rss: 843Mb L: 27/27 MS: 8 CopyPart-Custom-ShuffleBytes-Custom-InsertRepeatedBytes-Custom-InsertRepeatedBytes-Custom-
#8913	REDUCE cov: 88 ft: 268 corp: 52/340b lim: 29 exec/s: 0 rss: 843Mb L: 26/27 MS: 10 CrossOver-Custom-CopyPart-Custom-ChangeByte-Custom-EraseBytes-Custom-InsertRepeatedBytes-Custom-
#9242	REDUCE cov: 88 ft: 268 corp: 52/336b lim: 29 exec/s: 0 rss: 845Mb L: 22/27 MS: 8 CopyPart-Custom-ShuffleBytes-Custom-EraseBytes-Custom-ShuffleBytes-Custom-
#10389	REDUCE cov: 88 ft: 268 corp: 52/332b lim: 38 exec/s: 0 rss: 846Mb L: 13/27 MS: 4 ChangeBit-Custom-EraseBytes-Custom-
#10520	REDUCE cov: 88 ft: 268 corp: 52/327b lim: 38 exec/s: 0 rss: 846Mb L: 22/25 MS: 2 EraseBytes-Custom-
#10708	REDUCE cov: 88 ft: 272 corp: 53/360b lim: 38 exec/s: 0 rss: 846Mb L: 33/33 MS: 6 InsertByte-Custom-ShuffleBytes-Custom-InsertRepeatedBytes-Custom-
#10969	REDUCE cov: 90 ft: 274 corp: 54/364b lim: 38 exec/s: 0 rss: 846Mb L: 4/33 MS: 2 CopyPart-Custom-
#11607	REDUCE cov: 90 ft: 276 corp: 55/398b lim: 43 exec/s: 0 rss: 846Mb L: 34/34 MS: 6 CrossOver-Custom-ChangeBit-Custom-InsertRepeatedBytes-Custom-
#12372	NEW    cov: 90 ft: 278 corp: 56/437b lim: 48 exec/s: 0 rss: 846Mb L: 39/39 MS: 10 ChangeBinInt-Custom-CopyPart-Custom-PersAutoDict-Custom-CMP-Custom-InsertRepeatedBytes-Custom- DE: "\011\000"-"\031\000"-
#12378	REDUCE cov: 90 ft: 278 corp: 56/435b lim: 48 exec/s: 0 rss: 846Mb L: 31/39 MS: 2 EraseBytes-Custom-
#12410	NEW    cov: 90 ft: 282 corp: 57/483b lim: 48 exec/s: 0 rss: 846Mb L: 48/48 MS: 4 ChangeByte-Custom-InsertRepeatedBytes-Custom-
#12566	REDUCE cov: 90 ft: 282 corp: 57/480b lim: 48 exec/s: 0 rss: 846Mb L: 28/48 MS: 2 EraseBytes-Custom-
#12722	REDUCE cov: 90 ft: 282 corp: 57/475b lim: 48 exec/s: 0 rss: 846Mb L: 8/48 MS: 2 EraseBytes-Custom-
#12912	REDUCE cov: 90 ft: 282 corp: 57/474b lim: 48 exec/s: 0 rss: 846Mb L: 3/48 MS: 10 ShuffleBytes-Custom-EraseBytes-Custom-ShuffleBytes-Custom-InsertByte-Custom-CopyPart-Custom-
#13253	REDUCE cov: 90 ft: 282 corp: 57/472b lim: 48 exec/s: 0 rss: 846Mb L: 10/48 MS: 2 EraseBytes-Custom-
#13686	NEW    cov: 90 ft: 284 corp: 58/506b lim: 48 exec/s: 0 rss: 846Mb L: 34/48 MS: 6 CrossOver-Custom-EraseBytes-Custom-InsertRepeatedBytes-Custom-
#13711	REDUCE cov: 90 ft: 284 corp: 58/503b lim: 48 exec/s: 0 rss: 846Mb L: 22/48 MS: 10 ChangeByte-Custom-InsertByte-Custom-ShuffleBytes-Custom-PersAutoDict-Custom-EraseBytes-Custom- DE: "\011\000"-
#13837	REDUCE cov: 90 ft: 284 corp: 58/502b lim: 48 exec/s: 0 rss: 846Mb L: 47/47 MS: 2 EraseBytes-Custom-
#14729	REDUCE cov: 90 ft: 284 corp: 58/495b lim: 53 exec/s: 0 rss: 848Mb L: 40/40 MS: 4 EraseBytes-Custom-CrossOver-Custom-
#14746	REDUCE cov: 90 ft: 284 corp: 58/494b lim: 53 exec/s: 0 rss: 848Mb L: 33/40 MS: 4 ShuffleBytes-Custom-CrossOver-Custom-
#15252	REDUCE cov: 90 ft: 284 corp: 58/493b lim: 58 exec/s: 0 rss: 848Mb L: 10/40 MS: 2 EraseBytes-Custom-
#15508	REDUCE cov: 90 ft: 284 corp: 58/487b lim: 58 exec/s: 0 rss: 848Mb L: 28/40 MS: 2 EraseBytes-Custom-
#15658	REDUCE cov: 90 ft: 284 corp: 58/485b lim: 58 exec/s: 0 rss: 848Mb L: 31/40 MS: 10 PersAutoDict-Custom-ShuffleBytes-Custom-ShuffleBytes-Custom-PersAutoDict-Custom-EraseBytes-Custom- DE: "\011\000"-"\377\004"-
#16435	REDUCE cov: 90 ft: 284 corp: 58/484b lim: 63 exec/s: 0 rss: 848Mb L: 10/40 MS: 4 ShuffleBytes-Custom-EraseBytes-Custom-
#17623	REDUCE cov: 90 ft: 284 corp: 58/481b lim: 74 exec/s: 0 rss: 848Mb L: 25/40 MS: 6 CMP-Custom-InsertByte-Custom-EraseBytes-Custom- DE: "\000\031"-
#17951	REDUCE cov: 90 ft: 288 corp: 59/554b lim: 74 exec/s: 0 rss: 848Mb L: 73/73 MS: 6 InsertRepeatedBytes-Custom-ChangeBinInt-Custom-CrossOver-Custom-
#18697	REDUCE cov: 90 ft: 293 corp: 60/594b lim: 80 exec/s: 0 rss: 848Mb L: 40/73 MS: 2 InsertRepeatedBytes-Custom-
#19229	REDUCE cov: 90 ft: 295 corp: 61/670b lim: 80 exec/s: 19229 rss: 848Mb L: 76/76 MS: 4 ChangeByte-Custom-InsertRepeatedBytes-Custom-
#19230	REDUCE cov: 90 ft: 295 corp: 61/665b lim: 80 exec/s: 19230 rss: 848Mb L: 26/76 MS: 2 EraseBytes-Custom-
#19263	REDUCE cov: 90 ft: 295 corp: 61/663b lim: 80 exec/s: 19263 rss: 848Mb L: 74/74 MS: 6 ChangeByte-Custom-ChangeBit-Custom-EraseBytes-Custom-
#19899	REDUCE cov: 90 ft: 295 corp: 61/662b lim: 86 exec/s: 19899 rss: 854Mb L: 38/74 MS: 2 EraseBytes-Custom-
#20906	NEW    cov: 90 ft: 300 corp: 62/738b lim: 92 exec/s: 20906 rss: 860Mb L: 76/76 MS: 4 CopyPart-Custom-CopyPart-Custom-
#21347	REDUCE cov: 90 ft: 300 corp: 62/737b lim: 92 exec/s: 21347 rss: 863Mb L: 39/76 MS: 2 CrossOver-Custom-
#22390	REDUCE cov: 90 ft: 300 corp: 62/736b lim: 98 exec/s: 22390 rss: 864Mb L: 24/76 MS: 6 CrossOver-Custom-EraseBytes-Custom-InsertByte-Custom-
#23002	REDUCE cov: 90 ft: 300 corp: 62/735b lim: 104 exec/s: 23002 rss: 867Mb L: 9/76 MS: 4 EraseBytes-Custom-CopyPart-Custom-
#23324	REDUCE cov: 90 ft: 300 corp: 62/734b lim: 104 exec/s: 23324 rss: 869Mb L: 7/76 MS: 4 ShuffleBytes-Custom-EraseBytes-Custom-
#24794	REDUCE cov: 90 ft: 300 corp: 62/733b lim: 116 exec/s: 24794 rss: 877Mb L: 27/76 MS: 10 InsertByte-Custom-ChangeBit-Custom-ChangeByte-Custom-EraseBytes-Custom-CopyPart-Custom-
#24801	NEW    cov: 90 ft: 304 corp: 63/840b lim: 116 exec/s: 24801 rss: 877Mb L: 107/107 MS: 4 ChangeBinInt-Custom-InsertRepeatedBytes-Custom-
#26422	REDUCE cov: 90 ft: 304 corp: 63/837b lim: 128 exec/s: 26422 rss: 887Mb L: 24/107 MS: 2 EraseBytes-Custom-
#26784	REDUCE cov: 90 ft: 304 corp: 63/832b lim: 128 exec/s: 26784 rss: 889Mb L: 69/107 MS: 4 PersAutoDict-Custom-EraseBytes-Custom- DE: "\011\000"-
#28337	REDUCE cov: 90 ft: 309 corp: 64/947b lim: 142 exec/s: 28337 rss: 898Mb L: 115/115 MS: 6 PersAutoDict-Custom-ShuffleBytes-Custom-InsertRepeatedBytes-Custom- DE: "\377\377\377\377\377\377\377\377"-
#30711	REDUCE cov: 90 ft: 309 corp: 64/945b lim: 163 exec/s: 30711 rss: 912Mb L: 113/113 MS: 8 InsertRepeatedBytes-Custom-ShuffleBytes-Custom-ChangeByte-Custom-EraseBytes-Custom-
#33002	REDUCE cov: 90 ft: 309 corp: 64/944b lim: 184 exec/s: 33002 rss: 920Mb L: 23/113 MS: 2 EraseBytes-Custom-
#35240	REDUCE cov: 90 ft: 309 corp: 64/942b lim: 205 exec/s: 35240 rss: 933Mb L: 71/113 MS: 6 CopyPart-Custom-ChangeBinInt-Custom-EraseBytes-Custom-
#35255	REDUCE cov: 90 ft: 311 corp: 65/1132b lim: 205 exec/s: 35255 rss: 933Mb L: 190/190 MS: 10 EraseBytes-Custom-InsertRepeatedBytes-Custom-CopyPart-Custom-InsertByte-Custom-InsertRepeatedBytes-Custom-
#35604	REDUCE cov: 90 ft: 311 corp: 65/1131b lim: 205 exec/s: 35604 rss: 935Mb L: 8/190 MS: 8 CopyPart-Custom-InsertByte-Custom-ShuffleBytes-Custom-EraseBytes-Custom-
#36143	REDUCE cov: 90 ft: 311 corp: 65/1128b lim: 205 exec/s: 36143 rss: 938Mb L: 36/190 MS: 8 PersAutoDict-Custom-InsertRepeatedBytes-Custom-ShuffleBytes-Custom-EraseBytes-Custom- DE: "\031\000"-
#38039	REDUCE cov: 90 ft: 311 corp: 65/1127b lim: 219 exec/s: 38039 rss: 949Mb L: 11/190 MS: 2 EraseBytes-Custom-
#39980	REDUCE cov: 90 ft: 311 corp: 65/1126b lim: 233 exec/s: 39980 rss: 960Mb L: 106/190 MS: 2 EraseBytes-Custom-
#41211	REDUCE cov: 90 ft: 311 corp: 65/1124b lim: 240 exec/s: 41211 rss: 967Mb L: 104/190 MS: 2 EraseBytes-Custom-
#41326	REDUCE cov: 90 ft: 311 corp: 65/1123b lim: 240 exec/s: 41326 rss: 968Mb L: 68/190 MS: 10 ShuffleBytes-Custom-ShuffleBytes-Custom-ChangeBit-Custom-PersAutoDict-Custom-EraseBytes-Custom- DE: "\032\000\000\000"-
#43088	REDUCE cov: 90 ft: 311 corp: 65/1122b lim: 254 exec/s: 43088 rss: 978Mb L: 37/190 MS: 4 PersAutoDict-Custom-EraseBytes-Custom- DE: "\000\031"-
#45686	REDUCE cov: 90 ft: 311 corp: 65/1121b lim: 277 exec/s: 22843 rss: 993Mb L: 189/189 MS: 6 CrossOver-Custom-ShuffleBytes-Custom-EraseBytes-Custom-
#46379	REDUCE cov: 90 ft: 315 corp: 66/1363b lim: 277 exec/s: 23189 rss: 997Mb L: 242/242 MS: 6 InsertRepeatedBytes-Custom-CMP-Custom-CopyPart-Custom- DE: "\001\000"-
#46942	REDUCE cov: 90 ft: 315 corp: 66/1359b lim: 277 exec/s: 23471 rss: 1001Mb L: 238/238 MS: 6 InsertByte-Custom-InsertByte-Custom-EraseBytes-Custom-
#47776	REDUCE cov: 90 ft: 315 corp: 66/1358b lim: 285 exec/s: 23888 rss: 1005Mb L: 2/238 MS: 8 ChangeBit-Custom-InsertByte-Custom-EraseBytes-Custom-ChangeByte-Custom-
#47858	REDUCE cov: 90 ft: 315 corp: 66/1353b lim: 285 exec/s: 23929 rss: 1006Mb L: 71/238 MS: 4 InsertByte-Custom-EraseBytes-Custom-
#49739	REDUCE cov: 90 ft: 315 corp: 66/1352b lim: 301 exec/s: 24869 rss: 1017Mb L: 8/238 MS: 2 EraseBytes-Custom-
#50421	REDUCE cov: 90 ft: 315 corp: 66/1338b lim: 301 exec/s: 25210 rss: 1021Mb L: 57/238 MS: 4 ChangeBinInt-Custom-EraseBytes-Custom-
#53834	REDUCE cov: 90 ft: 315 corp: 66/1329b lim: 333 exec/s: 26917 rss: 1040Mb L: 48/238 MS: 6 CrossOver-Custom-ChangeBinInt-Custom-EraseBytes-Custom-
#54655	REDUCE cov: 90 ft: 315 corp: 66/1326b lim: 341 exec/s: 27327 rss: 1045Mb L: 235/235 MS: 2 EraseBytes-Custom-
#55412	REDUCE cov: 90 ft: 315 corp: 66/1324b lim: 341 exec/s: 27706 rss: 1049Mb L: 46/235 MS: 4 ChangeASCIIInt-Custom-EraseBytes-Custom-
#61559	REDUCE cov: 90 ft: 315 corp: 66/1323b lim: 397 exec/s: 30779 rss: 1085Mb L: 45/235 MS: 4 ChangeASCIIInt-Custom-EraseBytes-Custom-
#62691	REDUCE cov: 90 ft: 315 corp: 66/1322b lim: 405 exec/s: 31345 rss: 1092Mb L: 67/235 MS: 4 InsertByte-Custom-EraseBytes-Custom-
#65536	pulse  cov: 90 ft: 315 corp: 66/1322b lim: 429 exec/s: 32768 rss: 1109Mb
#71381	NEW    cov: 90 ft: 317 corp: 67/1448b lim: 485 exec/s: 35690 rss: 1143Mb L: 126/235 MS: 10 ChangeByte-Custom-ChangeByte-Custom-ChangeBinInt-Custom-ChangeBinInt-Custom-InsertRepeatedBytes-Custom-
#71732	REDUCE cov: 90 ft: 317 corp: 67/1447b lim: 485 exec/s: 35866 rss: 1145Mb L: 7/235 MS: 2 EraseBytes-Custom-
#71762	NEW    cov: 90 ft: 319 corp: 68/1565b lim: 485 exec/s: 35881 rss: 1145Mb L: 118/235 MS: 10 InsertRepeatedBytes-Custom-CopyPart-Custom-ShuffleBytes-Custom-ChangeBit-Custom-EraseBytes-Custom-
#72188	REDUCE cov: 90 ft: 319 corp: 68/1532b lim: 485 exec/s: 36094 rss: 1148Mb L: 85/235 MS: 2 EraseBytes-Custom-
#72412	REDUCE cov: 90 ft: 321 corp: 69/1599b lim: 485 exec/s: 36206 rss: 1148Mb L: 67/235 MS: 8 CrossOver-Custom-PersAutoDict-Custom-EraseBytes-Custom-ChangeBit-Custom- DE: "\377\377\377\377\377\377\377\377"-
#72781	REDUCE cov: 90 ft: 321 corp: 69/1575b lim: 485 exec/s: 36390 rss: 1148Mb L: 102/235 MS: 8 CrossOver-Custom-PersAutoDict-Custom-InsertByte-Custom-EraseBytes-Custom- DE: "\000\031"-
#73334	REDUCE cov: 90 ft: 321 corp: 69/1570b lim: 485 exec/s: 36667 rss: 1148Mb L: 35/235 MS: 6 ChangeByte-Custom-EraseBytes-Custom-CrossOver-Custom-
#73476	REDUCE cov: 90 ft: 321 corp: 69/1553b lim: 485 exec/s: 36738 rss: 1148Mb L: 85/235 MS: 4 ChangeBit-Custom-EraseBytes-Custom-
#74432	REDUCE cov: 90 ft: 321 corp: 69/1522b lim: 493 exec/s: 37216 rss: 1148Mb L: 54/235 MS: 2 EraseBytes-Custom-
#74772	REDUCE cov: 90 ft: 330 corp: 70/1991b lim: 493 exec/s: 37386 rss: 1148Mb L: 469/469 MS: 10 CMP-Custom-InsertRepeatedBytes-Custom-ShuffleBytes-Custom-InsertRepeatedBytes-Custom-CopyPart-Custom- DE: "\001\000\000\000\000\000\000\000"-
#77114	REDUCE cov: 90 ft: 330 corp: 70/1987b lim: 509 exec/s: 38557 rss: 1148Mb L: 41/469 MS: 4 ChangeBit-Custom-EraseBytes-Custom-
#77334	REDUCE cov: 90 ft: 330 corp: 70/1964b lim: 509 exec/s: 38667 rss: 1148Mb L: 166/469 MS: 10 InsertByte-Custom-EraseBytes-Custom-EraseBytes-Custom-PersAutoDict-Custom-CopyPart-Custom- DE: "\031\000"-
#77412	REDUCE cov: 90 ft: 330 corp: 70/1948b lim: 509 exec/s: 38706 rss: 1148Mb L: 453/453 MS: 6 PersAutoDict-Custom-EraseBytes-Custom-CopyPart-Custom- DE: "\032\000\000\000"-
#77886	REDUCE cov: 90 ft: 330 corp: 70/1935b lim: 509 exec/s: 38943 rss: 1148Mb L: 54/453 MS: 8 ChangeBit-Custom-ShuffleBytes-Custom-CopyPart-Custom-EraseBytes-Custom-
#78790	REDUCE cov: 90 ft: 330 corp: 70/1934b lim: 517 exec/s: 39395 rss: 1148Mb L: 40/453 MS: 8 CopyPart-Custom-ChangeASCIIInt-Custom-ChangeByte-Custom-EraseBytes-Custom-
#79123	REDUCE cov: 90 ft: 330 corp: 70/1933b lim: 517 exec/s: 39561 rss: 1148Mb L: 452/452 MS: 6 EraseBytes-Custom-ShuffleBytes-Custom-ChangeByte-Custom-
#80280	REDUCE cov: 90 ft: 330 corp: 70/1916b lim: 526 exec/s: 40140 rss: 1148Mb L: 23/452 MS: 4 ChangeByte-Custom-EraseBytes-Custom-
#80316	REDUCE cov: 90 ft: 330 corp: 70/1908b lim: 526 exec/s: 40158 rss: 1148Mb L: 46/452 MS: 2 EraseBytes-Custom-
#81211	REDUCE cov: 90 ft: 330 corp: 70/1905b lim: 526 exec/s: 40605 rss: 1148Mb L: 51/452 MS: 10 ShuffleBytes-Custom-PersAutoDict-Custom-EraseBytes-Custom-PersAutoDict-Custom-CrossOver-Custom- DE: "\001\000"-"\000\031"-
#81287	REDUCE cov: 90 ft: 330 corp: 70/1901b lim: 526 exec/s: 40643 rss: 1148Mb L: 42/452 MS: 2 EraseBytes-Custom-
#81534	REDUCE cov: 90 ft: 330 corp: 70/1894b lim: 526 exec/s: 40767 rss: 1148Mb L: 16/452 MS: 4 ChangeByte-Custom-EraseBytes-Custom-
#81745	REDUCE cov: 90 ft: 330 corp: 70/1886b lim: 526 exec/s: 40872 rss: 1148Mb L: 43/452 MS: 2 EraseBytes-Custom-
#82696	REDUCE cov: 90 ft: 330 corp: 70/1883b lim: 535 exec/s: 41348 rss: 1148Mb L: 13/452 MS: 2 EraseBytes-Custom-
#83126	REDUCE cov: 90 ft: 330 corp: 70/1879b lim: 535 exec/s: 41563 rss: 1148Mb L: 109/452 MS: 10 PersAutoDict-Custom-ShuffleBytes-Custom-ChangeBinInt-Custom-EraseBytes-Custom-CrossOver-Custom- DE: "\011\000"-
#86201	REDUCE cov: 90 ft: 332 corp: 71/2088b lim: 562 exec/s: 28733 rss: 1148Mb L: 209/452 MS: 10 InsertByte-Custom-CMP-Custom-CopyPart-Custom-ChangeBinInt-Custom-CopyPart-Custom- DE: "\001\000\000\000\000\000\000\000"-
#88122	REDUCE cov: 90 ft: 332 corp: 71/2085b lim: 580 exec/s: 29374 rss: 1148Mb L: 39/452 MS: 2 EraseBytes-Custom-
#88964	REDUCE cov: 90 ft: 332 corp: 71/2083b lim: 580 exec/s: 29654 rss: 1148Mb L: 24/452 MS: 4 ChangeBinInt-Custom-EraseBytes-Custom-
#89625	REDUCE cov: 90 ft: 334 corp: 72/2166b lim: 580 exec/s: 29875 rss: 1148Mb L: 83/452 MS: 2 CopyPart-Custom-
#90342	REDUCE cov: 90 ft: 334 corp: 72/2160b lim: 580 exec/s: 30114 rss: 1148Mb L: 77/452 MS: 4 CopyPart-Custom-EraseBytes-Custom-
#90538	REDUCE cov: 90 ft: 334 corp: 72/2159b lim: 580 exec/s: 30179 rss: 1148Mb L: 34/452 MS: 2 EraseBytes-Custom-
#91579	REDUCE cov: 90 ft: 334 corp: 72/2158b lim: 589 exec/s: 30526 rss: 1148Mb L: 208/452 MS: 2 EraseBytes-Custom-
#94840	REDUCE cov: 90 ft: 334 corp: 72/2071b lim: 616 exec/s: 31613 rss: 1148Mb L: 121/452 MS: 2 EraseBytes-Custom-
#99771	REDUCE cov: 90 ft: 334 corp: 72/2068b lim: 661 exec/s: 33257 rss: 1148Mb L: 82/452 MS: 2 EraseBytes-Custom-
#104843	REDUCE cov: 90 ft: 334 corp: 72/2064b lim: 706 exec/s: 34947 rss: 1148Mb L: 39/452 MS: 4 ChangeByte-Custom-EraseBytes-Custom-
#106113	REDUCE cov: 90 ft: 334 corp: 72/2063b lim: 715 exec/s: 35371 rss: 1148Mb L: 234/452 MS: 10 CMP-Custom-ChangeBit-Custom-CopyPart-Custom-ShuffleBytes-Custom-EraseBytes-Custom- DE: "\001\000\000\000\000\000\000\000"-
#113264	REDUCE cov: 90 ft: 334 corp: 72/2062b lim: 778 exec/s: 37754 rss: 1148Mb L: 103/452 MS: 2 EraseBytes-Custom-
#115950	REDUCE cov: 90 ft: 334 corp: 72/2061b lim: 796 exec/s: 38650 rss: 1148Mb L: 38/452 MS: 2 EraseBytes-Custom-
#121056	REDUCE cov: 90 ft: 334 corp: 72/2057b lim: 841 exec/s: 40352 rss: 1148Mb L: 117/452 MS: 2 EraseBytes-Custom-
#121174	REDUCE cov: 90 ft: 334 corp: 72/2056b lim: 841 exec/s: 40391 rss: 1148Mb L: 10/452 MS: 6 ChangeBit-Custom-EraseBytes-Custom-ShuffleBytes-Custom-
#127015	REDUCE cov: 90 ft: 334 corp: 72/2055b lim: 895 exec/s: 42338 rss: 1148Mb L: 22/452 MS: 2 EraseBytes-Custom-
#129472	REDUCE cov: 90 ft: 334 corp: 72/2052b lim: 913 exec/s: 43157 rss: 1148Mb L: 163/452 MS: 4 ShuffleBytes-Custom-EraseBytes-Custom-
#131072	pulse  cov: 90 ft: 334 corp: 72/2052b lim: 922 exec/s: 43690 rss: 1148Mb
#133894	REDUCE cov: 90 ft: 334 corp: 72/2051b lim: 949 exec/s: 44631 rss: 1148Mb L: 162/452 MS: 4 ChangeBinInt-Custom-EraseBytes-Custom-
#135128	REDUCE cov: 90 ft: 334 corp: 72/2050b lim: 958 exec/s: 45042 rss: 1148Mb L: 10/452 MS: 8 ShuffleBytes-Custom-ChangeBit-Custom-InsertByte-Custom-EraseBytes-Custom-
#135824	REDUCE cov: 90 ft: 334 corp: 72/2049b lim: 958 exec/s: 45274 rss: 1148Mb L: 38/452 MS: 2 EraseBytes-Custom-
#139715	REDUCE cov: 90 ft: 334 corp: 72/2038b lim: 994 exec/s: 46571 rss: 1148Mb L: 151/452 MS: 2 EraseBytes-Custom-
#140962	REDUCE cov: 90 ft: 334 corp: 72/2036b lim: 1003 exec/s: 35240 rss: 1148Mb L: 36/452 MS: 4 CrossOver-Custom-EraseBytes-Custom-
#140962	DONE   cov: 90 ft: 334 corp: 72/2036b lim: 1003 exec/s: 35240 rss: 1148Mb
###### Recommended dictionary. ######
"\011\000" # Uses: 1820
"\377\004" # Uses: 1853
"\377\377\377\377\377\377\377\377" # Uses: 1433
"\007\000" # Uses: 1670
"\032\000\000\000" # Uses: 1555
"\031\000" # Uses: 1510
"\000\031" # Uses: 1418
"\001\000" # Uses: 1007
"\001\000\000\000\000\000\000\000" # Uses: 567
###### End of recommended dictionary. ######
Done 140962 runs in 4 second(s)
[INFO] Tests run: 2, Failures: 0, Errors: 0, Skipped: 0, Time elapsed: 13.47 s -- in com.example.algorithm2.Algorithm2Test
[INFO] 
[INFO] Results:
[INFO] 
[INFO] Tests run: 2, Failures: 0, Errors: 0, Skipped: 0
[INFO] 
[INFO] 
[INFO] --- jacoco:0.8.11:report (default-cli) @ AlgorithmName2 ---
[INFO] Loading execution data file /tmp/bugrun/cli_37.S1yTpm/target/jacoco.exec
[INFO] Analyzed bundle 'AlgorithmName2' with 24 classes
[INFO] ------------------------------------------------------------------------
[INFO] BUILD SUCCESS
[INFO] ------------------------------------------------------------------------
[INFO] Total time:  27.874 s
[INFO] Finished at: 2026-10-06T01:48:26+07:00
[INFO] ------------------------------------------------------------------------
