[INFO] Scanning for projects...
[INFO] 
[INFO] ---------------------< com.example:AlgorithmName2 >---------------------
[INFO] Building AlgorithmName2 1.0-SNAPSHOT
[INFO]   from pom.xml
[INFO] --------------------------------[ jar ]---------------------------------
[INFO] 
[INFO] --- jacoco:0.8.11:prepare-agent (default) @ AlgorithmName2 ---
[INFO] argLine set to -javaagent:/home/kanyaphak673380391-3/.m2/repository/org/jacoco/org.jacoco.agent/0.8.11/org.jacoco.agent-0.8.11-runtime.jar=destfile=/tmp/bugrun/lang_52.yVdK04/target/jacoco.exec
[INFO] 
[INFO] --- resources:3.4.0:resources (default-resources) @ AlgorithmName2 ---
[INFO] Copying 1 resource from src/main/resources to target/classes
[INFO] 
[INFO] --- compiler:3.15.0:compile (default-compile) @ AlgorithmName2 ---
[INFO] Recompiling the module because of changed source code.
[INFO] Compiling 1 source file with javac [debug target 1.8] to target/classes
[WARNING] bootstrap class path not set in conjunction with -source 8
[INFO] 
[INFO] --- dependency:3.6.0:unpack-dependencies (unpack-defects4j) @ AlgorithmName2 ---
[INFO] 
[INFO] --- resources:3.4.0:testResources (default-testResources) @ AlgorithmName2 ---
[INFO] skip non existing resourceDirectory /tmp/bugrun/lang_52.yVdK04/src/test/resources
[INFO] 
[INFO] --- compiler:3.15.0:testCompile (default-testCompile) @ AlgorithmName2 ---
[INFO] Recompiling the module because of changed dependency.
[INFO] Compiling 1 source file with javac [debug target 1.8] to target/test-classes
[WARNING] bootstrap class path not set in conjunction with -source 8
[INFO] 
[INFO] --- surefire:3.1.2:test (default-cli) @ AlgorithmName2 ---
[INFO] Using auto detected provider org.apache.maven.surefire.junitplatform.JUnitPlatformProvider
[INFO] 
[INFO] -------------------------------------------------------
[INFO]  T E S T S
[INFO] -------------------------------------------------------
[INFO] Running com.example.algorithm2.Algorithm2Test
OpenJDK 64-Bit Server VM warning: Sharing is only supported for boot loader classes because bootstrap classpath has been appended
INFO: Loaded 288 hooks from com.code_intelligence.jazzer.runtime.TraceCmpHooks
INFO: Loaded 5 hooks from com.code_intelligence.jazzer.runtime.TraceDivHooks
INFO: Loaded 2 hooks from com.code_intelligence.jazzer.runtime.TraceIndirHooks
INFO: Loaded 4 hooks from com.code_intelligence.jazzer.runtime.NativeLibHooks
INFO: Loaded 2 hooks from com.code_intelligence.jazzer.sanitizers.ClojureLangHooks
INFO: Loaded 5 hooks from com.code_intelligence.jazzer.sanitizers.Deserialization
INFO: Loaded 5 hooks from com.code_intelligence.jazzer.sanitizers.ExpressionLanguageInjection
INFO: Loaded 70 hooks from com.code_intelligence.jazzer.sanitizers.LdapInjection
INFO: Loaded 46 hooks from com.code_intelligence.jazzer.sanitizers.NamingContextLookup
INFO: Loaded 1 hooks from com.code_intelligence.jazzer.sanitizers.OsCommandInjection
INFO: Loaded 52 hooks from com.code_intelligence.jazzer.sanitizers.ReflectiveCall
INFO: Loaded 8 hooks from com.code_intelligence.jazzer.sanitizers.RegexInjection
INFO: Loaded 16 hooks from com.code_intelligence.jazzer.sanitizers.RegexRoadblocks
INFO: Loaded 18 hooks from com.code_intelligence.jazzer.sanitizers.ScriptEngineInjection
INFO: Loaded 2 hooks from com.code_intelligence.jazzer.sanitizers.ServerSideRequestForgery
INFO: Loaded 19 hooks from com.code_intelligence.jazzer.sanitizers.SqlInjection
INFO: Loaded 6 hooks from com.code_intelligence.jazzer.sanitizers.XPathInjection
INFO: Instrumented com.example.algorithm2.Algorithm2Test$Skip (took 163 ms, size +44%)
INFO: Instrumented com.example.algorithm2.Algorithm2Test (took 101 ms, size +27%)
INFO: New number of coverage counters: 1024
INFO: New number of coverage counters: 2048
INFO: Instrumented org.apache.commons.lang.StringUtils (took 332 ms, size +33%)
[harness] Fallback target loaded: org.apache.commons.lang.StringUtils (original was org.apache.commons.lang3.StringUtils)
[harness] target=org.apache.commons.lang.StringUtils factories=1 methods=141
INFO: Instrumented org.apache.commons.lang.StringEscapeUtils (took 23 ms, size +20%)
INFO: Instrumented org.apache.commons.lang.exception.NestableRuntimeException (took 16 ms, size +22%)
INFO: Instrumented org.apache.commons.lang.exception.Nestable (took 1 ms, size +0%)
INFO: found LLVMFuzzerCustomMutator (0x72641666fcd0). Disabling -len_control by default.
INFO: Running with entropic power schedule (0xFF, 100).
INFO: Seed: 199427903
INFO: Loaded 3 modules   (2048 inline 8-bit counters): 512 [0x726500c50630, 0x726500c50830), 512 [0x726500c50830, 0x726500c50a30), 1024 [0x726500c50a30, 0x726500c50e30), 
INFO: Loaded 3 PC tables (2048 PCs): 512 [0x726500be6940,0x726500be8940), 512 [0x726500717460,0x726500719460), 1024 [0x7265006574d0,0x72650065b4d0), 
INFO:        0 files found in /tmp/bugrun/lang_52.yVdK04/.cifuzz-corpus/com.example.algorithm2.Algorithm2Test/testParameterizedFuzzer
INFO:        0 files found in /tmp/jazzer-java-seeds2633429245190478671
INFO: -max_len is not provided; libFuzzer will not generate inputs larger than 4096 bytes
INFO: A corpus is not provided, starting from an empty corpus
INFO: #2	INITED cov: 35 ft: 35 corp: 1/1b exec/s: 0 rss: 805Mb
using inputs from: /tmp/bugrun/lang_52.yVdK04/.cifuzz-corpus/com.example.algorithm2.Algorithm2Test/testParameterizedFuzzer
INFO: #9	NEW    cov: 40 ft: 40 corp: 2/3b lim: 4 exec/s: 0 rss: 805Mb L: 2/2 MS: 4 CrossOver-Custom-ChangeByte-Custom-
using inputs from: /tmp/jazzer-java-seeds2633429245190478671
#10	NEW    cov: 41 ft: 41 corp: 3/7b lim: 4 exec/s: 0 rss: 805Mb L: 4/4 MS: 2 CrossOver-Custom-
#20	NEW    cov: 59 ft: 59 corp: 4/11b lim: 4 exec/s: 0 rss: 805Mb L: 4/4 MS: 10 InsertByte-Custom-ChangeBit-Custom-ChangeBit-Custom-InsertByte-Custom-ChangeBit-Custom-
#22	NEW    cov: 63 ft: 63 corp: 5/15b lim: 4 exec/s: 0 rss: 805Mb L: 4/4 MS: 4 ChangeBit-Custom-ChangeBit-Custom-
#23	NEW    cov: 67 ft: 67 corp: 6/17b lim: 4 exec/s: 0 rss: 805Mb L: 2/4 MS: 2 EraseBytes-Custom-
#37	NEW    cov: 68 ft: 68 corp: 7/20b lim: 4 exec/s: 0 rss: 805Mb L: 3/4 MS: 8 ChangeByte-Custom-ChangeBit-Custom-ChangeBit-Custom-EraseBytes-Custom-
#38	NEW    cov: 73 ft: 73 corp: 8/22b lim: 4 exec/s: 0 rss: 805Mb L: 2/4 MS: 2 InsertByte-Custom-
#40	NEW    cov: 78 ft: 78 corp: 9/26b lim: 4 exec/s: 0 rss: 805Mb L: 4/4 MS: 4 ChangeBit-Custom-CopyPart-Custom-
#41	NEW    cov: 82 ft: 82 corp: 10/28b lim: 4 exec/s: 0 rss: 805Mb L: 2/4 MS: 2 ChangeBinInt-Custom-
#42	REDUCE cov: 82 ft: 82 corp: 10/27b lim: 4 exec/s: 0 rss: 805Mb L: 3/4 MS: 2 EraseBytes-Custom-
#46	NEW    cov: 85 ft: 85 corp: 11/31b lim: 4 exec/s: 0 rss: 805Mb L: 4/4 MS: 8 CrossOver-Custom-ChangeByte-Custom-CopyPart-Custom-ChangeBit-Custom-
#47	REDUCE cov: 110 ft: 110 corp: 12/34b lim: 4 exec/s: 0 rss: 805Mb L: 3/4 MS: 2 ChangeBit-Custom-
#49	NEW    cov: 112 ft: 112 corp: 13/36b lim: 4 exec/s: 0 rss: 805Mb L: 2/4 MS: 4 CrossOver-Custom-CMP-Custom- DE: "\377\001"-
#51	NEW    cov: 113 ft: 113 corp: 14/38b lim: 4 exec/s: 0 rss: 805Mb L: 2/4 MS: 4 ChangeByte-Custom-ChangeByte-Custom-
#52	NEW    cov: 116 ft: 116 corp: 15/39b lim: 4 exec/s: 0 rss: 805Mb L: 1/4 MS: 2 EraseBytes-Custom-
#53	REDUCE cov: 116 ft: 116 corp: 15/38b lim: 4 exec/s: 0 rss: 805Mb L: 3/4 MS: 2 EraseBytes-Custom-
#55	REDUCE cov: 117 ft: 117 corp: 16/42b lim: 4 exec/s: 0 rss: 805Mb L: 4/4 MS: 4 CrossOver-Custom-ChangeBinInt-Custom-
#57	REDUCE cov: 118 ft: 118 corp: 17/44b lim: 4 exec/s: 0 rss: 805Mb L: 2/4 MS: 4 CopyPart-Custom-EraseBytes-Custom-
#68	REDUCE cov: 120 ft: 120 corp: 18/47b lim: 4 exec/s: 0 rss: 805Mb L: 3/4 MS: 2 PersAutoDict-Custom- DE: "\377\001"-
#76	NEW    cov: 126 ft: 126 corp: 19/50b lim: 4 exec/s: 0 rss: 805Mb L: 3/4 MS: 6 InsertByte-Custom-ShuffleBytes-Custom-InsertByte-Custom-
#77	REDUCE cov: 128 ft: 128 corp: 20/53b lim: 4 exec/s: 0 rss: 805Mb L: 3/4 MS: 2 ChangeBit-Custom-
#79	NEW    cov: 130 ft: 130 corp: 21/57b lim: 4 exec/s: 0 rss: 805Mb L: 4/4 MS: 4 ChangeBit-Custom-CrossOver-Custom-
#80	NEW    cov: 133 ft: 133 corp: 22/59b lim: 4 exec/s: 0 rss: 805Mb L: 2/4 MS: 2 EraseBytes-Custom-
#86	NEW    cov: 133 ft: 134 corp: 23/63b lim: 4 exec/s: 0 rss: 805Mb L: 4/4 MS: 2 InsertByte-Custom-
#90	NEW    cov: 136 ft: 137 corp: 24/66b lim: 4 exec/s: 0 rss: 805Mb L: 3/4 MS: 8 ChangeByte-Custom-EraseBytes-Custom-CopyPart-Custom-CopyPart-Custom-
#92	NEW    cov: 138 ft: 139 corp: 25/69b lim: 4 exec/s: 0 rss: 805Mb L: 3/4 MS: 4 ChangeBit-Custom-InsertByte-Custom-
#93	NEW    cov: 139 ft: 140 corp: 26/72b lim: 4 exec/s: 0 rss: 805Mb L: 3/4 MS: 2 PersAutoDict-Custom- DE: "\377\001"-
#104	NEW    cov: 147 ft: 150 corp: 27/76b lim: 4 exec/s: 0 rss: 805Mb L: 4/4 MS: 2 ShuffleBytes-Custom-
#107	NEW    cov: 151 ft: 159 corp: 28/80b lim: 4 exec/s: 0 rss: 805Mb L: 4/4 MS: 6 CopyPart-Custom-PersAutoDict-Custom-ChangeBit-Custom- DE: "\377\001"-
#108	REDUCE cov: 151 ft: 159 corp: 28/79b lim: 4 exec/s: 0 rss: 805Mb L: 2/4 MS: 2 EraseBytes-Custom-
#110	REDUCE cov: 154 ft: 162 corp: 29/81b lim: 4 exec/s: 0 rss: 805Mb L: 2/4 MS: 4 ShuffleBytes-Custom-ChangeByte-Custom-
#111	NEW    cov: 157 ft: 165 corp: 30/84b lim: 4 exec/s: 0 rss: 805Mb L: 3/4 MS: 2 InsertByte-Custom-
INFO: Instrumented org.apache.commons.lang.ObjectUtils (took 15 ms, size +28%)
INFO: Instrumented org.apache.commons.lang.ObjectUtils$Null (took 4 ms, size +43%)
INFO: New number of coverage counters: 4096
#113	NEW    cov: 166 ft: 174 corp: 31/88b lim: 4 exec/s: 0 rss: 809Mb L: 4/4 MS: 4 CrossOver-Custom-ChangeByte-Custom-
#115	NEW    cov: 167 ft: 177 corp: 32/92b lim: 4 exec/s: 0 rss: 809Mb L: 4/4 MS: 4 ChangeBit-Custom-CopyPart-Custom-
#132	NEW    cov: 170 ft: 180 corp: 33/94b lim: 4 exec/s: 0 rss: 809Mb L: 2/4 MS: 4 CopyPart-Custom-ChangeBit-Custom-
#135	NEW    cov: 172 ft: 182 corp: 34/98b lim: 4 exec/s: 0 rss: 809Mb L: 4/4 MS: 6 EraseBytes-Custom-PersAutoDict-Custom-CMP-Custom- DE: "\377\001"-"\377\213"-
#144	NEW    cov: 172 ft: 185 corp: 35/101b lim: 4 exec/s: 0 rss: 809Mb L: 3/4 MS: 8 ChangeBit-Custom-ChangeBit-Custom-ChangeBit-Custom-EraseBytes-Custom-
#145	REDUCE cov: 172 ft: 185 corp: 35/100b lim: 4 exec/s: 0 rss: 809Mb L: 3/4 MS: 2 CrossOver-Custom-
#146	NEW    cov: 176 ft: 189 corp: 36/103b lim: 4 exec/s: 0 rss: 809Mb L: 3/4 MS: 2 ChangeBinInt-Custom-
#148	NEW    cov: 176 ft: 190 corp: 37/107b lim: 4 exec/s: 0 rss: 809Mb L: 4/4 MS: 4 ChangeBinInt-Custom-CrossOver-Custom-
#149	NEW    cov: 180 ft: 202 corp: 38/109b lim: 4 exec/s: 0 rss: 809Mb L: 2/4 MS: 2 EraseBytes-Custom-
#150	NEW    cov: 183 ft: 205 corp: 39/112b lim: 4 exec/s: 0 rss: 809Mb L: 3/4 MS: 2 InsertByte-Custom-
#152	NEW    cov: 186 ft: 208 corp: 40/114b lim: 4 exec/s: 0 rss: 809Mb L: 2/4 MS: 4 ShuffleBytes-Custom-ChangeASCIIInt-Custom-
#153	NEW    cov: 188 ft: 210 corp: 41/115b lim: 4 exec/s: 0 rss: 809Mb L: 1/4 MS: 2 ChangeBit-Custom-
#154	NEW    cov: 189 ft: 212 corp: 42/119b lim: 4 exec/s: 0 rss: 809Mb L: 4/4 MS: 2 CrossOver-Custom-
#162	REDUCE cov: 198 ft: 221 corp: 43/121b lim: 4 exec/s: 0 rss: 809Mb L: 2/4 MS: 6 EraseBytes-Custom-ChangeBinInt-Custom-ChangeByte-Custom-
#169	NEW    cov: 199 ft: 222 corp: 44/124b lim: 4 exec/s: 0 rss: 809Mb L: 3/4 MS: 4 ChangeBit-Custom-ChangeBit-Custom-
#187	NEW    cov: 207 ft: 240 corp: 45/128b lim: 4 exec/s: 0 rss: 809Mb L: 4/4 MS: 6 CrossOver-Custom-EraseBytes-Custom-CMP-Custom- DE: "\007\000"-
#192	NEW    cov: 209 ft: 242 corp: 46/129b lim: 4 exec/s: 0 rss: 809Mb L: 1/4 MS: 10 CrossOver-Custom-EraseBytes-Custom-PersAutoDict-Custom-EraseBytes-Custom-ChangeByte-Custom- DE: "\377\001"-
INFO: #200	NEW    cov: 209 ft: 245 corp: 47/133b lim: 4 exec/s: 0 rss: 809Mb L: 4/4 MS: 6 CopyPart-Custom-PersAutoDict-Custom-ChangeBinInt-Custom- DE: "\377\213"-
Instrumented org.apache.commons.lang.ArrayUtils (took 126 ms, size +21%)
#214	REDUCE cov: 209 ft: 246 corp: 48/137b lim: 4 exec/s: 0 rss: 809Mb L: 4/4 MS: 8 CopyPart-Custom-CrossOver-Custom-CrossOver-Custom-ChangeByte-Custom-
#216	NEW    cov: 212 ft: 249 corp: 49/139b lim: 4 exec/s: 0 rss: 809Mb L: 2/4 MS: 4 ShuffleBytes-Custom-CopyPart-Custom-
#217	NEW    cov: 215 ft: 252 corp: 50/141b lim: 4 exec/s: 0 rss: 809Mb L: 2/4 MS: 2 InsertByte-Custom-
#219	NEW    cov: 215 ft: 257 corp: 51/145b lim: 4 exec/s: 0 rss: 809Mb L: 4/4 MS: 4 ChangeByte-Custom-CopyPart-Custom-
#223	NEW    cov: 215 ft: 258 corp: 52/149b lim: 4 exec/s: 0 rss: 809Mb L: 4/4 MS: 8 ShuffleBytes-Custom-ShuffleBytes-Custom-InsertByte-Custom-ChangeBinInt-Custom-
#225	NEW    cov: 217 ft: 260 corp: 53/153b lim: 4 exec/s: 0 rss: 809Mb L: 4/4 MS: 4 EraseBytes-Custom-PersAutoDict-Custom- DE: "\007\000"-
#238	NEW    cov: 220 ft: 263 corp: 54/157b lim: 4 exec/s: 0 rss: 809Mb L: 4/4 MS: 6 ChangeBit-Custom-CrossOver-Custom-ChangeBit-Custom-
#240	NEW    cov: 227 ft: 270 corp: 55/160b lim: 4 exec/s: 0 rss: 809Mb L: 3/4 MS: 4 ChangeByte-Custom-InsertByte-Custom-
#245	NEW    cov: 232 ft: 275 corp: 56/161b lim: 4 exec/s: 0 rss: 809Mb L: 1/4 MS: 10 ChangeByte-Custom-EraseBytes-Custom-EraseBytes-Custom-ShuffleBytes-Custom-ChangeBit-Custom-
#248	NEW    cov: 235 ft: 279 corp: 57/164b lim: 4 exec/s: 0 rss: 809Mb L: 3/4 MS: 6 ChangeByte-Custom-EraseBytes-Custom-CopyPart-Custom-
#257	REDUCE cov: 237 ft: 281 corp: 58/166b lim: 4 exec/s: 0 rss: 809Mb L: 2/4 MS: 8 EraseBytes-Custom-ChangeByte-Custom-ChangeASCIIInt-Custom-ChangeBit-Custom-
#261	NEW    cov: 243 ft: 287 corp: 59/170b lim: 4 exec/s: 0 rss: 809Mb L: 4/4 MS: 8 ChangeByte-Custom-EraseBytes-Custom-PersAutoDict-Custom-ChangeBit-Custom- DE: "\007\000"-
#272	REDUCE cov: 243 ft: 287 corp: 59/169b lim: 4 exec/s: 0 rss: 809Mb L: 1/4 MS: 2 EraseBytes-Custom-
#280	NEW    cov: 244 ft: 288 corp: 60/172b lim: 4 exec/s: 0 rss: 809Mb L: 3/4 MS: 6 ChangeBinInt-Custom-ChangeByte-Custom-ChangeByte-Custom-
#295	NEW    cov: 250 ft: 294 corp: 61/174b lim: 4 exec/s: 0 rss: 809Mb L: 2/4 MS: 10 ChangeByte-Custom-ShuffleBytes-Custom-ShuffleBytes-Custom-EraseBytes-Custom-EraseBytes-Custom-
#312	NEW    cov: 252 ft: 296 corp: 62/178b lim: 4 exec/s: 0 rss: 809Mb L: 4/4 MS: 4 PersAutoDict-Custom-CMP-Custom- DE: "\377\213"-"\010\000\000\000"-
#322	NEW    cov: 254 ft: 298 corp: 63/182b lim: 4 exec/s: 0 rss: 809Mb L: 4/4 MS: 10 CrossOver-Custom-ShuffleBytes-Custom-PersAutoDict-Custom-ChangeByte-Custom-ChangeByte-Custom- DE: "\377\001"-
#326	NEW    cov: 254 ft: 300 corp: 64/186b lim: 4 exec/s: 0 rss: 809Mb L: 4/4 MS: 8 CopyPart-Custom-ChangeBinInt-Custom-ChangeBit-Custom-ChangeByte-Custom-
#335	NEW    cov: 254 ft: 307 corp: 65/190b lim: 4 exec/s: 0 rss: 809Mb L: 4/4 MS: 8 CrossOver-Custom-ChangeByte-Custom-CopyPart-Custom-ChangeBit-Custom-
#351	REDUCE cov: 254 ft: 307 corp: 65/188b lim: 4 exec/s: 0 rss: 809Mb L: 2/4 MS: 2 EraseBytes-Custom-
#362	NEW    cov: 254 ft: 311 corp: 66/192b lim: 4 exec/s: 0 rss: 809Mb L: 4/4 MS: 2 CopyPart-Custom-
#364	NEW    cov: 257 ft: 314 corp: 67/195b lim: 4 exec/s: 0 rss: 809Mb L: 3/4 MS: 4 InsertByte-Custom-ChangeByte-Custom-
#366	NEW    cov: 261 ft: 318 corp: 68/199b lim: 4 exec/s: 0 rss: 809Mb L: 4/4 MS: 4 ShuffleBytes-Custom-ChangeBit-Custom-
#368	NEW    cov: 263 ft: 320 corp: 69/203b lim: 4 exec/s: 0 rss: 809Mb L: 4/4 MS: 4 ChangeByte-Custom-ChangeBit-Custom-
#380	NEW    cov: 264 ft: 321 corp: 70/206b lim: 4 exec/s: 0 rss: 809Mb L: 3/4 MS: 4 ChangeBinInt-Custom-ChangeByte-Custom-
#382	NEW    cov: 264 ft: 322 corp: 71/209b lim: 4 exec/s: 0 rss: 809Mb L: 3/4 MS: 4 EraseBytes-Custom-InsertByte-Custom-
#384	NEW    cov: 266 ft: 324 corp: 72/211b lim: 4 exec/s: 0 rss: 809Mb L: 2/4 MS: 4 ShuffleBytes-Custom-EraseBytes-Custom-
#387	NEW    cov: 268 ft: 326 corp: 73/213b lim: 4 exec/s: 0 rss: 809Mb L: 2/4 MS: 6 EraseBytes-Custom-InsertByte-Custom-PersAutoDict-Custom- DE: "\377\213"-
#388	NEW    cov: 270 ft: 330 corp: 74/217b lim: 4 exec/s: 0 rss: 809Mb L: 4/4 MS: 2 CrossOver-Custom-
#389	NEW    cov: 273 ft: 333 corp: 75/219b lim: 4 exec/s: 0 rss: 809Mb L: 2/4 MS: 2 ChangeByte-Custom-
#397	REDUCE cov: 273 ft: 333 corp: 75/218b lim: 4 exec/s: 0 rss: 809Mb L: 2/4 MS: 6 ChangeBinInt-Custom-ChangeBit-Custom-EraseBytes-Custom-
#403	NEW    cov: 274 ft: 334 corp: 76/221b lim: 4 exec/s: 0 rss: 809Mb L: 3/4 MS: 2 ShuffleBytes-Custom-
#416	NEW    cov: 274 ft: 335 corp: 77/225b lim: 4 exec/s: 0 rss: 809Mb L: 4/4 MS: 6 ChangeByte-Custom-ChangeByte-Custom-ChangeByte-Custom-
#421	NEW    cov: 279 ft: 340 corp: 78/228b lim: 4 exec/s: 0 rss: 809Mb L: 3/4 MS: 10 EraseBytes-Custom-CrossOver-Custom-CrossOver-Custom-ShuffleBytes-Custom-InsertByte-Custom-
#422	NEW    cov: 281 ft: 342 corp: 79/229b lim: 4 exec/s: 0 rss: 809Mb L: 1/4 MS: 2 EraseBytes-Custom-
#428	NEW    cov: 293 ft: 354 corp: 80/233b lim: 4 exec/s: 0 rss: 809Mb L: 4/4 MS: 2 ChangeByte-Custom-
#441	NEW    cov: 295 ft: 356 corp: 81/235b lim: 4 exec/s: 0 rss: 809Mb L: 2/4 MS: 6 ChangeByte-Custom-ChangeBinInt-Custom-ShuffleBytes-Custom-
#442	REDUCE cov: 295 ft: 356 corp: 81/233b lim: 4 exec/s: 0 rss: 809Mb L: 1/4 MS: 2 CrossOver-Custom-
#455	NEW    cov: 295 ft: 361 corp: 82/237b lim: 4 exec/s: 0 rss: 809Mb L: 4/4 MS: 6 InsertByte-Custom-CopyPart-Custom-ChangeByte-Custom-
#469	NEW    cov: 299 ft: 365 corp: 83/241b lim: 4 exec/s: 0 rss: 809Mb L: 4/4 MS: 8 CopyPart-Custom-ChangeBinInt-Custom-ChangeBit-Custom-CopyPart-Custom-
#471	NEW    cov: 303 ft: 369 corp: 84/243b lim: 4 exec/s: 0 rss: 809Mb L: 2/4 MS: 4 EraseBytes-Custom-ChangeByte-Custom-
#476	NEW    cov: 306 ft: 372 corp: 85/246b lim: 4 exec/s: 0 rss: 809Mb L: 3/4 MS: 10 ShuffleBytes-Custom-CrossOver-Custom-ShuffleBytes-Custom-EraseBytes-Custom-InsertByte-Custom-
#479	NEW    cov: 309 ft: 375 corp: 86/249b lim: 4 exec/s: 0 rss: 809Mb L: 3/4 MS: 6 CopyPart-Custom-ShuffleBytes-Custom-ChangeBit-Custom-
#480	NEW    cov: 314 ft: 380 corp: 87/253b lim: 4 exec/s: 0 rss: 809Mb L: 4/4 MS: 2 ChangeBit-Custom-
#481	NEW    cov: 316 ft: 382 corp: 88/254b lim: 4 exec/s: 0 rss: 809Mb L: 1/4 MS: 2 ChangeByte-Custom-
#482	NEW    cov: 319 ft: 385 corp: 89/256b lim: 4 exec/s: 0 rss: 809Mb L: 2/4 MS: 2 ChangeByte-Custom-
#487	NEW    cov: 322 ft: 388 corp: 90/257b lim: 4 exec/s: 0 rss: 809Mb L: 1/4 MS: 10 PersAutoDict-Custom-EraseBytes-Custom-ChangeBit-Custom-EraseBytes-Custom-ChangeASCIIInt-Custom- DE: "\377\213"-
#488	NEW    cov: 324 ft: 390 corp: 91/259b lim: 4 exec/s: 0 rss: 809Mb L: 2/4 MS: 2 CrossOver-Custom-
#490	NEW    cov: 326 ft: 394 corp: 92/263b lim: 4 exec/s: 0 rss: 809Mb L: 4/4 MS: 4 PersAutoDict-Custom-ChangeBit-Custom- DE: "\377\213"-
#493	NEW    cov: 327 ft: 395 corp: 93/267b lim: 4 exec/s: 0 rss: 809Mb L: 4/4 MS: 6 PersAutoDict-Custom-EraseBytes-Custom-CrossOver-Custom- DE: "\377\213"-
#500	NEW    cov: 328 ft: 396 corp: 94/268b lim: 4 exec/s: 0 rss: 809Mb L: 1/4 MS: 4 EraseBytes-Custom-EraseBytes-Custom-
#501	REDUCE cov: 328 ft: 396 corp: 94/267b lim: 4 exec/s: 0 rss: 809Mb L: 2/4 MS: 2 EraseBytes-Custom-
#502	NEW    cov: 329 ft: 397 corp: 95/271b lim: 4 exec/s: 0 rss: 809Mb L: 4/4 MS: 2 ChangeByte-Custom-
#503	NEW    cov: 331 ft: 399 corp: 96/272b lim: 4 exec/s: 0 rss: 809Mb L: 1/4 MS: 2 EraseBytes-Custom-
#507	NEW    cov: 332 ft: 400 corp: 97/276b lim: 4 exec/s: 0 rss: 809Mb L: 4/4 MS: 8 ChangeByte-Custom-InsertByte-Custom-ChangeBinInt-Custom-ChangeByte-Custom-
#511	NEW    cov: 333 ft: 401 corp: 98/279b lim: 4 exec/s: 0 rss: 809Mb L: 3/4 MS: 8 ChangeByte-Custom-InsertByte-Custom-CopyPart-Custom-InsertByte-Custom-
#519	NEW    cov: 333 ft: 406 corp: 99/283b lim: 4 exec/s: 0 rss: 809Mb L: 4/4 MS: 6 CrossOver-Custom-ChangeBit-Custom-PersAutoDict-Custom- DE: "\377\213"-
#540	NEW    cov: 335 ft: 408 corp: 100/287b lim: 4 exec/s: 0 rss: 809Mb L: 4/4 MS: 2 CMP-Custom- DE: "\001\000\000\010"-
#541	NEW    cov: 338 ft: 411 corp: 101/291b lim: 4 exec/s: 0 rss: 809Mb L: 4/4 MS: 2 CrossOver-Custom-
#564	NEW    cov: 341 ft: 414 corp: 102/292b lim: 4 exec/s: 0 rss: 809Mb L: 1/4 MS: 6 CrossOver-Custom-CopyPart-Custom-ChangeBit-Custom-
#567	NEW    cov: 354 ft: 427 corp: 103/294b lim: 4 exec/s: 0 rss: 809Mb L: 2/4 MS: 6 CrossOver-Custom-CopyPart-Custom-ShuffleBytes-Custom-
#569	NEW    cov: 357 ft: 430 corp: 104/298b lim: 4 exec/s: 0 rss: 809Mb L: 4/4 MS: 4 ChangeByte-Custom-ChangeBit-Custom-
#570	NEW    cov: 360 ft: 433 corp: 105/302b lim: 4 exec/s: 0 rss: 809Mb L: 4/4 MS: 2 ChangeBit-Custom-
#571	NEW    cov: 362 ft: 435 corp: 106/304b lim: 4 exec/s: 0 rss: 809Mb L: 2/4 MS: 2 ChangeBit-Custom-
#572	NEW    cov: 364 ft: 440 corp: 107/306b lim: 4 exec/s: 0 rss: 809Mb L: 2/4 MS: 2 ChangeByte-Custom-
#576	REDUCE cov: 364 ft: 440 corp: 107/305b lim: 4 exec/s: 0 rss: 809Mb L: 2/4 MS: 8 ChangeBit-Custom-CopyPart-Custom-ChangeByte-Custom-EraseBytes-Custom-
#578	NEW    cov: 368 ft: 444 corp: 108/308b lim: 4 exec/s: 0 rss: 809Mb L: 3/4 MS: 4 ChangeBit-Custom-ChangeBit-Custom-
#586	NEW    cov: 370 ft: 448 corp: 109/312b lim: 4 exec/s: 0 rss: 809Mb L: 4/4 MS: 6 PersAutoDict-Custom-ShuffleBytes-Custom-ChangeBit-Custom- DE: "\007\000"-
#597	REDUCE cov: 370 ft: 448 corp: 109/311b lim: 4 exec/s: 0 rss: 809Mb L: 3/4 MS: 2 EraseBytes-Custom-
#598	NEW    cov: 370 ft: 450 corp: 110/315b lim: 4 exec/s: 0 rss: 809Mb L: 4/4 MS: 2 ChangeBit-Custom-
#600	NEW    cov: 372 ft: 452 corp: 111/316b lim: 4 exec/s: 0 rss: 809Mb L: 1/4 MS: 4 ShuffleBytes-Custom-ChangeBit-Custom-
#606	NEW    cov: 372 ft: 455 corp: 112/319b lim: 4 exec/s: 0 rss: 809Mb L: 3/4 MS: 2 ShuffleBytes-Custom-
#607	REDUCE cov: 375 ft: 458 corp: 113/322b lim: 4 exec/s: 0 rss: 809Mb L: 3/4 MS: 2 InsertByte-Custom-
#613	NEW    cov: 376 ft: 459 corp: 114/323b lim: 4 exec/s: 0 rss: 809Mb L: 1/4 MS: 2 ChangeByte-Custom-
#619	REDUCE cov: 376 ft: 459 corp: 114/322b lim: 4 exec/s: 0 rss: 809Mb L: 1/4 MS: 2 EraseBytes-Custom-
#620	REDUCE cov: 376 ft: 459 corp: 114/321b lim: 4 exec/s: 0 rss: 809Mb L: 1/4 MS: 2 CrossOver-Custom-
#628	REDUCE cov: 376 ft: 459 corp: 114/320b lim: 4 exec/s: 0 rss: 809Mb L: 2/4 MS: 6 CMP-Custom-ChangeBit-Custom-EraseBytes-Custom- DE: "\010\000"-
#633	NEW    cov: 379 ft: 462 corp: 115/322b lim: 4 exec/s: 0 rss: 809Mb L: 2/4 MS: 10 ChangeBit-Custom-CopyPart-Custom-CopyPart-Custom-CopyPart-Custom-ChangeBit-Custom-
#642	NEW    cov: 381 ft: 464 corp: 116/324b lim: 4 exec/s: 0 rss: 809Mb L: 2/4 MS: 8 CopyPart-Custom-EraseBytes-Custom-ChangeBinInt-Custom-ChangeBinInt-Custom-
#643	NEW    cov: 400 ft: 483 corp: 117/327b lim: 4 exec/s: 0 rss: 809Mb L: 3/4 MS: 2 ChangeBinInt-Custom-
#670	NEW    cov: 403 ft: 486 corp: 118/329b lim: 4 exec/s: 0 rss: 809Mb L: 2/4 MS: 4 CrossOver-Custom-InsertByte-Custom-
#673	NEW    cov: 405 ft: 488 corp: 119/332b lim: 4 exec/s: 0 rss: 809Mb L: 3/4 MS: 6 InsertByte-Custom-CopyPart-Custom-ChangeByte-Custom-
#681	NEW    cov: 408 ft: 491 corp: 120/336b lim: 4 exec/s: 0 rss: 809Mb L: 4/4 MS: 6 CopyPart-Custom-ShuffleBytes-Custom-ChangeBinInt-Custom-
#691	REDUCE cov: 408 ft: 493 corp: 121/339b lim: 4 exec/s: 0 rss: 809Mb L: 3/4 MS: 10 ChangeByte-Custom-CopyPart-Custom-CopyPart-Custom-ShuffleBytes-Custom-CrossOver-Custom-
#700	NEW    cov: 411 ft: 496 corp: 122/340b lim: 4 exec/s: 0 rss: 809Mb L: 1/4 MS: 8 ChangeBit-Custom-EraseBytes-Custom-ChangeByte-Custom-EraseBytes-Custom-
#713	NEW    cov: 414 ft: 499 corp: 123/342b lim: 4 exec/s: 0 rss: 809Mb L: 2/4 MS: 6 CopyPart-Custom-CopyPart-Custom-ChangeByte-Custom-
#714	NEW    cov: 416 ft: 501 corp: 124/346b lim: 4 exec/s: 0 rss: 809Mb L: 4/4 MS: 2 ChangeBinInt-Custom-
#715	NEW    cov: 420 ft: 505 corp: 125/350b lim: 4 exec/s: 0 rss: 809Mb L: 4/4 MS: 2 CrossOver-Custom-
#743	NEW    cov: 428 ft: 513 corp: 126/354b lim: 4 exec/s: 0 rss: 809Mb L: 4/4 MS: 6 PersAutoDict-Custom-CopyPart-Custom-ChangeBit-Custom- DE: "\377\213"-
#753	NEW    cov: 430 ft: 515 corp: 127/358b lim: 4 exec/s: 0 rss: 809Mb L: 4/4 MS: 10 ShuffleBytes-Custom-CopyPart-Custom-CrossOver-Custom-ChangeBinInt-Custom-ChangeBit-Custom-
#767	NEW    cov: 431 ft: 516 corp: 128/360b lim: 4 exec/s: 0 rss: 809Mb L: 2/4 MS: 8 EraseBytes-Custom-ChangeByte-Custom-ChangeBit-Custom-ChangeBinInt-Custom-
#769	REDUCE cov: 433 ft: 518 corp: 129/361b lim: 4 exec/s: 0 rss: 809Mb L: 1/4 MS: 4 ChangeByte-Custom-ChangeByte-Custom-
#771	REDUCE cov: 435 ft: 520 corp: 130/363b lim: 4 exec/s: 0 rss: 809Mb L: 2/4 MS: 4 PersAutoDict-Custom-ChangeBit-Custom- DE: "\007\000"-
INFO: #786	NEW    cov: 438 ft: 523 corp: 131/367b lim: 4 exec/s: 0 rss: 809Mb L: 4/4 MS: 10 CrossOver-Custom-ChangeBit-Custom-ChangeBinInt-Custom-ChangeBit-Custom-ChangeBit-Custom-
Instrumented org.apache.commons.lang.WordUtils (took 10 ms, size +37%)
#791	NEW    cov: 440 ft: 525 corp: 132/371b lim: 4 exec/s: 0 rss: 809Mb L: 4/4 MS: 10 InsertByte-Custom-InsertByte-Custom-CopyPart-Custom-ChangeByte-Custom-ChangeBit-Custom-
INFO: Instrumented org.apache.commons.lang.CharUtils (took 11 ms, size +26%)
#803	REDUCE cov: 440 ft: 525 corp: 132/370b lim: 4 exec/s: 0 rss: 809Mb L: 1/4 MS: 4 CopyPart-Custom-CrossOver-Custom-DEDUP_TOKEN: 363ddd64d0358e9c

#807	REDUCE cov: 442 ft: 527 corp: 133/373b lim: 4 exec/s: 0 rss: 809Mb L: 3/4 MS: 8 CopyPart-Custom-CopyPart-Custom-ChangeBit-Custom-ChangeByte-Custom-
#808	NEW    cov: 443 ft: 528 corp: 134/376b lim: 4 exec/s: 0 rss: 809Mb L: 3/4 MS: 2 InsertByte-Custom-
#813	NEW    cov: 445 ft: 530 corp: 135/379b lim: 4 exec/s: 0 rss: 809Mb L: 3/4 MS: 10 CopyPart-Custom-ChangeByte-Custom-PersAutoDict-Custom-EraseBytes-Custom-InsertByte-Custom- DE: "\007\000"-
#820	REDUCE cov: 445 ft: 530 corp: 135/378b lim: 4 exec/s: 0 rss: 809Mb L: 3/4 MS: 4 ChangeBinInt-Custom-EraseBytes-Custom-
#842	REDUCE cov: 447 ft: 532 corp: 136/379b lim: 4 exec/s: 0 rss: 809Mb L: 1/4 MS: 4 CopyPart-Custom-ChangeBinInt-Custom-
#843	NEW    cov: 448 ft: 533 corp: 137/382b lim: 4 exec/s: 0 rss: 809Mb L: 3/4 MS: 2 InsertByte-Custom-
#852	NEW    cov: 450 ft: 535 corp: 138/385b lim: 4 exec/s: 0 rss: 809Mb L: 3/4 MS: 8 ShuffleBytes-Custom-PersAutoDict-Custom-EraseBytes-Custom-InsertByte-Custom- DE: "\007\000"-
#856	REDUCE cov: 453 ft: 538 corp: 139/388b lim: 4 exec/s: 0 rss: 809Mb L: 3/4 MS: 8 ChangeBit-Custom-CrossOver-Custom-CopyPart-Custom-CopyPart-Custom-
#887	REDUCE cov: 453 ft: 538 corp: 139/387b lim: 4 exec/s: 0 rss: 809Mb L: 3/4 MS: 2 EraseBytes-Custom-
#911	NEW    cov: 454 ft: 539 corp: 140/389b lim: 4 exec/s: 0 rss: 809Mb L: 2/4 MS: 8 EraseBytes-Custom-EraseBytes-Custom-CopyPart-Custom-ChangeBinInt-Custom-
#929	REDUCE cov: 454 ft: 539 corp: 140/388b lim: 4 exec/s: 0 rss: 809Mb L: 3/4 MS: 6 ChangeBinInt-Custom-CrossOver-Custom-EraseBytes-Custom-
#939	NEW    cov: 456 ft: 541 corp: 141/391b lim: 4 exec/s: 0 rss: 809Mb L: 3/4 MS: 10 ChangeByte-Custom-InsertByte-Custom-ChangeByte-Custom-ChangeBinInt-Custom-ChangeBit-Custom-
#941	NEW    cov: 457 ft: 543 corp: 142/395b lim: 4 exec/s: 0 rss: 809Mb L: 4/4 MS: 4 ChangeBit-Custom-ChangeBit-Custom-
#942	REDUCE cov: 457 ft: 543 corp: 142/394b lim: 4 exec/s: 0 rss: 809Mb L: 1/4 MS: 2 EraseBytes-Custom-
#954	NEW    cov: 459 ft: 545 corp: 143/398b lim: 4 exec/s: 0 rss: 809Mb L: 4/4 MS: 4 ChangeByte-Custom-ChangeBinInt-Custom-
#963	NEW    cov: 461 ft: 547 corp: 144/402b lim: 4 exec/s: 0 rss: 809Mb L: 4/4 MS: 8 CrossOver-Custom-InsertByte-Custom-CopyPart-Custom-ShuffleBytes-Custom-
#965	REDUCE cov: 464 ft: 550 corp: 145/403b lim: 4 exec/s: 0 rss: 809Mb L: 1/4 MS: 4 EraseBytes-Custom-ChangeBit-Custom-
#973	NEW    cov: 465 ft: 551 corp: 146/405b lim: 4 exec/s: 0 rss: 809Mb L: 2/4 MS: 6 CrossOver-Custom-ChangeByte-Custom-ChangeByte-Custom-
#977	NEW    cov: 467 ft: 553 corp: 147/408b lim: 4 exec/s: 0 rss: 809Mb L: 3/4 MS: 8 CopyPart-Custom-EraseBytes-Custom-EraseBytes-Custom-CrossOver-Custom-
#978	NEW    cov: 467 ft: 554 corp: 148/411b lim: 4 exec/s: 0 rss: 809Mb L: 3/4 MS: 2 ChangeBinInt-Custom-
#983	NEW    cov: 483 ft: 570 corp: 149/415b lim: 4 exec/s: 0 rss: 809Mb L: 4/4 MS: 10 ShuffleBytes-Custom-ShuffleBytes-Custom-ChangeBinInt-Custom-CopyPart-Custom-ChangeByte-Custom-
#989	NEW    cov: 483 ft: 571 corp: 150/419b lim: 4 exec/s: 0 rss: 809Mb L: 4/4 MS: 2 CopyPart-Custom-
#996	NEW    cov: 484 ft: 572 corp: 151/420b lim: 4 exec/s: 0 rss: 809Mb L: 1/4 MS: 4 EraseBytes-Custom-ChangeBit-Custom-
#1002	NEW    cov: 486 ft: 574 corp: 152/422b lim: 4 exec/s: 0 rss: 809Mb L: 2/4 MS: 2 ChangeBit-Custom-
#1012	NEW    cov: 487 ft: 575 corp: 153/426b lim: 4 exec/s: 0 rss: 809Mb L: 4/4 MS: 10 ChangeByte-Custom-CrossOver-Custom-PersAutoDict-Custom-ChangeBinInt-Custom-InsertByte-Custom- DE: "\377\001"-
#1045	REDUCE cov: 488 ft: 576 corp: 154/428b lim: 4 exec/s: 0 rss: 809Mb L: 2/4 MS: 6 CrossOver-Custom-ShuffleBytes-Custom-ChangeByte-Custom-
#1074	REDUCE cov: 488 ft: 576 corp: 154/427b lim: 4 exec/s: 0 rss: 809Mb L: 3/4 MS: 8 CrossOver-Custom-ShuffleBytes-Custom-ShuffleBytes-Custom-EraseBytes-Custom-
#1085	NEW    cov: 489 ft: 577 corp: 155/429b lim: 4 exec/s: 0 rss: 809Mb L: 2/4 MS: 2 ChangeBit-Custom-
#1087	NEW    cov: 489 ft: 580 corp: 156/431b lim: 4 exec/s: 0 rss: 809Mb L: 2/4 MS: 4 ChangeByte-Custom-CMP-Custom- DE: "\001 "-
#1090	NEW    cov: 492 ft: 583 corp: 157/434b lim: 4 exec/s: 0 rss: 809Mb L: 3/4 MS: 6 ShuffleBytes-Custom-CrossOver-Custom-ChangeBit-Custom-
#1100	NEW    cov: 497 ft: 588 corp: 158/438b lim: 4 exec/s: 0 rss: 809Mb L: 4/4 MS: 10 CopyPart-Custom-ShuffleBytes-Custom-ChangeBinInt-Custom-ChangeBinInt-Custom-CrossOver-Custom-
#1110	NEW    cov: 499 ft: 590 corp: 159/442b lim: 4 exec/s: 0 rss: 809Mb L: 4/4 MS: 10 ChangeBinInt-Custom-ChangeByte-Custom-ChangeByte-Custom-CrossOver-Custom-CMP-Custom- DE: "\022\000\000\000"-
#1111	NEW    cov: 505 ft: 596 corp: 160/446b lim: 4 exec/s: 0 rss: 809Mb L: 4/4 MS: 2 CMP-Custom- DE: "\377\377"-
#1117	REDUCE cov: 505 ft: 596 corp: 160/445b lim: 4 exec/s: 0 rss: 809Mb L: 3/4 MS: 2 EraseBytes-Custom-
#1130	NEW    cov: 507 ft: 598 corp: 161/448b lim: 4 exec/s: 0 rss: 809Mb L: 3/4 MS: 6 ChangeBit-Custom-EraseBytes-Custom-ShuffleBytes-Custom-
#1151	NEW    cov: 509 ft: 600 corp: 162/449b lim: 4 exec/s: 0 rss: 809Mb L: 1/4 MS: 2 ChangeByte-Custom-
#1185	REDUCE cov: 511 ft: 602 corp: 163/451b lim: 4 exec/s: 0 rss: 809Mb L: 2/4 MS: 8 CopyPart-Custom-CopyPart-Custom-ShuffleBytes-Custom-ChangeBit-Custom-
#1190	NEW    cov: 512 ft: 603 corp: 164/455b lim: 4 exec/s: 0 rss: 809Mb L: 4/4 MS: 10 InsertByte-Custom-CopyPart-Custom-CrossOver-Custom-ChangeBit-Custom-ShuffleBytes-Custom-
#1193	NEW    cov: 514 ft: 605 corp: 165/456b lim: 4 exec/s: 0 rss: 809Mb L: 1/4 MS: 6 EraseBytes-Custom-ChangeBinInt-Custom-ChangeBinInt-Custom-
#1211	NEW    cov: 516 ft: 607 corp: 166/460b lim: 4 exec/s: 0 rss: 809Mb L: 4/4 MS: 6 InsertByte-Custom-CopyPart-Custom-ChangeByte-Custom-
#1222	NEW    cov: 517 ft: 612 corp: 167/463b lim: 4 exec/s: 0 rss: 809Mb L: 3/4 MS: 2 ChangeByte-Custom-
#1226	NEW    cov: 518 ft: 613 corp: 168/465b lim: 4 exec/s: 0 rss: 809Mb L: 2/4 MS: 8 CrossOver-Custom-ChangeBinInt-Custom-CopyPart-Custom-EraseBytes-Custom-
#1232	REDUCE cov: 518 ft: 613 corp: 168/464b lim: 4 exec/s: 0 rss: 809Mb L: 2/4 MS: 2 EraseBytes-Custom-
#1237	NEW    cov: 520 ft: 615 corp: 169/467b lim: 4 exec/s: 0 rss: 809Mb L: 3/4 MS: 10 ChangeBit-Custom-CopyPart-Custom-CrossOver-Custom-CopyPart-Custom-InsertByte-Custom-
#1263	REDUCE cov: 520 ft: 615 corp: 169/466b lim: 4 exec/s: 0 rss: 809Mb L: 1/4 MS: 2 EraseBytes-Custom-
#1273	REDUCE cov: 521 ft: 616 corp: 170/469b lim: 4 exec/s: 0 rss: 809Mb L: 3/4 MS: 10 InsertByte-Custom-ShuffleBytes-Custom-CopyPart-Custom-InsertByte-Custom-PersAutoDict-Custom- DE: "\001 "-
#1286	NEW    cov: 521 ft: 620 corp: 171/473b lim: 4 exec/s: 0 rss: 809Mb L: 4/4 MS: 6 InsertByte-Custom-InsertByte-Custom-CMP-Custom- DE: "\001\020"-
#1292	NEW    cov: 529 ft: 628 corp: 172/475b lim: 4 exec/s: 0 rss: 809Mb L: 2/4 MS: 2 ChangeByte-Custom-
#1300	REDUCE cov: 529 ft: 632 corp: 173/479b lim: 4 exec/s: 0 rss: 809Mb L: 4/4 MS: 6 ShuffleBytes-Custom-CopyPart-Custom-InsertByte-Custom-
#1311	REDUCE cov: 529 ft: 632 corp: 173/478b lim: 4 exec/s: 0 rss: 809Mb L: 1/4 MS: 2 EraseBytes-Custom-
#1314	REDUCE cov: 529 ft: 632 corp: 173/477b lim: 4 exec/s: 0 rss: 809Mb L: 1/4 MS: 6 ChangeBit-Custom-ShuffleBytes-Custom-EraseBytes-Custom-
#1322	REDUCE cov: 531 ft: 634 corp: 174/479b lim: 4 exec/s: 0 rss: 809Mb L: 2/4 MS: 6 CrossOver-Custom-ChangeByte-Custom-InsertByte-Custom-
#1324	NEW    cov: 531 ft: 636 corp: 175/483b lim: 4 exec/s: 0 rss: 809Mb L: 4/4 MS: 4 CrossOver-Custom-PersAutoDict-Custom- DE: "\010\000"-
#1345	NEW    cov: 533 ft: 638 corp: 176/487b lim: 4 exec/s: 0 rss: 809Mb L: 4/4 MS: 2 InsertByte-Custom-
MS: 8 ChangeBit-Custom-ChangeByte-Custom-CrossOver-Custom-ChangeBinInt-Custom-; base unit: b48f491783e98de10682f2d4455dfce5bdc3c233
0x0,0xe4,
\000\344
artifact_prefix='/tmp/bugrun/lang_52.yVdK04/'; Test unit written to /tmp/bugrun/lang_52.yVdK04/crash-298a74b697bfe1cdfe9774aec885a5e5957794b1
Base64: AOQ=
Done 1349 runs in 0 second(s)
[ERROR] Tests run: 2, Failures: 0, Errors: 1, Skipped: 0, Time elapsed: 6.066 s <<< FAILURE! -- in com.example.algorithm2.Algorithm2Test
[ERROR] com.example.algorithm2.Algorithm2Test.testParameterizedFuzzer(FuzzedDataProvider)[2] -- Time elapsed: 0.437 s <<< ERROR!
java.lang.IllegalArgumentException: Minimum abbreviation width is 4
	at org.apache.commons.lang.StringUtils.abbreviate(StringUtils.java:4904)
	at org.apache.commons.lang.StringUtils.abbreviate(StringUtils.java:4861)
	at java.base/jdk.internal.reflect.NativeMethodAccessorImpl.invoke0(Native Method)
	at java.base/jdk.internal.reflect.NativeMethodAccessorImpl.invoke(NativeMethodAccessorImpl.java:62)
	at java.base/jdk.internal.reflect.DelegatingMethodAccessorImpl.invoke(DelegatingMethodAccessorImpl.java:43)
	at java.base/java.lang.reflect.Method.invoke(Method.java:566)
	at com.example.algorithm2.Algorithm2Test.testParameterizedFuzzer(Algorithm2Test.java:226)

[INFO] 
[INFO] Results:
[INFO] 
[ERROR] Errors: 
[ERROR]   Algorithm2Test.testParameterizedFuzzer:226 » IllegalArgument Minimum abbreviation width is 4
[INFO] 
[ERROR] Tests run: 2, Failures: 0, Errors: 1, Skipped: 0
[INFO] 
[ERROR] 

Please refer to /tmp/bugrun/lang_52.yVdK04/target/surefire-reports for the individual test results.
Please refer to dump files (if any exist) [date].dump, [date]-jvmRun[N].dump and [date].dumpstream.
[INFO] 
[INFO] --- jacoco:0.8.11:report (default-cli) @ AlgorithmName2 ---
[INFO] Loading execution data file /tmp/bugrun/lang_52.yVdK04/target/jacoco.exec
[INFO] Analyzed bundle 'AlgorithmName2' with 120 classes
[INFO] ------------------------------------------------------------------------
[INFO] BUILD SUCCESS
[INFO] ------------------------------------------------------------------------
[INFO] Total time:  19.101 s
[INFO] Finished at: 2026-10-06T03:51:30+07:00
[INFO] ------------------------------------------------------------------------
