[INFO] Scanning for projects...
[INFO] 
[INFO] ---------------------< com.example:AlgorithmName2 >---------------------
[INFO] Building AlgorithmName2 1.0-SNAPSHOT
[INFO]   from pom.xml
[INFO] --------------------------------[ jar ]---------------------------------
[INFO] 
[INFO] --- jacoco:0.8.11:prepare-agent (default) @ AlgorithmName2 ---
[INFO] argLine set to -javaagent:/home/kanyaphak673380391-3/.m2/repository/org/jacoco/org.jacoco.agent/0.8.11/org.jacoco.agent-0.8.11-runtime.jar=destfile=/tmp/bugrun/math_14.9AElIV/target/jacoco.exec
[INFO] 
[INFO] --- resources:3.4.0:resources (default-resources) @ AlgorithmName2 ---
[INFO] Copying 1 resource from src/main/resources to target/classes
[INFO] 
[INFO] --- compiler:3.15.0:compile (default-compile) @ AlgorithmName2 ---
[INFO] Recompiling the module because of changed source code.
[INFO] Compiling 1 source file with javac [debug target 1.8] to target/classes
[WARNING] bootstrap class path not set in conjunction with -source 8
[INFO] 
[INFO] --- dependency:3.6.0:unpack-dependencies (unpack-defects4j) @ AlgorithmName2 ---
[INFO] 
[INFO] --- resources:3.4.0:testResources (default-testResources) @ AlgorithmName2 ---
[INFO] skip non existing resourceDirectory /tmp/bugrun/math_14.9AElIV/src/test/resources
[INFO] 
[INFO] --- compiler:3.15.0:testCompile (default-testCompile) @ AlgorithmName2 ---
[INFO] Recompiling the module because of changed dependency.
[INFO] Compiling 1 source file with javac [debug target 1.8] to target/test-classes
[WARNING] bootstrap class path not set in conjunction with -source 8
[INFO] 
[INFO] --- surefire:3.1.2:test (default-cli) @ AlgorithmName2 ---
[INFO] Using auto detected provider org.apache.maven.surefire.junitplatform.JUnitPlatformProvider
[INFO] 
[INFO] -------------------------------------------------------
[INFO]  T E S T S
[INFO] -------------------------------------------------------
[INFO] Running com.example.algorithm2.Algorithm2Test
OpenJDK 64-Bit Server VM warning: Sharing is only supported for boot loader classes because bootstrap classpath has been appended
INFO: Loaded 284 hooks from com.code_intelligence.jazzer.runtime.TraceCmpHooks
INFO: Loaded 5 hooks from com.code_intelligence.jazzer.runtime.TraceDivHooks
INFO: Loaded 2 hooks from com.code_intelligence.jazzer.runtime.TraceIndirHooks
INFO: Loaded 4 hooks from com.code_intelligence.jazzer.runtime.NativeLibHooks
INFO: Loaded 2 hooks from com.code_intelligence.jazzer.sanitizers.ClojureLangHooks
INFO: Loaded 5 hooks from com.code_intelligence.jazzer.sanitizers.Deserialization
INFO: Loaded 5 hooks from com.code_intelligence.jazzer.sanitizers.ExpressionLanguageInjection
INFO: Loaded 70 hooks from com.code_intelligence.jazzer.sanitizers.LdapInjection
INFO: Loaded 46 hooks from com.code_intelligence.jazzer.sanitizers.NamingContextLookup
INFO: Loaded 1 hooks from com.code_intelligence.jazzer.sanitizers.OsCommandInjection
INFO: Loaded 52 hooks from com.code_intelligence.jazzer.sanitizers.ReflectiveCall
INFO: Loaded 8 hooks from com.code_intelligence.jazzer.sanitizers.RegexInjection
INFO: Loaded 16 hooks from com.code_intelligence.jazzer.sanitizers.RegexRoadblocks
INFO: Loaded 18 hooks from com.code_intelligence.jazzer.sanitizers.ScriptEngineInjection
INFO: Loaded 2 hooks from com.code_intelligence.jazzer.sanitizers.ServerSideRequestForgery
INFO: Loaded 19 hooks from com.code_intelligence.jazzer.sanitizers.SqlInjection
INFO: Loaded 6 hooks from com.code_intelligence.jazzer.sanitizers.XPathInjection
INFO: Instrumented com.example.algorithm2.Algorithm2Test$Skip (took 177 ms, size +44%)
INFO: Instrumented com.example.algorithm2.Algorithm2Test (took 149 ms, size +27%)
INFO: New number of coverage counters: 1024
INFO: Instrumented org.apache.commons.math3.util.Precision (took 209 ms, size +26%)
INFO: Instrumented org.apache.commons.math3.exception.MathArithmeticException (took 18 ms, size +24%)
INFO: Instrumented org.apache.commons.math3.exception.util.ExceptionContextProvider (took 1 ms, size +0%)
INFO: Instrumented org.apache.commons.math3.exception.util.Localizable (took 2 ms, size +0%)
INFO: Instrumented org.apache.commons.math3.exception.MathIllegalArgumentException (took 11 ms, size +27%)
[harness] target=org.apache.commons.math3.util.Precision factories=1 methods=20
INFO: New number of coverage counters: 2048
INFO: Instrumented org.apache.commons.math3.util.FastMath (took 168 ms, size +16%)
INFO: found LLVMFuzzerCustomMutator (0x7e2ad966ccd0). Disabling -len_control by default.
INFO: using inputs from: /tmp/bugrun/math_14.9AElIV/.cifuzz-corpus/com.example.algorithm2.Algorithm2Test/testParameterizedFuzzer
INFO: INFO: Running with entropic power schedule (0xFF, 100).
INFO: Seed: 2888123599
using inputs from: /tmp/jazzer-java-seeds18402316367339265906
INFO: Loaded 3 modules   (2048 inline 8-bit counters): 512 [0x7e2b90b278d0, 0x7e2b90b27ad0), 512 [0x7e2b90b27ad0, 0x7e2b90b27cd0), 1024 [0x7e2b90b27cd0, 0x7e2b90b280d0), 
INFO: Loaded 3 PC tables (2048 PCs): 512 [0x7e2b9065dd50,0x7e2b9065fd50), 512 [0x7e2b90a939e0,0x7e2b90a959e0), 1024 [0x7e2b90cd5620,0x7e2b90cd9620), 
INFO:        0 files found in /tmp/bugrun/math_14.9AElIV/.cifuzz-corpus/com.example.algorithm2.Algorithm2Test/testParameterizedFuzzer
INFO:        0 files found in /tmp/jazzer-java-seeds18402316367339265906
INFO: -max_len is not provided; libFuzzer will not generate inputs larger than 4096 bytes
INFO: A corpus is not provided, starting from an empty corpus
#2	INITED cov: 45 ft: 45 corp: 1/1b exec/s: 0 rss: 945Mb
#8	NEW    cov: 59 ft: 67 corp: 2/2b lim: 4 exec/s: 0 rss: 946Mb L: 1/1 MS: 2 ChangeBit-Custom-
#10	NEW    cov: 78 ft: 86 corp: 3/3b lim: 4 exec/s: 0 rss: 946Mb L: 1/1 MS: 4 ChangeBit-Custom-ChangeBit-Custom-
#13	NEW    cov: 80 ft: 88 corp: 4/5b lim: 4 exec/s: 0 rss: 946Mb L: 2/2 MS: 6 ShuffleBytes-Custom-ShuffleBytes-Custom-InsertByte-Custom-
#14	NEW    cov: 93 ft: 101 corp: 5/7b lim: 4 exec/s: 0 rss: 946Mb L: 2/2 MS: 2 InsertByte-Custom-
#20	NEW    cov: 102 ft: 110 corp: 6/9b lim: 4 exec/s: 0 rss: 946Mb L: 2/2 MS: 2 CopyPart-Custom-
#21	NEW    cov: 104 ft: 114 corp: 7/10b lim: 4 exec/s: 0 rss: 946Mb L: 1/2 MS: 2 ChangeBinInt-Custom-
#27	NEW    cov: 105 ft: 115 corp: 8/12b lim: 4 exec/s: 0 rss: 946Mb L: 2/2 MS: 2 ChangeBinInt-Custom-
#31	NEW    cov: 107 ft: 118 corp: 9/15b lim: 4 exec/s: 0 rss: 946Mb L: 3/3 MS: 8 ChangeBinInt-Custom-InsertByte-Custom-CrossOver-Custom-CrossOver-Custom-
#37	NEW    cov: 111 ft: 134 corp: 10/16b lim: 4 exec/s: 0 rss: 946Mb L: 1/3 MS: 2 CrossOver-Custom-
#39	NEW    cov: 112 ft: 135 corp: 11/19b lim: 4 exec/s: 0 rss: 946Mb L: 3/3 MS: 4 InsertByte-Custom-ChangeBit-Custom-
#44	NEW    cov: 121 ft: 144 corp: 12/22b lim: 4 exec/s: 0 rss: 946Mb L: 3/3 MS: 10 CrossOver-Custom-ShuffleBytes-Custom-ChangeBit-Custom-ShuffleBytes-Custom-ChangeBit-Custom-
#49	NEW    cov: 121 ft: 145 corp: 13/26b lim: 4 exec/s: 0 rss: 946Mb L: 4/4 MS: 10 CrossOver-Custom-ChangeByte-Custom-CrossOver-Custom-InsertByte-Custom-ShuffleBytes-Custom-
#53	NEW    cov: 123 ft: 149 corp: 14/30b lim: 4 exec/s: 0 rss: 946Mb L: 4/4 MS: 8 CrossOver-Custom-ChangeByte-Custom-ChangeByte-Custom-CMP-Custom- DE: "\000\000\000\035"-
#59	NEW    cov: 128 ft: 154 corp: 15/32b lim: 4 exec/s: 0 rss: 946Mb L: 2/4 MS: 2 InsertByte-Custom-
#73	REDUCE cov: 128 ft: 154 corp: 15/31b lim: 4 exec/s: 0 rss: 946Mb L: 2/4 MS: 8 InsertByte-Custom-CopyPart-Custom-ChangeBit-Custom-EraseBytes-Custom-
#75	NEW    cov: 129 ft: 155 corp: 16/33b lim: 4 exec/s: 0 rss: 946Mb L: 2/4 MS: 4 ChangeByte-Custom-InsertByte-Custom-
#85	NEW    cov: 138 ft: 164 corp: 17/34b lim: 4 exec/s: 0 rss: 946Mb L: 1/4 MS: 10 ShuffleBytes-Custom-ChangeBit-Custom-ShuffleBytes-Custom-ChangeBit-Custom-ChangeByte-Custom-
#95	NEW    cov: 140 ft: 166 corp: 18/37b lim: 4 exec/s: 0 rss: 946Mb L: 3/4 MS: 10 ChangeBit-Custom-EraseBytes-Custom-CopyPart-Custom-ChangeBinInt-Custom-InsertByte-Custom-
#97	NEW    cov: 144 ft: 170 corp: 19/39b lim: 4 exec/s: 0 rss: 946Mb L: 2/4 MS: 4 ChangeBit-Custom-CopyPart-Custom-
#103	NEW    cov: 146 ft: 172 corp: 20/41b lim: 4 exec/s: 0 rss: 946Mb L: 2/4 MS: 2 ChangeByte-Custom-
#111	NEW    cov: 148 ft: 174 corp: 21/43b lim: 4 exec/s: 0 rss: 946Mb L: 2/4 MS: 6 ChangeBinInt-Custom-ChangeBit-Custom-ChangeBit-Custom-
#112	NEW    cov: 149 ft: 175 corp: 22/45b lim: 4 exec/s: 0 rss: 946Mb L: 2/4 MS: 2 CrossOver-Custom-
#114	NEW    cov: 151 ft: 177 corp: 23/48b lim: 4 exec/s: 0 rss: 946Mb L: 3/4 MS: 4 CrossOver-Custom-ChangeBit-Custom-
#159	NEW    cov: 155 ft: 181 corp: 24/52b lim: 4 exec/s: 0 rss: 946Mb L: 4/4 MS: 10 EraseBytes-Custom-CrossOver-Custom-InsertByte-Custom-InsertByte-Custom-CrossOver-Custom-
#165	REDUCE cov: 155 ft: 181 corp: 24/51b lim: 4 exec/s: 0 rss: 946Mb L: 1/4 MS: 2 EraseBytes-Custom-
#173	NEW    cov: 156 ft: 182 corp: 25/54b lim: 4 exec/s: 0 rss: 946Mb L: 3/4 MS: 6 ShuffleBytes-Custom-ShuffleBytes-Custom-InsertByte-Custom-
#183	NEW    cov: 157 ft: 183 corp: 26/56b lim: 4 exec/s: 0 rss: 946Mb L: 2/4 MS: 10 ChangeByte-Custom-EraseBytes-Custom-ChangeByte-Custom-CrossOver-Custom-ChangeBit-Custom-
#227	REDUCE cov: 159 ft: 185 corp: 27/57b lim: 4 exec/s: 0 rss: 946Mb L: 1/4 MS: 8 ShuffleBytes-Custom-CrossOver-Custom-InsertByte-Custom-CrossOver-Custom-
#239	NEW    cov: 160 ft: 188 corp: 28/60b lim: 4 exec/s: 0 rss: 946Mb L: 3/4 MS: 4 CopyPart-Custom-ChangeByte-Custom-
#251	REDUCE cov: 160 ft: 188 corp: 28/59b lim: 4 exec/s: 0 rss: 946Mb L: 1/4 MS: 4 EraseBytes-Custom-CrossOver-Custom-
#295	NEW    cov: 161 ft: 189 corp: 29/62b lim: 4 exec/s: 0 rss: 946Mb L: 3/4 MS: 8 CMP-Custom-ChangeBit-Custom-EraseBytes-Custom-ShuffleBytes-Custom- DE: "\016\000"-
#314	NEW    cov: 162 ft: 190 corp: 30/63b lim: 4 exec/s: 0 rss: 946Mb L: 1/4 MS: 8 ChangeByte-Custom-CopyPart-Custom-EraseBytes-Custom-ChangeByte-Custom-
#344	NEW    cov: 163 ft: 191 corp: 31/67b lim: 4 exec/s: 0 rss: 946Mb L: 4/4 MS: 10 CrossOver-Custom-ChangeBit-Custom-InsertByte-Custom-CopyPart-Custom-ChangeByte-Custom-
#349	REDUCE cov: 167 ft: 195 corp: 32/70b lim: 4 exec/s: 0 rss: 946Mb L: 3/4 MS: 10 ShuffleBytes-Custom-CrossOver-Custom-ChangeByte-Custom-CrossOver-Custom-ChangeBit-Custom-
#415	NEW    cov: 168 ft: 196 corp: 33/74b lim: 4 exec/s: 0 rss: 946Mb L: 4/4 MS: 2 ChangeBinInt-Custom-
#422	NEW    cov: 169 ft: 197 corp: 34/78b lim: 4 exec/s: 0 rss: 946Mb L: 4/4 MS: 4 ShuffleBytes-Custom-ChangeByte-Custom-
#451	NEW    cov: 170 ft: 198 corp: 35/82b lim: 4 exec/s: 0 rss: 946Mb L: 4/4 MS: 8 EraseBytes-Custom-CrossOver-Custom-ChangeBit-Custom-InsertByte-Custom-
#486	REDUCE cov: 170 ft: 198 corp: 35/80b lim: 4 exec/s: 0 rss: 946Mb L: 1/4 MS: 10 ChangeByte-Custom-ChangeBit-Custom-ChangeBit-Custom-ShuffleBytes-Custom-CrossOver-Custom-
#646	REDUCE cov: 170 ft: 198 corp: 35/78b lim: 4 exec/s: 0 rss: 946Mb L: 1/4 MS: 10 CopyPart-Custom-ShuffleBytes-Custom-ShuffleBytes-Custom-EraseBytes-Custom-CrossOver-Custom-
#753	NEW    cov: 172 ft: 200 corp: 36/81b lim: 4 exec/s: 0 rss: 946Mb L: 3/4 MS: 4 CrossOver-Custom-InsertByte-Custom-
#924	REDUCE cov: 172 ft: 200 corp: 36/80b lim: 4 exec/s: 0 rss: 946Mb L: 3/4 MS: 2 EraseBytes-Custom-
#951	REDUCE cov: 172 ft: 200 corp: 36/79b lim: 4 exec/s: 0 rss: 946Mb L: 2/4 MS: 4 ChangeByte-Custom-EraseBytes-Custom-
#1007	REDUCE cov: 172 ft: 200 corp: 36/77b lim: 4 exec/s: 0 rss: 946Mb L: 2/4 MS: 2 EraseBytes-Custom-
#1111	NEW    cov: 175 ft: 203 corp: 37/80b lim: 4 exec/s: 0 rss: 946Mb L: 3/4 MS: 8 InsertByte-Custom-CopyPart-Custom-EraseBytes-Custom-InsertByte-Custom-
#1132	REDUCE cov: 175 ft: 203 corp: 37/79b lim: 4 exec/s: 0 rss: 946Mb L: 2/4 MS: 2 EraseBytes-Custom-
#1293	NEW    cov: 175 ft: 204 corp: 38/81b lim: 4 exec/s: 0 rss: 946Mb L: 2/4 MS: 2 ChangeBit-Custom-
#1502	NEW    cov: 176 ft: 205 corp: 39/84b lim: 6 exec/s: 0 rss: 946Mb L: 3/4 MS: 8 CrossOver-Custom-ShuffleBytes-Custom-ShuffleBytes-Custom-ChangeByte-Custom-
#1508	REDUCE cov: 176 ft: 205 corp: 39/83b lim: 6 exec/s: 0 rss: 946Mb L: 2/4 MS: 2 EraseBytes-Custom-
#1511	REDUCE cov: 176 ft: 205 corp: 39/82b lim: 6 exec/s: 0 rss: 946Mb L: 2/4 MS: 6 ChangeByte-Custom-ChangeByte-Custom-EraseBytes-Custom-
#1528	NEW    cov: 177 ft: 206 corp: 40/88b lim: 6 exec/s: 0 rss: 946Mb L: 6/6 MS: 4 CrossOver-Custom-ChangeBit-Custom-
#1737	NEW    cov: 178 ft: 207 corp: 41/96b lim: 8 exec/s: 0 rss: 946Mb L: 8/8 MS: 8 CMP-Custom-CrossOver-Custom-InsertRepeatedBytes-Custom-ChangeBit-Custom- DE: "\200\200L\261"-
#1814	REDUCE cov: 179 ft: 208 corp: 42/98b lim: 8 exec/s: 0 rss: 946Mb L: 2/8 MS: 4 CrossOver-Custom-CrossOver-Custom-
#1887	NEW    cov: 180 ft: 209 corp: 43/105b lim: 8 exec/s: 0 rss: 946Mb L: 7/8 MS: 6 CMP-Custom-InsertByte-Custom-ChangeASCIIInt-Custom- DE: "\007\000"-
#1901	REDUCE cov: 187 ft: 216 corp: 44/113b lim: 8 exec/s: 0 rss: 946Mb L: 8/8 MS: 8 CopyPart-Custom-CopyPart-Custom-EraseBytes-Custom-InsertRepeatedBytes-Custom-
#2052	NEW    cov: 188 ft: 217 corp: 45/115b lim: 8 exec/s: 0 rss: 946Mb L: 2/8 MS: 2 ChangeBit-Custom-
#2194	REDUCE cov: 188 ft: 217 corp: 45/113b lim: 8 exec/s: 0 rss: 947Mb L: 5/8 MS: 4 PersAutoDict-Custom-EraseBytes-Custom- DE: "\016\000"-
#2488	REDUCE cov: 188 ft: 217 corp: 45/111b lim: 8 exec/s: 0 rss: 947Mb L: 3/8 MS: 8 ChangeBit-Custom-ChangeByte-Custom-ChangeASCIIInt-Custom-EraseBytes-Custom-
#2841	NEW    cov: 188 ft: 219 corp: 46/120b lim: 11 exec/s: 0 rss: 947Mb L: 9/9 MS: 6 ChangeBinInt-Custom-ChangeByte-Custom-InsertRepeatedBytes-Custom-
#2887	REDUCE cov: 188 ft: 219 corp: 46/119b lim: 11 exec/s: 0 rss: 947Mb L: 2/9 MS: 2 EraseBytes-Custom-
WARN: Some hooks could not be applied to class files built for Java 7 or lower.
                       Ensure that the fuzz target and its dependencies are compiled with
                       -target 8 or higher to identify as many bugs as possible.
INFO: Instrumented org.apache.commons.math3.exception.util.LocalizedFormats (took 43 ms, size +6%)
#2916	NEW    cov: 550 ft: 583 corp: 47/128b lim: 11 exec/s: 0 rss: 948Mb L: 9/9 MS: 8 ChangeByte-Custom-InsertByte-Custom-CopyPart-Custom-InsertRepeatedBytes-Custom-
#2943	REDUCE cov: 550 ft: 585 corp: 48/137b lim: 11 exec/s: 0 rss: 948Mb L: 9/9 MS: 4 ShuffleBytes-Custom-InsertRepeatedBytes-Custom-
#3032	REDUCE cov: 552 ft: 587 corp: 49/146b lim: 11 exec/s: 0 rss: 948Mb L: 9/9 MS: 8 ChangeBit-Custom-CMP-Custom-EraseBytes-Custom-CrossOver-Custom- DE: "\001\000\000\000\000\000\000\000"-
#3044	NEW    cov: 554 ft: 590 corp: 50/156b lim: 11 exec/s: 0 rss: 948Mb L: 10/10 MS: 4 CrossOver-Custom-InsertRepeatedBytes-Custom-
#3102	NEW    cov: 554 ft: 591 corp: 51/165b lim: 11 exec/s: 0 rss: 948Mb L: 9/10 MS: 6 ChangeByte-Custom-ChangeByte-Custom-ShuffleBytes-Custom-
#3288	NEW    cov: 554 ft: 592 corp: 52/175b lim: 11 exec/s: 0 rss: 948Mb L: 10/10 MS: 2 CrossOver-Custom-
#3291	NEW    cov: 554 ft: 593 corp: 53/186b lim: 11 exec/s: 0 rss: 948Mb L: 11/11 MS: 6 ChangeByte-Custom-InsertRepeatedBytes-Custom-CMP-Custom- DE: "~jZZZZZY"-
#3312	NEW    cov: 554 ft: 594 corp: 54/195b lim: 11 exec/s: 0 rss: 948Mb L: 9/11 MS: 2 ChangeByte-Custom-
#3320	NEW    cov: 554 ft: 596 corp: 55/206b lim: 11 exec/s: 0 rss: 948Mb L: 11/11 MS: 6 CrossOver-Custom-ShuffleBytes-Custom-ChangeBinInt-Custom-
#3321	NEW    cov: 554 ft: 613 corp: 56/216b lim: 11 exec/s: 0 rss: 948Mb L: 10/11 MS: 2 ChangeBinInt-Custom-
#3337	REDUCE cov: 554 ft: 613 corp: 56/215b lim: 11 exec/s: 0 rss: 948Mb L: 2/11 MS: 2 EraseBytes-Custom-
#3365	NEW    cov: 558 ft: 617 corp: 57/224b lim: 11 exec/s: 0 rss: 948Mb L: 9/11 MS: 6 PersAutoDict-Custom-PersAutoDict-Custom-PersAutoDict-Custom- DE: "\000\000\000\035"-"\200\200L\261"-"\001\000\000\000\000\000\000\000"-
#3492	NEW    cov: 558 ft: 618 corp: 58/234b lim: 11 exec/s: 0 rss: 948Mb L: 10/11 MS: 4 PersAutoDict-Custom-CopyPart-Custom- DE: "\007\000"-
#3506	NEW    cov: 559 ft: 619 corp: 59/244b lim: 11 exec/s: 0 rss: 948Mb L: 10/11 MS: 8 ChangeBinInt-Custom-CrossOver-Custom-ShuffleBytes-Custom-CopyPart-Custom-
#3913	REDUCE cov: 559 ft: 619 corp: 59/243b lim: 14 exec/s: 0 rss: 948Mb L: 1/11 MS: 4 EraseBytes-Custom-ChangeByte-Custom-
#3924	REDUCE cov: 559 ft: 619 corp: 59/242b lim: 14 exec/s: 0 rss: 948Mb L: 2/11 MS: 2 EraseBytes-Custom-
#3989	REDUCE cov: 560 ft: 620 corp: 60/254b lim: 14 exec/s: 0 rss: 948Mb L: 12/12 MS: 10 ChangeBinInt-Custom-CrossOver-Custom-ShuffleBytes-Custom-PersAutoDict-Custom-CopyPart-Custom- DE: "~jZZZZZY"-
INFO: #4026	NEW    cov: 560 ft: 621 corp: 61/268b lim: 14 exec/s: 0 rss: 948Mb L: 14/14 MS: 4 CrossOver-Custom-InsertRepeatedBytes-Custom-
Instrumented org.apache.commons.math3.exception.util.ExceptionContext (took 38 ms, size +24%)
INFO: Instrumented org.apache.commons.math3.exception.util.ArgUtils (took 4 ms, size +46%)
#4178	REDUCE cov: 560 ft: 621 corp: 61/267b lim: 14 exec/s: 0 rss: 948Mb L: 3/14 MS: 4 ShuffleBytes-Custom-EraseBytes-Custom-
#4194	NEW    cov: 560 ft: 627 corp: 62/278b lim: 14 exec/s: 0 rss: 948Mb L: 11/14 MS: 2 CrossOver-Custom-
#4370	NEW    cov: 562 ft: 629 corp: 63/288b lim: 14 exec/s: 0 rss: 948Mb L: 10/14 MS: 2 InsertByte-Custom-
#4467	REDUCE cov: 562 ft: 629 corp: 63/287b lim: 14 exec/s: 0 rss: 948Mb L: 5/14 MS: 4 CopyPart-Custom-EraseBytes-Custom-
#4488	NEW    cov: 564 ft: 631 corp: 64/296b lim: 14 exec/s: 0 rss: 948Mb L: 9/14 MS: 2 CrossOver-Custom-
#4834	NEW    cov: 564 ft: 638 corp: 65/313b lim: 17 exec/s: 0 rss: 950Mb L: 17/17 MS: 2 InsertRepeatedBytes-Custom-
#4847	REDUCE cov: 565 ft: 639 corp: 66/326b lim: 17 exec/s: 0 rss: 950Mb L: 13/17 MS: 6 PersAutoDict-Custom-ChangeBit-Custom-CrossOver-Custom- DE: "~jZZZZZY"-
#4917	NEW    cov: 565 ft: 642 corp: 67/343b lim: 17 exec/s: 0 rss: 950Mb L: 17/17 MS: 10 CrossOver-Custom-InsertByte-Custom-InsertRepeatedBytes-Custom-ShuffleBytes-Custom-PersAutoDict-Custom- DE: "\016\000"-
#5049	NEW    cov: 565 ft: 647 corp: 68/359b lim: 17 exec/s: 0 rss: 951Mb L: 16/17 MS: 4 EraseBytes-Custom-InsertByte-Custom-
#5060	NEW    cov: 565 ft: 648 corp: 69/371b lim: 17 exec/s: 0 rss: 951Mb L: 12/17 MS: 2 InsertRepeatedBytes-Custom-
#5085	NEW    cov: 565 ft: 649 corp: 70/386b lim: 17 exec/s: 0 rss: 951Mb L: 15/17 MS: 10 CopyPart-Custom-ChangeByte-Custom-InsertRepeatedBytes-Custom-ChangeBit-Custom-ChangeBit-Custom-
MS: 4 ChangeByte-Custom-CrossOver-Custom-; base unit: f986dc66994bfa364140847cfba3352cf1e9dc27
0x4,0xec,0xae,0xec,0xec,0xec,0xec,0xec,0xab,0x7e,0x6a,0x5a,0x5a,0x5a,0x5a,
\004\354\256\354\354\354\354\354\253~jZZZZ
artifact_prefix='/tmp/bugrun/math_14.9AElIV/'; Test unit written to /tmp/bugrun/math_14.9AElIV/crash-424a5f31b197941c667d4b0536d3fd93c381aee7
Base64: BOyu7Ozs7OyrfmpaWlpa
Done 5117 runs in 0 second(s)
DEDUP_TOKEN: 900c31c0561dbe87
[ERROR] Tests run: 2, Failures: 0, Errors: 1, Skipped: 0, Time elapsed: 9.811 s <<< FAILURE! -- in com.example.algorithm2.Algorithm2Test
[ERROR] com.example.algorithm2.Algorithm2Test.testParameterizedFuzzer(FuzzedDataProvider)[2] -- Time elapsed: 1.103 s <<< ERROR!
java.lang.IllegalArgumentException: Invalid rounding mode
	at java.base/java.math.BigDecimal.setScale(BigDecimal.java:2884)
	at org.apache.commons.math3.util.Precision.round(Precision.java:397)
	at jdk.internal.reflect.GeneratedMethodAccessor59.invoke(Unknown Source)
	at java.base/jdk.internal.reflect.DelegatingMethodAccessorImpl.invoke(DelegatingMethodAccessorImpl.java:43)
	at java.base/java.lang.reflect.Method.invoke(Method.java:566)
	at com.example.algorithm2.Algorithm2Test.testParameterizedFuzzer(Algorithm2Test.java:226)

[INFO] 
[INFO] Results:
[INFO] 
[ERROR] Errors: 
[ERROR]   Algorithm2Test.testParameterizedFuzzer:226 » IllegalArgument Invalid rounding mode
[INFO] 
[ERROR] Tests run: 2, Failures: 0, Errors: 1, Skipped: 0
[INFO] 
[ERROR] 

Please refer to /tmp/bugrun/math_14.9AElIV/target/surefire-reports for the individual test results.
Please refer to dump files (if any exist) [date].dump, [date]-jvmRun[N].dump and [date].dumpstream.
[INFO] 
[INFO] --- jacoco:0.8.11:report (default-cli) @ AlgorithmName2 ---
[INFO] Loading execution data file /tmp/bugrun/math_14.9AElIV/target/jacoco.exec
[INFO] Analyzed bundle 'AlgorithmName2' with 786 classes
[INFO] ------------------------------------------------------------------------
[INFO] BUILD SUCCESS
[INFO] ------------------------------------------------------------------------
[INFO] Total time:  32.046 s
[INFO] Finished at: 2026-10-06T02:13:12+07:00
[INFO] ------------------------------------------------------------------------
