[INFO] Scanning for projects...
[INFO] 
[INFO] ---------------------< com.example:AlgorithmName2 >---------------------
[INFO] Building AlgorithmName2 1.0-SNAPSHOT
[INFO]   from pom.xml
[INFO] --------------------------------[ jar ]---------------------------------
[INFO] 
[INFO] --- jacoco:0.8.11:prepare-agent (default) @ AlgorithmName2 ---
[INFO] argLine set to -javaagent:/home/kanyaphak673380391-3/.m2/repository/org/jacoco/org.jacoco.agent/0.8.11/org.jacoco.agent-0.8.11-runtime.jar=destfile=/tmp/bugrun/lang_62.tPgXDe/target/jacoco.exec
[INFO] 
[INFO] --- resources:3.4.0:resources (default-resources) @ AlgorithmName2 ---
[INFO] Copying 1 resource from src/main/resources to target/classes
[INFO] 
[INFO] --- compiler:3.15.0:compile (default-compile) @ AlgorithmName2 ---
[INFO] Recompiling the module because of changed source code.
[INFO] Compiling 1 source file with javac [debug target 1.8] to target/classes
[WARNING] bootstrap class path not set in conjunction with -source 8
[INFO] 
[INFO] --- dependency:3.6.0:unpack-dependencies (unpack-defects4j) @ AlgorithmName2 ---
[INFO] 
[INFO] --- resources:3.4.0:testResources (default-testResources) @ AlgorithmName2 ---
[INFO] skip non existing resourceDirectory /tmp/bugrun/lang_62.tPgXDe/src/test/resources
[INFO] 
[INFO] --- compiler:3.15.0:testCompile (default-testCompile) @ AlgorithmName2 ---
[INFO] Recompiling the module because of changed dependency.
[INFO] Compiling 1 source file with javac [debug target 1.8] to target/test-classes
[WARNING] bootstrap class path not set in conjunction with -source 8
[INFO] 
[INFO] --- surefire:3.1.2:test (default-cli) @ AlgorithmName2 ---
[INFO] Using auto detected provider org.apache.maven.surefire.junitplatform.JUnitPlatformProvider
[INFO] 
[INFO] -------------------------------------------------------
[INFO]  T E S T S
[INFO] -------------------------------------------------------
[INFO] Running com.example.algorithm2.Algorithm2Test
OpenJDK 64-Bit Server VM warning: Sharing is only supported for boot loader classes because bootstrap classpath has been appended
INFO: Loaded 288 hooks from com.code_intelligence.jazzer.runtime.TraceCmpHooks
INFO: Loaded 5 hooks from com.code_intelligence.jazzer.runtime.TraceDivHooks
INFO: Loaded 2 hooks from com.code_intelligence.jazzer.runtime.TraceIndirHooks
INFO: Loaded 4 hooks from com.code_intelligence.jazzer.runtime.NativeLibHooks
INFO: Loaded 2 hooks from com.code_intelligence.jazzer.sanitizers.ClojureLangHooks
INFO: Loaded 5 hooks from com.code_intelligence.jazzer.sanitizers.Deserialization
INFO: Loaded 5 hooks from com.code_intelligence.jazzer.sanitizers.ExpressionLanguageInjection
INFO: Loaded 70 hooks from com.code_intelligence.jazzer.sanitizers.LdapInjection
INFO: Loaded 46 hooks from com.code_intelligence.jazzer.sanitizers.NamingContextLookup
INFO: Loaded 1 hooks from com.code_intelligence.jazzer.sanitizers.OsCommandInjection
INFO: Loaded 52 hooks from com.code_intelligence.jazzer.sanitizers.ReflectiveCall
INFO: Loaded 8 hooks from com.code_intelligence.jazzer.sanitizers.RegexInjection
INFO: Loaded 16 hooks from com.code_intelligence.jazzer.sanitizers.RegexRoadblocks
INFO: Loaded 18 hooks from com.code_intelligence.jazzer.sanitizers.ScriptEngineInjection
INFO: Loaded 2 hooks from com.code_intelligence.jazzer.sanitizers.ServerSideRequestForgery
INFO: Loaded 19 hooks from com.code_intelligence.jazzer.sanitizers.SqlInjection
INFO: Loaded 6 hooks from com.code_intelligence.jazzer.sanitizers.XPathInjection
INFO: Instrumented com.example.algorithm2.Algorithm2Test$Skip (took 154 ms, size +44%)
INFO: Instrumented com.example.algorithm2.Algorithm2Test (took 113 ms, size +27%)
INFO: New number of coverage counters: 1024
INFO: New number of coverage counters: 2048
INFO: Instrumented org.apache.commons.lang.StringUtils (took 321 ms, size +32%)
[harness] Fallback target loaded: org.apache.commons.lang.StringUtils (original was org.apache.commons.lang3.StringUtils)
[harness] target=org.apache.commons.lang.StringUtils factories=1 methods=134
INFO: Instrumented org.apache.commons.lang.StringEscapeUtils (took 32 ms, size +20%)
INFO: Instrumented org.apache.commons.lang.exception.NestableRuntimeException (took 16 ms, size +22%)
INFO: Instrumented org.apache.commons.lang.exception.Nestable (took 2 ms, size +0%)
INFO: INFO: found LLVMFuzzerCustomMutator (0x75a064a6ccd0). Disabling -len_control by default.
INFO: Running with entropic power schedule (0xFF, 100).
INFO: Seed: 252786227
using inputs from: /tmp/bugrun/lang_62.tPgXDe/.cifuzz-corpus/com.example.algorithm2.Algorithm2Test/testParameterizedFuzzer
INFO: using inputs from: /tmp/jazzer-java-seeds5033411149425282207
INFO: Loaded 3 modules   (2048 inline 8-bit counters): 512 [0x75a0ecd1d020, 0x75a0ecd1d220), 512 [0x75a0ecd1d220, 0x75a0ecd1d420), 1024 [0x75a0ecd1d420, 0x75a0ecd1d820), 
INFO: Loaded 3 PC tables (2048 PCs): 512 [0x75a0ecd13380,0x75a0ecd15380), 512 [0x75a0ecaf9920,0x75a0ecafb920), 1024 [0x75a0ec6f5e50,0x75a0ec6f9e50), 
INFO:        0 files found in /tmp/bugrun/lang_62.tPgXDe/.cifuzz-corpus/com.example.algorithm2.Algorithm2Test/testParameterizedFuzzer
INFO:        0 files found in /tmp/jazzer-java-seeds5033411149425282207
INFO: -max_len is not provided; libFuzzer will not generate inputs larger than 4096 bytes
INFO: A corpus is not provided, starting from an empty corpus
#2	INITED cov: 42 ft: 42 corp: 1/1b exec/s: 0 rss: 819Mb
#3	NEW    cov: 47 ft: 47 corp: 2/2b lim: 4 exec/s: 0 rss: 819Mb L: 1/1 MS: 2 ChangeByte-Custom-
#4	NEW    cov: 53 ft: 53 corp: 3/3b lim: 4 exec/s: 0 rss: 819Mb L: 1/1 MS: 2 ChangeBit-Custom-
#8	NEW    cov: 55 ft: 55 corp: 4/4b lim: 4 exec/s: 0 rss: 819Mb L: 1/1 MS: 8 CopyPart-Custom-CrossOver-Custom-ChangeBit-Custom-ChangeBinInt-Custom-
#10	NEW    cov: 61 ft: 61 corp: 5/6b lim: 4 exec/s: 0 rss: 819Mb L: 2/2 MS: 4 CrossOver-Custom-ChangeASCIIInt-Custom-
#12	NEW    cov: 70 ft: 72 corp: 6/7b lim: 4 exec/s: 0 rss: 819Mb L: 1/2 MS: 4 ShuffleBytes-Custom-ChangeByte-Custom-
#13	NEW    cov: 82 ft: 84 corp: 7/9b lim: 4 exec/s: 0 rss: 819Mb L: 2/2 MS: 2 CrossOver-Custom-
#16	NEW    cov: 88 ft: 94 corp: 8/12b lim: 4 exec/s: 0 rss: 819Mb L: 3/3 MS: 6 InsertByte-Custom-CrossOver-Custom-ChangeASCIIInt-Custom-
#20	NEW    cov: 91 ft: 97 corp: 9/13b lim: 4 exec/s: 0 rss: 821Mb L: 1/3 MS: 8 ShuffleBytes-Custom-ShuffleBytes-Custom-CopyPart-Custom-ChangeBinInt-Custom-
#22	NEW    cov: 94 ft: 100 corp: 10/14b lim: 4 exec/s: 0 rss: 821Mb L: 1/3 MS: 4 ShuffleBytes-Custom-ChangeByte-Custom-
#29	NEW    cov: 105 ft: 111 corp: 11/17b lim: 4 exec/s: 0 rss: 821Mb L: 3/3 MS: 4 ShuffleBytes-Custom-ChangeASCIIInt-Custom-
#31	NEW    cov: 107 ft: 113 corp: 12/18b lim: 4 exec/s: 0 rss: 821Mb L: 1/3 MS: 4 ShuffleBytes-Custom-ChangeBinInt-Custom-
#33	NEW    cov: 108 ft: 114 corp: 13/20b lim: 4 exec/s: 0 rss: 821Mb L: 2/3 MS: 4 ShuffleBytes-Custom-InsertByte-Custom-
#35	NEW    cov: 110 ft: 116 corp: 14/21b lim: 4 exec/s: 0 rss: 821Mb L: 1/3 MS: 4 ShuffleBytes-Custom-ChangeBinInt-Custom-
#36	NEW    cov: 112 ft: 118 corp: 15/22b lim: 4 exec/s: 0 rss: 821Mb L: 1/3 MS: 2 ChangeByte-Custom-
#37	NEW    cov: 114 ft: 122 corp: 16/25b lim: 4 exec/s: 0 rss: 821Mb L: 3/3 MS: 2 ChangeASCIIInt-Custom-
#43	NEW    cov: 119 ft: 127 corp: 17/27b lim: 4 exec/s: 0 rss: 821Mb L: 2/3 MS: 2 InsertByte-Custom-
INFO: New number of coverage counters: 4096
#44	NEW    cov: 123 ft: 131 corp: 18/28b lim: 4 exec/s: 0 rss: 822Mb L: 1/3 MS: 2 ChangeBit-Custom-
#46	NEW    cov: 123 ft: 141 corp: 19/32b lim: 4 exec/s: 0 rss: 822Mb L: 4/4 MS: 4 ChangeByte-Custom-CMP-Custom- DE: "\377\000"-
#54	NEW    cov: 124 ft: 142 corp: 20/36b lim: 4 exec/s: 0 rss: 822Mb L: 4/4 MS: 6 PersAutoDict-Custom-CopyPart-Custom-InsertByte-Custom- DE: "\377\000"-
#65	NEW    cov: 126 ft: 144 corp: 21/37b lim: 4 exec/s: 0 rss: 822Mb L: 1/4 MS: 2 ChangeByte-Custom-
#67	NEW    cov: 131 ft: 149 corp: 22/39b lim: 4 exec/s: 0 rss: 822Mb L: 2/4 MS: 4 InsertByte-Custom-ChangeByte-Custom-
INFO: Instrumented org.apache.commons.lang.ArrayUtils (took 148 ms, size +21%)
#70	NEW    cov: 137 ft: 155 corp: 23/41b lim: 4 exec/s: 0 rss: 822Mb L: 2/4 MS: 6 InsertByte-Custom-CrossOver-Custom-ChangeBinInt-Custom-
#73	REDUCE cov: 137 ft: 155 corp: 23/40b lim: 4 exec/s: 0 rss: 822Mb L: 2/4 MS: 6 ChangeBit-Custom-ChangeBit-Custom-EraseBytes-Custom-
#74	NEW    cov: 139 ft: 157 corp: 24/41b lim: 4 exec/s: 0 rss: 822Mb L: 1/4 MS: 2 ChangeBit-Custom-
#75	NEW    cov: 140 ft: 158 corp: 25/42b lim: 4 exec/s: 0 rss: 822Mb L: 1/4 MS: 2 ChangeByte-Custom-
#82	REDUCE cov: 142 ft: 160 corp: 26/44b lim: 4 exec/s: 0 rss: 822Mb L: 2/4 MS: 4 ChangeBinInt-Custom-CopyPart-Custom-
#83	NEW    cov: 145 ft: 163 corp: 27/45b lim: 4 exec/s: 0 rss: 822Mb L: 1/4 MS: 2 ChangeByte-Custom-
#84	NEW    cov: 149 ft: 167 corp: 28/48b lim: 4 exec/s: 0 rss: 822Mb L: 3/4 MS: 2 InsertByte-Custom-
#86	NEW    cov: 152 ft: 170 corp: 29/50b lim: 4 exec/s: 0 rss: 822Mb L: 2/4 MS: 4 CrossOver-Custom-CrossOver-Custom-
#93	NEW    cov: 156 ft: 180 corp: 30/52b lim: 4 exec/s: 0 rss: 822Mb L: 2/4 MS: 4 ChangeByte-Custom-InsertByte-Custom-
#100	NEW    cov: 159 ft: 183 corp: 31/55b lim: 4 exec/s: 0 rss: 822Mb L: 3/4 MS: 4 ChangeBinInt-Custom-InsertByte-Custom-
#102	NEW    cov: 160 ft: 184 corp: 32/57b lim: 4 exec/s: 0 rss: 822Mb L: 2/4 MS: 4 CopyPart-Custom-ChangeBinInt-Custom-
#103	NEW    cov: 161 ft: 185 corp: 33/60b lim: 4 exec/s: 0 rss: 822Mb L: 3/4 MS: 2 InsertByte-Custom-
#109	NEW    cov: 164 ft: 188 corp: 34/62b lim: 4 exec/s: 0 rss: 822Mb L: 2/4 MS: 2 ChangeBit-Custom-
#117	NEW    cov: 167 ft: 191 corp: 35/63b lim: 4 exec/s: 0 rss: 822Mb L: 1/4 MS: 6 ChangeByte-Custom-ShuffleBytes-Custom-CrossOver-Custom-
#118	NEW    cov: 173 ft: 197 corp: 36/64b lim: 4 exec/s: 0 rss: 822Mb L: 1/4 MS: 2 ChangeBinInt-Custom-
#120	NEW    cov: 184 ft: 208 corp: 37/67b lim: 4 exec/s: 0 rss: 822Mb L: 3/4 MS: 4 PersAutoDict-Custom-ChangeByte-Custom- DE: "\377\000"-
#127	NEW    cov: 187 ft: 211 corp: 38/71b lim: 4 exec/s: 0 rss: 822Mb L: 4/4 MS: 4 PersAutoDict-Custom-ShuffleBytes-Custom- DE: "\377\000"-
#131	NEW    cov: 191 ft: 215 corp: 39/74b lim: 4 exec/s: 0 rss: 822Mb L: 3/4 MS: 8 ChangeByte-Custom-CopyPart-Custom-ChangeByte-Custom-InsertByte-Custom-
#135	NEW    cov: 193 ft: 217 corp: 40/78b lim: 4 exec/s: 0 rss: 822Mb L: 4/4 MS: 8 ChangeASCIIInt-Custom-InsertByte-Custom-ChangeBit-Custom-ShuffleBytes-Custom-
#140	NEW    cov: 195 ft: 219 corp: 41/79b lim: 4 exec/s: 0 rss: 822Mb L: 1/4 MS: 10 CrossOver-Custom-ChangeBit-Custom-ChangeByte-Custom-CopyPart-Custom-ChangeByte-Custom-
#144	NEW    cov: 198 ft: 222 corp: 42/83b lim: 4 exec/s: 0 rss: 822Mb L: 4/4 MS: 8 CrossOver-Custom-PersAutoDict-Custom-ChangeByte-Custom-ChangeByte-Custom- DE: "\377\000"-
#147	NEW    cov: 198 ft: 225 corp: 43/86b lim: 4 exec/s: 0 rss: 822Mb L: 3/4 MS: 6 CrossOver-Custom-ChangeByte-Custom-EraseBytes-Custom-
#156	NEW    cov: 201 ft: 228 corp: 44/89b lim: 4 exec/s: 0 rss: 822Mb L: 3/4 MS: 8 ChangeBit-Custom-PersAutoDict-Custom-ShuffleBytes-Custom-ChangeByte-Custom- DE: "\377\000"-
#163	NEW    cov: 202 ft: 229 corp: 45/93b lim: 4 exec/s: 0 rss: 822Mb L: 4/4 MS: 4 InsertByte-Custom-CMP-Custom- DE: "\377\377\377\375"-
#164	NEW    cov: 203 ft: 230 corp: 46/94b lim: 4 exec/s: 0 rss: 822Mb L: 1/4 MS: 2 ChangeBinInt-Custom-
#165	NEW    cov: 203 ft: 235 corp: 47/97b lim: 4 exec/s: 0 rss: 822Mb L: 3/4 MS: 2 ShuffleBytes-Custom-
#171	NEW    cov: 205 ft: 237 corp: 48/99b lim: 4 exec/s: 0 rss: 822Mb L: 2/4 MS: 2 ShuffleBytes-Custom-
#172	NEW    cov: 208 ft: 241 corp: 49/103b lim: 4 exec/s: 0 rss: 822Mb L: 4/4 MS: 2 PersAutoDict-Custom- DE: "\377\000"-
#175	NEW    cov: 213 ft: 246 corp: 50/107b lim: 4 exec/s: 0 rss: 822Mb L: 4/4 MS: 6 ChangeBit-Custom-ChangeByte-Custom-ChangeBinInt-Custom-
#185	NEW    cov: 214 ft: 247 corp: 51/111b lim: 4 exec/s: 0 rss: 822Mb L: 4/4 MS: 10 CrossOver-Custom-CrossOver-Custom-ShuffleBytes-Custom-ChangeByte-Custom-ChangeBit-Custom-
#190	NEW    cov: 216 ft: 249 corp: 52/114b lim: 4 exec/s: 0 rss: 822Mb L: 3/4 MS: 10 CopyPart-Custom-ShuffleBytes-Custom-InsertByte-Custom-ChangeBinInt-Custom-EraseBytes-Custom-
#200	NEW    cov: 219 ft: 252 corp: 53/115b lim: 4 exec/s: 0 rss: 822Mb L: 1/4 MS: 10 CopyPart-Custom-CrossOver-Custom-CMP-Custom-CrossOver-Custom-ChangeBit-Custom- DE: "\001\217"-
#209	NEW    cov: 221 ft: 254 corp: 54/118b lim: 4 exec/s: 0 rss: 822Mb L: 3/4 MS: 8 ChangeBit-Custom-ChangeBit-Custom-ShuffleBytes-Custom-CMP-Custom- DE: ";\000"-
#213	NEW    cov: 223 ft: 256 corp: 55/121b lim: 4 exec/s: 0 rss: 822Mb L: 3/4 MS: 8 ChangeBit-Custom-ChangeBinInt-Custom-EraseBytes-Custom-PersAutoDict-Custom- DE: "\001\217"-
#214	NEW    cov: 232 ft: 265 corp: 56/122b lim: 4 exec/s: 0 rss: 822Mb L: 1/4 MS: 2 ChangeByte-Custom-
#220	NEW    cov: 243 ft: 276 corp: 57/124b lim: 4 exec/s: 0 rss: 822Mb L: 2/4 MS: 2 ChangeBinInt-Custom-
#221	REDUCE cov: 243 ft: 276 corp: 57/123b lim: 4 exec/s: 0 rss: 822Mb L: 1/4 MS: 2 EraseBytes-Custom-
#222	NEW    cov: 243 ft: 277 corp: 58/125b lim: 4 exec/s: 0 rss: 822Mb L: 2/4 MS: 2 CopyPart-Custom-
#223	NEW    cov: 243 ft: 279 corp: 59/129b lim: 4 exec/s: 0 rss: 822Mb L: 4/4 MS: 2 CopyPart-Custom-
#224	NEW    cov: 248 ft: 285 corp: 60/132b lim: 4 exec/s: 0 rss: 822Mb L: 3/4 MS: 2 ChangeBit-Custom-
#230	NEW    cov: 250 ft: 287 corp: 61/134b lim: 4 exec/s: 0 rss: 822Mb L: 2/4 MS: 2 ChangeByte-Custom-
#233	NEW    cov: 252 ft: 289 corp: 62/135b lim: 4 exec/s: 0 rss: 822Mb L: 1/4 MS: 6 ShuffleBytes-Custom-ChangeByte-Custom-EraseBytes-Custom-
#235	NEW    cov: 256 ft: 293 corp: 63/138b lim: 4 exec/s: 0 rss: 822Mb L: 3/4 MS: 4 CrossOver-Custom-CrossOver-Custom-
#236	NEW    cov: 262 ft: 299 corp: 64/141b lim: 4 exec/s: 0 rss: 822Mb L: 3/4 MS: 2 CopyPart-Custom-
#237	NEW    cov: 266 ft: 303 corp: 65/145b lim: 4 exec/s: 0 rss: 822Mb L: 4/4 MS: 2 CopyPart-Custom-
#238	NEW    cov: 267 ft: 304 corp: 66/148b lim: 4 exec/s: 0 rss: 822Mb L: 3/4 MS: 2 ChangeBit-Custom-
#241	NEW    cov: 269 ft: 306 corp: 67/150b lim: 4 exec/s: 0 rss: 822Mb L: 2/4 MS: 6 ChangeBit-Custom-ShuffleBytes-Custom-EraseBytes-Custom-
#243	NEW    cov: 271 ft: 308 corp: 68/153b lim: 4 exec/s: 0 rss: 822Mb L: 3/4 MS: 4 PersAutoDict-Custom-ChangeByte-Custom- DE: "\377\000"-
#257	NEW    cov: 272 ft: 309 corp: 69/154b lim: 4 exec/s: 0 rss: 822Mb L: 1/4 MS: 8 EraseBytes-Custom-ChangeBit-Custom-EraseBytes-Custom-ChangeByte-Custom-
#259	NEW    cov: 275 ft: 312 corp: 70/158b lim: 4 exec/s: 0 rss: 822Mb L: 4/4 MS: 4 ChangeBit-Custom-CopyPart-Custom-
#261	NEW    cov: 277 ft: 314 corp: 71/159b lim: 4 exec/s: 0 rss: 822Mb L: 1/4 MS: 4 ChangeBinInt-Custom-EraseBytes-Custom-
#266	NEW    cov: 278 ft: 315 corp: 72/161b lim: 4 exec/s: 0 rss: 822Mb L: 2/4 MS: 10 InsertByte-Custom-ChangeBinInt-Custom-ShuffleBytes-Custom-ShuffleBytes-Custom-ChangeByte-Custom-
#280	NEW    cov: 290 ft: 327 corp: 73/164b lim: 4 exec/s: 0 rss: 822Mb L: 3/4 MS: 8 PersAutoDict-Custom-CopyPart-Custom-ShuffleBytes-Custom-ChangeByte-Custom- DE: ";\000"-
#286	NEW    cov: 293 ft: 330 corp: 74/165b lim: 4 exec/s: 0 rss: 822Mb L: 1/4 MS: 2 ChangeBinInt-Custom-
#294	NEW    cov: 294 ft: 331 corp: 75/169b lim: 4 exec/s: 0 rss: 822Mb L: 4/4 MS: 6 CopyPart-Custom-ChangeBinInt-Custom-InsertByte-Custom-
#295	NEW    cov: 296 ft: 333 corp: 76/170b lim: 4 exec/s: 0 rss: 822Mb L: 1/4 MS: 2 ChangeBinInt-Custom-
#296	NEW    cov: 298 ft: 335 corp: 77/174b lim: 4 exec/s: 0 rss: 822Mb L: 4/4 MS: 2 PersAutoDict-Custom- DE: ";\000"-
#301	NEW    cov: 298 ft: 336 corp: 78/177b lim: 4 exec/s: 0 rss: 822Mb L: 3/4 MS: 10 EraseBytes-Custom-ChangeBinInt-Custom-CopyPart-Custom-ShuffleBytes-Custom-ChangeByte-Custom-
#303	NEW    cov: 308 ft: 348 corp: 79/181b lim: 4 exec/s: 0 rss: 822Mb L: 4/4 MS: 4 PersAutoDict-Custom-ChangeBinInt-Custom- DE: ";\000"-
#304	REDUCE cov: 308 ft: 348 corp: 79/179b lim: 4 exec/s: 0 rss: 822Mb L: 2/4 MS: 2 EraseBytes-Custom-
#306	NEW    cov: 310 ft: 350 corp: 80/183b lim: 4 exec/s: 0 rss: 822Mb L: 4/4 MS: 4 ChangeByte-Custom-CopyPart-Custom-
INFO: Instrumented org.apache.commons.lang.CharSetUtils (took 18 ms, size +34%)
INFO: Instrumented org.apache.commons.lang.WordUtils (took 16 ms, size +37%)
DEDUP_TOKEN: 3462a4c2c29e6fa8
MS: 6 ChangeBit-Custom-ChangeBit-Custom-CrossOver-Custom-; base unit: 77b2b6493bf8830d62084cee69c251e28a8e18be
0x2f,0xbb,0x4c,0x59,
/\273LY
artifact_prefix='/tmp/bugrun/lang_62.tPgXDe/'; Test unit written to /tmp/bugrun/lang_62.tPgXDe/crash-92a02f2144727a86c779156efb8ddec294db8d81
Base64: L7tMWQ==
Done 319 runs in 0 second(s)
[ERROR] Tests run: 2, Failures: 0, Errors: 1, Skipped: 0, Time elapsed: 5.790 s <<< FAILURE! -- in com.example.algorithm2.Algorithm2Test
[ERROR] com.example.algorithm2.Algorithm2Test.testParameterizedFuzzer(FuzzedDataProvider)[2] -- Time elapsed: 0.420 s <<< ERROR!
java.lang.IllegalArgumentException: Minimum abbreviation width is 4
	at org.apache.commons.lang.StringUtils.abbreviate(StringUtils.java:4777)
	at org.apache.commons.lang.StringUtils.abbreviate(StringUtils.java:4734)
	at java.base/jdk.internal.reflect.NativeMethodAccessorImpl.invoke0(Native Method)
	at java.base/jdk.internal.reflect.NativeMethodAccessorImpl.invoke(NativeMethodAccessorImpl.java:62)
	at java.base/jdk.internal.reflect.DelegatingMethodAccessorImpl.invoke(DelegatingMethodAccessorImpl.java:43)
	at java.base/java.lang.reflect.Method.invoke(Method.java:566)
	at com.example.algorithm2.Algorithm2Test.testParameterizedFuzzer(Algorithm2Test.java:226)

[INFO] 
[INFO] Results:
[INFO] 
[ERROR] Errors: 
[ERROR]   Algorithm2Test.testParameterizedFuzzer:226 » IllegalArgument Minimum abbreviation width is 4
[INFO] 
[ERROR] Tests run: 2, Failures: 0, Errors: 1, Skipped: 0
[INFO] 
[ERROR] 

Please refer to /tmp/bugrun/lang_62.tPgXDe/target/surefire-reports for the individual test results.
Please refer to dump files (if any exist) [date].dump, [date]-jvmRun[N].dump and [date].dumpstream.
[INFO] 
[INFO] --- jacoco:0.8.11:report (default-cli) @ AlgorithmName2 ---
[INFO] Loading execution data file /tmp/bugrun/lang_62.tPgXDe/target/jacoco.exec
[INFO] Analyzed bundle 'AlgorithmName2' with 120 classes
[INFO] ------------------------------------------------------------------------
[INFO] BUILD SUCCESS
[INFO] ------------------------------------------------------------------------
[INFO] Total time:  19.412 s
[INFO] Finished at: 2026-10-06T03:52:24+07:00
[INFO] ------------------------------------------------------------------------
