[INFO] Scanning for projects...
[INFO] 
[INFO] ---------------------< com.example:AlgorithmName2 >---------------------
[INFO] Building AlgorithmName2 1.0-SNAPSHOT
[INFO]   from pom.xml
[INFO] --------------------------------[ jar ]---------------------------------
[INFO] 
[INFO] --- jacoco:0.8.11:prepare-agent (default) @ AlgorithmName2 ---
[INFO] argLine set to -javaagent:/home/kanyaphak673380391-3/.m2/repository/org/jacoco/org.jacoco.agent/0.8.11/org.jacoco.agent-0.8.11-runtime.jar=destfile=/tmp/bugrun/compress_41.LSGrYN/target/jacoco.exec
[INFO] 
[INFO] --- resources:3.4.0:resources (default-resources) @ AlgorithmName2 ---
[INFO] Copying 1 resource from src/main/resources to target/classes
[INFO] 
[INFO] --- compiler:3.15.0:compile (default-compile) @ AlgorithmName2 ---
[INFO] Recompiling the module because of changed source code.
[INFO] Compiling 1 source file with javac [debug target 1.8] to target/classes
[WARNING] bootstrap class path not set in conjunction with -source 8
[INFO] 
[INFO] --- dependency:3.6.0:unpack-dependencies (unpack-defects4j) @ AlgorithmName2 ---
[INFO] 
[INFO] --- resources:3.4.0:testResources (default-testResources) @ AlgorithmName2 ---
[INFO] skip non existing resourceDirectory /tmp/bugrun/compress_41.LSGrYN/src/test/resources
[INFO] 
[INFO] --- compiler:3.15.0:testCompile (default-testCompile) @ AlgorithmName2 ---
[INFO] Recompiling the module because of changed dependency.
[INFO] Compiling 1 source file with javac [debug target 1.8] to target/test-classes
[WARNING] bootstrap class path not set in conjunction with -source 8
[INFO] 
[INFO] --- surefire:3.1.2:test (default-cli) @ AlgorithmName2 ---
[INFO] Using auto detected provider org.apache.maven.surefire.junitplatform.JUnitPlatformProvider
[INFO] 
[INFO] -------------------------------------------------------
[INFO]  T E S T S
[INFO] -------------------------------------------------------
[INFO] Running com.example.algorithm2.Algorithm2Test
OpenJDK 64-Bit Server VM warning: Sharing is only supported for boot loader classes because bootstrap classpath has been appended
INFO: Loaded 281 hooks from com.code_intelligence.jazzer.runtime.TraceCmpHooks
INFO: Loaded 5 hooks from com.code_intelligence.jazzer.runtime.TraceDivHooks
INFO: Loaded 2 hooks from com.code_intelligence.jazzer.runtime.TraceIndirHooks
INFO: Loaded 4 hooks from com.code_intelligence.jazzer.runtime.NativeLibHooks
INFO: Loaded 2 hooks from com.code_intelligence.jazzer.sanitizers.ClojureLangHooks
INFO: Loaded 5 hooks from com.code_intelligence.jazzer.sanitizers.Deserialization
INFO: Loaded 5 hooks from com.code_intelligence.jazzer.sanitizers.ExpressionLanguageInjection
INFO: Loaded 70 hooks from com.code_intelligence.jazzer.sanitizers.LdapInjection
INFO: Loaded 46 hooks from com.code_intelligence.jazzer.sanitizers.NamingContextLookup
INFO: Loaded 1 hooks from com.code_intelligence.jazzer.sanitizers.OsCommandInjection
INFO: Loaded 52 hooks from com.code_intelligence.jazzer.sanitizers.ReflectiveCall
INFO: Loaded 8 hooks from com.code_intelligence.jazzer.sanitizers.RegexInjection
INFO: Loaded 16 hooks from com.code_intelligence.jazzer.sanitizers.RegexRoadblocks
INFO: Loaded 18 hooks from com.code_intelligence.jazzer.sanitizers.ScriptEngineInjection
INFO: Loaded 2 hooks from com.code_intelligence.jazzer.sanitizers.ServerSideRequestForgery
INFO: Loaded 19 hooks from com.code_intelligence.jazzer.sanitizers.SqlInjection
INFO: Loaded 6 hooks from com.code_intelligence.jazzer.sanitizers.XPathInjection
INFO: Instrumented com.example.algorithm2.Algorithm2Test$Skip (took 153 ms, size +44%)
INFO: Instrumented com.example.algorithm2.Algorithm2Test (took 197 ms, size +27%)
INFO: New number of coverage counters: 1024
INFO: Instrumented org.apache.commons.compress.archivers.ArchiveStreamFactory (took 131 ms, size +25%)
INFO: Instrumented org.apache.commons.compress.archivers.ArchiveStreamProvider (took 1 ms, size +0%)
INFO: Instrumented org.apache.commons.compress.archivers.ArchiveInputStream (took 18 ms, size +32%)
INFO: Instrumented org.apache.commons.compress.archivers.ar.ArArchiveInputStream (took 32 ms, size +28%)
INFO: Instrumented org.apache.commons.compress.archivers.arj.ArjArchiveInputStream (took 37 ms, size +17%)
INFO: New number of coverage counters: 2048
INFO: Instrumented org.apache.commons.compress.archivers.zip.ZipArchiveInputStream (took 53 ms, size +17%)
INFO: Instrumented org.apache.commons.compress.archivers.tar.TarArchiveInputStream (took 33 ms, size +27%)
INFO: Instrumented org.apache.commons.compress.archivers.jar.JarArchiveInputStream (took 4 ms, size +25%)
INFO: Instrumented org.apache.commons.compress.archivers.cpio.CpioArchiveInputStream (took 31 ms, size +28%)
INFO: Instrumented org.apache.commons.compress.archivers.cpio.CpioConstants (took 1 ms, size +0%)
INFO: Instrumented org.apache.commons.compress.archivers.dump.DumpArchiveInputStream (took 24 ms, size +24%)
INFO: Instrumented org.apache.commons.compress.archivers.StreamingNotSupportedException (took 4 ms, size +34%)
INFO: Instrumented org.apache.commons.compress.archivers.ArchiveException (took 5 ms, size +39%)
INFO: Instrumented org.apache.commons.compress.archivers.ArchiveOutputStream (took 31 ms, size +28%)
INFO: New number of coverage counters: 4096
INFO: Instrumented org.apache.commons.compress.archivers.ar.ArArchiveOutputStream (took 19 ms, size +24%)
INFO: Instrumented org.apache.commons.compress.archivers.zip.ZipArchiveOutputStream (took 99 ms, size +16%)
INFO: Instrumented org.apache.commons.compress.archivers.tar.TarArchiveOutputStream (took 78 ms, size +15%)
INFO: Instrumented org.apache.commons.compress.archivers.jar.JarArchiveOutputStream (took 8 ms, size +32%)
INFO: Instrumented org.apache.commons.compress.archivers.cpio.CpioArchiveOutputStream (took 34 ms, size +21%)
[harness] target=org.apache.commons.compress.archivers.ArchiveStreamFactory factories=2 methods=13
INFO: Instrumented org.apache.commons.compress.archivers.ArchiveStreamFactory$1 (took 8 ms, size +25%)
INFO: Instrumented org.apache.commons.compress.utils.Sets (took 3 ms, size +36%)
INFO: Instrumented org.apache.commons.compress.utils.ServiceLoaderIterator (took 11 ms, size +21%)
INFO: Instrumented org.apache.commons.compress.utils.Lists (took 5 ms, size +32%)
INFO: Instrumented org.apache.commons.compress.utils.Iterators (took 2 ms, size +39%)
INFO: found LLVMFuzzerCustomMutator (0x7b0ef0917cd0). Disabling -len_control by default.
INFO: Running with entropic power schedule (0xFF, 100).
INFO: Seed: 2358721378
INFO: Loaded 4 modules   (4096 inline 8-bit counters): 512 [0x7b0f80c658d0, 0x7b0f80c65ad0), 512 [0x7b0f80c65ad0, 0x7b0f80c65cd0), 1024 [0x7b0f80c65cd0, 0x7b0f80c660d0), 2048 [0x7b0f80c660d0, 0x7b0f80c668d0), 
INFO: Loaded 4 PC tables (4096 PCs): 512 [0x7b0f80bcf3f0,0x7b0f80bd13f0), 512 [0x7b0f8065b6e0,0x7b0f8065d6e0), 1024 [0x7b0f80441060,0x7b0f80445060), 2048 [0x7b0f805c6df0,0x7b0f805cedf0), 
INFO:        0 files found in /tmp/bugrun/compress_41.LSGrYN/.cifuzz-corpus/com.example.algorithm2.Algorithm2Test/testParameterizedFuzzer
INFO:        0 files found in /tmp/jazzer-java-seeds8184780365649801101
INFO: -max_len is not provided; libFuzzer will not generate inputs larger than 4096 bytes
INFO: A corpus is not provided, starting from an empty corpus
#2	INITED cov: 109 ft: 109 corp: 1/1b exec/s: 0 rss: 916Mb
#3	NEW    cov: 109 ft: 110 corp: 2/3b lim: 4 exec/s: 0 rss: 916Mb L: 2/2 MS: 2 CrossOver-Custom-
#4	NEW    cov: 112 ft: 126 corp: 3/5b lim: 4 exec/s: 0 rss: 916Mb L: 2/2 MS: 2 ChangeByte-Custom-
#8	NEW    cov: 112 ft: 180 corp: 4/8b lim: 4 exec/s: 0 rss: 917Mb L: 3/3 MS: 8 ShuffleBytes-Custom-ShuffleBytes-Custom-CrossOver-Custom-InsertByte-Custom-
#10	NEW    cov: 112 ft: 193 corp: 5/11b lim: 4 exec/s: 0 rss: 917Mb L: 3/3 MS: 4 CopyPart-Custom-ChangeBit-Custom-
INFO: using inputs from: /tmp/bugrun/compress_41.LSGrYN/.cifuzz-corpus/com.example.algorithm2.Algorithm2Test/testParameterizedFuzzer
INFO: using inputs from: /tmp/jazzer-java-seeds8184780365649801101
INFO: Instrumented org.apache.commons.compress.archivers.ArchiveStreamFactory$2 (took 5 ms, size +25%)
INFO: Instrumented org.apache.commons.compress.utils.IOUtils (took 10 ms, size +27%)
INFO: Instrumented org.apache.commons.compress.archivers.zip.UnsupportedZipFeatureException (took 4 ms, size +17%)
INFO: Instrumented org.apache.commons.compress.archivers.ArchiveEntry (took 0 ms, size +0%)
INFO: Instrumented org.apache.commons.compress.archivers.zip.ZipArchiveInputStream$BoundedInputStream (took 7 ms, size +25%)
INFO: Instrumented org.apache.commons.compress.archivers.zip.UnshrinkingInputStream (took 5 ms, size +29%)
INFO: Instrumented org.apache.commons.compress.compressors.lzw.LZWInputStream (took 23 ms, size +18%)
INFO: Instrumented org.apache.commons.compress.compressors.CompressorInputStream (took 10 ms, size +40%)
INFO: Instrumented org.apache.commons.compress.archivers.zip.ExplodingInputStream (took 6 ms, size +28%)
INFO: Instrumented org.apache.commons.compress.compressors.bzip2.BZip2CompressorInputStream (took 51 ms, size +21%)
INFO: Instrumented org.apache.commons.compress.compressors.bzip2.BZip2Constants (took 0 ms, size +0%)
INFO: Instrumented org.apache.commons.compress.archivers.zip.ZipLong (took 16 ms, size +20%)
INFO: Instrumented org.apache.commons.compress.archivers.zip.Zip64RequiredException (took 6 ms, size +27%)
INFO: Instrumented org.apache.commons.compress.archivers.zip.ZipExtraField (took 0 ms, size +0%)
INFO: Instrumented org.apache.commons.compress.utils.BoundedInputStream (took 6 ms, size +44%)
INFO: Instrumented org.apache.commons.compress.utils.CRC32VerifyingInputStream (took 9 ms, size +37%)
INFO: Instrumented org.apache.commons.compress.utils.ChecksumVerifyingInputStream (took 6 ms, size +35%)
INFO: New number of coverage counters: 8192
#13	NEW    cov: 226 ft: 313 corp: 6/14b lim: 4 exec/s: 0 rss: 1009Mb L: 3/3 MS: 6 ChangeBit-Custom-CrossOver-Custom-ChangeByte-Custom-
INFO: Instrumented org.apache.commons.compress.archivers.sevenz.SevenZFile (took 85 ms, size +18%)
INFO: Instrumented org.apache.commons.compress.archivers.sevenz.BoundedSeekableByteChannelInputStream (took 5 ms, size +33%)
#15	NEW    cov: 227 ft: 314 corp: 7/16b lim: 4 exec/s: 0 rss: 1009Mb L: 2/3 MS: 4 CopyPart-Custom-ChangeBit-Custom-
#17	REDUCE cov: 227 ft: 314 corp: 7/15b lim: 4 exec/s: 0 rss: 1010Mb L: 1/3 MS: 4 CopyPart-Custom-EraseBytes-Custom-
INFO: #18	NEW    cov: 233 ft: 323 corp: 8/18b lim: 4 exec/s: 0 rss: 1010Mb L: 3/3 MS: 2 ChangeByte-Custom-
Instrumented org.apache.commons.compress.archivers.dump.UnrecognizedFormatException (took 2 ms, size +44%)
#20	NEW    cov: 233 ft: 324 corp: 9/22b lim: 4 exec/s: 0 rss: 1010Mb L: 4/4 MS: 4 ChangeBinInt-Custom-CopyPart-Custom-
#21	NEW    cov: 235 ft: 326 corp: 10/26b lim: 4 exec/s: 0 rss: 1010Mb L: 4/4 MS: 2 CopyPart-Custom-
#24	NEW    cov: 236 ft: 327 corp: 11/29b lim: 4 exec/s: 0 rss: 1010Mb L: 3/4 MS: 6 ChangeBit-Custom-ChangeBit-Custom-CrossOver-Custom-
#30	NEW    cov: 236 ft: 328 corp: 12/31b lim: 4 exec/s: 0 rss: 1010Mb L: 2/4 MS: 2 EraseBytes-Custom-
INFO: Instrumented org.apache.commons.compress.archivers.dump.DumpArchiveException (took 3 ms, size +35%)
INFO: Instrumented org.apache.commons.compress.archivers.dump.InvalidFormatException (took 3 ms, size +30%)
#33	NEW    cov: 237 ft: 337 corp: 13/32b lim: 4 exec/s: 0 rss: 1010Mb L: 1/4 MS: 6 ChangeBinInt-Custom-CrossOver-Custom-EraseBytes-Custom-
#44	NEW    cov: 238 ft: 338 corp: 14/36b lim: 4 exec/s: 0 rss: 1010Mb L: 4/4 MS: 2 InsertByte-Custom-
#49	NEW    cov: 238 ft: 341 corp: 15/40b lim: 4 exec/s: 0 rss: 1010Mb L: 4/4 MS: 10 ChangeByte-Custom-ChangeBit-Custom-ChangeByte-Custom-ChangeBit-Custom-InsertByte-Custom-
MS: 6 ChangeBinInt-Custom-CrossOver-Custom-EraseBytes-Custom-; base unit: a78ad71295561197a650f3faf8b49c21a865113a
0xf6,0xf9,0xb9,
\366\371\271DEDUP_TOKEN: 0c33b82c6283d064

artifact_prefix='/tmp/bugrun/compress_41.LSGrYN/'; Test unit written to /tmp/bugrun/compress_41.LSGrYN/crash-1bd0456d5896924198885d32e757235673094611
Base64: 9vm5
Done 57 runs in 0 second(s)
[ERROR] Tests run: 2, Failures: 0, Errors: 1, Skipped: 0, Time elapsed: 7.226 s <<< FAILURE! -- in com.example.algorithm2.Algorithm2Test
[ERROR] com.example.algorithm2.Algorithm2Test.testParameterizedFuzzer(FuzzedDataProvider)[2] -- Time elapsed: 0.622 s <<< ERROR!
java.lang.IllegalStateException: Cannot overide encoding set by the constructor
	at org.apache.commons.compress.archivers.ArchiveStreamFactory.setEntryEncoding(ArchiveStreamFactory.java:309)
	at java.base/jdk.internal.reflect.NativeMethodAccessorImpl.invoke0(Native Method)
	at java.base/jdk.internal.reflect.NativeMethodAccessorImpl.invoke(NativeMethodAccessorImpl.java:62)
	at java.base/jdk.internal.reflect.DelegatingMethodAccessorImpl.invoke(DelegatingMethodAccessorImpl.java:43)
	at java.base/java.lang.reflect.Method.invoke(Method.java:566)
	at com.example.algorithm2.Algorithm2Test.testParameterizedFuzzer(Algorithm2Test.java:226)

[INFO] 
[INFO] Results:
[INFO] 
[ERROR] Errors: 
[ERROR]   Algorithm2Test.testParameterizedFuzzer:226 » IllegalState Cannot overide encoding set by the constructor
[INFO] 
[ERROR] Tests run: 2, Failures: 0, Errors: 1, Skipped: 0
[INFO] 
[ERROR] 

Please refer to /tmp/bugrun/compress_41.LSGrYN/target/surefire-reports for the individual test results.
Please refer to dump files (if any exist) [date].dump, [date]-jvmRun[N].dump and [date].dumpstream.
[INFO] 
[INFO] --- jacoco:0.8.11:report (default-cli) @ AlgorithmName2 ---
[INFO] Loading execution data file /tmp/bugrun/compress_41.LSGrYN/target/jacoco.exec
[INFO] Analyzed bundle 'AlgorithmName2' with 227 classes
[INFO] ------------------------------------------------------------------------
[INFO] BUILD SUCCESS
[INFO] ------------------------------------------------------------------------
[INFO] Total time:  16.426 s
[INFO] Finished at: 2026-10-06T04:27:30+07:00
[INFO] ------------------------------------------------------------------------
