[INFO] Scanning for projects...
[INFO] 
[INFO] ---------------------< com.example:AlgorithmName2 >---------------------
[INFO] Building AlgorithmName2 1.0-SNAPSHOT
[INFO]   from pom.xml
[INFO] --------------------------------[ jar ]---------------------------------
[INFO] 
[INFO] --- jacoco:0.8.11:prepare-agent (default) @ AlgorithmName2 ---
[INFO] argLine set to -javaagent:/home/kanyaphak673380391-3/.m2/repository/org/jacoco/org.jacoco.agent/0.8.11/org.jacoco.agent-0.8.11-runtime.jar=destfile=/tmp/bugrun/time_23.9W4oTf/target/jacoco.exec
[INFO] 
[INFO] --- resources:3.4.0:resources (default-resources) @ AlgorithmName2 ---
[INFO] Copying 1 resource from src/main/resources to target/classes
[INFO] 
[INFO] --- compiler:3.15.0:compile (default-compile) @ AlgorithmName2 ---
[INFO] Recompiling the module because of changed source code.
[INFO] Compiling 1 source file with javac [debug target 1.8] to target/classes
[WARNING] bootstrap class path not set in conjunction with -source 8
[INFO] 
[INFO] --- dependency:3.6.0:unpack-dependencies (unpack-defects4j) @ AlgorithmName2 ---
[INFO] 
[INFO] --- resources:3.4.0:testResources (default-testResources) @ AlgorithmName2 ---
[INFO] skip non existing resourceDirectory /tmp/bugrun/time_23.9W4oTf/src/test/resources
[INFO] 
[INFO] --- compiler:3.15.0:testCompile (default-testCompile) @ AlgorithmName2 ---
[INFO] Recompiling the module because of changed dependency.
[INFO] Compiling 1 source file with javac [debug target 1.8] to target/test-classes
[WARNING] bootstrap class path not set in conjunction with -source 8
[INFO] 
[INFO] --- surefire:3.1.2:test (default-cli) @ AlgorithmName2 ---
[INFO] Using auto detected provider org.apache.maven.surefire.junitplatform.JUnitPlatformProvider
[INFO] 
[INFO] -------------------------------------------------------
[INFO]  T E S T S
[INFO] -------------------------------------------------------
[INFO] Running com.example.algorithm2.Algorithm2Test
OpenJDK 64-Bit Server VM warning: Sharing is only supported for boot loader classes because bootstrap classpath has been appended
INFO: Loaded 281 hooks from com.code_intelligence.jazzer.runtime.TraceCmpHooks
INFO: Loaded 5 hooks from com.code_intelligence.jazzer.runtime.TraceDivHooks
INFO: Loaded 2 hooks from com.code_intelligence.jazzer.runtime.TraceIndirHooks
INFO: Loaded 4 hooks from com.code_intelligence.jazzer.runtime.NativeLibHooks
INFO: Loaded 2 hooks from com.code_intelligence.jazzer.sanitizers.ClojureLangHooks
INFO: Loaded 5 hooks from com.code_intelligence.jazzer.sanitizers.Deserialization
INFO: Loaded 5 hooks from com.code_intelligence.jazzer.sanitizers.ExpressionLanguageInjection
INFO: Loaded 70 hooks from com.code_intelligence.jazzer.sanitizers.LdapInjection
INFO: Loaded 46 hooks from com.code_intelligence.jazzer.sanitizers.NamingContextLookup
INFO: Loaded 1 hooks from com.code_intelligence.jazzer.sanitizers.OsCommandInjection
INFO: Loaded 52 hooks from com.code_intelligence.jazzer.sanitizers.ReflectiveCall
INFO: Loaded 8 hooks from com.code_intelligence.jazzer.sanitizers.RegexInjection
INFO: Loaded 16 hooks from com.code_intelligence.jazzer.sanitizers.RegexRoadblocks
INFO: Loaded 18 hooks from com.code_intelligence.jazzer.sanitizers.ScriptEngineInjection
INFO: Loaded 2 hooks from com.code_intelligence.jazzer.sanitizers.ServerSideRequestForgery
INFO: Loaded 19 hooks from com.code_intelligence.jazzer.sanitizers.SqlInjection
INFO: Loaded 6 hooks from com.code_intelligence.jazzer.sanitizers.XPathInjection
INFO: Instrumented com.example.algorithm2.Algorithm2Test$Skip (took 702 ms, size +44%)
INFO: Instrumented com.example.algorithm2.Algorithm2Test (took 387 ms, size +27%)
INFO: New number of coverage counters: 1024
INFO: Instrumented org.joda.time.DateTime (took 490 ms, size +12%)
INFO: Instrumented org.joda.time.ReadableDateTime (took 1 ms, size +0%)
INFO: Instrumented org.joda.time.ReadableInstant (took 1 ms, size +0%)
INFO: Instrumented org.joda.time.base.BaseDateTime (took 42 ms, size +15%)
INFO: Instrumented org.joda.time.base.AbstractDateTime (took 68 ms, size +14%)
INFO: Instrumented org.joda.time.base.AbstractInstant (took 46 ms, size +17%)
INFO: Instrumented org.joda.time.Chronology (took 9 ms, size +21%)
INFO: Instrumented org.joda.time.chrono.ISOChronology (took 69 ms, size +17%)
INFO: New number of coverage counters: 2048
INFO: Instrumented org.joda.time.chrono.AssembledChronology (took 106 ms, size +14%)
INFO: Instrumented org.joda.time.chrono.BaseChronology (took 215 ms, size +17%)
INFO: Instrumented org.joda.time.DateTimeZone (took 237 ms, size +21%)
INFO: Instrumented org.joda.time.DateTime$Property (took 83 ms, size +20%)
INFO: Instrumented org.joda.time.field.AbstractReadableInstantFieldProperty (took 85 ms, size +19%)
INFO: Instrumented org.joda.time.DateTimeFieldType (took 69 ms, size +12%)
INFO: Instrumented org.joda.time.ReadablePeriod (took 1 ms, size +0%)
INFO: Instrumented org.joda.time.ReadableDuration (took 0 ms, size +0%)
INFO: New number of coverage counters: 4096
INFO: Instrumented org.joda.time.LocalDate (took 311 ms, size +13%)
INFO: Instrumented org.joda.time.ReadablePartial (took 9 ms, size +0%)
INFO: Instrumented org.joda.time.base.BaseLocal (took 4 ms, size +52%)
INFO: Instrumented org.joda.time.base.AbstractPartial (took 51 ms, size +19%)
INFO: Instrumented org.joda.time.LocalTime (took 210 ms, size +14%)
INFO: Instrumented org.joda.time.LocalDateTime (took 233 ms, size +13%)
INFO: Instrumented org.joda.time.format.DateTimeFormatter (took 73 ms, size +14%)
INFO: Instrumented org.joda.time.DateMidnight (took 69 ms, size +12%)
INFO: Instrumented org.joda.time.YearMonthDay (took 66 ms, size +12%)
INFO: Instrumented org.joda.time.base.BasePartial (took 24 ms, size +13%)
INFO: Instrumented org.joda.time.TimeOfDay (took 72 ms, size +12%)
INFO: Instrumented org.joda.time.DurationFieldType (took 13 ms, size +18%)
INFO: Instrumented org.joda.time.Instant (took 17 ms, size +19%)
INFO: Instrumented org.joda.time.DateTimeField (took 6 ms, size +19%)
INFO: Instrumented org.joda.time.MutableDateTime (took 171 ms, size +11%)
INFO: Instrumented org.joda.time.ReadWritableDateTime (took 0 ms, size +0%)
INFO: Instrumented org.joda.time.ReadWritableInstant (took 0 ms, size +0%)
INFO: Instrumented org.joda.time.format.DateTimePrinter (took 0 ms, size +0%)
INFO: Instrumented org.joda.time.format.DateTimeParser (took 0 ms, size +0%)
[harness] target=org.joda.time.DateTime factories=8 methods=118
INFO: Instrumented org.joda.time.DurationField (took 16 ms, size +36%)
INFO: Instrumented org.joda.time.field.UnsupportedDurationField (took 36 ms, size +25%)
INFO: Instrumented org.joda.time.field.UnsupportedDateTimeField (took 101 ms, size +14%)
INFO: New number of coverage counters: 8192
INFO: Instrumented org.joda.time.IllegalFieldValueException (took 21 ms, size +14%)
INFO: Instrumented org.joda.time.chrono.GregorianChronology (took 26 ms, size +20%)
INFO: Instrumented org.joda.time.chrono.BasicGJChronology (took 30 ms, size +32%)
INFO: Instrumented org.joda.time.chrono.BasicChronology (took 40 ms, size +14%)
INFO: Instrumented org.joda.time.chrono.ZonedChronology (took 15 ms, size +19%)
INFO: Instrumented org.joda.time.field.DividedDateTimeField (took 27 ms, size +23%)
INFO: Instrumented org.joda.time.field.DecoratedDateTimeField (took 6 ms, size +27%)
INFO: Instrumented org.joda.time.field.BaseDateTimeField (took 36 ms, size +18%)
INFO: Instrumented org.joda.time.field.RemainderDateTimeField (took 6 ms, size +20%)
INFO: Instrumented org.joda.time.field.PreciseDurationField (took 5 ms, size +30%)
INFO: Instrumented org.joda.time.field.BaseDurationField (took 6 ms, size +24%)
INFO: Instrumented org.joda.time.field.PreciseDateTimeField (took 4 ms, size +30%)
INFO: Instrumented org.joda.time.field.PreciseDurationDateTimeField (took 12 ms, size +26%)
INFO: Instrumented org.joda.time.field.ZeroIsMaxDateTimeField (took 14 ms, size +19%)
INFO: Instrumented org.joda.time.chrono.BasicChronology$HalfdayField (took 5 ms, size +23%)
INFO: Instrumented org.joda.time.chrono.BasicYearDateTimeField (took 8 ms, size +22%)
INFO: Instrumented org.joda.time.field.ImpreciseDateTimeField (took 4 ms, size +31%)
INFO: Instrumented org.joda.time.chrono.GJYearOfEraDateTimeField (took 7 ms, size +22%)
INFO: Instrumented org.joda.time.field.OffsetDateTimeField (took 11 ms, size +20%)
INFO: Instrumented org.joda.time.chrono.GJEraDateTimeField (took 6 ms, size +19%)
INFO: Instrumented org.joda.time.chrono.GJDayOfWeekDateTimeField (took 4 ms, size +16%)
INFO: Instrumented org.joda.time.chrono.BasicDayOfMonthDateTimeField (took 7 ms, size +23%)
INFO: Instrumented org.joda.time.chrono.BasicDayOfYearDateTimeField (took 6 ms, size +24%)
INFO: Instrumented org.joda.time.chrono.GJMonthOfYearDateTimeField (took 7 ms, size +23%)
INFO: Instrumented org.joda.time.chrono.BasicMonthOfYearDateTimeField (took 11 ms, size +19%)
INFO: Instrumented org.joda.time.chrono.BasicWeekyearDateTimeField (took 8 ms, size +22%)
INFO: Instrumented org.joda.time.chrono.BasicWeekOfWeekyearDateTimeField (took 6 ms, size +21%)
INFO: Instrumented org.joda.time.field.MillisDurationField (took 17 ms, size +21%)
INFO: Instrumented org.joda.time.DurationFieldType$StandardDurationFieldType (took 3 ms, size +22%)
INFO: Instrumented org.joda.time.DateTimeFieldType$StandardDateTimeFieldType (took 9 ms, size +21%)
INFO: Instrumented org.joda.time.tz.Provider (took 1 ms, size +0%)
INFO: Instrumented org.joda.time.JodaTimePermission (took 6 ms, size +49%)
INFO: Instrumented org.joda.time.tz.FixedDateTimeZone (took 9 ms, size +37%)
INFO: Instrumented org.joda.time.DateTimeZone$1 (took 4 ms, size +32%)
INFO: Instrumented org.joda.time.tz.NameProvider (took 1 ms, size +0%)
INFO: Instrumented org.joda.time.tz.ZoneInfoProvider (took 8 ms, size +22%)
INFO: Instrumented org.joda.time.tz.DefaultNameProvider (took 10 ms, size +42%)
INFO: Instrumented org.joda.time.chrono.AssembledChronology$Fields (took 12 ms, size +31%)
INFO: Instrumented org.joda.time.field.ImpreciseDateTimeField$LinkedDurationField (took 6 ms, size +21%)
INFO: Instrumented org.joda.time.field.ScaledDurationField (took 9 ms, size +28%)
INFO: Instrumented org.joda.time.field.DecoratedDurationField (took 4 ms, size +26%)
INFO: Instrumented org.joda.time.chrono.BasicChronology$YearInfo (took 2 ms, size +45%)
INFO: Instrumented org.joda.time.chrono.ISOYearOfEraDateTimeField (took 9 ms, size +22%)
INFO: Instrumented org.joda.time.tz.DateTimeZoneBuilder (took 35 ms, size +19%)
INFO: Instrumented org.joda.time.tz.DateTimeZoneBuilder$PrecalculatedZone (took 67 ms, size +24%)
INFO: Instrumented org.joda.time.tz.CachedDateTimeZone (took 24 ms, size +21%)
INFO: Instrumented org.joda.time.tz.DateTimeZoneBuilder$DSTZone (took 9 ms, size +25%)
INFO: Instrumented org.joda.time.chrono.ZonedChronology$ZonedDateTimeField (took 14 ms, size +16%)
INFO: Instrumented org.joda.time.chrono.ZonedChronology$ZonedDurationField (took 7 ms, size +23%)
INFO: Instrumented org.joda.time.DateTimeUtils (took 10 ms, size +19%)
INFO: Instrumented org.joda.time.DateTimeUtils$MillisProvider (took 0 ms, size +0%)
INFO: Instrumented org.joda.time.ReadableInterval (took 0 ms, size +0%)
INFO: Instrumented org.joda.time.DateTimeUtils$SystemMillisProvider (took 2 ms, size +43%)
INFO: found LLVMFuzzerCustomMutator (0x7fa124465cd0). Disabling -len_control by default.
INFO: Running with entropic power schedule (0xFF, 100).
INFO: Seed: 463495892
INFO: Loaded 5 modules   (8192 inline 8-bit counters): 512 [0x7fa194a5dc00, 0x7fa194a5de00), 512 [0x7fa194a5de00, 0x7fa194a5e000), 1024 [0x7fa194a5e000, 0x7fa194a5e400), 2048 [0x7fa194a5e400, 0x7fa194a5ec00), 4096 [0x7fa194a5ec00, 0x7fa194a5fc00), 
INFO: Loaded 5 PC tables (8192 PCs): 512 [0x7fa194940350,0x7fa194942350), 512 [0x7fa194653590,0x7fa194655590), 1024 [0x7fa194a4c650,0x7fa194a50650), 2048 [0x7fa19467f1c0,0x7fa1946871c0), 4096 [0x7fa194c489e0,0x7fa194c589e0), 
INFO:        0 files found in /tmp/bugrun/time_23.9W4oTf/.cifuzz-corpus/com.example.algorithm2.Algorithm2Test/testParameterizedFuzzer
INFO:        0 files found in /tmp/jazzer-java-seeds2629224627419378219
INFO: -max_len is not provided; libFuzzer will not generate inputs larger than 4096 bytes
INFO: A corpus is not provided, starting from an empty corpus
#2	INITED cov: 91 ft: 91 corp: 1/1b exec/s: 0 rss: 1461Mb
INFO: using inputs from: /tmp/bugrun/time_23.9W4oTf/.cifuzz-corpus/com.example.algorithm2.Algorithm2Test/testParameterizedFuzzer
INFO: using inputs from: /tmp/jazzer-java-seeds2629224627419378219
INFO: Instrumented org.joda.time.Period (took 144 ms, size +14%)
INFO: Instrumented org.joda.time.base.BasePeriod (took 110 ms, size +15%)
INFO: Instrumented org.joda.time.base.AbstractPeriod (took 32 ms, size +24%)
#4	NEW    cov: 117 ft: 125 corp: 2/2b lim: 4 exec/s: 0 rss: 1462Mb L: 1/1 MS: 4 ShuffleBytes-Custom-ChangeBit-Custom-
#5	NEW    cov: 128 ft: 140 corp: 3/3b lim: 4 exec/s: 0 rss: 1462Mb L: 1/1 MS: 2 ChangeBinInt-Custom-
INFO: Instrumented org.joda.time.MutablePeriod (took 81 ms, size +11%)
INFO: Instrumented org.joda.time.ReadWritablePeriod (took 0 ms, size +0%)
INFO: Instrumented org.joda.time.PeriodType (took 29 ms, size +18%)
MS: 6 ShuffleBytes-Custom-ChangeBit-Custom-ChangeBinInt-Custom-; base unit: 067d5096f219c64b53bb1c7d5e3754285b565a47
0x1,
\001
artifact_prefix='/tmp/bugrun/time_23.9W4oTf/'; Test unit written to /tmp/bugrun/time_23.9W4oTf/crash-bf8b4530d8d246dd74ac53a13471bba17941dff7
Base64: AQ==
Done 8 runs in 0 second(s)
INFO: Instrumented org.joda.time.field.FieldUtils (took 46 ms, size +29%)
DEDUP_TOKEN: 6c647719903def1d
[ERROR] Tests run: 2, Failures: 0, Errors: 1, Skipped: 0, Time elapsed: 22.72 s <<< FAILURE! -- in com.example.algorithm2.Algorithm2Test
[ERROR] com.example.algorithm2.Algorithm2Test.testParameterizedFuzzer(FuzzedDataProvider)[2] -- Time elapsed: 1.013 s <<< ERROR!
org.joda.time.IllegalFieldValueException: Value 0 for dayOfYear must be in the range [1,365]
	at org.joda.time.field.FieldUtils.verifyValueBounds(FieldUtils.java:216)
	at org.joda.time.field.PreciseDurationDateTimeField.set(PreciseDurationDateTimeField.java:78)
	at org.joda.time.chrono.ZonedChronology$ZonedDateTimeField.set(ZonedChronology.java:466)
	at org.joda.time.DateTime.withDayOfYear(DateTime.java:1637)
	at java.base/jdk.internal.reflect.NativeMethodAccessorImpl.invoke0(Native Method)
	at java.base/jdk.internal.reflect.NativeMethodAccessorImpl.invoke(NativeMethodAccessorImpl.java:62)
	at java.base/jdk.internal.reflect.DelegatingMethodAccessorImpl.invoke(DelegatingMethodAccessorImpl.java:43)
	at java.base/java.lang.reflect.Method.invoke(Method.java:566)
	at com.example.algorithm2.Algorithm2Test.testParameterizedFuzzer(Algorithm2Test.java:226)

[INFO] 
[INFO] Results:
[INFO] 
[ERROR] Errors: 
[ERROR]   Algorithm2Test.testParameterizedFuzzer:226 » IllegalFieldValue Value 0 for dayOfYear must be in the range [1,365]
[INFO] 
[ERROR] Tests run: 2, Failures: 0, Errors: 1, Skipped: 0
[INFO] 
[ERROR] 

Please refer to /tmp/bugrun/time_23.9W4oTf/target/surefire-reports for the individual test results.
Please refer to dump files (if any exist) [date].dump, [date]-jvmRun[N].dump and [date].dumpstream.
[INFO] 
[INFO] --- jacoco:0.8.11:report (default-cli) @ AlgorithmName2 ---
[INFO] Loading execution data file /tmp/bugrun/time_23.9W4oTf/target/jacoco.exec
[INFO] Analyzed bundle 'AlgorithmName2' with 203 classes
[INFO] ------------------------------------------------------------------------
[INFO] BUILD SUCCESS
[INFO] ------------------------------------------------------------------------
[INFO] Total time:  47.893 s
[INFO] Finished at: 2026-10-06T02:44:22+07:00
[INFO] ------------------------------------------------------------------------
