[INFO] Scanning for projects...
[INFO] 
[INFO] ---------------------< com.example:AlgorithmName2 >---------------------
[INFO] Building AlgorithmName2 1.0-SNAPSHOT
[INFO]   from pom.xml
[INFO] --------------------------------[ jar ]---------------------------------
[INFO] 
[INFO] --- jacoco:0.8.11:prepare-agent (default) @ AlgorithmName2 ---
[INFO] argLine set to -javaagent:/home/kanyaphak673380391-3/.m2/repository/org/jacoco/org.jacoco.agent/0.8.11/org.jacoco.agent-0.8.11-runtime.jar=destfile=/tmp/bugrun/compress_14.FaPvKl/target/jacoco.exec
[INFO] 
[INFO] --- resources:3.4.0:resources (default-resources) @ AlgorithmName2 ---
[INFO] Copying 1 resource from src/main/resources to target/classes
[INFO] 
[INFO] --- compiler:3.15.0:compile (default-compile) @ AlgorithmName2 ---
[INFO] Recompiling the module because of changed source code.
[INFO] Compiling 1 source file with javac [debug target 1.8] to target/classes
[WARNING] bootstrap class path not set in conjunction with -source 8
[INFO] 
[INFO] --- dependency:3.6.0:unpack-dependencies (unpack-defects4j) @ AlgorithmName2 ---
[INFO] 
[INFO] --- resources:3.4.0:testResources (default-testResources) @ AlgorithmName2 ---
[INFO] skip non existing resourceDirectory /tmp/bugrun/compress_14.FaPvKl/src/test/resources
[INFO] 
[INFO] --- compiler:3.15.0:testCompile (default-testCompile) @ AlgorithmName2 ---
[INFO] Recompiling the module because of changed dependency.
[INFO] Compiling 1 source file with javac [debug target 1.8] to target/test-classes
[WARNING] bootstrap class path not set in conjunction with -source 8
[INFO] 
[INFO] --- surefire:3.1.2:test (default-cli) @ AlgorithmName2 ---
[INFO] Using auto detected provider org.apache.maven.surefire.junitplatform.JUnitPlatformProvider
[INFO] 
[INFO] -------------------------------------------------------
[INFO]  T E S T S
[INFO] -------------------------------------------------------
[INFO] Running com.example.algorithm2.Algorithm2Test
OpenJDK 64-Bit Server VM warning: Sharing is only supported for boot loader classes because bootstrap classpath has been appended
INFO: Loaded 281 hooks from com.code_intelligence.jazzer.runtime.TraceCmpHooks
INFO: Loaded 5 hooks from com.code_intelligence.jazzer.runtime.TraceDivHooks
INFO: Loaded 2 hooks from com.code_intelligence.jazzer.runtime.TraceIndirHooks
INFO: Loaded 4 hooks from com.code_intelligence.jazzer.runtime.NativeLibHooks
INFO: Loaded 2 hooks from com.code_intelligence.jazzer.sanitizers.ClojureLangHooks
INFO: Loaded 5 hooks from com.code_intelligence.jazzer.sanitizers.Deserialization
INFO: Loaded 5 hooks from com.code_intelligence.jazzer.sanitizers.ExpressionLanguageInjection
INFO: Loaded 70 hooks from com.code_intelligence.jazzer.sanitizers.LdapInjection
INFO: Loaded 46 hooks from com.code_intelligence.jazzer.sanitizers.NamingContextLookup
INFO: Loaded 1 hooks from com.code_intelligence.jazzer.sanitizers.OsCommandInjection
INFO: Loaded 52 hooks from com.code_intelligence.jazzer.sanitizers.ReflectiveCall
INFO: Loaded 8 hooks from com.code_intelligence.jazzer.sanitizers.RegexInjection
INFO: Loaded 16 hooks from com.code_intelligence.jazzer.sanitizers.RegexRoadblocks
INFO: Loaded 18 hooks from com.code_intelligence.jazzer.sanitizers.ScriptEngineInjection
INFO: Loaded 2 hooks from com.code_intelligence.jazzer.sanitizers.ServerSideRequestForgery
INFO: Loaded 19 hooks from com.code_intelligence.jazzer.sanitizers.SqlInjection
INFO: Loaded 6 hooks from com.code_intelligence.jazzer.sanitizers.XPathInjection
INFO: Instrumented com.example.algorithm2.Algorithm2Test$Skip (took 494 ms, size +44%)
INFO: Instrumented com.example.algorithm2.Algorithm2Test (took 390 ms, size +27%)
INFO: Instrumented org.apache.commons.compress.archivers.ArchiveStreamFactory (took 140 ms, size +37%)
INFO: Instrumented org.apache.commons.compress.archivers.ArchiveInputStream (took 28 ms, size +32%)
INFO: New number of coverage counters: 1024
WARN: Some hooks could not be applied to class files built for Java 7 or lower.
                       Ensure that the fuzz target and its dependencies are compiled with
                       -target 8 or higher to identify as many bugs as possible.
INFO: Instrumented org.apache.commons.compress.archivers.ar.ArArchiveInputStream (took 138 ms, size +26%)
INFO: Instrumented org.apache.commons.compress.archivers.zip.ZipArchiveInputStream (took 134 ms, size +17%)
INFO: New number of coverage counters: 2048
INFO: Instrumented org.apache.commons.compress.archivers.tar.TarArchiveInputStream (took 99 ms, size +24%)
INFO: Instrumented org.apache.commons.compress.archivers.jar.JarArchiveInputStream (took 18 ms, size +26%)
INFO: Instrumented org.apache.commons.compress.archivers.cpio.CpioArchiveInputStream (took 69 ms, size +30%)
INFO: Instrumented org.apache.commons.compress.archivers.cpio.CpioConstants (took 33 ms, size +0%)
INFO: Instrumented org.apache.commons.compress.archivers.dump.DumpArchiveInputStream (took 85 ms, size +25%)
INFO: Instrumented org.apache.commons.compress.archivers.ArchiveException (took 14 ms, size +38%)
INFO: Instrumented org.apache.commons.compress.archivers.ArchiveOutputStream (took 16 ms, size +28%)
INFO: Instrumented org.apache.commons.compress.archivers.ar.ArArchiveOutputStream (took 39 ms, size +24%)
INFO: New number of coverage counters: 4096
INFO: Instrumented org.apache.commons.compress.archivers.zip.ZipArchiveOutputStream (took 99 ms, size +18%)
INFO: Instrumented org.apache.commons.compress.archivers.tar.TarArchiveOutputStream (took 24 ms, size +16%)
INFO: Instrumented org.apache.commons.compress.archivers.jar.JarArchiveOutputStream (took 9 ms, size +36%)
INFO: Instrumented org.apache.commons.compress.archivers.cpio.CpioArchiveOutputStream (took 65 ms, size +23%)
[harness] target=org.apache.commons.compress.archivers.ArchiveStreamFactory factories=1 methods=3
INFO: found LLVMFuzzerCustomMutator (0x77e3b3172cd0). Disabling -len_control by default.
INFO: Running with entropic power schedule (0xFF, 100).
INFO: Seed: 589697533
INFO: Loaded 4 modules   (4096 inline 8-bit counters): 512 [0x77e4bcade430, 0x77e4bcade630), 512 [0x77e4bcade630, 0x77e4bcade830), 1024 [0x77e4bcade830, 0x77e4bcadec30), 2048 [0x77e4bcadec30, 0x77e4bcadf430), 
INFO: Loaded 4 PC tables (4096 PCs): 512 [0x77e4bc289020,0x77e4bc28b020), 512 [0x77e4bca0e010,0x77e4bca10010), 1024 [0x77e4bca15230,0x77e4bca19230), 2048 [0x77e4bc4b7f90,0x77e4bc4bff90), 
INFO:        0 files found in /tmp/bugrun/compress_14.FaPvKl/.cifuzz-corpus/com.example.algorithm2.Algorithm2Test/testParameterizedFuzzer
INFO:        0 files found in /tmp/jazzer-java-seeds2486800842764687009
INFO: -max_len is not provided; libFuzzer will not generate inputs larger than 4096 bytes
INFO: A corpus is not provided, starting from an empty corpus
INFO: using inputs from: /tmp/bugrun/compress_14.FaPvKl/.cifuzz-corpus/com.example.algorithm2.Algorithm2Test/testParameterizedFuzzer
INFO: using inputs from: /tmp/jazzer-java-seeds2486800842764687009
INFO: Instrumented org.apache.commons.compress.archivers.zip.UnsupportedZipFeatureException (took 3 ms, size +21%)
INFO: Instrumented org.apache.commons.compress.archivers.ArchiveEntry (took 0 ms, size +0%)
#2	INITED cov: 116 ft: 116 corp: 1/1b exec/s: 0 rss: 1047Mb
#3	NEW    cov: 116 ft: 123 corp: 2/3b lim: 4 exec/s: 0 rss: 1047Mb L: 2/2 MS: 2 InsertByte-Custom-
#4	NEW    cov: 120 ft: 129 corp: 3/4b lim: 4 exec/s: 0 rss: 1047Mb L: 1/2 MS: 2 ShuffleBytes-Custom-
#8	NEW    cov: 123 ft: 134 corp: 4/6b lim: 4 exec/s: 0 rss: 1047Mb L: 2/2 MS: 8 ChangeByte-Custom-CopyPart-Custom-ChangeBit-Custom-ChangeBinInt-Custom-
INFO: Instrumented org.apache.commons.compress.archivers.zip.ZipLong (took 12 ms, size +21%)
INFO: Instrumented org.apache.commons.compress.archivers.zip.ZipExtraField (took 1 ms, size +0%)
INFO: Instrumented org.apache.commons.compress.archivers.zip.Zip64RequiredException (took 2 ms, size +27%)
INFO: Instrumented org.apache.commons.compress.archivers.dump.UnrecognizedFormatException (took 2 ms, size +43%)
INFO: Instrumented org.apache.commons.compress.archivers.dump.DumpArchiveException (took 5 ms, size +34%)
#20	REDUCE cov: 123 ft: 134 corp: 4/5b lim: 4 exec/s: 0 rss: 1047Mb L: 1/2 MS: 4 InsertByte-Custom-CrossOver-Custom-
INFO: Instrumented org.apache.commons.compress.archivers.dump.InvalidFormatException (took 5 ms, size +30%)
INFO: Instrumented org.apache.commons.compress.archivers.tar.TarArchiveInputStream$1 (took 30 ms, size +30%)
#66	REDUCE cov: 123 ft: 134 corp: 4/4b lim: 4 exec/s: 0 rss: 1048Mb L: 1/1 MS: 2 EraseBytes-Custom-
#290	REDUCE cov: 128 ft: 141 corp: 5/9b lim: 6 exec/s: 0 rss: 1049Mb L: 5/5 MS: 8 InsertByte-Custom-CopyPart-Custom-CrossOver-Custom-CopyPart-Custom-
#497	NEW    cov: 131 ft: 144 corp: 6/16b lim: 8 exec/s: 0 rss: 1052Mb L: 7/7 MS: 4 ShuffleBytes-Custom-CrossOver-Custom-
#562	NEW    cov: 159 ft: 183 corp: 7/20b lim: 8 exec/s: 0 rss: 1057Mb L: 4/7 MS: 10 ShuffleBytes-Custom-ChangeByte-Custom-ChangeBinInt-Custom-CrossOver-Custom-CMP-Custom- DE: "tar"-
INFO: Instrumented org.apache.commons.compress.utils.CountingOutputStream (took 23 ms, size +37%)
INFO: Instrumented org.apache.commons.compress.archivers.tar.TarBuffer (took 38 ms, size +21%)
#753	NEW    cov: 173 ft: 200 corp: 8/24b lim: 8 exec/s: 0 rss: 1057Mb L: 4/7 MS: 2 ChangeBit-Custom-
#833	REDUCE cov: 174 ft: 201 corp: 9/28b lim: 8 exec/s: 0 rss: 1061Mb L: 4/7 MS: 10 CrossOver-Custom-ChangeByte-Custom-ShuffleBytes-Custom-ChangeBit-Custom-PersAutoDict-Custom- DE: "tar"-
#929	REDUCE cov: 176 ft: 204 corp: 10/32b lim: 8 exec/s: 0 rss: 1063Mb L: 4/7 MS: 2 PersAutoDict-Custom- DE: "tar"-
#1240	NEW    cov: 177 ft: 205 corp: 11/43b lim: 11 exec/s: 1240 rss: 1064Mb L: 11/11 MS: 2 InsertRepeatedBytes-Custom-
#1298	REDUCE cov: 177 ft: 205 corp: 11/42b lim: 11 exec/s: 1298 rss: 1064Mb L: 10/10 MS: 6 ChangeByte-Custom-ChangeByte-Custom-EraseBytes-Custom-
#1535	NEW    cov: 183 ft: 211 corp: 12/45b lim: 11 exec/s: 1535 rss: 1065Mb L: 3/10 MS: 4 InsertByte-Custom-EraseBytes-Custom-
#1591	NEW    cov: 184 ft: 212 corp: 13/48b lim: 11 exec/s: 1591 rss: 1065Mb L: 3/10 MS: 2 ShuffleBytes-Custom-
#1991	REDUCE cov: 184 ft: 212 corp: 13/47b lim: 14 exec/s: 1991 rss: 1065Mb L: 9/9 MS: 10 ChangeByte-Custom-EraseBytes-Custom-PersAutoDict-Custom-ChangeByte-Custom-CrossOver-Custom- DE: "tar"-
#2422	NEW    cov: 188 ft: 216 corp: 14/50b lim: 17 exec/s: 2422 rss: 1065Mb L: 3/9 MS: 2 ChangeBit-Custom-
#3244	REDUCE cov: 188 ft: 216 corp: 14/49b lim: 25 exec/s: 3244 rss: 1067Mb L: 3/9 MS: 4 InsertByte-Custom-EraseBytes-Custom-
#4138	REDUCE cov: 193 ft: 221 corp: 15/82b lim: 33 exec/s: 2069 rss: 1067Mb L: 33/33 MS: 8 ChangeByte-Custom-ChangeASCIIInt-Custom-InsertRepeatedBytes-Custom-CMP-Custom- DE: "\001a"-
#4151	NEW    cov: 194 ft: 222 corp: 16/115b lim: 33 exec/s: 2075 rss: 1067Mb L: 33/33 MS: 6 CopyPart-Custom-InsertRepeatedBytes-Custom-CopyPart-Custom-
INFO: Instrumented org.apache.commons.compress.archivers.dump.DumpArchiveUtil (took 7 ms, size +26%)
#4581	REDUCE cov: 206 ft: 234 corp: 17/120b lim: 33 exec/s: 2290 rss: 1067Mb L: 5/33 MS: 10 ChangeByte-Custom-ChangeBinInt-Custom-ChangeBit-Custom-ChangeBit-Custom-CMP-Custom- DE: "cpio"-
#5327	NEW    cov: 206 ft: 235 corp: 18/125b lim: 38 exec/s: 2663 rss: 1071Mb L: 5/33 MS: 2 ShuffleBytes-Custom-
#5504	NEW    cov: 206 ft: 268 corp: 19/161b lim: 38 exec/s: 2752 rss: 1071Mb L: 36/36 MS: 4 InsertRepeatedBytes-Custom-InsertRepeatedBytes-Custom-
#5683	NEW    cov: 206 ft: 273 corp: 20/199b lim: 38 exec/s: 2841 rss: 1071Mb L: 38/38 MS: 8 CopyPart-Custom-InsertByte-Custom-ShuffleBytes-Custom-CrossOver-Custom-
#5748	REDUCE cov: 207 ft: 274 corp: 21/222b lim: 38 exec/s: 2874 rss: 1071Mb L: 23/38 MS: 10 ShuffleBytes-Custom-EraseBytes-Custom-ChangeBit-Custom-InsertByte-Custom-InsertRepeatedBytes-Custom-
#6019	NEW    cov: 211 ft: 278 corp: 22/227b lim: 38 exec/s: 3009 rss: 1071Mb L: 5/38 MS: 2 CopyPart-Custom-
#6364	REDUCE cov: 211 ft: 278 corp: 22/217b lim: 38 exec/s: 3182 rss: 1071Mb L: 13/38 MS: 10 InsertByte-Custom-PersAutoDict-Custom-ChangeBit-Custom-CopyPart-Custom-EraseBytes-Custom- DE: "\001a"-
#6409	NEW    cov: 211 ft: 281 corp: 23/251b lim: 38 exec/s: 3204 rss: 1071Mb L: 34/38 MS: 10 InsertRepeatedBytes-Custom-CrossOver-Custom-ChangeBinInt-Custom-InsertRepeatedBytes-Custom-ChangeBit-Custom-
#6421	NEW    cov: 212 ft: 282 corp: 24/280b lim: 38 exec/s: 3210 rss: 1071Mb L: 29/38 MS: 4 EraseBytes-Custom-ChangeBit-Custom-
#6475	REDUCE cov: 212 ft: 282 corp: 24/274b lim: 38 exec/s: 3237 rss: 1071Mb L: 23/38 MS: 8 CopyPart-Custom-ChangeBinInt-Custom-InsertRepeatedBytes-Custom-EraseBytes-Custom-
#6535	NEW    cov: 266 ft: 337 corp: 25/311b lim: 38 exec/s: 3267 rss: 1085Mb L: 37/38 MS: 10 InsertRepeatedBytes-Custom-CMP-Custom-InsertByte-Custom-ChangeBit-Custom-CMP-Custom- DE: "\001\000\000\004"-"zip"-
INFO: Instrumented org.apache.commons.compress.archivers.zip.ZipArchiveInputStream$Buffer (took 20 ms, size +18%)
INFO: Instrumented org.apache.commons.compress.archivers.zip.ZipEncodingHelper (took 10 ms, size +21%)
INFO: #6561	NEW    cov: 266 ft: 339 corp: 26/348b lim: 38 exec/s: 3280 rss: 1087Mb L: 37/38 MS: 2 ChangeASCIIInt-Custom-
Instrumented org.apache.commons.compress.archivers.zip.ZipEncoding (took 0 ms, size +0%)
INFO: Instrumented org.apache.commons.compress.archivers.zip.ZipEncodingHelper$SimpleEncodingHolder (took 4 ms, size +33%)
INFO: Instrumented org.apache.commons.compress.archivers.zip.FallbackZipEncoding (took 6 ms, size +28%)
#6613	REDUCE cov: 266 ft: 339 corp: 26/338b lim: 38 exec/s: 3306 rss: 1090Mb L: 13/38 MS: 4 ShuffleBytes-Custom-EraseBytes-Custom-
#6669	REDUCE cov: 267 ft: 340 corp: 27/364b lim: 38 exec/s: 3334 rss: 1094Mb L: 26/38 MS: 2 CopyPart-Custom-
#6803	REDUCE cov: 267 ft: 340 corp: 27/362b lim: 38 exec/s: 3401 rss: 1102Mb L: 24/38 MS: 8 ShuffleBytes-Custom-ChangeBit-Custom-CMP-Custom-EraseBytes-Custom- DE: "\000\000\000\000\000\000\000\000"-
#6927	REDUCE cov: 267 ft: 340 corp: 27/360b lim: 38 exec/s: 3463 rss: 1110Mb L: 34/38 MS: 8 ChangeBit-Custom-ChangeByte-Custom-EraseBytes-Custom-InsertRepeatedBytes-Custom-
#6937	NEW    cov: 299 ft: 372 corp: 28/364b lim: 38 exec/s: 3468 rss: 1115Mb L: 4/38 MS: 10 ChangeByte-Custom-ChangeBit-Custom-InsertByte-Custom-ShuffleBytes-Custom-CMP-Custom- DE: "jar"-
#7062	REDUCE cov: 299 ft: 372 corp: 28/347b lim: 38 exec/s: 3531 rss: 1123Mb L: 7/38 MS: 10 CrossOver-Custom-InsertByte-Custom-EraseBytes-Custom-PersAutoDict-Custom-CrossOver-Custom- DE: "\001\000\000\004"-
INFO: Instrumented org.apache.commons.compress.archivers.zip.ZipArchiveOutputStream$UnicodeExtraFieldPolicy (took 9 ms, size +33%)
INFO: Instrumented org.apache.commons.compress.archivers.zip.Zip64Mode (took 9 ms, size +29%)
#7379	REDUCE cov: 299 ft: 372 corp: 28/346b lim: 38 exec/s: 2459 rss: 1144Mb L: 12/38 MS: 4 ChangeByte-Custom-EraseBytes-Custom-
#7611	NEW    cov: 301 ft: 374 corp: 29/383b lim: 38 exec/s: 2537 rss: 1161Mb L: 37/38 MS: 4 ChangeBinInt-Custom-ChangeBit-Custom-
#7632	REDUCE cov: 301 ft: 374 corp: 29/380b lim: 38 exec/s: 2544 rss: 1163Mb L: 10/38 MS: 2 EraseBytes-Custom-
#7868	REDUCE cov: 301 ft: 374 corp: 29/378b lim: 38 exec/s: 2622 rss: 1178Mb L: 10/38 MS: 2 EraseBytes-Custom-
#8095	NEW    cov: 302 ft: 375 corp: 30/382b lim: 38 exec/s: 2698 rss: 1188Mb L: 4/38 MS: 4 InsertByte-Custom-CMP-Custom- DE: "jar"-
#8192	pulse  cov: 302 ft: 375 corp: 30/382b lim: 38 exec/s: 2730 rss: 1194Mb
#8382	REDUCE cov: 302 ft: 375 corp: 30/381b lim: 38 exec/s: 2794 rss: 1195Mb L: 9/38 MS: 4 ChangeBit-Custom-EraseBytes-Custom-
#8468	NEW    cov: 306 ft: 379 corp: 31/385b lim: 38 exec/s: 2822 rss: 1195Mb L: 4/38 MS: 2 ChangeBinInt-Custom-
#8954	REDUCE cov: 306 ft: 379 corp: 31/382b lim: 38 exec/s: 2984 rss: 1196Mb L: 7/38 MS: 2 EraseBytes-Custom-
#9488	REDUCE cov: 306 ft: 383 corp: 32/424b lim: 43 exec/s: 3162 rss: 1197Mb L: 42/42 MS: 8 InsertByte-Custom-CrossOver-Custom-ShuffleBytes-Custom-InsertRepeatedBytes-Custom-
#10499	REDUCE cov: 307 ft: 384 corp: 33/433b lim: 53 exec/s: 3499 rss: 1200Mb L: 9/42 MS: 2 ChangeBinInt-Custom-
#11304	NEW    cov: 308 ft: 385 corp: 34/480b lim: 58 exec/s: 3768 rss: 1201Mb L: 47/47 MS: 10 ChangeBit-Custom-InsertByte-Custom-ChangeBinInt-Custom-ChangeBinInt-Custom-PersAutoDict-Custom- DE: "cpio"-
#11414	DONE   cov: 308 ft: 385 corp: 34/480b lim: 58 exec/s: 2853 rss: 1201Mb
###### Recommended dictionary. ######
"tar" # Uses: 426
"\001a" # Uses: 143
"cpio" # Uses: 119
"\001\000\000\004" # Uses: 61
"zip" # Uses: 65
"\000\000\000\000\000\000\000\000" # Uses: 58
"jar" # Uses: 67
###### End of recommended dictionary. ######
Done 11414 runs in 4 second(s)
[INFO] Tests run: 2, Failures: 0, Errors: 0, Skipped: 0, Time elapsed: 17.19 s -- in com.example.algorithm2.Algorithm2Test
[INFO] 
[INFO] Results:
[INFO] 
[INFO] Tests run: 2, Failures: 0, Errors: 0, Skipped: 0
[INFO] 
[INFO] 
[INFO] --- jacoco:0.8.11:report (default-cli) @ AlgorithmName2 ---
[INFO] Loading execution data file /tmp/bugrun/compress_14.FaPvKl/target/jacoco.exec
[INFO] Analyzed bundle 'AlgorithmName2' with 115 classes
[INFO] ------------------------------------------------------------------------
[INFO] BUILD SUCCESS
[INFO] ------------------------------------------------------------------------
[INFO] Total time:  37.431 s
[INFO] Finished at: 2026-10-06T02:46:30+07:00
[INFO] ------------------------------------------------------------------------
