[INFO] Scanning for projects...
[INFO] 
[INFO] ---------------------< com.example:AlgorithmName2 >---------------------
[INFO] Building AlgorithmName2 1.0-SNAPSHOT
[INFO]   from pom.xml
[INFO] --------------------------------[ jar ]---------------------------------
[INFO] 
[INFO] --- jacoco:0.8.11:prepare-agent (default) @ AlgorithmName2 ---
[INFO] argLine set to -javaagent:/home/kanyaphak673380391-3/.m2/repository/org/jacoco/org.jacoco.agent/0.8.11/org.jacoco.agent-0.8.11-runtime.jar=destfile=/tmp/bugrun/jxpath_19.SEnoOn/target/jacoco.exec
[INFO] 
[INFO] --- resources:3.4.0:resources (default-resources) @ AlgorithmName2 ---
[INFO] Copying 1 resource from src/main/resources to target/classes
[INFO] 
[INFO] --- compiler:3.15.0:compile (default-compile) @ AlgorithmName2 ---
[INFO] Recompiling the module because of changed source code.
[INFO] Compiling 1 source file with javac [debug target 1.8] to target/classes
[WARNING] bootstrap class path not set in conjunction with -source 8
[INFO] 
[INFO] --- dependency:3.6.0:unpack-dependencies (unpack-defects4j) @ AlgorithmName2 ---
[INFO] 
[INFO] --- resources:3.4.0:testResources (default-testResources) @ AlgorithmName2 ---
[INFO] skip non existing resourceDirectory /tmp/bugrun/jxpath_19.SEnoOn/src/test/resources
[INFO] 
[INFO] --- compiler:3.15.0:testCompile (default-testCompile) @ AlgorithmName2 ---
[INFO] Recompiling the module because of changed dependency.
[INFO] Compiling 1 source file with javac [debug target 1.8] to target/test-classes
[WARNING] bootstrap class path not set in conjunction with -source 8
[INFO] 
[INFO] --- surefire:3.1.2:test (default-cli) @ AlgorithmName2 ---
[INFO] Using auto detected provider org.apache.maven.surefire.junitplatform.JUnitPlatformProvider
[INFO] 
[INFO] -------------------------------------------------------
[INFO]  T E S T S
[INFO] -------------------------------------------------------
[INFO] Running com.example.algorithm2.Algorithm2Test
OpenJDK 64-Bit Server VM warning: Sharing is only supported for boot loader classes because bootstrap classpath has been appended
INFO: Loaded 281 hooks from com.code_intelligence.jazzer.runtime.TraceCmpHooks
INFO: Loaded 5 hooks from com.code_intelligence.jazzer.runtime.TraceDivHooks
INFO: Loaded 2 hooks from com.code_intelligence.jazzer.runtime.TraceIndirHooks
INFO: Loaded 4 hooks from com.code_intelligence.jazzer.runtime.NativeLibHooks
INFO: Loaded 2 hooks from com.code_intelligence.jazzer.sanitizers.ClojureLangHooks
INFO: Loaded 5 hooks from com.code_intelligence.jazzer.sanitizers.Deserialization
INFO: Loaded 5 hooks from com.code_intelligence.jazzer.sanitizers.ExpressionLanguageInjection
INFO: Loaded 70 hooks from com.code_intelligence.jazzer.sanitizers.LdapInjection
INFO: Loaded 46 hooks from com.code_intelligence.jazzer.sanitizers.NamingContextLookup
INFO: Loaded 1 hooks from com.code_intelligence.jazzer.sanitizers.OsCommandInjection
INFO: Loaded 52 hooks from com.code_intelligence.jazzer.sanitizers.ReflectiveCall
INFO: Loaded 8 hooks from com.code_intelligence.jazzer.sanitizers.RegexInjection
INFO: Loaded 16 hooks from com.code_intelligence.jazzer.sanitizers.RegexRoadblocks
INFO: Loaded 18 hooks from com.code_intelligence.jazzer.sanitizers.ScriptEngineInjection
INFO: Loaded 2 hooks from com.code_intelligence.jazzer.sanitizers.ServerSideRequestForgery
INFO: Loaded 19 hooks from com.code_intelligence.jazzer.sanitizers.SqlInjection
INFO: Loaded 6 hooks from com.code_intelligence.jazzer.sanitizers.XPathInjection
INFO: Instrumented com.example.algorithm2.Algorithm2Test$Skip (took 136 ms, size +44%)
INFO: Instrumented com.example.algorithm2.Algorithm2Test (took 97 ms, size +27%)
INFO: Instrumented org.apache.commons.jxpath.JXPathContext (took 64 ms, size +12%)
INFO: Instrumented org.apache.commons.jxpath.Variables (took 1 ms, size +0%)
INFO: Instrumented org.apache.commons.jxpath.Functions (took 1 ms, size +0%)
INFO: Instrumented org.apache.commons.jxpath.JXPathException (took 9 ms, size +24%)
INFO: New number of coverage counters: 1024
INFO: Instrumented org.apache.commons.jxpath.PackageFunctions (took 12 ms, size +33%)
INFO: Instrumented org.apache.commons.jxpath.Function (took 1 ms, size +0%)
INFO: Instrumented org.apache.commons.jxpath.CompiledExpression (took 1 ms, size +0%)
INFO: Instrumented org.apache.commons.jxpath.AbstractFactory (took 4 ms, size +34%)
INFO: Instrumented org.apache.commons.jxpath.Pointer (took 2 ms, size +0%)
INFO: Instrumented org.apache.commons.jxpath.IdentityManager (took 0 ms, size +0%)
INFO: Instrumented org.apache.commons.jxpath.KeyManager (took 0 ms, size +0%)
INFO: Instrumented org.apache.commons.jxpath.NodeSet (took 0 ms, size +0%)
[harness] target=org.apache.commons.jxpath.JXPathContext factories=1 methods=41
INFO: Instrumented org.apache.commons.jxpath.JXPathContextFactory (took 8 ms, size +24%)
INFO: Instrumented org.apache.commons.jxpath.JXPathContextFactoryConfigurationError (took 7 ms, size +30%)
INFO: Instrumented org.apache.commons.jxpath.util.ClassLoaderUtil (took 10 ms, size +43%)
INFO: Instrumented org.apache.commons.jxpath.ri.JXPathContextFactoryReferenceImpl (took 4 ms, size +35%)
INFO: Instrumented org.apache.commons.jxpath.ri.JXPathContextReferenceImpl (took 41 ms, size +12%)
INFO: Instrumented org.apache.commons.jxpath.ri.Compiler (took 2 ms, size +0%)
INFO: Instrumented org.apache.commons.jxpath.JXPathNotFoundException (took 3 ms, size +47%)
INFO: Instrumented org.apache.commons.jxpath.JXPathTypeConversionException (took 2 ms, size +38%)
INFO: Instrumented org.apache.commons.jxpath.JXPathFunctionNotFoundException (took 1 ms, size +45%)
INFO: New number of coverage counters: 2048
INFO: Instrumented org.apache.commons.jxpath.ri.EvalContext (took 25 ms, size +26%)
INFO: Instrumented org.apache.commons.jxpath.ExpressionContext (took 1 ms, size +0%)
INFO: Instrumented org.apache.commons.jxpath.ri.axes.RootContext (took 11 ms, size +17%)
INFO: Instrumented org.apache.commons.jxpath.ri.axes.InitialContext (took 6 ms, size +34%)
INFO: Instrumented org.apache.commons.jxpath.JXPathInvalidSyntaxException (took 2 ms, size +46%)
INFO: Instrumented org.apache.commons.jxpath.ri.compiler.TreeCompiler (took 17 ms, size +12%)
INFO: Instrumented org.apache.commons.jxpath.ri.compiler.CoreOperationEqual (took 4 ms, size +39%)
INFO: Instrumented org.apache.commons.jxpath.ri.compiler.CoreOperationCompare (took 8 ms, size +27%)
INFO: Instrumented org.apache.commons.jxpath.ri.compiler.CoreOperation (took 5 ms, size +27%)
INFO: Instrumented org.apache.commons.jxpath.ri.compiler.Operation (took 4 ms, size +47%)
INFO: Instrumented org.apache.commons.jxpath.ri.compiler.Expression (took 3 ms, size +23%)
INFO: Instrumented org.apache.commons.jxpath.ri.compiler.NameAttributeTest (took 2 ms, size +33%)
INFO: Instrumented org.apache.commons.jxpath.ri.QName (took 5 ms, size +47%)
INFO: Instrumented org.apache.commons.jxpath.ri.model.beans.CollectionPointerFactory (took 3 ms, size +31%)
INFO: Instrumented org.apache.commons.jxpath.ri.model.NodePointerFactory (took 0 ms, size +0%)
INFO: Instrumented org.apache.commons.jxpath.ri.model.NodePointer (took 45 ms, size +19%)
INFO: Instrumented org.apache.commons.jxpath.ri.model.beans.CollectionPointer (took 11 ms, size +15%)
INFO: Instrumented org.apache.commons.jxpath.ri.model.beans.BeanPointerFactory (took 2 ms, size +19%)
INFO: Instrumented org.apache.commons.jxpath.ri.model.beans.NullPointer (took 9 ms, size +17%)
INFO: Instrumented org.apache.commons.jxpath.ri.model.beans.PropertyOwnerPointer (took 8 ms, size +19%)
INFO: New number of coverage counters: 4096
INFO: Instrumented org.apache.commons.jxpath.ri.model.beans.BeanPointer (took 8 ms, size +28%)
INFO: Instrumented org.apache.commons.jxpath.ri.model.dynamic.DynamicPointerFactory (took 4 ms, size +22%)
INFO: Instrumented org.apache.commons.jxpath.ri.model.dynamic.DynamicPointer (took 7 ms, size +17%)
INFO: Instrumented org.apache.commons.jxpath.ri.model.VariablePointerFactory (took 3 ms, size +21%)
INFO: Instrumented org.apache.commons.jxpath.ri.model.VariablePointer (took 15 ms, size +16%)
INFO: Instrumented org.apache.commons.jxpath.ri.model.dom.DOMPointerFactory (took 3 ms, size +32%)
INFO: Instrumented org.apache.commons.jxpath.ri.model.dom.DOMNodePointer (took 35 ms, size +26%)
INFO: Instrumented org.apache.commons.jxpath.ri.model.container.ContainerPointerFactory (took 4 ms, size +30%)
INFO: Instrumented org.apache.commons.jxpath.ri.model.container.ContainerPointer (took 12 ms, size +18%)
INFO: Instrumented org.apache.commons.jxpath.ri.JXPathContextReferenceImpl$1 (took 3 ms, size +35%)
INFO: Instrumented org.apache.commons.jxpath.util.ValueUtils (took 25 ms, size +25%)
INFO: Instrumented org.apache.commons.jxpath.Container (took 0 ms, size +0%)
INFO: Instrumented org.apache.commons.jxpath.JXPathIntrospector (took 11 ms, size +34%)
INFO: Instrumented org.apache.commons.jxpath.JXPathBeanInfo (took 1 ms, size +0%)
INFO: Instrumented org.apache.commons.jxpath.JXPathBasicBeanInfo (took 8 ms, size +24%)
INFO: Instrumented org.apache.commons.jxpath.JXPathBasicBeanInfo$1 (took 3 ms, size +52%)
INFO: Instrumented org.apache.commons.jxpath.MapDynamicPropertyHandler (took 3 ms, size +37%)
INFO: Instrumented org.apache.commons.jxpath.DynamicPropertyHandler (took 0 ms, size +0%)
INFO: Instrumented org.apache.commons.jxpath.ri.model.VariablePointerFactory$VariableContextWrapper (took 2 ms, size +29%)
INFO: Instrumented org.apache.commons.jxpath.JXPathInvalidAccessException (took 3 ms, size +39%)
INFO: Instrumented org.apache.commons.jxpath.ri.model.NodeIterator (took 0 ms, size +0%)
INFO: Instrumented org.apache.commons.jxpath.ri.model.beans.PropertyPointer (took 10 ms, size +22%)
INFO: Instrumented org.apache.commons.jxpath.ri.model.beans.BeanPropertyPointer (took 16 ms, size +19%)
INFO: Instrumented org.apache.commons.jxpath.ri.NamespaceResolver (took 14 ms, size +31%)
INFO: found LLVMFuzzerCustomMutator (0x798832d70cd0). Disabling -len_control by default.
INFO: Running with entropic power schedule (0xFF, 100).
INFO: Seed: 3348597917
INFO: using inputs from: /tmp/bugrun/jxpath_19.SEnoOn/.cifuzz-corpus/com.example.algorithm2.Algorithm2Test/testParameterizedFuzzer
INFO: using inputs from: /tmp/jazzer-java-seeds7788315893874095682
INFO: Loaded 4 modules   (4096 inline 8-bit counters): 512 [0x798934cafdb0, 0x798934caffb0), 512 [0x798934caffb0, 0x798934cb01b0), 1024 [0x798934cb01b0, 0x798934cb05b0), 2048 [0x798934cb05b0, 0x798934cb0db0), 
INFO: Loaded 4 PC tables (4096 PCs): 512 [0x798934c0f8f0,0x798934c118f0), 512 [0x798934618c80,0x79893461ac80), 1024 [0x798934687900,0x79893468b900), 2048 [0x798934bf7860,0x798934bff860), 
INFO:        0 files found in /tmp/bugrun/jxpath_19.SEnoOn/.cifuzz-corpus/com.example.algorithm2.Algorithm2Test/testParameterizedFuzzer
INFO:        0 files found in /tmp/jazzer-java-seeds7788315893874095682
INFO: -max_len is not provided; libFuzzer will not generate inputs larger than 4096 bytes
INFO: A corpus is not provided, starting from an empty corpus
INFO: Instrumented org.apache.commons.jxpath.ri.Parser (took 4 ms, size +23%)
INFO: Instrumented org.apache.commons.jxpath.ri.parser.TokenMgrError (took 3 ms, size +21%)
INFO: Instrumented org.apache.commons.jxpath.ri.parser.ParseException (took 5 ms, size +22%)
INFO: New number of coverage counters: 8192
INFO: Instrumented org.apache.commons.jxpath.ri.parser.XPathParser (took 125 ms, size +23%)
INFO: Instrumented org.apache.commons.jxpath.ri.parser.XPathParserConstants (took 2 ms, size +9%)
INFO: Instrumented org.apache.commons.jxpath.ri.parser.XPathParser$LookaheadSuccess (took 3 ms, size +38%)
INFO: Instrumented org.apache.commons.jxpath.ri.parser.XPathParser$JJCalls (took 2 ms, size +45%)
#2	INITED cov: 349 ft: 349 corp: 1/1b exec/s: 0 rss: 886Mb
INFO: Instrumented org.apache.commons.jxpath.ri.parser.SimpleCharStream (took 25 ms, size +18%)
INFO: Instrumented org.apache.commons.jxpath.ri.parser.XPathParserTokenManager (took 58 ms, size +22%)
INFO: Instrumented org.apache.commons.jxpath.ri.parser.Token (took 5 ms, size +38%)
#3	NEW    cov: 353 ft: 391 corp: 2/2b lim: 4 exec/s: 0 rss: 887Mb L: 1/1 MS: 2 ShuffleBytes-Custom-
#8	NEW    cov: 360 ft: 400 corp: 3/6b lim: 4 exec/s: 0 rss: 896Mb L: 4/4 MS: 10 InsertByte-Custom-CopyPart-Custom-InsertByte-Custom-ChangeBinInt-Custom-InsertByte-Custom-
#12	NEW    cov: 361 ft: 402 corp: 4/10b lim: 4 exec/s: 0 rss: 896Mb L: 4/4 MS: 8 CrossOver-Custom-CopyPart-Custom-ChangeByte-Custom-CMP-Custom- DE: "\001\000\000;"-
#16	NEW    cov: 361 ft: 410 corp: 5/14b lim: 4 exec/s: 0 rss: 896Mb L: 4/4 MS: 8 ChangeBinInt-Custom-ChangeBit-Custom-ChangeBinInt-Custom-ChangeBinInt-Custom-
#22	NEW    cov: 371 ft: 478 corp: 6/15b lim: 4 exec/s: 0 rss: 902Mb L: 1/4 MS: 2 CrossOver-Custom-
#23	NEW    cov: 372 ft: 479 corp: 7/17b lim: 4 exec/s: 0 rss: 902Mb L: 2/4 MS: 2 InsertByte-Custom-
#27	NEW    cov: 376 ft: 483 corp: 8/20b lim: 4 exec/s: 0 rss: 902Mb L: 3/4 MS: 8 CopyPart-Custom-ChangeBit-Custom-InsertByte-Custom-InsertByte-Custom-
#32	NEW    cov: 377 ft: 484 corp: 9/22b lim: 4 exec/s: 0 rss: 902Mb L: 2/4 MS: 10 CopyPart-Custom-ChangeBit-Custom-ChangeByte-Custom-EraseBytes-Custom-ChangeByte-Custom-
#33	REDUCE cov: 377 ft: 484 corp: 9/21b lim: 4 exec/s: 0 rss: 902Mb L: 3/4 MS: 2 EraseBytes-Custom-
#46	NEW    cov: 378 ft: 485 corp: 10/25b lim: 4 exec/s: 0 rss: 902Mb L: 4/4 MS: 6 InsertByte-Custom-ShuffleBytes-Custom-ChangeBit-Custom-
INFO: #57	NEW    cov: 379 ft: 486 corp: 11/29b lim: 4 exec/s: 0 rss: 902Mb L: 4/4 MS: 2 ChangeByte-Custom-
#60	NEW    cov: 381 ft: 488 corp: 12/33b lim: 4 exec/s: 0 rss: 903Mb L: 4/4 MS: 6 CopyPart-Custom-ChangeBinInt-Custom-ChangeByte-Custom-
#63	NEW    cov: 384 ft: 491 corp: 13/37b lim: 4 exec/s: 0 rss: 903Mb L: 4/4 MS: 6 ChangeBinInt-Custom-ShuffleBytes-Custom-ChangeBinInt-Custom-
Instrumented org.apache.commons.jxpath.ri.model.beans.NullPropertyPointer (took 12 ms, size +17%)
#66	REDUCE cov: 387 ft: 494 corp: 14/40b lim: 4 exec/s: 0 rss: 903Mb L: 3/4 MS: 6 InsertByte-Custom-ChangeBinInt-Custom-EraseBytes-Custom-
INFO: Instrumented org.apache.commons.jxpath.ri.JXPathCompiledExpression (took 5 ms, size +14%)
#71	NEW    cov: 388 ft: 495 corp: 15/43b lim: 4 exec/s: 0 rss: 904Mb L: 3/4 MS: 10 CrossOver-Custom-ChangeByte-Custom-ChangeBinInt-Custom-EraseBytes-Custom-ChangeByte-Custom-
#78	NEW    cov: 394 ft: 502 corp: 16/44b lim: 4 exec/s: 0 rss: 904Mb L: 1/4 MS: 4 ChangeByte-Custom-ChangeByte-Custom-
MS: 6 CrossOver-Custom-ShuffleBytes-Custom-EraseBytes-Custom-; base unit: f65f926380be2050a5115083c3a8fc40c991f65d
0xfe,0xed,
\376\355
artifact_prefix='/tmp/bugrun/jxpath_19.SEnoOn/'; Test unit written to /tmp/bugrun/jxpath_19.SEnoOn/crash-c03c3a6be97500ee17d34de7756cce476d9feeaf
Base64: /u0=
Done 81 runs in 0 second(s)
DEDUP_TOKEN: 06bfe63e75bf90e2
[ERROR] Tests run: 2, Failures: 0, Errors: 1, Skipped: 0, Time elapsed: 5.636 s <<< FAILURE! -- in com.example.algorithm2.Algorithm2Test
[ERROR] com.example.algorithm2.Algorithm2Test.testParameterizedFuzzer(FuzzedDataProvider)[2] -- Time elapsed: 0.515 s <<< ERROR!
org.apache.commons.jxpath.JXPathException: Cannot find an element by key - no KeyManager has been specified
	at org.apache.commons.jxpath.JXPathContext.getPointerByKey(JXPathContext.java:863)
	at java.base/jdk.internal.reflect.NativeMethodAccessorImpl.invoke0(Native Method)
	at java.base/jdk.internal.reflect.NativeMethodAccessorImpl.invoke(NativeMethodAccessorImpl.java:62)
	at java.base/jdk.internal.reflect.DelegatingMethodAccessorImpl.invoke(DelegatingMethodAccessorImpl.java:43)
	at java.base/java.lang.reflect.Method.invoke(Method.java:566)
	at com.example.algorithm2.Algorithm2Test.testParameterizedFuzzer(Algorithm2Test.java:226)

[INFO] 
[INFO] Results:
[INFO] 
[ERROR] Errors: 
[ERROR]   Algorithm2Test.testParameterizedFuzzer:226 » JXPath Cannot find an element by key - no KeyManager has been specified
[INFO] 
[ERROR] Tests run: 2, Failures: 0, Errors: 1, Skipped: 0
[INFO] 
[ERROR] 

Please refer to /tmp/bugrun/jxpath_19.SEnoOn/target/surefire-reports for the individual test results.
Please refer to dump files (if any exist) [date].dump, [date]-jvmRun[N].dump and [date].dumpstream.
[INFO] 
[INFO] --- jacoco:0.8.11:report (default-cli) @ AlgorithmName2 ---
[INFO] Loading execution data file /tmp/bugrun/jxpath_19.SEnoOn/target/jacoco.exec
[INFO] Analyzed bundle 'AlgorithmName2' with 163 classes
[INFO] ------------------------------------------------------------------------
[INFO] BUILD SUCCESS
[INFO] ------------------------------------------------------------------------
[INFO] Total time:  20.673 s
[INFO] Finished at: 2026-10-06T04:43:59+07:00
[INFO] ------------------------------------------------------------------------
