[INFO] Scanning for projects...
[INFO] 
[INFO] ---------------------< com.example:AlgorithmName2 >---------------------
[INFO] Building AlgorithmName2 1.0-SNAPSHOT
[INFO]   from pom.xml
[INFO] --------------------------------[ jar ]---------------------------------
[INFO] 
[INFO] --- jacoco:0.8.11:prepare-agent (default) @ AlgorithmName2 ---
[INFO] argLine set to -javaagent:/home/kanyaphak673380391-3/.m2/repository/org/jacoco/org.jacoco.agent/0.8.11/org.jacoco.agent-0.8.11-runtime.jar=destfile=/tmp/bugrun/lang_43.FaUalT/target/jacoco.exec
[INFO] 
[INFO] --- resources:3.4.0:resources (default-resources) @ AlgorithmName2 ---
[INFO] Copying 1 resource from src/main/resources to target/classes
[INFO] 
[INFO] --- compiler:3.15.0:compile (default-compile) @ AlgorithmName2 ---
[INFO] Recompiling the module because of changed source code.
[INFO] Compiling 1 source file with javac [debug target 1.8] to target/classes
[WARNING] bootstrap class path not set in conjunction with -source 8
[INFO] 
[INFO] --- dependency:3.6.0:unpack-dependencies (unpack-defects4j) @ AlgorithmName2 ---
[INFO] 
[INFO] --- resources:3.4.0:testResources (default-testResources) @ AlgorithmName2 ---
[INFO] skip non existing resourceDirectory /tmp/bugrun/lang_43.FaUalT/src/test/resources
[INFO] 
[INFO] --- compiler:3.15.0:testCompile (default-testCompile) @ AlgorithmName2 ---
[INFO] Recompiling the module because of changed dependency.
[INFO] Compiling 1 source file with javac [debug target 1.8] to target/test-classes
[WARNING] bootstrap class path not set in conjunction with -source 8
[INFO] 
[INFO] --- surefire:3.1.2:test (default-cli) @ AlgorithmName2 ---
[INFO] Using auto detected provider org.apache.maven.surefire.junitplatform.JUnitPlatformProvider
[INFO] 
[INFO] -------------------------------------------------------
[INFO]  T E S T S
[INFO] -------------------------------------------------------
[INFO] Running com.example.algorithm2.Algorithm2Test
OpenJDK 64-Bit Server VM warning: Sharing is only supported for boot loader classes because bootstrap classpath has been appended
INFO: Loaded 288 hooks from com.code_intelligence.jazzer.runtime.TraceCmpHooks
INFO: Loaded 5 hooks from com.code_intelligence.jazzer.runtime.TraceDivHooks
INFO: Loaded 2 hooks from com.code_intelligence.jazzer.runtime.TraceIndirHooks
INFO: Loaded 4 hooks from com.code_intelligence.jazzer.runtime.NativeLibHooks
INFO: Loaded 2 hooks from com.code_intelligence.jazzer.sanitizers.ClojureLangHooks
INFO: Loaded 5 hooks from com.code_intelligence.jazzer.sanitizers.Deserialization
INFO: Loaded 5 hooks from com.code_intelligence.jazzer.sanitizers.ExpressionLanguageInjection
INFO: Loaded 70 hooks from com.code_intelligence.jazzer.sanitizers.LdapInjection
INFO: Loaded 46 hooks from com.code_intelligence.jazzer.sanitizers.NamingContextLookup
INFO: Loaded 1 hooks from com.code_intelligence.jazzer.sanitizers.OsCommandInjection
INFO: Loaded 52 hooks from com.code_intelligence.jazzer.sanitizers.ReflectiveCall
INFO: Loaded 8 hooks from com.code_intelligence.jazzer.sanitizers.RegexInjection
INFO: Loaded 16 hooks from com.code_intelligence.jazzer.sanitizers.RegexRoadblocks
INFO: Loaded 18 hooks from com.code_intelligence.jazzer.sanitizers.ScriptEngineInjection
INFO: Loaded 2 hooks from com.code_intelligence.jazzer.sanitizers.ServerSideRequestForgery
INFO: Loaded 19 hooks from com.code_intelligence.jazzer.sanitizers.SqlInjection
INFO: Loaded 6 hooks from com.code_intelligence.jazzer.sanitizers.XPathInjection
INFO: Instrumented com.example.algorithm2.Algorithm2Test$Skip (took 424 ms, size +44%)
INFO: Instrumented com.example.algorithm2.Algorithm2Test (took 239 ms, size +27%)
INFO: New number of coverage counters: 1024
INFO: New number of coverage counters: 2048
INFO: Instrumented org.apache.commons.lang.StringUtils (took 585 ms, size +32%)
[harness] Fallback target loaded: org.apache.commons.lang.StringUtils (original was org.apache.commons.lang3.StringUtils)
[harness] target=org.apache.commons.lang.StringUtils factories=1 methods=155
INFO: Instrumented org.apache.commons.lang.StringEscapeUtils (took 77 ms, size +20%)
INFO: Instrumented org.apache.commons.lang.UnhandledException (took 9 ms, size +40%)
INFO: Instrumented org.apache.commons.lang.exception.NestableRuntimeException (took 55 ms, size +22%)
INFO: Instrumented org.apache.commons.lang.exception.Nestable (took 1 ms, size +0%)
INFO: found LLVMFuzzerCustomMutator (0x7a934dba1cd0). Disabling -len_control by default.
INFO: Running with entropic power schedule (0xFF, 100).
INFO: Seed: 2667324615
INFO: Loaded 3 modules   (2048 inline 8-bit counters): 512 [0x7a9404b870e0, 0x7a9404b872e0), 512 [0x7a9404b872e0, 0x7a9404b874e0), 1024 [0x7a9404b874e0, 0x7a9404b878e0), 
INFO: Loaded 3 PC tables (2048 PCs): 512 [0x7a940447fc80,0x7a9404481c80), 512 [0x7a9404472b20,0x7a9404474b20), 1024 [0x7a9404647be0,0x7a940464bbe0), 
INFO:        0 files found in /tmp/bugrun/lang_43.FaUalT/.cifuzz-corpus/com.example.algorithm2.Algorithm2Test/testParameterizedFuzzer
INFO:        0 files found in /tmp/jazzer-java-seeds8841579572226840155
INFO: -max_len is not provided; libFuzzer will not generate inputs larger than 4096 bytes
INFO: A corpus is not provided, starting from an empty corpus
#2	INITED cov: 42 ft: 42 corp: 1/1b exec/s: 0 rss: 939Mb
#3	NEW    cov: 44 ft: 44 corp: 2/2b lim: 4 exec/s: 0 rss: 939Mb L: 1/1 MS: 2 ChangeByte-Custom-
#8	NEW    cov: 49 ft: 49 corp: 3/4b lim: 4 exec/s: 0 rss: 940Mb L: 2/2 MS: 10 InsertByte-Custom-EraseBytes-Custom-InsertByte-Custom-ChangeByte-Custom-ChangeByte-Custom-
INFO: using inputs from: /tmp/bugrun/lang_43.FaUalT/.cifuzz-corpus/com.example.algorithm2.Algorithm2Test/testParameterizedFuzzer
INFO: using inputs from: /tmp/jazzer-java-seeds8841579572226840155
INFO: New number of coverage counters: 4096
#11	NEW    cov: 55 ft: 55 corp: 4/5b lim: 4 exec/s: 0 rss: 1018Mb L: 1/2 MS: 6 CrossOver-Custom-EraseBytes-Custom-ChangeByte-Custom-
#12	NEW    cov: 64 ft: 66 corp: 5/6b lim: 4 exec/s: 0 rss: 1018Mb L: 1/2 MS: 2 EraseBytes-Custom-
#13	NEW    cov: 69 ft: 71 corp: 6/7b lim: 4 exec/s: 0 rss: 1018Mb L: 1/2 MS: 2 ChangeBit-Custom-
#18	NEW    cov: 70 ft: 72 corp: 7/9b lim: 4 exec/s: 0 rss: 1018Mb L: 2/2 MS: 10 ShuffleBytes-Custom-ChangeByte-Custom-CopyPart-Custom-EraseBytes-Custom-ShuffleBytes-Custom-
#21	NEW    cov: 72 ft: 74 corp: 8/10b lim: 4 exec/s: 0 rss: 1018Mb L: 1/2 MS: 6 CopyPart-Custom-EraseBytes-Custom-ChangeBit-Custom-
#25	NEW    cov: 76 ft: 78 corp: 9/12b lim: 4 exec/s: 0 rss: 1018Mb L: 2/2 MS: 8 ChangeBit-Custom-CrossOver-Custom-InsertByte-Custom-ChangeByte-Custom-
#26	NEW    cov: 79 ft: 81 corp: 10/14b lim: 4 exec/s: 0 rss: 1018Mb L: 2/2 MS: 2 ChangeByte-Custom-
#28	NEW    cov: 81 ft: 83 corp: 11/16b lim: 4 exec/s: 0 rss: 1018Mb L: 2/2 MS: 4 ChangeBinInt-Custom-ShuffleBytes-Custom-
#34	NEW    cov: 84 ft: 86 corp: 12/19b lim: 4 exec/s: 0 rss: 1018Mb L: 3/3 MS: 2 CrossOver-Custom-
#35	REDUCE cov: 84 ft: 86 corp: 12/18b lim: 4 exec/s: 0 rss: 1018Mb L: 1/3 MS: 2 EraseBytes-Custom-
#37	NEW    cov: 91 ft: 93 corp: 13/20b lim: 4 exec/s: 0 rss: 1018Mb L: 2/3 MS: 4 CopyPart-Custom-ChangeBinInt-Custom-
#40	NEW    cov: 94 ft: 96 corp: 14/22b lim: 4 exec/s: 0 rss: 1018Mb L: 2/3 MS: 6 CopyPart-Custom-ShuffleBytes-Custom-ChangeByte-Custom-
#41	REDUCE cov: 96 ft: 98 corp: 15/23b lim: 4 exec/s: 0 rss: 1018Mb L: 1/3 MS: 2 ChangeByte-Custom-
#42	NEW    cov: 113 ft: 115 corp: 16/25b lim: 4 exec/s: 0 rss: 1025Mb L: 2/3 MS: 2 InsertByte-Custom-
#48	NEW    cov: 117 ft: 119 corp: 17/26b lim: 4 exec/s: 0 rss: 1025Mb L: 1/3 MS: 2 ChangeBinInt-Custom-
#49	NEW    cov: 119 ft: 121 corp: 18/29b lim: 4 exec/s: 0 rss: 1025Mb L: 3/3 MS: 2 CopyPart-Custom-
#56	NEW    cov: 127 ft: 131 corp: 19/32b lim: 4 exec/s: 0 rss: 1025Mb L: 3/3 MS: 4 ChangeByte-Custom-CrossOver-Custom-
#59	NEW    cov: 129 ft: 133 corp: 20/34b lim: 4 exec/s: 0 rss: 1025Mb L: 2/3 MS: 6 CopyPart-Custom-ShuffleBytes-Custom-InsertByte-Custom-
#60	NEW    cov: 131 ft: 135 corp: 21/35b lim: 4 exec/s: 0 rss: 1025Mb L: 1/3 MS: 2 ChangeBinInt-Custom-
#62	NEW    cov: 134 ft: 138 corp: 22/38b lim: 4 exec/s: 0 rss: 1026Mb L: 3/3 MS: 4 InsertByte-Custom-InsertByte-Custom-
#64	REDUCE cov: 136 ft: 140 corp: 23/39b lim: 4 exec/s: 0 rss: 1026Mb L: 1/3 MS: 4 ChangeBit-Custom-ChangeBit-Custom-
#65	NEW    cov: 138 ft: 142 corp: 24/40b lim: 4 exec/s: 0 rss: 1026Mb L: 1/3 MS: 2 ChangeByte-Custom-
#66	NEW    cov: 148 ft: 152 corp: 25/43b lim: 4 exec/s: 0 rss: 1026Mb L: 3/3 MS: 2 CopyPart-Custom-
#69	REDUCE cov: 151 ft: 155 corp: 26/45b lim: 4 exec/s: 0 rss: 1026Mb L: 2/3 MS: 6 ChangeBit-Custom-CrossOver-Custom-ChangeBit-Custom-
#75	NEW    cov: 153 ft: 157 corp: 27/46b lim: 4 exec/s: 0 rss: 1026Mb L: 1/3 MS: 2 ChangeBit-Custom-
#76	NEW    cov: 157 ft: 161 corp: 28/49b lim: 4 exec/s: 0 rss: 1026Mb L: 3/3 MS: 2 InsertByte-Custom-
#79	NEW    cov: 158 ft: 162 corp: 29/51b lim: 4 exec/s: 0 rss: 1026Mb L: 2/3 MS: 6 InsertByte-Custom-ShuffleBytes-Custom-ChangeByte-Custom-
#82	NEW    cov: 165 ft: 169 corp: 30/54b lim: 4 exec/s: 0 rss: 1026Mb L: 3/3 MS: 6 ShuffleBytes-Custom-CrossOver-Custom-CopyPart-Custom-
#83	NEW    cov: 168 ft: 172 corp: 31/55b lim: 4 exec/s: 0 rss: 1026Mb L: 1/3 MS: 2 ChangeBit-Custom-
#84	NEW    cov: 171 ft: 175 corp: 32/56b lim: 4 exec/s: 0 rss: 1026Mb L: 1/3 MS: 2 ChangeBit-Custom-
#85	NEW    cov: 185 ft: 189 corp: 33/59b lim: 4 exec/s: 0 rss: 1026Mb L: 3/3 MS: 2 CrossOver-Custom-
#86	NEW    cov: 191 ft: 205 corp: 34/62b lim: 4 exec/s: 0 rss: 1026Mb L: 3/3 MS: 2 ChangeBinInt-Custom-
#89	NEW    cov: 191 ft: 206 corp: 35/64b lim: 4 exec/s: 0 rss: 1026Mb L: 2/3 MS: 6 CopyPart-Custom-ChangeBit-Custom-CrossOver-Custom-
#90	NEW    cov: 193 ft: 208 corp: 36/65b lim: 4 exec/s: 0 rss: 1026Mb L: 1/3 MS: 2 ChangeByte-Custom-
#93	NEW    cov: 196 ft: 213 corp: 37/68b lim: 4 exec/s: 0 rss: 1026Mb L: 3/3 MS: 6 InsertByte-Custom-EraseBytes-Custom-ShuffleBytes-Custom-
#94	NEW    cov: 201 ft: 218 corp: 38/69b lim: 4 exec/s: 0 rss: 1026Mb L: 1/3 MS: 2 ChangeBit-Custom-
INFO: Instrumented org.apache.commons.lang.ArrayUtils (took 238 ms, size +21%)
#95	NEW    cov: 201 ft: 220 corp: 39/72b lim: 4 exec/s: 0 rss: 1026Mb L: 3/3 MS: 2 ChangeBit-Custom-
INFO: #97	NEW    cov: 204 ft: 223 corp: 40/73b lim: 4 exec/s: 0 rss: 1026Mb L: 1/3 MS: 4 ChangeBit-Custom-EraseBytes-Custom-
#98	NEW    cov: 205 ft: 224 corp: 41/74b lim: 4 exec/s: 0 rss: 1026Mb L: 1/3 MS: 2 ChangeBit-Custom-
Instrumented org.apache.commons.lang.ObjectUtils (took 26 ms, size +26%)
INFO: Instrumented org.apache.commons.lang.ObjectUtils$Null (took 13 ms, size +43%)
#99	NEW    cov: 207 ft: 232 corp: 42/76b lim: 4 exec/s: 0 rss: 1026Mb L: 2/3 MS: 2 EraseBytes-Custom-
#100	NEW    cov: 210 ft: 235 corp: 43/79b lim: 4 exec/s: 0 rss: 1026Mb L: 3/3 MS: 2 ChangeBinInt-Custom-
#105	NEW    cov: 212 ft: 237 corp: 44/81b lim: 4 exec/s: 0 rss: 1026Mb L: 2/3 MS: 10 InsertByte-Custom-EraseBytes-Custom-ChangeBit-Custom-ChangeBit-Custom-ChangeBinInt-Custom-
#107	NEW    cov: 214 ft: 239 corp: 45/85b lim: 4 exec/s: 0 rss: 1026Mb L: 4/4 MS: 4 CrossOver-Custom-CrossOver-Custom-
#108	NEW    cov: 217 ft: 242 corp: 46/86b lim: 4 exec/s: 0 rss: 1026Mb L: 1/4 MS: 2 ChangeBit-Custom-
#112	NEW    cov: 219 ft: 246 corp: 47/90b lim: 4 exec/s: 0 rss: 1026Mb L: 4/4 MS: 8 CopyPart-Custom-ChangeBinInt-Custom-ChangeBit-Custom-CopyPart-Custom-
#113	NEW    cov: 221 ft: 248 corp: 48/91b lim: 4 exec/s: 0 rss: 1026Mb L: 1/4 MS: 2 ChangeBit-Custom-
#121	NEW    cov: 221 ft: 249 corp: 49/95b lim: 4 exec/s: 0 rss: 1026Mb L: 4/4 MS: 6 ChangeBit-Custom-ShuffleBytes-Custom-CrossOver-Custom-
#126	NEW    cov: 222 ft: 250 corp: 50/99b lim: 4 exec/s: 0 rss: 1026Mb L: 4/4 MS: 10 CrossOver-Custom-ChangeBit-Custom-ChangeBit-Custom-CrossOver-Custom-CopyPart-Custom-
#133	NEW    cov: 225 ft: 253 corp: 51/102b lim: 4 exec/s: 0 rss: 1026Mb L: 3/4 MS: 4 CopyPart-Custom-ChangeByte-Custom-
#134	NEW    cov: 226 ft: 254 corp: 52/103b lim: 4 exec/s: 0 rss: 1026Mb L: 1/4 MS: 2 CrossOver-Custom-
#141	NEW    cov: 229 ft: 257 corp: 53/104b lim: 4 exec/s: 0 rss: 1026Mb L: 1/4 MS: 4 EraseBytes-Custom-EraseBytes-Custom-
#151	NEW    cov: 233 ft: 261 corp: 54/107b lim: 4 exec/s: 0 rss: 1026Mb L: 3/4 MS: 10 ShuffleBytes-Custom-ShuffleBytes-Custom-CopyPart-Custom-InsertByte-Custom-CopyPart-Custom-
#163	NEW    cov: 235 ft: 263 corp: 55/110b lim: 4 exec/s: 0 rss: 1026Mb L: 3/4 MS: 4 CMP-Custom-ShuffleBytes-Custom- DE: "\243\000"-
#169	NEW    cov: 238 ft: 266 corp: 56/113b lim: 4 exec/s: 0 rss: 1026Mb L: 3/4 MS: 2 InsertByte-Custom-
#172	NEW    cov: 241 ft: 269 corp: 57/116b lim: 4 exec/s: 0 rss: 1026Mb L: 3/4 MS: 6 InsertByte-Custom-ShuffleBytes-Custom-ChangeByte-Custom-
#174	NEW    cov: 244 ft: 272 corp: 58/117b lim: 4 exec/s: 0 rss: 1026Mb L: 1/4 MS: 4 ShuffleBytes-Custom-ChangeByte-Custom-
#180	NEW    cov: 257 ft: 285 corp: 59/118b lim: 4 exec/s: 0 rss: 1026Mb L: 1/4 MS: 2 ChangeBit-Custom-
#181	NEW    cov: 263 ft: 295 corp: 60/119b lim: 4 exec/s: 0 rss: 1026Mb L: 1/4 MS: 2 ChangeByte-Custom-
#182	NEW    cov: 265 ft: 297 corp: 61/122b lim: 4 exec/s: 0 rss: 1026Mb L: 3/4 MS: 2 PersAutoDict-Custom- DE: "\243\000"-
#184	NEW    cov: 268 ft: 300 corp: 62/124b lim: 4 exec/s: 0 rss: 1026Mb L: 2/4 MS: 4 ChangeByte-Custom-ChangeBit-Custom-
#185	NEW    cov: 269 ft: 301 corp: 63/126b lim: 4 exec/s: 0 rss: 1026Mb L: 2/4 MS: 2 ChangeByte-Custom-
#186	NEW    cov: 271 ft: 303 corp: 64/128b lim: 4 exec/s: 0 rss: 1026Mb L: 2/4 MS: 2 InsertByte-Custom-
#188	NEW    cov: 271 ft: 305 corp: 65/131b lim: 4 exec/s: 0 rss: 1026Mb L: 3/4 MS: 4 CopyPart-Custom-InsertByte-Custom-
#189	NEW    cov: 275 ft: 309 corp: 66/133b lim: 4 exec/s: 0 rss: 1026Mb L: 2/4 MS: 2 InsertByte-Custom-
#196	NEW    cov: 279 ft: 313 corp: 67/136b lim: 4 exec/s: 0 rss: 1026Mb L: 3/4 MS: 4 ChangeBinInt-Custom-ChangeByte-Custom-
#198	NEW    cov: 285 ft: 319 corp: 68/137b lim: 4 exec/s: 0 rss: 1029Mb L: 1/4 MS: 4 EraseBytes-Custom-EraseBytes-Custom-
#201	NEW    cov: 288 ft: 322 corp: 69/139b lim: 4 exec/s: 0 rss: 1029Mb L: 2/4 MS: 6 CopyPart-Custom-PersAutoDict-Custom-EraseBytes-Custom- DE: "\243\000"-
#207	NEW    cov: 288 ft: 325 corp: 70/142b lim: 4 exec/s: 0 rss: 1029Mb L: 3/4 MS: 2 ChangeBinInt-Custom-
#210	NEW    cov: 290 ft: 327 corp: 71/145b lim: 4 exec/s: 0 rss: 1029Mb L: 3/4 MS: 6 CopyPart-Custom-EraseBytes-Custom-CrossOver-Custom-
#213	NEW    cov: 291 ft: 328 corp: 72/148b lim: 4 exec/s: 0 rss: 1029Mb L: 3/4 MS: 6 ShuffleBytes-Custom-ChangeByte-Custom-PersAutoDict-Custom- DE: "\243\000"-
INFO: #224	NEW    cov: 291 ft: 330 corp: 73/152b lim: 4 exec/s: 0 rss: 1029Mb L: 4/4 MS: 2 CopyPart-Custom-
Instrumented org.apache.commons.lang.CharSetUtils (took 24 ms, size +34%)
#232	NEW    cov: 370 ft: 413 corp: 74/155b lim: 4 exec/s: 0 rss: 1029Mb L: 3/4 MS: 6 CopyPart-Custom-CopyPart-Custom-InsertByte-Custom-
#244	NEW    cov: 372 ft: 415 corp: 75/157b lim: 4 exec/s: 0 rss: 1029Mb L: 2/4 MS: 4 CopyPart-Custom-ChangeByte-Custom-
#247	NEW    cov: 380 ft: 423 corp: 76/161b lim: 4 exec/s: 0 rss: 1029Mb L: 4/4 MS: 6 PersAutoDict-Custom-CrossOver-Custom-ChangeBinInt-Custom- DE: "\243\000"-
INFO: #249	NEW    cov: 387 ft: 430 corp: 77/164b lim: 4 exec/s: 0 rss: 1029Mb L: 3/4 MS: 4 ChangeBit-Custom-ChangeByte-Custom-
Instrumented org.apache.commons.lang.CharSet (took 16 ms, size +28%)
INFO: Instrumented org.apache.commons.lang.CharRange (took 11 ms, size +34%)
#251	NEW    cov: 388 ft: 431 corp: 78/168b lim: 4 exec/s: 0 rss: 1029Mb L: 4/4 MS: 4 InsertByte-Custom-InsertByte-Custom-
#253	NEW    cov: 390 ft: 433 corp: 79/170b lim: 4 exec/s: 0 rss: 1029Mb L: 2/4 MS: 4 PersAutoDict-Custom-ChangeBit-Custom- DE: "\243\000"-
#260	NEW    cov: 397 ft: 440 corp: 80/172b lim: 4 exec/s: 0 rss: 1029Mb L: 2/4 MS: 4 PersAutoDict-Custom-ChangeBit-Custom- DE: "\243\000"-
#270	NEW    cov: 398 ft: 441 corp: 81/174b lim: 4 exec/s: 0 rss: 1029Mb L: 2/4 MS: 10 ChangeBit-Custom-ChangeASCIIInt-Custom-ShuffleBytes-Custom-ShuffleBytes-Custom-CopyPart-Custom-
#279	NEW    cov: 400 ft: 443 corp: 82/178b lim: 4 exec/s: 0 rss: 1029Mb L: 4/4 MS: 8 EraseBytes-Custom-InsertByte-Custom-CopyPart-Custom-PersAutoDict-Custom- DE: "\243\000"-
#287	NEW    cov: 401 ft: 444 corp: 83/181b lim: 4 exec/s: 0 rss: 1029Mb L: 3/4 MS: 6 ChangeBit-Custom-ShuffleBytes-Custom-ChangeByte-Custom-
#291	NEW    cov: 406 ft: 449 corp: 84/185b lim: 4 exec/s: 0 rss: 1029Mb L: 4/4 MS: 8 ChangeBinInt-Custom-CrossOver-Custom-ChangeByte-Custom-ChangeByte-Custom-
#296	NEW    cov: 406 ft: 450 corp: 85/186b lim: 4 exec/s: 0 rss: 1029Mb L: 1/4 MS: 10 ChangeBit-Custom-CopyPart-Custom-ShuffleBytes-Custom-EraseBytes-Custom-CrossOver-Custom-
#303	NEW    cov: 408 ft: 452 corp: 86/189b lim: 4 exec/s: 0 rss: 1029Mb L: 3/4 MS: 4 PersAutoDict-Custom-ChangeBit-Custom- DE: "\243\000"-
#308	NEW    cov: 410 ft: 454 corp: 87/192b lim: 4 exec/s: 0 rss: 1029Mb L: 3/4 MS: 10 CrossOver-Custom-InsertByte-Custom-ChangeBit-Custom-ShuffleBytes-Custom-CopyPart-Custom-
#320	NEW    cov: 410 ft: 456 corp: 88/196b lim: 4 exec/s: 0 rss: 1029Mb L: 4/4 MS: 4 CopyPart-Custom-ChangeByte-Custom-
#332	NEW    cov: 413 ft: 459 corp: 89/198b lim: 4 exec/s: 0 rss: 1029Mb L: 2/4 MS: 4 ChangeByte-Custom-ChangeBinInt-Custom-
#334	NEW    cov: 415 ft: 462 corp: 90/201b lim: 4 exec/s: 0 rss: 1029Mb L: 3/4 MS: 4 ChangeBit-Custom-ChangeByte-Custom-
#342	NEW    cov: 417 ft: 464 corp: 91/203b lim: 4 exec/s: 0 rss: 1029Mb L: 2/4 MS: 6 InsertByte-Custom-PersAutoDict-Custom-ChangeBit-Custom- DE: "\243\000"-
#353	NEW    cov: 420 ft: 467 corp: 92/204b lim: 4 exec/s: 0 rss: 1029Mb L: 1/4 MS: 2 ChangeBit-Custom-
#364	NEW    cov: 420 ft: 482 corp: 93/207b lim: 4 exec/s: 0 rss: 1029Mb L: 3/4 MS: 2 PersAutoDict-Custom- DE: "\243\000"-
#366	NEW    cov: 422 ft: 484 corp: 94/208b lim: 4 exec/s: 0 rss: 1029Mb L: 1/4 MS: 4 ShuffleBytes-Custom-ChangeBit-Custom-
#372	NEW    cov: 426 ft: 488 corp: 95/210b lim: 4 exec/s: 0 rss: 1029Mb L: 2/4 MS: 2 ChangeBit-Custom-
#386	NEW    cov: 427 ft: 489 corp: 96/214b lim: 4 exec/s: 0 rss: 1029Mb L: 4/4 MS: 8 CopyPart-Custom-PersAutoDict-Custom-ChangeByte-Custom-ChangeByte-Custom- DE: "\243\000"-
#389	NEW    cov: 430 ft: 492 corp: 97/215b lim: 4 exec/s: 0 rss: 1029Mb L: 1/4 MS: 6 CrossOver-Custom-ChangeByte-Custom-ChangeByte-Custom-
#404	NEW    cov: 438 ft: 500 corp: 98/219b lim: 4 exec/s: 0 rss: 1029Mb L: 4/4 MS: 10 InsertByte-Custom-CMP-Custom-CrossOver-Custom-EraseBytes-Custom-InsertByte-Custom- DE: "&\000\000\000"-
#413	NEW    cov: 445 ft: 507 corp: 99/223b lim: 4 exec/s: 0 rss: 1029Mb L: 4/4 MS: 8 CrossOver-Custom-EraseBytes-Custom-CopyPart-Custom-ChangeBit-Custom-
#423	NEW    cov: 447 ft: 509 corp: 100/225b lim: 4 exec/s: 0 rss: 1029Mb L: 2/4 MS: 10 PersAutoDict-Custom-ChangeBit-Custom-ShuffleBytes-Custom-CrossOver-Custom-ChangeBit-Custom- DE: "\243\000"-
#426	NEW    cov: 447 ft: 512 corp: 101/227b lim: 4 exec/s: 0 rss: 1029Mb L: 2/4 MS: 6 ShuffleBytes-Custom-EraseBytes-Custom-ChangeByte-Custom-
#430	NEW    cov: 451 ft: 516 corp: 102/230b lim: 4 exec/s: 0 rss: 1029Mb L: 3/4 MS: 8 ShuffleBytes-Custom-PersAutoDict-Custom-ChangeBinInt-Custom-ShuffleBytes-Custom- DE: "\243\000"-
#436	REDUCE cov: 451 ft: 516 corp: 102/229b lim: 4 exec/s: 0 rss: 1029Mb L: 1/4 MS: 2 EraseBytes-Custom-
#437	NEW    cov: 454 ft: 520 corp: 103/233b lim: 4 exec/s: 0 rss: 1029Mb L: 4/4 MS: 2 ChangeBit-Custom-
#440	NEW    cov: 456 ft: 522 corp: 104/234b lim: 4 exec/s: 0 rss: 1029Mb L: 1/4 MS: 6 InsertByte-Custom-ChangeBit-Custom-EraseBytes-Custom-
#441	NEW    cov: 456 ft: 529 corp: 105/236b lim: 4 exec/s: 0 rss: 1029Mb L: 2/4 MS: 2 ChangeBit-Custom-
#466	NEW    cov: 458 ft: 531 corp: 106/238b lim: 4 exec/s: 0 rss: 1029Mb L: 2/4 MS: 10 ChangeBit-Custom-ShuffleBytes-Custom-InsertByte-Custom-CMP-Custom-CopyPart-Custom- DE: "\001\000"-
#476	NEW    cov: 459 ft: 532 corp: 107/239b lim: 4 exec/s: 0 rss: 1029Mb L: 1/4 MS: 10 ShuffleBytes-Custom-ShuffleBytes-Custom-CrossOver-Custom-EraseBytes-Custom-ChangeByte-Custom-
#481	NEW    cov: 461 ft: 534 corp: 108/241b lim: 4 exec/s: 0 rss: 1029Mb L: 2/4 MS: 10 CopyPart-Custom-PersAutoDict-Custom-InsertByte-Custom-EraseBytes-Custom-ChangeBit-Custom- DE: "\243\000"-
#482	NEW    cov: 463 ft: 541 corp: 109/243b lim: 4 exec/s: 0 rss: 1029Mb L: 2/4 MS: 2 CopyPart-Custom-
#512	NEW    cov: 473 ft: 551 corp: 110/247b lim: 4 exec/s: 0 rss: 1030Mb L: 4/4 MS: 10 CrossOver-Custom-ChangeByte-Custom-CrossOver-Custom-PersAutoDict-Custom-CrossOver-Custom- DE: "\243\000"-
#515	NEW    cov: 476 ft: 554 corp: 111/251b lim: 4 exec/s: 0 rss: 1030Mb L: 4/4 MS: 6 CopyPart-Custom-CrossOver-Custom-ChangeByte-Custom-
#518	NEW    cov: 476 ft: 556 corp: 112/254b lim: 4 exec/s: 0 rss: 1030Mb L: 3/4 MS: 6 ShuffleBytes-Custom-ShuffleBytes-Custom-ChangeByte-Custom-
#524	NEW    cov: 478 ft: 558 corp: 113/255b lim: 4 exec/s: 0 rss: 1030Mb L: 1/4 MS: 2 ChangeBit-Custom-
#527	REDUCE cov: 478 ft: 558 corp: 113/254b lim: 4 exec/s: 0 rss: 1030Mb L: 1/4 MS: 6 CopyPart-Custom-ChangeByte-Custom-EraseBytes-Custom-
#538	NEW    cov: 480 ft: 560 corp: 114/256b lim: 4 exec/s: 0 rss: 1030Mb L: 2/4 MS: 2 ChangeBit-Custom-
#539	NEW    cov: 480 ft: 563 corp: 115/260b lim: 4 exec/s: 0 rss: 1030Mb L: 4/4 MS: 2 ShuffleBytes-Custom-
#540	NEW    cov: 482 ft: 565 corp: 116/264b lim: 4 exec/s: 0 rss: 1030Mb L: 4/4 MS: 2 CMP-Custom- DE: "\015\000\000\000"-
#541	NEW    cov: 484 ft: 567 corp: 117/266b lim: 4 exec/s: 0 rss: 1030Mb L: 2/4 MS: 2 EraseBytes-Custom-
#556	NEW    cov: 487 ft: 570 corp: 118/270b lim: 4 exec/s: 0 rss: 1030Mb L: 4/4 MS: 10 CopyPart-Custom-ShuffleBytes-Custom-ShuffleBytes-Custom-CopyPart-Custom-ChangeBinInt-Custom-
#575	NEW    cov: 490 ft: 573 corp: 119/274b lim: 4 exec/s: 0 rss: 1030Mb L: 4/4 MS: 8 CrossOver-Custom-CrossOver-Custom-EraseBytes-Custom-InsertByte-Custom-
#582	NEW    cov: 492 ft: 575 corp: 120/276b lim: 4 exec/s: 0 rss: 1030Mb L: 2/4 MS: 4 InsertByte-Custom-ChangeByte-Custom-
#599	NEW    cov: 494 ft: 577 corp: 121/277b lim: 4 exec/s: 0 rss: 1030Mb L: 1/4 MS: 4 ChangeByte-Custom-ChangeBit-Custom-
#602	NEW    cov: 496 ft: 579 corp: 122/281b lim: 4 exec/s: 0 rss: 1030Mb L: 4/4 MS: 6 PersAutoDict-Custom-CMP-Custom-ChangeBit-Custom- DE: "&\000\000\000"-"\001\000\000\003"-
#605	NEW    cov: 496 ft: 583 corp: 123/285b lim: 4 exec/s: 0 rss: 1030Mb L: 4/4 MS: 6 ShuffleBytes-Custom-InsertByte-Custom-CopyPart-Custom-
#611	NEW    cov: 499 ft: 586 corp: 124/288b lim: 4 exec/s: 0 rss: 1030Mb L: 3/4 MS: 2 ChangeBinInt-Custom-
#623	NEW    cov: 503 ft: 590 corp: 125/290b lim: 4 exec/s: 0 rss: 1030Mb L: 2/4 MS: 4 ChangeByte-Custom-ShuffleBytes-Custom-
#632	NEW    cov: 506 ft: 593 corp: 126/294b lim: 4 exec/s: 0 rss: 1030Mb L: 4/4 MS: 8 CrossOver-Custom-CrossOver-Custom-CopyPart-Custom-ChangeBinInt-Custom-
#644	REDUCE cov: 507 ft: 594 corp: 127/297b lim: 4 exec/s: 0 rss: 1030Mb L: 3/4 MS: 4 InsertByte-Custom-CopyPart-Custom-
#662	NEW    cov: 513 ft: 600 corp: 128/298b lim: 4 exec/s: 0 rss: 1030Mb L: 1/4 MS: 6 EraseBytes-Custom-ChangeByte-Custom-ChangeByte-Custom-DEDUP_TOKEN: f674a4cd5d833ff6

#665	NEW    cov: 514 ft: 601 corp: 129/302b lim: 4 exec/s: 0 rss: 1030Mb L: 4/4 MS: 6 InsertByte-Custom-PersAutoDict-Custom-ChangeBinInt-Custom- DE: "\001\000"-
#677	NEW    cov: 516 ft: 603 corp: 130/304b lim: 4 exec/s: 0 rss: 1030Mb L: 2/4 MS: 4 CopyPart-Custom-ChangeBit-Custom-
#692	NEW    cov: 518 ft: 605 corp: 131/306b lim: 4 exec/s: 0 rss: 1030Mb L: 2/4 MS: 10 CrossOver-Custom-ShuffleBytes-Custom-ShuffleBytes-Custom-InsertByte-Custom-ChangeBinInt-Custom-
#695	NEW    cov: 518 ft: 608 corp: 132/310b lim: 4 exec/s: 0 rss: 1030Mb L: 4/4 MS: 6 PersAutoDict-Custom-CopyPart-Custom-ChangeBinInt-Custom- DE: "\001\000"-
#705	NEW    cov: 521 ft: 611 corp: 133/311b lim: 4 exec/s: 0 rss: 1030Mb L: 1/4 MS: 10 ChangeBit-Custom-CopyPart-Custom-ChangeByte-Custom-ShuffleBytes-Custom-ChangeBit-Custom-
#706	NEW    cov: 522 ft: 612 corp: 134/314b lim: 4 exec/s: 0 rss: 1030Mb L: 3/4 MS: 2 ChangeByte-Custom-
#722	REDUCE cov: 522 ft: 612 corp: 134/313b lim: 4 exec/s: 0 rss: 1030Mb L: 1/4 MS: 2 EraseBytes-Custom-
#726	NEW    cov: 528 ft: 618 corp: 135/316b lim: 4 exec/s: 0 rss: 1030Mb L: 3/4 MS: 8 CrossOver-Custom-ChangeBinInt-Custom-PersAutoDict-Custom-CrossOver-Custom- DE: "\001\000"-
#727	NEW    cov: 532 ft: 622 corp: 136/318b lim: 4 exec/s: 0 rss: 1030Mb L: 2/4 MS: 2 ChangeBinInt-Custom-
#731	NEW    cov: 532 ft: 624 corp: 137/322b lim: 4 exec/s: 0 rss: 1030Mb L: 4/4 MS: 8 EraseBytes-Custom-EraseBytes-Custom-CrossOver-Custom-CrossOver-Custom-
#732	NEW    cov: 534 ft: 626 corp: 138/325b lim: 4 exec/s: 0 rss: 1030Mb L: 3/4 MS: 2 InsertByte-Custom-
#733	REDUCE cov: 535 ft: 627 corp: 139/326b lim: 4 exec/s: 0 rss: 1030Mb L: 1/4 MS: 2 CrossOver-Custom-
#751	NEW    cov: 536 ft: 628 corp: 140/327b lim: 4 exec/s: 0 rss: 1030Mb L: 1/4 MS: 6 CopyPart-Custom-ChangeByte-Custom-ChangeByte-Custom-
#795	NEW    cov: 536 ft: 629 corp: 141/331b lim: 4 exec/s: 0 rss: 1030Mb L: 4/4 MS: 8 ChangeByte-Custom-ChangeByte-Custom-CopyPart-Custom-ChangeBit-Custom-
#804	NEW    cov: 536 ft: 631 corp: 142/335b lim: 4 exec/s: 0 rss: 1030Mb L: 4/4 MS: 8 CrossOver-Custom-InsertByte-Custom-CopyPart-Custom-ShuffleBytes-Custom-
#806	REDUCE cov: 536 ft: 631 corp: 142/334b lim: 4 exec/s: 0 rss: 1030Mb L: 3/4 MS: 4 ChangeBit-Custom-EraseBytes-Custom-
#820	NEW    cov: 539 ft: 634 corp: 143/338b lim: 4 exec/s: 0 rss: 1030Mb L: 4/4 MS: 8 ChangeBinInt-Custom-CrossOver-Custom-ChangeBit-Custom-ChangeBit-Custom-
#851	NEW    cov: 540 ft: 635 corp: 144/341b lim: 4 exec/s: 0 rss: 1030Mb L: 3/4 MS: 2 CopyPart-Custom-
#871	NEW    cov: 541 ft: 636 corp: 145/343b lim: 4 exec/s: 0 rss: 1030Mb L: 2/4 MS: 10 ChangeByte-Custom-ChangeBinInt-Custom-EraseBytes-Custom-ChangeBit-Custom-ChangeBinInt-Custom-
#884	NEW    cov: 544 ft: 639 corp: 146/345b lim: 4 exec/s: 0 rss: 1030Mb L: 2/4 MS: 6 CrossOver-Custom-ChangeBit-Custom-ChangeBinInt-Custom-
#892	NEW    cov: 544 ft: 653 corp: 147/349b lim: 4 exec/s: 0 rss: 1030Mb L: 4/4 MS: 6 EraseBytes-Custom-ChangeBit-Custom-CrossOver-Custom-
#913	NEW    cov: 545 ft: 654 corp: 148/353b lim: 4 exec/s: 0 rss: 1030Mb L: 4/4 MS: 2 CopyPart-Custom-
#936	NEW    cov: 547 ft: 656 corp: 149/356b lim: 4 exec/s: 0 rss: 1030Mb L: 3/4 MS: 6 CopyPart-Custom-EraseBytes-Custom-ChangeBit-Custom-
#957	NEW    cov: 550 ft: 659 corp: 150/357b lim: 4 exec/s: 0 rss: 1031Mb L: 1/4 MS: 2 ChangeBit-Custom-
#962	NEW    cov: 551 ft: 663 corp: 151/361b lim: 4 exec/s: 0 rss: 1031Mb L: 4/4 MS: 10 CopyPart-Custom-ChangeByte-Custom-ShuffleBytes-Custom-ChangeBit-Custom-ChangeBit-Custom-
#963	NEW    cov: 553 ft: 665 corp: 152/364b lim: 4 exec/s: 0 rss: 1031Mb L: 3/4 MS: 2 InsertByte-Custom-
#967	NEW    cov: 555 ft: 667 corp: 153/368b lim: 4 exec/s: 0 rss: 1031Mb L: 4/4 MS: 8 ShuffleBytes-Custom-CopyPart-Custom-CrossOver-Custom-CrossOver-Custom-
#968	NEW    cov: 557 ft: 669 corp: 154/369b lim: 4 exec/s: 0 rss: 1031Mb L: 1/4 MS: 2 ChangeBit-Custom-
MS: 4 ChangeByte-Custom-ChangeByte-Custom-; base unit: f5c3c8e1dbddd13159c9d6acbc91bde112c4b6d7
0x47,0x7e,
G~
artifact_prefix='/tmp/bugrun/lang_43.FaUalT/'; Test unit written to /tmp/bugrun/lang_43.FaUalT/crash-92ba80ae946344fdba90155eaeb9ac44b0c799ac
Base64: R34=
Done 970 runs in 0 second(s)
[ERROR] Tests run: 2, Failures: 0, Errors: 1, Skipped: 0, Time elapsed: 12.90 s <<< FAILURE! -- in com.example.algorithm2.Algorithm2Test
[ERROR] com.example.algorithm2.Algorithm2Test.testParameterizedFuzzer(FuzzedDataProvider)[2] -- Time elapsed: 0.786 s <<< ERROR!
java.lang.IllegalArgumentException: Minimum abbreviation width is 4
	at org.apache.commons.lang.StringUtils.abbreviate(StringUtils.java:5491)
	at org.apache.commons.lang.StringUtils.abbreviate(StringUtils.java:5448)
	at java.base/jdk.internal.reflect.NativeMethodAccessorImpl.invoke0(Native Method)
	at java.base/jdk.internal.reflect.NativeMethodAccessorImpl.invoke(NativeMethodAccessorImpl.java:62)
	at java.base/jdk.internal.reflect.DelegatingMethodAccessorImpl.invoke(DelegatingMethodAccessorImpl.java:43)
	at java.base/java.lang.reflect.Method.invoke(Method.java:566)
	at com.example.algorithm2.Algorithm2Test.testParameterizedFuzzer(Algorithm2Test.java:226)

[INFO] 
[INFO] Results:
[INFO] 
[ERROR] Errors: 
[ERROR]   Algorithm2Test.testParameterizedFuzzer:226 » IllegalArgument Minimum abbreviation width is 4
[INFO] 
[ERROR] Tests run: 2, Failures: 0, Errors: 1, Skipped: 0
[INFO] 
[ERROR] 

Please refer to /tmp/bugrun/lang_43.FaUalT/target/surefire-reports for the individual test results.
Please refer to dump files (if any exist) [date].dump, [date]-jvmRun[N].dump and [date].dumpstream.
[INFO] 
[INFO] --- jacoco:0.8.11:report (default-cli) @ AlgorithmName2 ---
[INFO] Loading execution data file /tmp/bugrun/lang_43.FaUalT/target/jacoco.exec
[INFO] Analyzed bundle 'AlgorithmName2' with 127 classes
[INFO] ------------------------------------------------------------------------
[INFO] BUILD SUCCESS
[INFO] ------------------------------------------------------------------------
[INFO] Total time:  24.596 s
[INFO] Finished at: 2026-10-06T02:09:30+07:00
[INFO] ------------------------------------------------------------------------
