Extract test suite......................................................... OK
Running ant (compile.gen.tests)............................................ FAIL
Executed command:  cd /Users/suphawat/Documents/SQA/defect4j_test/checkouts/JacksonDatabind/JacksonDatabind-88b && ant -f /Users/suphawat/Documents/SQA/defect4j_test/defects4j/framework/projects/defects4j.build.xml -Dd4j.home=/Users/suphawat/Documents/SQA/defect4j_test/defects4j -Dd4j.dir.projects=/Users/suphawat/Documents/SQA/defect4j_test/defects4j/framework/projects -Dbasedir=/Users/suphawat/Documents/SQA/defect4j_test/checkouts/JacksonDatabind/JacksonDatabind-88b -Dd4j.test.dir=/Users/suphawat/Documents/SQA/defect4j_test/checkouts/JacksonDatabind/JacksonDatabind-88b/.test_suite compile.gen.tests 2>&1
Buildfile: /Users/suphawat/Documents/SQA/defect4j_test/defects4j/framework/projects/defects4j.build.xml

test-offline:

get-deps:

jackson-databind-from-maven.compile:
    [javac] /Users/suphawat/Documents/SQA/defect4j_test/checkouts/JacksonDatabind/JacksonDatabind-88b/maven-build.xml:92: warning: 'includeantruntime' was not set, defaulting to build.sysclasspath=last; set to false for repeatable builds

compile:

compile.gen.tests:
     [echo] classes.dir: target/classes
     [echo] build.home: target/classes/..
   [delete] Deleting directory /Users/suphawat/Documents/SQA/defect4j_test/checkouts/JacksonDatabind/JacksonDatabind-88b/.classes_testgen
    [mkdir] Created dir: /Users/suphawat/Documents/SQA/defect4j_test/checkouts/JacksonDatabind/JacksonDatabind-88b/.classes_testgen
    [javac] /Users/suphawat/Documents/SQA/defect4j_test/defects4j/framework/projects/defects4j.build.xml:268: warning: 'includeantruntime' was not set, defaulting to build.sysclasspath=last; set to false for repeatable builds
    [javac] Compiling 3 source files to /Users/suphawat/Documents/SQA/defect4j_test/checkouts/JacksonDatabind/JacksonDatabind-88b/.classes_testgen
    [javac] /Users/suphawat/Documents/SQA/defect4j_test/checkouts/JacksonDatabind/JacksonDatabind-88b/.test_suite/com/fasterxml/jackson/databind/jsontype/GeminiGenericTypeId1735Test.java:20: error: cannot find symbol
    [javac]         ObjectMapper mapper = newObjectMapper();
    [javac]                               ^
    [javac]   symbol:   method newObjectMapper()
    [javac]   location: class GeminiGenericTypeId1735Test
    [javac] Note: /Users/suphawat/Documents/SQA/defect4j_test/checkouts/JacksonDatabind/JacksonDatabind-88b/.test_suite/com/fasterxml/jackson/databind/BaseMapTest.java uses unchecked or unsafe operations.
    [javac] Note: Recompile with -Xlint:unchecked for details.
    [javac] 1 error

BUILD FAILED
/Users/suphawat/Documents/SQA/defect4j_test/defects4j/framework/projects/defects4j.build.xml:268: Compile failed; see the compiler error output for details.

Total time: 0 seconds
Cannot compile extracted test suite! at /Users/suphawat/Documents/SQA/defect4j_test/defects4j/framework/bin/d4j/d4j-coverage line 142.
Compilation failed in require at /Users/suphawat/Documents/SQA/defect4j_test/defects4j/framework/bin/defects4j line 195.
