[INFO] Scanning for projects...
[INFO] 
[INFO] ---------------------< com.example:AlgorithmName2 >---------------------
[INFO] Building AlgorithmName2 1.0-SNAPSHOT
[INFO]   from pom.xml
[INFO] --------------------------------[ jar ]---------------------------------
[INFO] 
[INFO] --- jacoco:0.8.11:prepare-agent (default) @ AlgorithmName2 ---
[INFO] argLine set to -javaagent:/home/kanyaphak673380391-3/.m2/repository/org/jacoco/org.jacoco.agent/0.8.11/org.jacoco.agent-0.8.11-runtime.jar=destfile=/tmp/bugrun/jxpath_2.DoSw2y/target/jacoco.exec
[INFO] 
[INFO] --- resources:3.4.0:resources (default-resources) @ AlgorithmName2 ---
[INFO] Copying 1 resource from src/main/resources to target/classes
[INFO] 
[INFO] --- compiler:3.15.0:compile (default-compile) @ AlgorithmName2 ---
[INFO] Recompiling the module because of changed source code.
[INFO] Compiling 1 source file with javac [debug target 1.8] to target/classes
[WARNING] bootstrap class path not set in conjunction with -source 8
[INFO] 
[INFO] --- dependency:3.6.0:unpack-dependencies (unpack-defects4j) @ AlgorithmName2 ---
[INFO] 
[INFO] --- resources:3.4.0:testResources (default-testResources) @ AlgorithmName2 ---
[INFO] skip non existing resourceDirectory /tmp/bugrun/jxpath_2.DoSw2y/src/test/resources
[INFO] 
[INFO] --- compiler:3.15.0:testCompile (default-testCompile) @ AlgorithmName2 ---
[INFO] Recompiling the module because of changed dependency.
[INFO] Compiling 1 source file with javac [debug target 1.8] to target/test-classes
[WARNING] bootstrap class path not set in conjunction with -source 8
[INFO] 
[INFO] --- surefire:3.1.2:test (default-cli) @ AlgorithmName2 ---
[INFO] Using auto detected provider org.apache.maven.surefire.junitplatform.JUnitPlatformProvider
[INFO] 
[INFO] -------------------------------------------------------
[INFO]  T E S T S
[INFO] -------------------------------------------------------
[INFO] Running com.example.algorithm2.Algorithm2Test
OpenJDK 64-Bit Server VM warning: Sharing is only supported for boot loader classes because bootstrap classpath has been appended
INFO: Loaded 281 hooks from com.code_intelligence.jazzer.runtime.TraceCmpHooks
INFO: Loaded 5 hooks from com.code_intelligence.jazzer.runtime.TraceDivHooks
INFO: Loaded 2 hooks from com.code_intelligence.jazzer.runtime.TraceIndirHooks
INFO: Loaded 4 hooks from com.code_intelligence.jazzer.runtime.NativeLibHooks
INFO: Loaded 2 hooks from com.code_intelligence.jazzer.sanitizers.ClojureLangHooks
INFO: Loaded 5 hooks from com.code_intelligence.jazzer.sanitizers.Deserialization
INFO: Loaded 5 hooks from com.code_intelligence.jazzer.sanitizers.ExpressionLanguageInjection
INFO: Loaded 70 hooks from com.code_intelligence.jazzer.sanitizers.LdapInjection
INFO: Loaded 46 hooks from com.code_intelligence.jazzer.sanitizers.NamingContextLookup
INFO: Loaded 1 hooks from com.code_intelligence.jazzer.sanitizers.OsCommandInjection
INFO: Loaded 52 hooks from com.code_intelligence.jazzer.sanitizers.ReflectiveCall
INFO: Loaded 8 hooks from com.code_intelligence.jazzer.sanitizers.RegexInjection
INFO: Loaded 16 hooks from com.code_intelligence.jazzer.sanitizers.RegexRoadblocks
INFO: Loaded 18 hooks from com.code_intelligence.jazzer.sanitizers.ScriptEngineInjection
INFO: Loaded 2 hooks from com.code_intelligence.jazzer.sanitizers.ServerSideRequestForgery
INFO: Loaded 19 hooks from com.code_intelligence.jazzer.sanitizers.SqlInjection
INFO: Loaded 6 hooks from com.code_intelligence.jazzer.sanitizers.XPathInjection
INFO: Instrumented com.example.algorithm2.Algorithm2Test$Skip (took 305 ms, size +44%)
INFO: Instrumented com.example.algorithm2.Algorithm2Test (took 345 ms, size +27%)
INFO: Instrumented org.apache.commons.jxpath.JXPathContext (took 570 ms, size +13%)
INFO: Instrumented org.apache.commons.jxpath.JXPathException (took 39 ms, size +25%)
INFO: Instrumented org.apache.commons.jxpath.Variables (took 2 ms, size +0%)
INFO: Instrumented org.apache.commons.jxpath.Functions (took 1 ms, size +0%)
INFO: New number of coverage counters: 1024
INFO: Instrumented org.apache.commons.jxpath.PackageFunctions (took 79 ms, size +38%)
INFO: Instrumented org.apache.commons.jxpath.Function (took 1 ms, size +0%)
INFO: Instrumented org.apache.commons.jxpath.CompiledExpression (took 2 ms, size +0%)
INFO: Instrumented org.apache.commons.jxpath.AbstractFactory (took 62 ms, size +34%)
INFO: Instrumented org.apache.commons.jxpath.Pointer (took 1 ms, size +0%)
INFO: Instrumented org.apache.commons.jxpath.KeyManager (took 1 ms, size +0%)
INFO: Instrumented org.apache.commons.jxpath.IdentityManager (took 1 ms, size +0%)
[harness] target=org.apache.commons.jxpath.JXPathContext factories=1 methods=41
INFO: Instrumented org.apache.commons.jxpath.JXPathContextFactory (took 57 ms, size +28%)
INFO: Instrumented org.apache.commons.jxpath.JXPathContextFactoryConfigurationError (took 44 ms, size +30%)
INFO: Instrumented org.apache.commons.jxpath.ri.JXPathContextFactoryReferenceImpl (took 12 ms, size +33%)
INFO: Instrumented org.apache.commons.jxpath.ri.JXPathContextReferenceImpl (took 229 ms, size +13%)
INFO: Instrumented org.apache.commons.jxpath.ri.Compiler (took 2 ms, size +0%)
INFO: Instrumented org.apache.commons.jxpath.JXPathNotFoundException (took 5 ms, size +47%)
INFO: Instrumented org.apache.commons.jxpath.JXPathTypeConversionException (took 28 ms, size +38%)
INFO: Instrumented org.apache.commons.jxpath.JXPathFunctionNotFoundException (took 9 ms, size +45%)
INFO: New number of coverage counters: 2048
INFO: Instrumented org.apache.commons.jxpath.ri.EvalContext (took 145 ms, size +25%)
INFO: Instrumented org.apache.commons.jxpath.ExpressionContext (took 1 ms, size +0%)
INFO: Instrumented org.apache.commons.jxpath.ri.axes.RootContext (took 68 ms, size +17%)
INFO: Instrumented org.apache.commons.jxpath.ri.axes.InitialContext (took 52 ms, size +33%)
INFO: Instrumented org.apache.commons.jxpath.JXPathInvalidSyntaxException (took 9 ms, size +46%)
INFO: Instrumented org.apache.commons.jxpath.ri.model.NodePointer (took 216 ms, size +17%)
INFO: Instrumented org.apache.commons.jxpath.ri.model.VariablePointer (took 107 ms, size +16%)
INFO: Instrumented org.apache.commons.jxpath.ri.compiler.TreeCompiler (took 84 ms, size +12%)
INFO: Instrumented org.apache.commons.jxpath.ri.QName (took 11 ms, size +55%)
INFO: Instrumented org.apache.commons.jxpath.ri.model.beans.CollectionPointerFactory (took 6 ms, size +31%)
INFO: Instrumented org.apache.commons.jxpath.ri.model.NodePointerFactory (took 2 ms, size +0%)
INFO: Instrumented org.apache.commons.jxpath.ri.model.beans.CollectionPointer (took 58 ms, size +15%)
INFO: Instrumented org.apache.commons.jxpath.ri.model.beans.BeanPointerFactory (took 23 ms, size +19%)
INFO: Instrumented org.apache.commons.jxpath.ri.model.beans.NullPointer (took 50 ms, size +17%)
INFO: Instrumented org.apache.commons.jxpath.ri.model.beans.PropertyOwnerPointer (took 33 ms, size +19%)
INFO: Instrumented org.apache.commons.jxpath.ri.model.beans.BeanPointer (took 53 ms, size +28%)
INFO: Instrumented org.apache.commons.jxpath.ri.model.dynamic.DynamicPointerFactory (took 7 ms, size +22%)
INFO: Instrumented org.apache.commons.jxpath.ri.model.dynamic.DynamicPointer (took 16 ms, size +17%)
INFO: Instrumented org.apache.commons.jxpath.ri.model.dom.DOMPointerFactory (took 7 ms, size +31%)
INFO: New number of coverage counters: 4096
INFO: Instrumented org.apache.commons.jxpath.ri.model.dom.DOMNodePointer (took 103 ms, size +26%)
INFO: Instrumented org.apache.commons.jxpath.ri.model.container.ContainerPointerFactory (took 11 ms, size +30%)
INFO: Instrumented org.apache.commons.jxpath.ri.model.container.ContainerPointer (took 46 ms, size +18%)
INFO: Instrumented org.apache.commons.jxpath.ri.JXPathContextReferenceImpl$1 (took 4 ms, size +35%)
INFO: Instrumented org.apache.commons.jxpath.util.ValueUtils (took 50 ms, size +25%)
INFO: Instrumented org.apache.commons.jxpath.Container (took 3 ms, size +0%)
INFO: Instrumented org.apache.commons.jxpath.JXPathIntrospector (took 65 ms, size +36%)
INFO: Instrumented org.apache.commons.jxpath.JXPathBeanInfo (took 1 ms, size +0%)
INFO: Instrumented org.apache.commons.jxpath.JXPathBasicBeanInfo (took 48 ms, size +26%)
INFO: Instrumented org.apache.commons.jxpath.MapDynamicPropertyHandler (took 33 ms, size +35%)
INFO: Instrumented org.apache.commons.jxpath.DynamicPropertyHandler (took 10 ms, size +0%)
INFO: Instrumented org.apache.commons.jxpath.JXPathInvalidAccessException (took 22 ms, size +39%)
INFO: Instrumented org.apache.commons.jxpath.ri.model.NodeIterator (took 6 ms, size +0%)
INFO: Instrumented org.apache.commons.jxpath.ri.model.beans.PropertyPointer (took 35 ms, size +21%)
INFO: Instrumented org.apache.commons.jxpath.ri.model.beans.BeanPropertyPointer (took 64 ms, size +19%)
INFO: Instrumented org.apache.commons.jxpath.ri.NamespaceResolver (took 34 ms, size +28%)
INFO: using inputs from: /tmp/bugrun/jxpath_2.DoSw2y/.cifuzz-corpus/com.example.algorithm2.Algorithm2Test/testParameterizedFuzzer
INFO: using inputs from: /tmp/jazzer-java-seeds6402738609839575757
INFO: found LLVMFuzzerCustomMutator (0x732683b74cd0). Disabling -len_control by default.
INFO: Running with entropic power schedule (0xFF, 100).
INFO: Seed: 1737988065
INFO: Loaded 4 modules   (4096 inline 8-bit counters): 512 [0x7327bcb2a550, 0x7327bcb2a750), 512 [0x7327bcb2a750, 0x7327bcb2a950), 1024 [0x7327bcb2a950, 0x7327bcb2ad50), 2048 [0x7327bcb2ad50, 0x7327bcb2b550), 
INFO: Loaded 4 PC tables (4096 PCs): 512 [0x7327bc656ff0,0x7327bc658ff0), 512 [0x7327bc811ae0,0x7327bc813ae0), 1024 [0x7327bc5c6fe0,0x7327bc5cafe0), 2048 [0x7327bc6b8d80,0x7327bc6c0d80), 
INFO:        0 files found in /tmp/bugrun/jxpath_2.DoSw2y/.cifuzz-corpus/com.example.algorithm2.Algorithm2Test/testParameterizedFuzzer
INFO:        0 files found in /tmp/jazzer-java-seeds6402738609839575757
INFO: -max_len is not provided; libFuzzer will not generate inputs larger than 4096 bytes
INFO: A corpus is not provided, starting from an empty corpus
INFO: Instrumented org.apache.commons.jxpath.ri.Parser (took 53 ms, size +23%)
INFO: Instrumented org.apache.commons.jxpath.ri.parser.TokenMgrError (took 37 ms, size +21%)
INFO: Instrumented org.apache.commons.jxpath.ri.parser.ParseException (took 36 ms, size +22%)
INFO: New number of coverage counters: 8192
INFO: Instrumented org.apache.commons.jxpath.ri.parser.XPathParser (took 650 ms, size +29%)
INFO: Instrumented org.apache.commons.jxpath.ri.parser.XPathParserConstants (took 5 ms, size +9%)
INFO: Instrumented org.apache.commons.jxpath.ri.parser.XPathParser$JJCalls (took 2 ms, size +45%)
INFO: Instrumented org.apache.commons.jxpath.ri.parser.SimpleCharStream (took 69 ms, size +18%)
INFO: Instrumented org.apache.commons.jxpath.ri.parser.XPathParserTokenManager (took 190 ms, size +22%)
INFO: Instrumented org.apache.commons.jxpath.ri.parser.Token (took 8 ms, size +38%)
#2	INITED cov: 330 ft: 330 corp: 1/1b exec/s: 2 rss: 1294Mb
#3	NEW    cov: 334 ft: 372 corp: 2/3b lim: 4 exec/s: 3 rss: 1294Mb L: 2/2 MS: 2 InsertByte-Custom-
#4	NEW    cov: 335 ft: 374 corp: 3/6b lim: 4 exec/s: 4 rss: 1294Mb L: 3/3 MS: 2 InsertByte-Custom-
#5	NEW    cov: 337 ft: 376 corp: 4/8b lim: 4 exec/s: 5 rss: 1294Mb L: 2/3 MS: 2 ShuffleBytes-Custom-
#6	REDUCE cov: 337 ft: 376 corp: 4/7b lim: 4 exec/s: 6 rss: 1294Mb L: 1/3 MS: 2 EraseBytes-Custom-
#7	REDUCE cov: 339 ft: 380 corp: 5/8b lim: 4 exec/s: 7 rss: 1294Mb L: 1/3 MS: 2 ChangeByte-Custom-
MS: 4 ShuffleBytes-Custom-ChangeBit-Custom-; base unit: da4b9237bacccdf19c0760cab7aec4a8359010b0
0xb2,
\262
artifact_prefix='/tmp/bugrun/jxpath_2.DoSw2y/'; Test unit written to /tmp/bugrun/jxpath_2.DoSw2y/crash-ffc54ca808e7666f250133ad0ae2185ad688a826
Base64: sg==
Done 24 runs in 1 second(s)
DEDUP_TOKEN: 3f3619f76a0db026
[ERROR] Tests run: 2, Failures: 0, Errors: 1, Skipped: 0, Time elapsed: 21.27 s <<< FAILURE! -- in com.example.algorithm2.Algorithm2Test
[ERROR] com.example.algorithm2.Algorithm2Test.testParameterizedFuzzer(FuzzedDataProvider)[2] -- Time elapsed: 2.310 s <<< ERROR!
org.apache.commons.jxpath.JXPathException: Cannot find an element by ID - no IdentityManager has been specified
	at org.apache.commons.jxpath.JXPathContext.getPointerByID(JXPathContext.java:773)
	at java.base/jdk.internal.reflect.NativeMethodAccessorImpl.invoke0(Native Method)
	at java.base/jdk.internal.reflect.NativeMethodAccessorImpl.invoke(NativeMethodAccessorImpl.java:62)
	at java.base/jdk.internal.reflect.DelegatingMethodAccessorImpl.invoke(DelegatingMethodAccessorImpl.java:43)
	at java.base/java.lang.reflect.Method.invoke(Method.java:566)
	at com.example.algorithm2.Algorithm2Test.testParameterizedFuzzer(Algorithm2Test.java:226)

[INFO] 
[INFO] Results:
[INFO] 
[ERROR] Errors: 
[ERROR]   Algorithm2Test.testParameterizedFuzzer:226 » JXPath Cannot find an element by ID - no IdentityManager has been specified
[INFO] 
[ERROR] Tests run: 2, Failures: 0, Errors: 1, Skipped: 0
[INFO] 
[ERROR] 

Please refer to /tmp/bugrun/jxpath_2.DoSw2y/target/surefire-reports for the individual test results.
Please refer to dump files (if any exist) [date].dump, [date]-jvmRun[N].dump and [date].dumpstream.
[INFO] 
[INFO] --- jacoco:0.8.11:report (default-cli) @ AlgorithmName2 ---
[INFO] Loading execution data file /tmp/bugrun/jxpath_2.DoSw2y/target/jacoco.exec
[INFO] Analyzed bundle 'AlgorithmName2' with 155 classes
[INFO] ------------------------------------------------------------------------
[INFO] BUILD SUCCESS
[INFO] ------------------------------------------------------------------------
[INFO] Total time:  39.931 s
[INFO] Finished at: 2026-10-06T03:05:40+07:00
[INFO] ------------------------------------------------------------------------
