[INFO] Scanning for projects...
[INFO] 
[INFO] ---------------------< com.example:AlgorithmName2 >---------------------
[INFO] Building AlgorithmName2 1.0-SNAPSHOT
[INFO]   from pom.xml
[INFO] --------------------------------[ jar ]---------------------------------
[INFO] 
[INFO] --- jacoco:0.8.11:prepare-agent (default) @ AlgorithmName2 ---
[INFO] argLine set to -javaagent:/home/kanyaphak673380391-3/.m2/repository/org/jacoco/org.jacoco.agent/0.8.11/org.jacoco.agent-0.8.11-runtime.jar=destfile=/tmp/bugrun/compress_43.aMjIlU/target/jacoco.exec
[INFO] 
[INFO] --- resources:3.4.0:resources (default-resources) @ AlgorithmName2 ---
[INFO] Copying 1 resource from src/main/resources to target/classes
[INFO] 
[INFO] --- compiler:3.15.0:compile (default-compile) @ AlgorithmName2 ---
[INFO] Recompiling the module because of changed source code.
[INFO] Compiling 1 source file with javac [debug target 1.8] to target/classes
[WARNING] bootstrap class path not set in conjunction with -source 8
[INFO] 
[INFO] --- dependency:3.6.0:unpack-dependencies (unpack-defects4j) @ AlgorithmName2 ---
[INFO] 
[INFO] --- resources:3.4.0:testResources (default-testResources) @ AlgorithmName2 ---
[INFO] skip non existing resourceDirectory /tmp/bugrun/compress_43.aMjIlU/src/test/resources
[INFO] 
[INFO] --- compiler:3.15.0:testCompile (default-testCompile) @ AlgorithmName2 ---
[INFO] Recompiling the module because of changed dependency.
[INFO] Compiling 1 source file with javac [debug target 1.8] to target/test-classes
[WARNING] bootstrap class path not set in conjunction with -source 8
[INFO] 
[INFO] --- surefire:3.1.2:test (default-cli) @ AlgorithmName2 ---
[INFO] Using auto detected provider org.apache.maven.surefire.junitplatform.JUnitPlatformProvider
[INFO] 
[INFO] -------------------------------------------------------
[INFO]  T E S T S
[INFO] -------------------------------------------------------
[INFO] Running com.example.algorithm2.Algorithm2Test
OpenJDK 64-Bit Server VM warning: Sharing is only supported for boot loader classes because bootstrap classpath has been appended
INFO: Loaded 281 hooks from com.code_intelligence.jazzer.runtime.TraceCmpHooks
INFO: Loaded 5 hooks from com.code_intelligence.jazzer.runtime.TraceDivHooks
INFO: Loaded 2 hooks from com.code_intelligence.jazzer.runtime.TraceIndirHooks
INFO: Loaded 4 hooks from com.code_intelligence.jazzer.runtime.NativeLibHooks
INFO: Loaded 2 hooks from com.code_intelligence.jazzer.sanitizers.ClojureLangHooks
INFO: Loaded 5 hooks from com.code_intelligence.jazzer.sanitizers.Deserialization
INFO: Loaded 5 hooks from com.code_intelligence.jazzer.sanitizers.ExpressionLanguageInjection
INFO: Loaded 70 hooks from com.code_intelligence.jazzer.sanitizers.LdapInjection
INFO: Loaded 46 hooks from com.code_intelligence.jazzer.sanitizers.NamingContextLookup
INFO: Loaded 1 hooks from com.code_intelligence.jazzer.sanitizers.OsCommandInjection
INFO: Loaded 52 hooks from com.code_intelligence.jazzer.sanitizers.ReflectiveCall
INFO: Loaded 8 hooks from com.code_intelligence.jazzer.sanitizers.RegexInjection
INFO: Loaded 16 hooks from com.code_intelligence.jazzer.sanitizers.RegexRoadblocks
INFO: Loaded 18 hooks from com.code_intelligence.jazzer.sanitizers.ScriptEngineInjection
INFO: Loaded 2 hooks from com.code_intelligence.jazzer.sanitizers.ServerSideRequestForgery
INFO: Loaded 19 hooks from com.code_intelligence.jazzer.sanitizers.SqlInjection
INFO: Loaded 6 hooks from com.code_intelligence.jazzer.sanitizers.XPathInjection
INFO: Instrumented com.example.algorithm2.Algorithm2Test$Skip (took 136 ms, size +44%)
INFO: Instrumented com.example.algorithm2.Algorithm2Test (took 185 ms, size +27%)
INFO: Instrumented org.apache.commons.compress.archivers.ArchiveStreamFactory (took 206 ms, size +24%)
INFO: Instrumented org.apache.commons.compress.archivers.ArchiveStreamProvider (took 3 ms, size +0%)
INFO: New number of coverage counters: 1024
INFO: Instrumented org.apache.commons.compress.archivers.ArchiveInputStream (took 23 ms, size +32%)
INFO: Instrumented org.apache.commons.compress.archivers.ar.ArArchiveInputStream (took 43 ms, size +28%)
INFO: Instrumented org.apache.commons.compress.archivers.arj.ArjArchiveInputStream (took 34 ms, size +17%)
INFO: New number of coverage counters: 2048
INFO: Instrumented org.apache.commons.compress.archivers.zip.ZipArchiveInputStream (took 110 ms, size +17%)
INFO: Instrumented org.apache.commons.compress.archivers.tar.TarArchiveInputStream (took 55 ms, size +27%)
INFO: Instrumented org.apache.commons.compress.archivers.jar.JarArchiveInputStream (took 6 ms, size +25%)
INFO: Instrumented org.apache.commons.compress.archivers.cpio.CpioArchiveInputStream (took 54 ms, size +28%)
INFO: Instrumented org.apache.commons.compress.archivers.cpio.CpioConstants (took 1 ms, size +0%)
INFO: Instrumented org.apache.commons.compress.archivers.dump.DumpArchiveInputStream (took 21 ms, size +24%)
INFO: Instrumented org.apache.commons.compress.archivers.StreamingNotSupportedException (took 4 ms, size +34%)
INFO: Instrumented org.apache.commons.compress.archivers.ArchiveException (took 4 ms, size +39%)
INFO: Instrumented org.apache.commons.compress.archivers.ArchiveOutputStream (took 37 ms, size +28%)
INFO: Instrumented org.apache.commons.compress.archivers.ar.ArArchiveOutputStream (took 29 ms, size +24%)
INFO: New number of coverage counters: 4096
INFO: Instrumented org.apache.commons.compress.archivers.zip.ZipArchiveOutputStream (took 106 ms, size +15%)
INFO: Instrumented org.apache.commons.compress.archivers.tar.TarArchiveOutputStream (took 45 ms, size +15%)
INFO: Instrumented org.apache.commons.compress.archivers.jar.JarArchiveOutputStream (took 7 ms, size +32%)
INFO: Instrumented org.apache.commons.compress.archivers.cpio.CpioArchiveOutputStream (took 29 ms, size +21%)
[harness] target=org.apache.commons.compress.archivers.ArchiveStreamFactory factories=2 methods=14
INFO: Instrumented org.apache.commons.compress.archivers.ArchiveStreamFactory$1 (took 4 ms, size +25%)
INFO: Instrumented org.apache.commons.compress.utils.Sets (took 4 ms, size +36%)
INFO: Instrumented org.apache.commons.compress.utils.ServiceLoaderIterator (took 5 ms, size +21%)
INFO: Instrumented org.apache.commons.compress.utils.Lists (took 3 ms, size +32%)
INFO: Instrumented org.apache.commons.compress.utils.Iterators (took 5 ms, size +39%)
INFO: found LLVMFuzzerCustomMutator (0x7c2f0ac6fcd0). Disabling -len_control by default.
INFO: Running with entropic power schedule (0xFF, 100).
INFO: Seed: 2361187082
INFO: Loaded 4 modules   (4096 inline 8-bit counters): 512 [0x7c300cba1650, 0x7c300cba1850), 512 [0x7c300cba1850, 0x7c300cba1a50), 1024 [0x7c300cba1a50, 0x7c300cba1e50), 2048 [0x7c300cba1e50, 0x7c300cba2650), 
INFO: Loaded 4 PC tables (4096 PCs): 512 [0x7c300cb27390,0x7c300cb29390), 512 [0x7c300cb83dc0,0x7c300cb85dc0), 1024 [0x7c300c56da90,0x7c300c571a90), 2048 [0x7c300c53dc50,0x7c300c545c50), 
INFO:        0 files found in /tmp/bugrun/compress_43.aMjIlU/.cifuzz-corpus/com.example.algorithm2.Algorithm2Test/testParameterizedFuzzer
INFO:        0 files found in /tmp/jazzer-java-seeds5345969107457391367
INFO: -max_len is not provided; libFuzzer will not generate inputs larger than 4096 bytes
INFO: INFO: A corpus is not provided, starting from an empty corpus
using inputs from: /tmp/bugrun/compress_43.aMjIlU/.cifuzz-corpus/com.example.algorithm2.Algorithm2Test/testParameterizedFuzzer
INFO: using inputs from: /tmp/jazzer-java-seeds5345969107457391367
#2	INITED cov: 109 ft: 109 corp: 1/1b exec/s: 0 rss: 886Mb
#3	NEW    cov: 109 ft: 110 corp: 2/3b lim: 4 exec/s: 0 rss: 886Mb L: 2/2 MS: 2 CrossOver-Custom-
#4	NEW    cov: 129 ft: 133 corp: 3/5b lim: 4 exec/s: 0 rss: 886Mb L: 2/2 MS: 2 ChangeByte-Custom-
#6	NEW    cov: 129 ft: 164 corp: 4/8b lim: 4 exec/s: 0 rss: 887Mb L: 3/3 MS: 4 ShuffleBytes-Custom-CrossOver-Custom-
#8	NEW    cov: 129 ft: 203 corp: 5/11b lim: 4 exec/s: 0 rss: 887Mb L: 3/3 MS: 4 ChangeBinInt-Custom-ChangeBit-Custom-
#9	NEW    cov: 129 ft: 209 corp: 6/14b lim: 4 exec/s: 0 rss: 887Mb L: 3/3 MS: 2 InsertByte-Custom-
#10	NEW    cov: 130 ft: 210 corp: 7/16b lim: 4 exec/s: 0 rss: 887Mb L: 2/3 MS: 2 ChangeBit-Custom-
#11	NEW    cov: 131 ft: 216 corp: 8/17b lim: 4 exec/s: 0 rss: 887Mb L: 1/3 MS: 2 ChangeBit-Custom-
INFO: Instrumented org.apache.commons.compress.archivers.ArchiveStreamFactory$2 (took 3 ms, size +25%)
INFO: Instrumented org.apache.commons.compress.utils.IOUtils (took 18 ms, size +27%)
INFO: Instrumented org.apache.commons.compress.archivers.zip.UnsupportedZipFeatureException (took 10 ms, size +17%)
INFO: Instrumented org.apache.commons.compress.archivers.ArchiveEntry (took 2 ms, size +0%)
INFO: Instrumented org.apache.commons.compress.archivers.zip.ZipArchiveInputStream$BoundedInputStream (took 19 ms, size +25%)
INFO: Instrumented org.apache.commons.compress.archivers.zip.UnshrinkingInputStream (took 14 ms, size +29%)
INFO: Instrumented org.apache.commons.compress.compressors.lzw.LZWInputStream (took 29 ms, size +18%)
INFO: Instrumented org.apache.commons.compress.compressors.CompressorInputStream (took 6 ms, size +40%)
INFO: Instrumented org.apache.commons.compress.archivers.zip.ExplodingInputStream (took 5 ms, size +28%)
INFO: Instrumented org.apache.commons.compress.compressors.bzip2.BZip2CompressorInputStream (took 51 ms, size +20%)
INFO: Instrumented org.apache.commons.compress.compressors.bzip2.BZip2Constants (took 0 ms, size +0%)
INFO: Instrumented org.apache.commons.compress.archivers.zip.ZipLong (took 15 ms, size +22%)
INFO: Instrumented org.apache.commons.compress.utils.ByteUtils (took 11 ms, size +20%)
INFO: Instrumented org.apache.commons.compress.archivers.zip.Zip64RequiredException (took 8 ms, size +27%)
INFO: Instrumented org.apache.commons.compress.archivers.zip.ZipExtraField (took 2 ms, size +0%)
INFO: Instrumented org.apache.commons.compress.utils.BoundedInputStream (took 12 ms, size +44%)
INFO: Instrumented org.apache.commons.compress.utils.CRC32VerifyingInputStream (took 3 ms, size +37%)
#13	NEW    cov: 229 ft: 314 corp: 9/19b lim: 4 exec/s: 0 rss: 979Mb L: 2/3 MS: 4 ChangeByte-Custom-ChangeBinInt-Custom-
INFO: Instrumented org.apache.commons.compress.utils.ChecksumVerifyingInputStream (took 6 ms, size +35%)
INFO: #19	NEW    cov: 234 ft: 322 corp: 10/22b lim: 4 exec/s: 0 rss: 979Mb L: 3/3 MS: 2 ChangeBit-Custom-
#21	NEW    cov: 237 ft: 325 corp: 11/26b lim: 4 exec/s: 0 rss: 979Mb L: 4/4 MS: 4 ShuffleBytes-Custom-InsertByte-Custom-
#22	NEW    cov: 238 ft: 330 corp: 12/28b lim: 4 exec/s: 0 rss: 979Mb L: 2/4 MS: 2 InsertByte-Custom-
#23	NEW    cov: 240 ft: 332 corp: 13/31b lim: 4 exec/s: 0 rss: 979Mb L: 3/4 MS: 2 InsertByte-Custom-
New number of coverage counters: 8192
#24	NEW    cov: 240 ft: 334 corp: 14/33b lim: 4 exec/s: 0 rss: 980Mb L: 2/4 MS: 2 EraseBytes-Custom-
#33	NEW    cov: 241 ft: 335 corp: 15/34b lim: 4 exec/s: 0 rss: 980Mb L: 1/4 MS: 8 CrossOver-Custom-ShuffleBytes-Custom-ShuffleBytes-Custom-ChangeByte-Custom-
INFO: Instrumented org.apache.commons.compress.archivers.sevenz.SevenZFile (took 47 ms, size +18%)
INFO: #34	NEW    cov: 241 ft: 346 corp: 16/36b lim: 4 exec/s: 0 rss: 980Mb L: 2/4 MS: 2 InsertByte-Custom-
#40	NEW    cov: 241 ft: 347 corp: 17/37b lim: 4 exec/s: 0 rss: 981Mb L: 1/4 MS: 2 ChangeBinInt-Custom-
Instrumented org.apache.commons.compress.archivers.sevenz.BoundedSeekableByteChannelInputStream (took 11 ms, size +33%)
INFO: Instrumented org.apache.commons.compress.archivers.dump.UnrecognizedFormatException (took 1 ms, size +44%)
INFO: Instrumented org.apache.commons.compress.archivers.dump.DumpArchiveException (took 3 ms, size +35%)
INFO: Instrumented org.apache.commons.compress.archivers.dump.InvalidFormatException (took 2 ms, size +30%)
#48	REDUCE cov: 241 ft: 347 corp: 17/36b lim: 4 exec/s: 0 rss: 984Mb L: 2/4 MS: 6 CopyPart-Custom-EraseBytes-Custom-ChangeBinInt-Custom-
#50	NEW    cov: 241 ft: 353 corp: 18/38b lim: 4 exec/s: 0 rss: 985Mb L: 2/4 MS: 4 ChangeASCIIInt-Custom-ChangeBinInt-Custom-
MS: 4 CMP-Custom-ChangeByte-Custom- DE: "\001\004"-; base unit: 70827644d3bf176f574b56f8075c83c187ab67c4
0x1,0x11,
\001\021
DEDUP_TOKEN: 0c33b82c6283d064
artifact_prefix='/tmp/bugrun/compress_43.aMjIlU/'; Test unit written to /tmp/bugrun/compress_43.aMjIlU/crash-51c6a3c0b55b51f8cfb2144afd716577a1b41906
Base64: ARE=
Done 52 runs in 0 second(s)
[ERROR] Tests run: 2, Failures: 0, Errors: 1, Skipped: 0, Time elapsed: 8.088 s <<< FAILURE! -- in com.example.algorithm2.Algorithm2Test
[ERROR] com.example.algorithm2.Algorithm2Test.testParameterizedFuzzer(FuzzedDataProvider)[2] -- Time elapsed: 0.679 s <<< ERROR!
java.lang.IllegalStateException: Cannot overide encoding set by the constructor
	at org.apache.commons.compress.archivers.ArchiveStreamFactory.setEntryEncoding(ArchiveStreamFactory.java:309)
	at java.base/jdk.internal.reflect.NativeMethodAccessorImpl.invoke0(Native Method)
	at java.base/jdk.internal.reflect.NativeMethodAccessorImpl.invoke(NativeMethodAccessorImpl.java:62)
	at java.base/jdk.internal.reflect.DelegatingMethodAccessorImpl.invoke(DelegatingMethodAccessorImpl.java:43)
	at java.base/java.lang.reflect.Method.invoke(Method.java:566)
	at com.example.algorithm2.Algorithm2Test.testParameterizedFuzzer(Algorithm2Test.java:226)

[INFO] 
[INFO] Results:
[INFO] 
[ERROR] Errors: 
[ERROR]   Algorithm2Test.testParameterizedFuzzer:226 » IllegalState Cannot overide encoding set by the constructor
[INFO] 
[ERROR] Tests run: 2, Failures: 0, Errors: 1, Skipped: 0
[INFO] 
[ERROR] 

Please refer to /tmp/bugrun/compress_43.aMjIlU/target/surefire-reports for the individual test results.
Please refer to dump files (if any exist) [date].dump, [date]-jvmRun[N].dump and [date].dumpstream.
[INFO] 
[INFO] --- jacoco:0.8.11:report (default-cli) @ AlgorithmName2 ---
[INFO] Loading execution data file /tmp/bugrun/compress_43.aMjIlU/target/jacoco.exec
[INFO] Analyzed bundle 'AlgorithmName2' with 263 classes
[INFO] ------------------------------------------------------------------------
[INFO] BUILD SUCCESS
[INFO] ------------------------------------------------------------------------
[INFO] Total time:  17.408 s
[INFO] Finished at: 2026-10-06T04:27:32+07:00
[INFO] ------------------------------------------------------------------------
