[INFO] Scanning for projects...
[INFO] 
[INFO] ---------------------< com.example:AlgorithmName2 >---------------------
[INFO] Building AlgorithmName2 1.0-SNAPSHOT
[INFO]   from pom.xml
[INFO] --------------------------------[ jar ]---------------------------------
[INFO] 
[INFO] --- jacoco:0.8.11:prepare-agent (default) @ AlgorithmName2 ---
[INFO] argLine set to -javaagent:/home/kanyaphak673380391-3/.m2/repository/org/jacoco/org.jacoco.agent/0.8.11/org.jacoco.agent-0.8.11-runtime.jar=destfile=/tmp/bugrun/jxpath_2.lQyiJw/target/jacoco.exec
[INFO] 
[INFO] --- resources:3.4.0:resources (default-resources) @ AlgorithmName2 ---
[INFO] Copying 1 resource from src/main/resources to target/classes
[INFO] 
[INFO] --- compiler:3.15.0:compile (default-compile) @ AlgorithmName2 ---
[INFO] Recompiling the module because of changed source code.
[INFO] Compiling 1 source file with javac [debug target 1.8] to target/classes
[WARNING] bootstrap class path not set in conjunction with -source 8
[INFO] 
[INFO] --- dependency:3.6.0:unpack-dependencies (unpack-defects4j) @ AlgorithmName2 ---
[INFO] 
[INFO] --- resources:3.4.0:testResources (default-testResources) @ AlgorithmName2 ---
[INFO] skip non existing resourceDirectory /tmp/bugrun/jxpath_2.lQyiJw/src/test/resources
[INFO] 
[INFO] --- compiler:3.15.0:testCompile (default-testCompile) @ AlgorithmName2 ---
[INFO] Recompiling the module because of changed dependency.
[INFO] Compiling 1 source file with javac [debug target 1.8] to target/test-classes
[WARNING] bootstrap class path not set in conjunction with -source 8
[INFO] 
[INFO] --- surefire:3.1.2:test (default-cli) @ AlgorithmName2 ---
[INFO] Using auto detected provider org.apache.maven.surefire.junitplatform.JUnitPlatformProvider
[INFO] 
[INFO] -------------------------------------------------------
[INFO]  T E S T S
[INFO] -------------------------------------------------------
[INFO] Running com.example.algorithm2.Algorithm2Test
OpenJDK 64-Bit Server VM warning: Sharing is only supported for boot loader classes because bootstrap classpath has been appended
INFO: Loaded 281 hooks from com.code_intelligence.jazzer.runtime.TraceCmpHooks
INFO: Loaded 5 hooks from com.code_intelligence.jazzer.runtime.TraceDivHooks
INFO: Loaded 2 hooks from com.code_intelligence.jazzer.runtime.TraceIndirHooks
INFO: Loaded 4 hooks from com.code_intelligence.jazzer.runtime.NativeLibHooks
INFO: Loaded 2 hooks from com.code_intelligence.jazzer.sanitizers.ClojureLangHooks
INFO: Loaded 5 hooks from com.code_intelligence.jazzer.sanitizers.Deserialization
INFO: Loaded 5 hooks from com.code_intelligence.jazzer.sanitizers.ExpressionLanguageInjection
INFO: Loaded 70 hooks from com.code_intelligence.jazzer.sanitizers.LdapInjection
INFO: Loaded 46 hooks from com.code_intelligence.jazzer.sanitizers.NamingContextLookup
INFO: Loaded 1 hooks from com.code_intelligence.jazzer.sanitizers.OsCommandInjection
INFO: Loaded 52 hooks from com.code_intelligence.jazzer.sanitizers.ReflectiveCall
INFO: Loaded 8 hooks from com.code_intelligence.jazzer.sanitizers.RegexInjection
INFO: Loaded 16 hooks from com.code_intelligence.jazzer.sanitizers.RegexRoadblocks
INFO: Loaded 18 hooks from com.code_intelligence.jazzer.sanitizers.ScriptEngineInjection
INFO: Loaded 2 hooks from com.code_intelligence.jazzer.sanitizers.ServerSideRequestForgery
INFO: Loaded 19 hooks from com.code_intelligence.jazzer.sanitizers.SqlInjection
INFO: Loaded 6 hooks from com.code_intelligence.jazzer.sanitizers.XPathInjection
INFO: Instrumented com.example.algorithm2.Algorithm2Test$Skip (took 485 ms, size +44%)
INFO: Instrumented com.example.algorithm2.Algorithm2Test (took 401 ms, size +27%)
INFO: Instrumented org.apache.commons.jxpath.JXPathContext (took 147 ms, size +13%)
INFO: Instrumented org.apache.commons.jxpath.Variables (took 1 ms, size +0%)
INFO: Instrumented org.apache.commons.jxpath.Functions (took 1 ms, size +0%)
INFO: Instrumented org.apache.commons.jxpath.JXPathException (took 43 ms, size +25%)
INFO: New number of coverage counters: 1024
INFO: Instrumented org.apache.commons.jxpath.PackageFunctions (took 59 ms, size +38%)
INFO: Instrumented org.apache.commons.jxpath.Function (took 1 ms, size +0%)
INFO: Instrumented org.apache.commons.jxpath.CompiledExpression (took 1 ms, size +0%)
INFO: Instrumented org.apache.commons.jxpath.AbstractFactory (took 18 ms, size +34%)
INFO: Instrumented org.apache.commons.jxpath.Pointer (took 0 ms, size +0%)
INFO: Instrumented org.apache.commons.jxpath.IdentityManager (took 0 ms, size +0%)
INFO: Instrumented org.apache.commons.jxpath.KeyManager (took 0 ms, size +0%)
[harness] target=org.apache.commons.jxpath.JXPathContext factories=1 methods=41
INFO: Instrumented org.apache.commons.jxpath.JXPathContextFactory (took 30 ms, size +28%)
INFO: Instrumented org.apache.commons.jxpath.JXPathContextFactoryConfigurationError (took 22 ms, size +30%)
INFO: Instrumented org.apache.commons.jxpath.ri.JXPathContextFactoryReferenceImpl (took 4 ms, size +33%)
INFO: Instrumented org.apache.commons.jxpath.ri.JXPathContextReferenceImpl (took 120 ms, size +13%)
INFO: Instrumented org.apache.commons.jxpath.ri.Compiler (took 1 ms, size +0%)
INFO: Instrumented org.apache.commons.jxpath.JXPathNotFoundException (took 6 ms, size +47%)
INFO: Instrumented org.apache.commons.jxpath.JXPathTypeConversionException (took 3 ms, size +38%)
INFO: Instrumented org.apache.commons.jxpath.JXPathFunctionNotFoundException (took 10 ms, size +45%)
INFO: New number of coverage counters: 2048
INFO: Instrumented org.apache.commons.jxpath.ri.EvalContext (took 25 ms, size +25%)
INFO: Instrumented org.apache.commons.jxpath.ExpressionContext (took 0 ms, size +0%)
INFO: Instrumented org.apache.commons.jxpath.ri.axes.RootContext (took 27 ms, size +17%)
INFO: Instrumented org.apache.commons.jxpath.ri.axes.InitialContext (took 12 ms, size +33%)
INFO: Instrumented org.apache.commons.jxpath.JXPathInvalidSyntaxException (took 10 ms, size +46%)
INFO: Instrumented org.apache.commons.jxpath.ri.model.NodePointer (took 87 ms, size +17%)
INFO: Instrumented org.apache.commons.jxpath.ri.model.VariablePointer (took 68 ms, size +16%)
INFO: Instrumented org.apache.commons.jxpath.ri.compiler.TreeCompiler (took 40 ms, size +12%)
INFO: Instrumented org.apache.commons.jxpath.ri.QName (took 14 ms, size +55%)
INFO: Instrumented org.apache.commons.jxpath.ri.model.beans.CollectionPointerFactory (took 22 ms, size +31%)
INFO: Instrumented org.apache.commons.jxpath.ri.model.NodePointerFactory (took 1 ms, size +0%)
INFO: Instrumented org.apache.commons.jxpath.ri.model.beans.CollectionPointer (took 56 ms, size +15%)
INFO: Instrumented org.apache.commons.jxpath.ri.model.beans.BeanPointerFactory (took 4 ms, size +19%)
INFO: Instrumented org.apache.commons.jxpath.ri.model.beans.NullPointer (took 47 ms, size +17%)
INFO: Instrumented org.apache.commons.jxpath.ri.model.beans.PropertyOwnerPointer (took 47 ms, size +19%)
INFO: Instrumented org.apache.commons.jxpath.ri.model.beans.BeanPointer (took 27 ms, size +28%)
INFO: Instrumented org.apache.commons.jxpath.ri.model.dynamic.DynamicPointerFactory (took 6 ms, size +22%)
INFO: Instrumented org.apache.commons.jxpath.ri.model.dynamic.DynamicPointer (took 16 ms, size +17%)
INFO: Instrumented org.apache.commons.jxpath.ri.model.dom.DOMPointerFactory (took 11 ms, size +31%)
INFO: New number of coverage counters: 4096
INFO: Instrumented org.apache.commons.jxpath.ri.model.dom.DOMNodePointer (took 105 ms, size +26%)
INFO: Instrumented org.apache.commons.jxpath.ri.model.container.ContainerPointerFactory (took 69 ms, size +30%)
INFO: Instrumented org.apache.commons.jxpath.ri.model.container.ContainerPointer (took 56 ms, size +18%)
INFO: Instrumented org.apache.commons.jxpath.ri.JXPathContextReferenceImpl$1 (took 4 ms, size +35%)
INFO: Instrumented org.apache.commons.jxpath.util.ValueUtils (took 90 ms, size +25%)
INFO: Instrumented org.apache.commons.jxpath.Container (took 0 ms, size +0%)
INFO: Instrumented org.apache.commons.jxpath.JXPathIntrospector (took 23 ms, size +36%)
INFO: Instrumented org.apache.commons.jxpath.JXPathBeanInfo (took 8 ms, size +0%)
INFO: Instrumented org.apache.commons.jxpath.JXPathBasicBeanInfo (took 23 ms, size +26%)
INFO: Instrumented org.apache.commons.jxpath.MapDynamicPropertyHandler (took 22 ms, size +35%)
INFO: Instrumented org.apache.commons.jxpath.DynamicPropertyHandler (took 1 ms, size +0%)
INFO: Instrumented org.apache.commons.jxpath.JXPathInvalidAccessException (took 8 ms, size +39%)
INFO: Instrumented org.apache.commons.jxpath.ri.model.NodeIterator (took 0 ms, size +0%)
INFO: Instrumented org.apache.commons.jxpath.ri.model.beans.PropertyPointer (took 53 ms, size +21%)
INFO: Instrumented org.apache.commons.jxpath.ri.model.beans.BeanPropertyPointer (took 53 ms, size +19%)
INFO: Instrumented org.apache.commons.jxpath.ri.NamespaceResolver (took 30 ms, size +28%)
INFO: found LLVMFuzzerCustomMutator (0x7afe310a2cd0). Disabling -len_control by default.
INFO: Running with entropic power schedule (0xFF, 100).
INFO: Seed: 3266605844
INFO: Loaded 4 modules   (4096 inline 8-bit counters): 512 [0x7afec8b272e0, 0x7afec8b274e0), 512 [0x7afec8b274e0, 0x7afec8b276e0), 1024 [0x7afec8b276e0, 0x7afec8b27ae0), 2048 [0x7afec8b27ae0, 0x7afec8b282e0), 
INFO: Loaded 4 PC tables (4096 PCs): 512 [0x7afec84ce020,0x7afec84d0020), 512 [0x7afec8752680,0x7afec8754680), 1024 [0x7afec8aa3160,0x7afec8aa7160), 2048 [0x7afec8c272f0,0x7afec8c2f2f0), 
INFO:        0 files found in /tmp/bugrun/jxpath_2.lQyiJw/.cifuzz-corpus/com.example.algorithm2.Algorithm2Test/testParameterizedFuzzer
INFO:        0 files found in /tmp/jazzer-java-seeds14152711961681407317
INFO: -max_len is not provided; libFuzzer will not generate inputs larger than 4096 bytes
INFO: A corpus is not provided, starting from an empty corpus
INFO: using inputs from: /tmp/bugrun/jxpath_2.lQyiJw/.cifuzz-corpus/com.example.algorithm2.Algorithm2Test/testParameterizedFuzzer
INFO: using inputs from: /tmp/jazzer-java-seeds14152711961681407317
INFO: Instrumented org.apache.commons.jxpath.ri.Parser (took 6 ms, size +23%)
INFO: Instrumented org.apache.commons.jxpath.ri.parser.TokenMgrError (took 10 ms, size +21%)
INFO: Instrumented org.apache.commons.jxpath.ri.parser.ParseException (took 8 ms, size +22%)
INFO: New number of coverage counters: 8192
INFO: Instrumented org.apache.commons.jxpath.ri.parser.XPathParser (took 590 ms, size +29%)
INFO: Instrumented org.apache.commons.jxpath.ri.parser.XPathParserConstants (took 13 ms, size +9%)
INFO: Instrumented org.apache.commons.jxpath.ri.parser.XPathParser$JJCalls (took 21 ms, size +45%)
INFO: Instrumented org.apache.commons.jxpath.ri.parser.SimpleCharStream (took 82 ms, size +18%)
#2	INITED cov: 330 ft: 330 corp: 1/1b exec/s: 2 rss: 1116Mb
#3	NEW    cov: 331 ft: 334 corp: 2/2b lim: 4 exec/s: 3 rss: 1116Mb L: 1/1 MS: 2 ChangeBit-Custom-
INFO: Instrumented org.apache.commons.jxpath.ri.parser.XPathParserTokenManager (took 181 ms, size +22%)
#6	NEW    cov: 341 ft: 351 corp: 3/3b lim: 4 exec/s: 6 rss: 1116Mb L: 1/1 MS: 6 ChangeByte-Custom-CopyPart-Custom-ChangeByte-Custom-
#7	NEW    cov: 345 ft: 393 corp: 4/5b lim: 4 exec/s: 7 rss: 1116Mb L: 2/2 MS: 2 CrossOver-Custom-
INFO: Instrumented org.apache.commons.jxpath.ri.parser.Token (took 3 ms, size +38%)
#13	REDUCE cov: 345 ft: 393 corp: 4/4b lim: 4 exec/s: 13 rss: 1116Mb L: 1/1 MS: 2 EraseBytes-Custom-
#22	NEW    cov: 345 ft: 394 corp: 5/6b lim: 4 exec/s: 22 rss: 1116Mb L: 2/2 MS: 8 CrossOver-Custom-EraseBytes-Custom-InsertByte-Custom-ChangeByte-Custom-
#24	NEW    cov: 348 ft: 397 corp: 6/7b lim: 4 exec/s: 24 rss: 1117Mb L: 1/2 MS: 4 CrossOver-Custom-ChangeBit-Custom-
#30	NEW    cov: 353 ft: 402 corp: 7/9b lim: 4 exec/s: 30 rss: 1117Mb L: 2/2 MS: 2 InsertByte-Custom-
#31	NEW    cov: 354 ft: 410 corp: 8/11b lim: 4 exec/s: 31 rss: 1117Mb L: 2/2 MS: 2 ShuffleBytes-Custom-
INFO: Instrumented org.apache.commons.jxpath.ri.model.beans.NullPropertyPointer (took 61 ms, size +22%)
#32	REDUCE cov: 363 ft: 463 corp: 9/12b lim: 4 exec/s: 32 rss: 1135Mb L: 1/2 MS: 2 ChangeBit-Custom-
#37	NEW    cov: 364 ft: 464 corp: 10/13b lim: 4 exec/s: 37 rss: 1135Mb L: 1/2 MS: 10 InsertByte-Custom-EraseBytes-Custom-EraseBytes-Custom-CopyPart-Custom-ChangeBit-Custom-
#38	NEW    cov: 365 ft: 465 corp: 11/14b lim: 4 exec/s: 38 rss: 1135Mb L: 1/2 MS: 2 ChangeByte-Custom-
#48	NEW    cov: 367 ft: 467 corp: 12/17b lim: 4 exec/s: 48 rss: 1135Mb L: 3/3 MS: 10 CopyPart-Custom-CopyPart-Custom-ShuffleBytes-Custom-InsertByte-Custom-InsertByte-Custom-
INFO: Instrumented org.apache.commons.jxpath.ri.JXPathCompiledExpression (took 67 ms, size +14%)
#54	NEW    cov: 371 ft: 471 corp: 13/20b lim: 4 exec/s: 54 rss: 1151Mb L: 3/3 MS: 2 ChangeBit-Custom-
MS: 2 ChangeBit-Custom-; base unit: 8d883f1577ca8c334b7c6d75ccb71209d71ced13
0x28,
(
artifact_prefix='/tmp/bugrun/jxpath_2.lQyiJw/'; Test unit written to /tmp/bugrun/jxpath_2.lQyiJw/crash-28ed3a797da3c48c309a4ef792147f3c56cfec40
Base64: KA==
Done 55 runs in 1 second(s)
DEDUP_TOKEN: 8d642ad94a9a3e9e
[ERROR] Tests run: 2, Failures: 0, Errors: 1, Skipped: 0, Time elapsed: 12.67 s <<< FAILURE! -- in com.example.algorithm2.Algorithm2Test
[ERROR] com.example.algorithm2.Algorithm2Test.testParameterizedFuzzer(FuzzedDataProvider)[2] -- Time elapsed: 1.743 s <<< ERROR!
org.apache.commons.jxpath.JXPathException: Cannot create a relative context for a non-existent node: proxy:Pointer
	at org.apache.commons.jxpath.ri.JXPathContextReferenceImpl.getRelativeContext(JXPathContextReferenceImpl.java:595)
	at java.base/jdk.internal.reflect.NativeMethodAccessorImpl.invoke0(Native Method)
	at java.base/jdk.internal.reflect.NativeMethodAccessorImpl.invoke(NativeMethodAccessorImpl.java:62)
	at java.base/jdk.internal.reflect.DelegatingMethodAccessorImpl.invoke(DelegatingMethodAccessorImpl.java:43)
	at java.base/java.lang.reflect.Method.invoke(Method.java:566)
	at com.example.algorithm2.Algorithm2Test.testParameterizedFuzzer(Algorithm2Test.java:226)

[INFO] 
[INFO] Results:
[INFO] 
[ERROR] Errors: 
[ERROR]   Algorithm2Test.testParameterizedFuzzer:226 » JXPath Cannot create a relative context for a non-existent node: proxy:Pointer
[INFO] 
[ERROR] Tests run: 2, Failures: 0, Errors: 1, Skipped: 0
[INFO] 
[ERROR] 

Please refer to /tmp/bugrun/jxpath_2.lQyiJw/target/surefire-reports for the individual test results.
Please refer to dump files (if any exist) [date].dump, [date]-jvmRun[N].dump and [date].dumpstream.
[INFO] 
[INFO] --- jacoco:0.8.11:report (default-cli) @ AlgorithmName2 ---
[INFO] Loading execution data file /tmp/bugrun/jxpath_2.lQyiJw/target/jacoco.exec
[INFO] Analyzed bundle 'AlgorithmName2' with 155 classes
[INFO] ------------------------------------------------------------------------
[INFO] BUILD SUCCESS
[INFO] ------------------------------------------------------------------------
[INFO] Total time:  25.979 s
[INFO] Finished at: 2026-10-06T04:42:40+07:00
[INFO] ------------------------------------------------------------------------
