[INFO] Scanning for projects...
[INFO] 
[INFO] ---------------------< com.example:AlgorithmName2 >---------------------
[INFO] Building AlgorithmName2 1.0-SNAPSHOT
[INFO]   from pom.xml
[INFO] --------------------------------[ jar ]---------------------------------
[INFO] 
[INFO] --- jacoco:0.8.11:prepare-agent (default) @ AlgorithmName2 ---
[INFO] argLine set to -javaagent:/home/kanyaphak673380391-3/.m2/repository/org/jacoco/org.jacoco.agent/0.8.11/org.jacoco.agent-0.8.11-runtime.jar=destfile=/tmp/bugrun/math_26.DQQo9E/target/jacoco.exec
[INFO] 
[INFO] --- resources:3.4.0:resources (default-resources) @ AlgorithmName2 ---
[INFO] Copying 1 resource from src/main/resources to target/classes
[INFO] 
[INFO] --- compiler:3.15.0:compile (default-compile) @ AlgorithmName2 ---
[INFO] Recompiling the module because of changed source code.
[INFO] Compiling 1 source file with javac [debug target 1.8] to target/classes
[WARNING] bootstrap class path not set in conjunction with -source 8
[INFO] 
[INFO] --- dependency:3.6.0:unpack-dependencies (unpack-defects4j) @ AlgorithmName2 ---
[INFO] 
[INFO] --- resources:3.4.0:testResources (default-testResources) @ AlgorithmName2 ---
[INFO] skip non existing resourceDirectory /tmp/bugrun/math_26.DQQo9E/src/test/resources
[INFO] 
[INFO] --- compiler:3.15.0:testCompile (default-testCompile) @ AlgorithmName2 ---
[INFO] Recompiling the module because of changed dependency.
[INFO] Compiling 1 source file with javac [debug target 1.8] to target/test-classes
[WARNING] bootstrap class path not set in conjunction with -source 8
[INFO] 
[INFO] --- surefire:3.1.2:test (default-cli) @ AlgorithmName2 ---
[INFO] Using auto detected provider org.apache.maven.surefire.junitplatform.JUnitPlatformProvider
[INFO] 
[INFO] -------------------------------------------------------
[INFO]  T E S T S
[INFO] -------------------------------------------------------
[INFO] Running com.example.algorithm2.Algorithm2Test
OpenJDK 64-Bit Server VM warning: Sharing is only supported for boot loader classes because bootstrap classpath has been appended
INFO: Loaded 284 hooks from com.code_intelligence.jazzer.runtime.TraceCmpHooks
INFO: Loaded 5 hooks from com.code_intelligence.jazzer.runtime.TraceDivHooks
INFO: Loaded 2 hooks from com.code_intelligence.jazzer.runtime.TraceIndirHooks
INFO: Loaded 4 hooks from com.code_intelligence.jazzer.runtime.NativeLibHooks
INFO: Loaded 2 hooks from com.code_intelligence.jazzer.sanitizers.ClojureLangHooks
INFO: Loaded 5 hooks from com.code_intelligence.jazzer.sanitizers.Deserialization
INFO: Loaded 5 hooks from com.code_intelligence.jazzer.sanitizers.ExpressionLanguageInjection
INFO: Loaded 70 hooks from com.code_intelligence.jazzer.sanitizers.LdapInjection
INFO: Loaded 46 hooks from com.code_intelligence.jazzer.sanitizers.NamingContextLookup
INFO: Loaded 1 hooks from com.code_intelligence.jazzer.sanitizers.OsCommandInjection
INFO: Loaded 52 hooks from com.code_intelligence.jazzer.sanitizers.ReflectiveCall
INFO: Loaded 8 hooks from com.code_intelligence.jazzer.sanitizers.RegexInjection
INFO: Loaded 16 hooks from com.code_intelligence.jazzer.sanitizers.RegexRoadblocks
INFO: Loaded 18 hooks from com.code_intelligence.jazzer.sanitizers.ScriptEngineInjection
INFO: Loaded 2 hooks from com.code_intelligence.jazzer.sanitizers.ServerSideRequestForgery
INFO: Loaded 19 hooks from com.code_intelligence.jazzer.sanitizers.SqlInjection
INFO: Loaded 6 hooks from com.code_intelligence.jazzer.sanitizers.XPathInjection
INFO: Instrumented com.example.algorithm2.Algorithm2Test$Skip (took 171 ms, size +44%)
INFO: Instrumented com.example.algorithm2.Algorithm2Test (took 178 ms, size +27%)
INFO: New number of coverage counters: 1024
INFO: Instrumented org.apache.commons.math3.util.Precision (took 149 ms, size +27%)
INFO: Instrumented org.apache.commons.math3.exception.MathArithmeticException (took 20 ms, size +24%)
INFO: Instrumented org.apache.commons.math3.exception.util.ExceptionContextProvider (took 1 ms, size +0%)
INFO: Instrumented org.apache.commons.math3.exception.util.Localizable (took 0 ms, size +0%)
INFO: Instrumented org.apache.commons.math3.exception.MathIllegalArgumentException (took 6 ms, size +27%)
[harness] target=org.apache.commons.math3.util.Precision factories=1 methods=19
INFO: New number of coverage counters: 2048
INFO: Instrumented org.apache.commons.math3.util.FastMath (took 240 ms, size +16%)
INFO: found LLVMFuzzerCustomMutator (0x721f7cf70cd0). Disabling -len_control by default.
INFO: Running with entropic power schedule (0xFF, 100).
INFO: Seed: 2961481243
INFO: using inputs from: /tmp/bugrun/math_26.DQQo9E/.cifuzz-corpus/com.example.algorithm2.Algorithm2Test/testParameterizedFuzzer
INFO: INFO: Loaded 3 modules   (2048 inline 8-bit counters): 512 [0x722014b33a20, 0x722014b33c20), 512 [0x722014b33c20, 0x722014b33e20), 1024 [0x722014b33e20, 0x722014b34220), 
INFO: Loaded 3 PC tables (2048 PCs): 512 [0x7220145a2020,0x7220145a4020), 512 [0x722014a626b0,0x722014a646b0), 1024 [0x722014c5c8f0,0x722014c608f0), 
using inputs from: /tmp/jazzer-java-seeds4466390331434771866
INFO:        0 files found in /tmp/bugrun/math_26.DQQo9E/.cifuzz-corpus/com.example.algorithm2.Algorithm2Test/testParameterizedFuzzer
INFO:        0 files found in /tmp/jazzer-java-seeds4466390331434771866
INFO: -max_len is not provided; libFuzzer will not generate inputs larger than 4096 bytes
INFO: A corpus is not provided, starting from an empty corpus
#2	INITED cov: 47 ft: 47 corp: 1/1b exec/s: 0 rss: 787Mb
#3	NEW    cov: 51 ft: 65 corp: 2/2b lim: 4 exec/s: 0 rss: 787Mb L: 1/1 MS: 2 ChangeByte-Custom-
#4	NEW    cov: 65 ft: 79 corp: 3/3b lim: 4 exec/s: 0 rss: 787Mb L: 1/1 MS: 2 ChangeBit-Custom-
#5	NEW    cov: 73 ft: 87 corp: 4/5b lim: 4 exec/s: 0 rss: 787Mb L: 2/2 MS: 2 CopyPart-Custom-
#6	NEW    cov: 83 ft: 99 corp: 5/7b lim: 4 exec/s: 0 rss: 787Mb L: 2/2 MS: 2 InsertByte-Custom-
#15	NEW    cov: 83 ft: 101 corp: 6/9b lim: 4 exec/s: 0 rss: 787Mb L: 2/2 MS: 8 CopyPart-Custom-ShuffleBytes-Custom-ShuffleBytes-Custom-InsertByte-Custom-
#21	NEW    cov: 87 ft: 105 corp: 7/11b lim: 4 exec/s: 0 rss: 788Mb L: 2/2 MS: 2 InsertByte-Custom-
#24	NEW    cov: 89 ft: 107 corp: 8/13b lim: 4 exec/s: 0 rss: 788Mb L: 2/2 MS: 6 EraseBytes-Custom-CrossOver-Custom-InsertByte-Custom-
#25	NEW    cov: 93 ft: 111 corp: 9/15b lim: 4 exec/s: 0 rss: 788Mb L: 2/2 MS: 2 ChangeByte-Custom-
#28	NEW    cov: 94 ft: 112 corp: 10/17b lim: 4 exec/s: 0 rss: 788Mb L: 2/2 MS: 6 ChangeByte-Custom-ShuffleBytes-Custom-ChangeByte-Custom-
#32	NEW    cov: 96 ft: 114 corp: 11/20b lim: 4 exec/s: 0 rss: 788Mb L: 3/3 MS: 8 InsertByte-Custom-ShuffleBytes-Custom-CopyPart-Custom-CMP-Custom- DE: "\001\030"-
#59	NEW    cov: 97 ft: 115 corp: 12/23b lim: 4 exec/s: 0 rss: 788Mb L: 3/3 MS: 4 InsertByte-Custom-ChangeBit-Custom-
#72	NEW    cov: 116 ft: 136 corp: 13/26b lim: 4 exec/s: 0 rss: 788Mb L: 3/3 MS: 6 InsertByte-Custom-PersAutoDict-Custom-ChangeByte-Custom- DE: "\001\030"-
#73	NEW    cov: 116 ft: 140 corp: 14/27b lim: 4 exec/s: 0 rss: 788Mb L: 1/3 MS: 2 ChangeByte-Custom-
#79	NEW    cov: 117 ft: 141 corp: 15/31b lim: 4 exec/s: 0 rss: 788Mb L: 4/4 MS: 2 CrossOver-Custom-
#80	NEW    cov: 119 ft: 145 corp: 16/32b lim: 4 exec/s: 0 rss: 788Mb L: 1/4 MS: 2 ChangeBit-Custom-
#81	NEW    cov: 126 ft: 152 corp: 17/34b lim: 4 exec/s: 0 rss: 788Mb L: 2/4 MS: 2 ChangeASCIIInt-Custom-
#92	NEW    cov: 126 ft: 154 corp: 18/36b lim: 4 exec/s: 0 rss: 788Mb L: 2/4 MS: 2 CMP-Custom- DE: "\011\000"-
#94	NEW    cov: 128 ft: 156 corp: 19/37b lim: 4 exec/s: 0 rss: 788Mb L: 1/4 MS: 4 EraseBytes-Custom-ChangeByte-Custom-
#108	NEW    cov: 138 ft: 166 corp: 20/39b lim: 4 exec/s: 0 rss: 788Mb L: 2/4 MS: 8 ShuffleBytes-Custom-ChangeBit-Custom-ChangeByte-Custom-InsertByte-Custom-
#112	NEW    cov: 139 ft: 167 corp: 21/42b lim: 4 exec/s: 0 rss: 788Mb L: 3/4 MS: 8 EraseBytes-Custom-ShuffleBytes-Custom-CrossOver-Custom-ChangeByte-Custom-
#116	NEW    cov: 143 ft: 171 corp: 22/43b lim: 4 exec/s: 0 rss: 788Mb L: 1/4 MS: 8 EraseBytes-Custom-ChangeBit-Custom-ChangeByte-Custom-ChangeBit-Custom-
#142	NEW    cov: 145 ft: 173 corp: 23/44b lim: 4 exec/s: 0 rss: 788Mb L: 1/4 MS: 2 ChangeBinInt-Custom-
#182	NEW    cov: 145 ft: 175 corp: 24/48b lim: 4 exec/s: 0 rss: 788Mb L: 4/4 MS: 10 ShuffleBytes-Custom-InsertByte-Custom-ChangeBit-Custom-CopyPart-Custom-CrossOver-Custom-
#189	NEW    cov: 146 ft: 176 corp: 25/52b lim: 4 exec/s: 0 rss: 788Mb L: 4/4 MS: 4 PersAutoDict-Custom-CopyPart-Custom- DE: "\001\030"-
#196	NEW    cov: 150 ft: 180 corp: 26/54b lim: 4 exec/s: 0 rss: 788Mb L: 2/4 MS: 4 ChangeByte-Custom-InsertByte-Custom-
#199	NEW    cov: 152 ft: 182 corp: 27/56b lim: 4 exec/s: 0 rss: 788Mb L: 2/4 MS: 6 CrossOver-Custom-ChangeBit-Custom-ChangeBinInt-Custom-
#204	NEW    cov: 154 ft: 184 corp: 28/57b lim: 4 exec/s: 0 rss: 788Mb L: 1/4 MS: 10 ChangeBit-Custom-CopyPart-Custom-CopyPart-Custom-CopyPart-Custom-ChangeBit-Custom-
#207	REDUCE cov: 154 ft: 184 corp: 28/56b lim: 4 exec/s: 0 rss: 788Mb L: 3/4 MS: 6 PersAutoDict-Custom-EraseBytes-Custom-ChangeByte-Custom- DE: "\001\030"-
#243	NEW    cov: 157 ft: 187 corp: 29/58b lim: 4 exec/s: 0 rss: 788Mb L: 2/4 MS: 2 ChangeByte-Custom-
#253	NEW    cov: 161 ft: 191 corp: 30/61b lim: 4 exec/s: 0 rss: 788Mb L: 3/4 MS: 10 CopyPart-Custom-ChangeBinInt-Custom-CopyPart-Custom-ChangeByte-Custom-InsertByte-Custom-
#391	NEW    cov: 162 ft: 192 corp: 31/65b lim: 4 exec/s: 0 rss: 788Mb L: 4/4 MS: 6 PersAutoDict-Custom-ShuffleBytes-Custom-ChangeBinInt-Custom- DE: "\011\000"-
#437	REDUCE cov: 162 ft: 192 corp: 31/64b lim: 4 exec/s: 0 rss: 795Mb L: 1/4 MS: 2 EraseBytes-Custom-
#509	NEW    cov: 163 ft: 193 corp: 32/66b lim: 4 exec/s: 0 rss: 797Mb L: 2/4 MS: 4 EraseBytes-Custom-ChangeBinInt-Custom-
#606	REDUCE cov: 163 ft: 193 corp: 32/65b lim: 4 exec/s: 0 rss: 797Mb L: 1/4 MS: 4 ShuffleBytes-Custom-EraseBytes-Custom-
#702	REDUCE cov: 163 ft: 193 corp: 32/64b lim: 4 exec/s: 0 rss: 797Mb L: 2/4 MS: 2 EraseBytes-Custom-
#752	REDUCE cov: 163 ft: 193 corp: 32/63b lim: 4 exec/s: 0 rss: 797Mb L: 2/4 MS: 10 ChangeBit-Custom-ChangeBit-Custom-EraseBytes-Custom-CrossOver-Custom-CMP-Custom- DE: "\001\007"-
#853	REDUCE cov: 163 ft: 193 corp: 32/61b lim: 4 exec/s: 0 rss: 797Mb L: 2/4 MS: 2 EraseBytes-Custom-
#1069	REDUCE cov: 163 ft: 193 corp: 32/60b lim: 6 exec/s: 0 rss: 797Mb L: 1/4 MS: 2 EraseBytes-Custom-
INFO: Instrumented org.apache.commons.math3.util.FastMath$lnMant (took 16 ms, size +42%)
#1313	NEW    cov: 191 ft: 221 corp: 33/68b lim: 8 exec/s: 0 rss: 797Mb L: 8/8 MS: 8 InsertRepeatedBytes-Custom-PersAutoDict-Custom-CopyPart-Custom-PersAutoDict-Custom- DE: "\001\030"-"\011\000"-
INFO: Instrumented org.apache.commons.math3.util.FastMathLiteralArrays (took 130 ms, size +0%)
INFO: Instrumented org.apache.commons.math3.util.FastMath$ExpIntTable (took 16 ms, size +38%)
#1324	NEW    cov: 224 ft: 257 corp: 34/76b lim: 8 exec/s: 0 rss: 798Mb L: 8/8 MS: 2 InsertRepeatedBytes-Custom-
#1335	REDUCE cov: 224 ft: 257 corp: 34/75b lim: 8 exec/s: 0 rss: 798Mb L: 2/8 MS: 2 EraseBytes-Custom-
#1340	REDUCE cov: 224 ft: 259 corp: 35/83b lim: 8 exec/s: 0 rss: 798Mb L: 8/8 MS: 10 InsertByte-Custom-ChangeASCIIInt-Custom-PersAutoDict-Custom-CMP-Custom-CopyPart-Custom- DE: "\001\007"-"\377\377\377\000"-
#1346	REDUCE cov: 225 ft: 260 corp: 36/91b lim: 8 exec/s: 0 rss: 798Mb L: 8/8 MS: 2 CrossOver-Custom-
#1419	NEW    cov: 228 ft: 263 corp: 37/99b lim: 8 exec/s: 0 rss: 798Mb L: 8/8 MS: 6 InsertRepeatedBytes-Custom-ChangeByte-Custom-CopyPart-Custom-
#1611	REDUCE cov: 228 ft: 263 corp: 37/98b lim: 8 exec/s: 0 rss: 798Mb L: 1/8 MS: 4 CopyPart-Custom-EraseBytes-Custom-
#1688	REDUCE cov: 231 ft: 266 corp: 38/101b lim: 8 exec/s: 0 rss: 798Mb L: 3/8 MS: 4 CopyPart-Custom-InsertByte-Custom-
#1747	NEW    cov: 232 ft: 267 corp: 39/105b lim: 8 exec/s: 0 rss: 798Mb L: 4/8 MS: 8 CopyPart-Custom-ShuffleBytes-Custom-CopyPart-Custom-ChangeBinInt-Custom-
INFO: Instrumented org.apache.commons.math3.util.FastMath$ExpFracTable (took 12 ms, size +38%)
WARN: Some hooks could not be applied to class files built for Java 7 or lower.
                       Ensure that the fuzz target and its dependencies are compiled with
                       -target 8 or higher to identify as many bugs as possible.
INFO: Instrumented org.apache.commons.math3.exception.util.LocalizedFormats (took 60 ms, size +6%)
INFO: Instrumented org.apache.commons.math3.exception.util.ExceptionContext (took 24 ms, size +24%)
INFO: Instrumented org.apache.commons.math3.exception.util.ArgUtils (took 10 ms, size +46%)
MS: 4 ShuffleBytes-Custom-InsertRepeatedBytes-Custom-; base unit: f62e544fdb14c0be55d67b3ee6f023e7ddf006b5
0x4,0x4,0xe8,0xe8,0xe8,0xe8,0xe8,0xe8,0xe8,0x2e,
\004\004\350\350\350\350\350\350\350.
artifact_prefix='/tmp/bugrun/math_26.DQQo9E/'; Test unit written to /tmp/bugrun/math_26.DQQo9E/crash-9854a0ba9f7b7747a7027575818928068d870154
Base64: BATo6Ojo6OjoLg==
Done 2054 runs in 0 second(s)
DEDUP_TOKEN: 22f7c7d68108f271
[ERROR] Tests run: 2, Failures: 0, Errors: 1, Skipped: 0, Time elapsed: 9.900 s <<< FAILURE! -- in com.example.algorithm2.Algorithm2Test
[ERROR] com.example.algorithm2.Algorithm2Test.testParameterizedFuzzer(FuzzedDataProvider)[2] -- Time elapsed: 0.860 s <<< ERROR!
org.apache.commons.math3.exception.MathIllegalArgumentException: invalid rounding method -1,020, valid methods: ROUND_CEILING (2), ROUND_DOWN (1), ROUND_FLOOR (3), ROUND_HALF_DOWN (5), ROUND_HALF_EVEN (6), ROUND_HALF_UP (4), ROUND_UNNECESSARY (7), ROUND_UP (0)
	at org.apache.commons.math3.util.Precision.roundUnscaled(Precision.java:495)
	at org.apache.commons.math3.util.Precision.round(Precision.java:404)
	at jdk.internal.reflect.GeneratedMethodAccessor69.invoke(Unknown Source)
	at java.base/jdk.internal.reflect.DelegatingMethodAccessorImpl.invoke(DelegatingMethodAccessorImpl.java:43)
	at java.base/java.lang.reflect.Method.invoke(Method.java:566)
	at com.example.algorithm2.Algorithm2Test.testParameterizedFuzzer(Algorithm2Test.java:226)

[INFO] 
[INFO] Results:
[INFO] 
[ERROR] Errors: 
[ERROR]   Algorithm2Test.testParameterizedFuzzer:226 » MathIllegalArgument invalid rounding method -1,020, valid methods: ROUND_CEILING (2), ROUND_DOWN (1), ROUND_FLOOR (3), ROUND_HALF_DOWN (5), ROUND_HALF_EVEN (6), ROUND_HALF_UP (4), ROUND_UNNECESSARY (7), ROUND_UP (0)
[INFO] 
[ERROR] Tests run: 2, Failures: 0, Errors: 1, Skipped: 0
[INFO] 
[ERROR] 

Please refer to /tmp/bugrun/math_26.DQQo9E/target/surefire-reports for the individual test results.
Please refer to dump files (if any exist) [date].dump, [date]-jvmRun[N].dump and [date].dumpstream.
[INFO] 
[INFO] --- jacoco:0.8.11:report (default-cli) @ AlgorithmName2 ---
[INFO] Loading execution data file /tmp/bugrun/math_26.DQQo9E/target/jacoco.exec
[INFO] Analyzed bundle 'AlgorithmName2' with 662 classes
[INFO] ------------------------------------------------------------------------
[INFO] BUILD SUCCESS
[INFO] ------------------------------------------------------------------------
[INFO] Total time:  29.844 s
[INFO] Finished at: 2026-10-06T02:14:24+07:00
[INFO] ------------------------------------------------------------------------
