[INFO] Scanning for projects...
[INFO] 
[INFO] ---------------------< com.example:AlgorithmName2 >---------------------
[INFO] Building AlgorithmName2 1.0-SNAPSHOT
[INFO]   from pom.xml
[INFO] --------------------------------[ jar ]---------------------------------
[INFO] 
[INFO] --- jacoco:0.8.11:prepare-agent (default) @ AlgorithmName2 ---
[INFO] argLine set to -javaagent:/home/kanyaphak673380391-3/.m2/repository/org/jacoco/org.jacoco.agent/0.8.11/org.jacoco.agent-0.8.11-runtime.jar=destfile=/tmp/bugrun/cli_9.doRQw0/target/jacoco.exec
[INFO] 
[INFO] --- resources:3.4.0:resources (default-resources) @ AlgorithmName2 ---
[INFO] Copying 1 resource from src/main/resources to target/classes
[INFO] 
[INFO] --- compiler:3.15.0:compile (default-compile) @ AlgorithmName2 ---
[INFO] Recompiling the module because of changed source code.
[INFO] Compiling 1 source file with javac [debug target 1.8] to target/classes
[WARNING] bootstrap class path not set in conjunction with -source 8
[INFO] 
[INFO] --- dependency:3.6.0:unpack-dependencies (unpack-defects4j) @ AlgorithmName2 ---
[INFO] 
[INFO] --- resources:3.4.0:testResources (default-testResources) @ AlgorithmName2 ---
[INFO] skip non existing resourceDirectory /tmp/bugrun/cli_9.doRQw0/src/test/resources
[INFO] 
[INFO] --- compiler:3.15.0:testCompile (default-testCompile) @ AlgorithmName2 ---
[INFO] Recompiling the module because of changed dependency.
[INFO] Compiling 1 source file with javac [debug target 1.8] to target/test-classes
[WARNING] bootstrap class path not set in conjunction with -source 8
[INFO] 
[INFO] --- surefire:3.1.2:test (default-cli) @ AlgorithmName2 ---
[INFO] Using auto detected provider org.apache.maven.surefire.junitplatform.JUnitPlatformProvider
[INFO] 
[INFO] -------------------------------------------------------
[INFO]  T E S T S
[INFO] -------------------------------------------------------
[INFO] Running com.example.algorithm2.Algorithm2Test
OpenJDK 64-Bit Server VM warning: Sharing is only supported for boot loader classes because bootstrap classpath has been appended
INFO: Loaded 281 hooks from com.code_intelligence.jazzer.runtime.TraceCmpHooks
INFO: Loaded 5 hooks from com.code_intelligence.jazzer.runtime.TraceDivHooks
INFO: Loaded 2 hooks from com.code_intelligence.jazzer.runtime.TraceIndirHooks
INFO: Loaded 4 hooks from com.code_intelligence.jazzer.runtime.NativeLibHooks
INFO: Loaded 2 hooks from com.code_intelligence.jazzer.sanitizers.ClojureLangHooks
INFO: Loaded 5 hooks from com.code_intelligence.jazzer.sanitizers.Deserialization
INFO: Loaded 5 hooks from com.code_intelligence.jazzer.sanitizers.ExpressionLanguageInjection
INFO: Loaded 70 hooks from com.code_intelligence.jazzer.sanitizers.LdapInjection
INFO: Loaded 46 hooks from com.code_intelligence.jazzer.sanitizers.NamingContextLookup
INFO: Loaded 1 hooks from com.code_intelligence.jazzer.sanitizers.OsCommandInjection
INFO: Loaded 52 hooks from com.code_intelligence.jazzer.sanitizers.ReflectiveCall
INFO: Loaded 8 hooks from com.code_intelligence.jazzer.sanitizers.RegexInjection
INFO: Loaded 16 hooks from com.code_intelligence.jazzer.sanitizers.RegexRoadblocks
INFO: Loaded 18 hooks from com.code_intelligence.jazzer.sanitizers.ScriptEngineInjection
INFO: Loaded 2 hooks from com.code_intelligence.jazzer.sanitizers.ServerSideRequestForgery
INFO: Loaded 19 hooks from com.code_intelligence.jazzer.sanitizers.SqlInjection
INFO: Loaded 6 hooks from com.code_intelligence.jazzer.sanitizers.XPathInjection
INFO: Instrumented com.example.algorithm2.Algorithm2Test$Skip (took 638 ms, size +44%)
INFO: Instrumented com.example.algorithm2.Algorithm2Test (took 656 ms, size +27%)
INFO: Instrumented org.apache.commons.cli.CommandLine (took 251 ms, size +24%)
INFO: New number of coverage counters: 1024
INFO: Instrumented org.apache.commons.cli.Option (took 270 ms, size +25%)
[harness] target=org.apache.commons.cli.CommandLine factories=1 methods=14
INFO: found LLVMFuzzerCustomMutator (0x7606d0f6fcd0). Disabling -len_control by default.
INFO: Running with entropic power schedule (0xFF, 100).
INFO: Seed: 1235237704
INFO: using inputs from: /tmp/bugrun/cli_9.doRQw0/.cifuzz-corpus/com.example.algorithm2.Algorithm2Test/testParameterizedFuzzer
INFO: using inputs from: /tmp/jazzer-java-seeds17212316499914545554
INFO: Loaded 2 modules   (1024 inline 8-bit counters): 512 [0x760768b76ff0, 0x760768b771f0), 512 [0x760768b771f0, 0x760768b773f0), 
INFO: Loaded 2 PC tables (1024 PCs): 512 [0x760768aa3340,0x760768aa5340), 512 [0x760768a5e3c0,0x760768a603c0), 
INFO:        0 files found in /tmp/bugrun/cli_9.doRQw0/.cifuzz-corpus/com.example.algorithm2.Algorithm2Test/testParameterizedFuzzer
INFO:        0 files found in /tmp/jazzer-java-seeds17212316499914545554
INFO: -max_len is not provided; libFuzzer will not generate inputs larger than 4096 bytes
INFO: A corpus is not provided, starting from an empty corpus
#2	INITED cov: 31 ft: 31 corp: 1/1b exec/s: 0 rss: 1010Mb
#4	NEW    cov: 31 ft: 33 corp: 2/2b lim: 4 exec/s: 0 rss: 1010Mb L: 1/1 MS: 4 CrossOver-Custom-ChangeBit-Custom-
#5	NEW    cov: 48 ft: 50 corp: 3/3b lim: 4 exec/s: 0 rss: 1013Mb L: 1/1 MS: 2 ChangeBit-Custom-
#7	NEW    cov: 60 ft: 68 corp: 4/5b lim: 4 exec/s: 0 rss: 1013Mb L: 2/2 MS: 4 CrossOver-Custom-ChangeBinInt-Custom-
#8	NEW    cov: 60 ft: 69 corp: 5/7b lim: 4 exec/s: 0 rss: 1013Mb L: 2/2 MS: 2 CopyPart-Custom-
#13	NEW    cov: 62 ft: 71 corp: 6/8b lim: 4 exec/s: 0 rss: 1013Mb L: 1/2 MS: 10 CopyPart-Custom-CopyPart-Custom-EraseBytes-Custom-ShuffleBytes-Custom-ChangeByte-Custom-
#17	NEW    cov: 64 ft: 73 corp: 7/11b lim: 4 exec/s: 0 rss: 1013Mb L: 3/3 MS: 8 ChangeByte-Custom-CrossOver-Custom-InsertByte-Custom-CopyPart-Custom-
INFO: Instrumented org.apache.commons.cli.Util (took 32 ms, size +74%)
#33	NEW    cov: 69 ft: 82 corp: 8/12b lim: 4 exec/s: 0 rss: 1013Mb L: 1/3 MS: 2 ChangeByte-Custom-
#35	NEW    cov: 69 ft: 83 corp: 9/14b lim: 4 exec/s: 0 rss: 1013Mb L: 2/3 MS: 4 ChangeBit-Custom-CopyPart-Custom-
#43	NEW    cov: 72 ft: 86 corp: 10/16b lim: 4 exec/s: 0 rss: 1013Mb L: 2/3 MS: 6 ShuffleBytes-Custom-ShuffleBytes-Custom-ChangeBinInt-Custom-
#49	NEW    cov: 74 ft: 88 corp: 11/17b lim: 4 exec/s: 0 rss: 1013Mb L: 1/3 MS: 2 ChangeByte-Custom-
#52	NEW    cov: 77 ft: 91 corp: 12/21b lim: 4 exec/s: 0 rss: 1013Mb L: 4/4 MS: 6 CopyPart-Custom-ShuffleBytes-Custom-ChangeByte-Custom-
#55	NEW    cov: 77 ft: 94 corp: 13/23b lim: 4 exec/s: 0 rss: 1013Mb L: 2/4 MS: 6 ChangeBit-Custom-CrossOver-Custom-CrossOver-Custom-
#68	NEW    cov: 77 ft: 96 corp: 14/25b lim: 4 exec/s: 0 rss: 1013Mb L: 2/4 MS: 6 ShuffleBytes-Custom-ChangeByte-Custom-ChangeBit-Custom-
#78	NEW    cov: 77 ft: 99 corp: 15/29b lim: 4 exec/s: 0 rss: 1013Mb L: 4/4 MS: 10 ShuffleBytes-Custom-ShuffleBytes-Custom-CopyPart-Custom-ShuffleBytes-Custom-CopyPart-Custom-
#97	REDUCE cov: 77 ft: 99 corp: 15/28b lim: 4 exec/s: 0 rss: 1013Mb L: 3/4 MS: 8 ShuffleBytes-Custom-ShuffleBytes-Custom-ShuffleBytes-Custom-EraseBytes-Custom-
#115	NEW    cov: 77 ft: 106 corp: 16/32b lim: 4 exec/s: 0 rss: 1014Mb L: 4/4 MS: 6 CopyPart-Custom-ChangeByte-Custom-CMP-Custom- DE: "\377\377\377\017"-
#121	REDUCE cov: 77 ft: 106 corp: 16/31b lim: 4 exec/s: 0 rss: 1014Mb L: 2/4 MS: 2 EraseBytes-Custom-
#147	REDUCE cov: 77 ft: 106 corp: 16/30b lim: 4 exec/s: 0 rss: 1014Mb L: 3/4 MS: 2 EraseBytes-Custom-
#149	NEW    cov: 77 ft: 107 corp: 17/33b lim: 4 exec/s: 0 rss: 1014Mb L: 3/4 MS: 4 ShuffleBytes-Custom-CopyPart-Custom-
#158	NEW    cov: 77 ft: 108 corp: 18/37b lim: 4 exec/s: 0 rss: 1014Mb L: 4/4 MS: 8 CrossOver-Custom-CopyPart-Custom-CrossOver-Custom-CopyPart-Custom-
#160	REDUCE cov: 77 ft: 108 corp: 18/36b lim: 4 exec/s: 0 rss: 1014Mb L: 1/4 MS: 4 ChangeByte-Custom-EraseBytes-Custom-
#176	NEW    cov: 77 ft: 111 corp: 19/40b lim: 4 exec/s: 0 rss: 1014Mb L: 4/4 MS: 2 CrossOver-Custom-
#202	REDUCE cov: 77 ft: 111 corp: 19/39b lim: 4 exec/s: 0 rss: 1014Mb L: 1/4 MS: 2 EraseBytes-Custom-
#253	REDUCE cov: 77 ft: 114 corp: 20/43b lim: 4 exec/s: 0 rss: 1015Mb L: 4/4 MS: 2 InsertByte-Custom-
#277	NEW    cov: 77 ft: 117 corp: 21/47b lim: 4 exec/s: 0 rss: 1015Mb L: 4/4 MS: 8 ShuffleBytes-Custom-ChangeByte-Custom-CrossOver-Custom-CopyPart-Custom-
#281	REDUCE cov: 77 ft: 117 corp: 21/46b lim: 4 exec/s: 0 rss: 1015Mb L: 2/4 MS: 8 InsertByte-Custom-ChangeByte-Custom-EraseBytes-Custom-CopyPart-Custom-
#289	NEW    cov: 77 ft: 122 corp: 22/50b lim: 4 exec/s: 0 rss: 1015Mb L: 4/4 MS: 6 ShuffleBytes-Custom-ChangeBit-Custom-ChangeBinInt-Custom-
#353	NEW    cov: 77 ft: 134 corp: 23/54b lim: 4 exec/s: 0 rss: 1016Mb L: 4/4 MS: 8 CopyPart-Custom-ChangeBit-Custom-InsertByte-Custom-CopyPart-Custom-
#496	NEW    cov: 77 ft: 136 corp: 24/58b lim: 4 exec/s: 0 rss: 1017Mb L: 4/4 MS: 6 CopyPart-Custom-ShuffleBytes-Custom-ChangeBinInt-Custom-
#604	NEW    cov: 77 ft: 138 corp: 25/62b lim: 4 exec/s: 0 rss: 1017Mb L: 4/4 MS: 6 ShuffleBytes-Custom-CopyPart-Custom-CopyPart-Custom-
#636	NEW    cov: 77 ft: 142 corp: 26/66b lim: 4 exec/s: 0 rss: 1018Mb L: 4/4 MS: 4 CMP-Custom-CrossOver-Custom- DE: "\001\000"-
#657	REDUCE cov: 77 ft: 142 corp: 26/65b lim: 4 exec/s: 0 rss: 1018Mb L: 2/4 MS: 2 EraseBytes-Custom-
#823	NEW    cov: 77 ft: 146 corp: 27/69b lim: 4 exec/s: 0 rss: 1019Mb L: 4/4 MS: 2 ChangeBit-Custom-
#844	NEW    cov: 77 ft: 149 corp: 28/73b lim: 4 exec/s: 0 rss: 1019Mb L: 4/4 MS: 2 CopyPart-Custom-
#885	NEW    cov: 77 ft: 152 corp: 29/77b lim: 4 exec/s: 0 rss: 1019Mb L: 4/4 MS: 2 ChangeByte-Custom-
#926	REDUCE cov: 77 ft: 152 corp: 29/76b lim: 4 exec/s: 0 rss: 1019Mb L: 3/4 MS: 2 EraseBytes-Custom-
#1211	NEW    cov: 77 ft: 154 corp: 30/82b lim: 6 exec/s: 0 rss: 1021Mb L: 6/6 MS: 10 InsertByte-Custom-InsertRepeatedBytes-Custom-ChangeBit-Custom-CopyPart-Custom-CopyPart-Custom-
#1217	REDUCE cov: 77 ft: 154 corp: 30/81b lim: 6 exec/s: 0 rss: 1021Mb L: 1/6 MS: 2 EraseBytes-Custom-
#1229	NEW    cov: 77 ft: 156 corp: 31/87b lim: 6 exec/s: 0 rss: 1021Mb L: 6/6 MS: 4 PersAutoDict-Custom-CrossOver-Custom- DE: "\001\000"-
#1581	REDUCE cov: 77 ft: 156 corp: 31/86b lim: 8 exec/s: 0 rss: 1024Mb L: 1/6 MS: 4 CopyPart-Custom-EraseBytes-Custom-
#1734	NEW    cov: 77 ft: 158 corp: 32/94b lim: 8 exec/s: 0 rss: 1025Mb L: 8/8 MS: 6 ChangeBinInt-Custom-InsertRepeatedBytes-Custom-CopyPart-Custom-
#1750	NEW    cov: 77 ft: 170 corp: 33/101b lim: 8 exec/s: 0 rss: 1025Mb L: 7/8 MS: 2 InsertRepeatedBytes-Custom-
#1827	REDUCE cov: 77 ft: 170 corp: 33/100b lim: 8 exec/s: 0 rss: 1026Mb L: 5/8 MS: 4 EraseBytes-Custom-CopyPart-Custom-
#2025	NEW    cov: 77 ft: 172 corp: 34/108b lim: 8 exec/s: 0 rss: 1027Mb L: 8/8 MS: 6 ShuffleBytes-Custom-ShuffleBytes-Custom-PersAutoDict-Custom- DE: "\001\000"-
#2101	NEW    cov: 77 ft: 177 corp: 35/116b lim: 8 exec/s: 0 rss: 1027Mb L: 8/8 MS: 2 CopyPart-Custom-
#2475	NEW    cov: 77 ft: 179 corp: 36/125b lim: 11 exec/s: 0 rss: 1030Mb L: 9/9 MS: 8 ChangeBinInt-Custom-InsertByte-Custom-CrossOver-Custom-InsertRepeatedBytes-Custom-
#2586	REDUCE cov: 77 ft: 179 corp: 36/124b lim: 11 exec/s: 0 rss: 1031Mb L: 1/9 MS: 2 EraseBytes-Custom-
#2650	NEW    cov: 77 ft: 182 corp: 37/133b lim: 11 exec/s: 0 rss: 1032Mb L: 9/9 MS: 8 ChangeByte-Custom-CopyPart-Custom-CopyPart-Custom-CopyPart-Custom-
#2816	REDUCE cov: 77 ft: 183 corp: 38/141b lim: 11 exec/s: 0 rss: 1033Mb L: 8/9 MS: 2 CopyPart-Custom-
#2851	NEW    cov: 77 ft: 185 corp: 39/152b lim: 11 exec/s: 0 rss: 1033Mb L: 11/11 MS: 10 InsertByte-Custom-CopyPart-Custom-InsertByte-Custom-ChangeBit-Custom-ChangeBit-Custom-
#2917	NEW    cov: 77 ft: 187 corp: 40/161b lim: 11 exec/s: 0 rss: 1033Mb L: 9/11 MS: 2 CrossOver-Custom-
#3073	NEW    cov: 77 ft: 190 corp: 41/172b lim: 11 exec/s: 0 rss: 1034Mb L: 11/11 MS: 2 ChangeASCIIInt-Custom-
#3237	NEW    cov: 77 ft: 192 corp: 42/182b lim: 11 exec/s: 0 rss: 1036Mb L: 10/11 MS: 8 InsertByte-Custom-CrossOver-Custom-ChangeByte-Custom-ChangeBit-Custom-
#3265	NEW    cov: 77 ft: 195 corp: 43/192b lim: 11 exec/s: 0 rss: 1036Mb L: 10/11 MS: 6 EraseBytes-Custom-ChangeByte-Custom-InsertRepeatedBytes-Custom-
#3348	REDUCE cov: 77 ft: 199 corp: 44/203b lim: 11 exec/s: 0 rss: 1036Mb L: 11/11 MS: 6 ShuffleBytes-Custom-EraseBytes-Custom-InsertRepeatedBytes-Custom-
#3575	REDUCE cov: 77 ft: 199 corp: 44/202b lim: 11 exec/s: 0 rss: 1038Mb L: 7/11 MS: 4 ChangeBit-Custom-CrossOver-Custom-
#3616	REDUCE cov: 77 ft: 199 corp: 44/201b lim: 11 exec/s: 0 rss: 1038Mb L: 1/11 MS: 2 EraseBytes-Custom-
#3655	NEW    cov: 79 ft: 201 corp: 45/212b lim: 11 exec/s: 0 rss: 1039Mb L: 11/11 MS: 8 InsertByte-Custom-ShuffleBytes-Custom-ChangeBit-Custom-CrossOver-Custom-
#3737	REDUCE cov: 79 ft: 201 corp: 45/210b lim: 11 exec/s: 0 rss: 1039Mb L: 9/11 MS: 4 ChangeByte-Custom-EraseBytes-Custom-
#3803	NEW    cov: 79 ft: 206 corp: 46/220b lim: 11 exec/s: 0 rss: 1041Mb L: 10/11 MS: 2 InsertRepeatedBytes-Custom-
#3807	NEW    cov: 79 ft: 208 corp: 47/224b lim: 11 exec/s: 0 rss: 1041Mb L: 4/11 MS: 8 ChangeBit-Custom-PersAutoDict-Custom-ChangeByte-Custom-ChangeByte-Custom- DE: "\377\377\377\017"-
#4143	REDUCE cov: 79 ft: 210 corp: 48/235b lim: 14 exec/s: 0 rss: 1043Mb L: 11/11 MS: 2 InsertRepeatedBytes-Custom-
#4162	NEW    cov: 79 ft: 212 corp: 49/247b lim: 14 exec/s: 0 rss: 1043Mb L: 12/12 MS: 8 ChangeByte-Custom-CrossOver-Custom-InsertByte-Custom-CrossOver-Custom-
#4768	NEW    cov: 79 ft: 224 corp: 50/264b lim: 17 exec/s: 0 rss: 1048Mb L: 17/17 MS: 2 InsertRepeatedBytes-Custom-
#4819	REDUCE cov: 79 ft: 224 corp: 50/261b lim: 17 exec/s: 0 rss: 1048Mb L: 6/17 MS: 2 EraseBytes-Custom-
#5790	REDUCE cov: 79 ft: 224 corp: 50/255b lim: 25 exec/s: 5790 rss: 1056Mb L: 11/12 MS: 2 EraseBytes-Custom-
#6157	REDUCE cov: 79 ft: 224 corp: 50/252b lim: 25 exec/s: 6157 rss: 1059Mb L: 8/12 MS: 4 CopyPart-Custom-EraseBytes-Custom-
#6256	NEW    cov: 79 ft: 248 corp: 51/277b lim: 25 exec/s: 6256 rss: 1059Mb L: 25/25 MS: 8 EraseBytes-Custom-ChangeBit-Custom-EraseBytes-Custom-InsertRepeatedBytes-Custom-
#6565	REDUCE cov: 79 ft: 250 corp: 52/300b lim: 25 exec/s: 6565 rss: 1061Mb L: 23/25 MS: 8 CrossOver-Custom-ChangeBit-Custom-CopyPart-Custom-CopyPart-Custom-
#7000	REDUCE cov: 79 ft: 250 corp: 52/298b lim: 29 exec/s: 7000 rss: 1065Mb L: 7/25 MS: 10 EraseBytes-Custom-ShuffleBytes-Custom-ChangeByte-Custom-CrossOver-Custom-InsertByte-Custom-
#7016	REDUCE cov: 79 ft: 250 corp: 52/296b lim: 29 exec/s: 7016 rss: 1065Mb L: 4/25 MS: 2 EraseBytes-Custom-
#7688	REDUCE cov: 79 ft: 250 corp: 52/295b lim: 33 exec/s: 7688 rss: 1070Mb L: 8/25 MS: 4 CrossOver-Custom-EraseBytes-Custom-
#8909	REDUCE cov: 79 ft: 250 corp: 52/294b lim: 43 exec/s: 8909 rss: 1079Mb L: 3/25 MS: 2 EraseBytes-Custom-
#9300	REDUCE cov: 79 ft: 250 corp: 52/293b lim: 43 exec/s: 9300 rss: 1082Mb L: 7/25 MS: 2 EraseBytes-Custom-
#9541	REDUCE cov: 79 ft: 250 corp: 52/292b lim: 43 exec/s: 9541 rss: 1083Mb L: 10/25 MS: 2 EraseBytes-Custom-
#9733	REDUCE cov: 79 ft: 250 corp: 52/291b lim: 43 exec/s: 9733 rss: 1085Mb L: 10/25 MS: 4 CrossOver-Custom-EraseBytes-Custom-
#10321	REDUCE cov: 79 ft: 250 corp: 52/289b lim: 48 exec/s: 10321 rss: 1089Mb L: 23/23 MS: 6 InsertByte-Custom-ChangeByte-Custom-EraseBytes-Custom-
#10492	NEW    cov: 79 ft: 254 corp: 53/312b lim: 48 exec/s: 10492 rss: 1090Mb L: 23/23 MS: 2 InsertRepeatedBytes-Custom-
#10669	REDUCE cov: 79 ft: 259 corp: 54/353b lim: 48 exec/s: 10669 rss: 1091Mb L: 41/41 MS: 4 CrossOver-Custom-InsertRepeatedBytes-Custom-
#11054	NEW    cov: 81 ft: 261 corp: 55/361b lim: 48 exec/s: 11054 rss: 1094Mb L: 8/41 MS: 10 CMP-Custom-CrossOver-Custom-EraseBytes-Custom-ChangeBit-Custom-InsertRepeatedBytes-Custom- DE: "\020\000"-
#11599	REDUCE cov: 81 ft: 261 corp: 55/359b lim: 53 exec/s: 11599 rss: 1097Mb L: 6/41 MS: 10 ChangeBinInt-Custom-ChangeASCIIInt-Custom-ChangeASCIIInt-Custom-PersAutoDict-Custom-EraseBytes-Custom- DE: "\020\000"-
#11774	NEW    cov: 81 ft: 263 corp: 56/372b lim: 53 exec/s: 11774 rss: 1099Mb L: 13/41 MS: 10 InsertByte-Custom-PersAutoDict-Custom-EraseBytes-Custom-ShuffleBytes-Custom-InsertRepeatedBytes-Custom- DE: "\001\000"-
#12005	REDUCE cov: 81 ft: 263 corp: 56/366b lim: 53 exec/s: 12005 rss: 1100Mb L: 7/41 MS: 2 EraseBytes-Custom-
#12149	REDUCE cov: 81 ft: 265 corp: 57/394b lim: 53 exec/s: 12149 rss: 1101Mb L: 28/41 MS: 8 CrossOver-Custom-ShuffleBytes-Custom-CopyPart-Custom-InsertRepeatedBytes-Custom-
#12170	REDUCE cov: 81 ft: 265 corp: 57/393b lim: 53 exec/s: 12170 rss: 1101Mb L: 6/41 MS: 2 EraseBytes-Custom-
#12416	REDUCE cov: 81 ft: 265 corp: 57/390b lim: 53 exec/s: 12416 rss: 1103Mb L: 3/41 MS: 2 EraseBytes-Custom-
#12682	NEW    cov: 81 ft: 267 corp: 58/435b lim: 53 exec/s: 12682 rss: 1106Mb L: 45/45 MS: 2 InsertRepeatedBytes-Custom-
#12768	REDUCE cov: 81 ft: 267 corp: 58/429b lim: 53 exec/s: 12768 rss: 1107Mb L: 22/45 MS: 2 EraseBytes-Custom-
#13112	REDUCE cov: 81 ft: 267 corp: 58/428b lim: 53 exec/s: 13112 rss: 1109Mb L: 8/45 MS: 8 ShuffleBytes-Custom-CrossOver-Custom-EraseBytes-Custom-ChangeBit-Custom-
#13131	REDUCE cov: 81 ft: 267 corp: 58/426b lim: 53 exec/s: 13131 rss: 1109Mb L: 43/43 MS: 8 ChangeByte-Custom-ChangeByte-Custom-ChangeBinInt-Custom-EraseBytes-Custom-
#13404	REDUCE cov: 81 ft: 267 corp: 58/425b lim: 53 exec/s: 13404 rss: 1111Mb L: 42/42 MS: 6 CrossOver-Custom-ShuffleBytes-Custom-EraseBytes-Custom-
#13466	REDUCE cov: 81 ft: 267 corp: 58/424b lim: 53 exec/s: 13466 rss: 1111Mb L: 3/42 MS: 4 EraseBytes-Custom-ChangeByte-Custom-
#14982	REDUCE cov: 81 ft: 267 corp: 58/423b lim: 68 exec/s: 14982 rss: 1122Mb L: 9/42 MS: 2 EraseBytes-Custom-
#15348	REDUCE cov: 81 ft: 267 corp: 58/422b lim: 68 exec/s: 15348 rss: 1124Mb L: 5/42 MS: 2 EraseBytes-Custom-
#16958	REDUCE cov: 81 ft: 267 corp: 58/420b lim: 80 exec/s: 16958 rss: 1136Mb L: 39/42 MS: 10 ShuffleBytes-Custom-ShuffleBytes-Custom-EraseBytes-Custom-PersAutoDict-Custom-CrossOver-Custom- DE: "\020\000"-
#17131	REDUCE cov: 81 ft: 267 corp: 58/419b lim: 80 exec/s: 17131 rss: 1137Mb L: 2/42 MS: 6 InsertByte-Custom-EraseBytes-Custom-ChangeByte-Custom-
#19636	NEW    cov: 81 ft: 269 corp: 59/509b lim: 104 exec/s: 9818 rss: 1154Mb L: 90/90 MS: 10 InsertByte-Custom-InsertByte-Custom-PersAutoDict-Custom-InsertRepeatedBytes-Custom-CopyPart-Custom- DE: "\001\000"-
#19937	REDUCE cov: 81 ft: 274 corp: 60/588b lim: 104 exec/s: 9968 rss: 1156Mb L: 79/90 MS: 2 InsertRepeatedBytes-Custom-
#20260	REDUCE cov: 81 ft: 274 corp: 60/586b lim: 104 exec/s: 10130 rss: 1158Mb L: 77/90 MS: 6 ShuffleBytes-Custom-CopyPart-Custom-EraseBytes-Custom-
#20782	REDUCE cov: 81 ft: 274 corp: 60/573b lim: 104 exec/s: 10391 rss: 1162Mb L: 77/77 MS: 4 ChangeBit-Custom-EraseBytes-Custom-
#20977	REDUCE cov: 81 ft: 274 corp: 60/571b lim: 104 exec/s: 10488 rss: 1163Mb L: 10/77 MS: 10 ChangeBinInt-Custom-EraseBytes-Custom-ShuffleBytes-Custom-ChangeByte-Custom-InsertByte-Custom-
#21554	REDUCE cov: 81 ft: 274 corp: 60/570b lim: 104 exec/s: 10777 rss: 1167Mb L: 76/77 MS: 4 InsertByte-Custom-EraseBytes-Custom-
#24250	REDUCE cov: 81 ft: 279 corp: 61/689b lim: 128 exec/s: 12125 rss: 1186Mb L: 119/119 MS: 2 InsertRepeatedBytes-Custom-
#24681	REDUCE cov: 81 ft: 279 corp: 61/688b lim: 128 exec/s: 12340 rss: 1189Mb L: 22/119 MS: 2 EraseBytes-Custom-
#26861	REDUCE cov: 81 ft: 279 corp: 61/681b lim: 149 exec/s: 13430 rss: 1204Mb L: 112/112 MS: 10 CrossOver-Custom-InsertRepeatedBytes-Custom-ChangeBinInt-Custom-EraseBytes-Custom-EraseBytes-Custom-
#28523	REDUCE cov: 81 ft: 279 corp: 61/679b lim: 163 exec/s: 14261 rss: 1216Mb L: 3/112 MS: 4 ShuffleBytes-Custom-EraseBytes-Custom-
#28753	REDUCE cov: 81 ft: 279 corp: 61/677b lim: 163 exec/s: 14376 rss: 1217Mb L: 75/112 MS: 10 EraseBytes-Custom-InsertByte-Custom-CMP-Custom-ChangeByte-Custom-CrossOver-Custom- DE: "\001\000\000\000\000\000\000\000"-
#29746	REDUCE cov: 81 ft: 279 corp: 61/676b lim: 170 exec/s: 14873 rss: 1224Mb L: 38/112 MS: 6 ChangeByte-Custom-ChangeBinInt-Custom-EraseBytes-Custom-
#31562	REDUCE cov: 81 ft: 279 corp: 61/674b lim: 184 exec/s: 15781 rss: 1237Mb L: 36/112 MS: 2 EraseBytes-Custom-
#31650	REDUCE cov: 81 ft: 279 corp: 61/672b lim: 184 exec/s: 15825 rss: 1237Mb L: 74/112 MS: 6 InsertByte-Custom-ShuffleBytes-Custom-EraseBytes-Custom-
#32768	pulse  cov: 81 ft: 279 corp: 61/672b lim: 191 exec/s: 16384 rss: 1245Mb
#32996	REDUCE cov: 81 ft: 279 corp: 61/671b lim: 191 exec/s: 16498 rss: 1247Mb L: 7/112 MS: 2 EraseBytes-Custom-
#34526	REDUCE cov: 81 ft: 279 corp: 61/670b lim: 205 exec/s: 11508 rss: 1258Mb L: 7/112 MS: 10 EraseBytes-Custom-ChangeBit-Custom-ChangeByte-Custom-CopyPart-Custom-InsertByte-Custom-
#34602	REDUCE cov: 81 ft: 279 corp: 61/669b lim: 205 exec/s: 11534 rss: 1258Mb L: 41/112 MS: 2 EraseBytes-Custom-
#35885	REDUCE cov: 81 ft: 279 corp: 61/668b lim: 212 exec/s: 11961 rss: 1260Mb L: 10/112 MS: 6 ChangeBinInt-Custom-ChangeBit-Custom-EraseBytes-Custom-
#36691	REDUCE cov: 81 ft: 279 corp: 61/667b lim: 219 exec/s: 12230 rss: 1261Mb L: 7/112 MS: 2 EraseBytes-Custom-
#37867	REDUCE cov: 81 ft: 279 corp: 61/666b lim: 226 exec/s: 12622 rss: 1261Mb L: 8/112 MS: 2 EraseBytes-Custom-
#40023	REDUCE cov: 81 ft: 279 corp: 61/665b lim: 247 exec/s: 13341 rss: 1261Mb L: 3/112 MS: 2 EraseBytes-Custom-
#42923	REDUCE cov: 81 ft: 281 corp: 62/883b lim: 269 exec/s: 14307 rss: 1261Mb L: 218/218 MS: 10 PersAutoDict-Custom-CrossOver-Custom-InsertRepeatedBytes-Custom-InsertByte-Custom-CopyPart-Custom- DE: "\001\000"-
#45969	REDUCE cov: 81 ft: 281 corp: 62/882b lim: 293 exec/s: 15323 rss: 1261Mb L: 74/218 MS: 2 EraseBytes-Custom-
#46057	REDUCE cov: 81 ft: 281 corp: 62/881b lim: 293 exec/s: 15352 rss: 1261Mb L: 73/218 MS: 6 ChangeByte-Custom-InsertRepeatedBytes-Custom-EraseBytes-Custom-
#48880	REDUCE cov: 81 ft: 281 corp: 62/879b lim: 317 exec/s: 16293 rss: 1261Mb L: 216/216 MS: 6 ChangeBinInt-Custom-InsertRepeatedBytes-Custom-EraseBytes-Custom-
#54136	REDUCE cov: 81 ft: 281 corp: 62/874b lim: 365 exec/s: 18045 rss: 1261Mb L: 211/211 MS: 2 EraseBytes-Custom-
#57557	REDUCE cov: 81 ft: 281 corp: 62/870b lim: 397 exec/s: 19185 rss: 1261Mb L: 207/207 MS: 2 EraseBytes-Custom-
#57649	REDUCE cov: 81 ft: 281 corp: 62/869b lim: 397 exec/s: 19216 rss: 1261Mb L: 206/206 MS: 4 ChangeASCIIInt-Custom-EraseBytes-Custom-
#64331	REDUCE cov: 81 ft: 281 corp: 62/868b lim: 461 exec/s: 21443 rss: 1261Mb L: 111/206 MS: 4 EraseBytes-Custom-CrossOver-Custom-
#65536	pulse  cov: 81 ft: 281 corp: 62/868b lim: 469 exec/s: 21845 rss: 1261Mb
#68830	REDUCE cov: 81 ft: 281 corp: 62/866b lim: 501 exec/s: 22943 rss: 1261Mb L: 39/206 MS: 8 ShuffleBytes-Custom-ChangeBit-Custom-EraseBytes-Custom-CMP-Custom- DE: "\001\000\000\000\000\000\000\000"-
#69145	REDUCE cov: 81 ft: 290 corp: 63/1141b lim: 501 exec/s: 23048 rss: 1261Mb L: 275/275 MS: 10 CrossOver-Custom-CopyPart-Custom-InsertRepeatedBytes-Custom-ChangeByte-Custom-CopyPart-Custom-
#69993	REDUCE cov: 81 ft: 292 corp: 64/1266b lim: 509 exec/s: 23331 rss: 1261Mb L: 125/275 MS: 6 EraseBytes-Custom-EraseBytes-Custom-InsertRepeatedBytes-Custom-
#70025	REDUCE cov: 81 ft: 294 corp: 65/1374b lim: 509 exec/s: 23341 rss: 1261Mb L: 108/275 MS: 4 ChangeByte-Custom-CrossOver-Custom-
#70316	REDUCE cov: 81 ft: 294 corp: 65/1350b lim: 509 exec/s: 23438 rss: 1261Mb L: 84/275 MS: 2 EraseBytes-Custom-
#71286	REDUCE cov: 81 ft: 294 corp: 65/1348b lim: 517 exec/s: 23762 rss: 1261Mb L: 123/275 MS: 10 ChangeBit-Custom-ShuffleBytes-Custom-ChangeBit-Custom-ChangeBit-Custom-EraseBytes-Custom-
#72072	REDUCE cov: 81 ft: 294 corp: 65/1347b lim: 517 exec/s: 24024 rss: 1261Mb L: 22/275 MS: 2 EraseBytes-Custom-
#72134	REDUCE cov: 81 ft: 294 corp: 65/1335b lim: 517 exec/s: 24044 rss: 1261Mb L: 111/275 MS: 4 ChangeByte-Custom-EraseBytes-Custom-
#72993	REDUCE cov: 81 ft: 294 corp: 65/1330b lim: 517 exec/s: 24331 rss: 1261Mb L: 79/275 MS: 8 ChangeByte-Custom-ChangeByte-Custom-ChangeBit-Custom-EraseBytes-Custom-
#73032	REDUCE cov: 81 ft: 294 corp: 65/1329b lim: 517 exec/s: 24344 rss: 1261Mb L: 78/275 MS: 8 CrossOver-Custom-PersAutoDict-Custom-ChangeByte-Custom-EraseBytes-Custom- DE: "\377\377\377\017"-
#73274	REDUCE cov: 81 ft: 294 corp: 65/1323b lim: 517 exec/s: 24424 rss: 1261Mb L: 105/275 MS: 4 ChangeByte-Custom-EraseBytes-Custom-
#75268	REDUCE cov: 81 ft: 296 corp: 66/1539b lim: 535 exec/s: 25089 rss: 1261Mb L: 216/275 MS: 8 ChangeByte-Custom-CopyPart-Custom-EraseBytes-Custom-CrossOver-Custom-
#75496	REDUCE cov: 81 ft: 296 corp: 66/1515b lim: 535 exec/s: 25165 rss: 1261Mb L: 251/251 MS: 6 PersAutoDict-Custom-InsertRepeatedBytes-Custom-EraseBytes-Custom- DE: "\001\000\000\000\000\000\000\000"-
#75784	NEW    cov: 81 ft: 298 corp: 67/1799b lim: 535 exec/s: 25261 rss: 1261Mb L: 284/284 MS: 6 ChangeBit-Custom-InsertRepeatedBytes-Custom-CrossOver-Custom-
#76222	NEW    cov: 81 ft: 300 corp: 68/2294b lim: 535 exec/s: 25407 rss: 1261Mb L: 495/495 MS: 6 CopyPart-Custom-ChangeBinInt-Custom-CopyPart-Custom-
#76793	REDUCE cov: 81 ft: 300 corp: 68/2287b lim: 535 exec/s: 25597 rss: 1261Mb L: 277/495 MS: 2 EraseBytes-Custom-
#77190	REDUCE cov: 81 ft: 300 corp: 68/2206b lim: 535 exec/s: 25730 rss: 1261Mb L: 135/495 MS: 4 EraseBytes-Custom-ChangeBit-Custom-
#78092	REDUCE cov: 81 ft: 300 corp: 68/2186b lim: 535 exec/s: 26030 rss: 1261Mb L: 257/495 MS: 4 ChangeBit-Custom-EraseBytes-Custom-
#80249	REDUCE cov: 81 ft: 300 corp: 68/2167b lim: 553 exec/s: 26749 rss: 1264Mb L: 116/495 MS: 4 ShuffleBytes-Custom-EraseBytes-Custom-
#80681	REDUCE cov: 81 ft: 300 corp: 68/2166b lim: 553 exec/s: 26893 rss: 1267Mb L: 250/495 MS: 4 InsertByte-Custom-EraseBytes-Custom-
#84830	REDUCE cov: 81 ft: 300 corp: 68/2161b lim: 589 exec/s: 28276 rss: 1298Mb L: 490/490 MS: 8 EraseBytes-Custom-ChangeByte-Custom-ChangeASCIIInt-Custom-CopyPart-Custom-
#86171	REDUCE cov: 81 ft: 302 corp: 69/2655b lim: 598 exec/s: 28723 rss: 1308Mb L: 494/494 MS: 2 PersAutoDict-Custom- DE: "\377\377\377\017"-
#87273	REDUCE cov: 81 ft: 302 corp: 69/2627b lim: 607 exec/s: 29091 rss: 1311Mb L: 229/494 MS: 4 ShuffleBytes-Custom-EraseBytes-Custom-
#87412	REDUCE cov: 81 ft: 302 corp: 69/2626b lim: 607 exec/s: 29137 rss: 1311Mb L: 2/494 MS: 8 EraseBytes-Custom-ChangeByte-Custom-InsertByte-Custom-EraseBytes-Custom-
#90408	REDUCE cov: 81 ft: 302 corp: 69/2625b lim: 634 exec/s: 30136 rss: 1311Mb L: 10/494 MS: 2 EraseBytes-Custom-
#93370	REDUCE cov: 81 ft: 302 corp: 69/2622b lim: 661 exec/s: 31123 rss: 1311Mb L: 247/494 MS: 4 ChangeByte-Custom-EraseBytes-Custom-
#98477	REDUCE cov: 81 ft: 302 corp: 69/2620b lim: 706 exec/s: 32825 rss: 1311Mb L: 71/494 MS: 4 ShuffleBytes-Custom-EraseBytes-Custom-
#98958	REDUCE cov: 81 ft: 302 corp: 69/2584b lim: 706 exec/s: 32986 rss: 1311Mb L: 458/490 MS: 2 EraseBytes-Custom-
#99476	REDUCE cov: 81 ft: 302 corp: 69/2583b lim: 706 exec/s: 33158 rss: 1311Mb L: 489/489 MS: 6 InsertRepeatedBytes-Custom-InsertRepeatedBytes-Custom-EraseBytes-Custom-
#100372	REDUCE cov: 81 ft: 302 corp: 69/2537b lim: 706 exec/s: 33457 rss: 1311Mb L: 412/489 MS: 2 EraseBytes-Custom-
#102867	REDUCE cov: 81 ft: 302 corp: 69/2534b lim: 724 exec/s: 34289 rss: 1311Mb L: 75/489 MS: 10 EraseBytes-Custom-EraseBytes-Custom-InsertByte-Custom-InsertByte-Custom-CrossOver-Custom-
#106662	REDUCE cov: 81 ft: 302 corp: 69/2531b lim: 760 exec/s: 35554 rss: 1311Mb L: 113/489 MS: 10 CrossOver-Custom-InsertByte-Custom-EraseBytes-Custom-ChangeByte-Custom-CrossOver-Custom-
#108904	REDUCE cov: 81 ft: 302 corp: 69/2526b lim: 778 exec/s: 36301 rss: 1311Mb L: 224/489 MS: 4 ChangeASCIIInt-Custom-EraseBytes-Custom-
#110569	REDUCE cov: 81 ft: 302 corp: 69/2492b lim: 787 exec/s: 36856 rss: 1311Mb L: 79/489 MS: 10 ChangeByte-Custom-EraseBytes-Custom-EraseBytes-Custom-CMP-Custom-PersAutoDict-Custom- DE: "\001\000\000\000\000\000\000\000"-"\377\377\377\017"-
#110914	DONE   cov: 81 ft: 302 corp: 69/2492b lim: 787 exec/s: 27728 rss: 1311Mb
###### Recommended dictionary. ######
"\377\377\377\017" # Uses: 2650
"\001\000" # Uses: 2940
"\020\000" # Uses: 2505
"\001\000\000\000\000\000\000\000" # Uses: 1617
###### End of recommended dictionary. ######
Done 110914 runs in 4 second(s)
[INFO] Tests run: 2, Failures: 0, Errors: 0, Skipped: 0, Time elapsed: 24.18 s -- in com.example.algorithm2.Algorithm2Test
[INFO] 
[INFO] Results:
[INFO] 
[INFO] Tests run: 2, Failures: 0, Errors: 0, Skipped: 0
[INFO] 
[INFO] 
[INFO] --- jacoco:0.8.11:report (default-cli) @ AlgorithmName2 ---
[INFO] Loading execution data file /tmp/bugrun/cli_9.doRQw0/target/jacoco.exec
[INFO] Analyzed bundle 'AlgorithmName2' with 21 classes
[INFO] ------------------------------------------------------------------------
[INFO] BUILD SUCCESS
[INFO] ------------------------------------------------------------------------
[INFO] Total time:  42.465 s
[INFO] Finished at: 2026-10-06T01:45:40+07:00
[INFO] ------------------------------------------------------------------------
