[INFO] Scanning for projects...
[INFO] 
[INFO] ---------------------< com.example:AlgorithmName2 >---------------------
[INFO] Building AlgorithmName2 1.0-SNAPSHOT
[INFO]   from pom.xml
[INFO] --------------------------------[ jar ]---------------------------------
[INFO] 
[INFO] --- jacoco:0.8.11:prepare-agent (default) @ AlgorithmName2 ---
[INFO] argLine set to -javaagent:/home/kanyaphak673380391-3/.m2/repository/org/jacoco/org.jacoco.agent/0.8.11/org.jacoco.agent-0.8.11-runtime.jar=destfile=/tmp/bugrun/math_24.gVKLjH/target/jacoco.exec
[INFO] 
[INFO] --- resources:3.4.0:resources (default-resources) @ AlgorithmName2 ---
[INFO] Copying 1 resource from src/main/resources to target/classes
[INFO] 
[INFO] --- compiler:3.15.0:compile (default-compile) @ AlgorithmName2 ---
[INFO] Recompiling the module because of changed source code.
[INFO] Compiling 1 source file with javac [debug target 1.8] to target/classes
[WARNING] bootstrap class path not set in conjunction with -source 8
[INFO] 
[INFO] --- dependency:3.6.0:unpack-dependencies (unpack-defects4j) @ AlgorithmName2 ---
[INFO] 
[INFO] --- resources:3.4.0:testResources (default-testResources) @ AlgorithmName2 ---
[INFO] skip non existing resourceDirectory /tmp/bugrun/math_24.gVKLjH/src/test/resources
[INFO] 
[INFO] --- compiler:3.15.0:testCompile (default-testCompile) @ AlgorithmName2 ---
[INFO] Recompiling the module because of changed dependency.
[INFO] Compiling 1 source file with javac [debug target 1.8] to target/test-classes
[WARNING] bootstrap class path not set in conjunction with -source 8
[INFO] 
[INFO] --- surefire:3.1.2:test (default-cli) @ AlgorithmName2 ---
[INFO] Using auto detected provider org.apache.maven.surefire.junitplatform.JUnitPlatformProvider
[INFO] 
[INFO] -------------------------------------------------------
[INFO]  T E S T S
[INFO] -------------------------------------------------------
[INFO] Running com.example.algorithm2.Algorithm2Test
OpenJDK 64-Bit Server VM warning: Sharing is only supported for boot loader classes because bootstrap classpath has been appended
INFO: Loaded 284 hooks from com.code_intelligence.jazzer.runtime.TraceCmpHooks
INFO: Loaded 5 hooks from com.code_intelligence.jazzer.runtime.TraceDivHooks
INFO: Loaded 2 hooks from com.code_intelligence.jazzer.runtime.TraceIndirHooks
INFO: Loaded 4 hooks from com.code_intelligence.jazzer.runtime.NativeLibHooks
INFO: Loaded 2 hooks from com.code_intelligence.jazzer.sanitizers.ClojureLangHooks
INFO: Loaded 5 hooks from com.code_intelligence.jazzer.sanitizers.Deserialization
INFO: Loaded 5 hooks from com.code_intelligence.jazzer.sanitizers.ExpressionLanguageInjection
INFO: Loaded 70 hooks from com.code_intelligence.jazzer.sanitizers.LdapInjection
INFO: Loaded 46 hooks from com.code_intelligence.jazzer.sanitizers.NamingContextLookup
INFO: Loaded 1 hooks from com.code_intelligence.jazzer.sanitizers.OsCommandInjection
INFO: Loaded 52 hooks from com.code_intelligence.jazzer.sanitizers.ReflectiveCall
INFO: Loaded 8 hooks from com.code_intelligence.jazzer.sanitizers.RegexInjection
INFO: Loaded 16 hooks from com.code_intelligence.jazzer.sanitizers.RegexRoadblocks
INFO: Loaded 18 hooks from com.code_intelligence.jazzer.sanitizers.ScriptEngineInjection
INFO: Loaded 2 hooks from com.code_intelligence.jazzer.sanitizers.ServerSideRequestForgery
INFO: Loaded 19 hooks from com.code_intelligence.jazzer.sanitizers.SqlInjection
INFO: Loaded 6 hooks from com.code_intelligence.jazzer.sanitizers.XPathInjection
INFO: Instrumented com.example.algorithm2.Algorithm2Test$Skip (took 556 ms, size +44%)
INFO: Instrumented com.example.algorithm2.Algorithm2Test (took 224 ms, size +27%)
INFO: New number of coverage counters: 1024
INFO: Instrumented org.apache.commons.math3.util.Precision (took 118 ms, size +27%)
INFO: Instrumented org.apache.commons.math3.exception.MathArithmeticException (took 21 ms, size +24%)
INFO: Instrumented org.apache.commons.math3.exception.util.ExceptionContextProvider (took 1 ms, size +0%)
INFO: Instrumented org.apache.commons.math3.exception.util.Localizable (took 1 ms, size +0%)
INFO: Instrumented org.apache.commons.math3.exception.MathIllegalArgumentException (took 10 ms, size +27%)
[harness] target=org.apache.commons.math3.util.Precision factories=1 methods=19
INFO: New number of coverage counters: 2048
INFO: Instrumented org.apache.commons.math3.util.FastMath (took 199 ms, size +16%)
INFO: found LLVMFuzzerCustomMutator (0x770f0836acd0). Disabling -len_control by default.
INFO: Running with entropic power schedule (0xFF, 100).
INFO: Seed: 446266347
INFO: using inputs from: /tmp/bugrun/math_24.gVKLjH/.cifuzz-corpus/com.example.algorithm2.Algorithm2Test/testParameterizedFuzzer
INFO: using inputs from: /tmp/jazzer-java-seeds10356484313414739374
INFO: Loaded 3 modules   (2048 inline 8-bit counters): 512 [0x770f70a88320, 0x770f70a88520), 512 [0x770f70a88520, 0x770f70a88720), 1024 [0x770f70a88720, 0x770f70a88b20), 
INFO: Loaded 3 PC tables (2048 PCs): 512 [0x770f704e2590,0x770f704e4590), 512 [0x770f70a0c2d0,0x770f70a0e2d0), 1024 [0x770f70a6fcd0,0x770f70a73cd0), 
INFO:        0 files found in /tmp/bugrun/math_24.gVKLjH/.cifuzz-corpus/com.example.algorithm2.Algorithm2Test/testParameterizedFuzzer
INFO:        0 files found in /tmp/jazzer-java-seeds10356484313414739374
INFO: -max_len is not provided; libFuzzer will not generate inputs larger than 4096 bytes
INFO: A corpus is not provided, starting from an empty corpus
#2	INITED cov: 47 ft: 47 corp: 1/1b exec/s: 0 rss: 812Mb
#4	NEW    cov: 51 ft: 65 corp: 2/2b lim: 4 exec/s: 0 rss: 812Mb L: 1/1 MS: 4 CopyPart-Custom-ChangeByte-Custom-
#8	NEW    cov: 65 ft: 79 corp: 3/4b lim: 4 exec/s: 0 rss: 812Mb L: 2/2 MS: 8 ShuffleBytes-Custom-CopyPart-Custom-ChangeBinInt-Custom-ChangeBit-Custom-
#9	NEW    cov: 66 ft: 82 corp: 4/5b lim: 4 exec/s: 0 rss: 812Mb L: 1/2 MS: 2 ChangeByte-Custom-
#10	NEW    cov: 75 ft: 93 corp: 5/7b lim: 4 exec/s: 0 rss: 812Mb L: 2/2 MS: 2 InsertByte-Custom-
#11	NEW    cov: 75 ft: 95 corp: 6/8b lim: 4 exec/s: 0 rss: 812Mb L: 1/2 MS: 2 ChangeBit-Custom-
#12	NEW    cov: 77 ft: 97 corp: 7/10b lim: 4 exec/s: 0 rss: 812Mb L: 2/2 MS: 2 ChangeBinInt-Custom-
#14	NEW    cov: 83 ft: 103 corp: 8/13b lim: 4 exec/s: 0 rss: 812Mb L: 3/3 MS: 4 CMP-Custom-InsertByte-Custom- DE: "\000\001"-
#26	NEW    cov: 100 ft: 126 corp: 9/14b lim: 4 exec/s: 0 rss: 813Mb L: 1/3 MS: 4 ChangeBit-Custom-ChangeByte-Custom-
#29	NEW    cov: 104 ft: 130 corp: 10/15b lim: 4 exec/s: 0 rss: 813Mb L: 1/3 MS: 6 CopyPart-Custom-CopyPart-Custom-ChangeBit-Custom-
#30	NEW    cov: 113 ft: 139 corp: 11/16b lim: 4 exec/s: 0 rss: 813Mb L: 1/3 MS: 2 ChangeBit-Custom-
#33	NEW    cov: 115 ft: 141 corp: 12/19b lim: 4 exec/s: 0 rss: 813Mb L: 3/3 MS: 6 ChangeByte-Custom-PersAutoDict-Custom-ChangeByte-Custom- DE: "\000\001"-
#37	NEW    cov: 117 ft: 143 corp: 13/23b lim: 4 exec/s: 0 rss: 813Mb L: 4/4 MS: 8 ShuffleBytes-Custom-CrossOver-Custom-CrossOver-Custom-ChangeByte-Custom-
#54	NEW    cov: 121 ft: 147 corp: 14/25b lim: 4 exec/s: 0 rss: 813Mb L: 2/4 MS: 4 CopyPart-Custom-InsertByte-Custom-
#69	NEW    cov: 131 ft: 157 corp: 15/27b lim: 4 exec/s: 0 rss: 813Mb L: 2/4 MS: 10 ChangeBinInt-Custom-ShuffleBytes-Custom-ChangeByte-Custom-ChangeBit-Custom-InsertByte-Custom-
#72	NEW    cov: 135 ft: 163 corp: 16/30b lim: 4 exec/s: 0 rss: 813Mb L: 3/4 MS: 6 CopyPart-Custom-InsertByte-Custom-CopyPart-Custom-
#74	NEW    cov: 139 ft: 167 corp: 17/32b lim: 4 exec/s: 0 rss: 813Mb L: 2/4 MS: 4 CrossOver-Custom-CrossOver-Custom-
#93	NEW    cov: 140 ft: 168 corp: 18/36b lim: 4 exec/s: 0 rss: 813Mb L: 4/4 MS: 8 PersAutoDict-Custom-CopyPart-Custom-ChangeByte-Custom-ChangeBit-Custom- DE: "\000\001"-
#95	NEW    cov: 144 ft: 172 corp: 19/38b lim: 4 exec/s: 0 rss: 813Mb L: 2/4 MS: 4 CrossOver-Custom-InsertByte-Custom-
#109	NEW    cov: 146 ft: 174 corp: 20/40b lim: 4 exec/s: 0 rss: 813Mb L: 2/4 MS: 8 ShuffleBytes-Custom-InsertByte-Custom-ChangeASCIIInt-Custom-ChangeBit-Custom-
#117	NEW    cov: 147 ft: 175 corp: 21/44b lim: 4 exec/s: 0 rss: 813Mb L: 4/4 MS: 6 CopyPart-Custom-ShuffleBytes-Custom-ChangeBinInt-Custom-
#134	NEW    cov: 148 ft: 176 corp: 22/48b lim: 4 exec/s: 0 rss: 813Mb L: 4/4 MS: 4 CopyPart-Custom-ChangeBinInt-Custom-
#137	NEW    cov: 149 ft: 177 corp: 23/52b lim: 4 exec/s: 0 rss: 813Mb L: 4/4 MS: 6 CopyPart-Custom-PersAutoDict-Custom-CrossOver-Custom- DE: "\000\001"-
#163	NEW    cov: 150 ft: 178 corp: 24/56b lim: 4 exec/s: 0 rss: 813Mb L: 4/4 MS: 2 ShuffleBytes-Custom-
#171	NEW    cov: 150 ft: 180 corp: 25/58b lim: 4 exec/s: 0 rss: 813Mb L: 2/4 MS: 6 ChangeBit-Custom-CopyPart-Custom-ChangeBinInt-Custom-
#178	NEW    cov: 151 ft: 181 corp: 26/60b lim: 4 exec/s: 0 rss: 813Mb L: 2/4 MS: 4 ChangeBit-Custom-InsertByte-Custom-
#191	NEW    cov: 153 ft: 183 corp: 27/63b lim: 4 exec/s: 0 rss: 813Mb L: 3/4 MS: 6 PersAutoDict-Custom-PersAutoDict-Custom-ChangeBinInt-Custom- DE: "\000\001"-"\000\001"-
#192	NEW    cov: 157 ft: 187 corp: 28/67b lim: 4 exec/s: 0 rss: 813Mb L: 4/4 MS: 2 ChangeByte-Custom-
#194	REDUCE cov: 157 ft: 187 corp: 28/66b lim: 4 exec/s: 0 rss: 813Mb L: 2/4 MS: 4 ChangeBit-Custom-EraseBytes-Custom-
#206	NEW    cov: 159 ft: 189 corp: 29/69b lim: 4 exec/s: 0 rss: 813Mb L: 3/4 MS: 4 ChangeByte-Custom-EraseBytes-Custom-
#237	REDUCE cov: 159 ft: 189 corp: 29/67b lim: 4 exec/s: 0 rss: 813Mb L: 2/4 MS: 2 EraseBytes-Custom-
#238	NEW    cov: 161 ft: 191 corp: 30/68b lim: 4 exec/s: 0 rss: 813Mb L: 1/4 MS: 2 ChangeBit-Custom-
#352	REDUCE cov: 161 ft: 191 corp: 30/66b lim: 4 exec/s: 0 rss: 813Mb L: 2/4 MS: 8 ChangeBit-Custom-CopyPart-Custom-CrossOver-Custom-EraseBytes-Custom-
#363	NEW    cov: 162 ft: 192 corp: 31/69b lim: 4 exec/s: 0 rss: 813Mb L: 3/4 MS: 2 CopyPart-Custom-
#444	NEW    cov: 163 ft: 193 corp: 32/73b lim: 4 exec/s: 0 rss: 816Mb L: 4/4 MS: 2 CrossOver-Custom-
#589	NEW    cov: 166 ft: 196 corp: 33/76b lim: 4 exec/s: 0 rss: 816Mb L: 3/4 MS: 10 PersAutoDict-Custom-EraseBytes-Custom-ChangeBit-Custom-ChangeBit-Custom-CopyPart-Custom- DE: "\000\001"-
#745	REDUCE cov: 166 ft: 196 corp: 33/75b lim: 4 exec/s: 0 rss: 816Mb L: 2/4 MS: 2 EraseBytes-Custom-
#751	REDUCE cov: 167 ft: 197 corp: 34/77b lim: 4 exec/s: 0 rss: 816Mb L: 2/4 MS: 2 ChangeBinInt-Custom-
#847	REDUCE cov: 168 ft: 198 corp: 35/79b lim: 4 exec/s: 0 rss: 816Mb L: 2/4 MS: 2 ChangeBit-Custom-
#878	REDUCE cov: 168 ft: 198 corp: 35/78b lim: 4 exec/s: 0 rss: 816Mb L: 1/4 MS: 2 EraseBytes-Custom-
#884	NEW    cov: 169 ft: 199 corp: 36/80b lim: 4 exec/s: 0 rss: 816Mb L: 2/4 MS: 2 CrossOver-Custom-
#922	REDUCE cov: 169 ft: 199 corp: 36/78b lim: 4 exec/s: 0 rss: 816Mb L: 2/4 MS: 6 PersAutoDict-Custom-EraseBytes-Custom-ChangeBinInt-Custom- DE: "\000\001"-
#1083	REDUCE cov: 169 ft: 199 corp: 36/77b lim: 4 exec/s: 0 rss: 816Mb L: 3/4 MS: 2 EraseBytes-Custom-
#1104	NEW    cov: 170 ft: 200 corp: 37/80b lim: 4 exec/s: 0 rss: 816Mb L: 3/4 MS: 2 ChangeByte-Custom-
#1235	REDUCE cov: 170 ft: 200 corp: 37/79b lim: 4 exec/s: 0 rss: 816Mb L: 1/4 MS: 2 EraseBytes-Custom-
#1322	REDUCE cov: 170 ft: 200 corp: 37/77b lim: 4 exec/s: 0 rss: 816Mb L: 2/4 MS: 4 CrossOver-Custom-EraseBytes-Custom-
#1433	REDUCE cov: 170 ft: 200 corp: 37/76b lim: 4 exec/s: 0 rss: 816Mb L: 2/4 MS: 2 EraseBytes-Custom-
#1449	REDUCE cov: 170 ft: 200 corp: 37/75b lim: 4 exec/s: 0 rss: 816Mb L: 2/4 MS: 2 EraseBytes-Custom-
#1640	REDUCE cov: 170 ft: 200 corp: 37/73b lim: 4 exec/s: 0 rss: 816Mb L: 2/4 MS: 2 EraseBytes-Custom-
#2120	REDUCE cov: 171 ft: 201 corp: 38/81b lim: 8 exec/s: 0 rss: 816Mb L: 8/8 MS: 10 ChangeByte-Custom-CrossOver-Custom-ShuffleBytes-Custom-ShuffleBytes-Custom-CMP-Custom- DE: "\001\000\000\001"-
#2167	REDUCE cov: 171 ft: 201 corp: 38/80b lim: 8 exec/s: 0 rss: 816Mb L: 2/8 MS: 4 CopyPart-Custom-EraseBytes-Custom-
#2242	NEW    cov: 178 ft: 208 corp: 39/88b lim: 8 exec/s: 0 rss: 816Mb L: 8/8 MS: 10 CopyPart-Custom-ChangeBit-Custom-InsertByte-Custom-PersAutoDict-Custom-CrossOver-Custom- DE: "\000\001"-
#2478	NEW    cov: 179 ft: 209 corp: 40/90b lim: 8 exec/s: 0 rss: 816Mb L: 2/8 MS: 2 ChangeBit-Custom-
#2564	NEW    cov: 181 ft: 212 corp: 41/98b lim: 8 exec/s: 0 rss: 816Mb L: 8/8 MS: 2 CrossOver-Custom-
#2873	NEW    cov: 181 ft: 214 corp: 42/108b lim: 11 exec/s: 0 rss: 816Mb L: 10/10 MS: 8 ChangeASCIIInt-Custom-ChangeBit-Custom-CrossOver-Custom-CrossOver-Custom-
#2955	REDUCE cov: 181 ft: 214 corp: 42/106b lim: 11 exec/s: 0 rss: 816Mb L: 1/10 MS: 4 EraseBytes-Custom-EraseBytes-Custom-
#3092	NEW    cov: 181 ft: 216 corp: 43/115b lim: 11 exec/s: 0 rss: 816Mb L: 9/10 MS: 4 EraseBytes-Custom-InsertRepeatedBytes-Custom-
#3131	NEW    cov: 181 ft: 219 corp: 44/126b lim: 11 exec/s: 0 rss: 816Mb L: 11/11 MS: 8 ChangeBinInt-Custom-InsertByte-Custom-ShuffleBytes-Custom-CopyPart-Custom-
WARN: Some hooks could not be applied to class files built for Java 7 or lower.
                       Ensure that the fuzz target and its dependencies are compiled with
                       -target 8 or higher to identify as many bugs as possible.
INFO: Instrumented org.apache.commons.math3.exception.util.LocalizedFormats (took 122 ms, size +6%)
MS: 4 CopyPart-Custom-CMP-Custom- DE: "\377\377\377\377\377\377\377\000"-; base unit: bd8ac64a3ad2f2f5fe0d3cf2bd5c3023373555c3
0xff,0xff,0xff,0xff,0xff,0xff,0xff,0x0,0x4,0x4,0x31,
\377\377\377\377\377\377\377\000\004\0041
artifact_prefix='/tmp/bugrun/math_24.gVKLjH/'; Test unit written to /tmp/bugrun/math_24.gVKLjH/crash-b78f26c84718d3eb096e63ea03c89880811196b2
Base64: /////////wAEBDE=
Done 3133 runs in 0 second(s)
INFO: Instrumented org.apache.commons.math3.exception.util.ExceptionContext (took 41 ms, size +24%)
INFO: Instrumented org.apache.commons.math3.exception.util.ArgUtils (took 3 ms, size +46%)
DEDUP_TOKEN: 9216e82c4fc2f361
[ERROR] Tests run: 2, Failures: 0, Errors: 1, Skipped: 0, Time elapsed: 12.89 s <<< FAILURE! -- in com.example.algorithm2.Algorithm2Test
[ERROR] com.example.algorithm2.Algorithm2Test.testParameterizedFuzzer(FuzzedDataProvider)[2] -- Time elapsed: 1.001 s <<< ERROR!
org.apache.commons.math3.exception.MathIllegalArgumentException: invalid rounding method -1,024, valid methods: ROUND_CEILING (2), ROUND_DOWN (1), ROUND_FLOOR (3), ROUND_HALF_DOWN (5), ROUND_HALF_EVEN (6), ROUND_HALF_UP (4), ROUND_UNNECESSARY (7), ROUND_UP (0)
	at org.apache.commons.math3.util.Precision.roundUnscaled(Precision.java:502)
	at org.apache.commons.math3.util.Precision.round(Precision.java:411)
	at jdk.internal.reflect.GeneratedMethodAccessor74.invoke(Unknown Source)
	at java.base/jdk.internal.reflect.DelegatingMethodAccessorImpl.invoke(DelegatingMethodAccessorImpl.java:43)
	at java.base/java.lang.reflect.Method.invoke(Method.java:566)
	at com.example.algorithm2.Algorithm2Test.testParameterizedFuzzer(Algorithm2Test.java:226)

[INFO] 
[INFO] Results:
[INFO] 
[ERROR] Errors: 
[ERROR]   Algorithm2Test.testParameterizedFuzzer:226 » MathIllegalArgument invalid rounding method -1,024, valid methods: ROUND_CEILING (2), ROUND_DOWN (1), ROUND_FLOOR (3), ROUND_HALF_DOWN (5), ROUND_HALF_EVEN (6), ROUND_HALF_UP (4), ROUND_UNNECESSARY (7), ROUND_UP (0)
[INFO] 
[ERROR] Tests run: 2, Failures: 0, Errors: 1, Skipped: 0
[INFO] 
[ERROR] 

Please refer to /tmp/bugrun/math_24.gVKLjH/target/surefire-reports for the individual test results.
Please refer to dump files (if any exist) [date].dump, [date]-jvmRun[N].dump and [date].dumpstream.
[INFO] 
[INFO] --- jacoco:0.8.11:report (default-cli) @ AlgorithmName2 ---
[INFO] Loading execution data file /tmp/bugrun/math_24.gVKLjH/target/jacoco.exec
[INFO] Analyzed bundle 'AlgorithmName2' with 657 classes
[INFO] ------------------------------------------------------------------------
[INFO] BUILD SUCCESS
[INFO] ------------------------------------------------------------------------
[INFO] Total time:  33.362 s
[INFO] Finished at: 2026-10-06T03:55:41+07:00
[INFO] ------------------------------------------------------------------------
