[INFO] Scanning for projects...
[INFO] 
[INFO] ---------------------< com.example:AlgorithmName2 >---------------------
[INFO] Building AlgorithmName2 1.0-SNAPSHOT
[INFO]   from pom.xml
[INFO] --------------------------------[ jar ]---------------------------------
[INFO] 
[INFO] --- jacoco:0.8.11:prepare-agent (default) @ AlgorithmName2 ---
[INFO] argLine set to -javaagent:/home/kanyaphak673380391-3/.m2/repository/org/jacoco/org.jacoco.agent/0.8.11/org.jacoco.agent-0.8.11-runtime.jar=destfile=/tmp/bugrun/jacksoncore_15.oQYi89/target/jacoco.exec
[INFO] 
[INFO] --- resources:3.4.0:resources (default-resources) @ AlgorithmName2 ---
[INFO] Copying 1 resource from src/main/resources to target/classes
[INFO] 
[INFO] --- compiler:3.15.0:compile (default-compile) @ AlgorithmName2 ---
[INFO] Recompiling the module because of changed source code.
[INFO] Compiling 1 source file with javac [debug target 1.8] to target/classes
[WARNING] bootstrap class path not set in conjunction with -source 8
[INFO] 
[INFO] --- dependency:3.6.0:unpack-dependencies (unpack-defects4j) @ AlgorithmName2 ---
[INFO] 
[INFO] --- resources:3.4.0:testResources (default-testResources) @ AlgorithmName2 ---
[INFO] skip non existing resourceDirectory /tmp/bugrun/jacksoncore_15.oQYi89/src/test/resources
[INFO] 
[INFO] --- compiler:3.15.0:testCompile (default-testCompile) @ AlgorithmName2 ---
[INFO] Recompiling the module because of changed dependency.
[INFO] Compiling 1 source file with javac [debug target 1.8] to target/test-classes
[WARNING] bootstrap class path not set in conjunction with -source 8
[INFO] 
[INFO] --- surefire:3.1.2:test (default-cli) @ AlgorithmName2 ---
[INFO] Using auto detected provider org.apache.maven.surefire.junitplatform.JUnitPlatformProvider
[INFO] 
[INFO] -------------------------------------------------------
[INFO]  T E S T S
[INFO] -------------------------------------------------------
[INFO] Running com.example.algorithm2.Algorithm2Test
OpenJDK 64-Bit Server VM warning: Sharing is only supported for boot loader classes because bootstrap classpath has been appended
INFO: Loaded 284 hooks from com.code_intelligence.jazzer.runtime.TraceCmpHooks
INFO: Loaded 5 hooks from com.code_intelligence.jazzer.runtime.TraceDivHooks
INFO: Loaded 2 hooks from com.code_intelligence.jazzer.runtime.TraceIndirHooks
INFO: Loaded 4 hooks from com.code_intelligence.jazzer.runtime.NativeLibHooks
INFO: Loaded 2 hooks from com.code_intelligence.jazzer.sanitizers.ClojureLangHooks
INFO: Loaded 5 hooks from com.code_intelligence.jazzer.sanitizers.Deserialization
INFO: Loaded 5 hooks from com.code_intelligence.jazzer.sanitizers.ExpressionLanguageInjection
INFO: Loaded 70 hooks from com.code_intelligence.jazzer.sanitizers.LdapInjection
INFO: Loaded 46 hooks from com.code_intelligence.jazzer.sanitizers.NamingContextLookup
INFO: Loaded 1 hooks from com.code_intelligence.jazzer.sanitizers.OsCommandInjection
INFO: Loaded 52 hooks from com.code_intelligence.jazzer.sanitizers.ReflectiveCall
INFO: Loaded 8 hooks from com.code_intelligence.jazzer.sanitizers.RegexInjection
INFO: Loaded 16 hooks from com.code_intelligence.jazzer.sanitizers.RegexRoadblocks
INFO: Loaded 18 hooks from com.code_intelligence.jazzer.sanitizers.ScriptEngineInjection
INFO: Loaded 2 hooks from com.code_intelligence.jazzer.sanitizers.ServerSideRequestForgery
INFO: Loaded 19 hooks from com.code_intelligence.jazzer.sanitizers.SqlInjection
INFO: Loaded 6 hooks from com.code_intelligence.jazzer.sanitizers.XPathInjection
INFO: Instrumented com.example.algorithm2.Algorithm2Test$Skip (took 221 ms, size +44%)
INFO: Instrumented com.example.algorithm2.Algorithm2Test (took 222 ms, size +27%)
INFO: New number of coverage counters: 1024
INFO: Instrumented com.fasterxml.jackson.core.JsonFactory (took 231 ms, size +11%)
INFO: Instrumented com.fasterxml.jackson.core.Versioned (took 1 ms, size +0%)
INFO: Instrumented com.fasterxml.jackson.core.SerializableString (took 11 ms, size +0%)
INFO: Instrumented com.fasterxml.jackson.core.JsonGenerator (took 164 ms, size +13%)
INFO: New number of coverage counters: 2048
INFO: Instrumented com.fasterxml.jackson.core.json.UTF8JsonGenerator (took 200 ms, size +21%)
INFO: Instrumented com.fasterxml.jackson.core.json.JsonGeneratorImpl (took 23 ms, size +17%)
INFO: Instrumented com.fasterxml.jackson.core.base.GeneratorBase (took 109 ms, size +14%)
INFO: Instrumented com.fasterxml.jackson.core.io.UTF8Writer (took 39 ms, size +26%)
INFO: New number of coverage counters: 4096
INFO: Instrumented com.fasterxml.jackson.core.json.WriterBasedJsonGenerator (took 137 ms, size +21%)
INFO: Instrumented com.fasterxml.jackson.core.JsonParser (took 88 ms, size +11%)
INFO: Instrumented com.fasterxml.jackson.core.json.ReaderBasedJsonParser (took 150 ms, size +25%)
INFO: New number of coverage counters: 8192
INFO: Instrumented com.fasterxml.jackson.core.base.ParserBase (took 48 ms, size +17%)
INFO: Instrumented com.fasterxml.jackson.core.base.ParserMinimalBase (took 24 ms, size +17%)
INFO: Instrumented com.fasterxml.jackson.core.JsonFactory$Feature (took 10 ms, size +29%)
INFO: Instrumented com.fasterxml.jackson.core.JsonParser$Feature (took 7 ms, size +25%)
INFO: Instrumented com.fasterxml.jackson.core.JsonGenerator$Feature (took 10 ms, size +25%)
INFO: Instrumented com.fasterxml.jackson.core.util.DefaultPrettyPrinter (took 20 ms, size +16%)
INFO: Instrumented com.fasterxml.jackson.core.PrettyPrinter (took 2 ms, size +0%)
INFO: Instrumented com.fasterxml.jackson.core.util.Instantiatable (took 1 ms, size +0%)
INFO: Instrumented com.fasterxml.jackson.core.util.DefaultPrettyPrinter$Indenter (took 0 ms, size +0%)
INFO: Instrumented com.fasterxml.jackson.core.io.SerializedString (took 25 ms, size +20%)
INFO: Instrumented com.fasterxml.jackson.core.ObjectCodec (took 7 ms, size +13%)
INFO: Instrumented com.fasterxml.jackson.core.TreeCodec (took 4 ms, size +32%)
INFO: Instrumented com.fasterxml.jackson.core.Version (took 29 ms, size +34%)
INFO: Instrumented com.fasterxml.jackson.core.JsonParseException (took 23 ms, size +17%)
INFO: Instrumented com.fasterxml.jackson.core.JsonProcessingException (took 19 ms, size +20%)
INFO: Instrumented com.fasterxml.jackson.core.JsonEncoding (took 8 ms, size +22%)
INFO: Instrumented com.fasterxml.jackson.core.util.BufferRecycler (took 13 ms, size +24%)
INFO: Instrumented com.fasterxml.jackson.core.FormatSchema (took 0 ms, size +0%)
INFO: Instrumented com.fasterxml.jackson.core.format.InputAccessor (took 13 ms, size +0%)
INFO: Instrumented com.fasterxml.jackson.core.format.MatchStrength (took 2 ms, size +28%)
INFO: Instrumented com.fasterxml.jackson.core.io.InputDecorator (took 2 ms, size +37%)
INFO: Instrumented com.fasterxml.jackson.core.io.CharacterEscapes (took 2 ms, size +35%)
INFO: Instrumented com.fasterxml.jackson.core.io.OutputDecorator (took 41 ms, size +42%)
[harness] target=com.fasterxml.jackson.core.JsonFactory factories=1 methods=53
INFO: Instrumented com.fasterxml.jackson.core.sym.CharsToNameCanonicalizer (took 56 ms, size +15%)
INFO: Instrumented com.fasterxml.jackson.core.sym.CharsToNameCanonicalizer$Bucket (took 13 ms, size +39%)
INFO: Instrumented com.fasterxml.jackson.core.sym.ByteQuadsCanonicalizer (took 57 ms, size +19%)
INFO: Instrumented com.fasterxml.jackson.core.sym.ByteQuadsCanonicalizer$TableInfo (took 5 ms, size +22%)
INFO: found LLVMFuzzerCustomMutator (0x71ae2556ecd0). Disabling -len_control by default.
INFO: Running with entropic power schedule (0xFF, 100).
INFO: Seed: 872191910
INFO: Loaded 5 modules   (8192 inline 8-bit counters): 512 [0x71aeccb9c250, 0x71aeccb9c450), 512 [0x71aeccb9c450, 0x71aeccb9c650), 1024 [0x71aeccb9c650, 0x71aeccb9ca50), 2048 [0x71aeccb9ca50, 0x71aeccb9d250), 4096 [0x71aeccb9d250, 0x71aeccb9e250), 
INFO: INFO: Loaded 5 PC tables (8192 PCs): 512 [0x71aecc27df90,0x71aecc27ff90), 512 [0x71aecc638380,0x71aecc63a380), 1024 [0x71aecc4a9fb0,0x71aecc4adfb0), 2048 [0x71aecc456030,0x71aecc45e030), 4096 [0x71aecc717270,0x71aecc727270), 
using inputs from: /tmp/bugrun/jacksoncore_15.oQYi89/.cifuzz-corpus/com.example.algorithm2.Algorithm2Test/testParameterizedFuzzer
INFO:        0 files found in /tmp/bugrun/jacksoncore_15.oQYi89/.cifuzz-corpus/com.example.algorithm2.Algorithm2Test/testParameterizedFuzzer
INFO:        0 files found in /tmp/jazzer-java-seeds10815024907526089945
INFO: INFO: -max_len is not provided; libFuzzer will not generate inputs larger than 4096 bytes
using inputs from: /tmp/jazzer-java-seeds10815024907526089945
INFO: A corpus is not provided, starting from an empty corpus
INFO: Instrumented com.fasterxml.jackson.core.io.IOContext (took 8 ms, size +18%)
INFO: Instrumented com.fasterxml.jackson.core.JsonStreamContext (took 7 ms, size +35%)
INFO: Instrumented com.fasterxml.jackson.core.json.JsonReadContext (took 8 ms, size +15%)
INFO: Instrumented com.fasterxml.jackson.core.io.CharTypes (took 13 ms, size +23%)
#2	INITED cov: 228 ft: 228 corp: 1/1b exec/s: 0 rss: 997Mb
#3	NEW    cov: 263 ft: 268 corp: 2/2b lim: 4 exec/s: 0 rss: 997Mb L: 1/1 MS: 2 ChangeBit-Custom-
INFO: Instrumented com.fasterxml.jackson.core.util.TextBuffer (took 66 ms, size +21%)
INFO: Instrumented com.fasterxml.jackson.core.json.ByteSourceJsonBootstrapper (took 11 ms, size +21%)
INFO: Instrumented com.fasterxml.jackson.core.json.UTF8StreamJsonParser (took 134 ms, size +24%)
#4	NEW    cov: 306 ft: 316 corp: 3/3b lim: 4 exec/s: 0 rss: 997Mb L: 1/1 MS: 2 ChangeBit-Custom-
#5	NEW    cov: 306 ft: 317 corp: 4/4b lim: 4 exec/s: 0 rss: 997Mb L: 1/1 MS: 2 CrossOver-Custom-
#6	NEW    cov: 324 ft: 337 corp: 5/5b lim: 4 exec/s: 0 rss: 997Mb L: 1/1 MS: 2 ChangeByte-Custom-
#7	NEW    cov: 330 ft: 347 corp: 6/6b lim: 4 exec/s: 0 rss: 997Mb L: 1/1 MS: 2 ChangeByte-Custom-
#10	NEW    cov: 348 ft: 386 corp: 7/8b lim: 4 exec/s: 0 rss: 997Mb L: 2/2 MS: 6 ChangeByte-Custom-InsertByte-Custom-ChangeBit-Custom-
#11	NEW    cov: 349 ft: 390 corp: 8/9b lim: 4 exec/s: 0 rss: 997Mb L: 1/2 MS: 2 ChangeBit-Custom-
#12	NEW    cov: 349 ft: 392 corp: 9/10b lim: 4 exec/s: 0 rss: 997Mb L: 1/2 MS: 2 ShuffleBytes-Custom-
#13	NEW    cov: 355 ft: 398 corp: 10/12b lim: 4 exec/s: 0 rss: 998Mb L: 2/2 MS: 2 ChangeBinInt-Custom-
#15	NEW    cov: 383 ft: 426 corp: 11/14b lim: 4 exec/s: 0 rss: 998Mb L: 2/2 MS: 4 ShuffleBytes-Custom-InsertByte-Custom-
#16	NEW    cov: 387 ft: 432 corp: 12/17b lim: 4 exec/s: 0 rss: 998Mb L: 3/3 MS: 2 InsertByte-Custom-
#18	NEW    cov: 388 ft: 433 corp: 13/18b lim: 4 exec/s: 0 rss: 998Mb L: 1/3 MS: 4 InsertByte-Custom-EraseBytes-Custom-
#20	NEW    cov: 389 ft: 442 corp: 14/19b lim: 4 exec/s: 0 rss: 998Mb L: 1/3 MS: 4 ShuffleBytes-Custom-ChangeByte-Custom-
#25	NEW    cov: 392 ft: 449 corp: 15/21b lim: 4 exec/s: 0 rss: 998Mb L: 2/3 MS: 10 ShuffleBytes-Custom-CrossOver-Custom-InsertByte-Custom-ShuffleBytes-Custom-ChangeBinInt-Custom-
#27	NEW    cov: 393 ft: 450 corp: 16/23b lim: 4 exec/s: 0 rss: 998Mb L: 2/3 MS: 4 CopyPart-Custom-InsertByte-Custom-
#28	NEW    cov: 398 ft: 455 corp: 17/24b lim: 4 exec/s: 0 rss: 998Mb L: 1/3 MS: 2 ChangeBinInt-Custom-
#29	NEW    cov: 400 ft: 457 corp: 18/25b lim: 4 exec/s: 0 rss: 998Mb L: 1/3 MS: 2 ChangeBinInt-Custom-
#33	NEW    cov: 400 ft: 470 corp: 19/27b lim: 4 exec/s: 0 rss: 999Mb L: 2/3 MS: 8 CopyPart-Custom-CrossOver-Custom-EraseBytes-Custom-InsertByte-Custom-
#39	NEW    cov: 402 ft: 472 corp: 20/28b lim: 4 exec/s: 0 rss: 999Mb L: 1/3 MS: 2 ChangeByte-Custom-
INFO: Instrumented com.fasterxml.jackson.core.io.MergedStream (took 11 ms, size +27%)
INFO: Instrumented com.fasterxml.jackson.core.io.UTF32Reader (took 7 ms, size +22%)
#44	NEW    cov: 471 ft: 544 corp: 21/32b lim: 4 exec/s: 0 rss: 1000Mb L: 4/4 MS: 10 InsertByte-Custom-InsertByte-Custom-ChangeBit-Custom-InsertByte-Custom-ChangeBit-Custom-
#48	NEW    cov: 499 ft: 612 corp: 22/35b lim: 4 exec/s: 0 rss: 1000Mb L: 3/4 MS: 8 CopyPart-Custom-EraseBytes-Custom-ChangeByte-Custom-ShuffleBytes-Custom-
#55	NEW    cov: 499 ft: 614 corp: 23/37b lim: 4 exec/s: 0 rss: 1000Mb L: 2/4 MS: 4 CopyPart-Custom-CrossOver-Custom-
#56	NEW    cov: 499 ft: 615 corp: 24/40b lim: 4 exec/s: 0 rss: 1000Mb L: 3/4 MS: 2 ShuffleBytes-Custom-
#58	NEW    cov: 500 ft: 616 corp: 25/41b lim: 4 exec/s: 0 rss: 1000Mb L: 1/4 MS: 4 ShuffleBytes-Custom-ChangeByte-Custom-
#61	NEW    cov: 505 ft: 621 corp: 26/44b lim: 4 exec/s: 0 rss: 1000Mb L: 3/4 MS: 6 ChangeByte-Custom-ShuffleBytes-Custom-InsertByte-Custom-
#63	NEW    cov: 510 ft: 628 corp: 27/45b lim: 4 exec/s: 0 rss: 1000Mb L: 1/4 MS: 4 ChangeByte-Custom-ChangeASCIIInt-Custom-
#69	NEW    cov: 511 ft: 629 corp: 28/48b lim: 4 exec/s: 0 rss: 1000Mb L: 3/4 MS: 2 InsertByte-Custom-
#72	NEW    cov: 513 ft: 632 corp: 29/51b lim: 4 exec/s: 0 rss: 1000Mb L: 3/4 MS: 6 CrossOver-Custom-CopyPart-Custom-InsertByte-Custom-
#74	NEW    cov: 515 ft: 634 corp: 30/52b lim: 4 exec/s: 0 rss: 1000Mb L: 1/4 MS: 4 ShuffleBytes-Custom-ChangeByte-Custom-
#77	NEW    cov: 515 ft: 640 corp: 31/54b lim: 4 exec/s: 0 rss: 1000Mb L: 2/4 MS: 6 ShuffleBytes-Custom-ChangeBit-Custom-CopyPart-Custom-
#80	NEW    cov: 515 ft: 647 corp: 32/56b lim: 4 exec/s: 0 rss: 1000Mb L: 2/4 MS: 6 ChangeBit-Custom-CopyPart-Custom-ChangeBit-Custom-
#81	NEW    cov: 515 ft: 649 corp: 33/60b lim: 4 exec/s: 0 rss: 1000Mb L: 4/4 MS: 2 CrossOver-Custom-
#86	NEW    cov: 515 ft: 650 corp: 34/62b lim: 4 exec/s: 0 rss: 1000Mb L: 2/4 MS: 10 InsertByte-Custom-CrossOver-Custom-ChangeByte-Custom-CopyPart-Custom-EraseBytes-Custom-
#96	NEW    cov: 515 ft: 660 corp: 35/66b lim: 4 exec/s: 0 rss: 1000Mb L: 4/4 MS: 10 ShuffleBytes-Custom-ChangeByte-Custom-InsertByte-Custom-CrossOver-Custom-ChangeByte-Custom-
#103	NEW    cov: 515 ft: 666 corp: 36/70b lim: 4 exec/s: 0 rss: 1000Mb L: 4/4 MS: 4 ShuffleBytes-Custom-CopyPart-Custom-
#109	NEW    cov: 516 ft: 667 corp: 37/71b lim: 4 exec/s: 0 rss: 1000Mb L: 1/4 MS: 2 ChangeByte-Custom-
#111	NEW    cov: 523 ft: 674 corp: 38/75b lim: 4 exec/s: 0 rss: 1000Mb L: 4/4 MS: 4 InsertByte-Custom-ChangeBinInt-Custom-
#112	NEW    cov: 527 ft: 678 corp: 39/77b lim: 4 exec/s: 0 rss: 1000Mb L: 2/4 MS: 2 InsertByte-Custom-
#119	NEW    cov: 527 ft: 682 corp: 40/80b lim: 4 exec/s: 0 rss: 1000Mb L: 3/4 MS: 4 ShuffleBytes-Custom-CrossOver-Custom-
#121	NEW    cov: 529 ft: 685 corp: 41/81b lim: 4 exec/s: 0 rss: 1000Mb L: 1/4 MS: 4 CrossOver-Custom-ChangeBit-Custom-
INFO: Instrumented com.fasterxml.jackson.core.JsonGenerationException (took 12 ms, size +19%)
INFO: Instrumented com.fasterxml.jackson.core.json.JsonWriteContext (took 12 ms, size +19%)
INFO: Instrumented com.fasterxml.jackson.core.json.PackageVersion (took 2 ms, size +35%)
WARN: Some hooks could not be applied to class files built for Java 7 or lower.
                       Ensure that the fuzz target and its dependencies are compiled with
                       -target 8 or higher to identify as many bugs as possible.
INFO: Instrumented com.fasterxml.jackson.core.util.VersionUtil (took 30 ms, size +21%)
#123	NEW    cov: 564 ft: 720 corp: 42/84b lim: 4 exec/s: 0 rss: 1000Mb L: 3/4 MS: 4 ChangeByte-Custom-ChangeByte-Custom-
#130	NEW    cov: 566 ft: 722 corp: 43/86b lim: 4 exec/s: 0 rss: 1004Mb L: 2/4 MS: 4 ShuffleBytes-Custom-ChangeBit-Custom-
#131	NEW    cov: 566 ft: 723 corp: 44/88b lim: 4 exec/s: 0 rss: 1005Mb L: 2/4 MS: 2 CopyPart-Custom-
#139	REDUCE cov: 566 ft: 723 corp: 44/87b lim: 4 exec/s: 0 rss: 1008Mb L: 2/4 MS: 6 InsertByte-Custom-ChangeByte-Custom-EraseBytes-Custom-
#159	NEW    cov: 585 ft: 742 corp: 45/88b lim: 4 exec/s: 0 rss: 1010Mb L: 1/4 MS: 10 ShuffleBytes-Custom-CopyPart-Custom-ChangeByte-Custom-EraseBytes-Custom-ChangeBit-Custom-
#165	NEW    cov: 587 ft: 744 corp: 46/89b lim: 4 exec/s: 0 rss: 1010Mb L: 1/4 MS: 2 ChangeByte-Custom-
#174	NEW    cov: 587 ft: 750 corp: 47/93b lim: 4 exec/s: 0 rss: 1010Mb L: 4/4 MS: 8 ChangeBit-Custom-ChangeBit-Custom-CopyPart-Custom-CrossOver-Custom-
#176	NEW    cov: 587 ft: 751 corp: 48/97b lim: 4 exec/s: 0 rss: 1010Mb L: 4/4 MS: 4 ShuffleBytes-Custom-ChangeBinInt-Custom-
#181	NEW    cov: 588 ft: 752 corp: 49/101b lim: 4 exec/s: 0 rss: 1010Mb L: 4/4 MS: 10 CopyPart-Custom-CMP-Custom-ChangeBit-Custom-CrossOver-Custom-ShuffleBytes-Custom- DE: "\010\000"-
#183	NEW    cov: 589 ft: 755 corp: 50/103b lim: 4 exec/s: 0 rss: 1010Mb L: 2/4 MS: 4 InsertByte-Custom-PersAutoDict-Custom- DE: "\010\000"-
#185	NEW    cov: 590 ft: 756 corp: 51/106b lim: 4 exec/s: 0 rss: 1010Mb L: 3/4 MS: 4 CMP-Custom-ShuffleBytes-Custom- DE: "\032\000"-
#186	NEW    cov: 609 ft: 775 corp: 52/110b lim: 4 exec/s: 0 rss: 1010Mb L: 4/4 MS: 2 ChangeByte-Custom-
#201	NEW    cov: 611 ft: 777 corp: 53/113b lim: 4 exec/s: 0 rss: 1010Mb L: 3/4 MS: 10 PersAutoDict-Custom-CrossOver-Custom-ShuffleBytes-Custom-ChangeBinInt-Custom-EraseBytes-Custom- DE: "\010\000"-
#213	NEW    cov: 612 ft: 778 corp: 54/114b lim: 4 exec/s: 0 rss: 1010Mb L: 1/4 MS: 4 ShuffleBytes-Custom-ChangeByte-Custom-
#238	NEW    cov: 613 ft: 779 corp: 55/117b lim: 4 exec/s: 0 rss: 1010Mb L: 3/4 MS: 10 ChangeByte-Custom-ChangeBit-Custom-CrossOver-Custom-ShuffleBytes-Custom-ChangeBit-Custom-
#243	NEW    cov: 613 ft: 780 corp: 56/119b lim: 4 exec/s: 0 rss: 1010Mb L: 2/4 MS: 10 CopyPart-Custom-CrossOver-Custom-EraseBytes-Custom-ChangeBinInt-Custom-CopyPart-Custom-
#251	NEW    cov: 614 ft: 781 corp: 57/121b lim: 4 exec/s: 0 rss: 1010Mb L: 2/4 MS: 6 EraseBytes-Custom-EraseBytes-Custom-ChangeByte-Custom-
#263	NEW    cov: 616 ft: 783 corp: 58/122b lim: 4 exec/s: 0 rss: 1010Mb L: 1/4 MS: 4 ChangeBit-Custom-ChangeByte-Custom-
#264	NEW    cov: 616 ft: 792 corp: 59/124b lim: 4 exec/s: 0 rss: 1010Mb L: 2/4 MS: 2 CrossOver-Custom-
#267	NEW    cov: 617 ft: 793 corp: 60/125b lim: 4 exec/s: 0 rss: 1010Mb L: 1/4 MS: 6 ChangeBinInt-Custom-EraseBytes-Custom-ChangeBinInt-Custom-
#269	NEW    cov: 617 ft: 795 corp: 61/126b lim: 4 exec/s: 0 rss: 1010Mb L: 1/4 MS: 4 ChangeBit-Custom-ChangeBit-Custom-
#273	NEW    cov: 619 ft: 797 corp: 62/129b lim: 4 exec/s: 0 rss: 1010Mb L: 3/4 MS: 8 ShuffleBytes-Custom-InsertByte-Custom-CMP-Custom-InsertByte-Custom- DE: "\377\037"-
#276	NEW    cov: 619 ft: 860 corp: 63/133b lim: 4 exec/s: 0 rss: 1010Mb L: 4/4 MS: 6 CrossOver-Custom-EraseBytes-Custom-CopyPart-Custom-
#330	NEW    cov: 622 ft: 863 corp: 64/135b lim: 4 exec/s: 0 rss: 1010Mb L: 2/4 MS: 8 InsertByte-Custom-ChangeBit-Custom-ChangeByte-Custom-ChangeBit-Custom-
#336	NEW    cov: 624 ft: 865 corp: 65/138b lim: 4 exec/s: 0 rss: 1010Mb L: 3/4 MS: 2 CMP-Custom- DE: "\001\005"-
#337	NEW    cov: 624 ft: 866 corp: 66/140b lim: 4 exec/s: 0 rss: 1010Mb L: 2/4 MS: 2 CopyPart-Custom-
#353	NEW    cov: 624 ft: 868 corp: 67/144b lim: 4 exec/s: 0 rss: 1010Mb L: 4/4 MS: 2 ChangeByte-Custom-
#367	NEW    cov: 624 ft: 869 corp: 68/148b lim: 4 exec/s: 0 rss: 1010Mb L: 4/4 MS: 8 ChangeBit-Custom-CrossOver-Custom-ChangeBinInt-Custom-CopyPart-Custom-
#371	NEW    cov: 624 ft: 871 corp: 69/151b lim: 4 exec/s: 0 rss: 1010Mb L: 3/4 MS: 8 InsertByte-Custom-ChangeBinInt-Custom-CrossOver-Custom-CopyPart-Custom-
#386	NEW    cov: 624 ft: 873 corp: 70/155b lim: 4 exec/s: 0 rss: 1010Mb L: 4/4 MS: 10 CrossOver-Custom-ChangeBinInt-Custom-InsertByte-Custom-ChangeByte-Custom-CopyPart-Custom-
#411	NEW    cov: 624 ft: 874 corp: 71/159b lim: 4 exec/s: 0 rss: 1010Mb L: 4/4 MS: 10 CMP-Custom-InsertByte-Custom-CrossOver-Custom-CopyPart-Custom-CrossOver-Custom- DE: "\377\377"-
#412	NEW    cov: 624 ft: 875 corp: 72/163b lim: 4 exec/s: 0 rss: 1010Mb L: 4/4 MS: 2 InsertByte-Custom-
#415	NEW    cov: 624 ft: 879 corp: 73/165b lim: 4 exec/s: 0 rss: 1010Mb L: 2/4 MS: 6 CrossOver-Custom-ChangeBit-Custom-ChangeByte-Custom-
#429	NEW    cov: 627 ft: 882 corp: 74/167b lim: 4 exec/s: 0 rss: 1010Mb L: 2/4 MS: 8 CrossOver-Custom-CopyPart-Custom-EraseBytes-Custom-ChangeBit-Custom-
#455	NEW    cov: 627 ft: 884 corp: 75/169b lim: 4 exec/s: 0 rss: 1010Mb L: 2/4 MS: 2 CopyPart-Custom-
#457	REDUCE cov: 627 ft: 884 corp: 75/168b lim: 4 exec/s: 0 rss: 1010Mb L: 3/4 MS: 4 CrossOver-Custom-EraseBytes-Custom-
#458	NEW    cov: 628 ft: 885 corp: 76/171b lim: 4 exec/s: 0 rss: 1010Mb L: 3/4 MS: 2 EraseBytes-Custom-
#480	NEW    cov: 628 ft: 887 corp: 77/174b lim: 4 exec/s: 0 rss: 1010Mb L: 3/4 MS: 4 ShuffleBytes-Custom-InsertByte-Custom-
#544	NEW    cov: 643 ft: 904 corp: 78/177b lim: 4 exec/s: 0 rss: 1010Mb L: 3/4 MS: 8 InsertByte-Custom-ShuffleBytes-Custom-EraseBytes-Custom-PersAutoDict-Custom- DE: "\010\000"-
#557	NEW    cov: 643 ft: 921 corp: 79/180b lim: 4 exec/s: 0 rss: 1010Mb L: 3/4 MS: 6 ShuffleBytes-Custom-ShuffleBytes-Custom-CrossOver-Custom-
#566	NEW    cov: 643 ft: 922 corp: 80/184b lim: 4 exec/s: 0 rss: 1010Mb L: 4/4 MS: 8 InsertByte-Custom-CopyPart-Custom-ChangeBit-Custom-CopyPart-Custom-
#572	REDUCE cov: 643 ft: 922 corp: 80/183b lim: 4 exec/s: 0 rss: 1010Mb L: 2/4 MS: 2 EraseBytes-Custom-
#594	NEW    cov: 643 ft: 941 corp: 81/185b lim: 4 exec/s: 0 rss: 1010Mb L: 2/4 MS: 4 CrossOver-Custom-CrossOver-Custom-
#633	NEW    cov: 643 ft: 942 corp: 82/189b lim: 4 exec/s: 0 rss: 1010Mb L: 4/4 MS: 8 CopyPart-Custom-CrossOver-Custom-InsertByte-Custom-CrossOver-Custom-
#655	NEW    cov: 644 ft: 943 corp: 83/193b lim: 4 exec/s: 0 rss: 1010Mb L: 4/4 MS: 4 ShuffleBytes-Custom-CrossOver-Custom-
#658	NEW    cov: 653 ft: 952 corp: 84/194b lim: 4 exec/s: 0 rss: 1010Mb L: 1/4 MS: 6 EraseBytes-Custom-ShuffleBytes-Custom-ChangeBit-Custom-
#666	NEW    cov: 655 ft: 954 corp: 85/195b lim: 4 exec/s: 0 rss: 1010Mb L: 1/4 MS: 6 ShuffleBytes-Custom-ChangeBit-Custom-ChangeByte-Custom-
#678	REDUCE cov: 655 ft: 954 corp: 85/194b lim: 4 exec/s: 0 rss: 1010Mb L: 1/4 MS: 4 ShuffleBytes-Custom-CrossOver-Custom-
#708	NEW    cov: 655 ft: 955 corp: 86/196b lim: 4 exec/s: 0 rss: 1010Mb L: 2/4 MS: 10 ChangeBit-Custom-ChangeBit-Custom-CrossOver-Custom-ShuffleBytes-Custom-ChangeBit-Custom-
#710	NEW    cov: 655 ft: 956 corp: 87/198b lim: 4 exec/s: 0 rss: 1010Mb L: 2/4 MS: 4 CrossOver-Custom-CrossOver-Custom-
#720	NEW    cov: 657 ft: 958 corp: 88/202b lim: 4 exec/s: 0 rss: 1010Mb L: 4/4 MS: 10 ChangeByte-Custom-InsertByte-Custom-ShuffleBytes-Custom-ChangeBit-Custom-ChangeBit-Custom-
#725	NEW    cov: 661 ft: 962 corp: 89/206b lim: 4 exec/s: 0 rss: 1010Mb L: 4/4 MS: 10 CrossOver-Custom-ChangeByte-Custom-InsertByte-Custom-ChangeByte-Custom-PersAutoDict-Custom- DE: "\001\005"-
#746	NEW    cov: 661 ft: 1028 corp: 90/209b lim: 4 exec/s: 0 rss: 1010Mb L: 3/4 MS: 2 CopyPart-Custom-
#776	REDUCE cov: 661 ft: 1028 corp: 90/208b lim: 4 exec/s: 0 rss: 1010Mb L: 1/4 MS: 10 ChangeByte-Custom-ShuffleBytes-Custom-ShuffleBytes-Custom-ChangeBinInt-Custom-EraseBytes-Custom-
#863	NEW    cov: 661 ft: 1038 corp: 91/211b lim: 4 exec/s: 0 rss: 1010Mb L: 3/4 MS: 4 EraseBytes-Custom-InsertByte-Custom-
#880	NEW    cov: 661 ft: 1040 corp: 92/214b lim: 4 exec/s: 0 rss: 1010Mb L: 3/4 MS: 4 CrossOver-Custom-ChangeBinInt-Custom-
#914	NEW    cov: 661 ft: 1050 corp: 93/217b lim: 4 exec/s: 0 rss: 1010Mb L: 3/4 MS: 8 ShuffleBytes-Custom-CrossOver-Custom-InsertByte-Custom-CrossOver-Custom-
#922	REDUCE cov: 661 ft: 1050 corp: 93/216b lim: 4 exec/s: 0 rss: 1010Mb L: 3/4 MS: 6 EraseBytes-Custom-EraseBytes-Custom-CopyPart-Custom-
#1050	NEW    cov: 661 ft: 1051 corp: 94/220b lim: 4 exec/s: 0 rss: 1010Mb L: 4/4 MS: 6 CopyPart-Custom-ShuffleBytes-Custom-CopyPart-Custom-
#1060	NEW    cov: 661 ft: 1052 corp: 95/224b lim: 4 exec/s: 0 rss: 1010Mb L: 4/4 MS: 10 PersAutoDict-Custom-EraseBytes-Custom-CrossOver-Custom-ChangeBinInt-Custom-CopyPart-Custom- DE: "\032\000"-
#1076	NEW    cov: 661 ft: 1061 corp: 96/226b lim: 4 exec/s: 0 rss: 1010Mb L: 2/4 MS: 2 CopyPart-Custom-
#1203	REDUCE cov: 661 ft: 1061 corp: 96/225b lim: 4 exec/s: 0 rss: 1010Mb L: 2/4 MS: 4 CrossOver-Custom-EraseBytes-Custom-
#1220	REDUCE cov: 661 ft: 1061 corp: 96/224b lim: 4 exec/s: 0 rss: 1010Mb L: 1/4 MS: 4 ChangeBit-Custom-EraseBytes-Custom-
#1225	NEW    cov: 661 ft: 1065 corp: 97/228b lim: 4 exec/s: 0 rss: 1010Mb L: 4/4 MS: 10 ChangeByte-Custom-EraseBytes-Custom-CrossOver-Custom-CrossOver-Custom-InsertByte-Custom-
#1256	NEW    cov: 661 ft: 1074 corp: 98/231b lim: 4 exec/s: 0 rss: 1010Mb L: 3/4 MS: 2 CopyPart-Custom-
#1262	REDUCE cov: 661 ft: 1074 corp: 98/230b lim: 4 exec/s: 0 rss: 1010Mb L: 1/4 MS: 2 EraseBytes-Custom-
#1278	NEW    cov: 661 ft: 1075 corp: 99/234b lim: 4 exec/s: 0 rss: 1010Mb L: 4/4 MS: 2 ChangeByte-Custom-
#1289	NEW    cov: 662 ft: 1076 corp: 100/237b lim: 4 exec/s: 0 rss: 1010Mb L: 3/4 MS: 2 ChangeByte-Custom-
#1299	NEW    cov: 668 ft: 1082 corp: 101/241b lim: 4 exec/s: 0 rss: 1010Mb L: 4/4 MS: 10 CrossOver-Custom-EraseBytes-Custom-InsertByte-Custom-InsertByte-Custom-CrossOver-Custom-
#1313	NEW    cov: 668 ft: 1084 corp: 102/245b lim: 4 exec/s: 0 rss: 1010Mb L: 4/4 MS: 8 CopyPart-Custom-CopyPart-Custom-InsertByte-Custom-ChangeBinInt-Custom-
#1374	NEW    cov: 669 ft: 1085 corp: 103/248b lim: 4 exec/s: 0 rss: 1010Mb L: 3/4 MS: 2 CrossOver-Custom-
#1441	REDUCE cov: 669 ft: 1085 corp: 103/247b lim: 4 exec/s: 0 rss: 1010Mb L: 2/4 MS: 4 ShuffleBytes-Custom-EraseBytes-Custom-
#1450	NEW    cov: 669 ft: 1122 corp: 104/250b lim: 4 exec/s: 0 rss: 1010Mb L: 3/4 MS: 8 ShuffleBytes-Custom-PersAutoDict-Custom-ChangeBit-Custom-ChangeByte-Custom- DE: "\010\000"-
#1498	NEW    cov: 670 ft: 1123 corp: 105/254b lim: 4 exec/s: 0 rss: 1010Mb L: 4/4 MS: 6 PersAutoDict-Custom-ChangeBit-Custom-ChangeByte-Custom- DE: "\001\005"-
#1556	NEW    cov: 671 ft: 1124 corp: 106/257b lim: 4 exec/s: 0 rss: 1010Mb L: 3/4 MS: 6 CrossOver-Custom-CrossOver-Custom-InsertByte-Custom-
#1579	NEW    cov: 671 ft: 1129 corp: 107/261b lim: 4 exec/s: 0 rss: 1010Mb L: 4/4 MS: 6 ShuffleBytes-Custom-CopyPart-Custom-CopyPart-Custom-
#1649	NEW    cov: 671 ft: 1131 corp: 108/264b lim: 4 exec/s: 0 rss: 1010Mb L: 3/4 MS: 10 InsertByte-Custom-CopyPart-Custom-ChangeBit-Custom-ChangeBinInt-Custom-ShuffleBytes-Custom-
#1735	REDUCE cov: 671 ft: 1131 corp: 108/263b lim: 4 exec/s: 0 rss: 1010Mb L: 1/4 MS: 2 EraseBytes-Custom-
#1786	REDUCE cov: 671 ft: 1131 corp: 108/262b lim: 4 exec/s: 0 rss: 1010Mb L: 1/4 MS: 2 EraseBytes-Custom-
#1824	NEW    cov: 671 ft: 1133 corp: 109/265b lim: 4 exec/s: 0 rss: 1010Mb L: 3/4 MS: 6 CopyPart-Custom-CrossOver-Custom-CrossOver-Custom-
#1889	NEW    cov: 671 ft: 1134 corp: 110/269b lim: 4 exec/s: 0 rss: 1010Mb L: 4/4 MS: 10 CrossOver-Custom-PersAutoDict-Custom-ChangeBinInt-Custom-CrossOver-Custom-CopyPart-Custom- DE: "\010\000"-
#1891	REDUCE cov: 671 ft: 1134 corp: 110/268b lim: 4 exec/s: 0 rss: 1010Mb L: 2/4 MS: 4 ChangeBinInt-Custom-EraseBytes-Custom-
#1950	REDUCE cov: 671 ft: 1134 corp: 110/267b lim: 4 exec/s: 0 rss: 1010Mb L: 3/4 MS: 8 ChangeBit-Custom-ChangeByte-Custom-EraseBytes-Custom-ShuffleBytes-Custom-
#1971	REDUCE cov: 671 ft: 1134 corp: 110/266b lim: 4 exec/s: 0 rss: 1010Mb L: 2/4 MS: 2 EraseBytes-Custom-
#1972	REDUCE cov: 671 ft: 1134 corp: 110/265b lim: 4 exec/s: 0 rss: 1010Mb L: 2/4 MS: 2 EraseBytes-Custom-
#2021	NEW    cov: 671 ft: 1136 corp: 111/269b lim: 4 exec/s: 0 rss: 1010Mb L: 4/4 MS: 8 EraseBytes-Custom-InsertByte-Custom-ChangeBit-Custom-CopyPart-Custom-
#2027	REDUCE cov: 671 ft: 1141 corp: 112/271b lim: 4 exec/s: 0 rss: 1010Mb L: 2/4 MS: 2 CrossOver-Custom-
#2031	NEW    cov: 671 ft: 1143 corp: 113/274b lim: 4 exec/s: 0 rss: 1010Mb L: 3/4 MS: 8 CopyPart-Custom-CrossOver-Custom-CopyPart-Custom-CopyPart-Custom-
#2123	NEW    cov: 671 ft: 1152 corp: 114/278b lim: 4 exec/s: 0 rss: 1010Mb L: 4/4 MS: 4 CopyPart-Custom-CopyPart-Custom-
#2127	NEW    cov: 671 ft: 1153 corp: 115/282b lim: 4 exec/s: 0 rss: 1010Mb L: 4/4 MS: 8 CopyPart-Custom-CopyPart-Custom-CopyPart-Custom-CopyPart-Custom-
#2157	NEW    cov: 671 ft: 1164 corp: 116/286b lim: 4 exec/s: 0 rss: 1010Mb L: 4/4 MS: 10 InsertByte-Custom-ChangeByte-Custom-ShuffleBytes-Custom-ChangeASCIIInt-Custom-CopyPart-Custom-
#2293	NEW    cov: 671 ft: 1165 corp: 117/290b lim: 4 exec/s: 0 rss: 1010Mb L: 4/4 MS: 2 CopyPart-Custom-
#2294	REDUCE cov: 671 ft: 1165 corp: 117/289b lim: 4 exec/s: 0 rss: 1010Mb L: 2/4 MS: 2 EraseBytes-Custom-
#2318	NEW    cov: 671 ft: 1168 corp: 118/293b lim: 4 exec/s: 0 rss: 1010Mb L: 4/4 MS: 8 ChangeByte-Custom-ChangeByte-Custom-PersAutoDict-Custom-ChangeByte-Custom- DE: "\377\377"-
#2328	REDUCE cov: 671 ft: 1168 corp: 118/292b lim: 4 exec/s: 0 rss: 1010Mb L: 2/4 MS: 10 CrossOver-Custom-ChangeByte-Custom-CMP-Custom-EraseBytes-Custom-ChangeBit-Custom- DE: "\001\000"-
#2399	NEW    cov: 671 ft: 1187 corp: 119/295b lim: 4 exec/s: 2399 rss: 1010Mb L: 3/4 MS: 2 CopyPart-Custom-
#2538	NEW    cov: 671 ft: 1188 corp: 120/297b lim: 4 exec/s: 2538 rss: 1010Mb L: 2/4 MS: 8 ChangeBit-Custom-ChangeBit-Custom-ShuffleBytes-Custom-CopyPart-Custom-
#2643	NEW    cov: 671 ft: 1189 corp: 121/301b lim: 4 exec/s: 2643 rss: 1010Mb L: 4/4 MS: 10 ShuffleBytes-Custom-CopyPart-Custom-ChangeBit-Custom-ShuffleBytes-Custom-ChangeByte-Custom-
#2814	REDUCE cov: 671 ft: 1189 corp: 121/300b lim: 4 exec/s: 2814 rss: 1010Mb L: 2/4 MS: 2 EraseBytes-Custom-
#2966	NEW    cov: 671 ft: 1190 corp: 122/304b lim: 4 exec/s: 2966 rss: 1010Mb L: 4/4 MS: 4 ChangeBit-Custom-ChangeBit-Custom-
#3103	NEW    cov: 671 ft: 1209 corp: 123/308b lim: 4 exec/s: 3103 rss: 1010Mb L: 4/4 MS: 4 ShuffleBytes-Custom-CopyPart-Custom-
#3168	REDUCE cov: 671 ft: 1209 corp: 123/306b lim: 4 exec/s: 3168 rss: 1010Mb L: 2/4 MS: 10 ChangeBit-Custom-CopyPart-Custom-ShuffleBytes-Custom-ShuffleBytes-Custom-EraseBytes-Custom-
#3176	REDUCE cov: 671 ft: 1209 corp: 123/305b lim: 4 exec/s: 3176 rss: 1010Mb L: 3/4 MS: 6 ChangeByte-Custom-ChangeBinInt-Custom-EraseBytes-Custom-
#3390	NEW    cov: 671 ft: 1212 corp: 124/310b lim: 6 exec/s: 3390 rss: 1010Mb L: 5/5 MS: 8 ChangeBinInt-Custom-CrossOver-Custom-CopyPart-Custom-InsertByte-Custom-
#3406	NEW    cov: 671 ft: 1225 corp: 125/315b lim: 6 exec/s: 3406 rss: 1010Mb L: 5/5 MS: 2 CrossOver-Custom-
#3430	NEW    cov: 671 ft: 1226 corp: 126/321b lim: 6 exec/s: 3430 rss: 1010Mb L: 6/6 MS: 8 ChangeByte-Custom-CopyPart-Custom-ChangeBinInt-Custom-InsertRepeatedBytes-Custom-
#3443	REDUCE cov: 671 ft: 1226 corp: 126/320b lim: 6 exec/s: 3443 rss: 1010Mb L: 3/6 MS: 6 EraseBytes-Custom-CopyPart-Custom-CopyPart-Custom-
#3445	NEW    cov: 677 ft: 1234 corp: 127/326b lim: 6 exec/s: 3445 rss: 1010Mb L: 6/6 MS: 4 InsertByte-Custom-InsertByte-Custom-
#3537	NEW    cov: 677 ft: 1244 corp: 128/331b lim: 6 exec/s: 3537 rss: 1010Mb L: 5/6 MS: 4 ChangeByte-Custom-CopyPart-Custom-
#3574	NEW    cov: 677 ft: 1245 corp: 129/337b lim: 6 exec/s: 3574 rss: 1010Mb L: 6/6 MS: 4 InsertByte-Custom-InsertByte-Custom-
#3659	NEW    cov: 677 ft: 1247 corp: 130/343b lim: 6 exec/s: 3659 rss: 1010Mb L: 6/6 MS: 10 ChangeASCIIInt-Custom-ChangeByte-Custom-ChangeBit-Custom-PersAutoDict-Custom-CopyPart-Custom- DE: "\001\005"-
#3690	NEW    cov: 677 ft: 1249 corp: 131/349b lim: 6 exec/s: 3690 rss: 1010Mb L: 6/6 MS: 2 CopyPart-Custom-
#3732	NEW    cov: 677 ft: 1250 corp: 132/354b lim: 6 exec/s: 3732 rss: 1010Mb L: 5/6 MS: 4 ChangeByte-Custom-InsertRepeatedBytes-Custom-
#3804	NEW    cov: 677 ft: 1252 corp: 133/356b lim: 6 exec/s: 3804 rss: 1010Mb L: 2/6 MS: 4 CrossOver-Custom-CopyPart-Custom-
#3829	NEW    cov: 678 ft: 1255 corp: 134/361b lim: 6 exec/s: 3829 rss: 1010Mb L: 5/6 MS: 10 InsertByte-Custom-PersAutoDict-Custom-EraseBytes-Custom-CrossOver-Custom-CrossOver-Custom- DE: "\001\000"-
#3870	NEW    cov: 678 ft: 1268 corp: 135/367b lim: 6 exec/s: 3870 rss: 1010Mb L: 6/6 MS: 2 CopyPart-Custom-
#3939	NEW    cov: 678 ft: 1269 corp: 136/372b lim: 6 exec/s: 3939 rss: 1010Mb L: 5/6 MS: 8 ChangeBinInt-Custom-CopyPart-Custom-CrossOver-Custom-InsertRepeatedBytes-Custom-
#3994	NEW    cov: 678 ft: 1270 corp: 137/376b lim: 6 exec/s: 3994 rss: 1010Mb L: 4/6 MS: 10 ChangeBit-Custom-InsertByte-Custom-CopyPart-Custom-ChangeByte-Custom-CopyPart-Custom-
#4001	NEW    cov: 678 ft: 1271 corp: 138/380b lim: 6 exec/s: 4001 rss: 1010Mb L: 4/6 MS: 4 ChangeBit-Custom-CrossOver-Custom-
#4080	NEW    cov: 678 ft: 1360 corp: 139/385b lim: 6 exec/s: 4080 rss: 1010Mb L: 5/6 MS: 8 CrossOver-Custom-ChangeByte-Custom-CrossOver-Custom-InsertRepeatedBytes-Custom-
#4081	REDUCE cov: 678 ft: 1360 corp: 139/384b lim: 6 exec/s: 4081 rss: 1010Mb L: 1/6 MS: 2 EraseBytes-Custom-
#4091	NEW    cov: 678 ft: 1361 corp: 140/387b lim: 6 exec/s: 4091 rss: 1010Mb L: 3/6 MS: 10 CrossOver-Custom-CopyPart-Custom-ShuffleBytes-Custom-CrossOver-Custom-CrossOver-Custom-
#4262	REDUCE cov: 678 ft: 1361 corp: 140/386b lim: 6 exec/s: 4262 rss: 1010Mb L: 1/6 MS: 2 EraseBytes-Custom-
#4334	REDUCE cov: 678 ft: 1361 corp: 140/385b lim: 6 exec/s: 4334 rss: 1010Mb L: 1/6 MS: 4 CrossOver-Custom-CrossOver-Custom-
#4336	NEW    cov: 678 ft: 1362 corp: 141/391b lim: 6 exec/s: 4336 rss: 1010Mb L: 6/6 MS: 4 ChangeByte-Custom-InsertRepeatedBytes-Custom-
#4359	REDUCE cov: 678 ft: 1362 corp: 141/390b lim: 6 exec/s: 4359 rss: 1010Mb L: 5/6 MS: 6 ShuffleBytes-Custom-ChangeBinInt-Custom-EraseBytes-Custom-
#4404	NEW    cov: 678 ft: 1364 corp: 142/396b lim: 6 exec/s: 4404 rss: 1010Mb L: 6/6 MS: 10 ChangeByte-Custom-ChangeBit-Custom-CopyPart-Custom-EraseBytes-Custom-InsertByte-Custom-
#4457	REDUCE cov: 678 ft: 1364 corp: 142/394b lim: 6 exec/s: 4457 rss: 1010Mb L: 2/6 MS: 6 InsertByte-Custom-EraseBytes-Custom-EraseBytes-Custom-
#4548	NEW    cov: 678 ft: 1366 corp: 143/400b lim: 6 exec/s: 4548 rss: 1010Mb L: 6/6 MS: 2 InsertByte-Custom-
#4768	NEW    cov: 678 ft: 1367 corp: 144/408b lim: 8 exec/s: 4768 rss: 1010Mb L: 8/8 MS: 10 PersAutoDict-Custom-CMP-Custom-CrossOver-Custom-CopyPart-Custom-ChangeBinInt-Custom- DE: "\377\037"-"\020\000\000\000"-
#4807	NEW    cov: 678 ft: 1369 corp: 145/416b lim: 8 exec/s: 4807 rss: 1010Mb L: 8/8 MS: 8 ChangeBit-Custom-ChangeBit-Custom-CrossOver-Custom-InsertRepeatedBytes-Custom-
#4901	NEW    cov: 678 ft: 1372 corp: 146/424b lim: 8 exec/s: 4901 rss: 1010Mb L: 8/8 MS: 8 PersAutoDict-Custom-ChangeBinInt-Custom-ChangeBit-Custom-CopyPart-Custom- DE: "\032\000"-
#4931	NEW    cov: 691 ft: 1386 corp: 147/429b lim: 8 exec/s: 4931 rss: 1010Mb L: 5/8 MS: 10 InsertRepeatedBytes-Custom-EraseBytes-Custom-CopyPart-Custom-PersAutoDict-Custom-ChangeBinInt-Custom- DE: "\032\000"-
#4971	REDUCE cov: 691 ft: 1394 corp: 148/436b lim: 8 exec/s: 4971 rss: 1010Mb L: 7/8 MS: 10 InsertRepeatedBytes-Custom-EraseBytes-Custom-CrossOver-Custom-CrossOver-Custom-CrossOver-Custom-
#5014	NEW    cov: 694 ft: 1399 corp: 149/443b lim: 8 exec/s: 5014 rss: 1010Mb L: 7/8 MS: 6 InsertRepeatedBytes-Custom-ChangeBit-Custom-CMP-Custom- DE: "\000\000\000\001"-
#5133	NEW    cov: 694 ft: 1400 corp: 150/451b lim: 8 exec/s: 5133 rss: 1010Mb L: 8/8 MS: 8 EraseBytes-Custom-ChangeByte-Custom-CrossOver-Custom-InsertRepeatedBytes-Custom-
#5141	REDUCE cov: 694 ft: 1402 corp: 151/459b lim: 8 exec/s: 5141 rss: 1010Mb L: 8/8 MS: 6 ShuffleBytes-Custom-ChangeBit-Custom-InsertRepeatedBytes-Custom-
#5145	NEW    cov: 694 ft: 1404 corp: 152/464b lim: 8 exec/s: 5145 rss: 1010Mb L: 5/8 MS: 8 PersAutoDict-Custom-EraseBytes-Custom-InsertByte-Custom-InsertRepeatedBytes-Custom- DE: "\001\005"-
#5202	REDUCE cov: 694 ft: 1404 corp: 152/463b lim: 8 exec/s: 5202 rss: 1010Mb L: 1/8 MS: 4 ShuffleBytes-Custom-EraseBytes-Custom-
#5221	NEW    cov: 694 ft: 1420 corp: 153/471b lim: 8 exec/s: 5221 rss: 1010Mb L: 8/8 MS: 8 CopyPart-Custom-EraseBytes-Custom-EraseBytes-Custom-InsertRepeatedBytes-Custom-
#5249	NEW    cov: 694 ft: 1423 corp: 154/479b lim: 8 exec/s: 5249 rss: 1010Mb L: 8/8 MS: 6 InsertByte-Custom-ChangeBinInt-Custom-InsertByte-Custom-
#5325	REDUCE cov: 694 ft: 1424 corp: 155/483b lim: 8 exec/s: 5325 rss: 1010Mb L: 4/8 MS: 2 CopyPart-Custom-
#5404	REDUCE cov: 694 ft: 1424 corp: 155/481b lim: 8 exec/s: 5404 rss: 1010Mb L: 4/8 MS: 8 ChangeByte-Custom-CrossOver-Custom-ChangeBit-Custom-EraseBytes-Custom-
#5415	REDUCE cov: 694 ft: 1426 corp: 156/488b lim: 8 exec/s: 5415 rss: 1010Mb L: 7/8 MS: 2 InsertRepeatedBytes-Custom-
#5468	NEW    cov: 694 ft: 1427 corp: 157/495b lim: 8 exec/s: 5468 rss: 1010Mb L: 7/8 MS: 6 ChangeByte-Custom-PersAutoDict-Custom-ShuffleBytes-Custom- DE: "\000\000\000\001"-
#5485	NEW    cov: 695 ft: 1428 corp: 158/503b lim: 8 exec/s: 5485 rss: 1010Mb L: 8/8 MS: 4 ChangeBit-Custom-InsertByte-Custom-
#5506	NEW    cov: 695 ft: 1430 corp: 159/511b lim: 8 exec/s: 5506 rss: 1010Mb L: 8/8 MS: 2 InsertByte-Custom-
#5510	NEW    cov: 695 ft: 1440 corp: 160/519b lim: 8 exec/s: 5510 rss: 1010Mb L: 8/8 MS: 8 CopyPart-Custom-EraseBytes-Custom-InsertRepeatedBytes-Custom-ChangeBinInt-Custom-
#5581	NEW    cov: 695 ft: 1441 corp: 161/527b lim: 8 exec/s: 5581 rss: 1010Mb L: 8/8 MS: 2 CopyPart-Custom-
#5659	NEW    cov: 695 ft: 1444 corp: 162/535b lim: 8 exec/s: 5659 rss: 1010Mb L: 8/8 MS: 6 CrossOver-Custom-ChangeBit-Custom-CopyPart-Custom-
#5678	REDUCE cov: 695 ft: 1451 corp: 163/539b lim: 8 exec/s: 5678 rss: 1010Mb L: 4/8 MS: 8 InsertByte-Custom-EraseBytes-Custom-ChangeBit-Custom-InsertRepeatedBytes-Custom-
#5725	NEW    cov: 695 ft: 1453 corp: 164/545b lim: 8 exec/s: 5725 rss: 1010Mb L: 6/8 MS: 4 EraseBytes-Custom-InsertRepeatedBytes-Custom-
#5757	REDUCE cov: 695 ft: 1453 corp: 164/544b lim: 8 exec/s: 5757 rss: 1010Mb L: 5/8 MS: 4 EraseBytes-Custom-CopyPart-Custom-
#5799	NEW    cov: 698 ft: 1456 corp: 165/552b lim: 8 exec/s: 5799 rss: 1010Mb L: 8/8 MS: 4 ChangeBit-Custom-CopyPart-Custom-
#6005	REDUCE cov: 698 ft: 1456 corp: 165/551b lim: 8 exec/s: 6005 rss: 1010Mb L: 3/8 MS: 2 EraseBytes-Custom-
#6018	NEW    cov: 698 ft: 1457 corp: 166/559b lim: 8 exec/s: 6018 rss: 1010Mb L: 8/8 MS: 6 EraseBytes-Custom-CopyPart-Custom-CopyPart-Custom-
#6040	NEW    cov: 698 ft: 1458 corp: 167/567b lim: 8 exec/s: 6040 rss: 1010Mb L: 8/8 MS: 4 CMP-Custom-CMP-Custom- DE: "\000\000\000\000"-"hashCode"-
#6158	NEW    cov: 698 ft: 1459 corp: 168/574b lim: 8 exec/s: 6158 rss: 1010Mb L: 7/8 MS: 6 ChangeBit-Custom-ShuffleBytes-Custom-InsertRepeatedBytes-Custom-
#6165	NEW    cov: 699 ft: 1460 corp: 169/582b lim: 8 exec/s: 6165 rss: 1010Mb L: 8/8 MS: 4 CopyPart-Custom-CopyPart-Custom-
#6189	NEW    cov: 699 ft: 1461 corp: 170/588b lim: 8 exec/s: 6189 rss: 1010Mb L: 6/8 MS: 8 InsertRepeatedBytes-Custom-ShuffleBytes-Custom-EraseBytes-Custom-InsertRepeatedBytes-Custom-
#6218	NEW    cov: 699 ft: 1464 corp: 171/596b lim: 8 exec/s: 6218 rss: 1010Mb L: 8/8 MS: 8 CopyPart-Custom-CopyPart-Custom-ChangeBit-Custom-ShuffleBytes-Custom-
#6252	NEW    cov: 699 ft: 1465 corp: 172/604b lim: 8 exec/s: 6252 rss: 1010Mb L: 8/8 MS: 8 InsertByte-Custom-ChangeASCIIInt-Custom-EraseBytes-Custom-InsertRepeatedBytes-Custom-
#6273	REDUCE cov: 699 ft: 1465 corp: 172/603b lim: 8 exec/s: 6273 rss: 1010Mb L: 7/8 MS: 2 EraseBytes-Custom-
#6279	REDUCE cov: 699 ft: 1465 corp: 172/602b lim: 8 exec/s: 6279 rss: 1010Mb L: 7/8 MS: 2 EraseBytes-Custom-
#6319	NEW    cov: 699 ft: 1476 corp: 173/610b lim: 8 exec/s: 6319 rss: 1010Mb L: 8/8 MS: 10 PersAutoDict-Custom-CrossOver-Custom-ShuffleBytes-Custom-ShuffleBytes-Custom-CMP-Custom- DE: "\000\000\000\001"-"\\\000\012\012"-
#6455	NEW    cov: 699 ft: 1477 corp: 174/616b lim: 8 exec/s: 6455 rss: 1010Mb L: 6/8 MS: 2 ChangeBinInt-Custom-
#6471	NEW    cov: 699 ft: 1478 corp: 175/624b lim: 8 exec/s: 6471 rss: 1010Mb L: 8/8 MS: 2 InsertRepeatedBytes-Custom-
#6611	NEW    cov: 699 ft: 1494 corp: 176/632b lim: 8 exec/s: 6611 rss: 1010Mb L: 8/8 MS: 10 PersAutoDict-Custom-InsertRepeatedBytes-Custom-EraseBytes-Custom-EraseBytes-Custom-PersAutoDict-Custom- DE: "\010\000"-"\\\000\012\012"-
#6728	REDUCE cov: 699 ft: 1494 corp: 176/631b lim: 8 exec/s: 6728 rss: 1010Mb L: 2/8 MS: 4 EraseBytes-Custom-ChangeBit-Custom-
#6754	NEW    cov: 699 ft: 1495 corp: 177/639b lim: 8 exec/s: 6754 rss: 1010Mb L: 8/8 MS: 2 InsertByte-Custom-
#6755	NEW    cov: 699 ft: 1497 corp: 178/644b lim: 8 exec/s: 6755 rss: 1010Mb L: 5/8 MS: 2 CopyPart-Custom-
#6861	NEW    cov: 699 ft: 1498 corp: 179/648b lim: 8 exec/s: 6861 rss: 1010Mb L: 4/8 MS: 2 CopyPart-Custom-
#6967	NEW    cov: 699 ft: 1502 corp: 180/656b lim: 8 exec/s: 6967 rss: 1010Mb L: 8/8 MS: 2 ChangeBit-Custom-
#6973	REDUCE cov: 699 ft: 1502 corp: 180/655b lim: 8 exec/s: 6973 rss: 1010Mb L: 6/8 MS: 2 EraseBytes-Custom-
#6989	REDUCE cov: 699 ft: 1502 corp: 180/654b lim: 8 exec/s: 6989 rss: 1010Mb L: 2/8 MS: 2 EraseBytes-Custom-
#7141	NEW    cov: 699 ft: 1504 corp: 181/662b lim: 8 exec/s: 7141 rss: 1010Mb L: 8/8 MS: 4 ShuffleBytes-Custom-CrossOver-Custom-
#7312	NEW    cov: 699 ft: 1505 corp: 182/670b lim: 8 exec/s: 7312 rss: 1010Mb L: 8/8 MS: 2 InsertRepeatedBytes-Custom-
#7384	NEW    cov: 699 ft: 1507 corp: 183/675b lim: 8 exec/s: 7384 rss: 1010Mb L: 5/8 MS: 4 InsertByte-Custom-CopyPart-Custom-
#7550	REDUCE cov: 699 ft: 1507 corp: 183/674b lim: 8 exec/s: 7550 rss: 1010Mb L: 7/8 MS: 2 EraseBytes-Custom-
#7771	NEW    cov: 699 ft: 1508 corp: 184/679b lim: 8 exec/s: 7771 rss: 1010Mb L: 5/8 MS: 2 ChangeBinInt-Custom-
#7777	REDUCE cov: 699 ft: 1508 corp: 184/677b lim: 8 exec/s: 7777 rss: 1010Mb L: 6/8 MS: 2 EraseBytes-Custom-
#7800	NEW    cov: 699 ft: 1510 corp: 185/683b lim: 8 exec/s: 7800 rss: 1010Mb L: 6/8 MS: 6 CopyPart-Custom-ShuffleBytes-Custom-CrossOver-Custom-
#7814	NEW    cov: 699 ft: 1511 corp: 186/690b lim: 8 exec/s: 7814 rss: 1010Mb L: 7/8 MS: 8 CrossOver-Custom-EraseBytes-Custom-ShuffleBytes-Custom-CopyPart-Custom-
#8065	REDUCE cov: 699 ft: 1511 corp: 186/688b lim: 8 exec/s: 8065 rss: 1010Mb L: 4/8 MS: 2 EraseBytes-Custom-
#8151	NEW    cov: 699 ft: 1513 corp: 187/695b lim: 8 exec/s: 8151 rss: 1010Mb L: 7/8 MS: 2 InsertRepeatedBytes-Custom-
#8292	REDUCE cov: 699 ft: 1513 corp: 187/692b lim: 8 exec/s: 8292 rss: 1010Mb L: 5/8 MS: 2 EraseBytes-Custom-
#8360	NEW    cov: 699 ft: 1517 corp: 188/699b lim: 8 exec/s: 8360 rss: 1010Mb L: 7/8 MS: 6 ChangeBit-Custom-ShuffleBytes-Custom-InsertRepeatedBytes-Custom-
#8436	NEW    cov: 699 ft: 1519 corp: 189/706b lim: 8 exec/s: 8436 rss: 1010Mb L: 7/8 MS: 2 CopyPart-Custom-
#8669	NEW    cov: 699 ft: 1521 corp: 190/714b lim: 8 exec/s: 8669 rss: 1010Mb L: 8/8 MS: 6 ChangeBinInt-Custom-ChangeBit-Custom-InsertRepeatedBytes-Custom-
#8697	REDUCE cov: 699 ft: 1530 corp: 191/721b lim: 8 exec/s: 8697 rss: 1010Mb L: 7/8 MS: 6 CopyPart-Custom-ChangeBit-Custom-InsertRepeatedBytes-Custom-
#8943	REDUCE cov: 699 ft: 1531 corp: 192/729b lim: 8 exec/s: 8943 rss: 1010Mb L: 8/8 MS: 2 CopyPart-Custom-
#9004	NEW    cov: 699 ft: 1533 corp: 193/733b lim: 8 exec/s: 9004 rss: 1010Mb L: 4/8 MS: 2 CopyPart-Custom-
#9100	REDUCE cov: 699 ft: 1533 corp: 193/732b lim: 8 exec/s: 9100 rss: 1010Mb L: 4/8 MS: 2 EraseBytes-Custom-
#9341	REDUCE cov: 699 ft: 1533 corp: 193/731b lim: 8 exec/s: 9341 rss: 1010Mb L: 4/8 MS: 2 EraseBytes-Custom-
#9560	NEW    cov: 699 ft: 1535 corp: 194/737b lim: 8 exec/s: 9560 rss: 1010Mb L: 6/8 MS: 8 ChangeBit-Custom-CrossOver-Custom-ChangeBit-Custom-InsertRepeatedBytes-Custom-
#9772	NEW    cov: 699 ft: 1577 corp: 195/745b lim: 8 exec/s: 9772 rss: 1010Mb L: 8/8 MS: 4 CopyPart-Custom-CopyPart-Custom-
#10399	NEW    cov: 699 ft: 1596 corp: 196/756b lim: 14 exec/s: 10399 rss: 1010Mb L: 11/11 MS: 4 CrossOver-Custom-InsertRepeatedBytes-Custom-
#10501	NEW    cov: 699 ft: 1599 corp: 197/768b lim: 14 exec/s: 10501 rss: 1010Mb L: 12/12 MS: 4 PersAutoDict-Custom-InsertRepeatedBytes-Custom- DE: "\001\000"-
#10604	NEW    cov: 699 ft: 1602 corp: 198/780b lim: 14 exec/s: 10604 rss: 1010Mb L: 12/12 MS: 6 InsertByte-Custom-ChangeByte-Custom-CopyPart-Custom-
#10632	REDUCE cov: 699 ft: 1604 corp: 199/785b lim: 14 exec/s: 10632 rss: 1010Mb L: 5/12 MS: 6 InsertByte-Custom-ChangeBit-Custom-InsertRepeatedBytes-Custom-
#10800	NEW    cov: 699 ft: 1605 corp: 200/798b lim: 14 exec/s: 10800 rss: 1010Mb L: 13/13 MS: 6 ChangeBit-Custom-CopyPart-Custom-CopyPart-Custom-
#10831	NEW    cov: 699 ft: 1607 corp: 201/805b lim: 14 exec/s: 10831 rss: 1010Mb L: 7/13 MS: 2 ShuffleBytes-Custom-
#10862	NEW    cov: 699 ft: 1610 corp: 202/819b lim: 14 exec/s: 10862 rss: 1010Mb L: 14/14 MS: 2 CopyPart-Custom-
#10938	REDUCE cov: 699 ft: 1610 corp: 202/817b lim: 14 exec/s: 10938 rss: 1010Mb L: 2/14 MS: 2 EraseBytes-Custom-
#10941	NEW    cov: 699 ft: 1613 corp: 203/831b lim: 14 exec/s: 10941 rss: 1010Mb L: 14/14 MS: 6 ShuffleBytes-Custom-ShuffleBytes-Custom-InsertByte-Custom-
#11153	NEW    cov: 699 ft: 1614 corp: 204/840b lim: 14 exec/s: 11153 rss: 1010Mb L: 9/14 MS: 4 ShuffleBytes-Custom-InsertRepeatedBytes-Custom-
#11282	NEW    cov: 699 ft: 1615 corp: 205/848b lim: 14 exec/s: 11282 rss: 1010Mb L: 8/14 MS: 8 ChangeByte-Custom-CrossOver-Custom-CrossOver-Custom-CMP-Custom- DE: "\000\000\000\002"-
#11309	REDUCE cov: 699 ft: 1615 corp: 205/847b lim: 14 exec/s: 11309 rss: 1010Mb L: 7/14 MS: 4 CopyPart-Custom-EraseBytes-Custom-
#11370	REDUCE cov: 699 ft: 1617 corp: 206/859b lim: 14 exec/s: 11370 rss: 1010Mb L: 12/14 MS: 2 InsertRepeatedBytes-Custom-
#11397	REDUCE cov: 699 ft: 1617 corp: 206/858b lim: 14 exec/s: 11397 rss: 1010Mb L: 1/14 MS: 4 ChangeByte-Custom-EraseBytes-Custom-
#11578	REDUCE cov: 699 ft: 1617 corp: 206/857b lim: 14 exec/s: 11578 rss: 1010Mb L: 5/14 MS: 2 EraseBytes-Custom-
#11655	NEW    cov: 699 ft: 1623 corp: 207/871b lim: 14 exec/s: 11655 rss: 1010Mb L: 14/14 MS: 4 InsertRepeatedBytes-Custom-CopyPart-Custom-
#11673	NEW    cov: 699 ft: 1625 corp: 208/883b lim: 14 exec/s: 11673 rss: 1010Mb L: 12/14 MS: 6 InsertByte-Custom-ChangeByte-Custom-InsertRepeatedBytes-Custom-
#11782	NEW    cov: 699 ft: 1628 corp: 209/897b lim: 14 exec/s: 11782 rss: 1010Mb L: 14/14 MS: 8 CMP-Custom-CrossOver-Custom-CopyPart-Custom-InsertRepeatedBytes-Custom- DE: "\011\000"-
#11863	NEW    cov: 699 ft: 1629 corp: 210/911b lim: 14 exec/s: 11863 rss: 1010Mb L: 14/14 MS: 2 CMP-Custom- DE: "getSchemaType"-
#11874	NEW    cov: 699 ft: 1631 corp: 211/922b lim: 14 exec/s: 11874 rss: 1010Mb L: 11/14 MS: 2 EraseBytes-Custom-
#11942	NEW    cov: 699 ft: 1632 corp: 212/936b lim: 14 exec/s: 11942 rss: 1010Mb L: 14/14 MS: 6 CopyPart-Custom-CopyPart-Custom-CMP-Custom- DE: "\000\000\000\000\000\000\000\000"-
#12043	NEW    cov: 699 ft: 1633 corp: 213/950b lim: 14 exec/s: 12043 rss: 1010Mb L: 14/14 MS: 2 InsertRepeatedBytes-Custom-
#12224	REDUCE cov: 699 ft: 1633 corp: 213/949b lim: 14 exec/s: 12224 rss: 1010Mb L: 3/14 MS: 2 EraseBytes-Custom-
#12240	NEW    cov: 699 ft: 1635 corp: 214/963b lim: 14 exec/s: 12240 rss: 1010Mb L: 14/14 MS: 2 InsertRepeatedBytes-Custom-
INFO: #12310	NEW    cov: 702 ft: 1638 corp: 215/969b lim: 14 exec/s: 12310 rss: 1010Mb L: 6/14 MS: 10 CopyPart-Custom-CrossOver-Custom-ChangeBinInt-Custom-InsertByte-Custom-PersAutoDict-Custom- DE: "\011\000"-
#12438	REDUCE cov: 702 ft: 1638 corp: 215/967b lim: 14 exec/s: 12438 rss: 1010Mb L: 5/14 MS: 6 InsertByte-Custom-ChangeByte-Custom-EraseBytes-Custom-
#12520	NEW    cov: 702 ft: 1639 corp: 216/979b lim: 14 exec/s: 12520 rss: 1010Mb L: 12/14 MS: 4 ChangeByte-Custom-CopyPart-Custom-
#12545	NEW    cov: 702 ft: 1640 corp: 217/993b lim: 14 exec/s: 12545 rss: 1010Mb L: 14/14 MS: 10 InsertByte-Custom-InsertRepeatedBytes-Custom-ShuffleBytes-Custom-ShuffleBytes-Custom-CopyPart-Custom-
#12556	NEW    cov: 702 ft: 1643 corp: 218/1007b lim: 14 exec/s: 12556 rss: 1010Mb L: 14/14 MS: 2 InsertRepeatedBytes-Custom-
#12567	REDUCE cov: 702 ft: 1643 corp: 218/1006b lim: 14 exec/s: 12567 rss: 1010Mb L: 3/14 MS: 2 EraseBytes-Custom-
#12583	REDUCE cov: 702 ft: 1643 corp: 218/1005b lim: 14 exec/s: 12583 rss: 1010Mb L: 6/14 MS: 2 EraseBytes-Custom-
Instrumented com.fasterxml.jackson.core.json.DupDetector (took 8 ms, size +38%)
#12587	NEW    cov: 702 ft: 1653 corp: 219/1015b lim: 14 exec/s: 12587 rss: 1010Mb L: 10/14 MS: 8 CrossOver-Custom-ShuffleBytes-Custom-ChangeByte-Custom-InsertRepeatedBytes-Custom-
#12645	REDUCE cov: 702 ft: 1653 corp: 219/1014b lim: 14 exec/s: 12645 rss: 1010Mb L: 11/14 MS: 6 EraseBytes-Custom-CrossOver-Custom-ChangeBit-Custom-
#12941	NEW    cov: 702 ft: 1655 corp: 220/1024b lim: 14 exec/s: 12941 rss: 1010Mb L: 10/14 MS: 2 InsertRepeatedBytes-Custom-
#12977	NEW    cov: 702 ft: 1698 corp: 221/1038b lim: 14 exec/s: 12977 rss: 1010Mb L: 14/14 MS: 2 CopyPart-Custom-
#13048	REDUCE cov: 702 ft: 1743 corp: 222/1049b lim: 14 exec/s: 13048 rss: 1010Mb L: 11/14 MS: 2 CrossOver-Custom-
#13210	REDUCE cov: 702 ft: 1743 corp: 222/1047b lim: 14 exec/s: 13210 rss: 1010Mb L: 8/14 MS: 4 EraseBytes-Custom-CopyPart-Custom-
#13212	REDUCE cov: 702 ft: 1744 corp: 223/1059b lim: 14 exec/s: 13212 rss: 1010Mb L: 12/14 MS: 4 InsertByte-Custom-InsertRepeatedBytes-Custom-
#13589	NEW    cov: 702 ft: 1745 corp: 224/1070b lim: 17 exec/s: 13589 rss: 1010Mb L: 11/14 MS: 4 InsertRepeatedBytes-Custom-InsertByte-Custom-
#13990	NEW    cov: 702 ft: 1746 corp: 225/1077b lim: 17 exec/s: 13990 rss: 1010Mb L: 7/14 MS: 2 InsertByte-Custom-
#14046	NEW    cov: 702 ft: 1747 corp: 226/1089b lim: 17 exec/s: 14046 rss: 1010Mb L: 12/14 MS: 2 CopyPart-Custom-
#14049	NEW    cov: 702 ft: 1749 corp: 227/1105b lim: 17 exec/s: 14049 rss: 1010Mb L: 16/16 MS: 6 InsertByte-Custom-ChangeBit-Custom-InsertRepeatedBytes-Custom-
#14090	NEW    cov: 702 ft: 1750 corp: 228/1119b lim: 17 exec/s: 14090 rss: 1010Mb L: 14/16 MS: 2 CrossOver-Custom-
#14106	NEW    cov: 702 ft: 1752 corp: 229/1129b lim: 17 exec/s: 14106 rss: 1010Mb L: 10/16 MS: 2 CopyPart-Custom-
#14142	REDUCE cov: 702 ft: 1752 corp: 229/1127b lim: 17 exec/s: 14142 rss: 1010Mb L: 5/16 MS: 2 CrossOver-Custom-
#14165	NEW    cov: 702 ft: 1753 corp: 230/1138b lim: 17 exec/s: 14165 rss: 1010Mb L: 11/16 MS: 6 CrossOver-Custom-CopyPart-Custom-CopyPart-Custom-
#14247	NEW    cov: 702 ft: 1754 corp: 231/1152b lim: 17 exec/s: 14247 rss: 1010Mb L: 14/16 MS: 4 ShuffleBytes-Custom-ChangeBit-Custom-
#14458	NEW    cov: 702 ft: 1801 corp: 232/1163b lim: 17 exec/s: 14458 rss: 1010Mb L: 11/16 MS: 2 InsertByte-Custom-
#14738	NEW    cov: 702 ft: 1804 corp: 233/1176b lim: 17 exec/s: 14738 rss: 1010Mb L: 13/16 MS: 10 EraseBytes-Custom-ChangeBit-Custom-CrossOver-Custom-InsertRepeatedBytes-Custom-CopyPart-Custom-
#15105	NEW    cov: 702 ft: 1810 corp: 234/1190b lim: 17 exec/s: 15105 rss: 1010Mb L: 14/16 MS: 4 InsertByte-Custom-InsertRepeatedBytes-Custom-
#15131	REDUCE cov: 702 ft: 1810 corp: 234/1186b lim: 17 exec/s: 15131 rss: 1010Mb L: 12/14 MS: 2 CrossOver-Custom-
#15140	REDUCE cov: 702 ft: 1810 corp: 234/1185b lim: 17 exec/s: 15140 rss: 1010Mb L: 7/14 MS: 8 InsertRepeatedBytes-Custom-PersAutoDict-Custom-ChangeBinInt-Custom-EraseBytes-Custom- DE: "\020\000\000\000"-
#15287	REDUCE cov: 702 ft: 1810 corp: 234/1184b lim: 17 exec/s: 15287 rss: 1010Mb L: 10/14 MS: 4 InsertRepeatedBytes-Custom-EraseBytes-Custom-
#15331	NEW    cov: 702 ft: 1813 corp: 235/1200b lim: 17 exec/s: 15331 rss: 1010Mb L: 16/16 MS: 8 ChangeByte-Custom-PersAutoDict-Custom-CopyPart-Custom-CrossOver-Custom- DE: "\001\000"-
#15427	REDUCE cov: 702 ft: 1813 corp: 235/1198b lim: 17 exec/s: 15427 rss: 1010Mb L: 6/16 MS: 2 EraseBytes-Custom-
#15644	NEW    cov: 702 ft: 1814 corp: 236/1207b lim: 17 exec/s: 15644 rss: 1010Mb L: 9/16 MS: 4 EraseBytes-Custom-CrossOver-Custom-
#15738	REDUCE cov: 702 ft: 1814 corp: 236/1206b lim: 17 exec/s: 15738 rss: 1010Mb L: 7/16 MS: 8 CopyPart-Custom-PersAutoDict-Custom-CrossOver-Custom-EraseBytes-Custom- DE: "\000\000\000\000\000\000\000\000"-
#15771	NEW    cov: 702 ft: 1815 corp: 237/1222b lim: 17 exec/s: 15771 rss: 1010Mb L: 16/16 MS: 6 CrossOver-Custom-PersAutoDict-Custom-InsertRepeatedBytes-Custom- DE: "\000\000\000\001"-
#15828	REDUCE cov: 702 ft: 1815 corp: 237/1221b lim: 17 exec/s: 15828 rss: 1010Mb L: 4/16 MS: 4 ShuffleBytes-Custom-EraseBytes-Custom-
#15975	REDUCE cov: 702 ft: 1815 corp: 237/1218b lim: 17 exec/s: 15975 rss: 1010Mb L: 11/16 MS: 4 CopyPart-Custom-EraseBytes-Custom-
#16021	REDUCE cov: 702 ft: 1815 corp: 237/1217b lim: 17 exec/s: 16021 rss: 1010Mb L: 1/16 MS: 2 EraseBytes-Custom-
#16059	NEW    cov: 702 ft: 1816 corp: 238/1228b lim: 17 exec/s: 16059 rss: 1010Mb L: 11/16 MS: 6 EraseBytes-Custom-InsertByte-Custom-InsertRepeatedBytes-Custom-
#16100	REDUCE cov: 702 ft: 1816 corp: 238/1227b lim: 17 exec/s: 16100 rss: 1010Mb L: 1/16 MS: 2 EraseBytes-Custom-
#16184	NEW    cov: 702 ft: 1818 corp: 239/1244b lim: 17 exec/s: 16184 rss: 1010Mb L: 17/17 MS: 8 ChangeByte-Custom-CrossOver-Custom-InsertRepeatedBytes-Custom-CopyPart-Custom-
#16201	NEW    cov: 702 ft: 1819 corp: 240/1255b lim: 17 exec/s: 16201 rss: 1010Mb L: 11/17 MS: 4 InsertRepeatedBytes-Custom-EraseBytes-Custom-
#16365	NEW    cov: 702 ft: 1861 corp: 241/1266b lim: 17 exec/s: 16365 rss: 1010Mb L: 11/17 MS: 8 ShuffleBytes-Custom-PersAutoDict-Custom-EraseBytes-Custom-InsertRepeatedBytes-Custom- DE: "\001\000"-
#16505	REDUCE cov: 702 ft: 1861 corp: 241/1264b lim: 17 exec/s: 16505 rss: 1010Mb L: 10/17 MS: 10 CopyPart-Custom-InsertRepeatedBytes-Custom-ChangeByte-Custom-ChangeBinInt-Custom-CrossOver-Custom-
#16510	NEW    cov: 702 ft: 1862 corp: 242/1276b lim: 17 exec/s: 16510 rss: 1010Mb L: 12/17 MS: 10 PersAutoDict-Custom-CrossOver-Custom-ChangeByte-Custom-InsertByte-Custom-InsertRepeatedBytes-Custom- DE: "\011\000"-
#16582	REDUCE cov: 702 ft: 1862 corp: 242/1275b lim: 17 exec/s: 16582 rss: 1010Mb L: 11/17 MS: 4 InsertByte-Custom-EraseBytes-Custom-
#16783	REDUCE cov: 702 ft: 1862 corp: 242/1274b lim: 17 exec/s: 16783 rss: 1010Mb L: 5/17 MS: 2 EraseBytes-Custom-
#16809	REDUCE cov: 702 ft: 1862 corp: 242/1272b lim: 17 exec/s: 16809 rss: 1010Mb L: 6/17 MS: 2 EraseBytes-Custom-
#16911	NEW    cov: 702 ft: 1866 corp: 243/1286b lim: 17 exec/s: 16911 rss: 1010Mb L: 14/17 MS: 4 InsertRepeatedBytes-Custom-CopyPart-Custom-
#17110	NEW    cov: 702 ft: 1877 corp: 244/1302b lim: 17 exec/s: 17110 rss: 1010Mb L: 16/17 MS: 8 InsertByte-Custom-ChangeByte-Custom-EraseBytes-Custom-CopyPart-Custom-
#17307	NEW    cov: 702 ft: 1893 corp: 245/1319b lim: 17 exec/s: 17307 rss: 1010Mb L: 17/17 MS: 4 ShuffleBytes-Custom-InsertRepeatedBytes-Custom-
#17648	REDUCE cov: 702 ft: 1893 corp: 245/1318b lim: 17 exec/s: 8824 rss: 1010Mb L: 3/17 MS: 2 EraseBytes-Custom-
#17729	REDUCE cov: 702 ft: 1893 corp: 245/1317b lim: 17 exec/s: 8864 rss: 1010Mb L: 8/17 MS: 2 EraseBytes-Custom-
#17851	REDUCE cov: 702 ft: 1893 corp: 245/1314b lim: 17 exec/s: 8925 rss: 1010Mb L: 5/17 MS: 4 ShuffleBytes-Custom-EraseBytes-Custom-
#18259	REDUCE cov: 702 ft: 1893 corp: 245/1313b lim: 21 exec/s: 9129 rss: 1010Mb L: 3/17 MS: 6 EraseBytes-Custom-EraseBytes-Custom-CopyPart-Custom-
#18307	REDUCE cov: 702 ft: 1909 corp: 246/1330b lim: 21 exec/s: 9153 rss: 1010Mb L: 17/17 MS: 6 ChangeBit-Custom-InsertRepeatedBytes-Custom-PersAutoDict-Custom- DE: "\\\000\012\012"-
#18474	REDUCE cov: 702 ft: 1909 corp: 246/1329b lim: 21 exec/s: 9237 rss: 1010Mb L: 6/17 MS: 4 ChangeBinInt-Custom-EraseBytes-Custom-
#18524	REDUCE cov: 702 ft: 1911 corp: 247/1350b lim: 21 exec/s: 9262 rss: 1010Mb L: 21/21 MS: 10 PersAutoDict-Custom-InsertRepeatedBytes-Custom-CrossOver-Custom-EraseBytes-Custom-InsertRepeatedBytes-Custom- DE: "\377\377"-
#18611	REDUCE cov: 702 ft: 1911 corp: 247/1349b lim: 21 exec/s: 9305 rss: 1010Mb L: 4/21 MS: 4 ChangeByte-Custom-EraseBytes-Custom-
#18808	NEW    cov: 702 ft: 1912 corp: 248/1362b lim: 21 exec/s: 9404 rss: 1010Mb L: 13/21 MS: 4 InsertByte-Custom-InsertRepeatedBytes-Custom-
#19040	REDUCE cov: 702 ft: 1912 corp: 248/1361b lim: 21 exec/s: 9520 rss: 1010Mb L: 13/21 MS: 4 PersAutoDict-Custom-EraseBytes-Custom- DE: "\032\000"-
#20170	REDUCE cov: 702 ft: 1913 corp: 249/1389b lim: 29 exec/s: 10085 rss: 1010Mb L: 28/28 MS: 10 ChangeByte-Custom-CrossOver-Custom-PersAutoDict-Custom-ChangeBit-Custom-InsertRepeatedBytes-Custom- DE: "\032\000"-
#20421	NEW    cov: 702 ft: 1924 corp: 250/1417b lim: 29 exec/s: 10210 rss: 1010Mb L: 28/28 MS: 2 CopyPart-Custom-
#20464	REDUCE cov: 702 ft: 1924 corp: 250/1414b lim: 29 exec/s: 10232 rss: 1010Mb L: 8/28 MS: 6 ChangeBit-Custom-CopyPart-Custom-EraseBytes-Custom-
#20502	REDUCE cov: 702 ft: 1924 corp: 250/1413b lim: 29 exec/s: 10251 rss: 1010Mb L: 11/28 MS: 6 InsertByte-Custom-ShuffleBytes-Custom-EraseBytes-Custom-
#20819	REDUCE cov: 702 ft: 1924 corp: 250/1411b lim: 29 exec/s: 10409 rss: 1010Mb L: 4/28 MS: 4 ChangeByte-Custom-EraseBytes-Custom-
#21473	NEW    cov: 702 ft: 1927 corp: 251/1428b lim: 33 exec/s: 10736 rss: 1010Mb L: 17/28 MS: 8 InsertByte-Custom-EraseBytes-Custom-CopyPart-Custom-ChangeBinInt-Custom-
#21549	REDUCE cov: 702 ft: 1927 corp: 251/1426b lim: 33 exec/s: 10774 rss: 1010Mb L: 4/28 MS: 2 EraseBytes-Custom-
#21570	REDUCE cov: 702 ft: 1927 corp: 251/1425b lim: 33 exec/s: 10785 rss: 1010Mb L: 10/28 MS: 2 EraseBytes-Custom-
#21581	REDUCE cov: 702 ft: 1927 corp: 251/1423b lim: 33 exec/s: 10790 rss: 1010Mb L: 15/28 MS: 2 EraseBytes-Custom-
#21652	REDUCE cov: 702 ft: 1929 corp: 252/1439b lim: 33 exec/s: 10826 rss: 1010Mb L: 16/28 MS: 2 InsertRepeatedBytes-Custom-
#21658	REDUCE cov: 702 ft: 1931 corp: 253/1465b lim: 33 exec/s: 10829 rss: 1010Mb L: 26/28 MS: 2 InsertRepeatedBytes-Custom-
#21729	REDUCE cov: 702 ft: 1931 corp: 253/1462b lim: 33 exec/s: 10864 rss: 1010Mb L: 14/28 MS: 2 EraseBytes-Custom-
#21892	REDUCE cov: 702 ft: 1931 corp: 253/1460b lim: 33 exec/s: 10946 rss: 1010Mb L: 24/28 MS: 6 CMP-Custom-CrossOver-Custom-EraseBytes-Custom- DE: "\377\377"-
#22188	REDUCE cov: 702 ft: 1931 corp: 253/1458b lim: 33 exec/s: 11094 rss: 1010Mb L: 4/28 MS: 2 EraseBytes-Custom-
#22380	REDUCE cov: 702 ft: 1935 corp: 254/1479b lim: 33 exec/s: 11190 rss: 1010Mb L: 21/28 MS: 4 ChangeBinInt-Custom-InsertRepeatedBytes-Custom-
#22397	REDUCE cov: 702 ft: 1935 corp: 254/1476b lim: 33 exec/s: 11198 rss: 1010Mb L: 3/28 MS: 4 PersAutoDict-Custom-EraseBytes-Custom- DE: "\001\000"-
#22584	NEW    cov: 702 ft: 1943 corp: 255/1499b lim: 33 exec/s: 11292 rss: 1010Mb L: 23/28 MS: 4 CopyPart-Custom-InsertRepeatedBytes-Custom-
#22687	REDUCE cov: 702 ft: 1943 corp: 255/1498b lim: 33 exec/s: 11343 rss: 1010Mb L: 4/28 MS: 6 CopyPart-Custom-CopyPart-Custom-EraseBytes-Custom-
#22883	REDUCE cov: 702 ft: 1943 corp: 255/1495b lim: 33 exec/s: 11441 rss: 1010Mb L: 11/28 MS: 2 EraseBytes-Custom-
#23139	REDUCE cov: 702 ft: 1943 corp: 255/1494b lim: 33 exec/s: 11569 rss: 1010Mb L: 15/28 MS: 2 EraseBytes-Custom-
#23305	REDUCE cov: 702 ft: 1943 corp: 255/1493b lim: 33 exec/s: 11652 rss: 1010Mb L: 4/28 MS: 2 EraseBytes-Custom-
#23492	REDUCE cov: 702 ft: 1943 corp: 255/1492b lim: 33 exec/s: 11746 rss: 1010Mb L: 1/28 MS: 4 ChangeBinInt-Custom-EraseBytes-Custom-
#23663	REDUCE cov: 702 ft: 1943 corp: 255/1489b lim: 33 exec/s: 11831 rss: 1010Mb L: 11/28 MS: 2 EraseBytes-Custom-
#23679	REDUCE cov: 702 ft: 1943 corp: 255/1488b lim: 33 exec/s: 11839 rss: 1010Mb L: 6/28 MS: 2 EraseBytes-Custom-
#23825	REDUCE cov: 704 ft: 1947 corp: 256/1505b lim: 33 exec/s: 11912 rss: 1010Mb L: 17/28 MS: 2 PersAutoDict-Custom- DE: "\001\000"-
#23981	REDUCE cov: 704 ft: 1947 corp: 256/1504b lim: 33 exec/s: 11990 rss: 1010Mb L: 13/28 MS: 2 EraseBytes-Custom-
#24068	NEW    cov: 704 ft: 1951 corp: 257/1534b lim: 33 exec/s: 12034 rss: 1010Mb L: 30/30 MS: 4 ShuffleBytes-Custom-CrossOver-Custom-
#24130	NEW    cov: 704 ft: 1952 corp: 258/1567b lim: 33 exec/s: 12065 rss: 1010Mb L: 33/33 MS: 4 ChangeBit-Custom-InsertRepeatedBytes-Custom-
#24340	REDUCE cov: 706 ft: 1954 corp: 259/1590b lim: 33 exec/s: 12170 rss: 1010Mb L: 23/33 MS: 10 InsertRepeatedBytes-Custom-CrossOver-Custom-CrossOver-Custom-ChangeByte-Custom-CMP-Custom- DE: "\376\377"-
#24571	REDUCE cov: 706 ft: 1954 corp: 259/1584b lim: 33 exec/s: 12285 rss: 1010Mb L: 11/33 MS: 2 EraseBytes-Custom-
#25238	REDUCE cov: 706 ft: 1954 corp: 259/1582b lim: 38 exec/s: 12619 rss: 1010Mb L: 21/33 MS: 4 InsertByte-Custom-EraseBytes-Custom-
#25311	REDUCE cov: 706 ft: 1954 corp: 259/1580b lim: 38 exec/s: 12655 rss: 1010Mb L: 28/33 MS: 6 InsertByte-Custom-ChangeByte-Custom-EraseBytes-Custom-
#25347	NEW    cov: 706 ft: 1956 corp: 260/1615b lim: 38 exec/s: 12673 rss: 1010Mb L: 35/35 MS: 2 InsertRepeatedBytes-Custom-
#25434	REDUCE cov: 706 ft: 1956 corp: 260/1601b lim: 38 exec/s: 12717 rss: 1010Mb L: 21/33 MS: 4 CopyPart-Custom-EraseBytes-Custom-
#25457	NEW    cov: 706 ft: 1992 corp: 261/1637b lim: 38 exec/s: 12728 rss: 1010Mb L: 36/36 MS: 6 InsertRepeatedBytes-Custom-PersAutoDict-Custom-CopyPart-Custom- DE: "\\\000\012\012"-
#25610	REDUCE cov: 706 ft: 1992 corp: 261/1631b lim: 38 exec/s: 12805 rss: 1010Mb L: 27/36 MS: 6 CrossOver-Custom-EraseBytes-Custom-CrossOver-Custom-
#25611	NEW    cov: 706 ft: 2008 corp: 262/1669b lim: 38 exec/s: 12805 rss: 1010Mb L: 38/38 MS: 2 InsertRepeatedBytes-Custom-
#25749	REDUCE cov: 706 ft: 2008 corp: 262/1666b lim: 38 exec/s: 12874 rss: 1010Mb L: 11/38 MS: 6 ChangeASCIIInt-Custom-EraseBytes-Custom-CopyPart-Custom-
#25865	REDUCE cov: 706 ft: 2008 corp: 262/1665b lim: 38 exec/s: 12932 rss: 1010Mb L: 11/38 MS: 2 EraseBytes-Custom-
#26062	REDUCE cov: 706 ft: 2008 corp: 262/1664b lim: 38 exec/s: 13031 rss: 1010Mb L: 13/38 MS: 4 ChangeBinInt-Custom-EraseBytes-Custom-
#26146	REDUCE cov: 706 ft: 2013 corp: 263/1702b lim: 38 exec/s: 13073 rss: 1010Mb L: 38/38 MS: 8 CopyPart-Custom-CrossOver-Custom-EraseBytes-Custom-InsertRepeatedBytes-Custom-
#26163	NEW    cov: 706 ft: 2018 corp: 264/1734b lim: 38 exec/s: 13081 rss: 1010Mb L: 32/38 MS: 4 PersAutoDict-Custom-CrossOver-Custom- DE: "\000\000\000\002"-
#26244	REDUCE cov: 706 ft: 2018 corp: 264/1731b lim: 38 exec/s: 13122 rss: 1010Mb L: 18/38 MS: 2 EraseBytes-Custom-
#26245	REDUCE cov: 706 ft: 2018 corp: 264/1729b lim: 38 exec/s: 13122 rss: 1010Mb L: 15/38 MS: 2 EraseBytes-Custom-
#26247	NEW    cov: 706 ft: 2019 corp: 265/1746b lim: 38 exec/s: 13123 rss: 1010Mb L: 17/38 MS: 4 CopyPart-Custom-ChangeASCIIInt-Custom-
#26413	REDUCE cov: 706 ft: 2019 corp: 265/1745b lim: 38 exec/s: 13206 rss: 1010Mb L: 1/38 MS: 2 EraseBytes-Custom-
#26534	REDUCE cov: 706 ft: 2019 corp: 265/1744b lim: 38 exec/s: 13267 rss: 1010Mb L: 11/38 MS: 2 EraseBytes-Custom-
#26690	NEW    cov: 706 ft: 2020 corp: 266/1770b lim: 38 exec/s: 13345 rss: 1010Mb L: 26/38 MS: 2 InsertRepeatedBytes-Custom-
#26826	REDUCE cov: 706 ft: 2020 corp: 266/1769b lim: 38 exec/s: 13413 rss: 1010Mb L: 10/38 MS: 2 EraseBytes-Custom-
#27062	REDUCE cov: 706 ft: 2020 corp: 266/1767b lim: 38 exec/s: 13531 rss: 1010Mb L: 4/38 MS: 2 EraseBytes-Custom-
#27122	NEW    cov: 707 ft: 2021 corp: 267/1787b lim: 38 exec/s: 13561 rss: 1010Mb L: 20/38 MS: 10 CMP-Custom-ChangeBit-Custom-CMP-Custom-InsertByte-Custom-PersAutoDict-Custom- DE: "\001\000\000\000\000\000\000\000"-"\000\000\000\000\000\000\000\000"-"\376\377"-
#27158	REDUCE cov: 707 ft: 2021 corp: 267/1786b lim: 38 exec/s: 13579 rss: 1010Mb L: 13/38 MS: 2 EraseBytes-Custom-
#27164	NEW    cov: 707 ft: 2025 corp: 268/1809b lim: 38 exec/s: 13582 rss: 1010Mb L: 23/38 MS: 2 InsertRepeatedBytes-Custom-
#27198	NEW    cov: 707 ft: 2028 corp: 269/1824b lim: 38 exec/s: 13599 rss: 1010Mb L: 15/38 MS: 8 InsertByte-Custom-InsertByte-Custom-CopyPart-Custom-CrossOver-Custom-
#27214	REDUCE cov: 707 ft: 2029 corp: 270/1832b lim: 38 exec/s: 13607 rss: 1010Mb L: 8/38 MS: 2 CopyPart-Custom-
#27265	REDUCE cov: 707 ft: 2029 corp: 270/1831b lim: 38 exec/s: 13632 rss: 1010Mb L: 13/38 MS: 2 EraseBytes-Custom-
#27386	REDUCE cov: 707 ft: 2029 corp: 270/1830b lim: 38 exec/s: 13693 rss: 1010Mb L: 3/38 MS: 2 EraseBytes-Custom-
#27609	NEW    cov: 707 ft: 2031 corp: 271/1867b lim: 38 exec/s: 13804 rss: 1010Mb L: 37/38 MS: 6 PersAutoDict-Custom-ChangeBinInt-Custom-InsertRepeatedBytes-Custom- DE: "hashCode"-
#27970	REDUCE cov: 707 ft: 2031 corp: 271/1865b lim: 38 exec/s: 13985 rss: 1010Mb L: 11/38 MS: 2 EraseBytes-Custom-
#28021	REDUCE cov: 707 ft: 2031 corp: 271/1862b lim: 38 exec/s: 14010 rss: 1010Mb L: 23/38 MS: 2 EraseBytes-Custom-
#28340	NEW    cov: 707 ft: 2032 corp: 272/1897b lim: 38 exec/s: 14170 rss: 1010Mb L: 35/38 MS: 8 ShuffleBytes-Custom-InsertByte-Custom-CrossOver-Custom-CrossOver-Custom-
#28582	REDUCE cov: 707 ft: 2032 corp: 272/1896b lim: 38 exec/s: 14291 rss: 1010Mb L: 3/38 MS: 4 EraseBytes-Custom-CopyPart-Custom-
#28948	REDUCE cov: 707 ft: 2032 corp: 272/1891b lim: 38 exec/s: 14474 rss: 1010Mb L: 15/38 MS: 2 EraseBytes-Custom-
#28973	NEW    cov: 707 ft: 2033 corp: 273/1929b lim: 38 exec/s: 14486 rss: 1010Mb L: 38/38 MS: 10 EraseBytes-Custom-PersAutoDict-Custom-ChangeBinInt-Custom-InsertByte-Custom-CopyPart-Custom- DE: "\000\000\000\002"-
#29434	REDUCE cov: 707 ft: 2035 corp: 274/1957b lim: 38 exec/s: 14717 rss: 1010Mb L: 28/38 MS: 2 InsertRepeatedBytes-Custom-
#29551	REDUCE cov: 707 ft: 2035 corp: 274/1956b lim: 38 exec/s: 14775 rss: 1010Mb L: 10/38 MS: 4 ChangeBit-Custom-EraseBytes-Custom-
#29808	REDUCE cov: 707 ft: 2036 corp: 275/1989b lim: 38 exec/s: 14904 rss: 1010Mb L: 33/38 MS: 4 InsertRepeatedBytes-Custom-ShuffleBytes-Custom-
#29934	REDUCE cov: 707 ft: 2036 corp: 275/1979b lim: 38 exec/s: 14967 rss: 1010Mb L: 18/38 MS: 2 EraseBytes-Custom-
#30056	REDUCE cov: 707 ft: 2045 corp: 276/2017b lim: 38 exec/s: 15028 rss: 1010Mb L: 38/38 MS: 4 ChangeByte-Custom-InsertRepeatedBytes-Custom-
#30392	REDUCE cov: 707 ft: 2045 corp: 276/2016b lim: 38 exec/s: 15196 rss: 1010Mb L: 5/38 MS: 2 EraseBytes-Custom-
#30749	REDUCE cov: 707 ft: 2045 corp: 276/2014b lim: 38 exec/s: 15374 rss: 1010Mb L: 11/38 MS: 4 CopyPart-Custom-EraseBytes-Custom-
#30886	NEW    cov: 707 ft: 2058 corp: 277/2050b lim: 38 exec/s: 15443 rss: 1010Mb L: 36/38 MS: 4 ChangeBit-Custom-InsertRepeatedBytes-Custom-
#31038	REDUCE cov: 707 ft: 2058 corp: 277/2047b lim: 38 exec/s: 15519 rss: 1010Mb L: 18/38 MS: 4 InsertRepeatedBytes-Custom-EraseBytes-Custom-
#31081	REDUCE cov: 707 ft: 2058 corp: 277/2045b lim: 38 exec/s: 15540 rss: 1010Mb L: 4/38 MS: 6 CopyPart-Custom-ShuffleBytes-Custom-EraseBytes-Custom-
#31155	REDUCE cov: 707 ft: 2058 corp: 277/2043b lim: 38 exec/s: 15577 rss: 1010Mb L: 11/38 MS: 8 ChangeByte-Custom-CopyPart-Custom-ShuffleBytes-Custom-EraseBytes-Custom-
#31334	REDUCE cov: 707 ft: 2059 corp: 278/2065b lim: 38 exec/s: 15667 rss: 1010Mb L: 22/38 MS: 8 InsertRepeatedBytes-Custom-ChangeBinInt-Custom-InsertByte-Custom-CopyPart-Custom-
#31836	REDUCE cov: 707 ft: 2059 corp: 278/2064b lim: 38 exec/s: 15918 rss: 1010Mb L: 3/38 MS: 4 EraseBytes-Custom-ChangeBit-Custom-
#31969	NEW    cov: 707 ft: 2062 corp: 279/2089b lim: 38 exec/s: 15984 rss: 1010Mb L: 25/38 MS: 6 CopyPart-Custom-CopyPart-Custom-CopyPart-Custom-
#32046	NEW    cov: 707 ft: 2069 corp: 280/2117b lim: 38 exec/s: 16023 rss: 1010Mb L: 28/38 MS: 4 CopyPart-Custom-ChangeByte-Custom-
#32192	REDUCE cov: 707 ft: 2069 corp: 280/2109b lim: 38 exec/s: 16096 rss: 1010Mb L: 25/38 MS: 2 EraseBytes-Custom-
#32428	REDUCE cov: 707 ft: 2069 corp: 280/2108b lim: 38 exec/s: 16214 rss: 1010Mb L: 13/38 MS: 2 EraseBytes-Custom-
#32580	REDUCE cov: 707 ft: 2069 corp: 280/2107b lim: 38 exec/s: 16290 rss: 1010Mb L: 17/38 MS: 4 ChangeBit-Custom-EraseBytes-Custom-
#32672	REDUCE cov: 707 ft: 2069 corp: 280/2106b lim: 38 exec/s: 16336 rss: 1010Mb L: 5/38 MS: 4 ShuffleBytes-Custom-EraseBytes-Custom-
#32768	pulse  cov: 707 ft: 2069 corp: 280/2106b lim: 38 exec/s: 16384 rss: 1010Mb
#32870	REDUCE cov: 707 ft: 2069 corp: 280/2105b lim: 38 exec/s: 16435 rss: 1010Mb L: 17/38 MS: 6 EraseBytes-Custom-InsertRepeatedBytes-Custom-CopyPart-Custom-
#32974	NEW    cov: 707 ft: 2070 corp: 281/2141b lim: 38 exec/s: 16487 rss: 1010Mb L: 36/38 MS: 8 EraseBytes-Custom-ChangeBit-Custom-ChangeBinInt-Custom-InsertRepeatedBytes-Custom-
#33032	NEW    cov: 707 ft: 2072 corp: 282/2174b lim: 38 exec/s: 16516 rss: 1010Mb L: 33/38 MS: 6 InsertByte-Custom-ChangeBit-Custom-InsertRepeatedBytes-Custom-
#33148	REDUCE cov: 707 ft: 2072 corp: 282/2172b lim: 38 exec/s: 16574 rss: 1010Mb L: 9/38 MS: 2 EraseBytes-Custom-
#33339	REDUCE cov: 707 ft: 2072 corp: 282/2170b lim: 38 exec/s: 16669 rss: 1010Mb L: 22/38 MS: 2 EraseBytes-Custom-
#33620	NEW    cov: 707 ft: 2075 corp: 283/2208b lim: 38 exec/s: 16810 rss: 1010Mb L: 38/38 MS: 2 CopyPart-Custom-
#33722	REDUCE cov: 707 ft: 2075 corp: 283/2206b lim: 38 exec/s: 16861 rss: 1010Mb L: 19/38 MS: 4 ChangeBinInt-Custom-EraseBytes-Custom-
#33744	REDUCE cov: 707 ft: 2075 corp: 283/2205b lim: 38 exec/s: 16872 rss: 1010Mb L: 12/38 MS: 4 ChangeByte-Custom-EraseBytes-Custom-
#33870	REDUCE cov: 707 ft: 2075 corp: 283/2204b lim: 38 exec/s: 16935 rss: 1010Mb L: 1/38 MS: 2 EraseBytes-Custom-
#33908	REDUCE cov: 707 ft: 2075 corp: 283/2194b lim: 38 exec/s: 16954 rss: 1010Mb L: 26/38 MS: 6 CrossOver-Custom-ShuffleBytes-Custom-EraseBytes-Custom-
#34063	REDUCE cov: 707 ft: 2075 corp: 283/2192b lim: 38 exec/s: 17031 rss: 1010Mb L: 11/38 MS: 10 ShuffleBytes-Custom-ChangeBinInt-Custom-CrossOver-Custom-EraseBytes-Custom-ChangeByte-Custom-
#34199	REDUCE cov: 707 ft: 2075 corp: 283/2190b lim: 38 exec/s: 17099 rss: 1010Mb L: 9/38 MS: 2 EraseBytes-Custom-
#34456	REDUCE cov: 707 ft: 2076 corp: 284/2220b lim: 38 exec/s: 17228 rss: 1010Mb L: 30/38 MS: 4 ChangeBit-Custom-InsertRepeatedBytes-Custom-
#34656	REDUCE cov: 707 ft: 2078 corp: 285/2257b lim: 38 exec/s: 17328 rss: 1010Mb L: 37/38 MS: 10 CrossOver-Custom-ShuffleBytes-Custom-InsertRepeatedBytes-Custom-ChangeByte-Custom-InsertRepeatedBytes-Custom-
#34777	NEW    cov: 707 ft: 2083 corp: 286/2289b lim: 38 exec/s: 17388 rss: 1010Mb L: 32/38 MS: 2 ShuffleBytes-Custom-
#34792	REDUCE cov: 707 ft: 2083 corp: 286/2280b lim: 38 exec/s: 17396 rss: 1010Mb L: 17/38 MS: 10 CopyPart-Custom-ChangeByte-Custom-CopyPart-Custom-CopyPart-Custom-EraseBytes-Custom-
#34840	NEW    cov: 707 ft: 2084 corp: 287/2315b lim: 38 exec/s: 17420 rss: 1010Mb L: 35/38 MS: 6 EraseBytes-Custom-PersAutoDict-Custom-InsertRepeatedBytes-Custom- DE: "\376\377"-
#35182	REDUCE cov: 707 ft: 2084 corp: 287/2314b lim: 38 exec/s: 17591 rss: 1010Mb L: 2/38 MS: 4 EraseBytes-Custom-ShuffleBytes-Custom-
#35598	REDUCE cov: 707 ft: 2084 corp: 287/2313b lim: 38 exec/s: 17799 rss: 1010Mb L: 37/38 MS: 2 EraseBytes-Custom-
#35854	REDUCE cov: 707 ft: 2084 corp: 287/2311b lim: 38 exec/s: 17927 rss: 1010Mb L: 3/38 MS: 2 EraseBytes-Custom-
#35872	NEW    cov: 707 ft: 2131 corp: 288/2338b lim: 38 exec/s: 17936 rss: 1010Mb L: 27/38 MS: 6 PersAutoDict-Custom-ShuffleBytes-Custom-InsertRepeatedBytes-Custom- DE: "\020\000\000\000"-
#36202	REDUCE cov: 707 ft: 2131 corp: 288/2333b lim: 38 exec/s: 18101 rss: 1010Mb L: 18/38 MS: 10 InsertByte-Custom-InsertRepeatedBytes-Custom-ChangeBit-Custom-EraseBytes-Custom-EraseBytes-Custom-
#36558	REDUCE cov: 707 ft: 2131 corp: 288/2332b lim: 38 exec/s: 18279 rss: 1010Mb L: 9/38 MS: 2 EraseBytes-Custom-
#36899	REDUCE cov: 707 ft: 2131 corp: 288/2331b lim: 38 exec/s: 18449 rss: 1010Mb L: 1/38 MS: 2 EraseBytes-Custom-
#37650	REDUCE cov: 707 ft: 2131 corp: 288/2330b lim: 43 exec/s: 18825 rss: 1010Mb L: 12/38 MS: 2 EraseBytes-Custom-
#37701	REDUCE cov: 707 ft: 2131 corp: 288/2328b lim: 43 exec/s: 18850 rss: 1010Mb L: 28/38 MS: 2 EraseBytes-Custom-
#37928	REDUCE cov: 707 ft: 2131 corp: 288/2327b lim: 43 exec/s: 18964 rss: 1010Mb L: 14/38 MS: 4 ChangeByte-Custom-EraseBytes-Custom-
#38076	NEW    cov: 708 ft: 2132 corp: 289/2341b lim: 43 exec/s: 19038 rss: 1010Mb L: 14/38 MS: 6 PersAutoDict-Custom-ShuffleBytes-Custom-InsertRepeatedBytes-Custom- DE: "\376\377"-
#38537	NEW    cov: 708 ft: 2134 corp: 290/2360b lim: 43 exec/s: 19268 rss: 1010Mb L: 19/38 MS: 2 PersAutoDict-Custom- DE: "\020\000\000\000"-
#38543	REDUCE cov: 708 ft: 2134 corp: 290/2346b lim: 43 exec/s: 19271 rss: 1010Mb L: 19/38 MS: 2 EraseBytes-Custom-
#38574	REDUCE cov: 708 ft: 2134 corp: 290/2337b lim: 43 exec/s: 19287 rss: 1010Mb L: 18/38 MS: 2 EraseBytes-Custom-
#39064	REDUCE cov: 708 ft: 2134 corp: 290/2336b lim: 43 exec/s: 19532 rss: 1010Mb L: 5/38 MS: 10 EraseBytes-Custom-EraseBytes-Custom-InsertByte-Custom-ChangeBit-Custom-InsertByte-Custom-
#39116	REDUCE cov: 708 ft: 2134 corp: 290/2333b lim: 43 exec/s: 19558 rss: 1010Mb L: 3/38 MS: 4 ChangeBinInt-Custom-EraseBytes-Custom-
#39482	REDUCE cov: 708 ft: 2134 corp: 290/2331b lim: 43 exec/s: 19741 rss: 1010Mb L: 9/38 MS: 2 EraseBytes-Custom-
#39674	NEW    cov: 709 ft: 2135 corp: 291/2339b lim: 43 exec/s: 19837 rss: 1010Mb L: 8/38 MS: 4 CMP-Custom-PersAutoDict-Custom- DE: "\000\000\000\001"-"\376\377"-
#40215	REDUCE cov: 709 ft: 2135 corp: 291/2338b lim: 48 exec/s: 20107 rss: 1010Mb L: 4/38 MS: 2 EraseBytes-Custom-
#40597	REDUCE cov: 709 ft: 2135 corp: 291/2337b lim: 48 exec/s: 20298 rss: 1010Mb L: 7/38 MS: 4 ChangeByte-Custom-EraseBytes-Custom-
#40715	NEW    cov: 709 ft: 2141 corp: 292/2383b lim: 48 exec/s: 20357 rss: 1010Mb L: 46/46 MS: 6 PersAutoDict-Custom-CrossOver-Custom-InsertRepeatedBytes-Custom- DE: "\000\000\000\001"-
#40737	REDUCE cov: 709 ft: 2141 corp: 292/2382b lim: 48 exec/s: 20368 rss: 1010Mb L: 7/46 MS: 4 ChangeByte-Custom-EraseBytes-Custom-
#40876	REDUCE cov: 709 ft: 2149 corp: 293/2424b lim: 48 exec/s: 20438 rss: 1010Mb L: 42/46 MS: 8 CopyPart-Custom-EraseBytes-Custom-CopyPart-Custom-InsertRepeatedBytes-Custom-
#41028	REDUCE cov: 709 ft: 2149 corp: 293/2423b lim: 48 exec/s: 20514 rss: 1010Mb L: 10/46 MS: 4 InsertByte-Custom-EraseBytes-Custom-
#41750	REDUCE cov: 709 ft: 2149 corp: 293/2420b lim: 53 exec/s: 13916 rss: 1010Mb L: 12/46 MS: 4 ChangeBit-Custom-EraseBytes-Custom-
#41886	REDUCE cov: 709 ft: 2149 corp: 293/2415b lim: 53 exec/s: 13962 rss: 1010Mb L: 37/46 MS: 2 EraseBytes-Custom-
#42289	NEW    cov: 709 ft: 2162 corp: 294/2451b lim: 53 exec/s: 14096 rss: 1010Mb L: 36/46 MS: 6 CrossOver-Custom-ChangeBinInt-Custom-CopyPart-Custom-
#42467	REDUCE cov: 709 ft: 2164 corp: 295/2491b lim: 53 exec/s: 14155 rss: 1010Mb L: 40/46 MS: 6 CrossOver-Custom-EraseBytes-Custom-InsertRepeatedBytes-Custom-
#42573	REDUCE cov: 709 ft: 2164 corp: 295/2484b lim: 53 exec/s: 14191 rss: 1010Mb L: 18/46 MS: 2 EraseBytes-Custom-
#43040	REDUCE cov: 709 ft: 2167 corp: 296/2527b lim: 53 exec/s: 14346 rss: 1010Mb L: 43/46 MS: 4 ChangeBit-Custom-InsertRepeatedBytes-Custom-
#43106	NEW    cov: 709 ft: 2168 corp: 297/2567b lim: 53 exec/s: 14368 rss: 1010Mb L: 40/46 MS: 2 PersAutoDict-Custom- DE: "\000\000\000\001"-
#43197	REDUCE cov: 709 ft: 2168 corp: 297/2564b lim: 53 exec/s: 14399 rss: 1010Mb L: 4/46 MS: 2 EraseBytes-Custom-
#43259	REDUCE cov: 709 ft: 2168 corp: 297/2560b lim: 53 exec/s: 14419 rss: 1010Mb L: 9/46 MS: 4 CrossOver-Custom-EraseBytes-Custom-
#43569	REDUCE cov: 709 ft: 2168 corp: 297/2559b lim: 53 exec/s: 14523 rss: 1010Mb L: 14/46 MS: 10 InsertByte-Custom-PersAutoDict-Custom-CrossOver-Custom-ChangeBit-Custom-EraseBytes-Custom- DE: "\000\000\000\000"-
#43609	REDUCE cov: 709 ft: 2168 corp: 297/2558b lim: 53 exec/s: 14536 rss: 1010Mb L: 8/46 MS: 10 ChangeBinInt-Custom-InsertByte-Custom-EraseBytes-Custom-InsertByte-Custom-ShuffleBytes-Custom-
#43995	REDUCE cov: 709 ft: 2168 corp: 297/2556b lim: 53 exec/s: 14665 rss: 1010Mb L: 17/46 MS: 2 EraseBytes-Custom-
#44051	REDUCE cov: 709 ft: 2168 corp: 297/2555b lim: 53 exec/s: 14683 rss: 1010Mb L: 13/46 MS: 2 EraseBytes-Custom-
MS: 4 EraseBytes-Custom-InsertRepeatedBytes-Custom-; base unit: 92c0cc10a9edf3481df60d95b039b75783c9dbe6
0x89,0xdf,0xdf,0xdf,0xdf,0xdf,0xdf,0xdf,0xdf,0xdf,0xdf,0xdf,0xdf,0xdf,0xdf,0xdf,0xdf,0xdf,0xdf,0xdf,0xdf,0xdf,0xdf,0xdf,0xdf,0xdf,0xdf,0xdf,0xdf,0xdf,0xdf,0xdf,0xdf,0xdf,0xdf,0xdf,0xdf,0xdf,0xdf,0xdf,0xdf,0xdf,0xdf,0xdf,0xdf,0xdf,0xdf,0xdf,0xdf,0xdf,0xdf,0xdf,0xdf,
\211\337\337\337\337\337\337\337\337\337\337\337\337\337\337\337\337\337\337\337\337\337\337\337\337\337\337\337\337\337\337\337\337\337\337\337\337\337\337\337\337\337\337\337\337\337\337\337\337\337\337\337\337
artifact_prefix='/tmp/bugrun/jacksoncore_15.oQYi89/'; Test unit written to /tmp/bugrun/jacksoncore_15.oQYi89/crash-2219ee09e36e6a1b1e90b07c76427647247a598b
Base64: id/f39/f39/f39/f39/f39/f39/f39/f39/f39/f39/f39/f39/f39/f39/f39/f39/f398=DEDUP_TOKEN: b1fd865c9eba2597
Done 44053 runs in 3 second(s)

[ERROR] Tests run: 2, Failures: 0, Errors: 1, Skipped: 0, Time elapsed: 14.87 s <<< FAILURE! -- in com.example.algorithm2.Algorithm2Test
[ERROR] com.example.algorithm2.Algorithm2Test.testParameterizedFuzzer(FuzzedDataProvider)[2] -- Time elapsed: 3.464 s <<< ERROR!
java.lang.ArrayIndexOutOfBoundsException: Index 964 out of bounds for length 32
	at com.fasterxml.jackson.core.json.ByteSourceJsonBootstrapper.detectEncoding(ByteSourceJsonBootstrapper.java:127)
	at com.fasterxml.jackson.core.json.ByteSourceJsonBootstrapper.constructParser(ByteSourceJsonBootstrapper.java:215)
	at com.fasterxml.jackson.core.JsonFactory._createParser(JsonFactory.java:1285)
	at com.fasterxml.jackson.core.JsonFactory.createParser(JsonFactory.java:866)
	at com.fasterxml.jackson.core.JsonFactory.createJsonParser(JsonFactory.java:1035)
	at jdk.internal.reflect.GeneratedMethodAccessor68.invoke(Unknown Source)
	at java.base/jdk.internal.reflect.DelegatingMethodAccessorImpl.invoke(DelegatingMethodAccessorImpl.java:43)
	at java.base/java.lang.reflect.Method.invoke(Method.java:566)
	at com.example.algorithm2.Algorithm2Test.testParameterizedFuzzer(Algorithm2Test.java:226)

[INFO] 
[INFO] Results:
[INFO] 
[ERROR] Errors: 
[ERROR]   Algorithm2Test.testParameterizedFuzzer:226 » ArrayIndexOutOfBounds Index 964 out of bounds for length 32
[INFO] 
[ERROR] Tests run: 2, Failures: 0, Errors: 1, Skipped: 0
[INFO] 
[ERROR] 

Please refer to /tmp/bugrun/jacksoncore_15.oQYi89/target/surefire-reports for the individual test results.
Please refer to dump files (if any exist) [date].dump, [date]-jvmRun[N].dump and [date].dumpstream.
[INFO] 
[INFO] --- jacoco:0.8.11:report (default-cli) @ AlgorithmName2 ---
[INFO] Loading execution data file /tmp/bugrun/jacksoncore_15.oQYi89/target/jacoco.exec
[INFO] Analyzed bundle 'AlgorithmName2' with 80 classes
[INFO] ------------------------------------------------------------------------
[INFO] BUILD SUCCESS
[INFO] ------------------------------------------------------------------------
[INFO] Total time:  27.983 s
[INFO] Finished at: 2026-10-06T02:51:11+07:00
[INFO] ------------------------------------------------------------------------
