[INFO] Scanning for projects...
[INFO] 
[INFO] ---------------------< com.example:AlgorithmName2 >---------------------
[INFO] Building AlgorithmName2 1.0-SNAPSHOT
[INFO]   from pom.xml
[INFO] --------------------------------[ jar ]---------------------------------
[INFO] 
[INFO] --- jacoco:0.8.11:prepare-agent (default) @ AlgorithmName2 ---
[INFO] argLine set to -javaagent:/home/kanyaphak673380391-3/.m2/repository/org/jacoco/org.jacoco.agent/0.8.11/org.jacoco.agent-0.8.11-runtime.jar=destfile=/tmp/bugrun/compress_2.DstkfR/target/jacoco.exec
[INFO] 
[INFO] --- resources:3.4.0:resources (default-resources) @ AlgorithmName2 ---
[INFO] Copying 1 resource from src/main/resources to target/classes
[INFO] 
[INFO] --- compiler:3.15.0:compile (default-compile) @ AlgorithmName2 ---
[INFO] Recompiling the module because of changed source code.
[INFO] Compiling 1 source file with javac [debug target 1.8] to target/classes
[WARNING] bootstrap class path not set in conjunction with -source 8
[INFO] 
[INFO] --- dependency:3.6.0:unpack-dependencies (unpack-defects4j) @ AlgorithmName2 ---
[INFO] 
[INFO] --- resources:3.4.0:testResources (default-testResources) @ AlgorithmName2 ---
[INFO] skip non existing resourceDirectory /tmp/bugrun/compress_2.DstkfR/src/test/resources
[INFO] 
[INFO] --- compiler:3.15.0:testCompile (default-testCompile) @ AlgorithmName2 ---
[INFO] Recompiling the module because of changed dependency.
[INFO] Compiling 1 source file with javac [debug target 1.8] to target/test-classes
[WARNING] bootstrap class path not set in conjunction with -source 8
[INFO] 
[INFO] --- surefire:3.1.2:test (default-cli) @ AlgorithmName2 ---
[INFO] Using auto detected provider org.apache.maven.surefire.junitplatform.JUnitPlatformProvider
[INFO] 
[INFO] -------------------------------------------------------
[INFO]  T E S T S
[INFO] -------------------------------------------------------
[INFO] Running com.example.algorithm2.Algorithm2Test
OpenJDK 64-Bit Server VM warning: Sharing is only supported for boot loader classes because bootstrap classpath has been appended
INFO: Loaded 281 hooks from com.code_intelligence.jazzer.runtime.TraceCmpHooks
INFO: Loaded 5 hooks from com.code_intelligence.jazzer.runtime.TraceDivHooks
INFO: Loaded 2 hooks from com.code_intelligence.jazzer.runtime.TraceIndirHooks
INFO: Loaded 4 hooks from com.code_intelligence.jazzer.runtime.NativeLibHooks
INFO: Loaded 2 hooks from com.code_intelligence.jazzer.sanitizers.ClojureLangHooks
INFO: Loaded 5 hooks from com.code_intelligence.jazzer.sanitizers.Deserialization
INFO: Loaded 5 hooks from com.code_intelligence.jazzer.sanitizers.ExpressionLanguageInjection
INFO: Loaded 70 hooks from com.code_intelligence.jazzer.sanitizers.LdapInjection
INFO: Loaded 46 hooks from com.code_intelligence.jazzer.sanitizers.NamingContextLookup
INFO: Loaded 1 hooks from com.code_intelligence.jazzer.sanitizers.OsCommandInjection
INFO: Loaded 52 hooks from com.code_intelligence.jazzer.sanitizers.ReflectiveCall
INFO: Loaded 8 hooks from com.code_intelligence.jazzer.sanitizers.RegexInjection
INFO: Loaded 16 hooks from com.code_intelligence.jazzer.sanitizers.RegexRoadblocks
INFO: Loaded 18 hooks from com.code_intelligence.jazzer.sanitizers.ScriptEngineInjection
INFO: Loaded 2 hooks from com.code_intelligence.jazzer.sanitizers.ServerSideRequestForgery
INFO: Loaded 19 hooks from com.code_intelligence.jazzer.sanitizers.SqlInjection
INFO: Loaded 6 hooks from com.code_intelligence.jazzer.sanitizers.XPathInjection
INFO: Instrumented com.example.algorithm2.Algorithm2Test$Skip (took 223 ms, size +44%)
INFO: Instrumented com.example.algorithm2.Algorithm2Test (took 182 ms, size +27%)
INFO: Instrumented org.apache.commons.compress.archivers.ArchiveStreamFactory (took 73 ms, size +39%)
INFO: Instrumented org.apache.commons.compress.archivers.ArchiveInputStream (took 4 ms, size +47%)
INFO: Instrumented org.apache.commons.compress.archivers.ar.ArArchiveInputStream (took 34 ms, size +28%)
INFO: New number of coverage counters: 1024
INFO: Instrumented org.apache.commons.compress.archivers.zip.ZipArchiveInputStream (took 55 ms, size +20%)
INFO: Instrumented org.apache.commons.compress.archivers.tar.TarArchiveInputStream (took 21 ms, size +22%)
INFO: Instrumented org.apache.commons.compress.archivers.jar.JarArchiveInputStream (took 6 ms, size +26%)
INFO: Instrumented org.apache.commons.compress.archivers.cpio.CpioArchiveInputStream (took 21 ms, size +31%)
INFO: Instrumented org.apache.commons.compress.archivers.cpio.CpioConstants (took 1 ms, size +0%)
INFO: Instrumented org.apache.commons.compress.archivers.ArchiveException (took 3 ms, size +37%)
INFO: Instrumented org.apache.commons.compress.archivers.ArchiveOutputStream (took 2 ms, size +45%)
INFO: New number of coverage counters: 2048
INFO: Instrumented org.apache.commons.compress.archivers.ar.ArArchiveOutputStream (took 16 ms, size +22%)
INFO: Instrumented org.apache.commons.compress.archivers.zip.ZipArchiveOutputStream (took 44 ms, size +20%)
INFO: Instrumented org.apache.commons.compress.archivers.tar.TarArchiveOutputStream (took 16 ms, size +17%)
INFO: Instrumented org.apache.commons.compress.archivers.jar.JarArchiveOutputStream (took 3 ms, size +36%)
INFO: Instrumented org.apache.commons.compress.archivers.cpio.CpioArchiveOutputStream (took 15 ms, size +20%)
[harness] target=org.apache.commons.compress.archivers.ArchiveStreamFactory factories=1 methods=3
INFO: found LLVMFuzzerCustomMutator (0x7ea8c8d6fcd0). Disabling -len_control by default.
INFO: Running with entropic power schedule (0xFF, 100).
INFO: Seed: 2131731739
INFO: Loaded 3 modules   (2048 inline 8-bit counters): 512 [0x7ea958becd60, 0x7ea958becf60), 512 [0x7ea958becf60, 0x7ea958bed160), 1024 [0x7ea958bed160, 0x7ea958bed560), 
INFO: Loaded 3 PC tables (2048 PCs): 512 [0x7ea958b57940,0x7ea958b59940), 512 [0x7ea958280380,0x7ea958282380), 1024 [0x7ea958657140,0x7ea95865b140), 
INFO:        0 files found in /tmp/bugrun/compress_2.DstkfR/.cifuzz-corpus/com.example.algorithm2.Algorithm2Test/testParameterizedFuzzer
INFO: using inputs from: /tmp/bugrun/compress_2.DstkfR/.cifuzz-corpus/com.example.algorithm2.Algorithm2Test/testParameterizedFuzzer
INFO:        0 files found in /tmp/jazzer-java-seeds5551864929294236693
INFO: INFO: -max_len is not provided; libFuzzer will not generate inputs larger than 4096 bytes
using inputs from: /tmp/jazzer-java-seeds5551864929294236693
INFO: A corpus is not provided, starting from an empty corpus
#2	INITED cov: 92 ft: 92 corp: 1/1b exec/s: 0 rss: 789Mb
#3	NEW    cov: 96 ft: 97 corp: 2/2b lim: 4 exec/s: 0 rss: 789Mb L: 1/1 MS: 2 CopyPart-Custom-
INFO: Instrumented org.apache.commons.compress.archivers.ArchiveEntry (took 1 ms, size +0%)
#5	NEW    cov: 99 ft: 108 corp: 3/3b lim: 4 exec/s: 0 rss: 789Mb L: 1/1 MS: 4 CrossOver-Custom-ChangeBit-Custom-
#11	NEW    cov: 99 ft: 109 corp: 4/4b lim: 4 exec/s: 0 rss: 789Mb L: 1/1 MS: 2 ChangeBinInt-Custom-
INFO: Instrumented org.apache.commons.compress.archivers.zip.ZipExtraField (took 0 ms, size +0%)
INFO: Instrumented org.apache.commons.compress.archivers.zip.ZipLong (took 11 ms, size +26%)
#221	NEW    cov: 119 ft: 142 corp: 5/8b lim: 6 exec/s: 0 rss: 807Mb L: 4/4 MS: 10 ChangeByte-Custom-ShuffleBytes-Custom-ChangeByte-Custom-CMP-Custom-ChangeByte-Custom- DE: "tar"-
#222	NEW    cov: 129 ft: 152 corp: 6/11b lim: 6 exec/s: 0 rss: 807Mb L: 3/4 MS: 2 CMP-Custom- DE: "ar"-
#225	NEW    cov: 134 ft: 159 corp: 7/16b lim: 6 exec/s: 0 rss: 808Mb L: 5/5 MS: 6 ChangeBit-Custom-EraseBytes-Custom-InsertRepeatedBytes-Custom-
#234	NEW    cov: 135 ft: 161 corp: 8/20b lim: 6 exec/s: 0 rss: 808Mb L: 4/5 MS: 8 InsertRepeatedBytes-Custom-EraseBytes-Custom-ChangeBinInt-Custom-PersAutoDict-Custom- DE: "tar"-
#276	NEW    cov: 139 ft: 165 corp: 9/23b lim: 6 exec/s: 0 rss: 812Mb L: 3/5 MS: 4 InsertByte-Custom-EraseBytes-Custom-
INFO: Instrumented org.apache.commons.compress.archivers.tar.TarBuffer (took 122 ms, size +22%)
#356	NEW    cov: 141 ft: 167 corp: 10/26b lim: 6 exec/s: 0 rss: 818Mb L: 3/5 MS: 10 CrossOver-Custom-ChangeBit-Custom-ChangeBit-Custom-InsertByte-Custom-CMP-Custom- DE: "ar"-
#574	NEW    cov: 144 ft: 170 corp: 11/34b lim: 8 exec/s: 0 rss: 834Mb L: 8/8 MS: 6 ChangeByte-Custom-InsertByte-Custom-PersAutoDict-Custom- DE: "ar"-
#587	NEW    cov: 158 ft: 184 corp: 12/38b lim: 8 exec/s: 0 rss: 835Mb L: 4/8 MS: 6 InsertByte-Custom-ChangeBinInt-Custom-EraseBytes-Custom-
#766	NEW    cov: 158 ft: 185 corp: 13/42b lim: 8 exec/s: 0 rss: 848Mb L: 4/8 MS: 8 ChangeByte-Custom-InsertByte-Custom-ShuffleBytes-Custom-PersAutoDict-Custom- DE: "tar"-
#1080	NEW    cov: 160 ft: 187 corp: 14/52b lim: 11 exec/s: 0 rss: 868Mb L: 10/10 MS: 8 EraseBytes-Custom-InsertByte-Custom-ChangeBit-Custom-InsertRepeatedBytes-Custom-
#1258	NEW    cov: 161 ft: 188 corp: 15/62b lim: 11 exec/s: 0 rss: 880Mb L: 10/10 MS: 6 CopyPart-Custom-CrossOver-Custom-CMP-Custom- DE: "zip"-
#1334	NEW    cov: 213 ft: 240 corp: 16/66b lim: 11 exec/s: 0 rss: 892Mb L: 4/10 MS: 2 PersAutoDict-Custom- DE: "zip"-
INFO: Instrumented org.apache.commons.compress.archivers.zip.ZipEncodingHelper (took 32 ms, size +21%)
INFO: Instrumented org.apache.commons.compress.archivers.zip.ZipEncoding (took 0 ms, size +0%)
INFO: Instrumented org.apache.commons.compress.archivers.zip.ZipEncodingHelper$SimpleEncodingHolder (took 4 ms, size +33%)
INFO: Instrumented org.apache.commons.compress.archivers.zip.FallbackZipEncoding (took 5 ms, size +28%)
INFO: Instrumented org.apache.commons.compress.archivers.zip.ZipArchiveOutputStream$UnicodeExtraFieldPolicy (took 5 ms, size +33%)
#1474	NEW    cov: 214 ft: 241 corp: 17/76b lim: 11 exec/s: 0 rss: 897Mb L: 10/10 MS: 10 CMP-Custom-CMP-Custom-InsertRepeatedBytes-Custom-ChangeBit-Custom-CopyPart-Custom- DE: "\000\000\000q"-"zip"-
#1791	NEW    cov: 215 ft: 242 corp: 18/87b lim: 14 exec/s: 1791 rss: 920Mb L: 11/11 MS: 4 ChangeBit-Custom-CrossOver-Custom-
#1881	REDUCE cov: 215 ft: 242 corp: 18/86b lim: 14 exec/s: 1881 rss: 924Mb L: 9/11 MS: 10 InsertByte-Custom-PersAutoDict-Custom-ChangeBit-Custom-ChangeBinInt-Custom-CrossOver-Custom- DE: "ar"-
#2067	REDUCE cov: 215 ft: 242 corp: 18/82b lim: 14 exec/s: 2067 rss: 936Mb L: 7/10 MS: 2 EraseBytes-Custom-
#2266	NEW    cov: 215 ft: 243 corp: 19/86b lim: 14 exec/s: 2266 rss: 948Mb L: 4/10 MS: 8 InsertByte-Custom-ShuffleBytes-Custom-CopyPart-Custom-PersAutoDict-Custom- DE: "zip"-
#2281	REDUCE cov: 215 ft: 243 corp: 19/85b lim: 14 exec/s: 2281 rss: 949Mb L: 7/10 MS: 10 ChangeByte-Custom-ShuffleBytes-Custom-ShuffleBytes-Custom-EraseBytes-Custom-InsertByte-Custom-
#2457	NEW    cov: 216 ft: 244 corp: 20/95b lim: 14 exec/s: 2457 rss: 960Mb L: 10/10 MS: 2 ChangeBit-Custom-
#2514	REDUCE cov: 216 ft: 244 corp: 20/92b lim: 14 exec/s: 2514 rss: 964Mb L: 7/10 MS: 4 CrossOver-Custom-EraseBytes-Custom-
#2934	NEW    cov: 220 ft: 248 corp: 21/97b lim: 17 exec/s: 2934 rss: 985Mb L: 5/10 MS: 10 CopyPart-Custom-CrossOver-Custom-ChangeBinInt-Custom-PersAutoDict-Custom-CMP-Custom- DE: "tar"-"cpio"-
#3059	NEW    cov: 221 ft: 249 corp: 22/112b lim: 17 exec/s: 3059 rss: 993Mb L: 15/15 MS: 10 ShuffleBytes-Custom-PersAutoDict-Custom-CrossOver-Custom-InsertByte-Custom-CMP-Custom- DE: "tar"-"!\000\000\000"-
#3228	REDUCE cov: 221 ft: 249 corp: 22/111b lim: 17 exec/s: 3228 rss: 1003Mb L: 9/15 MS: 8 EraseBytes-Custom-EraseBytes-Custom-ChangeBit-Custom-PersAutoDict-Custom- DE: "zip"-
#3379	REDUCE cov: 221 ft: 249 corp: 22/106b lim: 17 exec/s: 3379 rss: 1012Mb L: 10/10 MS: 2 EraseBytes-Custom-
#3670	NEW    cov: 232 ft: 260 corp: 23/111b lim: 17 exec/s: 3670 rss: 1030Mb L: 5/10 MS: 2 PersAutoDict-Custom- DE: "cpio"-
#3826	NEW    cov: 232 ft: 261 corp: 24/116b lim: 17 exec/s: 3826 rss: 1040Mb L: 5/10 MS: 2 ChangeBit-Custom-
#5021	NEW    cov: 233 ft: 262 corp: 25/124b lim: 25 exec/s: 5021 rss: 1059Mb L: 8/10 MS: 10 ChangeBit-Custom-ChangeByte-Custom-CrossOver-Custom-EraseBytes-Custom-CrossOver-Custom-
#6237	REDUCE cov: 233 ft: 262 corp: 25/123b lim: 33 exec/s: 3118 rss: 1059Mb L: 9/10 MS: 2 EraseBytes-Custom-
#6518	REDUCE cov: 233 ft: 262 corp: 25/122b lim: 33 exec/s: 3259 rss: 1059Mb L: 9/9 MS: 2 EraseBytes-Custom-
#6865	NEW    cov: 243 ft: 272 corp: 26/126b lim: 33 exec/s: 3432 rss: 1059Mb L: 4/9 MS: 4 ChangeByte-Custom-PersAutoDict-Custom- DE: "zip"-
#7520	NEW    cov: 243 ft: 294 corp: 27/160b lim: 38 exec/s: 3760 rss: 1059Mb L: 34/34 MS: 10 ChangeBinInt-Custom-CrossOver-Custom-CMP-Custom-InsertRepeatedBytes-Custom-InsertByte-Custom- DE: "\001\000\000\001"-
#7552	REDUCE cov: 243 ft: 299 corp: 28/198b lim: 38 exec/s: 3776 rss: 1059Mb L: 38/38 MS: 4 InsertRepeatedBytes-Custom-InsertRepeatedBytes-Custom-
#7669	NEW    cov: 243 ft: 302 corp: 29/233b lim: 38 exec/s: 3834 rss: 1059Mb L: 35/38 MS: 4 ChangeBinInt-Custom-InsertRepeatedBytes-Custom-
#8192	pulse  cov: 243 ft: 302 corp: 29/233b lim: 43 exec/s: 4096 rss: 1059Mb
#8215	NEW    cov: 243 ft: 306 corp: 30/275b lim: 43 exec/s: 4107 rss: 1059Mb L: 42/42 MS: 2 InsertRepeatedBytes-Custom-
#8330	NEW    cov: 243 ft: 307 corp: 31/318b lim: 43 exec/s: 4165 rss: 1059Mb L: 43/43 MS: 10 InsertRepeatedBytes-Custom-PersAutoDict-Custom-CopyPart-Custom-ChangeBit-Custom-PersAutoDict-Custom- DE: "zip"-"\001\000\000\001"-
#9197	REDUCE cov: 243 ft: 307 corp: 31/317b lim: 48 exec/s: 4598 rss: 1059Mb L: 42/42 MS: 4 InsertByte-Custom-EraseBytes-Custom-
#11828	REDUCE cov: 243 ft: 331 corp: 32/389b lim: 74 exec/s: 3942 rss: 1059Mb L: 72/72 MS: 2 InsertRepeatedBytes-Custom-
#11875	NEW    cov: 243 ft: 334 corp: 33/463b lim: 74 exec/s: 3958 rss: 1059Mb L: 74/74 MS: 4 ChangeByte-Custom-CrossOver-Custom-
#11948	REDUCE cov: 243 ft: 334 corp: 33/462b lim: 74 exec/s: 3982 rss: 1059Mb L: 71/74 MS: 6 EraseBytes-Custom-InsertRepeatedBytes-Custom-InsertByte-Custom-
#12393	REDUCE cov: 243 ft: 334 corp: 33/461b lim: 74 exec/s: 4131 rss: 1059Mb L: 73/73 MS: 10 EraseBytes-Custom-CMP-Custom-PersAutoDict-Custom-PersAutoDict-Custom-InsertByte-Custom- DE: "\001\000\000\000"-"ar"-"ar"-
#12785	NEW    cov: 243 ft: 337 corp: 34/529b lim: 74 exec/s: 4261 rss: 1059Mb L: 68/73 MS: 4 InsertByte-Custom-InsertRepeatedBytes-Custom-
#13050	REDUCE cov: 243 ft: 337 corp: 34/528b lim: 74 exec/s: 4350 rss: 1059Mb L: 7/73 MS: 10 EraseBytes-Custom-ChangeBit-Custom-InsertByte-Custom-ShuffleBytes-Custom-PersAutoDict-Custom- DE: "ar"-
#13590	REDUCE cov: 243 ft: 338 corp: 35/599b lim: 74 exec/s: 4530 rss: 1059Mb L: 71/73 MS: 10 InsertRepeatedBytes-Custom-InsertRepeatedBytes-Custom-InsertRepeatedBytes-Custom-InsertRepeatedBytes-Custom-CMP-Custom- DE: "qqqq\357\277\277\357\200\200\000\000\000\000\000\000\000\000\000\000\000"-
#13661	NEW    cov: 247 ft: 342 corp: 36/603b lim: 74 exec/s: 4553 rss: 1059Mb L: 4/73 MS: 2 CMP-Custom- DE: "jar"-
#14012	NEW    cov: 253 ft: 348 corp: 37/607b lim: 74 exec/s: 4670 rss: 1059Mb L: 4/73 MS: 2 PersAutoDict-Custom- DE: "jar"-
#14413	NEW    cov: 254 ft: 349 corp: 38/611b lim: 74 exec/s: 4804 rss: 1059Mb L: 4/73 MS: 2 ChangeBit-Custom-
#15059	REDUCE cov: 254 ft: 350 corp: 39/687b lim: 80 exec/s: 5019 rss: 1059Mb L: 76/76 MS: 2 CMP-Custom- DE: "jar"-
#15100	NEW    cov: 254 ft: 351 corp: 40/762b lim: 80 exec/s: 5033 rss: 1059Mb L: 75/76 MS: 2 InsertRepeatedBytes-Custom-
#15794	REDUCE cov: 254 ft: 351 corp: 40/761b lim: 86 exec/s: 5264 rss: 1059Mb L: 75/75 MS: 8 PersAutoDict-Custom-CopyPart-Custom-EraseBytes-Custom-PersAutoDict-Custom- DE: "qqqq\357\277\277\357\200\200\000\000\000\000\000\000\000\000\000\000\000"-"\000\000\000q"-
#16384	pulse  cov: 254 ft: 351 corp: 40/761b lim: 86 exec/s: 5461 rss: 1059Mb
#16736	NEW    cov: 254 ft: 352 corp: 41/841b lim: 92 exec/s: 5578 rss: 1059Mb L: 80/80 MS: 4 InsertRepeatedBytes-Custom-InsertRepeatedBytes-Custom-
#16826	DONE   cov: 254 ft: 352 corp: 41/841b lim: 92 exec/s: 4206 rss: 1059Mb
###### Recommended dictionary. ######
"tar" # Uses: 275
"ar" # Uses: 273
"zip" # Uses: 189
"\000\000\000q" # Uses: 176
"cpio" # Uses: 160
"!\000\000\000" # Uses: 197
"\001\000\000\001" # Uses: 102
"\001\000\000\000" # Uses: 43
"qqqq\357\277\277\357\200\200\000\000\000\000\000\000\000\000\000\000\000" # Uses: 14
"jar" # Uses: 23
###### End of recommended dictionary. ######
Done 16826 runs in 4 second(s)
[INFO] Tests run: 2, Failures: 0, Errors: 0, Skipped: 0, Time elapsed: 11.11 s -- in com.example.algorithm2.Algorithm2Test
[INFO] 
[INFO] Results:
[INFO] 
[INFO] Tests run: 2, Failures: 0, Errors: 0, Skipped: 0
[INFO] 
[INFO] 
[INFO] --- jacoco:0.8.11:report (default-cli) @ AlgorithmName2 ---
[INFO] Loading execution data file /tmp/bugrun/compress_2.DstkfR/target/jacoco.exec
[INFO] Analyzed bundle 'AlgorithmName2' with 59 classes
[INFO] ------------------------------------------------------------------------
[INFO] BUILD SUCCESS
[INFO] ------------------------------------------------------------------------
[INFO] Total time:  19.962 s
[INFO] Finished at: 2026-10-06T04:23:47+07:00
[INFO] ------------------------------------------------------------------------
