[INFO] Scanning for projects...
[INFO] 
[INFO] ---------------------< com.example:AlgorithmName2 >---------------------
[INFO] Building AlgorithmName2 1.0-SNAPSHOT
[INFO]   from pom.xml
[INFO] --------------------------------[ jar ]---------------------------------
[INFO] 
[INFO] --- jacoco:0.8.11:prepare-agent (default) @ AlgorithmName2 ---
[INFO] argLine set to -javaagent:/home/kanyaphak673380391-3/.m2/repository/org/jacoco/org.jacoco.agent/0.8.11/org.jacoco.agent-0.8.11-runtime.jar=destfile=/tmp/bugrun/lang_21.L8m87F/target/jacoco.exec
[INFO] 
[INFO] --- resources:3.4.0:resources (default-resources) @ AlgorithmName2 ---
[INFO] Copying 1 resource from src/main/resources to target/classes
[INFO] 
[INFO] --- compiler:3.15.0:compile (default-compile) @ AlgorithmName2 ---
[INFO] Recompiling the module because of changed source code.
[INFO] Compiling 1 source file with javac [debug target 1.8] to target/classes
[WARNING] bootstrap class path not set in conjunction with -source 8
[INFO] 
[INFO] --- dependency:3.6.0:unpack-dependencies (unpack-defects4j) @ AlgorithmName2 ---
[INFO] 
[INFO] --- resources:3.4.0:testResources (default-testResources) @ AlgorithmName2 ---
[INFO] skip non existing resourceDirectory /tmp/bugrun/lang_21.L8m87F/src/test/resources
[INFO] 
[INFO] --- compiler:3.15.0:testCompile (default-testCompile) @ AlgorithmName2 ---
[INFO] Recompiling the module because of changed dependency.
[INFO] Compiling 1 source file with javac [debug target 1.8] to target/test-classes
[WARNING] bootstrap class path not set in conjunction with -source 8
[INFO] 
[INFO] --- surefire:3.1.2:test (default-cli) @ AlgorithmName2 ---
[INFO] Using auto detected provider org.apache.maven.surefire.junitplatform.JUnitPlatformProvider
[INFO] 
[INFO] -------------------------------------------------------
[INFO]  T E S T S
[INFO] -------------------------------------------------------
[INFO] Running com.example.algorithm2.Algorithm2Test
OpenJDK 64-Bit Server VM warning: Sharing is only supported for boot loader classes because bootstrap classpath has been appended
INFO: Loaded 289 hooks from com.code_intelligence.jazzer.runtime.TraceCmpHooks
INFO: Loaded 5 hooks from com.code_intelligence.jazzer.runtime.TraceDivHooks
INFO: Loaded 2 hooks from com.code_intelligence.jazzer.runtime.TraceIndirHooks
INFO: Loaded 4 hooks from com.code_intelligence.jazzer.runtime.NativeLibHooks
INFO: Loaded 2 hooks from com.code_intelligence.jazzer.sanitizers.ClojureLangHooks
INFO: Loaded 5 hooks from com.code_intelligence.jazzer.sanitizers.Deserialization
INFO: Loaded 5 hooks from com.code_intelligence.jazzer.sanitizers.ExpressionLanguageInjection
INFO: Loaded 70 hooks from com.code_intelligence.jazzer.sanitizers.LdapInjection
INFO: Loaded 46 hooks from com.code_intelligence.jazzer.sanitizers.NamingContextLookup
INFO: Loaded 1 hooks from com.code_intelligence.jazzer.sanitizers.OsCommandInjection
INFO: Loaded 52 hooks from com.code_intelligence.jazzer.sanitizers.ReflectiveCall
INFO: Loaded 8 hooks from com.code_intelligence.jazzer.sanitizers.RegexInjection
INFO: Loaded 16 hooks from com.code_intelligence.jazzer.sanitizers.RegexRoadblocks
INFO: Loaded 18 hooks from com.code_intelligence.jazzer.sanitizers.ScriptEngineInjection
INFO: Loaded 2 hooks from com.code_intelligence.jazzer.sanitizers.ServerSideRequestForgery
INFO: Loaded 19 hooks from com.code_intelligence.jazzer.sanitizers.SqlInjection
INFO: Loaded 6 hooks from com.code_intelligence.jazzer.sanitizers.XPathInjection
INFO: Instrumented com.example.algorithm2.Algorithm2Test$Skip (took 199 ms, size +44%)
INFO: Instrumented com.example.algorithm2.Algorithm2Test (took 210 ms, size +27%)
INFO: New number of coverage counters: 1024
INFO: New number of coverage counters: 2048
WARN: Some hooks could not be applied to class files built for Java 7 or lower.
                       Ensure that the fuzz target and its dependencies are compiled with
                       -target 8 or higher to identify as many bugs as possible.
INFO: Instrumented org.apache.commons.lang3.StringUtils (took 1058 ms, size +32%)
[harness] target=org.apache.commons.lang3.StringUtils factories=1 methods=154
INFO: using inputs from: /tmp/bugrun/lang_21.L8m87F/.cifuzz-corpus/com.example.algorithm2.Algorithm2Test/testParameterizedFuzzer
INFO: using inputs from: /tmp/jazzer-java-seeds13804071581162537512
INFO: found LLVMFuzzerCustomMutator (0x7b13346f2cd0). Disabling -len_control by default.
INFO: Running with entropic power schedule (0xFF, 100).
INFO: Seed: 2548886051
INFO: Loaded 3 modules   (2048 inline 8-bit counters): 512 [0x7b13acb7c4c0, 0x7b13acb7c6c0), 512 [0x7b13acb7c6c0, 0x7b13acb7c8c0), 1024 [0x7b13acb7c8c0, 0x7b13acb7ccc0), 
INFO: Loaded 3 PC tables (2048 PCs): 512 [0x7b13ac604f90,0x7b13ac606f90), 512 [0x7b13ac472160,0x7b13ac474160), 1024 [0x7b13ac474170,0x7b13ac478170), 
INFO:        0 files found in /tmp/bugrun/lang_21.L8m87F/.cifuzz-corpus/com.example.algorithm2.Algorithm2Test/testParameterizedFuzzer
INFO:        0 files found in /tmp/jazzer-java-seeds13804071581162537512
INFO: -max_len is not provided; libFuzzer will not generate inputs larger than 4096 bytes
INFO: A corpus is not provided, starting from an empty corpus
#2	INITED cov: 30 ft: 30 corp: 1/1b exec/s: 0 rss: 1244Mb
#4	NEW    cov: 37 ft: 37 corp: 2/3b lim: 4 exec/s: 0 rss: 1244Mb L: 2/2 MS: 4 CrossOver-Custom-InsertByte-Custom-
#5	NEW    cov: 40 ft: 41 corp: 3/4b lim: 4 exec/s: 0 rss: 1248Mb L: 1/2 MS: 2 ChangeBit-Custom-
#8	NEW    cov: 45 ft: 46 corp: 4/7b lim: 4 exec/s: 0 rss: 1248Mb L: 3/3 MS: 6 ChangeByte-Custom-InsertByte-Custom-ChangeByte-Custom-
#10	NEW    cov: 46 ft: 47 corp: 5/10b lim: 4 exec/s: 0 rss: 1248Mb L: 3/3 MS: 4 CrossOver-Custom-ChangeByte-Custom-
#15	NEW    cov: 51 ft: 52 corp: 6/13b lim: 4 exec/s: 0 rss: 1248Mb L: 3/3 MS: 10 InsertByte-Custom-CopyPart-Custom-EraseBytes-Custom-InsertByte-Custom-ChangeBinInt-Custom-
#18	NEW    cov: 52 ft: 53 corp: 7/17b lim: 4 exec/s: 0 rss: 1248Mb L: 4/4 MS: 6 ShuffleBytes-Custom-ChangeBit-Custom-InsertByte-Custom-
#22	NEW    cov: 54 ft: 55 corp: 8/20b lim: 4 exec/s: 0 rss: 1249Mb L: 3/4 MS: 8 CopyPart-Custom-CopyPart-Custom-ChangeBinInt-Custom-ChangeBit-Custom-
#23	NEW    cov: 56 ft: 58 corp: 9/21b lim: 4 exec/s: 0 rss: 1249Mb L: 1/4 MS: 2 ChangeBinInt-Custom-
#25	NEW    cov: 64 ft: 66 corp: 10/24b lim: 4 exec/s: 0 rss: 1249Mb L: 3/4 MS: 4 CrossOver-Custom-ChangeASCIIInt-Custom-
INFO: New number of coverage counters: 4096
INFO: Instrumented org.apache.commons.lang3.ArrayUtils (took 802 ms, size +21%)
#31	NEW    cov: 70 ft: 72 corp: 11/25b lim: 4 exec/s: 0 rss: 1276Mb L: 1/4 MS: 2 ChangeByte-Custom-
#38	NEW    cov: 73 ft: 75 corp: 12/28b lim: 4 exec/s: 0 rss: 1276Mb L: 3/4 MS: 4 ChangeByte-Custom-ShuffleBytes-Custom-
#40	NEW    cov: 74 ft: 76 corp: 13/30b lim: 4 exec/s: 0 rss: 1276Mb L: 2/4 MS: 4 CopyPart-Custom-EraseBytes-Custom-
#41	NEW    cov: 76 ft: 78 corp: 14/31b lim: 4 exec/s: 0 rss: 1276Mb L: 1/4 MS: 2 ChangeBit-Custom-
#42	REDUCE cov: 76 ft: 78 corp: 14/30b lim: 4 exec/s: 0 rss: 1276Mb L: 2/4 MS: 2 EraseBytes-Custom-
#43	NEW    cov: 89 ft: 91 corp: 15/31b lim: 4 exec/s: 0 rss: 1276Mb L: 1/4 MS: 2 ChangeByte-Custom-
#46	NEW    cov: 91 ft: 93 corp: 16/33b lim: 4 exec/s: 0 rss: 1276Mb L: 2/4 MS: 6 CrossOver-Custom-EraseBytes-Custom-InsertByte-Custom-
#48	NEW    cov: 92 ft: 94 corp: 17/34b lim: 4 exec/s: 0 rss: 1276Mb L: 1/4 MS: 4 InsertByte-Custom-CrossOver-Custom-
#49	NEW    cov: 93 ft: 95 corp: 18/37b lim: 4 exec/s: 0 rss: 1276Mb L: 3/4 MS: 2 CopyPart-Custom-
#55	NEW    cov: 95 ft: 97 corp: 19/38b lim: 4 exec/s: 0 rss: 1276Mb L: 1/4 MS: 2 ChangeByte-Custom-
#58	NEW    cov: 95 ft: 99 corp: 20/40b lim: 4 exec/s: 0 rss: 1276Mb L: 2/4 MS: 6 InsertByte-Custom-CrossOver-Custom-ChangeBit-Custom-
#64	NEW    cov: 102 ft: 111 corp: 21/41b lim: 4 exec/s: 0 rss: 1276Mb L: 1/4 MS: 2 ChangeBit-Custom-
#67	NEW    cov: 104 ft: 113 corp: 22/44b lim: 4 exec/s: 0 rss: 1276Mb L: 3/4 MS: 6 CopyPart-Custom-CrossOver-Custom-CMP-Custom- DE: "\242\000"-
#71	REDUCE cov: 107 ft: 116 corp: 23/46b lim: 4 exec/s: 0 rss: 1276Mb L: 2/4 MS: 8 ShuffleBytes-Custom-CopyPart-Custom-ChangeBit-Custom-ChangeASCIIInt-Custom-
#75	REDUCE cov: 109 ft: 118 corp: 24/50b lim: 4 exec/s: 0 rss: 1276Mb L: 4/4 MS: 8 PersAutoDict-Custom-CrossOver-Custom-CrossOver-Custom-PersAutoDict-Custom- DE: "\242\000"-"\242\000"-
#76	NEW    cov: 119 ft: 128 corp: 25/51b lim: 4 exec/s: 0 rss: 1276Mb L: 1/4 MS: 2 ChangeByte-Custom-
#79	REDUCE cov: 119 ft: 128 corp: 25/50b lim: 4 exec/s: 0 rss: 1276Mb L: 1/4 MS: 6 CrossOver-Custom-EraseBytes-Custom-EraseBytes-Custom-
#80	REDUCE cov: 119 ft: 128 corp: 25/49b lim: 4 exec/s: 0 rss: 1276Mb L: 3/4 MS: 2 EraseBytes-Custom-
#81	NEW    cov: 121 ft: 130 corp: 26/50b lim: 4 exec/s: 0 rss: 1276Mb L: 1/4 MS: 2 ChangeByte-Custom-
#85	NEW    cov: 123 ft: 132 corp: 27/52b lim: 4 exec/s: 0 rss: 1276Mb L: 2/4 MS: 8 ShuffleBytes-Custom-CrossOver-Custom-EraseBytes-Custom-InsertByte-Custom-
#86	NEW    cov: 139 ft: 148 corp: 28/54b lim: 4 exec/s: 0 rss: 1276Mb L: 2/4 MS: 2 InsertByte-Custom-
#90	NEW    cov: 141 ft: 150 corp: 29/56b lim: 4 exec/s: 0 rss: 1276Mb L: 2/4 MS: 8 ChangeByte-Custom-CopyPart-Custom-EraseBytes-Custom-ChangeByte-Custom-
#92	NEW    cov: 144 ft: 153 corp: 30/58b lim: 4 exec/s: 0 rss: 1276Mb L: 2/4 MS: 4 ChangeBit-Custom-ChangeBit-Custom-
#93	NEW    cov: 151 ft: 160 corp: 31/61b lim: 4 exec/s: 0 rss: 1276Mb L: 3/4 MS: 2 ChangeByte-Custom-
#95	NEW    cov: 153 ft: 162 corp: 32/65b lim: 4 exec/s: 0 rss: 1276Mb L: 4/4 MS: 4 ShuffleBytes-Custom-CopyPart-Custom-
#96	NEW    cov: 154 ft: 163 corp: 33/68b lim: 4 exec/s: 0 rss: 1276Mb L: 3/4 MS: 2 PersAutoDict-Custom- DE: "\242\000"-
#114	NEW    cov: 157 ft: 166 corp: 34/70b lim: 4 exec/s: 0 rss: 1276Mb L: 2/4 MS: 6 ShuffleBytes-Custom-ChangeBit-Custom-InsertByte-Custom-
#116	NEW    cov: 168 ft: 178 corp: 35/72b lim: 4 exec/s: 0 rss: 1276Mb L: 2/4 MS: 4 ShuffleBytes-Custom-CopyPart-Custom-
#117	NEW    cov: 173 ft: 183 corp: 36/74b lim: 4 exec/s: 0 rss: 1276Mb L: 2/4 MS: 2 ChangeASCIIInt-Custom-
#126	REDUCE cov: 174 ft: 184 corp: 37/77b lim: 4 exec/s: 0 rss: 1276Mb L: 3/4 MS: 8 PersAutoDict-Custom-ChangeByte-Custom-CrossOver-Custom-InsertByte-Custom- DE: "\242\000"-
#127	NEW    cov: 174 ft: 187 corp: 38/79b lim: 4 exec/s: 0 rss: 1276Mb L: 2/4 MS: 2 CopyPart-Custom-
#130	NEW    cov: 176 ft: 189 corp: 39/81b lim: 4 exec/s: 0 rss: 1276Mb L: 2/4 MS: 6 ShuffleBytes-Custom-CrossOver-Custom-InsertByte-Custom-
#131	NEW    cov: 178 ft: 191 corp: 40/83b lim: 4 exec/s: 0 rss: 1276Mb L: 2/4 MS: 2 ChangeBit-Custom-
#137	NEW    cov: 180 ft: 196 corp: 41/86b lim: 4 exec/s: 0 rss: 1276Mb L: 3/4 MS: 2 CopyPart-Custom-
INFO: #142	NEW    cov: 201 ft: 219 corp: 42/88b lim: 4 exec/s: 0 rss: 1276Mb L: 2/4 MS: 10 ChangeByte-Custom-ChangeByte-Custom-ChangeBit-Custom-EraseBytes-Custom-ShuffleBytes-Custom-
Instrumented org.apache.commons.lang3.CharSequenceUtils (took 11 ms, size +43%)
#151	NEW    cov: 204 ft: 222 corp: 43/90b lim: 4 exec/s: 0 rss: 1276Mb L: 2/4 MS: 8 ChangeByte-Custom-CopyPart-Custom-EraseBytes-Custom-EraseBytes-Custom-
#152	NEW    cov: 205 ft: 223 corp: 44/91b lim: 4 exec/s: 0 rss: 1276Mb L: 1/4 MS: 2 ChangeByte-Custom-
#156	NEW    cov: 207 ft: 226 corp: 45/94b lim: 4 exec/s: 0 rss: 1276Mb L: 3/4 MS: 8 InsertByte-Custom-EraseBytes-Custom-ChangeByte-Custom-InsertByte-Custom-
#157	NEW    cov: 209 ft: 228 corp: 46/96b lim: 4 exec/s: 0 rss: 1276Mb L: 2/4 MS: 2 ShuffleBytes-Custom-
#160	NEW    cov: 216 ft: 235 corp: 47/99b lim: 4 exec/s: 0 rss: 1276Mb L: 3/4 MS: 6 CrossOver-Custom-EraseBytes-Custom-InsertByte-Custom-
#166	NEW    cov: 216 ft: 238 corp: 48/103b lim: 4 exec/s: 0 rss: 1276Mb L: 4/4 MS: 2 InsertByte-Custom-
#167	NEW    cov: 219 ft: 241 corp: 49/105b lim: 4 exec/s: 0 rss: 1276Mb L: 2/4 MS: 2 ChangeBit-Custom-
#171	NEW    cov: 226 ft: 248 corp: 50/108b lim: 4 exec/s: 0 rss: 1276Mb L: 3/4 MS: 8 PersAutoDict-Custom-ShuffleBytes-Custom-PersAutoDict-Custom-ChangeBinInt-Custom- DE: "\242\000"-"\242\000"-
#182	NEW    cov: 228 ft: 250 corp: 51/111b lim: 4 exec/s: 0 rss: 1276Mb L: 3/4 MS: 2 ChangeBit-Custom-
#184	NEW    cov: 229 ft: 253 corp: 52/115b lim: 4 exec/s: 0 rss: 1276Mb L: 4/4 MS: 4 InsertByte-Custom-CrossOver-Custom-
#186	NEW    cov: 232 ft: 256 corp: 53/117b lim: 4 exec/s: 0 rss: 1276Mb L: 2/4 MS: 4 ShuffleBytes-Custom-ChangeBinInt-Custom-
#188	NEW    cov: 233 ft: 257 corp: 54/120b lim: 4 exec/s: 0 rss: 1276Mb L: 3/4 MS: 4 PersAutoDict-Custom-ChangeASCIIInt-Custom- DE: "\242\000"-
#189	REDUCE cov: 237 ft: 261 corp: 55/121b lim: 4 exec/s: 0 rss: 1276Mb L: 1/4 MS: 2 ChangeBit-Custom-
#190	NEW    cov: 237 ft: 263 corp: 56/124b lim: 4 exec/s: 0 rss: 1276Mb L: 3/4 MS: 2 CrossOver-Custom-
#198	NEW    cov: 239 ft: 265 corp: 57/127b lim: 4 exec/s: 0 rss: 1276Mb L: 3/4 MS: 6 EraseBytes-Custom-CopyPart-Custom-CrossOver-Custom-
#200	NEW    cov: 242 ft: 268 corp: 58/128b lim: 4 exec/s: 0 rss: 1276Mb L: 1/4 MS: 4 ChangeByte-Custom-ChangeBit-Custom-
#206	NEW    cov: 242 ft: 269 corp: 59/132b lim: 4 exec/s: 0 rss: 1276Mb L: 4/4 MS: 2 CrossOver-Custom-
#207	NEW    cov: 243 ft: 270 corp: 60/136b lim: 4 exec/s: 0 rss: 1276Mb L: 4/4 MS: 2 PersAutoDict-Custom- DE: "\242\000"-
#221	NEW    cov: 247 ft: 274 corp: 61/138b lim: 4 exec/s: 0 rss: 1276Mb L: 2/4 MS: 8 PersAutoDict-Custom-ChangeBit-Custom-EraseBytes-Custom-ChangeByte-Custom- DE: "\242\000"-
#228	NEW    cov: 248 ft: 278 corp: 62/141b lim: 4 exec/s: 0 rss: 1276Mb L: 3/4 MS: 4 ChangeByte-Custom-ChangeByte-Custom-
#236	NEW    cov: 251 ft: 281 corp: 63/142b lim: 4 exec/s: 0 rss: 1276Mb L: 1/4 MS: 6 ChangeBit-Custom-ChangeByte-Custom-EraseBytes-Custom-
#238	NEW    cov: 255 ft: 285 corp: 64/144b lim: 4 exec/s: 0 rss: 1276Mb L: 2/4 MS: 4 ChangeASCIIInt-Custom-ChangeByte-Custom-
#252	NEW    cov: 264 ft: 294 corp: 65/148b lim: 4 exec/s: 0 rss: 1277Mb L: 4/4 MS: 8 PersAutoDict-Custom-CopyPart-Custom-CrossOver-Custom-ChangeBit-Custom- DE: "\242\000"-
#256	NEW    cov: 269 ft: 299 corp: 66/152b lim: 4 exec/s: 0 rss: 1277Mb L: 4/4 MS: 8 ShuffleBytes-Custom-CopyPart-Custom-ChangeByte-Custom-ChangeByte-Custom-
#265	NEW    cov: 273 ft: 303 corp: 67/156b lim: 4 exec/s: 0 rss: 1277Mb L: 4/4 MS: 8 ChangeByte-Custom-ChangeBinInt-Custom-ChangeBit-Custom-InsertByte-Custom-
#271	REDUCE cov: 276 ft: 306 corp: 68/157b lim: 4 exec/s: 0 rss: 1277Mb L: 1/4 MS: 2 EraseBytes-Custom-
MS: 8 CrossOver-Custom-PersAutoDict-Custom-ChangeByte-Custom-ChangeByte-Custom- DE: "\242\000"-; base unit: c4317ee4ff07b0e16b7267ac7e1cf3dc20736c1b
0x3c,0xa2,0x27,0xea,
<\242'\352
artifact_prefix='/tmp/bugrun/lang_21.L8m87F/'; Test unit written to /tmp/bugrun/lang_21.L8m87F/crash-57aa2317d62d52a55e0e38990eca07811daf8151
Base64: PKIn6g==
Done 285 runs in 1 second(s)
DEDUP_TOKEN: 288dd9d34a25ff26
[ERROR] Tests run: 2, Failures: 0, Errors: 1, Skipped: 0, Time elapsed: 12.67 s <<< FAILURE! -- in com.example.algorithm2.Algorithm2Test
[ERROR] com.example.algorithm2.Algorithm2Test.testParameterizedFuzzer(FuzzedDataProvider)[2] -- Time elapsed: 1.428 s <<< ERROR!
java.lang.IllegalArgumentException: Minimum abbreviation width is 4
	at org.apache.commons.lang3.StringUtils.abbreviate(StringUtils.java:5755)
	at java.base/jdk.internal.reflect.NativeMethodAccessorImpl.invoke0(Native Method)
	at java.base/jdk.internal.reflect.NativeMethodAccessorImpl.invoke(NativeMethodAccessorImpl.java:62)
	at java.base/jdk.internal.reflect.DelegatingMethodAccessorImpl.invoke(DelegatingMethodAccessorImpl.java:43)
	at java.base/java.lang.reflect.Method.invoke(Method.java:566)
	at com.example.algorithm2.Algorithm2Test.testParameterizedFuzzer(Algorithm2Test.java:226)

[INFO] 
[INFO] Results:
[INFO] 
[ERROR] Errors: 
[ERROR]   Algorithm2Test.testParameterizedFuzzer:226 » IllegalArgument Minimum abbreviation width is 4
[INFO] 
[ERROR] Tests run: 2, Failures: 0, Errors: 1, Skipped: 0
[INFO] 
[ERROR] 

Please refer to /tmp/bugrun/lang_21.L8m87F/target/surefire-reports for the individual test results.
Please refer to dump files (if any exist) [date].dump, [date]-jvmRun[N].dump and [date].dumpstream.
[INFO] 
[INFO] --- jacoco:0.8.11:report (default-cli) @ AlgorithmName2 ---
[INFO] Loading execution data file /tmp/bugrun/lang_21.L8m87F/target/jacoco.exec
[INFO] Analyzed bundle 'AlgorithmName2' with 136 classes
[INFO] ------------------------------------------------------------------------
[INFO] BUILD SUCCESS
[INFO] ------------------------------------------------------------------------
[INFO] Total time:  24.408 s
[INFO] Finished at: 2026-10-06T02:07:32+07:00
[INFO] ------------------------------------------------------------------------
