[INFO] Scanning for projects...
[INFO] 
[INFO] ---------------------< com.example:AlgorithmName2 >---------------------
[INFO] Building AlgorithmName2 1.0-SNAPSHOT
[INFO]   from pom.xml
[INFO] --------------------------------[ jar ]---------------------------------
[INFO] 
[INFO] --- jacoco:0.8.11:prepare-agent (default) @ AlgorithmName2 ---
[INFO] argLine set to -javaagent:/home/kanyaphak673380391-3/.m2/repository/org/jacoco/org.jacoco.agent/0.8.11/org.jacoco.agent-0.8.11-runtime.jar=destfile=/tmp/bugrun/math_18.JgeCFg/target/jacoco.exec
[INFO] 
[INFO] --- resources:3.4.0:resources (default-resources) @ AlgorithmName2 ---
[INFO] Copying 1 resource from src/main/resources to target/classes
[INFO] 
[INFO] --- compiler:3.15.0:compile (default-compile) @ AlgorithmName2 ---
[INFO] Recompiling the module because of changed source code.
[INFO] Compiling 1 source file with javac [debug target 1.8] to target/classes
[WARNING] bootstrap class path not set in conjunction with -source 8
[INFO] 
[INFO] --- dependency:3.6.0:unpack-dependencies (unpack-defects4j) @ AlgorithmName2 ---
[INFO] 
[INFO] --- resources:3.4.0:testResources (default-testResources) @ AlgorithmName2 ---
[INFO] skip non existing resourceDirectory /tmp/bugrun/math_18.JgeCFg/src/test/resources
[INFO] 
[INFO] --- compiler:3.15.0:testCompile (default-testCompile) @ AlgorithmName2 ---
[INFO] Recompiling the module because of changed dependency.
[INFO] Compiling 1 source file with javac [debug target 1.8] to target/test-classes
[WARNING] bootstrap class path not set in conjunction with -source 8
[INFO] 
[INFO] --- surefire:3.1.2:test (default-cli) @ AlgorithmName2 ---
[INFO] Using auto detected provider org.apache.maven.surefire.junitplatform.JUnitPlatformProvider
[INFO] 
[INFO] -------------------------------------------------------
[INFO]  T E S T S
[INFO] -------------------------------------------------------
[INFO] Running com.example.algorithm2.Algorithm2Test
OpenJDK 64-Bit Server VM warning: Sharing is only supported for boot loader classes because bootstrap classpath has been appended
INFO: Loaded 284 hooks from com.code_intelligence.jazzer.runtime.TraceCmpHooks
INFO: Loaded 5 hooks from com.code_intelligence.jazzer.runtime.TraceDivHooks
INFO: Loaded 2 hooks from com.code_intelligence.jazzer.runtime.TraceIndirHooks
INFO: Loaded 4 hooks from com.code_intelligence.jazzer.runtime.NativeLibHooks
INFO: Loaded 2 hooks from com.code_intelligence.jazzer.sanitizers.ClojureLangHooks
INFO: Loaded 5 hooks from com.code_intelligence.jazzer.sanitizers.Deserialization
INFO: Loaded 5 hooks from com.code_intelligence.jazzer.sanitizers.ExpressionLanguageInjection
INFO: Loaded 70 hooks from com.code_intelligence.jazzer.sanitizers.LdapInjection
INFO: Loaded 46 hooks from com.code_intelligence.jazzer.sanitizers.NamingContextLookup
INFO: Loaded 1 hooks from com.code_intelligence.jazzer.sanitizers.OsCommandInjection
INFO: Loaded 52 hooks from com.code_intelligence.jazzer.sanitizers.ReflectiveCall
INFO: Loaded 8 hooks from com.code_intelligence.jazzer.sanitizers.RegexInjection
INFO: Loaded 16 hooks from com.code_intelligence.jazzer.sanitizers.RegexRoadblocks
INFO: Loaded 18 hooks from com.code_intelligence.jazzer.sanitizers.ScriptEngineInjection
INFO: Loaded 2 hooks from com.code_intelligence.jazzer.sanitizers.ServerSideRequestForgery
INFO: Loaded 19 hooks from com.code_intelligence.jazzer.sanitizers.SqlInjection
INFO: Loaded 6 hooks from com.code_intelligence.jazzer.sanitizers.XPathInjection
INFO: Instrumented com.example.algorithm2.Algorithm2Test$Skip (took 173 ms, size +44%)
INFO: Instrumented com.example.algorithm2.Algorithm2Test (took 104 ms, size +27%)
INFO: New number of coverage counters: 1024
INFO: Instrumented org.apache.commons.math3.util.Precision (took 146 ms, size +26%)
INFO: Instrumented org.apache.commons.math3.exception.MathArithmeticException (took 18 ms, size +24%)
INFO: Instrumented org.apache.commons.math3.exception.util.ExceptionContextProvider (took 2 ms, size +0%)
INFO: Instrumented org.apache.commons.math3.exception.util.Localizable (took 1 ms, size +0%)
INFO: Instrumented org.apache.commons.math3.exception.MathIllegalArgumentException (took 8 ms, size +27%)
[harness] target=org.apache.commons.math3.util.Precision factories=1 methods=20
INFO: New number of coverage counters: 2048
INFO: Instrumented org.apache.commons.math3.util.FastMath (took 227 ms, size +16%)
INFO: using inputs from: /tmp/bugrun/math_18.JgeCFg/.cifuzz-corpus/com.example.algorithm2.Algorithm2Test/testParameterizedFuzzer
INFO: using inputs from: /tmp/jazzer-java-seeds12692452872494667536
INFO: found LLVMFuzzerCustomMutator (0x7eec11f73cd0). Disabling -len_control by default.
INFO: Running with entropic power schedule (0xFF, 100).
INFO: Seed: 387672199
INFO: Loaded 3 modules   (2048 inline 8-bit counters): 512 [0x7eecd4b31410, 0x7eecd4b31610), 512 [0x7eecd4b31610, 0x7eecd4b31810), 1024 [0x7eecd4b31810, 0x7eecd4b31c10), 
INFO: Loaded 3 PC tables (2048 PCs): 512 [0x7eecd445f390,0x7eecd4461390), 512 [0x7eecd4cbb230,0x7eecd4cbd230), 1024 [0x7eecd4d058a0,0x7eecd4d098a0), 
INFO:        0 files found in /tmp/bugrun/math_18.JgeCFg/.cifuzz-corpus/com.example.algorithm2.Algorithm2Test/testParameterizedFuzzer
INFO:        0 files found in /tmp/jazzer-java-seeds12692452872494667536
INFO: -max_len is not provided; libFuzzer will not generate inputs larger than 4096 bytes
INFO: A corpus is not provided, starting from an empty corpus
#2	INITED cov: 45 ft: 45 corp: 1/1b exec/s: 0 rss: 816Mb
#5	NEW    cov: 49 ft: 67 corp: 2/2b lim: 4 exec/s: 0 rss: 817Mb L: 1/1 MS: 6 ShuffleBytes-Custom-InsertByte-Custom-EraseBytes-Custom-
#6	NEW    cov: 57 ft: 75 corp: 3/4b lim: 4 exec/s: 0 rss: 817Mb L: 2/2 MS: 2 CopyPart-Custom-
#11	NEW    cov: 70 ft: 90 corp: 4/6b lim: 4 exec/s: 0 rss: 817Mb L: 2/2 MS: 10 CopyPart-Custom-ShuffleBytes-Custom-CrossOver-Custom-InsertByte-Custom-ChangeBit-Custom-
#12	NEW    cov: 83 ft: 105 corp: 5/7b lim: 4 exec/s: 0 rss: 817Mb L: 1/2 MS: 2 ChangeByte-Custom-
#15	NEW    cov: 84 ft: 106 corp: 6/11b lim: 4 exec/s: 0 rss: 817Mb L: 4/4 MS: 6 EraseBytes-Custom-CopyPart-Custom-CopyPart-Custom-
#16	NEW    cov: 86 ft: 108 corp: 7/14b lim: 4 exec/s: 0 rss: 817Mb L: 3/4 MS: 2 InsertByte-Custom-
#20	NEW    cov: 90 ft: 112 corp: 8/16b lim: 4 exec/s: 0 rss: 817Mb L: 2/4 MS: 8 ChangeBinInt-Custom-ShuffleBytes-Custom-CrossOver-Custom-ChangeBinInt-Custom-
#21	NEW    cov: 94 ft: 116 corp: 9/18b lim: 4 exec/s: 0 rss: 817Mb L: 2/4 MS: 2 InsertByte-Custom-
#25	NEW    cov: 95 ft: 117 corp: 10/19b lim: 4 exec/s: 0 rss: 817Mb L: 1/4 MS: 8 CopyPart-Custom-ChangeByte-Custom-ChangeByte-Custom-ChangeBit-Custom-
#30	NEW    cov: 102 ft: 124 corp: 11/23b lim: 4 exec/s: 0 rss: 817Mb L: 4/4 MS: 10 ShuffleBytes-Custom-InsertByte-Custom-InsertByte-Custom-ShuffleBytes-Custom-InsertByte-Custom-
#54	REDUCE cov: 102 ft: 124 corp: 11/22b lim: 4 exec/s: 0 rss: 817Mb L: 2/4 MS: 8 CopyPart-Custom-ShuffleBytes-Custom-ShuffleBytes-Custom-EraseBytes-Custom-
#60	NEW    cov: 106 ft: 128 corp: 12/24b lim: 4 exec/s: 0 rss: 817Mb L: 2/4 MS: 2 InsertByte-Custom-
#61	NEW    cov: 108 ft: 130 corp: 13/25b lim: 4 exec/s: 0 rss: 817Mb L: 1/4 MS: 2 ChangeByte-Custom-
#75	NEW    cov: 129 ft: 151 corp: 14/29b lim: 4 exec/s: 0 rss: 817Mb L: 4/4 MS: 8 ChangeByte-Custom-CMP-Custom-ChangeBinInt-Custom-ChangeBinInt-Custom- DE: "\377\004"-
#81	REDUCE cov: 129 ft: 151 corp: 14/28b lim: 4 exec/s: 0 rss: 817Mb L: 1/4 MS: 2 EraseBytes-Custom-
#86	NEW    cov: 131 ft: 155 corp: 15/32b lim: 4 exec/s: 0 rss: 817Mb L: 4/4 MS: 10 ChangeByte-Custom-CrossOver-Custom-CopyPart-Custom-ChangeASCIIInt-Custom-CopyPart-Custom-
#100	NEW    cov: 135 ft: 159 corp: 16/34b lim: 4 exec/s: 0 rss: 817Mb L: 2/4 MS: 8 PersAutoDict-Custom-ShuffleBytes-Custom-EraseBytes-Custom-ChangeBinInt-Custom- DE: "\377\004"-
#107	NEW    cov: 138 ft: 162 corp: 17/38b lim: 4 exec/s: 0 rss: 817Mb L: 4/4 MS: 4 ChangeByte-Custom-ChangeBinInt-Custom-
#109	NEW    cov: 142 ft: 166 corp: 18/39b lim: 4 exec/s: 0 rss: 817Mb L: 1/4 MS: 4 CopyPart-Custom-ChangeBit-Custom-
#110	REDUCE cov: 143 ft: 169 corp: 19/40b lim: 4 exec/s: 0 rss: 818Mb L: 1/4 MS: 2 ChangeBinInt-Custom-
#112	REDUCE cov: 145 ft: 171 corp: 20/41b lim: 4 exec/s: 0 rss: 818Mb L: 1/4 MS: 4 ChangeBit-Custom-ChangeBit-Custom-
#114	NEW    cov: 146 ft: 172 corp: 21/43b lim: 4 exec/s: 0 rss: 818Mb L: 2/4 MS: 4 CopyPart-Custom-CrossOver-Custom-
#118	NEW    cov: 148 ft: 174 corp: 22/44b lim: 4 exec/s: 0 rss: 818Mb L: 1/4 MS: 8 ChangeBit-Custom-CopyPart-Custom-ShuffleBytes-Custom-ChangeByte-Custom-
#126	NEW    cov: 149 ft: 175 corp: 23/48b lim: 4 exec/s: 0 rss: 818Mb L: 4/4 MS: 6 ChangeByte-Custom-ShuffleBytes-Custom-PersAutoDict-Custom- DE: "\377\004"-
#128	NEW    cov: 151 ft: 177 corp: 24/49b lim: 4 exec/s: 0 rss: 818Mb L: 1/4 MS: 4 ChangeBinInt-Custom-ChangeBit-Custom-
#173	NEW    cov: 153 ft: 179 corp: 25/53b lim: 4 exec/s: 0 rss: 818Mb L: 4/4 MS: 10 ChangeBit-Custom-PersAutoDict-Custom-ShuffleBytes-Custom-ChangeByte-Custom-ChangeBit-Custom- DE: "\377\004"-
#175	NEW    cov: 155 ft: 181 corp: 26/54b lim: 4 exec/s: 0 rss: 818Mb L: 1/4 MS: 4 ChangeBit-Custom-ChangeByte-Custom-
#187	REDUCE cov: 155 ft: 181 corp: 26/53b lim: 4 exec/s: 0 rss: 818Mb L: 3/4 MS: 4 PersAutoDict-Custom-EraseBytes-Custom- DE: "\377\004"-
#190	NEW    cov: 157 ft: 183 corp: 27/56b lim: 4 exec/s: 0 rss: 818Mb L: 3/4 MS: 6 ChangeBit-Custom-CrossOver-Custom-PersAutoDict-Custom- DE: "\377\004"-
#197	NEW    cov: 159 ft: 185 corp: 28/57b lim: 4 exec/s: 0 rss: 818Mb L: 1/4 MS: 4 InsertByte-Custom-EraseBytes-Custom-
#200	NEW    cov: 161 ft: 187 corp: 29/60b lim: 4 exec/s: 0 rss: 818Mb L: 3/4 MS: 6 InsertByte-Custom-ChangeByte-Custom-ChangeByte-Custom-
#222	NEW    cov: 162 ft: 188 corp: 30/62b lim: 4 exec/s: 0 rss: 818Mb L: 2/4 MS: 4 ChangeBit-Custom-InsertByte-Custom-
#271	NEW    cov: 163 ft: 189 corp: 31/64b lim: 4 exec/s: 0 rss: 818Mb L: 2/4 MS: 8 ShuffleBytes-Custom-ChangeBit-Custom-ChangeBit-Custom-CopyPart-Custom-
#281	NEW    cov: 164 ft: 190 corp: 32/68b lim: 4 exec/s: 0 rss: 818Mb L: 4/4 MS: 10 PersAutoDict-Custom-InsertByte-Custom-CopyPart-Custom-EraseBytes-Custom-PersAutoDict-Custom- DE: "\377\004"-"\377\004"-
#295	NEW    cov: 169 ft: 197 corp: 33/70b lim: 4 exec/s: 0 rss: 818Mb L: 2/4 MS: 8 ChangeBinInt-Custom-ChangeBinInt-Custom-CopyPart-Custom-ChangeBit-Custom-
#365	NEW    cov: 170 ft: 198 corp: 34/73b lim: 4 exec/s: 0 rss: 818Mb L: 3/4 MS: 10 CopyPart-Custom-ChangeBinInt-Custom-CrossOver-Custom-ChangeBit-Custom-ChangeBit-Custom-
#465	NEW    cov: 171 ft: 199 corp: 35/75b lim: 4 exec/s: 0 rss: 818Mb L: 2/4 MS: 10 ShuffleBytes-Custom-EraseBytes-Custom-InsertByte-Custom-ChangeBit-Custom-ChangeByte-Custom-
#516	REDUCE cov: 171 ft: 199 corp: 35/74b lim: 4 exec/s: 0 rss: 818Mb L: 1/4 MS: 2 EraseBytes-Custom-
#563	REDUCE cov: 171 ft: 199 corp: 35/72b lim: 4 exec/s: 0 rss: 818Mb L: 2/4 MS: 4 CopyPart-Custom-EraseBytes-Custom-
#573	NEW    cov: 174 ft: 202 corp: 36/75b lim: 4 exec/s: 0 rss: 818Mb L: 3/4 MS: 10 ChangeBit-Custom-InsertByte-Custom-ShuffleBytes-Custom-ShuffleBytes-Custom-PersAutoDict-Custom- DE: "\377\004"-
#580	REDUCE cov: 174 ft: 202 corp: 36/74b lim: 4 exec/s: 0 rss: 818Mb L: 3/4 MS: 4 PersAutoDict-Custom-EraseBytes-Custom- DE: "\377\004"-
#604	NEW    cov: 175 ft: 203 corp: 37/78b lim: 4 exec/s: 0 rss: 818Mb L: 4/4 MS: 8 ChangeBinInt-Custom-ShuffleBytes-Custom-ShuffleBytes-Custom-ChangeByte-Custom-
#763	NEW    cov: 176 ft: 204 corp: 38/82b lim: 4 exec/s: 0 rss: 820Mb L: 4/4 MS: 8 InsertByte-Custom-CrossOver-Custom-ChangeBit-Custom-ShuffleBytes-Custom-
#784	REDUCE cov: 176 ft: 204 corp: 38/80b lim: 4 exec/s: 0 rss: 820Mb L: 2/4 MS: 2 EraseBytes-Custom-
#857	REDUCE cov: 177 ft: 205 corp: 39/84b lim: 4 exec/s: 0 rss: 820Mb L: 4/4 MS: 6 PersAutoDict-Custom-ChangeBinInt-Custom-PersAutoDict-Custom- DE: "\377\004"-"\377\004"-
#876	NEW    cov: 178 ft: 206 corp: 40/88b lim: 4 exec/s: 0 rss: 820Mb L: 4/4 MS: 8 CMP-Custom-ChangeByte-Custom-PersAutoDict-Custom-ChangeBinInt-Custom- DE: "\375\377\177\377"-"\377\004"-
#1102	NEW    cov: 178 ft: 207 corp: 41/90b lim: 6 exec/s: 0 rss: 820Mb L: 2/4 MS: 2 ChangeBit-Custom-
#1155	NEW    cov: 179 ft: 208 corp: 42/92b lim: 6 exec/s: 0 rss: 820Mb L: 2/4 MS: 6 PersAutoDict-Custom-EraseBytes-Custom-ChangeByte-Custom- DE: "\377\004"-
#1262	REDUCE cov: 179 ft: 208 corp: 42/91b lim: 6 exec/s: 0 rss: 820Mb L: 3/4 MS: 4 ShuffleBytes-Custom-EraseBytes-Custom-
#1328	REDUCE cov: 179 ft: 208 corp: 42/90b lim: 6 exec/s: 0 rss: 820Mb L: 2/4 MS: 2 EraseBytes-Custom-
#1571	NEW    cov: 180 ft: 209 corp: 43/98b lim: 8 exec/s: 0 rss: 820Mb L: 8/8 MS: 6 ChangeBit-Custom-ShuffleBytes-Custom-InsertRepeatedBytes-Custom-
#1602	NEW    cov: 187 ft: 216 corp: 44/106b lim: 8 exec/s: 0 rss: 820Mb L: 8/8 MS: 2 InsertRepeatedBytes-Custom-
#1615	NEW    cov: 190 ft: 220 corp: 45/114b lim: 8 exec/s: 0 rss: 820Mb L: 8/8 MS: 6 PersAutoDict-Custom-PersAutoDict-Custom-ShuffleBytes-Custom- DE: "\375\377\177\377"-"\377\004"-
#1641	REDUCE cov: 190 ft: 220 corp: 45/113b lim: 8 exec/s: 0 rss: 820Mb L: 2/8 MS: 2 EraseBytes-Custom-
#1664	REDUCE cov: 190 ft: 220 corp: 45/112b lim: 8 exec/s: 0 rss: 820Mb L: 3/8 MS: 6 PersAutoDict-Custom-CopyPart-Custom-EraseBytes-Custom- DE: "\377\004"-
#1825	REDUCE cov: 190 ft: 220 corp: 45/111b lim: 8 exec/s: 0 rss: 820Mb L: 2/8 MS: 2 EraseBytes-Custom-
#1877	REDUCE cov: 191 ft: 221 corp: 46/113b lim: 8 exec/s: 0 rss: 820Mb L: 2/8 MS: 4 InsertByte-Custom-EraseBytes-Custom-
#1957	REDUCE cov: 192 ft: 222 corp: 47/121b lim: 8 exec/s: 0 rss: 820Mb L: 8/8 MS: 10 InsertRepeatedBytes-Custom-InsertByte-Custom-CopyPart-Custom-CopyPart-Custom-CrossOver-Custom-
#2029	REDUCE cov: 192 ft: 222 corp: 47/119b lim: 8 exec/s: 0 rss: 820Mb L: 2/8 MS: 4 EraseBytes-Custom-ChangeBinInt-Custom-
#2410	NEW    cov: 192 ft: 224 corp: 48/129b lim: 11 exec/s: 0 rss: 820Mb L: 10/10 MS: 2 InsertRepeatedBytes-Custom-
#2676	REDUCE cov: 192 ft: 224 corp: 48/128b lim: 11 exec/s: 0 rss: 820Mb L: 3/10 MS: 2 EraseBytes-Custom-
#2720	NEW    cov: 192 ft: 244 corp: 49/139b lim: 11 exec/s: 0 rss: 820Mb L: 11/11 MS: 8 PersAutoDict-Custom-CrossOver-Custom-CopyPart-Custom-ChangeBit-Custom- DE: "\377\004"-
#2856	NEW    cov: 192 ft: 245 corp: 50/150b lim: 11 exec/s: 0 rss: 820Mb L: 11/11 MS: 2 CopyPart-Custom-
WARN: Some hooks could not be applied to class files built for Java 7 or lower.
                       Ensure that the fuzz target and its dependencies are compiled with
                       -target 8 or higher to identify as many bugs as possible.
#3007	NEW    cov: 192 ft: 246 corp: 51/161b lim: 11 exec/s: 0 rss: 820Mb L: 11/11 MS: 2 PersAutoDict-Custom- DE: "\377\004"-
INFO: #3056	NEW    cov: 192 ft: 247 corp: 52/172b lim: 11 exec/s: 0 rss: 820Mb L: 11/11 MS: 8 CopyPart-Custom-ChangeBit-Custom-ShuffleBytes-Custom-ChangeByte-Custom-
Instrumented org.apache.commons.math3.exception.util.LocalizedFormats (took 37 ms, size +6%)
INFO: #3269	NEW    cov: 192 ft: 248 corp: 53/183b lim: 11 exec/s: 0 rss: 820Mb L: 11/11 MS: 6 ChangeBinInt-Custom-CrossOver-Custom-ChangeBinInt-Custom-
#3275	NEW    cov: 192 ft: 249 corp: 54/192b lim: 11 exec/s: 0 rss: 820Mb L: 9/11 MS: 2 EraseBytes-Custom-
Instrumented org.apache.commons.math3.exception.util.ExceptionContext (took 32 ms, size +24%)
#3293	NEW    cov: 192 ft: 250 corp: 55/203b lim: 11 exec/s: 0 rss: 820Mb L: 11/11 MS: 6 CrossOver-Custom-CrossOver-Custom-InsertByte-Custom-
INFO: Instrumented org.apache.commons.math3.exception.util.ArgUtils (took 3 ms, size +46%)
#3399	REDUCE cov: 552 ft: 611 corp: 56/212b lim: 11 exec/s: 0 rss: 820Mb L: 9/11 MS: 2 InsertRepeatedBytes-Custom-
#3470	NEW    cov: 554 ft: 614 corp: 57/221b lim: 11 exec/s: 0 rss: 820Mb L: 9/11 MS: 2 ChangeBit-Custom-
#3782	NEW    cov: 555 ft: 615 corp: 58/232b lim: 14 exec/s: 0 rss: 820Mb L: 11/11 MS: 4 ChangeBit-Custom-ShuffleBytes-Custom-
#3822	NEW    cov: 556 ft: 616 corp: 59/244b lim: 14 exec/s: 0 rss: 820Mb L: 12/12 MS: 10 CrossOver-Custom-InsertRepeatedBytes-Custom-InsertRepeatedBytes-Custom-CopyPart-Custom-InsertByte-Custom-
#3898	NEW    cov: 557 ft: 617 corp: 60/257b lim: 14 exec/s: 0 rss: 820Mb L: 13/13 MS: 2 InsertRepeatedBytes-Custom-
#3915	REDUCE cov: 557 ft: 617 corp: 60/256b lim: 14 exec/s: 0 rss: 820Mb L: 3/13 MS: 4 CrossOver-Custom-EraseBytes-Custom-
#3976	NEW    cov: 557 ft: 618 corp: 61/270b lim: 14 exec/s: 0 rss: 820Mb L: 14/14 MS: 2 InsertRepeatedBytes-Custom-
#4012	NEW    cov: 560 ft: 622 corp: 62/283b lim: 14 exec/s: 0 rss: 820Mb L: 13/14 MS: 2 CrossOver-Custom-
#4098	REDUCE cov: 560 ft: 622 corp: 62/282b lim: 14 exec/s: 0 rss: 820Mb L: 3/14 MS: 2 EraseBytes-Custom-
#4117	NEW    cov: 560 ft: 624 corp: 63/296b lim: 14 exec/s: 0 rss: 820Mb L: 14/14 MS: 8 ShuffleBytes-Custom-InsertByte-Custom-CMP-Custom-ShuffleBytes-Custom- DE: "\377\377"-
#4135	NEW    cov: 560 ft: 631 corp: 64/310b lim: 14 exec/s: 0 rss: 820Mb L: 14/14 MS: 6 CrossOver-Custom-CrossOver-Custom-CrossOver-Custom-
#4139	NEW    cov: 560 ft: 632 corp: 65/324b lim: 14 exec/s: 0 rss: 820Mb L: 14/14 MS: 8 ShuffleBytes-Custom-ChangeByte-Custom-CrossOver-Custom-ShuffleBytes-Custom-
#4195	REDUCE cov: 560 ft: 632 corp: 65/323b lim: 14 exec/s: 0 rss: 820Mb L: 2/14 MS: 2 EraseBytes-Custom-
#4359	NEW    cov: 560 ft: 635 corp: 66/337b lim: 14 exec/s: 0 rss: 820Mb L: 14/14 MS: 8 CrossOver-Custom-EraseBytes-Custom-InsertByte-Custom-CopyPart-Custom-
#4526	REDUCE cov: 560 ft: 635 corp: 66/335b lim: 14 exec/s: 0 rss: 820Mb L: 9/14 MS: 4 InsertByte-Custom-EraseBytes-Custom-
#4533	NEW    cov: 562 ft: 638 corp: 67/349b lim: 14 exec/s: 0 rss: 820Mb L: 14/14 MS: 4 ChangeBit-Custom-InsertByte-Custom-
#4565	NEW    cov: 564 ft: 640 corp: 68/360b lim: 14 exec/s: 0 rss: 820Mb L: 11/14 MS: 4 PersAutoDict-Custom-ChangeBinInt-Custom- DE: "\375\377\177\377"-
#4705	NEW    cov: 566 ft: 642 corp: 69/374b lim: 14 exec/s: 0 rss: 820Mb L: 14/14 MS: 10 ChangeBinInt-Custom-ChangeBinInt-Custom-CopyPart-Custom-CrossOver-Custom-ChangeASCIIInt-Custom-
#4715	REDUCE cov: 566 ft: 642 corp: 69/372b lim: 14 exec/s: 0 rss: 820Mb L: 12/14 MS: 10 ShuffleBytes-Custom-ShuffleBytes-Custom-EraseBytes-Custom-CrossOver-Custom-CopyPart-Custom-
#4759	NEW    cov: 566 ft: 643 corp: 70/386b lim: 14 exec/s: 0 rss: 820Mb L: 14/14 MS: 8 InsertByte-Custom-ShuffleBytes-Custom-ChangeBit-Custom-InsertRepeatedBytes-Custom-
DEDUP_TOKEN: 200d3d06a27b1acb
#4776	REDUCE cov: 566 ft: 643 corp: 70/383b lim: 14 exec/s: 0 rss: 820Mb L: 11/14 MS: 4 ChangeBit-Custom-EraseBytes-Custom-
#4798	NEW    cov: 566 ft: 644 corp: 71/396b lim: 14 exec/s: 0 rss: 820Mb L: 13/14 MS: 4 PersAutoDict-Custom-ShuffleBytes-Custom- DE: "\377\004"-
#4856	REDUCE cov: 566 ft: 644 corp: 71/395b lim: 14 exec/s: 0 rss: 820Mb L: 2/14 MS: 6 ChangeByte-Custom-CrossOver-Custom-EraseBytes-Custom-
#4858	REDUCE cov: 566 ft: 647 corp: 72/407b lim: 14 exec/s: 0 rss: 820Mb L: 12/14 MS: 4 InsertRepeatedBytes-Custom-ShuffleBytes-Custom-
MS: 6 PersAutoDict-Custom-CopyPart-Custom-ChangeASCIIInt-Custom- DE: "\377\004"-; base unit: e7bf2536d9d0dab1adfab0b46f7d82bcda72cc0d
0x4,0xa,0xa,0xa,0x89,0x89,0x89,0xff,0xff,0x4,0xa,0xa,0xe,0x32,
\004\012\012\012\211\211\211\377\377\004\012\012\0162
artifact_prefix='/tmp/bugrun/math_18.JgeCFg/'; Test unit written to /tmp/bugrun/math_18.JgeCFg/crash-a0dfec0c30516cd49571dc0349f47f035c1ff2b6
Base64: BAoKComJif//BAoKDjI=
Done 4881 runs in 0 second(s)
[ERROR] Tests run: 2, Failures: 0, Errors: 1, Skipped: 0, Time elapsed: 7.708 s <<< FAILURE! -- in com.example.algorithm2.Algorithm2Test
[ERROR] com.example.algorithm2.Algorithm2Test.testParameterizedFuzzer(FuzzedDataProvider)[2] -- Time elapsed: 0.630 s <<< ERROR!
java.lang.IllegalArgumentException: Invalid rounding mode
	at java.base/java.math.BigDecimal.setScale(BigDecimal.java:2884)
	at org.apache.commons.math3.util.Precision.round(Precision.java:396)
	at jdk.internal.reflect.GeneratedMethodAccessor57.invoke(Unknown Source)
	at java.base/jdk.internal.reflect.DelegatingMethodAccessorImpl.invoke(DelegatingMethodAccessorImpl.java:43)
	at java.base/java.lang.reflect.Method.invoke(Method.java:566)
	at com.example.algorithm2.Algorithm2Test.testParameterizedFuzzer(Algorithm2Test.java:226)

[INFO] 
[INFO] Results:
[INFO] 
[ERROR] Errors: 
[ERROR]   Algorithm2Test.testParameterizedFuzzer:226 » IllegalArgument Invalid rounding mode
[INFO] 
[ERROR] Tests run: 2, Failures: 0, Errors: 1, Skipped: 0
[INFO] 
[ERROR] 

Please refer to /tmp/bugrun/math_18.JgeCFg/target/surefire-reports for the individual test results.
Please refer to dump files (if any exist) [date].dump, [date]-jvmRun[N].dump and [date].dumpstream.
[INFO] 
[INFO] --- jacoco:0.8.11:report (default-cli) @ AlgorithmName2 ---
[INFO] Loading execution data file /tmp/bugrun/math_18.JgeCFg/target/jacoco.exec
[INFO] Analyzed bundle 'AlgorithmName2' with 668 classes
[INFO] ------------------------------------------------------------------------
[INFO] BUILD SUCCESS
[INFO] ------------------------------------------------------------------------
[INFO] Total time:  30.923 s
[INFO] Finished at: 2026-10-06T03:54:40+07:00
[INFO] ------------------------------------------------------------------------
