[INFO] Scanning for projects...
[INFO] 
[INFO] ---------------------< com.example:AlgorithmName2 >---------------------
[INFO] Building AlgorithmName2 1.0-SNAPSHOT
[INFO]   from pom.xml
[INFO] --------------------------------[ jar ]---------------------------------
[INFO] 
[INFO] --- jacoco:0.8.11:prepare-agent (default) @ AlgorithmName2 ---
[INFO] argLine set to -javaagent:/home/kanyaphak673380391-3/.m2/repository/org/jacoco/org.jacoco.agent/0.8.11/org.jacoco.agent-0.8.11-runtime.jar=destfile=/tmp/bugrun/jacksoncore_13.ykfTxi/target/jacoco.exec
[INFO] 
[INFO] --- resources:3.4.0:resources (default-resources) @ AlgorithmName2 ---
[INFO] Copying 1 resource from src/main/resources to target/classes
[INFO] 
[INFO] --- compiler:3.15.0:compile (default-compile) @ AlgorithmName2 ---
[INFO] Recompiling the module because of changed source code.
[INFO] Compiling 1 source file with javac [debug target 1.8] to target/classes
[WARNING] bootstrap class path not set in conjunction with -source 8
[INFO] 
[INFO] --- dependency:3.6.0:unpack-dependencies (unpack-defects4j) @ AlgorithmName2 ---
[INFO] 
[INFO] --- resources:3.4.0:testResources (default-testResources) @ AlgorithmName2 ---
[INFO] skip non existing resourceDirectory /tmp/bugrun/jacksoncore_13.ykfTxi/src/test/resources
[INFO] 
[INFO] --- compiler:3.15.0:testCompile (default-testCompile) @ AlgorithmName2 ---
[INFO] Recompiling the module because of changed dependency.
[INFO] Compiling 1 source file with javac [debug target 1.8] to target/test-classes
[WARNING] bootstrap class path not set in conjunction with -source 8
[INFO] 
[INFO] --- surefire:3.1.2:test (default-cli) @ AlgorithmName2 ---
[INFO] Using auto detected provider org.apache.maven.surefire.junitplatform.JUnitPlatformProvider
[INFO] 
[INFO] -------------------------------------------------------
[INFO]  T E S T S
[INFO] -------------------------------------------------------
[INFO] Running com.example.algorithm2.Algorithm2Test
OpenJDK 64-Bit Server VM warning: Sharing is only supported for boot loader classes because bootstrap classpath has been appended
INFO: Loaded 284 hooks from com.code_intelligence.jazzer.runtime.TraceCmpHooks
INFO: Loaded 5 hooks from com.code_intelligence.jazzer.runtime.TraceDivHooks
INFO: Loaded 2 hooks from com.code_intelligence.jazzer.runtime.TraceIndirHooks
INFO: Loaded 4 hooks from com.code_intelligence.jazzer.runtime.NativeLibHooks
INFO: Loaded 2 hooks from com.code_intelligence.jazzer.sanitizers.ClojureLangHooks
INFO: Loaded 5 hooks from com.code_intelligence.jazzer.sanitizers.Deserialization
INFO: Loaded 5 hooks from com.code_intelligence.jazzer.sanitizers.ExpressionLanguageInjection
INFO: Loaded 70 hooks from com.code_intelligence.jazzer.sanitizers.LdapInjection
INFO: Loaded 46 hooks from com.code_intelligence.jazzer.sanitizers.NamingContextLookup
INFO: Loaded 1 hooks from com.code_intelligence.jazzer.sanitizers.OsCommandInjection
INFO: Loaded 52 hooks from com.code_intelligence.jazzer.sanitizers.ReflectiveCall
INFO: Loaded 8 hooks from com.code_intelligence.jazzer.sanitizers.RegexInjection
INFO: Loaded 16 hooks from com.code_intelligence.jazzer.sanitizers.RegexRoadblocks
INFO: Loaded 18 hooks from com.code_intelligence.jazzer.sanitizers.ScriptEngineInjection
INFO: Loaded 2 hooks from com.code_intelligence.jazzer.sanitizers.ServerSideRequestForgery
INFO: Loaded 19 hooks from com.code_intelligence.jazzer.sanitizers.SqlInjection
INFO: Loaded 6 hooks from com.code_intelligence.jazzer.sanitizers.XPathInjection
INFO: Instrumented com.example.algorithm2.Algorithm2Test$Skip (took 248 ms, size +44%)
INFO: Instrumented com.example.algorithm2.Algorithm2Test (took 288 ms, size +27%)
INFO: New number of coverage counters: 1024
INFO: Instrumented com.fasterxml.jackson.core.JsonFactory (took 361 ms, size +11%)
INFO: Instrumented com.fasterxml.jackson.core.Versioned (took 3 ms, size +0%)
INFO: Instrumented com.fasterxml.jackson.core.SerializableString (took 7 ms, size +0%)
INFO: Instrumented com.fasterxml.jackson.core.JsonParser (took 120 ms, size +11%)
INFO: New number of coverage counters: 2048
INFO: Instrumented com.fasterxml.jackson.core.json.ReaderBasedJsonParser (took 138 ms, size +25%)
INFO: New number of coverage counters: 4096
INFO: Instrumented com.fasterxml.jackson.core.base.ParserBase (took 122 ms, size +17%)
INFO: Instrumented com.fasterxml.jackson.core.base.ParserMinimalBase (took 77 ms, size +17%)
INFO: Instrumented com.fasterxml.jackson.core.JsonGenerator (took 59 ms, size +13%)
INFO: Instrumented com.fasterxml.jackson.core.json.UTF8JsonGenerator (took 217 ms, size +21%)
INFO: Instrumented com.fasterxml.jackson.core.json.JsonGeneratorImpl (took 8 ms, size +17%)
INFO: Instrumented com.fasterxml.jackson.core.base.GeneratorBase (took 52 ms, size +14%)
INFO: Instrumented com.fasterxml.jackson.core.io.UTF8Writer (took 32 ms, size +26%)
INFO: New number of coverage counters: 8192
INFO: Instrumented com.fasterxml.jackson.core.json.WriterBasedJsonGenerator (took 84 ms, size +21%)
INFO: Instrumented com.fasterxml.jackson.core.JsonFactory$Feature (took 13 ms, size +29%)
INFO: Instrumented com.fasterxml.jackson.core.JsonParser$Feature (took 14 ms, size +25%)
INFO: Instrumented com.fasterxml.jackson.core.JsonGenerator$Feature (took 16 ms, size +25%)
INFO: Instrumented com.fasterxml.jackson.core.util.DefaultPrettyPrinter (took 17 ms, size +16%)
INFO: Instrumented com.fasterxml.jackson.core.PrettyPrinter (took 1 ms, size +0%)
INFO: Instrumented com.fasterxml.jackson.core.util.Instantiatable (took 3 ms, size +0%)
INFO: Instrumented com.fasterxml.jackson.core.util.DefaultPrettyPrinter$Indenter (took 4 ms, size +0%)
INFO: Instrumented com.fasterxml.jackson.core.io.SerializedString (took 23 ms, size +20%)
INFO: Instrumented com.fasterxml.jackson.core.ObjectCodec (took 6 ms, size +13%)
INFO: Instrumented com.fasterxml.jackson.core.TreeCodec (took 3 ms, size +32%)
INFO: Instrumented com.fasterxml.jackson.core.Version (took 13 ms, size +34%)
INFO: Instrumented com.fasterxml.jackson.core.FormatSchema (took 0 ms, size +0%)
INFO: Instrumented com.fasterxml.jackson.core.format.InputAccessor (took 0 ms, size +0%)
INFO: Instrumented com.fasterxml.jackson.core.format.MatchStrength (took 10 ms, size +28%)
INFO: Instrumented com.fasterxml.jackson.core.io.InputDecorator (took 10 ms, size +37%)
INFO: Instrumented com.fasterxml.jackson.core.io.CharacterEscapes (took 11 ms, size +35%)
INFO: Instrumented com.fasterxml.jackson.core.io.OutputDecorator (took 18 ms, size +42%)
INFO: Instrumented com.fasterxml.jackson.core.JsonParseException (took 17 ms, size +17%)
INFO: Instrumented com.fasterxml.jackson.core.JsonProcessingException (took 31 ms, size +20%)
INFO: Instrumented com.fasterxml.jackson.core.JsonEncoding (took 28 ms, size +22%)
INFO: Instrumented com.fasterxml.jackson.core.util.BufferRecycler (took 30 ms, size +24%)
[harness] target=com.fasterxml.jackson.core.JsonFactory factories=1 methods=53
INFO: Instrumented com.fasterxml.jackson.core.sym.CharsToNameCanonicalizer (took 68 ms, size +15%)
INFO: Instrumented com.fasterxml.jackson.core.sym.CharsToNameCanonicalizer$Bucket (took 22 ms, size +39%)
INFO: Instrumented com.fasterxml.jackson.core.sym.ByteQuadsCanonicalizer (took 49 ms, size +19%)
INFO: Instrumented com.fasterxml.jackson.core.sym.ByteQuadsCanonicalizer$TableInfo (took 4 ms, size +22%)
INFO: found LLVMFuzzerCustomMutator (0x76975b26fcd0). Disabling -len_control by default.
INFO: Running with entropic power schedule (0xFF, 100).
INFO: Seed: 2455903600
INFO: Loaded 5 modules   (8192 inline 8-bit counters): 512 [0x769874b06690, 0x769874b06890), 512 [0x769874b06890, 0x769874b06a90), 1024 [0x769874b06a90, 0x769874b06e90), 2048 [0x769874b06e90, 0x769874b07690), 4096 [0x769874b07690, 0x769874b08690), 
INFO: Loaded 5 PC tables (8192 PCs): 512 [0x76987401bd60,0x76987401dd60), 512 [0x7698744b9d00,0x7698744bbd00), 1024 [0x76987463e620,0x769874642620), 2048 [0x769874632aa0,0x76987463aaa0), 4096 [0x769874c26b20,0x769874c36b20), 
INFO:        0 files found in /tmp/bugrun/jacksoncore_13.ykfTxi/.cifuzz-corpus/com.example.algorithm2.Algorithm2Test/testParameterizedFuzzer
INFO:        0 files found in /tmp/jazzer-java-seeds11371172127918379849
INFO: -max_len is not provided; libFuzzer will not generate inputs larger than 4096 bytes
INFO: A corpus is not provided, starting from an empty corpus
#2	INITED cov: 92 ft: 92 corp: 1/1b exec/s: 0 rss: 1226Mb
#4	NEW    cov: 95 ft: 95 corp: 2/2b lim: 4 exec/s: 0 rss: 1226Mb L: 1/1 MS: 4 CrossOver-Custom-ChangeBit-Custom-
INFO: using inputs from: /tmp/bugrun/jacksoncore_13.ykfTxi/.cifuzz-corpus/com.example.algorithm2.Algorithm2Test/testParameterizedFuzzer
INFO: using inputs from: /tmp/jazzer-java-seeds11371172127918379849
INFO: Instrumented com.fasterxml.jackson.core.io.IOContext (took 20 ms, size +18%)
INFO: Instrumented com.fasterxml.jackson.core.json.ByteSourceJsonBootstrapper (took 16 ms, size +21%)
INFO: Instrumented com.fasterxml.jackson.core.json.UTF8StreamJsonParser (took 106 ms, size +24%)
INFO: Instrumented com.fasterxml.jackson.core.io.MergedStream (took 19 ms, size +27%)
INFO: Instrumented com.fasterxml.jackson.core.io.UTF32Reader (took 12 ms, size +22%)
INFO: Instrumented com.fasterxml.jackson.core.JsonStreamContext (took 5 ms, size +35%)
INFO: Instrumented com.fasterxml.jackson.core.json.JsonReadContext (took 9 ms, size +15%)
INFO: Instrumented com.fasterxml.jackson.core.io.CharTypes (took 8 ms, size +23%)
#7	NEW    cov: 247 ft: 252 corp: 3/4b lim: 4 exec/s: 0 rss: 1249Mb L: 2/2 MS: 6 CopyPart-Custom-ChangeBinInt-Custom-ChangeByte-Custom-
#10	NEW    cov: 254 ft: 263 corp: 4/6b lim: 4 exec/s: 0 rss: 1249Mb L: 2/2 MS: 6 CopyPart-Custom-InsertByte-Custom-ChangeByte-Custom-
#12	NEW    cov: 259 ft: 268 corp: 5/7b lim: 4 exec/s: 0 rss: 1249Mb L: 1/2 MS: 4 CopyPart-Custom-ChangeBinInt-Custom-
#16	NEW    cov: 261 ft: 270 corp: 6/8b lim: 4 exec/s: 0 rss: 1249Mb L: 1/2 MS: 8 CopyPart-Custom-CopyPart-Custom-EraseBytes-Custom-ChangeByte-Custom-
#17	NEW    cov: 278 ft: 289 corp: 7/10b lim: 4 exec/s: 0 rss: 1253Mb L: 2/2 MS: 2 InsertByte-Custom-
#18	NEW    cov: 279 ft: 290 corp: 8/11b lim: 4 exec/s: 0 rss: 1253Mb L: 1/2 MS: 2 ChangeBit-Custom-
#19	NEW    cov: 314 ft: 325 corp: 9/12b lim: 4 exec/s: 0 rss: 1259Mb L: 1/2 MS: 2 ChangeBit-Custom-
INFO: Instrumented com.fasterxml.jackson.core.util.TextBuffer (took 21 ms, size +21%)
INFO: Instrumented com.fasterxml.jackson.core.json.PackageVersion (took 2 ms, size +35%)
WARN: Some hooks could not be applied to class files built for Java 7 or lower.
                       Ensure that the fuzz target and its dependencies are compiled with
                       -target 8 or higher to identify as many bugs as possible.
INFO: Instrumented com.fasterxml.jackson.core.util.VersionUtil (took 13 ms, size +21%)
INFO: Instrumented com.fasterxml.jackson.core.JsonGenerationException (took 4 ms, size +19%)
#20	NEW    cov: 395 ft: 414 corp: 10/14b lim: 4 exec/s: 0 rss: 1275Mb L: 2/2 MS: 2 InsertByte-Custom-
#21	NEW    cov: 397 ft: 421 corp: 11/15b lim: 4 exec/s: 0 rss: 1275Mb L: 1/2 MS: 2 ChangeBit-Custom-
#24	NEW    cov: 429 ft: 459 corp: 12/18b lim: 4 exec/s: 0 rss: 1275Mb L: 3/3 MS: 6 ShuffleBytes-Custom-ShuffleBytes-Custom-CrossOver-Custom-
#26	NEW    cov: 431 ft: 462 corp: 13/20b lim: 4 exec/s: 0 rss: 1275Mb L: 2/3 MS: 4 ShuffleBytes-Custom-InsertByte-Custom-
#30	NEW    cov: 448 ft: 481 corp: 14/22b lim: 4 exec/s: 0 rss: 1285Mb L: 2/3 MS: 8 ShuffleBytes-Custom-CrossOver-Custom-ChangeByte-Custom-ChangeByte-Custom-
INFO: #37	NEW    cov: 473 ft: 506 corp: 15/23b lim: 4 exec/s: 0 rss: 1289Mb L: 1/3 MS: 4 ChangeBit-Custom-ChangeBit-Custom-
Instrumented com.fasterxml.jackson.core.json.JsonWriteContext (took 31 ms, size +19%)
#38	NEW    cov: 475 ft: 508 corp: 16/24b lim: 4 exec/s: 0 rss: 1289Mb L: 1/3 MS: 2 ChangeByte-Custom-
#42	NEW    cov: 478 ft: 515 corp: 17/26b lim: 4 exec/s: 0 rss: 1291Mb L: 2/3 MS: 8 ShuffleBytes-Custom-InsertByte-Custom-ChangeByte-Custom-CopyPart-Custom-
#46	NEW    cov: 487 ft: 524 corp: 18/27b lim: 4 exec/s: 0 rss: 1293Mb L: 1/3 MS: 8 CopyPart-Custom-ChangeByte-Custom-CrossOver-Custom-ChangeBinInt-Custom-
#48	NEW    cov: 516 ft: 635 corp: 19/29b lim: 4 exec/s: 0 rss: 1294Mb L: 2/3 MS: 4 ShuffleBytes-Custom-ChangeBit-Custom-
#50	NEW    cov: 518 ft: 664 corp: 20/30b lim: 4 exec/s: 0 rss: 1294Mb L: 1/3 MS: 4 ShuffleBytes-Custom-ChangeByte-Custom-
#51	NEW    cov: 519 ft: 665 corp: 21/31b lim: 4 exec/s: 0 rss: 1294Mb L: 1/3 MS: 2 ChangeBit-Custom-
#54	NEW    cov: 530 ft: 677 corp: 22/33b lim: 4 exec/s: 0 rss: 1294Mb L: 2/3 MS: 6 CrossOver-Custom-ChangeBinInt-Custom-ChangeBit-Custom-
#56	NEW    cov: 532 ft: 679 corp: 23/34b lim: 4 exec/s: 0 rss: 1294Mb L: 1/3 MS: 4 ShuffleBytes-Custom-ChangeBit-Custom-
#61	NEW    cov: 563 ft: 711 corp: 24/36b lim: 4 exec/s: 0 rss: 1295Mb L: 2/3 MS: 10 ChangeBit-Custom-EraseBytes-Custom-InsertByte-Custom-ChangeBit-Custom-ChangeByte-Custom-
#66	NEW    cov: 563 ft: 712 corp: 25/39b lim: 4 exec/s: 0 rss: 1295Mb L: 3/3 MS: 10 InsertByte-Custom-ShuffleBytes-Custom-CopyPart-Custom-InsertByte-Custom-ShuffleBytes-Custom-
#67	NEW    cov: 564 ft: 714 corp: 26/41b lim: 4 exec/s: 0 rss: 1295Mb L: 2/3 MS: 2 InsertByte-Custom-
#69	NEW    cov: 578 ft: 751 corp: 27/45b lim: 4 exec/s: 0 rss: 1295Mb L: 4/4 MS: 4 CrossOver-Custom-ChangeByte-Custom-
#72	NEW    cov: 580 ft: 753 corp: 28/48b lim: 4 exec/s: 0 rss: 1295Mb L: 3/4 MS: 6 InsertByte-Custom-CopyPart-Custom-InsertByte-Custom-
#73	NEW    cov: 585 ft: 758 corp: 29/51b lim: 4 exec/s: 0 rss: 1295Mb L: 3/4 MS: 2 ChangeByte-Custom-
#77	NEW    cov: 586 ft: 759 corp: 30/54b lim: 4 exec/s: 0 rss: 1295Mb L: 3/4 MS: 8 ChangeByte-Custom-ChangeBit-Custom-ChangeBinInt-Custom-InsertByte-Custom-
#80	NEW    cov: 593 ft: 776 corp: 31/56b lim: 4 exec/s: 0 rss: 1295Mb L: 2/4 MS: 6 InsertByte-Custom-ChangeBit-Custom-CopyPart-Custom-
#82	NEW    cov: 594 ft: 777 corp: 32/59b lim: 4 exec/s: 0 rss: 1295Mb L: 3/4 MS: 4 InsertByte-Custom-ChangeByte-Custom-
#98	NEW    cov: 605 ft: 788 corp: 33/60b lim: 4 exec/s: 0 rss: 1295Mb L: 1/4 MS: 2 ChangeBit-Custom-
#108	NEW    cov: 606 ft: 789 corp: 34/61b lim: 4 exec/s: 0 rss: 1295Mb L: 1/4 MS: 10 ChangeByte-Custom-CopyPart-Custom-CopyPart-Custom-EraseBytes-Custom-ChangeByte-Custom-
#110	NEW    cov: 606 ft: 799 corp: 35/65b lim: 4 exec/s: 0 rss: 1295Mb L: 4/4 MS: 4 CrossOver-Custom-CopyPart-Custom-
#115	NEW    cov: 608 ft: 801 corp: 36/69b lim: 4 exec/s: 0 rss: 1296Mb L: 4/4 MS: 10 ChangeBit-Custom-InsertByte-Custom-ShuffleBytes-Custom-ShuffleBytes-Custom-ChangeByte-Custom-
#124	REDUCE cov: 608 ft: 801 corp: 36/68b lim: 4 exec/s: 0 rss: 1296Mb L: 1/4 MS: 8 ChangeBit-Custom-ChangeBit-Custom-ChangeBit-Custom-EraseBytes-Custom-
#130	NEW    cov: 627 ft: 822 corp: 37/69b lim: 4 exec/s: 0 rss: 1296Mb L: 1/4 MS: 2 ChangeBinInt-Custom-
#132	NEW    cov: 627 ft: 823 corp: 38/72b lim: 4 exec/s: 0 rss: 1296Mb L: 3/4 MS: 4 ShuffleBytes-Custom-CrossOver-Custom-
#133	NEW    cov: 627 ft: 827 corp: 39/75b lim: 4 exec/s: 0 rss: 1296Mb L: 3/4 MS: 2 CrossOver-Custom-
#135	NEW    cov: 627 ft: 836 corp: 40/79b lim: 4 exec/s: 0 rss: 1296Mb L: 4/4 MS: 4 CopyPart-Custom-CopyPart-Custom-
#139	NEW    cov: 632 ft: 841 corp: 41/82b lim: 4 exec/s: 0 rss: 1296Mb L: 3/4 MS: 8 InsertByte-Custom-ChangeBit-Custom-ChangeBit-Custom-ShuffleBytes-Custom-
#142	NEW    cov: 632 ft: 846 corp: 42/83b lim: 4 exec/s: 0 rss: 1296Mb L: 1/4 MS: 6 ChangeBit-Custom-ChangeByte-Custom-ChangeBit-Custom-
#143	NEW    cov: 632 ft: 847 corp: 43/85b lim: 4 exec/s: 0 rss: 1296Mb L: 2/4 MS: 2 CopyPart-Custom-
#144	NEW    cov: 632 ft: 855 corp: 44/88b lim: 4 exec/s: 0 rss: 1296Mb L: 3/4 MS: 2 ChangeBinInt-Custom-
#165	NEW    cov: 632 ft: 867 corp: 45/90b lim: 4 exec/s: 0 rss: 1296Mb L: 2/4 MS: 2 ChangeBit-Custom-
#168	NEW    cov: 633 ft: 868 corp: 46/93b lim: 4 exec/s: 0 rss: 1296Mb L: 3/4 MS: 6 CrossOver-Custom-ShuffleBytes-Custom-CrossOver-Custom-
#172	NEW    cov: 633 ft: 870 corp: 47/97b lim: 4 exec/s: 0 rss: 1296Mb L: 4/4 MS: 8 ChangeBinInt-Custom-CrossOver-Custom-ChangeBinInt-Custom-ChangeBinInt-Custom-
#173	NEW    cov: 633 ft: 871 corp: 48/98b lim: 4 exec/s: 0 rss: 1296Mb L: 1/4 MS: 2 ChangeBit-Custom-
#178	NEW    cov: 634 ft: 872 corp: 49/102b lim: 4 exec/s: 0 rss: 1296Mb L: 4/4 MS: 10 CrossOver-Custom-InsertByte-Custom-ChangeByte-Custom-ChangeBinInt-Custom-ChangeBit-Custom-
#179	NEW    cov: 634 ft: 874 corp: 50/104b lim: 4 exec/s: 0 rss: 1296Mb L: 2/4 MS: 2 CrossOver-Custom-
#180	NEW    cov: 635 ft: 875 corp: 51/106b lim: 4 exec/s: 0 rss: 1296Mb L: 2/4 MS: 2 ChangeByte-Custom-
#183	NEW    cov: 637 ft: 879 corp: 52/107b lim: 4 exec/s: 0 rss: 1296Mb L: 1/4 MS: 6 ChangeBit-Custom-EraseBytes-Custom-ChangeByte-Custom-
#192	NEW    cov: 637 ft: 881 corp: 53/111b lim: 4 exec/s: 0 rss: 1296Mb L: 4/4 MS: 8 CopyPart-Custom-CopyPart-Custom-ChangeBit-Custom-ChangeByte-Custom-
#196	NEW    cov: 639 ft: 883 corp: 54/114b lim: 4 exec/s: 0 rss: 1297Mb L: 3/4 MS: 8 ChangeBit-Custom-ChangeBit-Custom-CopyPart-Custom-CrossOver-Custom-
#198	NEW    cov: 640 ft: 884 corp: 55/118b lim: 4 exec/s: 0 rss: 1297Mb L: 4/4 MS: 4 CrossOver-Custom-ShuffleBytes-Custom-
#199	NEW    cov: 640 ft: 976 corp: 56/121b lim: 4 exec/s: 0 rss: 1297Mb L: 3/4 MS: 2 InsertByte-Custom-
#221	NEW    cov: 642 ft: 978 corp: 57/124b lim: 4 exec/s: 0 rss: 1297Mb L: 3/4 MS: 4 CrossOver-Custom-ChangeBit-Custom-
#222	NEW    cov: 642 ft: 980 corp: 58/128b lim: 4 exec/s: 0 rss: 1297Mb L: 4/4 MS: 2 InsertByte-Custom-
#234	NEW    cov: 643 ft: 981 corp: 59/132b lim: 4 exec/s: 0 rss: 1297Mb L: 4/4 MS: 4 InsertByte-Custom-CopyPart-Custom-
#241	NEW    cov: 644 ft: 982 corp: 60/134b lim: 4 exec/s: 0 rss: 1297Mb L: 2/4 MS: 4 ShuffleBytes-Custom-ChangeBit-Custom-
#251	NEW    cov: 644 ft: 984 corp: 61/137b lim: 4 exec/s: 0 rss: 1297Mb L: 3/4 MS: 10 ChangeBit-Custom-ShuffleBytes-Custom-CopyPart-Custom-CrossOver-Custom-CopyPart-Custom-
#267	REDUCE cov: 644 ft: 984 corp: 61/136b lim: 4 exec/s: 0 rss: 1297Mb L: 2/4 MS: 2 EraseBytes-Custom-
#272	NEW    cov: 644 ft: 987 corp: 62/140b lim: 4 exec/s: 0 rss: 1297Mb L: 4/4 MS: 10 CopyPart-Custom-CrossOver-Custom-ChangeByte-Custom-ChangeByte-Custom-CrossOver-Custom-
#288	NEW    cov: 644 ft: 988 corp: 63/144b lim: 4 exec/s: 0 rss: 1297Mb L: 4/4 MS: 2 ChangeByte-Custom-
#319	REDUCE cov: 653 ft: 997 corp: 64/146b lim: 4 exec/s: 0 rss: 1297Mb L: 2/4 MS: 2 InsertByte-Custom-
#323	NEW    cov: 653 ft: 1001 corp: 65/148b lim: 4 exec/s: 0 rss: 1297Mb L: 2/4 MS: 8 ChangeBit-Custom-CopyPart-Custom-ShuffleBytes-Custom-ChangeByte-Custom-
#332	NEW    cov: 653 ft: 1004 corp: 66/152b lim: 4 exec/s: 0 rss: 1297Mb L: 4/4 MS: 8 ChangeBit-Custom-InsertByte-Custom-CopyPart-Custom-ShuffleBytes-Custom-
#341	NEW    cov: 653 ft: 1036 corp: 67/155b lim: 4 exec/s: 0 rss: 1297Mb L: 3/4 MS: 8 ChangeBit-Custom-ShuffleBytes-Custom-CMP-Custom-InsertByte-Custom- DE: "\377\000"-
#342	REDUCE cov: 653 ft: 1038 corp: 68/158b lim: 4 exec/s: 0 rss: 1297Mb L: 3/4 MS: 2 CopyPart-Custom-
#344	NEW    cov: 653 ft: 1042 corp: 69/162b lim: 4 exec/s: 0 rss: 1297Mb L: 4/4 MS: 4 ChangeBit-Custom-InsertByte-Custom-
#368	NEW    cov: 654 ft: 1043 corp: 70/163b lim: 4 exec/s: 0 rss: 1297Mb L: 1/4 MS: 8 ShuffleBytes-Custom-InsertByte-Custom-EraseBytes-Custom-ChangeBit-Custom-
#392	NEW    cov: 654 ft: 1044 corp: 71/166b lim: 4 exec/s: 0 rss: 1297Mb L: 3/4 MS: 8 CrossOver-Custom-CopyPart-Custom-InsertByte-Custom-ChangeBit-Custom-
#396	NEW    cov: 658 ft: 1048 corp: 72/170b lim: 4 exec/s: 0 rss: 1297Mb L: 4/4 MS: 8 CrossOver-Custom-ChangeByte-Custom-ChangeBinInt-Custom-InsertByte-Custom-
#402	NEW    cov: 658 ft: 1049 corp: 73/174b lim: 4 exec/s: 0 rss: 1297Mb L: 4/4 MS: 2 CopyPart-Custom-
#427	NEW    cov: 658 ft: 1055 corp: 74/178b lim: 4 exec/s: 0 rss: 1297Mb L: 4/4 MS: 10 InsertByte-Custom-CrossOver-Custom-ShuffleBytes-Custom-ChangeBit-Custom-CopyPart-Custom-
#428	NEW    cov: 659 ft: 1056 corp: 75/181b lim: 4 exec/s: 0 rss: 1297Mb L: 3/4 MS: 2 InsertByte-Custom-
#434	REDUCE cov: 659 ft: 1056 corp: 75/180b lim: 4 exec/s: 0 rss: 1297Mb L: 2/4 MS: 2 EraseBytes-Custom-
#447	NEW    cov: 659 ft: 1058 corp: 76/183b lim: 4 exec/s: 0 rss: 1297Mb L: 3/4 MS: 6 ChangeBit-Custom-ChangeByte-Custom-CopyPart-Custom-
#458	REDUCE cov: 659 ft: 1058 corp: 76/182b lim: 4 exec/s: 0 rss: 1297Mb L: 1/4 MS: 2 EraseBytes-Custom-
#470	REDUCE cov: 659 ft: 1058 corp: 76/180b lim: 4 exec/s: 0 rss: 1297Mb L: 2/4 MS: 4 ChangeBinInt-Custom-EraseBytes-Custom-
#481	NEW    cov: 659 ft: 1059 corp: 77/183b lim: 4 exec/s: 0 rss: 1297Mb L: 3/4 MS: 2 CopyPart-Custom-
#541	NEW    cov: 659 ft: 1061 corp: 78/187b lim: 4 exec/s: 0 rss: 1299Mb L: 4/4 MS: 10 CopyPart-Custom-CrossOver-Custom-ChangeByte-Custom-ChangeBinInt-Custom-CopyPart-Custom-
#562	NEW    cov: 659 ft: 1062 corp: 79/189b lim: 4 exec/s: 0 rss: 1299Mb L: 2/4 MS: 2 CopyPart-Custom-
#588	REDUCE cov: 659 ft: 1062 corp: 79/188b lim: 4 exec/s: 0 rss: 1299Mb L: 2/4 MS: 2 EraseBytes-Custom-
#615	REDUCE cov: 659 ft: 1062 corp: 79/187b lim: 4 exec/s: 0 rss: 1299Mb L: 2/4 MS: 4 ShuffleBytes-Custom-CrossOver-Custom-
#652	REDUCE cov: 665 ft: 1068 corp: 80/191b lim: 4 exec/s: 0 rss: 1299Mb L: 4/4 MS: 4 PersAutoDict-Custom-CrossOver-Custom- DE: "\377\000"-
#667	NEW    cov: 666 ft: 1069 corp: 81/195b lim: 4 exec/s: 0 rss: 1299Mb L: 4/4 MS: 10 CopyPart-Custom-CrossOver-Custom-CopyPart-Custom-CopyPart-Custom-PersAutoDict-Custom- DE: "\377\000"-
#707	NEW    cov: 666 ft: 1087 corp: 82/199b lim: 4 exec/s: 0 rss: 1299Mb L: 4/4 MS: 10 CrossOver-Custom-CrossOver-Custom-ChangeBit-Custom-CopyPart-Custom-CrossOver-Custom-
#749	NEW    cov: 666 ft: 1088 corp: 83/201b lim: 4 exec/s: 0 rss: 1299Mb L: 2/4 MS: 4 CrossOver-Custom-CopyPart-Custom-
#765	NEW    cov: 669 ft: 1091 corp: 84/205b lim: 4 exec/s: 0 rss: 1299Mb L: 4/4 MS: 2 ChangeByte-Custom-
#838	NEW    cov: 669 ft: 1093 corp: 85/208b lim: 4 exec/s: 0 rss: 1300Mb L: 3/4 MS: 6 ChangeBinInt-Custom-InsertByte-Custom-CopyPart-Custom-
#1001	NEW    cov: 669 ft: 1097 corp: 86/210b lim: 4 exec/s: 0 rss: 1300Mb L: 2/4 MS: 6 ChangeBit-Custom-CopyPart-Custom-ChangeByte-Custom-
#1067	REDUCE cov: 669 ft: 1097 corp: 86/209b lim: 4 exec/s: 0 rss: 1300Mb L: 3/4 MS: 2 EraseBytes-Custom-
#1118	REDUCE cov: 669 ft: 1097 corp: 86/208b lim: 4 exec/s: 0 rss: 1300Mb L: 3/4 MS: 2 EraseBytes-Custom-
#1159	REDUCE cov: 669 ft: 1097 corp: 86/206b lim: 4 exec/s: 0 rss: 1300Mb L: 2/4 MS: 2 EraseBytes-Custom-
#1165	REDUCE cov: 669 ft: 1097 corp: 86/205b lim: 4 exec/s: 0 rss: 1300Mb L: 2/4 MS: 2 EraseBytes-Custom-
#1166	NEW    cov: 669 ft: 1098 corp: 87/207b lim: 4 exec/s: 0 rss: 1300Mb L: 2/4 MS: 2 CopyPart-Custom-
#1223	REDUCE cov: 669 ft: 1098 corp: 87/206b lim: 4 exec/s: 0 rss: 1300Mb L: 3/4 MS: 4 ShuffleBytes-Custom-EraseBytes-Custom-
#1225	NEW    cov: 669 ft: 1173 corp: 88/210b lim: 4 exec/s: 0 rss: 1300Mb L: 4/4 MS: 4 PersAutoDict-Custom-CopyPart-Custom- DE: "\377\000"-
#1256	NEW    cov: 670 ft: 1174 corp: 89/213b lim: 4 exec/s: 0 rss: 1300Mb L: 3/4 MS: 2 PersAutoDict-Custom- DE: "\377\000"-
#1262	NEW    cov: 670 ft: 1179 corp: 90/217b lim: 4 exec/s: 0 rss: 1300Mb L: 4/4 MS: 2 CopyPart-Custom-
#1291	NEW    cov: 670 ft: 1200 corp: 91/221b lim: 4 exec/s: 0 rss: 1300Mb L: 4/4 MS: 8 EraseBytes-Custom-InsertByte-Custom-CrossOver-Custom-CopyPart-Custom-
#1297	REDUCE cov: 670 ft: 1200 corp: 91/220b lim: 4 exec/s: 0 rss: 1300Mb L: 1/4 MS: 2 EraseBytes-Custom-
#1333	REDUCE cov: 670 ft: 1200 corp: 91/219b lim: 4 exec/s: 0 rss: 1301Mb L: 1/4 MS: 2 EraseBytes-Custom-
#1422	NEW    cov: 671 ft: 1201 corp: 92/222b lim: 4 exec/s: 0 rss: 1301Mb L: 3/4 MS: 8 ChangeBit-Custom-ChangeByte-Custom-CopyPart-Custom-ChangeBit-Custom-
#1485	NEW    cov: 671 ft: 1202 corp: 93/226b lim: 4 exec/s: 0 rss: 1301Mb L: 4/4 MS: 6 CopyPart-Custom-ChangeBinInt-Custom-CopyPart-Custom-
#1497	NEW    cov: 671 ft: 1203 corp: 94/230b lim: 4 exec/s: 0 rss: 1301Mb L: 4/4 MS: 4 ChangeBit-Custom-ChangeByte-Custom-
#1551	NEW    cov: 671 ft: 1224 corp: 95/234b lim: 4 exec/s: 0 rss: 1301Mb L: 4/4 MS: 8 ShuffleBytes-Custom-ChangeBinInt-Custom-ChangeBinInt-Custom-CopyPart-Custom-
#1646	NEW    cov: 671 ft: 1225 corp: 96/237b lim: 4 exec/s: 0 rss: 1301Mb L: 3/4 MS: 10 CMP-Custom-ChangeBit-Custom-CrossOver-Custom-ChangeByte-Custom-ChangeBit-Custom- DE: "\377\033"-
#1698	NEW    cov: 671 ft: 1226 corp: 97/239b lim: 4 exec/s: 0 rss: 1301Mb L: 2/4 MS: 4 ChangeByte-Custom-CopyPart-Custom-
#1795	NEW    cov: 671 ft: 1232 corp: 98/241b lim: 4 exec/s: 0 rss: 1301Mb L: 2/4 MS: 4 ShuffleBytes-Custom-CopyPart-Custom-
#2015	REDUCE cov: 677 ft: 1239 corp: 99/246b lim: 6 exec/s: 0 rss: 1301Mb L: 5/5 MS: 10 ShuffleBytes-Custom-CrossOver-Custom-InsertRepeatedBytes-Custom-InsertByte-Custom-ShuffleBytes-Custom-
#2098	NEW    cov: 677 ft: 1245 corp: 100/252b lim: 6 exec/s: 2098 rss: 1301Mb L: 6/6 MS: 6 InsertByte-Custom-EraseBytes-Custom-CrossOver-Custom-
#2165	REDUCE cov: 677 ft: 1245 corp: 100/250b lim: 6 exec/s: 2165 rss: 1301Mb L: 2/6 MS: 4 ChangeByte-Custom-EraseBytes-Custom-
#2171	NEW    cov: 677 ft: 1248 corp: 101/255b lim: 6 exec/s: 2171 rss: 1301Mb L: 5/6 MS: 2 InsertByte-Custom-
#2226	NEW    cov: 677 ft: 1265 corp: 102/261b lim: 6 exec/s: 2226 rss: 1301Mb L: 6/6 MS: 10 ShuffleBytes-Custom-CopyPart-Custom-EraseBytes-Custom-PersAutoDict-Custom-InsertRepeatedBytes-Custom- DE: "\377\033"-
#2237	NEW    cov: 677 ft: 1266 corp: 103/266b lim: 6 exec/s: 2237 rss: 1301Mb L: 5/6 MS: 2 InsertRepeatedBytes-Custom-
#2253	NEW    cov: 677 ft: 1275 corp: 104/271b lim: 6 exec/s: 2253 rss: 1301Mb L: 5/6 MS: 2 InsertRepeatedBytes-Custom-
#2259	NEW    cov: 678 ft: 1278 corp: 105/276b lim: 6 exec/s: 2259 rss: 1301Mb L: 5/6 MS: 2 PersAutoDict-Custom- DE: "\377\000"-
#2270	NEW    cov: 678 ft: 1280 corp: 106/279b lim: 6 exec/s: 2270 rss: 1301Mb L: 3/6 MS: 2 CopyPart-Custom-
#2322	NEW    cov: 678 ft: 1285 corp: 107/283b lim: 6 exec/s: 2322 rss: 1301Mb L: 4/6 MS: 4 CrossOver-Custom-ShuffleBytes-Custom-
#2348	REDUCE cov: 678 ft: 1285 corp: 107/282b lim: 6 exec/s: 2348 rss: 1301Mb L: 3/6 MS: 2 EraseBytes-Custom-
#2500	NEW    cov: 678 ft: 1289 corp: 108/288b lim: 6 exec/s: 2500 rss: 1302Mb L: 6/6 MS: 4 ChangeBit-Custom-InsertRepeatedBytes-Custom-
#2527	NEW    cov: 678 ft: 1295 corp: 109/293b lim: 6 exec/s: 2527 rss: 1302Mb L: 5/6 MS: 4 InsertRepeatedBytes-Custom-CopyPart-Custom-
#2588	REDUCE cov: 678 ft: 1295 corp: 109/292b lim: 6 exec/s: 2588 rss: 1302Mb L: 2/6 MS: 2 EraseBytes-Custom-
#2625	NEW    cov: 678 ft: 1302 corp: 110/298b lim: 6 exec/s: 2625 rss: 1302Mb L: 6/6 MS: 4 InsertByte-Custom-CopyPart-Custom-
#2706	NEW    cov: 678 ft: 1303 corp: 111/301b lim: 6 exec/s: 2706 rss: 1302Mb L: 3/6 MS: 2 CopyPart-Custom-
#2776	NEW    cov: 678 ft: 1312 corp: 112/303b lim: 6 exec/s: 2776 rss: 1302Mb L: 2/6 MS: 10 CopyPart-Custom-EraseBytes-Custom-EraseBytes-Custom-ChangeBit-Custom-CopyPart-Custom-
#2792	NEW    cov: 678 ft: 1331 corp: 113/308b lim: 6 exec/s: 2792 rss: 1302Mb L: 5/6 MS: 2 CopyPart-Custom-
#2861	NEW    cov: 691 ft: 1345 corp: 114/313b lim: 6 exec/s: 2861 rss: 1302Mb L: 5/6 MS: 8 CopyPart-Custom-ChangeByte-Custom-InsertRepeatedBytes-Custom-ChangeBinInt-Custom-
#2921	NEW    cov: 691 ft: 1346 corp: 115/319b lim: 6 exec/s: 2921 rss: 1302Mb L: 6/6 MS: 10 ChangeByte-Custom-ChangeByte-Custom-ChangeBinInt-Custom-PersAutoDict-Custom-ShuffleBytes-Custom- DE: "\377\033"-
#2924	REDUCE cov: 691 ft: 1346 corp: 115/318b lim: 6 exec/s: 2924 rss: 1302Mb L: 2/6 MS: 6 ChangeBinInt-Custom-ShuffleBytes-Custom-EraseBytes-Custom-
#2953	NEW    cov: 691 ft: 1347 corp: 116/323b lim: 6 exec/s: 2953 rss: 1302Mb L: 5/6 MS: 8 CrossOver-Custom-CrossOver-Custom-ShuffleBytes-Custom-InsertRepeatedBytes-Custom-
#2954	NEW    cov: 693 ft: 1349 corp: 117/328b lim: 6 exec/s: 2954 rss: 1302Mb L: 5/6 MS: 2 InsertRepeatedBytes-Custom-
#3040	REDUCE cov: 693 ft: 1349 corp: 117/327b lim: 6 exec/s: 3040 rss: 1302Mb L: 4/6 MS: 2 EraseBytes-Custom-
#3056	REDUCE cov: 693 ft: 1394 corp: 118/333b lim: 6 exec/s: 3056 rss: 1302Mb L: 6/6 MS: 2 InsertRepeatedBytes-Custom-
#3062	REDUCE cov: 693 ft: 1394 corp: 118/332b lim: 6 exec/s: 3062 rss: 1302Mb L: 1/6 MS: 2 EraseBytes-Custom-
#3086	NEW    cov: 693 ft: 1396 corp: 119/338b lim: 6 exec/s: 3086 rss: 1302Mb L: 6/6 MS: 8 PersAutoDict-Custom-CopyPart-Custom-ChangeByte-Custom-CopyPart-Custom- DE: "\377\033"-
#3139	NEW    cov: 693 ft: 1441 corp: 120/344b lim: 6 exec/s: 3139 rss: 1302Mb L: 6/6 MS: 6 ChangeBit-Custom-ChangeByte-Custom-InsertRepeatedBytes-Custom-
#3220	REDUCE cov: 693 ft: 1442 corp: 121/350b lim: 6 exec/s: 3220 rss: 1302Mb L: 6/6 MS: 2 PersAutoDict-Custom- DE: "\377\033"-
#3340	NEW    cov: 694 ft: 1443 corp: 122/356b lim: 6 exec/s: 3340 rss: 1302Mb L: 6/6 MS: 10 CrossOver-Custom-PersAutoDict-Custom-EraseBytes-Custom-InsertRepeatedBytes-Custom-CrossOver-Custom- DE: "\377\000"-
#3397	REDUCE cov: 694 ft: 1443 corp: 122/355b lim: 6 exec/s: 3397 rss: 1302Mb L: 4/6 MS: 4 ShuffleBytes-Custom-EraseBytes-Custom-
#3426	NEW    cov: 694 ft: 1444 corp: 123/359b lim: 6 exec/s: 3426 rss: 1302Mb L: 4/6 MS: 8 CrossOver-Custom-ChangeBit-Custom-CrossOver-Custom-CrossOver-Custom-
#3471	NEW    cov: 694 ft: 1451 corp: 124/365b lim: 6 exec/s: 3471 rss: 1302Mb L: 6/6 MS: 10 PersAutoDict-Custom-PersAutoDict-Custom-ChangeBinInt-Custom-ChangeByte-Custom-CopyPart-Custom- DE: "\377\033"-"\377\033"-
#3523	NEW    cov: 694 ft: 1453 corp: 125/370b lim: 6 exec/s: 3523 rss: 1302Mb L: 5/6 MS: 4 PersAutoDict-Custom-InsertRepeatedBytes-Custom- DE: "\377\033"-
#3590	NEW    cov: 694 ft: 1455 corp: 126/375b lim: 6 exec/s: 3590 rss: 1302Mb L: 5/6 MS: 4 ChangeBit-Custom-CopyPart-Custom-
#3618	REDUCE cov: 696 ft: 1457 corp: 127/381b lim: 6 exec/s: 3618 rss: 1302Mb L: 6/6 MS: 6 InsertRepeatedBytes-Custom-InsertByte-Custom-ChangeByte-Custom-
#3634	NEW    cov: 696 ft: 1460 corp: 128/387b lim: 6 exec/s: 3634 rss: 1302Mb L: 6/6 MS: 2 InsertRepeatedBytes-Custom-
#3650	NEW    cov: 697 ft: 1461 corp: 129/393b lim: 6 exec/s: 3650 rss: 1302Mb L: 6/6 MS: 2 ChangeBit-Custom-
#3786	REDUCE cov: 697 ft: 1461 corp: 129/392b lim: 6 exec/s: 3786 rss: 1302Mb L: 4/6 MS: 2 EraseBytes-Custom-
#3827	REDUCE cov: 697 ft: 1461 corp: 129/391b lim: 6 exec/s: 3827 rss: 1302Mb L: 3/6 MS: 2 EraseBytes-Custom-
#4039	NEW    cov: 700 ft: 1464 corp: 130/396b lim: 8 exec/s: 4039 rss: 1302Mb L: 5/6 MS: 4 ShuffleBytes-Custom-ShuffleBytes-Custom-
#4134	NEW    cov: 700 ft: 1465 corp: 131/404b lim: 8 exec/s: 4134 rss: 1302Mb L: 8/8 MS: 10 ChangeByte-Custom-PersAutoDict-Custom-ChangeBit-Custom-EraseBytes-Custom-InsertRepeatedBytes-Custom- DE: "\377\033"-
#4201	REDUCE cov: 700 ft: 1466 corp: 132/410b lim: 8 exec/s: 4201 rss: 1302Mb L: 6/8 MS: 4 EraseBytes-Custom-InsertRepeatedBytes-Custom-
#4376	REDUCE cov: 700 ft: 1466 corp: 132/409b lim: 8 exec/s: 4376 rss: 1302Mb L: 5/8 MS: 10 ChangeBit-Custom-ChangeByte-Custom-ChangeBinInt-Custom-CrossOver-Custom-EraseBytes-Custom-
#4378	REDUCE cov: 700 ft: 1466 corp: 132/408b lim: 8 exec/s: 4378 rss: 1302Mb L: 2/8 MS: 4 ChangeBit-Custom-EraseBytes-Custom-
#4404	REDUCE cov: 700 ft: 1466 corp: 132/407b lim: 8 exec/s: 4404 rss: 1302Mb L: 1/8 MS: 2 EraseBytes-Custom-
#4452	REDUCE cov: 700 ft: 1475 corp: 133/413b lim: 8 exec/s: 4452 rss: 1302Mb L: 6/8 MS: 6 EraseBytes-Custom-ChangeBit-Custom-InsertRepeatedBytes-Custom-
#4469	NEW    cov: 700 ft: 1476 corp: 134/418b lim: 8 exec/s: 4469 rss: 1302Mb L: 5/8 MS: 4 EraseBytes-Custom-InsertRepeatedBytes-Custom-
#4502	NEW    cov: 700 ft: 1481 corp: 135/426b lim: 8 exec/s: 4502 rss: 1302Mb L: 8/8 MS: 6 InsertByte-Custom-ChangeBinInt-Custom-InsertRepeatedBytes-Custom-
#4517	NEW    cov: 700 ft: 1487 corp: 136/433b lim: 8 exec/s: 4517 rss: 1302Mb L: 7/8 MS: 10 CrossOver-Custom-CopyPart-Custom-ShuffleBytes-Custom-ChangeBit-Custom-InsertRepeatedBytes-Custom-
#4566	NEW    cov: 700 ft: 1494 corp: 137/440b lim: 8 exec/s: 4566 rss: 1302Mb L: 7/8 MS: 8 CrossOver-Custom-ShuffleBytes-Custom-ChangeByte-Custom-InsertByte-Custom-
#4595	NEW    cov: 700 ft: 1495 corp: 138/447b lim: 8 exec/s: 4595 rss: 1302Mb L: 7/8 MS: 8 ShuffleBytes-Custom-InsertByte-Custom-CrossOver-Custom-CrossOver-Custom-
#4659	NEW    cov: 700 ft: 1496 corp: 139/454b lim: 8 exec/s: 4659 rss: 1302Mb L: 7/8 MS: 8 InsertByte-Custom-ChangeByte-Custom-InsertRepeatedBytes-Custom-CrossOver-Custom-
#4713	REDUCE cov: 700 ft: 1496 corp: 139/453b lim: 8 exec/s: 4713 rss: 1302Mb L: 1/8 MS: 8 CopyPart-Custom-CrossOver-Custom-EraseBytes-Custom-ChangeBit-Custom-
#4734	REDUCE cov: 700 ft: 1496 corp: 139/452b lim: 8 exec/s: 4734 rss: 1302Mb L: 1/8 MS: 2 EraseBytes-Custom-
#4746	NEW    cov: 701 ft: 1497 corp: 140/460b lim: 8 exec/s: 4746 rss: 1302Mb L: 8/8 MS: 4 PersAutoDict-Custom-ChangeBinInt-Custom- DE: "\377\000"-
#4803	NEW    cov: 701 ft: 1498 corp: 141/466b lim: 8 exec/s: 4803 rss: 1302Mb L: 6/8 MS: 4 InsertByte-Custom-CopyPart-Custom-
#4834	REDUCE cov: 701 ft: 1499 corp: 142/474b lim: 8 exec/s: 4834 rss: 1302Mb L: 8/8 MS: 2 InsertRepeatedBytes-Custom-
#4990	NEW    cov: 701 ft: 1536 corp: 143/481b lim: 8 exec/s: 4990 rss: 1302Mb L: 7/8 MS: 2 CopyPart-Custom-
#5170	NEW    cov: 701 ft: 1537 corp: 144/488b lim: 8 exec/s: 5170 rss: 1302Mb L: 7/8 MS: 10 CopyPart-Custom-ChangeByte-Custom-ChangeASCIIInt-Custom-ChangeBit-Custom-ChangeASCIIInt-Custom-
#5191	REDUCE cov: 701 ft: 1537 corp: 144/487b lim: 8 exec/s: 5191 rss: 1302Mb L: 2/8 MS: 2 EraseBytes-Custom-
#5253	NEW    cov: 701 ft: 1538 corp: 145/493b lim: 8 exec/s: 5253 rss: 1302Mb L: 6/8 MS: 4 CopyPart-Custom-PersAutoDict-Custom- DE: "\377\000"-
#5444	NEW    cov: 701 ft: 1548 corp: 146/501b lim: 8 exec/s: 5444 rss: 1302Mb L: 8/8 MS: 2 CopyPart-Custom-
#5515	REDUCE cov: 701 ft: 1554 corp: 147/509b lim: 8 exec/s: 5515 rss: 1302Mb L: 8/8 MS: 2 InsertRepeatedBytes-Custom-
#5528	REDUCE cov: 701 ft: 1555 corp: 148/516b lim: 8 exec/s: 5528 rss: 1302Mb L: 7/8 MS: 6 CMP-Custom-ChangeBinInt-Custom-ChangeBinInt-Custom- DE: "\002\000\000\000"-
#5649	NEW    cov: 701 ft: 1557 corp: 149/521b lim: 8 exec/s: 5649 rss: 1302Mb L: 5/8 MS: 2 EraseBytes-Custom-
#5707	NEW    cov: 701 ft: 1559 corp: 150/527b lim: 8 exec/s: 5707 rss: 1302Mb L: 6/8 MS: 6 ShuffleBytes-Custom-CrossOver-Custom-InsertRepeatedBytes-Custom-
#5860	NEW    cov: 701 ft: 1561 corp: 151/535b lim: 8 exec/s: 5860 rss: 1302Mb L: 8/8 MS: 6 ShuffleBytes-Custom-EraseBytes-Custom-InsertRepeatedBytes-Custom-
#5902	REDUCE cov: 701 ft: 1563 corp: 152/541b lim: 8 exec/s: 5902 rss: 1302Mb L: 6/8 MS: 4 PersAutoDict-Custom-CopyPart-Custom- DE: "\377\033"-
#5927	REDUCE cov: 701 ft: 1564 corp: 153/547b lim: 8 exec/s: 5927 rss: 1302Mb L: 6/8 MS: 10 InsertByte-Custom-InsertByte-Custom-ChangeByte-Custom-InsertRepeatedBytes-Custom-CrossOver-Custom-
#5992	NEW    cov: 702 ft: 1565 corp: 154/555b lim: 8 exec/s: 5992 rss: 1302Mb L: 8/8 MS: 10 EraseBytes-Custom-InsertRepeatedBytes-Custom-CopyPart-Custom-ShuffleBytes-Custom-CopyPart-Custom-
#6089	REDUCE cov: 702 ft: 1565 corp: 154/554b lim: 8 exec/s: 6089 rss: 1302Mb L: 7/8 MS: 4 ChangeByte-Custom-EraseBytes-Custom-
#6095	NEW    cov: 702 ft: 1567 corp: 155/562b lim: 8 exec/s: 6095 rss: 1302Mb L: 8/8 MS: 2 ChangeBinInt-Custom-
#6164	NEW    cov: 702 ft: 1569 corp: 156/568b lim: 8 exec/s: 6164 rss: 1302Mb L: 6/8 MS: 8 InsertRepeatedBytes-Custom-CopyPart-Custom-EraseBytes-Custom-CopyPart-Custom-
#6207	NEW    cov: 702 ft: 1575 corp: 157/573b lim: 8 exec/s: 6207 rss: 1302Mb L: 5/8 MS: 6 CrossOver-Custom-EraseBytes-Custom-CrossOver-Custom-
#6372	NEW    cov: 702 ft: 1576 corp: 158/581b lim: 8 exec/s: 6372 rss: 1302Mb L: 8/8 MS: 10 ShuffleBytes-Custom-CopyPart-Custom-InsertRepeatedBytes-Custom-CrossOver-Custom-CopyPart-Custom-
#6502	NEW    cov: 702 ft: 1582 corp: 159/587b lim: 8 exec/s: 6502 rss: 1302Mb L: 6/8 MS: 10 CopyPart-Custom-InsertRepeatedBytes-Custom-ChangeBit-Custom-ChangeBinInt-Custom-ChangeBit-Custom-
#6516	REDUCE cov: 702 ft: 1582 corp: 159/586b lim: 8 exec/s: 6516 rss: 1302Mb L: 1/8 MS: 8 ChangeBit-Custom-ChangeByte-Custom-CrossOver-Custom-EraseBytes-Custom-
#6611	NEW    cov: 702 ft: 1583 corp: 160/594b lim: 8 exec/s: 6611 rss: 1302Mb L: 8/8 MS: 10 InsertByte-Custom-ShuffleBytes-Custom-PersAutoDict-Custom-CrossOver-Custom-CopyPart-Custom- DE: "\377\033"-
#6680	NEW    cov: 702 ft: 1584 corp: 161/598b lim: 8 exec/s: 6680 rss: 1303Mb L: 4/8 MS: 8 ShuffleBytes-Custom-ChangeByte-Custom-EraseBytes-Custom-InsertRepeatedBytes-Custom-
#6819	NEW    cov: 702 ft: 1586 corp: 162/606b lim: 8 exec/s: 6819 rss: 1303Mb L: 8/8 MS: 8 InsertByte-Custom-ChangeByte-Custom-CrossOver-Custom-ShuffleBytes-Custom-
#6830	NEW    cov: 702 ft: 1587 corp: 163/612b lim: 8 exec/s: 6830 rss: 1303Mb L: 6/8 MS: 2 CopyPart-Custom-
#7148	NEW    cov: 702 ft: 1590 corp: 164/622b lim: 11 exec/s: 7148 rss: 1303Mb L: 10/10 MS: 6 InsertByte-Custom-CopyPart-Custom-InsertRepeatedBytes-Custom-
#7246	NEW    cov: 702 ft: 1592 corp: 165/633b lim: 11 exec/s: 7246 rss: 1303Mb L: 11/11 MS: 6 PersAutoDict-Custom-InsertByte-Custom-CopyPart-Custom- DE: "\377\000"-
#7358	REDUCE cov: 702 ft: 1592 corp: 165/632b lim: 11 exec/s: 7358 rss: 1303Mb L: 3/11 MS: 4 ChangeByte-Custom-EraseBytes-Custom-
#7388	NEW    cov: 702 ft: 1594 corp: 166/643b lim: 11 exec/s: 7388 rss: 1303Mb L: 11/11 MS: 10 ChangeBinInt-Custom-ChangeBinInt-Custom-ChangeByte-Custom-CrossOver-Custom-CrossOver-Custom-
#7405	NEW    cov: 702 ft: 1595 corp: 167/653b lim: 11 exec/s: 7405 rss: 1303Mb L: 10/11 MS: 4 InsertRepeatedBytes-Custom-CopyPart-Custom-
#7449	NEW    cov: 702 ft: 1596 corp: 168/663b lim: 11 exec/s: 7449 rss: 1303Mb L: 10/11 MS: 8 ChangeByte-Custom-ShuffleBytes-Custom-CrossOver-Custom-ChangeBit-Custom-
#7554	NEW    cov: 702 ft: 1597 corp: 169/673b lim: 11 exec/s: 7554 rss: 1303Mb L: 10/11 MS: 10 InsertByte-Custom-ShuffleBytes-Custom-CrossOver-Custom-ChangeBit-Custom-CopyPart-Custom-
#7571	NEW    cov: 702 ft: 1609 corp: 170/684b lim: 11 exec/s: 7571 rss: 1303Mb L: 11/11 MS: 4 InsertByte-Custom-CrossOver-Custom-
#7657	REDUCE cov: 702 ft: 1609 corp: 170/683b lim: 11 exec/s: 7657 rss: 1303Mb L: 7/11 MS: 2 EraseBytes-Custom-
#7681	NEW    cov: 702 ft: 1613 corp: 171/692b lim: 11 exec/s: 7681 rss: 1303Mb L: 9/11 MS: 8 CrossOver-Custom-InsertByte-Custom-ShuffleBytes-Custom-CrossOver-Custom-
#7706	REDUCE cov: 702 ft: 1615 corp: 172/703b lim: 11 exec/s: 7706 rss: 1303Mb L: 11/11 MS: 10 InsertRepeatedBytes-Custom-CopyPart-Custom-EraseBytes-Custom-CrossOver-Custom-CrossOver-Custom-
#7735	NEW    cov: 702 ft: 1616 corp: 173/714b lim: 11 exec/s: 7735 rss: 1303Mb L: 11/11 MS: 8 CMP-Custom-ChangeBit-Custom-ChangeByte-Custom-InsertRepeatedBytes-Custom- DE: "\001\000"-
#7946	NEW    cov: 702 ft: 1617 corp: 174/722b lim: 11 exec/s: 7946 rss: 1303Mb L: 8/11 MS: 2 CopyPart-Custom-
#7960	NEW    cov: 702 ft: 1618 corp: 175/729b lim: 11 exec/s: 7960 rss: 1303Mb L: 7/11 MS: 8 ShuffleBytes-Custom-CrossOver-Custom-CopyPart-Custom-InsertRepeatedBytes-Custom-
#7972	NEW    cov: 702 ft: 1622 corp: 176/737b lim: 11 exec/s: 7972 rss: 1303Mb L: 8/11 MS: 4 ChangeBit-Custom-InsertByte-Custom-
#8013	NEW    cov: 702 ft: 1625 corp: 177/746b lim: 11 exec/s: 8013 rss: 1303Mb L: 9/11 MS: 2 CopyPart-Custom-
#8017	NEW    cov: 702 ft: 1627 corp: 178/756b lim: 11 exec/s: 8017 rss: 1303Mb L: 10/11 MS: 8 ChangeBit-Custom-EraseBytes-Custom-ChangeByte-Custom-CopyPart-Custom-
#8090	REDUCE cov: 702 ft: 1672 corp: 179/765b lim: 11 exec/s: 8090 rss: 1303Mb L: 9/11 MS: 6 CopyPart-Custom-ShuffleBytes-Custom-InsertRepeatedBytes-Custom-
#8132	NEW    cov: 702 ft: 1675 corp: 180/775b lim: 11 exec/s: 8132 rss: 1303Mb L: 10/11 MS: 4 PersAutoDict-Custom-InsertRepeatedBytes-Custom- DE: "\001\000"-
#8218	REDUCE cov: 702 ft: 1675 corp: 180/772b lim: 11 exec/s: 8218 rss: 1303Mb L: 5/11 MS: 2 EraseBytes-Custom-
#8255	NEW    cov: 702 ft: 1718 corp: 181/783b lim: 11 exec/s: 8255 rss: 1303Mb L: 11/11 MS: 4 CrossOver-Custom-InsertRepeatedBytes-Custom-
#8466	NEW    cov: 702 ft: 1719 corp: 182/794b lim: 11 exec/s: 8466 rss: 1303Mb L: 11/11 MS: 2 InsertRepeatedBytes-Custom-
#8467	NEW    cov: 702 ft: 1722 corp: 183/804b lim: 11 exec/s: 8467 rss: 1303Mb L: 10/11 MS: 2 InsertRepeatedBytes-Custom-
#8528	REDUCE cov: 702 ft: 1722 corp: 183/803b lim: 11 exec/s: 8528 rss: 1303Mb L: 3/11 MS: 2 EraseBytes-Custom-
#8627	REDUCE cov: 702 ft: 1723 corp: 184/812b lim: 11 exec/s: 8627 rss: 1303Mb L: 9/11 MS: 8 ChangeBit-Custom-ChangeByte-Custom-ChangeByte-Custom-InsertRepeatedBytes-Custom-
#8943	NEW    cov: 702 ft: 1726 corp: 185/825b lim: 14 exec/s: 8943 rss: 1303Mb L: 13/13 MS: 2 InsertRepeatedBytes-Custom-
#8949	NEW    cov: 702 ft: 1727 corp: 186/828b lim: 14 exec/s: 8949 rss: 1303Mb L: 3/13 MS: 2 CopyPart-Custom-
#8951	REDUCE cov: 702 ft: 1728 corp: 187/839b lim: 14 exec/s: 8951 rss: 1303Mb L: 11/13 MS: 4 CrossOver-Custom-ShuffleBytes-Custom-
#9228	REDUCE cov: 702 ft: 1734 corp: 188/849b lim: 14 exec/s: 9228 rss: 1303Mb L: 10/13 MS: 4 InsertByte-Custom-InsertRepeatedBytes-Custom-
#9232	NEW    cov: 702 ft: 1735 corp: 189/861b lim: 14 exec/s: 9232 rss: 1303Mb L: 12/13 MS: 8 ShuffleBytes-Custom-CopyPart-Custom-ChangeBit-Custom-InsertByte-Custom-
#9310	NEW    cov: 702 ft: 1737 corp: 190/871b lim: 14 exec/s: 9310 rss: 1303Mb L: 10/13 MS: 6 InsertByte-Custom-ChangeBinInt-Custom-CopyPart-Custom-
#9331	NEW    cov: 702 ft: 1738 corp: 191/885b lim: 14 exec/s: 9331 rss: 1303Mb L: 14/14 MS: 2 CopyPart-Custom-
#9367	REDUCE cov: 702 ft: 1738 corp: 191/884b lim: 14 exec/s: 9367 rss: 1303Mb L: 1/14 MS: 2 EraseBytes-Custom-
#9524	NEW    cov: 702 ft: 1739 corp: 192/894b lim: 14 exec/s: 9524 rss: 1303Mb L: 10/14 MS: 4 ChangeBinInt-Custom-ChangeByte-Custom-
#9594	NEW    cov: 702 ft: 1741 corp: 193/901b lim: 14 exec/s: 9594 rss: 1303Mb L: 7/14 MS: 10 CopyPart-Custom-InsertByte-Custom-ChangeBinInt-Custom-InsertRepeatedBytes-Custom-EraseBytes-Custom-
#9599	REDUCE cov: 702 ft: 1742 corp: 194/914b lim: 14 exec/s: 9599 rss: 1303Mb L: 13/14 MS: 10 ChangeByte-Custom-CrossOver-Custom-InsertByte-Custom-ChangeBit-Custom-ChangeByte-Custom-
#9729	NEW    cov: 702 ft: 1744 corp: 195/928b lim: 14 exec/s: 9729 rss: 1303Mb L: 14/14 MS: 10 PersAutoDict-Custom-EraseBytes-Custom-InsertRepeatedBytes-Custom-ChangeBit-Custom-ChangeBinInt-Custom- DE: "\002\000\000\000"-
#9867	REDUCE cov: 702 ft: 1744 corp: 195/923b lim: 14 exec/s: 9867 rss: 1303Mb L: 9/14 MS: 6 ShuffleBytes-Custom-ChangeBit-Custom-EraseBytes-Custom-
#9908	REDUCE cov: 702 ft: 1744 corp: 195/922b lim: 14 exec/s: 9908 rss: 1303Mb L: 6/14 MS: 2 EraseBytes-Custom-
#10016	NEW    cov: 702 ft: 1749 corp: 196/936b lim: 14 exec/s: 10016 rss: 1303Mb L: 14/14 MS: 6 ChangeBit-Custom-CrossOver-Custom-CopyPart-Custom-
#10032	REDUCE cov: 702 ft: 1750 corp: 197/941b lim: 14 exec/s: 10032 rss: 1303Mb L: 5/14 MS: 2 CopyPart-Custom-
#10049	REDUCE cov: 702 ft: 1750 corp: 197/939b lim: 14 exec/s: 10049 rss: 1303Mb L: 9/14 MS: 4 ChangeBinInt-Custom-EraseBytes-Custom-
#10076	NEW    cov: 702 ft: 1751 corp: 198/951b lim: 14 exec/s: 10076 rss: 1303Mb L: 12/14 MS: 4 ShuffleBytes-Custom-CopyPart-Custom-
#10107	NEW    cov: 702 ft: 1770 corp: 199/965b lim: 14 exec/s: 10107 rss: 1303Mb L: 14/14 MS: 2 InsertRepeatedBytes-Custom-
#10205	REDUCE cov: 702 ft: 1770 corp: 199/964b lim: 14 exec/s: 10205 rss: 1303Mb L: 11/14 MS: 6 InsertByte-Custom-CrossOver-Custom-EraseBytes-Custom-
#10231	REDUCE cov: 702 ft: 1770 corp: 199/963b lim: 14 exec/s: 10231 rss: 1303Mb L: 10/14 MS: 2 EraseBytes-Custom-
#10432	REDUCE cov: 702 ft: 1770 corp: 199/962b lim: 14 exec/s: 10432 rss: 1303Mb L: 11/14 MS: 2 EraseBytes-Custom-
#10663	NEW    cov: 702 ft: 1771 corp: 200/976b lim: 14 exec/s: 10663 rss: 1303Mb L: 14/14 MS: 2 InsertRepeatedBytes-Custom-
#10829	REDUCE cov: 702 ft: 1771 corp: 200/975b lim: 14 exec/s: 10829 rss: 1303Mb L: 10/14 MS: 2 EraseBytes-Custom-
#10850	REDUCE cov: 702 ft: 1771 corp: 200/974b lim: 14 exec/s: 10850 rss: 1303Mb L: 8/14 MS: 2 EraseBytes-Custom-
#10861	REDUCE cov: 702 ft: 1771 corp: 200/973b lim: 14 exec/s: 10861 rss: 1303Mb L: 5/14 MS: 2 EraseBytes-Custom-
#10899	NEW    cov: 702 ft: 1773 corp: 201/984b lim: 14 exec/s: 10899 rss: 1303Mb L: 11/14 MS: 6 ChangeByte-Custom-CopyPart-Custom-InsertRepeatedBytes-Custom-
#11241	REDUCE cov: 702 ft: 1774 corp: 202/1000b lim: 17 exec/s: 11241 rss: 1303Mb L: 16/16 MS: 4 InsertRepeatedBytes-Custom-InsertRepeatedBytes-Custom-
#11303	REDUCE cov: 702 ft: 1774 corp: 202/998b lim: 17 exec/s: 11303 rss: 1303Mb L: 6/16 MS: 4 EraseBytes-Custom-CopyPart-Custom-
#11415	REDUCE cov: 702 ft: 1774 corp: 202/996b lim: 17 exec/s: 11415 rss: 1303Mb L: 9/16 MS: 4 CopyPart-Custom-EraseBytes-Custom-
#11531	REDUCE cov: 702 ft: 1776 corp: 203/1012b lim: 17 exec/s: 11531 rss: 1303Mb L: 16/16 MS: 2 InsertRepeatedBytes-Custom-
#11684	NEW    cov: 702 ft: 1778 corp: 204/1029b lim: 17 exec/s: 11684 rss: 1303Mb L: 17/17 MS: 6 EraseBytes-Custom-InsertByte-Custom-InsertRepeatedBytes-Custom-
#11860	REDUCE cov: 702 ft: 1778 corp: 204/1027b lim: 17 exec/s: 11860 rss: 1303Mb L: 8/17 MS: 2 CrossOver-Custom-
#11867	NEW    cov: 702 ft: 1779 corp: 205/1039b lim: 17 exec/s: 11867 rss: 1303Mb L: 12/17 MS: 4 ChangeBinInt-Custom-CrossOver-Custom-
#11994	NEW    cov: 702 ft: 1780 corp: 206/1054b lim: 17 exec/s: 11994 rss: 1303Mb L: 15/17 MS: 4 ShuffleBytes-Custom-InsertRepeatedBytes-Custom-
#12115	REDUCE cov: 702 ft: 1780 corp: 206/1053b lim: 17 exec/s: 12115 rss: 1303Mb L: 2/17 MS: 2 EraseBytes-Custom-
#12123	REDUCE cov: 702 ft: 1780 corp: 206/1052b lim: 17 exec/s: 12123 rss: 1303Mb L: 9/17 MS: 6 CopyPart-Custom-InsertByte-Custom-EraseBytes-Custom-
#12179	NEW    cov: 702 ft: 1781 corp: 207/1063b lim: 17 exec/s: 12179 rss: 1303Mb L: 11/17 MS: 2 PersAutoDict-Custom- DE: "\377\000"-
#12335	REDUCE cov: 702 ft: 1781 corp: 207/1061b lim: 17 exec/s: 12335 rss: 1303Mb L: 7/17 MS: 2 CrossOver-Custom-
#12416	REDUCE cov: 702 ft: 1781 corp: 207/1059b lim: 17 exec/s: 12416 rss: 1303Mb L: 9/17 MS: 2 EraseBytes-Custom-
#12476	REDUCE cov: 702 ft: 1781 corp: 207/1055b lim: 17 exec/s: 12476 rss: 1303Mb L: 4/17 MS: 10 CopyPart-Custom-CMP-Custom-EraseBytes-Custom-ChangeByte-Custom-EraseBytes-Custom- DE: "\001\002"-
#12517	NEW    cov: 702 ft: 1782 corp: 208/1066b lim: 17 exec/s: 12517 rss: 1303Mb L: 11/17 MS: 2 CopyPart-Custom-
#12534	NEW    cov: 702 ft: 1783 corp: 209/1083b lim: 17 exec/s: 12534 rss: 1303Mb L: 17/17 MS: 4 ShuffleBytes-Custom-InsertRepeatedBytes-Custom-
#12588	REDUCE cov: 702 ft: 1783 corp: 209/1082b lim: 17 exec/s: 12588 rss: 1303Mb L: 7/17 MS: 8 CrossOver-Custom-InsertByte-Custom-InsertRepeatedBytes-Custom-EraseBytes-Custom-
INFO: Instrumented com.fasterxml.jackson.core.json.DupDetector (took 9 ms, size +38%)
#12641	NEW    cov: 702 ft: 1785 corp: 210/1092b lim: 17 exec/s: 12641 rss: 1303Mb L: 10/17 MS: 6 PersAutoDict-Custom-CopyPart-Custom-PersAutoDict-Custom- DE: "\377\000"-"\377\000"-
#12673	REDUCE cov: 702 ft: 1803 corp: 211/1105b lim: 17 exec/s: 12673 rss: 1303Mb L: 13/17 MS: 4 ChangeByte-Custom-InsertRepeatedBytes-Custom-
#12829	NEW    cov: 702 ft: 1804 corp: 212/1116b lim: 17 exec/s: 12829 rss: 1303Mb L: 11/17 MS: 2 InsertByte-Custom-
#12835	NEW    cov: 702 ft: 1805 corp: 213/1129b lim: 17 exec/s: 12835 rss: 1303Mb L: 13/17 MS: 2 CopyPart-Custom-
#12912	REDUCE cov: 702 ft: 1805 corp: 213/1127b lim: 17 exec/s: 12912 rss: 1303Mb L: 11/17 MS: 4 CopyPart-Custom-EraseBytes-Custom-
#12982	NEW    cov: 702 ft: 1806 corp: 214/1144b lim: 17 exec/s: 12982 rss: 1303Mb L: 17/17 MS: 10 InsertRepeatedBytes-Custom-CopyPart-Custom-ChangeByte-Custom-ChangeBit-Custom-CopyPart-Custom-
#13300	REDUCE cov: 702 ft: 1806 corp: 214/1141b lim: 17 exec/s: 13300 rss: 1303Mb L: 14/17 MS: 6 ChangeByte-Custom-CopyPart-Custom-EraseBytes-Custom-
#13544	NEW    cov: 702 ft: 1807 corp: 215/1151b lim: 17 exec/s: 13544 rss: 1303Mb L: 10/17 MS: 8 InsertRepeatedBytes-Custom-ShuffleBytes-Custom-ChangeBit-Custom-CopyPart-Custom-
#13828	NEW    cov: 702 ft: 1808 corp: 216/1166b lim: 17 exec/s: 13828 rss: 1303Mb L: 15/17 MS: 8 ChangeByte-Custom-CopyPart-Custom-InsertRepeatedBytes-Custom-CopyPart-Custom-
#13935	NEW    cov: 702 ft: 1809 corp: 217/1179b lim: 17 exec/s: 13935 rss: 1303Mb L: 13/17 MS: 4 InsertByte-Custom-CrossOver-Custom-
#14165	REDUCE cov: 702 ft: 1810 corp: 218/1196b lim: 17 exec/s: 14165 rss: 1303Mb L: 17/17 MS: 10 ShuffleBytes-Custom-CrossOver-Custom-CopyPart-Custom-CrossOver-Custom-InsertByte-Custom-
#14248	REDUCE cov: 702 ft: 1810 corp: 218/1193b lim: 17 exec/s: 14248 rss: 1303Mb L: 4/17 MS: 6 ChangeBit-Custom-ChangeASCIIInt-Custom-EraseBytes-Custom-
#14294	REDUCE cov: 702 ft: 1812 corp: 219/1202b lim: 17 exec/s: 14294 rss: 1303Mb L: 9/17 MS: 2 InsertRepeatedBytes-Custom-
#14530	REDUCE cov: 702 ft: 1812 corp: 219/1201b lim: 17 exec/s: 14530 rss: 1303Mb L: 5/17 MS: 2 EraseBytes-Custom-
#14693	NEW    cov: 702 ft: 1815 corp: 220/1218b lim: 17 exec/s: 14693 rss: 1303Mb L: 17/17 MS: 6 CopyPart-Custom-InsertByte-Custom-InsertRepeatedBytes-Custom-
#14709	REDUCE cov: 702 ft: 1816 corp: 221/1233b lim: 17 exec/s: 14709 rss: 1303Mb L: 15/17 MS: 2 InsertRepeatedBytes-Custom-
#14985	REDUCE cov: 702 ft: 1816 corp: 221/1232b lim: 17 exec/s: 14985 rss: 1303Mb L: 6/17 MS: 2 EraseBytes-Custom-
#14991	REDUCE cov: 702 ft: 1816 corp: 221/1231b lim: 17 exec/s: 14991 rss: 1303Mb L: 1/17 MS: 2 CrossOver-Custom-
#15372	REDUCE cov: 702 ft: 1816 corp: 221/1230b lim: 17 exec/s: 15372 rss: 1303Mb L: 10/17 MS: 2 EraseBytes-Custom-
#15548	REDUCE cov: 702 ft: 1816 corp: 221/1228b lim: 17 exec/s: 15548 rss: 1303Mb L: 9/17 MS: 2 EraseBytes-Custom-
#15572	NEW    cov: 702 ft: 1817 corp: 222/1241b lim: 17 exec/s: 15572 rss: 1303Mb L: 13/17 MS: 8 PersAutoDict-Custom-PersAutoDict-Custom-CopyPart-Custom-CopyPart-Custom- DE: "\001\000"-"\001\000"-
#15613	REDUCE cov: 702 ft: 1817 corp: 222/1235b lim: 17 exec/s: 15613 rss: 1303Mb L: 9/17 MS: 2 EraseBytes-Custom-
#15745	REDUCE cov: 702 ft: 1817 corp: 222/1233b lim: 17 exec/s: 15745 rss: 1303Mb L: 3/17 MS: 4 EraseBytes-Custom-CopyPart-Custom-
#15801	REDUCE cov: 702 ft: 1817 corp: 222/1232b lim: 17 exec/s: 15801 rss: 1303Mb L: 10/17 MS: 2 EraseBytes-Custom-
#15955	NEW    cov: 702 ft: 1818 corp: 223/1249b lim: 17 exec/s: 15955 rss: 1303Mb L: 17/17 MS: 8 ChangeBinInt-Custom-ChangeBit-Custom-ChangeBit-Custom-CopyPart-Custom-
#15967	REDUCE cov: 702 ft: 1818 corp: 223/1248b lim: 17 exec/s: 15967 rss: 1303Mb L: 5/17 MS: 4 ShuffleBytes-Custom-EraseBytes-Custom-
#16093	REDUCE cov: 702 ft: 1818 corp: 223/1245b lim: 17 exec/s: 16093 rss: 1304Mb L: 7/17 MS: 2 EraseBytes-Custom-
#16193	REDUCE cov: 702 ft: 1819 corp: 224/1262b lim: 17 exec/s: 16193 rss: 1304Mb L: 17/17 MS: 10 CrossOver-Custom-EraseBytes-Custom-PersAutoDict-Custom-CopyPart-Custom-InsertRepeatedBytes-Custom- DE: "\001\002"-
#16254	REDUCE cov: 702 ft: 1819 corp: 224/1260b lim: 17 exec/s: 16254 rss: 1304Mb L: 15/17 MS: 2 EraseBytes-Custom-
#16405	REDUCE cov: 702 ft: 1819 corp: 224/1259b lim: 17 exec/s: 16405 rss: 1304Mb L: 1/17 MS: 2 EraseBytes-Custom-
#16901	REDUCE cov: 702 ft: 1819 corp: 224/1257b lim: 21 exec/s: 16901 rss: 1304Mb L: 6/17 MS: 2 EraseBytes-Custom-
#16949	NEW    cov: 702 ft: 1821 corp: 225/1278b lim: 21 exec/s: 16949 rss: 1304Mb L: 21/21 MS: 6 CopyPart-Custom-CrossOver-Custom-CopyPart-Custom-
#17071	REDUCE cov: 702 ft: 1821 corp: 225/1277b lim: 21 exec/s: 17071 rss: 1304Mb L: 8/21 MS: 4 CopyPart-Custom-EraseBytes-Custom-
#17527	REDUCE cov: 702 ft: 1821 corp: 225/1276b lim: 25 exec/s: 17527 rss: 1304Mb L: 3/21 MS: 2 EraseBytes-Custom-
#17540	REDUCE cov: 702 ft: 1822 corp: 226/1301b lim: 25 exec/s: 17540 rss: 1304Mb L: 25/25 MS: 6 ShuffleBytes-Custom-ChangeBit-Custom-InsertRepeatedBytes-Custom-
#17682	NEW    cov: 702 ft: 1823 corp: 227/1326b lim: 25 exec/s: 17682 rss: 1304Mb L: 25/25 MS: 4 InsertByte-Custom-InsertRepeatedBytes-Custom-
#17829	REDUCE cov: 702 ft: 1823 corp: 227/1318b lim: 25 exec/s: 17829 rss: 1304Mb L: 17/25 MS: 4 ChangeBit-Custom-EraseBytes-Custom-
#18115	REDUCE cov: 702 ft: 1823 corp: 227/1317b lim: 25 exec/s: 18115 rss: 1304Mb L: 12/25 MS: 2 EraseBytes-Custom-
#18563	REDUCE cov: 702 ft: 1823 corp: 227/1316b lim: 29 exec/s: 18563 rss: 1304Mb L: 5/25 MS: 6 ShuffleBytes-Custom-CrossOver-Custom-EraseBytes-Custom-
#18567	NEW    cov: 702 ft: 1825 corp: 228/1345b lim: 29 exec/s: 18567 rss: 1304Mb L: 29/29 MS: 8 InsertRepeatedBytes-Custom-ShuffleBytes-Custom-CopyPart-Custom-CrossOver-Custom-
#18598	REDUCE cov: 702 ft: 1825 corp: 228/1344b lim: 29 exec/s: 18598 rss: 1304Mb L: 2/29 MS: 2 EraseBytes-Custom-
#18603	REDUCE cov: 702 ft: 1825 corp: 228/1343b lim: 29 exec/s: 18603 rss: 1304Mb L: 2/29 MS: 10 ChangeByte-Custom-ChangeByte-Custom-EraseBytes-Custom-ShuffleBytes-Custom-ShuffleBytes-Custom-
#18680	REDUCE cov: 702 ft: 1825 corp: 228/1342b lim: 29 exec/s: 18680 rss: 1304Mb L: 10/29 MS: 4 PersAutoDict-Custom-EraseBytes-Custom- DE: "\001\002"-
#18963	NEW    cov: 702 ft: 1827 corp: 229/1361b lim: 29 exec/s: 18963 rss: 1304Mb L: 19/29 MS: 6 InsertByte-Custom-ChangeBit-Custom-InsertRepeatedBytes-Custom-
#19141	NEW    cov: 702 ft: 1829 corp: 230/1382b lim: 29 exec/s: 19141 rss: 1304Mb L: 21/29 MS: 6 ChangeByte-Custom-CrossOver-Custom-InsertRepeatedBytes-Custom-
#19203	REDUCE cov: 702 ft: 1829 corp: 230/1377b lim: 29 exec/s: 9601 rss: 1304Mb L: 8/29 MS: 4 CopyPart-Custom-EraseBytes-Custom-
#19244	REDUCE cov: 702 ft: 1829 corp: 230/1375b lim: 29 exec/s: 9622 rss: 1304Mb L: 6/29 MS: 2 EraseBytes-Custom-
#19480	REDUCE cov: 702 ft: 1829 corp: 230/1374b lim: 29 exec/s: 9740 rss: 1304Mb L: 3/29 MS: 2 EraseBytes-Custom-
#19726	REDUCE cov: 702 ft: 1829 corp: 230/1372b lim: 29 exec/s: 9863 rss: 1304Mb L: 5/29 MS: 2 EraseBytes-Custom-
#19758	REDUCE cov: 702 ft: 1829 corp: 230/1369b lim: 29 exec/s: 9879 rss: 1304Mb L: 7/29 MS: 4 ChangeBinInt-Custom-EraseBytes-Custom-
#19944	REDUCE cov: 702 ft: 1829 corp: 230/1368b lim: 29 exec/s: 9972 rss: 1304Mb L: 20/29 MS: 2 EraseBytes-Custom-
#20260	REDUCE cov: 702 ft: 1829 corp: 230/1367b lim: 29 exec/s: 10130 rss: 1304Mb L: 3/29 MS: 2 EraseBytes-Custom-
#20316	REDUCE cov: 702 ft: 1829 corp: 230/1365b lim: 29 exec/s: 10158 rss: 1304Mb L: 2/29 MS: 2 EraseBytes-Custom-
#20576	NEW    cov: 702 ft: 1835 corp: 231/1390b lim: 29 exec/s: 10288 rss: 1304Mb L: 25/29 MS: 10 ChangeByte-Custom-EraseBytes-Custom-InsertByte-Custom-InsertByte-Custom-InsertRepeatedBytes-Custom-
#20737	NEW    cov: 702 ft: 1838 corp: 232/1416b lim: 29 exec/s: 10368 rss: 1304Mb L: 26/29 MS: 2 CopyPart-Custom-
#21246	NEW    cov: 702 ft: 1844 corp: 233/1432b lim: 33 exec/s: 10623 rss: 1304Mb L: 16/29 MS: 8 ChangeByte-Custom-ChangeByte-Custom-ChangeByte-Custom-InsertRepeatedBytes-Custom-
#21323	REDUCE cov: 702 ft: 1844 corp: 233/1431b lim: 33 exec/s: 10661 rss: 1304Mb L: 2/29 MS: 4 ChangeASCIIInt-Custom-EraseBytes-Custom-
#21355	NEW    cov: 702 ft: 1845 corp: 234/1462b lim: 33 exec/s: 10677 rss: 1304Mb L: 31/31 MS: 4 InsertByte-Custom-InsertRepeatedBytes-Custom-
#21401	REDUCE cov: 702 ft: 1845 corp: 234/1460b lim: 33 exec/s: 10700 rss: 1304Mb L: 8/31 MS: 2 CrossOver-Custom-
#21427	REDUCE cov: 702 ft: 1845 corp: 234/1459b lim: 33 exec/s: 10713 rss: 1304Mb L: 2/31 MS: 2 EraseBytes-Custom-
#21453	REDUCE cov: 702 ft: 1845 corp: 234/1458b lim: 33 exec/s: 10726 rss: 1304Mb L: 6/31 MS: 2 EraseBytes-Custom-
#21845	NEW    cov: 702 ft: 1885 corp: 235/1489b lim: 33 exec/s: 10922 rss: 1304Mb L: 31/31 MS: 4 ChangeByte-Custom-InsertRepeatedBytes-Custom-
#21936	REDUCE cov: 702 ft: 1885 corp: 235/1487b lim: 33 exec/s: 10968 rss: 1304Mb L: 3/31 MS: 2 EraseBytes-Custom-
#22133	REDUCE cov: 702 ft: 1885 corp: 235/1486b lim: 33 exec/s: 11066 rss: 1304Mb L: 13/31 MS: 4 ChangeByte-Custom-EraseBytes-Custom-
#22144	REDUCE cov: 702 ft: 1885 corp: 235/1484b lim: 33 exec/s: 11072 rss: 1304Mb L: 19/31 MS: 2 EraseBytes-Custom-
#22251	REDUCE cov: 702 ft: 1885 corp: 235/1479b lim: 33 exec/s: 11125 rss: 1304Mb L: 10/31 MS: 4 PersAutoDict-Custom-EraseBytes-Custom- DE: "\002\000\000\000"-
#22267	REDUCE cov: 702 ft: 1885 corp: 235/1477b lim: 33 exec/s: 11133 rss: 1304Mb L: 4/31 MS: 2 EraseBytes-Custom-
#22439	REDUCE cov: 702 ft: 1885 corp: 235/1476b lim: 33 exec/s: 11219 rss: 1304Mb L: 5/31 MS: 4 ShuffleBytes-Custom-EraseBytes-Custom-
#22464	NEW    cov: 702 ft: 1891 corp: 236/1508b lim: 33 exec/s: 11232 rss: 1304Mb L: 32/32 MS: 10 ShuffleBytes-Custom-InsertByte-Custom-PersAutoDict-Custom-CopyPart-Custom-InsertRepeatedBytes-Custom- DE: "\377\033"-
#22695	REDUCE cov: 702 ft: 1891 corp: 236/1507b lim: 33 exec/s: 11347 rss: 1304Mb L: 14/32 MS: 2 EraseBytes-Custom-
#22769	REDUCE cov: 702 ft: 1891 corp: 236/1505b lim: 33 exec/s: 11384 rss: 1304Mb L: 15/32 MS: 8 CrossOver-Custom-InsertByte-Custom-EraseBytes-Custom-CopyPart-Custom-
#23012	NEW    cov: 702 ft: 1893 corp: 237/1526b lim: 33 exec/s: 11506 rss: 1304Mb L: 21/32 MS: 6 PersAutoDict-Custom-CrossOver-Custom-CrossOver-Custom- DE: "\377\000"-
#23529	REDUCE cov: 702 ft: 1893 corp: 237/1523b lim: 38 exec/s: 11764 rss: 1304Mb L: 7/32 MS: 4 CopyPart-Custom-EraseBytes-Custom-
#23711	REDUCE cov: 702 ft: 1893 corp: 237/1522b lim: 38 exec/s: 11855 rss: 1304Mb L: 1/32 MS: 4 CopyPart-Custom-EraseBytes-Custom-
#23763	REDUCE cov: 702 ft: 1893 corp: 237/1521b lim: 38 exec/s: 11881 rss: 1304Mb L: 4/32 MS: 4 EraseBytes-Custom-ChangeByte-Custom-
#23765	NEW    cov: 702 ft: 1926 corp: 238/1558b lim: 38 exec/s: 11882 rss: 1304Mb L: 37/37 MS: 4 InsertRepeatedBytes-Custom-InsertByte-Custom-
#23808	NEW    cov: 702 ft: 1928 corp: 239/1582b lim: 38 exec/s: 11904 rss: 1304Mb L: 24/37 MS: 6 ShuffleBytes-Custom-ChangeBit-Custom-CopyPart-Custom-
#23924	REDUCE cov: 702 ft: 1928 corp: 239/1581b lim: 38 exec/s: 11962 rss: 1304Mb L: 4/37 MS: 2 EraseBytes-Custom-
#24004	REDUCE cov: 702 ft: 1928 corp: 239/1573b lim: 38 exec/s: 12002 rss: 1304Mb L: 24/37 MS: 10 PersAutoDict-Custom-ShuffleBytes-Custom-ChangeBit-Custom-InsertRepeatedBytes-Custom-EraseBytes-Custom- DE: "\377\033"-
#24031	NEW    cov: 702 ft: 1929 corp: 240/1604b lim: 38 exec/s: 12015 rss: 1304Mb L: 31/37 MS: 4 EraseBytes-Custom-InsertRepeatedBytes-Custom-
#24149	REDUCE cov: 702 ft: 1938 corp: 241/1642b lim: 38 exec/s: 12074 rss: 1304Mb L: 38/38 MS: 6 InsertByte-Custom-PersAutoDict-Custom-InsertRepeatedBytes-Custom- DE: "\002\000\000\000"-
#24496	REDUCE cov: 702 ft: 1938 corp: 241/1641b lim: 38 exec/s: 12248 rss: 1304Mb L: 5/38 MS: 4 CMP-Custom-EraseBytes-Custom- DE: "\000\000\000\000"-
#24535	REDUCE cov: 702 ft: 1938 corp: 241/1637b lim: 38 exec/s: 12267 rss: 1304Mb L: 21/38 MS: 8 InsertByte-Custom-InsertByte-Custom-ShuffleBytes-Custom-EraseBytes-Custom-
#24543	REDUCE cov: 702 ft: 1938 corp: 241/1636b lim: 38 exec/s: 12271 rss: 1304Mb L: 16/38 MS: 6 EraseBytes-Custom-ShuffleBytes-Custom-CopyPart-Custom-
#24555	NEW    cov: 702 ft: 1940 corp: 242/1645b lim: 38 exec/s: 12277 rss: 1304Mb L: 9/38 MS: 4 ShuffleBytes-Custom-CopyPart-Custom-
#24832	REDUCE cov: 702 ft: 1940 corp: 242/1644b lim: 38 exec/s: 12416 rss: 1304Mb L: 1/38 MS: 4 ChangeBit-Custom-EraseBytes-Custom-
#24843	REDUCE cov: 702 ft: 1942 corp: 243/1669b lim: 38 exec/s: 12421 rss: 1304Mb L: 25/38 MS: 2 CopyPart-Custom-
#24949	REDUCE cov: 702 ft: 1942 corp: 243/1664b lim: 38 exec/s: 12474 rss: 1304Mb L: 20/38 MS: 2 EraseBytes-Custom-
#25050	REDUCE cov: 702 ft: 1942 corp: 243/1660b lim: 38 exec/s: 12525 rss: 1304Mb L: 16/38 MS: 2 EraseBytes-Custom-
#25323	REDUCE cov: 702 ft: 1942 corp: 243/1658b lim: 38 exec/s: 12661 rss: 1304Mb L: 19/38 MS: 6 InsertRepeatedBytes-Custom-EraseBytes-Custom-ShuffleBytes-Custom-
#25334	REDUCE cov: 702 ft: 1942 corp: 243/1657b lim: 38 exec/s: 12667 rss: 1304Mb L: 3/38 MS: 2 EraseBytes-Custom-
#25439	REDUCE cov: 702 ft: 1942 corp: 243/1655b lim: 38 exec/s: 12719 rss: 1304Mb L: 11/38 MS: 10 EraseBytes-Custom-InsertByte-Custom-InsertByte-Custom-CopyPart-Custom-CrossOver-Custom-
#25458	REDUCE cov: 702 ft: 1943 corp: 244/1677b lim: 38 exec/s: 12729 rss: 1304Mb L: 22/38 MS: 8 ChangeByte-Custom-ChangeBinInt-Custom-EraseBytes-Custom-InsertRepeatedBytes-Custom-
#25527	NEW    cov: 702 ft: 1947 corp: 245/1710b lim: 38 exec/s: 12763 rss: 1304Mb L: 33/38 MS: 8 CMP-Custom-PersAutoDict-Custom-InsertByte-Custom-InsertRepeatedBytes-Custom- DE: "\001\000\000\000\000\000\000\000"-"\377\000"-
#25848	REDUCE cov: 702 ft: 1947 corp: 245/1709b lim: 38 exec/s: 12924 rss: 1304Mb L: 6/38 MS: 2 EraseBytes-Custom-
#25971	REDUCE cov: 702 ft: 1947 corp: 245/1707b lim: 38 exec/s: 12985 rss: 1304Mb L: 4/38 MS: 6 ChangeBinInt-Custom-EraseBytes-Custom-InsertByte-Custom-
#26039	NEW    cov: 702 ft: 1949 corp: 246/1732b lim: 38 exec/s: 13019 rss: 1304Mb L: 25/38 MS: 6 InsertByte-Custom-InsertByte-Custom-InsertRepeatedBytes-Custom-
#26239	NEW    cov: 703 ft: 1950 corp: 247/1737b lim: 38 exec/s: 13119 rss: 1304Mb L: 5/38 MS: 10 ChangeByte-Custom-PersAutoDict-Custom-CMP-Custom-ChangeByte-Custom-CMP-Custom- DE: "\002\000\000\000"-"\377\377"-"\376\377\000\000"-
#26525	REDUCE cov: 703 ft: 1950 corp: 247/1731b lim: 38 exec/s: 13262 rss: 1304Mb L: 16/38 MS: 2 EraseBytes-Custom-
#26606	REDUCE cov: 703 ft: 1950 corp: 247/1730b lim: 38 exec/s: 13303 rss: 1304Mb L: 4/38 MS: 2 EraseBytes-Custom-
#26733	REDUCE cov: 703 ft: 1951 corp: 248/1767b lim: 38 exec/s: 13366 rss: 1304Mb L: 37/38 MS: 4 PersAutoDict-Custom-CrossOver-Custom- DE: "\000\000\000\000"-
#26959	NEW    cov: 705 ft: 1953 corp: 249/1790b lim: 38 exec/s: 13479 rss: 1304Mb L: 23/38 MS: 2 InsertRepeatedBytes-Custom-
#27091	REDUCE cov: 705 ft: 1953 corp: 249/1789b lim: 38 exec/s: 13545 rss: 1304Mb L: 19/38 MS: 4 InsertByte-Custom-EraseBytes-Custom-
#27265	REDUCE cov: 705 ft: 1960 corp: 250/1825b lim: 38 exec/s: 13632 rss: 1304Mb L: 36/38 MS: 8 InsertRepeatedBytes-Custom-ChangeBinInt-Custom-ChangeBinInt-Custom-InsertRepeatedBytes-Custom-
#27379	NEW    cov: 705 ft: 1971 corp: 251/1862b lim: 38 exec/s: 13689 rss: 1304Mb L: 37/38 MS: 8 PersAutoDict-Custom-ChangeBinInt-Custom-ChangeBinInt-Custom-InsertRepeatedBytes-Custom- DE: "\000\000\000\000"-
#27755	NEW    cov: 705 ft: 1972 corp: 252/1887b lim: 38 exec/s: 13877 rss: 1304Mb L: 25/38 MS: 2 CopyPart-Custom-
#27820	REDUCE cov: 705 ft: 1972 corp: 252/1886b lim: 38 exec/s: 13910 rss: 1304Mb L: 36/38 MS: 10 ChangeBit-Custom-ChangeBinInt-Custom-ChangeBinInt-Custom-EraseBytes-Custom-InsertByte-Custom-
#28026	REDUCE cov: 705 ft: 1972 corp: 252/1885b lim: 38 exec/s: 14013 rss: 1304Mb L: 1/38 MS: 2 EraseBytes-Custom-
#28222	REDUCE cov: 705 ft: 1972 corp: 252/1883b lim: 38 exec/s: 14111 rss: 1304Mb L: 8/38 MS: 2 EraseBytes-Custom-
#28332	NEW    cov: 705 ft: 1979 corp: 253/1919b lim: 38 exec/s: 14166 rss: 1304Mb L: 36/38 MS: 10 ShuffleBytes-Custom-InsertByte-Custom-CopyPart-Custom-ChangeBinInt-Custom-InsertRepeatedBytes-Custom-
#28613	REDUCE cov: 705 ft: 1979 corp: 253/1918b lim: 38 exec/s: 14306 rss: 1304Mb L: 3/38 MS: 2 EraseBytes-Custom-
#28651	REDUCE cov: 705 ft: 1979 corp: 253/1911b lim: 38 exec/s: 14325 rss: 1304Mb L: 9/38 MS: 6 CopyPart-Custom-ChangeBinInt-Custom-EraseBytes-Custom-
#28718	REDUCE cov: 705 ft: 1979 corp: 253/1910b lim: 38 exec/s: 14359 rss: 1304Mb L: 5/38 MS: 4 EraseBytes-Custom-CopyPart-Custom-
#28874	REDUCE cov: 705 ft: 1979 corp: 253/1909b lim: 38 exec/s: 14437 rss: 1304Mb L: 18/38 MS: 2 EraseBytes-Custom-
#28997	NEW    cov: 705 ft: 1984 corp: 254/1936b lim: 38 exec/s: 14498 rss: 1304Mb L: 27/38 MS: 6 InsertByte-Custom-ShuffleBytes-Custom-InsertRepeatedBytes-Custom-
#29020	NEW    cov: 705 ft: 1986 corp: 255/1973b lim: 38 exec/s: 14510 rss: 1304Mb L: 37/38 MS: 6 CMP-Custom-EraseBytes-Custom-CrossOver-Custom- DE: "\005\251\373'"-
#29406	REDUCE cov: 705 ft: 1986 corp: 255/1972b lim: 38 exec/s: 14703 rss: 1304Mb L: 3/38 MS: 2 EraseBytes-Custom-
#29553	NEW    cov: 705 ft: 1988 corp: 256/2008b lim: 38 exec/s: 14776 rss: 1304Mb L: 36/38 MS: 4 ShuffleBytes-Custom-InsertRepeatedBytes-Custom-
#29629	REDUCE cov: 705 ft: 1988 corp: 256/2007b lim: 38 exec/s: 14814 rss: 1304Mb L: 8/38 MS: 2 EraseBytes-Custom-
#29909	REDUCE cov: 705 ft: 1988 corp: 256/2003b lim: 38 exec/s: 14954 rss: 1304Mb L: 10/38 MS: 10 ChangeBit-Custom-ShuffleBytes-Custom-EraseBytes-Custom-EraseBytes-Custom-InsertByte-Custom-
#30347	REDUCE cov: 705 ft: 1988 corp: 256/2002b lim: 38 exec/s: 15173 rss: 1304Mb L: 10/38 MS: 6 EraseBytes-Custom-ChangeBit-Custom-CopyPart-Custom-
#30451	NEW    cov: 705 ft: 1990 corp: 257/2036b lim: 38 exec/s: 15225 rss: 1304Mb L: 34/38 MS: 8 ChangeBit-Custom-CrossOver-Custom-ShuffleBytes-Custom-InsertRepeatedBytes-Custom-
#30792	REDUCE cov: 705 ft: 1999 corp: 258/2074b lim: 38 exec/s: 15396 rss: 1304Mb L: 38/38 MS: 2 InsertRepeatedBytes-Custom-
#30838	NEW    cov: 705 ft: 2000 corp: 259/2112b lim: 38 exec/s: 15419 rss: 1304Mb L: 38/38 MS: 2 InsertByte-Custom-
#30905	REDUCE cov: 705 ft: 2000 corp: 259/2110b lim: 38 exec/s: 15452 rss: 1304Mb L: 11/38 MS: 4 ChangeBinInt-Custom-EraseBytes-Custom-
#31078	REDUCE cov: 705 ft: 2003 corp: 260/2138b lim: 38 exec/s: 15539 rss: 1304Mb L: 28/38 MS: 6 ChangeBit-Custom-CopyPart-Custom-InsertRepeatedBytes-Custom-
#31143	REDUCE cov: 705 ft: 2003 corp: 260/2129b lim: 38 exec/s: 15571 rss: 1304Mb L: 18/38 MS: 10 CMP-Custom-InsertByte-Custom-InsertByte-Custom-ShuffleBytes-Custom-EraseBytes-Custom- DE: "equals"-
#31246	REDUCE cov: 705 ft: 2003 corp: 260/2117b lim: 38 exec/s: 15623 rss: 1304Mb L: 19/38 MS: 6 ChangeBinInt-Custom-PersAutoDict-Custom-EraseBytes-Custom- DE: "equals"-
#31502	REDUCE cov: 705 ft: 2003 corp: 260/2116b lim: 38 exec/s: 15751 rss: 1304Mb L: 18/38 MS: 2 EraseBytes-Custom-
#31597	NEW    cov: 705 ft: 2005 corp: 261/2154b lim: 38 exec/s: 15798 rss: 1304Mb L: 38/38 MS: 10 InsertRepeatedBytes-Custom-CopyPart-Custom-InsertByte-Custom-ShuffleBytes-Custom-CopyPart-Custom-
#32003	NEW    cov: 705 ft: 2011 corp: 262/2192b lim: 38 exec/s: 16001 rss: 1304Mb L: 38/38 MS: 2 CopyPart-Custom-
#32019	REDUCE cov: 705 ft: 2011 corp: 262/2191b lim: 38 exec/s: 16009 rss: 1304Mb L: 8/38 MS: 2 EraseBytes-Custom-
#32107	REDUCE cov: 705 ft: 2011 corp: 262/2190b lim: 38 exec/s: 16053 rss: 1304Mb L: 3/38 MS: 6 ChangeBit-Custom-EraseBytes-Custom-ChangeBit-Custom-
#32148	REDUCE cov: 705 ft: 2011 corp: 262/2187b lim: 38 exec/s: 16074 rss: 1304Mb L: 5/38 MS: 2 EraseBytes-Custom-
#32768	pulse  cov: 705 ft: 2011 corp: 262/2187b lim: 43 exec/s: 16384 rss: 1304Mb
#32794	REDUCE cov: 705 ft: 2011 corp: 262/2186b lim: 43 exec/s: 16397 rss: 1304Mb L: 8/38 MS: 2 EraseBytes-Custom-
#33242	NEW    cov: 705 ft: 2018 corp: 263/2225b lim: 43 exec/s: 16621 rss: 1304Mb L: 39/39 MS: 6 ChangeBit-Custom-InsertByte-Custom-CrossOver-Custom-
#33256	REDUCE cov: 705 ft: 2019 corp: 264/2246b lim: 43 exec/s: 16628 rss: 1304Mb L: 21/39 MS: 8 InsertRepeatedBytes-Custom-InsertByte-Custom-CopyPart-Custom-CrossOver-Custom-
#33352	REDUCE cov: 705 ft: 2019 corp: 264/2244b lim: 43 exec/s: 16676 rss: 1304Mb L: 22/39 MS: 2 EraseBytes-Custom-
#33399	REDUCE cov: 705 ft: 2019 corp: 264/2243b lim: 43 exec/s: 16699 rss: 1304Mb L: 6/39 MS: 4 InsertByte-Custom-EraseBytes-Custom-
#34536	NEW    cov: 705 ft: 2021 corp: 265/2291b lim: 53 exec/s: 17268 rss: 1304Mb L: 48/48 MS: 4 EraseBytes-Custom-InsertRepeatedBytes-Custom-
#34677	NEW    cov: 705 ft: 2022 corp: 266/2331b lim: 53 exec/s: 17338 rss: 1304Mb L: 40/48 MS: 2 InsertRepeatedBytes-Custom-
#34749	REDUCE cov: 705 ft: 2022 corp: 266/2330b lim: 53 exec/s: 17374 rss: 1304Mb L: 4/48 MS: 4 EraseBytes-Custom-ChangeBit-Custom-
#34751	REDUCE cov: 705 ft: 2022 corp: 266/2329b lim: 53 exec/s: 17375 rss: 1304Mb L: 9/48 MS: 4 EraseBytes-Custom-CopyPart-Custom-
MS: 6 ChangeBinInt-Custom-EraseBytes-Custom-InsertRepeatedBytes-Custom-; base unit: 82877c0c77249e846391859ee2164ba453bc246f
0xff,0xff,0xff,0xff,0xff,0xff,0xff,0xff,0xff,0xff,0xff,0xff,0xff,0xff,0xff,0xff,0xff,0xff,0xff,0xff,0xff,0xff,0xff,0xff,0xff,0xff,0xff,0xff,0xff,0xff,0xff,0xff,0xff,0xff,0xff,0xff,0xff,0xff,0x86,0x82,0xd1,0xd1,0xd1,
\377\377\377\377\377\377\377\377\377\377\377\377\377\377\377\377\377\377\377\377\377\377\377\377\377\377\377\377\377\377\377\377\377\377\377\377\377\377\206\202\321\321\321
artifact_prefix='/tmp/bugrun/jacksoncore_13.ykfTxi/'; Test unit written to /tmp/bugrun/jacksoncore_13.ykfTxi/crash-c4546724b9cbd43df6acda6e831b735d35075824
Base64: //////////////////////////////////////////////////+GgtHR0Q==
Done 34789 runs in 2 second(s)
DEDUP_TOKEN: 30d0e4de22416ac5
[ERROR] Tests run: 2, Failures: 0, Errors: 1, Skipped: 0, Time elapsed: 16.82 s <<< FAILURE! -- in com.example.algorithm2.Algorithm2Test
[ERROR] com.example.algorithm2.Algorithm2Test.testParameterizedFuzzer(FuzzedDataProvider)[2] -- Time elapsed: 2.842 s <<< ERROR!
java.lang.ArrayIndexOutOfBoundsException: Index 992 out of bounds for length 32
	at com.fasterxml.jackson.core.json.ByteSourceJsonBootstrapper.detectEncoding(ByteSourceJsonBootstrapper.java:127)
	at com.fasterxml.jackson.core.json.ByteSourceJsonBootstrapper.constructParser(ByteSourceJsonBootstrapper.java:215)
	at com.fasterxml.jackson.core.JsonFactory._createParser(JsonFactory.java:1285)
	at com.fasterxml.jackson.core.JsonFactory.createParser(JsonFactory.java:866)
	at jdk.internal.reflect.GeneratedMethodAccessor102.invoke(Unknown Source)
	at java.base/jdk.internal.reflect.DelegatingMethodAccessorImpl.invoke(DelegatingMethodAccessorImpl.java:43)
	at java.base/java.lang.reflect.Method.invoke(Method.java:566)
	at com.example.algorithm2.Algorithm2Test.testParameterizedFuzzer(Algorithm2Test.java:226)

[INFO] 
[INFO] Results:
[INFO] 
[ERROR] Errors: 
[ERROR]   Algorithm2Test.testParameterizedFuzzer:226 » ArrayIndexOutOfBounds Index 992 out of bounds for length 32
[INFO] 
[ERROR] Tests run: 2, Failures: 0, Errors: 1, Skipped: 0
[INFO] 
[ERROR] 

Please refer to /tmp/bugrun/jacksoncore_13.ykfTxi/target/surefire-reports for the individual test results.
Please refer to dump files (if any exist) [date].dump, [date]-jvmRun[N].dump and [date].dumpstream.
[INFO] 
[INFO] --- jacoco:0.8.11:report (default-cli) @ AlgorithmName2 ---
[INFO] Loading execution data file /tmp/bugrun/jacksoncore_13.ykfTxi/target/jacoco.exec
[INFO] Analyzed bundle 'AlgorithmName2' with 80 classes
[INFO] ------------------------------------------------------------------------
[INFO] BUILD SUCCESS
[INFO] ------------------------------------------------------------------------
[INFO] Total time:  32.755 s
[INFO] Finished at: 2026-10-06T04:29:09+07:00
[INFO] ------------------------------------------------------------------------
