[INFO] Scanning for projects...
[INFO] 
[INFO] ---------------------< com.example:AlgorithmName2 >---------------------
[INFO] Building AlgorithmName2 1.0-SNAPSHOT
[INFO]   from pom.xml
[INFO] --------------------------------[ jar ]---------------------------------
[INFO] 
[INFO] --- jacoco:0.8.11:prepare-agent (default) @ AlgorithmName2 ---
[INFO] argLine set to -javaagent:/home/kanyaphak673380391-3/.m2/repository/org/jacoco/org.jacoco.agent/0.8.11/org.jacoco.agent-0.8.11-runtime.jar=destfile=/tmp/bugrun/codec_3.DEuMBQ/target/jacoco.exec
[INFO] 
[INFO] --- resources:3.4.0:resources (default-resources) @ AlgorithmName2 ---
[INFO] Copying 1 resource from src/main/resources to target/classes
[INFO] 
[INFO] --- compiler:3.15.0:compile (default-compile) @ AlgorithmName2 ---
[INFO] Recompiling the module because of changed source code.
[INFO] Compiling 1 source file with javac [debug target 1.8] to target/classes
[WARNING] bootstrap class path not set in conjunction with -source 8
[INFO] 
[INFO] --- dependency:3.6.0:unpack-dependencies (unpack-defects4j) @ AlgorithmName2 ---
[INFO] 
[INFO] --- resources:3.4.0:testResources (default-testResources) @ AlgorithmName2 ---
[INFO] skip non existing resourceDirectory /tmp/bugrun/codec_3.DEuMBQ/src/test/resources
[INFO] 
[INFO] --- compiler:3.15.0:testCompile (default-testCompile) @ AlgorithmName2 ---
[INFO] Recompiling the module because of changed dependency.
[INFO] Compiling 1 source file with javac [debug target 1.8] to target/test-classes
[WARNING] bootstrap class path not set in conjunction with -source 8
[INFO] 
[INFO] --- surefire:3.1.2:test (default-cli) @ AlgorithmName2 ---
[INFO] Using auto detected provider org.apache.maven.surefire.junitplatform.JUnitPlatformProvider
[INFO] 
[INFO] -------------------------------------------------------
[INFO]  T E S T S
[INFO] -------------------------------------------------------
[INFO] Running com.example.algorithm2.Algorithm2Test
OpenJDK 64-Bit Server VM warning: Sharing is only supported for boot loader classes because bootstrap classpath has been appended
INFO: Loaded 281 hooks from com.code_intelligence.jazzer.runtime.TraceCmpHooks
INFO: Loaded 5 hooks from com.code_intelligence.jazzer.runtime.TraceDivHooks
INFO: Loaded 2 hooks from com.code_intelligence.jazzer.runtime.TraceIndirHooks
INFO: Loaded 4 hooks from com.code_intelligence.jazzer.runtime.NativeLibHooks
INFO: Loaded 2 hooks from com.code_intelligence.jazzer.sanitizers.ClojureLangHooks
INFO: Loaded 5 hooks from com.code_intelligence.jazzer.sanitizers.Deserialization
INFO: Loaded 5 hooks from com.code_intelligence.jazzer.sanitizers.ExpressionLanguageInjection
INFO: Loaded 70 hooks from com.code_intelligence.jazzer.sanitizers.LdapInjection
INFO: Loaded 46 hooks from com.code_intelligence.jazzer.sanitizers.NamingContextLookup
INFO: Loaded 1 hooks from com.code_intelligence.jazzer.sanitizers.OsCommandInjection
INFO: Loaded 52 hooks from com.code_intelligence.jazzer.sanitizers.ReflectiveCall
INFO: Loaded 8 hooks from com.code_intelligence.jazzer.sanitizers.RegexInjection
INFO: Loaded 16 hooks from com.code_intelligence.jazzer.sanitizers.RegexRoadblocks
INFO: Loaded 18 hooks from com.code_intelligence.jazzer.sanitizers.ScriptEngineInjection
INFO: Loaded 2 hooks from com.code_intelligence.jazzer.sanitizers.ServerSideRequestForgery
INFO: Loaded 19 hooks from com.code_intelligence.jazzer.sanitizers.SqlInjection
INFO: Loaded 6 hooks from com.code_intelligence.jazzer.sanitizers.XPathInjection
INFO: Instrumented com.example.algorithm2.Algorithm2Test$Skip (took 299 ms, size +44%)
INFO: Instrumented com.example.algorithm2.Algorithm2Test (took 180 ms, size +27%)
INFO: New number of coverage counters: 1024
INFO: Instrumented org.apache.commons.codec.binary.Base64 (took 209 ms, size +19%)
INFO: Instrumented org.apache.commons.codec.BinaryEncoder (took 1 ms, size +0%)
INFO: Instrumented org.apache.commons.codec.Encoder (took 1 ms, size +0%)
INFO: Instrumented org.apache.commons.codec.BinaryDecoder (took 2 ms, size +0%)
INFO: Instrumented org.apache.commons.codec.Decoder (took 1 ms, size +0%)
INFO: Instrumented org.apache.commons.codec.DecoderException (took 15 ms, size +37%)
INFO: Instrumented org.apache.commons.codec.EncoderException (took 8 ms, size +37%)
[harness] target=org.apache.commons.codec.binary.Base64 factories=5 methods=21
INFO: Instrumented org.apache.commons.codec.binary.StringUtils (took 27 ms, size +19%)
INFO: found LLVMFuzzerCustomMutator (0x76fe5a86fcd0). Disabling -len_control by default.
INFO: Running with entropic power schedule (0xFF, 100).
INFO: Seed: 1414679652
INFO: Loaded 2 modules   (1024 inline 8-bit counters): 512 [0x76ff4ca92670, 0x76ff4ca92870), 512 [0x76ff4ca92870, 0x76ff4ca92a70), 
INFO: Loaded 2 PC tables (1024 PCs): 512 [0x76ff4c5fadf0,0x76ff4c5fcdf0), 512 [0x76ff4c689380,0x76ff4c68b380), 
INFO:        0 files found in /tmp/bugrun/codec_3.DEuMBQ/.cifuzz-corpus/com.example.algorithm2.Algorithm2Test/testParameterizedFuzzer
INFO:        0 files found in /tmp/jazzer-java-seeds13420234326284463177
INFO: -max_len is not provided; libFuzzer will not generate inputs larger than 4096 bytes
INFO: A corpus is not provided, starting from an empty corpus
#2	INITED cov: 65 ft: 65 corp: 1/1b exec/s: 0 rss: 914Mb
#3	NEW    cov: 78 ft: 102 corp: 2/2b lim: 4 exec/s: 0 rss: 914Mb L: 1/1 MS: 2 ChangeByte-Custom-
#4	NEW    cov: 79 ft: 103 corp: 3/4b lim: 4 exec/s: 0 rss: 914Mb L: 2/2 MS: 2 CrossOver-Custom-
#5	NEW    cov: 82 ft: 113 corp: 4/7b lim: 4 exec/s: 0 rss: 914Mb L: 3/3 MS: 2 CrossOver-Custom-
#6	NEW    cov: 91 ft: 125 corp: 5/8b lim: 4 exec/s: 0 rss: 914Mb L: 1/3 MS: 2 ChangeByte-Custom-
#7	NEW    cov: 96 ft: 135 corp: 6/10b lim: 4 exec/s: 0 rss: 914Mb L: 2/3 MS: 2 InsertByte-Custom-
#8	NEW    cov: 97 ft: 136 corp: 7/14b lim: 4 exec/s: 0 rss: 914Mb L: 4/4 MS: 2 CrossOver-Custom-
#9	NEW    cov: 99 ft: 138 corp: 8/15b lim: 4 exec/s: 0 rss: 914Mb L: 1/4 MS: 2 ChangeBit-Custom-
MS: 2 CrossOver-Custom-; base unit: adc83b19e793491b1c6ea0fd8b46cd9f32e592fc
0x7d,0xa,
}\012
artifact_prefix='/tmp/bugrun/codec_3.DEuMBQ/'; Test unit written to /tmp/bugrun/codec_3.DEuMBQ/crash-b3127725f678ca5b1038b1df45a06f2ff4e1f544
INFO: Base64: fQo=
Done 10 runs in 0 second(s)
using inputs from: /tmp/bugrun/codec_3.DEuMBQ/.cifuzz-corpus/com.example.algorithm2.Algorithm2Test/testParameterizedFuzzer
INFO: using inputs from: /tmp/jazzer-java-seeds13420234326284463177
DEDUP_TOKEN: 81c85127e9fafa16
[ERROR] Tests run: 2, Failures: 0, Errors: 1, Skipped: 0, Time elapsed: 8.977 s <<< FAILURE! -- in com.example.algorithm2.Algorithm2Test
[ERROR] com.example.algorithm2.Algorithm2Test.testParameterizedFuzzer(FuzzedDataProvider)[2] -- Time elapsed: 0.168 s <<< ERROR!
java.lang.IllegalArgumentException: Input array too big, the output array would be bigger (6) than the specified maxium size of 0
	at org.apache.commons.codec.binary.Base64.encodeBase64(Base64.java:805)
	at java.base/jdk.internal.reflect.NativeMethodAccessorImpl.invoke0(Native Method)
	at java.base/jdk.internal.reflect.NativeMethodAccessorImpl.invoke(NativeMethodAccessorImpl.java:62)
	at java.base/jdk.internal.reflect.DelegatingMethodAccessorImpl.invoke(DelegatingMethodAccessorImpl.java:43)
	at java.base/java.lang.reflect.Method.invoke(Method.java:566)
	at com.example.algorithm2.Algorithm2Test.testParameterizedFuzzer(Algorithm2Test.java:226)

[INFO] 
[INFO] Results:
[INFO] 
[ERROR] Errors: 
[ERROR]   Algorithm2Test.testParameterizedFuzzer:226 » IllegalArgument Input array too big, the output array would be bigger (6) than the specified maxium size of 0
[INFO] 
[ERROR] Tests run: 2, Failures: 0, Errors: 1, Skipped: 0
[INFO] 
[ERROR] 

Please refer to /tmp/bugrun/codec_3.DEuMBQ/target/surefire-reports for the individual test results.
Please refer to dump files (if any exist) [date].dump, [date]-jvmRun[N].dump and [date].dumpstream.
[INFO] 
[INFO] --- jacoco:0.8.11:report (default-cli) @ AlgorithmName2 ---
[INFO] Loading execution data file /tmp/bugrun/codec_3.DEuMBQ/target/jacoco.exec
[INFO] Analyzed bundle 'AlgorithmName2' with 25 classes
[INFO] ------------------------------------------------------------------------
[INFO] BUILD SUCCESS
[INFO] ------------------------------------------------------------------------
[INFO] Total time:  27.726 s
[INFO] Finished at: 2026-10-06T01:48:36+07:00
[INFO] ------------------------------------------------------------------------
