[INFO] Scanning for projects...
[INFO] 
[INFO] ---------------------< com.example:AlgorithmName2 >---------------------
[INFO] Building AlgorithmName2 1.0-SNAPSHOT
[INFO]   from pom.xml
[INFO] --------------------------------[ jar ]---------------------------------
[INFO] 
[INFO] --- jacoco:0.8.11:prepare-agent (default) @ AlgorithmName2 ---
[INFO] argLine set to -javaagent:/home/kanyaphak673380391-3/.m2/repository/org/jacoco/org.jacoco.agent/0.8.11/org.jacoco.agent-0.8.11-runtime.jar=destfile=/tmp/bugrun/cli_11.mpoMXM/target/jacoco.exec
[INFO] 
[INFO] --- resources:3.4.0:resources (default-resources) @ AlgorithmName2 ---
[INFO] Copying 1 resource from src/main/resources to target/classes
[INFO] 
[INFO] --- compiler:3.15.0:compile (default-compile) @ AlgorithmName2 ---
[INFO] Recompiling the module because of changed source code.
[INFO] Compiling 1 source file with javac [debug target 1.8] to target/classes
[WARNING] bootstrap class path not set in conjunction with -source 8
[INFO] 
[INFO] --- dependency:3.6.0:unpack-dependencies (unpack-defects4j) @ AlgorithmName2 ---
[INFO] 
[INFO] --- resources:3.4.0:testResources (default-testResources) @ AlgorithmName2 ---
[INFO] skip non existing resourceDirectory /tmp/bugrun/cli_11.mpoMXM/src/test/resources
[INFO] 
[INFO] --- compiler:3.15.0:testCompile (default-testCompile) @ AlgorithmName2 ---
[INFO] Recompiling the module because of changed dependency.
[INFO] Compiling 1 source file with javac [debug target 1.8] to target/test-classes
[WARNING] bootstrap class path not set in conjunction with -source 8
[INFO] 
[INFO] --- surefire:3.1.2:test (default-cli) @ AlgorithmName2 ---
[INFO] Using auto detected provider org.apache.maven.surefire.junitplatform.JUnitPlatformProvider
[INFO] 
[INFO] -------------------------------------------------------
[INFO]  T E S T S
[INFO] -------------------------------------------------------
[INFO] Running com.example.algorithm2.Algorithm2Test
OpenJDK 64-Bit Server VM warning: Sharing is only supported for boot loader classes because bootstrap classpath has been appended
INFO: Loaded 281 hooks from com.code_intelligence.jazzer.runtime.TraceCmpHooks
INFO: Loaded 5 hooks from com.code_intelligence.jazzer.runtime.TraceDivHooks
INFO: Loaded 2 hooks from com.code_intelligence.jazzer.runtime.TraceIndirHooks
INFO: Loaded 4 hooks from com.code_intelligence.jazzer.runtime.NativeLibHooks
INFO: Loaded 2 hooks from com.code_intelligence.jazzer.sanitizers.ClojureLangHooks
INFO: Loaded 5 hooks from com.code_intelligence.jazzer.sanitizers.Deserialization
INFO: Loaded 5 hooks from com.code_intelligence.jazzer.sanitizers.ExpressionLanguageInjection
INFO: Loaded 70 hooks from com.code_intelligence.jazzer.sanitizers.LdapInjection
INFO: Loaded 46 hooks from com.code_intelligence.jazzer.sanitizers.NamingContextLookup
INFO: Loaded 1 hooks from com.code_intelligence.jazzer.sanitizers.OsCommandInjection
INFO: Loaded 52 hooks from com.code_intelligence.jazzer.sanitizers.ReflectiveCall
INFO: Loaded 8 hooks from com.code_intelligence.jazzer.sanitizers.RegexInjection
INFO: Loaded 16 hooks from com.code_intelligence.jazzer.sanitizers.RegexRoadblocks
INFO: Loaded 18 hooks from com.code_intelligence.jazzer.sanitizers.ScriptEngineInjection
INFO: Loaded 2 hooks from com.code_intelligence.jazzer.sanitizers.ServerSideRequestForgery
INFO: Loaded 19 hooks from com.code_intelligence.jazzer.sanitizers.SqlInjection
INFO: Loaded 6 hooks from com.code_intelligence.jazzer.sanitizers.XPathInjection
INFO: Instrumented com.example.algorithm2.Algorithm2Test$Skip (took 580 ms, size +44%)
INFO: Instrumented com.example.algorithm2.Algorithm2Test (took 214 ms, size +27%)
INFO: Instrumented org.apache.commons.cli.CommandLine (took 455 ms, size +24%)
INFO: New number of coverage counters: 1024
INFO: Instrumented org.apache.commons.cli.Option (took 346 ms, size +25%)
[harness] target=org.apache.commons.cli.CommandLine factories=1 methods=14
INFO: using inputs from: /tmp/bugrun/cli_11.mpoMXM/.cifuzz-corpus/com.example.algorithm2.Algorithm2Test/testParameterizedFuzzer
INFO: using inputs from: /tmp/jazzer-java-seeds4811777601799706233
INFO: found LLVMFuzzerCustomMutator (0x7f029d16fcd0). Disabling -len_control by default.
INFO: Running with entropic power schedule (0xFF, 100).
INFO: Seed: 3074451376
INFO: Loaded 2 modules   (1024 inline 8-bit counters): 512 [0x7f033ca992d0, 0x7f033ca994d0), 512 [0x7f033ca994d0, 0x7f033ca996d0), 
INFO: Loaded 2 PC tables (1024 PCs): 512 [0x7f033c95fe10,0x7f033c961e10), 512 [0x7f033ca271a0,0x7f033ca291a0), 
INFO:        0 files found in /tmp/bugrun/cli_11.mpoMXM/.cifuzz-corpus/com.example.algorithm2.Algorithm2Test/testParameterizedFuzzer
INFO:        0 files found in /tmp/jazzer-java-seeds4811777601799706233
INFO: -max_len is not provided; libFuzzer will not generate inputs larger than 4096 bytes
INFO: A corpus is not provided, starting from an empty corpus
#2	INITED cov: 33 ft: 33 corp: 1/1b exec/s: 0 rss: 1032Mb
#4	NEW    cov: 54 ft: 54 corp: 2/3b lim: 4 exec/s: 0 rss: 1034Mb L: 2/2 MS: 4 ShuffleBytes-Custom-InsertByte-Custom-
#5	NEW    cov: 55 ft: 55 corp: 3/6b lim: 4 exec/s: 0 rss: 1034Mb L: 3/3 MS: 2 CrossOver-Custom-
#7	NEW    cov: 62 ft: 66 corp: 4/8b lim: 4 exec/s: 0 rss: 1034Mb L: 2/3 MS: 4 ShuffleBytes-Custom-InsertByte-Custom-
#9	NEW    cov: 65 ft: 76 corp: 5/10b lim: 4 exec/s: 0 rss: 1034Mb L: 2/3 MS: 4 EraseBytes-Custom-InsertByte-Custom-
#12	NEW    cov: 67 ft: 78 corp: 6/12b lim: 4 exec/s: 0 rss: 1034Mb L: 2/3 MS: 6 ShuffleBytes-Custom-CrossOver-Custom-ChangeBinInt-Custom-
#14	NEW    cov: 68 ft: 79 corp: 7/14b lim: 4 exec/s: 0 rss: 1034Mb L: 2/3 MS: 4 ShuffleBytes-Custom-ChangeBit-Custom-
#15	NEW    cov: 68 ft: 81 corp: 8/17b lim: 4 exec/s: 0 rss: 1034Mb L: 3/3 MS: 2 InsertByte-Custom-
#17	NEW    cov: 68 ft: 84 corp: 9/21b lim: 4 exec/s: 0 rss: 1034Mb L: 4/4 MS: 4 ChangeByte-Custom-CopyPart-Custom-
#19	REDUCE cov: 68 ft: 84 corp: 9/20b lim: 4 exec/s: 0 rss: 1034Mb L: 1/4 MS: 4 ShuffleBytes-Custom-EraseBytes-Custom-
#24	REDUCE cov: 71 ft: 87 corp: 10/22b lim: 4 exec/s: 0 rss: 1034Mb L: 2/4 MS: 10 InsertByte-Custom-CrossOver-Custom-EraseBytes-Custom-CrossOver-Custom-ChangeBit-Custom-
#27	NEW    cov: 71 ft: 90 corp: 11/26b lim: 4 exec/s: 0 rss: 1034Mb L: 4/4 MS: 6 ShuffleBytes-Custom-ChangeByte-Custom-CopyPart-Custom-
#33	NEW    cov: 71 ft: 93 corp: 12/30b lim: 4 exec/s: 0 rss: 1034Mb L: 4/4 MS: 2 ChangeBinInt-Custom-
#39	NEW    cov: 73 ft: 95 corp: 13/32b lim: 4 exec/s: 0 rss: 1034Mb L: 2/4 MS: 2 ChangeByte-Custom-
#40	NEW    cov: 73 ft: 98 corp: 14/36b lim: 4 exec/s: 0 rss: 1034Mb L: 4/4 MS: 2 CopyPart-Custom-
#41	NEW    cov: 75 ft: 100 corp: 15/40b lim: 4 exec/s: 0 rss: 1034Mb L: 4/4 MS: 2 CMP-Custom- DE: "\377\377\377\020"-
#44	REDUCE cov: 75 ft: 100 corp: 15/39b lim: 4 exec/s: 0 rss: 1034Mb L: 3/4 MS: 6 ChangeBinInt-Custom-CopyPart-Custom-EraseBytes-Custom-
#45	REDUCE cov: 75 ft: 100 corp: 15/38b lim: 4 exec/s: 0 rss: 1034Mb L: 1/4 MS: 2 EraseBytes-Custom-
#64	NEW    cov: 77 ft: 102 corp: 16/42b lim: 4 exec/s: 0 rss: 1034Mb L: 4/4 MS: 8 ChangeBit-Custom-CopyPart-Custom-ShuffleBytes-Custom-ChangeBinInt-Custom-
#76	NEW    cov: 77 ft: 108 corp: 17/46b lim: 4 exec/s: 0 rss: 1034Mb L: 4/4 MS: 4 CopyPart-Custom-ChangeByte-Custom-
#93	REDUCE cov: 77 ft: 108 corp: 17/45b lim: 4 exec/s: 0 rss: 1036Mb L: 1/4 MS: 4 ShuffleBytes-Custom-EraseBytes-Custom-
#95	NEW    cov: 77 ft: 115 corp: 18/49b lim: 4 exec/s: 0 rss: 1037Mb L: 4/4 MS: 4 CrossOver-Custom-ChangeByte-Custom-
INFO: Instrumented org.apache.commons.cli.Util (took 35 ms, size +74%)
#105	REDUCE cov: 77 ft: 115 corp: 18/48b lim: 4 exec/s: 0 rss: 1037Mb L: 2/4 MS: 10 ChangeBit-Custom-ChangeBit-Custom-ChangeBinInt-Custom-CopyPart-Custom-EraseBytes-Custom-
#114	NEW    cov: 77 ft: 117 corp: 19/49b lim: 4 exec/s: 0 rss: 1037Mb L: 1/4 MS: 8 ChangeByte-Custom-ChangeByte-Custom-ShuffleBytes-Custom-ChangeBit-Custom-
#188	REDUCE cov: 77 ft: 117 corp: 19/48b lim: 4 exec/s: 0 rss: 1037Mb L: 2/4 MS: 8 ChangeByte-Custom-ChangeBit-Custom-InsertByte-Custom-EraseBytes-Custom-
#235	REDUCE cov: 77 ft: 117 corp: 19/47b lim: 4 exec/s: 0 rss: 1038Mb L: 1/4 MS: 4 ChangeByte-Custom-EraseBytes-Custom-
#236	NEW    cov: 77 ft: 121 corp: 20/51b lim: 4 exec/s: 0 rss: 1038Mb L: 4/4 MS: 2 ShuffleBytes-Custom-
#244	REDUCE cov: 77 ft: 124 corp: 21/55b lim: 4 exec/s: 0 rss: 1038Mb L: 4/4 MS: 6 CopyPart-Custom-CrossOver-Custom-InsertByte-Custom-
#366	REDUCE cov: 77 ft: 124 corp: 21/53b lim: 4 exec/s: 0 rss: 1039Mb L: 2/4 MS: 4 CMP-Custom-EraseBytes-Custom- DE: "\377\377"-
#370	NEW    cov: 79 ft: 126 corp: 22/57b lim: 4 exec/s: 0 rss: 1039Mb L: 4/4 MS: 8 ChangeByte-Custom-InsertByte-Custom-ChangeByte-Custom-CopyPart-Custom-
#427	REDUCE cov: 79 ft: 130 corp: 23/61b lim: 4 exec/s: 0 rss: 1040Mb L: 4/4 MS: 4 ShuffleBytes-Custom-CMP-Custom- DE: "\026\000"-
#454	REDUCE cov: 79 ft: 130 corp: 23/60b lim: 4 exec/s: 0 rss: 1040Mb L: 1/4 MS: 4 ChangeByte-Custom-EraseBytes-Custom-
#552	REDUCE cov: 79 ft: 131 corp: 24/62b lim: 4 exec/s: 0 rss: 1041Mb L: 2/4 MS: 6 ChangeBit-Custom-ChangeByte-Custom-CrossOver-Custom-
#569	NEW    cov: 79 ft: 133 corp: 25/66b lim: 4 exec/s: 0 rss: 1041Mb L: 4/4 MS: 4 ChangeByte-Custom-CrossOver-Custom-
#633	NEW    cov: 79 ft: 137 corp: 26/70b lim: 4 exec/s: 0 rss: 1041Mb L: 4/4 MS: 8 ChangeByte-Custom-CopyPart-Custom-CopyPart-Custom-ShuffleBytes-Custom-
#658	REDUCE cov: 79 ft: 139 corp: 27/74b lim: 4 exec/s: 0 rss: 1041Mb L: 4/4 MS: 10 InsertByte-Custom-CopyPart-Custom-ChangeBit-Custom-InsertByte-Custom-CopyPart-Custom-
#684	REDUCE cov: 79 ft: 139 corp: 27/73b lim: 4 exec/s: 0 rss: 1041Mb L: 2/4 MS: 2 EraseBytes-Custom-
#775	REDUCE cov: 79 ft: 139 corp: 27/72b lim: 4 exec/s: 0 rss: 1042Mb L: 3/4 MS: 2 EraseBytes-Custom-
#806	REDUCE cov: 79 ft: 139 corp: 27/70b lim: 4 exec/s: 0 rss: 1042Mb L: 2/4 MS: 2 EraseBytes-Custom-
#830	REDUCE cov: 79 ft: 139 corp: 27/69b lim: 4 exec/s: 0 rss: 1043Mb L: 2/4 MS: 8 ChangeBit-Custom-EraseBytes-Custom-PersAutoDict-Custom-CrossOver-Custom- DE: "\026\000"-
#1002	REDUCE cov: 79 ft: 139 corp: 27/68b lim: 4 exec/s: 0 rss: 1044Mb L: 3/4 MS: 4 CrossOver-Custom-EraseBytes-Custom-
#1004	REDUCE cov: 79 ft: 139 corp: 27/67b lim: 4 exec/s: 0 rss: 1044Mb L: 1/4 MS: 4 PersAutoDict-Custom-EraseBytes-Custom- DE: "\026\000"-
#1085	REDUCE cov: 79 ft: 139 corp: 27/66b lim: 4 exec/s: 0 rss: 1044Mb L: 2/4 MS: 2 EraseBytes-Custom-
#1101	REDUCE cov: 79 ft: 139 corp: 27/65b lim: 4 exec/s: 0 rss: 1044Mb L: 3/4 MS: 2 CrossOver-Custom-
#1340	REDUCE cov: 79 ft: 142 corp: 28/69b lim: 6 exec/s: 0 rss: 1046Mb L: 4/4 MS: 8 CrossOver-Custom-CopyPart-Custom-CrossOver-Custom-CrossOver-Custom-
#1432	NEW    cov: 79 ft: 144 corp: 29/74b lim: 6 exec/s: 0 rss: 1046Mb L: 5/5 MS: 4 ChangeBit-Custom-InsertByte-Custom-
#1516	REDUCE cov: 79 ft: 156 corp: 30/79b lim: 6 exec/s: 0 rss: 1047Mb L: 5/5 MS: 8 CrossOver-Custom-ShuffleBytes-Custom-ChangeBit-Custom-InsertRepeatedBytes-Custom-
#1583	REDUCE cov: 81 ft: 158 corp: 31/82b lim: 6 exec/s: 0 rss: 1047Mb L: 3/5 MS: 4 CopyPart-Custom-CopyPart-Custom-
#1814	REDUCE cov: 81 ft: 158 corp: 31/81b lim: 8 exec/s: 0 rss: 1049Mb L: 1/5 MS: 2 EraseBytes-Custom-
#1843	REDUCE cov: 81 ft: 171 corp: 32/89b lim: 8 exec/s: 0 rss: 1049Mb L: 8/8 MS: 8 CopyPart-Custom-ChangeByte-Custom-ShuffleBytes-Custom-InsertRepeatedBytes-Custom-
#1851	NEW    cov: 81 ft: 173 corp: 33/96b lim: 8 exec/s: 0 rss: 1049Mb L: 7/8 MS: 6 InsertRepeatedBytes-Custom-ChangeBit-Custom-CrossOver-Custom-
#1896	NEW    cov: 81 ft: 175 corp: 34/102b lim: 8 exec/s: 0 rss: 1049Mb L: 6/8 MS: 10 ChangeByte-Custom-ShuffleBytes-Custom-CrossOver-Custom-ChangeBit-Custom-CrossOver-Custom-
#1929	REDUCE cov: 81 ft: 175 corp: 34/101b lim: 8 exec/s: 0 rss: 1050Mb L: 1/8 MS: 6 ChangeByte-Custom-ChangeBinInt-Custom-EraseBytes-Custom-
#1955	NEW    cov: 81 ft: 178 corp: 35/109b lim: 8 exec/s: 0 rss: 1050Mb L: 8/8 MS: 2 CopyPart-Custom-
#2123	NEW    cov: 81 ft: 180 corp: 36/116b lim: 8 exec/s: 0 rss: 1052Mb L: 7/8 MS: 6 CopyPart-Custom-ChangeBinInt-Custom-InsertByte-Custom-
#2384	NEW    cov: 81 ft: 181 corp: 37/120b lim: 8 exec/s: 0 rss: 1053Mb L: 4/8 MS: 2 CopyPart-Custom-
#2413	REDUCE cov: 81 ft: 182 corp: 38/125b lim: 8 exec/s: 0 rss: 1053Mb L: 5/8 MS: 8 ChangeBit-Custom-CrossOver-Custom-ChangeByte-Custom-CopyPart-Custom-
#2499	NEW    cov: 81 ft: 186 corp: 39/133b lim: 8 exec/s: 0 rss: 1054Mb L: 8/8 MS: 2 InsertRepeatedBytes-Custom-
#2846	NEW    cov: 81 ft: 193 corp: 40/143b lim: 11 exec/s: 0 rss: 1056Mb L: 10/10 MS: 4 InsertRepeatedBytes-Custom-ChangeByte-Custom-
#3007	NEW    cov: 81 ft: 196 corp: 41/152b lim: 11 exec/s: 0 rss: 1057Mb L: 9/10 MS: 2 CopyPart-Custom-
#3034	REDUCE cov: 81 ft: 200 corp: 42/160b lim: 11 exec/s: 0 rss: 1057Mb L: 8/10 MS: 4 EraseBytes-Custom-InsertRepeatedBytes-Custom-
#3083	NEW    cov: 81 ft: 202 corp: 43/170b lim: 11 exec/s: 0 rss: 1058Mb L: 10/10 MS: 8 CrossOver-Custom-CrossOver-Custom-EraseBytes-Custom-CrossOver-Custom-
#3275	NEW    cov: 81 ft: 217 corp: 44/181b lim: 11 exec/s: 0 rss: 1059Mb L: 11/11 MS: 4 ChangeByte-Custom-CrossOver-Custom-
#3297	REDUCE cov: 81 ft: 217 corp: 44/180b lim: 11 exec/s: 0 rss: 1059Mb L: 4/11 MS: 4 InsertByte-Custom-EraseBytes-Custom-
#3338	NEW    cov: 81 ft: 218 corp: 45/191b lim: 11 exec/s: 0 rss: 1059Mb L: 11/11 MS: 2 InsertRepeatedBytes-Custom-
#3376	REDUCE cov: 81 ft: 218 corp: 45/190b lim: 11 exec/s: 0 rss: 1060Mb L: 10/11 MS: 6 CopyPart-Custom-ChangeBit-Custom-EraseBytes-Custom-
#3744	REDUCE cov: 81 ft: 220 corp: 46/204b lim: 14 exec/s: 0 rss: 1062Mb L: 14/14 MS: 6 InsertRepeatedBytes-Custom-CrossOver-Custom-CopyPart-Custom-
#3806	NEW    cov: 81 ft: 222 corp: 47/213b lim: 14 exec/s: 0 rss: 1062Mb L: 9/14 MS: 4 ChangeBinInt-Custom-EraseBytes-Custom-
#4085	NEW    cov: 81 ft: 226 corp: 48/226b lim: 14 exec/s: 0 rss: 1065Mb L: 13/14 MS: 8 EraseBytes-Custom-ChangeByte-Custom-ChangeBit-Custom-InsertRepeatedBytes-Custom-
#4303	REDUCE cov: 81 ft: 226 corp: 48/225b lim: 14 exec/s: 0 rss: 1067Mb L: 13/13 MS: 6 ChangeByte-Custom-ChangeBinInt-Custom-EraseBytes-Custom-
#4764	REDUCE cov: 81 ft: 226 corp: 48/224b lim: 17 exec/s: 0 rss: 1070Mb L: 9/13 MS: 2 EraseBytes-Custom-
#5999	NEW    cov: 81 ft: 250 corp: 49/251b lim: 29 exec/s: 0 rss: 1070Mb L: 27/27 MS: 10 CrossOver-Custom-ChangeBinInt-Custom-EraseBytes-Custom-PersAutoDict-Custom-InsertRepeatedBytes-Custom- DE: "\377\377"-
#6269	REDUCE cov: 81 ft: 250 corp: 49/250b lim: 29 exec/s: 0 rss: 1070Mb L: 8/27 MS: 10 ShuffleBytes-Custom-EraseBytes-Custom-ChangeBit-Custom-ChangeByte-Custom-CopyPart-Custom-
#7215	REDUCE cov: 81 ft: 250 corp: 49/249b lim: 38 exec/s: 0 rss: 1070Mb L: 8/27 MS: 2 EraseBytes-Custom-
#7761	REDUCE cov: 81 ft: 250 corp: 49/248b lim: 43 exec/s: 0 rss: 1070Mb L: 1/27 MS: 2 EraseBytes-Custom-
#7810	REDUCE cov: 81 ft: 252 corp: 50/288b lim: 43 exec/s: 0 rss: 1070Mb L: 40/40 MS: 8 CrossOver-Custom-ChangeByte-Custom-PersAutoDict-Custom-InsertRepeatedBytes-Custom- DE: "\377\377\377\020"-
#8002	REDUCE cov: 81 ft: 252 corp: 50/287b lim: 43 exec/s: 0 rss: 1070Mb L: 1/40 MS: 4 ShuffleBytes-Custom-EraseBytes-Custom-
#8167	REDUCE cov: 81 ft: 252 corp: 50/286b lim: 43 exec/s: 0 rss: 1070Mb L: 7/40 MS: 10 CrossOver-Custom-ShuffleBytes-Custom-CopyPart-Custom-ChangeByte-Custom-EraseBytes-Custom-
#8934	REDUCE cov: 81 ft: 254 corp: 51/328b lim: 48 exec/s: 8934 rss: 1070Mb L: 42/42 MS: 4 ChangeBit-Custom-InsertRepeatedBytes-Custom-
#9035	NEW    cov: 81 ft: 256 corp: 52/332b lim: 48 exec/s: 9035 rss: 1070Mb L: 4/42 MS: 2 InsertByte-Custom-
#9208	REDUCE cov: 81 ft: 256 corp: 52/320b lim: 48 exec/s: 9208 rss: 1070Mb L: 30/40 MS: 6 ShuffleBytes-Custom-CopyPart-Custom-EraseBytes-Custom-
#9295	REDUCE cov: 81 ft: 256 corp: 52/319b lim: 48 exec/s: 9295 rss: 1070Mb L: 26/40 MS: 4 CopyPart-Custom-EraseBytes-Custom-
#9335	REDUCE cov: 81 ft: 256 corp: 52/310b lim: 48 exec/s: 9335 rss: 1070Mb L: 31/31 MS: 10 PersAutoDict-Custom-PersAutoDict-Custom-EraseBytes-Custom-ChangeBit-Custom-CopyPart-Custom- DE: "\377\377"-"\026\000"-
#9412	REDUCE cov: 81 ft: 256 corp: 52/309b lim: 48 exec/s: 9412 rss: 1070Mb L: 29/31 MS: 4 ChangeBit-Custom-EraseBytes-Custom-
#9418	REDUCE cov: 81 ft: 256 corp: 52/305b lim: 48 exec/s: 9418 rss: 1070Mb L: 27/29 MS: 2 EraseBytes-Custom-
#10205	REDUCE cov: 81 ft: 261 corp: 53/357b lim: 53 exec/s: 10205 rss: 1070Mb L: 52/52 MS: 4 ChangeBit-Custom-InsertRepeatedBytes-Custom-
#10567	REDUCE cov: 81 ft: 261 corp: 53/355b lim: 53 exec/s: 10567 rss: 1070Mb L: 3/52 MS: 4 InsertByte-Custom-EraseBytes-Custom-
#10624	REDUCE cov: 81 ft: 261 corp: 53/354b lim: 53 exec/s: 10624 rss: 1070Mb L: 7/52 MS: 4 ChangeASCIIInt-Custom-EraseBytes-Custom-
#11055	REDUCE cov: 81 ft: 261 corp: 53/350b lim: 53 exec/s: 11055 rss: 1070Mb L: 23/52 MS: 2 EraseBytes-Custom-
#11527	REDUCE cov: 81 ft: 261 corp: 53/349b lim: 53 exec/s: 11527 rss: 1071Mb L: 3/52 MS: 4 ShuffleBytes-Custom-EraseBytes-Custom-
#11728	NEW    cov: 81 ft: 263 corp: 54/401b lim: 53 exec/s: 11728 rss: 1071Mb L: 52/52 MS: 2 PersAutoDict-Custom- DE: "\026\000"-
#12082	REDUCE cov: 81 ft: 263 corp: 54/388b lim: 53 exec/s: 12082 rss: 1071Mb L: 39/52 MS: 8 InsertByte-Custom-ChangeByte-Custom-ChangeBit-Custom-CrossOver-Custom-
#12244	REDUCE cov: 81 ft: 263 corp: 54/379b lim: 53 exec/s: 12244 rss: 1071Mb L: 43/43 MS: 4 InsertByte-Custom-EraseBytes-Custom-
#13503	NEW    cov: 81 ft: 267 corp: 55/420b lim: 63 exec/s: 13503 rss: 1071Mb L: 41/43 MS: 8 PersAutoDict-Custom-EraseBytes-Custom-CrossOver-Custom-InsertRepeatedBytes-Custom- DE: "\377\377\377\020"-
#14095	REDUCE cov: 81 ft: 267 corp: 55/419b lim: 68 exec/s: 14095 rss: 1071Mb L: 12/43 MS: 4 ShuffleBytes-Custom-EraseBytes-Custom-
#14952	REDUCE cov: 81 ft: 267 corp: 55/418b lim: 74 exec/s: 14952 rss: 1071Mb L: 3/43 MS: 4 InsertByte-Custom-EraseBytes-Custom-
#15716	REDUCE cov: 81 ft: 267 corp: 55/416b lim: 80 exec/s: 15716 rss: 1071Mb L: 41/41 MS: 8 ChangeBinInt-Custom-InsertByte-Custom-ShuffleBytes-Custom-EraseBytes-Custom-
#15837	REDUCE cov: 81 ft: 267 corp: 55/403b lim: 80 exec/s: 15837 rss: 1071Mb L: 28/41 MS: 2 EraseBytes-Custom-
#16345	REDUCE cov: 81 ft: 267 corp: 55/402b lim: 80 exec/s: 16345 rss: 1071Mb L: 38/41 MS: 6 ShuffleBytes-Custom-ChangeBit-Custom-EraseBytes-Custom-
#17087	NEW    cov: 81 ft: 272 corp: 56/479b lim: 86 exec/s: 17087 rss: 1071Mb L: 77/77 MS: 4 CopyPart-Custom-InsertRepeatedBytes-Custom-
#17317	REDUCE cov: 81 ft: 272 corp: 56/478b lim: 86 exec/s: 17317 rss: 1071Mb L: 27/77 MS: 10 ChangeByte-Custom-InsertByte-Custom-ChangeBit-Custom-PersAutoDict-Custom-EraseBytes-Custom- DE: "\377\377\377\020"-
#17878	REDUCE cov: 81 ft: 272 corp: 56/476b lim: 86 exec/s: 17878 rss: 1071Mb L: 24/77 MS: 2 EraseBytes-Custom-
#18116	REDUCE cov: 81 ft: 272 corp: 56/474b lim: 86 exec/s: 18116 rss: 1071Mb L: 27/77 MS: 6 ChangeBit-Custom-ChangeASCIIInt-Custom-EraseBytes-Custom-
#18166	REDUCE cov: 81 ft: 272 corp: 56/469b lim: 86 exec/s: 18166 rss: 1071Mb L: 72/72 MS: 10 ChangeByte-Custom-InsertRepeatedBytes-Custom-InsertByte-Custom-EraseBytes-Custom-CopyPart-Custom-
#19150	REDUCE cov: 81 ft: 272 corp: 56/468b lim: 92 exec/s: 19150 rss: 1071Mb L: 12/72 MS: 8 ShuffleBytes-Custom-PersAutoDict-Custom-ChangeBinInt-Custom-EraseBytes-Custom- DE: "\026\000"-
#19662	NEW    cov: 81 ft: 274 corp: 57/550b lim: 92 exec/s: 19662 rss: 1071Mb L: 82/82 MS: 4 ChangeBit-Custom-InsertRepeatedBytes-Custom-
#19786	REDUCE cov: 81 ft: 274 corp: 57/544b lim: 92 exec/s: 19786 rss: 1071Mb L: 76/76 MS: 8 ShuffleBytes-Custom-ChangeBit-Custom-InsertByte-Custom-EraseBytes-Custom-
#20468	REDUCE cov: 81 ft: 274 corp: 57/543b lim: 98 exec/s: 20468 rss: 1071Mb L: 26/76 MS: 4 CrossOver-Custom-EraseBytes-Custom-
#22019	REDUCE cov: 81 ft: 274 corp: 57/542b lim: 110 exec/s: 22019 rss: 1071Mb L: 25/76 MS: 2 EraseBytes-Custom-
#22555	REDUCE cov: 81 ft: 274 corp: 57/541b lim: 110 exec/s: 22555 rss: 1071Mb L: 26/76 MS: 2 EraseBytes-Custom-
#22662	REDUCE cov: 81 ft: 274 corp: 57/538b lim: 110 exec/s: 22662 rss: 1071Mb L: 73/73 MS: 4 ChangeBinInt-Custom-EraseBytes-Custom-
#23150	REDUCE cov: 81 ft: 279 corp: 58/645b lim: 110 exec/s: 23150 rss: 1071Mb L: 107/107 MS: 6 InsertByte-Custom-ChangeBit-Custom-CopyPart-Custom-
#24001	REDUCE cov: 81 ft: 279 corp: 58/644b lim: 116 exec/s: 24001 rss: 1071Mb L: 7/107 MS: 2 EraseBytes-Custom-
#24588	REDUCE cov: 81 ft: 279 corp: 58/643b lim: 116 exec/s: 24588 rss: 1071Mb L: 22/107 MS: 4 PersAutoDict-Custom-EraseBytes-Custom- DE: "\377\377"-
#26332	REDUCE cov: 81 ft: 279 corp: 58/641b lim: 128 exec/s: 26332 rss: 1071Mb L: 24/107 MS: 8 ShuffleBytes-Custom-EraseBytes-Custom-PersAutoDict-Custom-ShuffleBytes-Custom- DE: "\026\000"-
#27213	REDUCE cov: 81 ft: 279 corp: 58/640b lim: 135 exec/s: 27213 rss: 1072Mb L: 3/107 MS: 2 EraseBytes-Custom-
#27569	REDUCE cov: 81 ft: 279 corp: 58/639b lim: 135 exec/s: 27569 rss: 1073Mb L: 24/107 MS: 2 EraseBytes-Custom-
#29361	REDUCE cov: 81 ft: 281 corp: 59/758b lim: 149 exec/s: 29361 rss: 1078Mb L: 119/119 MS: 4 ChangeByte-Custom-InsertRepeatedBytes-Custom-
#29937	REDUCE cov: 81 ft: 281 corp: 59/710b lim: 149 exec/s: 29937 rss: 1078Mb L: 71/107 MS: 2 CrossOver-Custom-
#34307	REDUCE cov: 81 ft: 283 corp: 60/849b lim: 191 exec/s: 34307 rss: 1084Mb L: 139/139 MS: 10 PersAutoDict-Custom-CopyPart-Custom-CrossOver-Custom-CrossOver-Custom-CrossOver-Custom- DE: "\377\377"-
#34351	REDUCE cov: 81 ft: 283 corp: 60/843b lim: 191 exec/s: 34351 rss: 1084Mb L: 133/133 MS: 8 PersAutoDict-Custom-ShuffleBytes-Custom-InsertByte-Custom-EraseBytes-Custom- DE: "\377\377\377\020"-
#35575	REDUCE cov: 81 ft: 285 corp: 61/1014b lim: 198 exec/s: 35575 rss: 1084Mb L: 171/171 MS: 8 ChangeByte-Custom-ChangeByte-Custom-InsertRepeatedBytes-Custom-PersAutoDict-Custom- DE: "\377\377\377\020"-
#36056	REDUCE cov: 81 ft: 285 corp: 61/1013b lim: 198 exec/s: 36056 rss: 1084Mb L: 8/171 MS: 2 EraseBytes-Custom-
#39430	REDUCE cov: 81 ft: 287 corp: 62/1233b lim: 226 exec/s: 39430 rss: 1084Mb L: 220/220 MS: 8 InsertRepeatedBytes-Custom-PersAutoDict-Custom-CMP-Custom-CopyPart-Custom- DE: "\026\000"-"\000\000\000\000"-
#39878	REDUCE cov: 81 ft: 287 corp: 62/1225b lim: 226 exec/s: 39878 rss: 1084Mb L: 212/212 MS: 6 ChangeBinInt-Custom-EraseBytes-Custom-InsertRepeatedBytes-Custom-
#41835	REDUCE cov: 81 ft: 287 corp: 62/1224b lim: 240 exec/s: 41835 rss: 1084Mb L: 72/212 MS: 4 ShuffleBytes-Custom-EraseBytes-Custom-
#42035	REDUCE cov: 81 ft: 287 corp: 62/1223b lim: 240 exec/s: 42035 rss: 1084Mb L: 37/212 MS: 10 EraseBytes-Custom-InsertByte-Custom-ChangeBinInt-Custom-CopyPart-Custom-CrossOver-Custom-
#42285	REDUCE cov: 81 ft: 287 corp: 62/1221b lim: 240 exec/s: 42285 rss: 1084Mb L: 10/212 MS: 10 EraseBytes-Custom-CopyPart-Custom-CopyPart-Custom-ChangeBinInt-Custom-ShuffleBytes-Custom-
#42334	REDUCE cov: 81 ft: 287 corp: 62/1211b lim: 240 exec/s: 42334 rss: 1084Mb L: 123/212 MS: 8 ChangeBinInt-Custom-ChangeByte-Custom-CrossOver-Custom-EraseBytes-Custom-
#43486	REDUCE cov: 81 ft: 287 corp: 62/1180b lim: 247 exec/s: 43486 rss: 1084Mb L: 40/212 MS: 4 CrossOver-Custom-EraseBytes-Custom-
#43577	REDUCE cov: 81 ft: 287 corp: 62/1177b lim: 247 exec/s: 43577 rss: 1084Mb L: 209/209 MS: 2 CrossOver-Custom-
#45239	REDUCE cov: 81 ft: 287 corp: 62/1172b lim: 261 exec/s: 45239 rss: 1084Mb L: 118/209 MS: 4 PersAutoDict-Custom-EraseBytes-Custom- DE: "\000\000\000\000"-
#46059	REDUCE cov: 81 ft: 287 corp: 62/1168b lim: 269 exec/s: 46059 rss: 1084Mb L: 68/209 MS: 10 EraseBytes-Custom-CopyPart-Custom-CopyPart-Custom-PersAutoDict-Custom-EraseBytes-Custom- DE: "\377\377\377\020"-
#46244	REDUCE cov: 81 ft: 289 corp: 63/1316b lim: 269 exec/s: 46244 rss: 1084Mb L: 148/209 MS: 10 CrossOver-Custom-ChangeBit-Custom-ChangeBinInt-Custom-PersAutoDict-Custom-InsertRepeatedBytes-Custom- DE: "\026\000"-
#46746	REDUCE cov: 81 ft: 289 corp: 63/1265b lim: 269 exec/s: 46746 rss: 1084Mb L: 97/209 MS: 4 InsertByte-Custom-EraseBytes-Custom-
#46749	REDUCE cov: 81 ft: 289 corp: 63/1209b lim: 269 exec/s: 46749 rss: 1084Mb L: 115/209 MS: 6 CMP-Custom-ChangeBit-Custom-EraseBytes-Custom- DE: "\377\377\377\377\377\377\377\377"-
#48505	REDUCE cov: 81 ft: 289 corp: 63/1200b lim: 285 exec/s: 48505 rss: 1084Mb L: 88/209 MS: 2 EraseBytes-Custom-
#49331	REDUCE cov: 81 ft: 289 corp: 63/1199b lim: 293 exec/s: 49331 rss: 1084Mb L: 11/209 MS: 2 EraseBytes-Custom-
#49734	REDUCE cov: 81 ft: 289 corp: 63/1198b lim: 293 exec/s: 49734 rss: 1084Mb L: 23/209 MS: 6 EraseBytes-Custom-ShuffleBytes-Custom-InsertByte-Custom-
#49823	REDUCE cov: 81 ft: 289 corp: 63/1161b lim: 293 exec/s: 49823 rss: 1084Mb L: 51/209 MS: 8 EraseBytes-Custom-ShuffleBytes-Custom-ChangeBinInt-Custom-ChangeByte-Custom-
#50144	REDUCE cov: 81 ft: 289 corp: 63/1154b lim: 293 exec/s: 50144 rss: 1084Mb L: 111/209 MS: 2 EraseBytes-Custom-
#51890	REDUCE cov: 81 ft: 289 corp: 63/1153b lim: 309 exec/s: 51890 rss: 1084Mb L: 7/209 MS: 2 EraseBytes-Custom-
#55728	REDUCE cov: 81 ft: 291 corp: 64/1381b lim: 341 exec/s: 27864 rss: 1084Mb L: 228/228 MS: 6 InsertRepeatedBytes-Custom-CrossOver-Custom-CopyPart-Custom-
#57401	REDUCE cov: 81 ft: 291 corp: 64/1378b lim: 357 exec/s: 28700 rss: 1084Mb L: 48/228 MS: 6 ChangeByte-Custom-ChangeBit-Custom-EraseBytes-Custom-
#58213	REDUCE cov: 81 ft: 291 corp: 64/1329b lim: 365 exec/s: 29106 rss: 1084Mb L: 66/228 MS: 4 EraseBytes-Custom-ChangeBinInt-Custom-
#63550	REDUCE cov: 81 ft: 291 corp: 64/1328b lim: 413 exec/s: 31775 rss: 1084Mb L: 227/227 MS: 4 ChangeBinInt-Custom-EraseBytes-Custom-
#63928	REDUCE cov: 81 ft: 291 corp: 64/1321b lim: 413 exec/s: 31964 rss: 1084Mb L: 59/227 MS: 6 ChangeByte-Custom-InsertByte-Custom-EraseBytes-Custom-
#65536	pulse  cov: 81 ft: 291 corp: 64/1321b lim: 421 exec/s: 32768 rss: 1084Mb
#66054	REDUCE cov: 81 ft: 291 corp: 64/1320b lim: 429 exec/s: 33027 rss: 1084Mb L: 39/227 MS: 2 EraseBytes-Custom-
#67936	REDUCE cov: 81 ft: 291 corp: 64/1317b lim: 445 exec/s: 33968 rss: 1084Mb L: 36/227 MS: 4 CopyPart-Custom-EraseBytes-Custom-
#68264	REDUCE cov: 81 ft: 291 corp: 64/1310b lim: 445 exec/s: 34132 rss: 1084Mb L: 202/227 MS: 6 PersAutoDict-Custom-EraseBytes-Custom-PersAutoDict-Custom- DE: "\000\000\000\000"-"\000\000\000\000"-
#78798	REDUCE cov: 81 ft: 291 corp: 64/1309b lim: 544 exec/s: 39399 rss: 1084Mb L: 110/227 MS: 8 CMP-Custom-CopyPart-Custom-EraseBytes-Custom-CopyPart-Custom- DE: "\001\012"-
#81468	REDUCE cov: 81 ft: 291 corp: 64/1306b lim: 562 exec/s: 40734 rss: 1084Mb L: 56/227 MS: 10 ShuffleBytes-Custom-CMP-Custom-ChangeByte-Custom-EraseBytes-Custom-ChangeBinInt-Custom- DE: "\002\000"-
#87379	REDUCE cov: 81 ft: 291 corp: 64/1305b lim: 616 exec/s: 43689 rss: 1084Mb L: 22/227 MS: 2 EraseBytes-Custom-
#88069	REDUCE cov: 81 ft: 291 corp: 64/1304b lim: 616 exec/s: 44034 rss: 1084Mb L: 40/227 MS: 10 InsertByte-Custom-InsertByte-Custom-ShuffleBytes-Custom-ChangeBit-Custom-EraseBytes-Custom-
#90660	REDUCE cov: 81 ft: 291 corp: 64/1303b lim: 634 exec/s: 45330 rss: 1084Mb L: 55/227 MS: 2 EraseBytes-Custom-
#93291	REDUCE cov: 81 ft: 291 corp: 64/1302b lim: 652 exec/s: 46645 rss: 1084Mb L: 10/227 MS: 2 EraseBytes-Custom-
#95825	REDUCE cov: 81 ft: 291 corp: 64/1199b lim: 670 exec/s: 47912 rss: 1084Mb L: 124/202 MS: 8 CopyPart-Custom-PersAutoDict-Custom-CrossOver-Custom-CrossOver-Custom- DE: "\377\377"-
#97397	REDUCE cov: 81 ft: 291 corp: 64/1193b lim: 679 exec/s: 48698 rss: 1084Mb L: 30/202 MS: 4 InsertByte-Custom-EraseBytes-Custom-
#97415	REDUCE cov: 81 ft: 291 corp: 64/1186b lim: 679 exec/s: 48707 rss: 1084Mb L: 23/202 MS: 6 InsertByte-Custom-ShuffleBytes-Custom-EraseBytes-Custom-
#99036	REDUCE cov: 81 ft: 291 corp: 64/1185b lim: 688 exec/s: 49518 rss: 1084Mb L: 47/202 MS: 2 EraseBytes-Custom-
#100816	REDUCE cov: 81 ft: 291 corp: 64/1171b lim: 697 exec/s: 50408 rss: 1084Mb L: 96/202 MS: 10 CopyPart-Custom-InsertByte-Custom-ChangeBit-Custom-EraseBytes-Custom-CrossOver-Custom-
#100873	REDUCE cov: 81 ft: 298 corp: 65/1759b lim: 697 exec/s: 50436 rss: 1084Mb L: 588/588 MS: 4 InsertRepeatedBytes-Custom-CopyPart-Custom-
#101262	REDUCE cov: 81 ft: 298 corp: 65/1639b lim: 697 exec/s: 50631 rss: 1084Mb L: 468/468 MS: 8 PersAutoDict-Custom-ChangeByte-Custom-CopyPart-Custom-EraseBytes-Custom- DE: "\377\377\377\377\377\377\377\377"-
#101353	REDUCE cov: 81 ft: 298 corp: 65/1635b lim: 697 exec/s: 50676 rss: 1084Mb L: 92/468 MS: 2 EraseBytes-Custom-
#102504	REDUCE cov: 81 ft: 298 corp: 65/1629b lim: 706 exec/s: 51252 rss: 1084Mb L: 17/468 MS: 2 EraseBytes-Custom-
#104511	REDUCE cov: 81 ft: 298 corp: 65/1568b lim: 724 exec/s: 52255 rss: 1084Mb L: 407/407 MS: 4 EraseBytes-Custom-CrossOver-Custom-
#105357	REDUCE cov: 81 ft: 298 corp: 65/1567b lim: 724 exec/s: 52678 rss: 1084Mb L: 123/407 MS: 2 EraseBytes-Custom-
#106128	REDUCE cov: 81 ft: 298 corp: 65/1563b lim: 724 exec/s: 53064 rss: 1084Mb L: 13/407 MS: 2 EraseBytes-Custom-
#106230	REDUCE cov: 81 ft: 298 corp: 65/1559b lim: 724 exec/s: 53115 rss: 1084Mb L: 88/407 MS: 4 ChangeBinInt-Custom-EraseBytes-Custom-
#107419	REDUCE cov: 81 ft: 298 corp: 65/1557b lim: 733 exec/s: 53709 rss: 1084Mb L: 200/407 MS: 8 ChangeBit-Custom-EraseBytes-Custom-ShuffleBytes-Custom-CrossOver-Custom-
#107559	REDUCE cov: 81 ft: 298 corp: 65/1539b lim: 733 exec/s: 53779 rss: 1084Mb L: 182/407 MS: 10 ChangeBinInt-Custom-CopyPart-Custom-CopyPart-Custom-InsertRepeatedBytes-Custom-EraseBytes-Custom-
#109620	REDUCE cov: 81 ft: 298 corp: 65/1535b lim: 751 exec/s: 36540 rss: 1084Mb L: 9/407 MS: 2 EraseBytes-Custom-
#116460	REDUCE cov: 81 ft: 298 corp: 65/1533b lim: 814 exec/s: 38820 rss: 1084Mb L: 53/407 MS: 10 EraseBytes-Custom-CrossOver-Custom-ChangeBit-Custom-PersAutoDict-Custom-ChangeByte-Custom- DE: "\377\377"-
#119344	REDUCE cov: 81 ft: 298 corp: 65/1532b lim: 841 exec/s: 39781 rss: 1084Mb L: 67/407 MS: 8 InsertRepeatedBytes-Custom-EraseBytes-Custom-ChangeBit-Custom-EraseBytes-Custom-
#119635	REDUCE cov: 81 ft: 298 corp: 65/1530b lim: 841 exec/s: 39878 rss: 1084Mb L: 86/407 MS: 2 EraseBytes-Custom-
#125352	REDUCE cov: 81 ft: 298 corp: 65/1529b lim: 895 exec/s: 41784 rss: 1084Mb L: 71/407 MS: 4 ChangeByte-Custom-EraseBytes-Custom-
#126146	REDUCE cov: 81 ft: 298 corp: 65/1528b lim: 895 exec/s: 42048 rss: 1084Mb L: 66/407 MS: 8 ChangeByte-Custom-PersAutoDict-Custom-InsertByte-Custom-EraseBytes-Custom- DE: "\026\000"-
#126332	REDUCE cov: 81 ft: 298 corp: 65/1527b lim: 895 exec/s: 42110 rss: 1084Mb L: 181/407 MS: 2 EraseBytes-Custom-
#129102	REDUCE cov: 81 ft: 298 corp: 65/1526b lim: 922 exec/s: 43034 rss: 1084Mb L: 85/407 MS: 10 InsertByte-Custom-PersAutoDict-Custom-InsertByte-Custom-PersAutoDict-Custom-EraseBytes-Custom- DE: "\377\377\377\020"-"\002\000"-
#131072	pulse  cov: 81 ft: 298 corp: 65/1526b lim: 940 exec/s: 43690 rss: 1084Mb
#133265	REDUCE cov: 81 ft: 298 corp: 65/1525b lim: 958 exec/s: 44421 rss: 1084Mb L: 8/407 MS: 6 CrossOver-Custom-CopyPart-Custom-EraseBytes-Custom-
#134224	REDUCE cov: 81 ft: 300 corp: 66/1773b lim: 967 exec/s: 44741 rss: 1084Mb L: 248/407 MS: 8 ChangeASCIIInt-Custom-ChangeByte-Custom-CopyPart-Custom-InsertRepeatedBytes-Custom-
#136949	REDUCE cov: 81 ft: 300 corp: 66/1771b lim: 994 exec/s: 45649 rss: 1084Mb L: 246/407 MS: 10 ChangeBit-Custom-InsertRepeatedBytes-Custom-EraseBytes-Custom-PersAutoDict-Custom-CopyPart-Custom- DE: "\000\000\000\000"-
#140666	REDUCE cov: 81 ft: 300 corp: 66/1766b lim: 1030 exec/s: 46888 rss: 1084Mb L: 80/407 MS: 4 CopyPart-Custom-EraseBytes-Custom-
#143160	REDUCE cov: 81 ft: 300 corp: 66/1765b lim: 1050 exec/s: 47720 rss: 1084Mb L: 10/407 MS: 8 CopyPart-Custom-EraseBytes-Custom-ShuffleBytes-Custom-ChangeBit-Custom-
#149650	REDUCE cov: 81 ft: 300 corp: 66/1752b lim: 1110 exec/s: 49883 rss: 1084Mb L: 67/407 MS: 10 ChangeByte-Custom-CrossOver-Custom-InsertByte-Custom-InsertByte-Custom-EraseBytes-Custom-
#150400	REDUCE cov: 81 ft: 300 corp: 66/1716b lim: 1110 exec/s: 50133 rss: 1084Mb L: 31/407 MS: 10 ChangeBit-Custom-CrossOver-Custom-EraseBytes-Custom-EraseBytes-Custom-CopyPart-Custom-
#151264	REDUCE cov: 81 ft: 300 corp: 66/1715b lim: 1110 exec/s: 50421 rss: 1084Mb L: 39/407 MS: 8 ChangeByte-Custom-EraseBytes-Custom-ChangeBit-Custom-PersAutoDict-Custom- DE: "\001\012"-
#151821	REDUCE cov: 81 ft: 300 corp: 66/1700b lim: 1110 exec/s: 50607 rss: 1084Mb L: 32/407 MS: 4 CrossOver-Custom-EraseBytes-Custom-
#152049	REDUCE cov: 81 ft: 300 corp: 66/1697b lim: 1110 exec/s: 50683 rss: 1084Mb L: 29/407 MS: 6 ChangeBinInt-Custom-CopyPart-Custom-EraseBytes-Custom-
#154125	REDUCE cov: 81 ft: 300 corp: 66/1696b lim: 1130 exec/s: 51375 rss: 1084Mb L: 28/407 MS: 2 EraseBytes-Custom-
#154153	REDUCE cov: 81 ft: 300 corp: 66/1690b lim: 1130 exec/s: 51384 rss: 1084Mb L: 22/407 MS: 6 ShuffleBytes-Custom-ChangeBinInt-Custom-EraseBytes-Custom-
#156159	REDUCE cov: 81 ft: 300 corp: 66/1680b lim: 1140 exec/s: 52053 rss: 1084Mb L: 12/407 MS: 2 EraseBytes-Custom-
#158118	REDUCE cov: 81 ft: 300 corp: 66/1678b lim: 1150 exec/s: 52706 rss: 1084Mb L: 29/407 MS: 8 InsertByte-Custom-PersAutoDict-Custom-CopyPart-Custom-EraseBytes-Custom- DE: "\377\377\377\020"-
#162540	REDUCE cov: 81 ft: 300 corp: 66/1677b lim: 1190 exec/s: 54180 rss: 1084Mb L: 52/407 MS: 4 CopyPart-Custom-EraseBytes-Custom-
#164053	REDUCE cov: 81 ft: 300 corp: 66/1676b lim: 1200 exec/s: 54684 rss: 1084Mb L: 122/407 MS: 6 CrossOver-Custom-ChangeBinInt-Custom-EraseBytes-Custom-
#167174	REDUCE cov: 81 ft: 300 corp: 66/1674b lim: 1230 exec/s: 55724 rss: 1084Mb L: 10/407 MS: 2 EraseBytes-Custom-
#168655	REDUCE cov: 81 ft: 300 corp: 66/1672b lim: 1240 exec/s: 56218 rss: 1084Mb L: 8/407 MS: 2 EraseBytes-Custom-
#173252	REDUCE cov: 81 ft: 300 corp: 66/1671b lim: 1280 exec/s: 57750 rss: 1084Mb L: 28/407 MS: 4 ChangeByte-Custom-EraseBytes-Custom-
#176887	REDUCE cov: 81 ft: 300 corp: 66/1655b lim: 1310 exec/s: 58962 rss: 1084Mb L: 91/407 MS: 10 ChangeByte-Custom-PersAutoDict-Custom-CrossOver-Custom-CrossOver-Custom-EraseBytes-Custom- DE: "\377\377\377\020"-
#179301	REDUCE cov: 81 ft: 300 corp: 66/1653b lim: 1330 exec/s: 59767 rss: 1084Mb L: 26/407 MS: 8 CopyPart-Custom-EraseBytes-Custom-ChangeBinInt-Custom-CrossOver-Custom-
#184079	REDUCE cov: 81 ft: 300 corp: 66/1639b lim: 1370 exec/s: 61359 rss: 1084Mb L: 77/407 MS: 6 ChangeByte-Custom-CopyPart-Custom-EraseBytes-Custom-
#187689	DONE   cov: 81 ft: 300 corp: 66/1639b lim: 1400 exec/s: 46922 rss: 1084Mb
###### Recommended dictionary. ######
"\377\377\377\020" # Uses: 3121
"\377\377" # Uses: 3455
"\026\000" # Uses: 3402
"\000\000\000\000" # Uses: 2042
"\377\377\377\377\377\377\377\377" # Uses: 1662
"\001\012" # Uses: 1474
"\002\000" # Uses: 1414
###### End of recommended dictionary. ######
Done 187689 runs in 4 second(s)
[INFO] Tests run: 2, Failures: 0, Errors: 0, Skipped: 0, Time elapsed: 24.23 s -- in com.example.algorithm2.Algorithm2Test
[INFO] 
[INFO] Results:
[INFO] 
[INFO] Tests run: 2, Failures: 0, Errors: 0, Skipped: 0
[INFO] 
[INFO] 
[INFO] --- jacoco:0.8.11:report (default-cli) @ AlgorithmName2 ---
[INFO] Loading execution data file /tmp/bugrun/cli_11.mpoMXM/target/jacoco.exec
[INFO] Analyzed bundle 'AlgorithmName2' with 21 classes
[INFO] ------------------------------------------------------------------------
[INFO] BUILD SUCCESS
[INFO] ------------------------------------------------------------------------
[INFO] Total time:  42.153 s
[INFO] Finished at: 2026-10-06T03:27:55+07:00
[INFO] ------------------------------------------------------------------------
