[INFO] Scanning for projects...
[INFO] 
[INFO] ---------------------< com.example:AlgorithmName2 >---------------------
[INFO] Building AlgorithmName2 1.0-SNAPSHOT
[INFO]   from pom.xml
[INFO] --------------------------------[ jar ]---------------------------------
[INFO] 
[INFO] --- jacoco:0.8.11:prepare-agent (default) @ AlgorithmName2 ---
[INFO] argLine set to -javaagent:/home/kanyaphak673380391-3/.m2/repository/org/jacoco/org.jacoco.agent/0.8.11/org.jacoco.agent-0.8.11-runtime.jar=destfile=/tmp/bugrun/collections_21.MyrDUm/target/jacoco.exec
[INFO] 
[INFO] --- resources:3.4.0:resources (default-resources) @ AlgorithmName2 ---
[INFO] Copying 1 resource from src/main/resources to target/classes
[INFO] 
[INFO] --- compiler:3.15.0:compile (default-compile) @ AlgorithmName2 ---
[INFO] Recompiling the module because of changed source code.
[INFO] Compiling 1 source file with javac [debug target 1.8] to target/classes
[WARNING] bootstrap class path not set in conjunction with -source 8
[INFO] 
[INFO] --- dependency:3.6.0:unpack-dependencies (unpack-defects4j) @ AlgorithmName2 ---
[INFO] 
[INFO] --- resources:3.4.0:testResources (default-testResources) @ AlgorithmName2 ---
[INFO] skip non existing resourceDirectory /tmp/bugrun/collections_21.MyrDUm/src/test/resources
[INFO] 
[INFO] --- compiler:3.15.0:testCompile (default-testCompile) @ AlgorithmName2 ---
[INFO] Recompiling the module because of changed dependency.
[INFO] Compiling 1 source file with javac [debug target 1.8] to target/test-classes
[WARNING] bootstrap class path not set in conjunction with -source 8
[INFO] 
[INFO] --- surefire:3.1.2:test (default-cli) @ AlgorithmName2 ---
[INFO] Using auto detected provider org.apache.maven.surefire.junitplatform.JUnitPlatformProvider
[INFO] 
[INFO] -------------------------------------------------------
[INFO]  T E S T S
[INFO] -------------------------------------------------------
[INFO] Running com.example.algorithm2.Algorithm2Test
OpenJDK 64-Bit Server VM warning: Sharing is only supported for boot loader classes because bootstrap classpath has been appended
INFO: Loaded 446 hooks from com.code_intelligence.jazzer.runtime.TraceCmpHooks
INFO: Loaded 5 hooks from com.code_intelligence.jazzer.runtime.TraceDivHooks
INFO: Loaded 2 hooks from com.code_intelligence.jazzer.runtime.TraceIndirHooks
INFO: Loaded 4 hooks from com.code_intelligence.jazzer.runtime.NativeLibHooks
INFO: Loaded 2 hooks from com.code_intelligence.jazzer.sanitizers.ClojureLangHooks
INFO: Loaded 5 hooks from com.code_intelligence.jazzer.sanitizers.Deserialization
INFO: Loaded 5 hooks from com.code_intelligence.jazzer.sanitizers.ExpressionLanguageInjection
INFO: Loaded 70 hooks from com.code_intelligence.jazzer.sanitizers.LdapInjection
INFO: Loaded 46 hooks from com.code_intelligence.jazzer.sanitizers.NamingContextLookup
INFO: Loaded 1 hooks from com.code_intelligence.jazzer.sanitizers.OsCommandInjection
INFO: Loaded 52 hooks from com.code_intelligence.jazzer.sanitizers.ReflectiveCall
INFO: Loaded 8 hooks from com.code_intelligence.jazzer.sanitizers.RegexInjection
INFO: Loaded 16 hooks from com.code_intelligence.jazzer.sanitizers.RegexRoadblocks
INFO: Loaded 18 hooks from com.code_intelligence.jazzer.sanitizers.ScriptEngineInjection
INFO: Loaded 2 hooks from com.code_intelligence.jazzer.sanitizers.ServerSideRequestForgery
INFO: Loaded 19 hooks from com.code_intelligence.jazzer.sanitizers.SqlInjection
INFO: Loaded 6 hooks from com.code_intelligence.jazzer.sanitizers.XPathInjection
INFO: Instrumented com.example.algorithm2.Algorithm2Test$Skip (took 437 ms, size +44%)
INFO: Instrumented com.example.algorithm2.Algorithm2Test (took 214 ms, size +27%)
INFO: Instrumented org.apache.commons.collections4.ListUtils (took 233 ms, size +14%)
INFO: Instrumented org.apache.commons.collections4.Predicate (took 2 ms, size +0%)
INFO: Instrumented org.apache.commons.collections4.Transformer (took 0 ms, size +0%)
INFO: Instrumented org.apache.commons.collections4.Factory (took 0 ms, size +0%)
[harness] target=org.apache.commons.collections4.ListUtils factories=1 methods=20
INFO: Instrumented org.apache.commons.collections4.bag.HashBag (took 31 ms, size +21%)
INFO: Instrumented org.apache.commons.collections4.Bag (took 0 ms, size +0%)
INFO: New number of coverage counters: 1024
INFO: Instrumented org.apache.commons.collections4.bag.AbstractMapBag (took 147 ms, size +21%)
INFO: found LLVMFuzzerCustomMutator (0x72be6c369cd0). Disabling -len_control by default.
INFO: Running with entropic power schedule (0xFF, 100).
INFO: Seed: 3485592583
INFO: using inputs from: /tmp/bugrun/collections_21.MyrDUm/.cifuzz-corpus/com.example.algorithm2.Algorithm2Test/testParameterizedFuzzer
INFO: using inputs from: /tmp/jazzer-java-seeds11971444542332334700
INFO: Loaded 2 modules   (1024 inline 8-bit counters): 512 [0x72bed4bde9c0, 0x72bed4bdebc0), 512 [0x72bed4bdebc0, 0x72bed4bdedc0), 
INFO: Loaded 2 PC tables (1024 PCs): 512 [0x72bed4b7e630,0x72bed4b80630), 512 [0x72bed44c1370,0x72bed44c3370), 
INFO:        0 files found in /tmp/bugrun/collections_21.MyrDUm/.cifuzz-corpus/com.example.algorithm2.Algorithm2Test/testParameterizedFuzzer
INFO:        0 files found in /tmp/jazzer-java-seeds11971444542332334700
INFO: -max_len is not provided; libFuzzer will not generate inputs larger than 4096 bytes
INFO: A corpus is not provided, starting from an empty corpus
INFO: New number of coverage counters: 2048
#2	INITED cov: 74 ft: 74 corp: 1/1b exec/s: 0 rss: 875Mb
#3	NEW    cov: 74 ft: 75 corp: 2/2b lim: 4 exec/s: 0 rss: 875Mb L: 1/1 MS: 2 ShuffleBytes-Custom-
INFO: Instrumented org.apache.commons.collections4.CollectionUtils (took 347 ms, size +14%)
INFO: Instrumented org.apache.commons.collections4.collection.UnmodifiableCollection (took 10 ms, size +21%)
INFO: Instrumented org.apache.commons.collections4.Unmodifiable (took 1 ms, size +0%)
INFO: Instrumented org.apache.commons.collections4.collection.AbstractCollectionDecorator (took 37 ms, size +19%)
INFO: Instrumented org.apache.commons.collections4.list.UnmodifiableList (took 27 ms, size +16%)
INFO: Instrumented org.apache.commons.collections4.list.AbstractSerializableListDecorator (took 4 ms, size +32%)
#4	NEW    cov: 91 ft: 96 corp: 3/3b lim: 4 exec/s: 0 rss: 875Mb L: 1/1 MS: 2 ChangeByte-Custom-
#5	NEW    cov: 91 ft: 123 corp: 4/4b lim: 4 exec/s: 0 rss: 875Mb L: 1/1 MS: 2 ChangeByte-Custom-
#6	NEW    cov: 93 ft: 126 corp: 5/5b lim: 4 exec/s: 0 rss: 875Mb L: 1/1 MS: 2 ShuffleBytes-Custom-
#7	NEW    cov: 98 ft: 132 corp: 6/6b lim: 4 exec/s: 0 rss: 875Mb L: 1/1 MS: 2 ChangeBit-Custom-
#8	NEW    cov: 107 ft: 141 corp: 7/7b lim: 4 exec/s: 0 rss: 875Mb L: 1/1 MS: 2 ChangeBit-Custom-
#9	NEW    cov: 113 ft: 147 corp: 8/8b lim: 4 exec/s: 0 rss: 875Mb L: 1/1 MS: 2 ChangeByte-Custom-
#11	NEW    cov: 119 ft: 153 corp: 9/10b lim: 4 exec/s: 0 rss: 875Mb L: 2/2 MS: 4 CopyPart-Custom-CrossOver-Custom-
#12	NEW    cov: 119 ft: 154 corp: 10/11b lim: 4 exec/s: 0 rss: 875Mb L: 1/2 MS: 2 ShuffleBytes-Custom-
#13	NEW    cov: 123 ft: 158 corp: 11/13b lim: 4 exec/s: 0 rss: 875Mb L: 2/2 MS: 2 InsertByte-Custom-
INFO: Instrumented org.apache.commons.collections4.list.AbstractListDecorator (took 25 ms, size +16%)
INFO: Instrumented org.apache.commons.collections4.list.FixedSizeList (took 35 ms, size +12%)
INFO: Instrumented org.apache.commons.collections4.BoundedCollection (took 0 ms, size +0%)
#15	NEW    cov: 132 ft: 167 corp: 12/15b lim: 4 exec/s: 0 rss: 875Mb L: 2/2 MS: 4 ShuffleBytes-Custom-ChangeByte-Custom-
#16	NEW    cov: 137 ft: 172 corp: 13/16b lim: 4 exec/s: 0 rss: 875Mb L: 1/2 MS: 2 ChangeByte-Custom-
#17	NEW    cov: 141 ft: 176 corp: 14/18b lim: 4 exec/s: 0 rss: 875Mb L: 2/2 MS: 2 CrossOver-Custom-
#18	NEW    cov: 141 ft: 183 corp: 15/21b lim: 4 exec/s: 0 rss: 875Mb L: 3/3 MS: 2 CrossOver-Custom-
#21	NEW    cov: 147 ft: 189 corp: 16/25b lim: 4 exec/s: 0 rss: 875Mb L: 4/4 MS: 6 InsertByte-Custom-ChangeByte-Custom-InsertByte-Custom-
#23	NEW    cov: 151 ft: 193 corp: 17/26b lim: 4 exec/s: 0 rss: 875Mb L: 1/4 MS: 4 CopyPart-Custom-ChangeByte-Custom-
#24	NEW    cov: 155 ft: 197 corp: 18/28b lim: 4 exec/s: 0 rss: 875Mb L: 2/4 MS: 2 CrossOver-Custom-
#26	NEW    cov: 157 ft: 199 corp: 19/29b lim: 4 exec/s: 0 rss: 875Mb L: 1/4 MS: 4 ChangeByte-Custom-ChangeBit-Custom-
#27	NEW    cov: 169 ft: 211 corp: 20/31b lim: 4 exec/s: 0 rss: 875Mb L: 2/4 MS: 2 CopyPart-Custom-
#29	NEW    cov: 171 ft: 213 corp: 21/34b lim: 4 exec/s: 0 rss: 875Mb L: 3/4 MS: 4 CrossOver-Custom-ChangeBit-Custom-
#33	NEW    cov: 171 ft: 217 corp: 22/36b lim: 4 exec/s: 0 rss: 875Mb L: 2/4 MS: 8 CopyPart-Custom-ChangeByte-Custom-ChangeByte-Custom-InsertByte-Custom-
#37	NEW    cov: 174 ft: 220 corp: 23/37b lim: 4 exec/s: 0 rss: 875Mb L: 1/4 MS: 8 CrossOver-Custom-CopyPart-Custom-ChangeBit-Custom-ChangeByte-Custom-
#40	NEW    cov: 178 ft: 224 corp: 24/38b lim: 4 exec/s: 0 rss: 875Mb L: 1/4 MS: 6 CopyPart-Custom-CopyPart-Custom-ChangeByte-Custom-
#41	NEW    cov: 178 ft: 230 corp: 25/42b lim: 4 exec/s: 0 rss: 875Mb L: 4/4 MS: 2 ShuffleBytes-Custom-
#60	NEW    cov: 178 ft: 250 corp: 26/45b lim: 4 exec/s: 0 rss: 875Mb L: 3/4 MS: 8 CrossOver-Custom-CopyPart-Custom-CrossOver-Custom-CrossOver-Custom-
#66	NEW    cov: 178 ft: 254 corp: 27/47b lim: 4 exec/s: 0 rss: 875Mb L: 2/4 MS: 2 ChangeBinInt-Custom-
#73	NEW    cov: 181 ft: 257 corp: 28/50b lim: 4 exec/s: 0 rss: 875Mb L: 3/4 MS: 4 ShuffleBytes-Custom-InsertByte-Custom-
#74	NEW    cov: 187 ft: 263 corp: 29/51b lim: 4 exec/s: 0 rss: 875Mb L: 1/4 MS: 2 ChangeByte-Custom-
#75	NEW    cov: 187 ft: 266 corp: 30/53b lim: 4 exec/s: 0 rss: 875Mb L: 2/4 MS: 2 CopyPart-Custom-
INFO: Instrumented org.apache.commons.collections4.list.LazyList (took 7 ms, size +21%)
INFO: Instrumented org.apache.commons.collections4.list.TransformedList (took 31 ms, size +15%)
#87	NEW    cov: 200 ft: 279 corp: 31/55b lim: 4 exec/s: 0 rss: 875Mb L: 2/4 MS: 4 CopyPart-Custom-InsertByte-Custom-
#90	REDUCE cov: 200 ft: 279 corp: 31/54b lim: 4 exec/s: 0 rss: 875Mb L: 3/4 MS: 6 CrossOver-Custom-EraseBytes-Custom-ChangeByte-Custom-
#116	REDUCE cov: 215 ft: 294 corp: 32/58b lim: 4 exec/s: 0 rss: 875Mb L: 4/4 MS: 2 CopyPart-Custom-
#117	NEW    cov: 215 ft: 298 corp: 33/60b lim: 4 exec/s: 0 rss: 875Mb L: 2/4 MS: 2 InsertByte-Custom-
INFO: Instrumented org.apache.commons.collections4.collection.TransformedCollection (took 42 ms, size +17%)
INFO: Instrumented org.apache.commons.collections4.bag.AbstractMapBag$MutableInteger (took 11 ms, size +52%)
#129	NEW    cov: 230 ft: 313 corp: 34/61b lim: 4 exec/s: 0 rss: 875Mb L: 1/4 MS: 4 ChangeBit-Custom-ChangeByte-Custom-
#130	NEW    cov: 230 ft: 325 corp: 35/63b lim: 4 exec/s: 0 rss: 875Mb L: 2/4 MS: 2 InsertByte-Custom-
MS: 2 InsertByte-Custom-; base unit: 1a7c3db225d500e9533069e3f64969705e978a92
0x2b,0xb,0x5d,
+\013]
artifact_prefix='/tmp/bugrun/collections_21.MyrDUm/'; Test unit written to /tmp/bugrun/collections_21.MyrDUm/crash-e1c126c9508b3b97e89c53fac2032d1d632288a2
Base64: Kwtd
Done 136 runs in 0 second(s)
INFO: Instrumented org.apache.commons.collections4.list.PredicatedList (took 33 ms, size +15%)
INFO: Instrumented org.apache.commons.collections4.collection.PredicatedCollection (took 6 ms, size +18%)
DEDUP_TOKEN: 1f680fe97773cb61
[ERROR] Tests run: 2, Failures: 0, Errors: 1, Skipped: 0, Time elapsed: 10.68 s <<< FAILURE! -- in com.example.algorithm2.Algorithm2Test
[ERROR] com.example.algorithm2.Algorithm2Test.testParameterizedFuzzer(FuzzedDataProvider)[2] -- Time elapsed: 1.265 s <<< ERROR!
java.lang.IllegalArgumentException: Cannot add Object '' - Predicate 'proxy:Predicate' rejected it
	at org.apache.commons.collections4.collection.PredicatedCollection.validate(PredicatedCollection.java:100)
	at org.apache.commons.collections4.collection.PredicatedCollection.<init>(PredicatedCollection.java:85)
	at org.apache.commons.collections4.list.PredicatedList.<init>(PredicatedList.java:78)
	at org.apache.commons.collections4.list.PredicatedList.predicatedList(PredicatedList.java:62)
	at org.apache.commons.collections4.ListUtils.predicatedList(ListUtils.java:415)
	at java.base/jdk.internal.reflect.NativeMethodAccessorImpl.invoke0(Native Method)
	at java.base/jdk.internal.reflect.NativeMethodAccessorImpl.invoke(NativeMethodAccessorImpl.java:62)
	at java.base/jdk.internal.reflect.DelegatingMethodAccessorImpl.invoke(DelegatingMethodAccessorImpl.java:43)
	at java.base/java.lang.reflect.Method.invoke(Method.java:566)
	at com.example.algorithm2.Algorithm2Test.testParameterizedFuzzer(Algorithm2Test.java:226)

[INFO] 
[INFO] Results:
[INFO] 
[ERROR] Errors: 
[ERROR]   Algorithm2Test.testParameterizedFuzzer:226 » IllegalArgument Cannot add Object '' - Predicate 'proxy:Predicate' rejected it
[INFO] 
[ERROR] Tests run: 2, Failures: 0, Errors: 1, Skipped: 0
[INFO] 
[ERROR] 

Please refer to /tmp/bugrun/collections_21.MyrDUm/target/surefire-reports for the individual test results.
Please refer to dump files (if any exist) [date].dump, [date]-jvmRun[N].dump and [date].dumpstream.
[INFO] 
[INFO] --- jacoco:0.8.11:report (default-cli) @ AlgorithmName2 ---
[INFO] Loading execution data file /tmp/bugrun/collections_21.MyrDUm/target/jacoco.exec
[INFO] Analyzed bundle 'AlgorithmName2' with 391 classes
[INFO] ------------------------------------------------------------------------
[INFO] BUILD SUCCESS
[INFO] ------------------------------------------------------------------------
[INFO] Total time:  25.787 s
[INFO] Finished at: 2026-10-06T03:34:45+07:00
[INFO] ------------------------------------------------------------------------
