[INFO] Scanning for projects...
[INFO] 
[INFO] ---------------------< com.example:AlgorithmName2 >---------------------
[INFO] Building AlgorithmName2 1.0-SNAPSHOT
[INFO]   from pom.xml
[INFO] --------------------------------[ jar ]---------------------------------
[INFO] 
[INFO] --- jacoco:0.8.11:prepare-agent (default) @ AlgorithmName2 ---
[INFO] argLine set to -javaagent:/home/kanyaphak673380391-3/.m2/repository/org/jacoco/org.jacoco.agent/0.8.11/org.jacoco.agent-0.8.11-runtime.jar=destfile=/tmp/bugrun/lang_40.WQR0Ug/target/jacoco.exec
[INFO] 
[INFO] --- resources:3.4.0:resources (default-resources) @ AlgorithmName2 ---
[INFO] Copying 1 resource from src/main/resources to target/classes
[INFO] 
[INFO] --- compiler:3.15.0:compile (default-compile) @ AlgorithmName2 ---
[INFO] Recompiling the module because of changed source code.
[INFO] Compiling 1 source file with javac [debug target 1.8] to target/classes
[WARNING] bootstrap class path not set in conjunction with -source 8
[INFO] 
[INFO] --- dependency:3.6.0:unpack-dependencies (unpack-defects4j) @ AlgorithmName2 ---
[INFO] 
[INFO] --- resources:3.4.0:testResources (default-testResources) @ AlgorithmName2 ---
[INFO] skip non existing resourceDirectory /tmp/bugrun/lang_40.WQR0Ug/src/test/resources
[INFO] 
[INFO] --- compiler:3.15.0:testCompile (default-testCompile) @ AlgorithmName2 ---
[INFO] Recompiling the module because of changed dependency.
[INFO] Compiling 1 source file with javac [debug target 1.8] to target/test-classes
[WARNING] bootstrap class path not set in conjunction with -source 8
[INFO] 
[INFO] --- surefire:3.1.2:test (default-cli) @ AlgorithmName2 ---
[INFO] Using auto detected provider org.apache.maven.surefire.junitplatform.JUnitPlatformProvider
[INFO] 
[INFO] -------------------------------------------------------
[INFO]  T E S T S
[INFO] -------------------------------------------------------
[INFO] Running com.example.algorithm2.Algorithm2Test
OpenJDK 64-Bit Server VM warning: Sharing is only supported for boot loader classes because bootstrap classpath has been appended
INFO: Loaded 289 hooks from com.code_intelligence.jazzer.runtime.TraceCmpHooks
INFO: Loaded 5 hooks from com.code_intelligence.jazzer.runtime.TraceDivHooks
INFO: Loaded 2 hooks from com.code_intelligence.jazzer.runtime.TraceIndirHooks
INFO: Loaded 4 hooks from com.code_intelligence.jazzer.runtime.NativeLibHooks
INFO: Loaded 2 hooks from com.code_intelligence.jazzer.sanitizers.ClojureLangHooks
INFO: Loaded 5 hooks from com.code_intelligence.jazzer.sanitizers.Deserialization
INFO: Loaded 5 hooks from com.code_intelligence.jazzer.sanitizers.ExpressionLanguageInjection
INFO: Loaded 70 hooks from com.code_intelligence.jazzer.sanitizers.LdapInjection
INFO: Loaded 46 hooks from com.code_intelligence.jazzer.sanitizers.NamingContextLookup
INFO: Loaded 1 hooks from com.code_intelligence.jazzer.sanitizers.OsCommandInjection
INFO: Loaded 52 hooks from com.code_intelligence.jazzer.sanitizers.ReflectiveCall
INFO: Loaded 8 hooks from com.code_intelligence.jazzer.sanitizers.RegexInjection
INFO: Loaded 16 hooks from com.code_intelligence.jazzer.sanitizers.RegexRoadblocks
INFO: Loaded 18 hooks from com.code_intelligence.jazzer.sanitizers.ScriptEngineInjection
INFO: Loaded 2 hooks from com.code_intelligence.jazzer.sanitizers.ServerSideRequestForgery
INFO: Loaded 19 hooks from com.code_intelligence.jazzer.sanitizers.SqlInjection
INFO: Loaded 6 hooks from com.code_intelligence.jazzer.sanitizers.XPathInjection
INFO: Instrumented com.example.algorithm2.Algorithm2Test$Skip (took 154 ms, size +44%)
INFO: Instrumented com.example.algorithm2.Algorithm2Test (took 148 ms, size +27%)
INFO: New number of coverage counters: 1024
INFO: New number of coverage counters: 2048
INFO: Instrumented org.apache.commons.lang.StringUtils (took 320 ms, size +32%)
[harness] Fallback target loaded: org.apache.commons.lang.StringUtils (original was org.apache.commons.lang3.StringUtils)
[harness] target=org.apache.commons.lang.StringUtils factories=1 methods=141
INFO: found LLVMFuzzerCustomMutator (0x76c375b6ccd0). Disabling -len_control by default.
INFO: Running with entropic power schedule (0xFF, 100).
INFO: Seed: 2638578394
INFO: Loaded 3 modules   (2048 inline 8-bit counters): 512 [0x76c440bc7cc0, 0x76c440bc7ec0), 512 [0x76c440bc7ec0, 0x76c440bc80c0), 1024 [0x76c440bc80c0, 0x76c440bc84c0), 
INFO: Loaded 3 PC tables (2048 PCs): 512 [0x76c4406135f0,0x76c4406155f0), 512 [0x76c440b53bb0,0x76c440b55bb0), 1024 [0x76c440b56290,0x76c440b5a290), 
INFO:        0 files found in /tmp/bugrun/lang_40.WQR0Ug/.cifuzz-corpus/com.example.algorithm2.Algorithm2Test/testParameterizedFuzzer
INFO:        0 files found in /tmp/jazzer-java-seeds11198456023889389184
INFO: -max_len is not provided; libFuzzer will not generate inputs larger than 4096 bytes
INFO: A corpus is not provided, starting from an empty corpus
#2	INITED cov: 36 ft: 36 corp: 1/1b exec/s: 0 rss: 815Mb
#3	NEW    cov: 39 ft: 43 corp: 2/2b lim: 4 exec/s: 0 rss: 815Mb L: 1/1 MS: 2 ChangeBit-Custom-
#4	NEW    cov: 42 ft: 46 corp: 3/3b lim: 4 exec/s: 0 rss: 815Mb L: 1/1 MS: 2 ChangeBit-Custom-
#5	NEW    cov: 52 ft: 56 corp: 4/5b lim: 4 exec/s: 0 rss: 815Mb L: 2/2 MS: 2 InsertByte-Custom-
#9	NEW    cov: 54 ft: 58 corp: 5/7b lim: 4 exec/s: 0 rss: 815Mb L: 2/2 MS: 8 ChangeBit-Custom-InsertByte-Custom-EraseBytes-Custom-ShuffleBytes-Custom-
#11	NEW    cov: 55 ft: 59 corp: 6/8b lim: 4 exec/s: 0 rss: 815Mb L: 1/2 MS: 4 ShuffleBytes-Custom-ChangeByte-Custom-
#12	REDUCE cov: 55 ft: 59 corp: 6/7b lim: 4 exec/s: 0 rss: 815Mb L: 1/2 MS: 2 EraseBytes-Custom-
#14	NEW    cov: 56 ft: 60 corp: 7/10b lim: 4 exec/s: 0 rss: 815Mb L: 3/3 MS: 4 InsertByte-Custom-CrossOver-Custom-
#17	NEW    cov: 57 ft: 61 corp: 8/13b lim: 4 exec/s: 0 rss: 815Mb L: 3/3 MS: 6 ShuffleBytes-Custom-CopyPart-Custom-CopyPart-Custom-
#24	NEW    cov: 62 ft: 66 corp: 9/17b lim: 4 exec/s: 0 rss: 815Mb L: 4/4 MS: 4 CrossOver-Custom-InsertByte-Custom-
#28	NEW    cov: 65 ft: 69 corp: 10/19b lim: 4 exec/s: 0 rss: 815Mb L: 2/4 MS: 8 ChangeByte-Custom-CrossOver-Custom-EraseBytes-Custom-InsertByte-Custom-
#29	NEW    cov: 69 ft: 73 corp: 11/21b lim: 4 exec/s: 0 rss: 815Mb L: 2/4 MS: 2 EraseBytes-Custom-
#39	NEW    cov: 74 ft: 79 corp: 12/24b lim: 4 exec/s: 0 rss: 815Mb L: 3/4 MS: 10 CopyPart-Custom-EraseBytes-Custom-CrossOver-Custom-InsertByte-Custom-CopyPart-Custom-
#50	REDUCE cov: 77 ft: 82 corp: 13/25b lim: 4 exec/s: 0 rss: 815Mb L: 1/4 MS: 2 ChangeBinInt-Custom-
MS: 2 ChangeByte-Custom-; base unit: 55d2d551f002d531cd3fbccace8c42b4ccdd2802
0x7e,0x57,
~W
artifact_prefix='/tmp/bugrun/lang_40.WQR0Ug/'; Test unit written to /tmp/bugrun/lang_40.WQR0Ug/crash-6a231baf334b4ba2050723459ff066b2743c399f
Base64: flc=
Done 56 runs in 0 second(s)
INFO: using inputs from: /tmp/bugrun/lang_40.WQR0Ug/.cifuzz-corpus/com.example.algorithm2.Algorithm2Test/testParameterizedFuzzer
INFO: using inputs from: /tmp/jazzer-java-seeds11198456023889389184
DEDUP_TOKEN: 373bfe5492415154
[ERROR] Tests run: 2, Failures: 0, Errors: 1, Skipped: 0, Time elapsed: 7.542 s <<< FAILURE! -- in com.example.algorithm2.Algorithm2Test
[ERROR] com.example.algorithm2.Algorithm2Test.testParameterizedFuzzer(FuzzedDataProvider)[2] -- Time elapsed: 0.228 s <<< ERROR!
java.lang.IllegalArgumentException: Minimum abbreviation width is 4
	at org.apache.commons.lang.StringUtils.abbreviate(StringUtils.java:5203)
	at org.apache.commons.lang.StringUtils.abbreviate(StringUtils.java:5160)
	at java.base/jdk.internal.reflect.NativeMethodAccessorImpl.invoke0(Native Method)
	at java.base/jdk.internal.reflect.NativeMethodAccessorImpl.invoke(NativeMethodAccessorImpl.java:62)
	at java.base/jdk.internal.reflect.DelegatingMethodAccessorImpl.invoke(DelegatingMethodAccessorImpl.java:43)
	at java.base/java.lang.reflect.Method.invoke(Method.java:566)
	at com.example.algorithm2.Algorithm2Test.testParameterizedFuzzer(Algorithm2Test.java:226)

[INFO] 
[INFO] Results:
[INFO] 
[ERROR] Errors: 
[ERROR]   Algorithm2Test.testParameterizedFuzzer:226 » IllegalArgument Minimum abbreviation width is 4
[INFO] 
[ERROR] Tests run: 2, Failures: 0, Errors: 1, Skipped: 0
[INFO] 
[ERROR] 

Please refer to /tmp/bugrun/lang_40.WQR0Ug/target/surefire-reports for the individual test results.
Please refer to dump files (if any exist) [date].dump, [date]-jvmRun[N].dump and [date].dumpstream.
[INFO] 
[INFO] --- jacoco:0.8.11:report (default-cli) @ AlgorithmName2 ---
[INFO] Loading execution data file /tmp/bugrun/lang_40.WQR0Ug/target/jacoco.exec
[INFO] Analyzed bundle 'AlgorithmName2' with 118 classes
[INFO] ------------------------------------------------------------------------
[INFO] BUILD SUCCESS
[INFO] ------------------------------------------------------------------------
[INFO] Total time:  21.397 s
[INFO] Finished at: 2026-10-06T02:08:59+07:00
[INFO] ------------------------------------------------------------------------
