[INFO] Scanning for projects...
[INFO] 
[INFO] ---------------------< com.example:AlgorithmName2 >---------------------
[INFO] Building AlgorithmName2 1.0-SNAPSHOT
[INFO]   from pom.xml
[INFO] --------------------------------[ jar ]---------------------------------
[INFO] 
[INFO] --- jacoco:0.8.11:prepare-agent (default) @ AlgorithmName2 ---
[INFO] argLine set to -javaagent:/home/kanyaphak673380391-3/.m2/repository/org/jacoco/org.jacoco.agent/0.8.11/org.jacoco.agent-0.8.11-runtime.jar=destfile=/tmp/bugrun/math_11.HEQBNg/target/jacoco.exec
[INFO] 
[INFO] --- resources:3.4.0:resources (default-resources) @ AlgorithmName2 ---
[INFO] Copying 1 resource from src/main/resources to target/classes
[INFO] 
[INFO] --- compiler:3.15.0:compile (default-compile) @ AlgorithmName2 ---
[INFO] Recompiling the module because of changed source code.
[INFO] Compiling 1 source file with javac [debug target 1.8] to target/classes
[WARNING] bootstrap class path not set in conjunction with -source 8
[INFO] 
[INFO] --- dependency:3.6.0:unpack-dependencies (unpack-defects4j) @ AlgorithmName2 ---
[INFO] 
[INFO] --- resources:3.4.0:testResources (default-testResources) @ AlgorithmName2 ---
[INFO] skip non existing resourceDirectory /tmp/bugrun/math_11.HEQBNg/src/test/resources
[INFO] 
[INFO] --- compiler:3.15.0:testCompile (default-testCompile) @ AlgorithmName2 ---
[INFO] Recompiling the module because of changed dependency.
[INFO] Compiling 1 source file with javac [debug target 1.8] to target/test-classes
[WARNING] bootstrap class path not set in conjunction with -source 8
[INFO] 
[INFO] --- surefire:3.1.2:test (default-cli) @ AlgorithmName2 ---
[INFO] Using auto detected provider org.apache.maven.surefire.junitplatform.JUnitPlatformProvider
[INFO] 
[INFO] -------------------------------------------------------
[INFO]  T E S T S
[INFO] -------------------------------------------------------
[INFO] Running com.example.algorithm2.Algorithm2Test
OpenJDK 64-Bit Server VM warning: Sharing is only supported for boot loader classes because bootstrap classpath has been appended
INFO: Loaded 284 hooks from com.code_intelligence.jazzer.runtime.TraceCmpHooks
INFO: Loaded 5 hooks from com.code_intelligence.jazzer.runtime.TraceDivHooks
INFO: Loaded 2 hooks from com.code_intelligence.jazzer.runtime.TraceIndirHooks
INFO: Loaded 4 hooks from com.code_intelligence.jazzer.runtime.NativeLibHooks
INFO: Loaded 2 hooks from com.code_intelligence.jazzer.sanitizers.ClojureLangHooks
INFO: Loaded 5 hooks from com.code_intelligence.jazzer.sanitizers.Deserialization
INFO: Loaded 5 hooks from com.code_intelligence.jazzer.sanitizers.ExpressionLanguageInjection
INFO: Loaded 70 hooks from com.code_intelligence.jazzer.sanitizers.LdapInjection
INFO: Loaded 46 hooks from com.code_intelligence.jazzer.sanitizers.NamingContextLookup
INFO: Loaded 1 hooks from com.code_intelligence.jazzer.sanitizers.OsCommandInjection
INFO: Loaded 52 hooks from com.code_intelligence.jazzer.sanitizers.ReflectiveCall
INFO: Loaded 8 hooks from com.code_intelligence.jazzer.sanitizers.RegexInjection
INFO: Loaded 16 hooks from com.code_intelligence.jazzer.sanitizers.RegexRoadblocks
INFO: Loaded 18 hooks from com.code_intelligence.jazzer.sanitizers.ScriptEngineInjection
INFO: Loaded 2 hooks from com.code_intelligence.jazzer.sanitizers.ServerSideRequestForgery
INFO: Loaded 19 hooks from com.code_intelligence.jazzer.sanitizers.SqlInjection
INFO: Loaded 6 hooks from com.code_intelligence.jazzer.sanitizers.XPathInjection
INFO: Instrumented com.example.algorithm2.Algorithm2Test$Skip (took 146 ms, size +44%)
INFO: Instrumented com.example.algorithm2.Algorithm2Test (took 112 ms, size +27%)
INFO: New number of coverage counters: 1024
INFO: Instrumented org.apache.commons.math3.util.Precision (took 129 ms, size +26%)
INFO: Instrumented org.apache.commons.math3.exception.MathArithmeticException (took 12 ms, size +24%)
INFO: Instrumented org.apache.commons.math3.exception.util.ExceptionContextProvider (took 0 ms, size +0%)
INFO: Instrumented org.apache.commons.math3.exception.util.Localizable (took 3 ms, size +0%)
INFO: Instrumented org.apache.commons.math3.exception.MathIllegalArgumentException (took 7 ms, size +27%)
[harness] target=org.apache.commons.math3.util.Precision factories=1 methods=20
INFO: New number of coverage counters: 2048
INFO: Instrumented org.apache.commons.math3.util.FastMath (took 144 ms, size +16%)
INFO: found LLVMFuzzerCustomMutator (0x70980926ecd0). Disabling -len_control by default.
INFO: Running with entropic power schedule (0xFF, 100).
INFO: Seed: 350426069
INFO: Loaded 3 modules   (2048 inline 8-bit counters): 512 [0x7098b0c5d060, 0x7098b0c5d260), 512 [0x7098b0c5d260, 0x7098b0c5d460), 1024 [0x7098b0c5d460, 0x7098b0c5d860), 
INFO: Loaded 3 PC tables (2048 PCs): 512 [0x7098b0bc9760,0x7098b0bcb760), 512 [0x7098b0592770,0x7098b0594770), 1024 [0x7098b086a2c0,0x7098b086e2c0), 
INFO:        0 files found in /tmp/bugrun/math_11.HEQBNg/.cifuzz-corpus/com.example.algorithm2.Algorithm2Test/testParameterizedFuzzer
INFO:        0 files found in /tmp/jazzer-java-seeds13683034629053608476
INFO: -max_len is not provided; libFuzzer will not generate inputs larger than 4096 bytes
INFO: A corpus is not provided, starting from an empty corpus
INFO: using inputs from: /tmp/bugrun/math_11.HEQBNg/.cifuzz-corpus/com.example.algorithm2.Algorithm2Test/testParameterizedFuzzer
INFO: using inputs from: /tmp/jazzer-java-seeds13683034629053608476
#2	INITED cov: 45 ft: 45 corp: 1/1b exec/s: 0 rss: 859Mb
#4	NEW    cov: 65 ft: 73 corp: 2/3b lim: 4 exec/s: 0 rss: 859Mb L: 2/2 MS: 4 ShuffleBytes-Custom-InsertByte-Custom-
#6	NEW    cov: 65 ft: 75 corp: 3/5b lim: 4 exec/s: 0 rss: 859Mb L: 2/2 MS: 4 ShuffleBytes-Custom-ChangeBit-Custom-
#7	NEW    cov: 87 ft: 97 corp: 4/7b lim: 4 exec/s: 0 rss: 859Mb L: 2/2 MS: 2 ChangeByte-Custom-
#12	NEW    cov: 91 ft: 101 corp: 5/9b lim: 4 exec/s: 0 rss: 859Mb L: 2/2 MS: 10 CopyPart-Custom-InsertByte-Custom-CopyPart-Custom-EraseBytes-Custom-CrossOver-Custom-
#13	NEW    cov: 97 ft: 107 corp: 6/10b lim: 4 exec/s: 0 rss: 859Mb L: 1/2 MS: 2 ChangeBit-Custom-
#14	NEW    cov: 105 ft: 115 corp: 7/11b lim: 4 exec/s: 0 rss: 859Mb L: 1/2 MS: 2 EraseBytes-Custom-
#17	NEW    cov: 107 ft: 117 corp: 8/15b lim: 4 exec/s: 0 rss: 859Mb L: 4/4 MS: 6 InsertByte-Custom-CopyPart-Custom-ShuffleBytes-Custom-
#19	NEW    cov: 110 ft: 120 corp: 9/18b lim: 4 exec/s: 0 rss: 859Mb L: 3/4 MS: 4 InsertByte-Custom-CopyPart-Custom-
#20	NEW    cov: 112 ft: 122 corp: 10/19b lim: 4 exec/s: 0 rss: 859Mb L: 1/4 MS: 2 ChangeBit-Custom-
#26	NEW    cov: 114 ft: 124 corp: 11/20b lim: 4 exec/s: 0 rss: 859Mb L: 1/4 MS: 2 CrossOver-Custom-
#37	NEW    cov: 116 ft: 126 corp: 12/22b lim: 4 exec/s: 0 rss: 859Mb L: 2/4 MS: 2 InsertByte-Custom-
#38	NEW    cov: 125 ft: 143 corp: 13/25b lim: 4 exec/s: 0 rss: 859Mb L: 3/4 MS: 2 InsertByte-Custom-
#39	NEW    cov: 127 ft: 145 corp: 14/26b lim: 4 exec/s: 0 rss: 859Mb L: 1/4 MS: 2 EraseBytes-Custom-
#44	NEW    cov: 129 ft: 147 corp: 15/27b lim: 4 exec/s: 0 rss: 860Mb L: 1/4 MS: 10 CrossOver-Custom-ShuffleBytes-Custom-EraseBytes-Custom-CrossOver-Custom-ChangeByte-Custom-
#45	NEW    cov: 138 ft: 160 corp: 16/28b lim: 4 exec/s: 0 rss: 860Mb L: 1/4 MS: 2 ChangeBit-Custom-
#59	NEW    cov: 144 ft: 167 corp: 17/30b lim: 4 exec/s: 0 rss: 860Mb L: 2/4 MS: 8 CopyPart-Custom-ChangeByte-Custom-ChangeBit-Custom-InsertByte-Custom-
#70	NEW    cov: 149 ft: 172 corp: 18/32b lim: 4 exec/s: 0 rss: 860Mb L: 2/4 MS: 2 InsertByte-Custom-
#73	NEW    cov: 151 ft: 174 corp: 19/35b lim: 4 exec/s: 0 rss: 860Mb L: 3/4 MS: 6 ChangeByte-Custom-CopyPart-Custom-ShuffleBytes-Custom-
#74	NEW    cov: 153 ft: 176 corp: 20/36b lim: 4 exec/s: 0 rss: 860Mb L: 1/4 MS: 2 ChangeByte-Custom-
#85	NEW    cov: 155 ft: 178 corp: 21/38b lim: 4 exec/s: 0 rss: 860Mb L: 2/4 MS: 2 ChangeBinInt-Custom-
#87	NEW    cov: 155 ft: 179 corp: 22/42b lim: 4 exec/s: 0 rss: 860Mb L: 4/4 MS: 4 CopyPart-Custom-InsertByte-Custom-
#113	NEW    cov: 157 ft: 181 corp: 23/43b lim: 4 exec/s: 0 rss: 860Mb L: 1/4 MS: 2 EraseBytes-Custom-
#115	NEW    cov: 159 ft: 185 corp: 24/45b lim: 4 exec/s: 0 rss: 860Mb L: 2/4 MS: 4 ChangeByte-Custom-ChangeBit-Custom-
#123	NEW    cov: 160 ft: 186 corp: 25/49b lim: 4 exec/s: 0 rss: 860Mb L: 4/4 MS: 6 EraseBytes-Custom-CrossOver-Custom-InsertByte-Custom-
#130	REDUCE cov: 160 ft: 186 corp: 25/48b lim: 4 exec/s: 0 rss: 860Mb L: 1/4 MS: 4 EraseBytes-Custom-ChangeByte-Custom-
#131	NEW    cov: 161 ft: 187 corp: 26/50b lim: 4 exec/s: 0 rss: 860Mb L: 2/4 MS: 2 ChangeBit-Custom-
#134	NEW    cov: 162 ft: 188 corp: 27/51b lim: 4 exec/s: 0 rss: 860Mb L: 1/4 MS: 6 EraseBytes-Custom-InsertByte-Custom-EraseBytes-Custom-
#176	NEW    cov: 163 ft: 189 corp: 28/52b lim: 4 exec/s: 0 rss: 860Mb L: 1/4 MS: 4 EraseBytes-Custom-ChangeBit-Custom-
#182	NEW    cov: 164 ft: 192 corp: 29/53b lim: 4 exec/s: 0 rss: 860Mb L: 1/4 MS: 2 EraseBytes-Custom-
#186	NEW    cov: 165 ft: 193 corp: 30/57b lim: 4 exec/s: 0 rss: 860Mb L: 4/4 MS: 8 InsertByte-Custom-CMP-Custom-CrossOver-Custom-ChangeByte-Custom- DE: "\011\000"-
#211	NEW    cov: 166 ft: 194 corp: 31/61b lim: 4 exec/s: 0 rss: 860Mb L: 4/4 MS: 10 PersAutoDict-Custom-ChangeBit-Custom-ShuffleBytes-Custom-CopyPart-Custom-ChangeByte-Custom- DE: "\011\000"-
#350	NEW    cov: 168 ft: 196 corp: 32/62b lim: 4 exec/s: 0 rss: 864Mb L: 1/4 MS: 8 ShuffleBytes-Custom-CrossOver-Custom-ShuffleBytes-Custom-ChangeByte-Custom-
#387	NEW    cov: 169 ft: 198 corp: 33/66b lim: 4 exec/s: 0 rss: 864Mb L: 4/4 MS: 4 CrossOver-Custom-CrossOver-Custom-
#750	NEW    cov: 171 ft: 200 corp: 34/68b lim: 6 exec/s: 0 rss: 865Mb L: 2/4 MS: 6 ChangeBit-Custom-CopyPart-Custom-ChangeBit-Custom-
#847	REDUCE cov: 171 ft: 200 corp: 34/67b lim: 6 exec/s: 0 rss: 865Mb L: 3/4 MS: 4 ShuffleBytes-Custom-EraseBytes-Custom-
#1068	REDUCE cov: 171 ft: 200 corp: 34/65b lim: 8 exec/s: 0 rss: 865Mb L: 2/4 MS: 2 EraseBytes-Custom-
#1088	REDUCE cov: 172 ft: 201 corp: 35/73b lim: 8 exec/s: 0 rss: 865Mb L: 8/8 MS: 10 CrossOver-Custom-ChangeBinInt-Custom-CopyPart-Custom-PersAutoDict-Custom-PersAutoDict-Custom- DE: "\011\000"-"\011\000"-
#1110	REDUCE cov: 172 ft: 201 corp: 35/72b lim: 8 exec/s: 0 rss: 865Mb L: 2/8 MS: 4 ChangeByte-Custom-EraseBytes-Custom-
#1536	REDUCE cov: 172 ft: 201 corp: 35/70b lim: 11 exec/s: 0 rss: 865Mb L: 2/8 MS: 2 EraseBytes-Custom-
#1550	NEW    cov: 182 ft: 211 corp: 36/80b lim: 11 exec/s: 0 rss: 865Mb L: 10/10 MS: 8 CopyPart-Custom-PersAutoDict-Custom-ChangeBit-Custom-CMP-Custom- DE: "\011\000"-"\377\177\361\006"-
#1729	NEW    cov: 182 ft: 213 corp: 37/90b lim: 11 exec/s: 0 rss: 865Mb L: 10/10 MS: 8 ShuffleBytes-Custom-ChangeBit-Custom-CrossOver-Custom-ChangeBinInt-Custom-
#1735	NEW    cov: 183 ft: 215 corp: 38/99b lim: 11 exec/s: 0 rss: 865Mb L: 9/10 MS: 2 EraseBytes-Custom-
#1861	NEW    cov: 183 ft: 216 corp: 39/109b lim: 11 exec/s: 0 rss: 865Mb L: 10/10 MS: 2 ChangeByte-Custom-
WARN: Some hooks could not be applied to class files built for Java 7 or lower.
                       Ensure that the fuzz target and its dependencies are compiled with
                       -target 8 or higher to identify as many bugs as possible.
#1864	NEW    cov: 544 ft: 579 corp: 40/120b lim: 11 exec/s: 0 rss: 868Mb L: 11/11 MS: 6 InsertRepeatedBytes-Custom-PersAutoDict-Custom-InsertByte-Custom- DE: "\377\177\361\006"-
#1875	NEW    cov: 546 ft: 582 corp: 41/131b lim: 11 exec/s: 0 rss: 868Mb L: 11/11 MS: 2 ChangeBit-Custom-
#1951	REDUCE cov: 546 ft: 582 corp: 41/130b lim: 11 exec/s: 0 rss: 868Mb L: 2/11 MS: 2 EraseBytes-Custom-
#1984	NEW    cov: 547 ft: 583 corp: 42/140b lim: 11 exec/s: 0 rss: 868Mb L: 10/11 MS: 6 CrossOver-Custom-ChangeBinInt-Custom-CopyPart-Custom-
#2085	NEW    cov: 548 ft: 586 corp: 43/150b lim: 11 exec/s: 0 rss: 868Mb L: 10/11 MS: 2 ShuffleBytes-Custom-
#2088	NEW    cov: 548 ft: 587 corp: 44/158b lim: 11 exec/s: 0 rss: 868Mb L: 8/11 MS: 6 CopyPart-Custom-ChangeBit-Custom-CrossOver-Custom-
INFO: Instrumented org.apache.commons.math3.exception.util.LocalizedFormats (took 60 ms, size +6%)
#2164	NEW    cov: 549 ft: 588 corp: 45/169b lim: 11 exec/s: 0 rss: 868Mb L: 11/11 MS: 2 InsertByte-Custom-
INFO: #2180	NEW    cov: 550 ft: 590 corp: 46/180b lim: 11 exec/s: 0 rss: 868Mb L: 11/11 MS: 2 InsertByte-Custom-
#2393	NEW    cov: 550 ft: 601 corp: 47/191b lim: 11 exec/s: 0 rss: 868Mb L: 11/11 MS: 6 PersAutoDict-Custom-ChangeASCIIInt-Custom-CopyPart-Custom- DE: "\011\000"-
#2410	REDUCE cov: 552 ft: 604 corp: 48/202b lim: 11 exec/s: 0 rss: 868Mb L: 11/11 MS: 4 ChangeByte-Custom-InsertRepeatedBytes-Custom-
#2441	REDUCE cov: 552 ft: 604 corp: 48/201b lim: 11 exec/s: 0 rss: 868Mb L: 10/11 MS: 2 EraseBytes-Custom-
#2468	NEW    cov: 552 ft: 614 corp: 49/212b lim: 11 exec/s: 0 rss: 868Mb L: 11/11 MS: 4 CopyPart-Custom-CopyPart-Custom-
#2522	NEW    cov: 552 ft: 616 corp: 50/223b lim: 11 exec/s: 0 rss: 868Mb L: 11/11 MS: 8 CrossOver-Custom-CopyPart-Custom-InsertByte-Custom-CrossOver-Custom-
#2573	NEW    cov: 555 ft: 619 corp: 51/232b lim: 11 exec/s: 0 rss: 868Mb L: 9/11 MS: 2 ShuffleBytes-Custom-
#2705	NEW    cov: 555 ft: 620 corp: 52/243b lim: 11 exec/s: 0 rss: 868Mb L: 11/11 MS: 4 ChangeBinInt-Custom-ShuffleBytes-Custom-
Instrumented org.apache.commons.math3.exception.util.ExceptionContext (took 56 ms, size +24%)
#2811	REDUCE cov: 555 ft: 620 corp: 52/241b lim: 11 exec/s: 0 rss: 868Mb L: 9/11 MS: 2 EraseBytes-Custom-
INFO: Instrumented org.apache.commons.math3.exception.util.ArgUtils (took 5 ms, size +46%)
#2875	REDUCE cov: 555 ft: 620 corp: 52/239b lim: 11 exec/s: 0 rss: 868Mb L: 8/11 MS: 8 ChangeByte-Custom-ShuffleBytes-Custom-ChangeBit-Custom-EraseBytes-Custom-
#2964	NEW    cov: 557 ft: 622 corp: 53/249b lim: 11 exec/s: 0 rss: 868Mb L: 10/11 MS: 8 InsertRepeatedBytes-Custom-ChangeBit-Custom-InsertByte-Custom-ChangeBinInt-Custom-
#3166	NEW    cov: 557 ft: 624 corp: 54/258b lim: 11 exec/s: 0 rss: 868Mb L: 9/11 MS: 4 ChangeByte-Custom-EraseBytes-Custom-
#3472	REDUCE cov: 557 ft: 624 corp: 54/257b lim: 14 exec/s: 0 rss: 868Mb L: 1/11 MS: 2 EraseBytes-Custom-
#3497	NEW    cov: 558 ft: 625 corp: 55/269b lim: 14 exec/s: 0 rss: 868Mb L: 12/12 MS: 10 CrossOver-Custom-InsertRepeatedBytes-Custom-CrossOver-Custom-ChangeBit-Custom-InsertRepeatedBytes-Custom-
#3615	NEW    cov: 559 ft: 626 corp: 56/281b lim: 14 exec/s: 0 rss: 868Mb L: 12/12 MS: 6 PersAutoDict-Custom-ChangeByte-Custom-InsertRepeatedBytes-Custom- DE: "\377\177\361\006"-
#3685	NEW    cov: 559 ft: 627 corp: 57/293b lim: 14 exec/s: 0 rss: 868Mb L: 12/12 MS: 10 PersAutoDict-Custom-InsertByte-Custom-ShuffleBytes-Custom-CrossOver-Custom-PersAutoDict-Custom- DE: "\011\000"-"\011\000"-
#3690	NEW    cov: 560 ft: 628 corp: 58/300b lim: 14 exec/s: 0 rss: 868Mb L: 7/12 MS: 10 ChangeBit-Custom-ShuffleBytes-Custom-CMP-Custom-PersAutoDict-Custom-ShuffleBytes-Custom- DE: "\007\000"-"\377\177\361\006"-
#3806	NEW    cov: 560 ft: 636 corp: 59/311b lim: 14 exec/s: 0 rss: 868Mb L: 11/12 MS: 2 ChangeBinInt-Custom-
#4283	REDUCE cov: 560 ft: 636 corp: 59/310b lim: 17 exec/s: 0 rss: 868Mb L: 10/12 MS: 4 PersAutoDict-Custom-EraseBytes-Custom- DE: "\377\177\361\006"-
#4406	NEW    cov: 560 ft: 637 corp: 60/321b lim: 17 exec/s: 0 rss: 868Mb L: 11/12 MS: 6 ChangeBit-Custom-ChangeBinInt-Custom-ChangeByte-Custom-
#4461	NEW    cov: 560 ft: 638 corp: 61/332b lim: 17 exec/s: 0 rss: 868Mb L: 11/12 MS: 10 PersAutoDict-Custom-ChangeBinInt-Custom-ChangeBinInt-Custom-ChangeByte-Custom-ChangeByte-Custom- DE: "\007\000"-
#4665	NEW    cov: 560 ft: 640 corp: 62/349b lim: 17 exec/s: 0 rss: 868Mb L: 17/17 MS: 8 PersAutoDict-Custom-CopyPart-Custom-CrossOver-Custom-CopyPart-Custom- DE: "\011\000"-
#4938	NEW    cov: 560 ft: 643 corp: 63/366b lim: 17 exec/s: 0 rss: 868Mb L: 17/17 MS: 6 CopyPart-Custom-EraseBytes-Custom-InsertRepeatedBytes-Custom-
MS: 6 CrossOver-Custom-InsertRepeatedBytes-Custom-InsertRepeatedBytes-Custom-; base unit: 2d14ab97cc3dc294c51c0d6814f4ea45f4b4e312
0x5d,0x5d,0x5d,0x5d,0x5d,0x5d,0x5d,0x44,0x82,0x82,0x82,0x82,0x82,0x82,0x82,
]]]]]]]D\202\202\202\202\202\202\202
artifact_prefix='/tmp/bugrun/math_11.HEQBNg/'; Test unit written to /tmp/bugrun/math_11.HEQBNg/crash-7f7a84bb817e3f736f47d846e3a61545d8b3a075
Base64: XV1dXV1dXUSCgoKCgoKC
Done 4966 runs in 0 second(s)
DEDUP_TOKEN: 900c31c0561dbe87
[ERROR] Tests run: 2, Failures: 0, Errors: 1, Skipped: 0, Time elapsed: 7.095 s <<< FAILURE! -- in com.example.algorithm2.Algorithm2Test
[ERROR] com.example.algorithm2.Algorithm2Test.testParameterizedFuzzer(FuzzedDataProvider)[2] -- Time elapsed: 0.804 s <<< ERROR!
java.lang.IllegalArgumentException: Invalid rounding mode
	at java.base/java.math.BigDecimal.setScale(BigDecimal.java:2884)
	at org.apache.commons.math3.util.Precision.round(Precision.java:397)
	at jdk.internal.reflect.GeneratedMethodAccessor77.invoke(Unknown Source)
	at java.base/jdk.internal.reflect.DelegatingMethodAccessorImpl.invoke(DelegatingMethodAccessorImpl.java:43)
	at java.base/java.lang.reflect.Method.invoke(Method.java:566)
	at com.example.algorithm2.Algorithm2Test.testParameterizedFuzzer(Algorithm2Test.java:226)

[INFO] 
[INFO] Results:
[INFO] 
[ERROR] Errors: 
[ERROR]   Algorithm2Test.testParameterizedFuzzer:226 » IllegalArgument Invalid rounding mode
[INFO] 
[ERROR] Tests run: 2, Failures: 0, Errors: 1, Skipped: 0
[INFO] 
[ERROR] 

Please refer to /tmp/bugrun/math_11.HEQBNg/target/surefire-reports for the individual test results.
Please refer to dump files (if any exist) [date].dump, [date]-jvmRun[N].dump and [date].dumpstream.
[INFO] 
[INFO] --- jacoco:0.8.11:report (default-cli) @ AlgorithmName2 ---
[INFO] Loading execution data file /tmp/bugrun/math_11.HEQBNg/target/jacoco.exec
[INFO] Analyzed bundle 'AlgorithmName2' with 786 classes
[INFO] ------------------------------------------------------------------------
[INFO] BUILD SUCCESS
[INFO] ------------------------------------------------------------------------
[INFO] Total time:  20.658 s
[INFO] Finished at: 2026-10-06T03:54:03+07:00
[INFO] ------------------------------------------------------------------------
