[INFO] Scanning for projects...
[INFO] 
[INFO] ---------------------< com.example:AlgorithmName2 >---------------------
[INFO] Building AlgorithmName2 1.0-SNAPSHOT
[INFO]   from pom.xml
[INFO] --------------------------------[ jar ]---------------------------------
[INFO] 
[INFO] --- jacoco:0.8.11:prepare-agent (default) @ AlgorithmName2 ---
[INFO] argLine set to -javaagent:/home/kanyaphak673380391-3/.m2/repository/org/jacoco/org.jacoco.agent/0.8.11/org.jacoco.agent-0.8.11-runtime.jar=destfile=/tmp/bugrun/cli_23.SWi2vU/target/jacoco.exec
[INFO] 
[INFO] --- resources:3.4.0:resources (default-resources) @ AlgorithmName2 ---
[INFO] Copying 1 resource from src/main/resources to target/classes
[INFO] 
[INFO] --- compiler:3.15.0:compile (default-compile) @ AlgorithmName2 ---
[INFO] Recompiling the module because of changed source code.
[INFO] Compiling 1 source file with javac [debug target 1.8] to target/classes
[WARNING] bootstrap class path not set in conjunction with -source 8
[INFO] 
[INFO] --- dependency:3.6.0:unpack-dependencies (unpack-defects4j) @ AlgorithmName2 ---
[INFO] 
[INFO] --- resources:3.4.0:testResources (default-testResources) @ AlgorithmName2 ---
[INFO] skip non existing resourceDirectory /tmp/bugrun/cli_23.SWi2vU/src/test/resources
[INFO] 
[INFO] --- compiler:3.15.0:testCompile (default-testCompile) @ AlgorithmName2 ---
[INFO] Recompiling the module because of changed dependency.
[INFO] Compiling 1 source file with javac [debug target 1.8] to target/test-classes
[WARNING] bootstrap class path not set in conjunction with -source 8
[INFO] 
[INFO] --- surefire:3.1.2:test (default-cli) @ AlgorithmName2 ---
[INFO] Using auto detected provider org.apache.maven.surefire.junitplatform.JUnitPlatformProvider
[INFO] 
[INFO] -------------------------------------------------------
[INFO]  T E S T S
[INFO] -------------------------------------------------------
[INFO] Running com.example.algorithm2.Algorithm2Test
OpenJDK 64-Bit Server VM warning: Sharing is only supported for boot loader classes because bootstrap classpath has been appended
INFO: Loaded 281 hooks from com.code_intelligence.jazzer.runtime.TraceCmpHooks
INFO: Loaded 5 hooks from com.code_intelligence.jazzer.runtime.TraceDivHooks
INFO: Loaded 2 hooks from com.code_intelligence.jazzer.runtime.TraceIndirHooks
INFO: Loaded 4 hooks from com.code_intelligence.jazzer.runtime.NativeLibHooks
INFO: Loaded 2 hooks from com.code_intelligence.jazzer.sanitizers.ClojureLangHooks
INFO: Loaded 5 hooks from com.code_intelligence.jazzer.sanitizers.Deserialization
INFO: Loaded 5 hooks from com.code_intelligence.jazzer.sanitizers.ExpressionLanguageInjection
INFO: Loaded 70 hooks from com.code_intelligence.jazzer.sanitizers.LdapInjection
INFO: Loaded 46 hooks from com.code_intelligence.jazzer.sanitizers.NamingContextLookup
INFO: Loaded 1 hooks from com.code_intelligence.jazzer.sanitizers.OsCommandInjection
INFO: Loaded 52 hooks from com.code_intelligence.jazzer.sanitizers.ReflectiveCall
INFO: Loaded 8 hooks from com.code_intelligence.jazzer.sanitizers.RegexInjection
INFO: Loaded 16 hooks from com.code_intelligence.jazzer.sanitizers.RegexRoadblocks
INFO: Loaded 18 hooks from com.code_intelligence.jazzer.sanitizers.ScriptEngineInjection
INFO: Loaded 2 hooks from com.code_intelligence.jazzer.sanitizers.ServerSideRequestForgery
INFO: Loaded 19 hooks from com.code_intelligence.jazzer.sanitizers.SqlInjection
INFO: Loaded 6 hooks from com.code_intelligence.jazzer.sanitizers.XPathInjection
INFO: Instrumented com.example.algorithm2.Algorithm2Test$Skip (took 471 ms, size +44%)
INFO: Instrumented com.example.algorithm2.Algorithm2Test (took 250 ms, size +27%)
INFO: Instrumented org.apache.commons.cli.CommandLine (took 166 ms, size +28%)
INFO: Instrumented org.apache.commons.cli.ParseException (took 12 ms, size +53%)
INFO: New number of coverage counters: 1024
INFO: Instrumented org.apache.commons.cli.Option (took 149 ms, size +25%)
[harness] target=org.apache.commons.cli.CommandLine factories=1 methods=16
INFO: found LLVMFuzzerCustomMutator (0x75b64a46ecd0). Disabling -len_control by default.
INFO: Running with entropic power schedule (0xFF, 100).
INFO: Seed: 3139409144
INFO: Loaded 2 modules   (1024 inline 8-bit counters): 512 [0x75b734ac6370, 0x75b734ac6570), 512 [0x75b734ac6570, 0x75b734ac6770), 
INFO: Loaded 2 PC tables (1024 PCs): 512 [0x75b7346f0d70,0x75b7346f2d70), 512 [0x75b734a2e600,0x75b734a30600), 
INFO:        0 files found in /tmp/bugrun/cli_23.SWi2vU/.cifuzz-corpus/com.example.algorithm2.Algorithm2Test/testParameterizedFuzzer
INFO:        0 files found in /tmp/jazzer-java-seeds8196164911267070982
INFO: -max_len is not provided; libFuzzer will not generate inputs larger than 4096 bytes
INFO: A corpus is not provided, starting from an empty corpus
#2	INITED cov: 31 ft: 31 corp: 1/1b exec/s: 0 rss: 1158Mb
#5	NEW    cov: 31 ft: 32 corp: 2/3b lim: 4 exec/s: 0 rss: 1158Mb L: 2/2 MS: 6 CrossOver-Custom-CopyPart-Custom-CopyPart-Custom-
INFO: #9	NEW    cov: 46 ft: 47 corp: 3/5b lim: 4 exec/s: 0 rss: 1160Mb L: 2/2 MS: 8 EraseBytes-Custom-CopyPart-Custom-CopyPart-Custom-ChangeBit-Custom-
using inputs from: /tmp/bugrun/cli_23.SWi2vU/.cifuzz-corpus/com.example.algorithm2.Algorithm2Test/testParameterizedFuzzer
#10	NEW    cov: 47 ft: 48 corp: 4/6b lim: 4 exec/s: 0 rss: 1160Mb L: 1/2 MS: 2 ChangeBit-Custom-
INFO: #11	NEW    cov: 51 ft: 52 corp: 5/8b lim: 4 exec/s: 0 rss: 1160Mb L: 2/2 MS: 2 ChangeBit-Custom-
using inputs from: /tmp/jazzer-java-seeds8196164911267070982
#12	NEW    cov: 55 ft: 56 corp: 6/10b lim: 4 exec/s: 0 rss: 1160Mb L: 2/2 MS: 2 ChangeBinInt-Custom-
#15	NEW    cov: 55 ft: 58 corp: 7/12b lim: 4 exec/s: 0 rss: 1160Mb L: 2/2 MS: 6 ChangeBinInt-Custom-CopyPart-Custom-EraseBytes-Custom-
#16	NEW    cov: 70 ft: 73 corp: 8/13b lim: 4 exec/s: 0 rss: 1160Mb L: 1/2 MS: 2 CrossOver-Custom-
#17	NEW    cov: 72 ft: 75 corp: 9/15b lim: 4 exec/s: 0 rss: 1160Mb L: 2/2 MS: 2 ChangeBit-Custom-
#26	NEW    cov: 75 ft: 78 corp: 10/17b lim: 4 exec/s: 0 rss: 1160Mb L: 2/2 MS: 8 ChangeBit-Custom-EraseBytes-Custom-ShuffleBytes-Custom-InsertByte-Custom-
#35	NEW    cov: 78 ft: 81 corp: 11/18b lim: 4 exec/s: 0 rss: 1160Mb L: 1/2 MS: 8 ChangeBinInt-Custom-CopyPart-Custom-ShuffleBytes-Custom-ChangeByte-Custom-
#40	NEW    cov: 80 ft: 83 corp: 12/19b lim: 4 exec/s: 0 rss: 1160Mb L: 1/2 MS: 10 ChangeByte-Custom-ChangeBit-Custom-ShuffleBytes-Custom-CrossOver-Custom-ChangeByte-Custom-
#43	NEW    cov: 80 ft: 86 corp: 13/22b lim: 4 exec/s: 0 rss: 1160Mb L: 3/3 MS: 6 ShuffleBytes-Custom-ChangeByte-Custom-InsertByte-Custom-
#49	NEW    cov: 85 ft: 95 corp: 14/25b lim: 4 exec/s: 0 rss: 1161Mb L: 3/3 MS: 2 ChangeBinInt-Custom-
#72	NEW    cov: 85 ft: 97 corp: 15/29b lim: 4 exec/s: 0 rss: 1161Mb L: 4/4 MS: 6 ChangeByte-Custom-ShuffleBytes-Custom-CMP-Custom- DE: "\377\377"-
#73	NEW    cov: 85 ft: 100 corp: 16/32b lim: 4 exec/s: 0 rss: 1161Mb L: 3/4 MS: 2 ChangeBit-Custom-
#82	NEW    cov: 85 ft: 101 corp: 17/35b lim: 4 exec/s: 0 rss: 1161Mb L: 3/4 MS: 8 ChangeBit-Custom-CrossOver-Custom-ShuffleBytes-Custom-CrossOver-Custom-
#89	NEW    cov: 85 ft: 104 corp: 18/39b lim: 4 exec/s: 0 rss: 1161Mb L: 4/4 MS: 4 CopyPart-Custom-ShuffleBytes-Custom-
#93	NEW    cov: 85 ft: 109 corp: 19/43b lim: 4 exec/s: 0 rss: 1161Mb L: 4/4 MS: 8 CrossOver-Custom-CopyPart-Custom-ChangeBinInt-Custom-ChangeByte-Custom-
#140	REDUCE cov: 85 ft: 109 corp: 19/42b lim: 4 exec/s: 0 rss: 1161Mb L: 1/4 MS: 4 CopyPart-Custom-EraseBytes-Custom-
#152	REDUCE cov: 85 ft: 109 corp: 19/41b lim: 4 exec/s: 0 rss: 1161Mb L: 1/4 MS: 4 ShuffleBytes-Custom-EraseBytes-Custom-
#186	NEW    cov: 85 ft: 113 corp: 20/45b lim: 4 exec/s: 0 rss: 1161Mb L: 4/4 MS: 8 CrossOver-Custom-PersAutoDict-Custom-CopyPart-Custom-ShuffleBytes-Custom- DE: "\377\377"-
#210	REDUCE cov: 85 ft: 113 corp: 20/44b lim: 4 exec/s: 0 rss: 1162Mb L: 2/4 MS: 8 ChangeBit-Custom-CopyPart-Custom-CrossOver-Custom-InsertByte-Custom-
#212	NEW    cov: 85 ft: 116 corp: 21/48b lim: 4 exec/s: 0 rss: 1162Mb L: 4/4 MS: 4 EraseBytes-Custom-CopyPart-Custom-
#233	NEW    cov: 85 ft: 117 corp: 22/52b lim: 4 exec/s: 0 rss: 1162Mb L: 4/4 MS: 2 CopyPart-Custom-
#255	REDUCE cov: 85 ft: 117 corp: 22/51b lim: 4 exec/s: 0 rss: 1164Mb L: 1/4 MS: 4 CrossOver-Custom-EraseBytes-Custom-
#280	NEW    cov: 85 ft: 121 corp: 23/55b lim: 4 exec/s: 0 rss: 1165Mb L: 4/4 MS: 10 CrossOver-Custom-CrossOver-Custom-ShuffleBytes-Custom-InsertByte-Custom-ShuffleBytes-Custom-
#307	REDUCE cov: 85 ft: 121 corp: 23/53b lim: 4 exec/s: 0 rss: 1165Mb L: 2/4 MS: 4 ShuffleBytes-Custom-EraseBytes-Custom-
#325	REDUCE cov: 85 ft: 121 corp: 23/51b lim: 4 exec/s: 0 rss: 1165Mb L: 2/4 MS: 6 ChangeByte-Custom-PersAutoDict-Custom-EraseBytes-Custom- DE: "\377\377"-
#347	REDUCE cov: 85 ft: 121 corp: 23/50b lim: 4 exec/s: 0 rss: 1166Mb L: 1/4 MS: 4 CrossOver-Custom-CrossOver-Custom-
#424	REDUCE cov: 85 ft: 121 corp: 23/49b lim: 4 exec/s: 0 rss: 1166Mb L: 1/4 MS: 4 ChangeByte-Custom-EraseBytes-Custom-
#447	REDUCE cov: 85 ft: 124 corp: 24/53b lim: 4 exec/s: 0 rss: 1166Mb L: 4/4 MS: 6 ChangeBit-Custom-InsertByte-Custom-CopyPart-Custom-
#464	REDUCE cov: 85 ft: 127 corp: 25/56b lim: 4 exec/s: 0 rss: 1166Mb L: 3/4 MS: 4 ShuffleBytes-Custom-CopyPart-Custom-
#466	NEW    cov: 85 ft: 141 corp: 26/60b lim: 4 exec/s: 0 rss: 1167Mb L: 4/4 MS: 4 ChangeByte-Custom-CopyPart-Custom-
#480	REDUCE cov: 85 ft: 144 corp: 27/64b lim: 4 exec/s: 0 rss: 1167Mb L: 4/4 MS: 8 InsertByte-Custom-ShuffleBytes-Custom-CrossOver-Custom-CopyPart-Custom-
#520	REDUCE cov: 85 ft: 144 corp: 27/63b lim: 4 exec/s: 0 rss: 1167Mb L: 1/4 MS: 10 ChangeBit-Custom-CopyPart-Custom-ChangeBit-Custom-ChangeBinInt-Custom-EraseBytes-Custom-
#793	NEW    cov: 85 ft: 146 corp: 28/69b lim: 6 exec/s: 0 rss: 1168Mb L: 6/6 MS: 6 ChangeBit-Custom-InsertByte-Custom-CopyPart-Custom-
#877	REDUCE cov: 85 ft: 146 corp: 28/68b lim: 6 exec/s: 0 rss: 1169Mb L: 5/5 MS: 8 ChangeByte-Custom-ChangeByte-Custom-ChangeBit-Custom-EraseBytes-Custom-
INFO: Instrumented org.apache.commons.cli.Util (took 12 ms, size +74%)
#923	NEW    cov: 85 ft: 148 corp: 29/73b lim: 6 exec/s: 0 rss: 1169Mb L: 5/5 MS: 2 CopyPart-Custom-
#934	NEW    cov: 85 ft: 150 corp: 30/79b lim: 6 exec/s: 0 rss: 1169Mb L: 6/6 MS: 2 InsertRepeatedBytes-Custom-
#1066	REDUCE cov: 85 ft: 154 corp: 31/85b lim: 6 exec/s: 0 rss: 1170Mb L: 6/6 MS: 4 ChangeBit-Custom-InsertRepeatedBytes-Custom-
#1090	REDUCE cov: 85 ft: 154 corp: 31/84b lim: 6 exec/s: 0 rss: 1170Mb L: 5/6 MS: 8 ShuffleBytes-Custom-CopyPart-Custom-EraseBytes-Custom-CopyPart-Custom-
#1313	REDUCE cov: 85 ft: 156 corp: 32/91b lim: 8 exec/s: 0 rss: 1172Mb L: 7/7 MS: 6 ChangeByte-Custom-InsertByte-Custom-InsertByte-Custom-
#1329	NEW    cov: 85 ft: 167 corp: 33/98b lim: 8 exec/s: 0 rss: 1172Mb L: 7/7 MS: 2 ShuffleBytes-Custom-
#1416	NEW    cov: 85 ft: 171 corp: 34/106b lim: 8 exec/s: 0 rss: 1172Mb L: 8/8 MS: 4 ShuffleBytes-Custom-CopyPart-Custom-
#1659	NEW    cov: 85 ft: 173 corp: 35/113b lim: 8 exec/s: 0 rss: 1173Mb L: 7/8 MS: 6 ChangeBit-Custom-CopyPart-Custom-InsertRepeatedBytes-Custom-
#1853	NEW    cov: 85 ft: 178 corp: 36/121b lim: 8 exec/s: 0 rss: 1175Mb L: 8/8 MS: 8 CopyPart-Custom-CopyPart-Custom-CrossOver-Custom-ChangeByte-Custom-
#1875	NEW    cov: 85 ft: 181 corp: 37/129b lim: 8 exec/s: 0 rss: 1175Mb L: 8/8 MS: 4 CopyPart-Custom-InsertRepeatedBytes-Custom-
#1969	REDUCE cov: 85 ft: 183 corp: 38/136b lim: 8 exec/s: 0 rss: 1175Mb L: 7/8 MS: 8 PersAutoDict-Custom-EraseBytes-Custom-InsertRepeatedBytes-Custom-CrossOver-Custom- DE: "\377\377"-
#2415	NEW    cov: 85 ft: 190 corp: 39/147b lim: 11 exec/s: 0 rss: 1178Mb L: 11/11 MS: 2 InsertRepeatedBytes-Custom-
#2427	NEW    cov: 85 ft: 192 corp: 40/157b lim: 11 exec/s: 0 rss: 1178Mb L: 10/11 MS: 4 CopyPart-Custom-CrossOver-Custom-
#2493	REDUCE cov: 85 ft: 192 corp: 40/156b lim: 11 exec/s: 0 rss: 1178Mb L: 4/11 MS: 2 EraseBytes-Custom-
#2517	NEW    cov: 85 ft: 200 corp: 41/167b lim: 11 exec/s: 0 rss: 1179Mb L: 11/11 MS: 8 PersAutoDict-Custom-ChangeBinInt-Custom-PersAutoDict-Custom-CopyPart-Custom- DE: "\377\377"-"\377\377"-
#2603	NEW    cov: 85 ft: 203 corp: 42/175b lim: 11 exec/s: 0 rss: 1182Mb L: 8/11 MS: 2 InsertRepeatedBytes-Custom-
#2680	NEW    cov: 85 ft: 205 corp: 43/185b lim: 11 exec/s: 0 rss: 1185Mb L: 10/11 MS: 4 CopyPart-Custom-CMP-Custom- DE: "\000\000"-
#2764	NEW    cov: 85 ft: 207 corp: 44/196b lim: 11 exec/s: 0 rss: 1185Mb L: 11/11 MS: 8 CrossOver-Custom-CopyPart-Custom-ShuffleBytes-Custom-ShuffleBytes-Custom-
#2829	REDUCE cov: 85 ft: 207 corp: 44/195b lim: 11 exec/s: 0 rss: 1185Mb L: 10/11 MS: 10 PersAutoDict-Custom-ShuffleBytes-Custom-EraseBytes-Custom-ChangeBit-Custom-InsertByte-Custom- DE: "\377\377"-
#2865	NEW    cov: 85 ft: 208 corp: 45/204b lim: 11 exec/s: 0 rss: 1186Mb L: 9/11 MS: 2 InsertRepeatedBytes-Custom-
#3026	NEW    cov: 85 ft: 218 corp: 46/215b lim: 11 exec/s: 0 rss: 1187Mb L: 11/11 MS: 2 ChangeBinInt-Custom-
#3387	REDUCE cov: 85 ft: 218 corp: 46/214b lim: 14 exec/s: 0 rss: 1189Mb L: 1/11 MS: 2 EraseBytes-Custom-
#3444	NEW    cov: 85 ft: 222 corp: 47/226b lim: 14 exec/s: 0 rss: 1189Mb L: 12/12 MS: 4 CrossOver-Custom-CopyPart-Custom-
#3496	NEW    cov: 85 ft: 226 corp: 48/240b lim: 14 exec/s: 0 rss: 1190Mb L: 14/14 MS: 4 InsertRepeatedBytes-Custom-ChangeBinInt-Custom-
#3603	REDUCE cov: 85 ft: 226 corp: 48/239b lim: 14 exec/s: 0 rss: 1190Mb L: 7/14 MS: 4 ShuffleBytes-Custom-EraseBytes-Custom-
#3641	REDUCE cov: 85 ft: 226 corp: 48/238b lim: 14 exec/s: 0 rss: 1190Mb L: 4/14 MS: 6 InsertByte-Custom-ChangeByte-Custom-EraseBytes-Custom-
#3702	REDUCE cov: 85 ft: 226 corp: 48/237b lim: 14 exec/s: 0 rss: 1191Mb L: 8/14 MS: 2 EraseBytes-Custom-
#3752	REDUCE cov: 85 ft: 228 corp: 49/247b lim: 14 exec/s: 0 rss: 1191Mb L: 10/14 MS: 10 ChangeBit-Custom-InsertRepeatedBytes-Custom-ChangeBinInt-Custom-EraseBytes-Custom-InsertRepeatedBytes-Custom-
#4076	NEW    cov: 85 ft: 230 corp: 50/259b lim: 17 exec/s: 0 rss: 1193Mb L: 12/14 MS: 8 InsertByte-Custom-InsertByte-Custom-ChangeByte-Custom-InsertRepeatedBytes-Custom-
#4115	NEW    cov: 87 ft: 232 corp: 51/261b lim: 17 exec/s: 0 rss: 1194Mb L: 2/14 MS: 8 ChangeBit-Custom-ShuffleBytes-Custom-ChangeByte-Custom-InsertByte-Custom-
#5552	NEW    cov: 87 ft: 260 corp: 52/288b lim: 29 exec/s: 0 rss: 1212Mb L: 27/27 MS: 4 ShuffleBytes-Custom-InsertRepeatedBytes-Custom-
#6099	NEW    cov: 87 ft: 262 corp: 53/321b lim: 33 exec/s: 0 rss: 1217Mb L: 33/33 MS: 4 ChangeBit-Custom-InsertRepeatedBytes-Custom-
#6498	REDUCE cov: 87 ft: 262 corp: 53/320b lim: 33 exec/s: 0 rss: 1220Mb L: 11/33 MS: 8 EraseBytes-Custom-InsertByte-Custom-ShuffleBytes-Custom-CopyPart-Custom-
#6789	REDUCE cov: 87 ft: 262 corp: 53/319b lim: 33 exec/s: 0 rss: 1222Mb L: 7/33 MS: 2 EraseBytes-Custom-
#7067	REDUCE cov: 87 ft: 262 corp: 53/318b lim: 33 exec/s: 0 rss: 1224Mb L: 26/33 MS: 6 ChangeBit-Custom-EraseBytes-Custom-InsertByte-Custom-
#7324	REDUCE cov: 87 ft: 262 corp: 53/307b lim: 33 exec/s: 0 rss: 1229Mb L: 22/26 MS: 4 ChangeBinInt-Custom-EraseBytes-Custom-
#8577	NEW    cov: 87 ft: 264 corp: 54/349b lim: 43 exec/s: 0 rss: 1238Mb L: 42/42 MS: 6 InsertByte-Custom-ShuffleBytes-Custom-InsertRepeatedBytes-Custom-
#8674	REDUCE cov: 87 ft: 269 corp: 55/392b lim: 43 exec/s: 0 rss: 1239Mb L: 43/43 MS: 4 InsertRepeatedBytes-Custom-InsertRepeatedBytes-Custom-
#9188	REDUCE cov: 87 ft: 271 corp: 56/437b lim: 48 exec/s: 0 rss: 1242Mb L: 45/45 MS: 8 ChangeByte-Custom-CrossOver-Custom-ChangeBit-Custom-InsertRepeatedBytes-Custom-
#9558	REDUCE cov: 87 ft: 271 corp: 56/436b lim: 48 exec/s: 0 rss: 1248Mb L: 44/44 MS: 10 EraseBytes-Custom-ChangeByte-Custom-ChangeByte-Custom-InsertByte-Custom-InsertRepeatedBytes-Custom-
#10581	NEW    cov: 87 ft: 275 corp: 57/479b lim: 58 exec/s: 0 rss: 1254Mb L: 43/44 MS: 6 ShuffleBytes-Custom-ChangeBit-Custom-InsertRepeatedBytes-Custom-
#10602	REDUCE cov: 87 ft: 275 corp: 57/478b lim: 58 exec/s: 0 rss: 1254Mb L: 10/44 MS: 2 EraseBytes-Custom-
#10709	NEW    cov: 87 ft: 278 corp: 58/523b lim: 58 exec/s: 0 rss: 1255Mb L: 45/45 MS: 4 PersAutoDict-Custom-InsertRepeatedBytes-Custom- DE: "\000\000"-
#10951	REDUCE cov: 87 ft: 278 corp: 58/515b lim: 58 exec/s: 0 rss: 1256Mb L: 37/44 MS: 4 CopyPart-Custom-EraseBytes-Custom-
#11132	REDUCE cov: 87 ft: 278 corp: 58/506b lim: 58 exec/s: 0 rss: 1257Mb L: 28/44 MS: 2 EraseBytes-Custom-
#11400	REDUCE cov: 87 ft: 278 corp: 58/505b lim: 58 exec/s: 0 rss: 1259Mb L: 10/44 MS: 6 EraseBytes-Custom-ChangeBit-Custom-ShuffleBytes-Custom-
#11766	REDUCE cov: 87 ft: 278 corp: 58/503b lim: 58 exec/s: 0 rss: 1261Mb L: 8/44 MS: 2 EraseBytes-Custom-
#11959	NEW    cov: 87 ft: 282 corp: 59/554b lim: 58 exec/s: 0 rss: 1262Mb L: 51/51 MS: 6 ChangeByte-Custom-InsertRepeatedBytes-Custom-CopyPart-Custom-
#11981	REDUCE cov: 87 ft: 282 corp: 59/538b lim: 58 exec/s: 0 rss: 1262Mb L: 26/51 MS: 4 InsertByte-Custom-EraseBytes-Custom-
#12310	REDUCE cov: 87 ft: 282 corp: 59/520b lim: 58 exec/s: 0 rss: 1264Mb L: 25/51 MS: 8 CrossOver-Custom-PersAutoDict-Custom-InsertByte-Custom-EraseBytes-Custom- DE: "\377\377"-
#12793	REDUCE cov: 87 ft: 282 corp: 59/518b lim: 58 exec/s: 0 rss: 1267Mb L: 26/51 MS: 6 ShuffleBytes-Custom-ChangeBit-Custom-EraseBytes-Custom-
#12804	REDUCE cov: 87 ft: 282 corp: 59/513b lim: 58 exec/s: 0 rss: 1267Mb L: 46/46 MS: 2 EraseBytes-Custom-
#12806	REDUCE cov: 87 ft: 282 corp: 59/512b lim: 58 exec/s: 0 rss: 1267Mb L: 7/46 MS: 4 EraseBytes-Custom-ShuffleBytes-Custom-
#13107	REDUCE cov: 87 ft: 282 corp: 59/508b lim: 58 exec/s: 0 rss: 1269Mb L: 42/44 MS: 2 EraseBytes-Custom-
#13458	REDUCE cov: 87 ft: 282 corp: 59/507b lim: 58 exec/s: 0 rss: 1270Mb L: 25/44 MS: 2 EraseBytes-Custom-
#14476	REDUCE cov: 87 ft: 282 corp: 59/506b lim: 68 exec/s: 0 rss: 1276Mb L: 25/44 MS: 6 InsertByte-Custom-ChangeBinInt-Custom-EraseBytes-Custom-
#14997	REDUCE cov: 87 ft: 282 corp: 59/505b lim: 68 exec/s: 0 rss: 1279Mb L: 24/44 MS: 2 EraseBytes-Custom-
#15684	REDUCE cov: 87 ft: 282 corp: 59/504b lim: 74 exec/s: 0 rss: 1283Mb L: 24/44 MS: 4 ChangeByte-Custom-EraseBytes-Custom-
#15957	REDUCE cov: 87 ft: 282 corp: 59/503b lim: 74 exec/s: 0 rss: 1285Mb L: 2/44 MS: 6 ShuffleBytes-Custom-ChangeBit-Custom-EraseBytes-Custom-
#16457	NEW    cov: 87 ft: 284 corp: 60/573b lim: 74 exec/s: 0 rss: 1285Mb L: 70/70 MS: 10 CopyPart-Custom-ChangeBit-Custom-InsertRepeatedBytes-Custom-InsertRepeatedBytes-Custom-CopyPart-Custom-
#16813	REDUCE cov: 87 ft: 284 corp: 60/571b lim: 74 exec/s: 0 rss: 1285Mb L: 8/70 MS: 2 EraseBytes-Custom-
#17797	REDUCE cov: 87 ft: 284 corp: 60/570b lim: 80 exec/s: 0 rss: 1290Mb L: 43/70 MS: 8 EraseBytes-Custom-PersAutoDict-Custom-PersAutoDict-Custom-CopyPart-Custom- DE: "\377\377"-"\377\377"-
#19566	REDUCE cov: 87 ft: 288 corp: 61/647b lim: 92 exec/s: 0 rss: 1300Mb L: 77/77 MS: 8 InsertRepeatedBytes-Custom-ChangeByte-Custom-ChangeBinInt-Custom-InsertRepeatedBytes-Custom-
#19778	REDUCE cov: 87 ft: 288 corp: 61/646b lim: 92 exec/s: 0 rss: 1302Mb L: 10/77 MS: 4 CopyPart-Custom-EraseBytes-Custom-
#20009	REDUCE cov: 87 ft: 288 corp: 61/638b lim: 92 exec/s: 0 rss: 1303Mb L: 16/77 MS: 2 EraseBytes-Custom-
#20253	NEW    cov: 87 ft: 291 corp: 62/721b lim: 92 exec/s: 0 rss: 1304Mb L: 83/83 MS: 8 ChangeBinInt-Custom-InsertRepeatedBytes-Custom-InsertRepeatedBytes-Custom-InsertRepeatedBytes-Custom-
#20987	REDUCE cov: 87 ft: 293 corp: 63/793b lim: 98 exec/s: 0 rss: 1304Mb L: 72/83 MS: 8 EraseBytes-Custom-InsertRepeatedBytes-Custom-ChangeBit-Custom-CMP-Custom- DE: "\005\000"-
#21097	REDUCE cov: 87 ft: 293 corp: 63/789b lim: 98 exec/s: 0 rss: 1304Mb L: 73/83 MS: 10 CopyPart-Custom-ChangeBit-Custom-ChangeBinInt-Custom-InsertRepeatedBytes-Custom-EraseBytes-Custom-
#21518	REDUCE cov: 87 ft: 293 corp: 63/788b lim: 98 exec/s: 0 rss: 1306Mb L: 13/83 MS: 2 EraseBytes-Custom-
#21557	REDUCE cov: 87 ft: 293 corp: 63/787b lim: 98 exec/s: 0 rss: 1306Mb L: 42/83 MS: 8 ChangeByte-Custom-ChangeBit-Custom-CrossOver-Custom-EraseBytes-Custom-
#22526	REDUCE cov: 87 ft: 293 corp: 63/786b lim: 104 exec/s: 0 rss: 1311Mb L: 41/83 MS: 8 ChangeBinInt-Custom-EraseBytes-Custom-InsertRepeatedBytes-Custom-EraseBytes-Custom-
#22923	REDUCE cov: 87 ft: 293 corp: 63/784b lim: 104 exec/s: 0 rss: 1313Mb L: 39/83 MS: 4 InsertByte-Custom-EraseBytes-Custom-
#23642	REDUCE cov: 87 ft: 293 corp: 63/783b lim: 110 exec/s: 0 rss: 1317Mb L: 82/82 MS: 8 InsertRepeatedBytes-Custom-ChangeByte-Custom-ChangeBinInt-Custom-EraseBytes-Custom-
#23708	REDUCE cov: 87 ft: 293 corp: 63/782b lim: 110 exec/s: 0 rss: 1318Mb L: 42/82 MS: 2 EraseBytes-Custom-
#24082	NEW    cov: 87 ft: 297 corp: 64/891b lim: 110 exec/s: 0 rss: 1320Mb L: 109/109 MS: 8 CopyPart-Custom-PersAutoDict-Custom-InsertRepeatedBytes-Custom-CopyPart-Custom- DE: "\005\000"-
#24270	REDUCE cov: 87 ft: 297 corp: 64/889b lim: 110 exec/s: 0 rss: 1321Mb L: 107/107 MS: 6 CMP-Custom-CopyPart-Custom-EraseBytes-Custom- DE: "\000\000\000\000\000\000\000\000"-
#25562	NEW    cov: 87 ft: 302 corp: 65/1009b lim: 122 exec/s: 0 rss: 1323Mb L: 120/120 MS: 4 InsertRepeatedBytes-Custom-CopyPart-Custom-
#26326	REDUCE cov: 87 ft: 302 corp: 65/1005b lim: 128 exec/s: 0 rss: 1327Mb L: 103/120 MS: 8 ChangeBinInt-Custom-ShuffleBytes-Custom-EraseBytes-Custom-InsertRepeatedBytes-Custom-
#28104	REDUCE cov: 87 ft: 302 corp: 65/1003b lim: 142 exec/s: 0 rss: 1336Mb L: 37/120 MS: 6 ChangeByte-Custom-ChangeBit-Custom-EraseBytes-Custom-
#28499	REDUCE cov: 87 ft: 302 corp: 65/1002b lim: 142 exec/s: 0 rss: 1338Mb L: 41/120 MS: 10 ChangeBit-Custom-ChangeByte-Custom-EraseBytes-Custom-ChangeByte-Custom-CrossOver-Custom-
#29005	REDUCE cov: 87 ft: 302 corp: 65/998b lim: 142 exec/s: 0 rss: 1341Mb L: 12/120 MS: 2 EraseBytes-Custom-
#29995	REDUCE cov: 87 ft: 302 corp: 65/996b lim: 149 exec/s: 0 rss: 1347Mb L: 118/118 MS: 10 InsertByte-Custom-ChangeByte-Custom-ChangeByte-Custom-EraseBytes-Custom-InsertRepeatedBytes-Custom-
#30243	REDUCE cov: 87 ft: 302 corp: 65/994b lim: 149 exec/s: 0 rss: 1348Mb L: 116/116 MS: 6 ShuffleBytes-Custom-PersAutoDict-Custom-EraseBytes-Custom- DE: "\005\000"-
#30525	REDUCE cov: 87 ft: 302 corp: 65/992b lim: 149 exec/s: 0 rss: 1350Mb L: 23/116 MS: 4 PersAutoDict-Custom-EraseBytes-Custom- DE: "\377\377"-
#32567	REDUCE cov: 87 ft: 302 corp: 65/991b lim: 163 exec/s: 0 rss: 1361Mb L: 72/116 MS: 4 ChangeBit-Custom-EraseBytes-Custom-
#35210	REDUCE cov: 87 ft: 302 corp: 65/990b lim: 184 exec/s: 0 rss: 1375Mb L: 11/116 MS: 6 CopyPart-Custom-ChangeByte-Custom-EraseBytes-Custom-
#35707	REDUCE cov: 87 ft: 302 corp: 65/989b lim: 184 exec/s: 0 rss: 1378Mb L: 10/116 MS: 4 CrossOver-Custom-EraseBytes-Custom-
#38078	REDUCE cov: 87 ft: 302 corp: 65/985b lim: 205 exec/s: 0 rss: 1391Mb L: 22/116 MS: 2 EraseBytes-Custom-
#38792	NEW    cov: 87 ft: 304 corp: 66/1196b lim: 212 exec/s: 0 rss: 1395Mb L: 211/211 MS: 8 ChangeBit-Custom-InsertRepeatedBytes-Custom-CopyPart-Custom-InsertRepeatedBytes-Custom-
#42873	REDUCE cov: 87 ft: 304 corp: 66/1195b lim: 247 exec/s: 0 rss: 1417Mb L: 7/211 MS: 2 EraseBytes-Custom-
#47367	REDUCE cov: 87 ft: 304 corp: 66/1194b lim: 285 exec/s: 0 rss: 1425Mb L: 11/211 MS: 8 CrossOver-Custom-CrossOver-Custom-EraseBytes-Custom-ShuffleBytes-Custom-
#58535	REDUCE cov: 87 ft: 304 corp: 66/1193b lim: 389 exec/s: 0 rss: 1443Mb L: 9/211 MS: 6 CopyPart-Custom-EraseBytes-Custom-InsertByte-Custom-
#60366	REDUCE cov: 87 ft: 304 corp: 66/1192b lim: 405 exec/s: 60366 rss: 1448Mb L: 8/211 MS: 2 EraseBytes-Custom-
#61159	NEW    cov: 89 ft: 306 corp: 67/1197b lim: 405 exec/s: 61159 rss: 1449Mb L: 5/211 MS: 6 CrossOver-Custom-CopyPart-Custom-InsertByte-Custom-
#62938	REDUCE cov: 89 ft: 306 corp: 67/1196b lim: 421 exec/s: 62938 rss: 1450Mb L: 36/211 MS: 8 PersAutoDict-Custom-ChangeBit-Custom-ChangeBinInt-Custom-EraseBytes-Custom- DE: "\005\000"-
#67132	REDUCE cov: 89 ft: 306 corp: 67/1190b lim: 461 exec/s: 67132 rss: 1450Mb L: 76/211 MS: 8 InsertRepeatedBytes-Custom-CMP-Custom-EraseBytes-Custom-EraseBytes-Custom- DE: "\001\031"-
#73022	REDUCE cov: 89 ft: 306 corp: 67/1189b lim: 517 exec/s: 73022 rss: 1450Mb L: 7/211 MS: 10 EraseBytes-Custom-ShuffleBytes-Custom-ShuffleBytes-Custom-ShuffleBytes-Custom-ShuffleBytes-Custom-
#73369	REDUCE cov: 89 ft: 306 corp: 67/1188b lim: 517 exec/s: 73369 rss: 1450Mb L: 22/211 MS: 4 CrossOver-Custom-EraseBytes-Custom-
#78562	REDUCE cov: 89 ft: 306 corp: 67/1187b lim: 562 exec/s: 78562 rss: 1450Mb L: 115/211 MS: 6 EraseBytes-Custom-InsertByte-Custom-PersAutoDict-Custom- DE: "\000\000\000\000\000\000\000\000"-
#81045	REDUCE cov: 89 ft: 306 corp: 67/1185b lim: 580 exec/s: 81045 rss: 1450Mb L: 3/211 MS: 6 ChangeBit-Custom-CrossOver-Custom-EraseBytes-Custom-
#84914	REDUCE cov: 89 ft: 306 corp: 67/1184b lim: 616 exec/s: 84914 rss: 1450Mb L: 35/211 MS: 8 ChangeASCIIInt-Custom-EraseBytes-Custom-ChangeASCIIInt-Custom-CopyPart-Custom-
#86144	REDUCE cov: 89 ft: 306 corp: 67/1183b lim: 625 exec/s: 86144 rss: 1450Mb L: 71/211 MS: 10 InsertByte-Custom-InsertRepeatedBytes-Custom-PersAutoDict-Custom-CopyPart-Custom-EraseBytes-Custom- DE: "\001\031"-
#87445	REDUCE cov: 89 ft: 306 corp: 67/1182b lim: 634 exec/s: 87445 rss: 1450Mb L: 34/211 MS: 2 EraseBytes-Custom-
#87745	REDUCE cov: 89 ft: 306 corp: 67/1181b lim: 634 exec/s: 87745 rss: 1450Mb L: 70/211 MS: 10 ShuffleBytes-Custom-CopyPart-Custom-ChangeBit-Custom-PersAutoDict-Custom-EraseBytes-Custom- DE: "\005\000"-
#93236	REDUCE cov: 89 ft: 306 corp: 67/1180b lim: 688 exec/s: 93236 rss: 1451Mb L: 10/211 MS: 2 EraseBytes-Custom-
#94205	REDUCE cov: 89 ft: 306 corp: 67/1179b lim: 697 exec/s: 94205 rss: 1451Mb L: 23/211 MS: 8 ChangeBit-Custom-ChangeBinInt-Custom-EraseBytes-Custom-InsertByte-Custom-
#98703	REDUCE cov: 89 ft: 306 corp: 67/1178b lim: 733 exec/s: 98703 rss: 1451Mb L: 10/211 MS: 6 EraseBytes-Custom-ChangeBinInt-Custom-ShuffleBytes-Custom-
#101286	REDUCE cov: 89 ft: 306 corp: 67/1170b lim: 751 exec/s: 101286 rss: 1451Mb L: 33/211 MS: 6 ChangeBit-Custom-ChangeByte-Custom-EraseBytes-Custom-
#101967	REDUCE cov: 89 ft: 306 corp: 67/1161b lim: 751 exec/s: 101967 rss: 1451Mb L: 24/211 MS: 2 EraseBytes-Custom-
#104495	REDUCE cov: 89 ft: 306 corp: 67/1159b lim: 769 exec/s: 104495 rss: 1451Mb L: 113/211 MS: 6 ChangeBinInt-Custom-CopyPart-Custom-EraseBytes-Custom-
#104531	REDUCE cov: 89 ft: 306 corp: 67/1156b lim: 769 exec/s: 104531 rss: 1451Mb L: 10/211 MS: 2 EraseBytes-Custom-
#104831	REDUCE cov: 89 ft: 310 corp: 68/1452b lim: 769 exec/s: 104831 rss: 1451Mb L: 296/296 MS: 10 InsertRepeatedBytes-Custom-CrossOver-Custom-InsertRepeatedBytes-Custom-ShuffleBytes-Custom-InsertRepeatedBytes-Custom-
#105745	REDUCE cov: 89 ft: 310 corp: 68/1392b lim: 778 exec/s: 105745 rss: 1451Mb L: 236/236 MS: 8 ChangeBinInt-Custom-ChangeBinInt-Custom-InsertByte-Custom-EraseBytes-Custom-
#105942	REDUCE cov: 89 ft: 310 corp: 68/1390b lim: 778 exec/s: 105942 rss: 1451Mb L: 22/236 MS: 4 ChangeASCIIInt-Custom-EraseBytes-Custom-
#108156	REDUCE cov: 89 ft: 310 corp: 68/1383b lim: 796 exec/s: 108156 rss: 1451Mb L: 204/236 MS: 8 InsertRepeatedBytes-Custom-CrossOver-Custom-EraseBytes-Custom-CrossOver-Custom-
#108229	REDUCE cov: 89 ft: 310 corp: 68/1382b lim: 796 exec/s: 108229 rss: 1451Mb L: 21/236 MS: 6 CrossOver-Custom-ShuffleBytes-Custom-EraseBytes-Custom-
#109765	REDUCE cov: 89 ft: 310 corp: 68/1373b lim: 805 exec/s: 109765 rss: 1451Mb L: 12/236 MS: 2 EraseBytes-Custom-
#110829	REDUCE cov: 89 ft: 310 corp: 68/1369b lim: 814 exec/s: 110829 rss: 1451Mb L: 8/236 MS: 8 InsertByte-Custom-ChangeBit-Custom-ChangeBit-Custom-EraseBytes-Custom-
#111020	REDUCE cov: 89 ft: 310 corp: 68/1368b lim: 814 exec/s: 111020 rss: 1451Mb L: 22/236 MS: 2 EraseBytes-Custom-
#116001	REDUCE cov: 89 ft: 310 corp: 68/1367b lim: 859 exec/s: 116001 rss: 1454Mb L: 7/236 MS: 2 EraseBytes-Custom-
#121813	REDUCE cov: 89 ft: 310 corp: 68/1366b lim: 913 exec/s: 121813 rss: 1486Mb L: 75/236 MS: 4 ShuffleBytes-Custom-EraseBytes-Custom-
#127972	REDUCE cov: 89 ft: 310 corp: 68/1365b lim: 967 exec/s: 127972 rss: 1520Mb L: 235/235 MS: 8 EraseBytes-Custom-ChangeByte-Custom-ChangeBit-Custom-CrossOver-Custom-
#134227	REDUCE cov: 89 ft: 310 corp: 68/1359b lim: 1021 exec/s: 134227 rss: 1555Mb L: 107/235 MS: 10 EraseBytes-Custom-CopyPart-Custom-ChangeBit-Custom-InsertRepeatedBytes-Custom-EraseBytes-Custom-
#143172	REDUCE cov: 89 ft: 310 corp: 68/1348b lim: 1100 exec/s: 143172 rss: 1571Mb L: 224/224 MS: 10 PersAutoDict-Custom-EraseBytes-Custom-PersAutoDict-Custom-CopyPart-Custom-EraseBytes-Custom- DE: "\001\031"-"\000\000\000\000\000\000\000\000"-
#147559	REDUCE cov: 89 ft: 310 corp: 68/1346b lim: 1140 exec/s: 147559 rss: 1571Mb L: 5/224 MS: 4 EraseBytes-Custom-ChangeBinInt-Custom-
#170245	REDUCE cov: 89 ft: 310 corp: 68/1341b lim: 1360 exec/s: 170245 rss: 1571Mb L: 219/219 MS: 2 EraseBytes-Custom-
#178980	REDUCE cov: 89 ft: 310 corp: 68/1334b lim: 1440 exec/s: 178980 rss: 1571Mb L: 212/212 MS: 10 InsertRepeatedBytes-Custom-CopyPart-Custom-ChangeBit-Custom-ChangeBinInt-Custom-EraseBytes-Custom-
#183851	REDUCE cov: 89 ft: 310 corp: 68/1331b lim: 1480 exec/s: 183851 rss: 1571Mb L: 39/212 MS: 2 EraseBytes-Custom-
#187366	REDUCE cov: 89 ft: 310 corp: 68/1320b lim: 1510 exec/s: 187366 rss: 1571Mb L: 201/204 MS: 10 CopyPart-Custom-ChangeBinInt-Custom-ChangeBinInt-Custom-CMP-Custom-EraseBytes-Custom- DE: "\000\000\000\000\000\000\000\000"-
#187382	REDUCE cov: 89 ft: 310 corp: 68/1306b lim: 1510 exec/s: 187382 rss: 1571Mb L: 187/204 MS: 2 EraseBytes-Custom-
#196386	REDUCE cov: 89 ft: 310 corp: 68/1305b lim: 1590 exec/s: 196386 rss: 1571Mb L: 69/204 MS: 8 EraseBytes-Custom-PersAutoDict-Custom-ChangeBinInt-Custom-CopyPart-Custom- DE: "\005\000"-
#219521	REDUCE cov: 89 ft: 310 corp: 68/1303b lim: 1820 exec/s: 109760 rss: 1571Mb L: 202/202 MS: 10 CopyPart-Custom-EraseBytes-Custom-CrossOver-Custom-CMP-Custom-InsertRepeatedBytes-Custom- DE: "\001\000\000\031"-
#229907	REDUCE cov: 89 ft: 310 corp: 68/1286b lim: 1920 exec/s: 114953 rss: 1571Mb L: 170/202 MS: 2 EraseBytes-Custom-
#232551	REDUCE cov: 89 ft: 310 corp: 68/1279b lim: 1940 exec/s: 116275 rss: 1571Mb L: 163/202 MS: 8 CMP-Custom-ChangeBinInt-Custom-ChangeBit-Custom-EraseBytes-Custom- DE: "\030\000"-
#236395	NEW    cov: 89 ft: 312 corp: 69/1291b lim: 1970 exec/s: 118197 rss: 1571Mb L: 12/202 MS: 8 CMP-Custom-CopyPart-Custom-InsertByte-Custom-CopyPart-Custom- DE: "\011\000"-
#236917	REDUCE cov: 89 ft: 312 corp: 69/1290b lim: 1970 exec/s: 118458 rss: 1571Mb L: 162/202 MS: 4 InsertByte-Custom-EraseBytes-Custom-
#237293	REDUCE cov: 89 ft: 312 corp: 69/1289b lim: 1970 exec/s: 118646 rss: 1571Mb L: 4/202 MS: 2 EraseBytes-Custom-
#243905	NEW    cov: 89 ft: 314 corp: 70/1311b lim: 2030 exec/s: 121952 rss: 1589Mb L: 22/202 MS: 4 CrossOver-Custom-CopyPart-Custom-
#244351	REDUCE cov: 89 ft: 314 corp: 70/1308b lim: 2030 exec/s: 122175 rss: 1591Mb L: 159/202 MS: 2 EraseBytes-Custom-
#244517	REDUCE cov: 89 ft: 314 corp: 70/1304b lim: 2030 exec/s: 122258 rss: 1592Mb L: 8/202 MS: 2 EraseBytes-Custom-
#245303	REDUCE cov: 89 ft: 314 corp: 70/1298b lim: 2030 exec/s: 122651 rss: 1597Mb L: 16/202 MS: 2 EraseBytes-Custom-
#247839	REDUCE cov: 89 ft: 314 corp: 70/1297b lim: 2050 exec/s: 123919 rss: 1611Mb L: 7/202 MS: 2 EraseBytes-Custom-
#249064	REDUCE cov: 89 ft: 314 corp: 70/1296b lim: 2061 exec/s: 124532 rss: 1617Mb L: 6/202 MS: 10 CrossOver-Custom-InsertByte-Custom-ShuffleBytes-Custom-ShuffleBytes-Custom-EraseBytes-Custom-
#254459	REDUCE cov: 89 ft: 314 corp: 70/1294b lim: 2105 exec/s: 127229 rss: 1647Mb L: 157/202 MS: 10 ChangeBinInt-Custom-ChangeBit-Custom-ChangeByte-Custom-InsertByte-Custom-EraseBytes-Custom-
#258097	REDUCE cov: 89 ft: 316 corp: 71/1341b lim: 2138 exec/s: 129048 rss: 1667Mb L: 47/202 MS: 6 CrossOver-Custom-InsertByte-Custom-CopyPart-Custom-
#260609	REDUCE cov: 89 ft: 316 corp: 71/1331b lim: 2160 exec/s: 130304 rss: 1681Mb L: 37/202 MS: 4 ChangeASCIIInt-Custom-EraseBytes-Custom-
#261575	REDUCE cov: 89 ft: 316 corp: 71/1327b lim: 2160 exec/s: 130787 rss: 1687Mb L: 33/202 MS: 2 EraseBytes-Custom-
#262144	pulse  cov: 89 ft: 316 corp: 71/1327b lim: 2160 exec/s: 131072 rss: 1690Mb
#262561	REDUCE cov: 89 ft: 316 corp: 71/1323b lim: 2160 exec/s: 131280 rss: 1692Mb L: 12/202 MS: 2 EraseBytes-Custom-
#271698	REDUCE cov: 89 ft: 316 corp: 71/1320b lim: 2248 exec/s: 135849 rss: 1743Mb L: 30/202 MS: 4 ChangeByte-Custom-EraseBytes-Custom-
#272884	REDUCE cov: 89 ft: 316 corp: 71/1316b lim: 2259 exec/s: 136442 rss: 1749Mb L: 26/202 MS: 2 EraseBytes-Custom-
#272957	REDUCE cov: 89 ft: 316 corp: 71/1315b lim: 2259 exec/s: 136478 rss: 1750Mb L: 68/202 MS: 6 InsertByte-Custom-CrossOver-Custom-EraseBytes-Custom-
#278153	REDUCE cov: 89 ft: 316 corp: 71/1310b lim: 2303 exec/s: 139076 rss: 1779Mb L: 21/202 MS: 2 EraseBytes-Custom-
#280240	REDUCE cov: 89 ft: 316 corp: 71/1309b lim: 2314 exec/s: 140120 rss: 1790Mb L: 11/202 MS: 4 ChangeBit-Custom-EraseBytes-Custom-
#285516	REDUCE cov: 89 ft: 316 corp: 71/1308b lim: 2358 exec/s: 142758 rss: 1792Mb L: 20/202 MS: 2 EraseBytes-Custom-
#290682	REDUCE cov: 89 ft: 316 corp: 71/1307b lim: 2402 exec/s: 145341 rss: 1792Mb L: 10/202 MS: 2 EraseBytes-Custom-
#299229	REDUCE cov: 89 ft: 316 corp: 71/1306b lim: 2479 exec/s: 149614 rss: 1792Mb L: 9/202 MS: 4 InsertByte-Custom-EraseBytes-Custom-
#306895	REDUCE cov: 89 ft: 316 corp: 71/1303b lim: 2545 exec/s: 153447 rss: 1792Mb L: 154/202 MS: 2 EraseBytes-Custom-
#307330	REDUCE cov: 89 ft: 316 corp: 71/1301b lim: 2545 exec/s: 153665 rss: 1792Mb L: 152/202 MS: 10 ShuffleBytes-Custom-ShuffleBytes-Custom-InsertByte-Custom-InsertByte-Custom-EraseBytes-Custom-
#317833	REDUCE cov: 89 ft: 316 corp: 71/1298b lim: 2644 exec/s: 158916 rss: 1792Mb L: 104/202 MS: 6 CrossOver-Custom-EraseBytes-Custom-CMP-Custom- DE: "\377\377\377\377\377\377\377\377"-
#318730	REDUCE cov: 89 ft: 316 corp: 71/1289b lim: 2644 exec/s: 159365 rss: 1792Mb L: 95/202 MS: 4 ShuffleBytes-Custom-EraseBytes-Custom-
#322613	REDUCE cov: 89 ft: 316 corp: 71/1286b lim: 2677 exec/s: 161306 rss: 1792Mb L: 149/202 MS: 6 ShuffleBytes-Custom-ChangeBit-Custom-EraseBytes-Custom-
#324377	REDUCE cov: 89 ft: 316 corp: 71/1285b lim: 2688 exec/s: 162188 rss: 1792Mb L: 8/202 MS: 8 CopyPart-Custom-ShuffleBytes-Custom-ShuffleBytes-Custom-EraseBytes-Custom-
#327410	REDUCE cov: 89 ft: 316 corp: 71/1284b lim: 2710 exec/s: 109136 rss: 1792Mb L: 74/202 MS: 6 ChangeBit-Custom-InsertByte-Custom-EraseBytes-Custom-
#331469	REDUCE cov: 89 ft: 318 corp: 72/1392b lim: 2743 exec/s: 110489 rss: 1792Mb L: 108/202 MS: 8 ShuffleBytes-Custom-InsertRepeatedBytes-Custom-ChangeBinInt-Custom-InsertRepeatedBytes-Custom-
#331847	NEW    cov: 89 ft: 320 corp: 73/1613b lim: 2743 exec/s: 110615 rss: 1792Mb L: 221/221 MS: 6 ChangeBit-Custom-CrossOver-Custom-CopyPart-Custom-
#331998	REDUCE cov: 89 ft: 320 corp: 73/1610b lim: 2743 exec/s: 110666 rss: 1792Mb L: 36/221 MS: 2 EraseBytes-Custom-
#332179	NEW    cov: 89 ft: 322 corp: 74/1779b lim: 2743 exec/s: 110726 rss: 1792Mb L: 169/221 MS: 2 CopyPart-Custom-
#333408	REDUCE cov: 89 ft: 322 corp: 74/1751b lim: 2754 exec/s: 111136 rss: 1792Mb L: 193/202 MS: 8 ShuffleBytes-Custom-InsertByte-Custom-EraseBytes-Custom-InsertByte-Custom-
#333867	REDUCE cov: 89 ft: 322 corp: 74/1720b lim: 2754 exec/s: 111289 rss: 1792Mb L: 162/202 MS: 8 PersAutoDict-Custom-ShuffleBytes-Custom-CopyPart-Custom-EraseBytes-Custom- DE: "\000\000"-
#335249	REDUCE cov: 89 ft: 322 corp: 74/1711b lim: 2765 exec/s: 111749 rss: 1792Mb L: 160/202 MS: 4 CopyPart-Custom-EraseBytes-Custom-
#336004	REDUCE cov: 89 ft: 322 corp: 74/1704b lim: 2765 exec/s: 112001 rss: 1792Mb L: 101/202 MS: 10 ChangeByte-Custom-CMP-Custom-ShuffleBytes-Custom-ShuffleBytes-Custom-EraseBytes-Custom- DE: "\377\377\377\377\377\377\377\377"-
#336276	REDUCE cov: 89 ft: 322 corp: 74/1654b lim: 2765 exec/s: 112092 rss: 1792Mb L: 110/202 MS: 4 CMP-Custom-EraseBytes-Custom- DE: "\000\005"-
#339434	REDUCE cov: 89 ft: 322 corp: 74/1642b lim: 2787 exec/s: 113144 rss: 1792Mb L: 89/202 MS: 6 PersAutoDict-Custom-ChangeBit-Custom-EraseBytes-Custom- DE: "\000\005"-
#340769	REDUCE cov: 89 ft: 322 corp: 74/1638b lim: 2798 exec/s: 113589 rss: 1792Mb L: 66/202 MS: 10 ChangeBit-Custom-ChangeBit-Custom-ShuffleBytes-Custom-CrossOver-Custom-EraseBytes-Custom-
#345200	REDUCE cov: 89 ft: 322 corp: 74/1628b lim: 2842 exec/s: 115066 rss: 1792Mb L: 56/202 MS: 2 EraseBytes-Custom-
#346076	REDUCE cov: 89 ft: 322 corp: 74/1627b lim: 2842 exec/s: 115358 rss: 1792Mb L: 55/202 MS: 2 EraseBytes-Custom-
#348064	REDUCE cov: 89 ft: 322 corp: 74/1621b lim: 2853 exec/s: 116021 rss: 1792Mb L: 49/202 MS: 6 InsertByte-Custom-ShuffleBytes-Custom-EraseBytes-Custom-
#354070	REDUCE cov: 89 ft: 322 corp: 74/1620b lim: 2908 exec/s: 118023 rss: 1792Mb L: 48/202 MS: 2 EraseBytes-Custom-
#355254	REDUCE cov: 89 ft: 322 corp: 74/1587b lim: 2919 exec/s: 118418 rss: 1792Mb L: 129/202 MS: 8 ChangeBit-Custom-ChangeBit-Custom-CrossOver-Custom-EraseBytes-Custom-
#359185	REDUCE cov: 89 ft: 322 corp: 74/1586b lim: 2952 exec/s: 119728 rss: 1792Mb L: 5/202 MS: 2 EraseBytes-Custom-
#364735	REDUCE cov: 89 ft: 322 corp: 74/1584b lim: 3007 exec/s: 121578 rss: 1792Mb L: 46/202 MS: 10 CopyPart-Custom-CMP-Custom-PersAutoDict-Custom-PersAutoDict-Custom-EraseBytes-Custom- DE: "\000\000"-"\005\000"-"\000\000"-
#365632	REDUCE cov: 89 ft: 322 corp: 74/1580b lim: 3007 exec/s: 121877 rss: 1792Mb L: 42/202 MS: 4 PersAutoDict-Custom-EraseBytes-Custom- DE: "\011\000"-
#368869	REDUCE cov: 89 ft: 322 corp: 74/1576b lim: 3029 exec/s: 122956 rss: 1792Mb L: 106/202 MS: 4 InsertRepeatedBytes-Custom-EraseBytes-Custom-
#372515	REDUCE cov: 89 ft: 322 corp: 74/1569b lim: 3062 exec/s: 124171 rss: 1792Mb L: 82/202 MS: 2 EraseBytes-Custom-
#372647	REDUCE cov: 89 ft: 322 corp: 74/1568b lim: 3062 exec/s: 124215 rss: 1792Mb L: 41/202 MS: 4 ChangeByte-Custom-EraseBytes-Custom-
#374199	REDUCE cov: 89 ft: 322 corp: 74/1554b lim: 3073 exec/s: 124733 rss: 1792Mb L: 115/202 MS: 4 PersAutoDict-Custom-EraseBytes-Custom- DE: "\000\000\000\000\000\000\000\000"-
#374740	REDUCE cov: 89 ft: 322 corp: 74/1551b lim: 3073 exec/s: 124913 rss: 1792Mb L: 38/202 MS: 2 EraseBytes-Custom-
#375430	REDUCE cov: 89 ft: 322 corp: 74/1539b lim: 3073 exec/s: 125143 rss: 1792Mb L: 56/202 MS: 10 ShuffleBytes-Custom-ChangeBit-Custom-EraseBytes-Custom-ChangeBinInt-Custom-CrossOver-Custom-
#377161	REDUCE cov: 89 ft: 322 corp: 74/1535b lim: 3084 exec/s: 125720 rss: 1792Mb L: 34/202 MS: 2 EraseBytes-Custom-
#379247	REDUCE cov: 89 ft: 322 corp: 74/1534b lim: 3095 exec/s: 126415 rss: 1792Mb L: 19/202 MS: 2 EraseBytes-Custom-
#380635	REDUCE cov: 89 ft: 322 corp: 74/1525b lim: 3106 exec/s: 126878 rss: 1792Mb L: 47/202 MS: 6 PersAutoDict-Custom-InsertByte-Custom-EraseBytes-Custom- DE: "\001\000\000\031"-
#381896	REDUCE cov: 89 ft: 322 corp: 74/1524b lim: 3117 exec/s: 127298 rss: 1792Mb L: 105/202 MS: 2 EraseBytes-Custom-
#382621	REDUCE cov: 89 ft: 322 corp: 74/1522b lim: 3117 exec/s: 127540 rss: 1792Mb L: 32/202 MS: 10 ChangeBinInt-Custom-PersAutoDict-Custom-CrossOver-Custom-CopyPart-Custom-EraseBytes-Custom- DE: "\001\000\000\031"-
#389022	REDUCE cov: 89 ft: 322 corp: 74/1516b lim: 3172 exec/s: 129674 rss: 1793Mb L: 89/202 MS: 2 EraseBytes-Custom-
#389705	REDUCE cov: 89 ft: 322 corp: 74/1515b lim: 3172 exec/s: 129901 rss: 1793Mb L: 71/202 MS: 6 CrossOver-Custom-ChangeBit-Custom-EraseBytes-Custom-
#391717	REDUCE cov: 89 ft: 322 corp: 74/1514b lim: 3183 exec/s: 130572 rss: 1793Mb L: 46/202 MS: 4 ChangeByte-Custom-EraseBytes-Custom-
#392093	REDUCE cov: 89 ft: 322 corp: 74/1508b lim: 3183 exec/s: 130697 rss: 1793Mb L: 26/202 MS: 2 EraseBytes-Custom-
#392194	REDUCE cov: 89 ft: 322 corp: 74/1507b lim: 3183 exec/s: 130731 rss: 1793Mb L: 45/202 MS: 2 EraseBytes-Custom-
#395140	REDUCE cov: 89 ft: 322 corp: 74/1503b lim: 3205 exec/s: 131713 rss: 1793Mb L: 22/202 MS: 2 EraseBytes-Custom-
#395966	REDUCE cov: 89 ft: 322 corp: 74/1502b lim: 3205 exec/s: 131988 rss: 1793Mb L: 18/202 MS: 2 EraseBytes-Custom-
#396531	REDUCE cov: 89 ft: 322 corp: 74/1499b lim: 3205 exec/s: 132177 rss: 1793Mb L: 68/202 MS: 10 InsertByte-Custom-ChangeByte-Custom-CopyPart-Custom-ShuffleBytes-Custom-EraseBytes-Custom-
#399058	REDUCE cov: 89 ft: 322 corp: 74/1498b lim: 3227 exec/s: 133019 rss: 1793Mb L: 81/202 MS: 4 CMP-Custom-EraseBytes-Custom- DE: "\000\000\000\000\000\000\000\000"-
#402375	REDUCE cov: 89 ft: 322 corp: 74/1497b lim: 3260 exec/s: 134125 rss: 1793Mb L: 21/202 MS: 4 CrossOver-Custom-EraseBytes-Custom-
#402786	REDUCE cov: 89 ft: 322 corp: 74/1493b lim: 3260 exec/s: 134262 rss: 1793Mb L: 17/202 MS: 2 EraseBytes-Custom-
#405207	REDUCE cov: 89 ft: 322 corp: 74/1488b lim: 3282 exec/s: 135069 rss: 1793Mb L: 12/202 MS: 2 EraseBytes-Custom-
#409643	REDUCE cov: 89 ft: 322 corp: 74/1487b lim: 3326 exec/s: 136547 rss: 1793Mb L: 11/202 MS: 2 EraseBytes-Custom-
#413427	REDUCE cov: 89 ft: 322 corp: 74/1483b lim: 3359 exec/s: 137809 rss: 1793Mb L: 41/202 MS: 8 ChangeBinInt-Custom-PersAutoDict-Custom-ChangeBit-Custom-EraseBytes-Custom- DE: "\000\005"-
#417111	REDUCE cov: 89 ft: 322 corp: 74/1482b lim: 3392 exec/s: 139037 rss: 1793Mb L: 10/202 MS: 8 ChangeBinInt-Custom-ShuffleBytes-Custom-CrossOver-Custom-EraseBytes-Custom-
#417707	REDUCE cov: 89 ft: 322 corp: 74/1479b lim: 3392 exec/s: 139235 rss: 1793Mb L: 7/202 MS: 2 EraseBytes-Custom-
#420389	REDUCE cov: 89 ft: 322 corp: 74/1477b lim: 3414 exec/s: 140129 rss: 1793Mb L: 16/202 MS: 4 PersAutoDict-Custom-EraseBytes-Custom- DE: "\011\000"-
#423386	REDUCE cov: 89 ft: 322 corp: 74/1474b lim: 3436 exec/s: 141128 rss: 1793Mb L: 13/202 MS: 4 ShuffleBytes-Custom-EraseBytes-Custom-
#424789	REDUCE cov: 89 ft: 322 corp: 74/1472b lim: 3447 exec/s: 141596 rss: 1793Mb L: 79/202 MS: 6 PersAutoDict-Custom-ShuffleBytes-Custom-EraseBytes-Custom- DE: "\000\000\000\000\000\000\000\000"-
#425496	REDUCE cov: 89 ft: 322 corp: 74/1470b lim: 3447 exec/s: 141832 rss: 1793Mb L: 66/202 MS: 4 CrossOver-Custom-EraseBytes-Custom-
#441336	REDUCE cov: 89 ft: 322 corp: 74/1460b lim: 3601 exec/s: 147112 rss: 1794Mb L: 56/202 MS: 10 CopyPart-Custom-ChangeBinInt-Custom-CrossOver-Custom-EraseBytes-Custom-CopyPart-Custom-
#442182	REDUCE cov: 89 ft: 322 corp: 74/1449b lim: 3601 exec/s: 147394 rss: 1794Mb L: 45/202 MS: 2 EraseBytes-Custom-
#445156	REDUCE cov: 89 ft: 322 corp: 74/1435b lim: 3623 exec/s: 148385 rss: 1794Mb L: 31/202 MS: 8 ChangeBit-Custom-CrossOver-Custom-CrossOver-Custom-EraseBytes-Custom-
#454382	REDUCE cov: 89 ft: 322 corp: 74/1430b lim: 3711 exec/s: 151460 rss: 1794Mb L: 26/202 MS: 2 EraseBytes-Custom-
#466475	REDUCE cov: 89 ft: 322 corp: 74/1429b lim: 3821 exec/s: 155491 rss: 1794Mb L: 40/202 MS: 6 CrossOver-Custom-CopyPart-Custom-EraseBytes-Custom-
#469481	REDUCE cov: 89 ft: 322 corp: 74/1426b lim: 3843 exec/s: 156493 rss: 1794Mb L: 23/202 MS: 2 EraseBytes-Custom-
#472227	REDUCE cov: 89 ft: 322 corp: 74/1421b lim: 3865 exec/s: 157409 rss: 1794Mb L: 18/202 MS: 2 EraseBytes-Custom-
#484308	REDUCE cov: 89 ft: 322 corp: 74/1420b lim: 3975 exec/s: 161436 rss: 1794Mb L: 17/202 MS: 2 EraseBytes-Custom-
#485183	DONE   cov: 89 ft: 322 corp: 74/1420b lim: 3975 exec/s: 121295 rss: 1794Mb
###### Recommended dictionary. ######
"\377\377" # Uses: 7752
"\000\000" # Uses: 7846
"\005\000" # Uses: 6961
"\000\000\000\000\000\000\000\000" # Uses: 5464
"\001\031" # Uses: 5669
"\001\000\000\031" # Uses: 2648
"\030\000" # Uses: 2547
"\011\000" # Uses: 2579
"\377\377\377\377\377\377\377\377" # Uses: 1459
"\000\005" # Uses: 1396
###### End of recommended dictionary. ######
Done 485183 runs in 4 second(s)
[INFO] Tests run: 2, Failures: 0, Errors: 0, Skipped: 0, Time elapsed: 19.18 s -- in com.example.algorithm2.Algorithm2Test
[INFO] 
[INFO] Results:
[INFO] 
[INFO] Tests run: 2, Failures: 0, Errors: 0, Skipped: 0
[INFO] 
[INFO] 
[INFO] --- jacoco:0.8.11:report (default-cli) @ AlgorithmName2 ---
[INFO] Loading execution data file /tmp/bugrun/cli_23.SWi2vU/target/jacoco.exec
[INFO] Analyzed bundle 'AlgorithmName2' with 21 classes
[INFO] ------------------------------------------------------------------------
[INFO] BUILD SUCCESS
[INFO] ------------------------------------------------------------------------
[INFO] Total time:  39.905 s
[INFO] Finished at: 2026-10-06T03:28:59+07:00
[INFO] ------------------------------------------------------------------------
