[INFO] Scanning for projects...
[INFO] 
[INFO] ---------------------< com.example:AlgorithmName2 >---------------------
[INFO] Building AlgorithmName2 1.0-SNAPSHOT
[INFO]   from pom.xml
[INFO] --------------------------------[ jar ]---------------------------------
[INFO] 
[INFO] --- jacoco:0.8.11:prepare-agent (default) @ AlgorithmName2 ---
[INFO] argLine set to -javaagent:/home/kanyaphak673380391-3/.m2/repository/org/jacoco/org.jacoco.agent/0.8.11/org.jacoco.agent-0.8.11-runtime.jar=destfile=/tmp/bugrun/jacksoncore_24.0LyADN/target/jacoco.exec
[INFO] 
[INFO] --- resources:3.4.0:resources (default-resources) @ AlgorithmName2 ---
[INFO] Copying 1 resource from src/main/resources to target/classes
[INFO] 
[INFO] --- compiler:3.15.0:compile (default-compile) @ AlgorithmName2 ---
[INFO] Recompiling the module because of changed source code.
[INFO] Compiling 1 source file with javac [debug target 1.8] to target/classes
[WARNING] bootstrap class path not set in conjunction with -source 8
[INFO] 
[INFO] --- dependency:3.6.0:unpack-dependencies (unpack-defects4j) @ AlgorithmName2 ---
[INFO] 
[INFO] --- resources:3.4.0:testResources (default-testResources) @ AlgorithmName2 ---
[INFO] skip non existing resourceDirectory /tmp/bugrun/jacksoncore_24.0LyADN/src/test/resources
[INFO] 
[INFO] --- compiler:3.15.0:testCompile (default-testCompile) @ AlgorithmName2 ---
[INFO] Recompiling the module because of changed dependency.
[INFO] Compiling 1 source file with javac [debug target 1.8] to target/test-classes
[WARNING] bootstrap class path not set in conjunction with -source 8
[INFO] 
[INFO] --- surefire:3.1.2:test (default-cli) @ AlgorithmName2 ---
[INFO] Using auto detected provider org.apache.maven.surefire.junitplatform.JUnitPlatformProvider
[INFO] 
[INFO] -------------------------------------------------------
[INFO]  T E S T S
[INFO] -------------------------------------------------------
[INFO] Running com.example.algorithm2.Algorithm2Test
OpenJDK 64-Bit Server VM warning: Sharing is only supported for boot loader classes because bootstrap classpath has been appended
INFO: Loaded 284 hooks from com.code_intelligence.jazzer.runtime.TraceCmpHooks
INFO: Loaded 5 hooks from com.code_intelligence.jazzer.runtime.TraceDivHooks
INFO: Loaded 2 hooks from com.code_intelligence.jazzer.runtime.TraceIndirHooks
INFO: Loaded 4 hooks from com.code_intelligence.jazzer.runtime.NativeLibHooks
INFO: Loaded 2 hooks from com.code_intelligence.jazzer.sanitizers.ClojureLangHooks
INFO: Loaded 5 hooks from com.code_intelligence.jazzer.sanitizers.Deserialization
INFO: Loaded 5 hooks from com.code_intelligence.jazzer.sanitizers.ExpressionLanguageInjection
INFO: Loaded 70 hooks from com.code_intelligence.jazzer.sanitizers.LdapInjection
INFO: Loaded 46 hooks from com.code_intelligence.jazzer.sanitizers.NamingContextLookup
INFO: Loaded 1 hooks from com.code_intelligence.jazzer.sanitizers.OsCommandInjection
INFO: Loaded 52 hooks from com.code_intelligence.jazzer.sanitizers.ReflectiveCall
INFO: Loaded 8 hooks from com.code_intelligence.jazzer.sanitizers.RegexInjection
INFO: Loaded 16 hooks from com.code_intelligence.jazzer.sanitizers.RegexRoadblocks
INFO: Loaded 18 hooks from com.code_intelligence.jazzer.sanitizers.ScriptEngineInjection
INFO: Loaded 2 hooks from com.code_intelligence.jazzer.sanitizers.ServerSideRequestForgery
INFO: Loaded 19 hooks from com.code_intelligence.jazzer.sanitizers.SqlInjection
INFO: Loaded 6 hooks from com.code_intelligence.jazzer.sanitizers.XPathInjection
INFO: Instrumented com.example.algorithm2.Algorithm2Test$Skip (took 141 ms, size +44%)
INFO: Instrumented com.example.algorithm2.Algorithm2Test (took 212 ms, size +27%)
INFO: New number of coverage counters: 1024
INFO: Instrumented com.fasterxml.jackson.core.JsonFactory (took 279 ms, size +9%)
INFO: Instrumented com.fasterxml.jackson.core.Versioned (took 1 ms, size +0%)
INFO: Instrumented com.fasterxml.jackson.core.TokenStreamFactory (took 9 ms, size +24%)
INFO: Instrumented com.fasterxml.jackson.core.io.DataOutputAsStream (took 13 ms, size +34%)
INFO: Instrumented com.fasterxml.jackson.core.TSFBuilder (took 64 ms, size +10%)
INFO: Instrumented com.fasterxml.jackson.core.JsonFactoryBuilder (took 18 ms, size +13%)
INFO: Instrumented com.fasterxml.jackson.core.SerializableString (took 1 ms, size +0%)
INFO: New number of coverage counters: 2048
INFO: Instrumented com.fasterxml.jackson.core.JsonParser (took 38 ms, size +10%)
INFO: New number of coverage counters: 4096
INFO: Instrumented com.fasterxml.jackson.core.json.async.NonBlockingJsonParser (took 138 ms, size +23%)
INFO: Instrumented com.fasterxml.jackson.core.async.ByteArrayFeeder (took 3 ms, size +0%)
INFO: Instrumented com.fasterxml.jackson.core.async.NonBlockingInputFeeder (took 0 ms, size +0%)
INFO: Instrumented com.fasterxml.jackson.core.json.async.NonBlockingJsonParserBase (took 58 ms, size +11%)
INFO: Instrumented com.fasterxml.jackson.core.base.ParserBase (took 56 ms, size +17%)
INFO: Instrumented com.fasterxml.jackson.core.base.ParserMinimalBase (took 40 ms, size +15%)
INFO: Instrumented com.fasterxml.jackson.core.JsonGenerator (took 59 ms, size +13%)
INFO: Instrumented com.fasterxml.jackson.core.json.UTF8JsonGenerator (took 83 ms, size +21%)
INFO: Instrumented com.fasterxml.jackson.core.json.JsonGeneratorImpl (took 11 ms, size +15%)
INFO: New number of coverage counters: 8192
INFO: Instrumented com.fasterxml.jackson.core.base.GeneratorBase (took 23 ms, size +14%)
INFO: Instrumented com.fasterxml.jackson.core.io.UTF8Writer (took 32 ms, size +26%)
INFO: Instrumented com.fasterxml.jackson.core.json.WriterBasedJsonGenerator (took 121 ms, size +21%)
INFO: Instrumented com.fasterxml.jackson.core.json.UTF8DataInputJsonParser (took 67 ms, size +22%)
INFO: Instrumented com.fasterxml.jackson.core.json.ReaderBasedJsonParser (took 112 ms, size +25%)
INFO: Instrumented com.fasterxml.jackson.core.JsonFactory$Feature (took 4 ms, size +29%)
INFO: Instrumented com.fasterxml.jackson.core.JsonParser$Feature (took 13 ms, size +22%)
INFO: Instrumented com.fasterxml.jackson.core.JsonGenerator$Feature (took 15 ms, size +24%)
INFO: Instrumented com.fasterxml.jackson.core.util.DefaultPrettyPrinter (took 40 ms, size +14%)
INFO: Instrumented com.fasterxml.jackson.core.PrettyPrinter (took 4 ms, size +28%)
INFO: Instrumented com.fasterxml.jackson.core.util.Instantiatable (took 0 ms, size +0%)
INFO: Instrumented com.fasterxml.jackson.core.util.DefaultPrettyPrinter$Indenter (took 0 ms, size +0%)
INFO: Instrumented com.fasterxml.jackson.core.io.SerializedString (took 15 ms, size +20%)
INFO: Instrumented com.fasterxml.jackson.core.ObjectCodec (took 5 ms, size +13%)
INFO: Instrumented com.fasterxml.jackson.core.TreeCodec (took 5 ms, size +32%)
INFO: Instrumented com.fasterxml.jackson.core.StreamReadFeature (took 8 ms, size +25%)
INFO: Instrumented com.fasterxml.jackson.core.StreamWriteFeature (took 14 ms, size +23%)
INFO: Instrumented com.fasterxml.jackson.core.Version (took 8 ms, size +34%)
INFO: Instrumented com.fasterxml.jackson.core.JsonEncoding (took 7 ms, size +22%)
INFO: Instrumented com.fasterxml.jackson.core.util.BufferRecycler (took 9 ms, size +24%)
INFO: Instrumented com.fasterxml.jackson.core.JsonParseException (took 12 ms, size +16%)
INFO: Instrumented com.fasterxml.jackson.core.exc.StreamReadException (took 10 ms, size +16%)
INFO: Instrumented com.fasterxml.jackson.core.JsonProcessingException (took 20 ms, size +19%)
INFO: Instrumented com.fasterxml.jackson.core.FormatSchema (took 0 ms, size +0%)
INFO: Instrumented com.fasterxml.jackson.core.format.InputAccessor (took 0 ms, size +0%)
INFO: Instrumented com.fasterxml.jackson.core.format.MatchStrength (took 3 ms, size +28%)
INFO: Instrumented com.fasterxml.jackson.core.io.InputDecorator (took 3 ms, size +30%)
INFO: Instrumented com.fasterxml.jackson.core.io.CharacterEscapes (took 3 ms, size +35%)
INFO: Instrumented com.fasterxml.jackson.core.io.OutputDecorator (took 1 ms, size +42%)
[harness] target=com.fasterxml.jackson.core.JsonFactory factories=2 methods=66
INFO: New number of coverage counters: 16384
INFO: Instrumented com.fasterxml.jackson.core.sym.CharsToNameCanonicalizer (took 28 ms, size +14%)
INFO: Instrumented com.fasterxml.jackson.core.sym.CharsToNameCanonicalizer$TableInfo (took 2 ms, size +22%)
INFO: Instrumented com.fasterxml.jackson.core.sym.CharsToNameCanonicalizer$Bucket (took 3 ms, size +39%)
INFO: Instrumented com.fasterxml.jackson.core.sym.ByteQuadsCanonicalizer (took 39 ms, size +19%)
INFO: Instrumented com.fasterxml.jackson.core.sym.ByteQuadsCanonicalizer$TableInfo (took 7 ms, size +22%)
INFO: using inputs from: /tmp/bugrun/jacksoncore_24.0LyADN/.cifuzz-corpus/com.example.algorithm2.Algorithm2Test/testParameterizedFuzzer
INFO: using inputs from: /tmp/jazzer-java-seeds7789509370400618267
INFO: found LLVMFuzzerCustomMutator (0x7b7649b71cd0). Disabling -len_control by default.
INFO: Running with entropic power schedule (0xFF, 100).
INFO: Seed: 2533356866
INFO: Loaded 6 modules   (16384 inline 8-bit counters): 512 [0x7b7700cdd8e0, 0x7b7700cddae0), 512 [0x7b7700cddae0, 0x7b7700cddce0), 1024 [0x7b7700cddce0, 0x7b7700cde0e0), 2048 [0x7b7700cde0e0, 0x7b7700cde8e0), 4096 [0x7b7700cde8e0, 0x7b7700cdf8e0), 8192 [0x7b7700cdf8e0, 0x7b7700ce18e0), 
INFO: Loaded 6 PC tables (16384 PCs): 512 [0x7b7700c7b4a0,0x7b7700c7d4a0), 512 [0x7b77004b69f0,0x7b77004b89f0), 1024 [0x7b77005a6bc0,0x7b77005aabc0), 2048 [0x7b77008e1c90,0x7b77008e9c90), 4096 [0x7b7700c1de60,0x7b7700c2de60), 8192 [0x7b7700848a30,0x7b7700868a30), 
INFO:        0 files found in /tmp/bugrun/jacksoncore_24.0LyADN/.cifuzz-corpus/com.example.algorithm2.Algorithm2Test/testParameterizedFuzzer
INFO:        0 files found in /tmp/jazzer-java-seeds7789509370400618267
INFO: -max_len is not provided; libFuzzer will not generate inputs larger than 4096 bytes
INFO: A corpus is not provided, starting from an empty corpus
#2	INITED cov: 93 ft: 93 corp: 1/1b exec/s: 0 rss: 971Mb
#5	NEW    cov: 167 ft: 172 corp: 2/2b lim: 4 exec/s: 0 rss: 997Mb L: 1/1 MS: 6 CrossOver-Custom-ShuffleBytes-Custom-ChangeByte-Custom-
#6	NEW    cov: 228 ft: 240 corp: 3/3b lim: 4 exec/s: 0 rss: 997Mb L: 1/1 MS: 2 ChangeBit-Custom-
#7	NEW    cov: 246 ft: 279 corp: 4/5b lim: 4 exec/s: 0 rss: 997Mb L: 2/2 MS: 2 CopyPart-Custom-
#8	NEW    cov: 246 ft: 294 corp: 5/7b lim: 4 exec/s: 0 rss: 997Mb L: 2/2 MS: 2 CopyPart-Custom-
#10	NEW    cov: 252 ft: 300 corp: 6/9b lim: 4 exec/s: 0 rss: 997Mb L: 2/2 MS: 4 ChangeBit-Custom-ChangeByte-Custom-
INFO: Instrumented com.fasterxml.jackson.core.io.IOContext (took 32 ms, size +18%)
INFO: #11	NEW    cov: 258 ft: 312 corp: 7/11b lim: 4 exec/s: 0 rss: 997Mb L: 2/2 MS: 2 ChangeBinInt-Custom-
#13	NEW    cov: 265 ft: 362 corp: 8/15b lim: 4 exec/s: 0 rss: 997Mb L: 4/4 MS: 4 CrossOver-Custom-CrossOver-Custom-
#14	REDUCE cov: 265 ft: 362 corp: 8/14b lim: 4 exec/s: 0 rss: 997Mb L: 1/4 MS: 2 EraseBytes-Custom-
#15	NEW    cov: 266 ft: 363 corp: 9/17b lim: 4 exec/s: 0 rss: 997Mb L: 3/4 MS: 2 CopyPart-Custom-
#16	NEW    cov: 266 ft: 364 corp: 10/18b lim: 4 exec/s: 0 rss: 997Mb L: 1/4 MS: 2 CopyPart-Custom-
Instrumented com.fasterxml.jackson.core.util.BufferRecyclers (took 8 ms, size +24%)
INFO: Instrumented com.fasterxml.jackson.core.json.ByteSourceJsonBootstrapper (took 72 ms, size +21%)
INFO: Instrumented com.fasterxml.jackson.core.io.MergedStream (took 11 ms, size +27%)
INFO: Instrumented com.fasterxml.jackson.core.io.UTF32Reader (took 11 ms, size +22%)
INFO: Instrumented com.fasterxml.jackson.core.json.UTF8StreamJsonParser (took 209 ms, size +24%)
INFO: Instrumented com.fasterxml.jackson.core.io.JsonEOFException (took 9 ms, size +33%)
INFO: Instrumented com.fasterxml.jackson.core.exc.InputCoercionException (took 5 ms, size +18%)
INFO: Instrumented com.fasterxml.jackson.core.JsonStreamContext (took 15 ms, size +21%)
INFO: Instrumented com.fasterxml.jackson.core.json.JsonReadContext (took 19 ms, size +16%)
#26	REDUCE cov: 417 ft: 522 corp: 11/21b lim: 4 exec/s: 0 rss: 1110Mb L: 3/4 MS: 10 ChangeBit-Custom-CopyPart-Custom-ShuffleBytes-Custom-ChangeBinInt-Custom-InsertByte-Custom-
#27	NEW    cov: 417 ft: 544 corp: 12/24b lim: 4 exec/s: 0 rss: 1110Mb L: 3/4 MS: 2 InsertByte-Custom-
INFO: Instrumented com.fasterxml.jackson.core.io.CharTypes (took 19 ms, size +23%)
INFO: Instrumented com.fasterxml.jackson.core.util.TextBuffer (took 53 ms, size +21%)
#29	NEW    cov: 492 ft: 625 corp: 13/27b lim: 4 exec/s: 0 rss: 1119Mb L: 3/4 MS: 4 ChangeByte-Custom-ChangeBit-Custom-
#30	NEW    cov: 494 ft: 627 corp: 14/29b lim: 4 exec/s: 0 rss: 1119Mb L: 2/4 MS: 2 EraseBytes-Custom-
#45	NEW    cov: 496 ft: 629 corp: 15/32b lim: 4 exec/s: 0 rss: 1119Mb L: 3/4 MS: 10 InsertByte-Custom-ChangeBit-Custom-ChangeBinInt-Custom-ChangeBinInt-Custom-InsertByte-Custom-
#49	NEW    cov: 497 ft: 630 corp: 16/34b lim: 4 exec/s: 0 rss: 1119Mb L: 2/4 MS: 8 ShuffleBytes-Custom-EraseBytes-Custom-ShuffleBytes-Custom-InsertByte-Custom-
#50	NEW    cov: 498 ft: 635 corp: 17/37b lim: 4 exec/s: 0 rss: 1119Mb L: 3/4 MS: 2 ShuffleBytes-Custom-
#54	NEW    cov: 503 ft: 640 corp: 18/41b lim: 4 exec/s: 0 rss: 1119Mb L: 4/4 MS: 8 InsertByte-Custom-ChangeBit-Custom-ShuffleBytes-Custom-CMP-Custom- DE: "?\000"-
#59	NEW    cov: 504 ft: 641 corp: 19/43b lim: 4 exec/s: 0 rss: 1119Mb L: 2/4 MS: 10 PersAutoDict-Custom-EraseBytes-Custom-CopyPart-Custom-ChangeByte-Custom-EraseBytes-Custom- DE: "?\000"-
#63	REDUCE cov: 504 ft: 649 corp: 20/44b lim: 4 exec/s: 0 rss: 1119Mb L: 1/4 MS: 8 CrossOver-Custom-ChangeByte-Custom-CMP-Custom-CrossOver-Custom- DE: "\000\035"-
#64	NEW    cov: 545 ft: 702 corp: 21/46b lim: 4 exec/s: 0 rss: 1119Mb L: 2/4 MS: 2 CopyPart-Custom-
#66	NEW    cov: 579 ft: 800 corp: 22/49b lim: 4 exec/s: 0 rss: 1119Mb L: 3/4 MS: 4 CopyPart-Custom-ChangeByte-Custom-
#68	NEW    cov: 582 ft: 803 corp: 23/51b lim: 4 exec/s: 0 rss: 1119Mb L: 2/4 MS: 4 PersAutoDict-Custom-ChangeBit-Custom- DE: "?\000"-
#74	REDUCE cov: 582 ft: 803 corp: 23/50b lim: 4 exec/s: 0 rss: 1119Mb L: 1/4 MS: 2 EraseBytes-Custom-
#75	NEW    cov: 584 ft: 807 corp: 24/54b lim: 4 exec/s: 0 rss: 1119Mb L: 4/4 MS: 2 ChangeBit-Custom-
#81	NEW    cov: 584 ft: 808 corp: 25/55b lim: 4 exec/s: 0 rss: 1119Mb L: 1/4 MS: 2 EraseBytes-Custom-
#82	NEW    cov: 584 ft: 809 corp: 26/58b lim: 4 exec/s: 0 rss: 1119Mb L: 3/4 MS: 2 ChangeBit-Custom-
#90	NEW    cov: 584 ft: 815 corp: 27/62b lim: 4 exec/s: 0 rss: 1119Mb L: 4/4 MS: 6 ShuffleBytes-Custom-InsertByte-Custom-CopyPart-Custom-
#93	NEW    cov: 585 ft: 816 corp: 28/64b lim: 4 exec/s: 0 rss: 1119Mb L: 2/4 MS: 6 ChangeBit-Custom-ChangeBit-Custom-EraseBytes-Custom-
#97	NEW    cov: 587 ft: 818 corp: 29/66b lim: 4 exec/s: 0 rss: 1119Mb L: 2/4 MS: 8 CopyPart-Custom-CopyPart-Custom-InsertByte-Custom-EraseBytes-Custom-
#100	NEW    cov: 601 ft: 832 corp: 30/69b lim: 4 exec/s: 0 rss: 1119Mb L: 3/4 MS: 6 EraseBytes-Custom-PersAutoDict-Custom-ChangeByte-Custom- DE: "?\000"-
#108	NEW    cov: 602 ft: 833 corp: 31/73b lim: 4 exec/s: 0 rss: 1119Mb L: 4/4 MS: 6 ShuffleBytes-Custom-PersAutoDict-Custom-ChangeByte-Custom- DE: "\000\035"-
#110	NEW    cov: 605 ft: 849 corp: 32/77b lim: 4 exec/s: 0 rss: 1119Mb L: 4/4 MS: 4 InsertByte-Custom-CopyPart-Custom-
INFO: Instrumented com.fasterxml.jackson.core.JsonGenerationException (took 16 ms, size +19%)
INFO: Instrumented com.fasterxml.jackson.core.json.JsonWriteContext (took 28 ms, size +19%)
#111	NEW    cov: 610 ft: 854 corp: 33/80b lim: 4 exec/s: 0 rss: 1119Mb L: 3/4 MS: 2 ChangeBinInt-Custom-
#113	NEW    cov: 610 ft: 855 corp: 34/82b lim: 4 exec/s: 0 rss: 1119Mb L: 2/4 MS: 4 ChangeBit-Custom-EraseBytes-Custom-
#116	NEW    cov: 612 ft: 857 corp: 35/83b lim: 4 exec/s: 0 rss: 1119Mb L: 1/4 MS: 6 ChangeBit-Custom-ShuffleBytes-Custom-ChangeByte-Custom-
#119	REDUCE cov: 612 ft: 857 corp: 35/81b lim: 4 exec/s: 0 rss: 1119Mb L: 2/4 MS: 6 ChangeByte-Custom-PersAutoDict-Custom-EraseBytes-Custom- DE: "\000\035"-
#122	REDUCE cov: 628 ft: 875 corp: 36/84b lim: 4 exec/s: 0 rss: 1119Mb L: 3/4 MS: 6 InsertByte-Custom-ChangeBinInt-Custom-ChangeByte-Custom-
#126	NEW    cov: 644 ft: 891 corp: 37/85b lim: 4 exec/s: 0 rss: 1120Mb L: 1/4 MS: 8 ShuffleBytes-Custom-ChangeBit-Custom-ChangeByte-Custom-ChangeBit-Custom-
#133	REDUCE cov: 644 ft: 891 corp: 37/84b lim: 4 exec/s: 0 rss: 1120Mb L: 2/4 MS: 4 ShuffleBytes-Custom-EraseBytes-Custom-
#137	NEW    cov: 645 ft: 892 corp: 38/88b lim: 4 exec/s: 0 rss: 1120Mb L: 4/4 MS: 8 CrossOver-Custom-ShuffleBytes-Custom-ShuffleBytes-Custom-ChangeBinInt-Custom-
#160	NEW    cov: 647 ft: 894 corp: 39/90b lim: 4 exec/s: 0 rss: 1120Mb L: 2/4 MS: 6 ShuffleBytes-Custom-CrossOver-Custom-InsertByte-Custom-
#170	NEW    cov: 650 ft: 897 corp: 40/92b lim: 4 exec/s: 0 rss: 1120Mb L: 2/4 MS: 10 ChangeByte-Custom-CrossOver-Custom-ShuffleBytes-Custom-EraseBytes-Custom-ChangeBit-Custom-
#177	NEW    cov: 652 ft: 899 corp: 41/95b lim: 4 exec/s: 0 rss: 1120Mb L: 3/4 MS: 4 ChangeASCIIInt-Custom-ChangeByte-Custom-
#178	NEW    cov: 654 ft: 901 corp: 42/97b lim: 4 exec/s: 0 rss: 1120Mb L: 2/4 MS: 2 ChangeByte-Custom-
#181	REDUCE cov: 655 ft: 902 corp: 43/98b lim: 4 exec/s: 0 rss: 1120Mb L: 1/4 MS: 6 ChangeBit-Custom-ShuffleBytes-Custom-EraseBytes-Custom-
#182	NEW    cov: 657 ft: 925 corp: 44/100b lim: 4 exec/s: 0 rss: 1120Mb L: 2/4 MS: 2 ChangeBinInt-Custom-
#188	NEW    cov: 657 ft: 927 corp: 45/104b lim: 4 exec/s: 0 rss: 1120Mb L: 4/4 MS: 2 ChangeBinInt-Custom-
#190	NEW    cov: 686 ft: 958 corp: 46/108b lim: 4 exec/s: 0 rss: 1120Mb L: 4/4 MS: 4 ChangeBit-Custom-InsertByte-Custom-
#191	NEW    cov: 686 ft: 964 corp: 47/110b lim: 4 exec/s: 0 rss: 1120Mb L: 2/4 MS: 2 ChangeBit-Custom-
#195	NEW    cov: 687 ft: 965 corp: 48/114b lim: 4 exec/s: 0 rss: 1120Mb L: 4/4 MS: 8 ChangeBinInt-Custom-CMP-Custom-CrossOver-Custom-PersAutoDict-Custom- DE: "\005\000"-"?\000"-
#198	REDUCE cov: 687 ft: 965 corp: 48/113b lim: 4 exec/s: 0 rss: 1120Mb L: 2/4 MS: 6 CopyPart-Custom-ShuffleBytes-Custom-EraseBytes-Custom-
#201	REDUCE cov: 688 ft: 966 corp: 49/115b lim: 4 exec/s: 0 rss: 1120Mb L: 2/4 MS: 6 ShuffleBytes-Custom-ChangeBit-Custom-InsertByte-Custom-
#212	NEW    cov: 688 ft: 970 corp: 50/119b lim: 4 exec/s: 0 rss: 1120Mb L: 4/4 MS: 2 CrossOver-Custom-
#215	NEW    cov: 690 ft: 976 corp: 51/123b lim: 4 exec/s: 0 rss: 1120Mb L: 4/4 MS: 6 ChangeByte-Custom-CrossOver-Custom-ChangeBinInt-Custom-
#221	NEW    cov: 691 ft: 977 corp: 52/124b lim: 4 exec/s: 0 rss: 1120Mb L: 1/4 MS: 2 ChangeBinInt-Custom-
#223	REDUCE cov: 691 ft: 977 corp: 52/123b lim: 4 exec/s: 0 rss: 1120Mb L: 1/4 MS: 4 ShuffleBytes-Custom-EraseBytes-Custom-
#226	NEW    cov: 691 ft: 985 corp: 53/127b lim: 4 exec/s: 0 rss: 1120Mb L: 4/4 MS: 6 ChangeByte-Custom-ChangeByte-Custom-CopyPart-Custom-
#244	NEW    cov: 691 ft: 986 corp: 54/131b lim: 4 exec/s: 0 rss: 1120Mb L: 4/4 MS: 6 EraseBytes-Custom-PersAutoDict-Custom-ChangeBit-Custom- DE: "?\000"-
#257	NEW    cov: 699 ft: 999 corp: 55/135b lim: 4 exec/s: 0 rss: 1120Mb L: 4/4 MS: 6 PersAutoDict-Custom-ChangeBit-Custom-ChangeBinInt-Custom- DE: "\000\035"-
#272	NEW    cov: 707 ft: 1007 corp: 56/139b lim: 4 exec/s: 0 rss: 1120Mb L: 4/4 MS: 10 ChangeByte-Custom-CrossOver-Custom-ChangeBit-Custom-InsertByte-Custom-ShuffleBytes-Custom-
#280	NEW    cov: 712 ft: 1012 corp: 57/141b lim: 4 exec/s: 0 rss: 1120Mb L: 2/4 MS: 6 EraseBytes-Custom-ShuffleBytes-Custom-InsertByte-Custom-
#288	NEW    cov: 715 ft: 1015 corp: 58/142b lim: 4 exec/s: 0 rss: 1120Mb L: 1/4 MS: 6 ChangeBit-Custom-ChangeByte-Custom-ChangeByte-Custom-
#291	NEW    cov: 715 ft: 1016 corp: 59/146b lim: 4 exec/s: 0 rss: 1120Mb L: 4/4 MS: 6 CopyPart-Custom-CrossOver-Custom-CrossOver-Custom-
#299	NEW    cov: 750 ft: 1051 corp: 60/150b lim: 4 exec/s: 0 rss: 1120Mb L: 4/4 MS: 6 ShuffleBytes-Custom-CopyPart-Custom-ChangeByte-Custom-
#310	NEW    cov: 753 ft: 1063 corp: 61/154b lim: 4 exec/s: 0 rss: 1120Mb L: 4/4 MS: 2 ChangeBit-Custom-
#331	NEW    cov: 753 ft: 1064 corp: 62/155b lim: 4 exec/s: 0 rss: 1120Mb L: 1/4 MS: 2 ChangeByte-Custom-
INFO: Instrumented com.fasterxml.jackson.core.json.PackageVersion (took 2 ms, size +35%)
WARN: Some hooks could not be applied to class files built for Java 7 or lower.
                       Ensure that the fuzz target and its dependencies are compiled with
                       -target 8 or higher to identify as many bugs as possible.
INFO: Instrumented com.fasterxml.jackson.core.util.VersionUtil (took 6 ms, size +25%)
#338	NEW    cov: 754 ft: 1065 corp: 63/159b lim: 4 exec/s: 0 rss: 1120Mb L: 4/4 MS: 4 CMP-Custom-InsertByte-Custom- DE: "\001 "-
#390	NEW    cov: 758 ft: 1070 corp: 64/163b lim: 4 exec/s: 0 rss: 1120Mb L: 4/4 MS: 4 CrossOver-Custom-CrossOver-Custom-
#401	NEW    cov: 759 ft: 1071 corp: 65/164b lim: 4 exec/s: 0 rss: 1120Mb L: 1/4 MS: 2 ChangeBit-Custom-
#407	NEW    cov: 761 ft: 1073 corp: 66/166b lim: 4 exec/s: 0 rss: 1120Mb L: 2/4 MS: 2 PersAutoDict-Custom- DE: "\001 "-
#432	NEW    cov: 764 ft: 1076 corp: 67/169b lim: 4 exec/s: 0 rss: 1120Mb L: 3/4 MS: 10 ChangeBit-Custom-ChangeByte-Custom-CopyPart-Custom-PersAutoDict-Custom-InsertByte-Custom- DE: "\005\000"-
#438	NEW    cov: 764 ft: 1077 corp: 68/173b lim: 4 exec/s: 0 rss: 1120Mb L: 4/4 MS: 2 CopyPart-Custom-
#439	REDUCE cov: 764 ft: 1077 corp: 68/172b lim: 4 exec/s: 0 rss: 1120Mb L: 1/4 MS: 2 EraseBytes-Custom-
#467	NEW    cov: 764 ft: 1078 corp: 69/175b lim: 4 exec/s: 0 rss: 1120Mb L: 3/4 MS: 6 ChangeByte-Custom-ShuffleBytes-Custom-ChangeBit-Custom-
#475	REDUCE cov: 764 ft: 1078 corp: 69/174b lim: 4 exec/s: 0 rss: 1120Mb L: 2/4 MS: 6 ShuffleBytes-Custom-CrossOver-Custom-EraseBytes-Custom-
#489	NEW    cov: 765 ft: 1079 corp: 70/176b lim: 4 exec/s: 0 rss: 1120Mb L: 2/4 MS: 8 CrossOver-Custom-ChangeByte-Custom-CrossOver-Custom-ChangeByte-Custom-
#508	NEW    cov: 765 ft: 1083 corp: 71/180b lim: 4 exec/s: 0 rss: 1120Mb L: 4/4 MS: 8 ShuffleBytes-Custom-ChangeBit-Custom-CopyPart-Custom-PersAutoDict-Custom- DE: "\005\000"-
#535	NEW    cov: 765 ft: 1085 corp: 72/181b lim: 4 exec/s: 0 rss: 1120Mb L: 1/4 MS: 4 CopyPart-Custom-CrossOver-Custom-
#537	NEW    cov: 765 ft: 1103 corp: 73/185b lim: 4 exec/s: 0 rss: 1120Mb L: 4/4 MS: 4 ShuffleBytes-Custom-InsertByte-Custom-
#571	NEW    cov: 766 ft: 1104 corp: 74/189b lim: 4 exec/s: 0 rss: 1120Mb L: 4/4 MS: 8 PersAutoDict-Custom-PersAutoDict-Custom-ChangeBit-Custom-CrossOver-Custom- DE: "\001 "-"?\000"-
#574	NEW    cov: 769 ft: 1107 corp: 75/191b lim: 4 exec/s: 0 rss: 1120Mb L: 2/4 MS: 6 CrossOver-Custom-PersAutoDict-Custom-ChangeByte-Custom- DE: "?\000"-
#605	REDUCE cov: 769 ft: 1107 corp: 75/190b lim: 4 exec/s: 0 rss: 1120Mb L: 1/4 MS: 2 EraseBytes-Custom-
#614	REDUCE cov: 769 ft: 1107 corp: 75/189b lim: 4 exec/s: 0 rss: 1120Mb L: 1/4 MS: 8 ShuffleBytes-Custom-ShuffleBytes-Custom-ChangeBinInt-Custom-EraseBytes-Custom-
#619	REDUCE cov: 769 ft: 1112 corp: 76/192b lim: 4 exec/s: 0 rss: 1120Mb L: 3/4 MS: 10 ChangeBinInt-Custom-ChangeBit-Custom-ChangeByte-Custom-InsertByte-Custom-InsertByte-Custom-
#621	REDUCE cov: 769 ft: 1112 corp: 76/191b lim: 4 exec/s: 0 rss: 1120Mb L: 1/4 MS: 4 ChangeByte-Custom-EraseBytes-Custom-
#630	NEW    cov: 769 ft: 1113 corp: 77/194b lim: 4 exec/s: 0 rss: 1120Mb L: 3/4 MS: 8 InsertByte-Custom-CrossOver-Custom-CrossOver-Custom-ChangeBinInt-Custom-
#633	NEW    cov: 772 ft: 1116 corp: 78/198b lim: 4 exec/s: 0 rss: 1120Mb L: 4/4 MS: 6 ChangeBinInt-Custom-ChangeBinInt-Custom-ChangeBinInt-Custom-
#640	NEW    cov: 787 ft: 1134 corp: 79/202b lim: 4 exec/s: 0 rss: 1120Mb L: 4/4 MS: 4 CopyPart-Custom-ChangeByte-Custom-
#657	REDUCE cov: 787 ft: 1134 corp: 79/201b lim: 4 exec/s: 0 rss: 1120Mb L: 3/4 MS: 4 CrossOver-Custom-CrossOver-Custom-
#662	NEW    cov: 798 ft: 1146 corp: 80/202b lim: 4 exec/s: 0 rss: 1120Mb L: 1/4 MS: 10 ShuffleBytes-Custom-CopyPart-Custom-ShuffleBytes-Custom-ChangeBit-Custom-ChangeBinInt-Custom-
#678	REDUCE cov: 799 ft: 1147 corp: 81/203b lim: 4 exec/s: 0 rss: 1120Mb L: 1/4 MS: 2 ChangeBit-Custom-
#681	NEW    cov: 818 ft: 1170 corp: 82/206b lim: 4 exec/s: 0 rss: 1120Mb L: 3/4 MS: 6 CrossOver-Custom-EraseBytes-Custom-ChangeBit-Custom-
#841	NEW    cov: 818 ft: 1221 corp: 83/210b lim: 4 exec/s: 0 rss: 1120Mb L: 4/4 MS: 10 ChangeBit-Custom-InsertByte-Custom-PersAutoDict-Custom-ChangeBinInt-Custom-CopyPart-Custom- DE: "\001 "-
#881	NEW    cov: 819 ft: 1222 corp: 84/214b lim: 4 exec/s: 0 rss: 1120Mb L: 4/4 MS: 10 PersAutoDict-Custom-ChangeBinInt-Custom-ChangeBit-Custom-ShuffleBytes-Custom-ChangeBit-Custom- DE: "\000\035"-
#898	NEW    cov: 819 ft: 1234 corp: 85/218b lim: 4 exec/s: 0 rss: 1120Mb L: 4/4 MS: 4 ShuffleBytes-Custom-CopyPart-Custom-
#940	REDUCE cov: 819 ft: 1234 corp: 85/217b lim: 4 exec/s: 940 rss: 1120Mb L: 2/4 MS: 4 ChangeByte-Custom-EraseBytes-Custom-
#952	REDUCE cov: 819 ft: 1243 corp: 86/221b lim: 4 exec/s: 952 rss: 1120Mb L: 4/4 MS: 4 ChangeBit-Custom-CopyPart-Custom-
#971	REDUCE cov: 819 ft: 1243 corp: 86/218b lim: 4 exec/s: 971 rss: 1120Mb L: 1/4 MS: 8 ShuffleBytes-Custom-EraseBytes-Custom-EraseBytes-Custom-ChangeBit-Custom-
#978	NEW    cov: 819 ft: 1244 corp: 87/221b lim: 4 exec/s: 978 rss: 1120Mb L: 3/4 MS: 4 CrossOver-Custom-InsertByte-Custom-
#991	NEW    cov: 820 ft: 1245 corp: 88/225b lim: 4 exec/s: 991 rss: 1120Mb L: 4/4 MS: 6 CrossOver-Custom-CrossOver-Custom-CMP-Custom- DE: "\000\003"-
#1012	REDUCE cov: 820 ft: 1245 corp: 88/224b lim: 4 exec/s: 1012 rss: 1120Mb L: 1/4 MS: 2 EraseBytes-Custom-
#1047	NEW    cov: 820 ft: 1248 corp: 89/226b lim: 4 exec/s: 1047 rss: 1120Mb L: 2/4 MS: 10 EraseBytes-Custom-CrossOver-Custom-ChangeBit-Custom-ChangeBit-Custom-CrossOver-Custom-
#1061	NEW    cov: 849 ft: 1278 corp: 90/228b lim: 4 exec/s: 1061 rss: 1120Mb L: 2/4 MS: 8 CopyPart-Custom-EraseBytes-Custom-ChangeByte-Custom-ChangeBinInt-Custom-
#1062	REDUCE cov: 849 ft: 1278 corp: 90/227b lim: 4 exec/s: 1062 rss: 1120Mb L: 3/4 MS: 2 EraseBytes-Custom-
#1064	NEW    cov: 849 ft: 1280 corp: 91/229b lim: 4 exec/s: 1064 rss: 1120Mb L: 2/4 MS: 4 CrossOver-Custom-ChangeBit-Custom-
#1109	NEW    cov: 849 ft: 1285 corp: 92/233b lim: 4 exec/s: 1109 rss: 1123Mb L: 4/4 MS: 10 ShuffleBytes-Custom-CopyPart-Custom-ShuffleBytes-Custom-CrossOver-Custom-CrossOver-Custom-
#1123	REDUCE cov: 849 ft: 1287 corp: 93/237b lim: 4 exec/s: 1123 rss: 1123Mb L: 4/4 MS: 8 InsertByte-Custom-PersAutoDict-Custom-InsertByte-Custom-ChangeBit-Custom- DE: "\001 "-
#1150	NEW    cov: 849 ft: 1291 corp: 94/241b lim: 4 exec/s: 1150 rss: 1123Mb L: 4/4 MS: 4 EraseBytes-Custom-PersAutoDict-Custom- DE: "\000\035"-
#1197	NEW    cov: 850 ft: 1292 corp: 95/245b lim: 4 exec/s: 1197 rss: 1123Mb L: 4/4 MS: 4 CrossOver-Custom-CopyPart-Custom-
#1256	NEW    cov: 850 ft: 1295 corp: 96/249b lim: 4 exec/s: 1256 rss: 1123Mb L: 4/4 MS: 8 PersAutoDict-Custom-EraseBytes-Custom-ShuffleBytes-Custom-CMP-Custom- DE: "\001 "-"\001\000"-
#1332	NEW    cov: 851 ft: 1296 corp: 97/251b lim: 4 exec/s: 1332 rss: 1123Mb L: 2/4 MS: 2 InsertByte-Custom-
#1345	REDUCE cov: 851 ft: 1296 corp: 97/250b lim: 4 exec/s: 1345 rss: 1123Mb L: 2/4 MS: 6 ChangeBit-Custom-CopyPart-Custom-EraseBytes-Custom-
#1382	NEW    cov: 851 ft: 1305 corp: 98/253b lim: 4 exec/s: 1382 rss: 1123Mb L: 3/4 MS: 4 ChangeBit-Custom-ChangeBit-Custom-
#1402	REDUCE cov: 851 ft: 1309 corp: 99/257b lim: 4 exec/s: 1402 rss: 1123Mb L: 4/4 MS: 10 CrossOver-Custom-ChangeBit-Custom-CopyPart-Custom-CopyPart-Custom-CopyPart-Custom-
#1448	REDUCE cov: 851 ft: 1309 corp: 99/256b lim: 4 exec/s: 1448 rss: 1123Mb L: 1/4 MS: 2 EraseBytes-Custom-
#1485	NEW    cov: 851 ft: 1343 corp: 100/260b lim: 4 exec/s: 1485 rss: 1123Mb L: 4/4 MS: 4 ChangeBinInt-Custom-CopyPart-Custom-
#1511	NEW    cov: 859 ft: 1351 corp: 101/264b lim: 4 exec/s: 1511 rss: 1123Mb L: 4/4 MS: 2 CrossOver-Custom-
#1670	NEW    cov: 859 ft: 1352 corp: 102/268b lim: 4 exec/s: 1670 rss: 1123Mb L: 4/4 MS: 8 CopyPart-Custom-ChangeByte-Custom-CopyPart-Custom-CopyPart-Custom-
#1685	NEW    cov: 859 ft: 1355 corp: 103/272b lim: 4 exec/s: 1685 rss: 1123Mb L: 4/4 MS: 10 PersAutoDict-Custom-EraseBytes-Custom-ShuffleBytes-Custom-ChangeByte-Custom-CopyPart-Custom- DE: "\001\000"-
#1711	NEW    cov: 859 ft: 1361 corp: 104/276b lim: 4 exec/s: 1711 rss: 1123Mb L: 4/4 MS: 2 CopyPart-Custom-
#1717	NEW    cov: 860 ft: 1362 corp: 105/280b lim: 4 exec/s: 1717 rss: 1123Mb L: 4/4 MS: 2 ChangeASCIIInt-Custom-
#1760	NEW    cov: 860 ft: 1363 corp: 106/284b lim: 4 exec/s: 1760 rss: 1123Mb L: 4/4 MS: 6 ChangeBit-Custom-ChangeBit-Custom-CopyPart-Custom-
#1883	REDUCE cov: 860 ft: 1363 corp: 106/283b lim: 4 exec/s: 1883 rss: 1124Mb L: 3/4 MS: 6 ChangeByte-Custom-EraseBytes-Custom-InsertByte-Custom-
#1890	REDUCE cov: 860 ft: 1363 corp: 106/282b lim: 4 exec/s: 1890 rss: 1124Mb L: 1/4 MS: 4 ShuffleBytes-Custom-EraseBytes-Custom-
#2037	REDUCE cov: 860 ft: 1363 corp: 106/281b lim: 4 exec/s: 2037 rss: 1124Mb L: 2/4 MS: 4 PersAutoDict-Custom-EraseBytes-Custom- DE: "\000\035"-
#2044	REDUCE cov: 860 ft: 1364 corp: 107/285b lim: 4 exec/s: 2044 rss: 1124Mb L: 4/4 MS: 4 CopyPart-Custom-CopyPart-Custom-
#2237	REDUCE cov: 860 ft: 1364 corp: 107/284b lim: 4 exec/s: 2237 rss: 1124Mb L: 3/4 MS: 6 ShuffleBytes-Custom-EraseBytes-Custom-CopyPart-Custom-
#2262	NEW    cov: 860 ft: 1369 corp: 108/288b lim: 4 exec/s: 2262 rss: 1124Mb L: 4/4 MS: 10 ShuffleBytes-Custom-CrossOver-Custom-ChangeBit-Custom-ChangeByte-Custom-ChangeByte-Custom-
#2339	REDUCE cov: 860 ft: 1369 corp: 108/287b lim: 4 exec/s: 2339 rss: 1124Mb L: 1/4 MS: 4 ShuffleBytes-Custom-EraseBytes-Custom-
#2368	REDUCE cov: 860 ft: 1372 corp: 109/291b lim: 4 exec/s: 2368 rss: 1124Mb L: 4/4 MS: 8 CopyPart-Custom-PersAutoDict-Custom-CopyPart-Custom-ShuffleBytes-Custom- DE: "\000\003"-
#2469	REDUCE cov: 860 ft: 1372 corp: 109/290b lim: 4 exec/s: 2469 rss: 1124Mb L: 3/4 MS: 2 EraseBytes-Custom-
#2510	NEW    cov: 861 ft: 1373 corp: 110/294b lim: 4 exec/s: 2510 rss: 1124Mb L: 4/4 MS: 2 CrossOver-Custom-
#2631	REDUCE cov: 861 ft: 1373 corp: 110/293b lim: 4 exec/s: 2631 rss: 1124Mb L: 3/4 MS: 2 EraseBytes-Custom-
#2842	REDUCE cov: 861 ft: 1373 corp: 110/292b lim: 6 exec/s: 2842 rss: 1124Mb L: 1/4 MS: 2 EraseBytes-Custom-
#2868	REDUCE cov: 861 ft: 1373 corp: 110/291b lim: 6 exec/s: 2868 rss: 1124Mb L: 1/4 MS: 2 EraseBytes-Custom-
#2884	REDUCE cov: 861 ft: 1381 corp: 111/297b lim: 6 exec/s: 2884 rss: 1124Mb L: 6/6 MS: 2 InsertRepeatedBytes-Custom-
#2963	NEW    cov: 861 ft: 1382 corp: 112/303b lim: 6 exec/s: 2963 rss: 1124Mb L: 6/6 MS: 8 PersAutoDict-Custom-ChangeBit-Custom-ShuffleBytes-Custom-CopyPart-Custom- DE: "\001\000"-
#3023	NEW    cov: 861 ft: 1393 corp: 113/306b lim: 6 exec/s: 3023 rss: 1124Mb L: 3/6 MS: 10 CopyPart-Custom-ShuffleBytes-Custom-InsertByte-Custom-ChangeBit-Custom-CopyPart-Custom-
#3027	NEW    cov: 861 ft: 1401 corp: 114/310b lim: 6 exec/s: 3027 rss: 1124Mb L: 4/6 MS: 8 ChangeByte-Custom-ChangeBit-Custom-EraseBytes-Custom-CopyPart-Custom-
#3043	NEW    cov: 861 ft: 1407 corp: 115/315b lim: 6 exec/s: 3043 rss: 1124Mb L: 5/6 MS: 2 InsertByte-Custom-
#3059	NEW    cov: 867 ft: 1415 corp: 116/321b lim: 6 exec/s: 3059 rss: 1124Mb L: 6/6 MS: 2 CopyPart-Custom-
#3303	NEW    cov: 867 ft: 1417 corp: 117/329b lim: 8 exec/s: 3303 rss: 1124Mb L: 8/8 MS: 8 InsertRepeatedBytes-Custom-ChangeBinInt-Custom-ChangeBit-Custom-CMP-Custom- DE: "\377\377\377\377\377\377\377\377"-
#3306	NEW    cov: 867 ft: 1418 corp: 118/337b lim: 8 exec/s: 3306 rss: 1124Mb L: 8/8 MS: 6 CMP-Custom-ChangeBit-Custom-CopyPart-Custom- DE: "\007\000\000\000"-
#3315	NEW    cov: 867 ft: 1419 corp: 119/342b lim: 8 exec/s: 3315 rss: 1124Mb L: 5/8 MS: 8 ChangeByte-Custom-ChangeByte-Custom-CrossOver-Custom-CrossOver-Custom-
#3318	REDUCE cov: 867 ft: 1437 corp: 120/346b lim: 8 exec/s: 3318 rss: 1124Mb L: 4/8 MS: 6 EraseBytes-Custom-InsertByte-Custom-CopyPart-Custom-
#3354	NEW    cov: 867 ft: 1540 corp: 121/353b lim: 8 exec/s: 3354 rss: 1124Mb L: 7/8 MS: 2 InsertRepeatedBytes-Custom-
#3411	NEW    cov: 868 ft: 1543 corp: 122/360b lim: 8 exec/s: 3411 rss: 1124Mb L: 7/8 MS: 4 InsertByte-Custom-ChangeByte-Custom-
#3470	REDUCE cov: 868 ft: 1543 corp: 122/359b lim: 8 exec/s: 3470 rss: 1124Mb L: 1/8 MS: 8 ChangeByte-Custom-ShuffleBytes-Custom-ChangeBinInt-Custom-EraseBytes-Custom-
#3531	REDUCE cov: 868 ft: 1549 corp: 123/364b lim: 8 exec/s: 3531 rss: 1124Mb L: 5/8 MS: 2 InsertRepeatedBytes-Custom-
#3579	NEW    cov: 872 ft: 1553 corp: 124/369b lim: 8 exec/s: 3579 rss: 1124Mb L: 5/8 MS: 6 CrossOver-Custom-PersAutoDict-Custom-ChangeByte-Custom- DE: "\005\000"-
#3595	REDUCE cov: 872 ft: 1553 corp: 124/368b lim: 8 exec/s: 3595 rss: 1124Mb L: 1/8 MS: 2 EraseBytes-Custom-
#3638	NEW    cov: 873 ft: 1554 corp: 125/375b lim: 8 exec/s: 3638 rss: 1124Mb L: 7/8 MS: 6 ChangeByte-Custom-ChangeByte-Custom-InsertRepeatedBytes-Custom-
#3650	NEW    cov: 873 ft: 1562 corp: 126/379b lim: 8 exec/s: 3650 rss: 1124Mb L: 4/8 MS: 4 ChangeByte-Custom-CopyPart-Custom-
#3755	NEW    cov: 873 ft: 1564 corp: 127/386b lim: 8 exec/s: 3755 rss: 1124Mb L: 7/8 MS: 10 CopyPart-Custom-ChangeByte-Custom-EraseBytes-Custom-CopyPart-Custom-InsertByte-Custom-
#3823	NEW    cov: 873 ft: 1566 corp: 128/394b lim: 8 exec/s: 3823 rss: 1124Mb L: 8/8 MS: 6 ChangeBinInt-Custom-ChangeBit-Custom-InsertRepeatedBytes-Custom-
#3841	NEW    cov: 873 ft: 1567 corp: 129/402b lim: 8 exec/s: 3841 rss: 1124Mb L: 8/8 MS: 6 EraseBytes-Custom-ShuffleBytes-Custom-CopyPart-Custom-
#3942	NEW    cov: 873 ft: 1569 corp: 130/407b lim: 8 exec/s: 3942 rss: 1124Mb L: 5/8 MS: 2 InsertRepeatedBytes-Custom-
#4038	NEW    cov: 873 ft: 1660 corp: 131/413b lim: 8 exec/s: 4038 rss: 1124Mb L: 6/8 MS: 2 EraseBytes-Custom-
#4041	NEW    cov: 873 ft: 1661 corp: 132/421b lim: 8 exec/s: 4041 rss: 1124Mb L: 8/8 MS: 6 CrossOver-Custom-ChangeBit-Custom-InsertRepeatedBytes-Custom-
#4092	REDUCE cov: 873 ft: 1661 corp: 132/419b lim: 8 exec/s: 4092 rss: 1124Mb L: 3/8 MS: 2 EraseBytes-Custom-
#4268	REDUCE cov: 873 ft: 1661 corp: 132/418b lim: 8 exec/s: 4268 rss: 1124Mb L: 1/8 MS: 2 EraseBytes-Custom-
#4281	NEW    cov: 873 ft: 1663 corp: 133/425b lim: 8 exec/s: 4281 rss: 1124Mb L: 7/8 MS: 6 ChangeByte-Custom-PersAutoDict-Custom-ChangeBinInt-Custom- DE: "\005\000"-
#4290	REDUCE cov: 873 ft: 1672 corp: 134/433b lim: 8 exec/s: 4290 rss: 1124Mb L: 8/8 MS: 8 InsertByte-Custom-CrossOver-Custom-EraseBytes-Custom-InsertRepeatedBytes-Custom-
#4337	REDUCE cov: 873 ft: 1674 corp: 135/439b lim: 8 exec/s: 4337 rss: 1124Mb L: 6/8 MS: 4 ChangeBit-Custom-InsertRepeatedBytes-Custom-
#4357	NEW    cov: 873 ft: 1677 corp: 136/447b lim: 8 exec/s: 4357 rss: 1124Mb L: 8/8 MS: 10 CrossOver-Custom-CopyPart-Custom-InsertByte-Custom-PersAutoDict-Custom-ShuffleBytes-Custom- DE: "\000\035"-
#4523	NEW    cov: 876 ft: 1680 corp: 137/455b lim: 8 exec/s: 4523 rss: 1124Mb L: 8/8 MS: 2 InsertRepeatedBytes-Custom-
#4554	NEW    cov: 876 ft: 1689 corp: 138/463b lim: 8 exec/s: 4554 rss: 1124Mb L: 8/8 MS: 2 CopyPart-Custom-
#4571	NEW    cov: 876 ft: 1694 corp: 139/471b lim: 8 exec/s: 4571 rss: 1124Mb L: 8/8 MS: 4 EraseBytes-Custom-InsertRepeatedBytes-Custom-
#4634	NEW    cov: 876 ft: 1712 corp: 140/475b lim: 8 exec/s: 4634 rss: 1124Mb L: 4/8 MS: 6 CopyPart-Custom-PersAutoDict-Custom-ShuffleBytes-Custom- DE: "?\000"-
#4681	REDUCE cov: 876 ft: 1712 corp: 140/472b lim: 8 exec/s: 4681 rss: 1124Mb L: 4/8 MS: 4 ChangeBinInt-Custom-EraseBytes-Custom-
#4700	NEW    cov: 876 ft: 1714 corp: 141/477b lim: 8 exec/s: 4700 rss: 1124Mb L: 5/8 MS: 8 CopyPart-Custom-CopyPart-Custom-ChangeByte-Custom-EraseBytes-Custom-
#4702	NEW    cov: 876 ft: 1719 corp: 142/485b lim: 8 exec/s: 4702 rss: 1124Mb L: 8/8 MS: 4 CopyPart-Custom-InsertRepeatedBytes-Custom-
#4794	NEW    cov: 889 ft: 1733 corp: 143/492b lim: 8 exec/s: 4794 rss: 1124Mb L: 7/8 MS: 4 CrossOver-Custom-InsertRepeatedBytes-Custom-
#4850	NEW    cov: 889 ft: 1734 corp: 144/500b lim: 8 exec/s: 4850 rss: 1124Mb L: 8/8 MS: 2 ChangeBinInt-Custom-
#4880	NEW    cov: 889 ft: 1735 corp: 145/508b lim: 8 exec/s: 4880 rss: 1124Mb L: 8/8 MS: 10 PersAutoDict-Custom-ChangeByte-Custom-ChangeBit-Custom-CrossOver-Custom-InsertRepeatedBytes-Custom- DE: "\001 "-
#4895	NEW    cov: 889 ft: 1736 corp: 146/515b lim: 8 exec/s: 4895 rss: 1124Mb L: 7/8 MS: 10 ShuffleBytes-Custom-ShuffleBytes-Custom-ChangeBinInt-Custom-ChangeByte-Custom-InsertRepeatedBytes-Custom-
#4943	REDUCE cov: 889 ft: 1736 corp: 146/514b lim: 8 exec/s: 4943 rss: 1124Mb L: 3/8 MS: 6 ShuffleBytes-Custom-EraseBytes-Custom-CopyPart-Custom-
#5005	NEW    cov: 889 ft: 1737 corp: 147/521b lim: 8 exec/s: 5005 rss: 1124Mb L: 7/8 MS: 4 CopyPart-Custom-ChangeByte-Custom-
#5018	REDUCE cov: 889 ft: 1737 corp: 147/519b lim: 8 exec/s: 5018 rss: 1124Mb L: 6/8 MS: 6 ShuffleBytes-Custom-CopyPart-Custom-EraseBytes-Custom-
#5019	NEW    cov: 890 ft: 1738 corp: 148/526b lim: 8 exec/s: 5019 rss: 1124Mb L: 7/8 MS: 2 ShuffleBytes-Custom-
#5188	NEW    cov: 890 ft: 1740 corp: 149/531b lim: 8 exec/s: 5188 rss: 1124Mb L: 5/8 MS: 8 CrossOver-Custom-ChangeBinInt-Custom-ChangeBit-Custom-CopyPart-Custom-
#5335	REDUCE cov: 890 ft: 1742 corp: 150/539b lim: 8 exec/s: 5335 rss: 1124Mb L: 8/8 MS: 4 ShuffleBytes-Custom-CopyPart-Custom-
#5401	NEW    cov: 892 ft: 1744 corp: 151/545b lim: 8 exec/s: 5401 rss: 1124Mb L: 6/8 MS: 2 EraseBytes-Custom-
#5413	NEW    cov: 892 ft: 1760 corp: 152/551b lim: 8 exec/s: 5413 rss: 1124Mb L: 6/8 MS: 4 CrossOver-Custom-CrossOver-Custom-
#5644	NEW    cov: 892 ft: 1762 corp: 153/559b lim: 8 exec/s: 5644 rss: 1124Mb L: 8/8 MS: 2 InsertRepeatedBytes-Custom-
#5650	NEW    cov: 893 ft: 1763 corp: 154/567b lim: 8 exec/s: 5650 rss: 1124Mb L: 8/8 MS: 2 InsertRepeatedBytes-Custom-
#5666	NEW    cov: 893 ft: 1768 corp: 155/572b lim: 8 exec/s: 5666 rss: 1124Mb L: 5/8 MS: 2 InsertByte-Custom-
#5682	NEW    cov: 893 ft: 1837 corp: 156/580b lim: 8 exec/s: 5682 rss: 1124Mb L: 8/8 MS: 2 CopyPart-Custom-
#5743	NEW    cov: 893 ft: 1841 corp: 157/587b lim: 8 exec/s: 5743 rss: 1124Mb L: 7/8 MS: 2 ShuffleBytes-Custom-
#5776	NEW    cov: 893 ft: 1847 corp: 158/595b lim: 8 exec/s: 5776 rss: 1124Mb L: 8/8 MS: 6 ShuffleBytes-Custom-PersAutoDict-Custom-ChangeByte-Custom- DE: "\001 "-
#5827	NEW    cov: 893 ft: 1848 corp: 159/603b lim: 8 exec/s: 5827 rss: 1124Mb L: 8/8 MS: 2 InsertRepeatedBytes-Custom-
#5848	NEW    cov: 893 ft: 1849 corp: 160/609b lim: 8 exec/s: 5848 rss: 1124Mb L: 6/8 MS: 2 CopyPart-Custom-
#5975	NEW    cov: 893 ft: 1850 corp: 161/617b lim: 8 exec/s: 5975 rss: 1124Mb L: 8/8 MS: 4 InsertRepeatedBytes-Custom-CopyPart-Custom-
#6092	NEW    cov: 893 ft: 1852 corp: 162/625b lim: 8 exec/s: 6092 rss: 1124Mb L: 8/8 MS: 4 ChangeByte-Custom-PersAutoDict-Custom- DE: "\000\035"-
#6116	NEW    cov: 893 ft: 1872 corp: 163/633b lim: 8 exec/s: 6116 rss: 1124Mb L: 8/8 MS: 8 ChangeBinInt-Custom-ChangeBit-Custom-CopyPart-Custom-ShuffleBytes-Custom-
#6399	NEW    cov: 893 ft: 1917 corp: 164/641b lim: 8 exec/s: 6399 rss: 1124Mb L: 8/8 MS: 6 CopyPart-Custom-CopyPart-Custom-ShuffleBytes-Custom-
#6490	NEW    cov: 893 ft: 1919 corp: 165/649b lim: 8 exec/s: 6490 rss: 1124Mb L: 8/8 MS: 2 CopyPart-Custom-
#6516	REDUCE cov: 893 ft: 1919 corp: 165/648b lim: 8 exec/s: 6516 rss: 1124Mb L: 2/8 MS: 2 EraseBytes-Custom-
#6527	NEW    cov: 893 ft: 1923 corp: 166/653b lim: 8 exec/s: 6527 rss: 1124Mb L: 5/8 MS: 2 CopyPart-Custom-
#6532	NEW    cov: 893 ft: 1925 corp: 167/661b lim: 8 exec/s: 6532 rss: 1124Mb L: 8/8 MS: 10 EraseBytes-Custom-CopyPart-Custom-ChangeBinInt-Custom-ChangeByte-Custom-CopyPart-Custom-
#6584	NEW    cov: 893 ft: 1931 corp: 168/669b lim: 8 exec/s: 6584 rss: 1124Mb L: 8/8 MS: 4 CopyPart-Custom-CrossOver-Custom-
#6610	NEW    cov: 893 ft: 1937 corp: 169/677b lim: 8 exec/s: 6610 rss: 1124Mb L: 8/8 MS: 2 ChangeBinInt-Custom-
#6716	NEW    cov: 893 ft: 1938 corp: 170/682b lim: 8 exec/s: 6716 rss: 1124Mb L: 5/8 MS: 2 CrossOver-Custom-
#6718	NEW    cov: 893 ft: 1939 corp: 171/690b lim: 8 exec/s: 6718 rss: 1124Mb L: 8/8 MS: 4 CopyPart-Custom-ShuffleBytes-Custom-
#6755	NEW    cov: 893 ft: 1941 corp: 172/696b lim: 8 exec/s: 6755 rss: 1124Mb L: 6/8 MS: 4 InsertRepeatedBytes-Custom-ShuffleBytes-Custom-
#6876	REDUCE cov: 893 ft: 1941 corp: 172/694b lim: 8 exec/s: 6876 rss: 1124Mb L: 1/8 MS: 2 CrossOver-Custom-
#6881	NEW    cov: 893 ft: 1942 corp: 173/702b lim: 8 exec/s: 6881 rss: 1124Mb L: 8/8 MS: 10 EraseBytes-Custom-ChangeBit-Custom-EraseBytes-Custom-CopyPart-Custom-CopyPart-Custom-
#7097	REDUCE cov: 893 ft: 1942 corp: 173/700b lim: 8 exec/s: 7097 rss: 1124Mb L: 6/8 MS: 2 EraseBytes-Custom-
#7132	NEW    cov: 893 ft: 1945 corp: 174/707b lim: 8 exec/s: 7132 rss: 1124Mb L: 7/8 MS: 10 EraseBytes-Custom-ShuffleBytes-Custom-PersAutoDict-Custom-PersAutoDict-Custom-InsertRepeatedBytes-Custom- DE: "\001 "-"\001 "-
#7136	REDUCE cov: 893 ft: 1946 corp: 175/715b lim: 8 exec/s: 7136 rss: 1124Mb L: 8/8 MS: 8 ChangeByte-Custom-CrossOver-Custom-PersAutoDict-Custom-CrossOver-Custom- DE: "\000\003"-
#7149	NEW    cov: 893 ft: 1953 corp: 176/723b lim: 8 exec/s: 7149 rss: 1124Mb L: 8/8 MS: 6 ChangeBit-Custom-EraseBytes-Custom-CopyPart-Custom-
#7160	REDUCE cov: 893 ft: 1953 corp: 176/722b lim: 8 exec/s: 7160 rss: 1124Mb L: 1/8 MS: 2 EraseBytes-Custom-
#7223	NEW    cov: 893 ft: 1956 corp: 177/730b lim: 8 exec/s: 7223 rss: 1124Mb L: 8/8 MS: 6 InsertRepeatedBytes-Custom-ChangeByte-Custom-CopyPart-Custom-
#7264	REDUCE cov: 893 ft: 1956 corp: 177/729b lim: 8 exec/s: 7264 rss: 1124Mb L: 1/8 MS: 2 EraseBytes-Custom-
#7291	NEW    cov: 893 ft: 1957 corp: 178/736b lim: 8 exec/s: 7291 rss: 1124Mb L: 7/8 MS: 4 ShuffleBytes-Custom-CopyPart-Custom-
#7328	NEW    cov: 893 ft: 1958 corp: 179/742b lim: 8 exec/s: 7328 rss: 1124Mb L: 6/8 MS: 4 ShuffleBytes-Custom-EraseBytes-Custom-
#7510	REDUCE cov: 893 ft: 1958 corp: 179/741b lim: 8 exec/s: 7510 rss: 1124Mb L: 6/8 MS: 4 CopyPart-Custom-EraseBytes-Custom-
#7527	REDUCE cov: 893 ft: 1958 corp: 179/740b lim: 8 exec/s: 7527 rss: 1124Mb L: 6/8 MS: 4 ChangeBit-Custom-EraseBytes-Custom-
#7538	NEW    cov: 893 ft: 1962 corp: 180/747b lim: 8 exec/s: 7538 rss: 1124Mb L: 7/8 MS: 2 CopyPart-Custom-
#7619	REDUCE cov: 893 ft: 1962 corp: 180/746b lim: 8 exec/s: 7619 rss: 1124Mb L: 4/8 MS: 2 EraseBytes-Custom-
#7649	NEW    cov: 893 ft: 1963 corp: 181/754b lim: 8 exec/s: 7649 rss: 1124Mb L: 8/8 MS: 10 CrossOver-Custom-ChangeBit-Custom-ChangeBit-Custom-ShuffleBytes-Custom-InsertRepeatedBytes-Custom-
#7682	NEW    cov: 893 ft: 1983 corp: 182/762b lim: 8 exec/s: 7682 rss: 1124Mb L: 8/8 MS: 6 InsertByte-Custom-ChangeBit-Custom-CopyPart-Custom-
#7714	REDUCE cov: 894 ft: 1984 corp: 183/769b lim: 8 exec/s: 7714 rss: 1124Mb L: 7/8 MS: 4 InsertByte-Custom-PersAutoDict-Custom- DE: "\001\000"-
#7735	REDUCE cov: 894 ft: 1984 corp: 183/768b lim: 8 exec/s: 7735 rss: 1124Mb L: 1/8 MS: 2 EraseBytes-Custom-
#7927	NEW    cov: 894 ft: 1997 corp: 184/776b lim: 8 exec/s: 7927 rss: 1124Mb L: 8/8 MS: 4 CopyPart-Custom-ChangeByte-Custom-
#7969	REDUCE cov: 894 ft: 1997 corp: 184/775b lim: 8 exec/s: 7969 rss: 1124Mb L: 1/8 MS: 4 ShuffleBytes-Custom-EraseBytes-Custom-
#7975	NEW    cov: 894 ft: 1998 corp: 185/783b lim: 8 exec/s: 7975 rss: 1124Mb L: 8/8 MS: 2 ShuffleBytes-Custom-
#7988	NEW    cov: 894 ft: 2006 corp: 186/791b lim: 8 exec/s: 7988 rss: 1124Mb L: 8/8 MS: 6 ChangeBit-Custom-InsertByte-Custom-InsertRepeatedBytes-Custom-
#8191	NEW    cov: 894 ft: 2007 corp: 187/799b lim: 8 exec/s: 8191 rss: 1124Mb L: 8/8 MS: 6 ChangeBinInt-Custom-CopyPart-Custom-ChangeBit-Custom-
#8225	NEW    cov: 894 ft: 2008 corp: 188/805b lim: 8 exec/s: 8225 rss: 1124Mb L: 6/8 MS: 8 ChangeBinInt-Custom-ChangeByte-Custom-ChangeBit-Custom-CopyPart-Custom-
#8279	REDUCE cov: 894 ft: 2008 corp: 188/802b lim: 8 exec/s: 8279 rss: 1124Mb L: 5/8 MS: 8 ChangeBit-Custom-EraseBytes-Custom-ShuffleBytes-Custom-ShuffleBytes-Custom-
#8345	REDUCE cov: 894 ft: 2008 corp: 188/801b lim: 8 exec/s: 8345 rss: 1124Mb L: 1/8 MS: 2 EraseBytes-Custom-
#8380	NEW    cov: 895 ft: 2009 corp: 189/809b lim: 8 exec/s: 8380 rss: 1124Mb L: 8/8 MS: 10 CrossOver-Custom-ChangeByte-Custom-CrossOver-Custom-EraseBytes-Custom-InsertRepeatedBytes-Custom-
#8421	REDUCE cov: 895 ft: 2009 corp: 189/808b lim: 8 exec/s: 8421 rss: 1124Mb L: 7/8 MS: 2 EraseBytes-Custom-
#8427	REDUCE cov: 895 ft: 2009 corp: 189/807b lim: 8 exec/s: 8427 rss: 1124Mb L: 5/8 MS: 2 EraseBytes-Custom-
#8631	REDUCE cov: 895 ft: 2069 corp: 190/814b lim: 8 exec/s: 8631 rss: 1124Mb L: 7/8 MS: 8 ChangeBit-Custom-ShuffleBytes-Custom-CopyPart-Custom-InsertRepeatedBytes-Custom-
#8780	REDUCE cov: 895 ft: 2072 corp: 191/822b lim: 8 exec/s: 8780 rss: 1124Mb L: 8/8 MS: 8 ChangeBit-Custom-CopyPart-Custom-ChangeBinInt-Custom-CopyPart-Custom-
#8946	REDUCE cov: 895 ft: 2072 corp: 191/821b lim: 8 exec/s: 8946 rss: 1124Mb L: 4/8 MS: 2 EraseBytes-Custom-
#8994	REDUCE cov: 895 ft: 2072 corp: 191/820b lim: 8 exec/s: 8994 rss: 1124Mb L: 6/8 MS: 6 ChangeBit-Custom-InsertByte-Custom-EraseBytes-Custom-
#9211	NEW    cov: 895 ft: 2132 corp: 192/828b lim: 8 exec/s: 9211 rss: 1124Mb L: 8/8 MS: 4 ChangeByte-Custom-CopyPart-Custom-
#9277	REDUCE cov: 895 ft: 2132 corp: 192/827b lim: 8 exec/s: 9277 rss: 1124Mb L: 3/8 MS: 2 EraseBytes-Custom-
#9475	REDUCE cov: 895 ft: 2132 corp: 192/826b lim: 8 exec/s: 9475 rss: 1124Mb L: 7/8 MS: 6 ChangeByte-Custom-EraseBytes-Custom-CopyPart-Custom-
#9707	REDUCE cov: 895 ft: 2132 corp: 192/825b lim: 8 exec/s: 9707 rss: 1124Mb L: 3/8 MS: 4 ChangeBinInt-Custom-CrossOver-Custom-
#9783	REDUCE cov: 895 ft: 2133 corp: 193/831b lim: 8 exec/s: 9783 rss: 1124Mb L: 6/8 MS: 2 CopyPart-Custom-
#10165	REDUCE cov: 895 ft: 2133 corp: 193/830b lim: 11 exec/s: 10165 rss: 1124Mb L: 7/8 MS: 4 CrossOver-Custom-EraseBytes-Custom-
#10176	NEW    cov: 895 ft: 2134 corp: 194/838b lim: 11 exec/s: 10176 rss: 1124Mb L: 8/8 MS: 2 PersAutoDict-Custom- DE: "?\000"-
#10221	REDUCE cov: 895 ft: 2136 corp: 195/847b lim: 11 exec/s: 10221 rss: 1124Mb L: 9/9 MS: 10 CopyPart-Custom-ChangeByte-Custom-ChangeBinInt-Custom-CMP-Custom-ChangeBinInt-Custom- DE: "\000\000\000\000\000\000\000\000"-
#10283	NEW    cov: 895 ft: 2141 corp: 196/858b lim: 11 exec/s: 10283 rss: 1124Mb L: 11/11 MS: 4 EraseBytes-Custom-InsertRepeatedBytes-Custom-
#10344	NEW    cov: 895 ft: 2143 corp: 197/869b lim: 11 exec/s: 10344 rss: 1124Mb L: 11/11 MS: 2 CopyPart-Custom-
#10518	REDUCE cov: 895 ft: 2144 corp: 198/877b lim: 11 exec/s: 10518 rss: 1124Mb L: 8/11 MS: 8 EraseBytes-Custom-CrossOver-Custom-ChangeByte-Custom-CopyPart-Custom-
#10720	REDUCE cov: 895 ft: 2144 corp: 198/876b lim: 11 exec/s: 10720 rss: 1124Mb L: 7/11 MS: 4 ShuffleBytes-Custom-EraseBytes-Custom-
#10741	NEW    cov: 895 ft: 2149 corp: 199/885b lim: 11 exec/s: 10741 rss: 1124Mb L: 9/11 MS: 2 CopyPart-Custom-
#10882	REDUCE cov: 895 ft: 2150 corp: 200/892b lim: 11 exec/s: 10882 rss: 1124Mb L: 7/11 MS: 2 CopyPart-Custom-
#10979	REDUCE cov: 895 ft: 2153 corp: 201/903b lim: 11 exec/s: 10979 rss: 1124Mb L: 11/11 MS: 4 ChangeBinInt-Custom-InsertRepeatedBytes-Custom-
#11112	NEW    cov: 895 ft: 2155 corp: 202/912b lim: 11 exec/s: 11112 rss: 1124Mb L: 9/11 MS: 6 CopyPart-Custom-CopyPart-Custom-PersAutoDict-Custom- DE: "\005\000"-
#11115	REDUCE cov: 895 ft: 2155 corp: 202/911b lim: 11 exec/s: 11115 rss: 1124Mb L: 1/11 MS: 6 ChangeBinInt-Custom-ChangeBinInt-Custom-EraseBytes-Custom-
#11146	REDUCE cov: 895 ft: 2156 corp: 203/917b lim: 11 exec/s: 11146 rss: 1124Mb L: 6/11 MS: 2 CopyPart-Custom-
#11148	NEW    cov: 895 ft: 2162 corp: 204/925b lim: 11 exec/s: 11148 rss: 1124Mb L: 8/11 MS: 4 ChangeByte-Custom-ChangeByte-Custom-
#11281	NEW    cov: 895 ft: 2170 corp: 205/936b lim: 11 exec/s: 11281 rss: 1124Mb L: 11/11 MS: 6 EraseBytes-Custom-CrossOver-Custom-InsertRepeatedBytes-Custom-
#11303	REDUCE cov: 895 ft: 2176 corp: 206/947b lim: 11 exec/s: 11303 rss: 1124Mb L: 11/11 MS: 4 InsertRepeatedBytes-Custom-InsertRepeatedBytes-Custom-
#11454	REDUCE cov: 895 ft: 2176 corp: 206/946b lim: 11 exec/s: 5727 rss: 1124Mb L: 1/11 MS: 2 EraseBytes-Custom-
#11456	REDUCE cov: 895 ft: 2182 corp: 207/954b lim: 11 exec/s: 5728 rss: 1124Mb L: 8/11 MS: 4 ShuffleBytes-Custom-InsertRepeatedBytes-Custom-
#11526	NEW    cov: 895 ft: 2183 corp: 208/965b lim: 11 exec/s: 5763 rss: 1124Mb L: 11/11 MS: 10 InsertByte-Custom-InsertRepeatedBytes-Custom-PersAutoDict-Custom-EraseBytes-Custom-CopyPart-Custom- DE: "\001 "-
#11528	NEW    cov: 895 ft: 2189 corp: 209/976b lim: 11 exec/s: 5764 rss: 1124Mb L: 11/11 MS: 4 CrossOver-Custom-InsertRepeatedBytes-Custom-
#11626	NEW    cov: 895 ft: 2200 corp: 210/987b lim: 11 exec/s: 5813 rss: 1124Mb L: 11/11 MS: 6 EraseBytes-Custom-CopyPart-Custom-CopyPart-Custom-
#11656	NEW    cov: 895 ft: 2206 corp: 211/998b lim: 11 exec/s: 5828 rss: 1124Mb L: 11/11 MS: 10 ChangeBinInt-Custom-PersAutoDict-Custom-ChangeBit-Custom-EraseBytes-Custom-InsertRepeatedBytes-Custom- DE: "\007\000\000\000"-
#11716	NEW    cov: 897 ft: 2208 corp: 212/1007b lim: 11 exec/s: 5858 rss: 1124Mb L: 9/11 MS: 10 PersAutoDict-Custom-InsertByte-Custom-ChangeBit-Custom-ChangeBinInt-Custom-ShuffleBytes-Custom- DE: "\001\000"-
#11722	NEW    cov: 897 ft: 2209 corp: 213/1017b lim: 11 exec/s: 5861 rss: 1124Mb L: 10/11 MS: 2 InsertRepeatedBytes-Custom-
#11838	NEW    cov: 897 ft: 2210 corp: 214/1028b lim: 11 exec/s: 5919 rss: 1124Mb L: 11/11 MS: 2 CMP-Custom- DE: "\000\000\000\000"-
#11877	NEW    cov: 897 ft: 2212 corp: 215/1039b lim: 11 exec/s: 5938 rss: 1124Mb L: 11/11 MS: 8 ShuffleBytes-Custom-ShuffleBytes-Custom-PersAutoDict-Custom-InsertRepeatedBytes-Custom- DE: "\000\003"-
#11983	NEW    cov: 897 ft: 2215 corp: 216/1047b lim: 11 exec/s: 5991 rss: 1124Mb L: 8/11 MS: 2 ChangeBinInt-Custom-
#11994	NEW    cov: 897 ft: 2219 corp: 217/1056b lim: 11 exec/s: 5997 rss: 1124Mb L: 9/11 MS: 2 InsertByte-Custom-
#12011	REDUCE cov: 897 ft: 2219 corp: 217/1055b lim: 11 exec/s: 6005 rss: 1124Mb L: 7/11 MS: 4 EraseBytes-Custom-ShuffleBytes-Custom-
#12279	NEW    cov: 898 ft: 2220 corp: 218/1063b lim: 11 exec/s: 6139 rss: 1124Mb L: 8/11 MS: 6 ShuffleBytes-Custom-ChangeBit-Custom-ChangeByte-Custom-
#12305	NEW    cov: 898 ft: 2222 corp: 219/1074b lim: 11 exec/s: 6152 rss: 1124Mb L: 11/11 MS: 2 CopyPart-Custom-
#12456	REDUCE cov: 898 ft: 2222 corp: 219/1070b lim: 11 exec/s: 6228 rss: 1124Mb L: 7/11 MS: 2 EraseBytes-Custom-
#12630	NEW    cov: 898 ft: 2227 corp: 220/1081b lim: 11 exec/s: 6315 rss: 1124Mb L: 11/11 MS: 8 PersAutoDict-Custom-ChangeByte-Custom-EraseBytes-Custom-InsertRepeatedBytes-Custom- DE: "\000\003"-
#12667	REDUCE cov: 898 ft: 2227 corp: 220/1079b lim: 11 exec/s: 6333 rss: 1124Mb L: 2/11 MS: 4 ChangeBit-Custom-EraseBytes-Custom-
#12852	NEW    cov: 898 ft: 2228 corp: 221/1090b lim: 11 exec/s: 6426 rss: 1124Mb L: 11/11 MS: 10 ChangeByte-Custom-PersAutoDict-Custom-ShuffleBytes-Custom-CMP-Custom-InsertRepeatedBytes-Custom- DE: "\000\003"-"\000\000\000\010"-
#12953	NEW    cov: 898 ft: 2236 corp: 222/1098b lim: 11 exec/s: 6476 rss: 1124Mb L: 8/11 MS: 2 CopyPart-Custom-
#12974	NEW    cov: 898 ft: 2253 corp: 223/1106b lim: 11 exec/s: 6487 rss: 1124Mb L: 8/11 MS: 2 CopyPart-Custom-
#13050	NEW    cov: 898 ft: 2261 corp: 224/1114b lim: 11 exec/s: 6525 rss: 1124Mb L: 8/11 MS: 2 CrossOver-Custom-
#13348	NEW    cov: 898 ft: 2263 corp: 225/1123b lim: 11 exec/s: 6674 rss: 1124Mb L: 9/11 MS: 6 CopyPart-Custom-CrossOver-Custom-InsertByte-Custom-
#13534	NEW    cov: 898 ft: 2265 corp: 226/1133b lim: 11 exec/s: 6767 rss: 1124Mb L: 10/11 MS: 2 CopyPart-Custom-
#13548	REDUCE cov: 898 ft: 2265 corp: 226/1132b lim: 11 exec/s: 6774 rss: 1124Mb L: 6/11 MS: 8 PersAutoDict-Custom-PersAutoDict-Custom-InsertByte-Custom-EraseBytes-Custom- DE: "\000\035"-"\007\000\000\000"-
#13592	NEW    cov: 898 ft: 2266 corp: 227/1142b lim: 11 exec/s: 6796 rss: 1124Mb L: 10/11 MS: 8 InsertByte-Custom-CrossOver-Custom-PersAutoDict-Custom-ChangeByte-Custom- DE: "\000\035"-
#13618	REDUCE cov: 898 ft: 2266 corp: 227/1140b lim: 11 exec/s: 6809 rss: 1124Mb L: 6/11 MS: 2 EraseBytes-Custom-
#13786	NEW    cov: 898 ft: 2268 corp: 228/1149b lim: 11 exec/s: 6893 rss: 1124Mb L: 9/11 MS: 6 ChangeByte-Custom-EraseBytes-Custom-ShuffleBytes-Custom-
#13806	NEW    cov: 899 ft: 2269 corp: 229/1160b lim: 11 exec/s: 6903 rss: 1124Mb L: 11/11 MS: 10 InsertByte-Custom-CrossOver-Custom-PersAutoDict-Custom-ChangeASCIIInt-Custom-CMP-Custom- DE: "\000\003"-"\377\376"-
#13827	REDUCE cov: 899 ft: 2269 corp: 229/1159b lim: 11 exec/s: 6913 rss: 1124Mb L: 3/11 MS: 2 EraseBytes-Custom-
#13831	REDUCE cov: 899 ft: 2269 corp: 229/1158b lim: 11 exec/s: 6915 rss: 1124Mb L: 7/11 MS: 8 ShuffleBytes-Custom-ChangeBinInt-Custom-ShuffleBytes-Custom-EraseBytes-Custom-
#13946	NEW    cov: 899 ft: 2271 corp: 230/1169b lim: 11 exec/s: 6973 rss: 1124Mb L: 11/11 MS: 10 ChangeBinInt-Custom-ShuffleBytes-Custom-ShuffleBytes-Custom-CopyPart-Custom-ChangeByte-Custom-
#13948	REDUCE cov: 899 ft: 2271 corp: 230/1168b lim: 11 exec/s: 6974 rss: 1124Mb L: 3/11 MS: 4 ChangeByte-Custom-EraseBytes-Custom-
#13949	NEW    cov: 899 ft: 2272 corp: 231/1175b lim: 11 exec/s: 6974 rss: 1124Mb L: 7/11 MS: 2 EraseBytes-Custom-
#13993	NEW    cov: 899 ft: 2279 corp: 232/1186b lim: 11 exec/s: 6996 rss: 1124Mb L: 11/11 MS: 8 ShuffleBytes-Custom-ShuffleBytes-Custom-EraseBytes-Custom-CopyPart-Custom-
#14313	NEW    cov: 899 ft: 2286 corp: 233/1199b lim: 14 exec/s: 7156 rss: 1124Mb L: 13/13 MS: 10 ChangeBit-Custom-PersAutoDict-Custom-ChangeBinInt-Custom-ChangeBinInt-Custom-InsertRepeatedBytes-Custom- DE: "\000\003"-
#14341	NEW    cov: 899 ft: 2292 corp: 234/1213b lim: 14 exec/s: 7170 rss: 1124Mb L: 14/14 MS: 6 CrossOver-Custom-CopyPart-Custom-CopyPart-Custom-
#14358	NEW    cov: 899 ft: 2300 corp: 235/1226b lim: 14 exec/s: 7179 rss: 1124Mb L: 13/14 MS: 4 ChangeBinInt-Custom-CopyPart-Custom-
#14390	REDUCE cov: 899 ft: 2300 corp: 235/1225b lim: 14 exec/s: 7195 rss: 1124Mb L: 10/14 MS: 4 ChangeByte-Custom-EraseBytes-Custom-
#14570	REDUCE cov: 899 ft: 2303 corp: 236/1239b lim: 14 exec/s: 7285 rss: 1124Mb L: 14/14 MS: 10 InsertRepeatedBytes-Custom-InsertRepeatedBytes-Custom-CrossOver-Custom-CopyPart-Custom-InsertRepeatedBytes-Custom-
#14767	REDUCE cov: 899 ft: 2303 corp: 236/1237b lim: 14 exec/s: 7383 rss: 1124Mb L: 5/14 MS: 4 ShuffleBytes-Custom-EraseBytes-Custom-
#14885	NEW    cov: 899 ft: 2307 corp: 237/1249b lim: 14 exec/s: 7442 rss: 1124Mb L: 12/14 MS: 6 InsertByte-Custom-PersAutoDict-Custom-ChangeBit-Custom- DE: "\007\000\000\000"-
#15231	NEW    cov: 899 ft: 2351 corp: 238/1263b lim: 17 exec/s: 7615 rss: 1124Mb L: 14/14 MS: 2 InsertRepeatedBytes-Custom-
#15386	REDUCE cov: 899 ft: 2353 corp: 239/1278b lim: 17 exec/s: 7693 rss: 1124Mb L: 15/15 MS: 10 ChangeByte-Custom-ChangeBinInt-Custom-CrossOver-Custom-ChangeBinInt-Custom-CopyPart-Custom-
#15502	NEW    cov: 900 ft: 2354 corp: 240/1287b lim: 17 exec/s: 7751 rss: 1124Mb L: 9/15 MS: 2 ShuffleBytes-Custom-
#15656	NEW    cov: 900 ft: 2355 corp: 241/1301b lim: 17 exec/s: 7828 rss: 1124Mb L: 14/15 MS: 8 ChangeBit-Custom-ShuffleBytes-Custom-InsertByte-Custom-InsertRepeatedBytes-Custom-
#15767	NEW    cov: 900 ft: 2356 corp: 242/1318b lim: 17 exec/s: 7883 rss: 1124Mb L: 17/17 MS: 2 CrossOver-Custom-
#15787	NEW    cov: 900 ft: 2378 corp: 243/1325b lim: 17 exec/s: 7893 rss: 1124Mb L: 7/17 MS: 10 EraseBytes-Custom-ChangeByte-Custom-EraseBytes-Custom-ChangeBinInt-Custom-CopyPart-Custom-
#15854	REDUCE cov: 900 ft: 2378 corp: 243/1321b lim: 17 exec/s: 7927 rss: 1124Mb L: 4/17 MS: 4 ChangeBinInt-Custom-EraseBytes-Custom-
#15890	REDUCE cov: 900 ft: 2378 corp: 243/1320b lim: 17 exec/s: 7945 rss: 1124Mb L: 5/17 MS: 2 EraseBytes-Custom-
#16086	NEW    cov: 900 ft: 2379 corp: 244/1327b lim: 17 exec/s: 8043 rss: 1124Mb L: 7/17 MS: 2 InsertByte-Custom-
#16203	REDUCE cov: 900 ft: 2379 corp: 244/1324b lim: 17 exec/s: 8101 rss: 1124Mb L: 7/17 MS: 4 CopyPart-Custom-EraseBytes-Custom-
#16305	REDUCE cov: 900 ft: 2379 corp: 244/1322b lim: 17 exec/s: 8152 rss: 1124Mb L: 5/17 MS: 4 ChangeByte-Custom-EraseBytes-Custom-
#16331	REDUCE cov: 900 ft: 2379 corp: 244/1320b lim: 17 exec/s: 8165 rss: 1124Mb L: 5/17 MS: 2 EraseBytes-Custom-
#16384	pulse  cov: 900 ft: 2379 corp: 244/1320b lim: 17 exec/s: 8192 rss: 1124Mb
#16405	REDUCE cov: 900 ft: 2380 corp: 245/1334b lim: 17 exec/s: 8202 rss: 1124Mb L: 14/17 MS: 8 ChangeByte-Custom-ShuffleBytes-Custom-PersAutoDict-Custom-InsertRepeatedBytes-Custom- DE: "\007\000\000\000"-
#16418	REDUCE cov: 900 ft: 2380 corp: 245/1333b lim: 17 exec/s: 8209 rss: 1124Mb L: 6/17 MS: 6 PersAutoDict-Custom-CrossOver-Custom-EraseBytes-Custom- DE: "?\000"-
#16462	NEW    cov: 900 ft: 2381 corp: 246/1344b lim: 17 exec/s: 8231 rss: 1124Mb L: 11/17 MS: 8 ChangeBit-Custom-PersAutoDict-Custom-CMP-Custom-InsertByte-Custom- DE: "\007\000\000\000"-"\000\010"-
#16904	NEW    cov: 900 ft: 2383 corp: 247/1365b lim: 21 exec/s: 8452 rss: 1125Mb L: 21/21 MS: 4 InsertRepeatedBytes-Custom-InsertRepeatedBytes-Custom-
#17061	NEW    cov: 900 ft: 2390 corp: 248/1378b lim: 21 exec/s: 8530 rss: 1125Mb L: 13/21 MS: 4 CopyPart-Custom-CopyPart-Custom-
#17116	NEW    cov: 900 ft: 2391 corp: 249/1397b lim: 21 exec/s: 8558 rss: 1125Mb L: 19/21 MS: 10 ChangeBit-Custom-ChangeByte-Custom-CopyPart-Custom-CrossOver-Custom-CopyPart-Custom-
#17233	REDUCE cov: 900 ft: 2391 corp: 249/1396b lim: 21 exec/s: 8616 rss: 1125Mb L: 5/21 MS: 4 ChangeByte-Custom-EraseBytes-Custom-
#17538	NEW    cov: 900 ft: 2396 corp: 250/1417b lim: 21 exec/s: 8769 rss: 1125Mb L: 21/21 MS: 10 ShuffleBytes-Custom-ChangeBit-Custom-InsertByte-Custom-InsertRepeatedBytes-Custom-InsertRepeatedBytes-Custom-
#17592	NEW    cov: 900 ft: 2398 corp: 251/1436b lim: 21 exec/s: 8796 rss: 1125Mb L: 19/21 MS: 8 ChangeBit-Custom-ChangeBit-Custom-ShuffleBytes-Custom-EraseBytes-Custom-
#17642	NEW    cov: 900 ft: 2401 corp: 252/1456b lim: 21 exec/s: 8821 rss: 1125Mb L: 20/21 MS: 10 ShuffleBytes-Custom-CopyPart-Custom-CrossOver-Custom-InsertRepeatedBytes-Custom-PersAutoDict-Custom- DE: "\001\000"-
#17669	REDUCE cov: 900 ft: 2401 corp: 252/1454b lim: 21 exec/s: 8834 rss: 1125Mb L: 9/21 MS: 4 ShuffleBytes-Custom-EraseBytes-Custom-
#17690	NEW    cov: 900 ft: 2403 corp: 253/1468b lim: 21 exec/s: 8845 rss: 1125Mb L: 14/21 MS: 2 CopyPart-Custom-
#17807	REDUCE cov: 900 ft: 2403 corp: 253/1466b lim: 21 exec/s: 8903 rss: 1125Mb L: 6/21 MS: 4 ChangeByte-Custom-EraseBytes-Custom-
#17931	NEW    cov: 900 ft: 2404 corp: 254/1485b lim: 21 exec/s: 8965 rss: 1125Mb L: 19/21 MS: 8 EraseBytes-Custom-ChangeBit-Custom-PersAutoDict-Custom-InsertRepeatedBytes-Custom- DE: "\377\377\377\377\377\377\377\377"-
#17969	REDUCE cov: 900 ft: 2404 corp: 254/1484b lim: 21 exec/s: 8984 rss: 1125Mb L: 5/21 MS: 6 CopyPart-Custom-CopyPart-Custom-EraseBytes-Custom-
#18101	REDUCE cov: 900 ft: 2404 corp: 254/1483b lim: 21 exec/s: 9050 rss: 1125Mb L: 13/21 MS: 4 InsertByte-Custom-EraseBytes-Custom-
#18445	NEW    cov: 900 ft: 2410 corp: 255/1494b lim: 21 exec/s: 9222 rss: 1125Mb L: 11/21 MS: 8 ChangeBinInt-Custom-ShuffleBytes-Custom-CrossOver-Custom-ShuffleBytes-Custom-
#18469	NEW    cov: 900 ft: 2412 corp: 256/1513b lim: 21 exec/s: 9234 rss: 1125Mb L: 19/21 MS: 8 ChangeBit-Custom-ChangeBit-Custom-ChangeBinInt-Custom-InsertRepeatedBytes-Custom-
#18580	NEW    cov: 900 ft: 2417 corp: 257/1533b lim: 21 exec/s: 9290 rss: 1125Mb L: 20/21 MS: 2 InsertByte-Custom-
#18707	NEW    cov: 900 ft: 2420 corp: 258/1548b lim: 21 exec/s: 9353 rss: 1125Mb L: 15/21 MS: 4 InsertByte-Custom-PersAutoDict-Custom- DE: "\000\003"-
#18838	REDUCE cov: 900 ft: 2420 corp: 258/1547b lim: 21 exec/s: 9419 rss: 1125Mb L: 4/21 MS: 2 EraseBytes-Custom-
#19059	NEW    cov: 900 ft: 2421 corp: 259/1568b lim: 21 exec/s: 9529 rss: 1125Mb L: 21/21 MS: 2 InsertRepeatedBytes-Custom-
#19370	REDUCE cov: 900 ft: 2421 corp: 259/1567b lim: 21 exec/s: 9685 rss: 1125Mb L: 8/21 MS: 2 EraseBytes-Custom-
#19440	NEW    cov: 900 ft: 2422 corp: 260/1588b lim: 21 exec/s: 9720 rss: 1125Mb L: 21/21 MS: 10 EraseBytes-Custom-ShuffleBytes-Custom-CrossOver-Custom-ChangeBinInt-Custom-InsertRepeatedBytes-Custom-
#19524	NEW    cov: 900 ft: 2424 corp: 261/1609b lim: 21 exec/s: 9762 rss: 1125Mb L: 21/21 MS: 8 CopyPart-Custom-CopyPart-Custom-ChangeBit-Custom-CrossOver-Custom-
#19895	NEW    cov: 900 ft: 2535 corp: 262/1627b lim: 21 exec/s: 9947 rss: 1125Mb L: 18/21 MS: 2 InsertRepeatedBytes-Custom-
#20253	NEW    cov: 900 ft: 2539 corp: 263/1643b lim: 21 exec/s: 10126 rss: 1125Mb L: 16/21 MS: 6 InsertRepeatedBytes-Custom-CrossOver-Custom-CrossOver-Custom-
#20275	REDUCE cov: 900 ft: 2540 corp: 264/1662b lim: 21 exec/s: 10137 rss: 1125Mb L: 19/21 MS: 4 ChangeASCIIInt-Custom-InsertRepeatedBytes-Custom-
#20345	REDUCE cov: 900 ft: 2540 corp: 264/1660b lim: 21 exec/s: 10172 rss: 1125Mb L: 6/21 MS: 10 CopyPart-Custom-ChangeBinInt-Custom-CrossOver-Custom-EraseBytes-Custom-EraseBytes-Custom-
#20676	NEW    cov: 900 ft: 2607 corp: 265/1679b lim: 21 exec/s: 10338 rss: 1125Mb L: 19/21 MS: 2 CopyPart-Custom-
#20703	NEW    cov: 900 ft: 2617 corp: 266/1699b lim: 21 exec/s: 10351 rss: 1125Mb L: 20/21 MS: 4 ShuffleBytes-Custom-InsertRepeatedBytes-Custom-
#20764	REDUCE cov: 900 ft: 2617 corp: 266/1696b lim: 21 exec/s: 10382 rss: 1125Mb L: 18/21 MS: 2 EraseBytes-Custom-
#21016	REDUCE cov: 900 ft: 2617 corp: 266/1695b lim: 21 exec/s: 10508 rss: 1125Mb L: 4/21 MS: 4 InsertByte-Custom-EraseBytes-Custom-
#21285	NEW    cov: 900 ft: 2621 corp: 267/1714b lim: 21 exec/s: 10642 rss: 1125Mb L: 19/21 MS: 8 ShuffleBytes-Custom-ShuffleBytes-Custom-ShuffleBytes-Custom-InsertRepeatedBytes-Custom-
#21326	REDUCE cov: 900 ft: 2621 corp: 267/1713b lim: 21 exec/s: 10663 rss: 1125Mb L: 1/21 MS: 2 EraseBytes-Custom-
#21555	REDUCE cov: 900 ft: 2622 corp: 268/1727b lim: 21 exec/s: 10777 rss: 1125Mb L: 14/21 MS: 8 ChangeBinInt-Custom-CopyPart-Custom-PersAutoDict-Custom-ShuffleBytes-Custom- DE: "\007\000\000\000"-
#21591	REDUCE cov: 900 ft: 2622 corp: 268/1724b lim: 21 exec/s: 10795 rss: 1125Mb L: 8/21 MS: 2 EraseBytes-Custom-
#21623	REDUCE cov: 900 ft: 2625 corp: 269/1742b lim: 21 exec/s: 10811 rss: 1125Mb L: 18/21 MS: 4 ShuffleBytes-Custom-CopyPart-Custom-
#21681	REDUCE cov: 900 ft: 2626 corp: 270/1762b lim: 21 exec/s: 10840 rss: 1125Mb L: 20/21 MS: 6 InsertRepeatedBytes-Custom-ShuffleBytes-Custom-CopyPart-Custom-
#21707	REDUCE cov: 900 ft: 2626 corp: 270/1757b lim: 21 exec/s: 10853 rss: 1125Mb L: 14/21 MS: 2 EraseBytes-Custom-
#21928	REDUCE cov: 900 ft: 2626 corp: 270/1755b lim: 21 exec/s: 10964 rss: 1125Mb L: 9/21 MS: 2 CrossOver-Custom-
#22169	REDUCE cov: 900 ft: 2626 corp: 270/1753b lim: 21 exec/s: 11084 rss: 1125Mb L: 9/21 MS: 2 EraseBytes-Custom-
#22220	REDUCE cov: 900 ft: 2626 corp: 270/1747b lim: 21 exec/s: 11110 rss: 1125Mb L: 15/21 MS: 2 EraseBytes-Custom-
#22298	NEW    cov: 900 ft: 2628 corp: 271/1758b lim: 21 exec/s: 11149 rss: 1125Mb L: 11/21 MS: 6 InsertByte-Custom-CopyPart-Custom-CopyPart-Custom-
#22785	REDUCE cov: 900 ft: 2628 corp: 271/1756b lim: 25 exec/s: 11392 rss: 1125Mb L: 9/21 MS: 4 ChangeBinInt-Custom-EraseBytes-Custom-
#22803	NEW    cov: 900 ft: 2629 corp: 272/1779b lim: 25 exec/s: 11401 rss: 1125Mb L: 23/23 MS: 6 PersAutoDict-Custom-ChangeBit-Custom-CopyPart-Custom- DE: "\001 "-
#22864	REDUCE cov: 900 ft: 2630 corp: 273/1790b lim: 25 exec/s: 11432 rss: 1125Mb L: 11/23 MS: 2 CopyPart-Custom-
#23080	NEW    cov: 900 ft: 2631 corp: 274/1801b lim: 25 exec/s: 11540 rss: 1125Mb L: 11/23 MS: 2 ChangeBit-Custom-
#23252	NEW    cov: 900 ft: 2638 corp: 275/1825b lim: 25 exec/s: 11626 rss: 1125Mb L: 24/24 MS: 4 CopyPart-Custom-InsertRepeatedBytes-Custom-
#23439	REDUCE cov: 900 ft: 2638 corp: 275/1824b lim: 25 exec/s: 11719 rss: 1125Mb L: 18/24 MS: 4 ShuffleBytes-Custom-EraseBytes-Custom-
#23514	REDUCE cov: 900 ft: 2638 corp: 275/1823b lim: 25 exec/s: 11757 rss: 1125Mb L: 10/24 MS: 10 CopyPart-Custom-ChangeByte-Custom-ChangeBinInt-Custom-ChangeByte-Custom-EraseBytes-Custom-
#23520	REDUCE cov: 900 ft: 2638 corp: 275/1822b lim: 25 exec/s: 11760 rss: 1125Mb L: 12/24 MS: 2 EraseBytes-Custom-
#23616	REDUCE cov: 900 ft: 2638 corp: 275/1821b lim: 25 exec/s: 11808 rss: 1125Mb L: 6/24 MS: 2 EraseBytes-Custom-
#23651	REDUCE cov: 900 ft: 2638 corp: 275/1819b lim: 25 exec/s: 11825 rss: 1125Mb L: 19/24 MS: 10 PersAutoDict-Custom-CrossOver-Custom-InsertRepeatedBytes-Custom-ChangeBinInt-Custom-EraseBytes-Custom- DE: "\000\000\000\010"-
#23822	REDUCE cov: 900 ft: 2638 corp: 275/1816b lim: 25 exec/s: 11911 rss: 1125Mb L: 5/24 MS: 2 EraseBytes-Custom-
#24018	NEW    cov: 900 ft: 2639 corp: 276/1837b lim: 25 exec/s: 12009 rss: 1125Mb L: 21/24 MS: 2 InsertRepeatedBytes-Custom-
#24286	NEW    cov: 900 ft: 2640 corp: 277/1862b lim: 25 exec/s: 12143 rss: 1125Mb L: 25/25 MS: 6 ChangeBit-Custom-CrossOver-Custom-CrossOver-Custom-
#24364	REDUCE cov: 900 ft: 2646 corp: 278/1880b lim: 25 exec/s: 12182 rss: 1125Mb L: 18/25 MS: 6 ChangeByte-Custom-ChangeBit-Custom-InsertRepeatedBytes-Custom-
INFO: Instrumented com.fasterxml.jackson.core.json.DupDetector (took 4 ms, size +38%)
#24586	REDUCE cov: 900 ft: 2649 corp: 279/1903b lim: 25 exec/s: 12293 rss: 1125Mb L: 23/25 MS: 4 ChangeBit-Custom-InsertRepeatedBytes-Custom-
#24762	REDUCE cov: 900 ft: 2649 corp: 279/1902b lim: 25 exec/s: 12381 rss: 1125Mb L: 1/25 MS: 2 EraseBytes-Custom-
#25412	NEW    cov: 900 ft: 2652 corp: 280/1931b lim: 29 exec/s: 12706 rss: 1125Mb L: 29/29 MS: 10 InsertRepeatedBytes-Custom-InsertByte-Custom-ChangeBit-Custom-ChangeBit-Custom-ShuffleBytes-Custom-
#25428	REDUCE cov: 900 ft: 2652 corp: 280/1930b lim: 29 exec/s: 12714 rss: 1125Mb L: 3/29 MS: 2 EraseBytes-Custom-
#25495	NEW    cov: 900 ft: 2660 corp: 281/1959b lim: 29 exec/s: 12747 rss: 1125Mb L: 29/29 MS: 4 CopyPart-Custom-CopyPart-Custom-
#25524	REDUCE cov: 900 ft: 2661 corp: 282/1985b lim: 29 exec/s: 12762 rss: 1125Mb L: 26/29 MS: 8 CopyPart-Custom-ShuffleBytes-Custom-ChangeByte-Custom-InsertRepeatedBytes-Custom-
#25570	REDUCE cov: 900 ft: 2661 corp: 282/1984b lim: 29 exec/s: 12785 rss: 1125Mb L: 7/29 MS: 2 EraseBytes-Custom-
#25589	REDUCE cov: 900 ft: 2662 corp: 283/2000b lim: 29 exec/s: 12794 rss: 1125Mb L: 16/29 MS: 8 CrossOver-Custom-ShuffleBytes-Custom-CrossOver-Custom-CMP-Custom- DE: "\000\000\000\000\000\000\000\000"-
#25621	REDUCE cov: 900 ft: 2662 corp: 283/1999b lim: 29 exec/s: 12810 rss: 1125Mb L: 1/29 MS: 4 ShuffleBytes-Custom-EraseBytes-Custom-
#26047	REDUCE cov: 900 ft: 2662 corp: 283/1998b lim: 33 exec/s: 13023 rss: 1125Mb L: 6/29 MS: 2 EraseBytes-Custom-
#26398	REDUCE cov: 900 ft: 2662 corp: 283/1996b lim: 33 exec/s: 13199 rss: 1125Mb L: 19/29 MS: 2 EraseBytes-Custom-
#26410	NEW    cov: 900 ft: 2663 corp: 284/2022b lim: 33 exec/s: 13205 rss: 1125Mb L: 26/29 MS: 4 ChangeBit-Custom-InsertRepeatedBytes-Custom-
#26524	NEW    cov: 900 ft: 2667 corp: 285/2055b lim: 33 exec/s: 13262 rss: 1125Mb L: 33/33 MS: 8 ChangeByte-Custom-CopyPart-Custom-InsertRepeatedBytes-Custom-ChangeBinInt-Custom-
#26770	REDUCE cov: 900 ft: 2667 corp: 285/2048b lim: 33 exec/s: 13385 rss: 1125Mb L: 22/33 MS: 2 EraseBytes-Custom-
#26918	REDUCE cov: 900 ft: 2667 corp: 285/2046b lim: 33 exec/s: 13459 rss: 1125Mb L: 5/33 MS: 6 ChangeBit-Custom-InsertByte-Custom-EraseBytes-Custom-
#27015	REDUCE cov: 900 ft: 2667 corp: 285/2045b lim: 33 exec/s: 13507 rss: 1125Mb L: 1/33 MS: 4 ShuffleBytes-Custom-EraseBytes-Custom-
#27212	NEW    cov: 900 ft: 2668 corp: 286/2073b lim: 33 exec/s: 13606 rss: 1125Mb L: 28/33 MS: 4 PersAutoDict-Custom-CopyPart-Custom- DE: "\005\000"-
#27508	REDUCE cov: 900 ft: 2668 corp: 286/2066b lim: 33 exec/s: 13754 rss: 1125Mb L: 8/33 MS: 2 EraseBytes-Custom-
#27686	NEW    cov: 900 ft: 2669 corp: 287/2096b lim: 33 exec/s: 13843 rss: 1125Mb L: 30/33 MS: 6 PersAutoDict-Custom-CrossOver-Custom-CrossOver-Custom- DE: "\000\000\000\000\000\000\000\000"-
#27808	REDUCE cov: 900 ft: 2669 corp: 287/2088b lim: 33 exec/s: 13904 rss: 1125Mb L: 18/33 MS: 4 ChangeBit-Custom-EraseBytes-Custom-
#27872	REDUCE cov: 900 ft: 2669 corp: 287/2086b lim: 33 exec/s: 13936 rss: 1125Mb L: 10/33 MS: 8 CrossOver-Custom-ChangeByte-Custom-ChangeBit-Custom-EraseBytes-Custom-
#27887	NEW    cov: 900 ft: 2671 corp: 288/2101b lim: 33 exec/s: 13943 rss: 1125Mb L: 15/33 MS: 10 CopyPart-Custom-ChangeBinInt-Custom-PersAutoDict-Custom-EraseBytes-Custom-CopyPart-Custom- DE: "\000\010"-
#27919	REDUCE cov: 900 ft: 2671 corp: 288/2100b lim: 33 exec/s: 13959 rss: 1125Mb L: 1/33 MS: 4 ChangeByte-Custom-EraseBytes-Custom-
#27970	REDUCE cov: 900 ft: 2671 corp: 288/2099b lim: 33 exec/s: 13985 rss: 1125Mb L: 1/33 MS: 2 EraseBytes-Custom-
#28298	NEW    cov: 901 ft: 2672 corp: 289/2109b lim: 33 exec/s: 14149 rss: 1125Mb L: 10/33 MS: 6 ChangeByte-Custom-InsertByte-Custom-PersAutoDict-Custom- DE: "\377\376"-
#28364	REDUCE cov: 901 ft: 2672 corp: 289/2108b lim: 33 exec/s: 14182 rss: 1125Mb L: 5/33 MS: 2 EraseBytes-Custom-
#28472	REDUCE cov: 901 ft: 2672 corp: 289/2105b lim: 33 exec/s: 14236 rss: 1125Mb L: 3/33 MS: 6 EraseBytes-Custom-ChangeBit-Custom-ShuffleBytes-Custom-
#28895	NEW    cov: 901 ft: 2673 corp: 290/2137b lim: 33 exec/s: 14447 rss: 1125Mb L: 32/33 MS: 6 ChangeByte-Custom-ChangeBit-Custom-CopyPart-Custom-
#29073	NEW    cov: 901 ft: 2675 corp: 291/2167b lim: 33 exec/s: 14536 rss: 1125Mb L: 30/33 MS: 6 CMP-Custom-ChangeByte-Custom-ChangeBit-Custom- DE: "\000\000\000\010"-
#29224	REDUCE cov: 901 ft: 2675 corp: 291/2164b lim: 33 exec/s: 14612 rss: 1125Mb L: 6/33 MS: 2 EraseBytes-Custom-
#29325	REDUCE cov: 901 ft: 2675 corp: 291/2161b lim: 33 exec/s: 14662 rss: 1125Mb L: 11/33 MS: 2 EraseBytes-Custom-
#29549	NEW    cov: 901 ft: 2696 corp: 292/2190b lim: 33 exec/s: 14774 rss: 1125Mb L: 29/33 MS: 8 ShuffleBytes-Custom-ChangeByte-Custom-CrossOver-Custom-InsertRepeatedBytes-Custom-
#29782	REDUCE cov: 901 ft: 2696 corp: 292/2181b lim: 33 exec/s: 14891 rss: 1125Mb L: 17/33 MS: 6 ChangeByte-Custom-CopyPart-Custom-EraseBytes-Custom-
#29793	NEW    cov: 901 ft: 2699 corp: 293/2208b lim: 33 exec/s: 14896 rss: 1125Mb L: 27/33 MS: 2 CopyPart-Custom-
#29934	REDUCE cov: 901 ft: 2701 corp: 294/2233b lim: 33 exec/s: 14967 rss: 1125Mb L: 25/33 MS: 2 InsertRepeatedBytes-Custom-
#30362	NEW    cov: 901 ft: 2702 corp: 295/2264b lim: 33 exec/s: 15181 rss: 1125Mb L: 31/33 MS: 6 ChangeASCIIInt-Custom-ChangeBit-Custom-PersAutoDict-Custom- DE: "\005\000"-
#30513	REDUCE cov: 901 ft: 2702 corp: 295/2262b lim: 33 exec/s: 15256 rss: 1125Mb L: 31/32 MS: 2 EraseBytes-Custom-
#30648	NEW    cov: 901 ft: 2704 corp: 296/2286b lim: 33 exec/s: 15324 rss: 1125Mb L: 24/32 MS: 10 InsertRepeatedBytes-Custom-ShuffleBytes-Custom-ShuffleBytes-Custom-ShuffleBytes-Custom-ShuffleBytes-Custom-
#30925	NEW    cov: 901 ft: 2705 corp: 297/2310b lim: 33 exec/s: 15462 rss: 1125Mb L: 24/32 MS: 4 ChangeByte-Custom-CopyPart-Custom-
#31272	REDUCE cov: 901 ft: 2705 corp: 297/2309b lim: 33 exec/s: 15636 rss: 1125Mb L: 29/32 MS: 4 CrossOver-Custom-EraseBytes-Custom-
#31298	REDUCE cov: 901 ft: 2705 corp: 297/2308b lim: 33 exec/s: 15649 rss: 1125Mb L: 4/32 MS: 2 EraseBytes-Custom-
#31346	NEW    cov: 901 ft: 2708 corp: 298/2331b lim: 33 exec/s: 15673 rss: 1125Mb L: 23/32 MS: 6 ChangeBit-Custom-PersAutoDict-Custom-InsertByte-Custom- DE: "\001 "-
#31898	REDUCE cov: 901 ft: 2708 corp: 298/2326b lim: 38 exec/s: 10632 rss: 1125Mb L: 24/32 MS: 4 CrossOver-Custom-EraseBytes-Custom-
#32094	REDUCE cov: 901 ft: 2708 corp: 298/2325b lim: 38 exec/s: 10698 rss: 1125Mb L: 5/32 MS: 2 EraseBytes-Custom-
#32209	NEW    cov: 901 ft: 2713 corp: 299/2356b lim: 38 exec/s: 10736 rss: 1125Mb L: 31/32 MS: 10 InsertByte-Custom-ShuffleBytes-Custom-ShuffleBytes-Custom-InsertRepeatedBytes-Custom-InsertByte-Custom-
#32480	REDUCE cov: 901 ft: 2713 corp: 299/2355b lim: 38 exec/s: 10826 rss: 1125Mb L: 3/32 MS: 2 EraseBytes-Custom-
#32630	NEW    cov: 901 ft: 2722 corp: 300/2393b lim: 38 exec/s: 10876 rss: 1125Mb L: 38/38 MS: 10 ChangeBit-Custom-CopyPart-Custom-CrossOver-Custom-InsertRepeatedBytes-Custom-CopyPart-Custom-
#32678	NEW    cov: 901 ft: 2723 corp: 301/2404b lim: 38 exec/s: 10892 rss: 1125Mb L: 11/38 MS: 6 InsertByte-Custom-CopyPart-Custom-InsertRepeatedBytes-Custom-
#32768	pulse  cov: 901 ft: 2723 corp: 301/2404b lim: 38 exec/s: 10922 rss: 1125Mb
#32998	NEW    cov: 901 ft: 2724 corp: 302/2415b lim: 38 exec/s: 10999 rss: 1125Mb L: 11/38 MS: 10 CrossOver-Custom-CopyPart-Custom-CrossOver-Custom-ChangeBinInt-Custom-CopyPart-Custom-
#33312	REDUCE cov: 901 ft: 2729 corp: 303/2448b lim: 38 exec/s: 11104 rss: 1125Mb L: 33/38 MS: 8 PersAutoDict-Custom-CopyPart-Custom-InsertRepeatedBytes-Custom-ShuffleBytes-Custom- DE: "\000\000\000\000\000\000\000\000"-
#33595	REDUCE cov: 901 ft: 2729 corp: 303/2447b lim: 38 exec/s: 11198 rss: 1125Mb L: 10/38 MS: 6 CopyPart-Custom-ChangeBit-Custom-EraseBytes-Custom-
#33656	NEW    cov: 904 ft: 2732 corp: 304/2455b lim: 38 exec/s: 11218 rss: 1125Mb L: 8/38 MS: 2 InsertByte-Custom-
#34047	NEW    cov: 904 ft: 2736 corp: 305/2492b lim: 38 exec/s: 11349 rss: 1125Mb L: 37/38 MS: 2 CopyPart-Custom-
#34056	NEW    cov: 904 ft: 2748 corp: 306/2529b lim: 38 exec/s: 11352 rss: 1125Mb L: 37/38 MS: 8 CopyPart-Custom-ChangeBit-Custom-PersAutoDict-Custom-InsertRepeatedBytes-Custom- DE: "\000\000\000\010"-
#34458	REDUCE cov: 904 ft: 2748 corp: 306/2528b lim: 38 exec/s: 11486 rss: 1125Mb L: 10/38 MS: 4 CrossOver-Custom-EraseBytes-Custom-
#34549	NEW    cov: 904 ft: 2749 corp: 307/2562b lim: 38 exec/s: 11516 rss: 1125Mb L: 34/38 MS: 2 InsertByte-Custom-
#34815	REDUCE cov: 904 ft: 2749 corp: 307/2561b lim: 38 exec/s: 11605 rss: 1125Mb L: 10/38 MS: 2 EraseBytes-Custom-
#34866	REDUCE cov: 904 ft: 2790 corp: 308/2590b lim: 38 exec/s: 11622 rss: 1125Mb L: 29/38 MS: 2 InsertRepeatedBytes-Custom-
#34991	NEW    cov: 904 ft: 2805 corp: 309/2628b lim: 38 exec/s: 11663 rss: 1125Mb L: 38/38 MS: 10 ShuffleBytes-Custom-InsertByte-Custom-InsertRepeatedBytes-Custom-ChangeBit-Custom-InsertRepeatedBytes-Custom-
#35189	REDUCE cov: 904 ft: 2805 corp: 309/2618b lim: 38 exec/s: 11729 rss: 1125Mb L: 18/38 MS: 6 ChangeBinInt-Custom-ChangeByte-Custom-CrossOver-Custom-
#35376	NEW    cov: 904 ft: 2807 corp: 310/2654b lim: 38 exec/s: 11792 rss: 1125Mb L: 36/38 MS: 4 CrossOver-Custom-InsertRepeatedBytes-Custom-
#35887	REDUCE cov: 904 ft: 2807 corp: 310/2652b lim: 43 exec/s: 11962 rss: 1125Mb L: 29/38 MS: 2 EraseBytes-Custom-
#36578	REDUCE cov: 904 ft: 2807 corp: 310/2650b lim: 48 exec/s: 12192 rss: 1125Mb L: 27/38 MS: 2 EraseBytes-Custom-
#36956	NEW    cov: 904 ft: 2810 corp: 311/2692b lim: 48 exec/s: 12318 rss: 1125Mb L: 42/42 MS: 6 InsertByte-Custom-ChangeByte-Custom-CrossOver-Custom-
#37041	REDUCE cov: 904 ft: 2810 corp: 311/2690b lim: 48 exec/s: 12347 rss: 1125Mb L: 8/42 MS: 10 ChangeBinInt-Custom-ChangeByte-Custom-ChangeByte-Custom-InsertByte-Custom-EraseBytes-Custom-
#37178	REDUCE cov: 904 ft: 2810 corp: 311/2689b lim: 48 exec/s: 12392 rss: 1125Mb L: 12/42 MS: 4 PersAutoDict-Custom-EraseBytes-Custom- DE: "?\000"-
#37213	REDUCE cov: 904 ft: 2811 corp: 312/2702b lim: 48 exec/s: 12404 rss: 1125Mb L: 13/42 MS: 10 ChangeBit-Custom-CrossOver-Custom-PersAutoDict-Custom-ChangeBit-Custom-CopyPart-Custom- DE: "\001\000"-
#37394	NEW    cov: 904 ft: 2817 corp: 313/2747b lim: 48 exec/s: 12464 rss: 1125Mb L: 45/45 MS: 2 InsertRepeatedBytes-Custom-
#37421	REDUCE cov: 904 ft: 2817 corp: 313/2745b lim: 48 exec/s: 12473 rss: 1125Mb L: 9/45 MS: 4 EraseBytes-Custom-ChangeByte-Custom-
#37592	NEW    cov: 904 ft: 2818 corp: 314/2785b lim: 48 exec/s: 12530 rss: 1125Mb L: 40/45 MS: 2 PersAutoDict-Custom- DE: "\000\003"-
#37784	REDUCE cov: 904 ft: 2818 corp: 314/2783b lim: 48 exec/s: 12594 rss: 1125Mb L: 25/45 MS: 4 PersAutoDict-Custom-EraseBytes-Custom- DE: "\000\035"-
#38038	NEW    cov: 904 ft: 2831 corp: 315/2830b lim: 48 exec/s: 12679 rss: 1125Mb L: 47/47 MS: 8 ChangeBit-Custom-InsertRepeatedBytes-Custom-InsertRepeatedBytes-Custom-ChangeBinInt-Custom-
#38182	NEW    cov: 904 ft: 2832 corp: 316/2862b lim: 48 exec/s: 12727 rss: 1125Mb L: 32/47 MS: 8 ChangeBit-Custom-ShuffleBytes-Custom-EraseBytes-Custom-InsertRepeatedBytes-Custom-
#38383	REDUCE cov: 904 ft: 2832 corp: 316/2860b lim: 48 exec/s: 12794 rss: 1125Mb L: 16/47 MS: 2 EraseBytes-Custom-
#38620	REDUCE cov: 904 ft: 2833 corp: 317/2889b lim: 48 exec/s: 12873 rss: 1125Mb L: 29/47 MS: 4 CrossOver-Custom-ChangeBinInt-Custom-
#38676	REDUCE cov: 904 ft: 2833 corp: 317/2888b lim: 48 exec/s: 12892 rss: 1125Mb L: 4/47 MS: 2 EraseBytes-Custom-
#38786	NEW    cov: 904 ft: 2835 corp: 318/2913b lim: 48 exec/s: 12928 rss: 1125Mb L: 25/47 MS: 10 ChangeBinInt-Custom-CopyPart-Custom-CopyPart-Custom-ChangeBit-Custom-PersAutoDict-Custom- DE: "\000\000\000\000\000\000\000\000"-
#38825	REDUCE cov: 904 ft: 2837 corp: 319/2929b lim: 48 exec/s: 12941 rss: 1125Mb L: 16/47 MS: 8 InsertRepeatedBytes-Custom-CMP-Custom-EraseBytes-Custom-ChangeBinInt-Custom- DE: "\011\000"-
#38882	NEW    cov: 904 ft: 2839 corp: 320/2946b lim: 48 exec/s: 12960 rss: 1125Mb L: 17/47 MS: 4 InsertByte-Custom-ChangeBit-Custom-
#38883	REDUCE cov: 904 ft: 2839 corp: 320/2945b lim: 48 exec/s: 12961 rss: 1125Mb L: 24/47 MS: 2 EraseBytes-Custom-
#38884	REDUCE cov: 904 ft: 2839 corp: 320/2944b lim: 48 exec/s: 12961 rss: 1125Mb L: 3/47 MS: 2 EraseBytes-Custom-
#39290	REDUCE cov: 904 ft: 2840 corp: 321/2961b lim: 48 exec/s: 13096 rss: 1125Mb L: 17/47 MS: 2 InsertRepeatedBytes-Custom-
#39293	REDUCE cov: 904 ft: 2840 corp: 321/2960b lim: 48 exec/s: 13097 rss: 1125Mb L: 3/47 MS: 6 ChangeBit-Custom-ShuffleBytes-Custom-EraseBytes-Custom-
#39301	REDUCE cov: 904 ft: 2842 corp: 322/2992b lim: 48 exec/s: 13100 rss: 1125Mb L: 32/47 MS: 6 CrossOver-Custom-CopyPart-Custom-CrossOver-Custom-
#39614	NEW    cov: 904 ft: 2843 corp: 323/3031b lim: 48 exec/s: 13204 rss: 1125Mb L: 39/47 MS: 6 ChangeBinInt-Custom-ChangeBit-Custom-InsertRepeatedBytes-Custom-
#39773	REDUCE cov: 904 ft: 2843 corp: 323/3028b lim: 48 exec/s: 13257 rss: 1125Mb L: 4/47 MS: 8 ShuffleBytes-Custom-CMP-Custom-PersAutoDict-Custom-EraseBytes-Custom- DE: "\032\000"-"\001 "-
#39849	REDUCE cov: 904 ft: 2843 corp: 323/3026b lim: 48 exec/s: 13283 rss: 1125Mb L: 4/47 MS: 2 EraseBytes-Custom-
#40026	REDUCE cov: 904 ft: 2843 corp: 323/3011b lim: 48 exec/s: 13342 rss: 1125Mb L: 21/47 MS: 4 CopyPart-Custom-EraseBytes-Custom-
#40179	NEW    cov: 904 ft: 2846 corp: 324/3036b lim: 48 exec/s: 13393 rss: 1125Mb L: 25/47 MS: 6 ChangeBinInt-Custom-CrossOver-Custom-ChangeBinInt-Custom-
#40300	REDUCE cov: 904 ft: 2846 corp: 324/3035b lim: 48 exec/s: 13433 rss: 1125Mb L: 3/47 MS: 2 EraseBytes-Custom-
#40752	NEW    cov: 904 ft: 2847 corp: 325/3076b lim: 48 exec/s: 13584 rss: 1125Mb L: 41/47 MS: 4 CMP-Custom-InsertRepeatedBytes-Custom- DE: "\000\000\000\000\000\000\000\000"-
#41089	NEW    cov: 904 ft: 2848 corp: 326/3114b lim: 48 exec/s: 13696 rss: 1125Mb L: 38/47 MS: 4 ChangeBit-Custom-InsertRepeatedBytes-Custom-
#41850	REDUCE cov: 904 ft: 2849 corp: 327/3143b lim: 53 exec/s: 13950 rss: 1125Mb L: 29/47 MS: 2 ShuffleBytes-Custom-
#41908	REDUCE cov: 904 ft: 2849 corp: 327/3142b lim: 53 exec/s: 13969 rss: 1125Mb L: 5/47 MS: 6 CopyPart-Custom-ShuffleBytes-Custom-EraseBytes-Custom-
#41931	REDUCE cov: 904 ft: 2854 corp: 328/3190b lim: 53 exec/s: 13977 rss: 1125Mb L: 48/48 MS: 6 ChangeBit-Custom-CopyPart-Custom-InsertRepeatedBytes-Custom-
#42017	REDUCE cov: 904 ft: 2854 corp: 328/3189b lim: 53 exec/s: 14005 rss: 1125Mb L: 18/48 MS: 2 EraseBytes-Custom-
#42089	REDUCE cov: 904 ft: 2854 corp: 328/3187b lim: 53 exec/s: 14029 rss: 1125Mb L: 6/48 MS: 4 ShuffleBytes-Custom-EraseBytes-Custom-
#42090	REDUCE cov: 904 ft: 2855 corp: 329/3234b lim: 53 exec/s: 14030 rss: 1125Mb L: 47/48 MS: 2 InsertRepeatedBytes-Custom-
#42097	REDUCE cov: 904 ft: 2855 corp: 329/3233b lim: 53 exec/s: 14032 rss: 1125Mb L: 46/48 MS: 4 ChangeBit-Custom-EraseBytes-Custom-
MS: 6 ChangeByte-Custom-ChangeBinInt-Custom-InsertRepeatedBytes-Custom-; base unit: e4eefd74460ada8be217bd45bf84202c0395fd76
0x1,0x0,0x0,0x0,0x0,0xfa,0xfa,0xf9,0x5,0x5,0xff,0xff,0xff,0xff,0xff,0xff,0xff,0xff,0xff,0xff,0xff,0xff,0xff,0xff,0xff,0xff,0xff,0xff,0xff,0xff,0xff,0xff,0xff,0xff,0xff,0xff,0xff,0xff,0xff,0x5,0x5,0x32,0xff,0xff,0x4b,0x43,0x4b,0xe8,
\001\000\000\000\000\372\372\371\005\005\377\377\377\377\377\377\377\377\377\377\377\377\377\377\377\377\377\377\377\377\377\377\377\377\377\377\377\377\377\005\0052\377\377KCK\350
artifact_prefix='/tmp/bugrun/jacksoncore_24.0LyADN/'; Test unit written to /tmp/bugrun/jacksoncore_24.0LyADN/crash-2248760e9c007186e3b3c2e7be27f46b20b3fd8f
Base64: AQAAAAD6+vkFBf//////////////////////////////////////BQUy//9LQ0vo
Done 42340 runs in 3 second(s)
DEDUP_TOKEN: 3e7022d26c18bb9f
[ERROR] Tests run: 2, Failures: 0, Errors: 1, Skipped: 0, Time elapsed: 11.77 s <<< FAILURE! -- in com.example.algorithm2.Algorithm2Test
[ERROR] com.example.algorithm2.Algorithm2Test.testParameterizedFuzzer(FuzzedDataProvider)[2] -- Time elapsed: 3.660 s <<< ERROR!
java.lang.ArrayIndexOutOfBoundsException: Index 511 out of bounds for length 32
	at com.fasterxml.jackson.core.json.ByteSourceJsonBootstrapper.detectEncoding(ByteSourceJsonBootstrapper.java:130)
	at com.fasterxml.jackson.core.json.ByteSourceJsonBootstrapper.constructParser(ByteSourceJsonBootstrapper.java:246)
	at com.fasterxml.jackson.core.JsonFactory._createParser(JsonFactory.java:1493)
	at com.fasterxml.jackson.core.JsonFactory.createParser(JsonFactory.java:999)
	at jdk.internal.reflect.GeneratedMethodAccessor75.invoke(Unknown Source)
	at java.base/jdk.internal.reflect.DelegatingMethodAccessorImpl.invoke(DelegatingMethodAccessorImpl.java:43)
	at java.base/java.lang.reflect.Method.invoke(Method.java:566)
	at com.example.algorithm2.Algorithm2Test.testParameterizedFuzzer(Algorithm2Test.java:226)

[INFO] 
[INFO] Results:
[INFO] 
[ERROR] Errors: 
[ERROR]   Algorithm2Test.testParameterizedFuzzer:226 » ArrayIndexOutOfBounds Index 511 out of bounds for length 32
[INFO] 
[ERROR] Tests run: 2, Failures: 0, Errors: 1, Skipped: 0
[INFO] 
[ERROR] 

Please refer to /tmp/bugrun/jacksoncore_24.0LyADN/target/surefire-reports for the individual test results.
Please refer to dump files (if any exist) [date].dump, [date]-jvmRun[N].dump and [date].dumpstream.
[INFO] 
[INFO] --- jacoco:0.8.11:report (default-cli) @ AlgorithmName2 ---
[INFO] Loading execution data file /tmp/bugrun/jacksoncore_24.0LyADN/target/jacoco.exec
[INFO] Analyzed bundle 'AlgorithmName2' with 104 classes
[INFO] ------------------------------------------------------------------------
[INFO] BUILD SUCCESS
[INFO] ------------------------------------------------------------------------
[INFO] Total time:  27.226 s
[INFO] Finished at: 2026-10-06T04:30:27+07:00
[INFO] ------------------------------------------------------------------------
