[INFO] Scanning for projects...
[INFO] 
[INFO] ---------------------< com.example:AlgorithmName2 >---------------------
[INFO] Building AlgorithmName2 1.0-SNAPSHOT
[INFO]   from pom.xml
[INFO] --------------------------------[ jar ]---------------------------------
[INFO] 
[INFO] --- jacoco:0.8.11:prepare-agent (default) @ AlgorithmName2 ---
[INFO] argLine set to -javaagent:/home/kanyaphak673380391-3/.m2/repository/org/jacoco/org.jacoco.agent/0.8.11/org.jacoco.agent-0.8.11-runtime.jar=destfile=/tmp/bugrun/math_10.s1w8UI/target/jacoco.exec
[INFO] 
[INFO] --- resources:3.4.0:resources (default-resources) @ AlgorithmName2 ---
[INFO] Copying 1 resource from src/main/resources to target/classes
[INFO] 
[INFO] --- compiler:3.15.0:compile (default-compile) @ AlgorithmName2 ---
[INFO] Recompiling the module because of changed source code.
[INFO] Compiling 1 source file with javac [debug target 1.8] to target/classes
[WARNING] bootstrap class path not set in conjunction with -source 8
[INFO] 
[INFO] --- dependency:3.6.0:unpack-dependencies (unpack-defects4j) @ AlgorithmName2 ---
[INFO] 
[INFO] --- resources:3.4.0:testResources (default-testResources) @ AlgorithmName2 ---
[INFO] skip non existing resourceDirectory /tmp/bugrun/math_10.s1w8UI/src/test/resources
[INFO] 
[INFO] --- compiler:3.15.0:testCompile (default-testCompile) @ AlgorithmName2 ---
[INFO] Recompiling the module because of changed dependency.
[INFO] Compiling 1 source file with javac [debug target 1.8] to target/test-classes
[WARNING] bootstrap class path not set in conjunction with -source 8
[INFO] 
[INFO] --- surefire:3.1.2:test (default-cli) @ AlgorithmName2 ---
[INFO] Using auto detected provider org.apache.maven.surefire.junitplatform.JUnitPlatformProvider
[INFO] 
[INFO] -------------------------------------------------------
[INFO]  T E S T S
[INFO] -------------------------------------------------------
[INFO] Running com.example.algorithm2.Algorithm2Test
OpenJDK 64-Bit Server VM warning: Sharing is only supported for boot loader classes because bootstrap classpath has been appended
INFO: Loaded 284 hooks from com.code_intelligence.jazzer.runtime.TraceCmpHooks
INFO: Loaded 5 hooks from com.code_intelligence.jazzer.runtime.TraceDivHooks
INFO: Loaded 2 hooks from com.code_intelligence.jazzer.runtime.TraceIndirHooks
INFO: Loaded 4 hooks from com.code_intelligence.jazzer.runtime.NativeLibHooks
INFO: Loaded 2 hooks from com.code_intelligence.jazzer.sanitizers.ClojureLangHooks
INFO: Loaded 5 hooks from com.code_intelligence.jazzer.sanitizers.Deserialization
INFO: Loaded 5 hooks from com.code_intelligence.jazzer.sanitizers.ExpressionLanguageInjection
INFO: Loaded 70 hooks from com.code_intelligence.jazzer.sanitizers.LdapInjection
INFO: Loaded 46 hooks from com.code_intelligence.jazzer.sanitizers.NamingContextLookup
INFO: Loaded 1 hooks from com.code_intelligence.jazzer.sanitizers.OsCommandInjection
INFO: Loaded 52 hooks from com.code_intelligence.jazzer.sanitizers.ReflectiveCall
INFO: Loaded 8 hooks from com.code_intelligence.jazzer.sanitizers.RegexInjection
INFO: Loaded 16 hooks from com.code_intelligence.jazzer.sanitizers.RegexRoadblocks
INFO: Loaded 18 hooks from com.code_intelligence.jazzer.sanitizers.ScriptEngineInjection
INFO: Loaded 2 hooks from com.code_intelligence.jazzer.sanitizers.ServerSideRequestForgery
INFO: Loaded 19 hooks from com.code_intelligence.jazzer.sanitizers.SqlInjection
INFO: Loaded 6 hooks from com.code_intelligence.jazzer.sanitizers.XPathInjection
INFO: Instrumented com.example.algorithm2.Algorithm2Test$Skip (took 129 ms, size +44%)
INFO: Instrumented com.example.algorithm2.Algorithm2Test (took 96 ms, size +27%)
INFO: New number of coverage counters: 1024
INFO: Instrumented org.apache.commons.math3.util.Precision (took 174 ms, size +26%)
INFO: Instrumented org.apache.commons.math3.exception.MathArithmeticException (took 10 ms, size +24%)
INFO: Instrumented org.apache.commons.math3.exception.util.ExceptionContextProvider (took 2 ms, size +0%)
INFO: Instrumented org.apache.commons.math3.exception.util.Localizable (took 1 ms, size +0%)
INFO: Instrumented org.apache.commons.math3.exception.MathIllegalArgumentException (took 22 ms, size +27%)
[harness] target=org.apache.commons.math3.util.Precision factories=1 methods=20
INFO: New number of coverage counters: 2048
INFO: Instrumented org.apache.commons.math3.util.FastMath (took 183 ms, size +16%)
INFO: found LLVMFuzzerCustomMutator (0x7ad7d841fcd0). Disabling -len_control by default.
INFO: Running with entropic power schedule (0xFF, 100).
INFO: Seed: 339936483
INFO: using inputs from: /tmp/bugrun/math_10.s1w8UI/.cifuzz-corpus/com.example.algorithm2.Algorithm2Test/testParameterizedFuzzer
INFO: using inputs from: /tmp/jazzer-java-seeds9890646710633673144
INFO: Loaded 3 modules   (2048 inline 8-bit counters): 512 [0x7ad840b68c40, 0x7ad840b68e40), 512 [0x7ad840b68e40, 0x7ad840b69040), 1024 [0x7ad840b69040, 0x7ad840b69440), 
INFO: Loaded 3 PC tables (2048 PCs): 512 [0x7ad840b1dcb0,0x7ad840b1fcb0), 512 [0x7ad8406d8720,0x7ad8406da720), 1024 [0x7ad840b02a50,0x7ad840b06a50), 
INFO:        0 files found in /tmp/bugrun/math_10.s1w8UI/.cifuzz-corpus/com.example.algorithm2.Algorithm2Test/testParameterizedFuzzer
INFO:        0 files found in /tmp/jazzer-java-seeds9890646710633673144
INFO: -max_len is not provided; libFuzzer will not generate inputs larger than 4096 bytes
INFO: A corpus is not provided, starting from an empty corpus
#2	INITED cov: 45 ft: 45 corp: 1/1b exec/s: 0 rss: 839Mb
#4	NEW    cov: 58 ft: 66 corp: 2/3b lim: 4 exec/s: 0 rss: 839Mb L: 2/2 MS: 4 InsertByte-Custom-ChangeByte-Custom-
#6	NEW    cov: 67 ft: 83 corp: 3/5b lim: 4 exec/s: 0 rss: 839Mb L: 2/2 MS: 4 ShuffleBytes-Custom-ChangeByte-Custom-
#7	NEW    cov: 72 ft: 88 corp: 4/7b lim: 4 exec/s: 0 rss: 839Mb L: 2/2 MS: 2 ChangeBit-Custom-
#8	NEW    cov: 76 ft: 92 corp: 5/9b lim: 4 exec/s: 0 rss: 839Mb L: 2/2 MS: 2 ChangeBit-Custom-
#12	NEW    cov: 76 ft: 94 corp: 6/13b lim: 4 exec/s: 0 rss: 839Mb L: 4/4 MS: 8 ChangeByte-Custom-CrossOver-Custom-ShuffleBytes-Custom-CopyPart-Custom-
#13	NEW    cov: 89 ft: 109 corp: 7/14b lim: 4 exec/s: 0 rss: 839Mb L: 1/4 MS: 2 EraseBytes-Custom-
#16	NEW    cov: 94 ft: 114 corp: 8/16b lim: 4 exec/s: 0 rss: 839Mb L: 2/4 MS: 6 EraseBytes-Custom-ShuffleBytes-Custom-ChangeBinInt-Custom-
#24	NEW    cov: 100 ft: 122 corp: 9/17b lim: 4 exec/s: 0 rss: 839Mb L: 1/4 MS: 6 ShuffleBytes-Custom-ShuffleBytes-Custom-ChangeBit-Custom-
#29	NEW    cov: 101 ft: 123 corp: 10/19b lim: 4 exec/s: 0 rss: 839Mb L: 2/4 MS: 10 ChangeBinInt-Custom-CopyPart-Custom-ChangeByte-Custom-ShuffleBytes-Custom-ChangeBit-Custom-
#33	NEW    cov: 103 ft: 125 corp: 11/22b lim: 4 exec/s: 0 rss: 839Mb L: 3/4 MS: 8 ChangeByte-Custom-CopyPart-Custom-CopyPart-Custom-ChangeBinInt-Custom-
#36	NEW    cov: 105 ft: 127 corp: 12/25b lim: 4 exec/s: 0 rss: 839Mb L: 3/4 MS: 6 ChangeBinInt-Custom-EraseBytes-Custom-ShuffleBytes-Custom-
#38	REDUCE cov: 105 ft: 127 corp: 12/24b lim: 4 exec/s: 0 rss: 839Mb L: 3/3 MS: 4 ChangeByte-Custom-EraseBytes-Custom-
#58	REDUCE cov: 105 ft: 127 corp: 12/23b lim: 4 exec/s: 0 rss: 839Mb L: 2/3 MS: 10 CrossOver-Custom-CrossOver-Custom-ChangeBit-Custom-EraseBytes-Custom-EraseBytes-Custom-
#60	REDUCE cov: 106 ft: 128 corp: 13/27b lim: 4 exec/s: 0 rss: 839Mb L: 4/4 MS: 4 CopyPart-Custom-CrossOver-Custom-
#68	NEW    cov: 110 ft: 132 corp: 14/28b lim: 4 exec/s: 0 rss: 839Mb L: 1/4 MS: 6 ShuffleBytes-Custom-EraseBytes-Custom-ChangeByte-Custom-
#73	REDUCE cov: 112 ft: 134 corp: 15/30b lim: 4 exec/s: 0 rss: 839Mb L: 2/4 MS: 10 ShuffleBytes-Custom-CopyPart-Custom-EraseBytes-Custom-ChangeBinInt-Custom-CrossOver-Custom-
#78	NEW    cov: 113 ft: 135 corp: 16/33b lim: 4 exec/s: 0 rss: 839Mb L: 3/4 MS: 10 ChangeBit-Custom-CrossOver-Custom-CrossOver-Custom-CrossOver-Custom-ChangeBit-Custom-
#82	NEW    cov: 115 ft: 137 corp: 17/34b lim: 4 exec/s: 0 rss: 839Mb L: 1/4 MS: 8 ChangeBit-Custom-CopyPart-Custom-ChangeByte-Custom-ChangeBit-Custom-
#97	NEW    cov: 116 ft: 138 corp: 18/36b lim: 4 exec/s: 0 rss: 839Mb L: 2/4 MS: 10 ChangeByte-Custom-ChangeByte-Custom-ShuffleBytes-Custom-CopyPart-Custom-CrossOver-Custom-
#113	NEW    cov: 136 ft: 158 corp: 19/38b lim: 4 exec/s: 0 rss: 839Mb L: 2/4 MS: 2 ChangeBinInt-Custom-
#117	NEW    cov: 138 ft: 160 corp: 20/42b lim: 4 exec/s: 0 rss: 839Mb L: 4/4 MS: 8 CrossOver-Custom-EraseBytes-Custom-CopyPart-Custom-ShuffleBytes-Custom-
#125	REDUCE cov: 138 ft: 160 corp: 20/41b lim: 4 exec/s: 0 rss: 839Mb L: 2/4 MS: 6 ShuffleBytes-Custom-EraseBytes-Custom-ChangeByte-Custom-
#126	NEW    cov: 145 ft: 167 corp: 21/44b lim: 4 exec/s: 0 rss: 839Mb L: 3/4 MS: 2 CrossOver-Custom-
#140	NEW    cov: 150 ft: 172 corp: 22/45b lim: 4 exec/s: 0 rss: 839Mb L: 1/4 MS: 8 ChangeBinInt-Custom-ChangeBit-Custom-CrossOver-Custom-ChangeBit-Custom-
#143	NEW    cov: 151 ft: 173 corp: 23/49b lim: 4 exec/s: 0 rss: 839Mb L: 4/4 MS: 6 CopyPart-Custom-CopyPart-Custom-ChangeBinInt-Custom-
#154	NEW    cov: 155 ft: 179 corp: 24/51b lim: 4 exec/s: 0 rss: 839Mb L: 2/4 MS: 2 ChangeByte-Custom-
#186	REDUCE cov: 157 ft: 181 corp: 25/53b lim: 4 exec/s: 0 rss: 839Mb L: 2/4 MS: 4 ChangeBit-Custom-ChangeBit-Custom-
#231	NEW    cov: 159 ft: 183 corp: 26/54b lim: 4 exec/s: 0 rss: 839Mb L: 1/4 MS: 10 ShuffleBytes-Custom-EraseBytes-Custom-ShuffleBytes-Custom-CrossOver-Custom-ChangeByte-Custom-
#237	NEW    cov: 160 ft: 184 corp: 27/56b lim: 4 exec/s: 0 rss: 839Mb L: 2/4 MS: 2 CopyPart-Custom-
#294	NEW    cov: 160 ft: 186 corp: 28/57b lim: 4 exec/s: 0 rss: 839Mb L: 1/4 MS: 4 EraseBytes-Custom-ChangeBit-Custom-
#299	NEW    cov: 166 ft: 194 corp: 29/59b lim: 4 exec/s: 0 rss: 839Mb L: 2/4 MS: 10 EraseBytes-Custom-ChangeBit-Custom-ChangeByte-Custom-InsertByte-Custom-ChangeBit-Custom-
#358	NEW    cov: 167 ft: 195 corp: 30/63b lim: 4 exec/s: 0 rss: 839Mb L: 4/4 MS: 8 ShuffleBytes-Custom-CrossOver-Custom-ShuffleBytes-Custom-InsertByte-Custom-
#383	NEW    cov: 168 ft: 196 corp: 31/64b lim: 4 exec/s: 0 rss: 839Mb L: 1/4 MS: 10 ChangeBit-Custom-CrossOver-Custom-ChangeByte-Custom-ChangeBit-Custom-ChangeByte-Custom-
#413	NEW    cov: 168 ft: 197 corp: 32/68b lim: 4 exec/s: 0 rss: 840Mb L: 4/4 MS: 10 ChangeBinInt-Custom-InsertByte-Custom-CopyPart-Custom-ChangeByte-Custom-InsertByte-Custom-
#506	REDUCE cov: 168 ft: 197 corp: 32/66b lim: 4 exec/s: 0 rss: 840Mb L: 1/4 MS: 6 EraseBytes-Custom-ChangeBit-Custom-EraseBytes-Custom-
#659	REDUCE cov: 168 ft: 197 corp: 32/64b lim: 4 exec/s: 0 rss: 840Mb L: 1/4 MS: 6 EraseBytes-Custom-ChangeByte-Custom-EraseBytes-Custom-
#681	REDUCE cov: 169 ft: 198 corp: 33/67b lim: 4 exec/s: 0 rss: 840Mb L: 3/4 MS: 4 ChangeByte-Custom-InsertByte-Custom-
#728	NEW    cov: 170 ft: 199 corp: 34/69b lim: 4 exec/s: 0 rss: 840Mb L: 2/4 MS: 4 CrossOver-Custom-ChangeBinInt-Custom-
#989	REDUCE cov: 170 ft: 199 corp: 34/67b lim: 6 exec/s: 0 rss: 840Mb L: 2/4 MS: 2 EraseBytes-Custom-
#1016	REDUCE cov: 170 ft: 199 corp: 34/66b lim: 6 exec/s: 0 rss: 840Mb L: 2/4 MS: 4 CopyPart-Custom-EraseBytes-Custom-
#1159	REDUCE cov: 170 ft: 199 corp: 34/64b lim: 6 exec/s: 0 rss: 840Mb L: 2/4 MS: 6 CrossOver-Custom-ChangeBinInt-Custom-EraseBytes-Custom-
#1310	REDUCE cov: 171 ft: 200 corp: 35/66b lim: 6 exec/s: 0 rss: 840Mb L: 2/4 MS: 2 ChangeByte-Custom-
#1447	REDUCE cov: 172 ft: 201 corp: 36/68b lim: 6 exec/s: 0 rss: 840Mb L: 2/4 MS: 4 CrossOver-Custom-EraseBytes-Custom-
#1708	REDUCE cov: 172 ft: 201 corp: 36/67b lim: 8 exec/s: 0 rss: 840Mb L: 1/4 MS: 2 EraseBytes-Custom-
#1731	NEW    cov: 173 ft: 202 corp: 37/75b lim: 8 exec/s: 0 rss: 840Mb L: 8/8 MS: 6 ChangeByte-Custom-EraseBytes-Custom-InsertRepeatedBytes-Custom-
#1764	REDUCE cov: 174 ft: 203 corp: 38/78b lim: 8 exec/s: 0 rss: 840Mb L: 3/8 MS: 6 EraseBytes-Custom-ChangeByte-Custom-CrossOver-Custom-
#1790	NEW    cov: 175 ft: 204 corp: 39/81b lim: 8 exec/s: 0 rss: 840Mb L: 3/8 MS: 2 ShuffleBytes-Custom-
#1797	REDUCE cov: 181 ft: 210 corp: 40/89b lim: 8 exec/s: 0 rss: 840Mb L: 8/8 MS: 4 CopyPart-Custom-InsertRepeatedBytes-Custom-
#1968	NEW    cov: 184 ft: 213 corp: 41/91b lim: 8 exec/s: 0 rss: 840Mb L: 2/8 MS: 2 ChangeByte-Custom-
#1976	NEW    cov: 187 ft: 217 corp: 42/99b lim: 8 exec/s: 0 rss: 840Mb L: 8/8 MS: 6 CopyPart-Custom-CrossOver-Custom-ShuffleBytes-Custom-
#2117	REDUCE cov: 187 ft: 217 corp: 42/98b lim: 8 exec/s: 0 rss: 840Mb L: 1/8 MS: 2 EraseBytes-Custom-
#2496	NEW    cov: 188 ft: 218 corp: 43/106b lim: 11 exec/s: 0 rss: 840Mb L: 8/8 MS: 8 ChangeBinInt-Custom-ChangeByte-Custom-EraseBytes-Custom-InsertRepeatedBytes-Custom-
#2512	NEW    cov: 189 ft: 221 corp: 44/117b lim: 11 exec/s: 0 rss: 840Mb L: 11/11 MS: 2 InsertRepeatedBytes-Custom-
#2587	NEW    cov: 189 ft: 222 corp: 45/126b lim: 11 exec/s: 0 rss: 840Mb L: 9/11 MS: 10 ShuffleBytes-Custom-InsertRepeatedBytes-Custom-ChangeBinInt-Custom-ChangeBit-Custom-InsertRepeatedBytes-Custom-
#2589	NEW    cov: 551 ft: 585 corp: 46/136b lim: 11 exec/s: 0 rss: 840Mb L: 10/11 MS: 4 CopyPart-Custom-CrossOver-Custom-
#2598	NEW    cov: 553 ft: 589 corp: 47/147b lim: 11 exec/s: 0 rss: 840Mb L: 11/11 MS: 8 EraseBytes-Custom-EraseBytes-Custom-CopyPart-Custom-InsertRepeatedBytes-Custom-
#2701	NEW    cov: 553 ft: 591 corp: 48/156b lim: 11 exec/s: 0 rss: 840Mb L: 9/11 MS: 6 ChangeByte-Custom-ChangeByte-Custom-InsertByte-Custom-
WARN: #2811	NEW    cov: 555 ft: 593 corp: 49/159b lim: 11 exec/s: 0 rss: 840Mb L: 3/11 MS: 10 ChangeByte-Custom-CopyPart-Custom-CrossOver-Custom-ShuffleBytes-Custom-ChangeBit-Custom-
#2825	NEW    cov: 555 ft: 594 corp: 50/170b lim: 11 exec/s: 0 rss: 840Mb L: 11/11 MS: 8 ChangeBinInt-Custom-ChangeBinInt-Custom-InsertByte-Custom-InsertByte-Custom-
#2886	NEW    cov: 555 ft: 595 corp: 51/180b lim: 11 exec/s: 0 rss: 840Mb L: 10/11 MS: 2 ShuffleBytes-Custom-
Some hooks could not be applied to class files built for Java 7 or lower.
                       Ensure that the fuzz target and its dependencies are compiled with
                       -target 8 or higher to identify as many bugs as possible.
INFO: Instrumented org.apache.commons.math3.exception.util.LocalizedFormats (took 41 ms, size +6%)
INFO: #2896	NEW    cov: 556 ft: 597 corp: 52/191b lim: 11 exec/s: 0 rss: 840Mb L: 11/11 MS: 10 ChangeBit-Custom-EraseBytes-Custom-InsertRepeatedBytes-Custom-ChangeByte-Custom-CopyPart-Custom-
#2989	NEW    cov: 556 ft: 615 corp: 53/201b lim: 11 exec/s: 0 rss: 840Mb L: 10/11 MS: 6 EraseBytes-Custom-CopyPart-Custom-CrossOver-Custom-
#3050	NEW    cov: 556 ft: 616 corp: 54/211b lim: 11 exec/s: 0 rss: 840Mb L: 10/11 MS: 2 ChangeBinInt-Custom-
#3196	REDUCE cov: 556 ft: 617 corp: 55/221b lim: 11 exec/s: 0 rss: 840Mb L: 10/11 MS: 2 CrossOver-Custom-
#3297	NEW    cov: 557 ft: 619 corp: 56/232b lim: 11 exec/s: 0 rss: 840Mb L: 11/11 MS: 2 CrossOver-Custom-
Instrumented org.apache.commons.math3.exception.util.ExceptionContext (took 13 ms, size +24%)
INFO: Instrumented org.apache.commons.math3.exception.util.ArgUtils (took 3 ms, size +46%)
#3331	NEW    cov: 557 ft: 622 corp: 57/242b lim: 11 exec/s: 0 rss: 840Mb L: 10/11 MS: 8 ChangeBinInt-Custom-ChangeBinInt-Custom-EraseBytes-Custom-InsertByte-Custom-
#3429	NEW    cov: 557 ft: 625 corp: 58/252b lim: 11 exec/s: 0 rss: 840Mb L: 10/11 MS: 6 ChangeBit-Custom-ChangeBinInt-Custom-ChangeBit-Custom-
#3506	NEW    cov: 561 ft: 629 corp: 59/263b lim: 11 exec/s: 0 rss: 840Mb L: 11/11 MS: 4 EraseBytes-Custom-CopyPart-Custom-
#3642	NEW    cov: 562 ft: 630 corp: 60/273b lim: 11 exec/s: 0 rss: 840Mb L: 10/11 MS: 2 ChangeASCIIInt-Custom-
#3665	NEW    cov: 562 ft: 631 corp: 61/282b lim: 11 exec/s: 0 rss: 840Mb L: 9/11 MS: 6 ChangeBit-Custom-InsertByte-Custom-ChangeBinInt-Custom-
#3701	REDUCE cov: 562 ft: 631 corp: 61/281b lim: 11 exec/s: 0 rss: 840Mb L: 1/11 MS: 2 EraseBytes-Custom-
#3892	NEW    cov: 564 ft: 634 corp: 62/292b lim: 11 exec/s: 0 rss: 840Mb L: 11/11 MS: 2 ChangeBinInt-Custom-
#4174	NEW    cov: 564 ft: 639 corp: 63/303b lim: 11 exec/s: 0 rss: 840Mb L: 11/11 MS: 4 CrossOver-Custom-InsertByte-Custom-
#4263	NEW    cov: 564 ft: 643 corp: 64/314b lim: 11 exec/s: 0 rss: 840Mb L: 11/11 MS: 8 ShuffleBytes-Custom-InsertByte-Custom-ChangeBit-Custom-CopyPart-Custom-
#4685	NEW    cov: 565 ft: 644 corp: 65/327b lim: 14 exec/s: 0 rss: 840Mb L: 13/13 MS: 4 CopyPart-Custom-InsertRepeatedBytes-Custom-
#4700	REDUCE cov: 565 ft: 645 corp: 66/339b lim: 14 exec/s: 0 rss: 840Mb L: 12/13 MS: 10 InsertRepeatedBytes-Custom-ShuffleBytes-Custom-ChangeBit-Custom-ChangeBinInt-Custom-ChangeByte-Custom-
#4992	NEW    cov: 566 ft: 646 corp: 67/352b lim: 14 exec/s: 0 rss: 840Mb L: 13/13 MS: 4 ChangeBit-Custom-InsertByte-Custom-
#5163	REDUCE cov: 566 ft: 646 corp: 67/351b lim: 14 exec/s: 0 rss: 846Mb L: 12/13 MS: 2 EraseBytes-Custom-
#5249	NEW    cov: 567 ft: 647 corp: 68/362b lim: 14 exec/s: 0 rss: 846Mb L: 11/13 MS: 2 InsertByte-Custom-
#5270	NEW    cov: 569 ft: 649 corp: 69/372b lim: 14 exec/s: 0 rss: 846Mb L: 10/13 MS: 2 InsertRepeatedBytes-Custom-
#5376	REDUCE cov: 569 ft: 649 corp: 69/371b lim: 14 exec/s: 0 rss: 852Mb L: 10/13 MS: 2 EraseBytes-Custom-
#5700	REDUCE cov: 569 ft: 651 corp: 70/384b lim: 17 exec/s: 0 rss: 853Mb L: 13/13 MS: 8 ShuffleBytes-Custom-ChangeBit-Custom-InsertByte-Custom-CrossOver-Custom-
#6243	NEW    cov: 570 ft: 652 corp: 71/402b lim: 21 exec/s: 0 rss: 855Mb L: 18/18 MS: 6 CrossOver-Custom-InsertByte-Custom-InsertRepeatedBytes-Custom-
#6329	NEW    cov: 570 ft: 653 corp: 72/413b lim: 21 exec/s: 0 rss: 855Mb L: 11/18 MS: 2 ShuffleBytes-Custom-
MS: 8 ChangeBit-Custom-ShuffleBytes-Custom-CrossOver-Custom-InsertRepeatedBytes-Custom-; base unit: 5271930ed4486048f745e4c356338b336186a658
0xfb,0xa,0xa,0xa,0xa,0xa,0xa,0xa,0xa,0xa,0xa,0xa,0xa,0xa,0xa,0xa,0xa,0xa,0xa,
\373\012\012\012\012\012\012\012\012\012\012\012\012\012\012\012\012\012\012
artifact_prefix='/tmp/bugrun/math_10.s1w8UI/'; Test unit written to /tmp/bugrun/math_10.s1w8UI/crash-68e9830d4aa7d6c5aba18f5d4b82eb9999410f00
Base64: +woKCgoKCgoKCgoKCgoKCgoKCg==
Done 6398 runs in 0 second(s)
DEDUP_TOKEN: 900c31c0561dbe87
[ERROR] Tests run: 2, Failures: 0, Errors: 1, Skipped: 0, Time elapsed: 6.578 s <<< FAILURE! -- in com.example.algorithm2.Algorithm2Test
[ERROR] com.example.algorithm2.Algorithm2Test.testParameterizedFuzzer(FuzzedDataProvider)[2] -- Time elapsed: 0.589 s <<< ERROR!
java.lang.IllegalArgumentException: Invalid rounding mode
	at java.base/java.math.BigDecimal.setScale(BigDecimal.java:2884)
	at org.apache.commons.math3.util.Precision.round(Precision.java:397)
	at jdk.internal.reflect.GeneratedMethodAccessor75.invoke(Unknown Source)
	at java.base/jdk.internal.reflect.DelegatingMethodAccessorImpl.invoke(DelegatingMethodAccessorImpl.java:43)
	at java.base/java.lang.reflect.Method.invoke(Method.java:566)
	at com.example.algorithm2.Algorithm2Test.testParameterizedFuzzer(Algorithm2Test.java:226)

[INFO] 
[INFO] Results:
[INFO] 
[ERROR] Errors: 
[ERROR]   Algorithm2Test.testParameterizedFuzzer:226 » IllegalArgument Invalid rounding mode
[INFO] 
[ERROR] Tests run: 2, Failures: 0, Errors: 1, Skipped: 0
[INFO] 
[ERROR] 

Please refer to /tmp/bugrun/math_10.s1w8UI/target/surefire-reports for the individual test results.
Please refer to dump files (if any exist) [date].dump, [date]-jvmRun[N].dump and [date].dumpstream.
[INFO] 
[INFO] --- jacoco:0.8.11:report (default-cli) @ AlgorithmName2 ---
[INFO] Loading execution data file /tmp/bugrun/math_10.s1w8UI/target/jacoco.exec
[INFO] Analyzed bundle 'AlgorithmName2' with 788 classes
[INFO] ------------------------------------------------------------------------
[INFO] BUILD SUCCESS
[INFO] ------------------------------------------------------------------------
[INFO] Total time:  16.813 s
[INFO] Finished at: 2026-10-06T03:53:52+07:00
[INFO] ------------------------------------------------------------------------
