[INFO] Scanning for projects...
[INFO] 
[INFO] ---------------------< com.example:AlgorithmName2 >---------------------
[INFO] Building AlgorithmName2 1.0-SNAPSHOT
[INFO]   from pom.xml
[INFO] --------------------------------[ jar ]---------------------------------
[INFO] 
[INFO] --- jacoco:0.8.11:prepare-agent (default) @ AlgorithmName2 ---
[INFO] argLine set to -javaagent:/home/kanyaphak673380391-3/.m2/repository/org/jacoco/org.jacoco.agent/0.8.11/org.jacoco.agent-0.8.11-runtime.jar=destfile=/tmp/bugrun/math_1.UjYrOW/target/jacoco.exec
[INFO] 
[INFO] --- resources:3.4.0:resources (default-resources) @ AlgorithmName2 ---
[INFO] Copying 1 resource from src/main/resources to target/classes
[INFO] 
[INFO] --- compiler:3.15.0:compile (default-compile) @ AlgorithmName2 ---
[INFO] Recompiling the module because of changed source code.
[INFO] Compiling 1 source file with javac [debug target 1.8] to target/classes
[WARNING] bootstrap class path not set in conjunction with -source 8
[INFO] 
[INFO] --- dependency:3.6.0:unpack-dependencies (unpack-defects4j) @ AlgorithmName2 ---
[INFO] 
[INFO] --- resources:3.4.0:testResources (default-testResources) @ AlgorithmName2 ---
[INFO] skip non existing resourceDirectory /tmp/bugrun/math_1.UjYrOW/src/test/resources
[INFO] 
[INFO] --- compiler:3.15.0:testCompile (default-testCompile) @ AlgorithmName2 ---
[INFO] Recompiling the module because of changed dependency.
[INFO] Compiling 1 source file with javac [debug target 1.8] to target/test-classes
[WARNING] bootstrap class path not set in conjunction with -source 8
[INFO] 
[INFO] --- surefire:3.1.2:test (default-cli) @ AlgorithmName2 ---
[INFO] Using auto detected provider org.apache.maven.surefire.junitplatform.JUnitPlatformProvider
[INFO] 
[INFO] -------------------------------------------------------
[INFO]  T E S T S
[INFO] -------------------------------------------------------
[INFO] Running com.example.algorithm2.Algorithm2Test
OpenJDK 64-Bit Server VM warning: Sharing is only supported for boot loader classes because bootstrap classpath has been appended
INFO: Loaded 284 hooks from com.code_intelligence.jazzer.runtime.TraceCmpHooks
INFO: Loaded 5 hooks from com.code_intelligence.jazzer.runtime.TraceDivHooks
INFO: Loaded 2 hooks from com.code_intelligence.jazzer.runtime.TraceIndirHooks
INFO: Loaded 4 hooks from com.code_intelligence.jazzer.runtime.NativeLibHooks
INFO: Loaded 2 hooks from com.code_intelligence.jazzer.sanitizers.ClojureLangHooks
INFO: Loaded 5 hooks from com.code_intelligence.jazzer.sanitizers.Deserialization
INFO: Loaded 5 hooks from com.code_intelligence.jazzer.sanitizers.ExpressionLanguageInjection
INFO: Loaded 70 hooks from com.code_intelligence.jazzer.sanitizers.LdapInjection
INFO: Loaded 46 hooks from com.code_intelligence.jazzer.sanitizers.NamingContextLookup
INFO: Loaded 1 hooks from com.code_intelligence.jazzer.sanitizers.OsCommandInjection
INFO: Loaded 52 hooks from com.code_intelligence.jazzer.sanitizers.ReflectiveCall
INFO: Loaded 8 hooks from com.code_intelligence.jazzer.sanitizers.RegexInjection
INFO: Loaded 16 hooks from com.code_intelligence.jazzer.sanitizers.RegexRoadblocks
INFO: Loaded 18 hooks from com.code_intelligence.jazzer.sanitizers.ScriptEngineInjection
INFO: Loaded 2 hooks from com.code_intelligence.jazzer.sanitizers.ServerSideRequestForgery
INFO: Loaded 19 hooks from com.code_intelligence.jazzer.sanitizers.SqlInjection
INFO: Loaded 6 hooks from com.code_intelligence.jazzer.sanitizers.XPathInjection
INFO: Instrumented com.example.algorithm2.Algorithm2Test$Skip (took 315 ms, size +44%)
INFO: Instrumented com.example.algorithm2.Algorithm2Test (took 230 ms, size +27%)
INFO: New number of coverage counters: 1024
INFO: Instrumented org.apache.commons.math3.util.Precision (took 168 ms, size +26%)
INFO: Instrumented org.apache.commons.math3.exception.MathArithmeticException (took 16 ms, size +24%)
INFO: Instrumented org.apache.commons.math3.exception.util.ExceptionContextProvider (took 1 ms, size +0%)
INFO: Instrumented org.apache.commons.math3.exception.util.Localizable (took 1 ms, size +0%)
INFO: Instrumented org.apache.commons.math3.exception.MathIllegalArgumentException (took 17 ms, size +27%)
[harness] target=org.apache.commons.math3.util.Precision factories=1 methods=20
INFO: New number of coverage counters: 2048
INFO: Instrumented org.apache.commons.math3.util.FastMath (took 168 ms, size +16%)
INFO: found LLVMFuzzerCustomMutator (0x7fdbe546dcd0). Disabling -len_control by default.
INFO: Running with entropic power schedule (0xFF, 100).
INFO: Seed: 275207620
INFO: Loaded 3 modules   (2048 inline 8-bit counters): 512 [0x7fdc8cbce280, 0x7fdc8cbce480), 512 [0x7fdc8cbce480, 0x7fdc8cbce680), 1024 [0x7fdc8cbce680, 0x7fdc8cbcea80), 
INFO: Loaded 3 PC tables (2048 PCs): 512 [0x7fdc8c4e26f0,0x7fdc8c4e46f0), 512 [0x7fdc8c7e2b10,0x7fdc8c7e4b10), 1024 [0x7fdc8cd35950,0x7fdc8cd39950), 
INFO:        0 files found in /tmp/bugrun/math_1.UjYrOW/.cifuzz-corpus/com.example.algorithm2.Algorithm2Test/testParameterizedFuzzer
INFO:        0 files found in /tmp/jazzer-java-seeds3295285506951239471
INFO: -max_len is not provided; libFuzzer will not generate inputs larger than 4096 bytes
INFO: A corpus is not provided, starting from an empty corpus
#2	INITED cov: 44 ft: 44 corp: 1/1b exec/s: 0 rss: 918Mb
#4	NEW    cov: 59 ft: 67 corp: 2/3b lim: 4 exec/s: 0 rss: 918Mb L: 2/2 MS: 4 CopyPart-Custom-ChangeBit-Custom-
#5	NEW    cov: 64 ft: 72 corp: 3/5b lim: 4 exec/s: 0 rss: 918Mb L: 2/2 MS: 2 ChangeBinInt-Custom-
#8	NEW    cov: 68 ft: 84 corp: 4/9b lim: 4 exec/s: 0 rss: 918Mb L: 4/4 MS: 6 CMP-Custom-ShuffleBytes-Custom-ChangeBit-Custom- DE: "\035\000"-
#10	NEW    cov: 77 ft: 96 corp: 5/10b lim: 4 exec/s: 0 rss: 918Mb L: 1/4 MS: 4 CopyPart-Custom-ChangeBit-Custom-
#11	NEW    cov: 77 ft: 98 corp: 6/12b lim: 4 exec/s: 0 rss: 918Mb L: 2/4 MS: 2 ChangeBit-Custom-
#12	NEW    cov: 95 ft: 116 corp: 7/14b lim: 4 exec/s: 0 rss: 918Mb L: 2/4 MS: 2 ChangeBit-Custom-
#18	NEW    cov: 97 ft: 118 corp: 8/17b lim: 4 exec/s: 0 rss: 918Mb L: 3/4 MS: 2 InsertByte-Custom-
#21	REDUCE cov: 97 ft: 118 corp: 8/16b lim: 4 exec/s: 0 rss: 918Mb L: 1/4 MS: 6 CopyPart-Custom-CopyPart-Custom-EraseBytes-Custom-
#22	REDUCE cov: 97 ft: 118 corp: 8/14b lim: 4 exec/s: 0 rss: 918Mb L: 2/3 MS: 2 EraseBytes-Custom-
#29	REDUCE cov: 99 ft: 120 corp: 9/15b lim: 4 exec/s: 0 rss: 918Mb L: 1/3 MS: 4 ChangeBit-Custom-CrossOver-Custom-
INFO: using inputs from: /tmp/bugrun/math_1.UjYrOW/.cifuzz-corpus/com.example.algorithm2.Algorithm2Test/testParameterizedFuzzer
INFO: #40	NEW    cov: 103 ft: 124 corp: 10/17b lim: 4 exec/s: 0 rss: 919Mb L: 2/3 MS: 2 CopyPart-Custom-
#41	REDUCE cov: 105 ft: 126 corp: 11/18b lim: 4 exec/s: 0 rss: 919Mb L: 1/3 MS: 2 ChangeByte-Custom-
#43	NEW    cov: 109 ft: 130 corp: 12/20b lim: 4 exec/s: 0 rss: 919Mb L: 2/3 MS: 4 InsertByte-Custom-ChangeBit-Custom-
#44	NEW    cov: 111 ft: 132 corp: 13/21b lim: 4 exec/s: 0 rss: 919Mb L: 1/3 MS: 2 ChangeBit-Custom-
#45	NEW    cov: 115 ft: 138 corp: 14/23b lim: 4 exec/s: 0 rss: 919Mb L: 2/3 MS: 2 InsertByte-Custom-
using inputs from: /tmp/jazzer-java-seeds3295285506951239471
#53	NEW    cov: 121 ft: 144 corp: 15/27b lim: 4 exec/s: 0 rss: 919Mb L: 4/4 MS: 6 CrossOver-Custom-InsertByte-Custom-CopyPart-Custom-
#55	NEW    cov: 126 ft: 149 corp: 16/28b lim: 4 exec/s: 0 rss: 919Mb L: 1/4 MS: 4 CopyPart-Custom-ChangeBit-Custom-
#61	REDUCE cov: 128 ft: 153 corp: 17/29b lim: 4 exec/s: 0 rss: 919Mb L: 1/4 MS: 2 EraseBytes-Custom-
#64	NEW    cov: 129 ft: 154 corp: 18/32b lim: 4 exec/s: 0 rss: 919Mb L: 3/4 MS: 6 CopyPart-Custom-ChangeByte-Custom-EraseBytes-Custom-
#78	NEW    cov: 133 ft: 158 corp: 19/34b lim: 4 exec/s: 0 rss: 919Mb L: 2/4 MS: 8 ShuffleBytes-Custom-ShuffleBytes-Custom-ChangeByte-Custom-InsertByte-Custom-
#80	NEW    cov: 134 ft: 159 corp: 20/36b lim: 4 exec/s: 0 rss: 919Mb L: 2/4 MS: 4 CrossOver-Custom-EraseBytes-Custom-
#87	NEW    cov: 135 ft: 160 corp: 21/38b lim: 4 exec/s: 0 rss: 919Mb L: 2/4 MS: 4 ChangeBinInt-Custom-ChangeBit-Custom-
#102	NEW    cov: 137 ft: 162 corp: 22/40b lim: 4 exec/s: 0 rss: 919Mb L: 2/4 MS: 10 InsertByte-Custom-CopyPart-Custom-ShuffleBytes-Custom-ChangeBit-Custom-ChangeByte-Custom-
#107	NEW    cov: 139 ft: 164 corp: 23/44b lim: 4 exec/s: 0 rss: 919Mb L: 4/4 MS: 10 PersAutoDict-Custom-CopyPart-Custom-ChangeBit-Custom-PersAutoDict-Custom-CopyPart-Custom- DE: "\035\000"-"\035\000"-
#113	NEW    cov: 140 ft: 165 corp: 24/45b lim: 4 exec/s: 0 rss: 919Mb L: 1/4 MS: 2 CrossOver-Custom-
#117	NEW    cov: 142 ft: 167 corp: 25/48b lim: 4 exec/s: 0 rss: 919Mb L: 3/4 MS: 8 CrossOver-Custom-PersAutoDict-Custom-ChangeBit-Custom-CMP-Custom- DE: "\035\000"-"\001\035"-
#120	REDUCE cov: 146 ft: 171 corp: 26/52b lim: 4 exec/s: 0 rss: 919Mb L: 4/4 MS: 6 InsertByte-Custom-CopyPart-Custom-ChangeByte-Custom-
#128	NEW    cov: 147 ft: 174 corp: 27/56b lim: 4 exec/s: 0 rss: 919Mb L: 4/4 MS: 6 PersAutoDict-Custom-CrossOver-Custom-CopyPart-Custom- DE: "\001\035"-
#142	NEW    cov: 151 ft: 178 corp: 28/57b lim: 4 exec/s: 0 rss: 919Mb L: 1/4 MS: 8 ShuffleBytes-Custom-ChangeBit-Custom-ChangeBinInt-Custom-EraseBytes-Custom-
#150	NEW    cov: 154 ft: 181 corp: 29/59b lim: 4 exec/s: 0 rss: 919Mb L: 2/4 MS: 6 ChangeBit-Custom-InsertByte-Custom-EraseBytes-Custom-
#193	REDUCE cov: 156 ft: 183 corp: 30/62b lim: 4 exec/s: 0 rss: 919Mb L: 3/4 MS: 6 ShuffleBytes-Custom-CrossOver-Custom-EraseBytes-Custom-
#209	NEW    cov: 157 ft: 184 corp: 31/66b lim: 4 exec/s: 0 rss: 919Mb L: 4/4 MS: 2 ChangeBit-Custom-
#236	NEW    cov: 158 ft: 185 corp: 32/68b lim: 4 exec/s: 0 rss: 919Mb L: 2/4 MS: 4 ChangeBit-Custom-InsertByte-Custom-
#287	REDUCE cov: 158 ft: 185 corp: 32/66b lim: 4 exec/s: 0 rss: 919Mb L: 2/4 MS: 2 EraseBytes-Custom-
#363	REDUCE cov: 158 ft: 185 corp: 32/65b lim: 4 exec/s: 0 rss: 919Mb L: 3/4 MS: 2 EraseBytes-Custom-
#366	REDUCE cov: 158 ft: 185 corp: 32/64b lim: 4 exec/s: 0 rss: 919Mb L: 2/4 MS: 6 InsertByte-Custom-ChangeBit-Custom-EraseBytes-Custom-
#397	REDUCE cov: 158 ft: 185 corp: 32/63b lim: 4 exec/s: 0 rss: 919Mb L: 1/4 MS: 2 EraseBytes-Custom-
#413	REDUCE cov: 158 ft: 185 corp: 32/62b lim: 4 exec/s: 0 rss: 919Mb L: 1/4 MS: 2 EraseBytes-Custom-
#604	REDUCE cov: 159 ft: 186 corp: 33/65b lim: 4 exec/s: 0 rss: 919Mb L: 3/4 MS: 2 CrossOver-Custom-
#641	REDUCE cov: 159 ft: 186 corp: 33/64b lim: 4 exec/s: 0 rss: 919Mb L: 2/4 MS: 4 ChangeBit-Custom-EraseBytes-Custom-
#643	REDUCE cov: 159 ft: 186 corp: 33/62b lim: 4 exec/s: 0 rss: 919Mb L: 2/4 MS: 4 ChangeByte-Custom-EraseBytes-Custom-
#761	REDUCE cov: 159 ft: 186 corp: 33/61b lim: 4 exec/s: 0 rss: 919Mb L: 3/4 MS: 6 ChangeBit-Custom-ChangeByte-Custom-EraseBytes-Custom-
#779	REDUCE cov: 161 ft: 188 corp: 34/63b lim: 4 exec/s: 0 rss: 919Mb L: 2/4 MS: 6 ChangeByte-Custom-ChangeBit-Custom-ChangeBinInt-Custom-
#806	REDUCE cov: 161 ft: 188 corp: 34/62b lim: 4 exec/s: 0 rss: 919Mb L: 2/4 MS: 4 ShuffleBytes-Custom-EraseBytes-Custom-
#869	REDUCE cov: 162 ft: 189 corp: 35/66b lim: 4 exec/s: 0 rss: 919Mb L: 4/4 MS: 6 PersAutoDict-Custom-CrossOver-Custom-ChangeByte-Custom- DE: "\035\000"-
#890	REDUCE cov: 162 ft: 189 corp: 35/65b lim: 4 exec/s: 0 rss: 919Mb L: 1/4 MS: 2 EraseBytes-Custom-
#914	NEW    cov: 165 ft: 192 corp: 36/69b lim: 4 exec/s: 0 rss: 919Mb L: 4/4 MS: 8 InsertByte-Custom-PersAutoDict-Custom-CopyPart-Custom-ChangeBinInt-Custom- DE: "\001\035"-
#1030	REDUCE cov: 165 ft: 192 corp: 36/68b lim: 4 exec/s: 0 rss: 920Mb L: 2/4 MS: 2 EraseBytes-Custom-
#1231	REDUCE cov: 165 ft: 192 corp: 36/67b lim: 4 exec/s: 0 rss: 920Mb L: 1/4 MS: 2 EraseBytes-Custom-
#1247	REDUCE cov: 165 ft: 192 corp: 36/66b lim: 4 exec/s: 0 rss: 920Mb L: 2/4 MS: 2 EraseBytes-Custom-
#1251	NEW    cov: 166 ft: 193 corp: 37/70b lim: 4 exec/s: 0 rss: 920Mb L: 4/4 MS: 8 ChangeByte-Custom-PersAutoDict-Custom-ChangeByte-Custom-CrossOver-Custom- DE: "\035\000"-
#1383	NEW    cov: 167 ft: 194 corp: 38/73b lim: 4 exec/s: 0 rss: 920Mb L: 3/4 MS: 4 ShuffleBytes-Custom-CrossOver-Custom-
#1389	REDUCE cov: 167 ft: 194 corp: 38/72b lim: 4 exec/s: 0 rss: 920Mb L: 3/4 MS: 2 EraseBytes-Custom-
#1574	REDUCE cov: 167 ft: 194 corp: 38/71b lim: 4 exec/s: 0 rss: 920Mb L: 2/4 MS: 10 ChangeBit-Custom-ChangeByte-Custom-PersAutoDict-Custom-ChangeBit-Custom-EraseBytes-Custom- DE: "\001\035"-
#1697	REDUCE cov: 167 ft: 194 corp: 38/70b lim: 4 exec/s: 0 rss: 920Mb L: 1/4 MS: 6 ShuffleBytes-Custom-CopyPart-Custom-EraseBytes-Custom-
#1928	REDUCE cov: 167 ft: 194 corp: 38/69b lim: 6 exec/s: 0 rss: 920Mb L: 2/4 MS: 2 EraseBytes-Custom-
#1941	REDUCE cov: 167 ft: 194 corp: 38/68b lim: 6 exec/s: 0 rss: 920Mb L: 3/4 MS: 6 ChangeBinInt-Custom-ChangeBit-Custom-EraseBytes-Custom-
#2013	NEW    cov: 168 ft: 195 corp: 39/74b lim: 6 exec/s: 0 rss: 920Mb L: 6/6 MS: 4 CopyPart-Custom-ChangeBit-Custom-
#2079	REDUCE cov: 168 ft: 195 corp: 39/72b lim: 6 exec/s: 0 rss: 920Mb L: 2/6 MS: 2 EraseBytes-Custom-
#2097	REDUCE cov: 168 ft: 195 corp: 39/71b lim: 6 exec/s: 0 rss: 921Mb L: 2/6 MS: 6 ChangeASCIIInt-Custom-EraseBytes-Custom-ChangeASCIIInt-Custom-
#2371	REDUCE cov: 175 ft: 202 corp: 40/79b lim: 8 exec/s: 0 rss: 922Mb L: 8/8 MS: 8 CopyPart-Custom-PersAutoDict-Custom-PersAutoDict-Custom-InsertRepeatedBytes-Custom- DE: "\035\000"-"\035\000"-
#2377	NEW    cov: 176 ft: 203 corp: 41/87b lim: 8 exec/s: 0 rss: 922Mb L: 8/8 MS: 2 CopyPart-Custom-
#2404	REDUCE cov: 176 ft: 203 corp: 41/86b lim: 8 exec/s: 0 rss: 922Mb L: 1/8 MS: 4 ShuffleBytes-Custom-EraseBytes-Custom-
#2782	NEW    cov: 539 ft: 568 corp: 42/96b lim: 11 exec/s: 0 rss: 924Mb L: 10/10 MS: 6 CopyPart-Custom-PersAutoDict-Custom-InsertRepeatedBytes-Custom- DE: "\001\035"-
WARN: Some hooks could not be applied to class files built for Java 7 or lower.
                       Ensure that the fuzz target and its dependencies are compiled with
                       -target 8 or higher to identify as many bugs as possible.
INFO: Instrumented org.apache.commons.math3.exception.util.LocalizedFormats (took 69 ms, size +6%)
INFO: Instrumented org.apache.commons.math3.exception.util.ExceptionContext (took 33 ms, size +24%)
#2853	NEW    cov: 543 ft: 573 corp: 43/105b lim: 11 exec/s: 0 rss: 924Mb L: 9/10 MS: 2 EraseBytes-Custom-
#2886	NEW    cov: 545 ft: 576 corp: 44/115b lim: 11 exec/s: 0 rss: 924Mb L: 10/10 MS: 6 ChangeBit-Custom-ShuffleBytes-Custom-CopyPart-Custom-
#2974	NEW    cov: 545 ft: 578 corp: 45/124b lim: 11 exec/s: 0 rss: 924Mb L: 9/10 MS: 6 CMP-Custom-ChangeByte-Custom-InsertByte-Custom- DE: "\007\000"-
#3018	NEW    cov: 546 ft: 579 corp: 46/132b lim: 11 exec/s: 0 rss: 924Mb L: 8/10 MS: 8 PersAutoDict-Custom-CrossOver-Custom-CopyPart-Custom-EraseBytes-Custom- DE: "\001\035"-
#3028	NEW    cov: 546 ft: 580 corp: 47/141b lim: 11 exec/s: 0 rss: 924Mb L: 9/10 MS: 10 ShuffleBytes-Custom-InsertRepeatedBytes-Custom-EraseBytes-Custom-ChangeBinInt-Custom-ChangeBinInt-Custom-
#3120	NEW    cov: 546 ft: 582 corp: 48/151b lim: 11 exec/s: 0 rss: 924Mb L: 10/10 MS: 4 CrossOver-Custom-InsertRepeatedBytes-Custom-
#3146	NEW    cov: 549 ft: 585 corp: 49/160b lim: 11 exec/s: 0 rss: 924Mb L: 9/10 MS: 2 PersAutoDict-Custom- DE: "\001\035"-
#3298	NEW    cov: 549 ft: 586 corp: 50/170b lim: 11 exec/s: 0 rss: 924Mb L: 10/10 MS: 4 InsertByte-Custom-InsertRepeatedBytes-Custom-
#3343	REDUCE cov: 549 ft: 587 corp: 51/180b lim: 11 exec/s: 0 rss: 924Mb L: 10/10 MS: 10 InsertByte-Custom-ChangeBit-Custom-InsertByte-Custom-InsertByte-Custom-CMP-Custom- DE: "\021\000\000\000"-
#3456	NEW    cov: 549 ft: 588 corp: 52/190b lim: 11 exec/s: 0 rss: 924Mb L: 10/10 MS: 6 ShuffleBytes-Custom-CopyPart-Custom-CopyPart-Custom-
#3585	NEW    cov: 551 ft: 591 corp: 53/201b lim: 11 exec/s: 0 rss: 924Mb L: 11/11 MS: 8 CopyPart-Custom-PersAutoDict-Custom-ShuffleBytes-Custom-InsertRepeatedBytes-Custom- DE: "\001\035"-
#3606	NEW    cov: 551 ft: 593 corp: 54/212b lim: 11 exec/s: 0 rss: 924Mb L: 11/11 MS: 2 CrossOver-Custom-
#3618	NEW    cov: 552 ft: 594 corp: 55/214b lim: 11 exec/s: 0 rss: 924Mb L: 2/11 MS: 4 CopyPart-Custom-ChangeByte-Custom-
#3754	NEW    cov: 552 ft: 612 corp: 56/224b lim: 11 exec/s: 0 rss: 924Mb L: 10/11 MS: 2 ChangeByte-Custom-
#3855	REDUCE cov: 552 ft: 612 corp: 56/223b lim: 11 exec/s: 0 rss: 924Mb L: 1/11 MS: 2 EraseBytes-Custom-
#3923	NEW    cov: 552 ft: 613 corp: 57/234b lim: 11 exec/s: 0 rss: 924Mb L: 11/11 MS: 6 ShuffleBytes-Custom-ChangeByte-Custom-ChangeBit-Custom-
#3999	NEW    cov: 552 ft: 614 corp: 58/244b lim: 11 exec/s: 0 rss: 924Mb L: 10/11 MS: 2 ChangeBinInt-Custom-
#4171	NEW    cov: 552 ft: 615 corp: 59/254b lim: 11 exec/s: 0 rss: 924Mb L: 10/11 MS: 4 InsertByte-Custom-EraseBytes-Custom-
#4516	NEW    cov: 553 ft: 616 corp: 60/266b lim: 14 exec/s: 0 rss: 924Mb L: 12/12 MS: 10 CrossOver-Custom-InsertByte-Custom-CrossOver-Custom-CopyPart-Custom-InsertByte-Custom-
#4537	NEW    cov: 553 ft: 619 corp: 61/276b lim: 14 exec/s: 0 rss: 924Mb L: 10/12 MS: 2 CMP-Custom- DE: "\001\000\000\000\000\000\000\000"-
#4680	NEW    cov: 554 ft: 620 corp: 62/290b lim: 14 exec/s: 0 rss: 924Mb L: 14/14 MS: 6 InsertByte-Custom-InsertByte-Custom-PersAutoDict-Custom- DE: "\035\000"-
INFO: Instrumented org.apache.commons.math3.exception.util.ArgUtils (took 5 ms, size +46%)
MS: 6 ChangeBinInt-Custom-ChangeBinInt-Custom-InsertRepeatedBytes-Custom-; base unit: f57176a392fe87776466bbe4df9345bc097e7c50
0x8a,0x8a,0x0,0x0,0x0,0x0,0x0,0x64,0x64,0x64,0x64,0x0,0x0,0xa,
\212\212\000\000\000\000\000dddd\000\000\012
artifact_prefix='/tmp/bugrun/math_1.UjYrOW/'; Test unit written to /tmp/bugrun/math_1.UjYrOW/crash-f38f22ea9d783eba9d0c0d11a15bd72894c7eaea
Base64: iooAAAAAAGRkZGQAAAo=
Done 4733 runs in 0 second(s)
DEDUP_TOKEN: 900c31c0561dbe87
[ERROR] Tests run: 2, Failures: 0, Errors: 1, Skipped: 0, Time elapsed: 9.960 s <<< FAILURE! -- in com.example.algorithm2.Algorithm2Test
[ERROR] com.example.algorithm2.Algorithm2Test.testParameterizedFuzzer(FuzzedDataProvider)[2] -- Time elapsed: 0.616 s <<< ERROR!
java.lang.IllegalArgumentException: Invalid rounding mode
	at java.base/java.math.BigDecimal.setScale(BigDecimal.java:2884)
	at org.apache.commons.math3.util.Precision.round(Precision.java:397)
	at jdk.internal.reflect.GeneratedMethodAccessor58.invoke(Unknown Source)
	at java.base/jdk.internal.reflect.DelegatingMethodAccessorImpl.invoke(DelegatingMethodAccessorImpl.java:43)
	at java.base/java.lang.reflect.Method.invoke(Method.java:566)
	at com.example.algorithm2.Algorithm2Test.testParameterizedFuzzer(Algorithm2Test.java:226)

[INFO] 
[INFO] Results:
[INFO] 
[ERROR] Errors: 
[ERROR]   Algorithm2Test.testParameterizedFuzzer:226 » IllegalArgument Invalid rounding mode
[INFO] 
[ERROR] Tests run: 2, Failures: 0, Errors: 1, Skipped: 0
[INFO] 
[ERROR] 

Please refer to /tmp/bugrun/math_1.UjYrOW/target/surefire-reports for the individual test results.
Please refer to dump files (if any exist) [date].dump, [date]-jvmRun[N].dump and [date].dumpstream.
[INFO] 
[INFO] --- jacoco:0.8.11:report (default-cli) @ AlgorithmName2 ---
[INFO] Loading execution data file /tmp/bugrun/math_1.UjYrOW/target/jacoco.exec
[INFO] Analyzed bundle 'AlgorithmName2' with 858 classes
[INFO] ------------------------------------------------------------------------
[INFO] BUILD SUCCESS
[INFO] ------------------------------------------------------------------------
[INFO] Total time:  21.998 s
[INFO] Finished at: 2026-10-06T03:52:48+07:00
[INFO] ------------------------------------------------------------------------
