[INFO] Scanning for projects...
[INFO] 
[INFO] ---------------------< com.example:AlgorithmName2 >---------------------
[INFO] Building AlgorithmName2 1.0-SNAPSHOT
[INFO]   from pom.xml
[INFO] --------------------------------[ jar ]---------------------------------
[INFO] 
[INFO] --- jacoco:0.8.11:prepare-agent (default) @ AlgorithmName2 ---
[INFO] argLine set to -javaagent:/home/kanyaphak673380391-3/.m2/repository/org/jacoco/org.jacoco.agent/0.8.11/org.jacoco.agent-0.8.11-runtime.jar=destfile=/tmp/bugrun/lang_60.0QD5Zm/target/jacoco.exec
[INFO] 
[INFO] --- resources:3.4.0:resources (default-resources) @ AlgorithmName2 ---
[INFO] Copying 1 resource from src/main/resources to target/classes
[INFO] 
[INFO] --- compiler:3.15.0:compile (default-compile) @ AlgorithmName2 ---
[INFO] Recompiling the module because of changed source code.
[INFO] Compiling 1 source file with javac [debug target 1.8] to target/classes
[WARNING] bootstrap class path not set in conjunction with -source 8
[INFO] 
[INFO] --- dependency:3.6.0:unpack-dependencies (unpack-defects4j) @ AlgorithmName2 ---
[INFO] 
[INFO] --- resources:3.4.0:testResources (default-testResources) @ AlgorithmName2 ---
[INFO] skip non existing resourceDirectory /tmp/bugrun/lang_60.0QD5Zm/src/test/resources
[INFO] 
[INFO] --- compiler:3.15.0:testCompile (default-testCompile) @ AlgorithmName2 ---
[INFO] Recompiling the module because of changed dependency.
[INFO] Compiling 1 source file with javac [debug target 1.8] to target/test-classes
[WARNING] bootstrap class path not set in conjunction with -source 8
[INFO] 
[INFO] --- surefire:3.1.2:test (default-cli) @ AlgorithmName2 ---
[INFO] Using auto detected provider org.apache.maven.surefire.junitplatform.JUnitPlatformProvider
[INFO] 
[INFO] -------------------------------------------------------
[INFO]  T E S T S
[INFO] -------------------------------------------------------
[INFO] Running com.example.algorithm2.Algorithm2Test
OpenJDK 64-Bit Server VM warning: Sharing is only supported for boot loader classes because bootstrap classpath has been appended
INFO: Loaded 288 hooks from com.code_intelligence.jazzer.runtime.TraceCmpHooks
INFO: Loaded 5 hooks from com.code_intelligence.jazzer.runtime.TraceDivHooks
INFO: Loaded 2 hooks from com.code_intelligence.jazzer.runtime.TraceIndirHooks
INFO: Loaded 4 hooks from com.code_intelligence.jazzer.runtime.NativeLibHooks
INFO: Loaded 2 hooks from com.code_intelligence.jazzer.sanitizers.ClojureLangHooks
INFO: Loaded 5 hooks from com.code_intelligence.jazzer.sanitizers.Deserialization
INFO: Loaded 5 hooks from com.code_intelligence.jazzer.sanitizers.ExpressionLanguageInjection
INFO: Loaded 70 hooks from com.code_intelligence.jazzer.sanitizers.LdapInjection
INFO: Loaded 46 hooks from com.code_intelligence.jazzer.sanitizers.NamingContextLookup
INFO: Loaded 1 hooks from com.code_intelligence.jazzer.sanitizers.OsCommandInjection
INFO: Loaded 52 hooks from com.code_intelligence.jazzer.sanitizers.ReflectiveCall
INFO: Loaded 8 hooks from com.code_intelligence.jazzer.sanitizers.RegexInjection
INFO: Loaded 16 hooks from com.code_intelligence.jazzer.sanitizers.RegexRoadblocks
INFO: Loaded 18 hooks from com.code_intelligence.jazzer.sanitizers.ScriptEngineInjection
INFO: Loaded 2 hooks from com.code_intelligence.jazzer.sanitizers.ServerSideRequestForgery
INFO: Loaded 19 hooks from com.code_intelligence.jazzer.sanitizers.SqlInjection
INFO: Loaded 6 hooks from com.code_intelligence.jazzer.sanitizers.XPathInjection
INFO: Instrumented com.example.algorithm2.Algorithm2Test$Skip (took 145 ms, size +44%)
INFO: Instrumented com.example.algorithm2.Algorithm2Test (took 132 ms, size +27%)
INFO: New number of coverage counters: 1024
INFO: New number of coverage counters: 2048
INFO: Instrumented org.apache.commons.lang.StringUtils (took 495 ms, size +32%)
[harness] Fallback target loaded: org.apache.commons.lang.StringUtils (original was org.apache.commons.lang3.StringUtils)
[harness] target=org.apache.commons.lang.StringUtils factories=1 methods=134
INFO: Instrumented org.apache.commons.lang.StringEscapeUtils (took 44 ms, size +20%)
INFO: Instrumented org.apache.commons.lang.exception.NestableRuntimeException (took 35 ms, size +22%)
INFO: Instrumented org.apache.commons.lang.exception.Nestable (took 1 ms, size +0%)
INFO: found LLVMFuzzerCustomMutator (0x7e5b5e371cd0). Disabling -len_control by default.
INFO: Running with entropic power schedule (0xFF, 100).
INFO: Seed: 2751445582
INFO: Loaded 3 modules   (2048 inline 8-bit counters): 512 [0x7e5c38acaba0, 0x7e5c38acada0), 512 [0x7e5c38acada0, 0x7e5c38acafa0), 1024 [0x7e5c38acafa0, 0x7e5c38acb3a0), 
INFO: Loaded 3 PC tables (2048 PCs): 512 [0x7e5c3882d740,0x7e5c3882f740), 512 [0x7e5c385e7570,0x7e5c385e9570), 1024 [0x7e5c38667010,0x7e5c3866b010), 
INFO:        0 files found in /tmp/bugrun/lang_60.0QD5Zm/.cifuzz-corpus/com.example.algorithm2.Algorithm2Test/testParameterizedFuzzer
INFO:        0 files found in /tmp/jazzer-java-seeds13103055610448815456
INFO: -max_len is not provided; libFuzzer will not generate inputs larger than 4096 bytes
INFO: A corpus is not provided, starting from an empty corpus
#2	INITED cov: 42 ft: 42 corp: 1/1b exec/s: 0 rss: 835Mb
#4	NEW    cov: 44 ft: 44 corp: 2/2b lim: 4 exec/s: 0 rss: 835Mb L: 1/1 MS: 4 CopyPart-Custom-ChangeByte-Custom-
#12	NEW    cov: 46 ft: 46 corp: 3/4b lim: 4 exec/s: 0 rss: 835Mb L: 2/2 MS: 6 CrossOver-Custom-CrossOver-Custom-ChangeBinInt-Custom-
#13	NEW    cov: 51 ft: 51 corp: 4/6b lim: 4 exec/s: 0 rss: 835Mb L: 2/2 MS: 2 InsertByte-Custom-
INFO: using inputs from: /tmp/bugrun/lang_60.0QD5Zm/.cifuzz-corpus/com.example.algorithm2.Algorithm2Test/testParameterizedFuzzer
#14	NEW    cov: 52 ft: 52 corp: 5/10b lim: 4 exec/s: 0 rss: 835Mb L: 4/4 MS: 2 CopyPart-Custom-
INFO: using inputs from: /tmp/jazzer-java-seeds13103055610448815456
#15	NEW    cov: 55 ft: 55 corp: 6/11b lim: 4 exec/s: 0 rss: 835Mb L: 1/4 MS: 2 ChangeBit-Custom-
#19	NEW    cov: 59 ft: 59 corp: 7/13b lim: 4 exec/s: 0 rss: 835Mb L: 2/4 MS: 8 ChangeBinInt-Custom-ChangeBit-Custom-ShuffleBytes-Custom-EraseBytes-Custom-
#23	NEW    cov: 81 ft: 82 corp: 8/17b lim: 4 exec/s: 0 rss: 835Mb L: 4/4 MS: 8 CrossOver-Custom-CopyPart-Custom-ChangeBit-Custom-InsertByte-Custom-
#26	NEW    cov: 82 ft: 83 corp: 9/18b lim: 4 exec/s: 0 rss: 835Mb L: 1/4 MS: 6 ChangeBit-Custom-CrossOver-Custom-ChangeByte-Custom-
#35	NEW    cov: 85 ft: 86 corp: 10/19b lim: 4 exec/s: 0 rss: 835Mb L: 1/4 MS: 8 CopyPart-Custom-ShuffleBytes-Custom-CopyPart-Custom-ChangeByte-Custom-
#36	NEW    cov: 88 ft: 89 corp: 11/20b lim: 4 exec/s: 0 rss: 835Mb L: 1/4 MS: 2 ChangeByte-Custom-
#37	NEW    cov: 91 ft: 92 corp: 12/21b lim: 4 exec/s: 0 rss: 835Mb L: 1/4 MS: 2 ChangeBit-Custom-
#42	NEW    cov: 94 ft: 95 corp: 13/25b lim: 4 exec/s: 0 rss: 835Mb L: 4/4 MS: 10 CrossOver-Custom-CopyPart-Custom-CopyPart-Custom-ChangeBinInt-Custom-ChangeBit-Custom-
#43	NEW    cov: 97 ft: 98 corp: 14/27b lim: 4 exec/s: 0 rss: 835Mb L: 2/4 MS: 2 ChangeBit-Custom-
#44	NEW    cov: 99 ft: 100 corp: 15/28b lim: 4 exec/s: 0 rss: 835Mb L: 1/4 MS: 2 ChangeBinInt-Custom-
#45	NEW    cov: 99 ft: 110 corp: 16/30b lim: 4 exec/s: 0 rss: 835Mb L: 2/4 MS: 2 ChangeBinInt-Custom-
#48	NEW    cov: 102 ft: 113 corp: 17/32b lim: 4 exec/s: 0 rss: 835Mb L: 2/4 MS: 6 ShuffleBytes-Custom-ShuffleBytes-Custom-ChangeBit-Custom-
#51	NEW    cov: 104 ft: 115 corp: 18/33b lim: 4 exec/s: 0 rss: 835Mb L: 1/4 MS: 6 ShuffleBytes-Custom-ShuffleBytes-Custom-ChangeBit-Custom-
#53	NEW    cov: 107 ft: 118 corp: 19/36b lim: 4 exec/s: 0 rss: 835Mb L: 3/4 MS: 4 CopyPart-Custom-InsertByte-Custom-
#54	NEW    cov: 110 ft: 121 corp: 20/37b lim: 4 exec/s: 0 rss: 835Mb L: 1/4 MS: 2 ChangeByte-Custom-
#55	NEW    cov: 110 ft: 127 corp: 21/41b lim: 4 exec/s: 0 rss: 835Mb L: 4/4 MS: 2 CrossOver-Custom-
#56	NEW    cov: 112 ft: 129 corp: 22/45b lim: 4 exec/s: 0 rss: 835Mb L: 4/4 MS: 2 ChangeASCIIInt-Custom-
#60	NEW    cov: 114 ft: 133 corp: 23/48b lim: 4 exec/s: 0 rss: 835Mb L: 3/4 MS: 8 ShuffleBytes-Custom-CrossOver-Custom-ChangeBit-Custom-CrossOver-Custom-
INFO: New number of coverage counters: 4096
#62	NEW    cov: 122 ft: 141 corp: 24/49b lim: 4 exec/s: 0 rss: 839Mb L: 1/4 MS: 4 EraseBytes-Custom-ChangeBit-Custom-
#63	NEW    cov: 124 ft: 143 corp: 25/51b lim: 4 exec/s: 0 rss: 839Mb L: 2/4 MS: 2 CrossOver-Custom-
#69	NEW    cov: 130 ft: 153 corp: 26/55b lim: 4 exec/s: 0 rss: 839Mb L: 4/4 MS: 2 ChangeByte-Custom-
#71	NEW    cov: 131 ft: 154 corp: 27/59b lim: 4 exec/s: 0 rss: 839Mb L: 4/4 MS: 4 InsertByte-Custom-CopyPart-Custom-
#74	NEW    cov: 133 ft: 156 corp: 28/60b lim: 4 exec/s: 0 rss: 839Mb L: 1/4 MS: 6 CrossOver-Custom-CrossOver-Custom-ChangeByte-Custom-
#75	NEW    cov: 140 ft: 163 corp: 29/63b lim: 4 exec/s: 0 rss: 839Mb L: 3/4 MS: 2 InsertByte-Custom-
#76	NEW    cov: 145 ft: 168 corp: 30/67b lim: 4 exec/s: 0 rss: 839Mb L: 4/4 MS: 2 CMP-Custom- DE: "\000\000\000\000"-
#82	NEW    cov: 148 ft: 171 corp: 31/70b lim: 4 exec/s: 0 rss: 839Mb L: 3/4 MS: 2 InsertByte-Custom-
#84	NEW    cov: 161 ft: 184 corp: 32/71b lim: 4 exec/s: 0 rss: 839Mb L: 1/4 MS: 4 CrossOver-Custom-ChangeBit-Custom-
#85	NEW    cov: 165 ft: 188 corp: 33/74b lim: 4 exec/s: 0 rss: 839Mb L: 3/4 MS: 2 InsertByte-Custom-
#88	NEW    cov: 168 ft: 191 corp: 34/78b lim: 4 exec/s: 0 rss: 839Mb L: 4/4 MS: 6 ChangeBit-Custom-CopyPart-Custom-CopyPart-Custom-
#89	NEW    cov: 169 ft: 192 corp: 35/81b lim: 4 exec/s: 0 rss: 839Mb L: 3/4 MS: 2 CrossOver-Custom-
#90	NEW    cov: 171 ft: 194 corp: 36/82b lim: 4 exec/s: 0 rss: 839Mb L: 1/4 MS: 2 ChangeBit-Custom-
INFO: Instrumented org.apache.commons.lang.ArrayUtils (took 225 ms, size +21%)
MS: 4 EraseBytes-Custom-ChangeBit-Custom-; base unit: 78cfaf6ff5424b07160e83ed510109290d666948
0x5c,
\\
artifact_prefix='/tmp/bugrun/lang_60.0QD5Zm/'; Test unit written to /tmp/bugrun/lang_60.0QD5Zm/crash-08534f33c201a45017b502e90a800f1b708ebcb3
Base64: XA==
Done 92 runs in 0 second(s)
DEDUP_TOKEN: 3462a4c2c29e6fa8
[ERROR] Tests run: 2, Failures: 0, Errors: 1, Skipped: 0, Time elapsed: 8.066 s <<< FAILURE! -- in com.example.algorithm2.Algorithm2Test
[ERROR] com.example.algorithm2.Algorithm2Test.testParameterizedFuzzer(FuzzedDataProvider)[2] -- Time elapsed: 0.536 s <<< ERROR!
java.lang.IllegalArgumentException: Minimum abbreviation width is 4
	at org.apache.commons.lang.StringUtils.abbreviate(StringUtils.java:4777)
	at org.apache.commons.lang.StringUtils.abbreviate(StringUtils.java:4734)
	at java.base/jdk.internal.reflect.NativeMethodAccessorImpl.invoke0(Native Method)
	at java.base/jdk.internal.reflect.NativeMethodAccessorImpl.invoke(NativeMethodAccessorImpl.java:62)
	at java.base/jdk.internal.reflect.DelegatingMethodAccessorImpl.invoke(DelegatingMethodAccessorImpl.java:43)
	at java.base/java.lang.reflect.Method.invoke(Method.java:566)
	at com.example.algorithm2.Algorithm2Test.testParameterizedFuzzer(Algorithm2Test.java:226)

[INFO] 
[INFO] Results:
[INFO] 
[ERROR] Errors: 
[ERROR]   Algorithm2Test.testParameterizedFuzzer:226 » IllegalArgument Minimum abbreviation width is 4
[INFO] 
[ERROR] Tests run: 2, Failures: 0, Errors: 1, Skipped: 0
[INFO] 
[ERROR] 

Please refer to /tmp/bugrun/lang_60.0QD5Zm/target/surefire-reports for the individual test results.
Please refer to dump files (if any exist) [date].dump, [date]-jvmRun[N].dump and [date].dumpstream.
[INFO] 
[INFO] --- jacoco:0.8.11:report (default-cli) @ AlgorithmName2 ---
[INFO] Loading execution data file /tmp/bugrun/lang_60.0QD5Zm/target/jacoco.exec
[INFO] Analyzed bundle 'AlgorithmName2' with 120 classes
[INFO] ------------------------------------------------------------------------
[INFO] BUILD SUCCESS
[INFO] ------------------------------------------------------------------------
[INFO] Total time:  25.396 s
[INFO] Finished at: 2026-10-06T02:10:53+07:00
[INFO] ------------------------------------------------------------------------
