[INFO] Scanning for projects...
[INFO] 
[INFO] ---------------------< com.example:AlgorithmName2 >---------------------
[INFO] Building AlgorithmName2 1.0-SNAPSHOT
[INFO]   from pom.xml
[INFO] --------------------------------[ jar ]---------------------------------
[INFO] 
[INFO] --- jacoco:0.8.11:prepare-agent (default) @ AlgorithmName2 ---
[INFO] argLine set to -javaagent:/home/kanyaphak673380391-3/.m2/repository/org/jacoco/org.jacoco.agent/0.8.11/org.jacoco.agent-0.8.11-runtime.jar=destfile=/tmp/bugrun/math_40.sWPyFX/target/jacoco.exec
[INFO] 
[INFO] --- resources:3.4.0:resources (default-resources) @ AlgorithmName2 ---
[INFO] Copying 1 resource from src/main/resources to target/classes
[INFO] 
[INFO] --- compiler:3.15.0:compile (default-compile) @ AlgorithmName2 ---
[INFO] Recompiling the module because of changed source code.
[INFO] Compiling 1 source file with javac [debug target 1.8] to target/classes
[WARNING] bootstrap class path not set in conjunction with -source 8
[INFO] 
[INFO] --- dependency:3.6.0:unpack-dependencies (unpack-defects4j) @ AlgorithmName2 ---
[INFO] 
[INFO] --- resources:3.4.0:testResources (default-testResources) @ AlgorithmName2 ---
[INFO] skip non existing resourceDirectory /tmp/bugrun/math_40.sWPyFX/src/test/resources
[INFO] 
[INFO] --- compiler:3.15.0:testCompile (default-testCompile) @ AlgorithmName2 ---
[INFO] Recompiling the module because of changed dependency.
[INFO] Compiling 1 source file with javac [debug target 1.8] to target/test-classes
[WARNING] bootstrap class path not set in conjunction with -source 8
[INFO] 
[INFO] --- surefire:3.1.2:test (default-cli) @ AlgorithmName2 ---
[INFO] Using auto detected provider org.apache.maven.surefire.junitplatform.JUnitPlatformProvider
[INFO] 
[INFO] -------------------------------------------------------
[INFO]  T E S T S
[INFO] -------------------------------------------------------
[INFO] Running com.example.algorithm2.Algorithm2Test
OpenJDK 64-Bit Server VM warning: Sharing is only supported for boot loader classes because bootstrap classpath has been appended
INFO: Loaded 283 hooks from com.code_intelligence.jazzer.runtime.TraceCmpHooks
INFO: Loaded 5 hooks from com.code_intelligence.jazzer.runtime.TraceDivHooks
INFO: Loaded 2 hooks from com.code_intelligence.jazzer.runtime.TraceIndirHooks
INFO: Loaded 4 hooks from com.code_intelligence.jazzer.runtime.NativeLibHooks
INFO: Loaded 2 hooks from com.code_intelligence.jazzer.sanitizers.ClojureLangHooks
INFO: Loaded 5 hooks from com.code_intelligence.jazzer.sanitizers.Deserialization
INFO: Loaded 5 hooks from com.code_intelligence.jazzer.sanitizers.ExpressionLanguageInjection
INFO: Loaded 70 hooks from com.code_intelligence.jazzer.sanitizers.LdapInjection
INFO: Loaded 46 hooks from com.code_intelligence.jazzer.sanitizers.NamingContextLookup
INFO: Loaded 1 hooks from com.code_intelligence.jazzer.sanitizers.OsCommandInjection
INFO: Loaded 52 hooks from com.code_intelligence.jazzer.sanitizers.ReflectiveCall
INFO: Loaded 8 hooks from com.code_intelligence.jazzer.sanitizers.RegexInjection
INFO: Loaded 16 hooks from com.code_intelligence.jazzer.sanitizers.RegexRoadblocks
INFO: Loaded 18 hooks from com.code_intelligence.jazzer.sanitizers.ScriptEngineInjection
INFO: Loaded 2 hooks from com.code_intelligence.jazzer.sanitizers.ServerSideRequestForgery
INFO: Loaded 19 hooks from com.code_intelligence.jazzer.sanitizers.SqlInjection
INFO: Loaded 6 hooks from com.code_intelligence.jazzer.sanitizers.XPathInjection
INFO: Instrumented com.example.algorithm2.Algorithm2Test$Skip (took 186 ms, size +44%)
INFO: Instrumented com.example.algorithm2.Algorithm2Test (took 146 ms, size +27%)
INFO: New number of coverage counters: 1024
INFO: Instrumented org.apache.commons.math.util.Precision (took 163 ms, size +27%)
INFO: Instrumented org.apache.commons.math.exception.MathArithmeticException (took 23 ms, size +25%)
INFO: Instrumented org.apache.commons.math.exception.util.ExceptionContextProvider (took 4 ms, size +0%)
INFO: Instrumented org.apache.commons.math.exception.util.Localizable (took 1 ms, size +0%)
INFO: Instrumented org.apache.commons.math.exception.MathIllegalArgumentException (took 4 ms, size +27%)
[harness] Fallback target loaded: org.apache.commons.math.util.Precision (original was org.apache.commons.math3.util.Precision)
[harness] target=org.apache.commons.math.util.Precision factories=1 methods=19
INFO: New number of coverage counters: 2048
INFO: Instrumented org.apache.commons.math.util.FastMath (took 112 ms, size +16%)
INFO: found LLVMFuzzerCustomMutator (0x7c66c996dcd0). Disabling -len_control by default.
INFO: Running with entropic power schedule (0xFF, 100).
INFO: Seed: 559673390
INFO: Loaded 3 modules   (2048 inline 8-bit counters): 512 [0x7c678cce68c0, 0x7c678cce6ac0), 512 [0x7c678cce6ac0, 0x7c678cce6cc0), 1024 [0x7c678cce6cc0, 0x7c678cce70c0), 
INFO: Loaded 3 PC tables (2048 PCs): 512 [0x7c678cc4bc30,0x7c678cc4dc30), 512 [0x7c678c88cc80,0x7c678c88ec80), 1024 [0x7c678c86e3d0,0x7c678c8723d0), 
INFO:        0 files found in /tmp/bugrun/math_40.sWPyFX/.cifuzz-corpus/com.example.algorithm2.Algorithm2Test/testParameterizedFuzzer
INFO:        0 files found in /tmp/jazzer-java-seeds8717011941677903986
INFO: -max_len is not provided; libFuzzer will not generate inputs larger than 4096 bytes
INFO: A corpus is not provided, starting from an empty corpus
#2	INITED cov: 61 ft: 61 corp: 1/1b exec/s: 0 rss: 824Mb
#4	NEW    cov: 70 ft: 70 corp: 2/3b lim: 4 exec/s: 0 rss: 824Mb L: 2/2 MS: 4 CrossOver-Custom-CrossOver-Custom-
#5	NEW    cov: 72 ft: 78 corp: 3/5b lim: 4 exec/s: 0 rss: 824Mb L: 2/2 MS: 2 ChangeBit-Custom-
#6	NEW    cov: 87 ft: 95 corp: 4/7b lim: 4 exec/s: 0 rss: 824Mb L: 2/2 MS: 2 ChangeBinInt-Custom-
#13	NEW    cov: 88 ft: 102 corp: 5/8b lim: 4 exec/s: 0 rss: 824Mb L: 1/2 MS: 4 CopyPart-Custom-CrossOver-Custom-
#16	NEW    cov: 95 ft: 109 corp: 6/12b lim: 4 exec/s: 0 rss: 825Mb L: 4/4 MS: 6 CopyPart-Custom-InsertByte-Custom-InsertByte-Custom-
#17	NEW    cov: 99 ft: 113 corp: 7/16b lim: 4 exec/s: 0 rss: 825Mb L: 4/4 MS: 2 ChangeBinInt-Custom-
#18	NEW    cov: 113 ft: 133 corp: 8/18b lim: 4 exec/s: 0 rss: 825Mb L: 2/4 MS: 2 ChangeByte-Custom-
#34	NEW    cov: 119 ft: 139 corp: 9/21b lim: 4 exec/s: 0 rss: 825Mb L: 3/4 MS: 2 InsertByte-Custom-
#39	NEW    cov: 119 ft: 141 corp: 10/23b lim: 4 exec/s: 0 rss: 825Mb L: 2/4 MS: 10 InsertByte-Custom-ShuffleBytes-Custom-EraseBytes-Custom-CopyPart-Custom-ChangeBit-Custom-
INFO: using inputs from: /tmp/bugrun/math_40.sWPyFX/.cifuzz-corpus/com.example.algorithm2.Algorithm2Test/testParameterizedFuzzer
INFO: using inputs from: /tmp/jazzer-java-seeds8717011941677903986
#46	NEW    cov: 124 ft: 146 corp: 11/26b lim: 4 exec/s: 0 rss: 825Mb L: 3/4 MS: 4 CrossOver-Custom-ChangeBit-Custom-
#48	NEW    cov: 124 ft: 148 corp: 12/30b lim: 4 exec/s: 0 rss: 825Mb L: 4/4 MS: 4 ChangeBinInt-Custom-ChangeBinInt-Custom-
#54	NEW    cov: 125 ft: 149 corp: 13/34b lim: 4 exec/s: 0 rss: 825Mb L: 4/4 MS: 2 ChangeBinInt-Custom-
#66	NEW    cov: 125 ft: 151 corp: 14/35b lim: 4 exec/s: 0 rss: 825Mb L: 1/4 MS: 4 CrossOver-Custom-CrossOver-Custom-
#94	NEW    cov: 130 ft: 158 corp: 15/39b lim: 4 exec/s: 0 rss: 825Mb L: 4/4 MS: 6 CrossOver-Custom-CopyPart-Custom-ChangeBinInt-Custom-
#102	NEW    cov: 134 ft: 162 corp: 16/42b lim: 4 exec/s: 0 rss: 825Mb L: 3/4 MS: 6 CMP-Custom-EraseBytes-Custom-InsertByte-Custom- DE: "\010\000\000\000"-
#129	NEW    cov: 136 ft: 164 corp: 17/46b lim: 4 exec/s: 0 rss: 825Mb L: 4/4 MS: 4 ChangeByte-Custom-ChangeBit-Custom-
#140	NEW    cov: 139 ft: 167 corp: 18/50b lim: 4 exec/s: 0 rss: 825Mb L: 4/4 MS: 2 ChangeBit-Custom-
#145	NEW    cov: 141 ft: 169 corp: 19/54b lim: 4 exec/s: 0 rss: 825Mb L: 4/4 MS: 10 InsertByte-Custom-ChangeByte-Custom-ChangeByte-Custom-CopyPart-Custom-ChangeBinInt-Custom-
#154	NEW    cov: 143 ft: 171 corp: 20/55b lim: 4 exec/s: 0 rss: 825Mb L: 1/4 MS: 8 ShuffleBytes-Custom-CrossOver-Custom-ChangeBit-Custom-CrossOver-Custom-
#170	NEW    cov: 146 ft: 174 corp: 21/56b lim: 4 exec/s: 0 rss: 825Mb L: 1/4 MS: 2 CrossOver-Custom-
#172	NEW    cov: 148 ft: 176 corp: 22/57b lim: 4 exec/s: 0 rss: 825Mb L: 1/4 MS: 4 ChangeBit-Custom-EraseBytes-Custom-
#188	REDUCE cov: 148 ft: 176 corp: 22/56b lim: 4 exec/s: 0 rss: 825Mb L: 1/4 MS: 2 EraseBytes-Custom-
#196	REDUCE cov: 148 ft: 176 corp: 22/55b lim: 4 exec/s: 0 rss: 825Mb L: 2/4 MS: 6 ShuffleBytes-Custom-EraseBytes-Custom-ChangeBit-Custom-
#216	NEW    cov: 149 ft: 177 corp: 23/59b lim: 4 exec/s: 0 rss: 825Mb L: 4/4 MS: 10 ShuffleBytes-Custom-CrossOver-Custom-CopyPart-Custom-ChangeByte-Custom-ChangeBinInt-Custom-
#219	NEW    cov: 151 ft: 179 corp: 24/63b lim: 4 exec/s: 0 rss: 825Mb L: 4/4 MS: 6 CrossOver-Custom-ChangeByte-Custom-ChangeBinInt-Custom-
#252	NEW    cov: 155 ft: 183 corp: 25/67b lim: 4 exec/s: 0 rss: 825Mb L: 4/4 MS: 6 ChangeBinInt-Custom-ShuffleBytes-Custom-InsertByte-Custom-
#270	NEW    cov: 159 ft: 187 corp: 26/71b lim: 4 exec/s: 0 rss: 825Mb L: 4/4 MS: 6 CopyPart-Custom-InsertByte-Custom-CopyPart-Custom-
#274	NEW    cov: 160 ft: 188 corp: 27/72b lim: 4 exec/s: 0 rss: 825Mb L: 1/4 MS: 8 CrossOver-Custom-CrossOver-Custom-ChangeBit-Custom-ChangeBit-Custom-
#280	REDUCE cov: 160 ft: 188 corp: 27/70b lim: 4 exec/s: 0 rss: 825Mb L: 2/4 MS: 2 EraseBytes-Custom-
#364	NEW    cov: 161 ft: 189 corp: 28/72b lim: 4 exec/s: 0 rss: 825Mb L: 2/4 MS: 8 EraseBytes-Custom-InsertByte-Custom-ChangeBinInt-Custom-CrossOver-Custom-
#372	NEW    cov: 162 ft: 190 corp: 29/74b lim: 4 exec/s: 0 rss: 825Mb L: 2/4 MS: 6 ShuffleBytes-Custom-ShuffleBytes-Custom-InsertByte-Custom-
#433	REDUCE cov: 162 ft: 190 corp: 29/73b lim: 4 exec/s: 0 rss: 825Mb L: 3/4 MS: 2 EraseBytes-Custom-
#440	REDUCE cov: 162 ft: 190 corp: 29/72b lim: 4 exec/s: 0 rss: 825Mb L: 3/4 MS: 4 ChangeBinInt-Custom-EraseBytes-Custom-
#456	REDUCE cov: 162 ft: 190 corp: 29/71b lim: 4 exec/s: 0 rss: 825Mb L: 2/4 MS: 2 EraseBytes-Custom-
#467	REDUCE cov: 162 ft: 190 corp: 29/69b lim: 4 exec/s: 0 rss: 825Mb L: 2/4 MS: 2 EraseBytes-Custom-
#469	NEW    cov: 163 ft: 191 corp: 30/71b lim: 4 exec/s: 0 rss: 825Mb L: 2/4 MS: 4 ChangeByte-Custom-ChangeBit-Custom-
#476	REDUCE cov: 163 ft: 191 corp: 30/70b lim: 4 exec/s: 0 rss: 825Mb L: 3/4 MS: 4 ChangeBit-Custom-EraseBytes-Custom-
#542	REDUCE cov: 163 ft: 191 corp: 30/68b lim: 4 exec/s: 0 rss: 825Mb L: 2/4 MS: 2 EraseBytes-Custom-
#548	NEW    cov: 164 ft: 192 corp: 31/72b lim: 4 exec/s: 0 rss: 825Mb L: 4/4 MS: 2 ChangeBinInt-Custom-
#560	NEW    cov: 166 ft: 194 corp: 32/75b lim: 4 exec/s: 0 rss: 825Mb L: 3/4 MS: 4 ChangeBinInt-Custom-CrossOver-Custom-
#572	NEW    cov: 167 ft: 195 corp: 33/78b lim: 4 exec/s: 0 rss: 825Mb L: 3/4 MS: 4 CopyPart-Custom-ChangeBinInt-Custom-
#603	NEW    cov: 168 ft: 196 corp: 34/81b lim: 4 exec/s: 0 rss: 825Mb L: 3/4 MS: 2 CrossOver-Custom-
#669	NEW    cov: 169 ft: 197 corp: 35/85b lim: 4 exec/s: 0 rss: 826Mb L: 4/4 MS: 2 ChangeBinInt-Custom-
#683	REDUCE cov: 169 ft: 197 corp: 35/84b lim: 4 exec/s: 0 rss: 826Mb L: 1/4 MS: 8 ShuffleBytes-Custom-ChangeBit-Custom-ChangeByte-Custom-EraseBytes-Custom-
#714	REDUCE cov: 169 ft: 197 corp: 35/83b lim: 4 exec/s: 0 rss: 826Mb L: 2/4 MS: 2 EraseBytes-Custom-
#734	NEW    cov: 170 ft: 200 corp: 36/84b lim: 4 exec/s: 0 rss: 826Mb L: 1/4 MS: 10 ChangeBit-Custom-ShuffleBytes-Custom-ShuffleBytes-Custom-ShuffleBytes-Custom-ChangeByte-Custom-
#751	REDUCE cov: 170 ft: 200 corp: 36/83b lim: 4 exec/s: 0 rss: 826Mb L: 3/4 MS: 4 ChangeBit-Custom-EraseBytes-Custom-
#756	REDUCE cov: 170 ft: 200 corp: 36/82b lim: 4 exec/s: 0 rss: 826Mb L: 2/4 MS: 10 ShuffleBytes-Custom-CrossOver-Custom-ShuffleBytes-Custom-ShuffleBytes-Custom-EraseBytes-Custom-
#827	REDUCE cov: 170 ft: 200 corp: 36/81b lim: 4 exec/s: 0 rss: 826Mb L: 1/4 MS: 2 EraseBytes-Custom-
#906	REDUCE cov: 170 ft: 200 corp: 36/80b lim: 4 exec/s: 0 rss: 826Mb L: 3/4 MS: 8 ShuffleBytes-Custom-CrossOver-Custom-ChangeBit-Custom-EraseBytes-Custom-
#973	REDUCE cov: 170 ft: 200 corp: 36/79b lim: 4 exec/s: 0 rss: 826Mb L: 2/4 MS: 4 ChangeByte-Custom-EraseBytes-Custom-
#1014	REDUCE cov: 170 ft: 200 corp: 36/78b lim: 4 exec/s: 0 rss: 826Mb L: 2/4 MS: 2 EraseBytes-Custom-
#1017	REDUCE cov: 170 ft: 200 corp: 36/77b lim: 4 exec/s: 0 rss: 826Mb L: 2/4 MS: 6 ChangeByte-Custom-ShuffleBytes-Custom-EraseBytes-Custom-
#1461	REDUCE cov: 170 ft: 200 corp: 36/75b lim: 8 exec/s: 0 rss: 826Mb L: 1/4 MS: 8 InsertRepeatedBytes-Custom-EraseBytes-Custom-EraseBytes-Custom-EraseBytes-Custom-
INFO: Instrumented org.apache.commons.math.util.FastMath$lnMant (took 7 ms, size +43%)
#1495	NEW    cov: 227 ft: 259 corp: 37/83b lim: 8 exec/s: 0 rss: 826Mb L: 8/8 MS: 8 InsertByte-Custom-InsertRepeatedBytes-Custom-ChangeByte-Custom-InsertByte-Custom-
#1496	NEW    cov: 227 ft: 262 corp: 38/91b lim: 8 exec/s: 0 rss: 826Mb L: 8/8 MS: 2 ChangeByte-Custom-
#1564	NEW    cov: 228 ft: 263 corp: 39/99b lim: 8 exec/s: 0 rss: 826Mb L: 8/8 MS: 6 ShuffleBytes-Custom-InsertRepeatedBytes-Custom-InsertRepeatedBytes-Custom-
#1585	NEW    cov: 232 ft: 267 corp: 40/107b lim: 8 exec/s: 0 rss: 826Mb L: 8/8 MS: 2 InsertRepeatedBytes-Custom-
#1614	REDUCE cov: 232 ft: 267 corp: 40/106b lim: 8 exec/s: 0 rss: 826Mb L: 1/8 MS: 8 PersAutoDict-Custom-CrossOver-Custom-ShuffleBytes-Custom-ChangeByte-Custom- DE: "\010\000\000\000"-
#1639	REDUCE cov: 233 ft: 268 corp: 41/110b lim: 8 exec/s: 0 rss: 826Mb L: 4/8 MS: 10 ShuffleBytes-Custom-CopyPart-Custom-ShuffleBytes-Custom-InsertByte-Custom-ChangeBinInt-Custom-
#1675	NEW    cov: 236 ft: 271 corp: 42/118b lim: 8 exec/s: 0 rss: 826Mb L: 8/8 MS: 2 ShuffleBytes-Custom-
#1677	REDUCE cov: 236 ft: 271 corp: 42/117b lim: 8 exec/s: 0 rss: 826Mb L: 2/8 MS: 4 CopyPart-Custom-EraseBytes-Custom-
#2095	REDUCE cov: 237 ft: 272 corp: 43/122b lim: 11 exec/s: 0 rss: 826Mb L: 5/8 MS: 6 CrossOver-Custom-CrossOver-Custom-ChangeBit-Custom-
#2141	NEW    cov: 237 ft: 275 corp: 44/131b lim: 11 exec/s: 0 rss: 826Mb L: 9/9 MS: 2 CopyPart-Custom-
#2233	NEW    cov: 239 ft: 277 corp: 45/141b lim: 11 exec/s: 0 rss: 826Mb L: 10/10 MS: 4 EraseBytes-Custom-InsertRepeatedBytes-Custom-
#2259	REDUCE cov: 239 ft: 277 corp: 45/139b lim: 11 exec/s: 0 rss: 826Mb L: 2/10 MS: 2 EraseBytes-Custom-
INFO: Instrumented org.apache.commons.math.util.FastMathLiteralArrays (took 59 ms, size +0%)
INFO: Instrumented org.apache.commons.math.util.FastMath$ExpIntTable (took 5 ms, size +37%)
INFO: Instrumented org.apache.commons.math.util.FastMath$ExpFracTable (took 3 ms, size +38%)
MS: 10 ChangeBit-Custom-ChangeBit-Custom-ChangeByte-Custom-InsertByte-Custom-CrossOver-Custom-; base unit: be6fabcc4035e64f38343aa6a5d6146f2051d928
0xa,0xad,0xa7,0x5b,0xf5,0x1b,0xa7,0xa7,0xa7,0x1a,0xb,
\012\255\247[\365\033\247\247\247\032\013
artifact_prefix='/tmp/bugrun/math_40.sWPyFX/'; Test unit written to /tmp/bugrun/math_40.sWPyFX/crash-d3114c1661f992fc0b6c1fbf7a75a97e1aad448c
Base64: Cq2nW/Ubp6enGgs=
Done 2269 runs in 0 second(s)
INFO: Instrumented org.apache.commons.math.exception.util.LocalizedFormats (took 30 ms, size +6%)
INFO: Instrumented org.apache.commons.math.exception.util.ExceptionContext (took 21 ms, size +24%)
INFO: Instrumented org.apache.commons.math.exception.util.ArgUtils (took 4 ms, size +46%)
DEDUP_TOKEN: e9d27a5f2a39ae18
[ERROR] Tests run: 2, Failures: 0, Errors: 1, Skipped: 0, Time elapsed: 7.755 s <<< FAILURE! -- in com.example.algorithm2.Algorithm2Test
[ERROR] com.example.algorithm2.Algorithm2Test.testParameterizedFuzzer(FuzzedDataProvider)[2] -- Time elapsed: 0.513 s <<< ERROR!
org.apache.commons.math.exception.MathIllegalArgumentException: invalid rounding method -1, valid methods: ROUND_CEILING (2), ROUND_DOWN (1), ROUND_FLOOR (3), ROUND_HALF_DOWN (5), ROUND_HALF_EVEN (6), ROUND_HALF_UP (4), ROUND_UNNECESSARY (7), ROUND_UP (0)
	at org.apache.commons.math.util.Precision.roundUnscaled(Precision.java:472)
	at org.apache.commons.math.util.Precision.round(Precision.java:381)
	at jdk.internal.reflect.GeneratedMethodAccessor66.invoke(Unknown Source)
	at java.base/jdk.internal.reflect.DelegatingMethodAccessorImpl.invoke(DelegatingMethodAccessorImpl.java:43)
	at java.base/java.lang.reflect.Method.invoke(Method.java:566)
	at com.example.algorithm2.Algorithm2Test.testParameterizedFuzzer(Algorithm2Test.java:226)

[INFO] 
[INFO] Results:
[INFO] 
[ERROR] Errors: 
[ERROR]   Algorithm2Test.testParameterizedFuzzer:226 » MathIllegalArgument invalid rounding method -1, valid methods: ROUND_CEILING (2), ROUND_DOWN (1), ROUND_FLOOR (3), ROUND_HALF_DOWN (5), ROUND_HALF_EVEN (6), ROUND_HALF_UP (4), ROUND_UNNECESSARY (7), ROUND_UP (0)
[INFO] 
[ERROR] Tests run: 2, Failures: 0, Errors: 1, Skipped: 0
[INFO] 
[ERROR] 

Please refer to /tmp/bugrun/math_40.sWPyFX/target/surefire-reports for the individual test results.
Please refer to dump files (if any exist) [date].dump, [date]-jvmRun[N].dump and [date].dumpstream.
[INFO] 
[INFO] --- jacoco:0.8.11:report (default-cli) @ AlgorithmName2 ---
[INFO] Loading execution data file /tmp/bugrun/math_40.sWPyFX/target/jacoco.exec
[INFO] Analyzed bundle 'AlgorithmName2' with 650 classes
[INFO] ------------------------------------------------------------------------
[INFO] BUILD SUCCESS
[INFO] ------------------------------------------------------------------------
[INFO] Total time:  18.252 s
[INFO] Finished at: 2026-10-06T03:57:32+07:00
[INFO] ------------------------------------------------------------------------
