[INFO] Scanning for projects...
[INFO] 
[INFO] ---------------------< com.example:AlgorithmName2 >---------------------
[INFO] Building AlgorithmName2 1.0-SNAPSHOT
[INFO]   from pom.xml
[INFO] --------------------------------[ jar ]---------------------------------
[INFO] 
[INFO] --- jacoco:0.8.11:prepare-agent (default) @ AlgorithmName2 ---
[INFO] argLine set to -javaagent:/home/kanyaphak673380391-3/.m2/repository/org/jacoco/org.jacoco.agent/0.8.11/org.jacoco.agent-0.8.11-runtime.jar=destfile=/tmp/bugrun/collections_27.O6GlpT/target/jacoco.exec
[INFO] 
[INFO] --- resources:3.4.0:resources (default-resources) @ AlgorithmName2 ---
[INFO] Copying 1 resource from src/main/resources to target/classes
[INFO] 
[INFO] --- compiler:3.15.0:compile (default-compile) @ AlgorithmName2 ---
[INFO] Recompiling the module because of changed source code.
[INFO] Compiling 1 source file with javac [debug target 1.8] to target/classes
[WARNING] bootstrap class path not set in conjunction with -source 8
[INFO] 
[INFO] --- dependency:3.6.0:unpack-dependencies (unpack-defects4j) @ AlgorithmName2 ---
[INFO] 
[INFO] --- resources:3.4.0:testResources (default-testResources) @ AlgorithmName2 ---
[INFO] skip non existing resourceDirectory /tmp/bugrun/collections_27.O6GlpT/src/test/resources
[INFO] 
[INFO] --- compiler:3.15.0:testCompile (default-testCompile) @ AlgorithmName2 ---
[INFO] Recompiling the module because of changed dependency.
[INFO] Compiling 1 source file with javac [debug target 1.8] to target/test-classes
[WARNING] bootstrap class path not set in conjunction with -source 8
[INFO] 
[INFO] --- surefire:3.1.2:test (default-cli) @ AlgorithmName2 ---
[INFO] Using auto detected provider org.apache.maven.surefire.junitplatform.JUnitPlatformProvider
[INFO] 
[INFO] -------------------------------------------------------
[INFO]  T E S T S
[INFO] -------------------------------------------------------
[INFO] Running com.example.algorithm2.Algorithm2Test
OpenJDK 64-Bit Server VM warning: Sharing is only supported for boot loader classes because bootstrap classpath has been appended
INFO: Loaded 443 hooks from com.code_intelligence.jazzer.runtime.TraceCmpHooks
INFO: Loaded 5 hooks from com.code_intelligence.jazzer.runtime.TraceDivHooks
INFO: Loaded 2 hooks from com.code_intelligence.jazzer.runtime.TraceIndirHooks
INFO: Loaded 4 hooks from com.code_intelligence.jazzer.runtime.NativeLibHooks
INFO: Loaded 2 hooks from com.code_intelligence.jazzer.sanitizers.ClojureLangHooks
INFO: Loaded 5 hooks from com.code_intelligence.jazzer.sanitizers.Deserialization
INFO: Loaded 5 hooks from com.code_intelligence.jazzer.sanitizers.ExpressionLanguageInjection
INFO: Loaded 70 hooks from com.code_intelligence.jazzer.sanitizers.LdapInjection
INFO: Loaded 46 hooks from com.code_intelligence.jazzer.sanitizers.NamingContextLookup
INFO: Loaded 1 hooks from com.code_intelligence.jazzer.sanitizers.OsCommandInjection
INFO: Loaded 52 hooks from com.code_intelligence.jazzer.sanitizers.ReflectiveCall
INFO: Loaded 8 hooks from com.code_intelligence.jazzer.sanitizers.RegexInjection
INFO: Loaded 16 hooks from com.code_intelligence.jazzer.sanitizers.RegexRoadblocks
INFO: Loaded 18 hooks from com.code_intelligence.jazzer.sanitizers.ScriptEngineInjection
INFO: Loaded 2 hooks from com.code_intelligence.jazzer.sanitizers.ServerSideRequestForgery
INFO: Loaded 19 hooks from com.code_intelligence.jazzer.sanitizers.SqlInjection
INFO: Loaded 6 hooks from com.code_intelligence.jazzer.sanitizers.XPathInjection
INFO: Instrumented com.example.algorithm2.Algorithm2Test$Skip (took 172 ms, size +44%)
INFO: Instrumented com.example.algorithm2.Algorithm2Test (took 209 ms, size +27%)
INFO: Instrumented org.apache.commons.collections4.ListUtils (took 128 ms, size +12%)
INFO: Instrumented org.apache.commons.collections4.sequence.CommandVisitor (took 1 ms, size +0%)
INFO: Instrumented org.apache.commons.collections4.Equator (took 1 ms, size +0%)
INFO: Instrumented org.apache.commons.collections4.Predicate (took 0 ms, size +0%)
INFO: Instrumented org.apache.commons.collections4.Transformer (took 0 ms, size +0%)
INFO: Instrumented org.apache.commons.collections4.Factory (took 0 ms, size +0%)
[harness] target=org.apache.commons.collections4.ListUtils factories=1 methods=23
INFO: New number of coverage counters: 1024
INFO: Instrumented org.apache.commons.collections4.bag.HashBag (took 14 ms, size +22%)
INFO: Instrumented org.apache.commons.collections4.bag.AbstractMapBag (took 46 ms, size +21%)
INFO: Instrumented org.apache.commons.collections4.Bag (took 1 ms, size +0%)
INFO: found LLVMFuzzerCustomMutator (0x7710aca6bcd0). Disabling -len_control by default.
INFO: Running with entropic power schedule (0xFF, 100).
INFO: Seed: 1669043755
INFO: Loaded 2 modules   (1024 inline 8-bit counters): 512 [0x771134cb4d70, 0x771134cb4f70), 512 [0x771134cb4f70, 0x771134cb5170), 
INFO: Loaded 2 PC tables (1024 PCs): 512 [0x771134c12120,0x771134c14120), 512 [0x7711348bb8b0,0x7711348bd8b0), 
INFO:        0 files found in /tmp/bugrun/collections_27.O6GlpT/.cifuzz-corpus/com.example.algorithm2.Algorithm2Test/testParameterizedFuzzer
INFO:        0 files found in /tmp/jazzer-java-seeds6019355271963441752
INFO: -max_len is not provided; libFuzzer will not generate inputs larger than 4096 bytes
INFO: A corpus is not provided, starting from an empty corpus
#2	INITED cov: 53 ft: 53 corp: 1/1b exec/s: 0 rss: 853Mb
#3	NEW    cov: 59 ft: 59 corp: 2/3b lim: 4 exec/s: 0 rss: 853Mb L: 2/2 MS: 2 InsertByte-Custom-
#4	NEW    cov: 59 ft: 63 corp: 3/5b lim: 4 exec/s: 0 rss: 853Mb L: 2/2 MS: 2 InsertByte-Custom-
#6	NEW    cov: 66 ft: 85 corp: 4/8b lim: 4 exec/s: 0 rss: 853Mb L: 3/3 MS: 4 ShuffleBytes-Custom-InsertByte-Custom-
INFO: using inputs from: /tmp/bugrun/collections_27.O6GlpT/.cifuzz-corpus/com.example.algorithm2.Algorithm2Test/testParameterizedFuzzer
INFO: using inputs from: /tmp/jazzer-java-seeds6019355271963441752
INFO: New number of coverage counters: 2048
#8	NEW    cov: 92 ft: 111 corp: 5/9b lim: 4 exec/s: 0 rss: 859Mb L: 1/3 MS: 4 EraseBytes-Custom-ChangeBit-Custom-
#10	NEW    cov: 92 ft: 131 corp: 6/10b lim: 4 exec/s: 0 rss: 859Mb L: 1/3 MS: 4 EraseBytes-Custom-ChangeByte-Custom-
#12	NEW    cov: 98 ft: 137 corp: 7/13b lim: 4 exec/s: 0 rss: 859Mb L: 3/3 MS: 4 ChangeByte-Custom-CMP-Custom- DE: "!\000"-
#13	NEW    cov: 115 ft: 155 corp: 8/14b lim: 4 exec/s: 0 rss: 859Mb L: 1/3 MS: 2 ChangeByte-Custom-
#19	NEW    cov: 115 ft: 161 corp: 9/16b lim: 4 exec/s: 0 rss: 859Mb L: 2/3 MS: 2 ChangeByte-Custom-
INFO: Instrumented org.apache.commons.collections4.CollectionUtils (took 79 ms, size +12%)
INFO: Instrumented org.apache.commons.collections4.collection.UnmodifiableCollection (took 10 ms, size +21%)
INFO: Instrumented org.apache.commons.collections4.Unmodifiable (took 0 ms, size +0%)
INFO: #25	NEW    cov: 121 ft: 167 corp: 10/17b lim: 4 exec/s: 0 rss: 859Mb L: 1/3 MS: 2 ChangeBit-Custom-
Instrumented org.apache.commons.collections4.collection.AbstractCollectionDecorator (took 16 ms, size +15%)
#26	NEW    cov: 123 ft: 170 corp: 11/18b lim: 4 exec/s: 0 rss: 859Mb L: 1/3 MS: 2 ShuffleBytes-Custom-
INFO: Instrumented org.apache.commons.collections4.list.UnmodifiableList (took 16 ms, size +16%)
INFO: Instrumented org.apache.commons.collections4.list.AbstractSerializableListDecorator (took 4 ms, size +32%)
INFO: Instrumented org.apache.commons.collections4.list.AbstractListDecorator (took 15 ms, size +19%)
MS: 10 ShuffleBytes-Custom-CrossOver-Custom-ShuffleBytes-Custom-ChangeByte-Custom-ChangeByte-Custom-; base unit: 1599e9fa41ec68c80230491902786bee889f5bcb
0x3f,0x21,0x3a,
?!:
artifact_prefix='/tmp/bugrun/collections_27.O6GlpT/'; Test unit written to /tmp/bugrun/collections_27.O6GlpT/crash-e0a91bd9ccb1832c2d8b96e1e6c1e1a3df1b70a8
Base64: PyE6
Done 31 runs in 0 second(s)
INFO: Instrumented org.apache.commons.collections4.list.PredicatedList (took 17 ms, size +15%)
INFO: Instrumented org.apache.commons.collections4.collection.PredicatedCollection (took 6 ms, size +15%)
DEDUP_TOKEN: 40d6e9b75173c43d
[ERROR] Tests run: 2, Failures: 0, Errors: 1, Skipped: 0, Time elapsed: 6.420 s <<< FAILURE! -- in com.example.algorithm2.Algorithm2Test
[ERROR] com.example.algorithm2.Algorithm2Test.testParameterizedFuzzer(FuzzedDataProvider)[2] -- Time elapsed: 0.343 s <<< ERROR!
java.lang.IllegalArgumentException: Cannot add Object '' - Predicate 'proxy:Predicate' rejected it
	at org.apache.commons.collections4.collection.PredicatedCollection.validate(PredicatedCollection.java:140)
	at org.apache.commons.collections4.collection.PredicatedCollection.<init>(PredicatedCollection.java:125)
	at org.apache.commons.collections4.list.PredicatedList.<init>(PredicatedList.java:84)
	at org.apache.commons.collections4.list.PredicatedList.predicatedList(PredicatedList.java:68)
	at org.apache.commons.collections4.ListUtils.predicatedList(ListUtils.java:412)
	at java.base/jdk.internal.reflect.NativeMethodAccessorImpl.invoke0(Native Method)
	at java.base/jdk.internal.reflect.NativeMethodAccessorImpl.invoke(NativeMethodAccessorImpl.java:62)
	at java.base/jdk.internal.reflect.DelegatingMethodAccessorImpl.invoke(DelegatingMethodAccessorImpl.java:43)
	at java.base/java.lang.reflect.Method.invoke(Method.java:566)
	at com.example.algorithm2.Algorithm2Test.testParameterizedFuzzer(Algorithm2Test.java:226)

[INFO] 
[INFO] Results:
[INFO] 
[ERROR] Errors: 
[ERROR]   Algorithm2Test.testParameterizedFuzzer:226 » IllegalArgument Cannot add Object '' - Predicate 'proxy:Predicate' rejected it
[INFO] 
[ERROR] Tests run: 2, Failures: 0, Errors: 1, Skipped: 0
[INFO] 
[ERROR] 

Please refer to /tmp/bugrun/collections_27.O6GlpT/target/surefire-reports for the individual test results.
Please refer to dump files (if any exist) [date].dump, [date]-jvmRun[N].dump and [date].dumpstream.
[INFO] 
[INFO] --- jacoco:0.8.11:report (default-cli) @ AlgorithmName2 ---
[INFO] Loading execution data file /tmp/bugrun/collections_27.O6GlpT/target/jacoco.exec
[INFO] Analyzed bundle 'AlgorithmName2' with 461 classes
[INFO] ------------------------------------------------------------------------
[INFO] BUILD SUCCESS
[INFO] ------------------------------------------------------------------------
[INFO] Total time:  19.778 s
[INFO] Finished at: 2026-10-06T01:52:51+07:00
[INFO] ------------------------------------------------------------------------
