[INFO] Scanning for projects...
[INFO] 
[INFO] ---------------------< com.example:AlgorithmName2 >---------------------
[INFO] Building AlgorithmName2 1.0-SNAPSHOT
[INFO]   from pom.xml
[INFO] --------------------------------[ jar ]---------------------------------
[INFO] 
[INFO] --- jacoco:0.8.11:prepare-agent (default) @ AlgorithmName2 ---
[INFO] argLine set to -javaagent:/home/kanyaphak673380391-3/.m2/repository/org/jacoco/org.jacoco.agent/0.8.11/org.jacoco.agent-0.8.11-runtime.jar=destfile=/tmp/bugrun/gson_14.cTihL9/target/jacoco.exec
[INFO] 
[INFO] --- resources:3.4.0:resources (default-resources) @ AlgorithmName2 ---
[INFO] Copying 1 resource from src/main/resources to target/classes
[INFO] 
[INFO] --- compiler:3.15.0:compile (default-compile) @ AlgorithmName2 ---
[INFO] Recompiling the module because of changed source code.
[INFO] Compiling 1 source file with javac [debug target 1.8] to target/classes
[WARNING] bootstrap class path not set in conjunction with -source 8
[INFO] 
[INFO] --- dependency:3.6.0:unpack-dependencies (unpack-defects4j) @ AlgorithmName2 ---
[INFO] 
[INFO] --- resources:3.4.0:testResources (default-testResources) @ AlgorithmName2 ---
[INFO] skip non existing resourceDirectory /tmp/bugrun/gson_14.cTihL9/src/test/resources
[INFO] 
[INFO] --- compiler:3.15.0:testCompile (default-testCompile) @ AlgorithmName2 ---
[INFO] Recompiling the module because of changed dependency.
[INFO] Compiling 1 source file with javac [debug target 1.8] to target/test-classes
[WARNING] bootstrap class path not set in conjunction with -source 8
[INFO] 
[INFO] --- surefire:3.1.2:test (default-cli) @ AlgorithmName2 ---
[INFO] Using auto detected provider org.apache.maven.surefire.junitplatform.JUnitPlatformProvider
[INFO] 
[INFO] -------------------------------------------------------
[INFO]  T E S T S
[INFO] -------------------------------------------------------
[INFO] Running com.example.algorithm2.Algorithm2Test
OpenJDK 64-Bit Server VM warning: Sharing is only supported for boot loader classes because bootstrap classpath has been appended
INFO: Loaded 288 hooks from com.code_intelligence.jazzer.runtime.TraceCmpHooks
INFO: Loaded 5 hooks from com.code_intelligence.jazzer.runtime.TraceDivHooks
INFO: Loaded 2 hooks from com.code_intelligence.jazzer.runtime.TraceIndirHooks
INFO: Loaded 4 hooks from com.code_intelligence.jazzer.runtime.NativeLibHooks
INFO: Loaded 2 hooks from com.code_intelligence.jazzer.sanitizers.ClojureLangHooks
INFO: Loaded 5 hooks from com.code_intelligence.jazzer.sanitizers.Deserialization
INFO: Loaded 5 hooks from com.code_intelligence.jazzer.sanitizers.ExpressionLanguageInjection
INFO: Loaded 70 hooks from com.code_intelligence.jazzer.sanitizers.LdapInjection
INFO: Loaded 46 hooks from com.code_intelligence.jazzer.sanitizers.NamingContextLookup
INFO: Loaded 1 hooks from com.code_intelligence.jazzer.sanitizers.OsCommandInjection
INFO: Loaded 52 hooks from com.code_intelligence.jazzer.sanitizers.ReflectiveCall
INFO: Loaded 8 hooks from com.code_intelligence.jazzer.sanitizers.RegexInjection
INFO: Loaded 16 hooks from com.code_intelligence.jazzer.sanitizers.RegexRoadblocks
INFO: Loaded 18 hooks from com.code_intelligence.jazzer.sanitizers.ScriptEngineInjection
INFO: Loaded 2 hooks from com.code_intelligence.jazzer.sanitizers.ServerSideRequestForgery
INFO: Loaded 19 hooks from com.code_intelligence.jazzer.sanitizers.SqlInjection
INFO: Loaded 6 hooks from com.code_intelligence.jazzer.sanitizers.XPathInjection
INFO: Instrumented com.example.algorithm2.Algorithm2Test$Skip (took 129 ms, size +44%)
INFO: Instrumented com.example.algorithm2.Algorithm2Test (took 191 ms, size +27%)
INFO: New number of coverage counters: 1024
INFO: Instrumented com.google.gson.Gson (took 161 ms, size +10%)
INFO: Instrumented com.google.gson.TypeAdapter (took 10 ms, size +14%)
INFO: Instrumented com.google.gson.Gson$FutureTypeAdapter (took 5 ms, size +22%)
INFO: Instrumented com.google.gson.FieldNamingStrategy (took 1 ms, size +0%)
INFO: Instrumented com.google.gson.TypeAdapterFactory (took 0 ms, size +0%)
INFO: Instrumented com.google.gson.JsonElement (took 15 ms, size +19%)
INFO: Instrumented com.google.gson.JsonNull (took 5 ms, size +45%)
INFO: Instrumented com.google.gson.stream.JsonWriter (took 46 ms, size +22%)
INFO: Instrumented com.google.gson.internal.bind.JsonTreeWriter (took 27 ms, size +19%)
INFO: Instrumented com.google.gson.JsonIOException (took 12 ms, size +39%)
INFO: Instrumented com.google.gson.JsonParseException (took 8 ms, size +39%)
INFO: New number of coverage counters: 2048
INFO: Instrumented com.google.gson.Gson$3 (took 7 ms, size +21%)
INFO: Instrumented com.google.gson.Gson$1 (took 11 ms, size +20%)
INFO: Instrumented com.google.gson.Gson$2 (took 8 ms, size +20%)
INFO: Instrumented com.google.gson.JsonSyntaxException (took 9 ms, size +38%)
INFO: Instrumented com.google.gson.stream.JsonReader (took 88 ms, size +24%)
INFO: Instrumented com.google.gson.internal.bind.JsonTreeReader (took 53 ms, size +20%)
INFO: Instrumented com.google.gson.stream.MalformedJsonException (took 9 ms, size +36%)
INFO: Instrumented com.google.gson.reflect.TypeToken (took 20 ms, size +21%)
INFO: Instrumented com.google.gson.internal.$Gson$Preconditions (took 4 ms, size +45%)
INFO: New number of coverage counters: 4096
INFO: Instrumented com.google.gson.internal.$Gson$Types (took 30 ms, size +23%)
INFO: Instrumented com.google.gson.internal.Excluder (took 13 ms, size +20%)
INFO: Instrumented com.google.gson.internal.JsonReaderInternalAccess (took 3 ms, size +48%)
INFO: Instrumented com.google.gson.stream.JsonReader$1 (took 5 ms, size +37%)
[harness] target=com.google.gson.Gson factories=1 methods=20
INFO: Instrumented com.google.gson.internal.Excluder$1 (took 8 ms, size +22%)
INFO: Instrumented com.google.gson.FieldNamingPolicy (took 15 ms, size +22%)
INFO: Instrumented com.google.gson.FieldNamingPolicy$1 (took 6 ms, size +39%)
INFO: Instrumented com.google.gson.FieldNamingPolicy$2 (took 8 ms, size +35%)
INFO: Instrumented com.google.gson.FieldNamingPolicy$3 (took 4 ms, size +32%)
INFO: Instrumented com.google.gson.FieldNamingPolicy$4 (took 16 ms, size +30%)
INFO: Instrumented com.google.gson.FieldNamingPolicy$5 (took 11 ms, size +30%)
INFO: Instrumented com.google.gson.LongSerializationPolicy (took 4 ms, size +25%)
INFO: Instrumented com.google.gson.LongSerializationPolicy$1 (took 3 ms, size +38%)
INFO: Instrumented com.google.gson.LongSerializationPolicy$2 (took 4 ms, size +34%)
INFO: Instrumented com.google.gson.JsonPrimitive (took 18 ms, size +25%)
INFO: Instrumented com.google.gson.internal.ConstructorConstructor (took 7 ms, size +19%)
INFO: Instrumented com.google.gson.internal.ObjectConstructor (took 0 ms, size +0%)
INFO: Instrumented com.google.gson.internal.bind.TypeAdapters (took 6 ms, size +8%)
INFO: Instrumented com.google.gson.internal.bind.TypeAdapters$3 (took 6 ms, size +19%)
INFO: Instrumented com.google.gson.internal.bind.TypeAdapters$4 (took 3 ms, size +20%)
INFO: Instrumented com.google.gson.internal.bind.TypeAdapters$5 (took 3 ms, size +21%)
INFO: Instrumented com.google.gson.internal.bind.TypeAdapters$6 (took 4 ms, size +21%)
INFO: Instrumented com.google.gson.internal.bind.TypeAdapters$7 (took 5 ms, size +21%)
INFO: Instrumented com.google.gson.internal.bind.TypeAdapters$11 (took 4 ms, size +21%)
INFO: Instrumented com.google.gson.internal.bind.TypeAdapters$12 (took 3 ms, size +22%)
INFO: Instrumented com.google.gson.internal.bind.TypeAdapters$13 (took 4 ms, size +22%)
INFO: Instrumented com.google.gson.internal.bind.TypeAdapters$14 (took 3 ms, size +18%)
INFO: Instrumented com.google.gson.internal.bind.TypeAdapters$15 (took 6 ms, size +23%)
INFO: Instrumented com.google.gson.internal.bind.TypeAdapters$16 (took 5 ms, size +20%)
INFO: Instrumented com.google.gson.internal.bind.TypeAdapters$17 (took 4 ms, size +21%)
INFO: Instrumented com.google.gson.internal.bind.TypeAdapters$18 (took 4 ms, size +21%)
INFO: Instrumented com.google.gson.internal.bind.TypeAdapters$19 (took 4 ms, size +21%)
INFO: Instrumented com.google.gson.internal.bind.TypeAdapters$20 (took 4 ms, size +21%)
INFO: Instrumented com.google.gson.internal.bind.TypeAdapters$21 (took 5 ms, size +34%)
INFO: Instrumented com.google.gson.internal.bind.TypeAdapters$22 (took 4 ms, size +31%)
INFO: Instrumented com.google.gson.internal.bind.TypeAdapters$23 (took 6 ms, size +21%)
INFO: Instrumented com.google.gson.internal.bind.TypeAdapters$24 (took 4 ms, size +21%)
INFO: Instrumented com.google.gson.internal.bind.TypeAdapters$27 (took 10 ms, size +39%)
INFO: Instrumented com.google.gson.internal.bind.TypeAdapters$28 (took 4 ms, size +24%)
INFO: Instrumented com.google.gson.internal.bind.TypeAdapters$29 (took 5 ms, size +16%)
INFO: Instrumented com.google.gson.internal.bind.TypeAdapters$1 (took 2 ms, size +22%)
INFO: Instrumented com.google.gson.TypeAdapter$1 (took 3 ms, size +23%)
INFO: Instrumented com.google.gson.internal.bind.TypeAdapters$32 (took 2 ms, size +21%)
INFO: Instrumented com.google.gson.internal.bind.TypeAdapters$2 (took 4 ms, size +22%)
INFO: Instrumented com.google.gson.internal.bind.TypeAdapters$33 (took 2 ms, size +20%)
INFO: Instrumented com.google.gson.internal.bind.TypeAdapters$8 (took 3 ms, size +21%)
INFO: Instrumented com.google.gson.internal.bind.TypeAdapters$9 (took 3 ms, size +23%)
INFO: Instrumented com.google.gson.internal.bind.TypeAdapters$10 (took 4 ms, size +23%)
INFO: Instrumented com.google.gson.internal.LazilyParsedNumber (took 6 ms, size +37%)
INFO: Instrumented com.google.gson.internal.bind.TypeAdapters$35 (took 3 ms, size +23%)
INFO: Instrumented com.google.gson.internal.bind.TypeAdapters$35$1 (took 2 ms, size +24%)
INFO: Instrumented com.google.gson.internal.bind.TypeAdapters$25 (took 3 ms, size +23%)
INFO: Instrumented com.google.gson.internal.bind.TypeAdapters$26 (took 2 ms, size +23%)
INFO: Instrumented com.google.gson.internal.bind.TypeAdapters$26$1 (took 3 ms, size +21%)
INFO: Instrumented com.google.gson.internal.bind.TypeAdapters$34 (took 2 ms, size +20%)
INFO: Instrumented com.google.gson.JsonArray (took 15 ms, size +20%)
INFO: Instrumented com.google.gson.JsonObject (took 37 ms, size +25%)
INFO: Instrumented com.google.gson.internal.bind.TypeAdapters$30 (took 4 ms, size +31%)
INFO: Instrumented com.google.gson.internal.bind.TypeAdapters$EnumTypeAdapter (took 7 ms, size +22%)
INFO: Instrumented com.google.gson.internal.bind.ObjectTypeAdapter (took 4 ms, size +18%)
INFO: Instrumented com.google.gson.internal.bind.ObjectTypeAdapter$1 (took 2 ms, size +29%)
INFO: Instrumented com.google.gson.Gson$4 (took 4 ms, size +22%)
INFO: Instrumented com.google.gson.Gson$5 (took 4 ms, size +23%)
INFO: Instrumented com.google.gson.internal.bind.DateTypeAdapter (took 4 ms, size +16%)
INFO: Instrumented com.google.gson.internal.bind.DateTypeAdapter$1 (took 2 ms, size +29%)
INFO: Instrumented com.google.gson.internal.bind.TimeTypeAdapter (took 7 ms, size +18%)
INFO: Instrumented com.google.gson.internal.bind.TimeTypeAdapter$1 (took 2 ms, size +29%)
INFO: Instrumented com.google.gson.internal.bind.SqlDateTypeAdapter (took 15 ms, size +18%)
INFO: Instrumented com.google.gson.internal.bind.SqlDateTypeAdapter$1 (took 2 ms, size +29%)
INFO: Instrumented com.google.gson.internal.bind.ArrayTypeAdapter (took 3 ms, size +20%)
INFO: Instrumented com.google.gson.internal.bind.TypeAdapterRuntimeTypeWrapper (took 9 ms, size +20%)
INFO: Instrumented com.google.gson.internal.bind.ArrayTypeAdapter$1 (took 14 ms, size +26%)
INFO: Instrumented com.google.gson.internal.bind.CollectionTypeAdapterFactory (took 2 ms, size +19%)
INFO: Instrumented com.google.gson.internal.bind.CollectionTypeAdapterFactory$Adapter (took 7 ms, size +16%)
INFO: Instrumented com.google.gson.internal.bind.MapTypeAdapterFactory (took 5 ms, size +15%)
INFO: Instrumented com.google.gson.internal.bind.MapTypeAdapterFactory$Adapter (took 16 ms, size +14%)
INFO: Instrumented com.google.gson.internal.bind.JsonAdapterAnnotationTypeAdapterFactory (took 13 ms, size +16%)
INFO: Instrumented com.google.gson.internal.bind.TreeTypeAdapter (took 14 ms, size +12%)
INFO: Instrumented com.google.gson.internal.bind.ReflectiveTypeAdapterFactory (took 12 ms, size +11%)
INFO: New number of coverage counters: 8192
INFO: Instrumented com.google.gson.internal.bind.ReflectiveTypeAdapterFactory$Adapter (took 17 ms, size +21%)
INFO: Instrumented com.google.gson.internal.bind.ReflectiveTypeAdapterFactory$BoundField (took 3 ms, size +31%)
INFO: Instrumented com.google.gson.internal.bind.ReflectiveTypeAdapterFactory$1 (took 15 ms, size +19%)
INFO: found LLVMFuzzerCustomMutator (0x7475fdf72cd0). Disabling -len_control by default.
INFO: Running with entropic power schedule (0xFF, 100).
INFO: Seed: 3682235690
INFO: Loaded 5 modules   (8192 inline 8-bit counters): 512 [0x7476c0b37230, 0x7476c0b37430), 512 [0x7476c0b37430, 0x7476c0b37630), 1024 [0x7476c0b37630, 0x7476c0b37a30), 2048 [0x7476c0b37a30, 0x7476c0b38230), 4096 [0x7476c0b38230, 0x7476c0b39230), 
INFO: Loaded 5 PC tables (8192 PCs): 512 [0x7476c04ffa50,0x7476c0501a50), 512 [0x7476c062e930,0x7476c0630930), 1024 [0x7476c0ac5740,0x7476c0ac9740), 2048 [0x7476c0ae1440,0x7476c0ae9440), 4096 [0x7476c0cb1140,0x7476c0cc1140), 
INFO: using inputs from: /tmp/bugrun/gson_14.cTihL9/.cifuzz-corpus/com.example.algorithm2.Algorithm2Test/testParameterizedFuzzer
INFO: INFO:        0 files found in /tmp/bugrun/gson_14.cTihL9/.cifuzz-corpus/com.example.algorithm2.Algorithm2Test/testParameterizedFuzzer
INFO:        0 files found in /tmp/jazzer-java-seeds4068605419524055616
using inputs from: /tmp/jazzer-java-seeds4068605419524055616
INFO: -max_len is not provided; libFuzzer will not generate inputs larger than 4096 bytes
INFO: A corpus is not provided, starting from an empty corpus
#2	INITED cov: 215 ft: 215 corp: 1/1b exec/s: 0 rss: 829Mb
#4	NEW    cov: 215 ft: 217 corp: 2/4b lim: 4 exec/s: 0 rss: 829Mb L: 3/3 MS: 4 InsertByte-Custom-CrossOver-Custom-
#5	NEW    cov: 216 ft: 218 corp: 3/7b lim: 4 exec/s: 0 rss: 829Mb L: 3/3 MS: 2 ChangeBinInt-Custom-
INFO: Instrumented com.google.gson.internal.Streams (took 3 ms, size +23%)
INFO: Instrumented com.google.gson.internal.Streams$AppendableWriter (took 4 ms, size +26%)
INFO: Instrumented com.google.gson.internal.Streams$AppendableWriter$CurrentWrite (took 3 ms, size +33%)
MS: 6 CrossOver-Custom-EraseBytes-Custom-ChangeBit-Custom-; base unit: adc83b19e793491b1c6ea0fd8b46cd9f32e592fc
0x8,
\010
artifact_prefix='/tmp/bugrun/gson_14.cTihL9/'; Test unit written to /tmp/bugrun/gson_14.cTihL9/crash-8d883f1577ca8c334b7c6d75ccb71209d71ced13
Base64: CA==
Done 8 runs in 0 second(s)
DEDUP_TOKEN: 1cdb3ab61dcaba99
[ERROR] Tests run: 2, Failures: 0, Errors: 1, Skipped: 0, Time elapsed: 8.707 s <<< FAILURE! -- in com.example.algorithm2.Algorithm2Test
[ERROR] com.example.algorithm2.Algorithm2Test.testParameterizedFuzzer(FuzzedDataProvider)[2] -- Time elapsed: 0.379 s <<< ERROR!
java.lang.IllegalArgumentException: Expected a Class, ParameterizedType, or GenericArrayType, but <proxy:Type> is of type com.sun.proxy.$Proxy25
	at com.google.gson.internal.$Gson$Types.getRawType($Gson$Types.java:152)
	at com.google.gson.reflect.TypeToken.<init>(TypeToken.java:73)
	at com.google.gson.reflect.TypeToken.get(TypeToken.java:296)
	at com.google.gson.Gson.toJson(Gson.java:661)
	at com.google.gson.Gson.toJson(Gson.java:648)
	at java.base/jdk.internal.reflect.NativeMethodAccessorImpl.invoke0(Native Method)
	at java.base/jdk.internal.reflect.NativeMethodAccessorImpl.invoke(NativeMethodAccessorImpl.java:62)
	at java.base/jdk.internal.reflect.DelegatingMethodAccessorImpl.invoke(DelegatingMethodAccessorImpl.java:43)
	at java.base/java.lang.reflect.Method.invoke(Method.java:566)
	at com.example.algorithm2.Algorithm2Test.testParameterizedFuzzer(Algorithm2Test.java:226)

[INFO] 
[INFO] Results:
[INFO] 
[ERROR] Errors: 
[ERROR]   Algorithm2Test.testParameterizedFuzzer:226 » IllegalArgument Expected a Class, ParameterizedType, or GenericArrayType, but <proxy:Type> is of type com.sun.proxy.$Proxy25
[INFO] 
[ERROR] Tests run: 2, Failures: 0, Errors: 1, Skipped: 0
[INFO] 
[ERROR] 

Please refer to /tmp/bugrun/gson_14.cTihL9/target/surefire-reports for the individual test results.
Please refer to dump files (if any exist) [date].dump, [date]-jvmRun[N].dump and [date].dumpstream.
[INFO] 
[INFO] --- jacoco:0.8.11:report (default-cli) @ AlgorithmName2 ---
[INFO] Loading execution data file /tmp/bugrun/gson_14.cTihL9/target/jacoco.exec
[INFO] Analyzed bundle 'AlgorithmName2' with 157 classes
[INFO] ------------------------------------------------------------------------
[INFO] BUILD SUCCESS
[INFO] ------------------------------------------------------------------------
[INFO] Total time:  24.787 s
[INFO] Finished at: 2026-10-06T03:37:59+07:00
[INFO] ------------------------------------------------------------------------
