[INFO] Scanning for projects...
[INFO] 
[INFO] ---------------------< com.example:AlgorithmName2 >---------------------
[INFO] Building AlgorithmName2 1.0-SNAPSHOT
[INFO]   from pom.xml
[INFO] --------------------------------[ jar ]---------------------------------
[INFO] 
[INFO] --- jacoco:0.8.11:prepare-agent (default) @ AlgorithmName2 ---
[INFO] argLine set to -javaagent:/home/kanyaphak673380391-3/.m2/repository/org/jacoco/org.jacoco.agent/0.8.11/org.jacoco.agent-0.8.11-runtime.jar=destfile=/tmp/bugrun/jxpath_16.D84NCr/target/jacoco.exec
[INFO] 
[INFO] --- resources:3.4.0:resources (default-resources) @ AlgorithmName2 ---
[INFO] Copying 1 resource from src/main/resources to target/classes
[INFO] 
[INFO] --- compiler:3.15.0:compile (default-compile) @ AlgorithmName2 ---
[INFO] Recompiling the module because of changed source code.
[INFO] Compiling 1 source file with javac [debug target 1.8] to target/classes
[WARNING] bootstrap class path not set in conjunction with -source 8
[INFO] 
[INFO] --- dependency:3.6.0:unpack-dependencies (unpack-defects4j) @ AlgorithmName2 ---
[INFO] 
[INFO] --- resources:3.4.0:testResources (default-testResources) @ AlgorithmName2 ---
[INFO] skip non existing resourceDirectory /tmp/bugrun/jxpath_16.D84NCr/src/test/resources
[INFO] 
[INFO] --- compiler:3.15.0:testCompile (default-testCompile) @ AlgorithmName2 ---
[INFO] Recompiling the module because of changed dependency.
[INFO] Compiling 1 source file with javac [debug target 1.8] to target/test-classes
[WARNING] bootstrap class path not set in conjunction with -source 8
[INFO] 
[INFO] --- surefire:3.1.2:test (default-cli) @ AlgorithmName2 ---
[INFO] Using auto detected provider org.apache.maven.surefire.junitplatform.JUnitPlatformProvider
[INFO] 
[INFO] -------------------------------------------------------
[INFO]  T E S T S
[INFO] -------------------------------------------------------
[INFO] Running com.example.algorithm2.Algorithm2Test
OpenJDK 64-Bit Server VM warning: Sharing is only supported for boot loader classes because bootstrap classpath has been appended
INFO: Loaded 281 hooks from com.code_intelligence.jazzer.runtime.TraceCmpHooks
INFO: Loaded 5 hooks from com.code_intelligence.jazzer.runtime.TraceDivHooks
INFO: Loaded 2 hooks from com.code_intelligence.jazzer.runtime.TraceIndirHooks
INFO: Loaded 4 hooks from com.code_intelligence.jazzer.runtime.NativeLibHooks
INFO: Loaded 2 hooks from com.code_intelligence.jazzer.sanitizers.ClojureLangHooks
INFO: Loaded 5 hooks from com.code_intelligence.jazzer.sanitizers.Deserialization
INFO: Loaded 5 hooks from com.code_intelligence.jazzer.sanitizers.ExpressionLanguageInjection
INFO: Loaded 70 hooks from com.code_intelligence.jazzer.sanitizers.LdapInjection
INFO: Loaded 46 hooks from com.code_intelligence.jazzer.sanitizers.NamingContextLookup
INFO: Loaded 1 hooks from com.code_intelligence.jazzer.sanitizers.OsCommandInjection
INFO: Loaded 52 hooks from com.code_intelligence.jazzer.sanitizers.ReflectiveCall
INFO: Loaded 8 hooks from com.code_intelligence.jazzer.sanitizers.RegexInjection
INFO: Loaded 16 hooks from com.code_intelligence.jazzer.sanitizers.RegexRoadblocks
INFO: Loaded 18 hooks from com.code_intelligence.jazzer.sanitizers.ScriptEngineInjection
INFO: Loaded 2 hooks from com.code_intelligence.jazzer.sanitizers.ServerSideRequestForgery
INFO: Loaded 19 hooks from com.code_intelligence.jazzer.sanitizers.SqlInjection
INFO: Loaded 6 hooks from com.code_intelligence.jazzer.sanitizers.XPathInjection
INFO: Instrumented com.example.algorithm2.Algorithm2Test$Skip (took 288 ms, size +44%)
INFO: Instrumented com.example.algorithm2.Algorithm2Test (took 303 ms, size +27%)
INFO: Instrumented org.apache.commons.jxpath.JXPathContext (took 212 ms, size +12%)
INFO: Instrumented org.apache.commons.jxpath.Variables (took 1 ms, size +0%)
INFO: Instrumented org.apache.commons.jxpath.Functions (took 2 ms, size +0%)
INFO: Instrumented org.apache.commons.jxpath.JXPathException (took 56 ms, size +24%)
INFO: New number of coverage counters: 1024
INFO: Instrumented org.apache.commons.jxpath.PackageFunctions (took 77 ms, size +38%)
INFO: Instrumented org.apache.commons.jxpath.Function (took 7 ms, size +0%)
INFO: Instrumented org.apache.commons.jxpath.CompiledExpression (took 1 ms, size +0%)
INFO: Instrumented org.apache.commons.jxpath.AbstractFactory (took 8 ms, size +34%)
INFO: Instrumented org.apache.commons.jxpath.Pointer (took 3 ms, size +0%)
INFO: Instrumented org.apache.commons.jxpath.IdentityManager (took 1 ms, size +0%)
INFO: Instrumented org.apache.commons.jxpath.KeyManager (took 0 ms, size +0%)
INFO: Instrumented org.apache.commons.jxpath.NodeSet (took 0 ms, size +0%)
[harness] target=org.apache.commons.jxpath.JXPathContext factories=1 methods=41
INFO: Instrumented org.apache.commons.jxpath.JXPathContextFactory (took 25 ms, size +28%)
INFO: Instrumented org.apache.commons.jxpath.JXPathContextFactoryConfigurationError (took 26 ms, size +30%)
INFO: Instrumented org.apache.commons.jxpath.ri.JXPathContextFactoryReferenceImpl (took 13 ms, size +35%)
INFO: Instrumented org.apache.commons.jxpath.ri.JXPathContextReferenceImpl (took 163 ms, size +14%)
INFO: Instrumented org.apache.commons.jxpath.ri.Compiler (took 3 ms, size +0%)
INFO: Instrumented org.apache.commons.jxpath.JXPathNotFoundException (took 16 ms, size +47%)
INFO: Instrumented org.apache.commons.jxpath.JXPathTypeConversionException (took 7 ms, size +38%)
INFO: Instrumented org.apache.commons.jxpath.JXPathFunctionNotFoundException (took 4 ms, size +45%)
INFO: New number of coverage counters: 2048
INFO: Instrumented org.apache.commons.jxpath.ri.EvalContext (took 41 ms, size +26%)
INFO: Instrumented org.apache.commons.jxpath.ExpressionContext (took 1 ms, size +0%)
INFO: Instrumented org.apache.commons.jxpath.ri.axes.RootContext (took 61 ms, size +17%)
INFO: Instrumented org.apache.commons.jxpath.ri.axes.InitialContext (took 23 ms, size +34%)
INFO: Instrumented org.apache.commons.jxpath.JXPathInvalidSyntaxException (took 7 ms, size +46%)
INFO: Instrumented org.apache.commons.jxpath.ri.compiler.TreeCompiler (took 37 ms, size +12%)
INFO: Instrumented org.apache.commons.jxpath.ri.compiler.CoreOperationEqual (took 3 ms, size +39%)
INFO: Instrumented org.apache.commons.jxpath.ri.compiler.CoreOperationCompare (took 20 ms, size +27%)
INFO: Instrumented org.apache.commons.jxpath.ri.compiler.CoreOperation (took 12 ms, size +30%)
INFO: Instrumented org.apache.commons.jxpath.ri.compiler.Operation (took 9 ms, size +47%)
INFO: Instrumented org.apache.commons.jxpath.ri.compiler.Expression (took 12 ms, size +23%)
INFO: Instrumented org.apache.commons.jxpath.ri.compiler.NameAttributeTest (took 10 ms, size +33%)
INFO: Instrumented org.apache.commons.jxpath.ri.QName (took 10 ms, size +49%)
INFO: Instrumented org.apache.commons.jxpath.ri.model.beans.CollectionPointerFactory (took 8 ms, size +31%)
INFO: Instrumented org.apache.commons.jxpath.ri.model.NodePointerFactory (took 0 ms, size +0%)
INFO: Instrumented org.apache.commons.jxpath.ri.model.NodePointer (took 100 ms, size +17%)
INFO: Instrumented org.apache.commons.jxpath.ri.model.beans.CollectionPointer (took 30 ms, size +15%)
INFO: Instrumented org.apache.commons.jxpath.ri.model.beans.BeanPointerFactory (took 6 ms, size +19%)
INFO: Instrumented org.apache.commons.jxpath.ri.model.beans.NullPointer (took 16 ms, size +17%)
INFO: Instrumented org.apache.commons.jxpath.ri.model.beans.PropertyOwnerPointer (took 9 ms, size +19%)
INFO: Instrumented org.apache.commons.jxpath.ri.model.beans.BeanPointer (took 15 ms, size +28%)
INFO: Instrumented org.apache.commons.jxpath.ri.model.dynamic.DynamicPointerFactory (took 3 ms, size +22%)
INFO: Instrumented org.apache.commons.jxpath.ri.model.dynamic.DynamicPointer (took 30 ms, size +17%)
INFO: Instrumented org.apache.commons.jxpath.ri.model.VariablePointerFactory (took 32 ms, size +21%)
INFO: New number of coverage counters: 4096
INFO: Instrumented org.apache.commons.jxpath.ri.model.VariablePointer (took 43 ms, size +16%)
INFO: Instrumented org.apache.commons.jxpath.ri.model.dom.DOMPointerFactory (took 3 ms, size +32%)
INFO: Instrumented org.apache.commons.jxpath.ri.model.dom.DOMNodePointer (took 37 ms, size +27%)
INFO: Instrumented org.apache.commons.jxpath.ri.model.container.ContainerPointerFactory (took 3 ms, size +31%)
INFO: Instrumented org.apache.commons.jxpath.ri.model.container.ContainerPointer (took 9 ms, size +18%)
INFO: Instrumented org.apache.commons.jxpath.ri.JXPathContextReferenceImpl$1 (took 4 ms, size +35%)
INFO: Instrumented org.apache.commons.jxpath.util.ValueUtils (took 24 ms, size +25%)
INFO: Instrumented org.apache.commons.jxpath.Container (took 1 ms, size +0%)
INFO: Instrumented org.apache.commons.jxpath.JXPathIntrospector (took 54 ms, size +36%)
INFO: Instrumented org.apache.commons.jxpath.JXPathBeanInfo (took 0 ms, size +0%)
INFO: Instrumented org.apache.commons.jxpath.JXPathBasicBeanInfo (took 7 ms, size +24%)
INFO: Instrumented org.apache.commons.jxpath.MapDynamicPropertyHandler (took 12 ms, size +37%)
INFO: Instrumented org.apache.commons.jxpath.DynamicPropertyHandler (took 0 ms, size +0%)
INFO: Instrumented org.apache.commons.jxpath.ri.model.VariablePointerFactory$VariableContextWrapper (took 3 ms, size +29%)
INFO: Instrumented org.apache.commons.jxpath.JXPathInvalidAccessException (took 11 ms, size +39%)
INFO: Instrumented org.apache.commons.jxpath.ri.model.NodeIterator (took 0 ms, size +0%)
INFO: Instrumented org.apache.commons.jxpath.ri.model.beans.PropertyPointer (took 44 ms, size +21%)
INFO: Instrumented org.apache.commons.jxpath.ri.model.beans.BeanPropertyPointer (took 43 ms, size +19%)
INFO: Instrumented org.apache.commons.jxpath.ri.NamespaceResolver (took 29 ms, size +29%)
INFO: using inputs from: /tmp/bugrun/jxpath_16.D84NCr/.cifuzz-corpus/com.example.algorithm2.Algorithm2Test/testParameterizedFuzzer
INFO: using inputs from: /tmp/jazzer-java-seeds2496872846587522168
INFO: found LLVMFuzzerCustomMutator (0x799051370cd0). Disabling -len_control by default.
INFO: Running with entropic power schedule (0xFF, 100).
INFO: Seed: 3335640971
INFO: Loaded 4 modules   (4096 inline 8-bit counters): 512 [0x7990f0a8eb50, 0x7990f0a8ed50), 512 [0x7990f0a8ed50, 0x7990f0a8ef50), 1024 [0x7990f0a8ef50, 0x7990f0a8f350), 2048 [0x7990f0a8f350, 0x7990f0a8fb50), 
INFO: Loaded 4 PC tables (4096 PCs): 512 [0x7990f04f5060,0x7990f04f7060), 512 [0x7990f07447e0,0x7990f07467e0), 1024 [0x7990f0ba9b50,0x7990f0badb50), 2048 [0x7990f0bd61e0,0x7990f0bde1e0), 
INFO:        0 files found in /tmp/bugrun/jxpath_16.D84NCr/.cifuzz-corpus/com.example.algorithm2.Algorithm2Test/testParameterizedFuzzer
INFO:        0 files found in /tmp/jazzer-java-seeds2496872846587522168
INFO: -max_len is not provided; libFuzzer will not generate inputs larger than 4096 bytes
INFO: A corpus is not provided, starting from an empty corpus
INFO: Instrumented org.apache.commons.jxpath.ri.Parser (took 11 ms, size +23%)
INFO: Instrumented org.apache.commons.jxpath.ri.parser.TokenMgrError (took 20 ms, size +21%)
INFO: Instrumented org.apache.commons.jxpath.ri.parser.ParseException (took 32 ms, size +22%)
INFO: New number of coverage counters: 8192
INFO: Instrumented org.apache.commons.jxpath.ri.parser.XPathParser (took 297 ms, size +29%)
INFO: Instrumented org.apache.commons.jxpath.ri.parser.XPathParserConstants (took 2 ms, size +9%)
INFO: Instrumented org.apache.commons.jxpath.ri.parser.XPathParser$JJCalls (took 4 ms, size +45%)
INFO: Instrumented org.apache.commons.jxpath.ri.parser.SimpleCharStream (took 21 ms, size +18%)
#2	INITED cov: 340 ft: 340 corp: 1/1b exec/s: 0 rss: 1038Mb
#3	NEW    cov: 344 ft: 382 corp: 2/2b lim: 4 exec/s: 0 rss: 1038Mb L: 1/1 MS: 2 ShuffleBytes-Custom-
INFO: Instrumented org.apache.commons.jxpath.ri.parser.XPathParserTokenManager (took 67 ms, size +22%)
INFO: Instrumented org.apache.commons.jxpath.ri.parser.Token (took 2 ms, size +38%)
#4	NEW    cov: 345 ft: 393 corp: 3/3b lim: 4 exec/s: 0 rss: 1038Mb L: 1/1 MS: 2 ChangeBit-Custom-
#5	NEW    cov: 348 ft: 396 corp: 4/4b lim: 4 exec/s: 0 rss: 1038Mb L: 1/1 MS: 2 ChangeBit-Custom-
#8	NEW    cov: 353 ft: 401 corp: 5/5b lim: 4 exec/s: 0 rss: 1038Mb L: 1/1 MS: 6 CopyPart-Custom-CopyPart-Custom-ChangeByte-Custom-
#14	NEW    cov: 356 ft: 404 corp: 6/7b lim: 4 exec/s: 0 rss: 1038Mb L: 2/2 MS: 2 InsertByte-Custom-
#16	NEW    cov: 357 ft: 405 corp: 7/8b lim: 4 exec/s: 0 rss: 1038Mb L: 1/2 MS: 4 CrossOver-Custom-ChangeBit-Custom-
#17	REDUCE cov: 357 ft: 405 corp: 7/7b lim: 4 exec/s: 0 rss: 1038Mb L: 1/1 MS: 2 EraseBytes-Custom-
#19	NEW    cov: 358 ft: 406 corp: 8/8b lim: 4 exec/s: 0 rss: 1038Mb L: 1/1 MS: 4 ShuffleBytes-Custom-ChangeBit-Custom-
#20	NEW    cov: 360 ft: 408 corp: 9/9b lim: 4 exec/s: 0 rss: 1038Mb L: 1/1 MS: 2 ChangeByte-Custom-
#22	NEW    cov: 362 ft: 410 corp: 10/11b lim: 4 exec/s: 0 rss: 1039Mb L: 2/2 MS: 4 ShuffleBytes-Custom-InsertByte-Custom-
#27	NEW    cov: 363 ft: 411 corp: 11/14b lim: 4 exec/s: 0 rss: 1041Mb L: 3/3 MS: 10 ChangeBinInt-Custom-InsertByte-Custom-CopyPart-Custom-ChangeByte-Custom-ChangeByte-Custom-
#33	NEW    cov: 364 ft: 412 corp: 12/16b lim: 4 exec/s: 0 rss: 1043Mb L: 2/3 MS: 2 ChangeByte-Custom-
#43	NEW    cov: 388 ft: 436 corp: 13/18b lim: 4 exec/s: 0 rss: 1044Mb L: 2/3 MS: 10 InsertByte-Custom-ChangeBit-Custom-InsertByte-Custom-CrossOver-Custom-ShuffleBytes-Custom-
#45	NEW    cov: 398 ft: 453 corp: 14/19b lim: 4 exec/s: 0 rss: 1044Mb L: 1/3 MS: 4 EraseBytes-Custom-ChangeByte-Custom-
#46	NEW    cov: 399 ft: 454 corp: 15/20b lim: 4 exec/s: 0 rss: 1044Mb L: 1/3 MS: 2 ChangeBit-Custom-
#53	NEW    cov: 410 ft: 465 corp: 16/21b lim: 4 exec/s: 0 rss: 1044Mb L: 1/3 MS: 4 CopyPart-Custom-ChangeByte-Custom-
#66	NEW    cov: 416 ft: 471 corp: 17/24b lim: 4 exec/s: 0 rss: 1044Mb L: 3/3 MS: 6 InsertByte-Custom-ChangeBit-Custom-ChangeByte-Custom-
#73	NEW    cov: 417 ft: 472 corp: 18/25b lim: 4 exec/s: 0 rss: 1045Mb L: 1/3 MS: 4 ShuffleBytes-Custom-ChangeBit-Custom-
MS: 8 CopyPart-Custom-ShuffleBytes-Custom-ShuffleBytes-Custom-ChangeByte-Custom-; base unit: adc83b19e793491b1c6ea0fd8b46cd9f32e592fc
0x23,
#
artifact_prefix='/tmp/bugrun/jxpath_16.D84NCr/'; Test unit written to /tmp/bugrun/jxpath_16.D84NCr/crash-d08f88df745fa7950b104e4a707a31cfce7b5841
Base64: Iw==
Done 77 runs in 0 second(s)
DEDUP_TOKEN: 30367eb15bcaf5b8
[ERROR] Tests run: 2, Failures: 0, Errors: 1, Skipped: 0, Time elapsed: 13.08 s <<< FAILURE! -- in com.example.algorithm2.Algorithm2Test
[ERROR] com.example.algorithm2.Algorithm2Test.testParameterizedFuzzer(FuzzedDataProvider)[2] -- Time elapsed: 1.165 s <<< ERROR!
org.apache.commons.jxpath.JXPathException: Cannot find an element by key - no KeyManager has been specified
	at org.apache.commons.jxpath.JXPathContext.getNodeSetByKey(JXPathContext.java:814)
	at java.base/jdk.internal.reflect.NativeMethodAccessorImpl.invoke0(Native Method)
	at java.base/jdk.internal.reflect.NativeMethodAccessorImpl.invoke(NativeMethodAccessorImpl.java:62)
	at java.base/jdk.internal.reflect.DelegatingMethodAccessorImpl.invoke(DelegatingMethodAccessorImpl.java:43)
	at java.base/java.lang.reflect.Method.invoke(Method.java:566)
	at com.example.algorithm2.Algorithm2Test.testParameterizedFuzzer(Algorithm2Test.java:226)

[INFO] 
[INFO] Results:
[INFO] 
[ERROR] Errors: 
[ERROR]   Algorithm2Test.testParameterizedFuzzer:226 » JXPath Cannot find an element by key - no KeyManager has been specified
[INFO] 
[ERROR] Tests run: 2, Failures: 0, Errors: 1, Skipped: 0
[INFO] 
[ERROR] 

Please refer to /tmp/bugrun/jxpath_16.D84NCr/target/surefire-reports for the individual test results.
Please refer to dump files (if any exist) [date].dump, [date]-jvmRun[N].dump and [date].dumpstream.
[INFO] 
[INFO] --- jacoco:0.8.11:report (default-cli) @ AlgorithmName2 ---
[INFO] Loading execution data file /tmp/bugrun/jxpath_16.D84NCr/target/jacoco.exec
[INFO] Analyzed bundle 'AlgorithmName2' with 162 classes
[INFO] ------------------------------------------------------------------------
[INFO] BUILD SUCCESS
[INFO] ------------------------------------------------------------------------
[INFO] Total time:  28.493 s
[INFO] Finished at: 2026-10-06T04:43:47+07:00
[INFO] ------------------------------------------------------------------------
