[INFO] Scanning for projects...
[INFO] 
[INFO] ---------------------< com.example:AlgorithmName2 >---------------------
[INFO] Building AlgorithmName2 1.0-SNAPSHOT
[INFO]   from pom.xml
[INFO] --------------------------------[ jar ]---------------------------------
[INFO] 
[INFO] --- jacoco:0.8.11:prepare-agent (default) @ AlgorithmName2 ---
[INFO] argLine set to -javaagent:/home/kanyaphak673380391-3/.m2/repository/org/jacoco/org.jacoco.agent/0.8.11/org.jacoco.agent-0.8.11-runtime.jar=destfile=/tmp/bugrun/jxpath_6.D6Rszc/target/jacoco.exec
[INFO] 
[INFO] --- resources:3.4.0:resources (default-resources) @ AlgorithmName2 ---
[INFO] Copying 1 resource from src/main/resources to target/classes
[INFO] 
[INFO] --- compiler:3.15.0:compile (default-compile) @ AlgorithmName2 ---
[INFO] Recompiling the module because of changed source code.
[INFO] Compiling 1 source file with javac [debug target 1.8] to target/classes
[WARNING] bootstrap class path not set in conjunction with -source 8
[INFO] 
[INFO] --- dependency:3.6.0:unpack-dependencies (unpack-defects4j) @ AlgorithmName2 ---
[INFO] 
[INFO] --- resources:3.4.0:testResources (default-testResources) @ AlgorithmName2 ---
[INFO] skip non existing resourceDirectory /tmp/bugrun/jxpath_6.D6Rszc/src/test/resources
[INFO] 
[INFO] --- compiler:3.15.0:testCompile (default-testCompile) @ AlgorithmName2 ---
[INFO] Recompiling the module because of changed dependency.
[INFO] Compiling 1 source file with javac [debug target 1.8] to target/test-classes
[WARNING] bootstrap class path not set in conjunction with -source 8
[INFO] 
[INFO] --- surefire:3.1.2:test (default-cli) @ AlgorithmName2 ---
[INFO] Using auto detected provider org.apache.maven.surefire.junitplatform.JUnitPlatformProvider
[INFO] 
[INFO] -------------------------------------------------------
[INFO]  T E S T S
[INFO] -------------------------------------------------------
[INFO] Running com.example.algorithm2.Algorithm2Test
OpenJDK 64-Bit Server VM warning: Sharing is only supported for boot loader classes because bootstrap classpath has been appended
INFO: Loaded 281 hooks from com.code_intelligence.jazzer.runtime.TraceCmpHooks
INFO: Loaded 5 hooks from com.code_intelligence.jazzer.runtime.TraceDivHooks
INFO: Loaded 2 hooks from com.code_intelligence.jazzer.runtime.TraceIndirHooks
INFO: Loaded 4 hooks from com.code_intelligence.jazzer.runtime.NativeLibHooks
INFO: Loaded 2 hooks from com.code_intelligence.jazzer.sanitizers.ClojureLangHooks
INFO: Loaded 5 hooks from com.code_intelligence.jazzer.sanitizers.Deserialization
INFO: Loaded 5 hooks from com.code_intelligence.jazzer.sanitizers.ExpressionLanguageInjection
INFO: Loaded 70 hooks from com.code_intelligence.jazzer.sanitizers.LdapInjection
INFO: Loaded 46 hooks from com.code_intelligence.jazzer.sanitizers.NamingContextLookup
INFO: Loaded 1 hooks from com.code_intelligence.jazzer.sanitizers.OsCommandInjection
INFO: Loaded 52 hooks from com.code_intelligence.jazzer.sanitizers.ReflectiveCall
INFO: Loaded 8 hooks from com.code_intelligence.jazzer.sanitizers.RegexInjection
INFO: Loaded 16 hooks from com.code_intelligence.jazzer.sanitizers.RegexRoadblocks
INFO: Loaded 18 hooks from com.code_intelligence.jazzer.sanitizers.ScriptEngineInjection
INFO: Loaded 2 hooks from com.code_intelligence.jazzer.sanitizers.ServerSideRequestForgery
INFO: Loaded 19 hooks from com.code_intelligence.jazzer.sanitizers.SqlInjection
INFO: Loaded 6 hooks from com.code_intelligence.jazzer.sanitizers.XPathInjection
INFO: Instrumented com.example.algorithm2.Algorithm2Test$Skip (took 831 ms, size +44%)
INFO: Instrumented com.example.algorithm2.Algorithm2Test (took 504 ms, size +27%)
INFO: Instrumented org.apache.commons.jxpath.JXPathContext (took 355 ms, size +12%)
INFO: Instrumented org.apache.commons.jxpath.Variables (took 8 ms, size +0%)
INFO: Instrumented org.apache.commons.jxpath.Functions (took 17 ms, size +0%)
INFO: Instrumented org.apache.commons.jxpath.JXPathException (took 51 ms, size +24%)
INFO: New number of coverage counters: 1024
INFO: Instrumented org.apache.commons.jxpath.PackageFunctions (took 121 ms, size +38%)
INFO: Instrumented org.apache.commons.jxpath.Function (took 1 ms, size +0%)
INFO: Instrumented org.apache.commons.jxpath.CompiledExpression (took 1 ms, size +0%)
INFO: Instrumented org.apache.commons.jxpath.AbstractFactory (took 42 ms, size +34%)
INFO: Instrumented org.apache.commons.jxpath.Pointer (took 1 ms, size +0%)
INFO: Instrumented org.apache.commons.jxpath.IdentityManager (took 1 ms, size +0%)
INFO: Instrumented org.apache.commons.jxpath.KeyManager (took 0 ms, size +0%)
INFO: Instrumented org.apache.commons.jxpath.NodeSet (took 22 ms, size +0%)
[harness] target=org.apache.commons.jxpath.JXPathContext factories=1 methods=41
INFO: Instrumented org.apache.commons.jxpath.JXPathContextFactory (took 54 ms, size +28%)
INFO: Instrumented org.apache.commons.jxpath.JXPathContextFactoryConfigurationError (took 55 ms, size +30%)
INFO: Instrumented org.apache.commons.jxpath.ri.JXPathContextFactoryReferenceImpl (took 34 ms, size +33%)
INFO: Instrumented org.apache.commons.jxpath.ri.JXPathContextReferenceImpl (took 285 ms, size +14%)
INFO: Instrumented org.apache.commons.jxpath.ri.Compiler (took 10 ms, size +0%)
INFO: Instrumented org.apache.commons.jxpath.JXPathNotFoundException (took 11 ms, size +47%)
INFO: Instrumented org.apache.commons.jxpath.JXPathTypeConversionException (took 19 ms, size +38%)
INFO: Instrumented org.apache.commons.jxpath.JXPathFunctionNotFoundException (took 21 ms, size +45%)
INFO: New number of coverage counters: 2048
INFO: Instrumented org.apache.commons.jxpath.ri.EvalContext (took 132 ms, size +25%)
INFO: Instrumented org.apache.commons.jxpath.ExpressionContext (took 7 ms, size +0%)
INFO: Instrumented org.apache.commons.jxpath.ri.axes.RootContext (took 122 ms, size +17%)
INFO: Instrumented org.apache.commons.jxpath.ri.axes.InitialContext (took 31 ms, size +34%)
INFO: Instrumented org.apache.commons.jxpath.JXPathInvalidSyntaxException (took 20 ms, size +46%)
INFO: Instrumented org.apache.commons.jxpath.ri.model.NodePointer (took 397 ms, size +17%)
INFO: Instrumented org.apache.commons.jxpath.ri.model.VariablePointer (took 154 ms, size +16%)
INFO: Instrumented org.apache.commons.jxpath.ri.compiler.TreeCompiler (took 162 ms, size +12%)
INFO: Instrumented org.apache.commons.jxpath.ri.compiler.CoreOperationEqual (took 42 ms, size +30%)
INFO: Instrumented org.apache.commons.jxpath.ri.compiler.CoreOperationCompare (took 65 ms, size +38%)
INFO: Instrumented org.apache.commons.jxpath.ri.compiler.CoreOperation (took 99 ms, size +30%)
INFO: Instrumented org.apache.commons.jxpath.ri.compiler.Operation (took 16 ms, size +47%)
INFO: Instrumented org.apache.commons.jxpath.ri.compiler.Expression (took 18 ms, size +23%)
INFO: Instrumented org.apache.commons.jxpath.ri.compiler.NameAttributeTest (took 8 ms, size +33%)
INFO: Instrumented org.apache.commons.jxpath.ri.QName (took 15 ms, size +49%)
INFO: Instrumented org.apache.commons.jxpath.ri.model.beans.CollectionPointerFactory (took 8 ms, size +31%)
INFO: Instrumented org.apache.commons.jxpath.ri.model.NodePointerFactory (took 0 ms, size +0%)
INFO: Instrumented org.apache.commons.jxpath.ri.model.beans.CollectionPointer (took 45 ms, size +15%)
INFO: Instrumented org.apache.commons.jxpath.ri.model.beans.BeanPointerFactory (took 11 ms, size +19%)
INFO: Instrumented org.apache.commons.jxpath.ri.model.beans.NullPointer (took 42 ms, size +17%)
INFO: New number of coverage counters: 4096
INFO: Instrumented org.apache.commons.jxpath.ri.model.beans.PropertyOwnerPointer (took 90 ms, size +19%)
INFO: Instrumented org.apache.commons.jxpath.ri.model.beans.BeanPointer (took 120 ms, size +28%)
INFO: Instrumented org.apache.commons.jxpath.ri.model.dynamic.DynamicPointerFactory (took 44 ms, size +22%)
INFO: Instrumented org.apache.commons.jxpath.ri.model.dynamic.DynamicPointer (took 44 ms, size +17%)
INFO: Instrumented org.apache.commons.jxpath.ri.model.dom.DOMPointerFactory (took 36 ms, size +32%)
INFO: Instrumented org.apache.commons.jxpath.ri.model.dom.DOMNodePointer (took 124 ms, size +27%)
INFO: Instrumented org.apache.commons.jxpath.ri.model.container.ContainerPointerFactory (took 3 ms, size +31%)
INFO: Instrumented org.apache.commons.jxpath.ri.model.container.ContainerPointer (took 10 ms, size +18%)
INFO: Instrumented org.apache.commons.jxpath.ri.JXPathContextReferenceImpl$1 (took 6 ms, size +35%)
INFO: Instrumented org.apache.commons.jxpath.util.ValueUtils (took 14 ms, size +25%)
INFO: Instrumented org.apache.commons.jxpath.Container (took 0 ms, size +0%)
INFO: Instrumented org.apache.commons.jxpath.JXPathIntrospector (took 5 ms, size +36%)
INFO: Instrumented org.apache.commons.jxpath.JXPathBeanInfo (took 0 ms, size +0%)
INFO: Instrumented org.apache.commons.jxpath.JXPathBasicBeanInfo (took 20 ms, size +24%)
INFO: Instrumented org.apache.commons.jxpath.MapDynamicPropertyHandler (took 4 ms, size +37%)
INFO: Instrumented org.apache.commons.jxpath.DynamicPropertyHandler (took 0 ms, size +0%)
INFO: Instrumented org.apache.commons.jxpath.JXPathInvalidAccessException (took 13 ms, size +39%)
INFO: Instrumented org.apache.commons.jxpath.ri.model.NodeIterator (took 0 ms, size +0%)
INFO: Instrumented org.apache.commons.jxpath.ri.model.beans.PropertyPointer (took 21 ms, size +21%)
INFO: Instrumented org.apache.commons.jxpath.ri.model.beans.BeanPropertyPointer (took 77 ms, size +19%)
INFO: Instrumented org.apache.commons.jxpath.ri.NamespaceResolver (took 57 ms, size +29%)
INFO: found LLVMFuzzerCustomMutator (0x7016b4a6acd0). Disabling -len_control by default.
INFO: Running with entropic power schedule (0xFF, 100).
INFO: Seed: 1747309636
INFO: Loaded 4 modules   (4096 inline 8-bit counters): 512 [0x701744a29f00, 0x701744a2a100), 512 [0x701744a2a100, 0x701744a2a300), 1024 [0x701744a2a300, 0x701744a2a700), 2048 [0x701744a2a700, 0x701744a2af00), 
INFO: Loaded 4 PC tables (4096 PCs): 512 [0x7017449b8850,0x7017449ba850), 512 [0x70174497e310,0x701744980310), 1024 [0x701744bdab50,0x701744bdeb50), 2048 [0x701744c05360,0x701744c0d360), 
INFO:        0 files found in /tmp/bugrun/jxpath_6.D6Rszc/.cifuzz-corpus/com.example.algorithm2.Algorithm2Test/testParameterizedFuzzer
INFO:        0 files found in /tmp/jazzer-java-seeds58180882660446479
INFO: -max_len is not provided; libFuzzer will not generate inputs larger than 4096 bytes
INFO: A corpus is not provided, starting from an empty corpus
INFO: using inputs from: /tmp/bugrun/jxpath_6.D6Rszc/.cifuzz-corpus/com.example.algorithm2.Algorithm2Test/testParameterizedFuzzer
INFO: using inputs from: /tmp/jazzer-java-seeds58180882660446479
INFO: Instrumented org.apache.commons.jxpath.ri.Parser (took 9 ms, size +23%)
INFO: Instrumented org.apache.commons.jxpath.ri.parser.TokenMgrError (took 19 ms, size +21%)
INFO: Instrumented org.apache.commons.jxpath.ri.parser.ParseException (took 10 ms, size +22%)
INFO: New number of coverage counters: 8192
INFO: Instrumented org.apache.commons.jxpath.ri.parser.XPathParser (took 216 ms, size +29%)
INFO: Instrumented org.apache.commons.jxpath.ri.parser.XPathParserConstants (took 2 ms, size +9%)
INFO: Instrumented org.apache.commons.jxpath.ri.parser.XPathParser$JJCalls (took 6 ms, size +45%)
INFO: Instrumented org.apache.commons.jxpath.ri.parser.SimpleCharStream (took 38 ms, size +18%)
#2	INITED cov: 337 ft: 337 corp: 1/1b exec/s: 0 rss: 1316Mb
#3	NEW    cov: 341 ft: 379 corp: 2/2b lim: 4 exec/s: 0 rss: 1316Mb L: 1/1 MS: 2 ShuffleBytes-Custom-
#4	NEW    cov: 342 ft: 383 corp: 3/3b lim: 4 exec/s: 0 rss: 1316Mb L: 1/1 MS: 2 ChangeBit-Custom-
#5	NEW    cov: 350 ft: 391 corp: 4/4b lim: 4 exec/s: 0 rss: 1316Mb L: 1/1 MS: 2 ChangeByte-Custom-
#8	NEW    cov: 352 ft: 393 corp: 5/7b lim: 4 exec/s: 0 rss: 1316Mb L: 3/3 MS: 6 ShuffleBytes-Custom-CrossOver-Custom-InsertByte-Custom-
#9	NEW    cov: 353 ft: 394 corp: 6/9b lim: 4 exec/s: 0 rss: 1316Mb L: 2/3 MS: 2 InsertByte-Custom-
#10	NEW    cov: 354 ft: 395 corp: 7/11b lim: 4 exec/s: 0 rss: 1316Mb L: 2/3 MS: 2 InsertByte-Custom-
INFO: Instrumented org.apache.commons.jxpath.ri.parser.XPathParserTokenManager (took 98 ms, size +22%)
INFO: Instrumented org.apache.commons.jxpath.ri.parser.Token (took 3 ms, size +38%)
MS: 4 EraseBytes-Custom-ChangeByte-Custom-; base unit: b1e1a64dccb03f9a1c3a7aa5da44ef26c51f047f
0xec,
\354
artifact_prefix='/tmp/bugrun/jxpath_6.D6Rszc/'; Test unit written to /tmp/bugrun/jxpath_6.D6Rszc/crash-0ad052dd9f32405521e43c6ebdc52f5a025493b2
Base64: 7A==
Done 12 runs in 0 second(s)
DEDUP_TOKEN: 02e479c510361312
[ERROR] Tests run: 2, Failures: 0, Errors: 1, Skipped: 0, Time elapsed: 22.40 s <<< FAILURE! -- in com.example.algorithm2.Algorithm2Test
[ERROR] com.example.algorithm2.Algorithm2Test.testParameterizedFuzzer(FuzzedDataProvider)[2] -- Time elapsed: 0.985 s <<< ERROR!
org.apache.commons.jxpath.JXPathException: Cannot find an element by ID - no IdentityManager has been specified
	at org.apache.commons.jxpath.JXPathContext.getPointerByID(JXPathContext.java:766)
	at java.base/jdk.internal.reflect.NativeMethodAccessorImpl.invoke0(Native Method)
	at java.base/jdk.internal.reflect.NativeMethodAccessorImpl.invoke(NativeMethodAccessorImpl.java:62)
	at java.base/jdk.internal.reflect.DelegatingMethodAccessorImpl.invoke(DelegatingMethodAccessorImpl.java:43)
	at java.base/java.lang.reflect.Method.invoke(Method.java:566)
	at com.example.algorithm2.Algorithm2Test.testParameterizedFuzzer(Algorithm2Test.java:226)

[INFO] 
[INFO] Results:
[INFO] 
[ERROR] Errors: 
[ERROR]   Algorithm2Test.testParameterizedFuzzer:226 » JXPath Cannot find an element by ID - no IdentityManager has been specified
[INFO] 
[ERROR] Tests run: 2, Failures: 0, Errors: 1, Skipped: 0
[INFO] 
[ERROR] 

Please refer to /tmp/bugrun/jxpath_6.D6Rszc/target/surefire-reports for the individual test results.
Please refer to dump files (if any exist) [date].dump, [date]-jvmRun[N].dump and [date].dumpstream.
[INFO] 
[INFO] --- jacoco:0.8.11:report (default-cli) @ AlgorithmName2 ---
[INFO] Loading execution data file /tmp/bugrun/jxpath_6.D6Rszc/target/jacoco.exec
[INFO] Analyzed bundle 'AlgorithmName2' with 159 classes
[INFO] ------------------------------------------------------------------------
[INFO] BUILD SUCCESS
[INFO] ------------------------------------------------------------------------
[INFO] Total time:  43.260 s
[INFO] Finished at: 2026-10-06T03:05:45+07:00
[INFO] ------------------------------------------------------------------------
