[INFO] Scanning for projects...
[INFO] 
[INFO] ---------------------< com.example:AlgorithmName2 >---------------------
[INFO] Building AlgorithmName2 1.0-SNAPSHOT
[INFO]   from pom.xml
[INFO] --------------------------------[ jar ]---------------------------------
[INFO] 
[INFO] --- jacoco:0.8.11:prepare-agent (default) @ AlgorithmName2 ---
[INFO] argLine set to -javaagent:/home/kanyaphak673380391-3/.m2/repository/org/jacoco/org.jacoco.agent/0.8.11/org.jacoco.agent-0.8.11-runtime.jar=destfile=/tmp/bugrun/gson_10.Aj89yY/target/jacoco.exec
[INFO] 
[INFO] --- resources:3.4.0:resources (default-resources) @ AlgorithmName2 ---
[INFO] Copying 1 resource from src/main/resources to target/classes
[INFO] 
[INFO] --- compiler:3.15.0:compile (default-compile) @ AlgorithmName2 ---
[INFO] Recompiling the module because of changed source code.
[INFO] Compiling 1 source file with javac [debug target 1.8] to target/classes
[WARNING] bootstrap class path not set in conjunction with -source 8
[INFO] 
[INFO] --- dependency:3.6.0:unpack-dependencies (unpack-defects4j) @ AlgorithmName2 ---
[INFO] 
[INFO] --- resources:3.4.0:testResources (default-testResources) @ AlgorithmName2 ---
[INFO] skip non existing resourceDirectory /tmp/bugrun/gson_10.Aj89yY/src/test/resources
[INFO] 
[INFO] --- compiler:3.15.0:testCompile (default-testCompile) @ AlgorithmName2 ---
[INFO] Recompiling the module because of changed dependency.
[INFO] Compiling 1 source file with javac [debug target 1.8] to target/test-classes
[WARNING] bootstrap class path not set in conjunction with -source 8
[INFO] 
[INFO] --- surefire:3.1.2:test (default-cli) @ AlgorithmName2 ---
[INFO] Using auto detected provider org.apache.maven.surefire.junitplatform.JUnitPlatformProvider
[INFO] 
[INFO] -------------------------------------------------------
[INFO]  T E S T S
[INFO] -------------------------------------------------------
[INFO] Running com.example.algorithm2.Algorithm2Test
OpenJDK 64-Bit Server VM warning: Sharing is only supported for boot loader classes because bootstrap classpath has been appended
INFO: Loaded 288 hooks from com.code_intelligence.jazzer.runtime.TraceCmpHooks
INFO: Loaded 5 hooks from com.code_intelligence.jazzer.runtime.TraceDivHooks
INFO: Loaded 2 hooks from com.code_intelligence.jazzer.runtime.TraceIndirHooks
INFO: Loaded 4 hooks from com.code_intelligence.jazzer.runtime.NativeLibHooks
INFO: Loaded 2 hooks from com.code_intelligence.jazzer.sanitizers.ClojureLangHooks
INFO: Loaded 5 hooks from com.code_intelligence.jazzer.sanitizers.Deserialization
INFO: Loaded 5 hooks from com.code_intelligence.jazzer.sanitizers.ExpressionLanguageInjection
INFO: Loaded 70 hooks from com.code_intelligence.jazzer.sanitizers.LdapInjection
INFO: Loaded 46 hooks from com.code_intelligence.jazzer.sanitizers.NamingContextLookup
INFO: Loaded 1 hooks from com.code_intelligence.jazzer.sanitizers.OsCommandInjection
INFO: Loaded 52 hooks from com.code_intelligence.jazzer.sanitizers.ReflectiveCall
INFO: Loaded 8 hooks from com.code_intelligence.jazzer.sanitizers.RegexInjection
INFO: Loaded 16 hooks from com.code_intelligence.jazzer.sanitizers.RegexRoadblocks
INFO: Loaded 18 hooks from com.code_intelligence.jazzer.sanitizers.ScriptEngineInjection
INFO: Loaded 2 hooks from com.code_intelligence.jazzer.sanitizers.ServerSideRequestForgery
INFO: Loaded 19 hooks from com.code_intelligence.jazzer.sanitizers.SqlInjection
INFO: Loaded 6 hooks from com.code_intelligence.jazzer.sanitizers.XPathInjection
INFO: Instrumented com.example.algorithm2.Algorithm2Test$Skip (took 259 ms, size +44%)
INFO: Instrumented com.example.algorithm2.Algorithm2Test (took 182 ms, size +27%)
INFO: New number of coverage counters: 1024
INFO: Instrumented com.google.gson.Gson (took 343 ms, size +10%)
INFO: Instrumented com.google.gson.TypeAdapter (took 39 ms, size +14%)
INFO: Instrumented com.google.gson.Gson$FutureTypeAdapter (took 15 ms, size +22%)
INFO: Instrumented com.google.gson.FieldNamingStrategy (took 1 ms, size +0%)
INFO: Instrumented com.google.gson.reflect.TypeToken (took 108 ms, size +22%)
INFO: Instrumented com.google.gson.Gson$1 (took 6 ms, size +49%)
INFO: Instrumented com.google.gson.Gson$4 (took 10 ms, size +21%)
INFO: Instrumented com.google.gson.Gson$2 (took 18 ms, size +20%)
INFO: Instrumented com.google.gson.Gson$3 (took 6 ms, size +20%)
INFO: Instrumented com.google.gson.stream.JsonWriter (took 121 ms, size +22%)
INFO: New number of coverage counters: 2048
INFO: Instrumented com.google.gson.internal.bind.JsonTreeWriter (took 59 ms, size +19%)
INFO: Instrumented com.google.gson.JsonElement (took 40 ms, size +19%)
INFO: Instrumented com.google.gson.JsonNull (took 38 ms, size +45%)
INFO: Instrumented com.google.gson.JsonIOException (took 22 ms, size +39%)
INFO: Instrumented com.google.gson.JsonParseException (took 12 ms, size +39%)
INFO: Instrumented com.google.gson.JsonSyntaxException (took 9 ms, size +38%)
INFO: Instrumented com.google.gson.stream.JsonReader (took 59 ms, size +24%)
INFO: Instrumented com.google.gson.internal.bind.JsonTreeReader (took 24 ms, size +19%)
INFO: Instrumented com.google.gson.stream.MalformedJsonException (took 3 ms, size +36%)
INFO: Instrumented com.google.gson.internal.$Gson$Types (took 45 ms, size +23%)
INFO: Instrumented com.google.gson.TypeAdapterFactory (took 4 ms, size +0%)
INFO: New number of coverage counters: 4096
INFO: Instrumented com.google.gson.internal.Excluder (took 20 ms, size +20%)
INFO: Instrumented com.google.gson.internal.JsonReaderInternalAccess (took 2 ms, size +48%)
INFO: Instrumented com.google.gson.stream.JsonReader$1 (took 5 ms, size +34%)
[harness] target=com.google.gson.Gson factories=1 methods=20
INFO: Instrumented com.google.gson.internal.Excluder$1 (took 6 ms, size +22%)
INFO: Instrumented com.google.gson.FieldNamingPolicy (took 7 ms, size +22%)
INFO: Instrumented com.google.gson.FieldNamingPolicy$1 (took 5 ms, size +39%)
INFO: Instrumented com.google.gson.FieldNamingPolicy$2 (took 3 ms, size +35%)
INFO: Instrumented com.google.gson.FieldNamingPolicy$3 (took 5 ms, size +32%)
INFO: Instrumented com.google.gson.FieldNamingPolicy$4 (took 15 ms, size +30%)
INFO: Instrumented com.google.gson.FieldNamingPolicy$5 (took 37 ms, size +30%)
INFO: Instrumented com.google.gson.LongSerializationPolicy (took 13 ms, size +25%)
INFO: Instrumented com.google.gson.LongSerializationPolicy$1 (took 8 ms, size +38%)
INFO: Instrumented com.google.gson.LongSerializationPolicy$2 (took 7 ms, size +34%)
INFO: Instrumented com.google.gson.JsonPrimitive (took 62 ms, size +25%)
INFO: Instrumented com.google.gson.internal.ConstructorConstructor (took 16 ms, size +19%)
INFO: Instrumented com.google.gson.internal.ObjectConstructor (took 0 ms, size +0%)
INFO: Instrumented com.google.gson.internal.bind.TypeAdapters (took 11 ms, size +8%)
INFO: Instrumented com.google.gson.internal.bind.TypeAdapters$1 (took 7 ms, size +19%)
INFO: Instrumented com.google.gson.internal.bind.TypeAdapters$2 (took 16 ms, size +22%)
INFO: Instrumented com.google.gson.internal.bind.TypeAdapters$3 (took 4 ms, size +19%)
INFO: Instrumented com.google.gson.internal.bind.TypeAdapters$4 (took 4 ms, size +20%)
INFO: Instrumented com.google.gson.internal.bind.TypeAdapters$5 (took 4 ms, size +21%)
INFO: Instrumented com.google.gson.internal.bind.TypeAdapters$6 (took 6 ms, size +21%)
INFO: Instrumented com.google.gson.internal.bind.TypeAdapters$7 (took 4 ms, size +21%)
INFO: Instrumented com.google.gson.internal.bind.TypeAdapters$11 (took 4 ms, size +21%)
INFO: Instrumented com.google.gson.internal.bind.TypeAdapters$12 (took 4 ms, size +22%)
INFO: Instrumented com.google.gson.internal.bind.TypeAdapters$13 (took 3 ms, size +22%)
INFO: Instrumented com.google.gson.internal.bind.TypeAdapters$14 (took 5 ms, size +18%)
INFO: Instrumented com.google.gson.internal.bind.TypeAdapters$15 (took 3 ms, size +23%)
INFO: Instrumented com.google.gson.internal.bind.TypeAdapters$16 (took 13 ms, size +20%)
INFO: Instrumented com.google.gson.internal.bind.TypeAdapters$17 (took 11 ms, size +21%)
INFO: Instrumented com.google.gson.internal.bind.TypeAdapters$18 (took 4 ms, size +21%)
INFO: Instrumented com.google.gson.internal.bind.TypeAdapters$19 (took 3 ms, size +21%)
INFO: Instrumented com.google.gson.internal.bind.TypeAdapters$20 (took 3 ms, size +21%)
INFO: Instrumented com.google.gson.internal.bind.TypeAdapters$21 (took 5 ms, size +34%)
INFO: Instrumented com.google.gson.internal.bind.TypeAdapters$22 (took 4 ms, size +31%)
INFO: Instrumented com.google.gson.internal.bind.TypeAdapters$23 (took 3 ms, size +21%)
INFO: Instrumented com.google.gson.internal.bind.TypeAdapters$24 (took 3 ms, size +21%)
INFO: Instrumented com.google.gson.internal.bind.TypeAdapters$27 (took 5 ms, size +39%)
INFO: Instrumented com.google.gson.internal.bind.TypeAdapters$28 (took 23 ms, size +24%)
INFO: Instrumented com.google.gson.internal.bind.TypeAdapters$29 (took 10 ms, size +16%)
INFO: Instrumented com.google.gson.TypeAdapter$1 (took 4 ms, size +23%)
INFO: Instrumented com.google.gson.internal.bind.TypeAdapters$32 (took 2 ms, size +21%)
INFO: Instrumented com.google.gson.internal.bind.TypeAdapters$33 (took 3 ms, size +20%)
INFO: Instrumented com.google.gson.internal.bind.TypeAdapters$8 (took 5 ms, size +21%)
INFO: Instrumented com.google.gson.internal.bind.TypeAdapters$9 (took 3 ms, size +23%)
INFO: Instrumented com.google.gson.internal.bind.TypeAdapters$10 (took 5 ms, size +23%)
INFO: Instrumented com.google.gson.internal.LazilyParsedNumber (took 5 ms, size +37%)
INFO: Instrumented com.google.gson.internal.bind.TypeAdapters$35 (took 5 ms, size +23%)
INFO: Instrumented com.google.gson.internal.bind.TypeAdapters$35$1 (took 4 ms, size +24%)
INFO: Instrumented com.google.gson.internal.bind.TypeAdapters$25 (took 3 ms, size +23%)
INFO: Instrumented com.google.gson.internal.bind.TypeAdapters$26 (took 3 ms, size +23%)
INFO: Instrumented com.google.gson.internal.bind.TypeAdapters$26$1 (took 6 ms, size +21%)
INFO: Instrumented com.google.gson.internal.bind.TypeAdapters$34 (took 6 ms, size +20%)
INFO: Instrumented com.google.gson.JsonArray (took 18 ms, size +20%)
INFO: Instrumented com.google.gson.JsonObject (took 24 ms, size +26%)
INFO: Instrumented com.google.gson.internal.bind.TypeAdapters$30 (took 8 ms, size +31%)
INFO: Instrumented com.google.gson.internal.bind.TypeAdapters$EnumTypeAdapter (took 8 ms, size +22%)
INFO: Instrumented com.google.gson.internal.bind.ObjectTypeAdapter (took 3 ms, size +18%)
INFO: Instrumented com.google.gson.internal.bind.ObjectTypeAdapter$1 (took 2 ms, size +29%)
INFO: Instrumented com.google.gson.Gson$5 (took 3 ms, size +22%)
INFO: Instrumented com.google.gson.Gson$6 (took 4 ms, size +23%)
INFO: Instrumented com.google.gson.internal.bind.DateTypeAdapter (took 9 ms, size +16%)
INFO: Instrumented com.google.gson.internal.bind.DateTypeAdapter$1 (took 2 ms, size +29%)
INFO: Instrumented com.google.gson.internal.bind.TimeTypeAdapter (took 6 ms, size +18%)
INFO: Instrumented com.google.gson.internal.bind.TimeTypeAdapter$1 (took 2 ms, size +29%)
INFO: Instrumented com.google.gson.internal.bind.SqlDateTypeAdapter (took 3 ms, size +18%)
INFO: Instrumented com.google.gson.internal.bind.SqlDateTypeAdapter$1 (took 2 ms, size +29%)
INFO: Instrumented com.google.gson.internal.bind.ArrayTypeAdapter (took 3 ms, size +20%)
INFO: Instrumented com.google.gson.internal.bind.TypeAdapterRuntimeTypeWrapper (took 3 ms, size +20%)
INFO: Instrumented com.google.gson.internal.bind.ArrayTypeAdapter$1 (took 2 ms, size +26%)
INFO: Instrumented com.google.gson.internal.bind.CollectionTypeAdapterFactory (took 1 ms, size +19%)
INFO: Instrumented com.google.gson.internal.bind.CollectionTypeAdapterFactory$Adapter (took 4 ms, size +16%)
INFO: Instrumented com.google.gson.internal.bind.MapTypeAdapterFactory (took 2 ms, size +15%)
INFO: Instrumented com.google.gson.internal.bind.MapTypeAdapterFactory$Adapter (took 7 ms, size +14%)
INFO: Instrumented com.google.gson.internal.bind.JsonAdapterAnnotationTypeAdapterFactory (took 4 ms, size +18%)
INFO: Instrumented com.google.gson.internal.bind.ReflectiveTypeAdapterFactory (took 7 ms, size +12%)
INFO: Instrumented com.google.gson.internal.bind.ReflectiveTypeAdapterFactory$Adapter (took 3 ms, size +21%)
INFO: Instrumented com.google.gson.internal.bind.ReflectiveTypeAdapterFactory$BoundField (took 1 ms, size +31%)
INFO: Instrumented com.google.gson.internal.bind.ReflectiveTypeAdapterFactory$1 (took 5 ms, size +19%)
INFO: Instrumented com.google.gson.internal.$Gson$Preconditions (took 2 ms, size +45%)
INFO: found LLVMFuzzerCustomMutator (0x73e2e7c75cd0). Disabling -len_control by default.
INFO: Running with entropic power schedule (0xFF, 100).
INFO: Seed: 1841199729
INFO: Loaded 4 modules   (4096 inline 8-bit counters): 512 [0x73e410ba2530, 0x73e410ba2730), 512 [0x73e410ba2730, 0x73e410ba2930), 1024 [0x73e410ba2930, 0x73e410ba2d30), 2048 [0x73e410ba2d30, 0x73e410ba3530), 
INFO: using inputs from: /tmp/bugrun/gson_10.Aj89yY/.cifuzz-corpus/com.example.algorithm2.Algorithm2Test/testParameterizedFuzzer
INFO: using inputs from: /tmp/jazzer-java-seeds9095773386123738407
INFO: Loaded 4 PC tables (4096 PCs): 512 [0x73e41052bac0,0x73e41052dac0), 512 [0x73e4104ac930,0x73e4104ae930), 1024 [0x73e410633380,0x73e410637380), 2048 [0x73e410656720,0x73e41065e720), 
INFO:        0 files found in /tmp/bugrun/gson_10.Aj89yY/.cifuzz-corpus/com.example.algorithm2.Algorithm2Test/testParameterizedFuzzer
INFO:        0 files found in /tmp/jazzer-java-seeds9095773386123738407
INFO: -max_len is not provided; libFuzzer will not generate inputs larger than 4096 bytes
INFO: A corpus is not provided, starting from an empty corpus
MS: 0 ; base unit: 0000000000000000000000000000000000000000
0xa,
\012
artifact_prefix='/tmp/bugrun/gson_10.Aj89yY/'; Test unit written to /tmp/bugrun/gson_10.Aj89yY/crash-adc83b19e793491b1c6ea0fd8b46cd9f32e592fc
Base64: Cg==
Done 2 runs in 0 second(s)
DEDUP_TOKEN: e32c3fb79c3fc821
[ERROR] Tests run: 2, Failures: 0, Errors: 1, Skipped: 0, Time elapsed: 11.05 s <<< FAILURE! -- in com.example.algorithm2.Algorithm2Test
[ERROR] com.example.algorithm2.Algorithm2Test.testParameterizedFuzzer(FuzzedDataProvider)[2] -- Time elapsed: 0.332 s <<< ERROR!
java.lang.IllegalArgumentException: Expected a Class, ParameterizedType, or GenericArrayType, but <proxy:Type> is of type com.sun.proxy.$Proxy25
	at com.google.gson.internal.$Gson$Types.getRawType($Gson$Types.java:148)
	at com.google.gson.reflect.TypeToken.<init>(TypeToken.java:73)
	at com.google.gson.reflect.TypeToken.get(TypeToken.java:296)
	at com.google.gson.Gson.toJson(Gson.java:658)
	at java.base/jdk.internal.reflect.NativeMethodAccessorImpl.invoke0(Native Method)
	at java.base/jdk.internal.reflect.NativeMethodAccessorImpl.invoke(NativeMethodAccessorImpl.java:62)
	at java.base/jdk.internal.reflect.DelegatingMethodAccessorImpl.invoke(DelegatingMethodAccessorImpl.java:43)
	at java.base/java.lang.reflect.Method.invoke(Method.java:566)
	at com.example.algorithm2.Algorithm2Test.testParameterizedFuzzer(Algorithm2Test.java:226)

[INFO] 
[INFO] Results:
[INFO] 
[ERROR] Errors: 
[ERROR]   Algorithm2Test.testParameterizedFuzzer:226 » IllegalArgument Expected a Class, ParameterizedType, or GenericArrayType, but <proxy:Type> is of type com.sun.proxy.$Proxy25
[INFO] 
[ERROR] Tests run: 2, Failures: 0, Errors: 1, Skipped: 0
[INFO] 
[ERROR] 

Please refer to /tmp/bugrun/gson_10.Aj89yY/target/surefire-reports for the individual test results.
Please refer to dump files (if any exist) [date].dump, [date]-jvmRun[N].dump and [date].dumpstream.
[INFO] 
[INFO] --- jacoco:0.8.11:report (default-cli) @ AlgorithmName2 ---
[INFO] Loading execution data file /tmp/bugrun/gson_10.Aj89yY/target/jacoco.exec
[INFO] Analyzed bundle 'AlgorithmName2' with 158 classes
[INFO] ------------------------------------------------------------------------
[INFO] BUILD SUCCESS
[INFO] ------------------------------------------------------------------------
[INFO] Total time:  25.787 s
[INFO] Finished at: 2026-10-06T01:55:43+07:00
[INFO] ------------------------------------------------------------------------
