[INFO] Scanning for projects...
[INFO] 
[INFO] ---------------------< com.example:AlgorithmName2 >---------------------
[INFO] Building AlgorithmName2 1.0-SNAPSHOT
[INFO]   from pom.xml
[INFO] --------------------------------[ jar ]---------------------------------
[INFO] 
[INFO] --- jacoco:0.8.11:prepare-agent (default) @ AlgorithmName2 ---
[INFO] argLine set to -javaagent:/home/kanyaphak673380391-3/.m2/repository/org/jacoco/org.jacoco.agent/0.8.11/org.jacoco.agent-0.8.11-runtime.jar=destfile=/tmp/bugrun/compress_18.xEWCCg/target/jacoco.exec
[INFO] 
[INFO] --- resources:3.4.0:resources (default-resources) @ AlgorithmName2 ---
[INFO] Copying 1 resource from src/main/resources to target/classes
[INFO] 
[INFO] --- compiler:3.15.0:compile (default-compile) @ AlgorithmName2 ---
[INFO] Recompiling the module because of changed source code.
[INFO] Compiling 1 source file with javac [debug target 1.8] to target/classes
[WARNING] bootstrap class path not set in conjunction with -source 8
[INFO] 
[INFO] --- dependency:3.6.0:unpack-dependencies (unpack-defects4j) @ AlgorithmName2 ---
[INFO] 
[INFO] --- resources:3.4.0:testResources (default-testResources) @ AlgorithmName2 ---
[INFO] skip non existing resourceDirectory /tmp/bugrun/compress_18.xEWCCg/src/test/resources
[INFO] 
[INFO] --- compiler:3.15.0:testCompile (default-testCompile) @ AlgorithmName2 ---
[INFO] Recompiling the module because of changed dependency.
[INFO] Compiling 1 source file with javac [debug target 1.8] to target/test-classes
[WARNING] bootstrap class path not set in conjunction with -source 8
[INFO] 
[INFO] --- surefire:3.1.2:test (default-cli) @ AlgorithmName2 ---
[INFO] Using auto detected provider org.apache.maven.surefire.junitplatform.JUnitPlatformProvider
[INFO] 
[INFO] -------------------------------------------------------
[INFO]  T E S T S
[INFO] -------------------------------------------------------
[INFO] Running com.example.algorithm2.Algorithm2Test
OpenJDK 64-Bit Server VM warning: Sharing is only supported for boot loader classes because bootstrap classpath has been appended
INFO: Loaded 281 hooks from com.code_intelligence.jazzer.runtime.TraceCmpHooks
INFO: Loaded 5 hooks from com.code_intelligence.jazzer.runtime.TraceDivHooks
INFO: Loaded 2 hooks from com.code_intelligence.jazzer.runtime.TraceIndirHooks
INFO: Loaded 4 hooks from com.code_intelligence.jazzer.runtime.NativeLibHooks
INFO: Loaded 2 hooks from com.code_intelligence.jazzer.sanitizers.ClojureLangHooks
INFO: Loaded 5 hooks from com.code_intelligence.jazzer.sanitizers.Deserialization
INFO: Loaded 5 hooks from com.code_intelligence.jazzer.sanitizers.ExpressionLanguageInjection
INFO: Loaded 70 hooks from com.code_intelligence.jazzer.sanitizers.LdapInjection
INFO: Loaded 46 hooks from com.code_intelligence.jazzer.sanitizers.NamingContextLookup
INFO: Loaded 1 hooks from com.code_intelligence.jazzer.sanitizers.OsCommandInjection
INFO: Loaded 52 hooks from com.code_intelligence.jazzer.sanitizers.ReflectiveCall
INFO: Loaded 8 hooks from com.code_intelligence.jazzer.sanitizers.RegexInjection
INFO: Loaded 16 hooks from com.code_intelligence.jazzer.sanitizers.RegexRoadblocks
INFO: Loaded 18 hooks from com.code_intelligence.jazzer.sanitizers.ScriptEngineInjection
INFO: Loaded 2 hooks from com.code_intelligence.jazzer.sanitizers.ServerSideRequestForgery
INFO: Loaded 19 hooks from com.code_intelligence.jazzer.sanitizers.SqlInjection
INFO: Loaded 6 hooks from com.code_intelligence.jazzer.sanitizers.XPathInjection
INFO: Instrumented com.example.algorithm2.Algorithm2Test$Skip (took 220 ms, size +44%)
INFO: Instrumented com.example.algorithm2.Algorithm2Test (took 275 ms, size +27%)
INFO: Instrumented org.apache.commons.compress.archivers.ArchiveStreamFactory (took 177 ms, size +34%)
INFO: Instrumented org.apache.commons.compress.archivers.ArchiveInputStream (took 36 ms, size +32%)
INFO: New number of coverage counters: 1024
INFO: Instrumented org.apache.commons.compress.archivers.zip.ZipArchiveInputStream (took 161 ms, size +17%)
INFO: Instrumented org.apache.commons.compress.archivers.jar.JarArchiveInputStream (took 8 ms, size +26%)
WARN: Some hooks could not be applied to class files built for Java 7 or lower.
                       Ensure that the fuzz target and its dependencies are compiled with
                       -target 8 or higher to identify as many bugs as possible.
INFO: Instrumented org.apache.commons.compress.archivers.ar.ArArchiveInputStream (took 53 ms, size +26%)
INFO: New number of coverage counters: 2048
INFO: Instrumented org.apache.commons.compress.archivers.cpio.CpioArchiveInputStream (took 69 ms, size +30%)
INFO: Instrumented org.apache.commons.compress.archivers.cpio.CpioConstants (took 2 ms, size +0%)
INFO: Instrumented org.apache.commons.compress.archivers.dump.DumpArchiveInputStream (took 53 ms, size +25%)
INFO: Instrumented org.apache.commons.compress.archivers.tar.TarArchiveInputStream (took 87 ms, size +25%)
INFO: Instrumented org.apache.commons.compress.archivers.ArchiveException (took 12 ms, size +38%)
INFO: Instrumented org.apache.commons.compress.archivers.ArchiveOutputStream (took 12 ms, size +28%)
INFO: Instrumented org.apache.commons.compress.archivers.ar.ArArchiveOutputStream (took 20 ms, size +24%)
INFO: New number of coverage counters: 4096
INFO: Instrumented org.apache.commons.compress.archivers.zip.ZipArchiveOutputStream (took 202 ms, size +19%)
INFO: Instrumented org.apache.commons.compress.archivers.tar.TarArchiveOutputStream (took 45 ms, size +15%)
INFO: Instrumented org.apache.commons.compress.archivers.jar.JarArchiveOutputStream (took 8 ms, size +36%)
INFO: Instrumented org.apache.commons.compress.archivers.cpio.CpioArchiveOutputStream (took 65 ms, size +23%)
[harness] target=org.apache.commons.compress.archivers.ArchiveStreamFactory factories=1 methods=5
INFO: found LLVMFuzzerCustomMutator (0x70970a070cd0). Disabling -len_control by default.
INFO: Running with entropic power schedule (0xFF, 100).
INFO: Seed: 2214747158
INFO: Loaded 4 modules   (4096 inline 8-bit counters): 512 [0x7097dcb2b8a0, 0x7097dcb2baa0), 512 [0x7097dcb2baa0, 0x7097dcb2bca0), 1024 [0x7097dcb2bca0, 0x7097dcb2c0a0), 2048 [0x7097dcb2c0a0, 0x7097dcb2c8a0), 
INFO: Loaded 4 PC tables (4096 PCs): 512 [0x7097dc9f4000,0x7097dc9f6000), 512 [0x7097dc55af70,0x7097dc55cf70), 1024 [0x7097dc9dfb20,0x7097dc9e3b20), 2048 [0x7097dca177e0,0x7097dca1f7e0), 
INFO:        0 files found in /tmp/bugrun/compress_18.xEWCCg/.cifuzz-corpus/com.example.algorithm2.Algorithm2Test/testParameterizedFuzzer
INFO:        0 files found in /tmp/jazzer-java-seeds9776089667430685187
INFO: -max_len is not provided; libFuzzer will not generate inputs larger than 4096 bytes
INFO: A corpus is not provided, starting from an empty corpus
#2	INITED cov: 27 ft: 27 corp: 1/1b exec/s: 0 rss: 876Mb
#4	NEW    cov: 47 ft: 49 corp: 2/3b lim: 4 exec/s: 0 rss: 876Mb L: 2/2 MS: 4 CrossOver-Custom-ChangeByte-Custom-
INFO: using inputs from: /tmp/bugrun/compress_18.xEWCCg/.cifuzz-corpus/com.example.algorithm2.Algorithm2Test/testParameterizedFuzzer
INFO: using inputs from: /tmp/jazzer-java-seeds9776089667430685187
#5	NEW    cov: 48 ft: 50 corp: 3/5b lim: 4 exec/s: 0 rss: 876Mb L: 2/2 MS: 2 ShuffleBytes-Custom-
#7	NEW    cov: 49 ft: 55 corp: 4/6b lim: 4 exec/s: 0 rss: 876Mb L: 1/2 MS: 4 CopyPart-Custom-ChangeBit-Custom-
#26	NEW    cov: 122 ft: 128 corp: 5/10b lim: 4 exec/s: 0 rss: 891Mb L: 4/4 MS: 8 InsertByte-Custom-CrossOver-Custom-CrossOver-Custom-ChangeBit-Custom-
#27	NEW    cov: 126 ft: 134 corp: 6/14b lim: 4 exec/s: 0 rss: 891Mb L: 4/4 MS: 2 ShuffleBytes-Custom-
#30	NEW    cov: 127 ft: 135 corp: 7/16b lim: 4 exec/s: 0 rss: 891Mb L: 2/4 MS: 6 EraseBytes-Custom-InsertByte-Custom-ChangeByte-Custom-
INFO: #31	REDUCE cov: 127 ft: 135 corp: 7/15b lim: 4 exec/s: 0 rss: 891Mb L: 1/4 MS: 2 EraseBytes-Custom-
Instrumented org.apache.commons.compress.archivers.zip.UnsupportedZipFeatureException (took 12 ms, size +18%)
INFO: Instrumented org.apache.commons.compress.archivers.ArchiveEntry (took 0 ms, size +0%)
INFO: Instrumented org.apache.commons.compress.archivers.zip.ZipLong (took 13 ms, size +21%)
INFO: Instrumented org.apache.commons.compress.archivers.zip.Zip64RequiredException (took 6 ms, size +27%)
INFO: Instrumented org.apache.commons.compress.archivers.zip.ZipExtraField (took 1 ms, size +0%)
INFO: #47	REDUCE cov: 127 ft: 135 corp: 7/14b lim: 4 exec/s: 0 rss: 891Mb L: 1/4 MS: 2 EraseBytes-Custom-
Instrumented org.apache.commons.compress.archivers.dump.UnrecognizedFormatException (took 14 ms, size +43%)
INFO: Instrumented org.apache.commons.compress.archivers.dump.DumpArchiveException (took 9 ms, size +34%)
#128	REDUCE cov: 127 ft: 135 corp: 7/13b lim: 4 exec/s: 0 rss: 893Mb L: 3/4 MS: 2 EraseBytes-Custom-
#164	REDUCE cov: 127 ft: 135 corp: 7/12b lim: 4 exec/s: 0 rss: 896Mb L: 2/4 MS: 2 EraseBytes-Custom-
#261	REDUCE cov: 127 ft: 135 corp: 7/11b lim: 4 exec/s: 0 rss: 898Mb L: 1/4 MS: 4 ChangeBinInt-Custom-EraseBytes-Custom-
INFO: Instrumented org.apache.commons.compress.archivers.dump.InvalidFormatException (took 8 ms, size +30%)
#471	NEW    cov: 132 ft: 142 corp: 8/17b lim: 6 exec/s: 0 rss: 902Mb L: 6/6 MS: 10 ShuffleBytes-Custom-ShuffleBytes-Custom-ChangeBinInt-Custom-CrossOver-Custom-CopyPart-Custom-
#521	NEW    cov: 202 ft: 212 corp: 9/23b lim: 6 exec/s: 0 rss: 916Mb L: 6/6 MS: 10 ChangeBit-Custom-CrossOver-Custom-ShuffleBytes-Custom-CMP-Custom-CopyPart-Custom- DE: "jar"-
#582	NEW    cov: 204 ft: 215 corp: 10/29b lim: 6 exec/s: 0 rss: 917Mb L: 6/6 MS: 2 ShuffleBytes-Custom-
#773	REDUCE cov: 204 ft: 215 corp: 10/27b lim: 6 exec/s: 0 rss: 921Mb L: 4/6 MS: 2 EraseBytes-Custom-
INFO: Instrumented org.apache.commons.compress.archivers.zip.ZipEncodingHelper (took 57 ms, size +19%)
INFO: Instrumented org.apache.commons.compress.archivers.zip.ZipEncoding (took 0 ms, size +0%)
INFO: Instrumented org.apache.commons.compress.archivers.zip.ZipEncodingHelper$SimpleEncodingHolder (took 8 ms, size +33%)
INFO: Instrumented org.apache.commons.compress.archivers.zip.FallbackZipEncoding (took 9 ms, size +28%)
INFO: Instrumented org.apache.commons.compress.archivers.zip.ZipArchiveOutputStream$UnicodeExtraFieldPolicy (took 4 ms, size +33%)
INFO: Instrumented org.apache.commons.compress.archivers.zip.Zip64Mode (took 17 ms, size +29%)
#948	NEW    cov: 233 ft: 244 corp: 11/31b lim: 6 exec/s: 0 rss: 929Mb L: 4/6 MS: 10 ShuffleBytes-Custom-ChangeByte-Custom-ChangeBit-Custom-CopyPart-Custom-PersAutoDict-Custom- DE: "jar"-
#949	NEW    cov: 239 ft: 250 corp: 12/36b lim: 6 exec/s: 0 rss: 930Mb L: 5/6 MS: 2 EraseBytes-Custom-
#960	NEW    cov: 240 ft: 252 corp: 13/40b lim: 6 exec/s: 0 rss: 933Mb L: 4/6 MS: 2 ChangeByte-Custom-
INFO: Instrumented org.apache.commons.compress.archivers.zip.ZipArchiveInputStream$Buffer (took 38 ms, size +18%)
#1041	NEW    cov: 241 ft: 253 corp: 14/45b lim: 6 exec/s: 0 rss: 935Mb L: 5/6 MS: 2 ShuffleBytes-Custom-
#1258	NEW    cov: 244 ft: 256 corp: 15/53b lim: 8 exec/s: 0 rss: 937Mb L: 8/8 MS: 4 ChangeBinInt-Custom-CopyPart-Custom-
#1282	REDUCE cov: 246 ft: 258 corp: 16/60b lim: 8 exec/s: 0 rss: 937Mb L: 7/8 MS: 8 InsertRepeatedBytes-Custom-CopyPart-Custom-CopyPart-Custom-ChangeByte-Custom-
#1330	NEW    cov: 250 ft: 262 corp: 17/63b lim: 8 exec/s: 0 rss: 938Mb L: 3/8 MS: 6 CrossOver-Custom-ShuffleBytes-Custom-EraseBytes-Custom-
#1401	REDUCE cov: 250 ft: 262 corp: 17/61b lim: 8 exec/s: 0 rss: 939Mb L: 3/8 MS: 2 EraseBytes-Custom-
#1454	NEW    cov: 271 ft: 285 corp: 18/65b lim: 8 exec/s: 0 rss: 948Mb L: 4/8 MS: 6 CopyPart-Custom-CopyPart-Custom-CMP-Custom- DE: "tar"-
#1465	NEW    cov: 271 ft: 286 corp: 19/69b lim: 8 exec/s: 0 rss: 948Mb L: 4/8 MS: 2 ShuffleBytes-Custom-
#1507	NEW    cov: 272 ft: 287 corp: 20/73b lim: 8 exec/s: 0 rss: 949Mb L: 4/8 MS: 4 InsertByte-Custom-CMP-Custom- DE: "zip"-
#1556	REDUCE cov: 272 ft: 287 corp: 20/72b lim: 8 exec/s: 0 rss: 949Mb L: 5/8 MS: 8 CrossOver-Custom-EraseBytes-Custom-ShuffleBytes-Custom-CrossOver-Custom-
INFO: Instrumented org.apache.commons.compress.archivers.tar.TarBuffer (took 29 ms, size +21%)
#1563	NEW    cov: 305 ft: 320 corp: 21/77b lim: 8 exec/s: 0 rss: 959Mb L: 5/8 MS: 4 ChangeBinInt-Custom-CMP-Custom- DE: "dump"-
#1649	NEW    cov: 307 ft: 322 corp: 22/82b lim: 8 exec/s: 0 rss: 960Mb L: 5/8 MS: 2 PersAutoDict-Custom- DE: "dump"-
#1696	NEW    cov: 337 ft: 357 corp: 23/87b lim: 8 exec/s: 0 rss: 968Mb L: 5/8 MS: 4 PersAutoDict-Custom-PersAutoDict-Custom- DE: "tar"-"tar"-
#1768	REDUCE cov: 340 ft: 360 corp: 24/91b lim: 8 exec/s: 0 rss: 968Mb L: 4/8 MS: 4 ChangeByte-Custom-PersAutoDict-Custom- DE: "zip"-
#1834	NEW    cov: 341 ft: 362 corp: 25/96b lim: 8 exec/s: 0 rss: 969Mb L: 5/8 MS: 2 ChangeBinInt-Custom-
INFO: Instrumented org.apache.commons.compress.archivers.dump.TapeInputStream (took 39 ms, size +21%)
INFO: Instrumented org.apache.commons.compress.archivers.dump.ShortFileException (took 8 ms, size +45%)
INFO: #2094	NEW    cov: 342 ft: 363 corp: 26/102b lim: 8 exec/s: 0 rss: 972Mb L: 6/8 MS: 10 CMP-Custom-ChangeByte-Custom-ShuffleBytes-Custom-ChangeBit-Custom-CMP-Custom- DE: "P\000\000\000"-"\377\377\377\007"-
Instrumented org.apache.commons.compress.archivers.dump.UnsupportedCompressionAlgorithmException (took 3 ms, size +32%)
INFO: Instrumented org.apache.commons.compress.utils.CountingOutputStream (took 15 ms, size +37%)
INFO: Instrumented org.apache.commons.compress.archivers.zip.NioZipEncoding (took 6 ms, size +24%)
#2204	REDUCE cov: 342 ft: 363 corp: 26/101b lim: 8 exec/s: 0 rss: 974Mb L: 7/7 MS: 10 ChangeBit-Custom-ChangeByte-Custom-ChangeBinInt-Custom-CMP-Custom-EraseBytes-Custom- DE: "\377\377\377\377"-
#2532	NEW    cov: 343 ft: 364 corp: 27/110b lim: 11 exec/s: 0 rss: 978Mb L: 9/9 MS: 6 PersAutoDict-Custom-InsertByte-Custom-InsertByte-Custom- DE: "\377\377\377\007"-
#2755	REDUCE cov: 343 ft: 364 corp: 27/109b lim: 11 exec/s: 0 rss: 982Mb L: 5/9 MS: 6 CrossOver-Custom-EraseBytes-Custom-ChangeBit-Custom-
#3226	NEW    cov: 343 ft: 384 corp: 28/116b lim: 14 exec/s: 0 rss: 987Mb L: 7/9 MS: 2 InsertByte-Custom-
#3910	NEW    cov: 344 ft: 385 corp: 29/128b lim: 17 exec/s: 0 rss: 994Mb L: 12/12 MS: 8 InsertByte-Custom-ChangeByte-Custom-InsertByte-Custom-CopyPart-Custom-
#3981	NEW    cov: 344 ft: 389 corp: 30/136b lim: 17 exec/s: 0 rss: 995Mb L: 8/12 MS: 2 InsertByte-Custom-
#4167	REDUCE cov: 344 ft: 389 corp: 30/134b lim: 17 exec/s: 4167 rss: 1002Mb L: 10/10 MS: 2 EraseBytes-Custom-
#4303	REDUCE cov: 344 ft: 389 corp: 30/133b lim: 17 exec/s: 4303 rss: 1003Mb L: 9/9 MS: 2 EraseBytes-Custom-
#5073	NEW    cov: 344 ft: 390 corp: 31/138b lim: 21 exec/s: 5073 rss: 1010Mb L: 5/9 MS: 10 EraseBytes-Custom-InsertByte-Custom-EraseBytes-Custom-ChangeBinInt-Custom-ChangeByte-Custom-
#5279	NEW    cov: 344 ft: 406 corp: 32/149b lim: 21 exec/s: 5279 rss: 1012Mb L: 11/11 MS: 2 CopyPart-Custom-
#5449	REDUCE cov: 345 ft: 407 corp: 33/167b lim: 21 exec/s: 5449 rss: 1014Mb L: 18/18 MS: 10 InsertByte-Custom-ChangeByte-Custom-EraseBytes-Custom-ChangeByte-Custom-InsertRepeatedBytes-Custom-
#5652	REDUCE cov: 345 ft: 407 corp: 33/166b lim: 21 exec/s: 5652 rss: 1016Mb L: 17/17 MS: 6 PersAutoDict-Custom-ChangeByte-Custom-InsertByte-Custom- DE: "tar"-
#5756	NEW    cov: 345 ft: 408 corp: 34/182b lim: 21 exec/s: 5756 rss: 1017Mb L: 16/17 MS: 8 CrossOver-Custom-CopyPart-Custom-CrossOver-Custom-ChangeBinInt-Custom-
#5965	REDUCE cov: 345 ft: 408 corp: 34/177b lim: 21 exec/s: 5965 rss: 1019Mb L: 12/16 MS: 8 InsertByte-Custom-CopyPart-Custom-CrossOver-Custom-CrossOver-Custom-
#6121	REDUCE cov: 345 ft: 408 corp: 34/176b lim: 21 exec/s: 6121 rss: 1021Mb L: 15/15 MS: 2 EraseBytes-Custom-
#6326	REDUCE cov: 345 ft: 408 corp: 34/173b lim: 21 exec/s: 6326 rss: 1024Mb L: 9/15 MS: 10 InsertRepeatedBytes-Custom-ChangeBit-Custom-ChangeBinInt-Custom-EraseBytes-Custom-EraseBytes-Custom-
#6379	NEW    cov: 345 ft: 428 corp: 35/190b lim: 21 exec/s: 6379 rss: 1025Mb L: 17/17 MS: 6 EraseBytes-Custom-CrossOver-Custom-CrossOver-Custom-
#6705	REDUCE cov: 345 ft: 428 corp: 35/189b lim: 21 exec/s: 6705 rss: 1028Mb L: 4/17 MS: 2 EraseBytes-Custom-
#7211	REDUCE cov: 345 ft: 428 corp: 35/188b lim: 25 exec/s: 7211 rss: 1034Mb L: 7/17 MS: 2 EraseBytes-Custom-
#7377	NEW    cov: 345 ft: 429 corp: 36/206b lim: 25 exec/s: 7377 rss: 1036Mb L: 18/18 MS: 2 InsertByte-Custom-
#7418	REDUCE cov: 345 ft: 429 corp: 36/205b lim: 25 exec/s: 7418 rss: 1037Mb L: 14/18 MS: 2 EraseBytes-Custom-
#7434	REDUCE cov: 345 ft: 429 corp: 36/203b lim: 25 exec/s: 7434 rss: 1037Mb L: 9/18 MS: 2 EraseBytes-Custom-
#8296	NEW    cov: 345 ft: 430 corp: 37/221b lim: 33 exec/s: 8296 rss: 1040Mb L: 18/18 MS: 4 InsertByte-Custom-ShuffleBytes-Custom-
#8574	REDUCE cov: 350 ft: 435 corp: 38/254b lim: 33 exec/s: 8574 rss: 1040Mb L: 33/33 MS: 6 CrossOver-Custom-CrossOver-Custom-InsertRepeatedBytes-Custom-
#8780	NEW    cov: 351 ft: 436 corp: 39/287b lim: 33 exec/s: 8780 rss: 1040Mb L: 33/33 MS: 2 CrossOver-Custom-
#8795	REDUCE cov: 351 ft: 438 corp: 40/314b lim: 33 exec/s: 8795 rss: 1040Mb L: 27/33 MS: 10 CrossOver-Custom-CrossOver-Custom-InsertByte-Custom-CMP-Custom-CrossOver-Custom- DE: "arj\305\234a"-
#9503	REDUCE cov: 351 ft: 438 corp: 40/313b lim: 38 exec/s: 9503 rss: 1040Mb L: 8/33 MS: 6 ChangeByte-Custom-ChangeByte-Custom-EraseBytes-Custom-
#9599	NEW    cov: 351 ft: 475 corp: 41/350b lim: 38 exec/s: 9599 rss: 1040Mb L: 37/37 MS: 2 CMP-Custom- DE: "l\352\000\000"-
#10042	REDUCE cov: 351 ft: 480 corp: 42/388b lim: 38 exec/s: 10042 rss: 1040Mb L: 38/38 MS: 6 EraseBytes-Custom-InsertRepeatedBytes-Custom-CrossOver-Custom-
#10345	NEW    cov: 363 ft: 492 corp: 43/395b lim: 38 exec/s: 10345 rss: 1040Mb L: 7/38 MS: 6 CopyPart-Custom-ShuffleBytes-Custom-CMP-Custom- DE: "cpio"-
#10381	NEW    cov: 363 ft: 493 corp: 44/402b lim: 38 exec/s: 10381 rss: 1040Mb L: 7/38 MS: 2 ChangeByte-Custom-
INFO: Instrumented org.apache.commons.compress.archivers.dump.DumpArchiveUtil (took 5 ms, size +26%)
#10592	REDUCE cov: 363 ft: 493 corp: 44/400b lim: 38 exec/s: 10592 rss: 1040Mb L: 12/38 MS: 2 EraseBytes-Custom-
#10884	REDUCE cov: 363 ft: 493 corp: 44/399b lim: 38 exec/s: 10884 rss: 1043Mb L: 8/38 MS: 4 ChangeBit-Custom-EraseBytes-Custom-
#11151	REDUCE cov: 363 ft: 494 corp: 45/415b lim: 38 exec/s: 11151 rss: 1045Mb L: 16/38 MS: 4 CrossOver-Custom-CrossOver-Custom-
#11837	REDUCE cov: 363 ft: 494 corp: 45/414b lim: 43 exec/s: 11837 rss: 1045Mb L: 6/38 MS: 2 EraseBytes-Custom-
#11883	NEW    cov: 363 ft: 496 corp: 46/456b lim: 43 exec/s: 11883 rss: 1045Mb L: 42/42 MS: 2 CopyPart-Custom-
#11908	REDUCE cov: 363 ft: 497 corp: 47/496b lim: 43 exec/s: 11908 rss: 1045Mb L: 40/42 MS: 10 ShuffleBytes-Custom-InsertByte-Custom-CMP-Custom-InsertRepeatedBytes-Custom-InsertByte-Custom- DE: "qqqrq"-
#12100	REDUCE cov: 363 ft: 497 corp: 47/494b lim: 43 exec/s: 12100 rss: 1045Mb L: 5/42 MS: 4 ChangeBit-Custom-EraseBytes-Custom-
#12374	NEW    cov: 363 ft: 498 corp: 48/536b lim: 43 exec/s: 12374 rss: 1045Mb L: 42/42 MS: 8 InsertRepeatedBytes-Custom-ChangeBit-Custom-ChangeBit-Custom-ChangeBinInt-Custom-
#12451	REDUCE cov: 363 ft: 498 corp: 48/535b lim: 43 exec/s: 12451 rss: 1045Mb L: 36/42 MS: 4 CopyPart-Custom-EraseBytes-Custom-
#12587	NEW    cov: 363 ft: 499 corp: 49/562b lim: 43 exec/s: 12587 rss: 1045Mb L: 27/42 MS: 2 ChangeByte-Custom-
#13133	NEW    cov: 367 ft: 503 corp: 50/569b lim: 48 exec/s: 13133 rss: 1045Mb L: 7/42 MS: 2 ChangeByte-Custom-
#13352	NEW    cov: 370 ft: 509 corp: 51/616b lim: 48 exec/s: 13352 rss: 1045Mb L: 47/47 MS: 8 ChangeBinInt-Custom-ShuffleBytes-Custom-ChangeByte-Custom-InsertRepeatedBytes-Custom-
#13698	REDUCE cov: 370 ft: 509 corp: 51/615b lim: 48 exec/s: 13698 rss: 1045Mb L: 5/47 MS: 2 EraseBytes-Custom-
#14125	REDUCE cov: 370 ft: 510 corp: 52/660b lim: 48 exec/s: 14125 rss: 1045Mb L: 45/47 MS: 4 CopyPart-Custom-InsertByte-Custom-
#14546	REDUCE cov: 370 ft: 510 corp: 52/658b lim: 48 exec/s: 14546 rss: 1045Mb L: 15/47 MS: 2 EraseBytes-Custom-
#14842	REDUCE cov: 370 ft: 510 corp: 52/657b lim: 48 exec/s: 14842 rss: 1045Mb L: 26/47 MS: 2 EraseBytes-Custom-
#16600	REDUCE cov: 370 ft: 511 corp: 53/705b lim: 63 exec/s: 16600 rss: 1045Mb L: 48/48 MS: 6 ChangeBit-Custom-PersAutoDict-Custom-InsertRepeatedBytes-Custom- DE: "\377\377\377\007"-
#17396	REDUCE cov: 370 ft: 511 corp: 53/704b lim: 68 exec/s: 17396 rss: 1045Mb L: 6/48 MS: 2 EraseBytes-Custom-
#17498	NEW    cov: 370 ft: 540 corp: 54/772b lim: 68 exec/s: 17498 rss: 1045Mb L: 68/68 MS: 4 CopyPart-Custom-InsertRepeatedBytes-Custom-
#17558	NEW    cov: 370 ft: 541 corp: 55/840b lim: 68 exec/s: 17558 rss: 1045Mb L: 68/68 MS: 10 InsertRepeatedBytes-Custom-InsertRepeatedBytes-Custom-ChangeBit-Custom-CrossOver-Custom-CopyPart-Custom-
#17595	REDUCE cov: 370 ft: 541 corp: 55/839b lim: 68 exec/s: 17595 rss: 1045Mb L: 17/68 MS: 4 PersAutoDict-Custom-EraseBytes-Custom- DE: "tar"-
#17672	NEW    cov: 370 ft: 550 corp: 56/906b lim: 68 exec/s: 17672 rss: 1045Mb L: 67/68 MS: 4 EraseBytes-Custom-InsertRepeatedBytes-Custom-
#17929	REDUCE cov: 370 ft: 550 corp: 56/905b lim: 68 exec/s: 17929 rss: 1045Mb L: 14/68 MS: 4 ChangeBinInt-Custom-EraseBytes-Custom-
#18021	REDUCE cov: 370 ft: 550 corp: 56/899b lim: 68 exec/s: 18021 rss: 1045Mb L: 42/68 MS: 4 ShuffleBytes-Custom-EraseBytes-Custom-
#18452	REDUCE cov: 370 ft: 550 corp: 56/898b lim: 68 exec/s: 18452 rss: 1045Mb L: 16/68 MS: 2 CrossOver-Custom-
#19341	REDUCE cov: 370 ft: 550 corp: 56/897b lim: 74 exec/s: 19341 rss: 1046Mb L: 11/68 MS: 8 InsertByte-Custom-ChangeBit-Custom-ChangeByte-Custom-EraseBytes-Custom-
#19410	NEW    cov: 370 ft: 555 corp: 57/970b lim: 74 exec/s: 19410 rss: 1046Mb L: 73/73 MS: 8 EraseBytes-Custom-InsertRepeatedBytes-Custom-CMP-Custom-InsertRepeatedBytes-Custom- DE: "a\352\262\241"-
#19477	REDUCE cov: 370 ft: 555 corp: 57/961b lim: 74 exec/s: 19477 rss: 1046Mb L: 38/73 MS: 4 ChangeBit-Custom-EraseBytes-Custom-
#19769	REDUCE cov: 370 ft: 555 corp: 57/959b lim: 74 exec/s: 9884 rss: 1047Mb L: 66/73 MS: 4 CopyPart-Custom-CrossOver-Custom-
#20573	NEW    cov: 370 ft: 556 corp: 58/1038b lim: 80 exec/s: 10286 rss: 1047Mb L: 79/79 MS: 8 ChangeBinInt-Custom-ShuffleBytes-Custom-CrossOver-Custom-PersAutoDict-Custom- DE: "arj\305\234a"-
#20969	REDUCE cov: 370 ft: 556 corp: 58/1037b lim: 80 exec/s: 10484 rss: 1047Mb L: 15/79 MS: 2 EraseBytes-Custom-
#21103	REDUCE cov: 370 ft: 557 corp: 59/1115b lim: 80 exec/s: 10551 rss: 1047Mb L: 78/79 MS: 8 ChangeBit-Custom-CMP-Custom-InsertByte-Custom-CMP-Custom- DE: "0z\357\277\277\357\277\277\357\277\241rr\357\277\277\357\241\260~r\012\031M\357\241\262"-"\001\000\000\000\000\000\000\000"-
#21639	REDUCE cov: 370 ft: 557 corp: 59/1113b lim: 80 exec/s: 10819 rss: 1047Mb L: 40/79 MS: 2 EraseBytes-Custom-
#22095	REDUCE cov: 370 ft: 558 corp: 60/1162b lim: 80 exec/s: 11047 rss: 1047Mb L: 49/79 MS: 2 CopyPart-Custom-
#23198	REDUCE cov: 370 ft: 558 corp: 60/1146b lim: 86 exec/s: 11599 rss: 1047Mb L: 33/79 MS: 6 PersAutoDict-Custom-CopyPart-Custom-EraseBytes-Custom- DE: "\377\377\377\377"-
#23235	REDUCE cov: 370 ft: 558 corp: 60/1144b lim: 86 exec/s: 11617 rss: 1047Mb L: 25/79 MS: 4 CopyPart-Custom-EraseBytes-Custom-
#23739	REDUCE cov: 370 ft: 560 corp: 61/1178b lim: 86 exec/s: 11869 rss: 1048Mb L: 34/79 MS: 8 CMP-Custom-ChangeByte-Custom-ChangeByte-Custom-InsertByte-Custom- DE: "tar"-
#23934	NEW    cov: 370 ft: 561 corp: 62/1240b lim: 86 exec/s: 11967 rss: 1048Mb L: 62/79 MS: 10 InsertRepeatedBytes-Custom-InsertByte-Custom-EraseBytes-Custom-InsertByte-Custom-CopyPart-Custom-
#24210	NEW    cov: 370 ft: 579 corp: 63/1310b lim: 86 exec/s: 12105 rss: 1048Mb L: 70/79 MS: 2 InsertRepeatedBytes-Custom-
#24542	REDUCE cov: 370 ft: 579 corp: 63/1295b lim: 86 exec/s: 12271 rss: 1048Mb L: 55/79 MS: 4 CopyPart-Custom-EraseBytes-Custom-
#24688	REDUCE cov: 370 ft: 579 corp: 63/1294b lim: 86 exec/s: 12344 rss: 1048Mb L: 13/79 MS: 2 EraseBytes-Custom-
#24770	REDUCE cov: 370 ft: 579 corp: 63/1290b lim: 86 exec/s: 12385 rss: 1048Mb L: 51/79 MS: 4 ShuffleBytes-Custom-EraseBytes-Custom-
#24917	REDUCE cov: 370 ft: 585 corp: 64/1312b lim: 86 exec/s: 12458 rss: 1048Mb L: 22/79 MS: 4 CMP-Custom-PersAutoDict-Custom- DE: "tar"-"jar"-
#25064	REDUCE cov: 370 ft: 585 corp: 64/1310b lim: 86 exec/s: 12532 rss: 1048Mb L: 5/79 MS: 4 CrossOver-Custom-EraseBytes-Custom-
#25826	REDUCE cov: 370 ft: 585 corp: 64/1307b lim: 92 exec/s: 12913 rss: 1049Mb L: 75/79 MS: 4 EraseBytes-Custom-CrossOver-Custom-
#26438	REDUCE cov: 370 ft: 585 corp: 64/1305b lim: 98 exec/s: 13219 rss: 1049Mb L: 38/79 MS: 4 ChangeBinInt-Custom-EraseBytes-Custom-
#27245	NEW    cov: 370 ft: 590 corp: 65/1408b lim: 104 exec/s: 13622 rss: 1050Mb L: 103/103 MS: 4 InsertRepeatedBytes-Custom-CMP-Custom- DE: "icpo"-
#27911	REDUCE cov: 370 ft: 631 corp: 66/1516b lim: 110 exec/s: 13955 rss: 1055Mb L: 108/108 MS: 2 CopyPart-Custom-
#27984	REDUCE cov: 370 ft: 633 corp: 67/1626b lim: 110 exec/s: 13992 rss: 1055Mb L: 110/110 MS: 6 ChangeASCIIInt-Custom-ShuffleBytes-Custom-InsertRepeatedBytes-Custom-
#28215	REDUCE cov: 370 ft: 633 corp: 67/1624b lim: 110 exec/s: 14107 rss: 1055Mb L: 60/110 MS: 2 EraseBytes-Custom-
#28431	REDUCE cov: 370 ft: 633 corp: 67/1620b lim: 110 exec/s: 14215 rss: 1056Mb L: 34/110 MS: 2 EraseBytes-Custom-
#29139	REDUCE cov: 370 ft: 633 corp: 67/1619b lim: 116 exec/s: 14569 rss: 1056Mb L: 78/110 MS: 6 ShuffleBytes-Custom-CopyPart-Custom-EraseBytes-Custom-
#29681	REDUCE cov: 370 ft: 639 corp: 68/1644b lim: 116 exec/s: 14840 rss: 1057Mb L: 25/110 MS: 4 CMP-Custom-CopyPart-Custom- DE: "ar"-
#29813	REDUCE cov: 370 ft: 639 corp: 68/1643b lim: 116 exec/s: 14906 rss: 1057Mb L: 7/110 MS: 4 InsertRepeatedBytes-Custom-CrossOver-Custom-
#30459	REDUCE cov: 370 ft: 639 corp: 68/1642b lim: 122 exec/s: 15229 rss: 1057Mb L: 4/110 MS: 2 EraseBytes-Custom-
#30837	REDUCE cov: 370 ft: 639 corp: 68/1639b lim: 122 exec/s: 15418 rss: 1057Mb L: 100/110 MS: 6 ChangeBinInt-Custom-ChangeBit-Custom-EraseBytes-Custom-
#31234	REDUCE cov: 370 ft: 639 corp: 68/1637b lim: 122 exec/s: 15617 rss: 1057Mb L: 58/110 MS: 4 InsertByte-Custom-EraseBytes-Custom-
#31825	REDUCE cov: 370 ft: 639 corp: 68/1632b lim: 122 exec/s: 15912 rss: 1057Mb L: 46/110 MS: 2 EraseBytes-Custom-
#31846	REDUCE cov: 370 ft: 639 corp: 68/1631b lim: 122 exec/s: 15923 rss: 1057Mb L: 21/110 MS: 2 EraseBytes-Custom-
#32768	pulse  cov: 370 ft: 639 corp: 68/1631b lim: 128 exec/s: 16384 rss: 1058Mb
#34386	NEW    cov: 370 ft: 644 corp: 69/1763b lim: 142 exec/s: 17193 rss: 1059Mb L: 132/132 MS: 10 ChangeByte-Custom-ShuffleBytes-Custom-InsertRepeatedBytes-Custom-ShuffleBytes-Custom-InsertRepeatedBytes-Custom-
#34417	REDUCE cov: 370 ft: 644 corp: 69/1762b lim: 142 exec/s: 17208 rss: 1059Mb L: 14/132 MS: 2 EraseBytes-Custom-
#34958	REDUCE cov: 370 ft: 644 corp: 69/1761b lim: 142 exec/s: 17479 rss: 1059Mb L: 24/132 MS: 2 EraseBytes-Custom-
#35909	REDUCE cov: 370 ft: 645 corp: 70/1908b lim: 149 exec/s: 17954 rss: 1060Mb L: 147/147 MS: 2 CopyPart-Custom-
#36262	REDUCE cov: 370 ft: 645 corp: 70/1902b lim: 149 exec/s: 18131 rss: 1060Mb L: 141/141 MS: 6 InsertByte-Custom-ChangeByte-Custom-EraseBytes-Custom-
#36609	REDUCE cov: 370 ft: 645 corp: 70/1901b lim: 149 exec/s: 18304 rss: 1060Mb L: 77/141 MS: 4 ChangeByte-Custom-EraseBytes-Custom-
#36680	REDUCE cov: 370 ft: 645 corp: 70/1871b lim: 149 exec/s: 18340 rss: 1061Mb L: 111/132 MS: 2 EraseBytes-Custom-
#36826	REDUCE cov: 370 ft: 670 corp: 71/1912b lim: 149 exec/s: 18413 rss: 1061Mb L: 41/132 MS: 2 CopyPart-Custom-
#37209	REDUCE cov: 370 ft: 671 corp: 72/1976b lim: 149 exec/s: 18604 rss: 1062Mb L: 64/132 MS: 6 ShuffleBytes-Custom-PersAutoDict-Custom-ShuffleBytes-Custom- DE: "arj\305\234a"-
#38952	REDUCE cov: 370 ft: 671 corp: 72/1975b lim: 163 exec/s: 12984 rss: 1067Mb L: 107/132 MS: 6 ChangeBit-Custom-CopyPart-Custom-EraseBytes-Custom-
#39392	REDUCE cov: 370 ft: 671 corp: 72/1974b lim: 163 exec/s: 13130 rss: 1067Mb L: 32/132 MS: 10 CopyPart-Custom-CrossOver-Custom-EraseBytes-Custom-EraseBytes-Custom-CrossOver-Custom-
#39929	REDUCE cov: 370 ft: 671 corp: 72/1972b lim: 163 exec/s: 13309 rss: 1067Mb L: 75/132 MS: 4 InsertByte-Custom-EraseBytes-Custom-
#40411	REDUCE cov: 370 ft: 671 corp: 72/1951b lim: 163 exec/s: 13470 rss: 1067Mb L: 43/132 MS: 4 ChangeBit-Custom-EraseBytes-Custom-
#41983	REDUCE cov: 370 ft: 673 corp: 73/2118b lim: 177 exec/s: 13994 rss: 1067Mb L: 167/167 MS: 4 InsertRepeatedBytes-Custom-CopyPart-Custom-
#42025	REDUCE cov: 370 ft: 673 corp: 73/2116b lim: 177 exec/s: 14008 rss: 1067Mb L: 9/167 MS: 4 EraseBytes-Custom-CopyPart-Custom-
#42586	REDUCE cov: 370 ft: 673 corp: 73/2115b lim: 177 exec/s: 14195 rss: 1067Mb L: 45/167 MS: 2 EraseBytes-Custom-
#43428	REDUCE cov: 370 ft: 673 corp: 73/2112b lim: 184 exec/s: 14476 rss: 1067Mb L: 22/167 MS: 4 ChangeByte-Custom-EraseBytes-Custom-
#43491	REDUCE cov: 370 ft: 673 corp: 73/2110b lim: 184 exec/s: 14497 rss: 1067Mb L: 7/167 MS: 6 ShuffleBytes-Custom-ChangeBit-Custom-EraseBytes-Custom-
#44612	REDUCE cov: 370 ft: 679 corp: 74/2152b lim: 191 exec/s: 14870 rss: 1067Mb L: 42/167 MS: 2 CopyPart-Custom-
#45068	REDUCE cov: 370 ft: 679 corp: 74/2150b lim: 191 exec/s: 15022 rss: 1067Mb L: 40/167 MS: 2 EraseBytes-Custom-
#46564	REDUCE cov: 370 ft: 679 corp: 74/2149b lim: 205 exec/s: 15521 rss: 1067Mb L: 20/167 MS: 2 EraseBytes-Custom-
#46676	REDUCE cov: 370 ft: 679 corp: 74/2146b lim: 205 exec/s: 15558 rss: 1067Mb L: 31/167 MS: 4 ShuffleBytes-Custom-EraseBytes-Custom-
#47281	REDUCE cov: 370 ft: 679 corp: 74/2134b lim: 205 exec/s: 15760 rss: 1067Mb L: 46/167 MS: 10 CopyPart-Custom-ChangeBit-Custom-ShuffleBytes-Custom-ChangeBinInt-Custom-EraseBytes-Custom-
#47337	REDUCE cov: 370 ft: 679 corp: 74/2133b lim: 205 exec/s: 15779 rss: 1067Mb L: 42/167 MS: 2 EraseBytes-Custom-
#47733	REDUCE cov: 370 ft: 679 corp: 74/2130b lim: 205 exec/s: 15911 rss: 1068Mb L: 37/167 MS: 2 EraseBytes-Custom-
#47879	REDUCE cov: 370 ft: 679 corp: 74/2124b lim: 205 exec/s: 15959 rss: 1069Mb L: 35/167 MS: 2 EraseBytes-Custom-
#48225	REDUCE cov: 370 ft: 679 corp: 74/2123b lim: 205 exec/s: 16075 rss: 1070Mb L: 5/167 MS: 2 EraseBytes-Custom-
#48406	REDUCE cov: 370 ft: 714 corp: 75/2157b lim: 205 exec/s: 16135 rss: 1070Mb L: 34/167 MS: 2 CopyPart-Custom-
#48839	REDUCE cov: 370 ft: 714 corp: 75/2155b lim: 205 exec/s: 16279 rss: 1073Mb L: 33/167 MS: 6 ShuffleBytes-Custom-InsertByte-Custom-EraseBytes-Custom-
#49435	REDUCE cov: 370 ft: 714 corp: 75/2154b lim: 205 exec/s: 16478 rss: 1076Mb L: 4/167 MS: 2 EraseBytes-Custom-
#52775	DONE   cov: 370 ft: 714 corp: 75/2154b lim: 233 exec/s: 13193 rss: 1088Mb
###### Recommended dictionary. ######
"jar" # Uses: 476
"tar" # Uses: 327
"zip" # Uses: 379
"dump" # Uses: 398
"P\000\000\000" # Uses: 397
"\377\377\377\007" # Uses: 349
"\377\377\377\377" # Uses: 347
"arj\305\234a" # Uses: 228
"l\352\000\000" # Uses: 279
"cpio" # Uses: 279
"qqqrq" # Uses: 243
"a\352\262\241" # Uses: 190
"0z\357\277\277\357\277\277\357\277\241rr\357\277\277\357\241\260~r\012\031M\357\241\262" # Uses: 162
"\001\000\000\000\000\000\000\000" # Uses: 164
"icpo" # Uses: 159
"ar" # Uses: 118
###### End of recommended dictionary. ######
Done 52775 runs in 4 second(s)
[INFO] Tests run: 2, Failures: 0, Errors: 0, Skipped: 0, Time elapsed: 16.76 s -- in com.example.algorithm2.Algorithm2Test
[INFO] 
[INFO] Results:
[INFO] 
[INFO] Tests run: 2, Failures: 0, Errors: 0, Skipped: 0
[INFO] 
[INFO] 
[INFO] --- jacoco:0.8.11:report (default-cli) @ AlgorithmName2 ---
[INFO] Loading execution data file /tmp/bugrun/compress_18.xEWCCg/target/jacoco.exec
[INFO] Analyzed bundle 'AlgorithmName2' with 119 classes
[INFO] ------------------------------------------------------------------------
[INFO] BUILD SUCCESS
[INFO] ------------------------------------------------------------------------
[INFO] Total time:  32.318 s
[INFO] Finished at: 2026-10-06T04:25:10+07:00
[INFO] ------------------------------------------------------------------------
