[INFO] Scanning for projects...
[INFO] 
[INFO] ---------------------< com.example:AlgorithmName2 >---------------------
[INFO] Building AlgorithmName2 1.0-SNAPSHOT
[INFO]   from pom.xml
[INFO] --------------------------------[ jar ]---------------------------------
[INFO] 
[INFO] --- jacoco:0.8.11:prepare-agent (default) @ AlgorithmName2 ---
[INFO] argLine set to -javaagent:/home/kanyaphak673380391-3/.m2/repository/org/jacoco/org.jacoco.agent/0.8.11/org.jacoco.agent-0.8.11-runtime.jar=destfile=/tmp/bugrun/csv_4.dlIdeT/target/jacoco.exec
[INFO] 
[INFO] --- resources:3.4.0:resources (default-resources) @ AlgorithmName2 ---
[INFO] Copying 1 resource from src/main/resources to target/classes
[INFO] 
[INFO] --- compiler:3.15.0:compile (default-compile) @ AlgorithmName2 ---
[INFO] Recompiling the module because of changed source code.
[INFO] Compiling 1 source file with javac [debug target 1.8] to target/classes
[WARNING] bootstrap class path not set in conjunction with -source 8
[INFO] 
[INFO] --- dependency:3.6.0:unpack-dependencies (unpack-defects4j) @ AlgorithmName2 ---
[INFO] 
[INFO] --- resources:3.4.0:testResources (default-testResources) @ AlgorithmName2 ---
[INFO] skip non existing resourceDirectory /tmp/bugrun/csv_4.dlIdeT/src/test/resources
[INFO] 
[INFO] --- compiler:3.15.0:testCompile (default-testCompile) @ AlgorithmName2 ---
[INFO] Recompiling the module because of changed dependency.
[INFO] Compiling 1 source file with javac [debug target 1.8] to target/test-classes
[WARNING] bootstrap class path not set in conjunction with -source 8
[INFO] 
[INFO] --- surefire:3.1.2:test (default-cli) @ AlgorithmName2 ---
[INFO] Using auto detected provider org.apache.maven.surefire.junitplatform.JUnitPlatformProvider
[INFO] 
[INFO] -------------------------------------------------------
[INFO]  T E S T S
[INFO] -------------------------------------------------------
[INFO] Running com.example.algorithm2.Algorithm2Test
OpenJDK 64-Bit Server VM warning: Sharing is only supported for boot loader classes because bootstrap classpath has been appended
INFO: Loaded 281 hooks from com.code_intelligence.jazzer.runtime.TraceCmpHooks
INFO: Loaded 5 hooks from com.code_intelligence.jazzer.runtime.TraceDivHooks
INFO: Loaded 2 hooks from com.code_intelligence.jazzer.runtime.TraceIndirHooks
INFO: Loaded 4 hooks from com.code_intelligence.jazzer.runtime.NativeLibHooks
INFO: Loaded 2 hooks from com.code_intelligence.jazzer.sanitizers.ClojureLangHooks
INFO: Loaded 5 hooks from com.code_intelligence.jazzer.sanitizers.Deserialization
INFO: Loaded 5 hooks from com.code_intelligence.jazzer.sanitizers.ExpressionLanguageInjection
INFO: Loaded 70 hooks from com.code_intelligence.jazzer.sanitizers.LdapInjection
INFO: Loaded 46 hooks from com.code_intelligence.jazzer.sanitizers.NamingContextLookup
INFO: Loaded 1 hooks from com.code_intelligence.jazzer.sanitizers.OsCommandInjection
INFO: Loaded 52 hooks from com.code_intelligence.jazzer.sanitizers.ReflectiveCall
INFO: Loaded 8 hooks from com.code_intelligence.jazzer.sanitizers.RegexInjection
INFO: Loaded 16 hooks from com.code_intelligence.jazzer.sanitizers.RegexRoadblocks
INFO: Loaded 18 hooks from com.code_intelligence.jazzer.sanitizers.ScriptEngineInjection
INFO: Loaded 2 hooks from com.code_intelligence.jazzer.sanitizers.ServerSideRequestForgery
INFO: Loaded 19 hooks from com.code_intelligence.jazzer.sanitizers.SqlInjection
INFO: Loaded 6 hooks from com.code_intelligence.jazzer.sanitizers.XPathInjection
INFO: Instrumented com.example.algorithm2.Algorithm2Test$Skip (took 277 ms, size +44%)
INFO: Instrumented com.example.algorithm2.Algorithm2Test (took 258 ms, size +27%)
INFO: New number of coverage counters: 1024
INFO: Instrumented org.apache.commons.csv.CSVFormat (took 227 ms, size +19%)
INFO: Instrumented org.apache.commons.csv.Constants (took 6 ms, size +31%)
INFO: Instrumented org.apache.commons.csv.Quote (took 11 ms, size +31%)
INFO: Instrumented org.apache.commons.csv.CSVParser (took 19 ms, size +16%)
[harness] target=org.apache.commons.csv.CSVFormat factories=7 methods=36
INFO: found LLVMFuzzerCustomMutator (0x721410769cd0). Disabling -len_control by default.
INFO: Running with entropic power schedule (0xFF, 100).
INFO: Seed: 3550311407
INFO: using inputs from: /tmp/bugrun/csv_4.dlIdeT/.cifuzz-corpus/com.example.algorithm2.Algorithm2Test/testParameterizedFuzzer
INFO: INFO: Loaded 2 modules   (1024 inline 8-bit counters): 512 [0x721490b2da30, 0x721490b2dc30), 512 [0x721490b2dc30, 0x721490b2de30), 
INFO: Loaded 2 PC tables (1024 PCs): 512 [0x721490b1a810,0x721490b1c810), 512 [0x721490a8bfa0,0x721490a8dfa0), 
using inputs from: /tmp/jazzer-java-seeds11614359067262560924
INFO:        0 files found in /tmp/bugrun/csv_4.dlIdeT/.cifuzz-corpus/com.example.algorithm2.Algorithm2Test/testParameterizedFuzzer
INFO:        0 files found in /tmp/jazzer-java-seeds11614359067262560924
INFO: -max_len is not provided; libFuzzer will not generate inputs larger than 4096 bytes
INFO: A corpus is not provided, starting from an empty corpus
#2	INITED cov: 60 ft: 60 corp: 1/1b exec/s: 0 rss: 889Mb
#3	NEW    cov: 68 ft: 87 corp: 2/3b lim: 4 exec/s: 0 rss: 889Mb L: 2/2 MS: 2 InsertByte-Custom-
#6	NEW    cov: 69 ft: 88 corp: 3/4b lim: 4 exec/s: 0 rss: 889Mb L: 1/2 MS: 6 ChangeByte-Custom-EraseBytes-Custom-ChangeBit-Custom-
#7	NEW    cov: 69 ft: 95 corp: 4/6b lim: 4 exec/s: 0 rss: 889Mb L: 2/2 MS: 2 CrossOver-Custom-
#9	NEW    cov: 73 ft: 99 corp: 5/8b lim: 4 exec/s: 0 rss: 889Mb L: 2/2 MS: 4 CopyPart-Custom-ChangeByte-Custom-
MS: 6 ShuffleBytes-Custom-ShuffleBytes-Custom-CopyPart-Custom-; base unit: 99d3d542510370706d017f112e2fc758a9a2362c
0xa,0x2c,0x2c,
\012,,
artifact_prefix='/tmp/bugrun/csv_4.dlIdeT/'; Test unit written to /tmp/bugrun/csv_4.dlIdeT/crash-d9e6b63b23356676b1b453acf679c4caa1bb2804
Base64: Ciws
Done 12 runs in 0 second(s)
DEDUP_TOKEN: e683f4583928f5b7
[ERROR] Tests run: 2, Failures: 0, Errors: 1, Skipped: 0, Time elapsed: 11.35 s <<< FAILURE! -- in com.example.algorithm2.Algorithm2Test
[ERROR] com.example.algorithm2.Algorithm2Test.testParameterizedFuzzer(FuzzedDataProvider)[2] -- Time elapsed: 0.243 s <<< ERROR!
java.lang.IllegalArgumentException: The comment start character cannot be a line break
	at org.apache.commons.csv.CSVFormat.withCommentStart(CSVFormat.java:682)
	at org.apache.commons.csv.CSVFormat.withCommentStart(CSVFormat.java:666)
	at java.base/jdk.internal.reflect.NativeMethodAccessorImpl.invoke0(Native Method)
	at java.base/jdk.internal.reflect.NativeMethodAccessorImpl.invoke(NativeMethodAccessorImpl.java:62)
	at java.base/jdk.internal.reflect.DelegatingMethodAccessorImpl.invoke(DelegatingMethodAccessorImpl.java:43)
	at java.base/java.lang.reflect.Method.invoke(Method.java:566)
	at com.example.algorithm2.Algorithm2Test.testParameterizedFuzzer(Algorithm2Test.java:226)

[INFO] 
[INFO] Results:
[INFO] 
[ERROR] Errors: 
[ERROR]   Algorithm2Test.testParameterizedFuzzer:226 » IllegalArgument The comment start character cannot be a line break
[INFO] 
[ERROR] Tests run: 2, Failures: 0, Errors: 1, Skipped: 0
[INFO] 
[ERROR] 

Please refer to /tmp/bugrun/csv_4.dlIdeT/target/surefire-reports for the individual test results.
Please refer to dump files (if any exist) [date].dump, [date]-jvmRun[N].dump and [date].dumpstream.
[INFO] 
[INFO] --- jacoco:0.8.11:report (default-cli) @ AlgorithmName2 ---
[INFO] Loading execution data file /tmp/bugrun/csv_4.dlIdeT/target/jacoco.exec
[INFO] Analyzed bundle 'AlgorithmName2' with 13 classes
[INFO] ------------------------------------------------------------------------
[INFO] BUILD SUCCESS
[INFO] ------------------------------------------------------------------------
[INFO] Total time:  22.545 s
[INFO] Finished at: 2026-10-06T03:35:47+07:00
[INFO] ------------------------------------------------------------------------
