[INFO] Scanning for projects...
[INFO] 
[INFO] ---------------------< com.example:AlgorithmName2 >---------------------
[INFO] Building AlgorithmName2 1.0-SNAPSHOT
[INFO]   from pom.xml
[INFO] --------------------------------[ jar ]---------------------------------
[INFO] 
[INFO] --- jacoco:0.8.11:prepare-agent (default) @ AlgorithmName2 ---
[INFO] argLine set to -javaagent:/home/kanyaphak673380391-3/.m2/repository/org/jacoco/org.jacoco.agent/0.8.11/org.jacoco.agent-0.8.11-runtime.jar=destfile=/tmp/bugrun/lang_56.WBU6LX/target/jacoco.exec
[INFO] 
[INFO] --- resources:3.4.0:resources (default-resources) @ AlgorithmName2 ---
[INFO] Copying 1 resource from src/main/resources to target/classes
[INFO] 
[INFO] --- compiler:3.15.0:compile (default-compile) @ AlgorithmName2 ---
[INFO] Recompiling the module because of changed source code.
[INFO] Compiling 1 source file with javac [debug target 1.8] to target/classes
[WARNING] bootstrap class path not set in conjunction with -source 8
[INFO] 
[INFO] --- dependency:3.6.0:unpack-dependencies (unpack-defects4j) @ AlgorithmName2 ---
[INFO] 
[INFO] --- resources:3.4.0:testResources (default-testResources) @ AlgorithmName2 ---
[INFO] skip non existing resourceDirectory /tmp/bugrun/lang_56.WBU6LX/src/test/resources
[INFO] 
[INFO] --- compiler:3.15.0:testCompile (default-testCompile) @ AlgorithmName2 ---
[INFO] Recompiling the module because of changed dependency.
[INFO] Compiling 1 source file with javac [debug target 1.8] to target/test-classes
[WARNING] bootstrap class path not set in conjunction with -source 8
[INFO] 
[INFO] --- surefire:3.1.2:test (default-cli) @ AlgorithmName2 ---
[INFO] Using auto detected provider org.apache.maven.surefire.junitplatform.JUnitPlatformProvider
[INFO] 
[INFO] -------------------------------------------------------
[INFO]  T E S T S
[INFO] -------------------------------------------------------
[INFO] Running com.example.algorithm2.Algorithm2Test
OpenJDK 64-Bit Server VM warning: Sharing is only supported for boot loader classes because bootstrap classpath has been appended
INFO: Loaded 288 hooks from com.code_intelligence.jazzer.runtime.TraceCmpHooks
INFO: Loaded 5 hooks from com.code_intelligence.jazzer.runtime.TraceDivHooks
INFO: Loaded 2 hooks from com.code_intelligence.jazzer.runtime.TraceIndirHooks
INFO: Loaded 4 hooks from com.code_intelligence.jazzer.runtime.NativeLibHooks
INFO: Loaded 2 hooks from com.code_intelligence.jazzer.sanitizers.ClojureLangHooks
INFO: Loaded 5 hooks from com.code_intelligence.jazzer.sanitizers.Deserialization
INFO: Loaded 5 hooks from com.code_intelligence.jazzer.sanitizers.ExpressionLanguageInjection
INFO: Loaded 70 hooks from com.code_intelligence.jazzer.sanitizers.LdapInjection
INFO: Loaded 46 hooks from com.code_intelligence.jazzer.sanitizers.NamingContextLookup
INFO: Loaded 1 hooks from com.code_intelligence.jazzer.sanitizers.OsCommandInjection
INFO: Loaded 52 hooks from com.code_intelligence.jazzer.sanitizers.ReflectiveCall
INFO: Loaded 8 hooks from com.code_intelligence.jazzer.sanitizers.RegexInjection
INFO: Loaded 16 hooks from com.code_intelligence.jazzer.sanitizers.RegexRoadblocks
INFO: Loaded 18 hooks from com.code_intelligence.jazzer.sanitizers.ScriptEngineInjection
INFO: Loaded 2 hooks from com.code_intelligence.jazzer.sanitizers.ServerSideRequestForgery
INFO: Loaded 19 hooks from com.code_intelligence.jazzer.sanitizers.SqlInjection
INFO: Loaded 6 hooks from com.code_intelligence.jazzer.sanitizers.XPathInjection
INFO: Instrumented com.example.algorithm2.Algorithm2Test$Skip (took 292 ms, size +44%)
INFO: Instrumented com.example.algorithm2.Algorithm2Test (took 180 ms, size +27%)
INFO: New number of coverage counters: 1024
INFO: New number of coverage counters: 2048
INFO: Instrumented org.apache.commons.lang.StringUtils (took 526 ms, size +32%)
[harness] Fallback target loaded: org.apache.commons.lang.StringUtils (original was org.apache.commons.lang3.StringUtils)
[harness] target=org.apache.commons.lang.StringUtils factories=1 methods=134
INFO: Instrumented org.apache.commons.lang.StringEscapeUtils (took 58 ms, size +20%)
INFO: Instrumented org.apache.commons.lang.exception.NestableRuntimeException (took 24 ms, size +22%)
INFO: Instrumented org.apache.commons.lang.exception.Nestable (took 1 ms, size +0%)
INFO: found LLVMFuzzerCustomMutator (0x70c6a2f6dcd0). Disabling -len_control by default.
INFO: Running with entropic power schedule (0xFF, 100).
INFO: Seed: 221069112
INFO: Loaded 3 modules   (2048 inline 8-bit counters): 512 [0x70c7bcb0d090, 0x70c7bcb0d290), 512 [0x70c7bcb0d290, 0x70c7bcb0d490), 1024 [0x70c7bcb0d490, 0x70c7bcb0d890), 
INFO: Loaded 3 PC tables (2048 PCs): 512 [0x70c7bc6d2e60,0x70c7bc6d4e60), 512 [0x70c7bcc5a300,0x70c7bcc5c300), 1024 [0x70c7bcc5cb10,0x70c7bcc60b10), 
INFO:        0 files found in /tmp/bugrun/lang_56.WBU6LX/.cifuzz-corpus/com.example.algorithm2.Algorithm2Test/testParameterizedFuzzer
INFO:        0 files found in /tmp/jazzer-java-seeds15202008512407099547
INFO: -max_len is not provided; libFuzzer will not generate inputs larger than 4096 bytes
INFO: A corpus is not provided, starting from an empty corpus
#2	INITED cov: 42 ft: 42 corp: 1/1b exec/s: 0 rss: 915Mb
#5	NEW    cov: 47 ft: 47 corp: 2/3b lim: 4 exec/s: 0 rss: 915Mb L: 2/2 MS: 6 CrossOver-Custom-CrossOver-Custom-ChangeByte-Custom-
#6	NEW    cov: 49 ft: 49 corp: 3/5b lim: 4 exec/s: 0 rss: 915Mb L: 2/2 MS: 2 ChangeByte-Custom-
#7	NEW    cov: 62 ft: 62 corp: 4/6b lim: 4 exec/s: 0 rss: 915Mb L: 1/2 MS: 2 ChangeByte-Custom-
#8	NEW    cov: 70 ft: 70 corp: 5/7b lim: 4 exec/s: 0 rss: 915Mb L: 1/2 MS: 2 ChangeBit-Custom-
#9	NEW    cov: 81 ft: 81 corp: 6/9b lim: 4 exec/s: 0 rss: 915Mb L: 2/2 MS: 2 CrossOver-Custom-
#10	NEW    cov: 86 ft: 86 corp: 7/10b lim: 4 exec/s: 0 rss: 915Mb L: 1/2 MS: 2 ChangeByte-Custom-
INFO: using inputs from: /tmp/bugrun/lang_56.WBU6LX/.cifuzz-corpus/com.example.algorithm2.Algorithm2Test/testParameterizedFuzzer
INFO: using inputs from: /tmp/jazzer-java-seeds15202008512407099547
INFO: New number of coverage counters: 4096
#11	NEW    cov: 100 ft: 100 corp: 8/11b lim: 4 exec/s: 0 rss: 916Mb L: 1/2 MS: 2 ChangeByte-Custom-
#12	NEW    cov: 102 ft: 102 corp: 9/13b lim: 4 exec/s: 0 rss: 916Mb L: 2/2 MS: 2 InsertByte-Custom-
#15	NEW    cov: 105 ft: 105 corp: 10/15b lim: 4 exec/s: 0 rss: 916Mb L: 2/2 MS: 6 CrossOver-Custom-ChangeBit-Custom-ChangeByte-Custom-
#18	NEW    cov: 106 ft: 106 corp: 11/17b lim: 4 exec/s: 0 rss: 916Mb L: 2/2 MS: 6 ShuffleBytes-Custom-ShuffleBytes-Custom-ChangeBit-Custom-
#19	NEW    cov: 112 ft: 116 corp: 12/18b lim: 4 exec/s: 0 rss: 916Mb L: 1/2 MS: 2 ChangeBit-Custom-
#21	NEW    cov: 126 ft: 131 corp: 13/21b lim: 4 exec/s: 0 rss: 916Mb L: 3/3 MS: 4 ShuffleBytes-Custom-CrossOver-Custom-
#25	NEW    cov: 128 ft: 133 corp: 14/23b lim: 4 exec/s: 0 rss: 916Mb L: 2/3 MS: 8 ShuffleBytes-Custom-ShuffleBytes-Custom-CopyPart-Custom-ChangeBit-Custom-
#26	NEW    cov: 133 ft: 138 corp: 15/24b lim: 4 exec/s: 0 rss: 916Mb L: 1/3 MS: 2 ChangeByte-Custom-
#28	NEW    cov: 136 ft: 141 corp: 16/27b lim: 4 exec/s: 0 rss: 916Mb L: 3/3 MS: 4 CopyPart-Custom-CopyPart-Custom-
#29	NEW    cov: 150 ft: 157 corp: 17/29b lim: 4 exec/s: 0 rss: 916Mb L: 2/3 MS: 2 InsertByte-Custom-
#30	NEW    cov: 152 ft: 159 corp: 18/31b lim: 4 exec/s: 0 rss: 916Mb L: 2/3 MS: 2 InsertByte-Custom-
#32	NEW    cov: 156 ft: 163 corp: 19/33b lim: 4 exec/s: 0 rss: 916Mb L: 2/3 MS: 4 ChangeBit-Custom-CopyPart-Custom-
#37	NEW    cov: 158 ft: 165 corp: 20/37b lim: 4 exec/s: 0 rss: 916Mb L: 4/4 MS: 10 CopyPart-Custom-ShuffleBytes-Custom-ChangeBit-Custom-CrossOver-Custom-CMP-Custom- DE: "\000\006"-
#38	NEW    cov: 164 ft: 171 corp: 21/41b lim: 4 exec/s: 0 rss: 916Mb L: 4/4 MS: 2 PersAutoDict-Custom- DE: "\000\006"-
#39	NEW    cov: 166 ft: 175 corp: 22/45b lim: 4 exec/s: 0 rss: 916Mb L: 4/4 MS: 2 ChangeBinInt-Custom-
#40	NEW    cov: 172 ft: 181 corp: 23/46b lim: 4 exec/s: 0 rss: 916Mb L: 1/4 MS: 2 ChangeByte-Custom-
#46	NEW    cov: 174 ft: 184 corp: 24/50b lim: 4 exec/s: 0 rss: 916Mb L: 4/4 MS: 2 ChangeByte-Custom-
#47	NEW    cov: 177 ft: 187 corp: 25/52b lim: 4 exec/s: 0 rss: 916Mb L: 2/4 MS: 2 PersAutoDict-Custom- DE: "\000\006"-
#50	NEW    cov: 180 ft: 190 corp: 26/54b lim: 4 exec/s: 0 rss: 916Mb L: 2/4 MS: 6 ChangeByte-Custom-ChangeByte-Custom-ChangeByte-Custom-
#53	NEW    cov: 181 ft: 191 corp: 27/58b lim: 4 exec/s: 0 rss: 916Mb L: 4/4 MS: 6 ChangeByte-Custom-ChangeBit-Custom-CrossOver-Custom-
#55	NEW    cov: 183 ft: 193 corp: 28/60b lim: 4 exec/s: 0 rss: 916Mb L: 2/4 MS: 4 ChangeBit-Custom-ChangeBinInt-Custom-
#56	NEW    cov: 184 ft: 194 corp: 29/63b lim: 4 exec/s: 0 rss: 916Mb L: 3/4 MS: 2 PersAutoDict-Custom- DE: "\000\006"-
#63	NEW    cov: 193 ft: 207 corp: 30/65b lim: 4 exec/s: 0 rss: 916Mb L: 2/4 MS: 4 ShuffleBytes-Custom-ChangeBit-Custom-
#64	NEW    cov: 194 ft: 208 corp: 31/69b lim: 4 exec/s: 0 rss: 916Mb L: 4/4 MS: 2 CMP-Custom- DE: "\377u"-
#74	NEW    cov: 207 ft: 221 corp: 32/73b lim: 4 exec/s: 0 rss: 916Mb L: 4/4 MS: 10 CrossOver-Custom-ChangeBit-Custom-CrossOver-Custom-PersAutoDict-Custom-CopyPart-Custom- DE: "\377u"-
#76	NEW    cov: 209 ft: 223 corp: 33/74b lim: 4 exec/s: 0 rss: 916Mb L: 1/4 MS: 4 CopyPart-Custom-ChangeBinInt-Custom-
#78	NEW    cov: 209 ft: 233 corp: 34/75b lim: 4 exec/s: 0 rss: 916Mb L: 1/4 MS: 4 ChangeBinInt-Custom-CrossOver-Custom-
#83	NEW    cov: 214 ft: 238 corp: 35/78b lim: 4 exec/s: 0 rss: 916Mb L: 3/4 MS: 10 ChangeBit-Custom-CrossOver-Custom-ChangeBinInt-Custom-ChangeBinInt-Custom-CopyPart-Custom-
#84	NEW    cov: 215 ft: 239 corp: 36/79b lim: 4 exec/s: 0 rss: 916Mb L: 1/4 MS: 2 ChangeBinInt-Custom-
#86	NEW    cov: 219 ft: 251 corp: 37/81b lim: 4 exec/s: 0 rss: 916Mb L: 2/4 MS: 4 CopyPart-Custom-ChangeByte-Custom-
#87	NEW    cov: 223 ft: 255 corp: 38/84b lim: 4 exec/s: 0 rss: 916Mb L: 3/4 MS: 2 ChangeByte-Custom-
#88	NEW    cov: 225 ft: 257 corp: 39/85b lim: 4 exec/s: 0 rss: 916Mb L: 1/4 MS: 2 ChangeByte-Custom-
INFO: Instrumented org.apache.commons.lang.ArrayUtils (took 252 ms, size +21%)
INFO: Instrumented org.apache.commons.lang.ObjectUtils (took 14 ms, size +28%)
INFO: #89	NEW    cov: 227 ft: 259 corp: 40/88b lim: 4 exec/s: 0 rss: 916Mb L: 3/4 MS: 2 ShuffleBytes-Custom-
#90	NEW    cov: 234 ft: 266 corp: 41/92b lim: 4 exec/s: 0 rss: 916Mb L: 4/4 MS: 2 ChangeBinInt-Custom-
#92	NEW    cov: 238 ft: 270 corp: 42/96b lim: 4 exec/s: 0 rss: 916Mb L: 4/4 MS: 4 ShuffleBytes-Custom-CrossOver-Custom-
Instrumented org.apache.commons.lang.ObjectUtils$Null (took 4 ms, size +43%)
#99	NEW    cov: 240 ft: 272 corp: 43/98b lim: 4 exec/s: 0 rss: 916Mb L: 2/4 MS: 4 ShuffleBytes-Custom-ShuffleBytes-Custom-
#102	NEW    cov: 241 ft: 273 corp: 44/101b lim: 4 exec/s: 0 rss: 916Mb L: 3/4 MS: 6 PersAutoDict-Custom-ShuffleBytes-Custom-ShuffleBytes-Custom- DE: "\377u"-
#104	NEW    cov: 248 ft: 280 corp: 45/104b lim: 4 exec/s: 0 rss: 916Mb L: 3/4 MS: 4 CopyPart-Custom-CopyPart-Custom-
#108	NEW    cov: 251 ft: 285 corp: 46/108b lim: 4 exec/s: 0 rss: 916Mb L: 4/4 MS: 8 InsertByte-Custom-InsertByte-Custom-InsertByte-Custom-CrossOver-Custom-
#112	NEW    cov: 253 ft: 287 corp: 47/109b lim: 4 exec/s: 0 rss: 916Mb L: 1/4 MS: 8 CrossOver-Custom-ChangeBit-Custom-EraseBytes-Custom-ChangeByte-Custom-
#113	NEW    cov: 256 ft: 290 corp: 48/110b lim: 4 exec/s: 0 rss: 916Mb L: 1/4 MS: 2 ChangeByte-Custom-
#121	NEW    cov: 267 ft: 301 corp: 49/111b lim: 4 exec/s: 0 rss: 916Mb L: 1/4 MS: 6 ChangeBit-Custom-ChangeBit-Custom-EraseBytes-Custom-
#123	NEW    cov: 269 ft: 303 corp: 50/115b lim: 4 exec/s: 0 rss: 916Mb L: 4/4 MS: 4 ChangeBinInt-Custom-ChangeBinInt-Custom-
#125	REDUCE cov: 269 ft: 303 corp: 50/114b lim: 4 exec/s: 0 rss: 916Mb L: 1/4 MS: 4 CopyPart-Custom-EraseBytes-Custom-
#126	NEW    cov: 269 ft: 305 corp: 51/118b lim: 4 exec/s: 0 rss: 916Mb L: 4/4 MS: 2 CopyPart-Custom-
#127	NEW    cov: 271 ft: 307 corp: 52/122b lim: 4 exec/s: 0 rss: 916Mb L: 4/4 MS: 2 CopyPart-Custom-
#128	NEW    cov: 276 ft: 312 corp: 53/123b lim: 4 exec/s: 0 rss: 916Mb L: 1/4 MS: 2 ChangeByte-Custom-
#129	NEW    cov: 277 ft: 313 corp: 54/125b lim: 4 exec/s: 0 rss: 916Mb L: 2/4 MS: 2 PersAutoDict-Custom- DE: "\377u"-
#136	NEW    cov: 277 ft: 315 corp: 55/128b lim: 4 exec/s: 0 rss: 916Mb L: 3/4 MS: 4 ShuffleBytes-Custom-InsertByte-Custom-
#146	NEW    cov: 288 ft: 326 corp: 56/129b lim: 4 exec/s: 0 rss: 916Mb L: 1/4 MS: 10 CrossOver-Custom-EraseBytes-Custom-CopyPart-Custom-CrossOver-Custom-ChangeBit-Custom-
#147	NEW    cov: 292 ft: 330 corp: 57/131b lim: 4 exec/s: 0 rss: 916Mb L: 2/4 MS: 2 EraseBytes-Custom-
#152	NEW    cov: 294 ft: 332 corp: 58/133b lim: 4 exec/s: 0 rss: 916Mb L: 2/4 MS: 10 ChangeByte-Custom-ChangeByte-Custom-ShuffleBytes-Custom-PersAutoDict-Custom-ChangeByte-Custom- DE: "\000\006"-
#155	NEW    cov: 296 ft: 334 corp: 59/135b lim: 4 exec/s: 0 rss: 916Mb L: 2/4 MS: 6 EraseBytes-Custom-ShuffleBytes-Custom-ChangeByte-Custom-
#161	NEW    cov: 296 ft: 341 corp: 60/138b lim: 4 exec/s: 0 rss: 916Mb L: 3/4 MS: 2 CrossOver-Custom-
#162	NEW    cov: 296 ft: 342 corp: 61/141b lim: 4 exec/s: 0 rss: 916Mb L: 3/4 MS: 2 ChangeByte-Custom-
#164	REDUCE cov: 296 ft: 342 corp: 61/140b lim: 4 exec/s: 0 rss: 916Mb L: 1/4 MS: 4 ChangeByte-Custom-EraseBytes-Custom-
#173	NEW    cov: 299 ft: 345 corp: 62/143b lim: 4 exec/s: 0 rss: 916Mb L: 3/4 MS: 8 ShuffleBytes-Custom-CopyPart-Custom-CopyPart-Custom-ChangeBit-Custom-
#176	NEW    cov: 300 ft: 346 corp: 63/146b lim: 4 exec/s: 0 rss: 916Mb L: 3/4 MS: 6 ChangeBit-Custom-ChangeBinInt-Custom-ChangeByte-Custom-
#181	NEW    cov: 305 ft: 351 corp: 64/150b lim: 4 exec/s: 0 rss: 916Mb L: 4/4 MS: 10 ShuffleBytes-Custom-ChangeBit-Custom-CopyPart-Custom-ChangeBinInt-Custom-ShuffleBytes-Custom-
#187	NEW    cov: 308 ft: 354 corp: 65/151b lim: 4 exec/s: 0 rss: 916Mb L: 1/4 MS: 2 ChangeBit-Custom-
#192	NEW    cov: 308 ft: 359 corp: 66/155b lim: 4 exec/s: 0 rss: 916Mb L: 4/4 MS: 10 ShuffleBytes-Custom-ChangeBit-Custom-ChangeBinInt-Custom-CrossOver-Custom-CMP-Custom- DE: "\000\000\000\000"-
#197	NEW    cov: 308 ft: 362 corp: 67/159b lim: 4 exec/s: 0 rss: 916Mb L: 4/4 MS: 10 PersAutoDict-Custom-CrossOver-Custom-EraseBytes-Custom-CopyPart-Custom-ChangeByte-Custom- DE: "\000\006"-
INFO: Instrumented org.apache.commons.lang.WordUtils (took 20 ms, size +37%)
DEDUP_TOKEN: 14fff386134d5657
#210	NEW    cov: 308 ft: 365 corp: 68/162b lim: 4 exec/s: 0 rss: 916Mb L: 3/4 MS: 6 InsertByte-Custom-ShuffleBytes-Custom-CrossOver-Custom-
#214	NEW    cov: 310 ft: 367 corp: 69/165b lim: 4 exec/s: 0 rss: 916Mb L: 3/4 MS: 8 ShuffleBytes-Custom-EraseBytes-Custom-ChangeBit-Custom-InsertByte-Custom-
MS: 8 PersAutoDict-Custom-EraseBytes-Custom-ShuffleBytes-Custom-ChangeBinInt-Custom- DE: "\000\006"-; base unit: 518f850d5cacfa2da7a38fa41c4eb4a43eb78860
0x6,0xcc,
\006\314
artifact_prefix='/tmp/bugrun/lang_56.WBU6LX/'; Test unit written to /tmp/bugrun/lang_56.WBU6LX/crash-fd80868ea9c3d65373b9cd23fd41f06948d46022
Base64: Bsw=
Done 218 runs in 0 second(s)
[ERROR] Tests run: 2, Failures: 0, Errors: 1, Skipped: 0, Time elapsed: 9.889 s <<< FAILURE! -- in com.example.algorithm2.Algorithm2Test
[ERROR] com.example.algorithm2.Algorithm2Test.testParameterizedFuzzer(FuzzedDataProvider)[2] -- Time elapsed: 0.634 s <<< ERROR!
java.lang.IllegalArgumentException: Minimum abbreviation width is 4
	at org.apache.commons.lang.StringUtils.abbreviate(StringUtils.java:4775)
	at org.apache.commons.lang.StringUtils.abbreviate(StringUtils.java:4732)
	at java.base/jdk.internal.reflect.NativeMethodAccessorImpl.invoke0(Native Method)
	at java.base/jdk.internal.reflect.NativeMethodAccessorImpl.invoke(NativeMethodAccessorImpl.java:62)
	at java.base/jdk.internal.reflect.DelegatingMethodAccessorImpl.invoke(DelegatingMethodAccessorImpl.java:43)
	at java.base/java.lang.reflect.Method.invoke(Method.java:566)
	at com.example.algorithm2.Algorithm2Test.testParameterizedFuzzer(Algorithm2Test.java:226)

[INFO] 
[INFO] Results:
[INFO] 
[ERROR] Errors: 
[ERROR]   Algorithm2Test.testParameterizedFuzzer:226 » IllegalArgument Minimum abbreviation width is 4
[INFO] 
[ERROR] Tests run: 2, Failures: 0, Errors: 1, Skipped: 0
[INFO] 
[ERROR] 

Please refer to /tmp/bugrun/lang_56.WBU6LX/target/surefire-reports for the individual test results.
Please refer to dump files (if any exist) [date].dump, [date]-jvmRun[N].dump and [date].dumpstream.
[INFO] 
[INFO] --- jacoco:0.8.11:report (default-cli) @ AlgorithmName2 ---
[INFO] Loading execution data file /tmp/bugrun/lang_56.WBU6LX/target/jacoco.exec
[INFO] Analyzed bundle 'AlgorithmName2' with 120 classes
[INFO] ------------------------------------------------------------------------
[INFO] BUILD SUCCESS
[INFO] ------------------------------------------------------------------------
[INFO] Total time:  20.050 s
[INFO] Finished at: 2026-10-06T03:51:53+07:00
[INFO] ------------------------------------------------------------------------
