[INFO] Scanning for projects...
[INFO] 
[INFO] ---------------------< com.example:AlgorithmName2 >---------------------
[INFO] Building AlgorithmName2 1.0-SNAPSHOT
[INFO]   from pom.xml
[INFO] --------------------------------[ jar ]---------------------------------
[INFO] 
[INFO] --- jacoco:0.8.11:prepare-agent (default) @ AlgorithmName2 ---
[INFO] argLine set to -javaagent:/home/kanyaphak673380391-3/.m2/repository/org/jacoco/org.jacoco.agent/0.8.11/org.jacoco.agent-0.8.11-runtime.jar=destfile=/tmp/bugrun/lang_42.EeSukJ/target/jacoco.exec
[INFO] 
[INFO] --- resources:3.4.0:resources (default-resources) @ AlgorithmName2 ---
[INFO] Copying 1 resource from src/main/resources to target/classes
[INFO] 
[INFO] --- compiler:3.15.0:compile (default-compile) @ AlgorithmName2 ---
[INFO] Recompiling the module because of changed source code.
[INFO] Compiling 1 source file with javac [debug target 1.8] to target/classes
[WARNING] bootstrap class path not set in conjunction with -source 8
[INFO] 
[INFO] --- dependency:3.6.0:unpack-dependencies (unpack-defects4j) @ AlgorithmName2 ---
[INFO] 
[INFO] --- resources:3.4.0:testResources (default-testResources) @ AlgorithmName2 ---
[INFO] skip non existing resourceDirectory /tmp/bugrun/lang_42.EeSukJ/src/test/resources
[INFO] 
[INFO] --- compiler:3.15.0:testCompile (default-testCompile) @ AlgorithmName2 ---
[INFO] Recompiling the module because of changed dependency.
[INFO] Compiling 1 source file with javac [debug target 1.8] to target/test-classes
[WARNING] bootstrap class path not set in conjunction with -source 8
[INFO] 
[INFO] --- surefire:3.1.2:test (default-cli) @ AlgorithmName2 ---
[INFO] Using auto detected provider org.apache.maven.surefire.junitplatform.JUnitPlatformProvider
[INFO] 
[INFO] -------------------------------------------------------
[INFO]  T E S T S
[INFO] -------------------------------------------------------
[INFO] Running com.example.algorithm2.Algorithm2Test
OpenJDK 64-Bit Server VM warning: Sharing is only supported for boot loader classes because bootstrap classpath has been appended
INFO: Loaded 288 hooks from com.code_intelligence.jazzer.runtime.TraceCmpHooks
INFO: Loaded 5 hooks from com.code_intelligence.jazzer.runtime.TraceDivHooks
INFO: Loaded 2 hooks from com.code_intelligence.jazzer.runtime.TraceIndirHooks
INFO: Loaded 4 hooks from com.code_intelligence.jazzer.runtime.NativeLibHooks
INFO: Loaded 2 hooks from com.code_intelligence.jazzer.sanitizers.ClojureLangHooks
INFO: Loaded 5 hooks from com.code_intelligence.jazzer.sanitizers.Deserialization
INFO: Loaded 5 hooks from com.code_intelligence.jazzer.sanitizers.ExpressionLanguageInjection
INFO: Loaded 70 hooks from com.code_intelligence.jazzer.sanitizers.LdapInjection
INFO: Loaded 46 hooks from com.code_intelligence.jazzer.sanitizers.NamingContextLookup
INFO: Loaded 1 hooks from com.code_intelligence.jazzer.sanitizers.OsCommandInjection
INFO: Loaded 52 hooks from com.code_intelligence.jazzer.sanitizers.ReflectiveCall
INFO: Loaded 8 hooks from com.code_intelligence.jazzer.sanitizers.RegexInjection
INFO: Loaded 16 hooks from com.code_intelligence.jazzer.sanitizers.RegexRoadblocks
INFO: Loaded 18 hooks from com.code_intelligence.jazzer.sanitizers.ScriptEngineInjection
INFO: Loaded 2 hooks from com.code_intelligence.jazzer.sanitizers.ServerSideRequestForgery
INFO: Loaded 19 hooks from com.code_intelligence.jazzer.sanitizers.SqlInjection
INFO: Loaded 6 hooks from com.code_intelligence.jazzer.sanitizers.XPathInjection
INFO: Instrumented com.example.algorithm2.Algorithm2Test$Skip (took 137 ms, size +44%)
INFO: Instrumented com.example.algorithm2.Algorithm2Test (took 126 ms, size +27%)
INFO: New number of coverage counters: 1024
INFO: New number of coverage counters: 2048
INFO: Instrumented org.apache.commons.lang.StringUtils (took 343 ms, size +32%)
[harness] Fallback target loaded: org.apache.commons.lang.StringUtils (original was org.apache.commons.lang3.StringUtils)
[harness] target=org.apache.commons.lang.StringUtils factories=1 methods=155
INFO: Instrumented org.apache.commons.lang.StringEscapeUtils (took 22 ms, size +20%)
INFO: Instrumented org.apache.commons.lang.UnhandledException (took 9 ms, size +40%)
INFO: Instrumented org.apache.commons.lang.exception.NestableRuntimeException (took 12 ms, size +22%)
INFO: Instrumented org.apache.commons.lang.exception.Nestable (took 1 ms, size +0%)
INFO: found LLVMFuzzerCustomMutator (0x73b1f816acd0). Disabling -len_control by default.
INFO: Running with entropic power schedule (0xFF, 100).
INFO: Seed: 145781966
INFO: Loaded 3 modules   (2048 inline 8-bit counters): 512 [0x73b258c28dd0, 0x73b258c28fd0), 512 [0x73b258c28fd0, 0x73b258c291d0), 1024 [0x73b258c291d0, 0x73b258c295d0), 
INFO: Loaded 3 PC tables (2048 PCs): 512 [0x73b258b8da60,0x73b258b8fa60), 512 [0x73b2586f2930,0x73b2586f4930), 1024 [0x73b258b7e290,0x73b258b82290), 
INFO:        0 files found in /tmp/bugrun/lang_42.EeSukJ/.cifuzz-corpus/com.example.algorithm2.Algorithm2Test/testParameterizedFuzzer
INFO:        0 files found in /tmp/jazzer-java-seeds10189111200352386544
INFO: -max_len is not provided; libFuzzer will not generate inputs larger than 4096 bytes
INFO: A corpus is not provided, starting from an empty corpus
#2	INITED cov: 42 ft: 42 corp: 1/1b exec/s: 0 rss: 945Mb
#8	NEW    cov: 45 ft: 45 corp: 2/2b lim: 4 exec/s: 0 rss: 946Mb L: 1/1 MS: 2 ChangeByte-Custom-
#9	NEW    cov: 47 ft: 47 corp: 3/3b lim: 4 exec/s: 0 rss: 946Mb L: 1/1 MS: 2 ChangeByte-Custom-
#10	NEW    cov: 60 ft: 62 corp: 4/4b lim: 4 exec/s: 0 rss: 946Mb L: 1/1 MS: 2 ChangeByte-Custom-
#15	NEW    cov: 63 ft: 65 corp: 5/8b lim: 4 exec/s: 0 rss: 946Mb L: 4/4 MS: 10 CopyPart-Custom-CrossOver-Custom-ChangeBit-Custom-CopyPart-Custom-CopyPart-Custom-
#17	NEW    cov: 64 ft: 66 corp: 6/9b lim: 4 exec/s: 0 rss: 946Mb L: 1/4 MS: 4 InsertByte-Custom-EraseBytes-Custom-
#18	NEW    cov: 66 ft: 68 corp: 7/10b lim: 4 exec/s: 0 rss: 946Mb L: 1/4 MS: 2 ChangeBit-Custom-
#19	NEW    cov: 68 ft: 70 corp: 8/13b lim: 4 exec/s: 0 rss: 946Mb L: 3/4 MS: 2 CrossOver-Custom-
#20	NEW    cov: 71 ft: 73 corp: 9/17b lim: 4 exec/s: 0 rss: 946Mb L: 4/4 MS: 2 ChangeBinInt-Custom-
#24	NEW    cov: 77 ft: 79 corp: 10/19b lim: 4 exec/s: 0 rss: 946Mb L: 2/4 MS: 8 CopyPart-Custom-EraseBytes-Custom-ShuffleBytes-Custom-InsertByte-Custom-
#25	NEW    cov: 83 ft: 85 corp: 11/20b lim: 4 exec/s: 0 rss: 946Mb L: 1/4 MS: 2 ChangeBit-Custom-
#27	NEW    cov: 88 ft: 90 corp: 12/21b lim: 4 exec/s: 0 rss: 946Mb L: 1/4 MS: 4 ChangeBit-Custom-ChangeBit-Custom-
#31	NEW    cov: 91 ft: 93 corp: 13/22b lim: 4 exec/s: 0 rss: 949Mb L: 1/4 MS: 8 ChangeByte-Custom-CopyPart-Custom-EraseBytes-Custom-EraseBytes-Custom-
#33	NEW    cov: 94 ft: 96 corp: 14/26b lim: 4 exec/s: 0 rss: 949Mb L: 4/4 MS: 4 ShuffleBytes-Custom-ChangeBit-Custom-
#37	NEW    cov: 95 ft: 97 corp: 15/28b lim: 4 exec/s: 0 rss: 949Mb L: 2/4 MS: 8 CrossOver-Custom-ChangeByte-Custom-EraseBytes-Custom-ShuffleBytes-Custom-
#42	NEW    cov: 103 ft: 105 corp: 16/32b lim: 4 exec/s: 0 rss: 949Mb L: 4/4 MS: 10 EraseBytes-Custom-InsertByte-Custom-ChangeBit-Custom-ChangeBit-Custom-CopyPart-Custom-
#46	NEW    cov: 105 ft: 107 corp: 17/34b lim: 4 exec/s: 0 rss: 949Mb L: 2/4 MS: 8 CrossOver-Custom-InsertByte-Custom-InsertByte-Custom-EraseBytes-Custom-
#47	NEW    cov: 107 ft: 109 corp: 18/35b lim: 4 exec/s: 0 rss: 949Mb L: 1/4 MS: 2 ChangeBit-Custom-
#48	NEW    cov: 112 ft: 118 corp: 19/39b lim: 4 exec/s: 0 rss: 949Mb L: 4/4 MS: 2 ShuffleBytes-Custom-
#49	NEW    cov: 113 ft: 119 corp: 20/40b lim: 4 exec/s: 0 rss: 949Mb L: 1/4 MS: 2 ChangeASCIIInt-Custom-
#52	NEW    cov: 115 ft: 121 corp: 21/44b lim: 4 exec/s: 0 rss: 949Mb L: 4/4 MS: 6 CrossOver-Custom-CopyPart-Custom-CrossOver-Custom-
INFO: using inputs from: /tmp/bugrun/lang_42.EeSukJ/.cifuzz-corpus/com.example.algorithm2.Algorithm2Test/testParameterizedFuzzer
INFO: using inputs from: /tmp/jazzer-java-seeds10189111200352386544
INFO: New number of coverage counters: 4096
#56	NEW    cov: 124 ft: 130 corp: 22/47b lim: 4 exec/s: 0 rss: 951Mb L: 3/4 MS: 8 CrossOver-Custom-CopyPart-Custom-InsertByte-Custom-ChangeBinInt-Custom-
#58	NEW    cov: 126 ft: 132 corp: 23/48b lim: 4 exec/s: 0 rss: 951Mb L: 1/4 MS: 4 ShuffleBytes-Custom-ChangeBinInt-Custom-
#61	NEW    cov: 129 ft: 135 corp: 24/49b lim: 4 exec/s: 0 rss: 951Mb L: 1/4 MS: 6 CrossOver-Custom-ShuffleBytes-Custom-ChangeBit-Custom-
#64	NEW    cov: 135 ft: 151 corp: 25/53b lim: 4 exec/s: 0 rss: 951Mb L: 4/4 MS: 6 ShuffleBytes-Custom-CMP-Custom-ShuffleBytes-Custom- DE: "\245\000"-
#67	NEW    cov: 136 ft: 152 corp: 26/55b lim: 4 exec/s: 0 rss: 951Mb L: 2/4 MS: 6 CopyPart-Custom-InsertByte-Custom-ChangeByte-Custom-
#74	NEW    cov: 136 ft: 153 corp: 27/59b lim: 4 exec/s: 0 rss: 951Mb L: 4/4 MS: 4 ShuffleBytes-Custom-CrossOver-Custom-
#79	NEW    cov: 137 ft: 154 corp: 28/61b lim: 4 exec/s: 0 rss: 951Mb L: 2/4 MS: 10 ShuffleBytes-Custom-ShuffleBytes-Custom-ShuffleBytes-Custom-ShuffleBytes-Custom-EraseBytes-Custom-
#82	NEW    cov: 152 ft: 169 corp: 29/65b lim: 4 exec/s: 0 rss: 951Mb L: 4/4 MS: 6 CrossOver-Custom-ShuffleBytes-Custom-ChangeBit-Custom-
#83	NEW    cov: 157 ft: 174 corp: 30/68b lim: 4 exec/s: 0 rss: 951Mb L: 3/4 MS: 2 ChangeByte-Custom-
#91	NEW    cov: 161 ft: 178 corp: 31/69b lim: 4 exec/s: 0 rss: 951Mb L: 1/4 MS: 6 ChangeBinInt-Custom-ShuffleBytes-Custom-ChangeByte-Custom-
#101	NEW    cov: 162 ft: 179 corp: 32/72b lim: 4 exec/s: 0 rss: 951Mb L: 3/4 MS: 10 CrossOver-Custom-EraseBytes-Custom-InsertByte-Custom-CrossOver-Custom-PersAutoDict-Custom- DE: "\245\000"-
#102	NEW    cov: 162 ft: 181 corp: 33/76b lim: 4 exec/s: 0 rss: 951Mb L: 4/4 MS: 2 CopyPart-Custom-
#107	NEW    cov: 164 ft: 183 corp: 34/79b lim: 4 exec/s: 0 rss: 951Mb L: 3/4 MS: 10 CrossOver-Custom-CopyPart-Custom-CopyPart-Custom-CrossOver-Custom-ChangeByte-Custom-
#118	NEW    cov: 165 ft: 184 corp: 35/80b lim: 4 exec/s: 0 rss: 951Mb L: 1/4 MS: 2 ChangeBit-Custom-
#119	NEW    cov: 165 ft: 191 corp: 36/84b lim: 4 exec/s: 0 rss: 951Mb L: 4/4 MS: 2 CopyPart-Custom-
#122	NEW    cov: 168 ft: 194 corp: 37/85b lim: 4 exec/s: 0 rss: 951Mb L: 1/4 MS: 6 CopyPart-Custom-ShuffleBytes-Custom-ChangeBit-Custom-
#123	NEW    cov: 169 ft: 195 corp: 38/86b lim: 4 exec/s: 0 rss: 951Mb L: 1/4 MS: 2 ChangeBit-Custom-
#125	NEW    cov: 172 ft: 198 corp: 39/88b lim: 4 exec/s: 0 rss: 951Mb L: 2/4 MS: 4 CrossOver-Custom-InsertByte-Custom-
#127	NEW    cov: 175 ft: 201 corp: 40/89b lim: 4 exec/s: 0 rss: 951Mb L: 1/4 MS: 4 ShuffleBytes-Custom-ChangeBinInt-Custom-
#138	NEW    cov: 178 ft: 204 corp: 41/93b lim: 4 exec/s: 0 rss: 951Mb L: 4/4 MS: 2 ChangeBinInt-Custom-
#140	NEW    cov: 181 ft: 207 corp: 42/94b lim: 4 exec/s: 0 rss: 951Mb L: 1/4 MS: 4 CrossOver-Custom-ChangeBit-Custom-
#144	NEW    cov: 187 ft: 213 corp: 43/98b lim: 4 exec/s: 0 rss: 951Mb L: 4/4 MS: 8 ChangeByte-Custom-ShuffleBytes-Custom-CrossOver-Custom-ChangeBinInt-Custom-
#151	NEW    cov: 189 ft: 215 corp: 44/100b lim: 4 exec/s: 0 rss: 951Mb L: 2/4 MS: 4 ChangeBit-Custom-EraseBytes-Custom-
#153	NEW    cov: 193 ft: 219 corp: 45/102b lim: 4 exec/s: 0 rss: 951Mb L: 2/4 MS: 4 CrossOver-Custom-ChangeByte-Custom-
#161	NEW    cov: 195 ft: 221 corp: 46/103b lim: 4 exec/s: 0 rss: 951Mb L: 1/4 MS: 6 ShuffleBytes-Custom-CopyPart-Custom-ChangeByte-Custom-
#164	NEW    cov: 197 ft: 223 corp: 47/107b lim: 4 exec/s: 0 rss: 951Mb L: 4/4 MS: 6 CopyPart-Custom-CopyPart-Custom-CrossOver-Custom-
#165	NEW    cov: 197 ft: 224 corp: 48/110b lim: 4 exec/s: 0 rss: 951Mb L: 3/4 MS: 2 CMP-Custom- DE: "~\000"-
#166	NEW    cov: 201 ft: 228 corp: 49/114b lim: 4 exec/s: 0 rss: 951Mb L: 4/4 MS: 2 ChangeBit-Custom-
#167	NEW    cov: 203 ft: 230 corp: 50/116b lim: 4 exec/s: 0 rss: 951Mb L: 2/4 MS: 2 ChangeBinInt-Custom-
#171	NEW    cov: 204 ft: 233 corp: 51/120b lim: 4 exec/s: 0 rss: 951Mb L: 4/4 MS: 8 ShuffleBytes-Custom-CopyPart-Custom-ShuffleBytes-Custom-ChangeBit-Custom-
#172	NEW    cov: 207 ft: 236 corp: 52/121b lim: 4 exec/s: 0 rss: 951Mb L: 1/4 MS: 2 ChangeBit-Custom-
#174	NEW    cov: 211 ft: 240 corp: 53/124b lim: 4 exec/s: 0 rss: 951Mb L: 3/4 MS: 4 InsertByte-Custom-InsertByte-Custom-
#179	NEW    cov: 212 ft: 243 corp: 54/128b lim: 4 exec/s: 0 rss: 951Mb L: 4/4 MS: 10 ShuffleBytes-Custom-ChangeBit-Custom-ChangeByte-Custom-ChangeByte-Custom-CMP-Custom- DE: "\245\000\000\000"-
#181	NEW    cov: 213 ft: 244 corp: 55/132b lim: 4 exec/s: 0 rss: 951Mb L: 4/4 MS: 4 CrossOver-Custom-CrossOver-Custom-
#188	NEW    cov: 215 ft: 246 corp: 56/133b lim: 4 exec/s: 0 rss: 951Mb L: 1/4 MS: 4 ShuffleBytes-Custom-ChangeBit-Custom-
#191	NEW    cov: 219 ft: 250 corp: 57/135b lim: 4 exec/s: 0 rss: 951Mb L: 2/4 MS: 6 ChangeByte-Custom-CrossOver-Custom-ChangeBit-Custom-
#194	NEW    cov: 219 ft: 253 corp: 58/139b lim: 4 exec/s: 0 rss: 951Mb L: 4/4 MS: 6 InsertByte-Custom-CopyPart-Custom-CopyPart-Custom-
#198	NEW    cov: 222 ft: 256 corp: 59/140b lim: 4 exec/s: 0 rss: 951Mb L: 1/4 MS: 8 EraseBytes-Custom-ChangeByte-Custom-CrossOver-Custom-ChangeBit-Custom-
#199	NEW    cov: 243 ft: 279 corp: 60/144b lim: 4 exec/s: 0 rss: 951Mb L: 4/4 MS: 2 ChangeBinInt-Custom-
#206	NEW    cov: 245 ft: 281 corp: 61/148b lim: 4 exec/s: 0 rss: 951Mb L: 4/4 MS: 4 ChangeByte-Custom-ChangeByte-Custom-
#207	NEW    cov: 247 ft: 283 corp: 62/149b lim: 4 exec/s: 0 rss: 951Mb L: 1/4 MS: 2 ChangeByte-Custom-
#219	NEW    cov: 249 ft: 285 corp: 63/151b lim: 4 exec/s: 0 rss: 951Mb L: 2/4 MS: 4 EraseBytes-Custom-ChangeByte-Custom-
#220	NEW    cov: 249 ft: 288 corp: 64/155b lim: 4 exec/s: 0 rss: 951Mb L: 4/4 MS: 2 ChangeBinInt-Custom-
#222	NEW    cov: 250 ft: 289 corp: 65/159b lim: 4 exec/s: 0 rss: 951Mb L: 4/4 MS: 4 PersAutoDict-Custom-ShuffleBytes-Custom- DE: "\245\000"-
#225	NEW    cov: 253 ft: 292 corp: 66/160b lim: 4 exec/s: 0 rss: 951Mb L: 1/4 MS: 6 ChangeByte-Custom-ChangeBinInt-Custom-CrossOver-Custom-
#231	REDUCE cov: 253 ft: 292 corp: 66/159b lim: 4 exec/s: 0 rss: 951Mb L: 3/4 MS: 2 EraseBytes-Custom-
#235	NEW    cov: 256 ft: 295 corp: 67/163b lim: 4 exec/s: 0 rss: 951Mb L: 4/4 MS: 8 EraseBytes-Custom-InsertByte-Custom-CopyPart-Custom-ChangeBinInt-Custom-
#237	NEW    cov: 258 ft: 297 corp: 68/164b lim: 4 exec/s: 0 rss: 951Mb L: 1/4 MS: 4 CopyPart-Custom-ChangeBit-Custom-
#238	NEW    cov: 269 ft: 311 corp: 69/166b lim: 4 exec/s: 0 rss: 951Mb L: 2/4 MS: 2 InsertByte-Custom-
#243	NEW    cov: 273 ft: 315 corp: 70/170b lim: 4 exec/s: 0 rss: 951Mb L: 4/4 MS: 10 ShuffleBytes-Custom-PersAutoDict-Custom-InsertByte-Custom-ShuffleBytes-Custom-ChangeByte-Custom- DE: "~\000"-
#252	NEW    cov: 276 ft: 318 corp: 71/174b lim: 4 exec/s: 0 rss: 951Mb L: 4/4 MS: 8 ShuffleBytes-Custom-ShuffleBytes-Custom-PersAutoDict-Custom-ChangeByte-Custom- DE: "\245\000"-
#258	NEW    cov: 277 ft: 319 corp: 72/175b lim: 4 exec/s: 0 rss: 951Mb L: 1/4 MS: 2 ChangeASCIIInt-Custom-
#259	REDUCE cov: 277 ft: 319 corp: 72/174b lim: 4 exec/s: 0 rss: 951Mb L: 3/4 MS: 2 EraseBytes-Custom-
#262	NEW    cov: 280 ft: 322 corp: 73/177b lim: 4 exec/s: 0 rss: 951Mb L: 3/4 MS: 6 InsertByte-Custom-ChangeBit-Custom-ChangeBit-Custom-
#273	NEW    cov: 283 ft: 325 corp: 74/181b lim: 4 exec/s: 0 rss: 951Mb L: 4/4 MS: 2 ChangeBinInt-Custom-
#304	NEW    cov: 284 ft: 326 corp: 75/183b lim: 4 exec/s: 0 rss: 951Mb L: 2/4 MS: 2 InsertByte-Custom-
#310	NEW    cov: 285 ft: 327 corp: 76/184b lim: 4 exec/s: 0 rss: 951Mb L: 1/4 MS: 2 ChangeBit-Custom-
INFO: Instrumented org.apache.commons.lang.ArrayUtils (took 213 ms, size +21%)
INFO: Instrumented org.apache.commons.lang.CharUtils (took 17 ms, size +26%)
#320	NEW    cov: 287 ft: 329 corp: 77/187b lim: 4 exec/s: 0 rss: 951Mb L: 3/4 MS: 10 ChangeBit-Custom-InsertByte-Custom-ChangeBit-Custom-PersAutoDict-Custom-CrossOver-Custom- DE: "\245\000"-
#326	NEW    cov: 289 ft: 331 corp: 78/191b lim: 4 exec/s: 0 rss: 951Mb L: 4/4 MS: 2 CopyPart-Custom-
#327	NEW    cov: 293 ft: 335 corp: 79/195b lim: 4 exec/s: 0 rss: 951Mb L: 4/4 MS: 2 ShuffleBytes-Custom-
#329	NEW    cov: 294 ft: 336 corp: 80/197b lim: 4 exec/s: 0 rss: 951Mb L: 2/4 MS: 4 ChangeBit-Custom-ShuffleBytes-Custom-
#345	REDUCE cov: 294 ft: 336 corp: 80/196b lim: 4 exec/s: 0 rss: 951Mb L: 3/4 MS: 2 EraseBytes-Custom-
#351	NEW    cov: 294 ft: 340 corp: 81/200b lim: 4 exec/s: 0 rss: 951Mb L: 4/4 MS: 2 ChangeBinInt-Custom-
#354	NEW    cov: 303 ft: 349 corp: 82/204b lim: 4 exec/s: 0 rss: 951Mb L: 4/4 MS: 6 CrossOver-Custom-ShuffleBytes-Custom-ChangeBinInt-Custom-
#361	NEW    cov: 304 ft: 350 corp: 83/208b lim: 4 exec/s: 0 rss: 951Mb L: 4/4 MS: 4 ChangeByte-Custom-ShuffleBytes-Custom-
#366	NEW    cov: 307 ft: 353 corp: 84/212b lim: 4 exec/s: 0 rss: 951Mb L: 4/4 MS: 10 ChangeByte-Custom-CrossOver-Custom-CopyPart-Custom-PersAutoDict-Custom-ChangeByte-Custom- DE: "~\000"-
#375	NEW    cov: 309 ft: 355 corp: 85/215b lim: 4 exec/s: 0 rss: 951Mb L: 3/4 MS: 8 PersAutoDict-Custom-ChangeBit-Custom-ChangeByte-Custom-EraseBytes-Custom- DE: "\245\000"-
#376	NEW    cov: 312 ft: 358 corp: 86/216b lim: 4 exec/s: 0 rss: 951Mb L: 1/4 MS: 2 ChangeBit-Custom-
#381	NEW    cov: 313 ft: 359 corp: 87/219b lim: 4 exec/s: 0 rss: 951Mb L: 3/4 MS: 10 InsertByte-Custom-CopyPart-Custom-CopyPart-Custom-CopyPart-Custom-ChangeByte-Custom-
#394	NEW    cov: 313 ft: 360 corp: 88/223b lim: 4 exec/s: 0 rss: 951Mb L: 4/4 MS: 6 CopyPart-Custom-PersAutoDict-Custom-ChangeBit-Custom- DE: "\245\000"-
#400	NEW    cov: 314 ft: 361 corp: 89/227b lim: 4 exec/s: 0 rss: 951Mb L: 4/4 MS: 2 ChangeByte-Custom-
#403	NEW    cov: 317 ft: 364 corp: 90/231b lim: 4 exec/s: 0 rss: 951Mb L: 4/4 MS: 6 ChangeByte-Custom-ChangeBit-Custom-ChangeBinInt-Custom-
#404	REDUCE cov: 317 ft: 364 corp: 90/229b lim: 4 exec/s: 0 rss: 951Mb L: 2/4 MS: 2 EraseBytes-Custom-
#412	NEW    cov: 318 ft: 365 corp: 91/233b lim: 4 exec/s: 0 rss: 951Mb L: 4/4 MS: 6 ChangeByte-Custom-InsertByte-Custom-ShuffleBytes-Custom-
#425	NEW    cov: 325 ft: 372 corp: 92/236b lim: 4 exec/s: 0 rss: 951Mb L: 3/4 MS: 6 CrossOver-Custom-CopyPart-Custom-ChangeByte-Custom-
#427	NEW    cov: 327 ft: 374 corp: 93/240b lim: 4 exec/s: 0 rss: 951Mb L: 4/4 MS: 4 ShuffleBytes-Custom-CMP-Custom- DE: "\000\227"-
#429	NEW    cov: 329 ft: 376 corp: 94/243b lim: 4 exec/s: 0 rss: 951Mb L: 3/4 MS: 4 PersAutoDict-Custom-ShuffleBytes-Custom- DE: "~\000"-
#430	NEW    cov: 331 ft: 378 corp: 95/245b lim: 4 exec/s: 0 rss: 951Mb L: 2/4 MS: 2 ChangeBit-Custom-
#431	NEW    cov: 333 ft: 380 corp: 96/248b lim: 4 exec/s: 0 rss: 951Mb L: 3/4 MS: 2 PersAutoDict-Custom- DE: "\245\000"-
#436	NEW    cov: 335 ft: 382 corp: 97/250b lim: 4 exec/s: 0 rss: 951Mb L: 2/4 MS: 10 EraseBytes-Custom-PersAutoDict-Custom-CrossOver-Custom-CrossOver-Custom-ChangeBinInt-Custom- DE: "~\000"-
#438	NEW    cov: 338 ft: 385 corp: 98/251b lim: 4 exec/s: 0 rss: 951Mb L: 1/4 MS: 4 ShuffleBytes-Custom-ChangeASCIIInt-Custom-
#452	NEW    cov: 341 ft: 388 corp: 99/253b lim: 4 exec/s: 0 rss: 951Mb L: 2/4 MS: 8 CrossOver-Custom-CMP-Custom-CMP-Custom-EraseBytes-Custom- DE: "\001\234"-"\001\177"-
#453	NEW    cov: 352 ft: 399 corp: 100/256b lim: 4 exec/s: 0 rss: 951Mb L: 3/4 MS: 2 ChangeByte-Custom-
#462	NEW    cov: 360 ft: 407 corp: 101/259b lim: 4 exec/s: 0 rss: 951Mb L: 3/4 MS: 8 ChangeBinInt-Custom-PersAutoDict-Custom-ChangeBit-Custom-CopyPart-Custom- DE: "\000\227"-
#463	REDUCE cov: 360 ft: 407 corp: 101/258b lim: 4 exec/s: 0 rss: 951Mb L: 1/4 MS: 2 EraseBytes-Custom-
#465	NEW    cov: 363 ft: 410 corp: 102/259b lim: 4 exec/s: 0 rss: 951Mb L: 1/4 MS: 4 EraseBytes-Custom-ChangeBit-Custom-
#473	REDUCE cov: 369 ft: 416 corp: 103/262b lim: 4 exec/s: 0 rss: 951Mb L: 3/4 MS: 6 ChangeBit-Custom-CrossOver-Custom-InsertByte-Custom-
#474	NEW    cov: 370 ft: 417 corp: 104/266b lim: 4 exec/s: 0 rss: 951Mb L: 4/4 MS: 2 CrossOver-Custom-
#482	NEW    cov: 376 ft: 423 corp: 105/267b lim: 4 exec/s: 0 rss: 951Mb L: 1/4 MS: 6 EraseBytes-Custom-ShuffleBytes-Custom-ChangeBinInt-Custom-
#483	NEW    cov: 378 ft: 427 corp: 106/270b lim: 4 exec/s: 0 rss: 951Mb L: 3/4 MS: 2 ChangeBinInt-Custom-
#485	NEW    cov: 379 ft: 428 corp: 107/273b lim: 4 exec/s: 0 rss: 951Mb L: 3/4 MS: 4 EraseBytes-Custom-CMP-Custom- DE: "\001\244"-
#487	NEW    cov: 380 ft: 429 corp: 108/274b lim: 4 exec/s: 0 rss: 951Mb L: 1/4 MS: 4 CopyPart-Custom-ChangeBit-Custom-
#504	NEW    cov: 381 ft: 430 corp: 109/276b lim: 4 exec/s: 0 rss: 951Mb L: 2/4 MS: 4 CrossOver-Custom-ChangeASCIIInt-Custom-
#525	NEW    cov: 381 ft: 434 corp: 110/279b lim: 4 exec/s: 0 rss: 951Mb L: 3/4 MS: 2 EraseBytes-Custom-
#528	NEW    cov: 382 ft: 435 corp: 111/283b lim: 4 exec/s: 0 rss: 951Mb L: 4/4 MS: 6 ShuffleBytes-Custom-CrossOver-Custom-ShuffleBytes-Custom-
#529	NEW    cov: 382 ft: 439 corp: 112/287b lim: 4 exec/s: 0 rss: 951Mb L: 4/4 MS: 2 ShuffleBytes-Custom-
#549	NEW    cov: 385 ft: 442 corp: 113/291b lim: 4 exec/s: 0 rss: 951Mb L: 4/4 MS: 10 CopyPart-Custom-ShuffleBytes-Custom-ShuffleBytes-Custom-ChangeBit-Custom-ChangeBit-Custom-
#559	NEW    cov: 386 ft: 443 corp: 114/293b lim: 4 exec/s: 0 rss: 951Mb L: 2/4 MS: 10 ChangeByte-Custom-InsertByte-Custom-ChangeByte-Custom-ChangeBit-Custom-CopyPart-Custom-
#562	NEW    cov: 387 ft: 444 corp: 115/295b lim: 4 exec/s: 0 rss: 951Mb L: 2/4 MS: 6 InsertByte-Custom-CopyPart-Custom-EraseBytes-Custom-
#583	NEW    cov: 398 ft: 455 corp: 116/297b lim: 4 exec/s: 0 rss: 951Mb L: 2/4 MS: 2 InsertByte-Custom-
#586	NEW    cov: 398 ft: 456 corp: 117/301b lim: 4 exec/s: 0 rss: 951Mb L: 4/4 MS: 6 ChangeBit-Custom-EraseBytes-Custom-PersAutoDict-Custom- DE: "\245\000"-
#587	NEW    cov: 399 ft: 457 corp: 118/304b lim: 4 exec/s: 0 rss: 951Mb L: 3/4 MS: 2 EraseBytes-Custom-
#590	REDUCE cov: 399 ft: 457 corp: 118/303b lim: 4 exec/s: 0 rss: 951Mb L: 3/4 MS: 6 CopyPart-Custom-ChangeByte-Custom-EraseBytes-Custom-
#594	NEW    cov: 405 ft: 463 corp: 119/306b lim: 4 exec/s: 0 rss: 951Mb L: 3/4 MS: 8 PersAutoDict-Custom-CMP-Custom-ChangeByte-Custom-ChangeBit-Custom- DE: "~\000"-"\377\000"-
#595	NEW    cov: 409 ft: 467 corp: 120/307b lim: 4 exec/s: 0 rss: 951Mb L: 1/4 MS: 2 ChangeBit-Custom-
#598	NEW    cov: 410 ft: 468 corp: 121/311b lim: 4 exec/s: 0 rss: 951Mb L: 4/4 MS: 6 CrossOver-Custom-ChangeBit-Custom-ChangeASCIIInt-Custom-
#609	NEW    cov: 413 ft: 471 corp: 122/315b lim: 4 exec/s: 0 rss: 951Mb L: 4/4 MS: 2 CrossOver-Custom-
#611	REDUCE cov: 413 ft: 471 corp: 122/314b lim: 4 exec/s: 0 rss: 951Mb L: 3/4 MS: 4 EraseBytes-Custom-InsertByte-Custom-
#613	NEW    cov: 414 ft: 472 corp: 123/317b lim: 4 exec/s: 0 rss: 951Mb L: 3/4 MS: 4 ChangeByte-Custom-InsertByte-Custom-
#619	NEW    cov: 416 ft: 474 corp: 124/319b lim: 4 exec/s: 0 rss: 951Mb L: 2/4 MS: 2 InsertByte-Custom-
#626	NEW    cov: 419 ft: 477 corp: 125/321b lim: 4 exec/s: 0 rss: 951Mb L: 2/4 MS: 4 EraseBytes-Custom-InsertByte-Custom-
#633	NEW    cov: 421 ft: 479 corp: 126/322b lim: 4 exec/s: 0 rss: 951Mb L: 1/4 MS: 4 ChangeByte-Custom-ChangeByte-Custom-
#643	NEW    cov: 427 ft: 485 corp: 127/325b lim: 4 exec/s: 0 rss: 951Mb L: 3/4 MS: 10 InsertByte-Custom-CrossOver-Custom-CrossOver-Custom-ChangeBit-Custom-ShuffleBytes-Custom-
#655	NEW    cov: 431 ft: 489 corp: 128/329b lim: 4 exec/s: 0 rss: 951Mb L: 4/4 MS: 4 CrossOver-Custom-CopyPart-Custom-
#662	NEW    cov: 433 ft: 491 corp: 129/333b lim: 4 exec/s: 0 rss: 951Mb L: 4/4 MS: 4 CMP-Custom-CrossOver-Custom- DE: "\002\000\000\000"-
#664	NEW    cov: 439 ft: 497 corp: 130/336b lim: 4 exec/s: 0 rss: 951Mb L: 3/4 MS: 4 ChangeByte-Custom-CrossOver-Custom-
#666	NEW    cov: 443 ft: 501 corp: 131/337b lim: 4 exec/s: 0 rss: 951Mb L: 1/4 MS: 4 ChangeByte-Custom-ChangeBit-Custom-
#667	NEW    cov: 456 ft: 514 corp: 132/340b lim: 4 exec/s: 0 rss: 951Mb L: 3/4 MS: 2 InsertByte-Custom-
#668	NEW    cov: 458 ft: 516 corp: 133/341b lim: 4 exec/s: 0 rss: 951Mb L: 1/4 MS: 2 ChangeBit-Custom-
#675	NEW    cov: 460 ft: 518 corp: 134/344b lim: 4 exec/s: 0 rss: 951Mb L: 3/4 MS: 4 InsertByte-Custom-CopyPart-Custom-
#676	REDUCE cov: 460 ft: 520 corp: 135/347b lim: 4 exec/s: 0 rss: 951Mb L: 3/4 MS: 2 ChangeBit-Custom-
#678	REDUCE cov: 460 ft: 520 corp: 135/346b lim: 4 exec/s: 0 rss: 951Mb L: 3/4 MS: 4 CrossOver-Custom-EraseBytes-Custom-
#694	NEW    cov: 462 ft: 522 corp: 136/350b lim: 4 exec/s: 0 rss: 951Mb L: 4/4 MS: 2 InsertByte-Custom-
#700	NEW    cov: 464 ft: 526 corp: 137/353b lim: 4 exec/s: 0 rss: 951Mb L: 3/4 MS: 2 ChangeByte-Custom-
#704	NEW    cov: 464 ft: 531 corp: 138/355b lim: 4 exec/s: 0 rss: 951Mb L: 2/4 MS: 8 ChangeBit-Custom-CopyPart-Custom-ChangeByte-Custom-InsertByte-Custom-
#710	NEW    cov: 464 ft: 535 corp: 139/359b lim: 4 exec/s: 0 rss: 951Mb L: 4/4 MS: 2 CrossOver-Custom-
#724	NEW    cov: 466 ft: 537 corp: 140/363b lim: 4 exec/s: 0 rss: 951Mb L: 4/4 MS: 8 ChangeBinInt-Custom-CMP-Custom-PersAutoDict-Custom-ChangeBinInt-Custom- DE: "\032\000\000\000"-"\001\234"-
#737	REDUCE cov: 466 ft: 540 corp: 141/367b lim: 4 exec/s: 0 rss: 951Mb L: 4/4 MS: 6 ChangeBit-Custom-ShuffleBytes-Custom-CrossOver-Custom-
#801	NEW    cov: 468 ft: 542 corp: 142/369b lim: 4 exec/s: 0 rss: 951Mb L: 2/4 MS: 8 ShuffleBytes-Custom-ShuffleBytes-Custom-ShuffleBytes-Custom-ChangeBinInt-Custom-
#811	NEW    cov: 468 ft: 545 corp: 143/373b lim: 4 exec/s: 0 rss: 951Mb L: 4/4 MS: 10 PersAutoDict-Custom-ChangeByte-Custom-CopyPart-Custom-ChangeByte-Custom-ChangeBinInt-Custom- DE: "\001\177"-
#813	REDUCE cov: 468 ft: 545 corp: 143/371b lim: 4 exec/s: 0 rss: 951Mb L: 2/4 MS: 4 ChangeBit-Custom-EraseBytes-Custom-
#837	NEW    cov: 470 ft: 547 corp: 144/372b lim: 4 exec/s: 0 rss: 951Mb L: 1/4 MS: 8 CrossOver-Custom-CopyPart-Custom-CrossOver-Custom-CrossOver-Custom-
#842	NEW    cov: 472 ft: 549 corp: 145/373b lim: 4 exec/s: 0 rss: 951Mb L: 1/4 MS: 10 EraseBytes-Custom-ChangeBinInt-Custom-ShuffleBytes-Custom-EraseBytes-Custom-ChangeBit-Custom-
#852	NEW    cov: 473 ft: 550 corp: 146/374b lim: 4 exec/s: 0 rss: 951Mb L: 1/4 MS: 10 ChangeByte-Custom-ChangeBit-Custom-ShuffleBytes-Custom-ChangeBit-Custom-ChangeBit-Custom-
#875	NEW    cov: 474 ft: 551 corp: 147/378b lim: 4 exec/s: 0 rss: 951Mb L: 4/4 MS: 6 ChangeByte-Custom-InsertByte-Custom-CrossOver-Custom-
#880	NEW    cov: 477 ft: 554 corp: 148/379b lim: 4 exec/s: 0 rss: 951Mb L: 1/4 MS: 10 CopyPart-Custom-ChangeBit-Custom-InsertByte-Custom-CrossOver-Custom-ChangeBit-Custom-
#887	REDUCE cov: 477 ft: 554 corp: 148/378b lim: 4 exec/s: 0 rss: 951Mb L: 3/4 MS: 4 ShuffleBytes-Custom-EraseBytes-Custom-
INFO: #911	NEW    cov: 480 ft: 557 corp: 149/380b lim: 4 exec/s: 0 rss: 951Mb L: 2/4 MS: 8 CrossOver-Custom-InsertByte-Custom-ShuffleBytes-Custom-EraseBytes-Custom-
#936	NEW    cov: 494 ft: 573 corp: 150/384b lim: 4 exec/s: 0 rss: 953Mb L: 4/4 MS: 10 ChangeByte-Custom-EraseBytes-Custom-CrossOver-Custom-ChangeByte-Custom-CrossOver-Custom-
#937	NEW    cov: 494 ft: 574 corp: 151/387b lim: 4 exec/s: 0 rss: 953Mb L: 3/4 MS: 2 ChangeByte-Custom-
#939	NEW    cov: 498 ft: 578 corp: 152/391b lim: 4 exec/s: 0 rss: 953Mb L: 4/4 MS: 4 ChangeBinInt-Custom-ChangeByte-Custom-
#947	NEW    cov: 499 ft: 579 corp: 153/394b lim: 4 exec/s: 0 rss: 953Mb L: 3/4 MS: 6 ChangeBit-Custom-CrossOver-Custom-CrossOver-Custom-
#955	REDUCE cov: 499 ft: 579 corp: 153/393b lim: 4 exec/s: 0 rss: 953Mb L: 1/4 MS: 6 ShuffleBytes-Custom-ChangeByte-Custom-EraseBytes-Custom-
Instrumented org.apache.commons.lang.ObjectUtils (took 17 ms, size +26%)
INFO: Instrumented org.apache.commons.lang.ObjectUtils$Null (took 9 ms, size +43%)
INFO: Instrumented org.apache.commons.lang.CharSetUtils (took 10 ms, size +34%)
DEDUP_TOKEN: f674a4cd5d833ff6#980	REDUCE cov: 499 ft: 579 corp: 153/392b lim: 4 exec/s: 0 rss: 953Mb L: 1/4 MS: 10 InsertByte-Custom-CopyPart-Custom-ChangeByte-Custom-EraseBytes-Custom-EraseBytes-Custom-

#990	NEW    cov: 503 ft: 583 corp: 154/395b lim: 4 exec/s: 0 rss: 953Mb L: 3/4 MS: 10 ChangeBit-Custom-ChangeBit-Custom-ShuffleBytes-Custom-ShuffleBytes-Custom-ChangeBit-Custom-
#994	REDUCE cov: 506 ft: 586 corp: 155/399b lim: 4 exec/s: 0 rss: 953Mb L: 4/4 MS: 8 CopyPart-Custom-InsertByte-Custom-ChangeBit-Custom-ChangeBit-Custom-
#1011	NEW    cov: 506 ft: 587 corp: 156/401b lim: 4 exec/s: 0 rss: 953Mb L: 2/4 MS: 4 ChangeBinInt-Custom-EraseBytes-Custom-
#1021	NEW    cov: 508 ft: 589 corp: 157/405b lim: 4 exec/s: 0 rss: 953Mb L: 4/4 MS: 10 ChangeBit-Custom-ChangeBinInt-Custom-CopyPart-Custom-CMP-Custom-ChangeBit-Custom- DE: "\007\000"-
#1048	NEW    cov: 509 ft: 590 corp: 158/409b lim: 4 exec/s: 0 rss: 953Mb L: 4/4 MS: 4 CopyPart-Custom-CrossOver-Custom-
#1059	REDUCE cov: 509 ft: 590 corp: 158/408b lim: 4 exec/s: 0 rss: 953Mb L: 1/4 MS: 2 EraseBytes-Custom-
#1064	NEW    cov: 515 ft: 596 corp: 159/410b lim: 4 exec/s: 0 rss: 953Mb L: 2/4 MS: 10 ShuffleBytes-Custom-ChangeByte-Custom-CopyPart-Custom-CopyPart-Custom-ChangeByte-Custom-
#1078	NEW    cov: 515 ft: 599 corp: 160/413b lim: 4 exec/s: 0 rss: 953Mb L: 3/4 MS: 8 ShuffleBytes-Custom-CopyPart-Custom-ShuffleBytes-Custom-ChangeByte-Custom-
#1103	NEW    cov: 518 ft: 602 corp: 161/414b lim: 4 exec/s: 0 rss: 953Mb L: 1/4 MS: 10 ShuffleBytes-Custom-InsertByte-Custom-ShuffleBytes-Custom-CopyPart-Custom-CrossOver-Custom-
#1129	REDUCE cov: 518 ft: 602 corp: 161/413b lim: 4 exec/s: 0 rss: 953Mb L: 3/4 MS: 2 EraseBytes-Custom-
#1133	REDUCE cov: 521 ft: 605 corp: 162/415b lim: 4 exec/s: 0 rss: 953Mb L: 2/4 MS: 8 ChangeBit-Custom-ChangeBit-Custom-InsertByte-Custom-ChangeBinInt-Custom-
MS: 8 CopyPart-Custom-InsertByte-Custom-ChangeBit-Custom-PersAutoDict-Custom- DE: "\000\227"-; base unit: 3d37b0eb9a80a4c16c682cac24d382b0128aa664
0x7d,0x6d,0x0,0x97,
}m\000\227
artifact_prefix='/tmp/bugrun/lang_42.EeSukJ/'; Test unit written to /tmp/bugrun/lang_42.EeSukJ/crash-6b7409ddee5e20a307ad57d5bead7ef26e012ca5
Base64: fW0Alw==
Done 1147 runs in 0 second(s)
[ERROR] Tests run: 2, Failures: 0, Errors: 1, Skipped: 0, Time elapsed: 5.944 s <<< FAILURE! -- in com.example.algorithm2.Algorithm2Test
[ERROR] com.example.algorithm2.Algorithm2Test.testParameterizedFuzzer(FuzzedDataProvider)[2] -- Time elapsed: 0.602 s <<< ERROR!
java.lang.IllegalArgumentException: Minimum abbreviation width is 4
	at org.apache.commons.lang.StringUtils.abbreviate(StringUtils.java:5491)
	at org.apache.commons.lang.StringUtils.abbreviate(StringUtils.java:5448)
	at java.base/jdk.internal.reflect.NativeMethodAccessorImpl.invoke0(Native Method)
	at java.base/jdk.internal.reflect.NativeMethodAccessorImpl.invoke(NativeMethodAccessorImpl.java:62)
	at java.base/jdk.internal.reflect.DelegatingMethodAccessorImpl.invoke(DelegatingMethodAccessorImpl.java:43)
	at java.base/java.lang.reflect.Method.invoke(Method.java:566)
	at com.example.algorithm2.Algorithm2Test.testParameterizedFuzzer(Algorithm2Test.java:226)

[INFO] 
[INFO] Results:
[INFO] 
[ERROR] Errors: 
[ERROR]   Algorithm2Test.testParameterizedFuzzer:226 » IllegalArgument Minimum abbreviation width is 4
[INFO] 
[ERROR] Tests run: 2, Failures: 0, Errors: 1, Skipped: 0
[INFO] 
[ERROR] 

Please refer to /tmp/bugrun/lang_42.EeSukJ/target/surefire-reports for the individual test results.
Please refer to dump files (if any exist) [date].dump, [date]-jvmRun[N].dump and [date].dumpstream.
[INFO] 
[INFO] --- jacoco:0.8.11:report (default-cli) @ AlgorithmName2 ---
[INFO] Loading execution data file /tmp/bugrun/lang_42.EeSukJ/target/jacoco.exec
[INFO] Analyzed bundle 'AlgorithmName2' with 127 classes
[INFO] ------------------------------------------------------------------------
[INFO] BUILD SUCCESS
[INFO] ------------------------------------------------------------------------
[INFO] Total time:  18.287 s
[INFO] Finished at: 2026-10-06T03:50:37+07:00
[INFO] ------------------------------------------------------------------------
