[INFO] Scanning for projects...
[INFO] 
[INFO] ---------------------< com.example:AlgorithmName2 >---------------------
[INFO] Building AlgorithmName2 1.0-SNAPSHOT
[INFO]   from pom.xml
[INFO] --------------------------------[ jar ]---------------------------------
[INFO] 
[INFO] --- jacoco:0.8.11:prepare-agent (default) @ AlgorithmName2 ---
[INFO] argLine set to -javaagent:/home/kanyaphak673380391-3/.m2/repository/org/jacoco/org.jacoco.agent/0.8.11/org.jacoco.agent-0.8.11-runtime.jar=destfile=/tmp/bugrun/compress_44.J9Nfcj/target/jacoco.exec
[INFO] 
[INFO] --- resources:3.4.0:resources (default-resources) @ AlgorithmName2 ---
[INFO] Copying 1 resource from src/main/resources to target/classes
[INFO] 
[INFO] --- compiler:3.15.0:compile (default-compile) @ AlgorithmName2 ---
[INFO] Recompiling the module because of changed source code.
[INFO] Compiling 1 source file with javac [debug target 1.8] to target/classes
[WARNING] bootstrap class path not set in conjunction with -source 8
[INFO] 
[INFO] --- dependency:3.6.0:unpack-dependencies (unpack-defects4j) @ AlgorithmName2 ---
[INFO] 
[INFO] --- resources:3.4.0:testResources (default-testResources) @ AlgorithmName2 ---
[INFO] skip non existing resourceDirectory /tmp/bugrun/compress_44.J9Nfcj/src/test/resources
[INFO] 
[INFO] --- compiler:3.15.0:testCompile (default-testCompile) @ AlgorithmName2 ---
[INFO] Recompiling the module because of changed dependency.
[INFO] Compiling 1 source file with javac [debug target 1.8] to target/test-classes
[WARNING] bootstrap class path not set in conjunction with -source 8
[INFO] 
[INFO] --- surefire:3.1.2:test (default-cli) @ AlgorithmName2 ---
[INFO] Using auto detected provider org.apache.maven.surefire.junitplatform.JUnitPlatformProvider
[INFO] 
[INFO] -------------------------------------------------------
[INFO]  T E S T S
[INFO] -------------------------------------------------------
[INFO] Running com.example.algorithm2.Algorithm2Test
OpenJDK 64-Bit Server VM warning: Sharing is only supported for boot loader classes because bootstrap classpath has been appended
INFO: Loaded 281 hooks from com.code_intelligence.jazzer.runtime.TraceCmpHooks
INFO: Loaded 5 hooks from com.code_intelligence.jazzer.runtime.TraceDivHooks
INFO: Loaded 2 hooks from com.code_intelligence.jazzer.runtime.TraceIndirHooks
INFO: Loaded 4 hooks from com.code_intelligence.jazzer.runtime.NativeLibHooks
INFO: Loaded 2 hooks from com.code_intelligence.jazzer.sanitizers.ClojureLangHooks
INFO: Loaded 5 hooks from com.code_intelligence.jazzer.sanitizers.Deserialization
INFO: Loaded 5 hooks from com.code_intelligence.jazzer.sanitizers.ExpressionLanguageInjection
INFO: Loaded 70 hooks from com.code_intelligence.jazzer.sanitizers.LdapInjection
INFO: Loaded 46 hooks from com.code_intelligence.jazzer.sanitizers.NamingContextLookup
INFO: Loaded 1 hooks from com.code_intelligence.jazzer.sanitizers.OsCommandInjection
INFO: Loaded 52 hooks from com.code_intelligence.jazzer.sanitizers.ReflectiveCall
INFO: Loaded 8 hooks from com.code_intelligence.jazzer.sanitizers.RegexInjection
INFO: Loaded 16 hooks from com.code_intelligence.jazzer.sanitizers.RegexRoadblocks
INFO: Loaded 18 hooks from com.code_intelligence.jazzer.sanitizers.ScriptEngineInjection
INFO: Loaded 2 hooks from com.code_intelligence.jazzer.sanitizers.ServerSideRequestForgery
INFO: Loaded 19 hooks from com.code_intelligence.jazzer.sanitizers.SqlInjection
INFO: Loaded 6 hooks from com.code_intelligence.jazzer.sanitizers.XPathInjection
INFO: Instrumented com.example.algorithm2.Algorithm2Test$Skip (took 216 ms, size +44%)
INFO: Instrumented com.example.algorithm2.Algorithm2Test (took 151 ms, size +27%)
INFO: Instrumented org.apache.commons.compress.archivers.ArchiveStreamFactory (took 279 ms, size +24%)
INFO: Instrumented org.apache.commons.compress.archivers.ArchiveStreamProvider (took 9 ms, size +0%)
INFO: New number of coverage counters: 1024
INFO: Instrumented org.apache.commons.compress.archivers.ArchiveInputStream (took 66 ms, size +32%)
INFO: Instrumented org.apache.commons.compress.archivers.ar.ArArchiveInputStream (took 83 ms, size +28%)
INFO: Instrumented org.apache.commons.compress.archivers.arj.ArjArchiveInputStream (took 77 ms, size +17%)
INFO: New number of coverage counters: 2048
INFO: Instrumented org.apache.commons.compress.archivers.zip.ZipArchiveInputStream (took 68 ms, size +17%)
INFO: Instrumented org.apache.commons.compress.archivers.tar.TarArchiveInputStream (took 107 ms, size +27%)
INFO: Instrumented org.apache.commons.compress.archivers.jar.JarArchiveInputStream (took 11 ms, size +25%)
INFO: Instrumented org.apache.commons.compress.archivers.cpio.CpioArchiveInputStream (took 84 ms, size +28%)
INFO: Instrumented org.apache.commons.compress.archivers.cpio.CpioConstants (took 5 ms, size +0%)
INFO: Instrumented org.apache.commons.compress.archivers.dump.DumpArchiveInputStream (took 52 ms, size +24%)
INFO: Instrumented org.apache.commons.compress.archivers.StreamingNotSupportedException (took 11 ms, size +34%)
INFO: Instrumented org.apache.commons.compress.archivers.ArchiveException (took 3 ms, size +39%)
INFO: Instrumented org.apache.commons.compress.archivers.ArchiveOutputStream (took 83 ms, size +28%)
INFO: Instrumented org.apache.commons.compress.archivers.ar.ArArchiveOutputStream (took 13 ms, size +24%)
INFO: New number of coverage counters: 4096
INFO: Instrumented org.apache.commons.compress.archivers.zip.ZipArchiveOutputStream (took 59 ms, size +15%)
INFO: Instrumented org.apache.commons.compress.archivers.tar.TarArchiveOutputStream (took 55 ms, size +15%)
INFO: Instrumented org.apache.commons.compress.archivers.jar.JarArchiveOutputStream (took 7 ms, size +32%)
INFO: Instrumented org.apache.commons.compress.archivers.cpio.CpioArchiveOutputStream (took 37 ms, size +21%)
[harness] target=org.apache.commons.compress.archivers.ArchiveStreamFactory factories=2 methods=14
INFO: Instrumented org.apache.commons.compress.archivers.ArchiveStreamFactory$1 (took 11 ms, size +25%)
INFO: Instrumented org.apache.commons.compress.utils.Sets (took 3 ms, size +36%)
INFO: Instrumented org.apache.commons.compress.utils.ServiceLoaderIterator (took 11 ms, size +21%)
INFO: Instrumented org.apache.commons.compress.utils.Lists (took 10 ms, size +32%)
INFO: Instrumented org.apache.commons.compress.utils.Iterators (took 4 ms, size +39%)
INFO: found LLVMFuzzerCustomMutator (0x7ee3ec7f9cd0). Disabling -len_control by default.
INFO: Running with entropic power schedule (0xFF, 100).
INFO: Seed: 772930697
INFO: Loaded 4 modules   (4096 inline 8-bit counters): 512 [0x7ee464c2f2a0, 0x7ee464c2f4a0), 512 [0x7ee464c2f4a0, 0x7ee464c2f6a0), 1024 [0x7ee464c2f6a0, 0x7ee464c2faa0), 2048 [0x7ee464c2faa0, 0x7ee464c302a0), 
INFO: Loaded 4 PC tables (4096 PCs): 512 [0x7ee464b96590,0x7ee464b98590), 512 [0x7ee46449aa70,0x7ee46449ca70), 1024 [0x7ee464b86220,0x7ee464b8a220), 2048 [0x7ee46462e350,0x7ee464636350), 
INFO:        0 files found in /tmp/bugrun/compress_44.J9Nfcj/.cifuzz-corpus/com.example.algorithm2.Algorithm2Test/testParameterizedFuzzer
INFO:        0 files found in /tmp/jazzer-java-seeds14737872973081941512
INFO: -max_len is not provided; libFuzzer will not generate inputs larger than 4096 bytes
INFO: A corpus is not provided, starting from an empty corpus
#2	INITED cov: 109 ft: 109 corp: 1/1b exec/s: 0 rss: 834Mb
#3	NEW    cov: 109 ft: 110 corp: 2/2b lim: 4 exec/s: 0 rss: 834Mb L: 1/1 MS: 2 CrossOver-Custom-
#4	NEW    cov: 109 ft: 113 corp: 3/3b lim: 4 exec/s: 0 rss: 834Mb L: 1/1 MS: 2 ChangeBinInt-Custom-
INFO: using inputs from: /tmp/bugrun/compress_44.J9Nfcj/.cifuzz-corpus/com.example.algorithm2.Algorithm2Test/testParameterizedFuzzer
INFO: using inputs from: /tmp/jazzer-java-seeds14737872973081941512
INFO: Instrumented org.apache.commons.compress.archivers.ArchiveStreamFactory$2 (took 8 ms, size +25%)
#6	NEW    cov: 112 ft: 129 corp: 4/5b lim: 4 exec/s: 0 rss: 834Mb L: 2/2 MS: 4 InsertByte-Custom-ChangeByte-Custom-
#7	NEW    cov: 133 ft: 151 corp: 5/6b lim: 4 exec/s: 0 rss: 834Mb L: 1/2 MS: 2 ChangeByte-Custom-
#10	NEW    cov: 133 ft: 182 corp: 6/9b lim: 4 exec/s: 0 rss: 834Mb L: 3/3 MS: 6 ShuffleBytes-Custom-CopyPart-Custom-CopyPart-Custom-
#11	NEW    cov: 134 ft: 229 corp: 7/10b lim: 4 exec/s: 0 rss: 835Mb L: 1/3 MS: 2 ChangeByte-Custom-
#14	NEW    cov: 138 ft: 241 corp: 8/13b lim: 4 exec/s: 0 rss: 835Mb L: 3/3 MS: 6 ChangeByte-Custom-ChangeBit-Custom-ChangeBit-Custom-
INFO: Instrumented org.apache.commons.compress.utils.IOUtils (took 7 ms, size +27%)
INFO: Instrumented org.apache.commons.compress.archivers.zip.UnsupportedZipFeatureException (took 8 ms, size +17%)
INFO: Instrumented org.apache.commons.compress.archivers.ArchiveEntry (took 3 ms, size +0%)
INFO: Instrumented org.apache.commons.compress.archivers.zip.ZipArchiveInputStream$BoundedInputStream (took 39 ms, size +25%)
INFO: Instrumented org.apache.commons.compress.archivers.zip.UnshrinkingInputStream (took 22 ms, size +29%)
INFO: Instrumented org.apache.commons.compress.compressors.lzw.LZWInputStream (took 22 ms, size +18%)
INFO: Instrumented org.apache.commons.compress.compressors.CompressorInputStream (took 3 ms, size +40%)
INFO: Instrumented org.apache.commons.compress.archivers.zip.ExplodingInputStream (took 12 ms, size +28%)
INFO: Instrumented org.apache.commons.compress.compressors.bzip2.BZip2CompressorInputStream (took 59 ms, size +20%)
INFO: Instrumented org.apache.commons.compress.compressors.bzip2.BZip2Constants (took 0 ms, size +0%)
INFO: Instrumented org.apache.commons.compress.archivers.zip.ZipLong (took 20 ms, size +22%)
INFO: Instrumented org.apache.commons.compress.utils.ByteUtils (took 14 ms, size +20%)
INFO: Instrumented org.apache.commons.compress.archivers.zip.Zip64RequiredException (took 10 ms, size +27%)
INFO: Instrumented org.apache.commons.compress.archivers.zip.ZipExtraField (took 0 ms, size +0%)
INFO: Instrumented org.apache.commons.compress.utils.BoundedInputStream (took 4 ms, size +44%)
INFO: Instrumented org.apache.commons.compress.utils.CRC32VerifyingInputStream (took 2 ms, size +37%)
INFO: Instrumented org.apache.commons.compress.utils.ChecksumVerifyingInputStream (took 3 ms, size +35%)
INFO: New number of coverage counters: 8192
#18	NEW    cov: 233 ft: 336 corp: 9/16b lim: 4 exec/s: 0 rss: 838Mb L: 3/3 MS: 8 ChangeBit-Custom-CrossOver-Custom-CrossOver-Custom-ChangeBinInt-Custom-
#43	NEW    cov: 234 ft: 337 corp: 10/19b lim: 4 exec/s: 0 rss: 838Mb L: 3/3 MS: 10 ChangeByte-Custom-CopyPart-Custom-ChangeBinInt-Custom-ShuffleBytes-Custom-CrossOver-Custom-
INFO: Instrumented org.apache.commons.compress.archivers.sevenz.SevenZFile (took 55 ms, size +18%)
INFO: Instrumented org.apache.commons.compress.archivers.sevenz.BoundedSeekableByteChannelInputStream (took 4 ms, size +33%)
INFO: Instrumented org.apache.commons.compress.archivers.dump.UnrecognizedFormatException (took 2 ms, size +44%)
INFO: #64	REDUCE cov: 234 ft: 337 corp: 10/18b lim: 4 exec/s: 0 rss: 838Mb L: 2/3 MS: 2 EraseBytes-Custom-
#75	REDUCE cov: 234 ft: 337 corp: 10/17b lim: 4 exec/s: 0 rss: 839Mb L: 1/3 MS: 2 EraseBytes-Custom-
Instrumented org.apache.commons.compress.archivers.dump.DumpArchiveException (took 3 ms, size +35%)
INFO: Instrumented org.apache.commons.compress.archivers.dump.InvalidFormatException (took 3 ms, size +30%)
#79	REDUCE cov: 240 ft: 346 corp: 11/19b lim: 4 exec/s: 0 rss: 840Mb L: 2/3 MS: 8 ChangeBinInt-Custom-CopyPart-Custom-ShuffleBytes-Custom-InsertByte-Custom-
#89	NEW    cov: 241 ft: 348 corp: 12/21b lim: 4 exec/s: 0 rss: 840Mb L: 2/3 MS: 10 InsertByte-Custom-ShuffleBytes-Custom-ChangeBit-Custom-ChangeBit-Custom-ChangeBit-Custom-
#95	NEW    cov: 242 ft: 349 corp: 13/22b lim: 4 exec/s: 0 rss: 840Mb L: 1/3 MS: 2 ChangeByte-Custom-
#102	NEW    cov: 243 ft: 350 corp: 14/25b lim: 4 exec/s: 0 rss: 842Mb L: 3/3 MS: 4 ChangeByte-Custom-ChangeBit-Custom-
#106	NEW    cov: 243 ft: 356 corp: 15/29b lim: 4 exec/s: 0 rss: 842Mb L: 4/4 MS: 8 ShuffleBytes-Custom-EraseBytes-Custom-InsertByte-Custom-CrossOver-Custom-
MS: 8 CrossOver-Custom-ChangeByte-Custom-CrossOver-Custom-CrossOver-Custom-; base unit: 2798f43aa5c6835f5454f1bb27014f81caeb7577
0x2d,0x2d,
--
artifact_prefix='/tmp/bugrun/compress_44.J9Nfcj/'; Test unit written to /tmp/bugrun/compress_44.J9Nfcj/crash-e6a9fc04320a924f46c7c737432bb0389d9dd095
Base64: LS0=
Done 110 runs in 0 second(s)
DEDUP_TOKEN: 0c33b82c6283d064
[ERROR] Tests run: 2, Failures: 0, Errors: 1, Skipped: 0, Time elapsed: 10.15 s <<< FAILURE! -- in com.example.algorithm2.Algorithm2Test
[ERROR] com.example.algorithm2.Algorithm2Test.testParameterizedFuzzer(FuzzedDataProvider)[2] -- Time elapsed: 0.850 s <<< ERROR!
java.lang.IllegalStateException: Cannot overide encoding set by the constructor
	at org.apache.commons.compress.archivers.ArchiveStreamFactory.setEntryEncoding(ArchiveStreamFactory.java:309)
	at java.base/jdk.internal.reflect.NativeMethodAccessorImpl.invoke0(Native Method)
	at java.base/jdk.internal.reflect.NativeMethodAccessorImpl.invoke(NativeMethodAccessorImpl.java:62)
	at java.base/jdk.internal.reflect.DelegatingMethodAccessorImpl.invoke(DelegatingMethodAccessorImpl.java:43)
	at java.base/java.lang.reflect.Method.invoke(Method.java:566)
	at com.example.algorithm2.Algorithm2Test.testParameterizedFuzzer(Algorithm2Test.java:226)

[INFO] 
[INFO] Results:
[INFO] 
[ERROR] Errors: 
[ERROR]   Algorithm2Test.testParameterizedFuzzer:226 » IllegalState Cannot overide encoding set by the constructor
[INFO] 
[ERROR] Tests run: 2, Failures: 0, Errors: 1, Skipped: 0
[INFO] 
[ERROR] 

Please refer to /tmp/bugrun/compress_44.J9Nfcj/target/surefire-reports for the individual test results.
Please refer to dump files (if any exist) [date].dump, [date]-jvmRun[N].dump and [date].dumpstream.
[INFO] 
[INFO] --- jacoco:0.8.11:report (default-cli) @ AlgorithmName2 ---
[INFO] Loading execution data file /tmp/bugrun/compress_44.J9Nfcj/target/jacoco.exec
[INFO] Analyzed bundle 'AlgorithmName2' with 265 classes
[INFO] ------------------------------------------------------------------------
[INFO] BUILD SUCCESS
[INFO] ------------------------------------------------------------------------
[INFO] Total time:  24.022 s
[INFO] Finished at: 2026-10-06T02:49:31+07:00
[INFO] ------------------------------------------------------------------------
