[INFO] Scanning for projects...
[INFO] 
[INFO] ---------------------< com.example:AlgorithmName2 >---------------------
[INFO] Building AlgorithmName2 1.0-SNAPSHOT
[INFO]   from pom.xml
[INFO] --------------------------------[ jar ]---------------------------------
[INFO] 
[INFO] --- jacoco:0.8.11:prepare-agent (default) @ AlgorithmName2 ---
[INFO] argLine set to -javaagent:/home/kanyaphak673380391-3/.m2/repository/org/jacoco/org.jacoco.agent/0.8.11/org.jacoco.agent-0.8.11-runtime.jar=destfile=/tmp/bugrun/time_25.v0vO4n/target/jacoco.exec
[INFO] 
[INFO] --- resources:3.4.0:resources (default-resources) @ AlgorithmName2 ---
[INFO] Copying 1 resource from src/main/resources to target/classes
[INFO] 
[INFO] --- compiler:3.15.0:compile (default-compile) @ AlgorithmName2 ---
[INFO] Recompiling the module because of changed source code.
[INFO] Compiling 1 source file with javac [debug target 1.8] to target/classes
[WARNING] bootstrap class path not set in conjunction with -source 8
[INFO] 
[INFO] --- dependency:3.6.0:unpack-dependencies (unpack-defects4j) @ AlgorithmName2 ---
[INFO] 
[INFO] --- resources:3.4.0:testResources (default-testResources) @ AlgorithmName2 ---
[INFO] skip non existing resourceDirectory /tmp/bugrun/time_25.v0vO4n/src/test/resources
[INFO] 
[INFO] --- compiler:3.15.0:testCompile (default-testCompile) @ AlgorithmName2 ---
[INFO] Recompiling the module because of changed dependency.
[INFO] Compiling 1 source file with javac [debug target 1.8] to target/test-classes
[WARNING] bootstrap class path not set in conjunction with -source 8
[INFO] 
[INFO] --- surefire:3.1.2:test (default-cli) @ AlgorithmName2 ---
[INFO] Using auto detected provider org.apache.maven.surefire.junitplatform.JUnitPlatformProvider
[INFO] 
[INFO] -------------------------------------------------------
[INFO]  T E S T S
[INFO] -------------------------------------------------------
[INFO] Running com.example.algorithm2.Algorithm2Test
OpenJDK 64-Bit Server VM warning: Sharing is only supported for boot loader classes because bootstrap classpath has been appended
INFO: Loaded 281 hooks from com.code_intelligence.jazzer.runtime.TraceCmpHooks
INFO: Loaded 5 hooks from com.code_intelligence.jazzer.runtime.TraceDivHooks
INFO: Loaded 2 hooks from com.code_intelligence.jazzer.runtime.TraceIndirHooks
INFO: Loaded 4 hooks from com.code_intelligence.jazzer.runtime.NativeLibHooks
INFO: Loaded 2 hooks from com.code_intelligence.jazzer.sanitizers.ClojureLangHooks
INFO: Loaded 5 hooks from com.code_intelligence.jazzer.sanitizers.Deserialization
INFO: Loaded 5 hooks from com.code_intelligence.jazzer.sanitizers.ExpressionLanguageInjection
INFO: Loaded 70 hooks from com.code_intelligence.jazzer.sanitizers.LdapInjection
INFO: Loaded 46 hooks from com.code_intelligence.jazzer.sanitizers.NamingContextLookup
INFO: Loaded 1 hooks from com.code_intelligence.jazzer.sanitizers.OsCommandInjection
INFO: Loaded 52 hooks from com.code_intelligence.jazzer.sanitizers.ReflectiveCall
INFO: Loaded 8 hooks from com.code_intelligence.jazzer.sanitizers.RegexInjection
INFO: Loaded 16 hooks from com.code_intelligence.jazzer.sanitizers.RegexRoadblocks
INFO: Loaded 18 hooks from com.code_intelligence.jazzer.sanitizers.ScriptEngineInjection
INFO: Loaded 2 hooks from com.code_intelligence.jazzer.sanitizers.ServerSideRequestForgery
INFO: Loaded 19 hooks from com.code_intelligence.jazzer.sanitizers.SqlInjection
INFO: Loaded 6 hooks from com.code_intelligence.jazzer.sanitizers.XPathInjection
INFO: Instrumented com.example.algorithm2.Algorithm2Test$Skip (took 226 ms, size +44%)
INFO: Instrumented com.example.algorithm2.Algorithm2Test (took 176 ms, size +27%)
INFO: New number of coverage counters: 1024
INFO: Instrumented org.joda.time.DateTime (took 541 ms, size +12%)
INFO: Instrumented org.joda.time.ReadableDateTime (took 9 ms, size +0%)
INFO: Instrumented org.joda.time.ReadableInstant (took 1 ms, size +0%)
INFO: Instrumented org.joda.time.base.BaseDateTime (took 196 ms, size +15%)
INFO: Instrumented org.joda.time.base.AbstractDateTime (took 133 ms, size +14%)
INFO: Instrumented org.joda.time.base.AbstractInstant (took 80 ms, size +17%)
INFO: Instrumented org.joda.time.Chronology (took 9 ms, size +21%)
INFO: Instrumented org.joda.time.chrono.ISOChronology (took 42 ms, size +17%)
INFO: New number of coverage counters: 2048
INFO: Instrumented org.joda.time.chrono.AssembledChronology (took 292 ms, size +14%)
INFO: Instrumented org.joda.time.chrono.BaseChronology (took 81 ms, size +17%)
INFO: Instrumented org.joda.time.DateTimeZone (took 119 ms, size +21%)
INFO: Instrumented org.joda.time.DateTime$Property (took 29 ms, size +20%)
INFO: Instrumented org.joda.time.field.AbstractReadableInstantFieldProperty (took 56 ms, size +19%)
INFO: Instrumented org.joda.time.DateTimeFieldType (took 55 ms, size +12%)
INFO: Instrumented org.joda.time.ReadablePeriod (took 1 ms, size +0%)
INFO: Instrumented org.joda.time.ReadableDuration (took 9 ms, size +0%)
INFO: New number of coverage counters: 4096
INFO: Instrumented org.joda.time.LocalDate (took 130 ms, size +13%)
INFO: Instrumented org.joda.time.ReadablePartial (took 2 ms, size +0%)
INFO: Instrumented org.joda.time.base.BaseLocal (took 7 ms, size +52%)
INFO: Instrumented org.joda.time.base.AbstractPartial (took 71 ms, size +19%)
INFO: Instrumented org.joda.time.LocalTime (took 148 ms, size +14%)
INFO: Instrumented org.joda.time.LocalDateTime (took 192 ms, size +13%)
INFO: Instrumented org.joda.time.format.DateTimeFormatter (took 66 ms, size +14%)
INFO: Instrumented org.joda.time.DurationFieldType (took 15 ms, size +18%)
INFO: Instrumented org.joda.time.DateMidnight (took 73 ms, size +12%)
INFO: Instrumented org.joda.time.YearMonthDay (took 74 ms, size +12%)
INFO: Instrumented org.joda.time.base.BasePartial (took 10 ms, size +13%)
INFO: Instrumented org.joda.time.TimeOfDay (took 35 ms, size +12%)
INFO: Instrumented org.joda.time.Instant (took 80 ms, size +19%)
INFO: Instrumented org.joda.time.DateTimeField (took 2 ms, size +19%)
INFO: Instrumented org.joda.time.MutableDateTime (took 90 ms, size +11%)
INFO: Instrumented org.joda.time.ReadWritableDateTime (took 1 ms, size +0%)
INFO: Instrumented org.joda.time.ReadWritableInstant (took 0 ms, size +0%)
INFO: Instrumented org.joda.time.format.DateTimePrinter (took 0 ms, size +0%)
INFO: Instrumented org.joda.time.format.DateTimeParser (took 1 ms, size +0%)
[harness] target=org.joda.time.DateTime factories=8 methods=116
INFO: Instrumented org.joda.time.DateTimeUtils (took 11 ms, size +19%)
INFO: Instrumented org.joda.time.DateTimeUtils$MillisProvider (took 0 ms, size +0%)
INFO: Instrumented org.joda.time.JodaTimePermission (took 3 ms, size +49%)
INFO: Instrumented org.joda.time.ReadableInterval (took 1 ms, size +0%)
INFO: Instrumented org.joda.time.DateTimeUtils$SystemMillisProvider (took 2 ms, size +43%)
INFO: Instrumented org.joda.time.DurationField (took 12 ms, size +36%)
INFO: Instrumented org.joda.time.field.UnsupportedDurationField (took 11 ms, size +25%)
INFO: New number of coverage counters: 8192
INFO: Instrumented org.joda.time.field.UnsupportedDateTimeField (took 20 ms, size +14%)
INFO: Instrumented org.joda.time.IllegalFieldValueException (took 10 ms, size +14%)
INFO: Instrumented org.joda.time.chrono.GregorianChronology (took 20 ms, size +20%)
INFO: Instrumented org.joda.time.chrono.BasicGJChronology (took 21 ms, size +32%)
INFO: Instrumented org.joda.time.chrono.BasicChronology (took 30 ms, size +14%)
INFO: Instrumented org.joda.time.chrono.ZonedChronology (took 12 ms, size +19%)
INFO: Instrumented org.joda.time.field.DividedDateTimeField (took 6 ms, size +23%)
INFO: Instrumented org.joda.time.field.DecoratedDateTimeField (took 5 ms, size +27%)
INFO: Instrumented org.joda.time.field.BaseDateTimeField (took 24 ms, size +18%)
INFO: Instrumented org.joda.time.field.RemainderDateTimeField (took 17 ms, size +20%)
INFO: Instrumented org.joda.time.field.PreciseDurationField (took 11 ms, size +30%)
INFO: Instrumented org.joda.time.field.BaseDurationField (took 42 ms, size +24%)
INFO: Instrumented org.joda.time.field.PreciseDateTimeField (took 16 ms, size +30%)
INFO: Instrumented org.joda.time.field.PreciseDurationDateTimeField (took 13 ms, size +26%)
INFO: Instrumented org.joda.time.field.ZeroIsMaxDateTimeField (took 18 ms, size +19%)
INFO: Instrumented org.joda.time.chrono.BasicChronology$HalfdayField (took 8 ms, size +23%)
INFO: Instrumented org.joda.time.chrono.BasicYearDateTimeField (took 25 ms, size +22%)
INFO: Instrumented org.joda.time.field.ImpreciseDateTimeField (took 12 ms, size +31%)
INFO: Instrumented org.joda.time.chrono.GJYearOfEraDateTimeField (took 16 ms, size +22%)
INFO: Instrumented org.joda.time.field.OffsetDateTimeField (took 28 ms, size +20%)
INFO: Instrumented org.joda.time.chrono.GJEraDateTimeField (took 13 ms, size +19%)
INFO: Instrumented org.joda.time.chrono.GJDayOfWeekDateTimeField (took 12 ms, size +16%)
INFO: Instrumented org.joda.time.chrono.BasicDayOfMonthDateTimeField (took 6 ms, size +23%)
INFO: Instrumented org.joda.time.chrono.BasicDayOfYearDateTimeField (took 24 ms, size +24%)
INFO: Instrumented org.joda.time.chrono.GJMonthOfYearDateTimeField (took 11 ms, size +23%)
INFO: Instrumented org.joda.time.chrono.BasicMonthOfYearDateTimeField (took 12 ms, size +19%)
INFO: Instrumented org.joda.time.chrono.BasicWeekyearDateTimeField (took 6 ms, size +22%)
INFO: Instrumented org.joda.time.chrono.BasicWeekOfWeekyearDateTimeField (took 5 ms, size +21%)
INFO: Instrumented org.joda.time.field.MillisDurationField (took 7 ms, size +21%)
INFO: Instrumented org.joda.time.DurationFieldType$StandardDurationFieldType (took 25 ms, size +22%)
INFO: Instrumented org.joda.time.DateTimeFieldType$StandardDateTimeFieldType (took 20 ms, size +18%)
INFO: Instrumented org.joda.time.tz.Provider (took 0 ms, size +0%)
INFO: Instrumented org.joda.time.tz.FixedDateTimeZone (took 19 ms, size +37%)
INFO: Instrumented org.joda.time.DateTimeZone$1 (took 8 ms, size +32%)
INFO: Instrumented org.joda.time.tz.NameProvider (took 8 ms, size +0%)
INFO: Instrumented org.joda.time.tz.ZoneInfoProvider (took 28 ms, size +22%)
INFO: Instrumented org.joda.time.tz.DefaultNameProvider (took 15 ms, size +42%)
INFO: Instrumented org.joda.time.chrono.AssembledChronology$Fields (took 9 ms, size +31%)
INFO: Instrumented org.joda.time.field.ImpreciseDateTimeField$LinkedDurationField (took 21 ms, size +21%)
INFO: Instrumented org.joda.time.field.ScaledDurationField (took 17 ms, size +28%)
INFO: Instrumented org.joda.time.field.DecoratedDurationField (took 11 ms, size +26%)
INFO: Instrumented org.joda.time.chrono.BasicChronology$YearInfo (took 2 ms, size +45%)
INFO: Instrumented org.joda.time.chrono.ISOYearOfEraDateTimeField (took 8 ms, size +22%)
INFO: Instrumented org.joda.time.tz.DateTimeZoneBuilder (took 12 ms, size +19%)
INFO: Instrumented org.joda.time.tz.DateTimeZoneBuilder$PrecalculatedZone (took 64 ms, size +24%)
INFO: Instrumented org.joda.time.tz.CachedDateTimeZone (took 11 ms, size +21%)
INFO: Instrumented org.joda.time.tz.DateTimeZoneBuilder$DSTZone (took 10 ms, size +25%)
INFO: Instrumented org.joda.time.chrono.ZonedChronology$ZonedDurationField (took 8 ms, size +23%)
INFO: Instrumented org.joda.time.chrono.ZonedChronology$ZonedDateTimeField (took 37 ms, size +16%)
INFO: found LLVMFuzzerCustomMutator (0x7a1f32270cd0). Disabling -len_control by default.
INFO: Running with entropic power schedule (0xFF, 100).
INFO: Seed: 2098428439
INFO: Loaded 5 modules   (8192 inline 8-bit counters): 512 [0x7a200cce5dd0, 0x7a200cce5fd0), 512 [0x7a200cce5fd0, 0x7a200cce61d0), 1024 [0x7a200cce61d0, 0x7a200cce65d0), 2048 [0x7a200cce65d0, 0x7a200cce6dd0), 4096 [0x7a200cce6dd0, 0x7a200cce7dd0), 
INFO: Loaded 5 PC tables (8192 PCs): 512 [0x7a200cc50b10,0x7a200cc52b10), 512 [0x7a200c6ce7c0,0x7a200c6d07c0), 1024 [0x7a200cb184d0,0x7a200cb1c4d0), 2048 [0x7a200caac210,0x7a200cab4210), 4096 [0x7a200cb4e450,0x7a200cb5e450), 
INFO:        0 files found in /tmp/bugrun/time_25.v0vO4n/.cifuzz-corpus/com.example.algorithm2.Algorithm2Test/testParameterizedFuzzer
INFO:        0 files found in /tmp/jazzer-java-seeds10751577642316090064
INFO: -max_len is not provided; libFuzzer will not generate inputs larger than 4096 bytes
INFO: A corpus is not provided, starting from an empty corpus
#2	INITED cov: 89 ft: 89 corp: 1/1b exec/s: 0 rss: 1109Mb
INFO: using inputs from: /tmp/bugrun/time_25.v0vO4n/.cifuzz-corpus/com.example.algorithm2.Algorithm2Test/testParameterizedFuzzer
INFO: using inputs from: /tmp/jazzer-java-seeds10751577642316090064
INFO: Instrumented org.joda.time.convert.ConverterManager (took 18 ms, size +10%)
INFO: Instrumented org.joda.time.convert.Converter (took 0 ms, size +0%)
INFO: Instrumented org.joda.time.convert.ConverterSet (took 19 ms, size +23%)
INFO: Instrumented org.joda.time.convert.ReadableInstantConverter (took 8 ms, size +21%)
INFO: Instrumented org.joda.time.convert.InstantConverter (took 0 ms, size +0%)
INFO: Instrumented org.joda.time.convert.PartialConverter (took 0 ms, size +0%)
INFO: Instrumented org.joda.time.convert.AbstractConverter (took 8 ms, size +17%)
INFO: Instrumented org.joda.time.convert.StringConverter (took 14 ms, size +23%)
INFO: Instrumented org.joda.time.convert.DurationConverter (took 0 ms, size +0%)
INFO: Instrumented org.joda.time.convert.PeriodConverter (took 0 ms, size +0%)
INFO: Instrumented org.joda.time.convert.IntervalConverter (took 0 ms, size +0%)
INFO: Instrumented org.joda.time.convert.CalendarConverter (took 8 ms, size +26%)
INFO: Instrumented org.joda.time.chrono.BuddhistChronology (took 15 ms, size +16%)
INFO: Instrumented org.joda.time.chrono.JulianChronology (took 31 ms, size +17%)
INFO: Instrumented org.joda.time.chrono.GJChronology (took 36 ms, size +14%)
INFO: Instrumented org.joda.time.convert.DateConverter (took 8 ms, size +33%)
INFO: Instrumented org.joda.time.convert.LongConverter (took 6 ms, size +31%)
INFO: Instrumented org.joda.time.convert.NullConverter (took 6 ms, size +22%)
INFO: Instrumented org.joda.time.convert.ConverterSet$Entry (took 2 ms, size +36%)
INFO: Instrumented org.joda.time.convert.ReadablePartialConverter (took 4 ms, size +24%)
INFO: Instrumented org.joda.time.convert.ReadableDurationConverter (took 5 ms, size +28%)
INFO: Instrumented org.joda.time.convert.ReadableIntervalConverter (took 7 ms, size +22%)
INFO: Instrumented org.joda.time.convert.ReadablePeriodConverter (took 3 ms, size +27%)
INFO: New number of coverage counters: 16384
INFO: Instrumented org.joda.time.format.ISODateTimeFormat (took 28 ms, size +24%)
INFO: Instrumented org.joda.time.format.DateTimeFormatterBuilder (took 48 ms, size +13%)
INFO: Instrumented org.joda.time.format.DateTimeFormatterBuilder$CharacterLiteral (took 8 ms, size +22%)
INFO: Instrumented org.joda.time.format.DateTimeFormatterBuilder$Composite (took 27 ms, size +19%)
INFO: Instrumented org.joda.time.format.DateTimeFormatterBuilder$MatchingParser (took 14 ms, size +34%)
INFO: Instrumented org.joda.time.format.DateTimeFormatterBuilder$PaddedNumber (took 12 ms, size +19%)
INFO: Instrumented org.joda.time.format.DateTimeFormatterBuilder$NumberFormatter (took 13 ms, size +33%)
INFO: Instrumented org.joda.time.format.DateTimeFormatterBuilder$Fraction (took 17 ms, size +19%)
INFO: Instrumented org.joda.time.format.DateTimeFormatterBuilder$TimeZoneOffset (took 29 ms, size +34%)
INFO: Instrumented org.joda.time.format.DateTimeFormatterBuilder$StringLiteral (took 10 ms, size +29%)
INFO: Instrumented org.joda.time.format.DateTimeFormatterBuilder$UnpaddedNumber (took 4 ms, size +19%)
INFO: Instrumented org.joda.time.format.DateTimeParserBucket (took 40 ms, size +15%)
INFO: Instrumented org.joda.time.format.DateTimeParserBucket$SavedField (took 3 ms, size +26%)
INFO: Instrumented org.joda.time.format.DateTimeParserBucket$SavedState (took 3 ms, size +25%)
#4	NEW    cov: 677 ft: 710 corp: 2/3b lim: 4 exec/s: 0 rss: 1110Mb L: 2/2 MS: 4 CrossOver-Custom-InsertByte-Custom-
#5	NEW    cov: 733 ft: 773 corp: 3/5b lim: 4 exec/s: 0 rss: 1110Mb L: 2/2 MS: 2 CrossOver-Custom-
#6	NEW    cov: 733 ft: 774 corp: 4/7b lim: 4 exec/s: 0 rss: 1110Mb L: 2/2 MS: 2 CopyPart-Custom-
#8	NEW    cov: 734 ft: 776 corp: 5/11b lim: 4 exec/s: 0 rss: 1110Mb L: 4/4 MS: 4 CrossOver-Custom-CopyPart-Custom-
INFO: Instrumented org.joda.time.format.FormatUtils (took 26 ms, size +29%)
INFO: Instrumented org.joda.time.field.FieldUtils (took 49 ms, size +29%)
MS: 4 EraseBytes-Custom-ChangeByte-Custom-; base unit: 71853c6197a6a7f222db0f1978c7cb232b87c5ee
0x3f,
?
artifact_prefix='/tmp/bugrun/time_25.v0vO4n/'; Test unit written to /tmp/bugrun/time_25.v0vO4n/crash-5bab61eb53176449e25c2c82f172b82cb13ffb9d
Base64: Pw==
Done 10 runs in 0 second(s)
DEDUP_TOKEN: d20acb70e4eef455
[ERROR] Tests run: 2, Failures: 0, Errors: 1, Skipped: 0, Time elapsed: 17.13 s <<< FAILURE! -- in com.example.algorithm2.Algorithm2Test
[ERROR] com.example.algorithm2.Algorithm2Test.testParameterizedFuzzer(FuzzedDataProvider)[2] -- Time elapsed: 1.052 s <<< ERROR!
org.joda.time.IllegalFieldValueException: Value 0 for weekOfWeekyear must be in the range [1,52]
	at org.joda.time.field.FieldUtils.verifyValueBounds(FieldUtils.java:216)
	at org.joda.time.field.PreciseDurationDateTimeField.set(PreciseDurationDateTimeField.java:78)
	at org.joda.time.chrono.ZonedChronology$ZonedDateTimeField.set(ZonedChronology.java:466)
	at org.joda.time.DateTime.withWeekOfWeekyear(DateTime.java:1581)
	at java.base/jdk.internal.reflect.NativeMethodAccessorImpl.invoke0(Native Method)
	at java.base/jdk.internal.reflect.NativeMethodAccessorImpl.invoke(NativeMethodAccessorImpl.java:62)
	at java.base/jdk.internal.reflect.DelegatingMethodAccessorImpl.invoke(DelegatingMethodAccessorImpl.java:43)
	at java.base/java.lang.reflect.Method.invoke(Method.java:566)
	at com.example.algorithm2.Algorithm2Test.testParameterizedFuzzer(Algorithm2Test.java:226)

[INFO] 
[INFO] Results:
[INFO] 
[ERROR] Errors: 
[ERROR]   Algorithm2Test.testParameterizedFuzzer:226 » IllegalFieldValue Value 0 for weekOfWeekyear must be in the range [1,52]
[INFO] 
[ERROR] Tests run: 2, Failures: 0, Errors: 1, Skipped: 0
[INFO] 
[ERROR] 

Please refer to /tmp/bugrun/time_25.v0vO4n/target/surefire-reports for the individual test results.
Please refer to dump files (if any exist) [date].dump, [date]-jvmRun[N].dump and [date].dumpstream.
[INFO] 
[INFO] --- jacoco:0.8.11:report (default-cli) @ AlgorithmName2 ---
[INFO] Loading execution data file /tmp/bugrun/time_25.v0vO4n/target/jacoco.exec
[INFO] Analyzed bundle 'AlgorithmName2' with 203 classes
[INFO] ------------------------------------------------------------------------
[INFO] BUILD SUCCESS
[INFO] ------------------------------------------------------------------------
[INFO] Total time:  39.874 s
[INFO] Finished at: 2026-10-06T04:23:11+07:00
[INFO] ------------------------------------------------------------------------
