[INFO] Scanning for projects...
[INFO] 
[INFO] ---------------------< com.example:AlgorithmName2 >---------------------
[INFO] Building AlgorithmName2 1.0-SNAPSHOT
[INFO]   from pom.xml
[INFO] --------------------------------[ jar ]---------------------------------
[INFO] 
[INFO] --- jacoco:0.8.11:prepare-agent (default) @ AlgorithmName2 ---
[INFO] argLine set to -javaagent:/home/kanyaphak673380391-3/.m2/repository/org/jacoco/org.jacoco.agent/0.8.11/org.jacoco.agent-0.8.11-runtime.jar=destfile=/tmp/bugrun/lang_4.bpDt1N/target/jacoco.exec
[INFO] 
[INFO] --- resources:3.4.0:resources (default-resources) @ AlgorithmName2 ---
[INFO] Copying 1 resource from src/main/resources to target/classes
[INFO] 
[INFO] --- compiler:3.15.0:compile (default-compile) @ AlgorithmName2 ---
[INFO] Recompiling the module because of changed source code.
[INFO] Compiling 1 source file with javac [debug target 1.8] to target/classes
[WARNING] bootstrap class path not set in conjunction with -source 8
[INFO] 
[INFO] --- dependency:3.6.0:unpack-dependencies (unpack-defects4j) @ AlgorithmName2 ---
[INFO] 
[INFO] --- resources:3.4.0:testResources (default-testResources) @ AlgorithmName2 ---
[INFO] skip non existing resourceDirectory /tmp/bugrun/lang_4.bpDt1N/src/test/resources
[INFO] 
[INFO] --- compiler:3.15.0:testCompile (default-testCompile) @ AlgorithmName2 ---
[INFO] Recompiling the module because of changed dependency.
[INFO] Compiling 1 source file with javac [debug target 1.8] to target/test-classes
[WARNING] bootstrap class path not set in conjunction with -source 8
[INFO] 
[INFO] --- surefire:3.1.2:test (default-cli) @ AlgorithmName2 ---
[INFO] Using auto detected provider org.apache.maven.surefire.junitplatform.JUnitPlatformProvider
[INFO] 
[INFO] -------------------------------------------------------
[INFO]  T E S T S
[INFO] -------------------------------------------------------
[INFO] Running com.example.algorithm2.Algorithm2Test
OpenJDK 64-Bit Server VM warning: Sharing is only supported for boot loader classes because bootstrap classpath has been appended
INFO: Loaded 289 hooks from com.code_intelligence.jazzer.runtime.TraceCmpHooks
INFO: Loaded 5 hooks from com.code_intelligence.jazzer.runtime.TraceDivHooks
INFO: Loaded 2 hooks from com.code_intelligence.jazzer.runtime.TraceIndirHooks
INFO: Loaded 4 hooks from com.code_intelligence.jazzer.runtime.NativeLibHooks
INFO: Loaded 2 hooks from com.code_intelligence.jazzer.sanitizers.ClojureLangHooks
INFO: Loaded 5 hooks from com.code_intelligence.jazzer.sanitizers.Deserialization
INFO: Loaded 5 hooks from com.code_intelligence.jazzer.sanitizers.ExpressionLanguageInjection
INFO: Loaded 70 hooks from com.code_intelligence.jazzer.sanitizers.LdapInjection
INFO: Loaded 46 hooks from com.code_intelligence.jazzer.sanitizers.NamingContextLookup
INFO: Loaded 1 hooks from com.code_intelligence.jazzer.sanitizers.OsCommandInjection
INFO: Loaded 52 hooks from com.code_intelligence.jazzer.sanitizers.ReflectiveCall
INFO: Loaded 8 hooks from com.code_intelligence.jazzer.sanitizers.RegexInjection
INFO: Loaded 16 hooks from com.code_intelligence.jazzer.sanitizers.RegexRoadblocks
INFO: Loaded 18 hooks from com.code_intelligence.jazzer.sanitizers.ScriptEngineInjection
INFO: Loaded 2 hooks from com.code_intelligence.jazzer.sanitizers.ServerSideRequestForgery
INFO: Loaded 19 hooks from com.code_intelligence.jazzer.sanitizers.SqlInjection
INFO: Loaded 6 hooks from com.code_intelligence.jazzer.sanitizers.XPathInjection
INFO: Instrumented com.example.algorithm2.Algorithm2Test$Skip (took 188 ms, size +44%)
INFO: Instrumented com.example.algorithm2.Algorithm2Test (took 183 ms, size +27%)
INFO: New number of coverage counters: 1024
INFO: New number of coverage counters: 2048
WARN: Some hooks could not be applied to class files built for Java 7 or lower.
                       Ensure that the fuzz target and its dependencies are compiled with
                       -target 8 or higher to identify as many bugs as possible.
INFO: Instrumented org.apache.commons.lang3.StringUtils (took 614 ms, size +27%)
[harness] target=org.apache.commons.lang3.StringUtils factories=1 methods=175
INFO: found LLVMFuzzerCustomMutator (0x76a704fb7cd0). Disabling -len_control by default.
INFO: Running with entropic power schedule (0xFF, 100).
INFO: Seed: 2449400353
INFO: Loaded 3 modules   (2048 inline 8-bit counters): 512 [0x76a794bb5cf0, 0x76a794bb5ef0), 512 [0x76a794bb5ef0, 0x76a794bb60f0), 1024 [0x76a794bb60f0, 0x76a794bb64f0), 
INFO: Loaded 3 PC tables (2048 PCs): 512 [0x76a7945076c0,0x76a7945096c0), 512 [0x76a794d52640,0x76a794d54640), 1024 [0x76a794d549d0,0x76a794d589d0), 
INFO:        0 files found in /tmp/bugrun/lang_4.bpDt1N/.cifuzz-corpus/com.example.algorithm2.Algorithm2Test/testParameterizedFuzzer
INFO:        0 files found in /tmp/jazzer-java-seeds11662021437677565043
INFO: -max_len is not provided; libFuzzer will not generate inputs larger than 4096 bytes
INFO: A corpus is not provided, starting from an empty corpus
#2	INITED cov: 35 ft: 35 corp: 1/1b exec/s: 0 rss: 825Mb
#4	NEW    cov: 39 ft: 40 corp: 2/2b lim: 4 exec/s: 0 rss: 825Mb L: 1/1 MS: 4 CopyPart-Custom-ChangeBit-Custom-
#5	NEW    cov: 49 ft: 51 corp: 3/3b lim: 4 exec/s: 0 rss: 830Mb L: 1/1 MS: 2 ChangeBit-Custom-
#11	NEW    cov: 52 ft: 54 corp: 4/4b lim: 4 exec/s: 0 rss: 831Mb L: 1/1 MS: 2 ChangeByte-Custom-
#22	NEW    cov: 54 ft: 60 corp: 5/5b lim: 4 exec/s: 0 rss: 831Mb L: 1/1 MS: 2 ChangeBit-Custom-
INFO: using inputs from: /tmp/bugrun/lang_4.bpDt1N/.cifuzz-corpus/com.example.algorithm2.Algorithm2Test/testParameterizedFuzzer
INFO: using inputs from: /tmp/jazzer-java-seeds11662021437677565043
#26	NEW    cov: 60 ft: 67 corp: 6/7b lim: 4 exec/s: 0 rss: 831Mb L: 2/2 MS: 8 CrossOver-Custom-ShuffleBytes-Custom-ShuffleBytes-Custom-InsertByte-Custom-
#30	NEW    cov: 71 ft: 79 corp: 7/9b lim: 4 exec/s: 0 rss: 831Mb L: 2/2 MS: 8 ShuffleBytes-Custom-CrossOver-Custom-ShuffleBytes-Custom-ChangeBit-Custom-
#32	NEW    cov: 82 ft: 90 corp: 8/12b lim: 4 exec/s: 0 rss: 831Mb L: 3/3 MS: 4 ShuffleBytes-Custom-InsertByte-Custom-
#34	NEW    cov: 88 ft: 96 corp: 9/15b lim: 4 exec/s: 0 rss: 834Mb L: 3/3 MS: 4 CopyPart-Custom-InsertByte-Custom-
#35	NEW    cov: 90 ft: 98 corp: 10/17b lim: 4 exec/s: 0 rss: 834Mb L: 2/3 MS: 2 InsertByte-Custom-
#38	NEW    cov: 93 ft: 103 corp: 11/20b lim: 4 exec/s: 0 rss: 834Mb L: 3/3 MS: 6 InsertByte-Custom-ShuffleBytes-Custom-InsertByte-Custom-
#41	NEW    cov: 94 ft: 104 corp: 12/22b lim: 4 exec/s: 0 rss: 834Mb L: 2/3 MS: 6 InsertByte-Custom-EraseBytes-Custom-EraseBytes-Custom-
#50	NEW    cov: 96 ft: 106 corp: 13/24b lim: 4 exec/s: 0 rss: 834Mb L: 2/3 MS: 8 CrossOver-Custom-ShuffleBytes-Custom-CrossOver-Custom-InsertByte-Custom-
#53	NEW    cov: 96 ft: 109 corp: 14/26b lim: 4 exec/s: 0 rss: 834Mb L: 2/3 MS: 6 CopyPart-Custom-CrossOver-Custom-InsertByte-Custom-
#56	NEW    cov: 99 ft: 113 corp: 15/28b lim: 4 exec/s: 0 rss: 834Mb L: 2/3 MS: 6 InsertByte-Custom-ShuffleBytes-Custom-ChangeByte-Custom-
#63	NEW    cov: 104 ft: 118 corp: 16/31b lim: 4 exec/s: 0 rss: 834Mb L: 3/3 MS: 4 ChangeBit-Custom-ShuffleBytes-Custom-
#66	NEW    cov: 107 ft: 121 corp: 17/32b lim: 4 exec/s: 0 rss: 834Mb L: 1/3 MS: 6 CrossOver-Custom-EraseBytes-Custom-ChangeByte-Custom-
#68	NEW    cov: 108 ft: 122 corp: 18/35b lim: 4 exec/s: 0 rss: 834Mb L: 3/3 MS: 4 ShuffleBytes-Custom-CopyPart-Custom-
#73	NEW    cov: 109 ft: 123 corp: 19/37b lim: 4 exec/s: 0 rss: 834Mb L: 2/3 MS: 10 InsertByte-Custom-EraseBytes-Custom-CrossOver-Custom-ShuffleBytes-Custom-ChangeByte-Custom-
#78	NEW    cov: 113 ft: 127 corp: 20/38b lim: 4 exec/s: 0 rss: 834Mb L: 1/3 MS: 10 ShuffleBytes-Custom-CrossOver-Custom-CrossOver-Custom-CrossOver-Custom-ChangeBit-Custom-
INFO: Instrumented org.apache.commons.lang3.CharSequenceUtils (took 17 ms, size +53%)
INFO: New number of coverage counters: 4096
#88	NEW    cov: 125 ft: 139 corp: 21/40b lim: 4 exec/s: 0 rss: 850Mb L: 2/3 MS: 10 CrossOver-Custom-InsertByte-Custom-CopyPart-Custom-EraseBytes-Custom-ChangeBit-Custom-
#96	NEW    cov: 127 ft: 141 corp: 22/42b lim: 4 exec/s: 0 rss: 850Mb L: 2/3 MS: 6 ShuffleBytes-Custom-ShuffleBytes-Custom-InsertByte-Custom-
#98	NEW    cov: 129 ft: 143 corp: 23/44b lim: 4 exec/s: 0 rss: 850Mb L: 2/3 MS: 4 ChangeBit-Custom-ChangeByte-Custom-
#102	NEW    cov: 132 ft: 146 corp: 24/45b lim: 4 exec/s: 0 rss: 850Mb L: 1/3 MS: 8 ShuffleBytes-Custom-ShuffleBytes-Custom-ShuffleBytes-Custom-ChangeBinInt-Custom-
#104	NEW    cov: 134 ft: 148 corp: 25/46b lim: 4 exec/s: 0 rss: 850Mb L: 1/3 MS: 4 ShuffleBytes-Custom-ChangeByte-Custom-
#106	NEW    cov: 137 ft: 151 corp: 26/49b lim: 4 exec/s: 0 rss: 850Mb L: 3/3 MS: 4 ShuffleBytes-Custom-ChangeByte-Custom-
#108	NEW    cov: 140 ft: 154 corp: 27/50b lim: 4 exec/s: 0 rss: 850Mb L: 1/3 MS: 4 ShuffleBytes-Custom-ChangeByte-Custom-
#113	NEW    cov: 143 ft: 157 corp: 28/53b lim: 4 exec/s: 0 rss: 851Mb L: 3/3 MS: 10 CopyPart-Custom-CrossOver-Custom-ChangeBit-Custom-CMP-Custom-ShuffleBytes-Custom- DE: "\005\000"-
#117	NEW    cov: 145 ft: 159 corp: 29/54b lim: 4 exec/s: 0 rss: 852Mb L: 1/3 MS: 8 ChangeBit-Custom-ChangeBit-Custom-ChangeByte-Custom-ChangeBit-Custom-
#119	NEW    cov: 150 ft: 164 corp: 30/56b lim: 4 exec/s: 0 rss: 852Mb L: 2/3 MS: 4 CrossOver-Custom-ChangeByte-Custom-
#123	NEW    cov: 151 ft: 166 corp: 31/60b lim: 4 exec/s: 0 rss: 852Mb L: 4/4 MS: 8 PersAutoDict-Custom-ShuffleBytes-Custom-CopyPart-Custom-ChangeBit-Custom- DE: "\005\000"-
#132	NEW    cov: 156 ft: 171 corp: 32/63b lim: 4 exec/s: 0 rss: 852Mb L: 3/4 MS: 8 ChangeBit-Custom-ChangeByte-Custom-CopyPart-Custom-CrossOver-Custom-
#138	NEW    cov: 159 ft: 174 corp: 33/65b lim: 4 exec/s: 0 rss: 852Mb L: 2/4 MS: 2 InsertByte-Custom-
#147	NEW    cov: 165 ft: 180 corp: 34/69b lim: 4 exec/s: 0 rss: 852Mb L: 4/4 MS: 8 CopyPart-Custom-ChangeBit-Custom-ShuffleBytes-Custom-ChangeByte-Custom-
#154	NEW    cov: 167 ft: 186 corp: 35/72b lim: 4 exec/s: 0 rss: 852Mb L: 3/4 MS: 4 ChangeByte-Custom-CopyPart-Custom-
#155	NEW    cov: 169 ft: 188 corp: 36/73b lim: 4 exec/s: 0 rss: 852Mb L: 1/4 MS: 2 ChangeBinInt-Custom-
#160	NEW    cov: 172 ft: 191 corp: 37/76b lim: 4 exec/s: 0 rss: 852Mb L: 3/4 MS: 10 ChangeBit-Custom-CrossOver-Custom-CopyPart-Custom-CrossOver-Custom-CopyPart-Custom-
#163	NEW    cov: 180 ft: 199 corp: 38/79b lim: 4 exec/s: 0 rss: 852Mb L: 3/4 MS: 6 CopyPart-Custom-EraseBytes-Custom-ChangeBinInt-Custom-
#164	NEW    cov: 186 ft: 205 corp: 39/83b lim: 4 exec/s: 0 rss: 852Mb L: 4/4 MS: 2 ChangeBinInt-Custom-
#171	NEW    cov: 188 ft: 207 corp: 40/87b lim: 4 exec/s: 0 rss: 852Mb L: 4/4 MS: 4 ChangeBit-Custom-ChangeBinInt-Custom-
#172	NEW    cov: 190 ft: 209 corp: 41/90b lim: 4 exec/s: 0 rss: 852Mb L: 3/4 MS: 2 InsertByte-Custom-
#174	NEW    cov: 194 ft: 213 corp: 42/94b lim: 4 exec/s: 0 rss: 852Mb L: 4/4 MS: 4 ShuffleBytes-Custom-CrossOver-Custom-
#179	NEW    cov: 208 ft: 227 corp: 43/98b lim: 4 exec/s: 0 rss: 852Mb L: 4/4 MS: 10 ChangeBit-Custom-CrossOver-Custom-ChangeByte-Custom-CrossOver-Custom-ChangeByte-Custom-
#186	NEW    cov: 209 ft: 228 corp: 44/102b lim: 4 exec/s: 0 rss: 852Mb L: 4/4 MS: 4 ShuffleBytes-Custom-ChangeBinInt-Custom-
#187	NEW    cov: 210 ft: 229 corp: 45/104b lim: 4 exec/s: 0 rss: 852Mb L: 2/4 MS: 2 ChangeBit-Custom-
#188	NEW    cov: 213 ft: 232 corp: 46/105b lim: 4 exec/s: 0 rss: 852Mb L: 1/4 MS: 2 ChangeBit-Custom-
#189	NEW    cov: 213 ft: 235 corp: 47/109b lim: 4 exec/s: 0 rss: 852Mb L: 4/4 MS: 2 CopyPart-Custom-
#197	NEW    cov: 218 ft: 242 corp: 48/112b lim: 4 exec/s: 0 rss: 852Mb L: 3/4 MS: 6 ShuffleBytes-Custom-ChangeBit-Custom-ChangeBit-Custom-
#198	NEW    cov: 218 ft: 245 corp: 49/116b lim: 4 exec/s: 0 rss: 852Mb L: 4/4 MS: 2 ChangeBinInt-Custom-
#199	NEW    cov: 221 ft: 248 corp: 50/118b lim: 4 exec/s: 0 rss: 852Mb L: 2/4 MS: 2 ShuffleBytes-Custom-
#204	NEW    cov: 222 ft: 249 corp: 51/122b lim: 4 exec/s: 0 rss: 852Mb L: 4/4 MS: 10 ChangeBit-Custom-InsertByte-Custom-ChangeByte-Custom-ShuffleBytes-Custom-CMP-Custom- DE: "\000\000\000\005"-
#206	NEW    cov: 223 ft: 252 corp: 52/125b lim: 4 exec/s: 0 rss: 852Mb L: 3/4 MS: 4 ChangeBit-Custom-CopyPart-Custom-
INFO: Instrumented org.apache.commons.lang3.ArrayUtils (took 387 ms, size +22%)
#208	NEW    cov: 226 ft: 255 corp: 53/129b lim: 4 exec/s: 0 rss: 852Mb L: 4/4 MS: 4 ChangeByte-Custom-ChangeBit-Custom-
#211	NEW    cov: 228 ft: 257 corp: 54/132b lim: 4 exec/s: 0 rss: 852Mb L: 3/4 MS: 6 CMP-Custom-InsertByte-Custom-ChangeBinInt-Custom- DE: "\007\000"-
#214	NEW    cov: 228 ft: 261 corp: 55/136b lim: 4 exec/s: 0 rss: 852Mb L: 4/4 MS: 6 CopyPart-Custom-CopyPart-Custom-ChangeByte-Custom-
#220	NEW    cov: 231 ft: 264 corp: 56/137b lim: 4 exec/s: 0 rss: 852Mb L: 1/4 MS: 2 ChangeBinInt-Custom-
#226	NEW    cov: 233 ft: 267 corp: 57/141b lim: 4 exec/s: 0 rss: 852Mb L: 4/4 MS: 2 ChangeBit-Custom-
#227	REDUCE cov: 233 ft: 267 corp: 57/140b lim: 4 exec/s: 0 rss: 852Mb L: 1/4 MS: 2 EraseBytes-Custom-
#228	NEW    cov: 233 ft: 269 corp: 58/142b lim: 4 exec/s: 0 rss: 852Mb L: 2/4 MS: 2 InsertByte-Custom-
#238	NEW    cov: 250 ft: 286 corp: 59/146b lim: 4 exec/s: 0 rss: 852Mb L: 4/4 MS: 10 CopyPart-Custom-ChangeBit-Custom-ChangeBinInt-Custom-CrossOver-Custom-ChangeByte-Custom-
#253	NEW    cov: 251 ft: 287 corp: 60/150b lim: 4 exec/s: 0 rss: 854Mb L: 4/4 MS: 10 CopyPart-Custom-ChangeByte-Custom-CopyPart-Custom-ChangeBinInt-Custom-ChangeBinInt-Custom-
#259	NEW    cov: 253 ft: 289 corp: 61/154b lim: 4 exec/s: 0 rss: 854Mb L: 4/4 MS: 2 ChangeByte-Custom-
#260	NEW    cov: 261 ft: 297 corp: 62/158b lim: 4 exec/s: 0 rss: 854Mb L: 4/4 MS: 2 CrossOver-Custom-
#262	NEW    cov: 265 ft: 301 corp: 63/161b lim: 4 exec/s: 0 rss: 854Mb L: 3/4 MS: 4 CopyPart-Custom-InsertByte-Custom-
#263	NEW    cov: 266 ft: 302 corp: 64/162b lim: 4 exec/s: 0 rss: 854Mb L: 1/4 MS: 2 ChangeBit-Custom-
#264	NEW    cov: 267 ft: 303 corp: 65/165b lim: 4 exec/s: 0 rss: 854Mb L: 3/4 MS: 2 CrossOver-Custom-
#269	NEW    cov: 269 ft: 305 corp: 66/168b lim: 4 exec/s: 0 rss: 854Mb L: 3/4 MS: 10 ChangeBit-Custom-CrossOver-Custom-PersAutoDict-Custom-InsertByte-Custom-ChangeBinInt-Custom- DE: "\007\000"-
#271	NEW    cov: 272 ft: 308 corp: 67/170b lim: 4 exec/s: 0 rss: 854Mb L: 2/4 MS: 4 ShuffleBytes-Custom-ChangeBit-Custom-
#272	REDUCE cov: 272 ft: 308 corp: 67/169b lim: 4 exec/s: 0 rss: 854Mb L: 2/4 MS: 2 EraseBytes-Custom-
#277	NEW    cov: 273 ft: 309 corp: 68/172b lim: 4 exec/s: 0 rss: 854Mb L: 3/4 MS: 10 ChangeBit-Custom-CrossOver-Custom-CrossOver-Custom-ChangeBit-Custom-ChangeBit-Custom-
#281	NEW    cov: 278 ft: 314 corp: 69/176b lim: 4 exec/s: 0 rss: 854Mb L: 4/4 MS: 8 CrossOver-Custom-PersAutoDict-Custom-CrossOver-Custom-ChangeBinInt-Custom- DE: "\000\000\000\005"-
#282	NEW    cov: 280 ft: 316 corp: 70/180b lim: 4 exec/s: 0 rss: 854Mb L: 4/4 MS: 2 CrossOver-Custom-
#285	NEW    cov: 283 ft: 319 corp: 71/182b lim: 4 exec/s: 0 rss: 854Mb L: 2/4 MS: 6 ChangeASCIIInt-Custom-CrossOver-Custom-ChangeBit-Custom-
#291	NEW    cov: 285 ft: 321 corp: 72/183b lim: 4 exec/s: 0 rss: 854Mb L: 1/4 MS: 2 ChangeBinInt-Custom-
#292	NEW    cov: 306 ft: 344 corp: 73/186b lim: 4 exec/s: 0 rss: 854Mb L: 3/4 MS: 2 InsertByte-Custom-
#299	REDUCE cov: 306 ft: 344 corp: 73/185b lim: 4 exec/s: 0 rss: 854Mb L: 2/4 MS: 4 CopyPart-Custom-EraseBytes-Custom-
#302	NEW    cov: 309 ft: 347 corp: 74/186b lim: 4 exec/s: 0 rss: 854Mb L: 1/4 MS: 6 ShuffleBytes-Custom-CopyPart-Custom-ChangeByte-Custom-
#304	NEW    cov: 312 ft: 351 corp: 75/188b lim: 4 exec/s: 0 rss: 854Mb L: 2/4 MS: 4 EraseBytes-Custom-ChangeBinInt-Custom-
#309	NEW    cov: 314 ft: 353 corp: 76/189b lim: 4 exec/s: 0 rss: 854Mb L: 1/4 MS: 10 CrossOver-Custom-CopyPart-Custom-ChangeBit-Custom-ShuffleBytes-Custom-EraseBytes-Custom-
#313	NEW    cov: 317 ft: 356 corp: 77/191b lim: 4 exec/s: 0 rss: 854Mb L: 2/4 MS: 8 CrossOver-Custom-InsertByte-Custom-EraseBytes-Custom-CMP-Custom- DE: "\377\004"-
#319	NEW    cov: 317 ft: 357 corp: 78/195b lim: 4 exec/s: 0 rss: 854Mb L: 4/4 MS: 2 CopyPart-Custom-
#328	NEW    cov: 320 ft: 360 corp: 79/199b lim: 4 exec/s: 0 rss: 854Mb L: 4/4 MS: 8 EraseBytes-Custom-CopyPart-Custom-PersAutoDict-Custom-CopyPart-Custom- DE: "\377\004"-
#330	NEW    cov: 322 ft: 362 corp: 80/200b lim: 4 exec/s: 0 rss: 854Mb L: 1/4 MS: 4 CopyPart-Custom-ChangeBit-Custom-
#334	NEW    cov: 323 ft: 363 corp: 81/204b lim: 4 exec/s: 0 rss: 854Mb L: 4/4 MS: 8 ChangeBit-Custom-ChangeBit-Custom-PersAutoDict-Custom-CopyPart-Custom- DE: "\007\000"-
#336	NEW    cov: 324 ft: 364 corp: 82/208b lim: 4 exec/s: 0 rss: 854Mb L: 4/4 MS: 4 ChangeByte-Custom-PersAutoDict-Custom- DE: "\377\004"-
#343	NEW    cov: 325 ft: 365 corp: 83/210b lim: 4 exec/s: 0 rss: 854Mb L: 2/4 MS: 4 ShuffleBytes-Custom-ChangeByte-Custom-
#348	NEW    cov: 338 ft: 378 corp: 84/214b lim: 4 exec/s: 0 rss: 854Mb L: 4/4 MS: 10 CopyPart-Custom-InsertByte-Custom-InsertByte-Custom-EraseBytes-Custom-InsertByte-Custom-
#351	NEW    cov: 342 ft: 382 corp: 85/218b lim: 4 exec/s: 0 rss: 854Mb L: 4/4 MS: 6 CopyPart-Custom-ShuffleBytes-Custom-ChangeByte-Custom-
#352	NEW    cov: 343 ft: 383 corp: 86/220b lim: 4 exec/s: 0 rss: 854Mb L: 2/4 MS: 2 ChangeASCIIInt-Custom-
#363	NEW    cov: 343 ft: 386 corp: 87/224b lim: 4 exec/s: 0 rss: 854Mb L: 4/4 MS: 2 ChangeByte-Custom-
#380	REDUCE cov: 345 ft: 388 corp: 88/226b lim: 4 exec/s: 0 rss: 854Mb L: 2/4 MS: 4 CopyPart-Custom-ChangeBinInt-Custom-
#397	NEW    cov: 348 ft: 391 corp: 89/230b lim: 4 exec/s: 0 rss: 854Mb L: 4/4 MS: 4 ChangeByte-Custom-ChangeBit-Custom-
#401	NEW    cov: 350 ft: 393 corp: 90/234b lim: 4 exec/s: 0 rss: 854Mb L: 4/4 MS: 8 CopyPart-Custom-CopyPart-Custom-ChangeBit-Custom-InsertByte-Custom-
#406	NEW    cov: 351 ft: 394 corp: 91/236b lim: 4 exec/s: 0 rss: 854Mb L: 2/4 MS: 10 CopyPart-Custom-ChangeByte-Custom-CrossOver-Custom-EraseBytes-Custom-InsertByte-Custom-
#412	REDUCE cov: 351 ft: 394 corp: 91/235b lim: 4 exec/s: 0 rss: 854Mb L: 1/4 MS: 2 EraseBytes-Custom-
#424	NEW    cov: 356 ft: 403 corp: 92/236b lim: 4 exec/s: 0 rss: 855Mb L: 1/4 MS: 4 ChangeBinInt-Custom-ChangeBit-Custom-
#425	REDUCE cov: 356 ft: 403 corp: 92/235b lim: 4 exec/s: 0 rss: 855Mb L: 1/4 MS: 2 EraseBytes-Custom-
#426	NEW    cov: 362 ft: 413 corp: 93/238b lim: 4 exec/s: 0 rss: 855Mb L: 3/4 MS: 2 InsertByte-Custom-
#428	NEW    cov: 375 ft: 426 corp: 94/240b lim: 4 exec/s: 0 rss: 855Mb L: 2/4 MS: 4 CrossOver-Custom-ChangeBit-Custom-
#429	NEW    cov: 380 ft: 431 corp: 95/241b lim: 4 exec/s: 0 rss: 855Mb L: 1/4 MS: 2 ChangeByte-Custom-
#452	NEW    cov: 382 ft: 433 corp: 96/242b lim: 4 exec/s: 0 rss: 855Mb L: 1/4 MS: 6 ShuffleBytes-Custom-ChangeBit-Custom-ChangeBit-Custom-
#454	REDUCE cov: 382 ft: 433 corp: 96/241b lim: 4 exec/s: 0 rss: 855Mb L: 2/4 MS: 4 ChangeByte-Custom-EraseBytes-Custom-
#460	NEW    cov: 383 ft: 434 corp: 97/245b lim: 4 exec/s: 0 rss: 855Mb L: 4/4 MS: 2 ChangeByte-Custom-
#465	NEW    cov: 384 ft: 435 corp: 98/248b lim: 4 exec/s: 0 rss: 855Mb L: 3/4 MS: 10 ChangeByte-Custom-CopyPart-Custom-ShuffleBytes-Custom-ChangeByte-Custom-ChangeByte-Custom-
#467	NEW    cov: 387 ft: 438 corp: 99/250b lim: 4 exec/s: 0 rss: 855Mb L: 2/4 MS: 4 ShuffleBytes-Custom-ChangeBit-Custom-
#468	NEW    cov: 387 ft: 442 corp: 100/252b lim: 4 exec/s: 0 rss: 855Mb L: 2/4 MS: 2 ChangeByte-Custom-
#478	NEW    cov: 390 ft: 445 corp: 101/253b lim: 4 exec/s: 0 rss: 855Mb L: 1/4 MS: 10 EraseBytes-Custom-EraseBytes-Custom-CopyPart-Custom-ChangeBit-Custom-ChangeByte-Custom-
#479	NEW    cov: 392 ft: 447 corp: 102/257b lim: 4 exec/s: 0 rss: 855Mb L: 4/4 MS: 2 ShuffleBytes-Custom-
#483	NEW    cov: 392 ft: 453 corp: 103/259b lim: 4 exec/s: 0 rss: 855Mb L: 2/4 MS: 8 CrossOver-Custom-CrossOver-Custom-CopyPart-Custom-ChangeBinInt-Custom-
#486	NEW    cov: 394 ft: 455 corp: 104/262b lim: 4 exec/s: 0 rss: 855Mb L: 3/4 MS: 6 ShuffleBytes-Custom-CMP-Custom-InsertByte-Custom- DE: "\270\000"-
#503	NEW    cov: 395 ft: 456 corp: 105/265b lim: 4 exec/s: 0 rss: 855Mb L: 3/4 MS: 4 ChangeByte-Custom-InsertByte-Custom-
#507	NEW    cov: 396 ft: 457 corp: 106/268b lim: 4 exec/s: 0 rss: 855Mb L: 3/4 MS: 8 ChangeBit-Custom-CopyPart-Custom-CrossOver-Custom-InsertByte-Custom-
#514	NEW    cov: 399 ft: 460 corp: 107/269b lim: 4 exec/s: 0 rss: 855Mb L: 1/4 MS: 4 ShuffleBytes-Custom-ChangeByte-Custom-
#530	NEW    cov: 399 ft: 462 corp: 108/272b lim: 4 exec/s: 0 rss: 855Mb L: 3/4 MS: 2 EraseBytes-Custom-
#537	REDUCE cov: 399 ft: 467 corp: 109/274b lim: 4 exec/s: 0 rss: 855Mb L: 2/4 MS: 4 CrossOver-Custom-ChangeBit-Custom-
#549	NEW    cov: 399 ft: 468 corp: 110/277b lim: 4 exec/s: 0 rss: 856Mb L: 3/4 MS: 4 ChangeBit-Custom-EraseBytes-Custom-
#553	REDUCE cov: 406 ft: 475 corp: 111/281b lim: 4 exec/s: 0 rss: 857Mb L: 4/4 MS: 8 EraseBytes-Custom-CrossOver-Custom-ChangeByte-Custom-InsertByte-Custom-
#579	NEW    cov: 409 ft: 478 corp: 112/285b lim: 4 exec/s: 0 rss: 857Mb L: 4/4 MS: 2 PersAutoDict-Custom- DE: "\270\000"-
#601	NEW    cov: 409 ft: 479 corp: 113/289b lim: 4 exec/s: 0 rss: 857Mb L: 4/4 MS: 4 InsertByte-Custom-PersAutoDict-Custom- DE: "\005\000"-
#602	NEW    cov: 411 ft: 481 corp: 114/290b lim: 4 exec/s: 0 rss: 857Mb L: 1/4 MS: 2 ChangeBit-Custom-
#603	NEW    cov: 412 ft: 482 corp: 115/293b lim: 4 exec/s: 0 rss: 857Mb L: 3/4 MS: 2 CrossOver-Custom-
#604	NEW    cov: 417 ft: 487 corp: 116/296b lim: 4 exec/s: 0 rss: 857Mb L: 3/4 MS: 2 ChangeBit-Custom-
#610	REDUCE cov: 417 ft: 487 corp: 116/294b lim: 4 exec/s: 0 rss: 857Mb L: 2/4 MS: 2 EraseBytes-Custom-
#615	NEW    cov: 419 ft: 489 corp: 117/297b lim: 4 exec/s: 0 rss: 857Mb L: 3/4 MS: 10 PersAutoDict-Custom-EraseBytes-Custom-CopyPart-Custom-InsertByte-Custom-ChangeBit-Custom- DE: "\007\000"-
#616	NEW    cov: 421 ft: 491 corp: 118/301b lim: 4 exec/s: 0 rss: 857Mb L: 4/4 MS: 2 InsertByte-Custom-
#618	NEW    cov: 421 ft: 493 corp: 119/305b lim: 4 exec/s: 0 rss: 857Mb L: 4/4 MS: 4 CrossOver-Custom-CrossOver-Custom-
#622	NEW    cov: 424 ft: 496 corp: 120/309b lim: 4 exec/s: 0 rss: 857Mb L: 4/4 MS: 8 CopyPart-Custom-ChangeByte-Custom-ChangeBit-Custom-ChangeBinInt-Custom-
#629	NEW    cov: 429 ft: 501 corp: 121/311b lim: 4 exec/s: 0 rss: 857Mb L: 2/4 MS: 4 ChangeByte-Custom-ChangeByte-Custom-
#639	NEW    cov: 430 ft: 502 corp: 122/312b lim: 4 exec/s: 0 rss: 857Mb L: 1/4 MS: 10 CMP-Custom-ShuffleBytes-Custom-EraseBytes-Custom-EraseBytes-Custom-ChangeByte-Custom- DE: "\001\000\000\000"-
#643	NEW    cov: 434 ft: 506 corp: 123/316b lim: 4 exec/s: 0 rss: 857Mb L: 4/4 MS: 8 CrossOver-Custom-ShuffleBytes-Custom-ShuffleBytes-Custom-CopyPart-Custom-
#644	NEW    cov: 435 ft: 507 corp: 124/318b lim: 4 exec/s: 0 rss: 857Mb L: 2/4 MS: 2 InsertByte-Custom-
#647	NEW    cov: 437 ft: 509 corp: 125/319b lim: 4 exec/s: 0 rss: 857Mb L: 1/4 MS: 6 ShuffleBytes-Custom-CrossOver-Custom-ChangeBit-Custom-
#653	REDUCE cov: 437 ft: 509 corp: 125/318b lim: 4 exec/s: 0 rss: 857Mb L: 3/4 MS: 2 EraseBytes-Custom-
#659	NEW    cov: 441 ft: 513 corp: 126/320b lim: 4 exec/s: 0 rss: 857Mb L: 2/4 MS: 2 CMP-Custom- DE: "\377\256"-
#662	NEW    cov: 441 ft: 518 corp: 127/322b lim: 4 exec/s: 0 rss: 857Mb L: 2/4 MS: 6 CrossOver-Custom-EraseBytes-Custom-CopyPart-Custom-
#673	NEW    cov: 448 ft: 525 corp: 128/325b lim: 4 exec/s: 0 rss: 857Mb L: 3/4 MS: 2 ChangeBinInt-Custom-
#677	NEW    cov: 452 ft: 529 corp: 129/329b lim: 4 exec/s: 0 rss: 857Mb L: 4/4 MS: 8 ChangeBit-Custom-InsertByte-Custom-ShuffleBytes-Custom-ChangeBinInt-Custom-
#686	NEW    cov: 456 ft: 533 corp: 130/333b lim: 4 exec/s: 0 rss: 857Mb L: 4/4 MS: 8 InsertByte-Custom-CMP-Custom-CrossOver-Custom-ChangeBinInt-Custom- DE: "\256\000"-
#694	REDUCE cov: 456 ft: 533 corp: 130/332b lim: 4 exec/s: 0 rss: 857Mb L: 3/4 MS: 6 ChangeBit-Custom-EraseBytes-Custom-InsertByte-Custom-
#706	NEW    cov: 456 ft: 534 corp: 131/335b lim: 4 exec/s: 0 rss: 857Mb L: 3/4 MS: 4 ChangeByte-Custom-EraseBytes-Custom-
#713	NEW    cov: 457 ft: 535 corp: 132/338b lim: 4 exec/s: 0 rss: 857Mb L: 3/4 MS: 4 CrossOver-Custom-PersAutoDict-Custom- DE: "\005\000"-
#733	NEW    cov: 457 ft: 540 corp: 133/341b lim: 4 exec/s: 0 rss: 857Mb L: 3/4 MS: 10 CrossOver-Custom-InsertByte-Custom-CrossOver-Custom-CopyPart-Custom-ChangeBit-Custom-
#739	NEW    cov: 459 ft: 542 corp: 134/344b lim: 4 exec/s: 0 rss: 857Mb L: 3/4 MS: 2 ChangeBit-Custom-
#760	REDUCE cov: 459 ft: 542 corp: 134/343b lim: 4 exec/s: 0 rss: 857Mb L: 2/4 MS: 2 EraseBytes-Custom-
MS: 6 EraseBytes-Custom-InsertByte-Custom-CrossOver-Custom-; base unit: 9373ff173e70c47e4b6bf566b47e2afd3e170d22
0x21,0x7,0x68,
!\007h
artifact_prefix='/tmp/bugrun/lang_4.bpDt1N/'; Test unit written to /tmp/bugrun/lang_4.bpDt1N/crash-21f2a47160118793bbe672eef4a4ab44af9b25db
Base64: IQdo
Done 768 runs in 0 second(s)
DEDUP_TOKEN: 243ef0c77b4cd1a6
[ERROR] Tests run: 2, Failures: 0, Errors: 1, Skipped: 0, Time elapsed: 9.712 s <<< FAILURE! -- in com.example.algorithm2.Algorithm2Test
[ERROR] com.example.algorithm2.Algorithm2Test.testParameterizedFuzzer(FuzzedDataProvider)[2] -- Time elapsed: 0.938 s <<< ERROR!
java.lang.IllegalArgumentException: Minimum abbreviation width is 4
	at org.apache.commons.lang3.StringUtils.abbreviate(StringUtils.java:6265)
	at java.base/jdk.internal.reflect.NativeMethodAccessorImpl.invoke0(Native Method)
	at java.base/jdk.internal.reflect.NativeMethodAccessorImpl.invoke(NativeMethodAccessorImpl.java:62)
	at java.base/jdk.internal.reflect.DelegatingMethodAccessorImpl.invoke(DelegatingMethodAccessorImpl.java:43)
	at java.base/java.lang.reflect.Method.invoke(Method.java:566)
	at com.example.algorithm2.Algorithm2Test.testParameterizedFuzzer(Algorithm2Test.java:226)

[INFO] 
[INFO] Results:
[INFO] 
[ERROR] Errors: 
[ERROR]   Algorithm2Test.testParameterizedFuzzer:226 » IllegalArgument Minimum abbreviation width is 4
[INFO] 
[ERROR] Tests run: 2, Failures: 0, Errors: 1, Skipped: 0
[INFO] 
[ERROR] 

Please refer to /tmp/bugrun/lang_4.bpDt1N/target/surefire-reports for the individual test results.
Please refer to dump files (if any exist) [date].dump, [date]-jvmRun[N].dump and [date].dumpstream.
[INFO] 
[INFO] --- jacoco:0.8.11:report (default-cli) @ AlgorithmName2 ---
[INFO] Loading execution data file /tmp/bugrun/lang_4.bpDt1N/target/jacoco.exec
[INFO] Analyzed bundle 'AlgorithmName2' with 159 classes
[INFO] ------------------------------------------------------------------------
[INFO] BUILD SUCCESS
[INFO] ------------------------------------------------------------------------
[INFO] Total time:  25.784 s
[INFO] Finished at: 2026-10-06T02:05:52+07:00
[INFO] ------------------------------------------------------------------------
