[INFO] Scanning for projects...
[INFO] 
[INFO] ---------------------< com.example:AlgorithmName2 >---------------------
[INFO] Building AlgorithmName2 1.0-SNAPSHOT
[INFO]   from pom.xml
[INFO] --------------------------------[ jar ]---------------------------------
[INFO] 
[INFO] --- jacoco:0.8.11:prepare-agent (default) @ AlgorithmName2 ---
[INFO] argLine set to -javaagent:/home/kanyaphak673380391-3/.m2/repository/org/jacoco/org.jacoco.agent/0.8.11/org.jacoco.agent-0.8.11-runtime.jar=destfile=/tmp/bugrun/compress_4.wkvlFe/target/jacoco.exec
[INFO] 
[INFO] --- resources:3.4.0:resources (default-resources) @ AlgorithmName2 ---
[INFO] Copying 1 resource from src/main/resources to target/classes
[INFO] 
[INFO] --- compiler:3.15.0:compile (default-compile) @ AlgorithmName2 ---
[INFO] Recompiling the module because of changed source code.
[INFO] Compiling 1 source file with javac [debug target 1.8] to target/classes
[WARNING] bootstrap class path not set in conjunction with -source 8
[INFO] 
[INFO] --- dependency:3.6.0:unpack-dependencies (unpack-defects4j) @ AlgorithmName2 ---
[INFO] 
[INFO] --- resources:3.4.0:testResources (default-testResources) @ AlgorithmName2 ---
[INFO] skip non existing resourceDirectory /tmp/bugrun/compress_4.wkvlFe/src/test/resources
[INFO] 
[INFO] --- compiler:3.15.0:testCompile (default-testCompile) @ AlgorithmName2 ---
[INFO] Recompiling the module because of changed dependency.
[INFO] Compiling 1 source file with javac [debug target 1.8] to target/test-classes
[WARNING] bootstrap class path not set in conjunction with -source 8
[INFO] 
[INFO] --- surefire:3.1.2:test (default-cli) @ AlgorithmName2 ---
[INFO] Using auto detected provider org.apache.maven.surefire.junitplatform.JUnitPlatformProvider
[INFO] 
[INFO] -------------------------------------------------------
[INFO]  T E S T S
[INFO] -------------------------------------------------------
[INFO] Running com.example.algorithm2.Algorithm2Test
OpenJDK 64-Bit Server VM warning: Sharing is only supported for boot loader classes because bootstrap classpath has been appended
INFO: Loaded 281 hooks from com.code_intelligence.jazzer.runtime.TraceCmpHooks
INFO: Loaded 5 hooks from com.code_intelligence.jazzer.runtime.TraceDivHooks
INFO: Loaded 2 hooks from com.code_intelligence.jazzer.runtime.TraceIndirHooks
INFO: Loaded 4 hooks from com.code_intelligence.jazzer.runtime.NativeLibHooks
INFO: Loaded 2 hooks from com.code_intelligence.jazzer.sanitizers.ClojureLangHooks
INFO: Loaded 5 hooks from com.code_intelligence.jazzer.sanitizers.Deserialization
INFO: Loaded 5 hooks from com.code_intelligence.jazzer.sanitizers.ExpressionLanguageInjection
INFO: Loaded 70 hooks from com.code_intelligence.jazzer.sanitizers.LdapInjection
INFO: Loaded 46 hooks from com.code_intelligence.jazzer.sanitizers.NamingContextLookup
INFO: Loaded 1 hooks from com.code_intelligence.jazzer.sanitizers.OsCommandInjection
INFO: Loaded 52 hooks from com.code_intelligence.jazzer.sanitizers.ReflectiveCall
INFO: Loaded 8 hooks from com.code_intelligence.jazzer.sanitizers.RegexInjection
INFO: Loaded 16 hooks from com.code_intelligence.jazzer.sanitizers.RegexRoadblocks
INFO: Loaded 18 hooks from com.code_intelligence.jazzer.sanitizers.ScriptEngineInjection
INFO: Loaded 2 hooks from com.code_intelligence.jazzer.sanitizers.ServerSideRequestForgery
INFO: Loaded 19 hooks from com.code_intelligence.jazzer.sanitizers.SqlInjection
INFO: Loaded 6 hooks from com.code_intelligence.jazzer.sanitizers.XPathInjection
INFO: Instrumented com.example.algorithm2.Algorithm2Test$Skip (took 457 ms, size +44%)
INFO: Instrumented com.example.algorithm2.Algorithm2Test (took 469 ms, size +27%)
INFO: Instrumented org.apache.commons.compress.archivers.ArchiveStreamFactory (took 251 ms, size +39%)
INFO: Instrumented org.apache.commons.compress.archivers.ArchiveOutputStream (took 15 ms, size +32%)
INFO: Instrumented org.apache.commons.compress.archivers.ar.ArArchiveOutputStream (took 122 ms, size +21%)
INFO: New number of coverage counters: 1024
INFO: Instrumented org.apache.commons.compress.archivers.zip.ZipArchiveOutputStream (took 330 ms, size +20%)
INFO: Instrumented org.apache.commons.compress.archivers.tar.TarArchiveOutputStream (took 62 ms, size +18%)
INFO: Instrumented org.apache.commons.compress.archivers.jar.JarArchiveOutputStream (took 40 ms, size +36%)
INFO: Instrumented org.apache.commons.compress.archivers.cpio.CpioArchiveOutputStream (took 211 ms, size +19%)
INFO: Instrumented org.apache.commons.compress.archivers.cpio.CpioConstants (took 8 ms, size +0%)
INFO: Instrumented org.apache.commons.compress.archivers.ArchiveException (took 28 ms, size +38%)
INFO: New number of coverage counters: 2048
INFO: Instrumented org.apache.commons.compress.archivers.ArchiveInputStream (took 22 ms, size +41%)
INFO: Instrumented org.apache.commons.compress.archivers.zip.ZipArchiveInputStream (took 130 ms, size +20%)
INFO: Instrumented org.apache.commons.compress.archivers.jar.JarArchiveInputStream (took 27 ms, size +26%)
INFO: Instrumented org.apache.commons.compress.archivers.ar.ArArchiveInputStream (took 136 ms, size +30%)
INFO: Instrumented org.apache.commons.compress.archivers.cpio.CpioArchiveInputStream (took 58 ms, size +30%)
INFO: Instrumented org.apache.commons.compress.archivers.tar.TarArchiveInputStream (took 21 ms, size +21%)
[harness] target=org.apache.commons.compress.archivers.ArchiveStreamFactory factories=1 methods=3
INFO: found LLVMFuzzerCustomMutator (0x78350f670cd0). Disabling -len_control by default.
INFO: Running with entropic power schedule (0xFF, 100).
INFO: Seed: 529556306
INFO: using inputs from: /tmp/bugrun/compress_4.wkvlFe/.cifuzz-corpus/com.example.algorithm2.Algorithm2Test/testParameterizedFuzzer
INFO: using inputs from: /tmp/jazzer-java-seeds18435815877988560198
INFO: Loaded 3 modules   (2048 inline 8-bit counters): 512 [0x783638b15c80, 0x783638b15e80), 512 [0x783638b15e80, 0x783638b16080), 1024 [0x783638b16080, 0x783638b16480), 
INFO: Loaded 3 PC tables (2048 PCs): 512 [0x783638794830,0x783638796830), 512 [0x7836385df4a0,0x7836385e14a0), 1024 [0x783638aad540,0x783638ab1540), 
INFO:        0 files found in /tmp/bugrun/compress_4.wkvlFe/.cifuzz-corpus/com.example.algorithm2.Algorithm2Test/testParameterizedFuzzer
INFO:        0 files found in /tmp/jazzer-java-seeds18435815877988560198
INFO: -max_len is not provided; libFuzzer will not generate inputs larger than 4096 bytes
INFO: A corpus is not provided, starting from an empty corpus
#2	INITED cov: 96 ft: 96 corp: 1/1b exec/s: 0 rss: 1160Mb
#3	NEW    cov: 100 ft: 101 corp: 2/2b lim: 4 exec/s: 0 rss: 1160Mb L: 1/1 MS: 2 CopyPart-Custom-
#4	NEW    cov: 100 ft: 110 corp: 3/3b lim: 4 exec/s: 0 rss: 1161Mb L: 1/1 MS: 2 ChangeBinInt-Custom-
INFO: #6	NEW    cov: 101 ft: 111 corp: 4/5b lim: 4 exec/s: 0 rss: 1161Mb L: 2/2 MS: 4 InsertByte-Custom-ChangeByte-Custom-
Instrumented org.apache.commons.compress.archivers.ArchiveEntry (took 1 ms, size +0%)
INFO: Instrumented org.apache.commons.compress.archivers.zip.ZipExtraField (took 0 ms, size +0%)
INFO: Instrumented org.apache.commons.compress.archivers.zip.ZipLong (took 16 ms, size +26%)
#213	NEW    cov: 106 ft: 118 corp: 5/11b lim: 6 exec/s: 0 rss: 1162Mb L: 6/6 MS: 4 ShuffleBytes-Custom-InsertRepeatedBytes-Custom-
#330	NEW    cov: 107 ft: 119 corp: 6/16b lim: 6 exec/s: 0 rss: 1163Mb L: 5/6 MS: 4 ChangeByte-Custom-CMP-Custom- DE: "P\000\000\000"-
#346	REDUCE cov: 107 ft: 119 corp: 6/15b lim: 6 exec/s: 0 rss: 1163Mb L: 1/6 MS: 2 EraseBytes-Custom-
#556	NEW    cov: 110 ft: 122 corp: 7/22b lim: 8 exec/s: 0 rss: 1166Mb L: 7/7 MS: 10 ShuffleBytes-Custom-ChangeByte-Custom-InsertByte-Custom-ChangeBinInt-Custom-InsertByte-Custom-
#572	REDUCE cov: 110 ft: 122 corp: 7/21b lim: 8 exec/s: 0 rss: 1166Mb L: 5/7 MS: 2 EraseBytes-Custom-
#685	NEW    cov: 126 ft: 149 corp: 8/26b lim: 8 exec/s: 0 rss: 1167Mb L: 5/7 MS: 6 InsertByte-Custom-EraseBytes-Custom-CMP-Custom- DE: "cpio"-
#744	REDUCE cov: 127 ft: 151 corp: 9/31b lim: 8 exec/s: 0 rss: 1170Mb L: 5/7 MS: 8 ChangeBit-Custom-ChangeBinInt-Custom-PersAutoDict-Custom-CrossOver-Custom- DE: "cpio"-
#774	REDUCE cov: 135 ft: 159 corp: 10/36b lim: 8 exec/s: 0 rss: 1171Mb L: 5/7 MS: 10 ShuffleBytes-Custom-ShuffleBytes-Custom-ChangeBit-Custom-PersAutoDict-Custom-ChangeBit-Custom- DE: "cpio"-
#845	REDUCE cov: 136 ft: 160 corp: 11/41b lim: 8 exec/s: 0 rss: 1171Mb L: 5/7 MS: 2 PersAutoDict-Custom- DE: "cpio"-
#1167	NEW    cov: 137 ft: 161 corp: 12/50b lim: 11 exec/s: 0 rss: 1175Mb L: 9/9 MS: 4 PersAutoDict-Custom-CopyPart-Custom- DE: "cpio"-
INFO: Instrumented org.apache.commons.compress.archivers.zip.ZipEncodingHelper (took 7 ms, size +21%)
#3783	REDUCE cov: 182 ft: 206 corp: 13/54b lim: 33 exec/s: 3783 rss: 1192Mb L: 4/9 MS: 2 CMP-Custom- DE: "jar"-
INFO: Instrumented org.apache.commons.compress.archivers.zip.ZipEncoding (took 0 ms, size +0%)
INFO: Instrumented org.apache.commons.compress.archivers.zip.ZipEncodingHelper$SimpleEncodingHolder (took 7 ms, size +33%)
INFO: Instrumented org.apache.commons.compress.archivers.zip.FallbackZipEncoding (took 5 ms, size +28%)
#4295	REDUCE cov: 182 ft: 235 corp: 14/89b lim: 38 exec/s: 4295 rss: 1202Mb L: 35/35 MS: 4 InsertRepeatedBytes-Custom-CopyPart-Custom-
#4297	NEW    cov: 182 ft: 240 corp: 15/127b lim: 38 exec/s: 4297 rss: 1202Mb L: 38/38 MS: 4 ChangeBit-Custom-PersAutoDict-Custom- DE: "jar"-
#4398	NEW    cov: 205 ft: 264 corp: 16/131b lim: 38 exec/s: 4398 rss: 1211Mb L: 4/38 MS: 2 CrossOver-Custom-
INFO: Instrumented org.apache.commons.compress.archivers.zip.ZipArchiveOutputStream$UnicodeExtraFieldPolicy (took 14 ms, size +33%)
#4509	NEW    cov: 206 ft: 265 corp: 17/136b lim: 38 exec/s: 4509 rss: 1218Mb L: 5/38 MS: 2 InsertByte-Custom-
#4973	NEW    cov: 212 ft: 271 corp: 18/173b lim: 38 exec/s: 4973 rss: 1248Mb L: 37/38 MS: 8 CopyPart-Custom-ShuffleBytes-Custom-ChangeBinInt-Custom-CrossOver-Custom-
#5071	NEW    cov: 213 ft: 272 corp: 19/180b lim: 38 exec/s: 5071 rss: 1254Mb L: 7/38 MS: 6 EraseBytes-Custom-ShuffleBytes-Custom-ChangeBit-Custom-
#5074	NEW    cov: 214 ft: 273 corp: 20/218b lim: 38 exec/s: 5074 rss: 1254Mb L: 38/38 MS: 6 CopyPart-Custom-ChangeByte-Custom-ChangeByte-Custom-
#5544	NEW    cov: 218 ft: 277 corp: 21/221b lim: 38 exec/s: 2772 rss: 1294Mb L: 3/38 MS: 10 CopyPart-Custom-ChangeByte-Custom-CrossOver-Custom-ChangeBit-Custom-CMP-Custom- DE: "ar"-
#6136	NEW    cov: 218 ft: 280 corp: 22/261b lim: 43 exec/s: 3068 rss: 1294Mb L: 40/40 MS: 4 ChangeByte-Custom-CMP-Custom- DE: "\007\000"-
#6137	NEW    cov: 218 ft: 281 corp: 23/303b lim: 43 exec/s: 3068 rss: 1294Mb L: 42/42 MS: 2 PersAutoDict-Custom- DE: "\007\000"-
#6920	NEW    cov: 220 ft: 283 corp: 24/308b lim: 48 exec/s: 3460 rss: 1295Mb L: 5/42 MS: 6 CMP-Custom-CopyPart-Custom-ChangeByte-Custom- DE: "zip"-
#7388	NEW    cov: 222 ft: 285 corp: 25/312b lim: 48 exec/s: 3694 rss: 1295Mb L: 4/42 MS: 6 CrossOver-Custom-InsertByte-Custom-PersAutoDict-Custom- DE: "zip"-
#8192	pulse  cov: 222 ft: 285 corp: 25/312b lim: 53 exec/s: 4096 rss: 1296Mb
#8497	NEW    cov: 224 ft: 287 corp: 26/357b lim: 58 exec/s: 4248 rss: 1297Mb L: 45/45 MS: 8 PersAutoDict-Custom-EraseBytes-Custom-InsertByte-Custom-InsertRepeatedBytes-Custom- DE: "P\000\000\000"-
#9153	REDUCE cov: 224 ft: 287 corp: 26/356b lim: 63 exec/s: 4576 rss: 1301Mb L: 4/45 MS: 2 EraseBytes-Custom-
#9908	NEW    cov: 224 ft: 314 corp: 27/423b lim: 68 exec/s: 4954 rss: 1301Mb L: 67/67 MS: 10 InsertByte-Custom-InsertByte-Custom-CMP-Custom-CopyPart-Custom-InsertRepeatedBytes-Custom- DE: "\000\000\000q"-
#10490	NEW    cov: 224 ft: 315 corp: 28/489b lim: 68 exec/s: 5245 rss: 1301Mb L: 66/67 MS: 4 ChangeByte-Custom-InsertRepeatedBytes-Custom-
#11360	NEW    cov: 224 ft: 317 corp: 29/561b lim: 74 exec/s: 3786 rss: 1301Mb L: 72/72 MS: 10 ChangeByte-Custom-EraseBytes-Custom-ChangeBit-Custom-InsertRepeatedBytes-Custom-InsertRepeatedBytes-Custom-
#11401	NEW    cov: 224 ft: 320 corp: 30/635b lim: 74 exec/s: 3800 rss: 1301Mb L: 74/74 MS: 2 CopyPart-Custom-
#11936	REDUCE cov: 224 ft: 320 corp: 30/634b lim: 74 exec/s: 3978 rss: 1301Mb L: 73/73 MS: 10 CopyPart-Custom-EraseBytes-Custom-EraseBytes-Custom-InsertByte-Custom-InsertRepeatedBytes-Custom-
#12568	NEW    cov: 224 ft: 321 corp: 31/710b lim: 80 exec/s: 4189 rss: 1325Mb L: 76/76 MS: 4 ChangeBit-Custom-InsertRepeatedBytes-Custom-
#12613	NEW    cov: 224 ft: 322 corp: 32/787b lim: 80 exec/s: 4204 rss: 1325Mb L: 77/77 MS: 10 ShuffleBytes-Custom-ChangeBinInt-Custom-CMP-Custom-CMP-Custom-CopyPart-Custom- DE: "\000q"-"\001\000\000\000\000\000\000\000"-
#13039	REDUCE cov: 224 ft: 322 corp: 32/766b lim: 80 exec/s: 4346 rss: 1325Mb L: 56/76 MS: 2 EraseBytes-Custom-
#13051	REDUCE cov: 224 ft: 322 corp: 32/765b lim: 80 exec/s: 4350 rss: 1326Mb L: 44/76 MS: 4 ChangeByte-Custom-EraseBytes-Custom-
#13502	REDUCE cov: 224 ft: 322 corp: 32/764b lim: 80 exec/s: 4500 rss: 1326Mb L: 34/76 MS: 2 EraseBytes-Custom-
#14293	REDUCE cov: 224 ft: 322 corp: 32/763b lim: 86 exec/s: 4764 rss: 1326Mb L: 4/76 MS: 2 EraseBytes-Custom-
#15524	REDUCE cov: 224 ft: 322 corp: 32/755b lim: 98 exec/s: 5174 rss: 1326Mb L: 48/76 MS: 2 EraseBytes-Custom-
#16002	REDUCE cov: 224 ft: 322 corp: 32/751b lim: 98 exec/s: 5334 rss: 1326Mb L: 44/76 MS: 6 ShuffleBytes-Custom-ChangeBinInt-Custom-EraseBytes-Custom-
#16072	REDUCE cov: 224 ft: 322 corp: 32/748b lim: 98 exec/s: 5357 rss: 1326Mb L: 41/76 MS: 10 InsertRepeatedBytes-Custom-ShuffleBytes-Custom-EraseBytes-Custom-ChangeByte-Custom-EraseBytes-Custom-
#16384	pulse  cov: 224 ft: 322 corp: 32/748b lim: 98 exec/s: 5461 rss: 1326Mb
#17218	NEW    cov: 242 ft: 340 corp: 33/752b lim: 104 exec/s: 5739 rss: 1326Mb L: 4/76 MS: 2 CMP-Custom- DE: "tar"-
#17327	REDUCE cov: 242 ft: 340 corp: 33/751b lim: 104 exec/s: 5775 rss: 1326Mb L: 43/76 MS: 8 ChangeBit-Custom-PersAutoDict-Custom-ChangeByte-Custom-EraseBytes-Custom- DE: "\001\000\000\000\000\000\000\000"-
#17540	REDUCE cov: 242 ft: 340 corp: 33/750b lim: 104 exec/s: 5846 rss: 1326Mb L: 37/76 MS: 6 EraseBytes-Custom-InsertByte-Custom-CMP-Custom- DE: "\000\000\000\000\000\000\000\000"-
#17631	NEW    cov: 242 ft: 342 corp: 34/754b lim: 104 exec/s: 5877 rss: 1326Mb L: 4/76 MS: 2 CrossOver-Custom-
#17656	DONE   cov: 242 ft: 342 corp: 34/754b lim: 104 exec/s: 4414 rss: 1326Mb
###### Recommended dictionary. ######
INFO: Instrumented org.apache.commons.compress.archivers.tar.TarBuffer (took 15 ms, size +21%)
"P\000\000\000" # Uses: 348
"cpio" # Uses: 298
"jar" # Uses: 210
"ar" # Uses: 137
"\007\000" # Uses: 144
"zip" # Uses: 132
"\000\000\000q" # Uses: 80
"\000q" # Uses: 44
"\001\000\000\000\000\000\000\000" # Uses: 42
"tar" # Uses: 6
"\000\000\000\000\000\000\000\000" # Uses: 2
###### End of recommended dictionary. ######
Done 17656 runs in 4 second(s)
[INFO] Tests run: 2, Failures: 0, Errors: 0, Skipped: 0, Time elapsed: 21.51 s -- in com.example.algorithm2.Algorithm2Test
[INFO] 
[INFO] Results:
[INFO] 
[INFO] Tests run: 2, Failures: 0, Errors: 0, Skipped: 0
[INFO] 
[INFO] 
[INFO] --- jacoco:0.8.11:report (default-cli) @ AlgorithmName2 ---
[INFO] Loading execution data file /tmp/bugrun/compress_4.wkvlFe/target/jacoco.exec
[INFO] Analyzed bundle 'AlgorithmName2' with 63 classes
[INFO] ------------------------------------------------------------------------
[INFO] BUILD SUCCESS
[INFO] ------------------------------------------------------------------------
[INFO] Total time:  43.033 s
[INFO] Finished at: 2026-10-06T02:45:29+07:00
[INFO] ------------------------------------------------------------------------
