[INFO] Scanning for projects...
[INFO] 
[INFO] ---------------------< com.example:AlgorithmName2 >---------------------
[INFO] Building AlgorithmName2 1.0-SNAPSHOT
[INFO]   from pom.xml
[INFO] --------------------------------[ jar ]---------------------------------
[INFO] 
[INFO] --- jacoco:0.8.11:prepare-agent (default) @ AlgorithmName2 ---
[INFO] argLine set to -javaagent:/home/kanyaphak673380391-3/.m2/repository/org/jacoco/org.jacoco.agent/0.8.11/org.jacoco.agent-0.8.11-runtime.jar=destfile=/tmp/bugrun/cli_17.8vH2Zh/target/jacoco.exec
[INFO] 
[INFO] --- resources:3.4.0:resources (default-resources) @ AlgorithmName2 ---
[INFO] Copying 1 resource from src/main/resources to target/classes
[INFO] 
[INFO] --- compiler:3.15.0:compile (default-compile) @ AlgorithmName2 ---
[INFO] Recompiling the module because of changed source code.
[INFO] Compiling 1 source file with javac [debug target 1.8] to target/classes
[WARNING] bootstrap class path not set in conjunction with -source 8
[INFO] 
[INFO] --- dependency:3.6.0:unpack-dependencies (unpack-defects4j) @ AlgorithmName2 ---
[INFO] 
[INFO] --- resources:3.4.0:testResources (default-testResources) @ AlgorithmName2 ---
[INFO] skip non existing resourceDirectory /tmp/bugrun/cli_17.8vH2Zh/src/test/resources
[INFO] 
[INFO] --- compiler:3.15.0:testCompile (default-testCompile) @ AlgorithmName2 ---
[INFO] Recompiling the module because of changed dependency.
[INFO] Compiling 1 source file with javac [debug target 1.8] to target/test-classes
[WARNING] bootstrap class path not set in conjunction with -source 8
[INFO] 
[INFO] --- surefire:3.1.2:test (default-cli) @ AlgorithmName2 ---
[INFO] Using auto detected provider org.apache.maven.surefire.junitplatform.JUnitPlatformProvider
[INFO] 
[INFO] -------------------------------------------------------
[INFO]  T E S T S
[INFO] -------------------------------------------------------
[INFO] Running com.example.algorithm2.Algorithm2Test
OpenJDK 64-Bit Server VM warning: Sharing is only supported for boot loader classes because bootstrap classpath has been appended
INFO: Loaded 281 hooks from com.code_intelligence.jazzer.runtime.TraceCmpHooks
INFO: Loaded 5 hooks from com.code_intelligence.jazzer.runtime.TraceDivHooks
INFO: Loaded 2 hooks from com.code_intelligence.jazzer.runtime.TraceIndirHooks
INFO: Loaded 4 hooks from com.code_intelligence.jazzer.runtime.NativeLibHooks
INFO: Loaded 2 hooks from com.code_intelligence.jazzer.sanitizers.ClojureLangHooks
INFO: Loaded 5 hooks from com.code_intelligence.jazzer.sanitizers.Deserialization
INFO: Loaded 5 hooks from com.code_intelligence.jazzer.sanitizers.ExpressionLanguageInjection
INFO: Loaded 70 hooks from com.code_intelligence.jazzer.sanitizers.LdapInjection
INFO: Loaded 46 hooks from com.code_intelligence.jazzer.sanitizers.NamingContextLookup
INFO: Loaded 1 hooks from com.code_intelligence.jazzer.sanitizers.OsCommandInjection
INFO: Loaded 52 hooks from com.code_intelligence.jazzer.sanitizers.ReflectiveCall
INFO: Loaded 8 hooks from com.code_intelligence.jazzer.sanitizers.RegexInjection
INFO: Loaded 16 hooks from com.code_intelligence.jazzer.sanitizers.RegexRoadblocks
INFO: Loaded 18 hooks from com.code_intelligence.jazzer.sanitizers.ScriptEngineInjection
INFO: Loaded 2 hooks from com.code_intelligence.jazzer.sanitizers.ServerSideRequestForgery
INFO: Loaded 19 hooks from com.code_intelligence.jazzer.sanitizers.SqlInjection
INFO: Loaded 6 hooks from com.code_intelligence.jazzer.sanitizers.XPathInjection
INFO: Instrumented com.example.algorithm2.Algorithm2Test$Skip (took 411 ms, size +44%)
INFO: Instrumented com.example.algorithm2.Algorithm2Test (took 293 ms, size +27%)
INFO: Instrumented org.apache.commons.cli.CommandLine (took 190 ms, size +31%)
INFO: New number of coverage counters: 1024
INFO: Instrumented org.apache.commons.cli.Option (took 256 ms, size +25%)
[harness] target=org.apache.commons.cli.CommandLine factories=1 methods=15
INFO: using inputs from: /tmp/bugrun/cli_17.8vH2Zh/.cifuzz-corpus/com.example.algorithm2.Algorithm2Test/testParameterizedFuzzer
INFO: using inputs from: /tmp/jazzer-java-seeds7758336912131781563
INFO: found LLVMFuzzerCustomMutator (0x7f1467570cd0). Disabling -len_control by default.
INFO: Running with entropic power schedule (0xFF, 100).
INFO: INFO: Seed: 1293943925
INFO: Loaded 2 modules   (1024 inline 8-bit counters): 512 [0x7f1580b25a80, 0x7f1580b25c80), 512 [0x7f1580b25c80, 0x7f1580b25e80), 
INFO: Loaded 2 PC tables (1024 PCs): 512 [0x7f1580b06550,0x7f1580b08550), 512 [0x7f158068bdc0,0x7f158068ddc0), 
Instrumented org.apache.commons.cli.Util (took 13 ms, size +74%)
INFO:        0 files found in /tmp/bugrun/cli_17.8vH2Zh/.cifuzz-corpus/com.example.algorithm2.Algorithm2Test/testParameterizedFuzzer
INFO:        0 files found in /tmp/jazzer-java-seeds7758336912131781563
INFO: -max_len is not provided; libFuzzer will not generate inputs larger than 4096 bytes
INFO: A corpus is not provided, starting from an empty corpus
#2	INITED cov: 33 ft: 33 corp: 1/1b exec/s: 0 rss: 966Mb
#3	NEW    cov: 50 ft: 50 corp: 2/2b lim: 4 exec/s: 0 rss: 968Mb L: 1/1 MS: 2 ChangeBinInt-Custom-
#4	NEW    cov: 53 ft: 53 corp: 3/3b lim: 4 exec/s: 0 rss: 968Mb L: 1/1 MS: 2 ChangeBit-Custom-
#5	NEW    cov: 57 ft: 57 corp: 4/4b lim: 4 exec/s: 0 rss: 968Mb L: 1/1 MS: 2 ChangeBit-Custom-
#6	NEW    cov: 62 ft: 62 corp: 5/5b lim: 4 exec/s: 0 rss: 968Mb L: 1/1 MS: 2 ChangeByte-Custom-
#10	NEW    cov: 65 ft: 65 corp: 6/7b lim: 4 exec/s: 0 rss: 968Mb L: 2/2 MS: 8 ChangeBinInt-Custom-CrossOver-Custom-ChangeByte-Custom-ChangeBinInt-Custom-
#13	NEW    cov: 73 ft: 73 corp: 7/9b lim: 4 exec/s: 0 rss: 968Mb L: 2/2 MS: 6 ShuffleBytes-Custom-ShuffleBytes-Custom-InsertByte-Custom-
#16	NEW    cov: 73 ft: 75 corp: 8/10b lim: 4 exec/s: 0 rss: 968Mb L: 1/2 MS: 6 ChangeBit-Custom-ChangeBit-Custom-ChangeBit-Custom-
#19	NEW    cov: 78 ft: 84 corp: 9/12b lim: 4 exec/s: 0 rss: 968Mb L: 2/2 MS: 6 CrossOver-Custom-CopyPart-Custom-ChangeByte-Custom-
#20	NEW    cov: 80 ft: 86 corp: 10/15b lim: 4 exec/s: 0 rss: 968Mb L: 3/3 MS: 2 InsertByte-Custom-
#37	NEW    cov: 80 ft: 91 corp: 11/19b lim: 4 exec/s: 0 rss: 968Mb L: 4/4 MS: 4 InsertByte-Custom-CrossOver-Custom-
#39	REDUCE cov: 80 ft: 91 corp: 11/18b lim: 4 exec/s: 0 rss: 968Mb L: 1/4 MS: 4 EraseBytes-Custom-ChangeBit-Custom-
#50	NEW    cov: 81 ft: 92 corp: 12/19b lim: 4 exec/s: 0 rss: 969Mb L: 1/4 MS: 2 ChangeBit-Custom-
#52	NEW    cov: 81 ft: 95 corp: 13/22b lim: 4 exec/s: 0 rss: 969Mb L: 3/4 MS: 4 InsertByte-Custom-CopyPart-Custom-
#53	NEW    cov: 81 ft: 98 corp: 14/24b lim: 4 exec/s: 0 rss: 969Mb L: 2/4 MS: 2 EraseBytes-Custom-
#87	NEW    cov: 81 ft: 100 corp: 15/25b lim: 4 exec/s: 0 rss: 969Mb L: 1/4 MS: 8 ChangeByte-Custom-EraseBytes-Custom-ShuffleBytes-Custom-ChangeByte-Custom-
#105	NEW    cov: 83 ft: 102 corp: 16/27b lim: 4 exec/s: 0 rss: 969Mb L: 2/4 MS: 6 ChangeBinInt-Custom-CopyPart-Custom-ChangeBinInt-Custom-
#120	NEW    cov: 83 ft: 115 corp: 17/31b lim: 4 exec/s: 0 rss: 969Mb L: 4/4 MS: 10 ChangeByte-Custom-ChangeByte-Custom-InsertByte-Custom-CrossOver-Custom-CrossOver-Custom-
#125	REDUCE cov: 83 ft: 115 corp: 17/30b lim: 4 exec/s: 0 rss: 969Mb L: 2/4 MS: 10 CopyPart-Custom-InsertByte-Custom-ChangeBit-Custom-EraseBytes-Custom-EraseBytes-Custom-
#132	NEW    cov: 83 ft: 116 corp: 18/32b lim: 4 exec/s: 0 rss: 969Mb L: 2/4 MS: 4 CopyPart-Custom-CrossOver-Custom-
#133	NEW    cov: 83 ft: 119 corp: 19/36b lim: 4 exec/s: 0 rss: 969Mb L: 4/4 MS: 2 CopyPart-Custom-
#135	NEW    cov: 83 ft: 123 corp: 20/40b lim: 4 exec/s: 0 rss: 969Mb L: 4/4 MS: 4 CopyPart-Custom-ChangeByte-Custom-
#214	NEW    cov: 83 ft: 126 corp: 21/44b lim: 4 exec/s: 0 rss: 970Mb L: 4/4 MS: 8 ChangeBit-Custom-ChangeBinInt-Custom-ChangeByte-Custom-CopyPart-Custom-
#288	NEW    cov: 83 ft: 129 corp: 22/48b lim: 4 exec/s: 0 rss: 971Mb L: 4/4 MS: 8 ShuffleBytes-Custom-InsertByte-Custom-ChangeBinInt-Custom-InsertByte-Custom-
#421	NEW    cov: 83 ft: 132 corp: 23/51b lim: 4 exec/s: 0 rss: 974Mb L: 3/4 MS: 6 ShuffleBytes-Custom-ShuffleBytes-Custom-CMP-Custom- DE: "\031\000"-
#541	NEW    cov: 83 ft: 133 corp: 24/54b lim: 4 exec/s: 0 rss: 975Mb L: 3/4 MS: 10 CrossOver-Custom-ChangeBinInt-Custom-InsertByte-Custom-PersAutoDict-Custom-CrossOver-Custom- DE: "\031\000"-
#562	NEW    cov: 83 ft: 134 corp: 25/58b lim: 4 exec/s: 0 rss: 975Mb L: 4/4 MS: 2 InsertByte-Custom-
#570	REDUCE cov: 83 ft: 134 corp: 25/57b lim: 4 exec/s: 0 rss: 976Mb L: 1/4 MS: 6 ChangeByte-Custom-CopyPart-Custom-EraseBytes-Custom-
#660	REDUCE cov: 83 ft: 134 corp: 25/56b lim: 4 exec/s: 0 rss: 976Mb L: 1/4 MS: 10 ChangeByte-Custom-ChangeBit-Custom-EraseBytes-Custom-CopyPart-Custom-ChangeBit-Custom-
#670	NEW    cov: 83 ft: 136 corp: 26/60b lim: 4 exec/s: 0 rss: 976Mb L: 4/4 MS: 10 ChangeByte-Custom-CopyPart-Custom-ShuffleBytes-Custom-ShuffleBytes-Custom-CopyPart-Custom-
#943	NEW    cov: 83 ft: 138 corp: 27/64b lim: 6 exec/s: 0 rss: 978Mb L: 4/4 MS: 6 CrossOver-Custom-ChangeByte-Custom-CopyPart-Custom-
#1209	NEW    cov: 83 ft: 141 corp: 28/69b lim: 8 exec/s: 0 rss: 979Mb L: 5/5 MS: 2 PersAutoDict-Custom- DE: "\031\000"-
#1276	NEW    cov: 83 ft: 143 corp: 29/75b lim: 8 exec/s: 0 rss: 980Mb L: 6/6 MS: 4 EraseBytes-Custom-CopyPart-Custom-
#1277	NEW    cov: 83 ft: 145 corp: 30/80b lim: 8 exec/s: 0 rss: 980Mb L: 5/6 MS: 2 InsertByte-Custom-
#1306	NEW    cov: 83 ft: 148 corp: 31/85b lim: 8 exec/s: 0 rss: 980Mb L: 5/6 MS: 8 InsertByte-Custom-ShuffleBytes-Custom-ChangeByte-Custom-InsertRepeatedBytes-Custom-
#1329	NEW    cov: 83 ft: 150 corp: 32/93b lim: 8 exec/s: 0 rss: 980Mb L: 8/8 MS: 6 ShuffleBytes-Custom-ChangeByte-Custom-CrossOver-Custom-
#1350	NEW    cov: 83 ft: 152 corp: 33/99b lim: 8 exec/s: 0 rss: 980Mb L: 6/8 MS: 2 CopyPart-Custom-
#1416	NEW    cov: 83 ft: 159 corp: 34/106b lim: 8 exec/s: 0 rss: 981Mb L: 7/8 MS: 2 InsertRepeatedBytes-Custom-
#1419	NEW    cov: 83 ft: 167 corp: 35/113b lim: 8 exec/s: 0 rss: 981Mb L: 7/8 MS: 6 ShuffleBytes-Custom-CopyPart-Custom-CopyPart-Custom-
#1438	NEW    cov: 83 ft: 171 corp: 36/121b lim: 8 exec/s: 0 rss: 981Mb L: 8/8 MS: 8 ChangeBit-Custom-ChangeBit-Custom-ChangeByte-Custom-PersAutoDict-Custom- DE: "\031\000"-
#1525	NEW    cov: 83 ft: 176 corp: 37/129b lim: 8 exec/s: 0 rss: 981Mb L: 8/8 MS: 4 InsertRepeatedBytes-Custom-InsertByte-Custom-
#1556	NEW    cov: 83 ft: 178 corp: 38/136b lim: 8 exec/s: 0 rss: 981Mb L: 7/8 MS: 2 CopyPart-Custom-
#1705	REDUCE cov: 83 ft: 178 corp: 38/135b lim: 8 exec/s: 0 rss: 982Mb L: 7/8 MS: 8 CrossOver-Custom-ShuffleBytes-Custom-ChangeBinInt-Custom-InsertByte-Custom-
#1755	NEW    cov: 85 ft: 180 corp: 39/138b lim: 8 exec/s: 0 rss: 982Mb L: 3/8 MS: 10 ChangeBit-Custom-PersAutoDict-Custom-ChangeBit-Custom-EraseBytes-Custom-ChangeByte-Custom- DE: "\031\000"-
#2051	REDUCE cov: 85 ft: 180 corp: 39/137b lim: 8 exec/s: 0 rss: 982Mb L: 2/8 MS: 2 EraseBytes-Custom-
#2289	REDUCE cov: 85 ft: 180 corp: 39/136b lim: 8 exec/s: 0 rss: 982Mb L: 7/8 MS: 6 ChangeASCIIInt-Custom-ShuffleBytes-Custom-EraseBytes-Custom-
#2601	NEW    cov: 85 ft: 182 corp: 40/143b lim: 11 exec/s: 0 rss: 982Mb L: 7/8 MS: 4 CopyPart-Custom-InsertByte-Custom-
#2623	NEW    cov: 85 ft: 189 corp: 41/154b lim: 11 exec/s: 0 rss: 982Mb L: 11/11 MS: 4 ChangeBit-Custom-InsertRepeatedBytes-Custom-
#2677	NEW    cov: 85 ft: 192 corp: 42/165b lim: 11 exec/s: 0 rss: 982Mb L: 11/11 MS: 8 ChangeBit-Custom-ChangeByte-Custom-CrossOver-Custom-ChangeBinInt-Custom-
#2844	NEW    cov: 85 ft: 194 corp: 43/173b lim: 11 exec/s: 0 rss: 983Mb L: 8/11 MS: 4 CopyPart-Custom-InsertByte-Custom-
#2875	REDUCE cov: 85 ft: 197 corp: 44/184b lim: 11 exec/s: 0 rss: 985Mb L: 11/11 MS: 2 InsertRepeatedBytes-Custom-
#2879	NEW    cov: 85 ft: 198 corp: 45/195b lim: 11 exec/s: 0 rss: 985Mb L: 11/11 MS: 8 ShuffleBytes-Custom-CMP-Custom-EraseBytes-Custom-InsertRepeatedBytes-Custom- DE: "\000\000"-
#2912	NEW    cov: 87 ft: 200 corp: 46/198b lim: 11 exec/s: 0 rss: 985Mb L: 3/11 MS: 6 ShuffleBytes-Custom-CrossOver-Custom-ChangeByte-Custom-
#3154	NEW    cov: 87 ft: 202 corp: 47/206b lim: 11 exec/s: 0 rss: 986Mb L: 8/11 MS: 4 ChangeByte-Custom-InsertRepeatedBytes-Custom-
#3211	NEW    cov: 87 ft: 204 corp: 48/215b lim: 11 exec/s: 0 rss: 986Mb L: 9/11 MS: 4 CMP-Custom-InsertRepeatedBytes-Custom- DE: "\001\000\000\000"-
#3394	REDUCE cov: 87 ft: 204 corp: 48/213b lim: 11 exec/s: 0 rss: 989Mb L: 7/11 MS: 6 CopyPart-Custom-EraseBytes-Custom-ShuffleBytes-Custom-
#3615	REDUCE cov: 87 ft: 204 corp: 48/211b lim: 11 exec/s: 0 rss: 990Mb L: 9/11 MS: 2 EraseBytes-Custom-
#3857	REDUCE cov: 87 ft: 204 corp: 48/210b lim: 11 exec/s: 0 rss: 993Mb L: 10/11 MS: 4 CrossOver-Custom-EraseBytes-Custom-
#3930	REDUCE cov: 87 ft: 204 corp: 48/209b lim: 11 exec/s: 0 rss: 993Mb L: 8/11 MS: 6 ShuffleBytes-Custom-EraseBytes-Custom-CopyPart-Custom-
#4038	NEW    cov: 87 ft: 211 corp: 49/220b lim: 11 exec/s: 4038 rss: 994Mb L: 11/11 MS: 6 ChangeBit-Custom-ShuffleBytes-Custom-PersAutoDict-Custom- DE: "\001\000\000\000"-
#4237	REDUCE cov: 87 ft: 211 corp: 49/219b lim: 11 exec/s: 4237 rss: 995Mb L: 7/11 MS: 8 EraseBytes-Custom-InsertByte-Custom-PersAutoDict-Custom-InsertByte-Custom- DE: "\031\000"-
#4351	REDUCE cov: 87 ft: 211 corp: 49/218b lim: 11 exec/s: 4351 rss: 996Mb L: 5/11 MS: 8 ChangeBinInt-Custom-EraseBytes-Custom-ShuffleBytes-Custom-ChangeBinInt-Custom-
#4772	NEW    cov: 87 ft: 214 corp: 50/226b lim: 14 exec/s: 4772 rss: 999Mb L: 8/11 MS: 2 CopyPart-Custom-
#5010	NEW    cov: 87 ft: 216 corp: 51/239b lim: 14 exec/s: 5010 rss: 1000Mb L: 13/13 MS: 6 InsertRepeatedBytes-Custom-ChangeBit-Custom-CrossOver-Custom-
#5197	NEW    cov: 87 ft: 218 corp: 52/253b lim: 14 exec/s: 5197 rss: 1004Mb L: 14/14 MS: 4 ChangeBit-Custom-CopyPart-Custom-
#5258	NEW    cov: 87 ft: 220 corp: 53/266b lim: 14 exec/s: 5258 rss: 1005Mb L: 13/14 MS: 2 ChangeBit-Custom-
#5285	NEW    cov: 87 ft: 222 corp: 54/278b lim: 14 exec/s: 5285 rss: 1005Mb L: 12/14 MS: 4 InsertByte-Custom-InsertRepeatedBytes-Custom-
#5456	REDUCE cov: 87 ft: 227 corp: 55/292b lim: 14 exec/s: 5456 rss: 1006Mb L: 14/14 MS: 2 CopyPart-Custom-
#5948	REDUCE cov: 87 ft: 227 corp: 55/289b lim: 17 exec/s: 5948 rss: 1011Mb L: 11/14 MS: 4 ChangeByte-Custom-EraseBytes-Custom-
#6065	NEW    cov: 87 ft: 229 corp: 56/304b lim: 17 exec/s: 6065 rss: 1012Mb L: 15/15 MS: 4 ChangeBit-Custom-InsertRepeatedBytes-Custom-
#6241	REDUCE cov: 87 ft: 229 corp: 56/303b lim: 17 exec/s: 6241 rss: 1014Mb L: 4/15 MS: 2 CrossOver-Custom-
#7046	NEW    cov: 87 ft: 233 corp: 57/313b lim: 21 exec/s: 7046 rss: 1019Mb L: 10/15 MS: 10 ShuffleBytes-Custom-CopyPart-Custom-ChangeByte-Custom-CrossOver-Custom-InsertRepeatedBytes-Custom-
#7092	REDUCE cov: 87 ft: 233 corp: 57/312b lim: 21 exec/s: 7092 rss: 1019Mb L: 4/15 MS: 2 EraseBytes-Custom-
#7249	REDUCE cov: 87 ft: 233 corp: 57/310b lim: 21 exec/s: 7249 rss: 1020Mb L: 8/15 MS: 4 EraseBytes-Custom-ChangeByte-Custom-
#7300	REDUCE cov: 87 ft: 233 corp: 57/309b lim: 21 exec/s: 7300 rss: 1020Mb L: 3/15 MS: 2 EraseBytes-Custom-
#7424	REDUCE cov: 87 ft: 233 corp: 57/307b lim: 21 exec/s: 7424 rss: 1021Mb L: 13/14 MS: 8 CrossOver-Custom-CopyPart-Custom-CrossOver-Custom-CopyPart-Custom-
#7915	REDUCE cov: 87 ft: 233 corp: 57/306b lim: 25 exec/s: 7915 rss: 1024Mb L: 4/14 MS: 2 EraseBytes-Custom-
#8226	REDUCE cov: 87 ft: 233 corp: 57/305b lim: 25 exec/s: 8226 rss: 1025Mb L: 1/14 MS: 2 EraseBytes-Custom-
#8291	NEW    cov: 87 ft: 244 corp: 58/328b lim: 25 exec/s: 8291 rss: 1026Mb L: 23/23 MS: 10 PersAutoDict-Custom-CMP-Custom-CrossOver-Custom-InsertRepeatedBytes-Custom-CopyPart-Custom- DE: "\000\000"-"\377\007"-
#9753	NEW    cov: 87 ft: 246 corp: 59/365b lim: 38 exec/s: 9753 rss: 1034Mb L: 37/37 MS: 4 PersAutoDict-Custom-CopyPart-Custom- DE: "\001\000\000\000"-
#9774	REDUCE cov: 87 ft: 251 corp: 60/389b lim: 38 exec/s: 9774 rss: 1034Mb L: 24/37 MS: 2 InsertRepeatedBytes-Custom-
#9784	REDUCE cov: 87 ft: 256 corp: 61/401b lim: 38 exec/s: 9784 rss: 1034Mb L: 12/37 MS: 10 InsertByte-Custom-InsertByte-Custom-ChangeBit-Custom-CrossOver-Custom-CrossOver-Custom-
#10040	REDUCE cov: 87 ft: 256 corp: 61/391b lim: 38 exec/s: 10040 rss: 1036Mb L: 27/27 MS: 2 EraseBytes-Custom-
#10229	REDUCE cov: 87 ft: 258 corp: 62/412b lim: 38 exec/s: 10229 rss: 1037Mb L: 21/27 MS: 8 InsertRepeatedBytes-Custom-InsertByte-Custom-EraseBytes-Custom-CrossOver-Custom-
#11145	REDUCE cov: 87 ft: 258 corp: 62/411b lim: 43 exec/s: 11145 rss: 1042Mb L: 1/27 MS: 2 EraseBytes-Custom-
#11175	REDUCE cov: 87 ft: 258 corp: 62/409b lim: 43 exec/s: 11175 rss: 1042Mb L: 25/25 MS: 10 ChangeByte-Custom-InsertByte-Custom-ChangeBit-Custom-EraseBytes-Custom-CrossOver-Custom-
#11211	REDUCE cov: 87 ft: 258 corp: 62/408b lim: 43 exec/s: 11211 rss: 1042Mb L: 12/25 MS: 2 EraseBytes-Custom-
#11622	NEW    cov: 87 ft: 270 corp: 63/440b lim: 43 exec/s: 11622 rss: 1044Mb L: 32/32 MS: 2 InsertRepeatedBytes-Custom-
#12033	NEW    cov: 87 ft: 274 corp: 64/469b lim: 43 exec/s: 12033 rss: 1047Mb L: 29/32 MS: 2 CrossOver-Custom-
#13258	NEW    cov: 87 ft: 278 corp: 65/515b lim: 53 exec/s: 13258 rss: 1054Mb L: 46/46 MS: 10 CrossOver-Custom-CrossOver-Custom-EraseBytes-Custom-InsertByte-Custom-InsertRepeatedBytes-Custom-
#13912	REDUCE cov: 87 ft: 278 corp: 65/514b lim: 58 exec/s: 13912 rss: 1057Mb L: 11/46 MS: 8 ShuffleBytes-Custom-ShuffleBytes-Custom-ShuffleBytes-Custom-EraseBytes-Custom-
#14438	REDUCE cov: 87 ft: 278 corp: 65/509b lim: 63 exec/s: 14438 rss: 1057Mb L: 27/46 MS: 2 EraseBytes-Custom-
#14585	REDUCE cov: 87 ft: 278 corp: 65/499b lim: 63 exec/s: 14585 rss: 1057Mb L: 36/36 MS: 4 ChangeASCIIInt-Custom-EraseBytes-Custom-
#14651	REDUCE cov: 87 ft: 278 corp: 65/498b lim: 63 exec/s: 14651 rss: 1057Mb L: 12/36 MS: 2 EraseBytes-Custom-
#14840	REDUCE cov: 87 ft: 278 corp: 65/493b lim: 63 exec/s: 14840 rss: 1057Mb L: 24/36 MS: 8 CrossOver-Custom-ChangeASCIIInt-Custom-EraseBytes-Custom-ChangeBinInt-Custom-
#15566	REDUCE cov: 87 ft: 278 corp: 65/492b lim: 68 exec/s: 15566 rss: 1059Mb L: 10/36 MS: 2 EraseBytes-Custom-
#15952	REDUCE cov: 87 ft: 284 corp: 66/559b lim: 68 exec/s: 15952 rss: 1061Mb L: 67/67 MS: 2 InsertRepeatedBytes-Custom-
#16121	REDUCE cov: 87 ft: 284 corp: 66/558b lim: 68 exec/s: 16121 rss: 1062Mb L: 7/67 MS: 8 ShuffleBytes-Custom-ChangeByte-Custom-ShuffleBytes-Custom-EraseBytes-Custom-
#16377	REDUCE cov: 87 ft: 284 corp: 66/554b lim: 68 exec/s: 16377 rss: 1063Mb L: 4/67 MS: 2 EraseBytes-Custom-
#16783	REDUCE cov: 87 ft: 284 corp: 66/551b lim: 68 exec/s: 16783 rss: 1066Mb L: 64/64 MS: 2 EraseBytes-Custom-
#17459	REDUCE cov: 87 ft: 284 corp: 66/538b lim: 74 exec/s: 17459 rss: 1070Mb L: 23/64 MS: 2 EraseBytes-Custom-
#17464	REDUCE cov: 87 ft: 284 corp: 66/534b lim: 74 exec/s: 17464 rss: 1070Mb L: 60/60 MS: 10 ChangeBinInt-Custom-CrossOver-Custom-InsertByte-Custom-CopyPart-Custom-EraseBytes-Custom-
#18026	REDUCE cov: 87 ft: 284 corp: 66/531b lim: 74 exec/s: 18026 rss: 1070Mb L: 22/60 MS: 4 InsertByte-Custom-EraseBytes-Custom-
#18442	REDUCE cov: 87 ft: 284 corp: 66/527b lim: 74 exec/s: 18442 rss: 1070Mb L: 20/60 MS: 2 EraseBytes-Custom-
#18515	REDUCE cov: 87 ft: 284 corp: 66/525b lim: 74 exec/s: 18515 rss: 1070Mb L: 22/60 MS: 6 ChangeByte-Custom-EraseBytes-Custom-CMP-Custom- DE: "\004\000"-
#18841	REDUCE cov: 87 ft: 284 corp: 66/522b lim: 74 exec/s: 18841 rss: 1072Mb L: 18/60 MS: 2 EraseBytes-Custom-
#18878	REDUCE cov: 87 ft: 284 corp: 66/521b lim: 74 exec/s: 18878 rss: 1072Mb L: 7/60 MS: 4 CrossOver-Custom-EraseBytes-Custom-
#18960	REDUCE cov: 87 ft: 284 corp: 66/515b lim: 74 exec/s: 18960 rss: 1073Mb L: 54/54 MS: 4 ChangeASCIIInt-Custom-EraseBytes-Custom-
#20036	REDUCE cov: 87 ft: 284 corp: 66/511b lim: 80 exec/s: 20036 rss: 1079Mb L: 23/54 MS: 2 EraseBytes-Custom-
#20427	REDUCE cov: 87 ft: 284 corp: 66/510b lim: 80 exec/s: 20427 rss: 1081Mb L: 19/54 MS: 2 EraseBytes-Custom-
#20875	REDUCE cov: 87 ft: 284 corp: 66/508b lim: 80 exec/s: 20875 rss: 1084Mb L: 10/54 MS: 6 EraseBytes-Custom-ChangeBit-Custom-ShuffleBytes-Custom-
#23451	REDUCE cov: 87 ft: 284 corp: 66/503b lim: 104 exec/s: 23451 rss: 1099Mb L: 13/54 MS: 2 EraseBytes-Custom-
#24453	REDUCE cov: 87 ft: 284 corp: 66/502b lim: 110 exec/s: 24453 rss: 1104Mb L: 18/54 MS: 4 ChangeBit-Custom-EraseBytes-Custom-
#25530	REDUCE cov: 87 ft: 284 corp: 66/499b lim: 116 exec/s: 25530 rss: 1111Mb L: 7/54 MS: 4 CMP-Custom-EraseBytes-Custom- DE: "\031\000\000\000"-
#25891	NEW    cov: 87 ft: 289 corp: 67/606b lim: 116 exec/s: 25891 rss: 1113Mb L: 107/107 MS: 2 InsertRepeatedBytes-Custom-
#25912	NEW    cov: 87 ft: 294 corp: 68/714b lim: 116 exec/s: 25912 rss: 1113Mb L: 108/108 MS: 2 InsertByte-Custom-
#26346	REDUCE cov: 87 ft: 294 corp: 68/682b lim: 116 exec/s: 26346 rss: 1117Mb L: 75/108 MS: 8 ShuffleBytes-Custom-ChangeByte-Custom-PersAutoDict-Custom-EraseBytes-Custom- DE: "\000\000"-
#26693	REDUCE cov: 87 ft: 294 corp: 68/681b lim: 116 exec/s: 26693 rss: 1117Mb L: 12/108 MS: 4 CrossOver-Custom-EraseBytes-Custom-
#27569	REDUCE cov: 87 ft: 294 corp: 68/680b lim: 122 exec/s: 27569 rss: 1118Mb L: 22/108 MS: 2 EraseBytes-Custom-
#29242	REDUCE cov: 87 ft: 294 corp: 68/679b lim: 135 exec/s: 29242 rss: 1120Mb L: 12/108 MS: 6 CopyPart-Custom-ChangeBit-Custom-EraseBytes-Custom-
#29874	REDUCE cov: 87 ft: 294 corp: 68/678b lim: 135 exec/s: 29874 rss: 1120Mb L: 11/108 MS: 4 ChangeASCIIInt-Custom-EraseBytes-Custom-
#31180	REDUCE cov: 87 ft: 294 corp: 68/677b lim: 142 exec/s: 15590 rss: 1123Mb L: 6/108 MS: 2 EraseBytes-Custom-
#32076	REDUCE cov: 87 ft: 294 corp: 68/674b lim: 149 exec/s: 16038 rss: 1123Mb L: 15/108 MS: 2 EraseBytes-Custom-
#32768	pulse  cov: 87 ft: 294 corp: 68/674b lim: 149 exec/s: 16384 rss: 1124Mb
#32787	REDUCE cov: 87 ft: 294 corp: 68/673b lim: 156 exec/s: 16393 rss: 1124Mb L: 11/108 MS: 2 EraseBytes-Custom-
#34688	REDUCE cov: 87 ft: 294 corp: 68/672b lim: 170 exec/s: 17344 rss: 1127Mb L: 74/108 MS: 2 EraseBytes-Custom-
#35726	REDUCE cov: 87 ft: 294 corp: 68/668b lim: 177 exec/s: 17863 rss: 1127Mb L: 7/108 MS: 6 ChangeByte-Custom-EraseBytes-Custom-InsertByte-Custom-
#37217	REDUCE cov: 87 ft: 294 corp: 68/667b lim: 191 exec/s: 18608 rss: 1130Mb L: 9/108 MS: 2 EraseBytes-Custom-
#39533	REDUCE cov: 87 ft: 294 corp: 68/666b lim: 212 exec/s: 19766 rss: 1131Mb L: 10/108 MS: 2 EraseBytes-Custom-
#39800	REDUCE cov: 87 ft: 294 corp: 68/665b lim: 212 exec/s: 19900 rss: 1131Mb L: 11/108 MS: 4 ChangeBit-Custom-EraseBytes-Custom-
#41229	REDUCE cov: 87 ft: 294 corp: 68/661b lim: 226 exec/s: 20614 rss: 1131Mb L: 10/108 MS: 8 EraseBytes-Custom-EraseBytes-Custom-ChangeBit-Custom-InsertByte-Custom-
#42285	REDUCE cov: 87 ft: 294 corp: 68/658b lim: 233 exec/s: 21142 rss: 1131Mb L: 12/108 MS: 2 EraseBytes-Custom-
#48571	REDUCE cov: 87 ft: 294 corp: 68/657b lim: 293 exec/s: 24285 rss: 1131Mb L: 6/108 MS: 2 EraseBytes-Custom-
#49952	REDUCE cov: 87 ft: 294 corp: 68/655b lim: 301 exec/s: 24976 rss: 1131Mb L: 10/108 MS: 2 EraseBytes-Custom-
#51049	REDUCE cov: 87 ft: 294 corp: 68/651b lim: 309 exec/s: 25524 rss: 1131Mb L: 50/108 MS: 4 CMP-Custom-EraseBytes-Custom- DE: "\027\000\000\000"-
#53552	REDUCE cov: 87 ft: 294 corp: 68/650b lim: 333 exec/s: 26776 rss: 1131Mb L: 2/108 MS: 6 EraseBytes-Custom-InsertByte-Custom-EraseBytes-Custom-
#56512	REDUCE cov: 87 ft: 296 corp: 69/877b lim: 357 exec/s: 28256 rss: 1131Mb L: 227/227 MS: 10 CrossOver-Custom-CopyPart-Custom-InsertRepeatedBytes-Custom-InsertByte-Custom-InsertRepeatedBytes-Custom-
#56691	REDUCE cov: 87 ft: 296 corp: 69/855b lim: 357 exec/s: 28345 rss: 1131Mb L: 205/205 MS: 8 ChangeBinInt-Custom-EraseBytes-Custom-ChangeASCIIInt-Custom-CMP-Custom- DE: "\000\000\000\000\000\000\000\000"-
#58584	REDUCE cov: 87 ft: 296 corp: 69/851b lim: 373 exec/s: 29292 rss: 1131Mb L: 201/201 MS: 6 EraseBytes-Custom-PersAutoDict-Custom-InsertRepeatedBytes-Custom- DE: "\004\000"-
#60705	REDUCE cov: 87 ft: 296 corp: 69/841b lim: 389 exec/s: 30352 rss: 1131Mb L: 191/191 MS: 2 CrossOver-Custom-
#62686	REDUCE cov: 87 ft: 296 corp: 69/840b lim: 405 exec/s: 31343 rss: 1131Mb L: 10/191 MS: 2 EraseBytes-Custom-
#62770	REDUCE cov: 87 ft: 296 corp: 69/833b lim: 405 exec/s: 31385 rss: 1131Mb L: 184/184 MS: 8 PersAutoDict-Custom-ChangeBinInt-Custom-CrossOver-Custom-EraseBytes-Custom- DE: "\000\000\000\000\000\000\000\000"-
#63641	REDUCE cov: 87 ft: 296 corp: 69/832b lim: 413 exec/s: 31820 rss: 1131Mb L: 5/184 MS: 2 EraseBytes-Custom-
#65069	REDUCE cov: 87 ft: 296 corp: 69/809b lim: 421 exec/s: 32534 rss: 1131Mb L: 161/161 MS: 6 ChangeBit-Custom-ShuffleBytes-Custom-EraseBytes-Custom-
#65536	pulse  cov: 87 ft: 296 corp: 69/809b lim: 421 exec/s: 32768 rss: 1131Mb
#69037	REDUCE cov: 87 ft: 305 corp: 70/1223b lim: 453 exec/s: 34518 rss: 1131Mb L: 414/414 MS: 6 CopyPart-Custom-PersAutoDict-Custom-InsertRepeatedBytes-Custom- DE: "\027\000\000\000"-
#72068	REDUCE cov: 87 ft: 305 corp: 70/1222b lim: 477 exec/s: 36034 rss: 1131Mb L: 4/414 MS: 2 EraseBytes-Custom-
#74059	REDUCE cov: 87 ft: 305 corp: 70/1206b lim: 493 exec/s: 37029 rss: 1131Mb L: 145/414 MS: 2 EraseBytes-Custom-
#75937	REDUCE cov: 87 ft: 305 corp: 70/1205b lim: 509 exec/s: 37968 rss: 1131Mb L: 10/414 MS: 6 CopyPart-Custom-CMP-Custom-EraseBytes-Custom- DE: "\011\000"-
#75945	REDUCE cov: 87 ft: 305 corp: 70/1204b lim: 509 exec/s: 37972 rss: 1131Mb L: 144/414 MS: 6 PersAutoDict-Custom-EraseBytes-Custom-CopyPart-Custom- DE: "\000\000\000\000\000\000\000\000"-
#76092	REDUCE cov: 87 ft: 305 corp: 70/1203b lim: 509 exec/s: 38046 rss: 1131Mb L: 10/414 MS: 4 CopyPart-Custom-EraseBytes-Custom-
#77398	REDUCE cov: 87 ft: 305 corp: 70/1201b lim: 517 exec/s: 38699 rss: 1131Mb L: 10/414 MS: 2 EraseBytes-Custom-
#77749	REDUCE cov: 87 ft: 305 corp: 70/1200b lim: 517 exec/s: 38874 rss: 1131Mb L: 8/414 MS: 2 EraseBytes-Custom-
#79513	REDUCE cov: 87 ft: 305 corp: 70/1195b lim: 526 exec/s: 39756 rss: 1139Mb L: 409/409 MS: 8 EraseBytes-Custom-InsertByte-Custom-CopyPart-Custom-EraseBytes-Custom-
#80444	REDUCE cov: 87 ft: 305 corp: 70/1193b lim: 535 exec/s: 40222 rss: 1140Mb L: 8/409 MS: 2 EraseBytes-Custom-
#84025	REDUCE cov: 87 ft: 305 corp: 70/1192b lim: 562 exec/s: 42012 rss: 1140Mb L: 7/409 MS: 2 EraseBytes-Custom-
#86713	REDUCE cov: 87 ft: 305 corp: 70/1191b lim: 580 exec/s: 43356 rss: 1140Mb L: 73/409 MS: 6 CMP-Custom-EraseBytes-Custom-InsertByte-Custom- DE: "\377\377\377\377\377\377\377\377"-
#100359	REDUCE cov: 87 ft: 305 corp: 70/1190b lim: 715 exec/s: 33453 rss: 1140Mb L: 22/409 MS: 2 EraseBytes-Custom-
#111225	REDUCE cov: 87 ft: 305 corp: 70/1188b lim: 823 exec/s: 37075 rss: 1140Mb L: 142/409 MS: 2 EraseBytes-Custom-
#111339	REDUCE cov: 87 ft: 305 corp: 70/1187b lim: 823 exec/s: 37113 rss: 1140Mb L: 10/409 MS: 8 ChangeBit-Custom-ChangeByte-Custom-EraseBytes-Custom-ChangeBinInt-Custom-
#114414	REDUCE cov: 87 ft: 305 corp: 70/1174b lim: 850 exec/s: 38138 rss: 1140Mb L: 37/409 MS: 10 EraseBytes-Custom-ChangeBit-Custom-ChangeByte-Custom-CrossOver-Custom-ChangeBinInt-Custom-
#115564	REDUCE cov: 87 ft: 305 corp: 70/1150b lim: 859 exec/s: 38521 rss: 1140Mb L: 84/409 MS: 10 CopyPart-Custom-ShuffleBytes-Custom-EraseBytes-Custom-ShuffleBytes-Custom-CrossOver-Custom-
#116125	REDUCE cov: 87 ft: 305 corp: 70/1141b lim: 859 exec/s: 38708 rss: 1140Mb L: 75/409 MS: 2 EraseBytes-Custom-
#118797	REDUCE cov: 87 ft: 305 corp: 70/1123b lim: 877 exec/s: 39599 rss: 1140Mb L: 57/409 MS: 4 ShuffleBytes-Custom-EraseBytes-Custom-
#119714	REDUCE cov: 87 ft: 305 corp: 70/1114b lim: 886 exec/s: 39904 rss: 1140Mb L: 28/409 MS: 4 ShuffleBytes-Custom-EraseBytes-Custom-
#123056	REDUCE cov: 87 ft: 305 corp: 70/1086b lim: 913 exec/s: 41018 rss: 1140Mb L: 29/409 MS: 4 EraseBytes-Custom-CopyPart-Custom-
#124671	REDUCE cov: 87 ft: 307 corp: 71/1360b lim: 922 exec/s: 41557 rss: 1140Mb L: 274/409 MS: 10 InsertRepeatedBytes-Custom-CMP-Custom-PersAutoDict-Custom-CopyPart-Custom-CopyPart-Custom- DE: "\014\000"-"\031\000"-
#128437	REDUCE cov: 87 ft: 307 corp: 71/1353b lim: 958 exec/s: 42812 rss: 1140Mb L: 267/409 MS: 2 EraseBytes-Custom-
#129645	REDUCE cov: 87 ft: 307 corp: 71/1330b lim: 967 exec/s: 43215 rss: 1140Mb L: 244/409 MS: 6 PersAutoDict-Custom-InsertRepeatedBytes-Custom-EraseBytes-Custom- DE: "\000\000\000\000\000\000\000\000"-
#129954	REDUCE cov: 87 ft: 307 corp: 71/1323b lim: 967 exec/s: 43318 rss: 1140Mb L: 21/409 MS: 8 ChangeByte-Custom-PersAutoDict-Custom-ChangeBinInt-Custom-EraseBytes-Custom- DE: "\377\007"-
#130047	REDUCE cov: 87 ft: 307 corp: 71/1321b lim: 967 exec/s: 43349 rss: 1140Mb L: 27/409 MS: 6 CopyPart-Custom-ChangeBit-Custom-EraseBytes-Custom-
#131072	pulse  cov: 87 ft: 307 corp: 71/1321b lim: 976 exec/s: 43690 rss: 1140Mb
#134995	REDUCE cov: 87 ft: 307 corp: 71/1317b lim: 1012 exec/s: 44998 rss: 1140Mb L: 23/409 MS: 6 EraseBytes-Custom-ShuffleBytes-Custom-InsertByte-Custom-
#135186	REDUCE cov: 87 ft: 307 corp: 71/1316b lim: 1012 exec/s: 45062 rss: 1140Mb L: 22/409 MS: 2 EraseBytes-Custom-
#137329	REDUCE cov: 87 ft: 307 corp: 71/1309b lim: 1030 exec/s: 45776 rss: 1140Mb L: 237/409 MS: 6 InsertRepeatedBytes-Custom-ChangeBinInt-Custom-EraseBytes-Custom-
#137379	REDUCE cov: 87 ft: 307 corp: 71/1295b lim: 1030 exec/s: 45793 rss: 1140Mb L: 395/395 MS: 10 PersAutoDict-Custom-CrossOver-Custom-EraseBytes-Custom-CMP-Custom-EraseBytes-Custom- DE: "\000\000"-"\000\000"-
#137985	REDUCE cov: 87 ft: 307 corp: 71/1293b lim: 1030 exec/s: 45995 rss: 1140Mb L: 19/395 MS: 2 EraseBytes-Custom-
#138047	REDUCE cov: 87 ft: 307 corp: 71/1292b lim: 1030 exec/s: 46015 rss: 1140Mb L: 21/395 MS: 4 ShuffleBytes-Custom-EraseBytes-Custom-
#141523	REDUCE cov: 87 ft: 307 corp: 71/1285b lim: 1060 exec/s: 47174 rss: 1140Mb L: 230/395 MS: 2 EraseBytes-Custom-
#143164	REDUCE cov: 87 ft: 307 corp: 71/1284b lim: 1070 exec/s: 47721 rss: 1140Mb L: 229/395 MS: 2 EraseBytes-Custom-
#145317	REDUCE cov: 87 ft: 307 corp: 71/1267b lim: 1090 exec/s: 48439 rss: 1140Mb L: 378/378 MS: 6 ChangeBinInt-Custom-ChangeByte-Custom-EraseBytes-Custom-
#145638	REDUCE cov: 87 ft: 307 corp: 71/1266b lim: 1090 exec/s: 48546 rss: 1140Mb L: 10/378 MS: 2 EraseBytes-Custom-
#146525	REDUCE cov: 87 ft: 307 corp: 71/1265b lim: 1090 exec/s: 48841 rss: 1140Mb L: 228/378 MS: 4 CopyPart-Custom-EraseBytes-Custom-
#147661	REDUCE cov: 87 ft: 307 corp: 71/1254b lim: 1100 exec/s: 49220 rss: 1140Mb L: 367/367 MS: 2 EraseBytes-Custom-
#147778	REDUCE cov: 87 ft: 307 corp: 71/1237b lim: 1100 exec/s: 49259 rss: 1140Mb L: 211/367 MS: 4 PersAutoDict-Custom-EraseBytes-Custom- DE: "\027\000\000\000"-
#149147	REDUCE cov: 87 ft: 307 corp: 71/1235b lim: 1110 exec/s: 49715 rss: 1140Mb L: 365/365 MS: 8 PersAutoDict-Custom-EraseBytes-Custom-CrossOver-Custom-CrossOver-Custom- DE: "\377\007"-
#154766	REDUCE cov: 87 ft: 307 corp: 71/1232b lim: 1160 exec/s: 51588 rss: 1140Mb L: 362/362 MS: 8 ShuffleBytes-Custom-CrossOver-Custom-ShuffleBytes-Custom-EraseBytes-Custom-
#154870	REDUCE cov: 87 ft: 307 corp: 71/1223b lim: 1160 exec/s: 51623 rss: 1140Mb L: 353/353 MS: 8 CMP-Custom-ChangeBinInt-Custom-PersAutoDict-Custom-EraseBytes-Custom- DE: "\031\000"-"\377\377\377\377\377\377\377\377"-
#158740	DONE   cov: 87 ft: 307 corp: 71/1223b lim: 1190 exec/s: 39685 rss: 1140Mb
###### Recommended dictionary. ######
"\031\000" # Uses: 2182
"\000\000" # Uses: 1943
"\001\000\000\000" # Uses: 1837
"\377\007" # Uses: 1872
"\004\000" # Uses: 1565
"\031\000\000\000" # Uses: 1312
"\027\000\000\000" # Uses: 957
"\000\000\000\000\000\000\000\000" # Uses: 856
"\011\000" # Uses: 774
"\377\377\377\377\377\377\377\377" # Uses: 523
"\014\000" # Uses: 320
###### End of recommended dictionary. ######
Done 158740 runs in 4 second(s)
[INFO] Tests run: 2, Failures: 0, Errors: 0, Skipped: 0, Time elapsed: 22.51 s -- in com.example.algorithm2.Algorithm2Test
[INFO] 
[INFO] Results:
[INFO] 
[INFO] Tests run: 2, Failures: 0, Errors: 0, Skipped: 0
[INFO] 
[INFO] 
[INFO] --- jacoco:0.8.11:report (default-cli) @ AlgorithmName2 ---
[INFO] Loading execution data file /tmp/bugrun/cli_17.8vH2Zh/target/jacoco.exec
[INFO] Analyzed bundle 'AlgorithmName2' with 21 classes
[INFO] ------------------------------------------------------------------------
[INFO] BUILD SUCCESS
[INFO] ------------------------------------------------------------------------
[INFO] Total time:  39.375 s
[INFO] Finished at: 2026-10-06T01:46:39+07:00
[INFO] ------------------------------------------------------------------------
