[INFO] Scanning for projects...
[INFO] 
[INFO] ---------------------< com.example:AlgorithmName2 >---------------------
[INFO] Building AlgorithmName2 1.0-SNAPSHOT
[INFO]   from pom.xml
[INFO] --------------------------------[ jar ]---------------------------------
[INFO] 
[INFO] --- jacoco:0.8.11:prepare-agent (default) @ AlgorithmName2 ---
[INFO] argLine set to -javaagent:/home/kanyaphak673380391-3/.m2/repository/org/jacoco/org.jacoco.agent/0.8.11/org.jacoco.agent-0.8.11-runtime.jar=destfile=/tmp/bugrun/lang_15.qL9E45/target/jacoco.exec
[INFO] 
[INFO] --- resources:3.4.0:resources (default-resources) @ AlgorithmName2 ---
[INFO] Copying 1 resource from src/main/resources to target/classes
[INFO] 
[INFO] --- compiler:3.15.0:compile (default-compile) @ AlgorithmName2 ---
[INFO] Recompiling the module because of changed source code.
[INFO] Compiling 1 source file with javac [debug target 1.8] to target/classes
[WARNING] bootstrap class path not set in conjunction with -source 8
[INFO] 
[INFO] --- dependency:3.6.0:unpack-dependencies (unpack-defects4j) @ AlgorithmName2 ---
[INFO] 
[INFO] --- resources:3.4.0:testResources (default-testResources) @ AlgorithmName2 ---
[INFO] skip non existing resourceDirectory /tmp/bugrun/lang_15.qL9E45/src/test/resources
[INFO] 
[INFO] --- compiler:3.15.0:testCompile (default-testCompile) @ AlgorithmName2 ---
[INFO] Recompiling the module because of changed dependency.
[INFO] Compiling 1 source file with javac [debug target 1.8] to target/test-classes
[WARNING] bootstrap class path not set in conjunction with -source 8
[INFO] 
[INFO] --- surefire:3.1.2:test (default-cli) @ AlgorithmName2 ---
[INFO] Using auto detected provider org.apache.maven.surefire.junitplatform.JUnitPlatformProvider
[INFO] 
[INFO] -------------------------------------------------------
[INFO]  T E S T S
[INFO] -------------------------------------------------------
[INFO] Running com.example.algorithm2.Algorithm2Test
OpenJDK 64-Bit Server VM warning: Sharing is only supported for boot loader classes because bootstrap classpath has been appended
INFO: Loaded 289 hooks from com.code_intelligence.jazzer.runtime.TraceCmpHooks
INFO: Loaded 5 hooks from com.code_intelligence.jazzer.runtime.TraceDivHooks
INFO: Loaded 2 hooks from com.code_intelligence.jazzer.runtime.TraceIndirHooks
INFO: Loaded 4 hooks from com.code_intelligence.jazzer.runtime.NativeLibHooks
INFO: Loaded 2 hooks from com.code_intelligence.jazzer.sanitizers.ClojureLangHooks
INFO: Loaded 5 hooks from com.code_intelligence.jazzer.sanitizers.Deserialization
INFO: Loaded 5 hooks from com.code_intelligence.jazzer.sanitizers.ExpressionLanguageInjection
INFO: Loaded 70 hooks from com.code_intelligence.jazzer.sanitizers.LdapInjection
INFO: Loaded 46 hooks from com.code_intelligence.jazzer.sanitizers.NamingContextLookup
INFO: Loaded 1 hooks from com.code_intelligence.jazzer.sanitizers.OsCommandInjection
INFO: Loaded 52 hooks from com.code_intelligence.jazzer.sanitizers.ReflectiveCall
INFO: Loaded 8 hooks from com.code_intelligence.jazzer.sanitizers.RegexInjection
INFO: Loaded 16 hooks from com.code_intelligence.jazzer.sanitizers.RegexRoadblocks
INFO: Loaded 18 hooks from com.code_intelligence.jazzer.sanitizers.ScriptEngineInjection
INFO: Loaded 2 hooks from com.code_intelligence.jazzer.sanitizers.ServerSideRequestForgery
INFO: Loaded 19 hooks from com.code_intelligence.jazzer.sanitizers.SqlInjection
INFO: Loaded 6 hooks from com.code_intelligence.jazzer.sanitizers.XPathInjection
INFO: Instrumented com.example.algorithm2.Algorithm2Test$Skip (took 224 ms, size +44%)
INFO: Instrumented com.example.algorithm2.Algorithm2Test (took 237 ms, size +27%)
INFO: New number of coverage counters: 1024
INFO: New number of coverage counters: 2048
WARN: Some hooks could not be applied to class files built for Java 7 or lower.
                       Ensure that the fuzz target and its dependencies are compiled with
                       -target 8 or higher to identify as many bugs as possible.
INFO: Instrumented org.apache.commons.lang3.StringUtils (took 345 ms, size +28%)
[harness] target=org.apache.commons.lang3.StringUtils factories=1 methods=155
INFO: found LLVMFuzzerCustomMutator (0x77f026f70cd0). Disabling -len_control by default.
INFO: Running with entropic power schedule (0xFF, 100).
INFO: Seed: 10774579
INFO: using inputs from: /tmp/bugrun/lang_15.qL9E45/.cifuzz-corpus/com.example.algorithm2.Algorithm2Test/testParameterizedFuzzer
INFO: using inputs from: /tmp/jazzer-java-seeds15548292360014348154
INFO: Loaded 3 modules   (2048 inline 8-bit counters): 512 [0x77f130ad9720, 0x77f130ad9920), 512 [0x77f130ad9920, 0x77f130ad9b20), 1024 [0x77f130ad9b20, 0x77f130ad9f20), 
INFO: Loaded 3 PC tables (2048 PCs): 512 [0x77f130a6e6c0,0x77f130a706c0), 512 [0x77f130544bd0,0x77f130546bd0), 1024 [0x77f130c19160,0x77f130c1d160), 
INFO:        0 files found in /tmp/bugrun/lang_15.qL9E45/.cifuzz-corpus/com.example.algorithm2.Algorithm2Test/testParameterizedFuzzer
INFO:        0 files found in /tmp/jazzer-java-seeds15548292360014348154
INFO: -max_len is not provided; libFuzzer will not generate inputs larger than 4096 bytes
INFO: A corpus is not provided, starting from an empty corpus
#2	INITED cov: 30 ft: 30 corp: 1/1b exec/s: 0 rss: 884Mb
#3	NEW    cov: 48 ft: 49 corp: 2/3b lim: 4 exec/s: 0 rss: 884Mb L: 2/2 MS: 2 InsertByte-Custom-
#4	NEW    cov: 49 ft: 50 corp: 3/4b lim: 4 exec/s: 0 rss: 884Mb L: 1/2 MS: 2 ShuffleBytes-Custom-
#6	NEW    cov: 55 ft: 56 corp: 4/7b lim: 4 exec/s: 0 rss: 884Mb L: 3/3 MS: 4 CrossOver-Custom-ChangeByte-Custom-
#9	NEW    cov: 72 ft: 74 corp: 5/11b lim: 4 exec/s: 0 rss: 884Mb L: 4/4 MS: 6 CopyPart-Custom-CrossOver-Custom-ChangeBit-Custom-
#10	NEW    cov: 73 ft: 76 corp: 6/14b lim: 4 exec/s: 0 rss: 884Mb L: 3/4 MS: 2 InsertByte-Custom-
#15	NEW    cov: 77 ft: 81 corp: 7/18b lim: 4 exec/s: 0 rss: 884Mb L: 4/4 MS: 10 ChangeBinInt-Custom-EraseBytes-Custom-CopyPart-Custom-ChangeBinInt-Custom-ShuffleBytes-Custom-
#16	NEW    cov: 85 ft: 90 corp: 8/21b lim: 4 exec/s: 0 rss: 884Mb L: 3/4 MS: 2 ChangeBinInt-Custom-
#21	NEW    cov: 87 ft: 94 corp: 9/22b lim: 4 exec/s: 0 rss: 884Mb L: 1/4 MS: 10 EraseBytes-Custom-ShuffleBytes-Custom-ShuffleBytes-Custom-EraseBytes-Custom-ChangeByte-Custom-
#23	NEW    cov: 93 ft: 104 corp: 10/24b lim: 4 exec/s: 0 rss: 884Mb L: 2/4 MS: 4 EraseBytes-Custom-ShuffleBytes-Custom-
#28	NEW    cov: 98 ft: 109 corp: 11/27b lim: 4 exec/s: 0 rss: 884Mb L: 3/4 MS: 10 ShuffleBytes-Custom-ShuffleBytes-Custom-CrossOver-Custom-ChangeBit-Custom-InsertByte-Custom-
#29	NEW    cov: 100 ft: 111 corp: 12/30b lim: 4 exec/s: 0 rss: 884Mb L: 3/4 MS: 2 ChangeBit-Custom-
#31	NEW    cov: 110 ft: 122 corp: 13/31b lim: 4 exec/s: 0 rss: 887Mb L: 1/4 MS: 4 CrossOver-Custom-ChangeBit-Custom-
#32	NEW    cov: 116 ft: 128 corp: 14/32b lim: 4 exec/s: 0 rss: 887Mb L: 1/4 MS: 2 ChangeBit-Custom-
#33	NEW    cov: 119 ft: 131 corp: 15/33b lim: 4 exec/s: 0 rss: 887Mb L: 1/4 MS: 2 ChangeBinInt-Custom-
#35	NEW    cov: 124 ft: 136 corp: 16/34b lim: 4 exec/s: 0 rss: 887Mb L: 1/4 MS: 4 CrossOver-Custom-ChangeByte-Custom-
#37	REDUCE cov: 124 ft: 136 corp: 16/32b lim: 4 exec/s: 0 rss: 887Mb L: 1/4 MS: 4 EraseBytes-Custom-EraseBytes-Custom-
#39	NEW    cov: 126 ft: 142 corp: 17/34b lim: 4 exec/s: 0 rss: 887Mb L: 2/4 MS: 4 InsertByte-Custom-ChangeBit-Custom-
INFO: Instrumented org.apache.commons.lang3.CharSequenceUtils (took 12 ms, size +60%)
INFO: New number of coverage counters: 4096
#40	NEW    cov: 130 ft: 146 corp: 18/36b lim: 4 exec/s: 0 rss: 892Mb L: 2/4 MS: 2 CrossOver-Custom-
#44	REDUCE cov: 130 ft: 152 corp: 19/40b lim: 4 exec/s: 0 rss: 892Mb L: 4/4 MS: 8 InsertByte-Custom-ChangeBinInt-Custom-CMP-Custom-ChangeByte-Custom- DE: "\001\244"-
#48	REDUCE cov: 132 ft: 154 corp: 20/43b lim: 4 exec/s: 0 rss: 892Mb L: 3/4 MS: 8 ChangeByte-Custom-ShuffleBytes-Custom-ShuffleBytes-Custom-PersAutoDict-Custom- DE: "\001\244"-
#57	NEW    cov: 136 ft: 158 corp: 21/47b lim: 4 exec/s: 0 rss: 892Mb L: 4/4 MS: 8 ShuffleBytes-Custom-ChangeByte-Custom-PersAutoDict-Custom-ChangeBinInt-Custom- DE: "\001\244"-
#64	NEW    cov: 147 ft: 169 corp: 22/50b lim: 4 exec/s: 0 rss: 892Mb L: 3/4 MS: 4 CMP-Custom-ChangeASCIIInt-Custom- DE: "\377\223"-
#68	NEW    cov: 149 ft: 171 corp: 23/53b lim: 4 exec/s: 0 rss: 892Mb L: 3/4 MS: 8 PersAutoDict-Custom-CopyPart-Custom-ChangeByte-Custom-ShuffleBytes-Custom- DE: "\001\244"-
#69	NEW    cov: 152 ft: 174 corp: 24/56b lim: 4 exec/s: 0 rss: 892Mb L: 3/4 MS: 2 CrossOver-Custom-
#72	NEW    cov: 154 ft: 176 corp: 25/57b lim: 4 exec/s: 0 rss: 892Mb L: 1/4 MS: 6 CopyPart-Custom-ShuffleBytes-Custom-ChangeByte-Custom-
#74	NEW    cov: 154 ft: 184 corp: 26/61b lim: 4 exec/s: 0 rss: 892Mb L: 4/4 MS: 4 PersAutoDict-Custom-ShuffleBytes-Custom- DE: "\377\223"-
#77	NEW    cov: 157 ft: 187 corp: 27/63b lim: 4 exec/s: 0 rss: 892Mb L: 2/4 MS: 6 CrossOver-Custom-InsertByte-Custom-EraseBytes-Custom-
#80	NEW    cov: 160 ft: 190 corp: 28/64b lim: 4 exec/s: 0 rss: 892Mb L: 1/4 MS: 6 ShuffleBytes-Custom-CopyPart-Custom-ChangeByte-Custom-
#86	NEW    cov: 162 ft: 192 corp: 29/65b lim: 4 exec/s: 0 rss: 892Mb L: 1/4 MS: 2 ChangeBit-Custom-
#87	NEW    cov: 164 ft: 194 corp: 30/67b lim: 4 exec/s: 0 rss: 892Mb L: 2/4 MS: 2 PersAutoDict-Custom- DE: "\001\244"-
#103	NEW    cov: 171 ft: 201 corp: 31/70b lim: 4 exec/s: 0 rss: 892Mb L: 3/4 MS: 2 ChangeASCIIInt-Custom-
#109	NEW    cov: 178 ft: 208 corp: 32/74b lim: 4 exec/s: 0 rss: 892Mb L: 4/4 MS: 2 CopyPart-Custom-
#112	NEW    cov: 181 ft: 211 corp: 33/77b lim: 4 exec/s: 0 rss: 892Mb L: 3/4 MS: 6 ShuffleBytes-Custom-PersAutoDict-Custom-ChangeByte-Custom- DE: "\377\223"-
#117	NEW    cov: 184 ft: 214 corp: 34/81b lim: 4 exec/s: 0 rss: 892Mb L: 4/4 MS: 10 CrossOver-Custom-CrossOver-Custom-ChangeByte-Custom-EraseBytes-Custom-InsertByte-Custom-
#119	NEW    cov: 188 ft: 218 corp: 35/85b lim: 4 exec/s: 0 rss: 892Mb L: 4/4 MS: 4 CopyPart-Custom-CrossOver-Custom-
#122	NEW    cov: 191 ft: 221 corp: 36/87b lim: 4 exec/s: 0 rss: 892Mb L: 2/4 MS: 6 CopyPart-Custom-CrossOver-Custom-PersAutoDict-Custom- DE: "\377\223"-
#123	NEW    cov: 194 ft: 224 corp: 37/89b lim: 4 exec/s: 0 rss: 892Mb L: 2/4 MS: 2 ChangeBinInt-Custom-
#130	NEW    cov: 203 ft: 233 corp: 38/93b lim: 4 exec/s: 0 rss: 892Mb L: 4/4 MS: 4 ChangeBit-Custom-CopyPart-Custom-
MS: 6 PersAutoDict-Custom-CrossOver-Custom-ChangeBinInt-Custom- DE: "\001\244"-; base unit: 0bdaa7c6e9508f6eb4b2dd9085a583e3f0be694c
0x1,0x1,0x57,
\001\001W
artifact_prefix='/tmp/bugrun/lang_15.qL9E45/'; Test unit written to /tmp/bugrun/lang_15.qL9E45/crash-3d4ccb3aa0666aa23539c5ad2e7fecfa86d0fdd4
Base64: AQFX
Done 133 runs in 0 second(s)
INFO: Instrumented org.apache.commons.lang3.ArrayUtils (took 242 ms, size +22%)
DEDUP_TOKEN: dd48a3d8a7072c7b
[ERROR] Tests run: 2, Failures: 0, Errors: 1, Skipped: 0, Time elapsed: 9.555 s <<< FAILURE! -- in com.example.algorithm2.Algorithm2Test
[ERROR] com.example.algorithm2.Algorithm2Test.testParameterizedFuzzer(FuzzedDataProvider)[2] -- Time elapsed: 0.551 s <<< ERROR!
java.lang.IllegalArgumentException: Minimum abbreviation width is 4
	at org.apache.commons.lang3.StringUtils.abbreviate(StringUtils.java:5721)
	at org.apache.commons.lang3.StringUtils.abbreviate(StringUtils.java:5678)
	at java.base/jdk.internal.reflect.NativeMethodAccessorImpl.invoke0(Native Method)
	at java.base/jdk.internal.reflect.NativeMethodAccessorImpl.invoke(NativeMethodAccessorImpl.java:62)
	at java.base/jdk.internal.reflect.DelegatingMethodAccessorImpl.invoke(DelegatingMethodAccessorImpl.java:43)
	at java.base/java.lang.reflect.Method.invoke(Method.java:566)
	at com.example.algorithm2.Algorithm2Test.testParameterizedFuzzer(Algorithm2Test.java:226)

[INFO] 
[INFO] Results:
[INFO] 
[ERROR] Errors: 
[ERROR]   Algorithm2Test.testParameterizedFuzzer:226 » IllegalArgument Minimum abbreviation width is 4
[INFO] 
[ERROR] Tests run: 2, Failures: 0, Errors: 1, Skipped: 0
[INFO] 
[ERROR] 

Please refer to /tmp/bugrun/lang_15.qL9E45/target/surefire-reports for the individual test results.
Please refer to dump files (if any exist) [date].dump, [date]-jvmRun[N].dump and [date].dumpstream.
[INFO] 
[INFO] --- jacoco:0.8.11:report (default-cli) @ AlgorithmName2 ---
[INFO] Loading execution data file /tmp/bugrun/lang_15.qL9E45/target/jacoco.exec
[INFO] Analyzed bundle 'AlgorithmName2' with 144 classes
[INFO] ------------------------------------------------------------------------
[INFO] BUILD SUCCESS
[INFO] ------------------------------------------------------------------------
[INFO] Total time:  26.308 s
[INFO] Finished at: 2026-10-06T03:48:22+07:00
[INFO] ------------------------------------------------------------------------
