[INFO] Scanning for projects...
[INFO] 
[INFO] ---------------------< com.example:AlgorithmName2 >---------------------
[INFO] Building AlgorithmName2 1.0-SNAPSHOT
[INFO]   from pom.xml
[INFO] --------------------------------[ jar ]---------------------------------
[INFO] 
[INFO] --- jacoco:0.8.11:prepare-agent (default) @ AlgorithmName2 ---
[INFO] argLine set to -javaagent:/home/kanyaphak673380391-3/.m2/repository/org/jacoco/org.jacoco.agent/0.8.11/org.jacoco.agent-0.8.11-runtime.jar=destfile=/tmp/bugrun/collections_7.v16AiB/target/jacoco.exec
[INFO] 
[INFO] --- resources:3.4.0:resources (default-resources) @ AlgorithmName2 ---
[INFO] Copying 1 resource from src/main/resources to target/classes
[INFO] 
[INFO] --- compiler:3.15.0:compile (default-compile) @ AlgorithmName2 ---
[INFO] Recompiling the module because of changed source code.
[INFO] Compiling 1 source file with javac [debug target 1.8] to target/classes
[WARNING] bootstrap class path not set in conjunction with -source 8
[INFO] 
[INFO] --- dependency:3.6.0:unpack-dependencies (unpack-defects4j) @ AlgorithmName2 ---
[INFO] 
[INFO] --- resources:3.4.0:testResources (default-testResources) @ AlgorithmName2 ---
[INFO] skip non existing resourceDirectory /tmp/bugrun/collections_7.v16AiB/src/test/resources
[INFO] 
[INFO] --- compiler:3.15.0:testCompile (default-testCompile) @ AlgorithmName2 ---
[INFO] Recompiling the module because of changed dependency.
[INFO] Compiling 1 source file with javac [debug target 1.8] to target/test-classes
[WARNING] bootstrap class path not set in conjunction with -source 8
[INFO] 
[INFO] --- surefire:3.1.2:test (default-cli) @ AlgorithmName2 ---
[INFO] Using auto detected provider org.apache.maven.surefire.junitplatform.JUnitPlatformProvider
[INFO] 
[INFO] -------------------------------------------------------
[INFO]  T E S T S
[INFO] -------------------------------------------------------
[INFO] Running com.example.algorithm2.Algorithm2Test
OpenJDK 64-Bit Server VM warning: Sharing is only supported for boot loader classes because bootstrap classpath has been appended
INFO: Loaded 458 hooks from com.code_intelligence.jazzer.runtime.TraceCmpHooks
INFO: Loaded 5 hooks from com.code_intelligence.jazzer.runtime.TraceDivHooks
INFO: Loaded 2 hooks from com.code_intelligence.jazzer.runtime.TraceIndirHooks
INFO: Loaded 4 hooks from com.code_intelligence.jazzer.runtime.NativeLibHooks
INFO: Loaded 2 hooks from com.code_intelligence.jazzer.sanitizers.ClojureLangHooks
INFO: Loaded 5 hooks from com.code_intelligence.jazzer.sanitizers.Deserialization
INFO: Loaded 5 hooks from com.code_intelligence.jazzer.sanitizers.ExpressionLanguageInjection
INFO: Loaded 70 hooks from com.code_intelligence.jazzer.sanitizers.LdapInjection
INFO: Loaded 46 hooks from com.code_intelligence.jazzer.sanitizers.NamingContextLookup
INFO: Loaded 1 hooks from com.code_intelligence.jazzer.sanitizers.OsCommandInjection
INFO: Loaded 52 hooks from com.code_intelligence.jazzer.sanitizers.ReflectiveCall
INFO: Loaded 8 hooks from com.code_intelligence.jazzer.sanitizers.RegexInjection
INFO: Loaded 16 hooks from com.code_intelligence.jazzer.sanitizers.RegexRoadblocks
INFO: Loaded 18 hooks from com.code_intelligence.jazzer.sanitizers.ScriptEngineInjection
INFO: Loaded 2 hooks from com.code_intelligence.jazzer.sanitizers.ServerSideRequestForgery
INFO: Loaded 19 hooks from com.code_intelligence.jazzer.sanitizers.SqlInjection
INFO: Loaded 6 hooks from com.code_intelligence.jazzer.sanitizers.XPathInjection
INFO: Instrumented com.example.algorithm2.Algorithm2Test$Skip (took 188 ms, size +44%)
INFO: Instrumented com.example.algorithm2.Algorithm2Test (took 145 ms, size +27%)
INFO: Instrumented org.apache.commons.collections.ListUtils (took 103 ms, size +23%)
[harness] Fallback target loaded: org.apache.commons.collections.ListUtils (original was org.apache.commons.collections4.ListUtils)
INFO: Instrumented org.apache.commons.collections.Predicate (took 1 ms, size +0%)
INFO: Instrumented org.apache.commons.collections.Transformer (took 1 ms, size +0%)
INFO: Instrumented org.apache.commons.collections.Factory (took 1 ms, size +0%)
[harness] target=org.apache.commons.collections.ListUtils factories=1 methods=15
INFO: found LLVMFuzzerCustomMutator (0x7aae57c75cd0). Disabling -len_control by default.
INFO: Running with entropic power schedule (0xFF, 100).
INFO: INFO: Seed: 3392589377
using inputs from: /tmp/bugrun/collections_7.v16AiB/.cifuzz-corpus/com.example.algorithm2.Algorithm2Test/testParameterizedFuzzer
INFO: Loaded 1 modules   (512 inline 8-bit counters): 512 [0x7aaf8cbf5260, 0x7aaf8cbf5460), 
INFO: Loaded 1 PC tables (512 PCs): 512 [0x7aaf8cb528d0,0x7aaf8cb548d0), 
INFO:        0 files found in /tmp/bugrun/collections_7.v16AiB/.cifuzz-corpus/com.example.algorithm2.Algorithm2Test/testParameterizedFuzzer
INFO: INFO:        0 files found in /tmp/jazzer-java-seeds11662595099859084745
using inputs from: /tmp/jazzer-java-seeds11662595099859084745
INFO: -max_len is not provided; libFuzzer will not generate inputs larger than 4096 bytes
INFO: A corpus is not provided, starting from an empty corpus
INFO: Instrumented org.apache.commons.collections.list.TransformedList (took 52 ms, size +20%)
INFO: New number of coverage counters: 1024
INFO: Instrumented org.apache.commons.collections.collection.TransformedCollection (took 21 ms, size +24%)
#2	INITED cov: 56 ft: 56 corp: 1/1b exec/s: 0 rss: 803Mb
#3	NEW    cov: 59 ft: 60 corp: 2/2b lim: 4 exec/s: 0 rss: 803Mb L: 1/1 MS: 2 ShuffleBytes-Custom-
#4	NEW    cov: 68 ft: 80 corp: 3/3b lim: 4 exec/s: 0 rss: 803Mb L: 1/1 MS: 2 ChangeBit-Custom-
INFO: Instrumented org.apache.commons.collections.collection.AbstractSerializableCollectionDecorator (took 22 ms, size +38%)
INFO: Instrumented org.apache.commons.collections.collection.AbstractCollectionDecorator (took 21 ms, size +21%)
INFO: Instrumented org.apache.commons.collections.list.FixedSizeList (took 23 ms, size +17%)
INFO: Instrumented org.apache.commons.collections.BoundedCollection (took 1 ms, size +0%)
INFO: Instrumented org.apache.commons.collections.list.AbstractSerializableListDecorator (took 11 ms, size +38%)
#6	NEW    cov: 85 ft: 101 corp: 4/4b lim: 4 exec/s: 0 rss: 809Mb L: 1/1 MS: 4 ShuffleBytes-Custom-ChangeByte-Custom-
#7	NEW    cov: 89 ft: 105 corp: 5/6b lim: 4 exec/s: 0 rss: 809Mb L: 2/2 MS: 2 InsertByte-Custom-
#11	NEW    cov: 89 ft: 109 corp: 6/8b lim: 4 exec/s: 0 rss: 809Mb L: 2/2 MS: 8 CrossOver-Custom-ShuffleBytes-Custom-ShuffleBytes-Custom-InsertByte-Custom-
#12	NEW    cov: 97 ft: 117 corp: 7/10b lim: 4 exec/s: 0 rss: 809Mb L: 2/2 MS: 2 CrossOver-Custom-
#14	NEW    cov: 105 ft: 126 corp: 8/12b lim: 4 exec/s: 0 rss: 809Mb L: 2/2 MS: 4 EraseBytes-Custom-InsertByte-Custom-
#16	NEW    cov: 105 ft: 130 corp: 9/15b lim: 4 exec/s: 0 rss: 809Mb L: 3/3 MS: 4 InsertByte-Custom-CopyPart-Custom-
#18	REDUCE cov: 105 ft: 130 corp: 9/14b lim: 4 exec/s: 0 rss: 809Mb L: 2/2 MS: 4 ShuffleBytes-Custom-EraseBytes-Custom-
#22	NEW    cov: 115 ft: 140 corp: 10/16b lim: 4 exec/s: 0 rss: 809Mb L: 2/2 MS: 8 InsertByte-Custom-ChangeBinInt-Custom-ChangeBit-Custom-ChangeBinInt-Custom-
INFO: Instrumented org.apache.commons.collections.list.AbstractListDecorator (took 47 ms, size +22%)
INFO: Instrumented org.apache.commons.collections.list.UnmodifiableList (took 29 ms, size +22%)
INFO: Instrumented org.apache.commons.collections.Unmodifiable (took 0 ms, size +0%)
INFO: Instrumented org.apache.commons.collections.list.PredicatedList (took 17 ms, size +20%)
MS: 10 EraseBytes-Custom-CrossOver-Custom-CopyPart-Custom-ShuffleBytes-Custom-ChangeBit-Custom-; base unit: b84da6d40abc1f06bf25fb9e2240531ded3dac3a
0xa,0x8,
\012\010
artifact_prefix='/tmp/bugrun/collections_7.v16AiB/'; Test unit written to /tmp/bugrun/collections_7.v16AiB/crash-fc8dcbde55e055246289659d2909b15d42ed74bd
Base64: Cgg=
Done 27 runs in 0 second(s)
INFO: Instrumented org.apache.commons.collections.collection.PredicatedCollection (took 9 ms, size +25%)
DEDUP_TOKEN: 0c94d51c98f6367a
[ERROR] Tests run: 2, Failures: 0, Errors: 1, Skipped: 0, Time elapsed: 6.236 s <<< FAILURE! -- in com.example.algorithm2.Algorithm2Test
[ERROR] com.example.algorithm2.Algorithm2Test.testParameterizedFuzzer(FuzzedDataProvider)[2] -- Time elapsed: 0.556 s <<< ERROR!
java.lang.IllegalArgumentException: Cannot add Object '' - Predicate rejected it
	at org.apache.commons.collections.collection.PredicatedCollection.validate(PredicatedCollection.java:101)
	at org.apache.commons.collections.collection.PredicatedCollection.<init>(PredicatedCollection.java:86)
	at org.apache.commons.collections.list.PredicatedList.<init>(PredicatedList.java:80)
	at org.apache.commons.collections.list.PredicatedList.decorate(PredicatedList.java:64)
	at org.apache.commons.collections.ListUtils.predicatedList(ListUtils.java:331)
	at java.base/jdk.internal.reflect.NativeMethodAccessorImpl.invoke0(Native Method)
	at java.base/jdk.internal.reflect.NativeMethodAccessorImpl.invoke(NativeMethodAccessorImpl.java:62)
	at java.base/jdk.internal.reflect.DelegatingMethodAccessorImpl.invoke(DelegatingMethodAccessorImpl.java:43)
	at java.base/java.lang.reflect.Method.invoke(Method.java:566)
	at com.example.algorithm2.Algorithm2Test.testParameterizedFuzzer(Algorithm2Test.java:226)

[INFO] 
[INFO] Results:
[INFO] 
[ERROR] Errors: 
[ERROR]   Algorithm2Test.testParameterizedFuzzer:226 » IllegalArgument Cannot add Object '' - Predicate rejected it
[INFO] 
[ERROR] Tests run: 2, Failures: 0, Errors: 1, Skipped: 0
[INFO] 
[ERROR] 

Please refer to /tmp/bugrun/collections_7.v16AiB/target/surefire-reports for the individual test results.
Please refer to dump files (if any exist) [date].dump, [date]-jvmRun[N].dump and [date].dumpstream.
[INFO] 
[INFO] --- jacoco:0.8.11:report (default-cli) @ AlgorithmName2 ---
[INFO] Loading execution data file /tmp/bugrun/collections_7.v16AiB/target/jacoco.exec
[INFO] Analyzed bundle 'AlgorithmName2' with 421 classes
[INFO] ------------------------------------------------------------------------
[INFO] BUILD SUCCESS
[INFO] ------------------------------------------------------------------------
[INFO] Total time:  15.706 s
[INFO] Finished at: 2026-10-06T03:33:10+07:00
[INFO] ------------------------------------------------------------------------
