[INFO] Scanning for projects...
[INFO] 
[INFO] ---------------------< com.example:AlgorithmName2 >---------------------
[INFO] Building AlgorithmName2 1.0-SNAPSHOT
[INFO]   from pom.xml
[INFO] --------------------------------[ jar ]---------------------------------
[INFO] 
[INFO] --- jacoco:0.8.11:prepare-agent (default) @ AlgorithmName2 ---
[INFO] argLine set to -javaagent:/home/kanyaphak673380391-3/.m2/repository/org/jacoco/org.jacoco.agent/0.8.11/org.jacoco.agent-0.8.11-runtime.jar=destfile=/tmp/bugrun/math_8.XkaXPd/target/jacoco.exec
[INFO] 
[INFO] --- resources:3.4.0:resources (default-resources) @ AlgorithmName2 ---
[INFO] Copying 1 resource from src/main/resources to target/classes
[INFO] 
[INFO] --- compiler:3.15.0:compile (default-compile) @ AlgorithmName2 ---
[INFO] Recompiling the module because of changed source code.
[INFO] Compiling 1 source file with javac [debug target 1.8] to target/classes
[WARNING] bootstrap class path not set in conjunction with -source 8
[INFO] 
[INFO] --- dependency:3.6.0:unpack-dependencies (unpack-defects4j) @ AlgorithmName2 ---
[INFO] 
[INFO] --- resources:3.4.0:testResources (default-testResources) @ AlgorithmName2 ---
[INFO] skip non existing resourceDirectory /tmp/bugrun/math_8.XkaXPd/src/test/resources
[INFO] 
[INFO] --- compiler:3.15.0:testCompile (default-testCompile) @ AlgorithmName2 ---
[INFO] Recompiling the module because of changed dependency.
[INFO] Compiling 1 source file with javac [debug target 1.8] to target/test-classes
[WARNING] bootstrap class path not set in conjunction with -source 8
[INFO] 
[INFO] --- surefire:3.1.2:test (default-cli) @ AlgorithmName2 ---
[INFO] Using auto detected provider org.apache.maven.surefire.junitplatform.JUnitPlatformProvider
[INFO] 
[INFO] -------------------------------------------------------
[INFO]  T E S T S
[INFO] -------------------------------------------------------
[INFO] Running com.example.algorithm2.Algorithm2Test
OpenJDK 64-Bit Server VM warning: Sharing is only supported for boot loader classes because bootstrap classpath has been appended
INFO: Loaded 284 hooks from com.code_intelligence.jazzer.runtime.TraceCmpHooks
INFO: Loaded 5 hooks from com.code_intelligence.jazzer.runtime.TraceDivHooks
INFO: Loaded 2 hooks from com.code_intelligence.jazzer.runtime.TraceIndirHooks
INFO: Loaded 4 hooks from com.code_intelligence.jazzer.runtime.NativeLibHooks
INFO: Loaded 2 hooks from com.code_intelligence.jazzer.sanitizers.ClojureLangHooks
INFO: Loaded 5 hooks from com.code_intelligence.jazzer.sanitizers.Deserialization
INFO: Loaded 5 hooks from com.code_intelligence.jazzer.sanitizers.ExpressionLanguageInjection
INFO: Loaded 70 hooks from com.code_intelligence.jazzer.sanitizers.LdapInjection
INFO: Loaded 46 hooks from com.code_intelligence.jazzer.sanitizers.NamingContextLookup
INFO: Loaded 1 hooks from com.code_intelligence.jazzer.sanitizers.OsCommandInjection
INFO: Loaded 52 hooks from com.code_intelligence.jazzer.sanitizers.ReflectiveCall
INFO: Loaded 8 hooks from com.code_intelligence.jazzer.sanitizers.RegexInjection
INFO: Loaded 16 hooks from com.code_intelligence.jazzer.sanitizers.RegexRoadblocks
INFO: Loaded 18 hooks from com.code_intelligence.jazzer.sanitizers.ScriptEngineInjection
INFO: Loaded 2 hooks from com.code_intelligence.jazzer.sanitizers.ServerSideRequestForgery
INFO: Loaded 19 hooks from com.code_intelligence.jazzer.sanitizers.SqlInjection
INFO: Loaded 6 hooks from com.code_intelligence.jazzer.sanitizers.XPathInjection
INFO: Instrumented com.example.algorithm2.Algorithm2Test$Skip (took 362 ms, size +44%)
INFO: Instrumented com.example.algorithm2.Algorithm2Test (took 248 ms, size +27%)
INFO: New number of coverage counters: 1024
INFO: Instrumented org.apache.commons.math3.util.Precision (took 137 ms, size +26%)
INFO: Instrumented org.apache.commons.math3.exception.MathArithmeticException (took 16 ms, size +24%)
INFO: Instrumented org.apache.commons.math3.exception.util.ExceptionContextProvider (took 4 ms, size +0%)
INFO: Instrumented org.apache.commons.math3.exception.util.Localizable (took 1 ms, size +0%)
INFO: Instrumented org.apache.commons.math3.exception.MathIllegalArgumentException (took 11 ms, size +27%)
[harness] target=org.apache.commons.math3.util.Precision factories=1 methods=20
INFO: New number of coverage counters: 2048
INFO: Instrumented org.apache.commons.math3.util.FastMath (took 190 ms, size +16%)
INFO: found LLVMFuzzerCustomMutator (0x73a5d6e72cd0). Disabling -len_control by default.
INFO: Running with entropic power schedule (0xFF, 100).
INFO: Seed: 2847373247
INFO: Loaded 3 modules   (2048 inline 8-bit counters): 512 [0x73a6d8c36ca0, 0x73a6d8c36ea0), 512 [0x73a6d8c36ea0, 0x73a6d8c370a0), 1024 [0x73a6d8c370a0, 0x73a6d8c374a0), 
INFO: Loaded 3 PC tables (2048 PCs): 512 [0x73a6d84b6350,0x73a6d84b8350), 512 [0x73a6d8750530,0x73a6d8752530), 1024 [0x73a6d86f6750,0x73a6d86fa750), 
INFO:        0 files found in /tmp/bugrun/math_8.XkaXPd/.cifuzz-corpus/com.example.algorithm2.Algorithm2Test/testParameterizedFuzzer
INFO:        0 files found in /tmp/jazzer-java-seeds1513757551416638169
INFO: -max_len is not provided; libFuzzer will not generate inputs larger than 4096 bytes
INFO: A corpus is not provided, starting from an empty corpus
#2	INITED cov: 45 ft: 45 corp: 1/1b exec/s: 0 rss: 918Mb
#9	NEW    cov: 50 ft: 60 corp: 2/3b lim: 4 exec/s: 0 rss: 918Mb L: 2/2 MS: 4 InsertByte-Custom-ShuffleBytes-Custom-
#10	NEW    cov: 66 ft: 82 corp: 3/5b lim: 4 exec/s: 0 rss: 918Mb L: 2/2 MS: 2 ChangeBit-Custom-
#31	NEW    cov: 68 ft: 88 corp: 4/8b lim: 4 exec/s: 0 rss: 919Mb L: 3/3 MS: 2 CMP-Custom- DE: "\000\030"-
INFO: using inputs from: /tmp/bugrun/math_8.XkaXPd/.cifuzz-corpus/com.example.algorithm2.Algorithm2Test/testParameterizedFuzzer
INFO: using inputs from: /tmp/jazzer-java-seeds1513757551416638169
#32	NEW    cov: 81 ft: 101 corp: 5/9b lim: 4 exec/s: 0 rss: 919Mb L: 1/3 MS: 2 ChangeByte-Custom-
#33	NEW    cov: 83 ft: 103 corp: 6/11b lim: 4 exec/s: 0 rss: 919Mb L: 2/3 MS: 2 InsertByte-Custom-
#34	NEW    cov: 83 ft: 105 corp: 7/12b lim: 4 exec/s: 0 rss: 919Mb L: 1/3 MS: 2 EraseBytes-Custom-
#40	NEW    cov: 84 ft: 106 corp: 8/14b lim: 4 exec/s: 0 rss: 919Mb L: 2/3 MS: 2 InsertByte-Custom-
#66	NEW    cov: 103 ft: 125 corp: 9/15b lim: 4 exec/s: 0 rss: 919Mb L: 1/3 MS: 2 ChangeBinInt-Custom-
#68	NEW    cov: 107 ft: 129 corp: 10/18b lim: 4 exec/s: 0 rss: 919Mb L: 3/3 MS: 4 ChangeBinInt-Custom-InsertByte-Custom-
#71	NEW    cov: 116 ft: 138 corp: 11/20b lim: 4 exec/s: 0 rss: 919Mb L: 2/3 MS: 6 ChangeByte-Custom-CrossOver-Custom-CrossOver-Custom-
#73	NEW    cov: 118 ft: 140 corp: 12/22b lim: 4 exec/s: 0 rss: 919Mb L: 2/3 MS: 4 CopyPart-Custom-ChangeBinInt-Custom-
#74	NEW    cov: 120 ft: 144 corp: 13/23b lim: 4 exec/s: 0 rss: 919Mb L: 1/3 MS: 2 ChangeBit-Custom-
#75	NEW    cov: 121 ft: 147 corp: 14/27b lim: 4 exec/s: 0 rss: 919Mb L: 4/4 MS: 2 InsertByte-Custom-
#82	NEW    cov: 130 ft: 156 corp: 15/29b lim: 4 exec/s: 0 rss: 919Mb L: 2/4 MS: 4 ChangeBinInt-Custom-ChangeBinInt-Custom-
#91	NEW    cov: 132 ft: 158 corp: 16/32b lim: 4 exec/s: 0 rss: 919Mb L: 3/4 MS: 8 CopyPart-Custom-EraseBytes-Custom-InsertByte-Custom-InsertByte-Custom-
#98	NEW    cov: 134 ft: 160 corp: 17/34b lim: 4 exec/s: 0 rss: 919Mb L: 2/4 MS: 4 ChangeByte-Custom-ChangeBit-Custom-
#99	NEW    cov: 135 ft: 161 corp: 18/38b lim: 4 exec/s: 0 rss: 919Mb L: 4/4 MS: 2 CMP-Custom- DE: "\377\377\377\377"-
#120	NEW    cov: 139 ft: 165 corp: 19/41b lim: 4 exec/s: 0 rss: 919Mb L: 3/4 MS: 2 ChangeByte-Custom-
#131	NEW    cov: 141 ft: 167 corp: 20/44b lim: 4 exec/s: 0 rss: 919Mb L: 3/4 MS: 2 InsertByte-Custom-
#133	NEW    cov: 143 ft: 169 corp: 21/45b lim: 4 exec/s: 0 rss: 919Mb L: 1/4 MS: 4 ChangeByte-Custom-ChangeBit-Custom-
#147	REDUCE cov: 143 ft: 169 corp: 21/44b lim: 4 exec/s: 0 rss: 919Mb L: 2/4 MS: 8 EraseBytes-Custom-PersAutoDict-Custom-EraseBytes-Custom-PersAutoDict-Custom- DE: "\000\030"-"\000\030"-
#167	NEW    cov: 145 ft: 171 corp: 22/48b lim: 4 exec/s: 0 rss: 919Mb L: 4/4 MS: 10 PersAutoDict-Custom-ChangeByte-Custom-CopyPart-Custom-CrossOver-Custom-ChangeBit-Custom- DE: "\000\030"-
#173	NEW    cov: 150 ft: 178 corp: 23/52b lim: 4 exec/s: 0 rss: 919Mb L: 4/4 MS: 2 ChangeBinInt-Custom-
#177	NEW    cov: 152 ft: 180 corp: 24/54b lim: 4 exec/s: 0 rss: 919Mb L: 2/4 MS: 8 ChangeBit-Custom-ChangeByte-Custom-CopyPart-Custom-ChangeASCIIInt-Custom-
#178	NEW    cov: 154 ft: 182 corp: 25/56b lim: 4 exec/s: 0 rss: 919Mb L: 2/4 MS: 2 InsertByte-Custom-
#183	NEW    cov: 157 ft: 185 corp: 26/58b lim: 4 exec/s: 0 rss: 919Mb L: 2/4 MS: 10 CopyPart-Custom-PersAutoDict-Custom-ChangeByte-Custom-CopyPart-Custom-EraseBytes-Custom- DE: "\000\030"-
#212	NEW    cov: 158 ft: 186 corp: 27/61b lim: 4 exec/s: 0 rss: 919Mb L: 3/4 MS: 8 ChangeBit-Custom-ChangeByte-Custom-ChangeByte-Custom-InsertByte-Custom-
#213	NEW    cov: 159 ft: 187 corp: 28/65b lim: 4 exec/s: 0 rss: 919Mb L: 4/4 MS: 2 InsertByte-Custom-
#217	NEW    cov: 160 ft: 188 corp: 29/67b lim: 4 exec/s: 0 rss: 919Mb L: 2/4 MS: 8 CopyPart-Custom-ShuffleBytes-Custom-ShuffleBytes-Custom-ChangeBinInt-Custom-
#278	REDUCE cov: 160 ft: 188 corp: 29/65b lim: 4 exec/s: 0 rss: 920Mb L: 2/4 MS: 2 EraseBytes-Custom-
#281	NEW    cov: 160 ft: 189 corp: 30/69b lim: 4 exec/s: 0 rss: 920Mb L: 4/4 MS: 6 CopyPart-Custom-ChangeByte-Custom-CopyPart-Custom-
#283	NEW    cov: 162 ft: 191 corp: 31/71b lim: 4 exec/s: 0 rss: 920Mb L: 2/4 MS: 4 ChangeBit-Custom-CMP-Custom- DE: "\001\014"-
#293	REDUCE cov: 163 ft: 192 corp: 32/75b lim: 4 exec/s: 0 rss: 920Mb L: 4/4 MS: 10 PersAutoDict-Custom-CrossOver-Custom-ChangeByte-Custom-PersAutoDict-Custom-ChangeBit-Custom- DE: "\000\030"-"\377\377\377\377"-
#304	NEW    cov: 165 ft: 194 corp: 33/78b lim: 4 exec/s: 0 rss: 920Mb L: 3/4 MS: 2 ChangeByte-Custom-
#316	NEW    cov: 167 ft: 196 corp: 34/79b lim: 4 exec/s: 0 rss: 920Mb L: 1/4 MS: 4 EraseBytes-Custom-ChangeByte-Custom-
#337	REDUCE cov: 167 ft: 196 corp: 34/78b lim: 4 exec/s: 0 rss: 920Mb L: 1/4 MS: 2 EraseBytes-Custom-
#358	REDUCE cov: 167 ft: 196 corp: 34/77b lim: 4 exec/s: 0 rss: 920Mb L: 2/4 MS: 2 EraseBytes-Custom-
#374	REDUCE cov: 167 ft: 196 corp: 34/75b lim: 4 exec/s: 0 rss: 920Mb L: 2/4 MS: 2 EraseBytes-Custom-
#530	REDUCE cov: 167 ft: 196 corp: 34/74b lim: 4 exec/s: 0 rss: 920Mb L: 2/4 MS: 2 EraseBytes-Custom-
#620	NEW    cov: 168 ft: 197 corp: 35/78b lim: 4 exec/s: 0 rss: 920Mb L: 4/4 MS: 10 PersAutoDict-Custom-ChangeBinInt-Custom-CopyPart-Custom-ChangeBinInt-Custom-CrossOver-Custom- DE: "\000\030"-
#632	REDUCE cov: 168 ft: 197 corp: 35/77b lim: 4 exec/s: 0 rss: 920Mb L: 1/4 MS: 4 ShuffleBytes-Custom-EraseBytes-Custom-
#677	NEW    cov: 169 ft: 198 corp: 36/81b lim: 4 exec/s: 0 rss: 920Mb L: 4/4 MS: 10 ShuffleBytes-Custom-ChangeByte-Custom-CrossOver-Custom-InsertByte-Custom-ChangeByte-Custom-
#824	REDUCE cov: 169 ft: 198 corp: 36/80b lim: 4 exec/s: 0 rss: 920Mb L: 1/4 MS: 4 EraseBytes-Custom-ChangeByte-Custom-
#875	NEW    cov: 171 ft: 200 corp: 37/82b lim: 4 exec/s: 0 rss: 920Mb L: 2/4 MS: 2 ChangeByte-Custom-
#1138	NEW    cov: 174 ft: 203 corp: 38/84b lim: 6 exec/s: 0 rss: 920Mb L: 2/4 MS: 6 CrossOver-Custom-ChangeBinInt-Custom-EraseBytes-Custom-
#1194	NEW    cov: 175 ft: 204 corp: 39/86b lim: 6 exec/s: 0 rss: 920Mb L: 2/4 MS: 2 ChangeBinInt-Custom-
#1231	REDUCE cov: 175 ft: 204 corp: 39/85b lim: 6 exec/s: 0 rss: 920Mb L: 1/4 MS: 4 ChangeBinInt-Custom-EraseBytes-Custom-
#1454	NEW    cov: 176 ft: 205 corp: 40/93b lim: 8 exec/s: 0 rss: 921Mb L: 8/8 MS: 6 ChangeBit-Custom-InsertByte-Custom-InsertRepeatedBytes-Custom-
#1555	NEW    cov: 177 ft: 206 corp: 41/95b lim: 8 exec/s: 0 rss: 921Mb L: 2/8 MS: 2 ChangeBit-Custom-
#1628	REDUCE cov: 177 ft: 206 corp: 41/94b lim: 8 exec/s: 0 rss: 921Mb L: 1/8 MS: 6 CrossOver-Custom-EraseBytes-Custom-EraseBytes-Custom-
#1803	NEW    cov: 184 ft: 213 corp: 42/102b lim: 8 exec/s: 0 rss: 921Mb L: 8/8 MS: 10 ChangeBit-Custom-PersAutoDict-Custom-ChangeByte-Custom-PersAutoDict-Custom-PersAutoDict-Custom- DE: "\000\030"-"\000\030"-"\377\377\377\377"-
#1854	REDUCE cov: 184 ft: 213 corp: 42/101b lim: 8 exec/s: 0 rss: 921Mb L: 3/8 MS: 2 EraseBytes-Custom-
#1868	NEW    cov: 186 ft: 216 corp: 43/109b lim: 8 exec/s: 0 rss: 921Mb L: 8/8 MS: 8 PersAutoDict-Custom-PersAutoDict-Custom-CrossOver-Custom-PersAutoDict-Custom- DE: "\001\014"-"\001\014"-"\001\014"-
#2235	NEW    cov: 186 ft: 218 corp: 44/118b lim: 11 exec/s: 0 rss: 921Mb L: 9/9 MS: 4 InsertRepeatedBytes-Custom-InsertRepeatedBytes-Custom-
#2286	NEW    cov: 186 ft: 220 corp: 45/129b lim: 11 exec/s: 0 rss: 921Mb L: 11/11 MS: 2 CopyPart-Custom-
#2442	NEW    cov: 186 ft: 236 corp: 46/138b lim: 11 exec/s: 0 rss: 921Mb L: 9/11 MS: 2 ShuffleBytes-Custom-
#2471	NEW    cov: 186 ft: 240 corp: 47/149b lim: 11 exec/s: 0 rss: 921Mb L: 11/11 MS: 8 CrossOver-Custom-PersAutoDict-Custom-ChangeBit-Custom-InsertByte-Custom- DE: "\377\377\377\377"-
#2553	NEW    cov: 549 ft: 604 corp: 48/160b lim: 11 exec/s: 0 rss: 921Mb L: 11/11 MS: 4 EraseBytes-Custom-InsertRepeatedBytes-Custom-
#2558	NEW    cov: 550 ft: 605 corp: 49/166b lim: 11 exec/s: 0 rss: 921Mb L: 6/11 MS: 10 InsertByte-Custom-ChangeBinInt-Custom-InsertByte-Custom-ChangeBit-Custom-InsertByte-Custom-
#2562	NEW    cov: 550 ft: 607 corp: 50/177b lim: 11 exec/s: 0 rss: 921Mb L: 11/11 MS: 8 ChangeBinInt-Custom-CrossOver-Custom-InsertByte-Custom-InsertByte-Custom-
#2579	NEW    cov: 550 ft: 608 corp: 51/187b lim: 11 exec/s: 0 rss: 921Mb L: 10/11 MS: 4 ChangeByte-Custom-InsertByte-Custom-
#2727	NEW    cov: 550 ft: 609 corp: 52/198b lim: 11 exec/s: 0 rss: 922Mb L: 11/11 MS: 6 ShuffleBytes-Custom-ChangeBit-Custom-ChangeBinInt-Custom-
#2735	NEW    cov: 550 ft: 612 corp: 53/208b lim: 11 exec/s: 0 rss: 922Mb L: 10/11 MS: 6 ChangeASCIIInt-Custom-InsertByte-Custom-CrossOver-Custom-
#2986	NEW    cov: 552 ft: 615 corp: 54/219b lim: 11 exec/s: 0 rss: 922Mb L: 11/11 MS: 2 PersAutoDict-Custom- DE: "\000\030"-
#3030	NEW    cov: 552 ft: 616 corp: 55/228b lim: 11 exec/s: 0 rss: 922Mb L: 9/11 MS: 8 CMP-Custom-CrossOver-Custom-ChangeByte-Custom-PersAutoDict-Custom- DE: "\000\000\000\000\000\000\000\000"-"\377\377\377\377"-
#3073	NEW    cov: 552 ft: 617 corp: 56/239b lim: 11 exec/s: 0 rss: 922Mb L: 11/11 MS: 6 ChangeByte-Custom-ChangeBit-Custom-ChangeBinInt-Custom-
#3079	REDUCE cov: 552 ft: 617 corp: 56/237b lim: 11 exec/s: 0 rss: 922Mb L: 2/11 MS: 2 EraseBytes-Custom-
#3121	REDUCE cov: 552 ft: 617 corp: 56/236b lim: 11 exec/s: 0 rss: 922Mb L: 1/11 MS: 4 ChangeByte-Custom-EraseBytes-Custom-
#3233	REDUCE cov: 552 ft: 617 corp: 56/235b lim: 11 exec/s: 0 rss: 922Mb L: 1/11 MS: 4 ShuffleBytes-Custom-EraseBytes-Custom-
#3234	NEW    cov: 552 ft: 618 corp: 57/246b lim: 11 exec/s: 0 rss: 922Mb L: 11/11 MS: 2 CrossOver-Custom-
WARN: #3463	NEW    cov: 553 ft: 619 corp: 58/254b lim: 11 exec/s: 0 rss: 922Mb L: 8/11 MS: 8 InsertByte-Custom-EraseBytes-Custom-ChangeBit-Custom-InsertRepeatedBytes-Custom-
Some hooks could not be applied to class files built for Java 7 or lower.
                       Ensure that the fuzz target and its dependencies are compiled with
                       -target 8 or higher to identify as many bugs as possible.
#3499	NEW    cov: 554 ft: 620 corp: 59/262b lim: 11 exec/s: 0 rss: 922Mb L: 8/11 MS: 2 ChangeBinInt-Custom-
INFO: Instrumented org.apache.commons.math3.exception.util.LocalizedFormats (took 27 ms, size +6%)
INFO: Instrumented org.apache.commons.math3.exception.util.ExceptionContext (took 25 ms, size +24%)
#3627	NEW    cov: 554 ft: 622 corp: 60/272b lim: 11 exec/s: 0 rss: 922Mb L: 10/11 MS: 6 ChangeBit-Custom-ChangeBit-Custom-CrossOver-Custom-
#3705	REDUCE cov: 555 ft: 623 corp: 61/275b lim: 11 exec/s: 0 rss: 922Mb L: 3/11 MS: 6 CopyPart-Custom-ShuffleBytes-Custom-ChangeByte-Custom-
INFO: Instrumented org.apache.commons.math3.exception.util.ArgUtils (took 5 ms, size +46%)
#3725	NEW    cov: 556 ft: 624 corp: 62/282b lim: 11 exec/s: 0 rss: 922Mb L: 7/11 MS: 10 InsertByte-Custom-EraseBytes-Custom-InsertByte-Custom-ChangeBit-Custom-ChangeByte-Custom-
#4042	NEW    cov: 556 ft: 627 corp: 63/293b lim: 14 exec/s: 0 rss: 922Mb L: 11/11 MS: 4 ChangeBit-Custom-ChangeBinInt-Custom-
#4048	REDUCE cov: 556 ft: 627 corp: 63/292b lim: 14 exec/s: 0 rss: 922Mb L: 5/11 MS: 2 EraseBytes-Custom-
#4127	NEW    cov: 557 ft: 628 corp: 64/304b lim: 14 exec/s: 0 rss: 922Mb L: 12/12 MS: 8 CrossOver-Custom-InsertByte-Custom-CopyPart-Custom-CopyPart-Custom-
#4196	NEW    cov: 558 ft: 630 corp: 65/318b lim: 14 exec/s: 0 rss: 922Mb L: 14/14 MS: 8 InsertRepeatedBytes-Custom-ShuffleBytes-Custom-ShuffleBytes-Custom-CopyPart-Custom-
#4212	REDUCE cov: 558 ft: 630 corp: 65/317b lim: 14 exec/s: 0 rss: 922Mb L: 2/14 MS: 2 EraseBytes-Custom-
#4285	REDUCE cov: 558 ft: 630 corp: 65/315b lim: 14 exec/s: 0 rss: 922Mb L: 3/14 MS: 6 ChangeBit-Custom-ChangeByte-Custom-EraseBytes-Custom-
#4290	NEW    cov: 558 ft: 632 corp: 66/327b lim: 14 exec/s: 0 rss: 922Mb L: 12/14 MS: 10 ChangeBit-Custom-InsertByte-Custom-ShuffleBytes-Custom-CopyPart-Custom-CrossOver-Custom-
#4312	NEW    cov: 558 ft: 633 corp: 67/340b lim: 14 exec/s: 0 rss: 922Mb L: 13/14 MS: 4 ChangeBinInt-Custom-CrossOver-Custom-
#4394	NEW    cov: 560 ft: 635 corp: 68/354b lim: 14 exec/s: 0 rss: 922Mb L: 14/14 MS: 4 ChangeBinInt-Custom-CrossOver-Custom-
#4422	NEW    cov: 561 ft: 636 corp: 69/368b lim: 14 exec/s: 0 rss: 922Mb L: 14/14 MS: 6 ChangeByte-Custom-InsertRepeatedBytes-Custom-CopyPart-Custom-
#4767	REDUCE cov: 561 ft: 639 corp: 70/384b lim: 17 exec/s: 0 rss: 922Mb L: 16/16 MS: 10 ChangeBinInt-Custom-InsertRepeatedBytes-Custom-ChangeByte-Custom-PersAutoDict-Custom-PersAutoDict-Custom- DE: "\000\000\000\000\000\000\000\000"-"\000\030"-
#4769	NEW    cov: 562 ft: 640 corp: 71/396b lim: 17 exec/s: 0 rss: 922Mb L: 12/16 MS: 4 ShuffleBytes-Custom-CopyPart-Custom-
#4787	REDUCE cov: 562 ft: 640 corp: 71/395b lim: 17 exec/s: 0 rss: 922Mb L: 10/16 MS: 6 InsertByte-Custom-PersAutoDict-Custom-EraseBytes-Custom- DE: "\001\014"-
#4903	NEW    cov: 563 ft: 641 corp: 72/407b lim: 17 exec/s: 0 rss: 922Mb L: 12/16 MS: 2 InsertRepeatedBytes-Custom-
#4973	NEW    cov: 563 ft: 645 corp: 73/422b lim: 17 exec/s: 0 rss: 922Mb L: 15/16 MS: 10 ShuffleBytes-Custom-InsertRepeatedBytes-Custom-ShuffleBytes-Custom-ChangeBinInt-Custom-InsertByte-Custom-
#5209	REDUCE cov: 563 ft: 645 corp: 73/418b lim: 17 exec/s: 0 rss: 922Mb L: 4/16 MS: 2 EraseBytes-Custom-
#5225	REDUCE cov: 563 ft: 645 corp: 73/417b lim: 17 exec/s: 0 rss: 922Mb L: 14/16 MS: 2 EraseBytes-Custom-
#5318	NEW    cov: 563 ft: 646 corp: 74/432b lim: 17 exec/s: 0 rss: 922Mb L: 15/16 MS: 6 ShuffleBytes-Custom-InsertRepeatedBytes-Custom-CrossOver-Custom-
#5410	REDUCE cov: 563 ft: 649 corp: 75/447b lim: 17 exec/s: 0 rss: 922Mb L: 15/16 MS: 4 InsertRepeatedBytes-Custom-CopyPart-Custom-
#5488	REDUCE cov: 563 ft: 649 corp: 75/446b lim: 17 exec/s: 0 rss: 922Mb L: 10/16 MS: 6 ShuffleBytes-Custom-ShuffleBytes-Custom-EraseBytes-Custom-
#5526	REDUCE cov: 563 ft: 649 corp: 75/445b lim: 17 exec/s: 0 rss: 922Mb L: 6/16 MS: 6 CopyPart-Custom-ChangeByte-Custom-EraseBytes-Custom-
#5569	NEW    cov: 563 ft: 650 corp: 76/462b lim: 17 exec/s: 0 rss: 922Mb L: 17/17 MS: 6 InsertRepeatedBytes-Custom-EraseBytes-Custom-CrossOver-Custom-
#5713	NEW    cov: 563 ft: 651 corp: 77/479b lim: 17 exec/s: 0 rss: 922Mb L: 17/17 MS: 8 PersAutoDict-Custom-CopyPart-Custom-CrossOver-Custom-CrossOver-Custom- DE: "\377\377\377\377"-
#5744	NEW    cov: 563 ft: 653 corp: 78/493b lim: 17 exec/s: 0 rss: 922Mb L: 14/17 MS: 2 EraseBytes-Custom-
#5750	NEW    cov: 563 ft: 654 corp: 79/508b lim: 17 exec/s: 0 rss: 922Mb L: 15/17 MS: 2 PersAutoDict-Custom- DE: "\377\377\377\377"-
#5787	REDUCE cov: 563 ft: 654 corp: 79/507b lim: 17 exec/s: 0 rss: 922Mb L: 11/17 MS: 4 ChangeByte-Custom-EraseBytes-Custom-
#5798	NEW    cov: 564 ft: 655 corp: 80/520b lim: 17 exec/s: 0 rss: 922Mb L: 13/17 MS: 2 CopyPart-Custom-
#5880	NEW    cov: 567 ft: 658 corp: 81/537b lim: 17 exec/s: 0 rss: 922Mb L: 17/17 MS: 4 ChangeByte-Custom-CrossOver-Custom-
#6030	REDUCE cov: 567 ft: 658 corp: 81/536b lim: 17 exec/s: 0 rss: 922Mb L: 2/17 MS: 10 ChangeBinInt-Custom-ChangeBinInt-Custom-ChangeBinInt-Custom-CrossOver-Custom-EraseBytes-Custom-
#6093	REDUCE cov: 567 ft: 658 corp: 81/533b lim: 17 exec/s: 0 rss: 922Mb L: 5/17 MS: 6 ChangeByte-Custom-CrossOver-Custom-EraseBytes-Custom-
#6257	REDUCE cov: 567 ft: 658 corp: 81/532b lim: 17 exec/s: 0 rss: 922Mb L: 14/17 MS: 8 InsertByte-Custom-ShuffleBytes-Custom-ChangeBit-Custom-EraseBytes-Custom-
#6304	REDUCE cov: 567 ft: 658 corp: 81/530b lim: 17 exec/s: 0 rss: 922Mb L: 12/17 MS: 4 ChangeBinInt-Custom-EraseBytes-Custom-
#6466	REDUCE cov: 567 ft: 658 corp: 81/528b lim: 17 exec/s: 0 rss: 923Mb L: 2/17 MS: 4 EraseBytes-Custom-ChangeBinInt-Custom-
#6561	REDUCE cov: 567 ft: 658 corp: 81/526b lim: 17 exec/s: 0 rss: 923Mb L: 1/17 MS: 10 ChangeBit-Custom-InsertByte-Custom-ShuffleBytes-Custom-EraseBytes-Custom-EraseBytes-Custom-
#6564	NEW    cov: 567 ft: 664 corp: 82/543b lim: 17 exec/s: 0 rss: 923Mb L: 17/17 MS: 6 CrossOver-Custom-CrossOver-Custom-CrossOver-Custom-
#6792	NEW    cov: 569 ft: 667 corp: 83/560b lim: 17 exec/s: 0 rss: 933Mb L: 17/17 MS: 6 CopyPart-Custom-ChangeBinInt-Custom-CopyPart-Custom-
#6844	NEW    cov: 569 ft: 668 corp: 84/574b lim: 17 exec/s: 0 rss: 934Mb L: 14/17 MS: 4 InsertByte-Custom-InsertRepeatedBytes-Custom-
#7088	NEW    cov: 571 ft: 670 corp: 85/589b lim: 17 exec/s: 0 rss: 935Mb L: 15/17 MS: 8 ChangeByte-Custom-CrossOver-Custom-ShuffleBytes-Custom-ChangeBinInt-Custom-
#7262	NEW    cov: 571 ft: 672 corp: 86/603b lim: 17 exec/s: 0 rss: 936Mb L: 14/17 MS: 8 ShuffleBytes-Custom-ShuffleBytes-Custom-PersAutoDict-Custom-CMP-Custom- DE: "\000\000\000\000\000\000\000\000"-"\010\375\377\346"-
#7330	REDUCE cov: 571 ft: 672 corp: 86/600b lim: 17 exec/s: 0 rss: 936Mb L: 9/17 MS: 6 ChangeBit-Custom-ChangeByte-Custom-EraseBytes-Custom-
#7651	REDUCE cov: 571 ft: 672 corp: 86/599b lim: 17 exec/s: 0 rss: 937Mb L: 3/17 MS: 2 EraseBytes-Custom-
#7800	REDUCE cov: 571 ft: 672 corp: 86/598b lim: 17 exec/s: 0 rss: 937Mb L: 16/17 MS: 8 CrossOver-Custom-ChangeBinInt-Custom-EraseBytes-Custom-InsertByte-Custom-
#7878	REDUCE cov: 571 ft: 672 corp: 86/595b lim: 17 exec/s: 0 rss: 937Mb L: 14/17 MS: 6 ChangeBit-Custom-ShuffleBytes-Custom-EraseBytes-Custom-
MS: 6 CMP-Custom-ChangeByte-Custom-ShuffleBytes-Custom- DE: "\372\000\000\000"-; base unit: 0fd19c0696993d58e7e75d45f2b8913573256bce
0xf4,0xfa,0x0,0x0,0x0,0x0,0x0,0x0,0x0,0x2e,0x8,0xfd,0xff,0xe6,
\364\372\000\000\000\000\000\000\000.\010\375\377\346
artifact_prefix='/tmp/bugrun/math_8.XkaXPd/'; Test unit written to /tmp/bugrun/math_8.XkaXPd/crash-fc3cd26da136356a2358f1d8390116df13343c19
Base64: 9PoAAAAAAAAALgj9/+Y=
Done 7941 runs in 0 second(s)
DEDUP_TOKEN: 900c31c0561dbe87
[ERROR] Tests run: 2, Failures: 0, Errors: 1, Skipped: 0, Time elapsed: 8.863 s <<< FAILURE! -- in com.example.algorithm2.Algorithm2Test
[ERROR] com.example.algorithm2.Algorithm2Test.testParameterizedFuzzer(FuzzedDataProvider)[2] -- Time elapsed: 1.021 s <<< ERROR!
java.lang.IllegalArgumentException: Invalid rounding mode
	at java.base/java.math.BigDecimal.setScale(BigDecimal.java:2884)
	at org.apache.commons.math3.util.Precision.round(Precision.java:397)
	at jdk.internal.reflect.GeneratedMethodAccessor66.invoke(Unknown Source)
	at java.base/jdk.internal.reflect.DelegatingMethodAccessorImpl.invoke(DelegatingMethodAccessorImpl.java:43)
	at java.base/java.lang.reflect.Method.invoke(Method.java:566)
	at com.example.algorithm2.Algorithm2Test.testParameterizedFuzzer(Algorithm2Test.java:226)

[INFO] 
[INFO] Results:
[INFO] 
[ERROR] Errors: 
[ERROR]   Algorithm2Test.testParameterizedFuzzer:226 » IllegalArgument Invalid rounding mode
[INFO] 
[ERROR] Tests run: 2, Failures: 0, Errors: 1, Skipped: 0
[INFO] 
[ERROR] 

Please refer to /tmp/bugrun/math_8.XkaXPd/target/surefire-reports for the individual test results.
Please refer to dump files (if any exist) [date].dump, [date]-jvmRun[N].dump and [date].dumpstream.
[INFO] 
[INFO] --- jacoco:0.8.11:report (default-cli) @ AlgorithmName2 ---
[INFO] Loading execution data file /tmp/bugrun/math_8.XkaXPd/target/jacoco.exec
[INFO] Analyzed bundle 'AlgorithmName2' with 794 classes
[INFO] ------------------------------------------------------------------------
[INFO] BUILD SUCCESS
[INFO] ------------------------------------------------------------------------
[INFO] Total time:  23.390 s
[INFO] Finished at: 2026-10-06T02:12:31+07:00
[INFO] ------------------------------------------------------------------------
