[INFO] Scanning for projects...
[INFO] 
[INFO] ---------------------< com.example:AlgorithmName2 >---------------------
[INFO] Building AlgorithmName2 1.0-SNAPSHOT
[INFO]   from pom.xml
[INFO] --------------------------------[ jar ]---------------------------------
[INFO] 
[INFO] --- jacoco:0.8.11:prepare-agent (default) @ AlgorithmName2 ---
[INFO] argLine set to -javaagent:/home/kanyaphak673380391-3/.m2/repository/org/jacoco/org.jacoco.agent/0.8.11/org.jacoco.agent-0.8.11-runtime.jar=destfile=/tmp/bugrun/lang_5.ImPBs1/target/jacoco.exec
[INFO] 
[INFO] --- resources:3.4.0:resources (default-resources) @ AlgorithmName2 ---
[INFO] Copying 1 resource from src/main/resources to target/classes
[INFO] 
[INFO] --- compiler:3.15.0:compile (default-compile) @ AlgorithmName2 ---
[INFO] Recompiling the module because of changed source code.
[INFO] Compiling 1 source file with javac [debug target 1.8] to target/classes
[WARNING] bootstrap class path not set in conjunction with -source 8
[INFO] 
[INFO] --- dependency:3.6.0:unpack-dependencies (unpack-defects4j) @ AlgorithmName2 ---
[INFO] 
[INFO] --- resources:3.4.0:testResources (default-testResources) @ AlgorithmName2 ---
[INFO] skip non existing resourceDirectory /tmp/bugrun/lang_5.ImPBs1/src/test/resources
[INFO] 
[INFO] --- compiler:3.15.0:testCompile (default-testCompile) @ AlgorithmName2 ---
[INFO] Recompiling the module because of changed dependency.
[INFO] Compiling 1 source file with javac [debug target 1.8] to target/test-classes
[WARNING] bootstrap class path not set in conjunction with -source 8
[INFO] 
[INFO] --- surefire:3.1.2:test (default-cli) @ AlgorithmName2 ---
[INFO] Using auto detected provider org.apache.maven.surefire.junitplatform.JUnitPlatformProvider
[INFO] 
[INFO] -------------------------------------------------------
[INFO]  T E S T S
[INFO] -------------------------------------------------------
[INFO] Running com.example.algorithm2.Algorithm2Test
OpenJDK 64-Bit Server VM warning: Sharing is only supported for boot loader classes because bootstrap classpath has been appended
INFO: Loaded 289 hooks from com.code_intelligence.jazzer.runtime.TraceCmpHooks
INFO: Loaded 5 hooks from com.code_intelligence.jazzer.runtime.TraceDivHooks
INFO: Loaded 2 hooks from com.code_intelligence.jazzer.runtime.TraceIndirHooks
INFO: Loaded 4 hooks from com.code_intelligence.jazzer.runtime.NativeLibHooks
INFO: Loaded 2 hooks from com.code_intelligence.jazzer.sanitizers.ClojureLangHooks
INFO: Loaded 5 hooks from com.code_intelligence.jazzer.sanitizers.Deserialization
INFO: Loaded 5 hooks from com.code_intelligence.jazzer.sanitizers.ExpressionLanguageInjection
INFO: Loaded 70 hooks from com.code_intelligence.jazzer.sanitizers.LdapInjection
INFO: Loaded 46 hooks from com.code_intelligence.jazzer.sanitizers.NamingContextLookup
INFO: Loaded 1 hooks from com.code_intelligence.jazzer.sanitizers.OsCommandInjection
INFO: Loaded 52 hooks from com.code_intelligence.jazzer.sanitizers.ReflectiveCall
INFO: Loaded 8 hooks from com.code_intelligence.jazzer.sanitizers.RegexInjection
INFO: Loaded 16 hooks from com.code_intelligence.jazzer.sanitizers.RegexRoadblocks
INFO: Loaded 18 hooks from com.code_intelligence.jazzer.sanitizers.ScriptEngineInjection
INFO: Loaded 2 hooks from com.code_intelligence.jazzer.sanitizers.ServerSideRequestForgery
INFO: Loaded 19 hooks from com.code_intelligence.jazzer.sanitizers.SqlInjection
INFO: Loaded 6 hooks from com.code_intelligence.jazzer.sanitizers.XPathInjection
INFO: Instrumented com.example.algorithm2.Algorithm2Test$Skip (took 281 ms, size +44%)
INFO: Instrumented com.example.algorithm2.Algorithm2Test (took 225 ms, size +27%)
INFO: New number of coverage counters: 1024
INFO: New number of coverage counters: 2048
WARN: Some hooks could not be applied to class files built for Java 7 or lower.
                       Ensure that the fuzz target and its dependencies are compiled with
                       -target 8 or higher to identify as many bugs as possible.
INFO: Instrumented org.apache.commons.lang3.StringUtils (took 459 ms, size +27%)
[harness] target=org.apache.commons.lang3.StringUtils factories=1 methods=171
INFO: found LLVMFuzzerCustomMutator (0x7a9098d6dcd0). Disabling -len_control by default.
INFO: Running with entropic power schedule (0xFF, 100).
INFO: Seed: 2447944159
INFO: Loaded 3 modules   (2048 inline 8-bit counters): 512 [0x7a9128af0130, 0x7a9128af0330), 512 [0x7a9128af0330, 0x7a9128af0530), 1024 [0x7a9128af0530, 0x7a9128af0930), 
INFO: Loaded 3 PC tables (2048 PCs): 512 [0x7a9128280560,0x7a9128282560), 512 [0x7a9128d689a0,0x7a9128d6a9a0), 1024 [0x7a9128d6e270,0x7a9128d72270), 
INFO:        0 files found in /tmp/bugrun/lang_5.ImPBs1/.cifuzz-corpus/com.example.algorithm2.Algorithm2Test/testParameterizedFuzzer
INFO:        0 files found in /tmp/jazzer-java-seeds3350740066081383103
INFO: -max_len is not provided; libFuzzer will not generate inputs larger than 4096 bytes
INFO: A corpus is not provided, starting from an empty corpus
#2	INITED cov: 35 ft: 35 corp: 1/1b exec/s: 0 rss: 862Mb
INFO: using inputs from: /tmp/bugrun/lang_5.ImPBs1/.cifuzz-corpus/com.example.algorithm2.Algorithm2Test/testParameterizedFuzzer
INFO: using inputs from: /tmp/jazzer-java-seeds3350740066081383103
INFO: Instrumented org.apache.commons.lang3.CharSequenceUtils (took 28 ms, size +60%)
#6	NEW    cov: 41 ft: 41 corp: 2/4b lim: 4 exec/s: 0 rss: 862Mb L: 3/3 MS: 8 CrossOver-Custom-EraseBytes-Custom-CrossOver-Custom-InsertByte-Custom-
#7	NEW    cov: 42 ft: 42 corp: 3/8b lim: 4 exec/s: 0 rss: 862Mb L: 4/4 MS: 2 InsertByte-Custom-
#8	NEW    cov: 44 ft: 44 corp: 4/12b lim: 4 exec/s: 0 rss: 862Mb L: 4/4 MS: 2 InsertByte-Custom-
#9	NEW    cov: 48 ft: 48 corp: 5/16b lim: 4 exec/s: 0 rss: 862Mb L: 4/4 MS: 2 ChangeBinInt-Custom-
#13	NEW    cov: 51 ft: 51 corp: 6/18b lim: 4 exec/s: 0 rss: 862Mb L: 2/4 MS: 8 ChangeBit-Custom-ShuffleBytes-Custom-ChangeByte-Custom-EraseBytes-Custom-
#15	NEW    cov: 54 ft: 54 corp: 7/22b lim: 4 exec/s: 0 rss: 862Mb L: 4/4 MS: 4 CrossOver-Custom-ChangeBit-Custom-
#22	NEW    cov: 63 ft: 64 corp: 8/26b lim: 4 exec/s: 0 rss: 862Mb L: 4/4 MS: 4 CrossOver-Custom-ShuffleBytes-Custom-
#23	NEW    cov: 63 ft: 67 corp: 9/29b lim: 4 exec/s: 0 rss: 862Mb L: 3/4 MS: 2 EraseBytes-Custom-
MS: 2 ChangeBinInt-Custom-; base unit: 295ae96f08df3c070f97ced699b73a9d0b16bbf4
0xec,0x31,0xa2,0xf5,
\3541\242\365
artifact_prefix='/tmp/bugrun/lang_5.ImPBs1/'; Test unit written to /tmp/bugrun/lang_5.ImPBs1/crash-f23337958131c4b989fc73f0c124ad39445c15f3
Base64: 7DGi9Q==
Done 24 runs in 0 second(s)
DEDUP_TOKEN: 287160bfaceb90aa
[ERROR] Tests run: 2, Failures: 0, Errors: 1, Skipped: 0, Time elapsed: 8.547 s <<< FAILURE! -- in com.example.algorithm2.Algorithm2Test
[ERROR] com.example.algorithm2.Algorithm2Test.testParameterizedFuzzer(FuzzedDataProvider)[2] -- Time elapsed: 0.303 s <<< ERROR!
java.lang.IllegalArgumentException: Minimum abbreviation width is 4
	at org.apache.commons.lang3.StringUtils.abbreviate(StringUtils.java:6243)
	at org.apache.commons.lang3.StringUtils.abbreviate(StringUtils.java:6200)
	at java.base/jdk.internal.reflect.NativeMethodAccessorImpl.invoke0(Native Method)
	at java.base/jdk.internal.reflect.NativeMethodAccessorImpl.invoke(NativeMethodAccessorImpl.java:62)
	at java.base/jdk.internal.reflect.DelegatingMethodAccessorImpl.invoke(DelegatingMethodAccessorImpl.java:43)
	at java.base/java.lang.reflect.Method.invoke(Method.java:566)
	at com.example.algorithm2.Algorithm2Test.testParameterizedFuzzer(Algorithm2Test.java:226)

[INFO] 
[INFO] Results:
[INFO] 
[ERROR] Errors: 
[ERROR]   Algorithm2Test.testParameterizedFuzzer:226 » IllegalArgument Minimum abbreviation width is 4
[INFO] 
[ERROR] Tests run: 2, Failures: 0, Errors: 1, Skipped: 0
[INFO] 
[ERROR] 

Please refer to /tmp/bugrun/lang_5.ImPBs1/target/surefire-reports for the individual test results.
Please refer to dump files (if any exist) [date].dump, [date]-jvmRun[N].dump and [date].dumpstream.
[INFO] 
[INFO] --- jacoco:0.8.11:report (default-cli) @ AlgorithmName2 ---
[INFO] Loading execution data file /tmp/bugrun/lang_5.ImPBs1/target/jacoco.exec
[INFO] Analyzed bundle 'AlgorithmName2' with 159 classes
[INFO] ------------------------------------------------------------------------
[INFO] BUILD SUCCESS
[INFO] ------------------------------------------------------------------------
[INFO] Total time:  24.522 s
[INFO] Finished at: 2026-10-06T02:05:50+07:00
[INFO] ------------------------------------------------------------------------
