[INFO] Scanning for projects...
[INFO] 
[INFO] ---------------------< com.example:AlgorithmName2 >---------------------
[INFO] Building AlgorithmName2 1.0-SNAPSHOT
[INFO]   from pom.xml
[INFO] --------------------------------[ jar ]---------------------------------
[INFO] 
[INFO] --- jacoco:0.8.11:prepare-agent (default) @ AlgorithmName2 ---
[INFO] argLine set to -javaagent:/home/kanyaphak673380391-3/.m2/repository/org/jacoco/org.jacoco.agent/0.8.11/org.jacoco.agent-0.8.11-runtime.jar=destfile=/tmp/bugrun/lang_9.qgHBKD/target/jacoco.exec
[INFO] 
[INFO] --- resources:3.4.0:resources (default-resources) @ AlgorithmName2 ---
[INFO] Copying 1 resource from src/main/resources to target/classes
[INFO] 
[INFO] --- compiler:3.15.0:compile (default-compile) @ AlgorithmName2 ---
[INFO] Recompiling the module because of changed source code.
[INFO] Compiling 1 source file with javac [debug target 1.8] to target/classes
[WARNING] bootstrap class path not set in conjunction with -source 8
[INFO] 
[INFO] --- dependency:3.6.0:unpack-dependencies (unpack-defects4j) @ AlgorithmName2 ---
[INFO] 
[INFO] --- resources:3.4.0:testResources (default-testResources) @ AlgorithmName2 ---
[INFO] skip non existing resourceDirectory /tmp/bugrun/lang_9.qgHBKD/src/test/resources
[INFO] 
[INFO] --- compiler:3.15.0:testCompile (default-testCompile) @ AlgorithmName2 ---
[INFO] Recompiling the module because of changed dependency.
[INFO] Compiling 1 source file with javac [debug target 1.8] to target/test-classes
[WARNING] bootstrap class path not set in conjunction with -source 8
[INFO] 
[INFO] --- surefire:3.1.2:test (default-cli) @ AlgorithmName2 ---
[INFO] Using auto detected provider org.apache.maven.surefire.junitplatform.JUnitPlatformProvider
[INFO] 
[INFO] -------------------------------------------------------
[INFO]  T E S T S
[INFO] -------------------------------------------------------
[INFO] Running com.example.algorithm2.Algorithm2Test
OpenJDK 64-Bit Server VM warning: Sharing is only supported for boot loader classes because bootstrap classpath has been appended
INFO: Loaded 289 hooks from com.code_intelligence.jazzer.runtime.TraceCmpHooks
INFO: Loaded 5 hooks from com.code_intelligence.jazzer.runtime.TraceDivHooks
INFO: Loaded 2 hooks from com.code_intelligence.jazzer.runtime.TraceIndirHooks
INFO: Loaded 4 hooks from com.code_intelligence.jazzer.runtime.NativeLibHooks
INFO: Loaded 2 hooks from com.code_intelligence.jazzer.sanitizers.ClojureLangHooks
INFO: Loaded 5 hooks from com.code_intelligence.jazzer.sanitizers.Deserialization
INFO: Loaded 5 hooks from com.code_intelligence.jazzer.sanitizers.ExpressionLanguageInjection
INFO: Loaded 70 hooks from com.code_intelligence.jazzer.sanitizers.LdapInjection
INFO: Loaded 46 hooks from com.code_intelligence.jazzer.sanitizers.NamingContextLookup
INFO: Loaded 1 hooks from com.code_intelligence.jazzer.sanitizers.OsCommandInjection
INFO: Loaded 52 hooks from com.code_intelligence.jazzer.sanitizers.ReflectiveCall
INFO: Loaded 8 hooks from com.code_intelligence.jazzer.sanitizers.RegexInjection
INFO: Loaded 16 hooks from com.code_intelligence.jazzer.sanitizers.RegexRoadblocks
INFO: Loaded 18 hooks from com.code_intelligence.jazzer.sanitizers.ScriptEngineInjection
INFO: Loaded 2 hooks from com.code_intelligence.jazzer.sanitizers.ServerSideRequestForgery
INFO: Loaded 19 hooks from com.code_intelligence.jazzer.sanitizers.SqlInjection
INFO: Loaded 6 hooks from com.code_intelligence.jazzer.sanitizers.XPathInjection
INFO: Instrumented com.example.algorithm2.Algorithm2Test$Skip (took 171 ms, size +44%)
INFO: Instrumented com.example.algorithm2.Algorithm2Test (took 111 ms, size +27%)
INFO: New number of coverage counters: 1024
INFO: New number of coverage counters: 2048
WARN: Some hooks could not be applied to class files built for Java 7 or lower.
                       Ensure that the fuzz target and its dependencies are compiled with
                       -target 8 or higher to identify as many bugs as possible.
INFO: Instrumented org.apache.commons.lang3.StringUtils (took 222 ms, size +28%)
[harness] target=org.apache.commons.lang3.StringUtils factories=1 methods=155
INFO: found LLVMFuzzerCustomMutator (0x77004ff76cd0). Disabling -len_control by default.
INFO: Running with entropic power schedule (0xFF, 100).
INFO: Seed: 4275087210
INFO: Loaded 3 modules   (2048 inline 8-bit counters): 512 [0x770184c40d60, 0x770184c40f60), 512 [0x770184c40f60, 0x770184c41160), 1024 [0x770184c41160, 0x770184c41560), 
INFO: Loaded 3 PC tables (2048 PCs): 512 [0x770184b745d0,0x770184b765d0), 512 [0x770184612600,0x770184614600), 1024 [0x77018467bb40,0x77018467fb40), 
INFO:        0 files found in /tmp/bugrun/lang_9.qgHBKD/.cifuzz-corpus/com.example.algorithm2.Algorithm2Test/testParameterizedFuzzer
INFO:        0 files found in /tmp/jazzer-java-seeds18386215576653280863
INFO: -max_len is not provided; libFuzzer will not generate inputs larger than 4096 bytes
INFO: A corpus is not provided, starting from an empty corpus
#2	INITED cov: 35 ft: 35 corp: 1/1b exec/s: 0 rss: 855Mb
#4	NEW    cov: 47 ft: 49 corp: 2/2b lim: 4 exec/s: 0 rss: 855Mb L: 1/1 MS: 4 InsertByte-Custom-EraseBytes-Custom-
#5	NEW    cov: 51 ft: 53 corp: 3/4b lim: 4 exec/s: 0 rss: 855Mb L: 2/2 MS: 2 InsertByte-Custom-
#6	NEW    cov: 53 ft: 57 corp: 4/7b lim: 4 exec/s: 0 rss: 855Mb L: 3/3 MS: 2 CopyPart-Custom-
#12	NEW    cov: 54 ft: 63 corp: 5/9b lim: 4 exec/s: 0 rss: 855Mb L: 2/3 MS: 2 InsertByte-Custom-
#14	NEW    cov: 59 ft: 68 corp: 6/13b lim: 4 exec/s: 0 rss: 855Mb L: 4/4 MS: 4 CrossOver-Custom-CopyPart-Custom-
#15	NEW    cov: 62 ft: 71 corp: 7/15b lim: 4 exec/s: 0 rss: 855Mb L: 2/4 MS: 2 ChangeBinInt-Custom-
#17	NEW    cov: 69 ft: 78 corp: 8/17b lim: 4 exec/s: 0 rss: 855Mb L: 2/4 MS: 4 CopyPart-Custom-CMP-Custom- DE: "\001\220"-
#18	NEW    cov: 70 ft: 79 corp: 9/20b lim: 4 exec/s: 0 rss: 855Mb L: 3/4 MS: 2 EraseBytes-Custom-
#22	NEW    cov: 76 ft: 85 corp: 10/24b lim: 4 exec/s: 0 rss: 855Mb L: 4/4 MS: 8 CrossOver-Custom-EraseBytes-Custom-PersAutoDict-Custom-ChangeBinInt-Custom- DE: "\001\220"-
#23	NEW    cov: 79 ft: 88 corp: 11/25b lim: 4 exec/s: 0 rss: 855Mb L: 1/4 MS: 2 EraseBytes-Custom-
#25	NEW    cov: 82 ft: 91 corp: 12/28b lim: 4 exec/s: 0 rss: 855Mb L: 3/4 MS: 4 CopyPart-Custom-InsertByte-Custom-
#27	NEW    cov: 95 ft: 104 corp: 13/32b lim: 4 exec/s: 0 rss: 855Mb L: 4/4 MS: 4 ChangeByte-Custom-CopyPart-Custom-
#29	NEW    cov: 95 ft: 107 corp: 14/33b lim: 4 exec/s: 0 rss: 855Mb L: 1/4 MS: 4 CopyPart-Custom-CrossOver-Custom-
INFO: using inputs from: /tmp/bugrun/lang_9.qgHBKD/.cifuzz-corpus/com.example.algorithm2.Algorithm2Test/testParameterizedFuzzer
INFO: using inputs from: /tmp/jazzer-java-seeds18386215576653280863
INFO: Instrumented org.apache.commons.lang3.CharSequenceUtils (took 11 ms, size +60%)
#30	NEW    cov: 112 ft: 124 corp: 15/37b lim: 4 exec/s: 0 rss: 856Mb L: 4/4 MS: 2 CrossOver-Custom-
#33	NEW    cov: 115 ft: 127 corp: 16/41b lim: 4 exec/s: 0 rss: 856Mb L: 4/4 MS: 6 InsertByte-Custom-ChangeBit-Custom-CMP-Custom- DE: "\377\231"-
#35	NEW    cov: 125 ft: 138 corp: 17/43b lim: 4 exec/s: 0 rss: 856Mb L: 2/4 MS: 4 EraseBytes-Custom-ChangeBit-Custom-
#41	NEW    cov: 126 ft: 139 corp: 18/45b lim: 4 exec/s: 0 rss: 856Mb L: 2/4 MS: 2 ChangeASCIIInt-Custom-
#47	NEW    cov: 129 ft: 142 corp: 19/49b lim: 4 exec/s: 0 rss: 856Mb L: 4/4 MS: 2 ChangeBinInt-Custom-
#50	NEW    cov: 129 ft: 143 corp: 20/51b lim: 4 exec/s: 0 rss: 856Mb L: 2/4 MS: 6 ShuffleBytes-Custom-ChangeBinInt-Custom-CrossOver-Custom-
#57	NEW    cov: 132 ft: 147 corp: 21/52b lim: 4 exec/s: 0 rss: 856Mb L: 1/4 MS: 4 CopyPart-Custom-EraseBytes-Custom-
INFO: Instrumented org.apache.commons.lang3.ObjectUtils (took 31 ms, size +18%)
INFO: Instrumented org.apache.commons.lang3.exception.CloneFailedException (took 4 ms, size +37%)
INFO: Instrumented org.apache.commons.lang3.ObjectUtils$Null (took 4 ms, size +43%)
INFO: New number of coverage counters: 4096
#60	NEW    cov: 138 ft: 153 corp: 22/55b lim: 4 exec/s: 0 rss: 858Mb L: 3/4 MS: 6 PersAutoDict-Custom-ChangeByte-Custom-CrossOver-Custom- DE: "\377\231"-
#61	NEW    cov: 139 ft: 157 corp: 23/57b lim: 4 exec/s: 0 rss: 858Mb L: 2/4 MS: 2 ChangeByte-Custom-
#62	NEW    cov: 141 ft: 159 corp: 24/60b lim: 4 exec/s: 0 rss: 858Mb L: 3/4 MS: 2 ChangeBit-Custom-
#65	NEW    cov: 143 ft: 161 corp: 25/62b lim: 4 exec/s: 0 rss: 858Mb L: 2/4 MS: 6 ShuffleBytes-Custom-EraseBytes-Custom-ChangeBit-Custom-
#69	NEW    cov: 146 ft: 164 corp: 26/65b lim: 4 exec/s: 0 rss: 858Mb L: 3/4 MS: 8 InsertByte-Custom-ChangeByte-Custom-ChangeByte-Custom-ChangeByte-Custom-
#70	NEW    cov: 152 ft: 170 corp: 27/68b lim: 4 exec/s: 0 rss: 858Mb L: 3/4 MS: 2 ChangeBit-Custom-
#76	NEW    cov: 155 ft: 173 corp: 28/69b lim: 4 exec/s: 0 rss: 858Mb L: 1/4 MS: 2 ChangeByte-Custom-
#78	NEW    cov: 157 ft: 175 corp: 29/72b lim: 4 exec/s: 0 rss: 858Mb L: 3/4 MS: 4 InsertByte-Custom-PersAutoDict-Custom- DE: "\377\231"-
#82	NEW    cov: 157 ft: 177 corp: 30/76b lim: 4 exec/s: 0 rss: 858Mb L: 4/4 MS: 8 PersAutoDict-Custom-CopyPart-Custom-CrossOver-Custom-ChangeBinInt-Custom- DE: "\001\220"-
#83	NEW    cov: 160 ft: 180 corp: 31/78b lim: 4 exec/s: 0 rss: 858Mb L: 2/4 MS: 2 ChangeBit-Custom-
#89	NEW    cov: 162 ft: 182 corp: 32/82b lim: 4 exec/s: 0 rss: 858Mb L: 4/4 MS: 2 ChangeByte-Custom-
#90	NEW    cov: 165 ft: 185 corp: 33/86b lim: 4 exec/s: 0 rss: 858Mb L: 4/4 MS: 2 ChangeBinInt-Custom-
#92	NEW    cov: 173 ft: 195 corp: 34/88b lim: 4 exec/s: 0 rss: 858Mb L: 2/4 MS: 4 EraseBytes-Custom-ChangeByte-Custom-
#101	NEW    cov: 176 ft: 198 corp: 35/92b lim: 4 exec/s: 0 rss: 858Mb L: 4/4 MS: 8 CopyPart-Custom-ShuffleBytes-Custom-CopyPart-Custom-ChangeBit-Custom-
#105	NEW    cov: 177 ft: 199 corp: 36/94b lim: 4 exec/s: 0 rss: 858Mb L: 2/4 MS: 8 ShuffleBytes-Custom-CopyPart-Custom-ShuffleBytes-Custom-EraseBytes-Custom-
#113	NEW    cov: 179 ft: 201 corp: 37/97b lim: 4 exec/s: 0 rss: 858Mb L: 3/4 MS: 6 ChangeByte-Custom-ChangeASCIIInt-Custom-InsertByte-Custom-
#114	NEW    cov: 185 ft: 207 corp: 38/101b lim: 4 exec/s: 0 rss: 858Mb L: 4/4 MS: 2 InsertByte-Custom-
#117	NEW    cov: 194 ft: 216 corp: 39/104b lim: 4 exec/s: 0 rss: 858Mb L: 3/4 MS: 6 ChangeBit-Custom-PersAutoDict-Custom-ChangeBit-Custom- DE: "\001\220"-
#118	NEW    cov: 195 ft: 217 corp: 40/105b lim: 4 exec/s: 0 rss: 858Mb L: 1/4 MS: 2 ChangeBit-Custom-
#124	NEW    cov: 197 ft: 219 corp: 41/107b lim: 4 exec/s: 0 rss: 858Mb L: 2/4 MS: 2 ChangeByte-Custom-
#126	NEW    cov: 199 ft: 221 corp: 42/108b lim: 4 exec/s: 0 rss: 858Mb L: 1/4 MS: 4 ChangeByte-Custom-EraseBytes-Custom-
#128	NEW    cov: 201 ft: 223 corp: 43/112b lim: 4 exec/s: 0 rss: 858Mb L: 4/4 MS: 4 ShuffleBytes-Custom-ShuffleBytes-Custom-
#129	NEW    cov: 203 ft: 225 corp: 44/113b lim: 4 exec/s: 0 rss: 858Mb L: 1/4 MS: 2 ChangeByte-Custom-
#143	NEW    cov: 207 ft: 229 corp: 45/115b lim: 4 exec/s: 0 rss: 858Mb L: 2/4 MS: 8 ChangeByte-Custom-ChangeByte-Custom-PersAutoDict-Custom-EraseBytes-Custom- DE: "\377\231"-
#144	NEW    cov: 213 ft: 235 corp: 46/117b lim: 4 exec/s: 0 rss: 858Mb L: 2/4 MS: 2 ChangeBit-Custom-
#150	NEW    cov: 214 ft: 237 corp: 47/121b lim: 4 exec/s: 0 rss: 858Mb L: 4/4 MS: 2 ChangeBit-Custom-
#159	NEW    cov: 216 ft: 245 corp: 48/125b lim: 4 exec/s: 0 rss: 858Mb L: 4/4 MS: 8 CopyPart-Custom-ShuffleBytes-Custom-CrossOver-Custom-ShuffleBytes-Custom-
#171	REDUCE cov: 216 ft: 245 corp: 48/124b lim: 4 exec/s: 0 rss: 858Mb L: 1/4 MS: 4 ShuffleBytes-Custom-EraseBytes-Custom-
#174	NEW    cov: 219 ft: 248 corp: 49/126b lim: 4 exec/s: 0 rss: 858Mb L: 2/4 MS: 6 CrossOver-Custom-ChangeBit-Custom-EraseBytes-Custom-
#175	NEW    cov: 225 ft: 254 corp: 50/128b lim: 4 exec/s: 0 rss: 858Mb L: 2/4 MS: 2 InsertByte-Custom-
#177	NEW    cov: 227 ft: 256 corp: 51/132b lim: 4 exec/s: 0 rss: 858Mb L: 4/4 MS: 4 ChangeByte-Custom-ChangeByte-Custom-
#179	NEW    cov: 230 ft: 259 corp: 52/133b lim: 4 exec/s: 0 rss: 858Mb L: 1/4 MS: 4 ShuffleBytes-Custom-ChangeBit-Custom-
INFO: #184	NEW    cov: 237 ft: 266 corp: 53/136b lim: 4 exec/s: 0 rss: 858Mb L: 3/4 MS: 10 ChangeByte-Custom-CrossOver-Custom-ShuffleBytes-Custom-PersAutoDict-Custom-ChangeByte-Custom- DE: "\377\231"-
Instrumented org.apache.commons.lang3.ArrayUtils (took 192 ms, size +22%)
#190	NEW    cov: 240 ft: 269 corp: 54/138b lim: 4 exec/s: 0 rss: 858Mb L: 2/4 MS: 2 ChangeByte-Custom-
#195	NEW    cov: 243 ft: 272 corp: 55/140b lim: 4 exec/s: 0 rss: 859Mb L: 2/4 MS: 10 CrossOver-Custom-ChangeBit-Custom-EraseBytes-Custom-ChangeBit-Custom-InsertByte-Custom-
#197	NEW    cov: 250 ft: 279 corp: 56/142b lim: 4 exec/s: 0 rss: 859Mb L: 2/4 MS: 4 CopyPart-Custom-CrossOver-Custom-
MS: 6 ChangeByte-Custom-CopyPart-Custom-CopyPart-Custom-; base unit: 5ba93c9db0cff93f52b521d7420e43f6eda2784f
0x2e,0x2e,0x2e,0x2e,
....
artifact_prefix='/tmp/bugrun/lang_9.qgHBKD/'; Test unit written to /tmp/bugrun/lang_9.qgHBKD/crash-79ef7f87b4d8e6190ffd850c7caca6feebd26d68
Base64: Li4uLg==
Done 200 runs in 0 second(s)
DEDUP_TOKEN: bbb8628acd42a6fd
[ERROR] Tests run: 2, Failures: 0, Errors: 1, Skipped: 0, Time elapsed: 5.962 s <<< FAILURE! -- in com.example.algorithm2.Algorithm2Test
[ERROR] com.example.algorithm2.Algorithm2Test.testParameterizedFuzzer(FuzzedDataProvider)[2] -- Time elapsed: 0.545 s <<< ERROR!
java.lang.NegativeArraySizeException: -1024
	at org.apache.commons.lang3.StringUtils.repeat(StringUtils.java:4451)
	at java.base/jdk.internal.reflect.NativeMethodAccessorImpl.invoke0(Native Method)
	at java.base/jdk.internal.reflect.NativeMethodAccessorImpl.invoke(NativeMethodAccessorImpl.java:62)
	at java.base/jdk.internal.reflect.DelegatingMethodAccessorImpl.invoke(DelegatingMethodAccessorImpl.java:43)
	at java.base/java.lang.reflect.Method.invoke(Method.java:566)
	at com.example.algorithm2.Algorithm2Test.testParameterizedFuzzer(Algorithm2Test.java:226)

[INFO] 
[INFO] Results:
[INFO] 
[ERROR] Errors: 
[ERROR]   Algorithm2Test.testParameterizedFuzzer:226 » NegativeArraySize -1024
[INFO] 
[ERROR] Tests run: 2, Failures: 0, Errors: 1, Skipped: 0
[INFO] 
[ERROR] 

Please refer to /tmp/bugrun/lang_9.qgHBKD/target/surefire-reports for the individual test results.
Please refer to dump files (if any exist) [date].dump, [date]-jvmRun[N].dump and [date].dumpstream.
[INFO] 
[INFO] --- jacoco:0.8.11:report (default-cli) @ AlgorithmName2 ---
[INFO] Loading execution data file /tmp/bugrun/lang_9.qgHBKD/target/jacoco.exec
[INFO] Analyzed bundle 'AlgorithmName2' with 158 classes
[INFO] ------------------------------------------------------------------------
[INFO] BUILD SUCCESS
[INFO] ------------------------------------------------------------------------
[INFO] Total time:  18.552 s
[INFO] Finished at: 2026-10-06T03:47:52+07:00
[INFO] ------------------------------------------------------------------------
