[INFO] Scanning for projects...
[INFO] 
[INFO] ---------------------< com.example:AlgorithmName2 >---------------------
[INFO] Building AlgorithmName2 1.0-SNAPSHOT
[INFO]   from pom.xml
[INFO] --------------------------------[ jar ]---------------------------------
[INFO] 
[INFO] --- jacoco:0.8.11:prepare-agent (default) @ AlgorithmName2 ---
[INFO] argLine set to -javaagent:/home/kanyaphak673380391-3/.m2/repository/org/jacoco/org.jacoco.agent/0.8.11/org.jacoco.agent-0.8.11-runtime.jar=destfile=/tmp/bugrun/lang_41.MGi5gV/target/jacoco.exec
[INFO] 
[INFO] --- resources:3.4.0:resources (default-resources) @ AlgorithmName2 ---
[INFO] Copying 1 resource from src/main/resources to target/classes
[INFO] 
[INFO] --- compiler:3.15.0:compile (default-compile) @ AlgorithmName2 ---
[INFO] Recompiling the module because of changed source code.
[INFO] Compiling 1 source file with javac [debug target 1.8] to target/classes
[WARNING] bootstrap class path not set in conjunction with -source 8
[INFO] 
[INFO] --- dependency:3.6.0:unpack-dependencies (unpack-defects4j) @ AlgorithmName2 ---
[INFO] 
[INFO] --- resources:3.4.0:testResources (default-testResources) @ AlgorithmName2 ---
[INFO] skip non existing resourceDirectory /tmp/bugrun/lang_41.MGi5gV/src/test/resources
[INFO] 
[INFO] --- compiler:3.15.0:testCompile (default-testCompile) @ AlgorithmName2 ---
[INFO] Recompiling the module because of changed dependency.
[INFO] Compiling 1 source file with javac [debug target 1.8] to target/test-classes
[WARNING] bootstrap class path not set in conjunction with -source 8
[INFO] 
[INFO] --- surefire:3.1.2:test (default-cli) @ AlgorithmName2 ---
[INFO] Using auto detected provider org.apache.maven.surefire.junitplatform.JUnitPlatformProvider
[INFO] 
[INFO] -------------------------------------------------------
[INFO]  T E S T S
[INFO] -------------------------------------------------------
[INFO] Running com.example.algorithm2.Algorithm2Test
OpenJDK 64-Bit Server VM warning: Sharing is only supported for boot loader classes because bootstrap classpath has been appended
INFO: Loaded 289 hooks from com.code_intelligence.jazzer.runtime.TraceCmpHooks
INFO: Loaded 5 hooks from com.code_intelligence.jazzer.runtime.TraceDivHooks
INFO: Loaded 2 hooks from com.code_intelligence.jazzer.runtime.TraceIndirHooks
INFO: Loaded 4 hooks from com.code_intelligence.jazzer.runtime.NativeLibHooks
INFO: Loaded 2 hooks from com.code_intelligence.jazzer.sanitizers.ClojureLangHooks
INFO: Loaded 5 hooks from com.code_intelligence.jazzer.sanitizers.Deserialization
INFO: Loaded 5 hooks from com.code_intelligence.jazzer.sanitizers.ExpressionLanguageInjection
INFO: Loaded 70 hooks from com.code_intelligence.jazzer.sanitizers.LdapInjection
INFO: Loaded 46 hooks from com.code_intelligence.jazzer.sanitizers.NamingContextLookup
INFO: Loaded 1 hooks from com.code_intelligence.jazzer.sanitizers.OsCommandInjection
INFO: Loaded 52 hooks from com.code_intelligence.jazzer.sanitizers.ReflectiveCall
INFO: Loaded 8 hooks from com.code_intelligence.jazzer.sanitizers.RegexInjection
INFO: Loaded 16 hooks from com.code_intelligence.jazzer.sanitizers.RegexRoadblocks
INFO: Loaded 18 hooks from com.code_intelligence.jazzer.sanitizers.ScriptEngineInjection
INFO: Loaded 2 hooks from com.code_intelligence.jazzer.sanitizers.ServerSideRequestForgery
INFO: Loaded 19 hooks from com.code_intelligence.jazzer.sanitizers.SqlInjection
INFO: Loaded 6 hooks from com.code_intelligence.jazzer.sanitizers.XPathInjection
INFO: Instrumented com.example.algorithm2.Algorithm2Test$Skip (took 147 ms, size +44%)
INFO: Instrumented com.example.algorithm2.Algorithm2Test (took 94 ms, size +27%)
INFO: New number of coverage counters: 1024
INFO: New number of coverage counters: 2048
INFO: Instrumented org.apache.commons.lang.StringUtils (took 428 ms, size +32%)
[harness] Fallback target loaded: org.apache.commons.lang.StringUtils (original was org.apache.commons.lang3.StringUtils)
[harness] target=org.apache.commons.lang.StringUtils factories=1 methods=140
INFO: found LLVMFuzzerCustomMutator (0x7edaf13f3cd0). Disabling -len_control by default.
INFO: Running with entropic power schedule (0xFF, 100).
INFO: Seed: 146059456
INFO: Loaded 3 modules   (2048 inline 8-bit counters): 512 [0x7edb90aeb6e0, 0x7edb90aeb8e0), 512 [0x7edb90aeb8e0, 0x7edb90aebae0), 1024 [0x7edb90aebae0, 0x7edb90aebee0), 
INFO: Loaded 3 PC tables (2048 PCs): 512 [0x7edb90a83f70,0x7edb90a85f70), 512 [0x7edb904ccf80,0x7edb904cef80), 1024 [0x7edb90617290,0x7edb9061b290), 
INFO:        0 files found in /tmp/bugrun/lang_41.MGi5gV/.cifuzz-corpus/com.example.algorithm2.Algorithm2Test/testParameterizedFuzzer
INFO:        0 files found in /tmp/jazzer-java-seeds13580336509577704244
INFO: -max_len is not provided; libFuzzer will not generate inputs larger than 4096 bytes
INFO: A corpus is not provided, starting from an empty corpus
#2	INITED cov: 36 ft: 36 corp: 1/1b exec/s: 0 rss: 901Mb
#3	NEW    cov: 39 ft: 39 corp: 2/2b lim: 4 exec/s: 0 rss: 901Mb L: 1/1 MS: 2 ChangeBit-Custom-
#7	NEW    cov: 39 ft: 41 corp: 3/3b lim: 4 exec/s: 0 rss: 901Mb L: 1/1 MS: 8 ChangeBit-Custom-CrossOver-Custom-EraseBytes-Custom-ChangeBinInt-Custom-
#8	NEW    cov: 41 ft: 43 corp: 4/4b lim: 4 exec/s: 0 rss: 901Mb L: 1/1 MS: 2 ChangeBit-Custom-
#9	NEW    cov: 44 ft: 46 corp: 5/5b lim: 4 exec/s: 0 rss: 901Mb L: 1/1 MS: 2 ChangeByte-Custom-
#15	NEW    cov: 45 ft: 48 corp: 6/6b lim: 4 exec/s: 0 rss: 902Mb L: 1/1 MS: 2 ChangeBit-Custom-
#19	NEW    cov: 47 ft: 50 corp: 7/8b lim: 4 exec/s: 0 rss: 902Mb L: 2/2 MS: 8 ChangeBit-Custom-CrossOver-Custom-CrossOver-Custom-ChangeBit-Custom-
#22	NEW    cov: 49 ft: 52 corp: 8/12b lim: 4 exec/s: 0 rss: 902Mb L: 4/4 MS: 6 CopyPart-Custom-ChangeBit-Custom-CMP-Custom- DE: "\002\000"-
#24	NEW    cov: 51 ft: 54 corp: 9/15b lim: 4 exec/s: 0 rss: 902Mb L: 3/4 MS: 4 CopyPart-Custom-InsertByte-Custom-
#26	NEW    cov: 54 ft: 57 corp: 10/16b lim: 4 exec/s: 0 rss: 902Mb L: 1/4 MS: 4 ShuffleBytes-Custom-CrossOver-Custom-
#27	NEW    cov: 56 ft: 59 corp: 11/18b lim: 4 exec/s: 0 rss: 902Mb L: 2/4 MS: 2 InsertByte-Custom-
#30	NEW    cov: 57 ft: 60 corp: 12/22b lim: 4 exec/s: 0 rss: 902Mb L: 4/4 MS: 6 ChangeBit-Custom-ChangeByte-Custom-PersAutoDict-Custom- DE: "\002\000"-
INFO: using inputs from: /tmp/bugrun/lang_41.MGi5gV/.cifuzz-corpus/com.example.algorithm2.Algorithm2Test/testParameterizedFuzzer
INFO: using inputs from: /tmp/jazzer-java-seeds13580336509577704244
INFO: New number of coverage counters: 4096
#31	NEW    cov: 63 ft: 66 corp: 13/23b lim: 4 exec/s: 0 rss: 980Mb L: 1/4 MS: 2 ChangeBit-Custom-
#33	NEW    cov: 84 ft: 89 corp: 14/25b lim: 4 exec/s: 0 rss: 980Mb L: 2/4 MS: 4 CrossOver-Custom-ChangeByte-Custom-
#34	NEW    cov: 85 ft: 90 corp: 15/26b lim: 4 exec/s: 0 rss: 980Mb L: 1/4 MS: 2 ChangeBinInt-Custom-
#36	NEW    cov: 86 ft: 91 corp: 16/29b lim: 4 exec/s: 0 rss: 980Mb L: 3/4 MS: 4 CopyPart-Custom-PersAutoDict-Custom- DE: "\002\000"-
#39	NEW    cov: 86 ft: 92 corp: 17/33b lim: 4 exec/s: 0 rss: 980Mb L: 4/4 MS: 6 CrossOver-Custom-CopyPart-Custom-ShuffleBytes-Custom-
#53	NEW    cov: 92 ft: 98 corp: 18/36b lim: 4 exec/s: 0 rss: 980Mb L: 3/4 MS: 8 CopyPart-Custom-EraseBytes-Custom-CrossOver-Custom-CopyPart-Custom-
#55	NEW    cov: 93 ft: 99 corp: 19/40b lim: 4 exec/s: 0 rss: 980Mb L: 4/4 MS: 4 CrossOver-Custom-PersAutoDict-Custom- DE: "\002\000"-
#56	NEW    cov: 100 ft: 106 corp: 20/41b lim: 4 exec/s: 0 rss: 980Mb L: 1/4 MS: 2 ChangeBit-Custom-
#57	NEW    cov: 105 ft: 112 corp: 21/42b lim: 4 exec/s: 0 rss: 980Mb L: 1/4 MS: 2 ChangeByte-Custom-
#61	NEW    cov: 106 ft: 113 corp: 22/45b lim: 4 exec/s: 0 rss: 980Mb L: 3/4 MS: 8 CopyPart-Custom-CrossOver-Custom-CrossOver-Custom-ChangeByte-Custom-
INFO: #74	NEW    cov: 109 ft: 118 corp: 23/49b lim: 4 exec/s: 0 rss: 980Mb L: 4/4 MS: 6 CopyPart-Custom-PersAutoDict-Custom-CrossOver-Custom- DE: "\002\000"-
Instrumented org.apache.commons.lang.ArrayUtils (took 211 ms, size +20%)
#78	NEW    cov: 122 ft: 131 corp: 24/51b lim: 4 exec/s: 0 rss: 981Mb L: 2/4 MS: 8 CopyPart-Custom-PersAutoDict-Custom-ShuffleBytes-Custom-ChangeBit-Custom- DE: "\002\000"-
#79	NEW    cov: 125 ft: 134 corp: 25/53b lim: 4 exec/s: 0 rss: 981Mb L: 2/4 MS: 2 InsertByte-Custom-
#80	NEW    cov: 127 ft: 136 corp: 26/54b lim: 4 exec/s: 0 rss: 981Mb L: 1/4 MS: 2 ChangeByte-Custom-
#82	NEW    cov: 129 ft: 138 corp: 27/56b lim: 4 exec/s: 0 rss: 981Mb L: 2/4 MS: 4 EraseBytes-Custom-ChangeBit-Custom-
#94	REDUCE cov: 129 ft: 138 corp: 27/55b lim: 4 exec/s: 0 rss: 981Mb L: 2/4 MS: 4 CopyPart-Custom-EraseBytes-Custom-
#102	NEW    cov: 132 ft: 141 corp: 28/56b lim: 4 exec/s: 0 rss: 981Mb L: 1/4 MS: 6 CopyPart-Custom-ChangeBit-Custom-ChangeBinInt-Custom-
#104	REDUCE cov: 132 ft: 141 corp: 28/55b lim: 4 exec/s: 0 rss: 981Mb L: 1/4 MS: 4 ChangeBit-Custom-EraseBytes-Custom-
#105	NEW    cov: 133 ft: 144 corp: 29/57b lim: 4 exec/s: 0 rss: 981Mb L: 2/4 MS: 2 InsertByte-Custom-
#106	NEW    cov: 136 ft: 147 corp: 30/58b lim: 4 exec/s: 0 rss: 981Mb L: 1/4 MS: 2 ChangeBit-Custom-
#107	NEW    cov: 136 ft: 148 corp: 31/62b lim: 4 exec/s: 0 rss: 981Mb L: 4/4 MS: 2 CrossOver-Custom-
#112	NEW    cov: 138 ft: 150 corp: 32/64b lim: 4 exec/s: 0 rss: 981Mb L: 2/4 MS: 10 InsertByte-Custom-EraseBytes-Custom-InsertByte-Custom-EraseBytes-Custom-ShuffleBytes-Custom-
#113	NEW    cov: 140 ft: 152 corp: 33/67b lim: 4 exec/s: 0 rss: 981Mb L: 3/4 MS: 2 EraseBytes-Custom-
#115	NEW    cov: 143 ft: 155 corp: 34/69b lim: 4 exec/s: 0 rss: 981Mb L: 2/4 MS: 4 ShuffleBytes-Custom-ChangeByte-Custom-
#118	NEW    cov: 146 ft: 158 corp: 35/71b lim: 4 exec/s: 0 rss: 981Mb L: 2/4 MS: 6 CopyPart-Custom-EraseBytes-Custom-ChangeBit-Custom-
#122	REDUCE cov: 148 ft: 160 corp: 36/75b lim: 4 exec/s: 0 rss: 981Mb L: 4/4 MS: 8 CrossOver-Custom-ChangeBinInt-Custom-ChangeBit-Custom-CopyPart-Custom-
#124	NEW    cov: 153 ft: 165 corp: 37/79b lim: 4 exec/s: 0 rss: 981Mb L: 4/4 MS: 4 InsertByte-Custom-ChangeBinInt-Custom-
#130	NEW    cov: 159 ft: 171 corp: 38/81b lim: 4 exec/s: 0 rss: 981Mb L: 2/4 MS: 2 ChangeBinInt-Custom-
#131	REDUCE cov: 166 ft: 178 corp: 39/84b lim: 4 exec/s: 0 rss: 981Mb L: 3/4 MS: 2 InsertByte-Custom-
#132	NEW    cov: 167 ft: 179 corp: 40/88b lim: 4 exec/s: 0 rss: 981Mb L: 4/4 MS: 2 PersAutoDict-Custom- DE: "\002\000"-
#138	REDUCE cov: 167 ft: 179 corp: 40/87b lim: 4 exec/s: 0 rss: 981Mb L: 3/4 MS: 2 EraseBytes-Custom-
#142	NEW    cov: 168 ft: 180 corp: 41/91b lim: 4 exec/s: 0 rss: 981Mb L: 4/4 MS: 8 CopyPart-Custom-ChangeBit-Custom-CopyPart-Custom-CrossOver-Custom-
#150	REDUCE cov: 168 ft: 180 corp: 41/90b lim: 4 exec/s: 0 rss: 981Mb L: 1/4 MS: 6 ChangeBit-Custom-ShuffleBytes-Custom-EraseBytes-Custom-
#152	NEW    cov: 172 ft: 184 corp: 42/94b lim: 4 exec/s: 0 rss: 981Mb L: 4/4 MS: 4 ChangeBinInt-Custom-ChangeByte-Custom-
#160	NEW    cov: 173 ft: 185 corp: 43/95b lim: 4 exec/s: 0 rss: 981Mb L: 1/4 MS: 6 CopyPart-Custom-InsertByte-Custom-EraseBytes-Custom-
#164	NEW    cov: 177 ft: 189 corp: 44/99b lim: 4 exec/s: 0 rss: 981Mb L: 4/4 MS: 8 CopyPart-Custom-PersAutoDict-Custom-CrossOver-Custom-CrossOver-Custom- DE: "\002\000"-
#166	REDUCE cov: 180 ft: 192 corp: 45/100b lim: 4 exec/s: 0 rss: 981Mb L: 1/4 MS: 4 ShuffleBytes-Custom-ChangeByte-Custom-
#173	REDUCE cov: 180 ft: 192 corp: 45/99b lim: 4 exec/s: 0 rss: 981Mb L: 1/4 MS: 4 ChangeBit-Custom-EraseBytes-Custom-
#178	NEW    cov: 189 ft: 201 corp: 46/102b lim: 4 exec/s: 0 rss: 981Mb L: 3/4 MS: 10 ChangeBit-Custom-InsertByte-Custom-CrossOver-Custom-CrossOver-Custom-ChangeBit-Custom-
#179	NEW    cov: 190 ft: 202 corp: 47/105b lim: 4 exec/s: 0 rss: 981Mb L: 3/4 MS: 2 InsertByte-Custom-
#183	NEW    cov: 192 ft: 204 corp: 48/109b lim: 4 exec/s: 0 rss: 981Mb L: 4/4 MS: 8 ShuffleBytes-Custom-CrossOver-Custom-CMP-Custom-InsertByte-Custom- DE: "\222\000"-
#189	NEW    cov: 195 ft: 207 corp: 49/111b lim: 4 exec/s: 0 rss: 981Mb L: 2/4 MS: 2 InsertByte-Custom-
#195	NEW    cov: 197 ft: 209 corp: 50/112b lim: 4 exec/s: 0 rss: 981Mb L: 1/4 MS: 2 ChangeByte-Custom-
#196	NEW    cov: 203 ft: 215 corp: 51/115b lim: 4 exec/s: 0 rss: 981Mb L: 3/4 MS: 2 InsertByte-Custom-
#199	NEW    cov: 204 ft: 216 corp: 52/118b lim: 4 exec/s: 0 rss: 981Mb L: 3/4 MS: 6 CopyPart-Custom-CopyPart-Custom-InsertByte-Custom-
#212	NEW    cov: 207 ft: 219 corp: 53/119b lim: 4 exec/s: 0 rss: 981Mb L: 1/4 MS: 6 ChangeBit-Custom-ShuffleBytes-Custom-ChangeByte-Custom-
#214	NEW    cov: 210 ft: 222 corp: 54/123b lim: 4 exec/s: 0 rss: 981Mb L: 4/4 MS: 4 ChangeBit-Custom-ChangeByte-Custom-
#215	NEW    cov: 221 ft: 237 corp: 55/126b lim: 4 exec/s: 0 rss: 981Mb L: 3/4 MS: 2 CopyPart-Custom-
#223	NEW    cov: 221 ft: 239 corp: 56/130b lim: 4 exec/s: 0 rss: 981Mb L: 4/4 MS: 6 InsertByte-Custom-ShuffleBytes-Custom-CMP-Custom- DE: "\000\225"-
#237	NEW    cov: 226 ft: 244 corp: 57/133b lim: 4 exec/s: 0 rss: 981Mb L: 3/4 MS: 8 CopyPart-Custom-InsertByte-Custom-CopyPart-Custom-ChangeBit-Custom-
#239	NEW    cov: 226 ft: 245 corp: 58/137b lim: 4 exec/s: 0 rss: 981Mb L: 4/4 MS: 4 CopyPart-Custom-ChangeBinInt-Custom-
#245	REDUCE cov: 226 ft: 245 corp: 58/136b lim: 4 exec/s: 0 rss: 981Mb L: 3/4 MS: 2 EraseBytes-Custom-
#246	NEW    cov: 228 ft: 247 corp: 59/138b lim: 4 exec/s: 0 rss: 981Mb L: 2/4 MS: 2 ChangeBit-Custom-
#248	NEW    cov: 231 ft: 250 corp: 60/139b lim: 4 exec/s: 0 rss: 981Mb L: 1/4 MS: 4 EraseBytes-Custom-ChangeByte-Custom-
#249	NEW    cov: 232 ft: 251 corp: 61/140b lim: 4 exec/s: 0 rss: 981Mb L: 1/4 MS: 2 ChangeBinInt-Custom-
#256	NEW    cov: 234 ft: 253 corp: 62/143b lim: 4 exec/s: 0 rss: 981Mb L: 3/4 MS: 4 PersAutoDict-Custom-ShuffleBytes-Custom- DE: "\000\225"-
#257	NEW    cov: 236 ft: 255 corp: 63/145b lim: 4 exec/s: 0 rss: 981Mb L: 2/4 MS: 2 ChangeByte-Custom-
#271	REDUCE cov: 256 ft: 275 corp: 64/147b lim: 4 exec/s: 0 rss: 981Mb L: 2/4 MS: 8 ChangeBit-Custom-CopyPart-Custom-ShuffleBytes-Custom-EraseBytes-Custom-
#272	REDUCE cov: 256 ft: 275 corp: 64/146b lim: 4 exec/s: 0 rss: 981Mb L: 1/4 MS: 2 EraseBytes-Custom-
DEDUP_TOKEN: 16bfcb21e6fe4800#274	NEW    cov: 259 ft: 278 corp: 65/148b lim: 4 exec/s: 0 rss: 981Mb L: 2/4 MS: 4 EraseBytes-Custom-CrossOver-Custom-

#284	NEW    cov: 259 ft: 280 corp: 66/152b lim: 4 exec/s: 0 rss: 981Mb L: 4/4 MS: 10 ChangeBit-Custom-EraseBytes-Custom-PersAutoDict-Custom-ChangeByte-Custom-CopyPart-Custom- DE: "\002\000"-
#286	NEW    cov: 259 ft: 282 corp: 67/156b lim: 4 exec/s: 0 rss: 981Mb L: 4/4 MS: 4 ChangeByte-Custom-CopyPart-Custom-
#287	REDUCE cov: 267 ft: 296 corp: 68/159b lim: 4 exec/s: 0 rss: 981Mb L: 3/4 MS: 2 ChangeBit-Custom-
#289	NEW    cov: 273 ft: 306 corp: 69/163b lim: 4 exec/s: 0 rss: 981Mb L: 4/4 MS: 4 PersAutoDict-Custom-ChangeBinInt-Custom- DE: "\002\000"-
#296	REDUCE cov: 276 ft: 309 corp: 70/167b lim: 4 exec/s: 0 rss: 982Mb L: 4/4 MS: 4 CopyPart-Custom-CrossOver-Custom-
#298	REDUCE cov: 281 ft: 314 corp: 71/171b lim: 4 exec/s: 0 rss: 982Mb L: 4/4 MS: 4 CopyPart-Custom-CrossOver-Custom-
#302	NEW    cov: 282 ft: 317 corp: 72/173b lim: 4 exec/s: 0 rss: 982Mb L: 2/4 MS: 8 CopyPart-Custom-ChangeByte-Custom-ShuffleBytes-Custom-InsertByte-Custom-
#305	NEW    cov: 283 ft: 318 corp: 73/175b lim: 4 exec/s: 0 rss: 982Mb L: 2/4 MS: 6 ChangeByte-Custom-ShuffleBytes-Custom-ChangeByte-Custom-
#306	REDUCE cov: 283 ft: 318 corp: 73/174b lim: 4 exec/s: 0 rss: 982Mb L: 3/4 MS: 2 EraseBytes-Custom-
#313	NEW    cov: 290 ft: 325 corp: 74/177b lim: 4 exec/s: 0 rss: 982Mb L: 3/4 MS: 4 InsertByte-Custom-ChangeBinInt-Custom-
#314	NEW    cov: 296 ft: 331 corp: 75/181b lim: 4 exec/s: 0 rss: 982Mb L: 4/4 MS: 2 CrossOver-Custom-
MS: 2 ChangeBit-Custom-; base unit: 5e6f80a34a9798cafc6a5db96cc57ba4c4db59c2
0x4e,
N
artifact_prefix='/tmp/bugrun/lang_41.MGi5gV/'; Test unit written to /tmp/bugrun/lang_41.MGi5gV/crash-b51a60734da64be0e618bacbea2865a8a7dcd669
Base64: Tg==
Done 315 runs in 0 second(s)
[ERROR] Tests run: 2, Failures: 0, Errors: 1, Skipped: 0, Time elapsed: 6.110 s <<< FAILURE! -- in com.example.algorithm2.Algorithm2Test
[ERROR] com.example.algorithm2.Algorithm2Test.testParameterizedFuzzer(FuzzedDataProvider)[2] -- Time elapsed: 0.474 s <<< ERROR!
java.lang.IllegalArgumentException: Minimum abbreviation width is 4
	at org.apache.commons.lang.StringUtils.abbreviate(StringUtils.java:5174)
	at java.base/jdk.internal.reflect.NativeMethodAccessorImpl.invoke0(Native Method)
	at java.base/jdk.internal.reflect.NativeMethodAccessorImpl.invoke(NativeMethodAccessorImpl.java:62)
	at java.base/jdk.internal.reflect.DelegatingMethodAccessorImpl.invoke(DelegatingMethodAccessorImpl.java:43)
	at java.base/java.lang.reflect.Method.invoke(Method.java:566)
	at com.example.algorithm2.Algorithm2Test.testParameterizedFuzzer(Algorithm2Test.java:226)

[INFO] 
[INFO] Results:
[INFO] 
[ERROR] Errors: 
[ERROR]   Algorithm2Test.testParameterizedFuzzer:226 » IllegalArgument Minimum abbreviation width is 4
[INFO] 
[ERROR] Tests run: 2, Failures: 0, Errors: 1, Skipped: 0
[INFO] 
[ERROR] 

Please refer to /tmp/bugrun/lang_41.MGi5gV/target/surefire-reports for the individual test results.
Please refer to dump files (if any exist) [date].dump, [date]-jvmRun[N].dump and [date].dumpstream.
[INFO] 
[INFO] --- jacoco:0.8.11:report (default-cli) @ AlgorithmName2 ---
[INFO] Loading execution data file /tmp/bugrun/lang_41.MGi5gV/target/jacoco.exec
[INFO] Analyzed bundle 'AlgorithmName2' with 117 classes
[INFO] ------------------------------------------------------------------------
[INFO] BUILD SUCCESS
[INFO] ------------------------------------------------------------------------
[INFO] Total time:  18.502 s
[INFO] Finished at: 2026-10-06T03:50:37+07:00
[INFO] ------------------------------------------------------------------------
