[INFO] Scanning for projects...
[INFO] 
[INFO] ---------------------< com.example:AlgorithmName2 >---------------------
[INFO] Building AlgorithmName2 1.0-SNAPSHOT
[INFO]   from pom.xml
[INFO] --------------------------------[ jar ]---------------------------------
[INFO] 
[INFO] --- jacoco:0.8.11:prepare-agent (default) @ AlgorithmName2 ---
[INFO] argLine set to -javaagent:/home/kanyaphak673380391-3/.m2/repository/org/jacoco/org.jacoco.agent/0.8.11/org.jacoco.agent-0.8.11-runtime.jar=destfile=/tmp/bugrun/math_33.EfsCTj/target/jacoco.exec
[INFO] 
[INFO] --- resources:3.4.0:resources (default-resources) @ AlgorithmName2 ---
[INFO] Copying 1 resource from src/main/resources to target/classes
[INFO] 
[INFO] --- compiler:3.15.0:compile (default-compile) @ AlgorithmName2 ---
[INFO] Recompiling the module because of changed source code.
[INFO] Compiling 1 source file with javac [debug target 1.8] to target/classes
[WARNING] bootstrap class path not set in conjunction with -source 8
[INFO] 
[INFO] --- dependency:3.6.0:unpack-dependencies (unpack-defects4j) @ AlgorithmName2 ---
[INFO] 
[INFO] --- resources:3.4.0:testResources (default-testResources) @ AlgorithmName2 ---
[INFO] skip non existing resourceDirectory /tmp/bugrun/math_33.EfsCTj/src/test/resources
[INFO] 
[INFO] --- compiler:3.15.0:testCompile (default-testCompile) @ AlgorithmName2 ---
[INFO] Recompiling the module because of changed dependency.
[INFO] Compiling 1 source file with javac [debug target 1.8] to target/test-classes
[WARNING] bootstrap class path not set in conjunction with -source 8
[INFO] 
[INFO] --- surefire:3.1.2:test (default-cli) @ AlgorithmName2 ---
[INFO] Using auto detected provider org.apache.maven.surefire.junitplatform.JUnitPlatformProvider
[INFO] 
[INFO] -------------------------------------------------------
[INFO]  T E S T S
[INFO] -------------------------------------------------------
[INFO] Running com.example.algorithm2.Algorithm2Test
OpenJDK 64-Bit Server VM warning: Sharing is only supported for boot loader classes because bootstrap classpath has been appended
INFO: Loaded 284 hooks from com.code_intelligence.jazzer.runtime.TraceCmpHooks
INFO: Loaded 5 hooks from com.code_intelligence.jazzer.runtime.TraceDivHooks
INFO: Loaded 2 hooks from com.code_intelligence.jazzer.runtime.TraceIndirHooks
INFO: Loaded 4 hooks from com.code_intelligence.jazzer.runtime.NativeLibHooks
INFO: Loaded 2 hooks from com.code_intelligence.jazzer.sanitizers.ClojureLangHooks
INFO: Loaded 5 hooks from com.code_intelligence.jazzer.sanitizers.Deserialization
INFO: Loaded 5 hooks from com.code_intelligence.jazzer.sanitizers.ExpressionLanguageInjection
INFO: Loaded 70 hooks from com.code_intelligence.jazzer.sanitizers.LdapInjection
INFO: Loaded 46 hooks from com.code_intelligence.jazzer.sanitizers.NamingContextLookup
INFO: Loaded 1 hooks from com.code_intelligence.jazzer.sanitizers.OsCommandInjection
INFO: Loaded 52 hooks from com.code_intelligence.jazzer.sanitizers.ReflectiveCall
INFO: Loaded 8 hooks from com.code_intelligence.jazzer.sanitizers.RegexInjection
INFO: Loaded 16 hooks from com.code_intelligence.jazzer.sanitizers.RegexRoadblocks
INFO: Loaded 18 hooks from com.code_intelligence.jazzer.sanitizers.ScriptEngineInjection
INFO: Loaded 2 hooks from com.code_intelligence.jazzer.sanitizers.ServerSideRequestForgery
INFO: Loaded 19 hooks from com.code_intelligence.jazzer.sanitizers.SqlInjection
INFO: Loaded 6 hooks from com.code_intelligence.jazzer.sanitizers.XPathInjection
INFO: Instrumented com.example.algorithm2.Algorithm2Test$Skip (took 323 ms, size +44%)
INFO: Instrumented com.example.algorithm2.Algorithm2Test (took 205 ms, size +27%)
INFO: New number of coverage counters: 1024
INFO: Instrumented org.apache.commons.math3.util.Precision (took 139 ms, size +27%)
INFO: Instrumented org.apache.commons.math3.exception.MathArithmeticException (took 15 ms, size +24%)
INFO: Instrumented org.apache.commons.math3.exception.util.ExceptionContextProvider (took 5 ms, size +0%)
INFO: Instrumented org.apache.commons.math3.exception.util.Localizable (took 8 ms, size +0%)
INFO: Instrumented org.apache.commons.math3.exception.MathIllegalArgumentException (took 11 ms, size +27%)
[harness] target=org.apache.commons.math3.util.Precision factories=1 methods=19
INFO: New number of coverage counters: 2048
INFO: Instrumented org.apache.commons.math3.util.FastMath (took 149 ms, size +16%)
INFO: found LLVMFuzzerCustomMutator (0x7d51e3171cd0). Disabling -len_control by default.
INFO: Running with entropic power schedule (0xFF, 100).
INFO: Seed: 3019055023
INFO: Loaded 3 modules   (2048 inline 8-bit counters): 512 [0x7d52f4b676c0, 0x7d52f4b678c0), 512 [0x7d52f4b678c0, 0x7d52f4b67ac0), 1024 [0x7d52f4b67ac0, 0x7d52f4b67ec0), 
INFO: Loaded 3 PC tables (2048 PCs): 512 [0x7d52f4b48240,0x7d52f4b4a240), 512 [0x7d52f4a51750,0x7d52f4a53750), 1024 [0x7d52f4657c80,0x7d52f465bc80), 
INFO:        0 files found in /tmp/bugrun/math_33.EfsCTj/.cifuzz-corpus/com.example.algorithm2.Algorithm2Test/testParameterizedFuzzer
INFO:        0 files found in /tmp/jazzer-java-seeds3004816277011304497
INFO: -max_len is not provided; libFuzzer will not generate inputs larger than 4096 bytes
INFO: A corpus is not provided, starting from an empty corpus
#2	INITED cov: 61 ft: 61 corp: 1/1b exec/s: 0 rss: 899Mb
#3	NEW    cov: 76 ft: 78 corp: 2/2b lim: 4 exec/s: 0 rss: 899Mb L: 1/1 MS: 2 ChangeByte-Custom-
#4	NEW    cov: 82 ft: 84 corp: 3/4b lim: 4 exec/s: 0 rss: 899Mb L: 2/2 MS: 2 CrossOver-Custom-
INFO: using inputs from: /tmp/bugrun/math_33.EfsCTj/.cifuzz-corpus/com.example.algorithm2.Algorithm2Test/testParameterizedFuzzer
INFO: using inputs from: /tmp/jazzer-java-seeds3004816277011304497
#7	NEW    cov: 84 ft: 92 corp: 4/5b lim: 4 exec/s: 0 rss: 899Mb L: 1/2 MS: 6 EraseBytes-Custom-ShuffleBytes-Custom-ChangeBit-Custom-
#9	NEW    cov: 84 ft: 94 corp: 5/6b lim: 4 exec/s: 0 rss: 899Mb L: 1/2 MS: 4 ChangeBinInt-Custom-ChangeBit-Custom-
#10	NEW    cov: 89 ft: 111 corp: 6/7b lim: 4 exec/s: 0 rss: 899Mb L: 1/2 MS: 2 ChangeByte-Custom-
#11	NEW    cov: 100 ft: 122 corp: 7/9b lim: 4 exec/s: 0 rss: 899Mb L: 2/2 MS: 2 InsertByte-Custom-
#14	NEW    cov: 109 ft: 131 corp: 8/11b lim: 4 exec/s: 0 rss: 899Mb L: 2/2 MS: 6 CopyPart-Custom-CrossOver-Custom-EraseBytes-Custom-
#15	NEW    cov: 116 ft: 140 corp: 9/12b lim: 4 exec/s: 0 rss: 899Mb L: 1/2 MS: 2 ChangeBit-Custom-
#16	NEW    cov: 118 ft: 142 corp: 10/14b lim: 4 exec/s: 0 rss: 899Mb L: 2/2 MS: 2 CrossOver-Custom-
#20	NEW    cov: 123 ft: 147 corp: 11/15b lim: 4 exec/s: 0 rss: 899Mb L: 1/2 MS: 8 ChangeBinInt-Custom-CrossOver-Custom-ChangeByte-Custom-CrossOver-Custom-
#21	NEW    cov: 128 ft: 152 corp: 12/16b lim: 4 exec/s: 0 rss: 899Mb L: 1/2 MS: 2 ChangeBit-Custom-
#27	NEW    cov: 129 ft: 153 corp: 13/18b lim: 4 exec/s: 0 rss: 899Mb L: 2/2 MS: 2 CrossOver-Custom-
#30	NEW    cov: 132 ft: 156 corp: 14/20b lim: 4 exec/s: 0 rss: 899Mb L: 2/2 MS: 6 ChangeBinInt-Custom-InsertByte-Custom-EraseBytes-Custom-
#31	NEW    cov: 133 ft: 157 corp: 15/21b lim: 4 exec/s: 0 rss: 899Mb L: 1/2 MS: 2 ChangeByte-Custom-
#36	NEW    cov: 135 ft: 159 corp: 16/25b lim: 4 exec/s: 0 rss: 899Mb L: 4/4 MS: 10 CrossOver-Custom-ChangeBit-Custom-InsertByte-Custom-CrossOver-Custom-ChangeBinInt-Custom-
#37	REDUCE cov: 135 ft: 159 corp: 16/24b lim: 4 exec/s: 0 rss: 899Mb L: 3/3 MS: 2 EraseBytes-Custom-
#49	NEW    cov: 139 ft: 165 corp: 17/25b lim: 4 exec/s: 0 rss: 899Mb L: 1/3 MS: 4 ShuffleBytes-Custom-ChangeBit-Custom-
#52	NEW    cov: 140 ft: 166 corp: 18/27b lim: 4 exec/s: 0 rss: 899Mb L: 2/3 MS: 6 ChangeByte-Custom-ShuffleBytes-Custom-ChangeBinInt-Custom-
#62	NEW    cov: 143 ft: 169 corp: 19/29b lim: 4 exec/s: 0 rss: 899Mb L: 2/3 MS: 10 CopyPart-Custom-CrossOver-Custom-CrossOver-Custom-EraseBytes-Custom-ChangeBit-Custom-
#66	NEW    cov: 147 ft: 173 corp: 20/30b lim: 4 exec/s: 0 rss: 899Mb L: 1/3 MS: 8 ChangeBit-Custom-CopyPart-Custom-CopyPart-Custom-ChangeBit-Custom-
#70	NEW    cov: 151 ft: 177 corp: 21/34b lim: 4 exec/s: 0 rss: 899Mb L: 4/4 MS: 8 ShuffleBytes-Custom-ChangeBit-Custom-InsertByte-Custom-CrossOver-Custom-
#76	NEW    cov: 153 ft: 179 corp: 22/35b lim: 4 exec/s: 0 rss: 899Mb L: 1/4 MS: 2 ChangeByte-Custom-
#144	NEW    cov: 154 ft: 180 corp: 23/39b lim: 4 exec/s: 0 rss: 899Mb L: 4/4 MS: 6 CrossOver-Custom-InsertByte-Custom-CopyPart-Custom-
#156	NEW    cov: 156 ft: 182 corp: 24/40b lim: 4 exec/s: 0 rss: 899Mb L: 1/4 MS: 4 ChangeByte-Custom-ChangeByte-Custom-
#192	NEW    cov: 157 ft: 183 corp: 25/44b lim: 4 exec/s: 0 rss: 899Mb L: 4/4 MS: 2 ChangeBinInt-Custom-
#212	NEW    cov: 157 ft: 185 corp: 26/45b lim: 4 exec/s: 0 rss: 899Mb L: 1/4 MS: 10 ChangeBit-Custom-ChangeBit-Custom-ShuffleBytes-Custom-CrossOver-Custom-ChangeByte-Custom-
#253	NEW    cov: 158 ft: 188 corp: 27/47b lim: 4 exec/s: 0 rss: 899Mb L: 2/4 MS: 2 InsertByte-Custom-
#256	NEW    cov: 159 ft: 189 corp: 28/49b lim: 4 exec/s: 0 rss: 899Mb L: 2/4 MS: 6 ChangeBinInt-Custom-EraseBytes-Custom-InsertByte-Custom-
#413	NEW    cov: 160 ft: 190 corp: 29/52b lim: 4 exec/s: 0 rss: 899Mb L: 3/4 MS: 4 InsertByte-Custom-ChangeBit-Custom-
#497	NEW    cov: 162 ft: 192 corp: 30/56b lim: 4 exec/s: 0 rss: 900Mb L: 4/4 MS: 8 ChangeByte-Custom-CopyPart-Custom-InsertByte-Custom-CrossOver-Custom-
#641	NEW    cov: 163 ft: 193 corp: 31/59b lim: 4 exec/s: 0 rss: 900Mb L: 3/4 MS: 8 CrossOver-Custom-CopyPart-Custom-CrossOver-Custom-CMP-Custom- DE: "\377\002"-
#723	NEW    cov: 166 ft: 196 corp: 32/61b lim: 4 exec/s: 0 rss: 900Mb L: 2/4 MS: 4 CopyPart-Custom-ChangeBinInt-Custom-
#752	REDUCE cov: 166 ft: 196 corp: 32/60b lim: 4 exec/s: 0 rss: 900Mb L: 3/4 MS: 8 ChangeByte-Custom-ChangeBinInt-Custom-ChangeByte-Custom-EraseBytes-Custom-
#776	NEW    cov: 168 ft: 198 corp: 33/63b lim: 4 exec/s: 0 rss: 900Mb L: 3/4 MS: 8 ChangeBinInt-Custom-CopyPart-Custom-ChangeBit-Custom-PersAutoDict-Custom- DE: "\377\002"-
#907	NEW    cov: 169 ft: 199 corp: 34/66b lim: 4 exec/s: 0 rss: 900Mb L: 3/4 MS: 2 ChangeByte-Custom-
#1047	NEW    cov: 170 ft: 200 corp: 35/68b lim: 4 exec/s: 0 rss: 900Mb L: 2/4 MS: 10 CrossOver-Custom-EraseBytes-Custom-CopyPart-Custom-ChangeByte-Custom-CrossOver-Custom-
#1511	NEW    cov: 171 ft: 201 corp: 36/76b lim: 8 exec/s: 0 rss: 900Mb L: 8/8 MS: 8 ShuffleBytes-Custom-InsertRepeatedBytes-Custom-CrossOver-Custom-CopyPart-Custom-
INFO: Instrumented org.apache.commons.math3.util.FastMath$lnMant (took 6 ms, size +42%)
#1538	NEW    cov: 228 ft: 258 corp: 37/84b lim: 8 exec/s: 0 rss: 900Mb L: 8/8 MS: 4 CrossOver-Custom-InsertRepeatedBytes-Custom-
#1559	REDUCE cov: 228 ft: 258 corp: 37/83b lim: 8 exec/s: 0 rss: 900Mb L: 2/8 MS: 2 EraseBytes-Custom-
#1571	NEW    cov: 229 ft: 259 corp: 38/86b lim: 8 exec/s: 0 rss: 900Mb L: 3/8 MS: 4 CopyPart-Custom-InsertByte-Custom-
#1699	REDUCE cov: 229 ft: 259 corp: 38/85b lim: 8 exec/s: 0 rss: 900Mb L: 3/8 MS: 6 ChangeBinInt-Custom-ShuffleBytes-Custom-EraseBytes-Custom-
#1875	NEW    cov: 229 ft: 262 corp: 39/93b lim: 8 exec/s: 0 rss: 900Mb L: 8/8 MS: 2 ChangeByte-Custom-
#1926	REDUCE cov: 229 ft: 262 corp: 39/92b lim: 8 exec/s: 0 rss: 900Mb L: 2/8 MS: 2 EraseBytes-Custom-
INFO: #1929	NEW    cov: 232 ft: 265 corp: 40/100b lim: 8 exec/s: 0 rss: 900Mb L: 8/8 MS: 6 InsertRepeatedBytes-Custom-CrossOver-Custom-CopyPart-Custom-
#2193	NEW    cov: 233 ft: 266 corp: 41/104b lim: 8 exec/s: 0 rss: 900Mb L: 4/8 MS: 8 ChangeBit-Custom-CopyPart-Custom-ChangeByte-Custom-ChangeBit-Custom-
Instrumented org.apache.commons.math3.util.FastMathLiteralArrays (took 57 ms, size +0%)
INFO: Instrumented org.apache.commons.math3.util.FastMath$ExpIntTable (took 5 ms, size +38%)
INFO: Instrumented org.apache.commons.math3.util.FastMath$ExpFracTable (took 16 ms, size +38%)
#2546	NEW    cov: 237 ft: 271 corp: 42/115b lim: 11 exec/s: 0 rss: 900Mb L: 11/11 MS: 6 InsertRepeatedBytes-Custom-CopyPart-Custom-CrossOver-Custom-
#2592	REDUCE cov: 237 ft: 271 corp: 42/114b lim: 11 exec/s: 0 rss: 900Mb L: 2/11 MS: 2 EraseBytes-Custom-
#2818	REDUCE cov: 237 ft: 271 corp: 42/113b lim: 11 exec/s: 0 rss: 900Mb L: 3/11 MS: 2 EraseBytes-Custom-
#2824	REDUCE cov: 237 ft: 271 corp: 42/112b lim: 11 exec/s: 0 rss: 900Mb L: 2/11 MS: 2 EraseBytes-Custom-
#2859	NEW    cov: 241 ft: 275 corp: 43/122b lim: 11 exec/s: 0 rss: 900Mb L: 10/11 MS: 10 ShuffleBytes-Custom-CrossOver-Custom-CrossOver-Custom-ChangeBit-Custom-PersAutoDict-Custom- DE: "\377\002"-
#2882	NEW    cov: 241 ft: 293 corp: 44/132b lim: 11 exec/s: 0 rss: 900Mb L: 10/11 MS: 6 CrossOver-Custom-CopyPart-Custom-ChangeBinInt-Custom-
#2978	NEW    cov: 243 ft: 295 corp: 45/142b lim: 11 exec/s: 0 rss: 900Mb L: 10/11 MS: 2 InsertRepeatedBytes-Custom-
#2983	NEW    cov: 243 ft: 301 corp: 46/153b lim: 11 exec/s: 0 rss: 900Mb L: 11/11 MS: 10 ChangeBit-Custom-CopyPart-Custom-EraseBytes-Custom-CopyPart-Custom-CopyPart-Custom-
WARN: Some hooks could not be applied to class files built for Java 7 or lower.
                       Ensure that the fuzz target and its dependencies are compiled with
                       -target 8 or higher to identify as many bugs as possible.
MS: 10 ChangeBit-Custom-ChangeBit-Custom-PersAutoDict-Custom-ChangeByte-Custom-CopyPart-Custom- DE: "\377\002"-; base unit: b211c71c0da157bd94ffdbbe1c70074911c8e467
0xff,0x2,0xa1,0x9c,0xfb,0xa1,0x9c,0xfb,0x2,0x0,0x7b,
\377\002\241\234\373\241\234\373\002\000{
artifact_prefix='/tmp/bugrun/math_33.EfsCTj/'; Test unit written to /tmp/bugrun/math_33.EfsCTj/crash-7bf3effe312eade3d837fec912391effd7fae28e
Base64: /wKhnPuhnPsCAHs=
Done 3088 runs in 0 second(s)
INFO: Instrumented org.apache.commons.math3.exception.util.LocalizedFormats (took 41 ms, size +6%)
INFO: Instrumented org.apache.commons.math3.exception.util.ExceptionContext (took 23 ms, size +24%)
INFO: Instrumented org.apache.commons.math3.exception.util.ArgUtils (took 3 ms, size +46%)
DEDUP_TOKEN: 8bcbac9f9d16ec14
[ERROR] Tests run: 2, Failures: 0, Errors: 1, Skipped: 0, Time elapsed: 10.44 s <<< FAILURE! -- in com.example.algorithm2.Algorithm2Test
[ERROR] com.example.algorithm2.Algorithm2Test.testParameterizedFuzzer(FuzzedDataProvider)[2] -- Time elapsed: 0.745 s <<< ERROR!
org.apache.commons.math3.exception.MathIllegalArgumentException: invalid rounding method -1,024, valid methods: ROUND_CEILING (2), ROUND_DOWN (1), ROUND_FLOOR (3), ROUND_HALF_DOWN (5), ROUND_HALF_EVEN (6), ROUND_HALF_UP (4), ROUND_UNNECESSARY (7), ROUND_UP (0)
	at org.apache.commons.math3.util.Precision.roundUnscaled(Precision.java:496)
	at org.apache.commons.math3.util.Precision.round(Precision.java:405)
	at jdk.internal.reflect.GeneratedMethodAccessor66.invoke(Unknown Source)
	at java.base/jdk.internal.reflect.DelegatingMethodAccessorImpl.invoke(DelegatingMethodAccessorImpl.java:43)
	at java.base/java.lang.reflect.Method.invoke(Method.java:566)
	at com.example.algorithm2.Algorithm2Test.testParameterizedFuzzer(Algorithm2Test.java:226)

[INFO] 
[INFO] Results:
[INFO] 
[ERROR] Errors: 
[ERROR]   Algorithm2Test.testParameterizedFuzzer:226 » MathIllegalArgument invalid rounding method -1,024, valid methods: ROUND_CEILING (2), ROUND_DOWN (1), ROUND_FLOOR (3), ROUND_HALF_DOWN (5), ROUND_HALF_EVEN (6), ROUND_HALF_UP (4), ROUND_UNNECESSARY (7), ROUND_UP (0)
[INFO] 
[ERROR] Tests run: 2, Failures: 0, Errors: 1, Skipped: 0
[INFO] 
[ERROR] 

Please refer to /tmp/bugrun/math_33.EfsCTj/target/surefire-reports for the individual test results.
Please refer to dump files (if any exist) [date].dump, [date]-jvmRun[N].dump and [date].dumpstream.
[INFO] 
[INFO] --- jacoco:0.8.11:report (default-cli) @ AlgorithmName2 ---
[INFO] Loading execution data file /tmp/bugrun/math_33.EfsCTj/target/jacoco.exec
[INFO] Analyzed bundle 'AlgorithmName2' with 645 classes
[INFO] ------------------------------------------------------------------------
[INFO] BUILD SUCCESS
[INFO] ------------------------------------------------------------------------
[INFO] Total time:  26.782 s
[INFO] Finished at: 2026-10-06T02:15:22+07:00
[INFO] ------------------------------------------------------------------------
