[INFO] Scanning for projects...
[INFO] 
[INFO] ---------------------< com.example:AlgorithmName2 >---------------------
[INFO] Building AlgorithmName2 1.0-SNAPSHOT
[INFO]   from pom.xml
[INFO] --------------------------------[ jar ]---------------------------------
[INFO] 
[INFO] --- jacoco:0.8.11:prepare-agent (default) @ AlgorithmName2 ---
[INFO] argLine set to -javaagent:/home/kanyaphak673380391-3/.m2/repository/org/jacoco/org.jacoco.agent/0.8.11/org.jacoco.agent-0.8.11-runtime.jar=destfile=/tmp/bugrun/lang_24.64hnhZ/target/jacoco.exec
[INFO] 
[INFO] --- resources:3.4.0:resources (default-resources) @ AlgorithmName2 ---
[INFO] Copying 1 resource from src/main/resources to target/classes
[INFO] 
[INFO] --- compiler:3.15.0:compile (default-compile) @ AlgorithmName2 ---
[INFO] Recompiling the module because of changed source code.
[INFO] Compiling 1 source file with javac [debug target 1.8] to target/classes
[WARNING] bootstrap class path not set in conjunction with -source 8
[INFO] 
[INFO] --- dependency:3.6.0:unpack-dependencies (unpack-defects4j) @ AlgorithmName2 ---
[INFO] 
[INFO] --- resources:3.4.0:testResources (default-testResources) @ AlgorithmName2 ---
[INFO] skip non existing resourceDirectory /tmp/bugrun/lang_24.64hnhZ/src/test/resources
[INFO] 
[INFO] --- compiler:3.15.0:testCompile (default-testCompile) @ AlgorithmName2 ---
[INFO] Recompiling the module because of changed dependency.
[INFO] Compiling 1 source file with javac [debug target 1.8] to target/test-classes
[WARNING] bootstrap class path not set in conjunction with -source 8
[INFO] 
[INFO] --- surefire:3.1.2:test (default-cli) @ AlgorithmName2 ---
[INFO] Using auto detected provider org.apache.maven.surefire.junitplatform.JUnitPlatformProvider
[INFO] 
[INFO] -------------------------------------------------------
[INFO]  T E S T S
[INFO] -------------------------------------------------------
[INFO] Running com.example.algorithm2.Algorithm2Test
OpenJDK 64-Bit Server VM warning: Sharing is only supported for boot loader classes because bootstrap classpath has been appended
INFO: Loaded 289 hooks from com.code_intelligence.jazzer.runtime.TraceCmpHooks
INFO: Loaded 5 hooks from com.code_intelligence.jazzer.runtime.TraceDivHooks
INFO: Loaded 2 hooks from com.code_intelligence.jazzer.runtime.TraceIndirHooks
INFO: Loaded 4 hooks from com.code_intelligence.jazzer.runtime.NativeLibHooks
INFO: Loaded 2 hooks from com.code_intelligence.jazzer.sanitizers.ClojureLangHooks
INFO: Loaded 5 hooks from com.code_intelligence.jazzer.sanitizers.Deserialization
INFO: Loaded 5 hooks from com.code_intelligence.jazzer.sanitizers.ExpressionLanguageInjection
INFO: Loaded 70 hooks from com.code_intelligence.jazzer.sanitizers.LdapInjection
INFO: Loaded 46 hooks from com.code_intelligence.jazzer.sanitizers.NamingContextLookup
INFO: Loaded 1 hooks from com.code_intelligence.jazzer.sanitizers.OsCommandInjection
INFO: Loaded 52 hooks from com.code_intelligence.jazzer.sanitizers.ReflectiveCall
INFO: Loaded 8 hooks from com.code_intelligence.jazzer.sanitizers.RegexInjection
INFO: Loaded 16 hooks from com.code_intelligence.jazzer.sanitizers.RegexRoadblocks
INFO: Loaded 18 hooks from com.code_intelligence.jazzer.sanitizers.ScriptEngineInjection
INFO: Loaded 2 hooks from com.code_intelligence.jazzer.sanitizers.ServerSideRequestForgery
INFO: Loaded 19 hooks from com.code_intelligence.jazzer.sanitizers.SqlInjection
INFO: Loaded 6 hooks from com.code_intelligence.jazzer.sanitizers.XPathInjection
INFO: Instrumented com.example.algorithm2.Algorithm2Test$Skip (took 328 ms, size +44%)
INFO: Instrumented com.example.algorithm2.Algorithm2Test (took 300 ms, size +27%)
INFO: New number of coverage counters: 1024
INFO: New number of coverage counters: 2048
WARN: Some hooks could not be applied to class files built for Java 7 or lower.
                       Ensure that the fuzz target and its dependencies are compiled with
                       -target 8 or higher to identify as many bugs as possible.
INFO: Instrumented org.apache.commons.lang3.StringUtils (took 632 ms, size +31%)
[harness] target=org.apache.commons.lang3.StringUtils factories=1 methods=154
INFO: INFO: found LLVMFuzzerCustomMutator (0x70e93d56fcd0). Disabling -len_control by default.
INFO: Running with entropic power schedule (0xFF, 100).
INFO: Seed: 55008913
INFO: Loaded 3 modules   (2048 inline 8-bit counters): 512 [0x70e9e4c08100, 0x70e9e4c08300), 512 [0x70e9e4c08300, 0x70e9e4c08500), 1024 [0x70e9e4c08500, 0x70e9e4c08900), 
using inputs from: /tmp/bugrun/lang_24.64hnhZ/.cifuzz-corpus/com.example.algorithm2.Algorithm2Test/testParameterizedFuzzer
INFO: using inputs from: /tmp/jazzer-java-seeds17863337030443253635
INFO: Loaded 3 PC tables (2048 PCs): 512 [0x70e9e45771d0,0x70e9e45791d0), 512 [0x70e9e45bcd40,0x70e9e45bed40), 1024 [0x70e9e42c0840,0x70e9e42c4840), 
INFO:        0 files found in /tmp/bugrun/lang_24.64hnhZ/.cifuzz-corpus/com.example.algorithm2.Algorithm2Test/testParameterizedFuzzer
INFO:        0 files found in /tmp/jazzer-java-seeds17863337030443253635
INFO: -max_len is not provided; libFuzzer will not generate inputs larger than 4096 bytes
INFO: A corpus is not provided, starting from an empty corpus
#2	INITED cov: 35 ft: 35 corp: 1/1b exec/s: 0 rss: 910Mb
#7	NEW    cov: 37 ft: 37 corp: 2/4b lim: 4 exec/s: 0 rss: 910Mb L: 3/3 MS: 10 InsertByte-Custom-ChangeBit-Custom-ChangeBit-Custom-ChangeBit-Custom-InsertByte-Custom-
#9	NEW    cov: 42 ft: 43 corp: 3/8b lim: 4 exec/s: 0 rss: 910Mb L: 4/4 MS: 4 ChangeByte-Custom-CrossOver-Custom-
#11	NEW    cov: 56 ft: 58 corp: 4/12b lim: 4 exec/s: 0 rss: 910Mb L: 4/4 MS: 4 CrossOver-Custom-ChangeByte-Custom-
#16	NEW    cov: 59 ft: 61 corp: 5/14b lim: 4 exec/s: 0 rss: 910Mb L: 2/4 MS: 10 ShuffleBytes-Custom-InsertByte-Custom-ChangeBit-Custom-ChangeBit-Custom-ChangeByte-Custom-
INFO: New number of coverage counters: 4096
#18	NEW    cov: 63 ft: 65 corp: 6/16b lim: 4 exec/s: 0 rss: 1009Mb L: 2/4 MS: 4 CrossOver-Custom-EraseBytes-Custom-
#21	NEW    cov: 63 ft: 66 corp: 7/19b lim: 4 exec/s: 0 rss: 1009Mb L: 3/4 MS: 6 ShuffleBytes-Custom-ShuffleBytes-Custom-ShuffleBytes-Custom-
#24	NEW    cov: 64 ft: 69 corp: 8/23b lim: 4 exec/s: 0 rss: 1009Mb L: 4/4 MS: 6 InsertByte-Custom-ChangeBit-Custom-InsertByte-Custom-
#25	NEW    cov: 72 ft: 77 corp: 9/26b lim: 4 exec/s: 0 rss: 1009Mb L: 3/4 MS: 2 ChangeBit-Custom-
#26	NEW    cov: 76 ft: 81 corp: 10/28b lim: 4 exec/s: 0 rss: 1009Mb L: 2/4 MS: 2 CrossOver-Custom-
#35	NEW    cov: 83 ft: 93 corp: 11/29b lim: 4 exec/s: 0 rss: 1010Mb L: 1/4 MS: 8 CopyPart-Custom-EraseBytes-Custom-ChangeByte-Custom-CrossOver-Custom-
#39	NEW    cov: 85 ft: 95 corp: 12/31b lim: 4 exec/s: 0 rss: 1010Mb L: 2/4 MS: 8 ShuffleBytes-Custom-ChangeByte-Custom-EraseBytes-Custom-ChangeBit-Custom-
#40	NEW    cov: 88 ft: 98 corp: 13/32b lim: 4 exec/s: 0 rss: 1010Mb L: 1/4 MS: 2 ChangeBit-Custom-
#41	NEW    cov: 88 ft: 99 corp: 14/35b lim: 4 exec/s: 0 rss: 1010Mb L: 3/4 MS: 2 ShuffleBytes-Custom-
#42	NEW    cov: 91 ft: 102 corp: 15/38b lim: 4 exec/s: 0 rss: 1010Mb L: 3/4 MS: 2 ChangeBit-Custom-
#46	NEW    cov: 105 ft: 123 corp: 16/42b lim: 4 exec/s: 0 rss: 1010Mb L: 4/4 MS: 8 ShuffleBytes-Custom-ChangeByte-Custom-ChangeBit-Custom-ShuffleBytes-Custom-
#47	NEW    cov: 106 ft: 126 corp: 17/44b lim: 4 exec/s: 0 rss: 1010Mb L: 2/4 MS: 2 CrossOver-Custom-
#48	NEW    cov: 108 ft: 128 corp: 18/47b lim: 4 exec/s: 0 rss: 1010Mb L: 3/4 MS: 2 ChangeByte-Custom-
#52	NEW    cov: 119 ft: 139 corp: 19/50b lim: 4 exec/s: 0 rss: 1010Mb L: 3/4 MS: 8 EraseBytes-Custom-ShuffleBytes-Custom-InsertByte-Custom-InsertByte-Custom-
#63	NEW    cov: 122 ft: 143 corp: 20/54b lim: 4 exec/s: 0 rss: 1010Mb L: 4/4 MS: 2 ChangeBinInt-Custom-
#64	NEW    cov: 124 ft: 145 corp: 21/55b lim: 4 exec/s: 0 rss: 1010Mb L: 1/4 MS: 2 ChangeBit-Custom-
#70	NEW    cov: 127 ft: 148 corp: 22/57b lim: 4 exec/s: 0 rss: 1010Mb L: 2/4 MS: 2 ChangeBit-Custom-
#73	NEW    cov: 130 ft: 151 corp: 23/59b lim: 4 exec/s: 0 rss: 1010Mb L: 2/4 MS: 6 ChangeByte-Custom-CopyPart-Custom-EraseBytes-Custom-
#75	NEW    cov: 130 ft: 153 corp: 24/61b lim: 4 exec/s: 0 rss: 1010Mb L: 2/4 MS: 4 InsertByte-Custom-ShuffleBytes-Custom-
#78	NEW    cov: 134 ft: 157 corp: 25/65b lim: 4 exec/s: 0 rss: 1010Mb L: 4/4 MS: 6 CopyPart-Custom-ShuffleBytes-Custom-ChangeByte-Custom-
#82	NEW    cov: 137 ft: 160 corp: 26/66b lim: 4 exec/s: 0 rss: 1010Mb L: 1/4 MS: 8 CrossOver-Custom-CrossOver-Custom-ChangeBit-Custom-CrossOver-Custom-
#84	REDUCE cov: 137 ft: 160 corp: 26/65b lim: 4 exec/s: 0 rss: 1010Mb L: 2/4 MS: 4 CrossOver-Custom-EraseBytes-Custom-
#101	NEW    cov: 138 ft: 161 corp: 27/66b lim: 4 exec/s: 0 rss: 1010Mb L: 1/4 MS: 4 ShuffleBytes-Custom-ChangeByte-Custom-
#102	NEW    cov: 141 ft: 164 corp: 28/68b lim: 4 exec/s: 0 rss: 1010Mb L: 2/4 MS: 2 CopyPart-Custom-
#108	NEW    cov: 143 ft: 166 corp: 29/69b lim: 4 exec/s: 0 rss: 1010Mb L: 1/4 MS: 2 ChangeBit-Custom-
#114	NEW    cov: 145 ft: 168 corp: 30/70b lim: 4 exec/s: 0 rss: 1010Mb L: 1/4 MS: 2 EraseBytes-Custom-
#115	NEW    cov: 148 ft: 171 corp: 31/74b lim: 4 exec/s: 0 rss: 1010Mb L: 4/4 MS: 2 ChangeBinInt-Custom-
#118	NEW    cov: 149 ft: 172 corp: 32/75b lim: 4 exec/s: 0 rss: 1010Mb L: 1/4 MS: 6 CopyPart-Custom-EraseBytes-Custom-CrossOver-Custom-
#119	NEW    cov: 150 ft: 173 corp: 33/78b lim: 4 exec/s: 0 rss: 1010Mb L: 3/4 MS: 2 InsertByte-Custom-
#138	NEW    cov: 152 ft: 175 corp: 34/80b lim: 4 exec/s: 0 rss: 1010Mb L: 2/4 MS: 8 CrossOver-Custom-EraseBytes-Custom-ChangeBit-Custom-ChangeByte-Custom-
#145	NEW    cov: 162 ft: 185 corp: 35/83b lim: 4 exec/s: 0 rss: 1010Mb L: 3/4 MS: 4 CrossOver-Custom-CrossOver-Custom-
#149	NEW    cov: 166 ft: 189 corp: 36/87b lim: 4 exec/s: 0 rss: 1010Mb L: 4/4 MS: 8 ChangeByte-Custom-ShuffleBytes-Custom-ChangeBinInt-Custom-InsertByte-Custom-
#151	NEW    cov: 178 ft: 202 corp: 37/89b lim: 4 exec/s: 0 rss: 1010Mb L: 2/4 MS: 4 CrossOver-Custom-ChangeBit-Custom-
INFO: #155	NEW    cov: 180 ft: 204 corp: 38/90b lim: 4 exec/s: 0 rss: 1010Mb L: 1/4 MS: 8 CrossOver-Custom-ChangeBit-Custom-ShuffleBytes-Custom-ChangeBit-Custom-
Instrumented org.apache.commons.lang3.ArrayUtils (took 384 ms, size +21%)
#157	NEW    cov: 180 ft: 210 corp: 39/94b lim: 4 exec/s: 0 rss: 1010Mb L: 4/4 MS: 4 ChangeByte-Custom-InsertByte-Custom-
INFO: #170	NEW    cov: 193 ft: 223 corp: 40/96b lim: 4 exec/s: 0 rss: 1010Mb L: 2/4 MS: 6 InsertByte-Custom-EraseBytes-Custom-ChangeBit-Custom-
Instrumented org.apache.commons.lang3.CharSequenceUtils (took 4 ms, size +43%)
#172	NEW    cov: 197 ft: 227 corp: 41/100b lim: 4 exec/s: 0 rss: 1011Mb L: 4/4 MS: 4 CopyPart-Custom-CopyPart-Custom-
#175	NEW    cov: 199 ft: 229 corp: 42/101b lim: 4 exec/s: 0 rss: 1011Mb L: 1/4 MS: 6 EraseBytes-Custom-CopyPart-Custom-ChangeByte-Custom-
#179	NEW    cov: 203 ft: 233 corp: 43/105b lim: 4 exec/s: 0 rss: 1011Mb L: 4/4 MS: 8 CopyPart-Custom-ChangeBinInt-Custom-ChangeByte-Custom-CopyPart-Custom-
#182	NEW    cov: 204 ft: 234 corp: 44/107b lim: 4 exec/s: 0 rss: 1011Mb L: 2/4 MS: 6 ChangeByte-Custom-CopyPart-Custom-CopyPart-Custom-
#183	NEW    cov: 205 ft: 235 corp: 45/110b lim: 4 exec/s: 0 rss: 1011Mb L: 3/4 MS: 2 InsertByte-Custom-
#191	NEW    cov: 214 ft: 244 corp: 46/113b lim: 4 exec/s: 0 rss: 1012Mb L: 3/4 MS: 6 ChangeByte-Custom-ChangeBinInt-Custom-CopyPart-Custom-
#194	NEW    cov: 216 ft: 246 corp: 47/115b lim: 4 exec/s: 0 rss: 1012Mb L: 2/4 MS: 6 CrossOver-Custom-CrossOver-Custom-ChangeBit-Custom-
#198	NEW    cov: 218 ft: 248 corp: 48/118b lim: 4 exec/s: 0 rss: 1012Mb L: 3/4 MS: 8 CrossOver-Custom-ChangeByte-Custom-EraseBytes-Custom-ChangeBit-Custom-
#204	NEW    cov: 221 ft: 254 corp: 49/120b lim: 4 exec/s: 0 rss: 1012Mb L: 2/4 MS: 2 ChangeBit-Custom-
#206	NEW    cov: 222 ft: 255 corp: 50/123b lim: 4 exec/s: 0 rss: 1012Mb L: 3/4 MS: 4 CrossOver-Custom-CMP-Custom- DE: "\000\231"-
#214	NEW    cov: 224 ft: 258 corp: 51/126b lim: 4 exec/s: 0 rss: 1012Mb L: 3/4 MS: 6 PersAutoDict-Custom-ChangeBit-Custom-ShuffleBytes-Custom- DE: "\000\231"-
#216	NEW    cov: 226 ft: 260 corp: 52/129b lim: 4 exec/s: 0 rss: 1012Mb L: 3/4 MS: 4 CopyPart-Custom-CrossOver-Custom-
#223	NEW    cov: 230 ft: 264 corp: 53/133b lim: 4 exec/s: 0 rss: 1012Mb L: 4/4 MS: 4 ChangeByte-Custom-ChangeBinInt-Custom-
#225	NEW    cov: 231 ft: 265 corp: 54/135b lim: 4 exec/s: 0 rss: 1012Mb L: 2/4 MS: 4 ShuffleBytes-Custom-EraseBytes-Custom-
#229	NEW    cov: 231 ft: 270 corp: 55/139b lim: 4 exec/s: 0 rss: 1012Mb L: 4/4 MS: 8 ChangeByte-Custom-CrossOver-Custom-CopyPart-Custom-ChangeBinInt-Custom-
#233	NEW    cov: 232 ft: 271 corp: 56/142b lim: 4 exec/s: 0 rss: 1012Mb L: 3/4 MS: 8 ChangeBit-Custom-ChangeBit-Custom-PersAutoDict-Custom-ChangeBinInt-Custom- DE: "\000\231"-
#241	NEW    cov: 239 ft: 278 corp: 57/145b lim: 4 exec/s: 0 rss: 1012Mb L: 3/4 MS: 6 CopyPart-Custom-ChangeBit-Custom-ShuffleBytes-Custom-
#248	NEW    cov: 241 ft: 280 corp: 58/149b lim: 4 exec/s: 0 rss: 1012Mb L: 4/4 MS: 4 ChangeBinInt-Custom-ChangeByte-Custom-
#249	NEW    cov: 251 ft: 290 corp: 59/150b lim: 4 exec/s: 0 rss: 1012Mb L: 1/4 MS: 2 ChangeBit-Custom-
#252	NEW    cov: 252 ft: 292 corp: 60/154b lim: 4 exec/s: 0 rss: 1012Mb L: 4/4 MS: 6 PersAutoDict-Custom-CopyPart-Custom-CMP-Custom- DE: "\000\231"-"\223\000"-
#253	NEW    cov: 255 ft: 295 corp: 61/157b lim: 4 exec/s: 0 rss: 1012Mb L: 3/4 MS: 2 ChangeByte-Custom-
#260	NEW    cov: 255 ft: 296 corp: 62/159b lim: 4 exec/s: 0 rss: 1012Mb L: 2/4 MS: 4 CrossOver-Custom-PersAutoDict-Custom- DE: "\223\000"-
#262	NEW    cov: 256 ft: 297 corp: 63/163b lim: 4 exec/s: 0 rss: 1012Mb L: 4/4 MS: 4 PersAutoDict-Custom-InsertByte-Custom- DE: "\223\000"-
#264	NEW    cov: 262 ft: 303 corp: 64/166b lim: 4 exec/s: 0 rss: 1012Mb L: 3/4 MS: 4 CopyPart-Custom-InsertByte-Custom-
#272	NEW    cov: 265 ft: 306 corp: 65/168b lim: 4 exec/s: 0 rss: 1012Mb L: 2/4 MS: 6 PersAutoDict-Custom-EraseBytes-Custom-EraseBytes-Custom- DE: "\223\000"-
#302	NEW    cov: 270 ft: 311 corp: 66/172b lim: 4 exec/s: 0 rss: 1012Mb L: 4/4 MS: 10 ChangeBinInt-Custom-ChangeBinInt-Custom-CopyPart-Custom-PersAutoDict-Custom-ChangeBinInt-Custom- DE: "\000\231"-
#304	NEW    cov: 272 ft: 313 corp: 67/176b lim: 4 exec/s: 0 rss: 1012Mb L: 4/4 MS: 4 ChangeByte-Custom-ChangeBinInt-Custom-
#308	NEW    cov: 273 ft: 314 corp: 68/178b lim: 4 exec/s: 0 rss: 1013Mb L: 2/4 MS: 8 CrossOver-Custom-ChangeBinInt-Custom-CrossOver-Custom-EraseBytes-Custom-
#312	NEW    cov: 284 ft: 325 corp: 69/180b lim: 4 exec/s: 0 rss: 1013Mb L: 2/4 MS: 8 CopyPart-Custom-ChangeByte-Custom-InsertByte-Custom-EraseBytes-Custom-
#313	NEW    cov: 287 ft: 328 corp: 70/182b lim: 4 exec/s: 0 rss: 1013Mb L: 2/4 MS: 2 ChangeBinInt-Custom-
#321	NEW    cov: 289 ft: 330 corp: 71/185b lim: 4 exec/s: 0 rss: 1013Mb L: 3/4 MS: 6 PersAutoDict-Custom-EraseBytes-Custom-ChangeBit-Custom- DE: "\000\231"-
#322	NEW    cov: 293 ft: 334 corp: 72/187b lim: 4 exec/s: 0 rss: 1013Mb L: 2/4 MS: 2 ChangeByte-Custom-
#323	NEW    cov: 293 ft: 339 corp: 73/191b lim: 4 exec/s: 0 rss: 1013Mb L: 4/4 MS: 2 InsertByte-Custom-
#325	NEW    cov: 298 ft: 344 corp: 74/193b lim: 4 exec/s: 0 rss: 1013Mb L: 2/4 MS: 4 CopyPart-Custom-ChangeByte-Custom-
#328	NEW    cov: 300 ft: 347 corp: 75/196b lim: 4 exec/s: 0 rss: 1013Mb L: 3/4 MS: 6 CrossOver-Custom-CrossOver-Custom-CrossOver-Custom-
#334	NEW    cov: 301 ft: 348 corp: 76/197b lim: 4 exec/s: 0 rss: 1013Mb L: 1/4 MS: 2 CrossOver-Custom-
#338	NEW    cov: 304 ft: 351 corp: 77/198b lim: 4 exec/s: 0 rss: 1013Mb L: 1/4 MS: 8 ChangeByte-Custom-EraseBytes-Custom-EraseBytes-Custom-ChangeByte-Custom-
#356	NEW    cov: 305 ft: 352 corp: 78/200b lim: 4 exec/s: 0 rss: 1013Mb L: 2/4 MS: 6 ShuffleBytes-Custom-CrossOver-Custom-EraseBytes-Custom-
#357	NEW    cov: 306 ft: 354 corp: 79/204b lim: 4 exec/s: 0 rss: 1013Mb L: 4/4 MS: 2 ChangeBit-Custom-
#362	NEW    cov: 308 ft: 356 corp: 80/206b lim: 4 exec/s: 0 rss: 1013Mb L: 2/4 MS: 10 CopyPart-Custom-CMP-Custom-ChangeBit-Custom-CopyPart-Custom-EraseBytes-Custom- DE: "\000\000"-
#364	NEW    cov: 311 ft: 359 corp: 81/207b lim: 4 exec/s: 0 rss: 1013Mb L: 1/4 MS: 4 ShuffleBytes-Custom-ChangeBit-Custom-
#366	NEW    cov: 314 ft: 362 corp: 82/209b lim: 4 exec/s: 0 rss: 1013Mb L: 2/4 MS: 4 ChangeByte-Custom-ChangeBit-Custom-
#371	NEW    cov: 317 ft: 365 corp: 83/211b lim: 4 exec/s: 0 rss: 1013Mb L: 2/4 MS: 10 InsertByte-Custom-InsertByte-Custom-CrossOver-Custom-ChangeBinInt-Custom-ChangeBit-Custom-
#377	REDUCE cov: 317 ft: 365 corp: 83/210b lim: 4 exec/s: 0 rss: 1013Mb L: 3/4 MS: 2 EraseBytes-Custom-
#379	NEW    cov: 319 ft: 367 corp: 84/214b lim: 4 exec/s: 0 rss: 1013Mb L: 4/4 MS: 4 PersAutoDict-Custom-ChangeBit-Custom- DE: "\000\231"-
#398	REDUCE cov: 319 ft: 367 corp: 84/213b lim: 4 exec/s: 0 rss: 1013Mb L: 3/4 MS: 8 ChangeBit-Custom-ShuffleBytes-Custom-ChangeByte-Custom-EraseBytes-Custom-
#403	NEW    cov: 327 ft: 375 corp: 85/217b lim: 4 exec/s: 0 rss: 1013Mb L: 4/4 MS: 10 InsertByte-Custom-ChangeByte-Custom-CopyPart-Custom-CMP-Custom-ChangeByte-Custom- DE: "\242\000"-
#417	NEW    cov: 330 ft: 378 corp: 86/221b lim: 4 exec/s: 0 rss: 1013Mb L: 4/4 MS: 8 ShuffleBytes-Custom-ShuffleBytes-Custom-ChangeByte-Custom-ChangeBit-Custom-
#437	NEW    cov: 333 ft: 381 corp: 87/223b lim: 4 exec/s: 0 rss: 1013Mb L: 2/4 MS: 10 ShuffleBytes-Custom-ChangeBit-Custom-ShuffleBytes-Custom-CopyPart-Custom-EraseBytes-Custom-
#440	NEW    cov: 335 ft: 383 corp: 88/225b lim: 4 exec/s: 0 rss: 1013Mb L: 2/4 MS: 6 CrossOver-Custom-CopyPart-Custom-ChangeBinInt-Custom-
#451	NEW    cov: 336 ft: 384 corp: 89/229b lim: 4 exec/s: 0 rss: 1013Mb L: 4/4 MS: 2 ChangeByte-Custom-
#453	NEW    cov: 337 ft: 385 corp: 90/233b lim: 4 exec/s: 0 rss: 1013Mb L: 4/4 MS: 4 InsertByte-Custom-ChangeBit-Custom-
#461	NEW    cov: 338 ft: 386 corp: 91/235b lim: 4 exec/s: 0 rss: 1013Mb L: 2/4 MS: 6 CrossOver-Custom-CrossOver-Custom-ChangeBinInt-Custom-
#463	NEW    cov: 339 ft: 387 corp: 92/239b lim: 4 exec/s: 0 rss: 1013Mb L: 4/4 MS: 4 CrossOver-Custom-CrossOver-Custom-
#467	NEW    cov: 340 ft: 388 corp: 93/243b lim: 4 exec/s: 0 rss: 1013Mb L: 4/4 MS: 8 CrossOver-Custom-InsertByte-Custom-CopyPart-Custom-ChangeBinInt-Custom-
#469	NEW    cov: 341 ft: 389 corp: 94/246b lim: 4 exec/s: 0 rss: 1013Mb L: 3/4 MS: 4 ShuffleBytes-Custom-PersAutoDict-Custom- DE: "\000\000"-
#474	NEW    cov: 342 ft: 390 corp: 95/248b lim: 4 exec/s: 0 rss: 1013Mb L: 2/4 MS: 10 PersAutoDict-Custom-ChangeBit-Custom-ChangeBit-Custom-EraseBytes-Custom-EraseBytes-Custom- DE: "\000\231"-
#476	NEW    cov: 347 ft: 395 corp: 96/252b lim: 4 exec/s: 0 rss: 1013Mb L: 4/4 MS: 4 ChangeByte-Custom-ChangeBinInt-Custom-
#477	NEW    cov: 350 ft: 398 corp: 97/255b lim: 4 exec/s: 0 rss: 1013Mb L: 3/4 MS: 2 InsertByte-Custom-
#478	NEW    cov: 360 ft: 410 corp: 98/258b lim: 4 exec/s: 0 rss: 1013Mb L: 3/4 MS: 2 InsertByte-Custom-
#485	REDUCE cov: 360 ft: 410 corp: 98/257b lim: 4 exec/s: 0 rss: 1013Mb L: 3/4 MS: 4 ShuffleBytes-Custom-EraseBytes-Custom-
#486	NEW    cov: 361 ft: 411 corp: 99/260b lim: 4 exec/s: 0 rss: 1013Mb L: 3/4 MS: 2 PersAutoDict-Custom- DE: "\242\000"-
#496	NEW    cov: 364 ft: 414 corp: 100/261b lim: 4 exec/s: 0 rss: 1013Mb L: 1/4 MS: 10 ShuffleBytes-Custom-EraseBytes-Custom-EraseBytes-Custom-CopyPart-Custom-ChangeBit-Custom-
#502	NEW    cov: 367 ft: 417 corp: 101/263b lim: 4 exec/s: 0 rss: 1013Mb L: 2/4 MS: 2 EraseBytes-Custom-
#504	NEW    cov: 367 ft: 419 corp: 102/267b lim: 4 exec/s: 0 rss: 1013Mb L: 4/4 MS: 4 ChangeBit-Custom-ChangeBinInt-Custom-
#516	REDUCE cov: 367 ft: 419 corp: 102/266b lim: 4 exec/s: 0 rss: 1013Mb L: 1/4 MS: 4 ChangeBit-Custom-EraseBytes-Custom-
#519	NEW    cov: 368 ft: 420 corp: 103/268b lim: 4 exec/s: 0 rss: 1013Mb L: 2/4 MS: 6 EraseBytes-Custom-EraseBytes-Custom-InsertByte-Custom-
#523	NEW    cov: 376 ft: 428 corp: 104/271b lim: 4 exec/s: 0 rss: 1013Mb L: 3/4 MS: 8 ChangeBinInt-Custom-InsertByte-Custom-ShuffleBytes-Custom-CrossOver-Custom-
#524	NEW    cov: 378 ft: 430 corp: 105/275b lim: 4 exec/s: 0 rss: 1013Mb L: 4/4 MS: 2 ChangeBit-Custom-
#525	NEW    cov: 378 ft: 435 corp: 106/278b lim: 4 exec/s: 0 rss: 1013Mb L: 3/4 MS: 2 ShuffleBytes-Custom-
#526	NEW    cov: 379 ft: 436 corp: 107/282b lim: 4 exec/s: 0 rss: 1013Mb L: 4/4 MS: 2 CrossOver-Custom-
#528	NEW    cov: 382 ft: 439 corp: 108/284b lim: 4 exec/s: 0 rss: 1013Mb L: 2/4 MS: 4 ShuffleBytes-Custom-ChangeBit-Custom-
#530	NEW    cov: 382 ft: 440 corp: 109/288b lim: 4 exec/s: 0 rss: 1013Mb L: 4/4 MS: 4 CopyPart-Custom-CMP-Custom- DE: "\234\000"-
#537	REDUCE cov: 385 ft: 443 corp: 110/290b lim: 4 exec/s: 0 rss: 1013Mb L: 2/4 MS: 4 ShuffleBytes-Custom-ChangeByte-Custom-
#539	NEW    cov: 391 ft: 449 corp: 111/293b lim: 4 exec/s: 0 rss: 1013Mb L: 3/4 MS: 4 ChangeBinInt-Custom-ChangeBit-Custom-
#552	NEW    cov: 392 ft: 450 corp: 112/297b lim: 4 exec/s: 0 rss: 1013Mb L: 4/4 MS: 6 CrossOver-Custom-ChangeBinInt-Custom-ChangeBinInt-Custom-
#565	NEW    cov: 396 ft: 454 corp: 113/301b lim: 4 exec/s: 0 rss: 1014Mb L: 4/4 MS: 6 EraseBytes-Custom-CopyPart-Custom-CrossOver-Custom-
#568	REDUCE cov: 396 ft: 454 corp: 113/300b lim: 4 exec/s: 0 rss: 1014Mb L: 2/4 MS: 6 InsertByte-Custom-PersAutoDict-Custom-EraseBytes-Custom- DE: "\000\000"-
#587	NEW    cov: 398 ft: 456 corp: 114/303b lim: 4 exec/s: 0 rss: 1014Mb L: 3/4 MS: 8 CrossOver-Custom-PersAutoDict-Custom-ChangeBinInt-Custom-InsertByte-Custom- DE: "\000\231"-
#591	NEW    cov: 399 ft: 457 corp: 115/306b lim: 4 exec/s: 0 rss: 1014Mb L: 3/4 MS: 8 CopyPart-Custom-ShuffleBytes-Custom-ChangeBit-Custom-ChangeASCIIInt-Custom-
#602	NEW    cov: 400 ft: 458 corp: 116/308b lim: 4 exec/s: 0 rss: 1014Mb L: 2/4 MS: 2 ChangeASCIIInt-Custom-
#618	NEW    cov: 402 ft: 460 corp: 117/312b lim: 4 exec/s: 0 rss: 1014Mb L: 4/4 MS: 2 ChangeBinInt-Custom-
#632	NEW    cov: 402 ft: 463 corp: 118/316b lim: 4 exec/s: 0 rss: 1014Mb L: 4/4 MS: 8 EraseBytes-Custom-InsertByte-Custom-CopyPart-Custom-CopyPart-Custom-
#648	NEW    cov: 405 ft: 466 corp: 119/317b lim: 4 exec/s: 0 rss: 1014Mb L: 1/4 MS: 2 ChangeBit-Custom-
#655	NEW    cov: 405 ft: 467 corp: 120/320b lim: 4 exec/s: 0 rss: 1015Mb L: 3/4 MS: 4 ChangeBit-Custom-PersAutoDict-Custom- DE: "\000\000"-
#656	NEW    cov: 410 ft: 472 corp: 121/322b lim: 4 exec/s: 0 rss: 1015Mb L: 2/4 MS: 2 InsertByte-Custom-
#658	NEW    cov: 410 ft: 474 corp: 122/326b lim: 4 exec/s: 0 rss: 1015Mb L: 4/4 MS: 4 ShuffleBytes-Custom-CrossOver-Custom-
#685	NEW    cov: 413 ft: 477 corp: 123/329b lim: 4 exec/s: 0 rss: 1016Mb L: 3/4 MS: 4 ShuffleBytes-Custom-ChangeByte-Custom-
#686	NEW    cov: 414 ft: 478 corp: 124/333b lim: 4 exec/s: 0 rss: 1016Mb L: 4/4 MS: 2 CopyPart-Custom-
#687	REDUCE cov: 414 ft: 478 corp: 124/332b lim: 4 exec/s: 0 rss: 1016Mb L: 1/4 MS: 2 EraseBytes-Custom-
#698	REDUCE cov: 414 ft: 478 corp: 124/331b lim: 4 exec/s: 0 rss: 1016Mb L: 1/4 MS: 2 EraseBytes-Custom-
#704	REDUCE cov: 414 ft: 478 corp: 124/330b lim: 4 exec/s: 0 rss: 1016Mb L: 1/4 MS: 2 EraseBytes-Custom-
#705	REDUCE cov: 414 ft: 478 corp: 124/328b lim: 4 exec/s: 0 rss: 1016Mb L: 2/4 MS: 2 EraseBytes-Custom-
#708	NEW    cov: 415 ft: 479 corp: 125/332b lim: 4 exec/s: 0 rss: 1016Mb L: 4/4 MS: 6 ChangeBinInt-Custom-InsertByte-Custom-CopyPart-Custom-
#711	REDUCE cov: 415 ft: 479 corp: 125/331b lim: 4 exec/s: 0 rss: 1016Mb L: 1/4 MS: 6 ShuffleBytes-Custom-ShuffleBytes-Custom-EraseBytes-Custom-
#719	NEW    cov: 422 ft: 486 corp: 126/335b lim: 4 exec/s: 0 rss: 1016Mb L: 4/4 MS: 6 ChangeByte-Custom-CopyPart-Custom-ChangeByte-Custom-
#738	NEW    cov: 425 ft: 489 corp: 127/338b lim: 4 exec/s: 0 rss: 1016Mb L: 3/4 MS: 8 ShuffleBytes-Custom-ChangeBinInt-Custom-InsertByte-Custom-ChangeByte-Custom-
#742	REDUCE cov: 427 ft: 491 corp: 128/340b lim: 4 exec/s: 0 rss: 1016Mb L: 2/4 MS: 8 ChangeBinInt-Custom-CopyPart-Custom-ShuffleBytes-Custom-EraseBytes-Custom-
#747	NEW    cov: 428 ft: 492 corp: 129/343b lim: 4 exec/s: 0 rss: 1016Mb L: 3/4 MS: 10 CrossOver-Custom-PersAutoDict-Custom-ShuffleBytes-Custom-EraseBytes-Custom-CMP-Custom- DE: "\234\000"-"\377\226"-
#761	NEW    cov: 431 ft: 495 corp: 130/345b lim: 4 exec/s: 0 rss: 1016Mb L: 2/4 MS: 8 EraseBytes-Custom-ChangeByte-Custom-PersAutoDict-Custom-ChangeByte-Custom- DE: "\000\231"-
#762	REDUCE cov: 431 ft: 495 corp: 130/343b lim: 4 exec/s: 0 rss: 1016Mb L: 2/4 MS: 2 EraseBytes-Custom-
#777	NEW    cov: 434 ft: 498 corp: 131/344b lim: 4 exec/s: 0 rss: 1016Mb L: 1/4 MS: 10 CrossOver-Custom-EraseBytes-Custom-CopyPart-Custom-EraseBytes-Custom-ChangeByte-Custom-
#800	NEW    cov: 434 ft: 500 corp: 132/348b lim: 4 exec/s: 0 rss: 1016Mb L: 4/4 MS: 6 CopyPart-Custom-CopyPart-Custom-ChangeByte-Custom-
#806	NEW    cov: 435 ft: 501 corp: 133/351b lim: 4 exec/s: 0 rss: 1016Mb L: 3/4 MS: 2 InsertByte-Custom-
#807	NEW    cov: 437 ft: 503 corp: 134/353b lim: 4 exec/s: 0 rss: 1016Mb L: 2/4 MS: 2 ChangeByte-Custom-
#809	NEW    cov: 438 ft: 504 corp: 135/355b lim: 4 exec/s: 0 rss: 1016Mb L: 2/4 MS: 4 ShuffleBytes-Custom-ChangeBit-Custom-
#810	REDUCE cov: 438 ft: 504 corp: 135/354b lim: 4 exec/s: 0 rss: 1016Mb L: 2/4 MS: 2 EraseBytes-Custom-
#811	NEW    cov: 440 ft: 506 corp: 136/358b lim: 4 exec/s: 0 rss: 1016Mb L: 4/4 MS: 2 ChangeBinInt-Custom-
#822	REDUCE cov: 440 ft: 506 corp: 136/357b lim: 4 exec/s: 0 rss: 1016Mb L: 2/4 MS: 2 EraseBytes-Custom-
#829	REDUCE cov: 440 ft: 506 corp: 136/356b lim: 4 exec/s: 0 rss: 1016Mb L: 2/4 MS: 4 ChangeBit-Custom-EraseBytes-Custom-
#844	NEW    cov: 443 ft: 509 corp: 137/358b lim: 4 exec/s: 0 rss: 1016Mb L: 2/4 MS: 10 PersAutoDict-Custom-ChangeByte-Custom-EraseBytes-Custom-InsertByte-Custom-EraseBytes-Custom- DE: "\242\000"-
#873	NEW    cov: 447 ft: 513 corp: 138/362b lim: 4 exec/s: 0 rss: 1017Mb L: 4/4 MS: 8 PersAutoDict-Custom-ChangeByte-Custom-CrossOver-Custom-ChangeBit-Custom- DE: "\223\000"-
#899	REDUCE cov: 447 ft: 513 corp: 138/361b lim: 4 exec/s: 0 rss: 1017Mb L: 1/4 MS: 2 EraseBytes-Custom-
#912	NEW    cov: 449 ft: 515 corp: 139/364b lim: 4 exec/s: 0 rss: 1017Mb L: 3/4 MS: 6 EraseBytes-Custom-InsertByte-Custom-CrossOver-Custom-
#920	REDUCE cov: 449 ft: 517 corp: 140/368b lim: 4 exec/s: 0 rss: 1017Mb L: 4/4 MS: 6 PersAutoDict-Custom-ChangeBinInt-Custom-CopyPart-Custom- DE: "\377\226"-
#932	NEW    cov: 450 ft: 518 corp: 141/371b lim: 4 exec/s: 0 rss: 1017Mb L: 3/4 MS: 4 CopyPart-Custom-ChangeBit-Custom-
#958	NEW    cov: 452 ft: 520 corp: 142/373b lim: 4 exec/s: 0 rss: 1017Mb L: 2/4 MS: 2 ChangeASCIIInt-Custom-
#959	REDUCE cov: 453 ft: 521 corp: 143/375b lim: 4 exec/s: 0 rss: 1017Mb L: 2/4 MS: 2 ChangeBit-Custom-
#976	REDUCE cov: 453 ft: 521 corp: 143/374b lim: 4 exec/s: 0 rss: 1017Mb L: 3/4 MS: 4 CopyPart-Custom-EraseBytes-Custom-
#980	NEW    cov: 455 ft: 523 corp: 144/377b lim: 4 exec/s: 0 rss: 1017Mb L: 3/4 MS: 8 ShuffleBytes-Custom-CrossOver-Custom-CopyPart-Custom-InsertByte-Custom-
#986	NEW    cov: 456 ft: 524 corp: 145/379b lim: 4 exec/s: 0 rss: 1017Mb L: 2/4 MS: 2 EraseBytes-Custom-
#1008	NEW    cov: 456 ft: 525 corp: 146/383b lim: 4 exec/s: 0 rss: 1017Mb L: 4/4 MS: 4 ChangeByte-Custom-PersAutoDict-Custom- DE: "\000\000"-
#1023	NEW    cov: 458 ft: 527 corp: 147/385b lim: 4 exec/s: 0 rss: 1017Mb L: 2/4 MS: 10 ChangeByte-Custom-ShuffleBytes-Custom-ChangeBit-Custom-ChangeByte-Custom-ChangeByte-Custom-
#1066	REDUCE cov: 458 ft: 527 corp: 147/384b lim: 4 exec/s: 0 rss: 1017Mb L: 1/4 MS: 6 ChangeBit-Custom-CopyPart-Custom-EraseBytes-Custom-
#1085	NEW    cov: 479 ft: 550 corp: 148/386b lim: 4 exec/s: 0 rss: 1018Mb L: 2/4 MS: 8 EraseBytes-Custom-InsertByte-Custom-ChangeByte-Custom-EraseBytes-Custom-
#1094	NEW    cov: 493 ft: 566 corp: 149/390b lim: 4 exec/s: 0 rss: 1028Mb L: 4/4 MS: 8 InsertByte-Custom-CopyPart-Custom-EraseBytes-Custom-CopyPart-Custom-
INFO: Instrumented org.apache.commons.lang3.ObjectUtils (took 56 ms, size +22%)
INFO: Instrumented org.apache.commons.lang3.exception.CloneFailedException (took 5 ms, size +37%)
INFO: #1115	REDUCE cov: 493 ft: 566 corp: 149/388b lim: 4 exec/s: 0 rss: 1028Mb L: 2/4 MS: 2 EraseBytes-Custom-
Instrumented org.apache.commons.lang3.ObjectUtils$Null (took 5 ms, size +43%)
#1122	NEW    cov: 501 ft: 574 corp: 150/392b lim: 4 exec/s: 0 rss: 1028Mb L: 4/4 MS: 4 ShuffleBytes-Custom-ChangeBinInt-Custom-
INFO: Instrumented org.apache.commons.lang3.SystemUtils (took 66 ms, size +21%)
INFO: Instrumented org.apache.commons.lang3.ClassUtils (took 111 ms, size +39%)
#1125	NEW    cov: 687 ft: 761 corp: 151/396b lim: 4 exec/s: 0 rss: 1061Mb L: 4/4 MS: 6 ChangeByte-Custom-ChangeASCIIInt-Custom-ChangeBit-Custom-
#1132	NEW    cov: 688 ft: 762 corp: 152/400b lim: 4 exec/s: 0 rss: 1061Mb L: 4/4 MS: 4 CopyPart-Custom-CMP-Custom- DE: "\000\000\000\024"-
#1136	REDUCE cov: 688 ft: 762 corp: 152/399b lim: 4 exec/s: 0 rss: 1061Mb L: 3/4 MS: 8 ShuffleBytes-Custom-EraseBytes-Custom-CopyPart-Custom-ChangeBinInt-Custom-
#1154	NEW    cov: 689 ft: 765 corp: 153/403b lim: 4 exec/s: 0 rss: 1061Mb L: 4/4 MS: 6 CopyPart-Custom-ShuffleBytes-Custom-ChangeBinInt-Custom-
#1163	NEW    cov: 691 ft: 767 corp: 154/407b lim: 4 exec/s: 0 rss: 1061Mb L: 4/4 MS: 8 CrossOver-Custom-ShuffleBytes-Custom-ChangeBit-Custom-ChangeByte-Custom-
#1169	NEW    cov: 694 ft: 770 corp: 155/411b lim: 4 exec/s: 0 rss: 1061Mb L: 4/4 MS: 2 ChangeBinInt-Custom-
#1175	NEW    cov: 697 ft: 773 corp: 156/413b lim: 4 exec/s: 0 rss: 1061Mb L: 2/4 MS: 2 InsertByte-Custom-
#1183	REDUCE cov: 698 ft: 774 corp: 157/416b lim: 4 exec/s: 0 rss: 1061Mb L: 3/4 MS: 6 PersAutoDict-Custom-ShuffleBytes-Custom-InsertByte-Custom- DE: "\234\000"-
#1184	NEW    cov: 702 ft: 778 corp: 158/420b lim: 4 exec/s: 0 rss: 1061Mb L: 4/4 MS: 2 CopyPart-Custom-
#1192	NEW    cov: 704 ft: 780 corp: 159/424b lim: 4 exec/s: 0 rss: 1061Mb L: 4/4 MS: 6 ChangeBit-Custom-ChangeBit-Custom-PersAutoDict-Custom- DE: "\223\000"-
#1210	NEW    cov: 706 ft: 785 corp: 160/428b lim: 4 exec/s: 0 rss: 1062Mb L: 4/4 MS: 6 CopyPart-Custom-ChangeBit-Custom-CopyPart-Custom-
#1211	NEW    cov: 707 ft: 786 corp: 161/430b lim: 4 exec/s: 0 rss: 1062Mb L: 2/4 MS: 2 ChangeBit-Custom-
#1217	NEW    cov: 711 ft: 790 corp: 162/433b lim: 4 exec/s: 0 rss: 1062Mb L: 3/4 MS: 2 CrossOver-Custom-
#1219	REDUCE cov: 712 ft: 792 corp: 163/434b lim: 4 exec/s: 0 rss: 1062Mb L: 1/4 MS: 4 ChangeASCIIInt-Custom-ChangeBit-Custom-
#1228	NEW    cov: 713 ft: 793 corp: 164/438b lim: 4 exec/s: 0 rss: 1062Mb L: 4/4 MS: 8 ChangeBinInt-Custom-PersAutoDict-Custom-CopyPart-Custom-ChangeBit-Custom- DE: "\000\000"-
#1243	NEW    cov: 713 ft: 796 corp: 165/441b lim: 4 exec/s: 0 rss: 1062Mb L: 3/4 MS: 10 CopyPart-Custom-InsertByte-Custom-ChangeByte-Custom-CrossOver-Custom-ChangeByte-Custom-
#1244	REDUCE cov: 716 ft: 799 corp: 166/443b lim: 4 exec/s: 0 rss: 1062Mb L: 2/4 MS: 2 InsertByte-Custom-
#1251	NEW    cov: 716 ft: 801 corp: 167/446b lim: 4 exec/s: 0 rss: 1062Mb L: 3/4 MS: 4 ChangeBit-Custom-CrossOver-Custom-
#1252	NEW    cov: 717 ft: 802 corp: 168/448b lim: 4 exec/s: 0 rss: 1062Mb L: 2/4 MS: 2 EraseBytes-Custom-
#1253	REDUCE cov: 717 ft: 802 corp: 168/447b lim: 4 exec/s: 0 rss: 1062Mb L: 1/4 MS: 2 EraseBytes-Custom-
#1257	NEW    cov: 717 ft: 803 corp: 169/449b lim: 4 exec/s: 0 rss: 1062Mb L: 2/4 MS: 8 InsertByte-Custom-EraseBytes-Custom-CopyPart-Custom-ShuffleBytes-Custom-
#1262	NEW    cov: 717 ft: 808 corp: 170/453b lim: 4 exec/s: 0 rss: 1062Mb L: 4/4 MS: 10 ShuffleBytes-Custom-ShuffleBytes-Custom-ChangeBit-Custom-InsertByte-Custom-ChangeByte-Custom-
#1279	NEW    cov: 720 ft: 811 corp: 171/455b lim: 4 exec/s: 0 rss: 1062Mb L: 2/4 MS: 4 PersAutoDict-Custom-ChangeBit-Custom- DE: "\000\231"-
#1321	NEW    cov: 721 ft: 812 corp: 172/457b lim: 4 exec/s: 0 rss: 1062Mb L: 2/4 MS: 4 ChangeByte-Custom-ChangeByte-Custom-
#1332	NEW    cov: 721 ft: 816 corp: 173/458b lim: 4 exec/s: 0 rss: 1062Mb L: 1/4 MS: 2 CrossOver-Custom-
#1358	NEW    cov: 723 ft: 818 corp: 174/459b lim: 4 exec/s: 0 rss: 1062Mb L: 1/4 MS: 2 CrossOver-Custom-
#1392	REDUCE cov: 726 ft: 821 corp: 175/462b lim: 4 exec/s: 0 rss: 1063Mb L: 3/4 MS: 8 ChangeByte-Custom-ShuffleBytes-Custom-CrossOver-Custom-ChangeBit-Custom-
#1425	NEW    cov: 727 ft: 824 corp: 176/463b lim: 4 exec/s: 0 rss: 1063Mb L: 1/4 MS: 6 ChangeBinInt-Custom-ChangeBit-Custom-EraseBytes-Custom-
#1426	REDUCE cov: 727 ft: 824 corp: 176/462b lim: 4 exec/s: 0 rss: 1063Mb L: 3/4 MS: 2 EraseBytes-Custom-
#1442	NEW    cov: 733 ft: 834 corp: 177/463b lim: 4 exec/s: 0 rss: 1063Mb L: 1/4 MS: 2 ChangeByte-Custom-
#1455	NEW    cov: 733 ft: 835 corp: 178/467b lim: 4 exec/s: 0 rss: 1063Mb L: 4/4 MS: 6 ChangeBit-Custom-CrossOver-Custom-CopyPart-Custom-
#1464	NEW    cov: 734 ft: 836 corp: 179/469b lim: 4 exec/s: 0 rss: 1063Mb L: 2/4 MS: 8 CopyPart-Custom-ChangeByte-Custom-ChangeBinInt-Custom-EraseBytes-Custom-
#1482	REDUCE cov: 736 ft: 838 corp: 180/472b lim: 4 exec/s: 0 rss: 1063Mb L: 3/4 MS: 6 ChangeByte-Custom-ChangeByte-Custom-ChangeBit-Custom-
MS: 2 ChangeBit-Custom-; base unit: cfdc1ec01db729b3f6fcec0a369da48ca94b87f2
0x53,0x53,0x53,0x59,
SSSY
artifact_prefix='/tmp/bugrun/lang_24.64hnhZ/'; Test unit written to /tmp/bugrun/lang_24.64hnhZ/crash-bf1e59b1ba65000240d3c59aabb16ed63ccac5e1
Base64: U1NTWQ==
Done 1488 runs in 0 second(s)
DEDUP_TOKEN: c9ce87d8100e4cb8
[ERROR] Tests run: 2, Failures: 0, Errors: 1, Skipped: 0, Time elapsed: 10.86 s <<< FAILURE! -- in com.example.algorithm2.Algorithm2Test
[ERROR] com.example.algorithm2.Algorithm2Test.testParameterizedFuzzer(FuzzedDataProvider)[2] -- Time elapsed: 1.417 s <<< ERROR!
java.lang.IllegalArgumentException: Minimum abbreviation width is 4
	at org.apache.commons.lang3.StringUtils.abbreviate(StringUtils.java:5693)
	at org.apache.commons.lang3.StringUtils.abbreviate(StringUtils.java:5650)
	at java.base/jdk.internal.reflect.NativeMethodAccessorImpl.invoke0(Native Method)
	at java.base/jdk.internal.reflect.NativeMethodAccessorImpl.invoke(NativeMethodAccessorImpl.java:62)
	at java.base/jdk.internal.reflect.DelegatingMethodAccessorImpl.invoke(DelegatingMethodAccessorImpl.java:43)
	at java.base/java.lang.reflect.Method.invoke(Method.java:566)
	at com.example.algorithm2.Algorithm2Test.testParameterizedFuzzer(Algorithm2Test.java:226)

[INFO] 
[INFO] Results:
[INFO] 
[ERROR] Errors: 
[ERROR]   Algorithm2Test.testParameterizedFuzzer:226 » IllegalArgument Minimum abbreviation width is 4
[INFO] 
[ERROR] Tests run: 2, Failures: 0, Errors: 1, Skipped: 0
[INFO] 
[ERROR] 

Please refer to /tmp/bugrun/lang_24.64hnhZ/target/surefire-reports for the individual test results.
Please refer to dump files (if any exist) [date].dump, [date]-jvmRun[N].dump and [date].dumpstream.
[INFO] 
[INFO] --- jacoco:0.8.11:report (default-cli) @ AlgorithmName2 ---
[INFO] Loading execution data file /tmp/bugrun/lang_24.64hnhZ/target/jacoco.exec
[INFO] Analyzed bundle 'AlgorithmName2' with 134 classes
[INFO] ------------------------------------------------------------------------
[INFO] BUILD SUCCESS
[INFO] ------------------------------------------------------------------------
[INFO] Total time:  22.187 s
[INFO] Finished at: 2026-10-06T03:49:08+07:00
[INFO] ------------------------------------------------------------------------
