[INFO] Scanning for projects...
[INFO] 
[INFO] ---------------------< com.example:AlgorithmName2 >---------------------
[INFO] Building AlgorithmName2 1.0-SNAPSHOT
[INFO]   from pom.xml
[INFO] --------------------------------[ jar ]---------------------------------
[INFO] 
[INFO] --- jacoco:0.8.11:prepare-agent (default) @ AlgorithmName2 ---
[INFO] argLine set to -javaagent:/home/kanyaphak673380391-3/.m2/repository/org/jacoco/org.jacoco.agent/0.8.11/org.jacoco.agent-0.8.11-runtime.jar=destfile=/tmp/bugrun/lang_37.VkYZJJ/target/jacoco.exec
[INFO] 
[INFO] --- resources:3.4.0:resources (default-resources) @ AlgorithmName2 ---
[INFO] Copying 1 resource from src/main/resources to target/classes
[INFO] 
[INFO] --- compiler:3.15.0:compile (default-compile) @ AlgorithmName2 ---
[INFO] Recompiling the module because of changed source code.
[INFO] Compiling 1 source file with javac [debug target 1.8] to target/classes
[WARNING] bootstrap class path not set in conjunction with -source 8
[INFO] 
[INFO] --- dependency:3.6.0:unpack-dependencies (unpack-defects4j) @ AlgorithmName2 ---
[INFO] 
[INFO] --- resources:3.4.0:testResources (default-testResources) @ AlgorithmName2 ---
[INFO] skip non existing resourceDirectory /tmp/bugrun/lang_37.VkYZJJ/src/test/resources
[INFO] 
[INFO] --- compiler:3.15.0:testCompile (default-testCompile) @ AlgorithmName2 ---
[INFO] Recompiling the module because of changed dependency.
[INFO] Compiling 1 source file with javac [debug target 1.8] to target/test-classes
[WARNING] bootstrap class path not set in conjunction with -source 8
[INFO] 
[INFO] --- surefire:3.1.2:test (default-cli) @ AlgorithmName2 ---
[INFO] Using auto detected provider org.apache.maven.surefire.junitplatform.JUnitPlatformProvider
[INFO] 
[INFO] -------------------------------------------------------
[INFO]  T E S T S
[INFO] -------------------------------------------------------
[INFO] Running com.example.algorithm2.Algorithm2Test
OpenJDK 64-Bit Server VM warning: Sharing is only supported for boot loader classes because bootstrap classpath has been appended
INFO: Loaded 289 hooks from com.code_intelligence.jazzer.runtime.TraceCmpHooks
INFO: Loaded 5 hooks from com.code_intelligence.jazzer.runtime.TraceDivHooks
INFO: Loaded 2 hooks from com.code_intelligence.jazzer.runtime.TraceIndirHooks
INFO: Loaded 4 hooks from com.code_intelligence.jazzer.runtime.NativeLibHooks
INFO: Loaded 2 hooks from com.code_intelligence.jazzer.sanitizers.ClojureLangHooks
INFO: Loaded 5 hooks from com.code_intelligence.jazzer.sanitizers.Deserialization
INFO: Loaded 5 hooks from com.code_intelligence.jazzer.sanitizers.ExpressionLanguageInjection
INFO: Loaded 70 hooks from com.code_intelligence.jazzer.sanitizers.LdapInjection
INFO: Loaded 46 hooks from com.code_intelligence.jazzer.sanitizers.NamingContextLookup
INFO: Loaded 1 hooks from com.code_intelligence.jazzer.sanitizers.OsCommandInjection
INFO: Loaded 52 hooks from com.code_intelligence.jazzer.sanitizers.ReflectiveCall
INFO: Loaded 8 hooks from com.code_intelligence.jazzer.sanitizers.RegexInjection
INFO: Loaded 16 hooks from com.code_intelligence.jazzer.sanitizers.RegexRoadblocks
INFO: Loaded 18 hooks from com.code_intelligence.jazzer.sanitizers.ScriptEngineInjection
INFO: Loaded 2 hooks from com.code_intelligence.jazzer.sanitizers.ServerSideRequestForgery
INFO: Loaded 19 hooks from com.code_intelligence.jazzer.sanitizers.SqlInjection
INFO: Loaded 6 hooks from com.code_intelligence.jazzer.sanitizers.XPathInjection
INFO: Instrumented com.example.algorithm2.Algorithm2Test$Skip (took 215 ms, size +44%)
INFO: Instrumented com.example.algorithm2.Algorithm2Test (took 208 ms, size +27%)
INFO: New number of coverage counters: 1024
INFO: New number of coverage counters: 2048
WARN: Some hooks could not be applied to class files built for Java 7 or lower.
                       Ensure that the fuzz target and its dependencies are compiled with
                       -target 8 or higher to identify as many bugs as possible.
INFO: Instrumented org.apache.commons.lang3.StringUtils (took 449 ms, size +32%)
[harness] target=org.apache.commons.lang3.StringUtils factories=1 methods=147
INFO: found LLVMFuzzerCustomMutator (0x764644d6ecd0). Disabling -len_control by default.
INFO: Running with entropic power schedule (0xFF, 100).
INFO: Seed: 122774289
INFO: Loaded 3 modules   (2048 inline 8-bit counters): 512 [0x7646cc9f9a80, 0x7646cc9f9c80), 512 [0x7646cc9f9c80, 0x7646cc9f9e80), 1024 [0x7646cc9f9e80, 0x7646cc9fa280), 
INFO: Loaded 3 PC tables (2048 PCs): 512 [0x7646cc99a5c0,0x7646cc99c5c0), 512 [0x7646cc4642a0,0x7646cc4662a0), 1024 [0x7646ccb86f30,0x7646ccb8af30), 
INFO:        0 files found in /tmp/bugrun/lang_37.VkYZJJ/.cifuzz-corpus/com.example.algorithm2.Algorithm2Test/testParameterizedFuzzer
INFO:        0 files found in /tmp/jazzer-java-seeds7502700874849481659
INFO: -max_len is not provided; libFuzzer will not generate inputs larger than 4096 bytes
INFO: A corpus is not provided, starting from an empty corpus
#2	INITED cov: 30 ft: 30 corp: 1/1b exec/s: 0 rss: 945Mb
#3	NEW    cov: 33 ft: 33 corp: 2/2b lim: 4 exec/s: 0 rss: 945Mb L: 1/1 MS: 2 ChangeBit-Custom-
#4	NEW    cov: 43 ft: 43 corp: 3/3b lim: 4 exec/s: 0 rss: 945Mb L: 1/1 MS: 2 ChangeByte-Custom-
#5	NEW    cov: 51 ft: 51 corp: 4/4b lim: 4 exec/s: 0 rss: 945Mb L: 1/1 MS: 2 ChangeBit-Custom-
#9	NEW    cov: 53 ft: 53 corp: 5/7b lim: 4 exec/s: 0 rss: 945Mb L: 3/3 MS: 8 CopyPart-Custom-InsertByte-Custom-ChangeBit-Custom-InsertByte-Custom-
#13	NEW    cov: 57 ft: 57 corp: 6/9b lim: 4 exec/s: 0 rss: 945Mb L: 2/3 MS: 8 ShuffleBytes-Custom-CopyPart-Custom-CopyPart-Custom-ChangeBit-Custom-
#17	NEW    cov: 58 ft: 59 corp: 7/10b lim: 4 exec/s: 0 rss: 945Mb L: 1/3 MS: 8 InsertByte-Custom-EraseBytes-Custom-ShuffleBytes-Custom-ChangeBit-Custom-
#18	NEW    cov: 59 ft: 64 corp: 8/11b lim: 4 exec/s: 0 rss: 945Mb L: 1/3 MS: 2 ChangeByte-Custom-
#19	NEW    cov: 60 ft: 65 corp: 9/12b lim: 4 exec/s: 0 rss: 945Mb L: 1/3 MS: 2 ChangeByte-Custom-
#23	NEW    cov: 67 ft: 72 corp: 10/14b lim: 4 exec/s: 0 rss: 945Mb L: 2/3 MS: 8 ShuffleBytes-Custom-ChangeASCIIInt-Custom-InsertByte-Custom-EraseBytes-Custom-
#25	NEW    cov: 68 ft: 73 corp: 11/18b lim: 4 exec/s: 0 rss: 945Mb L: 4/4 MS: 4 InsertByte-Custom-CopyPart-Custom-
#29	NEW    cov: 88 ft: 93 corp: 12/22b lim: 4 exec/s: 0 rss: 945Mb L: 4/4 MS: 8 EraseBytes-Custom-CopyPart-Custom-ChangeByte-Custom-ChangeByte-Custom-
#30	NEW    cov: 91 ft: 96 corp: 13/26b lim: 4 exec/s: 0 rss: 945Mb L: 4/4 MS: 2 ChangeBinInt-Custom-
#31	NEW    cov: 94 ft: 99 corp: 14/27b lim: 4 exec/s: 0 rss: 945Mb L: 1/4 MS: 2 ChangeBit-Custom-
#33	NEW    cov: 95 ft: 100 corp: 15/30b lim: 4 exec/s: 0 rss: 945Mb L: 3/4 MS: 4 ChangeBit-Custom-CopyPart-Custom-
#36	NEW    cov: 100 ft: 109 corp: 16/32b lim: 4 exec/s: 0 rss: 945Mb L: 2/4 MS: 6 CopyPart-Custom-ChangeBit-Custom-EraseBytes-Custom-
#40	NEW    cov: 102 ft: 111 corp: 17/35b lim: 4 exec/s: 0 rss: 945Mb L: 3/4 MS: 8 EraseBytes-Custom-ChangeBit-Custom-CrossOver-Custom-InsertByte-Custom-
#41	NEW    cov: 107 ft: 116 corp: 18/36b lim: 4 exec/s: 0 rss: 945Mb L: 1/4 MS: 2 ChangeBit-Custom-
#43	NEW    cov: 110 ft: 119 corp: 19/40b lim: 4 exec/s: 0 rss: 945Mb L: 4/4 MS: 4 InsertByte-Custom-ChangeBit-Custom-
INFO: using inputs from: /tmp/bugrun/lang_37.VkYZJJ/.cifuzz-corpus/com.example.algorithm2.Algorithm2Test/testParameterizedFuzzer
INFO: using inputs from: /tmp/jazzer-java-seeds7502700874849481659
INFO: New number of coverage counters: 4096
#46	NEW    cov: 118 ft: 127 corp: 20/41b lim: 4 exec/s: 0 rss: 948Mb L: 1/4 MS: 6 ShuffleBytes-Custom-CrossOver-Custom-ChangeBit-Custom-
#48	NEW    cov: 120 ft: 129 corp: 21/42b lim: 4 exec/s: 0 rss: 948Mb L: 1/4 MS: 4 EraseBytes-Custom-ChangeBit-Custom-
#51	NEW    cov: 123 ft: 134 corp: 22/46b lim: 4 exec/s: 0 rss: 948Mb L: 4/4 MS: 6 ChangeBinInt-Custom-ChangeBinInt-Custom-ShuffleBytes-Custom-
#53	NEW    cov: 123 ft: 137 corp: 23/48b lim: 4 exec/s: 0 rss: 948Mb L: 2/4 MS: 4 ShuffleBytes-Custom-ChangeBinInt-Custom-
#55	NEW    cov: 126 ft: 140 corp: 24/49b lim: 4 exec/s: 0 rss: 948Mb L: 1/4 MS: 4 ChangeByte-Custom-ChangeByte-Custom-
#56	NEW    cov: 128 ft: 142 corp: 25/50b lim: 4 exec/s: 0 rss: 948Mb L: 1/4 MS: 2 ChangeByte-Custom-
#65	NEW    cov: 128 ft: 149 corp: 26/54b lim: 4 exec/s: 0 rss: 948Mb L: 4/4 MS: 8 CrossOver-Custom-ShuffleBytes-Custom-CrossOver-Custom-ChangeByte-Custom-
#66	NEW    cov: 129 ft: 150 corp: 27/55b lim: 4 exec/s: 0 rss: 948Mb L: 1/4 MS: 2 ChangeBit-Custom-
#70	NEW    cov: 142 ft: 164 corp: 28/56b lim: 4 exec/s: 0 rss: 948Mb L: 1/4 MS: 8 ShuffleBytes-Custom-ChangeByte-Custom-CrossOver-Custom-ChangeByte-Custom-
#75	NEW    cov: 145 ft: 167 corp: 29/59b lim: 4 exec/s: 0 rss: 948Mb L: 3/4 MS: 10 EraseBytes-Custom-CopyPart-Custom-CrossOver-Custom-CrossOver-Custom-ChangeBit-Custom-
#81	NEW    cov: 147 ft: 169 corp: 30/61b lim: 4 exec/s: 0 rss: 949Mb L: 2/4 MS: 2 InsertByte-Custom-
#83	NEW    cov: 150 ft: 172 corp: 31/62b lim: 4 exec/s: 0 rss: 949Mb L: 1/4 MS: 4 EraseBytes-Custom-ChangeByte-Custom-
#84	NEW    cov: 151 ft: 173 corp: 32/64b lim: 4 exec/s: 0 rss: 949Mb L: 2/4 MS: 2 EraseBytes-Custom-
#86	NEW    cov: 157 ft: 179 corp: 33/66b lim: 4 exec/s: 0 rss: 949Mb L: 2/4 MS: 4 InsertByte-Custom-ChangeBit-Custom-
#93	NEW    cov: 168 ft: 190 corp: 34/67b lim: 4 exec/s: 0 rss: 949Mb L: 1/4 MS: 4 ChangeBit-Custom-ChangeByte-Custom-
#94	NEW    cov: 174 ft: 196 corp: 35/69b lim: 4 exec/s: 0 rss: 949Mb L: 2/4 MS: 2 ChangeBinInt-Custom-
#95	NEW    cov: 177 ft: 199 corp: 36/70b lim: 4 exec/s: 0 rss: 949Mb L: 1/4 MS: 2 ChangeBit-Custom-
#101	NEW    cov: 180 ft: 202 corp: 37/71b lim: 4 exec/s: 0 rss: 949Mb L: 1/4 MS: 2 ChangeBit-Custom-
#104	NEW    cov: 181 ft: 203 corp: 38/72b lim: 4 exec/s: 0 rss: 949Mb L: 1/4 MS: 6 ShuffleBytes-Custom-ChangeByte-Custom-CrossOver-Custom-
#105	NEW    cov: 183 ft: 205 corp: 39/73b lim: 4 exec/s: 0 rss: 949Mb L: 1/4 MS: 2 ChangeByte-Custom-
#106	NEW    cov: 184 ft: 206 corp: 40/75b lim: 4 exec/s: 0 rss: 949Mb L: 2/4 MS: 2 EraseBytes-Custom-
#110	NEW    cov: 187 ft: 209 corp: 41/78b lim: 4 exec/s: 0 rss: 949Mb L: 3/4 MS: 8 ShuffleBytes-Custom-CrossOver-Custom-ShuffleBytes-Custom-InsertByte-Custom-
#111	NEW    cov: 192 ft: 214 corp: 42/80b lim: 4 exec/s: 0 rss: 949Mb L: 2/4 MS: 2 InsertByte-Custom-
MS: 2 ChangeByte-Custom-; base unit: 5bab61eb53176449e25c2c82f172b82cb13ffb9d
0x5b,
[
artifact_prefix='/tmp/bugrun/lang_37.VkYZJJ/'; Test unit written to /tmp/bugrun/lang_37.VkYZJJ/crash-1e5c2f367f02e47a8c160cda1cd9d91decbac441
Base64: Ww==
Done 112 runs in 0 second(s)
INFO: Instrumented org.apache.commons.lang3.ArrayUtils (took 224 ms, size +20%)
DEDUP_TOKEN: fb1453af9d5470c5
[ERROR] Tests run: 2, Failures: 0, Errors: 1, Skipped: 0, Time elapsed: 10.20 s <<< FAILURE! -- in com.example.algorithm2.Algorithm2Test
[ERROR] com.example.algorithm2.Algorithm2Test.testParameterizedFuzzer(FuzzedDataProvider)[2] -- Time elapsed: 0.510 s <<< ERROR!
java.lang.IllegalArgumentException: Minimum abbreviation width is 4
	at org.apache.commons.lang3.StringUtils.abbreviate(StringUtils.java:5488)
	at org.apache.commons.lang3.StringUtils.abbreviate(StringUtils.java:5445)
	at java.base/jdk.internal.reflect.NativeMethodAccessorImpl.invoke0(Native Method)
	at java.base/jdk.internal.reflect.NativeMethodAccessorImpl.invoke(NativeMethodAccessorImpl.java:62)
	at java.base/jdk.internal.reflect.DelegatingMethodAccessorImpl.invoke(DelegatingMethodAccessorImpl.java:43)
	at java.base/java.lang.reflect.Method.invoke(Method.java:566)
	at com.example.algorithm2.Algorithm2Test.testParameterizedFuzzer(Algorithm2Test.java:226)

[INFO] 
[INFO] Results:
[INFO] 
[ERROR] Errors: 
[ERROR]   Algorithm2Test.testParameterizedFuzzer:226 » IllegalArgument Minimum abbreviation width is 4
[INFO] 
[ERROR] Tests run: 2, Failures: 0, Errors: 1, Skipped: 0
[INFO] 
[ERROR] 

Please refer to /tmp/bugrun/lang_37.VkYZJJ/target/surefire-reports for the individual test results.
Please refer to dump files (if any exist) [date].dump, [date]-jvmRun[N].dump and [date].dumpstream.
[INFO] 
[INFO] --- jacoco:0.8.11:report (default-cli) @ AlgorithmName2 ---
[INFO] Loading execution data file /tmp/bugrun/lang_37.VkYZJJ/target/jacoco.exec
[INFO] Analyzed bundle 'AlgorithmName2' with 118 classes
[INFO] ------------------------------------------------------------------------
[INFO] BUILD SUCCESS
[INFO] ------------------------------------------------------------------------
[INFO] Total time:  26.747 s
[INFO] Finished at: 2026-10-06T03:50:15+07:00
[INFO] ------------------------------------------------------------------------
