[INFO] Scanning for projects...
[INFO] 
[INFO] ---------------------< com.example:AlgorithmName2 >---------------------
[INFO] Building AlgorithmName2 1.0-SNAPSHOT
[INFO]   from pom.xml
[INFO] --------------------------------[ jar ]---------------------------------
[INFO] 
[INFO] --- jacoco:0.8.11:prepare-agent (default) @ AlgorithmName2 ---
[INFO] argLine set to -javaagent:/home/kanyaphak673380391-3/.m2/repository/org/jacoco/org.jacoco.agent/0.8.11/org.jacoco.agent-0.8.11-runtime.jar=destfile=/tmp/bugrun/jxpath_1.33Dehi/target/jacoco.exec
[INFO] 
[INFO] --- resources:3.4.0:resources (default-resources) @ AlgorithmName2 ---
[INFO] Copying 1 resource from src/main/resources to target/classes
[INFO] 
[INFO] --- compiler:3.15.0:compile (default-compile) @ AlgorithmName2 ---
[INFO] Recompiling the module because of changed source code.
[INFO] Compiling 1 source file with javac [debug target 1.8] to target/classes
[WARNING] bootstrap class path not set in conjunction with -source 8
[INFO] 
[INFO] --- dependency:3.6.0:unpack-dependencies (unpack-defects4j) @ AlgorithmName2 ---
[INFO] 
[INFO] --- resources:3.4.0:testResources (default-testResources) @ AlgorithmName2 ---
[INFO] skip non existing resourceDirectory /tmp/bugrun/jxpath_1.33Dehi/src/test/resources
[INFO] 
[INFO] --- compiler:3.15.0:testCompile (default-testCompile) @ AlgorithmName2 ---
[INFO] Recompiling the module because of changed dependency.
[INFO] Compiling 1 source file with javac [debug target 1.8] to target/test-classes
[WARNING] bootstrap class path not set in conjunction with -source 8
[INFO] 
[INFO] --- surefire:3.1.2:test (default-cli) @ AlgorithmName2 ---
[INFO] Using auto detected provider org.apache.maven.surefire.junitplatform.JUnitPlatformProvider
[INFO] 
[INFO] -------------------------------------------------------
[INFO]  T E S T S
[INFO] -------------------------------------------------------
[INFO] Running com.example.algorithm2.Algorithm2Test
OpenJDK 64-Bit Server VM warning: Sharing is only supported for boot loader classes because bootstrap classpath has been appended
INFO: Loaded 281 hooks from com.code_intelligence.jazzer.runtime.TraceCmpHooks
INFO: Loaded 5 hooks from com.code_intelligence.jazzer.runtime.TraceDivHooks
INFO: Loaded 2 hooks from com.code_intelligence.jazzer.runtime.TraceIndirHooks
INFO: Loaded 4 hooks from com.code_intelligence.jazzer.runtime.NativeLibHooks
INFO: Loaded 2 hooks from com.code_intelligence.jazzer.sanitizers.ClojureLangHooks
INFO: Loaded 5 hooks from com.code_intelligence.jazzer.sanitizers.Deserialization
INFO: Loaded 5 hooks from com.code_intelligence.jazzer.sanitizers.ExpressionLanguageInjection
INFO: Loaded 70 hooks from com.code_intelligence.jazzer.sanitizers.LdapInjection
INFO: Loaded 46 hooks from com.code_intelligence.jazzer.sanitizers.NamingContextLookup
INFO: Loaded 1 hooks from com.code_intelligence.jazzer.sanitizers.OsCommandInjection
INFO: Loaded 52 hooks from com.code_intelligence.jazzer.sanitizers.ReflectiveCall
INFO: Loaded 8 hooks from com.code_intelligence.jazzer.sanitizers.RegexInjection
INFO: Loaded 16 hooks from com.code_intelligence.jazzer.sanitizers.RegexRoadblocks
INFO: Loaded 18 hooks from com.code_intelligence.jazzer.sanitizers.ScriptEngineInjection
INFO: Loaded 2 hooks from com.code_intelligence.jazzer.sanitizers.ServerSideRequestForgery
INFO: Loaded 19 hooks from com.code_intelligence.jazzer.sanitizers.SqlInjection
INFO: Loaded 6 hooks from com.code_intelligence.jazzer.sanitizers.XPathInjection
INFO: Instrumented com.example.algorithm2.Algorithm2Test$Skip (took 221 ms, size +44%)
INFO: Instrumented com.example.algorithm2.Algorithm2Test (took 213 ms, size +27%)
INFO: Instrumented org.apache.commons.jxpath.JXPathContext (took 183 ms, size +13%)
INFO: Instrumented org.apache.commons.jxpath.Variables (took 1 ms, size +0%)
INFO: Instrumented org.apache.commons.jxpath.Functions (took 0 ms, size +0%)
INFO: Instrumented org.apache.commons.jxpath.JXPathException (took 24 ms, size +25%)
INFO: New number of coverage counters: 1024
INFO: Instrumented org.apache.commons.jxpath.PackageFunctions (took 33 ms, size +38%)
INFO: Instrumented org.apache.commons.jxpath.Function (took 1 ms, size +0%)
INFO: Instrumented org.apache.commons.jxpath.CompiledExpression (took 22 ms, size +0%)
INFO: Instrumented org.apache.commons.jxpath.AbstractFactory (took 11 ms, size +34%)
INFO: Instrumented org.apache.commons.jxpath.Pointer (took 2 ms, size +0%)
INFO: Instrumented org.apache.commons.jxpath.IdentityManager (took 13 ms, size +0%)
INFO: Instrumented org.apache.commons.jxpath.KeyManager (took 0 ms, size +0%)
[harness] target=org.apache.commons.jxpath.JXPathContext factories=1 methods=41
INFO: Instrumented org.apache.commons.jxpath.JXPathContextFactory (took 28 ms, size +28%)
INFO: Instrumented org.apache.commons.jxpath.JXPathContextFactoryConfigurationError (took 14 ms, size +30%)
INFO: Instrumented org.apache.commons.jxpath.ri.JXPathContextFactoryReferenceImpl (took 18 ms, size +33%)
INFO: Instrumented org.apache.commons.jxpath.ri.JXPathContextReferenceImpl (took 338 ms, size +13%)
INFO: Instrumented org.apache.commons.jxpath.ri.Compiler (took 2 ms, size +0%)
INFO: Instrumented org.apache.commons.jxpath.JXPathNotFoundException (took 12 ms, size +47%)
INFO: Instrumented org.apache.commons.jxpath.JXPathTypeConversionException (took 8 ms, size +38%)
INFO: Instrumented org.apache.commons.jxpath.JXPathFunctionNotFoundException (took 23 ms, size +45%)
INFO: New number of coverage counters: 2048
INFO: Instrumented org.apache.commons.jxpath.ri.model.NodePointer (took 286 ms, size +17%)
INFO: Instrumented org.apache.commons.jxpath.ri.model.VariablePointer (took 187 ms, size +16%)
INFO: Instrumented org.apache.commons.jxpath.ri.EvalContext (took 104 ms, size +25%)
INFO: Instrumented org.apache.commons.jxpath.ExpressionContext (took 0 ms, size +0%)
INFO: Instrumented org.apache.commons.jxpath.ri.axes.RootContext (took 79 ms, size +17%)
INFO: Instrumented org.apache.commons.jxpath.ri.axes.InitialContext (took 16 ms, size +33%)
INFO: Instrumented org.apache.commons.jxpath.JXPathInvalidSyntaxException (took 3 ms, size +46%)
INFO: Instrumented org.apache.commons.jxpath.ri.compiler.TreeCompiler (took 146 ms, size +12%)
INFO: Instrumented org.apache.commons.jxpath.ri.QName (took 31 ms, size +55%)
INFO: Instrumented org.apache.commons.jxpath.ri.model.beans.CollectionPointerFactory (took 20 ms, size +31%)
INFO: Instrumented org.apache.commons.jxpath.ri.model.NodePointerFactory (took 0 ms, size +0%)
INFO: Instrumented org.apache.commons.jxpath.ri.model.beans.CollectionPointer (took 93 ms, size +15%)
INFO: Instrumented org.apache.commons.jxpath.ri.model.beans.BeanPointerFactory (took 35 ms, size +19%)
INFO: Instrumented org.apache.commons.jxpath.ri.model.beans.NullPointer (took 53 ms, size +17%)
INFO: Instrumented org.apache.commons.jxpath.ri.model.beans.PropertyOwnerPointer (took 72 ms, size +19%)
INFO: Instrumented org.apache.commons.jxpath.ri.model.beans.BeanPointer (took 39 ms, size +28%)
INFO: Instrumented org.apache.commons.jxpath.ri.model.dynamic.DynamicPointerFactory (took 13 ms, size +22%)
INFO: Instrumented org.apache.commons.jxpath.ri.model.dynamic.DynamicPointer (took 49 ms, size +17%)
INFO: Instrumented org.apache.commons.jxpath.ri.model.dom.DOMPointerFactory (took 17 ms, size +31%)
INFO: New number of coverage counters: 4096
INFO: Instrumented org.apache.commons.jxpath.ri.model.dom.DOMNodePointer (took 201 ms, size +26%)
INFO: Instrumented org.apache.commons.jxpath.ri.model.container.ContainerPointerFactory (took 6 ms, size +30%)
INFO: Instrumented org.apache.commons.jxpath.ri.model.container.ContainerPointer (took 70 ms, size +18%)
INFO: Instrumented org.apache.commons.jxpath.ri.JXPathContextReferenceImpl$1 (took 16 ms, size +35%)
INFO: Instrumented org.apache.commons.jxpath.util.ValueUtils (took 114 ms, size +25%)
INFO: Instrumented org.apache.commons.jxpath.Container (took 0 ms, size +0%)
INFO: Instrumented org.apache.commons.jxpath.JXPathIntrospector (took 10 ms, size +36%)
INFO: Instrumented org.apache.commons.jxpath.JXPathBeanInfo (took 0 ms, size +0%)
INFO: Instrumented org.apache.commons.jxpath.JXPathBasicBeanInfo (took 9 ms, size +26%)
INFO: Instrumented org.apache.commons.jxpath.MapDynamicPropertyHandler (took 15 ms, size +35%)
INFO: Instrumented org.apache.commons.jxpath.DynamicPropertyHandler (took 1 ms, size +0%)
INFO: Instrumented org.apache.commons.jxpath.JXPathInvalidAccessException (took 5 ms, size +39%)
INFO: Instrumented org.apache.commons.jxpath.ri.model.NodeIterator (took 0 ms, size +0%)
INFO: Instrumented org.apache.commons.jxpath.ri.model.beans.PropertyPointer (took 23 ms, size +21%)
INFO: Instrumented org.apache.commons.jxpath.ri.model.beans.BeanPropertyPointer (took 41 ms, size +19%)
INFO: Instrumented org.apache.commons.jxpath.ri.NamespaceResolver (took 43 ms, size +28%)
INFO: found LLVMFuzzerCustomMutator (0x792d0ea6dcd0). Disabling -len_control by default.
INFO: Running with entropic power schedule (0xFF, 100).
INFO: Seed: 1724623842
INFO: using inputs from: /tmp/bugrun/jxpath_1.33Dehi/.cifuzz-corpus/com.example.algorithm2.Algorithm2Test/testParameterizedFuzzer
INFO: using inputs from: /tmp/jazzer-java-seeds6404005227414389788
INFO: Loaded 4 modules   (4096 inline 8-bit counters): 512 [0x792e10bff0d0, 0x792e10bff2d0), 512 [0x792e10bff2d0, 0x792e10bff4d0), 1024 [0x792e10bff4d0, 0x792e10bff8d0), 2048 [0x792e10bff8d0, 0x792e10c000d0), 
INFO: Loaded 4 PC tables (4096 PCs): 512 [0x792e10b577f0,0x792e10b597f0), 512 [0x792e107587a0,0x792e1075a7a0), 1024 [0x792e107d5d70,0x792e107d9d70), 2048 [0x792e10d045e0,0x792e10d0c5e0), 
INFO:        0 files found in /tmp/bugrun/jxpath_1.33Dehi/.cifuzz-corpus/com.example.algorithm2.Algorithm2Test/testParameterizedFuzzer
INFO:        0 files found in /tmp/jazzer-java-seeds6404005227414389788
INFO: -max_len is not provided; libFuzzer will not generate inputs larger than 4096 bytes
INFO: A corpus is not provided, starting from an empty corpus
INFO: Instrumented org.apache.commons.jxpath.ri.Parser (took 22 ms, size +23%)
INFO: Instrumented org.apache.commons.jxpath.ri.parser.TokenMgrError (took 58 ms, size +21%)
INFO: Instrumented org.apache.commons.jxpath.ri.parser.ParseException (took 45 ms, size +22%)
INFO: New number of coverage counters: 8192
INFO: Instrumented org.apache.commons.jxpath.ri.parser.XPathParser (took 1620 ms, size +29%)
INFO: Instrumented org.apache.commons.jxpath.ri.parser.XPathParserConstants (took 10 ms, size +9%)
INFO: Instrumented org.apache.commons.jxpath.ri.parser.XPathParser$JJCalls (took 3 ms, size +45%)
INFO: Instrumented org.apache.commons.jxpath.ri.parser.SimpleCharStream (took 42 ms, size +18%)
#2	pulse  ft: 330 exec/s: 1 rss: 1276Mb
#2	INITED cov: 330 ft: 330 corp: 1/1b exec/s: 1 rss: 1276Mb
#3	NEW    cov: 334 ft: 372 corp: 2/3b lim: 4 exec/s: 1 rss: 1276Mb L: 2/2 MS: 2 CopyPart-Custom-
#4	pulse  cov: 334 ft: 380 corp: 2/3b lim: 4 exec/s: 2 rss: 1276Mb
#4	NEW    cov: 339 ft: 380 corp: 3/4b lim: 4 exec/s: 2 rss: 1276Mb L: 1/2 MS: 2 ChangeBit-Custom-
#6	REDUCE cov: 339 ft: 380 corp: 3/3b lim: 4 exec/s: 3 rss: 1276Mb L: 1/1 MS: 4 ShuffleBytes-Custom-EraseBytes-Custom-
#8	pulse  cov: 339 ft: 380 corp: 3/3b lim: 4 exec/s: 4 rss: 1276Mb
INFO: Instrumented org.apache.commons.jxpath.ri.parser.XPathParserTokenManager (took 328 ms, size +22%)
INFO: Instrumented org.apache.commons.jxpath.ri.parser.Token (took 10 ms, size +38%)
#16	pulse  cov: 339 ft: 380 corp: 3/3b lim: 4 exec/s: 8 rss: 1277Mb
#17	NEW    cov: 341 ft: 382 corp: 4/4b lim: 4 exec/s: 8 rss: 1277Mb L: 1/1 MS: 2 ChangeByte-Custom-
#18	NEW    cov: 344 ft: 385 corp: 5/5b lim: 4 exec/s: 9 rss: 1277Mb L: 1/1 MS: 2 ChangeByte-Custom-
#26	NEW    cov: 345 ft: 393 corp: 6/7b lim: 4 exec/s: 13 rss: 1277Mb L: 2/2 MS: 6 CopyPart-Custom-CrossOver-Custom-ChangeByte-Custom-
#28	REDUCE cov: 346 ft: 394 corp: 7/9b lim: 4 exec/s: 14 rss: 1278Mb L: 2/2 MS: 4 InsertByte-Custom-ShuffleBytes-Custom-
INFO: Instrumented org.apache.commons.jxpath.ri.model.beans.NullPropertyPointer (took 23 ms, size +22%)
#29	REDUCE cov: 355 ft: 447 corp: 8/10b lim: 4 exec/s: 14 rss: 1278Mb L: 1/2 MS: 2 ChangeBit-Custom-
#31	REDUCE cov: 355 ft: 447 corp: 8/9b lim: 4 exec/s: 15 rss: 1281Mb L: 1/2 MS: 4 ShuffleBytes-Custom-EraseBytes-Custom-
#32	pulse  cov: 355 ft: 447 corp: 8/9b lim: 4 exec/s: 16 rss: 1281Mb
INFO: Instrumented org.apache.commons.jxpath.ri.JXPathCompiledExpression (took 22 ms, size +14%)
#35	NEW    cov: 355 ft: 455 corp: 9/11b lim: 4 exec/s: 17 rss: 1289Mb L: 2/2 MS: 8 CrossOver-Custom-CrossOver-Custom-CMP-Custom-CrossOver-Custom- DE: "\011\000"-
#50	NEW    cov: 357 ft: 457 corp: 10/15b lim: 4 exec/s: 25 rss: 1289Mb L: 4/4 MS: 10 ChangeByte-Custom-ShuffleBytes-Custom-CrossOver-Custom-InsertByte-Custom-ChangeBinInt-Custom-
#57	NEW    cov: 358 ft: 458 corp: 11/17b lim: 4 exec/s: 28 rss: 1299Mb L: 2/4 MS: 4 CrossOver-Custom-ChangeBit-Custom-
#58	REDUCE cov: 358 ft: 458 corp: 11/16b lim: 4 exec/s: 29 rss: 1300Mb L: 3/3 MS: 2 EraseBytes-Custom-
MS: 4 ShuffleBytes-Custom-ChangeBit-Custom-; base unit: ebdc2288a14298f5f7adf08e069b39fc42cbd909
0x9a,
\232
artifact_prefix='/tmp/bugrun/jxpath_1.33Dehi/'; Test unit written to /tmp/bugrun/jxpath_1.33Dehi/crash-13cba177bcfad90e7b3de70616b2e54ba4bb107f
Base64: mg==
Done 60 runs in 2 second(s)
DEDUP_TOKEN: a6267bf51ff57ab8
[ERROR] Tests run: 2, Failures: 0, Errors: 1, Skipped: 0, Time elapsed: 15.79 s <<< FAILURE! -- in com.example.algorithm2.Algorithm2Test
[ERROR] com.example.algorithm2.Algorithm2Test.testParameterizedFuzzer(FuzzedDataProvider)[2] -- Time elapsed: 3.415 s <<< ERROR!
org.apache.commons.jxpath.JXPathException: Cannot find an element by key - no KeyManager has been specified
	at org.apache.commons.jxpath.JXPathContext.getPointerByKey(JXPathContext.java:807)
	at java.base/jdk.internal.reflect.NativeMethodAccessorImpl.invoke0(Native Method)
	at java.base/jdk.internal.reflect.NativeMethodAccessorImpl.invoke(NativeMethodAccessorImpl.java:62)
	at java.base/jdk.internal.reflect.DelegatingMethodAccessorImpl.invoke(DelegatingMethodAccessorImpl.java:43)
	at java.base/java.lang.reflect.Method.invoke(Method.java:566)
	at com.example.algorithm2.Algorithm2Test.testParameterizedFuzzer(Algorithm2Test.java:226)

[INFO] 
[INFO] Results:
[INFO] 
[ERROR] Errors: 
[ERROR]   Algorithm2Test.testParameterizedFuzzer:226 » JXPath Cannot find an element by key - no KeyManager has been specified
[INFO] 
[ERROR] Tests run: 2, Failures: 0, Errors: 1, Skipped: 0
[INFO] 
[ERROR] 

Please refer to /tmp/bugrun/jxpath_1.33Dehi/target/surefire-reports for the individual test results.
Please refer to dump files (if any exist) [date].dump, [date]-jvmRun[N].dump and [date].dumpstream.
[INFO] 
[INFO] --- jacoco:0.8.11:report (default-cli) @ AlgorithmName2 ---
[INFO] Loading execution data file /tmp/bugrun/jxpath_1.33Dehi/target/jacoco.exec
[INFO] Analyzed bundle 'AlgorithmName2' with 155 classes
[INFO] ------------------------------------------------------------------------
[INFO] BUILD SUCCESS
[INFO] ------------------------------------------------------------------------
[INFO] Total time:  29.205 s
[INFO] Finished at: 2026-10-06T03:05:26+07:00
[INFO] ------------------------------------------------------------------------
