[INFO] Scanning for projects...
[INFO] 
[INFO] ---------------------< com.example:AlgorithmName2 >---------------------
[INFO] Building AlgorithmName2 1.0-SNAPSHOT
[INFO]   from pom.xml
[INFO] --------------------------------[ jar ]---------------------------------
[INFO] 
[INFO] --- jacoco:0.8.11:prepare-agent (default) @ AlgorithmName2 ---
[INFO] argLine set to -javaagent:/home/kanyaphak673380391-3/.m2/repository/org/jacoco/org.jacoco.agent/0.8.11/org.jacoco.agent-0.8.11-runtime.jar=destfile=/tmp/bugrun/math_39.1q8ycI/target/jacoco.exec
[INFO] 
[INFO] --- resources:3.4.0:resources (default-resources) @ AlgorithmName2 ---
[INFO] Copying 1 resource from src/main/resources to target/classes
[INFO] 
[INFO] --- compiler:3.15.0:compile (default-compile) @ AlgorithmName2 ---
[INFO] Recompiling the module because of changed source code.
[INFO] Compiling 1 source file with javac [debug target 1.8] to target/classes
[WARNING] bootstrap class path not set in conjunction with -source 8
[INFO] 
[INFO] --- dependency:3.6.0:unpack-dependencies (unpack-defects4j) @ AlgorithmName2 ---
[INFO] 
[INFO] --- resources:3.4.0:testResources (default-testResources) @ AlgorithmName2 ---
[INFO] skip non existing resourceDirectory /tmp/bugrun/math_39.1q8ycI/src/test/resources
[INFO] 
[INFO] --- compiler:3.15.0:testCompile (default-testCompile) @ AlgorithmName2 ---
[INFO] Recompiling the module because of changed dependency.
[INFO] Compiling 1 source file with javac [debug target 1.8] to target/test-classes
[WARNING] bootstrap class path not set in conjunction with -source 8
[INFO] 
[INFO] --- surefire:3.1.2:test (default-cli) @ AlgorithmName2 ---
[INFO] Using auto detected provider org.apache.maven.surefire.junitplatform.JUnitPlatformProvider
[INFO] 
[INFO] -------------------------------------------------------
[INFO]  T E S T S
[INFO] -------------------------------------------------------
[INFO] Running com.example.algorithm2.Algorithm2Test
OpenJDK 64-Bit Server VM warning: Sharing is only supported for boot loader classes because bootstrap classpath has been appended
INFO: Loaded 283 hooks from com.code_intelligence.jazzer.runtime.TraceCmpHooks
INFO: Loaded 5 hooks from com.code_intelligence.jazzer.runtime.TraceDivHooks
INFO: Loaded 2 hooks from com.code_intelligence.jazzer.runtime.TraceIndirHooks
INFO: Loaded 4 hooks from com.code_intelligence.jazzer.runtime.NativeLibHooks
INFO: Loaded 2 hooks from com.code_intelligence.jazzer.sanitizers.ClojureLangHooks
INFO: Loaded 5 hooks from com.code_intelligence.jazzer.sanitizers.Deserialization
INFO: Loaded 5 hooks from com.code_intelligence.jazzer.sanitizers.ExpressionLanguageInjection
INFO: Loaded 70 hooks from com.code_intelligence.jazzer.sanitizers.LdapInjection
INFO: Loaded 46 hooks from com.code_intelligence.jazzer.sanitizers.NamingContextLookup
INFO: Loaded 1 hooks from com.code_intelligence.jazzer.sanitizers.OsCommandInjection
INFO: Loaded 52 hooks from com.code_intelligence.jazzer.sanitizers.ReflectiveCall
INFO: Loaded 8 hooks from com.code_intelligence.jazzer.sanitizers.RegexInjection
INFO: Loaded 16 hooks from com.code_intelligence.jazzer.sanitizers.RegexRoadblocks
INFO: Loaded 18 hooks from com.code_intelligence.jazzer.sanitizers.ScriptEngineInjection
INFO: Loaded 2 hooks from com.code_intelligence.jazzer.sanitizers.ServerSideRequestForgery
INFO: Loaded 19 hooks from com.code_intelligence.jazzer.sanitizers.SqlInjection
INFO: Loaded 6 hooks from com.code_intelligence.jazzer.sanitizers.XPathInjection
INFO: Instrumented com.example.algorithm2.Algorithm2Test$Skip (took 283 ms, size +44%)
INFO: Instrumented com.example.algorithm2.Algorithm2Test (took 213 ms, size +27%)
INFO: New number of coverage counters: 1024
INFO: Instrumented org.apache.commons.math.util.Precision (took 142 ms, size +27%)
INFO: Instrumented org.apache.commons.math.exception.MathArithmeticException (took 10 ms, size +25%)
INFO: Instrumented org.apache.commons.math.exception.util.ExceptionContextProvider (took 2 ms, size +0%)
INFO: Instrumented org.apache.commons.math.exception.util.Localizable (took 6 ms, size +0%)
INFO: Instrumented org.apache.commons.math.exception.MathIllegalArgumentException (took 11 ms, size +27%)
[harness] Fallback target loaded: org.apache.commons.math.util.Precision (original was org.apache.commons.math3.util.Precision)
[harness] target=org.apache.commons.math.util.Precision factories=1 methods=19
INFO: New number of coverage counters: 2048
INFO: Instrumented org.apache.commons.math.util.FastMath (took 151 ms, size +16%)
INFO: found LLVMFuzzerCustomMutator (0x7d6a24e6ecd0). Disabling -len_control by default.
INFO: Running with entropic power schedule (0xFF, 100).
INFO: Seed: 3064385241
INFO: Loaded 3 modules   (2048 inline 8-bit counters): 512 [0x7d6abcb2f810, 0x7d6abcb2fa10), 512 [0x7d6abcb2fa10, 0x7d6abcb2fc10), 1024 [0x7d6abcb2fc10, 0x7d6abcb30010), 
INFO: Loaded 3 PC tables (2048 PCs): 512 [0x7d6abc9ab440,0x7d6abc9ad440), 512 [0x7d6abc6b5b30,0x7d6abc6b7b30), 1024 [0x7d6abcc459b0,0x7d6abcc499b0), 
INFO:        0 files found in /tmp/bugrun/math_39.1q8ycI/.cifuzz-corpus/com.example.algorithm2.Algorithm2Test/testParameterizedFuzzer
INFO:        0 files found in /tmp/jazzer-java-seeds5831551536719527338
INFO: -max_len is not provided; libFuzzer will not generate inputs larger than 4096 bytes
INFO: A corpus is not provided, starting from an empty corpus
#2	INITED cov: 47 ft: 47 corp: 1/1b exec/s: 0 rss: 844Mb
#4	NEW    cov: 69 ft: 75 corp: 2/3b lim: 4 exec/s: 0 rss: 844Mb L: 2/2 MS: 4 CrossOver-Custom-ChangeBit-Custom-
#6	NEW    cov: 78 ft: 96 corp: 3/4b lim: 4 exec/s: 0 rss: 845Mb L: 1/2 MS: 4 ShuffleBytes-Custom-ChangeByte-Custom-
#7	NEW    cov: 81 ft: 99 corp: 4/6b lim: 4 exec/s: 0 rss: 845Mb L: 2/2 MS: 2 ChangeByte-Custom-
#9	NEW    cov: 86 ft: 106 corp: 5/9b lim: 4 exec/s: 0 rss: 845Mb L: 3/3 MS: 4 InsertByte-Custom-CopyPart-Custom-
INFO: #10	NEW    cov: 90 ft: 110 corp: 6/11b lim: 4 exec/s: 0 rss: 845Mb L: 2/3 MS: 2 InsertByte-Custom-
#14	NEW    cov: 106 ft: 128 corp: 7/15b lim: 4 exec/s: 0 rss: 846Mb L: 4/4 MS: 8 CopyPart-Custom-InsertByte-Custom-CopyPart-Custom-ChangeByte-Custom-
#15	NEW    cov: 106 ft: 130 corp: 8/17b lim: 4 exec/s: 0 rss: 846Mb L: 2/4 MS: 2 ShuffleBytes-Custom-
#16	NEW    cov: 110 ft: 136 corp: 9/18b lim: 4 exec/s: 0 rss: 846Mb L: 1/4 MS: 2 ChangeBinInt-Custom-
using inputs from: /tmp/bugrun/math_39.1q8ycI/.cifuzz-corpus/com.example.algorithm2.Algorithm2Test/testParameterizedFuzzer
INFO: #22	NEW    cov: 112 ft: 138 corp: 10/20b lim: 4 exec/s: 0 rss: 846Mb L: 2/4 MS: 2 ChangeBinInt-Custom-
#25	REDUCE cov: 112 ft: 138 corp: 10/19b lim: 4 exec/s: 0 rss: 846Mb L: 2/4 MS: 6 CopyPart-Custom-EraseBytes-Custom-ShuffleBytes-Custom-
using inputs from: /tmp/jazzer-java-seeds5831551536719527338
#26	NEW    cov: 116 ft: 144 corp: 11/21b lim: 4 exec/s: 0 rss: 846Mb L: 2/4 MS: 2 ChangeBinInt-Custom-
#30	NEW    cov: 125 ft: 153 corp: 12/22b lim: 4 exec/s: 0 rss: 846Mb L: 1/4 MS: 8 EraseBytes-Custom-InsertByte-Custom-EraseBytes-Custom-ChangeByte-Custom-
#33	NEW    cov: 128 ft: 156 corp: 13/24b lim: 4 exec/s: 0 rss: 846Mb L: 2/4 MS: 6 CopyPart-Custom-CopyPart-Custom-ChangeBit-Custom-
#39	NEW    cov: 130 ft: 158 corp: 14/27b lim: 4 exec/s: 0 rss: 846Mb L: 3/4 MS: 2 CopyPart-Custom-
#41	NEW    cov: 132 ft: 160 corp: 15/30b lim: 4 exec/s: 0 rss: 846Mb L: 3/4 MS: 4 CopyPart-Custom-InsertByte-Custom-
#43	REDUCE cov: 134 ft: 162 corp: 16/32b lim: 4 exec/s: 0 rss: 846Mb L: 2/4 MS: 4 ShuffleBytes-Custom-ChangeBit-Custom-
#44	NEW    cov: 136 ft: 164 corp: 17/33b lim: 4 exec/s: 0 rss: 846Mb L: 1/4 MS: 2 ChangeBinInt-Custom-
#51	NEW    cov: 137 ft: 165 corp: 18/37b lim: 4 exec/s: 0 rss: 846Mb L: 4/4 MS: 4 ChangeByte-Custom-CopyPart-Custom-
#53	NEW    cov: 139 ft: 167 corp: 19/41b lim: 4 exec/s: 0 rss: 846Mb L: 4/4 MS: 4 InsertByte-Custom-ChangeBit-Custom-
#54	REDUCE cov: 139 ft: 167 corp: 19/40b lim: 4 exec/s: 0 rss: 846Mb L: 1/4 MS: 2 EraseBytes-Custom-
#55	REDUCE cov: 139 ft: 167 corp: 19/38b lim: 4 exec/s: 0 rss: 846Mb L: 2/4 MS: 2 EraseBytes-Custom-
#57	NEW    cov: 141 ft: 169 corp: 20/39b lim: 4 exec/s: 0 rss: 846Mb L: 1/4 MS: 4 CrossOver-Custom-ChangeBit-Custom-
#84	NEW    cov: 143 ft: 171 corp: 21/41b lim: 4 exec/s: 0 rss: 846Mb L: 2/4 MS: 4 CrossOver-Custom-ChangeBinInt-Custom-
#85	NEW    cov: 143 ft: 173 corp: 22/42b lim: 4 exec/s: 0 rss: 846Mb L: 1/4 MS: 2 ChangeBit-Custom-
#102	NEW    cov: 147 ft: 177 corp: 23/44b lim: 4 exec/s: 0 rss: 846Mb L: 2/4 MS: 4 EraseBytes-Custom-ChangeByte-Custom-
#111	NEW    cov: 151 ft: 181 corp: 24/46b lim: 4 exec/s: 0 rss: 846Mb L: 2/4 MS: 8 ChangeByte-Custom-ShuffleBytes-Custom-ChangeByte-Custom-InsertByte-Custom-
#124	REDUCE cov: 151 ft: 181 corp: 24/45b lim: 4 exec/s: 0 rss: 846Mb L: 3/4 MS: 6 CrossOver-Custom-CopyPart-Custom-EraseBytes-Custom-
#127	NEW    cov: 153 ft: 183 corp: 25/46b lim: 4 exec/s: 0 rss: 846Mb L: 1/4 MS: 6 EraseBytes-Custom-EraseBytes-Custom-CrossOver-Custom-
#132	REDUCE cov: 154 ft: 184 corp: 26/49b lim: 4 exec/s: 0 rss: 846Mb L: 3/4 MS: 10 ChangeBit-Custom-ChangeByte-Custom-CMP-Custom-ShuffleBytes-Custom-InsertByte-Custom- DE: "\001\000"-
#167	NEW    cov: 155 ft: 185 corp: 27/53b lim: 4 exec/s: 0 rss: 846Mb L: 4/4 MS: 10 CrossOver-Custom-EraseBytes-Custom-PersAutoDict-Custom-CrossOver-Custom-ChangeBinInt-Custom- DE: "\001\000"-
#175	REDUCE cov: 155 ft: 185 corp: 27/52b lim: 4 exec/s: 0 rss: 846Mb L: 3/4 MS: 6 ChangeByte-Custom-CopyPart-Custom-EraseBytes-Custom-
#207	NEW    cov: 156 ft: 186 corp: 28/55b lim: 4 exec/s: 0 rss: 846Mb L: 3/4 MS: 4 ShuffleBytes-Custom-CrossOver-Custom-
#232	NEW    cov: 157 ft: 187 corp: 29/57b lim: 4 exec/s: 0 rss: 846Mb L: 2/4 MS: 10 ChangeBinInt-Custom-ChangeByte-Custom-ShuffleBytes-Custom-ChangeByte-Custom-CrossOver-Custom-
#255	REDUCE cov: 159 ft: 189 corp: 30/60b lim: 4 exec/s: 0 rss: 846Mb L: 3/4 MS: 6 ChangeBit-Custom-ChangeBit-Custom-InsertByte-Custom-
#257	NEW    cov: 161 ft: 191 corp: 31/63b lim: 4 exec/s: 0 rss: 846Mb L: 3/4 MS: 4 PersAutoDict-Custom-ShuffleBytes-Custom- DE: "\001\000"-
#313	NEW    cov: 162 ft: 192 corp: 32/65b lim: 4 exec/s: 0 rss: 846Mb L: 2/4 MS: 2 ChangeBit-Custom-
#419	REDUCE cov: 162 ft: 192 corp: 32/64b lim: 4 exec/s: 0 rss: 846Mb L: 1/4 MS: 2 EraseBytes-Custom-
#617	REDUCE cov: 162 ft: 192 corp: 32/63b lim: 4 exec/s: 0 rss: 846Mb L: 2/4 MS: 6 ChangeBit-Custom-ChangeBit-Custom-EraseBytes-Custom-
#679	NEW    cov: 163 ft: 193 corp: 33/67b lim: 4 exec/s: 0 rss: 846Mb L: 4/4 MS: 4 InsertByte-Custom-InsertByte-Custom-
#712	NEW    cov: 164 ft: 194 corp: 34/71b lim: 4 exec/s: 0 rss: 846Mb L: 4/4 MS: 6 ShuffleBytes-Custom-CrossOver-Custom-ChangeBit-Custom-
#748	REDUCE cov: 164 ft: 194 corp: 34/70b lim: 4 exec/s: 0 rss: 846Mb L: 2/4 MS: 2 EraseBytes-Custom-
#791	REDUCE cov: 164 ft: 194 corp: 34/68b lim: 4 exec/s: 0 rss: 846Mb L: 2/4 MS: 6 ChangeByte-Custom-CrossOver-Custom-EraseBytes-Custom-
#914	REDUCE cov: 164 ft: 194 corp: 34/67b lim: 4 exec/s: 0 rss: 846Mb L: 2/4 MS: 6 PersAutoDict-Custom-CopyPart-Custom-EraseBytes-Custom- DE: "\001\000"-
#1275	REDUCE cov: 164 ft: 194 corp: 34/66b lim: 6 exec/s: 0 rss: 846Mb L: 2/4 MS: 2 EraseBytes-Custom-
#1386	NEW    cov: 167 ft: 197 corp: 35/68b lim: 6 exec/s: 0 rss: 846Mb L: 2/4 MS: 2 ChangeBit-Custom-
#1512	REDUCE cov: 167 ft: 197 corp: 35/67b lim: 6 exec/s: 0 rss: 846Mb L: 2/4 MS: 2 EraseBytes-Custom-
#1767	NEW    cov: 168 ft: 198 corp: 36/75b lim: 8 exec/s: 0 rss: 849Mb L: 8/8 MS: 10 ChangeByte-Custom-InsertByte-Custom-EraseBytes-Custom-InsertRepeatedBytes-Custom-InsertByte-Custom-
#1848	REDUCE cov: 168 ft: 198 corp: 36/74b lim: 8 exec/s: 0 rss: 849Mb L: 1/8 MS: 2 EraseBytes-Custom-
INFO: Instrumented org.apache.commons.math.util.FastMath$lnMant (took 9 ms, size +43%)
#1966	NEW    cov: 225 ft: 257 corp: 37/82b lim: 8 exec/s: 0 rss: 849Mb L: 8/8 MS: 6 InsertRepeatedBytes-Custom-CrossOver-Custom-InsertByte-Custom-
#1978	REDUCE cov: 225 ft: 257 corp: 37/81b lim: 8 exec/s: 0 rss: 849Mb L: 2/8 MS: 4 ChangeBit-Custom-EraseBytes-Custom-
#2064	NEW    cov: 225 ft: 260 corp: 38/89b lim: 8 exec/s: 0 rss: 849Mb L: 8/8 MS: 2 CrossOver-Custom-
#2125	NEW    cov: 228 ft: 263 corp: 39/97b lim: 8 exec/s: 0 rss: 849Mb L: 8/8 MS: 2 InsertRepeatedBytes-Custom-
INFO: Instrumented org.apache.commons.math.util.FastMathLiteralArrays (took 93 ms, size +0%)
INFO: Instrumented org.apache.commons.math.util.FastMath$ExpIntTable (took 17 ms, size +37%)
INFO: Instrumented org.apache.commons.math.util.FastMath$ExpFracTable (took 9 ms, size +38%)
INFO: Instrumented org.apache.commons.math.exception.util.LocalizedFormats (took 44 ms, size +6%)
INFO: Instrumented org.apache.commons.math.exception.util.ExceptionContext (took 24 ms, size +24%)
INFO: Instrumented org.apache.commons.math.exception.util.ArgUtils (took 6 ms, size +46%)
MS: 10 PersAutoDict-Custom-InsertByte-Custom-InsertByte-Custom-ShuffleBytes-Custom-InsertRepeatedBytes-Custom- DE: "\001\000"-; base unit: 50c9e8d5fc98727b4bbc93cf5d64a68db647f04f
0xfc,0x0,0x0,0x0,0x0,0x1,0x21,0x0,0x44,
\374\000\000\000\000\001!\000D
artifact_prefix='/tmp/bugrun/math_39.1q8ycI/'; Test unit written to /tmp/bugrun/math_39.1q8ycI/crash-e51b6047bec59354234405313765f0506a9cd490
Base64: /AAAAAABIQBE
Done 2510 runs in 0 second(s)
DEDUP_TOKEN: e9d27a5f2a39ae18
[ERROR] Tests run: 2, Failures: 0, Errors: 1, Skipped: 0, Time elapsed: 8.453 s <<< FAILURE! -- in com.example.algorithm2.Algorithm2Test
[ERROR] com.example.algorithm2.Algorithm2Test.testParameterizedFuzzer(FuzzedDataProvider)[2] -- Time elapsed: 0.685 s <<< ERROR!
org.apache.commons.math.exception.MathIllegalArgumentException: invalid rounding method -1,024, valid methods: ROUND_CEILING (2), ROUND_DOWN (1), ROUND_FLOOR (3), ROUND_HALF_DOWN (5), ROUND_HALF_EVEN (6), ROUND_HALF_UP (4), ROUND_UNNECESSARY (7), ROUND_UP (0)
	at org.apache.commons.math.util.Precision.roundUnscaled(Precision.java:472)
	at org.apache.commons.math.util.Precision.round(Precision.java:381)
	at jdk.internal.reflect.GeneratedMethodAccessor57.invoke(Unknown Source)
	at java.base/jdk.internal.reflect.DelegatingMethodAccessorImpl.invoke(DelegatingMethodAccessorImpl.java:43)
	at java.base/java.lang.reflect.Method.invoke(Method.java:566)
	at com.example.algorithm2.Algorithm2Test.testParameterizedFuzzer(Algorithm2Test.java:226)

[INFO] 
[INFO] Results:
[INFO] 
[ERROR] Errors: 
[ERROR]   Algorithm2Test.testParameterizedFuzzer:226 » MathIllegalArgument invalid rounding method -1,024, valid methods: ROUND_CEILING (2), ROUND_DOWN (1), ROUND_FLOOR (3), ROUND_HALF_DOWN (5), ROUND_HALF_EVEN (6), ROUND_HALF_UP (4), ROUND_UNNECESSARY (7), ROUND_UP (0)
[INFO] 
[ERROR] Tests run: 2, Failures: 0, Errors: 1, Skipped: 0
[INFO] 
[ERROR] 

Please refer to /tmp/bugrun/math_39.1q8ycI/target/surefire-reports for the individual test results.
Please refer to dump files (if any exist) [date].dump, [date]-jvmRun[N].dump and [date].dumpstream.
[INFO] 
[INFO] --- jacoco:0.8.11:report (default-cli) @ AlgorithmName2 ---
[INFO] Loading execution data file /tmp/bugrun/math_39.1q8ycI/target/jacoco.exec
[INFO] Analyzed bundle 'AlgorithmName2' with 649 classes
[INFO] ------------------------------------------------------------------------
[INFO] BUILD SUCCESS
[INFO] ------------------------------------------------------------------------
[INFO] Total time:  22.130 s
[INFO] Finished at: 2026-10-06T02:16:08+07:00
[INFO] ------------------------------------------------------------------------
