[INFO] Scanning for projects...
[INFO] 
[INFO] ---------------------< com.example:AlgorithmName2 >---------------------
[INFO] Building AlgorithmName2 1.0-SNAPSHOT
[INFO]   from pom.xml
[INFO] --------------------------------[ jar ]---------------------------------
[INFO] 
[INFO] --- jacoco:0.8.11:prepare-agent (default) @ AlgorithmName2 ---
[INFO] argLine set to -javaagent:/home/kanyaphak673380391-3/.m2/repository/org/jacoco/org.jacoco.agent/0.8.11/org.jacoco.agent-0.8.11-runtime.jar=destfile=/tmp/bugrun/jacksoncore_18.8WLjj4/target/jacoco.exec
[INFO] 
[INFO] --- resources:3.4.0:resources (default-resources) @ AlgorithmName2 ---
[INFO] Copying 1 resource from src/main/resources to target/classes
[INFO] 
[INFO] --- compiler:3.15.0:compile (default-compile) @ AlgorithmName2 ---
[INFO] Recompiling the module because of changed source code.
[INFO] Compiling 1 source file with javac [debug target 1.8] to target/classes
[WARNING] bootstrap class path not set in conjunction with -source 8
[INFO] 
[INFO] --- dependency:3.6.0:unpack-dependencies (unpack-defects4j) @ AlgorithmName2 ---
[INFO] 
[INFO] --- resources:3.4.0:testResources (default-testResources) @ AlgorithmName2 ---
[INFO] skip non existing resourceDirectory /tmp/bugrun/jacksoncore_18.8WLjj4/src/test/resources
[INFO] 
[INFO] --- compiler:3.15.0:testCompile (default-testCompile) @ AlgorithmName2 ---
[INFO] Recompiling the module because of changed dependency.
[INFO] Compiling 1 source file with javac [debug target 1.8] to target/test-classes
[WARNING] bootstrap class path not set in conjunction with -source 8
[INFO] 
[INFO] --- surefire:3.1.2:test (default-cli) @ AlgorithmName2 ---
[INFO] Using auto detected provider org.apache.maven.surefire.junitplatform.JUnitPlatformProvider
[INFO] 
[INFO] -------------------------------------------------------
[INFO]  T E S T S
[INFO] -------------------------------------------------------
[INFO] Running com.example.algorithm2.Algorithm2Test
OpenJDK 64-Bit Server VM warning: Sharing is only supported for boot loader classes because bootstrap classpath has been appended
INFO: Loaded 284 hooks from com.code_intelligence.jazzer.runtime.TraceCmpHooks
INFO: Loaded 5 hooks from com.code_intelligence.jazzer.runtime.TraceDivHooks
INFO: Loaded 2 hooks from com.code_intelligence.jazzer.runtime.TraceIndirHooks
INFO: Loaded 4 hooks from com.code_intelligence.jazzer.runtime.NativeLibHooks
INFO: Loaded 2 hooks from com.code_intelligence.jazzer.sanitizers.ClojureLangHooks
INFO: Loaded 5 hooks from com.code_intelligence.jazzer.sanitizers.Deserialization
INFO: Loaded 5 hooks from com.code_intelligence.jazzer.sanitizers.ExpressionLanguageInjection
INFO: Loaded 70 hooks from com.code_intelligence.jazzer.sanitizers.LdapInjection
INFO: Loaded 46 hooks from com.code_intelligence.jazzer.sanitizers.NamingContextLookup
INFO: Loaded 1 hooks from com.code_intelligence.jazzer.sanitizers.OsCommandInjection
INFO: Loaded 52 hooks from com.code_intelligence.jazzer.sanitizers.ReflectiveCall
INFO: Loaded 8 hooks from com.code_intelligence.jazzer.sanitizers.RegexInjection
INFO: Loaded 16 hooks from com.code_intelligence.jazzer.sanitizers.RegexRoadblocks
INFO: Loaded 18 hooks from com.code_intelligence.jazzer.sanitizers.ScriptEngineInjection
INFO: Loaded 2 hooks from com.code_intelligence.jazzer.sanitizers.ServerSideRequestForgery
INFO: Loaded 19 hooks from com.code_intelligence.jazzer.sanitizers.SqlInjection
INFO: Loaded 6 hooks from com.code_intelligence.jazzer.sanitizers.XPathInjection
INFO: Instrumented com.example.algorithm2.Algorithm2Test$Skip (took 255 ms, size +44%)
INFO: Instrumented com.example.algorithm2.Algorithm2Test (took 210 ms, size +27%)
INFO: New number of coverage counters: 1024
INFO: Instrumented com.fasterxml.jackson.core.JsonFactory (took 209 ms, size +11%)
INFO: Instrumented com.fasterxml.jackson.core.Versioned (took 0 ms, size +0%)
INFO: Instrumented com.fasterxml.jackson.core.SerializableString (took 1 ms, size +0%)
INFO: Instrumented com.fasterxml.jackson.core.JsonParser (took 73 ms, size +11%)
INFO: New number of coverage counters: 2048
INFO: Instrumented com.fasterxml.jackson.core.json.ReaderBasedJsonParser (took 117 ms, size +25%)
INFO: New number of coverage counters: 4096
INFO: Instrumented com.fasterxml.jackson.core.base.ParserBase (took 93 ms, size +17%)
INFO: Instrumented com.fasterxml.jackson.core.base.ParserMinimalBase (took 39 ms, size +17%)
INFO: Instrumented com.fasterxml.jackson.core.JsonGenerator (took 174 ms, size +13%)
INFO: Instrumented com.fasterxml.jackson.core.json.UTF8JsonGenerator (took 246 ms, size +21%)
INFO: Instrumented com.fasterxml.jackson.core.json.JsonGeneratorImpl (took 14 ms, size +17%)
INFO: Instrumented com.fasterxml.jackson.core.base.GeneratorBase (took 111 ms, size +14%)
INFO: Instrumented com.fasterxml.jackson.core.io.UTF8Writer (took 25 ms, size +26%)
INFO: New number of coverage counters: 8192
INFO: Instrumented com.fasterxml.jackson.core.json.WriterBasedJsonGenerator (took 228 ms, size +21%)
INFO: Instrumented com.fasterxml.jackson.core.JsonFactory$Feature (took 24 ms, size +29%)
INFO: Instrumented com.fasterxml.jackson.core.JsonParser$Feature (took 44 ms, size +25%)
INFO: Instrumented com.fasterxml.jackson.core.JsonGenerator$Feature (took 25 ms, size +25%)
INFO: Instrumented com.fasterxml.jackson.core.util.DefaultPrettyPrinter (took 35 ms, size +16%)
INFO: Instrumented com.fasterxml.jackson.core.PrettyPrinter (took 1 ms, size +0%)
INFO: Instrumented com.fasterxml.jackson.core.util.Instantiatable (took 0 ms, size +0%)
INFO: Instrumented com.fasterxml.jackson.core.util.DefaultPrettyPrinter$Indenter (took 0 ms, size +0%)
INFO: Instrumented com.fasterxml.jackson.core.io.SerializedString (took 31 ms, size +20%)
INFO: Instrumented com.fasterxml.jackson.core.ObjectCodec (took 8 ms, size +13%)
INFO: Instrumented com.fasterxml.jackson.core.TreeCodec (took 3 ms, size +32%)
INFO: Instrumented com.fasterxml.jackson.core.Version (took 25 ms, size +34%)
INFO: Instrumented com.fasterxml.jackson.core.io.InputDecorator (took 14 ms, size +37%)
INFO: Instrumented com.fasterxml.jackson.core.io.CharacterEscapes (took 9 ms, size +35%)
INFO: Instrumented com.fasterxml.jackson.core.io.OutputDecorator (took 5 ms, size +42%)
INFO: Instrumented com.fasterxml.jackson.core.JsonParseException (took 10 ms, size +17%)
INFO: Instrumented com.fasterxml.jackson.core.JsonProcessingException (took 13 ms, size +20%)
INFO: Instrumented com.fasterxml.jackson.core.JsonEncoding (took 13 ms, size +22%)
INFO: Instrumented com.fasterxml.jackson.core.util.BufferRecycler (took 22 ms, size +24%)
INFO: Instrumented com.fasterxml.jackson.core.FormatSchema (took 0 ms, size +0%)
INFO: Instrumented com.fasterxml.jackson.core.format.InputAccessor (took 0 ms, size +0%)
INFO: Instrumented com.fasterxml.jackson.core.format.MatchStrength (took 22 ms, size +28%)
[harness] target=com.fasterxml.jackson.core.JsonFactory factories=1 methods=53
INFO: Instrumented com.fasterxml.jackson.core.sym.CharsToNameCanonicalizer (took 55 ms, size +15%)
INFO: Instrumented com.fasterxml.jackson.core.sym.CharsToNameCanonicalizer$Bucket (took 10 ms, size +39%)
INFO: Instrumented com.fasterxml.jackson.core.sym.ByteQuadsCanonicalizer (took 105 ms, size +19%)
INFO: Instrumented com.fasterxml.jackson.core.sym.ByteQuadsCanonicalizer$TableInfo (took 3 ms, size +22%)
INFO: found LLVMFuzzerCustomMutator (0x754c75668cd0). Disabling -len_control by default.
INFO: Running with entropic power schedule (0xFF, 100).
INFO: Seed: 899543012
INFO: Loaded 5 modules   (8192 inline 8-bit counters): 512 [0x754d1cb2b900, 0x754d1cb2bb00), 512 [0x754d1cb2bb00, 0x754d1cb2bd00), 1024 [0x754d1cb2bd00, 0x754d1cb2c100), 2048 [0x754d1cb2c100, 0x754d1cb2c900), 4096 [0x754d1cb2c900, 0x754d1cb2d900), 
INFO: Loaded 5 PC tables (8192 PCs): 512 [0x754d1c5cfac0,0x754d1c5d1ac0), 512 [0x754d1caf06b0,0x754d1caf26b0), 1024 [0x754d1c5965a0,0x754d1c59a5a0), 2048 [0x754d1cafd860,0x754d1cb05860), 4096 [0x754d1ca815a0,0x754d1ca915a0), 
INFO:        0 files found in /tmp/bugrun/jacksoncore_18.8WLjj4/.cifuzz-corpus/com.example.algorithm2.Algorithm2Test/testParameterizedFuzzer
INFO:        0 files found in /tmp/jazzer-java-seeds9244342535242255399
INFO: -max_len is not provided; libFuzzer will not generate inputs larger than 4096 bytes
INFO: A corpus is not provided, starting from an empty corpus
#2	INITED cov: 83 ft: 83 corp: 1/1b exec/s: 0 rss: 1141Mb
#3	NEW    cov: 118 ft: 118 corp: 2/2b lim: 4 exec/s: 0 rss: 1148Mb L: 1/1 MS: 2 ChangeBinInt-Custom-
#4	NEW    cov: 120 ft: 120 corp: 3/4b lim: 4 exec/s: 0 rss: 1148Mb L: 2/2 MS: 2 InsertByte-Custom-
#5	NEW    cov: 129 ft: 133 corp: 4/5b lim: 4 exec/s: 0 rss: 1148Mb L: 1/2 MS: 2 ChangeBit-Custom-
#12	NEW    cov: 133 ft: 137 corp: 5/6b lim: 4 exec/s: 0 rss: 1148Mb L: 1/2 MS: 4 ShuffleBytes-Custom-ChangeByte-Custom-
#14	NEW    cov: 134 ft: 138 corp: 6/8b lim: 4 exec/s: 0 rss: 1148Mb L: 2/2 MS: 4 ShuffleBytes-Custom-ChangeBit-Custom-
INFO: using inputs from: /tmp/bugrun/jacksoncore_18.8WLjj4/.cifuzz-corpus/com.example.algorithm2.Algorithm2Test/testParameterizedFuzzer
INFO: using inputs from: /tmp/jazzer-java-seeds9244342535242255399
INFO: Instrumented com.fasterxml.jackson.core.json.PackageVersion (took 6 ms, size +35%)
WARN: Some hooks could not be applied to class files built for Java 7 or lower.
                       Ensure that the fuzz target and its dependencies are compiled with
                       -target 8 or higher to identify as many bugs as possible.
INFO: Instrumented com.fasterxml.jackson.core.util.VersionUtil (took 15 ms, size +21%)
INFO: Instrumented com.fasterxml.jackson.core.io.IOContext (took 24 ms, size +18%)
#15	NEW    cov: 281 ft: 287 corp: 7/9b lim: 4 exec/s: 0 rss: 1197Mb L: 1/2 MS: 2 ChangeBit-Custom-
#16	NEW    cov: 288 ft: 294 corp: 8/11b lim: 4 exec/s: 0 rss: 1197Mb L: 2/2 MS: 2 ChangeBinInt-Custom-
#19	NEW    cov: 288 ft: 297 corp: 9/12b lim: 4 exec/s: 0 rss: 1197Mb L: 1/2 MS: 6 ShuffleBytes-Custom-ShuffleBytes-Custom-ChangeByte-Custom-
#22	NEW    cov: 290 ft: 299 corp: 10/15b lim: 4 exec/s: 0 rss: 1197Mb L: 3/3 MS: 6 EraseBytes-Custom-InsertByte-Custom-InsertByte-Custom-
#23	NEW    cov: 292 ft: 302 corp: 11/16b lim: 4 exec/s: 0 rss: 1197Mb L: 1/3 MS: 2 ChangeBit-Custom-
INFO: Instrumented com.fasterxml.jackson.core.JsonStreamContext (took 8 ms, size +35%)
INFO: Instrumented com.fasterxml.jackson.core.json.JsonReadContext (took 15 ms, size +15%)
INFO: Instrumented com.fasterxml.jackson.core.io.CharTypes (took 13 ms, size +23%)
INFO: Instrumented com.fasterxml.jackson.core.util.TextBuffer (took 28 ms, size +21%)
#26	NEW    cov: 366 ft: 378 corp: 12/19b lim: 4 exec/s: 0 rss: 1210Mb L: 3/3 MS: 6 ShuffleBytes-Custom-ShuffleBytes-Custom-InsertByte-Custom-
#27	NEW    cov: 366 ft: 384 corp: 13/21b lim: 4 exec/s: 0 rss: 1210Mb L: 2/3 MS: 2 CopyPart-Custom-
#28	NEW    cov: 369 ft: 387 corp: 14/22b lim: 4 exec/s: 0 rss: 1210Mb L: 1/3 MS: 2 ChangeBit-Custom-
#29	NEW    cov: 369 ft: 388 corp: 15/25b lim: 4 exec/s: 0 rss: 1210Mb L: 3/3 MS: 2 CopyPart-Custom-
INFO: Instrumented com.fasterxml.jackson.core.JsonGenerationException (took 22 ms, size +19%)
INFO: Instrumented com.fasterxml.jackson.core.json.JsonWriteContext (took 33 ms, size +19%)
INFO: Instrumented com.fasterxml.jackson.core.json.ByteSourceJsonBootstrapper (took 42 ms, size +21%)
INFO: Instrumented com.fasterxml.jackson.core.json.UTF8StreamJsonParser (took 244 ms, size +24%)
INFO: Instrumented com.fasterxml.jackson.core.io.MergedStream (took 8 ms, size +27%)
INFO: Instrumented com.fasterxml.jackson.core.io.UTF32Reader (took 20 ms, size +22%)
#30	NEW    cov: 414 ft: 437 corp: 16/26b lim: 4 exec/s: 0 rss: 1255Mb L: 1/3 MS: 2 ChangeBit-Custom-
#33	NEW    cov: 419 ft: 445 corp: 17/27b lim: 4 exec/s: 0 rss: 1255Mb L: 1/3 MS: 6 CopyPart-Custom-ChangeByte-Custom-ChangeBit-Custom-
#39	NEW    cov: 435 ft: 464 corp: 18/29b lim: 4 exec/s: 0 rss: 1255Mb L: 2/3 MS: 2 InsertByte-Custom-
#40	NEW    cov: 435 ft: 467 corp: 19/33b lim: 4 exec/s: 0 rss: 1255Mb L: 4/4 MS: 2 CopyPart-Custom-
#44	NEW    cov: 436 ft: 468 corp: 20/37b lim: 4 exec/s: 0 rss: 1255Mb L: 4/4 MS: 8 ShuffleBytes-Custom-ChangeByte-Custom-CrossOver-Custom-ChangeBinInt-Custom-
#45	NEW    cov: 436 ft: 469 corp: 21/38b lim: 4 exec/s: 0 rss: 1255Mb L: 1/4 MS: 2 ChangeBit-Custom-
#46	NEW    cov: 436 ft: 472 corp: 22/39b lim: 4 exec/s: 0 rss: 1255Mb L: 1/4 MS: 2 ChangeBinInt-Custom-
#55	NEW    cov: 436 ft: 474 corp: 23/42b lim: 4 exec/s: 0 rss: 1256Mb L: 3/4 MS: 8 CopyPart-Custom-ShuffleBytes-Custom-CopyPart-Custom-CopyPart-Custom-
#56	NEW    cov: 472 ft: 514 corp: 24/43b lim: 4 exec/s: 0 rss: 1256Mb L: 1/4 MS: 2 ChangeByte-Custom-
#59	NEW    cov: 489 ft: 531 corp: 25/45b lim: 4 exec/s: 0 rss: 1256Mb L: 2/4 MS: 6 ChangeBinInt-Custom-ChangeByte-Custom-InsertByte-Custom-
#63	NEW    cov: 489 ft: 548 corp: 26/49b lim: 4 exec/s: 0 rss: 1256Mb L: 4/4 MS: 8 CopyPart-Custom-ChangeBinInt-Custom-InsertByte-Custom-CMP-Custom- DE: "\377\377"-
#64	NEW    cov: 530 ft: 597 corp: 27/53b lim: 4 exec/s: 0 rss: 1256Mb L: 4/4 MS: 2 ChangeBit-Custom-
#65	NEW    cov: 533 ft: 600 corp: 28/57b lim: 4 exec/s: 0 rss: 1256Mb L: 4/4 MS: 2 InsertByte-Custom-
#67	NEW    cov: 533 ft: 610 corp: 29/59b lim: 4 exec/s: 0 rss: 1265Mb L: 2/4 MS: 4 CopyPart-Custom-InsertByte-Custom-
#70	NEW    cov: 534 ft: 611 corp: 30/63b lim: 4 exec/s: 0 rss: 1269Mb L: 4/4 MS: 6 ChangeBit-Custom-CopyPart-Custom-ChangeBinInt-Custom-
#76	NEW    cov: 535 ft: 612 corp: 31/64b lim: 4 exec/s: 0 rss: 1269Mb L: 1/4 MS: 2 ChangeByte-Custom-
#80	NEW    cov: 535 ft: 614 corp: 32/68b lim: 4 exec/s: 0 rss: 1269Mb L: 4/4 MS: 8 ChangeByte-Custom-ChangeBit-Custom-ChangeASCIIInt-Custom-CopyPart-Custom-
#84	NEW    cov: 545 ft: 626 corp: 33/70b lim: 4 exec/s: 0 rss: 1269Mb L: 2/4 MS: 8 ChangeByte-Custom-InsertByte-Custom-ChangeByte-Custom-ChangeBit-Custom-
#85	NEW    cov: 545 ft: 630 corp: 34/72b lim: 4 exec/s: 0 rss: 1269Mb L: 2/4 MS: 2 InsertByte-Custom-
#88	NEW    cov: 545 ft: 632 corp: 35/76b lim: 4 exec/s: 0 rss: 1269Mb L: 4/4 MS: 6 ChangeByte-Custom-ShuffleBytes-Custom-CopyPart-Custom-
#99	NEW    cov: 545 ft: 634 corp: 36/79b lim: 4 exec/s: 0 rss: 1269Mb L: 3/4 MS: 2 InsertByte-Custom-
#105	NEW    cov: 546 ft: 635 corp: 37/80b lim: 4 exec/s: 0 rss: 1269Mb L: 1/4 MS: 2 ShuffleBytes-Custom-
#110	NEW    cov: 565 ft: 656 corp: 38/83b lim: 4 exec/s: 0 rss: 1269Mb L: 3/4 MS: 10 PersAutoDict-Custom-EraseBytes-Custom-ShuffleBytes-Custom-CopyPart-Custom-ChangeByte-Custom- DE: "\377\377"-
#114	NEW    cov: 586 ft: 678 corp: 39/87b lim: 4 exec/s: 0 rss: 1269Mb L: 4/4 MS: 8 ShuffleBytes-Custom-ChangeBinInt-Custom-ChangeBinInt-Custom-ChangeBinInt-Custom-
#117	NEW    cov: 588 ft: 680 corp: 40/88b lim: 4 exec/s: 0 rss: 1269Mb L: 1/4 MS: 6 CrossOver-Custom-CrossOver-Custom-ChangeBit-Custom-
#124	NEW    cov: 599 ft: 713 corp: 41/89b lim: 4 exec/s: 0 rss: 1269Mb L: 1/4 MS: 4 ChangeBit-Custom-ChangeByte-Custom-
#126	NEW    cov: 600 ft: 714 corp: 42/91b lim: 4 exec/s: 0 rss: 1269Mb L: 2/4 MS: 4 ChangeByte-Custom-InsertByte-Custom-
#130	NEW    cov: 601 ft: 715 corp: 43/94b lim: 4 exec/s: 0 rss: 1269Mb L: 3/4 MS: 8 ChangeBinInt-Custom-CopyPart-Custom-InsertByte-Custom-ShuffleBytes-Custom-
#135	NEW    cov: 602 ft: 716 corp: 44/98b lim: 4 exec/s: 0 rss: 1269Mb L: 4/4 MS: 10 ChangeASCIIInt-Custom-ChangeByte-Custom-ChangeASCIIInt-Custom-InsertByte-Custom-ShuffleBytes-Custom-
#148	NEW    cov: 607 ft: 721 corp: 45/99b lim: 4 exec/s: 0 rss: 1269Mb L: 1/4 MS: 6 ChangeByte-Custom-CopyPart-Custom-ChangeByte-Custom-
#151	NEW    cov: 607 ft: 722 corp: 46/101b lim: 4 exec/s: 0 rss: 1269Mb L: 2/4 MS: 6 ChangeBit-Custom-CopyPart-Custom-CopyPart-Custom-
#152	REDUCE cov: 607 ft: 722 corp: 46/100b lim: 4 exec/s: 0 rss: 1269Mb L: 2/4 MS: 2 EraseBytes-Custom-
#154	NEW    cov: 617 ft: 732 corp: 47/104b lim: 4 exec/s: 0 rss: 1269Mb L: 4/4 MS: 4 ChangeBinInt-Custom-ChangeBinInt-Custom-
#156	NEW    cov: 619 ft: 734 corp: 48/105b lim: 4 exec/s: 0 rss: 1269Mb L: 1/4 MS: 4 ChangeByte-Custom-ChangeByte-Custom-
#165	NEW    cov: 619 ft: 735 corp: 49/109b lim: 4 exec/s: 0 rss: 1269Mb L: 4/4 MS: 8 ChangeByte-Custom-CrossOver-Custom-CopyPart-Custom-ChangeByte-Custom-
#191	NEW    cov: 620 ft: 736 corp: 50/113b lim: 4 exec/s: 0 rss: 1269Mb L: 4/4 MS: 2 ChangeByte-Custom-
#196	NEW    cov: 621 ft: 740 corp: 51/117b lim: 4 exec/s: 0 rss: 1269Mb L: 4/4 MS: 10 CopyPart-Custom-CrossOver-Custom-ShuffleBytes-Custom-ChangeASCIIInt-Custom-CMP-Custom- DE: "\377\002"-
#199	NEW    cov: 623 ft: 742 corp: 52/118b lim: 4 exec/s: 0 rss: 1269Mb L: 1/4 MS: 6 ChangeByte-Custom-ChangeByte-Custom-ChangeByte-Custom-
#201	NEW    cov: 624 ft: 743 corp: 53/122b lim: 4 exec/s: 0 rss: 1269Mb L: 4/4 MS: 4 CopyPart-Custom-ChangeASCIIInt-Custom-
#204	NEW    cov: 625 ft: 744 corp: 54/124b lim: 4 exec/s: 0 rss: 1269Mb L: 2/4 MS: 6 InsertByte-Custom-ShuffleBytes-Custom-ChangeBit-Custom-
#206	NEW    cov: 628 ft: 747 corp: 55/126b lim: 4 exec/s: 0 rss: 1269Mb L: 2/4 MS: 4 ShuffleBytes-Custom-ChangeBinInt-Custom-
#222	NEW    cov: 628 ft: 749 corp: 56/129b lim: 4 exec/s: 0 rss: 1269Mb L: 3/4 MS: 2 ChangeByte-Custom-
#224	NEW    cov: 630 ft: 751 corp: 57/130b lim: 4 exec/s: 0 rss: 1269Mb L: 1/4 MS: 4 ShuffleBytes-Custom-ChangeBit-Custom-
#225	REDUCE cov: 630 ft: 751 corp: 57/129b lim: 4 exec/s: 0 rss: 1269Mb L: 1/4 MS: 2 EraseBytes-Custom-
#230	NEW    cov: 632 ft: 755 corp: 58/133b lim: 4 exec/s: 0 rss: 1269Mb L: 4/4 MS: 10 PersAutoDict-Custom-CopyPart-Custom-PersAutoDict-Custom-ShuffleBytes-Custom-ChangeBinInt-Custom- DE: "\377\377"-"\377\002"-
#243	NEW    cov: 632 ft: 819 corp: 59/135b lim: 4 exec/s: 0 rss: 1269Mb L: 2/4 MS: 6 CrossOver-Custom-ChangeBinInt-Custom-CopyPart-Custom-
#244	NEW    cov: 632 ft: 823 corp: 60/137b lim: 4 exec/s: 0 rss: 1269Mb L: 2/4 MS: 2 InsertByte-Custom-
#253	NEW    cov: 632 ft: 827 corp: 61/140b lim: 4 exec/s: 0 rss: 1269Mb L: 3/4 MS: 8 ChangeByte-Custom-ChangeBit-Custom-InsertByte-Custom-ChangeBinInt-Custom-
#260	NEW    cov: 633 ft: 828 corp: 62/144b lim: 4 exec/s: 0 rss: 1269Mb L: 4/4 MS: 4 PersAutoDict-Custom-ChangeByte-Custom- DE: "\377\002"-
#262	NEW    cov: 635 ft: 830 corp: 63/146b lim: 4 exec/s: 0 rss: 1269Mb L: 2/4 MS: 4 EraseBytes-Custom-InsertByte-Custom-
#268	REDUCE cov: 635 ft: 830 corp: 63/144b lim: 4 exec/s: 0 rss: 1269Mb L: 2/4 MS: 2 CrossOver-Custom-
#270	NEW    cov: 635 ft: 841 corp: 64/148b lim: 4 exec/s: 0 rss: 1269Mb L: 4/4 MS: 4 ChangeBit-Custom-ChangeBit-Custom-
#271	NEW    cov: 635 ft: 852 corp: 65/150b lim: 4 exec/s: 0 rss: 1269Mb L: 2/4 MS: 2 InsertByte-Custom-
#279	REDUCE cov: 635 ft: 852 corp: 65/149b lim: 4 exec/s: 0 rss: 1269Mb L: 3/4 MS: 6 CopyPart-Custom-ChangeBit-Custom-EraseBytes-Custom-
#303	REDUCE cov: 635 ft: 852 corp: 65/148b lim: 4 exec/s: 0 rss: 1270Mb L: 3/4 MS: 8 CopyPart-Custom-ChangeByte-Custom-ChangeByte-Custom-EraseBytes-Custom-
#313	NEW    cov: 635 ft: 854 corp: 66/152b lim: 4 exec/s: 0 rss: 1270Mb L: 4/4 MS: 10 PersAutoDict-Custom-PersAutoDict-Custom-ShuffleBytes-Custom-PersAutoDict-Custom-ShuffleBytes-Custom- DE: "\377\002"-"\377\002"-"\377\377"-
#339	REDUCE cov: 635 ft: 854 corp: 66/151b lim: 4 exec/s: 0 rss: 1270Mb L: 1/4 MS: 2 EraseBytes-Custom-
#351	NEW    cov: 635 ft: 860 corp: 67/155b lim: 4 exec/s: 0 rss: 1270Mb L: 4/4 MS: 4 InsertByte-Custom-CopyPart-Custom-
#354	NEW    cov: 635 ft: 861 corp: 68/159b lim: 4 exec/s: 0 rss: 1270Mb L: 4/4 MS: 6 ShuffleBytes-Custom-ChangeBit-Custom-CopyPart-Custom-
#387	REDUCE cov: 635 ft: 880 corp: 69/162b lim: 4 exec/s: 0 rss: 1270Mb L: 3/4 MS: 6 InsertByte-Custom-PersAutoDict-Custom-CrossOver-Custom- DE: "\377\377"-
#398	NEW    cov: 635 ft: 881 corp: 70/164b lim: 4 exec/s: 0 rss: 1270Mb L: 2/4 MS: 2 CopyPart-Custom-
#414	NEW    cov: 635 ft: 883 corp: 71/168b lim: 4 exec/s: 0 rss: 1270Mb L: 4/4 MS: 2 ChangeBinInt-Custom-
#425	REDUCE cov: 635 ft: 883 corp: 71/167b lim: 4 exec/s: 0 rss: 1270Mb L: 2/4 MS: 2 EraseBytes-Custom-
#431	REDUCE cov: 635 ft: 883 corp: 71/166b lim: 4 exec/s: 0 rss: 1270Mb L: 1/4 MS: 2 EraseBytes-Custom-
#432	REDUCE cov: 637 ft: 885 corp: 72/168b lim: 4 exec/s: 0 rss: 1270Mb L: 2/4 MS: 2 ShuffleBytes-Custom-
#437	REDUCE cov: 637 ft: 887 corp: 73/172b lim: 4 exec/s: 0 rss: 1270Mb L: 4/4 MS: 10 ChangeByte-Custom-CopyPart-Custom-ChangeByte-Custom-CopyPart-Custom-CopyPart-Custom-
#449	NEW    cov: 637 ft: 888 corp: 74/174b lim: 4 exec/s: 0 rss: 1270Mb L: 2/4 MS: 4 ChangeBit-Custom-InsertByte-Custom-
#456	NEW    cov: 637 ft: 907 corp: 75/178b lim: 4 exec/s: 0 rss: 1270Mb L: 4/4 MS: 4 PersAutoDict-Custom-CMP-Custom- DE: "\377\377"-"\377\377\377\377"-
#497	REDUCE cov: 637 ft: 907 corp: 75/177b lim: 4 exec/s: 0 rss: 1270Mb L: 3/4 MS: 2 EraseBytes-Custom-
#558	NEW    cov: 637 ft: 909 corp: 76/181b lim: 4 exec/s: 0 rss: 1270Mb L: 4/4 MS: 2 CopyPart-Custom-
#567	NEW    cov: 637 ft: 910 corp: 77/184b lim: 4 exec/s: 0 rss: 1270Mb L: 3/4 MS: 8 CrossOver-Custom-ChangeBit-Custom-CrossOver-Custom-CrossOver-Custom-
#603	NEW    cov: 637 ft: 911 corp: 78/188b lim: 4 exec/s: 0 rss: 1270Mb L: 4/4 MS: 2 ChangeBinInt-Custom-
#606	NEW    cov: 637 ft: 915 corp: 79/190b lim: 4 exec/s: 0 rss: 1270Mb L: 2/4 MS: 6 EraseBytes-Custom-ShuffleBytes-Custom-CrossOver-Custom-
#659	REDUCE cov: 637 ft: 922 corp: 80/192b lim: 4 exec/s: 0 rss: 1270Mb L: 2/4 MS: 6 ChangeBinInt-Custom-ChangeByte-Custom-CrossOver-Custom-
#717	NEW    cov: 639 ft: 924 corp: 81/193b lim: 4 exec/s: 0 rss: 1270Mb L: 1/4 MS: 6 ChangeByte-Custom-CopyPart-Custom-ChangeBinInt-Custom-
#731	NEW    cov: 639 ft: 933 corp: 82/197b lim: 4 exec/s: 0 rss: 1270Mb L: 4/4 MS: 8 ChangeByte-Custom-CopyPart-Custom-ChangeBit-Custom-CopyPart-Custom-
#739	NEW    cov: 640 ft: 934 corp: 83/201b lim: 4 exec/s: 0 rss: 1270Mb L: 4/4 MS: 6 ShuffleBytes-Custom-InsertByte-Custom-ChangeBinInt-Custom-
#826	NEW    cov: 640 ft: 935 corp: 84/205b lim: 4 exec/s: 0 rss: 1270Mb L: 4/4 MS: 4 CopyPart-Custom-CopyPart-Custom-
#827	REDUCE cov: 640 ft: 935 corp: 84/204b lim: 4 exec/s: 0 rss: 1270Mb L: 1/4 MS: 2 EraseBytes-Custom-
#837	NEW    cov: 640 ft: 936 corp: 85/208b lim: 4 exec/s: 0 rss: 1270Mb L: 4/4 MS: 10 ChangeByte-Custom-InsertByte-Custom-PersAutoDict-Custom-CrossOver-Custom-ChangeBit-Custom- DE: "\377\377"-
#884	NEW    cov: 640 ft: 937 corp: 86/212b lim: 4 exec/s: 0 rss: 1270Mb L: 4/4 MS: 4 InsertByte-Custom-CopyPart-Custom-
#915	REDUCE cov: 640 ft: 937 corp: 86/211b lim: 4 exec/s: 0 rss: 1270Mb L: 1/4 MS: 2 EraseBytes-Custom-
#921	REDUCE cov: 640 ft: 937 corp: 86/210b lim: 4 exec/s: 0 rss: 1270Mb L: 3/4 MS: 2 EraseBytes-Custom-
#961	NEW    cov: 655 ft: 952 corp: 87/214b lim: 4 exec/s: 0 rss: 1270Mb L: 4/4 MS: 10 ChangeByte-Custom-CMP-Custom-ChangeByte-Custom-CrossOver-Custom-ChangeByte-Custom- DE: "\000\023"-
#980	REDUCE cov: 655 ft: 952 corp: 87/213b lim: 4 exec/s: 0 rss: 1270Mb L: 2/4 MS: 8 ChangeByte-Custom-ChangeByte-Custom-InsertByte-Custom-EraseBytes-Custom-
#995	NEW    cov: 655 ft: 990 corp: 88/217b lim: 4 exec/s: 0 rss: 1270Mb L: 4/4 MS: 10 ChangeByte-Custom-ShuffleBytes-Custom-ChangeBit-Custom-PersAutoDict-Custom-CopyPart-Custom- DE: "\000\023"-
#1004	NEW    cov: 655 ft: 991 corp: 89/219b lim: 4 exec/s: 0 rss: 1270Mb L: 2/4 MS: 8 ChangeByte-Custom-ChangeBit-Custom-EraseBytes-Custom-InsertByte-Custom-
#1017	NEW    cov: 659 ft: 995 corp: 90/223b lim: 4 exec/s: 0 rss: 1270Mb L: 4/4 MS: 6 ChangeBinInt-Custom-CopyPart-Custom-ChangeBinInt-Custom-
#1026	NEW    cov: 659 ft: 1005 corp: 91/227b lim: 4 exec/s: 0 rss: 1270Mb L: 4/4 MS: 8 CrossOver-Custom-ShuffleBytes-Custom-CopyPart-Custom-ChangeBinInt-Custom-
#1030	NEW    cov: 659 ft: 1006 corp: 92/230b lim: 4 exec/s: 0 rss: 1270Mb L: 3/4 MS: 8 ChangeByte-Custom-InsertByte-Custom-PersAutoDict-Custom-CopyPart-Custom- DE: "\377\377"-
#1063	NEW    cov: 659 ft: 1008 corp: 93/234b lim: 4 exec/s: 0 rss: 1270Mb L: 4/4 MS: 6 CopyPart-Custom-CMP-Custom-CopyPart-Custom- DE: "\377\037"-
#1075	NEW    cov: 659 ft: 1018 corp: 94/238b lim: 4 exec/s: 0 rss: 1270Mb L: 4/4 MS: 4 ChangeByte-Custom-CopyPart-Custom-
#1182	NEW    cov: 659 ft: 1019 corp: 95/242b lim: 4 exec/s: 0 rss: 1271Mb L: 4/4 MS: 4 PersAutoDict-Custom-CopyPart-Custom- DE: "\000\023"-
#1183	NEW    cov: 659 ft: 1020 corp: 96/245b lim: 4 exec/s: 0 rss: 1272Mb L: 3/4 MS: 2 CopyPart-Custom-
#1209	REDUCE cov: 659 ft: 1020 corp: 96/244b lim: 4 exec/s: 0 rss: 1272Mb L: 1/4 MS: 2 EraseBytes-Custom-
#1230	NEW    cov: 667 ft: 1028 corp: 97/247b lim: 4 exec/s: 0 rss: 1272Mb L: 3/4 MS: 2 PersAutoDict-Custom- DE: "\000\023"-
#1278	REDUCE cov: 667 ft: 1028 corp: 97/246b lim: 4 exec/s: 0 rss: 1274Mb L: 3/4 MS: 6 PersAutoDict-Custom-ChangeBit-Custom-EraseBytes-Custom- DE: "\377\377"-
#1304	REDUCE cov: 667 ft: 1028 corp: 97/245b lim: 4 exec/s: 0 rss: 1274Mb L: 1/4 MS: 2 EraseBytes-Custom-
#1316	NEW    cov: 667 ft: 1030 corp: 98/249b lim: 4 exec/s: 0 rss: 1274Mb L: 4/4 MS: 4 EraseBytes-Custom-CopyPart-Custom-
#1323	NEW    cov: 667 ft: 1033 corp: 99/252b lim: 4 exec/s: 0 rss: 1274Mb L: 3/4 MS: 4 InsertByte-Custom-ChangeBit-Custom-
#1341	REDUCE cov: 667 ft: 1033 corp: 99/251b lim: 4 exec/s: 0 rss: 1275Mb L: 2/4 MS: 6 ChangeBit-Custom-ChangeBit-Custom-EraseBytes-Custom-
#1463	REDUCE cov: 667 ft: 1033 corp: 99/250b lim: 4 exec/s: 1463 rss: 1275Mb L: 1/4 MS: 4 ShuffleBytes-Custom-CrossOver-Custom-
#1466	REDUCE cov: 667 ft: 1034 corp: 100/252b lim: 4 exec/s: 1466 rss: 1275Mb L: 2/4 MS: 6 ChangeBit-Custom-ChangeBit-Custom-CopyPart-Custom-
#1469	REDUCE cov: 667 ft: 1034 corp: 100/251b lim: 4 exec/s: 1469 rss: 1275Mb L: 3/4 MS: 6 ShuffleBytes-Custom-CrossOver-Custom-EraseBytes-Custom-
#1495	NEW    cov: 668 ft: 1035 corp: 101/254b lim: 4 exec/s: 1495 rss: 1275Mb L: 3/4 MS: 2 ShuffleBytes-Custom-
#1496	NEW    cov: 668 ft: 1043 corp: 102/258b lim: 4 exec/s: 1496 rss: 1275Mb L: 4/4 MS: 2 CopyPart-Custom-
#1547	REDUCE cov: 668 ft: 1043 corp: 102/257b lim: 4 exec/s: 1547 rss: 1275Mb L: 3/4 MS: 2 EraseBytes-Custom-
#1698	REDUCE cov: 668 ft: 1044 corp: 103/260b lim: 4 exec/s: 1698 rss: 1275Mb L: 3/4 MS: 2 ChangeBinInt-Custom-
#1750	NEW    cov: 668 ft: 1045 corp: 104/264b lim: 4 exec/s: 1750 rss: 1275Mb L: 4/4 MS: 4 ChangeByte-Custom-CopyPart-Custom-
#1773	REDUCE cov: 668 ft: 1045 corp: 104/263b lim: 4 exec/s: 1773 rss: 1275Mb L: 2/4 MS: 6 CopyPart-Custom-ChangeByte-Custom-EraseBytes-Custom-
#1783	NEW    cov: 668 ft: 1047 corp: 105/267b lim: 4 exec/s: 1783 rss: 1275Mb L: 4/4 MS: 10 CopyPart-Custom-InsertByte-Custom-CopyPart-Custom-ChangeBit-Custom-CrossOver-Custom-
#1806	NEW    cov: 668 ft: 1048 corp: 106/271b lim: 4 exec/s: 1806 rss: 1275Mb L: 4/4 MS: 6 ChangeBit-Custom-CopyPart-Custom-CopyPart-Custom-
#2002	REDUCE cov: 668 ft: 1048 corp: 106/270b lim: 4 exec/s: 2002 rss: 1275Mb L: 1/4 MS: 2 EraseBytes-Custom-
#2024	REDUCE cov: 668 ft: 1048 corp: 106/268b lim: 4 exec/s: 2024 rss: 1275Mb L: 2/4 MS: 4 CopyPart-Custom-EraseBytes-Custom-
#2037	NEW    cov: 668 ft: 1049 corp: 107/272b lim: 4 exec/s: 2037 rss: 1275Mb L: 4/4 MS: 6 CopyPart-Custom-ChangeBinInt-Custom-PersAutoDict-Custom- DE: "\377\002"-
#2072	REDUCE cov: 668 ft: 1050 corp: 108/276b lim: 4 exec/s: 2072 rss: 1275Mb L: 4/4 MS: 10 CrossOver-Custom-ChangeBit-Custom-ChangeBinInt-Custom-ShuffleBytes-Custom-CopyPart-Custom-
#2085	REDUCE cov: 668 ft: 1050 corp: 108/275b lim: 4 exec/s: 2085 rss: 1276Mb L: 3/4 MS: 6 ChangeBit-Custom-EraseBytes-Custom-PersAutoDict-Custom- DE: "\377\377"-
#2240	NEW    cov: 668 ft: 1051 corp: 109/278b lim: 4 exec/s: 2240 rss: 1276Mb L: 3/4 MS: 10 ChangeBinInt-Custom-EraseBytes-Custom-ChangeByte-Custom-CopyPart-Custom-InsertByte-Custom-
#2247	NEW    cov: 668 ft: 1052 corp: 110/281b lim: 4 exec/s: 2247 rss: 1276Mb L: 3/4 MS: 4 CopyPart-Custom-ChangeByte-Custom-
#2409	NEW    cov: 668 ft: 1054 corp: 111/285b lim: 4 exec/s: 2409 rss: 1276Mb L: 4/4 MS: 4 ChangeByte-Custom-CopyPart-Custom-
#2421	NEW    cov: 668 ft: 1055 corp: 112/289b lim: 4 exec/s: 2421 rss: 1276Mb L: 4/4 MS: 4 CopyPart-Custom-ChangeBinInt-Custom-
#2493	NEW    cov: 668 ft: 1056 corp: 113/293b lim: 4 exec/s: 2493 rss: 1276Mb L: 4/4 MS: 4 ChangeBit-Custom-CopyPart-Custom-
#2555	NEW    cov: 668 ft: 1057 corp: 114/297b lim: 4 exec/s: 2555 rss: 1276Mb L: 4/4 MS: 4 CopyPart-Custom-ChangeBinInt-Custom-
#2586	REDUCE cov: 668 ft: 1057 corp: 114/296b lim: 4 exec/s: 2586 rss: 1276Mb L: 1/4 MS: 2 EraseBytes-Custom-
#2622	NEW    cov: 668 ft: 1138 corp: 115/300b lim: 4 exec/s: 2622 rss: 1276Mb L: 4/4 MS: 2 ChangeBinInt-Custom-
#2677	NEW    cov: 668 ft: 1139 corp: 116/304b lim: 4 exec/s: 2677 rss: 1276Mb L: 4/4 MS: 10 ChangeBit-Custom-ChangeByte-Custom-InsertByte-Custom-CrossOver-Custom-CopyPart-Custom-
#2693	REDUCE cov: 668 ft: 1139 corp: 116/303b lim: 4 exec/s: 2693 rss: 1276Mb L: 2/4 MS: 2 EraseBytes-Custom-
#2912	NEW    cov: 668 ft: 1221 corp: 117/309b lim: 6 exec/s: 2912 rss: 1276Mb L: 6/6 MS: 8 CopyPart-Custom-ChangeBit-Custom-EraseBytes-Custom-InsertRepeatedBytes-Custom-
#2914	NEW    cov: 668 ft: 1228 corp: 118/315b lim: 6 exec/s: 2914 rss: 1276Mb L: 6/6 MS: 4 CopyPart-Custom-PersAutoDict-Custom- DE: "\377\377\377\377"-
#2924	NEW    cov: 668 ft: 1230 corp: 119/321b lim: 6 exec/s: 2924 rss: 1276Mb L: 6/6 MS: 10 ChangeByte-Custom-EraseBytes-Custom-InsertByte-Custom-CrossOver-Custom-InsertRepeatedBytes-Custom-
#2960	NEW    cov: 674 ft: 1237 corp: 120/326b lim: 6 exec/s: 2960 rss: 1276Mb L: 5/6 MS: 2 InsertByte-Custom-
#2963	NEW    cov: 674 ft: 1239 corp: 121/332b lim: 6 exec/s: 2963 rss: 1276Mb L: 6/6 MS: 6 ChangeByte-Custom-ShuffleBytes-Custom-InsertRepeatedBytes-Custom-
#3013	NEW    cov: 674 ft: 1243 corp: 122/338b lim: 6 exec/s: 3013 rss: 1276Mb L: 6/6 MS: 10 ShuffleBytes-Custom-ShuffleBytes-Custom-ChangeBinInt-Custom-InsertByte-Custom-InsertByte-Custom-
#3029	NEW    cov: 674 ft: 1244 corp: 123/342b lim: 6 exec/s: 3029 rss: 1276Mb L: 4/6 MS: 2 CopyPart-Custom-
#3082	REDUCE cov: 674 ft: 1244 corp: 123/341b lim: 6 exec/s: 3082 rss: 1276Mb L: 2/6 MS: 6 ShuffleBytes-Custom-PersAutoDict-Custom-EraseBytes-Custom- DE: "\377\037"-
#3095	NEW    cov: 674 ft: 1245 corp: 124/346b lim: 6 exec/s: 3095 rss: 1276Mb L: 5/6 MS: 6 PersAutoDict-Custom-ChangeBinInt-Custom-InsertByte-Custom- DE: "\000\023"-
#3096	NEW    cov: 674 ft: 1249 corp: 125/352b lim: 6 exec/s: 3096 rss: 1276Mb L: 6/6 MS: 2 CopyPart-Custom-
#3138	NEW    cov: 674 ft: 1250 corp: 126/357b lim: 6 exec/s: 3138 rss: 1276Mb L: 5/6 MS: 4 EraseBytes-Custom-CopyPart-Custom-
#3163	REDUCE cov: 675 ft: 1253 corp: 127/363b lim: 6 exec/s: 3163 rss: 1276Mb L: 6/6 MS: 10 ShuffleBytes-Custom-CopyPart-Custom-PersAutoDict-Custom-CrossOver-Custom-CMP-Custom- DE: "\000\023"-"\000\000"-
#3169	NEW    cov: 675 ft: 1254 corp: 128/369b lim: 6 exec/s: 3169 rss: 1276Mb L: 6/6 MS: 2 InsertRepeatedBytes-Custom-
#3274	NEW    cov: 675 ft: 1256 corp: 129/373b lim: 6 exec/s: 3274 rss: 1276Mb L: 4/6 MS: 10 ShuffleBytes-Custom-CopyPart-Custom-ChangeByte-Custom-ChangeBinInt-Custom-ChangeBinInt-Custom-
#3293	REDUCE cov: 675 ft: 1256 corp: 129/372b lim: 6 exec/s: 3293 rss: 1276Mb L: 3/6 MS: 8 CopyPart-Custom-EraseBytes-Custom-InsertByte-Custom-ShuffleBytes-Custom-
#3348	NEW    cov: 675 ft: 1257 corp: 130/377b lim: 6 exec/s: 3348 rss: 1276Mb L: 5/6 MS: 10 InsertByte-Custom-PersAutoDict-Custom-InsertRepeatedBytes-Custom-CrossOver-Custom-InsertRepeatedBytes-Custom- DE: "\377\002"-
#3350	REDUCE cov: 675 ft: 1257 corp: 130/376b lim: 6 exec/s: 3350 rss: 1276Mb L: 3/6 MS: 4 ChangeBit-Custom-CrossOver-Custom-
#3413	REDUCE cov: 675 ft: 1259 corp: 131/381b lim: 6 exec/s: 3413 rss: 1276Mb L: 5/6 MS: 6 ChangeBit-Custom-EraseBytes-Custom-InsertRepeatedBytes-Custom-
#3461	NEW    cov: 677 ft: 1261 corp: 132/386b lim: 6 exec/s: 3461 rss: 1276Mb L: 5/6 MS: 6 EraseBytes-Custom-CrossOver-Custom-CMP-Custom- DE: "\000\000\377\376"-
#3462	NEW    cov: 677 ft: 1279 corp: 133/389b lim: 6 exec/s: 3462 rss: 1276Mb L: 3/6 MS: 2 CopyPart-Custom-
#3468	REDUCE cov: 677 ft: 1279 corp: 133/388b lim: 6 exec/s: 3468 rss: 1276Mb L: 2/6 MS: 2 EraseBytes-Custom-
#3535	NEW    cov: 690 ft: 1293 corp: 134/393b lim: 6 exec/s: 3535 rss: 1276Mb L: 5/6 MS: 4 EraseBytes-Custom-InsertRepeatedBytes-Custom-
#3546	NEW    cov: 690 ft: 1294 corp: 135/398b lim: 6 exec/s: 3546 rss: 1276Mb L: 5/6 MS: 2 ChangeBit-Custom-
#3602	REDUCE cov: 690 ft: 1294 corp: 135/397b lim: 6 exec/s: 3602 rss: 1276Mb L: 3/6 MS: 2 EraseBytes-Custom-
#3630	NEW    cov: 690 ft: 1295 corp: 136/403b lim: 6 exec/s: 3630 rss: 1276Mb L: 6/6 MS: 6 ChangeByte-Custom-ShuffleBytes-Custom-CopyPart-Custom-
#3635	REDUCE cov: 690 ft: 1299 corp: 137/408b lim: 6 exec/s: 3635 rss: 1276Mb L: 5/6 MS: 10 ChangeBit-Custom-CopyPart-Custom-ShuffleBytes-Custom-CopyPart-Custom-CopyPart-Custom-
#3648	NEW    cov: 690 ft: 1301 corp: 138/414b lim: 6 exec/s: 3648 rss: 1276Mb L: 6/6 MS: 6 PersAutoDict-Custom-EraseBytes-Custom-InsertRepeatedBytes-Custom- DE: "\000\000"-
#3650	REDUCE cov: 690 ft: 1301 corp: 138/413b lim: 6 exec/s: 3650 rss: 1276Mb L: 3/6 MS: 4 PersAutoDict-Custom-EraseBytes-Custom- DE: "\377\002"-
#3672	REDUCE cov: 690 ft: 1301 corp: 138/412b lim: 6 exec/s: 3672 rss: 1276Mb L: 3/6 MS: 4 ShuffleBytes-Custom-EraseBytes-Custom-
#3678	NEW    cov: 690 ft: 1303 corp: 139/417b lim: 6 exec/s: 3678 rss: 1276Mb L: 5/6 MS: 2 CopyPart-Custom-
#3716	NEW    cov: 690 ft: 1304 corp: 140/423b lim: 6 exec/s: 3716 rss: 1276Mb L: 6/6 MS: 6 CrossOver-Custom-CopyPart-Custom-CopyPart-Custom-
#3850	NEW    cov: 690 ft: 1307 corp: 141/429b lim: 6 exec/s: 3850 rss: 1277Mb L: 6/6 MS: 8 EraseBytes-Custom-CrossOver-Custom-ChangeByte-Custom-InsertRepeatedBytes-Custom-
#3871	NEW    cov: 690 ft: 1308 corp: 142/435b lim: 6 exec/s: 3871 rss: 1277Mb L: 6/6 MS: 2 CopyPart-Custom-
#3883	REDUCE cov: 690 ft: 1308 corp: 142/433b lim: 6 exec/s: 3883 rss: 1277Mb L: 1/6 MS: 4 EraseBytes-Custom-EraseBytes-Custom-
#3988	REDUCE cov: 690 ft: 1308 corp: 142/431b lim: 6 exec/s: 3988 rss: 1277Mb L: 4/6 MS: 10 ShuffleBytes-Custom-EraseBytes-Custom-ShuffleBytes-Custom-CopyPart-Custom-CopyPart-Custom-
#3999	NEW    cov: 690 ft: 1318 corp: 143/435b lim: 6 exec/s: 3999 rss: 1277Mb L: 4/6 MS: 2 ChangeByte-Custom-
#4003	NEW    cov: 690 ft: 1319 corp: 144/441b lim: 6 exec/s: 4003 rss: 1277Mb L: 6/6 MS: 8 ShuffleBytes-Custom-CopyPart-Custom-ChangeBit-Custom-ChangeBinInt-Custom-
#4159	REDUCE cov: 690 ft: 1320 corp: 145/447b lim: 6 exec/s: 4159 rss: 1277Mb L: 6/6 MS: 2 CopyPart-Custom-
#4212	NEW    cov: 691 ft: 1321 corp: 146/451b lim: 6 exec/s: 4212 rss: 1277Mb L: 4/6 MS: 6 CrossOver-Custom-ChangeByte-Custom-ChangeBit-Custom-
#4267	NEW    cov: 691 ft: 1349 corp: 147/457b lim: 6 exec/s: 4267 rss: 1277Mb L: 6/6 MS: 10 CopyPart-Custom-CopyPart-Custom-CrossOver-Custom-CMP-Custom-ChangeBit-Custom- DE: "\000\000\000\000"-
#4279	NEW    cov: 691 ft: 1350 corp: 148/463b lim: 6 exec/s: 4279 rss: 1277Mb L: 6/6 MS: 4 ChangeByte-Custom-CrossOver-Custom-
#4300	NEW    cov: 691 ft: 1352 corp: 149/469b lim: 6 exec/s: 4300 rss: 1277Mb L: 6/6 MS: 2 InsertRepeatedBytes-Custom-
#4402	REDUCE cov: 691 ft: 1352 corp: 149/468b lim: 6 exec/s: 4402 rss: 1277Mb L: 5/6 MS: 4 EraseBytes-Custom-ShuffleBytes-Custom-
#4488	REDUCE cov: 691 ft: 1352 corp: 149/466b lim: 6 exec/s: 4488 rss: 1277Mb L: 2/6 MS: 2 EraseBytes-Custom-
#4534	NEW    cov: 692 ft: 1353 corp: 150/471b lim: 6 exec/s: 4534 rss: 1277Mb L: 5/6 MS: 2 ChangeASCIIInt-Custom-
#4563	NEW    cov: 692 ft: 1359 corp: 151/474b lim: 6 exec/s: 4563 rss: 1277Mb L: 3/6 MS: 8 ChangeByte-Custom-CopyPart-Custom-ChangeBit-Custom-EraseBytes-Custom-
#4585	NEW    cov: 692 ft: 1360 corp: 152/479b lim: 6 exec/s: 4585 rss: 1277Mb L: 5/6 MS: 4 ShuffleBytes-Custom-InsertRepeatedBytes-Custom-
#4616	NEW    cov: 692 ft: 1361 corp: 153/484b lim: 6 exec/s: 4616 rss: 1277Mb L: 5/6 MS: 2 CrossOver-Custom-
#4637	NEW    cov: 692 ft: 1406 corp: 154/490b lim: 6 exec/s: 4637 rss: 1277Mb L: 6/6 MS: 2 CopyPart-Custom-
#4743	NEW    cov: 692 ft: 1422 corp: 155/496b lim: 6 exec/s: 4743 rss: 1277Mb L: 6/6 MS: 2 CopyPart-Custom-
#4906	REDUCE cov: 692 ft: 1422 corp: 155/495b lim: 6 exec/s: 4906 rss: 1277Mb L: 2/6 MS: 6 ChangeBit-Custom-ShuffleBytes-Custom-EraseBytes-Custom-
#4912	REDUCE cov: 692 ft: 1422 corp: 155/494b lim: 6 exec/s: 4912 rss: 1277Mb L: 5/6 MS: 2 EraseBytes-Custom-
#4944	REDUCE cov: 692 ft: 1424 corp: 156/499b lim: 6 exec/s: 4944 rss: 1277Mb L: 5/6 MS: 4 CopyPart-Custom-InsertRepeatedBytes-Custom-
#5011	NEW    cov: 692 ft: 1425 corp: 157/505b lim: 6 exec/s: 5011 rss: 1277Mb L: 6/6 MS: 4 CopyPart-Custom-CopyPart-Custom-
#5032	NEW    cov: 692 ft: 1434 corp: 158/510b lim: 6 exec/s: 5032 rss: 1277Mb L: 5/6 MS: 2 ChangeBinInt-Custom-
#5033	NEW    cov: 693 ft: 1435 corp: 159/515b lim: 6 exec/s: 5033 rss: 1277Mb L: 5/6 MS: 2 PersAutoDict-Custom- DE: "\000\023"-
#5049	NEW    cov: 693 ft: 1437 corp: 160/521b lim: 6 exec/s: 5049 rss: 1277Mb L: 6/6 MS: 2 ShuffleBytes-Custom-
#5050	REDUCE cov: 693 ft: 1437 corp: 160/520b lim: 6 exec/s: 5050 rss: 1277Mb L: 3/6 MS: 2 EraseBytes-Custom-
#5081	NEW    cov: 695 ft: 1439 corp: 161/525b lim: 6 exec/s: 5081 rss: 1277Mb L: 5/6 MS: 2 CMP-Custom- DE: "\000\000"-
#5087	REDUCE cov: 695 ft: 1439 corp: 161/524b lim: 6 exec/s: 5087 rss: 1277Mb L: 5/6 MS: 2 EraseBytes-Custom-
#5169	NEW    cov: 695 ft: 1441 corp: 162/530b lim: 6 exec/s: 5169 rss: 1277Mb L: 6/6 MS: 4 EraseBytes-Custom-CrossOver-Custom-
#5225	REDUCE cov: 695 ft: 1441 corp: 162/529b lim: 6 exec/s: 5225 rss: 1277Mb L: 3/6 MS: 2 EraseBytes-Custom-
#5258	REDUCE cov: 695 ft: 1441 corp: 162/528b lim: 6 exec/s: 5258 rss: 1277Mb L: 3/6 MS: 6 CopyPart-Custom-CrossOver-Custom-EraseBytes-Custom-
#5400	REDUCE cov: 695 ft: 1441 corp: 162/527b lim: 6 exec/s: 5400 rss: 1277Mb L: 2/6 MS: 4 ShuffleBytes-Custom-CrossOver-Custom-
#5416	NEW    cov: 696 ft: 1442 corp: 163/532b lim: 6 exec/s: 5416 rss: 1277Mb L: 5/6 MS: 2 ShuffleBytes-Custom-
#5583	NEW    cov: 696 ft: 1444 corp: 164/537b lim: 6 exec/s: 5583 rss: 1277Mb L: 5/6 MS: 4 CrossOver-Custom-InsertRepeatedBytes-Custom-
#5692	NEW    cov: 697 ft: 1445 corp: 165/543b lim: 6 exec/s: 5692 rss: 1277Mb L: 6/6 MS: 8 ChangeBit-Custom-CopyPart-Custom-ChangeBinInt-Custom-ShuffleBytes-Custom-
#5814	REDUCE cov: 697 ft: 1446 corp: 166/548b lim: 6 exec/s: 5814 rss: 1277Mb L: 5/6 MS: 4 ChangeByte-Custom-CopyPart-Custom-
#5985	NEW    cov: 697 ft: 1452 corp: 167/552b lim: 6 exec/s: 5985 rss: 1277Mb L: 4/6 MS: 2 CrossOver-Custom-
#6121	REDUCE cov: 697 ft: 1452 corp: 167/551b lim: 6 exec/s: 6121 rss: 1277Mb L: 1/6 MS: 2 EraseBytes-Custom-
#6232	REDUCE cov: 697 ft: 1452 corp: 167/550b lim: 6 exec/s: 6232 rss: 1277Mb L: 3/6 MS: 2 EraseBytes-Custom-
#6489	NEW    cov: 697 ft: 1461 corp: 168/557b lim: 8 exec/s: 6489 rss: 1277Mb L: 7/7 MS: 4 ChangeBit-Custom-InsertByte-Custom-
#6505	NEW    cov: 697 ft: 1463 corp: 169/564b lim: 8 exec/s: 6505 rss: 1277Mb L: 7/7 MS: 2 CopyPart-Custom-
#6592	REDUCE cov: 697 ft: 1463 corp: 169/563b lim: 8 exec/s: 6592 rss: 1277Mb L: 2/7 MS: 4 CrossOver-Custom-CopyPart-Custom-
#6676	REDUCE cov: 697 ft: 1469 corp: 170/571b lim: 8 exec/s: 6676 rss: 1277Mb L: 8/8 MS: 8 ChangeByte-Custom-ShuffleBytes-Custom-ChangeByte-Custom-InsertRepeatedBytes-Custom-
#6686	NEW    cov: 698 ft: 1470 corp: 171/579b lim: 8 exec/s: 6686 rss: 1277Mb L: 8/8 MS: 10 ChangeASCIIInt-Custom-ChangeBit-Custom-PersAutoDict-Custom-InsertByte-Custom-CopyPart-Custom- DE: "\000\000"-
#6918	NEW    cov: 698 ft: 1515 corp: 172/585b lim: 8 exec/s: 6918 rss: 1277Mb L: 6/8 MS: 4 ChangeBit-Custom-InsertRepeatedBytes-Custom-
#6964	NEW    cov: 698 ft: 1516 corp: 173/590b lim: 8 exec/s: 6964 rss: 1277Mb L: 5/8 MS: 2 CopyPart-Custom-
#6997	NEW    cov: 698 ft: 1520 corp: 174/597b lim: 8 exec/s: 6997 rss: 1277Mb L: 7/8 MS: 6 CopyPart-Custom-ChangeByte-Custom-CrossOver-Custom-
#7275	NEW    cov: 698 ft: 1522 corp: 175/605b lim: 8 exec/s: 7275 rss: 1277Mb L: 8/8 MS: 6 CopyPart-Custom-ChangeByte-Custom-InsertByte-Custom-
#7533	NEW    cov: 698 ft: 1523 corp: 176/613b lim: 8 exec/s: 7533 rss: 1277Mb L: 8/8 MS: 6 CopyPart-Custom-CopyPart-Custom-InsertRepeatedBytes-Custom-
#7578	REDUCE cov: 698 ft: 1524 corp: 177/621b lim: 8 exec/s: 7578 rss: 1277Mb L: 8/8 MS: 10 ChangeBit-Custom-CrossOver-Custom-CrossOver-Custom-ChangeByte-Custom-ChangeBit-Custom-
#7584	NEW    cov: 698 ft: 1529 corp: 178/628b lim: 8 exec/s: 7584 rss: 1277Mb L: 7/8 MS: 2 ShuffleBytes-Custom-
#7606	NEW    cov: 698 ft: 1531 corp: 179/636b lim: 8 exec/s: 7606 rss: 1277Mb L: 8/8 MS: 4 InsertByte-Custom-CopyPart-Custom-
#7722	NEW    cov: 698 ft: 1534 corp: 180/643b lim: 8 exec/s: 7722 rss: 1277Mb L: 7/8 MS: 2 CopyPart-Custom-
#7793	REDUCE cov: 698 ft: 1534 corp: 180/642b lim: 8 exec/s: 7793 rss: 1277Mb L: 3/8 MS: 2 EraseBytes-Custom-
#7850	REDUCE cov: 698 ft: 1536 corp: 181/650b lim: 8 exec/s: 7850 rss: 1277Mb L: 8/8 MS: 4 ChangeBit-Custom-CopyPart-Custom-
#7963	NEW    cov: 698 ft: 1537 corp: 182/658b lim: 8 exec/s: 7963 rss: 1277Mb L: 8/8 MS: 6 PersAutoDict-Custom-InsertRepeatedBytes-Custom-ChangeBit-Custom- DE: "\377\037"-
#8035	REDUCE cov: 698 ft: 1539 corp: 183/666b lim: 8 exec/s: 8035 rss: 1277Mb L: 8/8 MS: 4 ShuffleBytes-Custom-InsertRepeatedBytes-Custom-
#8096	NEW    cov: 698 ft: 1544 corp: 184/674b lim: 8 exec/s: 8096 rss: 1277Mb L: 8/8 MS: 2 InsertRepeatedBytes-Custom-
#8232	REDUCE cov: 698 ft: 1544 corp: 184/672b lim: 8 exec/s: 8232 rss: 1277Mb L: 3/8 MS: 2 EraseBytes-Custom-
#8408	NEW    cov: 698 ft: 1546 corp: 185/680b lim: 8 exec/s: 8408 rss: 1277Mb L: 8/8 MS: 2 ChangeBinInt-Custom-
#8497	REDUCE cov: 698 ft: 1548 corp: 186/688b lim: 8 exec/s: 8497 rss: 1277Mb L: 8/8 MS: 8 ShuffleBytes-Custom-CopyPart-Custom-InsertRepeatedBytes-Custom-CopyPart-Custom-
#8673	REDUCE cov: 698 ft: 1548 corp: 186/687b lim: 8 exec/s: 8673 rss: 1277Mb L: 2/8 MS: 2 EraseBytes-Custom-
#8701	NEW    cov: 698 ft: 1549 corp: 187/695b lim: 8 exec/s: 8701 rss: 1277Mb L: 8/8 MS: 6 ChangeBinInt-Custom-PersAutoDict-Custom-ChangeBit-Custom- DE: "\377\037"-
#8917	NEW    cov: 698 ft: 1550 corp: 188/703b lim: 8 exec/s: 8917 rss: 1278Mb L: 8/8 MS: 2 CopyPart-Custom-
#9098	NEW    cov: 698 ft: 1551 corp: 189/711b lim: 8 exec/s: 9098 rss: 1278Mb L: 8/8 MS: 2 CopyPart-Custom-
#9199	NEW    cov: 698 ft: 1553 corp: 190/718b lim: 8 exec/s: 9199 rss: 1278Mb L: 7/8 MS: 2 CopyPart-Custom-
#9328	NEW    cov: 699 ft: 1554 corp: 191/726b lim: 8 exec/s: 9328 rss: 1278Mb L: 8/8 MS: 8 CopyPart-Custom-ChangeBinInt-Custom-ChangeBit-Custom-CopyPart-Custom-
#9362	NEW    cov: 699 ft: 1563 corp: 192/731b lim: 8 exec/s: 9362 rss: 1278Mb L: 5/8 MS: 8 ChangeByte-Custom-ShuffleBytes-Custom-CopyPart-Custom-ChangeByte-Custom-
#9364	REDUCE cov: 699 ft: 1563 corp: 192/730b lim: 8 exec/s: 9364 rss: 1278Mb L: 5/8 MS: 4 EraseBytes-Custom-ChangeByte-Custom-
#9504	NEW    cov: 699 ft: 1580 corp: 193/738b lim: 8 exec/s: 9504 rss: 1278Mb L: 8/8 MS: 10 ChangeBinInt-Custom-ShuffleBytes-Custom-CopyPart-Custom-ShuffleBytes-Custom-CopyPart-Custom-
#9542	NEW    cov: 699 ft: 1581 corp: 194/744b lim: 8 exec/s: 9542 rss: 1279Mb L: 6/8 MS: 6 ChangeByte-Custom-ChangeByte-Custom-InsertRepeatedBytes-Custom-
#9598	REDUCE cov: 699 ft: 1581 corp: 194/743b lim: 8 exec/s: 9598 rss: 1282Mb L: 7/8 MS: 2 EraseBytes-Custom-
#9732	NEW    cov: 701 ft: 1583 corp: 195/749b lim: 8 exec/s: 4866 rss: 1287Mb L: 6/8 MS: 8 CrossOver-Custom-CrossOver-Custom-CrossOver-Custom-CMP-Custom- DE: "\376\377\377\377"-
#9906	REDUCE cov: 701 ft: 1589 corp: 196/757b lim: 8 exec/s: 4953 rss: 1294Mb L: 8/8 MS: 8 ShuffleBytes-Custom-ShuffleBytes-Custom-ShuffleBytes-Custom-CopyPart-Custom-
#10040	REDUCE cov: 701 ft: 1589 corp: 196/756b lim: 8 exec/s: 5020 rss: 1299Mb L: 3/8 MS: 8 InsertByte-Custom-InsertByte-Custom-ChangeASCIIInt-Custom-EraseBytes-Custom-
#10067	REDUCE cov: 701 ft: 1591 corp: 197/764b lim: 8 exec/s: 5033 rss: 1300Mb L: 8/8 MS: 4 ShuffleBytes-Custom-InsertRepeatedBytes-Custom-
#10089	NEW    cov: 701 ft: 1593 corp: 198/771b lim: 8 exec/s: 5044 rss: 1301Mb L: 7/8 MS: 4 ChangeBit-Custom-CopyPart-Custom-
#10112	REDUCE cov: 701 ft: 1593 corp: 198/770b lim: 8 exec/s: 5056 rss: 1302Mb L: 3/8 MS: 6 ChangeByte-Custom-EraseBytes-Custom-InsertByte-Custom-
#10143	REDUCE cov: 701 ft: 1593 corp: 198/769b lim: 8 exec/s: 5071 rss: 1303Mb L: 3/8 MS: 2 EraseBytes-Custom-
#10791	NEW    cov: 701 ft: 1594 corp: 199/781b lim: 14 exec/s: 5395 rss: 1326Mb L: 12/12 MS: 6 EraseBytes-Custom-InsertByte-Custom-InsertRepeatedBytes-Custom-
#11001	NEW    cov: 701 ft: 1595 corp: 200/792b lim: 14 exec/s: 5500 rss: 1334Mb L: 11/12 MS: 10 PersAutoDict-Custom-ChangeBit-Custom-ChangeByte-Custom-InsertByte-Custom-CopyPart-Custom- DE: "\000\000"-
#11013	NEW    cov: 701 ft: 1596 corp: 201/806b lim: 14 exec/s: 5506 rss: 1335Mb L: 14/14 MS: 4 InsertRepeatedBytes-Custom-CrossOver-Custom-
#11046	NEW    cov: 701 ft: 1667 corp: 202/814b lim: 14 exec/s: 5523 rss: 1336Mb L: 8/14 MS: 6 EraseBytes-Custom-InsertRepeatedBytes-Custom-CopyPart-Custom-
#11283	REDUCE cov: 701 ft: 1668 corp: 203/822b lim: 14 exec/s: 5641 rss: 1345Mb L: 8/14 MS: 4 CMP-Custom-InsertByte-Custom- DE: "\001\000\000\000"-
#11370	REDUCE cov: 701 ft: 1670 corp: 204/835b lim: 14 exec/s: 5685 rss: 1345Mb L: 13/14 MS: 4 ChangeByte-Custom-InsertRepeatedBytes-Custom-
#11384	NEW    cov: 701 ft: 1671 corp: 205/847b lim: 14 exec/s: 5692 rss: 1345Mb L: 12/14 MS: 8 ChangeByte-Custom-InsertByte-Custom-EraseBytes-Custom-InsertRepeatedBytes-Custom-
#11480	NEW    cov: 701 ft: 1676 corp: 206/861b lim: 14 exec/s: 5740 rss: 1345Mb L: 14/14 MS: 2 CopyPart-Custom-
#11506	NEW    cov: 701 ft: 1678 corp: 207/869b lim: 14 exec/s: 5753 rss: 1345Mb L: 8/14 MS: 2 CMP-Custom- DE: "<\000"-
#11583	REDUCE cov: 701 ft: 1678 corp: 207/868b lim: 14 exec/s: 5791 rss: 1345Mb L: 3/14 MS: 4 ChangeBit-Custom-EraseBytes-Custom-
#11791	NEW    cov: 701 ft: 1686 corp: 208/881b lim: 14 exec/s: 5895 rss: 1345Mb L: 13/14 MS: 6 CopyPart-Custom-CopyPart-Custom-CopyPart-Custom-
#12062	REDUCE cov: 701 ft: 1687 corp: 209/894b lim: 14 exec/s: 6031 rss: 1345Mb L: 13/14 MS: 2 InsertRepeatedBytes-Custom-
#12192	NEW    cov: 701 ft: 1690 corp: 210/908b lim: 14 exec/s: 6096 rss: 1345Mb L: 14/14 MS: 10 InsertByte-Custom-CopyPart-Custom-ChangeASCIIInt-Custom-InsertByte-Custom-ShuffleBytes-Custom-
#12295	REDUCE cov: 701 ft: 1690 corp: 210/907b lim: 14 exec/s: 6147 rss: 1345Mb L: 4/14 MS: 6 ChangeByte-Custom-CopyPart-Custom-EraseBytes-Custom-
#12306	NEW    cov: 701 ft: 1691 corp: 211/921b lim: 14 exec/s: 6153 rss: 1345Mb L: 14/14 MS: 2 InsertRepeatedBytes-Custom-
#12452	REDUCE cov: 701 ft: 1691 corp: 211/918b lim: 14 exec/s: 6226 rss: 1345Mb L: 10/14 MS: 2 EraseBytes-Custom-
#12688	NEW    cov: 701 ft: 1697 corp: 212/931b lim: 14 exec/s: 6344 rss: 1345Mb L: 13/14 MS: 2 InsertRepeatedBytes-Custom-
#12914	NEW    cov: 701 ft: 1744 corp: 213/941b lim: 14 exec/s: 6457 rss: 1345Mb L: 10/14 MS: 2 CopyPart-Custom-
#12918	REDUCE cov: 701 ft: 1744 corp: 213/939b lim: 14 exec/s: 6459 rss: 1345Mb L: 11/14 MS: 8 ChangeBinInt-Custom-ShuffleBytes-Custom-ChangeByte-Custom-EraseBytes-Custom-
#12985	REDUCE cov: 701 ft: 1744 corp: 213/938b lim: 14 exec/s: 6492 rss: 1345Mb L: 2/14 MS: 4 InsertByte-Custom-EraseBytes-Custom-
#13616	NEW    cov: 701 ft: 1749 corp: 214/952b lim: 17 exec/s: 6808 rss: 1345Mb L: 14/14 MS: 2 ShuffleBytes-Custom-
#13747	REDUCE cov: 701 ft: 1749 corp: 214/950b lim: 17 exec/s: 6873 rss: 1345Mb L: 4/14 MS: 2 EraseBytes-Custom-
#13813	REDUCE cov: 701 ft: 1749 corp: 214/948b lim: 17 exec/s: 6906 rss: 1345Mb L: 4/14 MS: 2 EraseBytes-Custom-
#13889	NEW    cov: 701 ft: 1753 corp: 215/960b lim: 17 exec/s: 6944 rss: 1345Mb L: 12/14 MS: 2 CopyPart-Custom-
#14130	REDUCE cov: 701 ft: 1753 corp: 215/959b lim: 17 exec/s: 7065 rss: 1345Mb L: 3/14 MS: 2 EraseBytes-Custom-
#14232	NEW    cov: 701 ft: 1756 corp: 216/973b lim: 17 exec/s: 7116 rss: 1345Mb L: 14/14 MS: 4 ChangeByte-Custom-CMP-Custom- DE: "\001\000\000\000"-
#14486	REDUCE cov: 701 ft: 1757 corp: 217/987b lim: 17 exec/s: 7243 rss: 1345Mb L: 14/14 MS: 8 ChangeByte-Custom-ShuffleBytes-Custom-ShuffleBytes-Custom-InsertRepeatedBytes-Custom-
#14654	REDUCE cov: 701 ft: 1757 corp: 217/986b lim: 17 exec/s: 7327 rss: 1345Mb L: 5/14 MS: 6 ChangeBit-Custom-ChangeBit-Custom-EraseBytes-Custom-
#14740	REDUCE cov: 701 ft: 1758 corp: 218/996b lim: 17 exec/s: 7370 rss: 1345Mb L: 10/14 MS: 2 InsertRepeatedBytes-Custom-
#14988	NEW    cov: 701 ft: 1761 corp: 219/1010b lim: 17 exec/s: 7494 rss: 1345Mb L: 14/14 MS: 6 ShuffleBytes-Custom-CopyPart-Custom-InsertRepeatedBytes-Custom-
#15025	REDUCE cov: 701 ft: 1762 corp: 220/1018b lim: 17 exec/s: 7512 rss: 1345Mb L: 8/14 MS: 4 ShuffleBytes-Custom-CopyPart-Custom-
#15426	REDUCE cov: 701 ft: 1762 corp: 220/1017b lim: 17 exec/s: 7713 rss: 1345Mb L: 9/14 MS: 2 EraseBytes-Custom-
#15437	NEW    cov: 701 ft: 1764 corp: 221/1032b lim: 17 exec/s: 7718 rss: 1345Mb L: 15/15 MS: 2 InsertRepeatedBytes-Custom-
#15616	REDUCE cov: 701 ft: 1806 corp: 222/1046b lim: 17 exec/s: 7808 rss: 1345Mb L: 14/15 MS: 8 ChangeBinInt-Custom-ChangeByte-Custom-InsertRepeatedBytes-Custom-EraseBytes-Custom-
#15865	NEW    cov: 703 ft: 1808 corp: 223/1051b lim: 17 exec/s: 7932 rss: 1345Mb L: 5/15 MS: 8 PersAutoDict-Custom-ChangeBit-Custom-ChangeBit-Custom-ShuffleBytes-Custom- DE: "\377\377\377\377"-
#16096	NEW    cov: 703 ft: 1855 corp: 224/1067b lim: 17 exec/s: 8048 rss: 1345Mb L: 16/16 MS: 2 CopyPart-Custom-
#16158	REDUCE cov: 703 ft: 1855 corp: 224/1065b lim: 17 exec/s: 8079 rss: 1345Mb L: 3/16 MS: 4 ShuffleBytes-Custom-EraseBytes-Custom-
#16318	NEW    cov: 703 ft: 1856 corp: 225/1077b lim: 17 exec/s: 8159 rss: 1345Mb L: 12/16 MS: 10 CopyPart-Custom-ChangeByte-Custom-CopyPart-Custom-InsertRepeatedBytes-Custom-CopyPart-Custom-
#16384	pulse  cov: 703 ft: 1856 corp: 225/1077b lim: 17 exec/s: 8192 rss: 1345Mb
#16804	NEW    cov: 703 ft: 1870 corp: 226/1093b lim: 21 exec/s: 8402 rss: 1345Mb L: 16/16 MS: 2 CopyPart-Custom-
#16869	NEW    cov: 703 ft: 1874 corp: 227/1113b lim: 21 exec/s: 8434 rss: 1345Mb L: 20/20 MS: 10 ChangeByte-Custom-InsertByte-Custom-CMP-Custom-CopyPart-Custom-PersAutoDict-Custom- DE: "\021\000\000\000"-"\000\000"-
#16910	NEW    cov: 703 ft: 1875 corp: 228/1127b lim: 21 exec/s: 8455 rss: 1345Mb L: 14/20 MS: 2 ChangeByte-Custom-
#17431	REDUCE cov: 703 ft: 1877 corp: 229/1144b lim: 25 exec/s: 8715 rss: 1345Mb L: 17/20 MS: 2 InsertRepeatedBytes-Custom-
#17628	REDUCE cov: 703 ft: 1879 corp: 230/1161b lim: 25 exec/s: 8814 rss: 1345Mb L: 17/20 MS: 4 ChangeByte-Custom-InsertRepeatedBytes-Custom-
#17684	REDUCE cov: 703 ft: 1879 corp: 230/1160b lim: 25 exec/s: 8842 rss: 1345Mb L: 7/20 MS: 2 EraseBytes-Custom-
#17886	REDUCE cov: 703 ft: 1879 corp: 230/1159b lim: 25 exec/s: 8943 rss: 1345Mb L: 2/20 MS: 4 EraseBytes-Custom-ChangeByte-Custom-
#17914	NEW    cov: 703 ft: 1880 corp: 231/1180b lim: 25 exec/s: 8957 rss: 1345Mb L: 21/21 MS: 6 InsertRepeatedBytes-Custom-PersAutoDict-Custom-CrossOver-Custom- DE: "<\000"-
INFO: Instrumented com.fasterxml.jackson.core.json.DupDetector (took 11 ms, size +38%)
#18150	NEW    cov: 703 ft: 1917 corp: 232/1200b lim: 25 exec/s: 9075 rss: 1345Mb L: 20/21 MS: 2 InsertRepeatedBytes-Custom-
#18463	REDUCE cov: 703 ft: 1919 corp: 233/1223b lim: 25 exec/s: 9231 rss: 1345Mb L: 23/23 MS: 6 ShuffleBytes-Custom-ChangeByte-Custom-InsertRepeatedBytes-Custom-
#18662	NEW    cov: 703 ft: 1920 corp: 234/1243b lim: 25 exec/s: 9331 rss: 1345Mb L: 20/23 MS: 8 InsertRepeatedBytes-Custom-ChangeBit-Custom-InsertByte-Custom-PersAutoDict-Custom- DE: "<\000"-
#18832	REDUCE cov: 703 ft: 1920 corp: 234/1242b lim: 25 exec/s: 9416 rss: 1345Mb L: 4/23 MS: 10 InsertByte-Custom-ShuffleBytes-Custom-ChangeBinInt-Custom-CopyPart-Custom-EraseBytes-Custom-
#18834	REDUCE cov: 703 ft: 1920 corp: 234/1241b lim: 25 exec/s: 9417 rss: 1345Mb L: 7/23 MS: 4 ShuffleBytes-Custom-EraseBytes-Custom-
#18900	REDUCE cov: 703 ft: 1920 corp: 234/1240b lim: 25 exec/s: 9450 rss: 1345Mb L: 1/23 MS: 2 EraseBytes-Custom-
#18936	NEW    cov: 703 ft: 1927 corp: 235/1265b lim: 25 exec/s: 9468 rss: 1345Mb L: 25/25 MS: 2 CopyPart-Custom-
#18996	REDUCE cov: 703 ft: 1927 corp: 235/1264b lim: 25 exec/s: 9498 rss: 1345Mb L: 6/25 MS: 10 ShuffleBytes-Custom-PersAutoDict-Custom-EraseBytes-Custom-ShuffleBytes-Custom-CrossOver-Custom- DE: "\377\377\377\377"-
#19076	REDUCE cov: 703 ft: 1929 corp: 236/1283b lim: 25 exec/s: 9538 rss: 1345Mb L: 19/25 MS: 10 EraseBytes-Custom-ShuffleBytes-Custom-InsertByte-Custom-PersAutoDict-Custom-InsertRepeatedBytes-Custom- DE: "\377\002"-
#19494	NEW    cov: 703 ft: 1931 corp: 237/1299b lim: 29 exec/s: 9747 rss: 1345Mb L: 16/25 MS: 6 CrossOver-Custom-CrossOver-Custom-InsertRepeatedBytes-Custom-
#19918	REDUCE cov: 703 ft: 1931 corp: 237/1297b lim: 33 exec/s: 9959 rss: 1345Mb L: 6/25 MS: 8 ChangeByte-Custom-ShuffleBytes-Custom-ChangeByte-Custom-EraseBytes-Custom-
#19919	REDUCE cov: 703 ft: 1931 corp: 237/1296b lim: 33 exec/s: 9959 rss: 1345Mb L: 13/25 MS: 2 EraseBytes-Custom-
#20056	REDUCE cov: 703 ft: 1931 corp: 237/1293b lim: 33 exec/s: 10028 rss: 1345Mb L: 9/25 MS: 4 ChangeBit-Custom-EraseBytes-Custom-
#20142	REDUCE cov: 703 ft: 1931 corp: 237/1284b lim: 33 exec/s: 10071 rss: 1345Mb L: 11/25 MS: 2 EraseBytes-Custom-
#20199	REDUCE cov: 703 ft: 1931 corp: 237/1282b lim: 33 exec/s: 10099 rss: 1345Mb L: 2/25 MS: 4 EraseBytes-Custom-CopyPart-Custom-
#20240	NEW    cov: 703 ft: 1935 corp: 238/1304b lim: 33 exec/s: 6746 rss: 1345Mb L: 22/25 MS: 2 InsertRepeatedBytes-Custom-
#20511	REDUCE cov: 703 ft: 1936 corp: 239/1317b lim: 33 exec/s: 6837 rss: 1345Mb L: 13/25 MS: 2 CopyPart-Custom-
#20781	NEW    cov: 703 ft: 1939 corp: 240/1341b lim: 33 exec/s: 6927 rss: 1345Mb L: 24/25 MS: 10 ShuffleBytes-Custom-ShuffleBytes-Custom-ShuffleBytes-Custom-CrossOver-Custom-PersAutoDict-Custom- DE: "\377\037"-
#20791	NEW    cov: 703 ft: 1940 corp: 241/1361b lim: 33 exec/s: 6930 rss: 1345Mb L: 20/25 MS: 10 InsertByte-Custom-EraseBytes-Custom-CopyPart-Custom-InsertRepeatedBytes-Custom-ChangeByte-Custom-
#20922	REDUCE cov: 703 ft: 1940 corp: 241/1360b lim: 33 exec/s: 6974 rss: 1345Mb L: 4/25 MS: 2 EraseBytes-Custom-
#21168	REDUCE cov: 703 ft: 1941 corp: 242/1371b lim: 33 exec/s: 7056 rss: 1345Mb L: 11/25 MS: 2 InsertRepeatedBytes-Custom-
#21189	REDUCE cov: 703 ft: 1941 corp: 242/1370b lim: 33 exec/s: 7063 rss: 1345Mb L: 15/25 MS: 2 EraseBytes-Custom-
#21481	REDUCE cov: 703 ft: 1941 corp: 242/1369b lim: 33 exec/s: 7160 rss: 1345Mb L: 5/25 MS: 4 ShuffleBytes-Custom-EraseBytes-Custom-
#21547	NEW    cov: 703 ft: 1944 corp: 243/1393b lim: 33 exec/s: 7182 rss: 1345Mb L: 24/25 MS: 2 CMP-Custom- DE: "\000\000\000\006"-
#21563	REDUCE cov: 703 ft: 1944 corp: 243/1392b lim: 33 exec/s: 7187 rss: 1345Mb L: 1/25 MS: 2 EraseBytes-Custom-
#21739	NEW    cov: 704 ft: 1945 corp: 244/1399b lim: 33 exec/s: 7246 rss: 1345Mb L: 7/25 MS: 2 PersAutoDict-Custom- DE: "\376\377\377\377"-
#21750	REDUCE cov: 704 ft: 1945 corp: 244/1397b lim: 33 exec/s: 7250 rss: 1345Mb L: 4/25 MS: 2 EraseBytes-Custom-
#22206	REDUCE cov: 704 ft: 1945 corp: 244/1396b lim: 33 exec/s: 7402 rss: 1345Mb L: 4/25 MS: 2 EraseBytes-Custom-
#22308	REDUCE cov: 704 ft: 1945 corp: 244/1395b lim: 33 exec/s: 7436 rss: 1345Mb L: 4/25 MS: 4 ChangeBit-Custom-EraseBytes-Custom-
#22957	REDUCE cov: 705 ft: 1946 corp: 245/1423b lim: 38 exec/s: 7652 rss: 1345Mb L: 28/28 MS: 8 InsertRepeatedBytes-Custom-PersAutoDict-Custom-CopyPart-Custom-PersAutoDict-Custom- DE: "\000\023"-"\376\377\377\377"-
#23143	NEW    cov: 705 ft: 1964 corp: 246/1458b lim: 38 exec/s: 7714 rss: 1345Mb L: 35/35 MS: 2 InsertRepeatedBytes-Custom-
#23508	REDUCE cov: 705 ft: 1965 corp: 247/1483b lim: 38 exec/s: 7836 rss: 1345Mb L: 25/35 MS: 10 InsertRepeatedBytes-Custom-EraseBytes-Custom-ChangeBit-Custom-ChangeBinInt-Custom-InsertRepeatedBytes-Custom-
#23787	REDUCE cov: 705 ft: 1966 corp: 248/1493b lim: 38 exec/s: 7929 rss: 1345Mb L: 10/35 MS: 8 InsertByte-Custom-PersAutoDict-Custom-EraseBytes-Custom-InsertRepeatedBytes-Custom- DE: "\377\377"-
#23884	REDUCE cov: 705 ft: 1966 corp: 248/1492b lim: 38 exec/s: 7961 rss: 1345Mb L: 3/35 MS: 4 ChangeBinInt-Custom-EraseBytes-Custom-
#24006	NEW    cov: 705 ft: 1967 corp: 249/1500b lim: 38 exec/s: 8002 rss: 1345Mb L: 8/35 MS: 4 ChangeByte-Custom-CrossOver-Custom-
#24127	REDUCE cov: 705 ft: 1967 corp: 249/1497b lim: 38 exec/s: 8042 rss: 1345Mb L: 10/35 MS: 2 EraseBytes-Custom-
#24333	REDUCE cov: 705 ft: 1967 corp: 249/1494b lim: 38 exec/s: 8111 rss: 1345Mb L: 22/35 MS: 2 EraseBytes-Custom-
#24419	REDUCE cov: 705 ft: 1967 corp: 249/1493b lim: 38 exec/s: 8139 rss: 1345Mb L: 4/35 MS: 2 EraseBytes-Custom-
#24510	NEW    cov: 705 ft: 1968 corp: 250/1527b lim: 38 exec/s: 8170 rss: 1345Mb L: 34/35 MS: 2 InsertRepeatedBytes-Custom-
#24542	REDUCE cov: 705 ft: 1968 corp: 250/1525b lim: 38 exec/s: 8180 rss: 1345Mb L: 15/35 MS: 4 ChangeBinInt-Custom-EraseBytes-Custom-
#24550	REDUCE cov: 705 ft: 1968 corp: 250/1520b lim: 38 exec/s: 8183 rss: 1345Mb L: 23/35 MS: 6 ChangeBit-Custom-CopyPart-Custom-EraseBytes-Custom-
#24643	REDUCE cov: 705 ft: 1968 corp: 250/1516b lim: 38 exec/s: 8214 rss: 1345Mb L: 7/35 MS: 6 EraseBytes-Custom-ShuffleBytes-Custom-CopyPart-Custom-
#24714	NEW    cov: 705 ft: 1971 corp: 251/1546b lim: 38 exec/s: 8238 rss: 1345Mb L: 30/35 MS: 2 InsertRepeatedBytes-Custom-
#25075	REDUCE cov: 705 ft: 1971 corp: 251/1540b lim: 38 exec/s: 8358 rss: 1345Mb L: 14/35 MS: 2 EraseBytes-Custom-
#25208	REDUCE cov: 705 ft: 1971 corp: 251/1538b lim: 38 exec/s: 8402 rss: 1345Mb L: 12/35 MS: 6 EraseBytes-Custom-PersAutoDict-Custom-CrossOver-Custom- DE: "\377\377\377\377"-
#25344	REDUCE cov: 705 ft: 1971 corp: 251/1537b lim: 38 exec/s: 8448 rss: 1345Mb L: 6/35 MS: 2 EraseBytes-Custom-
#25354	REDUCE cov: 705 ft: 1998 corp: 252/1573b lim: 38 exec/s: 8451 rss: 1345Mb L: 36/36 MS: 10 ShuffleBytes-Custom-InsertByte-Custom-CopyPart-Custom-InsertRepeatedBytes-Custom-InsertRepeatedBytes-Custom-
#25602	REDUCE cov: 705 ft: 1998 corp: 252/1569b lim: 38 exec/s: 8534 rss: 1345Mb L: 19/36 MS: 6 InsertByte-Custom-PersAutoDict-Custom-EraseBytes-Custom- DE: "\377\377"-
#25618	REDUCE cov: 705 ft: 1998 corp: 252/1567b lim: 38 exec/s: 8539 rss: 1345Mb L: 28/36 MS: 2 EraseBytes-Custom-
#25722	NEW    cov: 705 ft: 1999 corp: 253/1582b lim: 38 exec/s: 8574 rss: 1345Mb L: 15/36 MS: 8 InsertRepeatedBytes-Custom-ChangeByte-Custom-CrossOver-Custom-EraseBytes-Custom-
#25824	REDUCE cov: 705 ft: 1999 corp: 253/1578b lim: 38 exec/s: 8608 rss: 1345Mb L: 18/36 MS: 4 InsertRepeatedBytes-Custom-EraseBytes-Custom-
#25944	REDUCE cov: 706 ft: 2000 corp: 254/1588b lim: 38 exec/s: 8648 rss: 1345Mb L: 10/36 MS: 10 PersAutoDict-Custom-ChangeByte-Custom-PersAutoDict-Custom-CrossOver-Custom-InsertRepeatedBytes-Custom- DE: "\377\002"-"\376\377\377\377"-
#26297	REDUCE cov: 706 ft: 2000 corp: 254/1586b lim: 38 exec/s: 8765 rss: 1345Mb L: 22/36 MS: 6 ChangeByte-Custom-ChangeByte-Custom-EraseBytes-Custom-
#26589	REDUCE cov: 706 ft: 2000 corp: 254/1585b lim: 38 exec/s: 8863 rss: 1345Mb L: 4/36 MS: 4 ShuffleBytes-Custom-EraseBytes-Custom-
#26613	REDUCE cov: 706 ft: 2000 corp: 254/1584b lim: 38 exec/s: 8871 rss: 1345Mb L: 27/36 MS: 8 InsertByte-Custom-PersAutoDict-Custom-EraseBytes-Custom-PersAutoDict-Custom- DE: "\001\000\000\000"-"<\000"-
#26873	REDUCE cov: 706 ft: 2000 corp: 254/1582b lim: 38 exec/s: 8957 rss: 1345Mb L: 32/36 MS: 10 PersAutoDict-Custom-InsertByte-Custom-EraseBytes-Custom-InsertRepeatedBytes-Custom-CopyPart-Custom- DE: "\000\000"-
#26996	REDUCE cov: 706 ft: 2000 corp: 254/1581b lim: 38 exec/s: 8998 rss: 1345Mb L: 3/36 MS: 6 ShuffleBytes-Custom-EraseBytes-Custom-CopyPart-Custom-
#26999	NEW    cov: 706 ft: 2001 corp: 255/1612b lim: 38 exec/s: 8999 rss: 1345Mb L: 31/36 MS: 6 ChangeBit-Custom-CrossOver-Custom-InsertRepeatedBytes-Custom-
#27822	REDUCE cov: 706 ft: 2001 corp: 255/1611b lim: 43 exec/s: 9274 rss: 1346Mb L: 31/36 MS: 6 InsertByte-Custom-PersAutoDict-Custom-EraseBytes-Custom- DE: "\000\023"-
#27833	REDUCE cov: 706 ft: 2001 corp: 255/1610b lim: 43 exec/s: 9277 rss: 1346Mb L: 18/36 MS: 2 EraseBytes-Custom-
#27909	REDUCE cov: 706 ft: 2001 corp: 255/1609b lim: 43 exec/s: 9303 rss: 1346Mb L: 9/36 MS: 2 EraseBytes-Custom-
#28187	REDUCE cov: 706 ft: 2003 corp: 256/1647b lim: 43 exec/s: 9395 rss: 1346Mb L: 38/38 MS: 6 ChangeBinInt-Custom-InsertRepeatedBytes-Custom-CopyPart-Custom-
#28470	NEW    cov: 706 ft: 2014 corp: 257/1687b lim: 43 exec/s: 9490 rss: 1346Mb L: 40/40 MS: 6 ChangeBit-Custom-EraseBytes-Custom-InsertRepeatedBytes-Custom-
#28735	REDUCE cov: 706 ft: 2018 corp: 258/1723b lim: 43 exec/s: 9578 rss: 1346Mb L: 36/40 MS: 10 ChangeByte-Custom-ChangeByte-Custom-InsertRepeatedBytes-Custom-ShuffleBytes-Custom-CrossOver-Custom-
#28784	REDUCE cov: 706 ft: 2018 corp: 258/1721b lim: 43 exec/s: 9594 rss: 1346Mb L: 6/40 MS: 8 EraseBytes-Custom-CMP-Custom-EraseBytes-Custom-EraseBytes-Custom- DE: "\000\000\000\000\000\000\000\000"-
#28830	REDUCE cov: 706 ft: 2018 corp: 258/1717b lim: 43 exec/s: 9610 rss: 1346Mb L: 6/40 MS: 2 EraseBytes-Custom-
#29075	REDUCE cov: 706 ft: 2035 corp: 259/1757b lim: 43 exec/s: 9691 rss: 1346Mb L: 40/40 MS: 10 InsertRepeatedBytes-Custom-ChangeBinInt-Custom-InsertByte-Custom-ChangeByte-Custom-PersAutoDict-Custom- DE: "\000\000\000\006"-
#29081	REDUCE cov: 706 ft: 2035 corp: 259/1756b lim: 43 exec/s: 9693 rss: 1346Mb L: 2/40 MS: 2 EraseBytes-Custom-
#29240	NEW    cov: 707 ft: 2036 corp: 260/1767b lim: 43 exec/s: 9746 rss: 1346Mb L: 11/40 MS: 8 PersAutoDict-Custom-PersAutoDict-Custom-InsertByte-Custom-CMP-Custom- DE: "\377\037"-"\377\002"-"\377\377\377\377\377\377\377\377"-
#29518	NEW    cov: 707 ft: 2038 corp: 261/1808b lim: 43 exec/s: 9839 rss: 1346Mb L: 41/41 MS: 6 ChangeBit-Custom-ChangeByte-Custom-InsertByte-Custom-
#29918	NEW    cov: 707 ft: 2044 corp: 262/1847b lim: 43 exec/s: 9972 rss: 1346Mb L: 39/41 MS: 10 ChangeBinInt-Custom-ChangeBit-Custom-EraseBytes-Custom-ShuffleBytes-Custom-CrossOver-Custom-
#30045	REDUCE cov: 707 ft: 2044 corp: 262/1844b lim: 43 exec/s: 10015 rss: 1346Mb L: 8/41 MS: 4 InsertByte-Custom-EraseBytes-Custom-
#30835	NEW    cov: 707 ft: 2045 corp: 263/1888b lim: 48 exec/s: 10278 rss: 1346Mb L: 44/44 MS: 10 ChangeByte-Custom-ChangeBit-Custom-ChangeByte-Custom-ChangeByte-Custom-InsertRepeatedBytes-Custom-
#30852	REDUCE cov: 707 ft: 2045 corp: 263/1887b lim: 48 exec/s: 10284 rss: 1346Mb L: 3/44 MS: 4 InsertByte-Custom-EraseBytes-Custom-
#30876	NEW    cov: 707 ft: 2048 corp: 264/1911b lim: 48 exec/s: 10292 rss: 1346Mb L: 24/44 MS: 8 PersAutoDict-Custom-EraseBytes-Custom-EraseBytes-Custom-InsertRepeatedBytes-Custom- DE: "\021\000\000\000"-
#31272	REDUCE cov: 707 ft: 2048 corp: 264/1910b lim: 48 exec/s: 10424 rss: 1346Mb L: 6/44 MS: 2 EraseBytes-Custom-
#31383	REDUCE cov: 707 ft: 2048 corp: 264/1908b lim: 48 exec/s: 10461 rss: 1346Mb L: 10/44 MS: 2 EraseBytes-Custom-
#31474	REDUCE cov: 707 ft: 2048 corp: 264/1907b lim: 48 exec/s: 10491 rss: 1346Mb L: 4/44 MS: 2 EraseBytes-Custom-
#31490	REDUCE cov: 707 ft: 2048 corp: 264/1901b lim: 48 exec/s: 10496 rss: 1346Mb L: 17/44 MS: 2 EraseBytes-Custom-
#31686	REDUCE cov: 707 ft: 2048 corp: 264/1899b lim: 48 exec/s: 10562 rss: 1346Mb L: 9/44 MS: 2 EraseBytes-Custom-
#32551	NEW    cov: 707 ft: 2055 corp: 265/1948b lim: 53 exec/s: 10850 rss: 1346Mb L: 49/49 MS: 10 CrossOver-Custom-CrossOver-Custom-CopyPart-Custom-CopyPart-Custom-InsertRepeatedBytes-Custom-
#32768	pulse  cov: 707 ft: 2055 corp: 265/1948b lim: 53 exec/s: 10922 rss: 1346Mb
#33557	NEW    cov: 707 ft: 2056 corp: 266/2002b lim: 58 exec/s: 11185 rss: 1346Mb L: 54/54 MS: 2 InsertRepeatedBytes-Custom-
#33681	REDUCE cov: 707 ft: 2056 corp: 266/1980b lim: 58 exec/s: 11227 rss: 1346Mb L: 32/49 MS: 8 InsertByte-Custom-ChangeBit-Custom-ShuffleBytes-Custom-EraseBytes-Custom-
#34209	NEW    cov: 707 ft: 2057 corp: 267/2031b lim: 63 exec/s: 11403 rss: 1346Mb L: 51/51 MS: 6 ChangeBinInt-Custom-ChangeBit-Custom-InsertRepeatedBytes-Custom-
#34574	REDUCE cov: 707 ft: 2058 corp: 268/2093b lim: 63 exec/s: 11524 rss: 1346Mb L: 62/62 MS: 10 CrossOver-Custom-InsertByte-Custom-InsertRepeatedBytes-Custom-ChangeByte-Custom-CrossOver-Custom-
#34656	REDUCE cov: 707 ft: 2058 corp: 268/2091b lim: 63 exec/s: 11552 rss: 1346Mb L: 22/62 MS: 4 CopyPart-Custom-CrossOver-Custom-
#34791	NEW    cov: 707 ft: 2059 corp: 269/2148b lim: 63 exec/s: 11597 rss: 1346Mb L: 57/62 MS: 10 ChangeBit-Custom-ChangeBit-Custom-CrossOver-Custom-InsertByte-Custom-InsertRepeatedBytes-Custom-
#34982	REDUCE cov: 707 ft: 2059 corp: 269/2147b lim: 63 exec/s: 11660 rss: 1346Mb L: 3/62 MS: 2 EraseBytes-Custom-
#34999	REDUCE cov: 707 ft: 2059 corp: 269/2144b lim: 63 exec/s: 11666 rss: 1346Mb L: 19/62 MS: 4 InsertRepeatedBytes-Custom-EraseBytes-Custom-
#35120	REDUCE cov: 707 ft: 2059 corp: 269/2143b lim: 63 exec/s: 11706 rss: 1346Mb L: 6/62 MS: 2 EraseBytes-Custom-
#35156	REDUCE cov: 707 ft: 2059 corp: 269/2141b lim: 63 exec/s: 11718 rss: 1346Mb L: 9/62 MS: 2 EraseBytes-Custom-
#35669	REDUCE cov: 707 ft: 2059 corp: 269/2140b lim: 68 exec/s: 11889 rss: 1346Mb L: 1/62 MS: 6 ShuffleBytes-Custom-ShuffleBytes-Custom-EraseBytes-Custom-
#35777	REDUCE cov: 707 ft: 2059 corp: 269/2124b lim: 68 exec/s: 11925 rss: 1346Mb L: 41/62 MS: 6 ShuffleBytes-Custom-PersAutoDict-Custom-EraseBytes-Custom- DE: "\377\377"-
MS: 6 InsertRepeatedBytes-Custom-CrossOver-Custom-InsertRepeatedBytes-Custom-; base unit: 16c8f8ac7b57bd5b58b41327228e3fa21201db68
0xff,0xff,0xff,0xff,0xff,0xff,0xff,0xff,0xff,0xff,0xff,0xff,0xff,0xff,0xff,0xff,0xff,0xff,0xff,0xf,0xf,0xf,0xf,0xf,0xf,0xf,0xf,0xf,0xf,0xf,0xf,0xf,0xf,0xf,0xf,0xf,0xf,0xf,0xf,0xf,0xf,0xff,0xe,0x3f,0x3f,
\377\377\377\377\377\377\377\377\377\377\377\377\377\377\377\377\377\377\377\017\017\017\017\017\017\017\017\017\017\017\017\017\017\017\017\017\017\017\017\017\017\377\016??
artifact_prefix='/tmp/bugrun/jacksoncore_18.8WLjj4/'; Test unit written to /tmp/bugrun/jacksoncore_18.8WLjj4/crash-397f405ea78b125dc73e2ff2b6466cfd36ad848f
Base64: /////////////////////////w8PDw8PDw8PDw8PDw8PDw8PDw8PDw//Dj8/
Done 36075 runs in 3 second(s)
DEDUP_TOKEN: 30d0e4de22416ac5
[ERROR] Tests run: 2, Failures: 0, Errors: 1, Skipped: 0, Time elapsed: 15.03 s <<< FAILURE! -- in com.example.algorithm2.Algorithm2Test
[ERROR] com.example.algorithm2.Algorithm2Test.testParameterizedFuzzer(FuzzedDataProvider)[2] -- Time elapsed: 4.150 s <<< ERROR!
java.lang.ArrayIndexOutOfBoundsException: Index 782 out of bounds for length 32
	at com.fasterxml.jackson.core.json.ByteSourceJsonBootstrapper.detectEncoding(ByteSourceJsonBootstrapper.java:127)
	at com.fasterxml.jackson.core.json.ByteSourceJsonBootstrapper.constructParser(ByteSourceJsonBootstrapper.java:215)
	at com.fasterxml.jackson.core.JsonFactory._createParser(JsonFactory.java:1285)
	at com.fasterxml.jackson.core.JsonFactory.createParser(JsonFactory.java:866)
	at jdk.internal.reflect.GeneratedMethodAccessor82.invoke(Unknown Source)
	at java.base/jdk.internal.reflect.DelegatingMethodAccessorImpl.invoke(DelegatingMethodAccessorImpl.java:43)
	at java.base/java.lang.reflect.Method.invoke(Method.java:566)
	at com.example.algorithm2.Algorithm2Test.testParameterizedFuzzer(Algorithm2Test.java:226)

[INFO] 
[INFO] Results:
[INFO] 
[ERROR] Errors: 
[ERROR]   Algorithm2Test.testParameterizedFuzzer:226 » ArrayIndexOutOfBounds Index 782 out of bounds for length 32
[INFO] 
[ERROR] Tests run: 2, Failures: 0, Errors: 1, Skipped: 0
[INFO] 
[ERROR] 

Please refer to /tmp/bugrun/jacksoncore_18.8WLjj4/target/surefire-reports for the individual test results.
Please refer to dump files (if any exist) [date].dump, [date]-jvmRun[N].dump and [date].dumpstream.
[INFO] 
[INFO] --- jacoco:0.8.11:report (default-cli) @ AlgorithmName2 ---
[INFO] Loading execution data file /tmp/bugrun/jacksoncore_18.8WLjj4/target/jacoco.exec
[INFO] Analyzed bundle 'AlgorithmName2' with 80 classes
[INFO] ------------------------------------------------------------------------
[INFO] BUILD SUCCESS
[INFO] ------------------------------------------------------------------------
[INFO] Total time:  27.229 s
[INFO] Finished at: 2026-10-06T02:51:40+07:00
[INFO] ------------------------------------------------------------------------
