[INFO] Scanning for projects...
[INFO] 
[INFO] ---------------------< com.example:AlgorithmName2 >---------------------
[INFO] Building AlgorithmName2 1.0-SNAPSHOT
[INFO]   from pom.xml
[INFO] --------------------------------[ jar ]---------------------------------
[INFO] 
[INFO] --- jacoco:0.8.11:prepare-agent (default) @ AlgorithmName2 ---
[INFO] argLine set to -javaagent:/home/kanyaphak673380391-3/.m2/repository/org/jacoco/org.jacoco.agent/0.8.11/org.jacoco.agent-0.8.11-runtime.jar=destfile=/tmp/bugrun/jxpath_20.2SfGcu/target/jacoco.exec
[INFO] 
[INFO] --- resources:3.4.0:resources (default-resources) @ AlgorithmName2 ---
[INFO] Copying 1 resource from src/main/resources to target/classes
[INFO] 
[INFO] --- compiler:3.15.0:compile (default-compile) @ AlgorithmName2 ---
[INFO] Recompiling the module because of changed source code.
[INFO] Compiling 1 source file with javac [debug target 1.8] to target/classes
[WARNING] bootstrap class path not set in conjunction with -source 8
[INFO] 
[INFO] --- dependency:3.6.0:unpack-dependencies (unpack-defects4j) @ AlgorithmName2 ---
[INFO] 
[INFO] --- resources:3.4.0:testResources (default-testResources) @ AlgorithmName2 ---
[INFO] skip non existing resourceDirectory /tmp/bugrun/jxpath_20.2SfGcu/src/test/resources
[INFO] 
[INFO] --- compiler:3.15.0:testCompile (default-testCompile) @ AlgorithmName2 ---
[INFO] Recompiling the module because of changed dependency.
[INFO] Compiling 1 source file with javac [debug target 1.8] to target/test-classes
[WARNING] bootstrap class path not set in conjunction with -source 8
[INFO] 
[INFO] --- surefire:3.1.2:test (default-cli) @ AlgorithmName2 ---
[INFO] Using auto detected provider org.apache.maven.surefire.junitplatform.JUnitPlatformProvider
[INFO] 
[INFO] -------------------------------------------------------
[INFO]  T E S T S
[INFO] -------------------------------------------------------
[INFO] Running com.example.algorithm2.Algorithm2Test
OpenJDK 64-Bit Server VM warning: Sharing is only supported for boot loader classes because bootstrap classpath has been appended
INFO: Loaded 281 hooks from com.code_intelligence.jazzer.runtime.TraceCmpHooks
INFO: Loaded 5 hooks from com.code_intelligence.jazzer.runtime.TraceDivHooks
INFO: Loaded 2 hooks from com.code_intelligence.jazzer.runtime.TraceIndirHooks
INFO: Loaded 4 hooks from com.code_intelligence.jazzer.runtime.NativeLibHooks
INFO: Loaded 2 hooks from com.code_intelligence.jazzer.sanitizers.ClojureLangHooks
INFO: Loaded 5 hooks from com.code_intelligence.jazzer.sanitizers.Deserialization
INFO: Loaded 5 hooks from com.code_intelligence.jazzer.sanitizers.ExpressionLanguageInjection
INFO: Loaded 70 hooks from com.code_intelligence.jazzer.sanitizers.LdapInjection
INFO: Loaded 46 hooks from com.code_intelligence.jazzer.sanitizers.NamingContextLookup
INFO: Loaded 1 hooks from com.code_intelligence.jazzer.sanitizers.OsCommandInjection
INFO: Loaded 52 hooks from com.code_intelligence.jazzer.sanitizers.ReflectiveCall
INFO: Loaded 8 hooks from com.code_intelligence.jazzer.sanitizers.RegexInjection
INFO: Loaded 16 hooks from com.code_intelligence.jazzer.sanitizers.RegexRoadblocks
INFO: Loaded 18 hooks from com.code_intelligence.jazzer.sanitizers.ScriptEngineInjection
INFO: Loaded 2 hooks from com.code_intelligence.jazzer.sanitizers.ServerSideRequestForgery
INFO: Loaded 19 hooks from com.code_intelligence.jazzer.sanitizers.SqlInjection
INFO: Loaded 6 hooks from com.code_intelligence.jazzer.sanitizers.XPathInjection
INFO: Instrumented com.example.algorithm2.Algorithm2Test$Skip (took 150 ms, size +44%)
INFO: Instrumented com.example.algorithm2.Algorithm2Test (took 92 ms, size +27%)
INFO: Instrumented org.apache.commons.jxpath.JXPathContext (took 65 ms, size +12%)
INFO: Instrumented org.apache.commons.jxpath.Variables (took 1 ms, size +0%)
INFO: Instrumented org.apache.commons.jxpath.Functions (took 0 ms, size +0%)
INFO: Instrumented org.apache.commons.jxpath.JXPathException (took 9 ms, size +24%)
INFO: New number of coverage counters: 1024
INFO: Instrumented org.apache.commons.jxpath.PackageFunctions (took 18 ms, size +33%)
INFO: Instrumented org.apache.commons.jxpath.Function (took 1 ms, size +0%)
INFO: Instrumented org.apache.commons.jxpath.CompiledExpression (took 1 ms, size +0%)
INFO: Instrumented org.apache.commons.jxpath.AbstractFactory (took 4 ms, size +34%)
INFO: Instrumented org.apache.commons.jxpath.Pointer (took 1 ms, size +0%)
INFO: Instrumented org.apache.commons.jxpath.IdentityManager (took 0 ms, size +0%)
INFO: Instrumented org.apache.commons.jxpath.KeyManager (took 1 ms, size +0%)
INFO: Instrumented org.apache.commons.jxpath.NodeSet (took 0 ms, size +0%)
INFO: Instrumented org.apache.commons.jxpath.ExceptionHandler (took 0 ms, size +0%)
[harness] target=org.apache.commons.jxpath.JXPathContext factories=1 methods=42
INFO: Instrumented org.apache.commons.jxpath.JXPathContextFactory (took 11 ms, size +24%)
INFO: Instrumented org.apache.commons.jxpath.JXPathContextFactoryConfigurationError (took 5 ms, size +30%)
INFO: Instrumented org.apache.commons.jxpath.util.ClassLoaderUtil (took 12 ms, size +43%)
INFO: Instrumented org.apache.commons.jxpath.ri.JXPathContextFactoryReferenceImpl (took 2 ms, size +35%)
INFO: Instrumented org.apache.commons.jxpath.ri.JXPathContextReferenceImpl (took 32 ms, size +12%)
INFO: Instrumented org.apache.commons.jxpath.ri.Compiler (took 1 ms, size +0%)
INFO: Instrumented org.apache.commons.jxpath.JXPathNotFoundException (took 1 ms, size +47%)
INFO: Instrumented org.apache.commons.jxpath.JXPathTypeConversionException (took 3 ms, size +38%)
INFO: Instrumented org.apache.commons.jxpath.JXPathFunctionNotFoundException (took 1 ms, size +45%)
INFO: New number of coverage counters: 2048
INFO: Instrumented org.apache.commons.jxpath.ri.EvalContext (took 20 ms, size +26%)
INFO: Instrumented org.apache.commons.jxpath.ExpressionContext (took 0 ms, size +0%)
INFO: Instrumented org.apache.commons.jxpath.ri.axes.RootContext (took 9 ms, size +17%)
INFO: Instrumented org.apache.commons.jxpath.ri.axes.InitialContext (took 5 ms, size +34%)
INFO: Instrumented org.apache.commons.jxpath.JXPathInvalidSyntaxException (took 3 ms, size +46%)
INFO: Instrumented org.apache.commons.jxpath.ri.compiler.TreeCompiler (took 12 ms, size +12%)
INFO: Instrumented org.apache.commons.jxpath.ri.compiler.CoreOperationEqual (took 3 ms, size +39%)
INFO: Instrumented org.apache.commons.jxpath.ri.compiler.CoreOperationCompare (took 9 ms, size +27%)
INFO: Instrumented org.apache.commons.jxpath.ri.compiler.CoreOperation (took 5 ms, size +27%)
INFO: Instrumented org.apache.commons.jxpath.ri.compiler.Operation (took 3 ms, size +47%)
INFO: Instrumented org.apache.commons.jxpath.ri.compiler.Expression (took 9 ms, size +23%)
INFO: Instrumented org.apache.commons.jxpath.ri.compiler.NameAttributeTest (took 4 ms, size +33%)
INFO: Instrumented org.apache.commons.jxpath.ri.QName (took 4 ms, size +47%)
INFO: Instrumented org.apache.commons.jxpath.ri.model.beans.CollectionPointerFactory (took 5 ms, size +31%)
INFO: Instrumented org.apache.commons.jxpath.ri.model.NodePointerFactory (took 0 ms, size +0%)
INFO: Instrumented org.apache.commons.jxpath.ri.model.NodePointer (took 36 ms, size +18%)
INFO: Instrumented org.apache.commons.jxpath.ri.model.beans.CollectionPointer (took 11 ms, size +15%)
INFO: Instrumented org.apache.commons.jxpath.ri.model.beans.BeanPointerFactory (took 2 ms, size +19%)
INFO: Instrumented org.apache.commons.jxpath.ri.model.beans.NullPointer (took 9 ms, size +17%)
INFO: Instrumented org.apache.commons.jxpath.ri.model.beans.PropertyOwnerPointer (took 7 ms, size +19%)
INFO: New number of coverage counters: 4096
INFO: Instrumented org.apache.commons.jxpath.ri.model.beans.BeanPointer (took 7 ms, size +28%)
INFO: Instrumented org.apache.commons.jxpath.ri.model.dynamic.DynamicPointerFactory (took 4 ms, size +22%)
INFO: Instrumented org.apache.commons.jxpath.ri.model.dynamic.DynamicPointer (took 8 ms, size +17%)
INFO: Instrumented org.apache.commons.jxpath.ri.model.VariablePointerFactory (took 3 ms, size +21%)
INFO: Instrumented org.apache.commons.jxpath.ri.model.VariablePointer (took 16 ms, size +16%)
INFO: Instrumented org.apache.commons.jxpath.ri.model.dom.DOMPointerFactory (took 4 ms, size +32%)
INFO: Instrumented org.apache.commons.jxpath.ri.model.dom.DOMNodePointer (took 30 ms, size +26%)
INFO: Instrumented org.apache.commons.jxpath.ri.model.container.ContainerPointerFactory (took 2 ms, size +30%)
INFO: Instrumented org.apache.commons.jxpath.ri.model.container.ContainerPointer (took 9 ms, size +18%)
INFO: Instrumented org.apache.commons.jxpath.ri.JXPathContextReferenceImpl$1 (took 3 ms, size +35%)
INFO: Instrumented org.apache.commons.jxpath.util.ValueUtils (took 19 ms, size +25%)
INFO: Instrumented org.apache.commons.jxpath.Container (took 0 ms, size +0%)
INFO: Instrumented org.apache.commons.jxpath.JXPathIntrospector (took 7 ms, size +34%)
INFO: Instrumented org.apache.commons.jxpath.JXPathBeanInfo (took 0 ms, size +0%)
INFO: Instrumented org.apache.commons.jxpath.JXPathBasicBeanInfo (took 8 ms, size +24%)
INFO: Instrumented org.apache.commons.jxpath.JXPathBasicBeanInfo$1 (took 3 ms, size +52%)
INFO: Instrumented org.apache.commons.jxpath.MapDynamicPropertyHandler (took 3 ms, size +37%)
INFO: Instrumented org.apache.commons.jxpath.DynamicPropertyHandler (took 0 ms, size +0%)
INFO: Instrumented org.apache.commons.jxpath.ri.model.VariablePointerFactory$VariableContextWrapper (took 2 ms, size +29%)
INFO: Instrumented org.apache.commons.jxpath.JXPathInvalidAccessException (took 2 ms, size +39%)
INFO: Instrumented org.apache.commons.jxpath.ri.model.NodeIterator (took 0 ms, size +0%)
INFO: Instrumented org.apache.commons.jxpath.ri.model.beans.PropertyPointer (took 11 ms, size +22%)
INFO: Instrumented org.apache.commons.jxpath.ri.model.beans.BeanPropertyPointer (took 10 ms, size +19%)
INFO: Instrumented org.apache.commons.jxpath.ri.NamespaceResolver (took 7 ms, size +31%)
INFO: found LLVMFuzzerCustomMutator (0x7ad334b59cd0). Disabling -len_control by default.
INFO: Running with entropic power schedule (0xFF, 100).
INFO: Seed: 1828305819
INFO: Loaded 4 modules   (4096 inline 8-bit counters): 512 [0x7ad3bcc3d040, 0x7ad3bcc3d240), 512 [0x7ad3bcc3d240, 0x7ad3bcc3d440), 1024 [0x7ad3bcc3d440, 0x7ad3bcc3d840), 2048 [0x7ad3bcc3d840, 0x7ad3bcc3e040), 
INFO: Loaded 4 PC tables (4096 PCs): 512 [0x7ad3bcb0c160,0x7ad3bcb0e160), 512 [0x7ad3bcbb0420,0x7ad3bcbb2420), 1024 [0x7ad3bcdd4490,0x7ad3bcdd8490), 2048 [0x7ad3bce03cd0,0x7ad3bce0bcd0), 
INFO:        0 files found in /tmp/bugrun/jxpath_20.2SfGcu/.cifuzz-corpus/com.example.algorithm2.Algorithm2Test/testParameterizedFuzzer
INFO:        0 files found in /tmp/jazzer-java-seeds11907252209388160426
INFO: -max_len is not provided; libFuzzer will not generate inputs larger than 4096 bytes
INFO: A corpus is not provided, starting from an empty corpus
INFO: using inputs from: /tmp/bugrun/jxpath_20.2SfGcu/.cifuzz-corpus/com.example.algorithm2.Algorithm2Test/testParameterizedFuzzer
INFO: using inputs from: /tmp/jazzer-java-seeds11907252209388160426
INFO: Instrumented org.apache.commons.jxpath.ri.Parser (took 4 ms, size +23%)
INFO: Instrumented org.apache.commons.jxpath.ri.parser.TokenMgrError (took 4 ms, size +21%)
INFO: Instrumented org.apache.commons.jxpath.ri.parser.ParseException (took 6 ms, size +22%)
INFO: New number of coverage counters: 8192
INFO: Instrumented org.apache.commons.jxpath.ri.parser.XPathParser (took 83 ms, size +23%)
INFO: Instrumented org.apache.commons.jxpath.ri.parser.XPathParserConstants (took 2 ms, size +9%)
INFO: Instrumented org.apache.commons.jxpath.ri.parser.XPathParser$LookaheadSuccess (took 1 ms, size +38%)
INFO: Instrumented org.apache.commons.jxpath.ri.parser.XPathParser$JJCalls (took 1 ms, size +45%)
#2	INITED cov: 349 ft: 349 corp: 1/1b exec/s: 0 rss: 804Mb
#3	NEW    cov: 353 ft: 391 corp: 2/2b lim: 4 exec/s: 0 rss: 805Mb L: 1/1 MS: 2 ShuffleBytes-Custom-
#4	NEW    cov: 355 ft: 396 corp: 3/3b lim: 4 exec/s: 0 rss: 805Mb L: 1/1 MS: 2 ChangeBit-Custom-
#6	NEW    cov: 356 ft: 397 corp: 4/4b lim: 4 exec/s: 0 rss: 805Mb L: 1/1 MS: 4 CopyPart-Custom-ChangeBit-Custom-
#7	NEW    cov: 366 ft: 414 corp: 5/5b lim: 4 exec/s: 0 rss: 805Mb L: 1/1 MS: 2 ChangeByte-Custom-
#9	NEW    cov: 368 ft: 416 corp: 6/7b lim: 4 exec/s: 0 rss: 806Mb L: 2/2 MS: 4 ShuffleBytes-Custom-InsertByte-Custom-
#10	NEW    cov: 369 ft: 417 corp: 7/9b lim: 4 exec/s: 0 rss: 806Mb L: 2/2 MS: 2 ChangeASCIIInt-Custom-
#13	NEW    cov: 370 ft: 418 corp: 8/11b lim: 4 exec/s: 0 rss: 806Mb L: 2/2 MS: 6 CrossOver-Custom-ChangeByte-Custom-ChangeBinInt-Custom-
INFO: Instrumented org.apache.commons.jxpath.ri.parser.SimpleCharStream (took 12 ms, size +18%)
#14	NEW    cov: 380 ft: 486 corp: 9/12b lim: 4 exec/s: 0 rss: 808Mb L: 1/2 MS: 2 ChangeBit-Custom-
INFO: Instrumented org.apache.commons.jxpath.ri.parser.XPathParserTokenManager (took 47 ms, size +22%)
INFO: #17	NEW    cov: 381 ft: 487 corp: 10/14b lim: 4 exec/s: 0 rss: 809Mb L: 2/2 MS: 6 InsertByte-Custom-CopyPart-Custom-CopyPart-Custom-
Instrumented org.apache.commons.jxpath.ri.parser.Token (took 2 ms, size +38%)
#20	NEW    cov: 384 ft: 490 corp: 11/17b lim: 4 exec/s: 0 rss: 809Mb L: 3/3 MS: 6 ChangeBit-Custom-ChangeByte-Custom-InsertByte-Custom-
INFO: #22	REDUCE cov: 384 ft: 490 corp: 11/16b lim: 4 exec/s: 0 rss: 809Mb L: 1/3 MS: 4 CopyPart-Custom-EraseBytes-Custom-
Instrumented org.apache.commons.jxpath.ri.model.beans.NullPropertyPointer (took 9 ms, size +17%)
#23	NEW    cov: 386 ft: 492 corp: 12/18b lim: 4 exec/s: 0 rss: 809Mb L: 2/3 MS: 2 InsertByte-Custom-
INFO: #24	NEW    cov: 387 ft: 541 corp: 13/20b lim: 4 exec/s: 0 rss: 809Mb L: 2/3 MS: 2 CopyPart-Custom-
Instrumented org.apache.commons.jxpath.ri.JXPathCompiledExpression (took 5 ms, size +14%)
MS: 10 CopyPart-Custom-CrossOver-Custom-ChangeByte-Custom-ChangeBit-Custom-ChangeBinInt-Custom-; base unit: 069950a4d4766de004680f2d6eda34e40258cf9a
0xa,0xed,0x4a,0x21,
\012\355J!
artifact_prefix='/tmp/bugrun/jxpath_20.2SfGcu/'; Test unit written to /tmp/bugrun/jxpath_20.2SfGcu/crash-0d821f73fedffe4a2d2a7f544b1bfc9ac11a00ac
Base64: Cu1KIQ==
Done 29 runs in 0 second(s)
DEDUP_TOKEN: 06bfe63e75bf90e2
[ERROR] Tests run: 2, Failures: 0, Errors: 1, Skipped: 0, Time elapsed: 4.664 s <<< FAILURE! -- in com.example.algorithm2.Algorithm2Test
[ERROR] com.example.algorithm2.Algorithm2Test.testParameterizedFuzzer(FuzzedDataProvider)[2] -- Time elapsed: 0.334 s <<< ERROR!
org.apache.commons.jxpath.JXPathException: Cannot find an element by key - no KeyManager has been specified
	at org.apache.commons.jxpath.JXPathContext.getPointerByKey(JXPathContext.java:863)
	at java.base/jdk.internal.reflect.NativeMethodAccessorImpl.invoke0(Native Method)
	at java.base/jdk.internal.reflect.NativeMethodAccessorImpl.invoke(NativeMethodAccessorImpl.java:62)
	at java.base/jdk.internal.reflect.DelegatingMethodAccessorImpl.invoke(DelegatingMethodAccessorImpl.java:43)
	at java.base/java.lang.reflect.Method.invoke(Method.java:566)
	at com.example.algorithm2.Algorithm2Test.testParameterizedFuzzer(Algorithm2Test.java:226)

[INFO] 
[INFO] Results:
[INFO] 
[ERROR] Errors: 
[ERROR]   Algorithm2Test.testParameterizedFuzzer:226 » JXPath Cannot find an element by key - no KeyManager has been specified
[INFO] 
[ERROR] Tests run: 2, Failures: 0, Errors: 1, Skipped: 0
[INFO] 
[ERROR] 

Please refer to /tmp/bugrun/jxpath_20.2SfGcu/target/surefire-reports for the individual test results.
Please refer to dump files (if any exist) [date].dump, [date]-jvmRun[N].dump and [date].dumpstream.
[INFO] 
[INFO] --- jacoco:0.8.11:report (default-cli) @ AlgorithmName2 ---
[INFO] Loading execution data file /tmp/bugrun/jxpath_20.2SfGcu/target/jacoco.exec
[INFO] Analyzed bundle 'AlgorithmName2' with 166 classes
[INFO] ------------------------------------------------------------------------
[INFO] BUILD SUCCESS
[INFO] ------------------------------------------------------------------------
[INFO] Total time:  24.108 s
[INFO] Finished at: 2026-10-06T03:07:04+07:00
[INFO] ------------------------------------------------------------------------
