[INFO] Scanning for projects...
[INFO] 
[INFO] ---------------------< com.example:AlgorithmName2 >---------------------
[INFO] Building AlgorithmName2 1.0-SNAPSHOT
[INFO]   from pom.xml
[INFO] --------------------------------[ jar ]---------------------------------
[INFO] 
[INFO] --- jacoco:0.8.11:prepare-agent (default) @ AlgorithmName2 ---
[INFO] argLine set to -javaagent:/home/kanyaphak673380391-3/.m2/repository/org/jacoco/org.jacoco.agent/0.8.11/org.jacoco.agent-0.8.11-runtime.jar=destfile=/tmp/bugrun/cli_8.VFf6UE/target/jacoco.exec
[INFO] 
[INFO] --- resources:3.4.0:resources (default-resources) @ AlgorithmName2 ---
[INFO] Copying 1 resource from src/main/resources to target/classes
[INFO] 
[INFO] --- compiler:3.15.0:compile (default-compile) @ AlgorithmName2 ---
[INFO] Recompiling the module because of changed source code.
[INFO] Compiling 1 source file with javac [debug target 1.8] to target/classes
[WARNING] bootstrap class path not set in conjunction with -source 8
[INFO] 
[INFO] --- dependency:3.6.0:unpack-dependencies (unpack-defects4j) @ AlgorithmName2 ---
[INFO] 
[INFO] --- resources:3.4.0:testResources (default-testResources) @ AlgorithmName2 ---
[INFO] skip non existing resourceDirectory /tmp/bugrun/cli_8.VFf6UE/src/test/resources
[INFO] 
[INFO] --- compiler:3.15.0:testCompile (default-testCompile) @ AlgorithmName2 ---
[INFO] Recompiling the module because of changed dependency.
[INFO] Compiling 1 source file with javac [debug target 1.8] to target/test-classes
[WARNING] bootstrap class path not set in conjunction with -source 8
[INFO] 
[INFO] --- surefire:3.1.2:test (default-cli) @ AlgorithmName2 ---
[INFO] Using auto detected provider org.apache.maven.surefire.junitplatform.JUnitPlatformProvider
[INFO] 
[INFO] -------------------------------------------------------
[INFO]  T E S T S
[INFO] -------------------------------------------------------
[INFO] Running com.example.algorithm2.Algorithm2Test
OpenJDK 64-Bit Server VM warning: Sharing is only supported for boot loader classes because bootstrap classpath has been appended
INFO: Loaded 281 hooks from com.code_intelligence.jazzer.runtime.TraceCmpHooks
INFO: Loaded 5 hooks from com.code_intelligence.jazzer.runtime.TraceDivHooks
INFO: Loaded 2 hooks from com.code_intelligence.jazzer.runtime.TraceIndirHooks
INFO: Loaded 4 hooks from com.code_intelligence.jazzer.runtime.NativeLibHooks
INFO: Loaded 2 hooks from com.code_intelligence.jazzer.sanitizers.ClojureLangHooks
INFO: Loaded 5 hooks from com.code_intelligence.jazzer.sanitizers.Deserialization
INFO: Loaded 5 hooks from com.code_intelligence.jazzer.sanitizers.ExpressionLanguageInjection
INFO: Loaded 70 hooks from com.code_intelligence.jazzer.sanitizers.LdapInjection
INFO: Loaded 46 hooks from com.code_intelligence.jazzer.sanitizers.NamingContextLookup
INFO: Loaded 1 hooks from com.code_intelligence.jazzer.sanitizers.OsCommandInjection
INFO: Loaded 52 hooks from com.code_intelligence.jazzer.sanitizers.ReflectiveCall
INFO: Loaded 8 hooks from com.code_intelligence.jazzer.sanitizers.RegexInjection
INFO: Loaded 16 hooks from com.code_intelligence.jazzer.sanitizers.RegexRoadblocks
INFO: Loaded 18 hooks from com.code_intelligence.jazzer.sanitizers.ScriptEngineInjection
INFO: Loaded 2 hooks from com.code_intelligence.jazzer.sanitizers.ServerSideRequestForgery
INFO: Loaded 19 hooks from com.code_intelligence.jazzer.sanitizers.SqlInjection
INFO: Loaded 6 hooks from com.code_intelligence.jazzer.sanitizers.XPathInjection
INFO: Instrumented com.example.algorithm2.Algorithm2Test$Skip (took 751 ms, size +44%)
INFO: Instrumented com.example.algorithm2.Algorithm2Test (took 532 ms, size +27%)
INFO: Instrumented org.apache.commons.cli.CommandLine (took 177 ms, size +24%)
INFO: New number of coverage counters: 1024
INFO: Instrumented org.apache.commons.cli.Option (took 259 ms, size +25%)
[harness] target=org.apache.commons.cli.CommandLine factories=1 methods=14
INFO: using inputs from: /tmp/bugrun/cli_8.VFf6UE/.cifuzz-corpus/com.example.algorithm2.Algorithm2Test/testParameterizedFuzzer
INFO: using inputs from: /tmp/jazzer-java-seeds15868384764310802217
INFO: found LLVMFuzzerCustomMutator (0x7a325e16fcd0). Disabling -len_control by default.
INFO: Running with entropic power schedule (0xFF, 100).
INFO: Seed: 3072586119
INFO: Loaded 2 modules   (1024 inline 8-bit counters): 512 [0x7a3338a69460, 0x7a3338a69660), 512 [0x7a3338a69660, 0x7a3338a69860), 
INFO: Loaded 2 PC tables (1024 PCs): 512 [0x7a333863f930,0x7a3338641930), 512 [0x7a33389ef230,0x7a33389f1230), 
INFO:        0 files found in /tmp/bugrun/cli_8.VFf6UE/.cifuzz-corpus/com.example.algorithm2.Algorithm2Test/testParameterizedFuzzer
INFO:        0 files found in /tmp/jazzer-java-seeds15868384764310802217
INFO: -max_len is not provided; libFuzzer will not generate inputs larger than 4096 bytes
INFO: A corpus is not provided, starting from an empty corpus
#2	INITED cov: 31 ft: 31 corp: 1/1b exec/s: 0 rss: 1316Mb
#3	NEW    cov: 52 ft: 52 corp: 2/2b lim: 4 exec/s: 0 rss: 1317Mb L: 1/1 MS: 2 ChangeByte-Custom-
#5	NEW    cov: 52 ft: 54 corp: 3/3b lim: 4 exec/s: 0 rss: 1317Mb L: 1/1 MS: 4 CopyPart-Custom-ChangeBit-Custom-
#10	NEW    cov: 60 ft: 66 corp: 4/5b lim: 4 exec/s: 0 rss: 1317Mb L: 2/2 MS: 10 CopyPart-Custom-CopyPart-Custom-CrossOver-Custom-CopyPart-Custom-ChangeBit-Custom-
#12	REDUCE cov: 60 ft: 66 corp: 4/4b lim: 4 exec/s: 0 rss: 1317Mb L: 1/1 MS: 4 ChangeBit-Custom-EraseBytes-Custom-
#25	NEW    cov: 62 ft: 68 corp: 5/5b lim: 4 exec/s: 0 rss: 1317Mb L: 1/1 MS: 6 ChangeBinInt-Custom-CopyPart-Custom-ChangeByte-Custom-
#26	NEW    cov: 62 ft: 70 corp: 6/6b lim: 4 exec/s: 0 rss: 1317Mb L: 1/1 MS: 2 ChangeByte-Custom-
#27	NEW    cov: 66 ft: 74 corp: 7/7b lim: 4 exec/s: 0 rss: 1317Mb L: 1/1 MS: 2 ChangeBinInt-Custom-
#37	NEW    cov: 69 ft: 77 corp: 8/9b lim: 4 exec/s: 0 rss: 1317Mb L: 2/2 MS: 10 ChangeByte-Custom-ShuffleBytes-Custom-CopyPart-Custom-ChangeBinInt-Custom-ChangeByte-Custom-
INFO: Instrumented org.apache.commons.cli.Util (took 28 ms, size +74%)
#47	NEW    cov: 72 ft: 80 corp: 9/10b lim: 4 exec/s: 0 rss: 1317Mb L: 1/2 MS: 10 ChangeByte-Custom-InsertByte-Custom-ChangeBit-Custom-CrossOver-Custom-ChangeBit-Custom-
#54	NEW    cov: 77 ft: 92 corp: 10/11b lim: 4 exec/s: 0 rss: 1317Mb L: 1/2 MS: 4 ChangeBinInt-Custom-ChangeBit-Custom-
#75	NEW    cov: 77 ft: 95 corp: 11/13b lim: 4 exec/s: 0 rss: 1317Mb L: 2/2 MS: 2 CopyPart-Custom-
#187	NEW    cov: 77 ft: 105 corp: 12/17b lim: 4 exec/s: 0 rss: 1318Mb L: 4/4 MS: 4 CrossOver-Custom-CrossOver-Custom-
#203	NEW    cov: 77 ft: 109 corp: 13/21b lim: 4 exec/s: 0 rss: 1318Mb L: 4/4 MS: 2 ShuffleBytes-Custom-
#238	NEW    cov: 77 ft: 116 corp: 14/25b lim: 4 exec/s: 0 rss: 1318Mb L: 4/4 MS: 10 ChangeBit-Custom-ChangeBinInt-Custom-ChangeBit-Custom-ChangeByte-Custom-ChangeByte-Custom-
#320	NEW    cov: 77 ft: 119 corp: 15/27b lim: 4 exec/s: 0 rss: 1319Mb L: 2/4 MS: 4 InsertByte-Custom-CopyPart-Custom-
#424	NEW    cov: 77 ft: 120 corp: 16/29b lim: 4 exec/s: 0 rss: 1319Mb L: 2/4 MS: 8 ChangeByte-Custom-CrossOver-Custom-ChangeByte-Custom-ChangeByte-Custom-
#471	NEW    cov: 77 ft: 123 corp: 17/32b lim: 4 exec/s: 0 rss: 1319Mb L: 3/4 MS: 4 ChangeByte-Custom-CrossOver-Custom-
#609	REDUCE cov: 77 ft: 126 corp: 18/36b lim: 4 exec/s: 0 rss: 1319Mb L: 4/4 MS: 6 CrossOver-Custom-CrossOver-Custom-CopyPart-Custom-
#628	NEW    cov: 77 ft: 129 corp: 19/40b lim: 4 exec/s: 0 rss: 1319Mb L: 4/4 MS: 8 ChangeBit-Custom-CopyPart-Custom-CopyPart-Custom-ChangeByte-Custom-
#720	NEW    cov: 77 ft: 132 corp: 20/44b lim: 4 exec/s: 0 rss: 1319Mb L: 4/4 MS: 4 ShuffleBytes-Custom-CopyPart-Custom-
#844	NEW    cov: 77 ft: 144 corp: 21/48b lim: 4 exec/s: 0 rss: 1319Mb L: 4/4 MS: 8 CrossOver-Custom-InsertByte-Custom-CrossOver-Custom-ChangeBit-Custom-
#873	NEW    cov: 77 ft: 146 corp: 22/52b lim: 4 exec/s: 0 rss: 1319Mb L: 4/4 MS: 8 InsertByte-Custom-CopyPart-Custom-ShuffleBytes-Custom-CopyPart-Custom-
#1125	NEW    cov: 77 ft: 149 corp: 23/57b lim: 6 exec/s: 0 rss: 1319Mb L: 5/5 MS: 4 ChangeBinInt-Custom-InsertRepeatedBytes-Custom-
#1189	NEW    cov: 77 ft: 153 corp: 24/63b lim: 6 exec/s: 0 rss: 1319Mb L: 6/6 MS: 8 InsertRepeatedBytes-Custom-ChangeByte-Custom-CopyPart-Custom-CMP-Custom- DE: "\001\000\000\002"-
#1197	NEW    cov: 77 ft: 155 corp: 25/69b lim: 6 exec/s: 0 rss: 1319Mb L: 6/6 MS: 6 CrossOver-Custom-CopyPart-Custom-CrossOver-Custom-
#1341	NEW    cov: 79 ft: 157 corp: 26/72b lim: 6 exec/s: 0 rss: 1320Mb L: 3/6 MS: 8 ChangeByte-Custom-EraseBytes-Custom-InsertByte-Custom-CopyPart-Custom-
#1427	NEW    cov: 79 ft: 158 corp: 27/77b lim: 6 exec/s: 0 rss: 1320Mb L: 5/6 MS: 2 ChangeByte-Custom-
#1663	REDUCE cov: 79 ft: 158 corp: 27/76b lim: 8 exec/s: 0 rss: 1320Mb L: 1/6 MS: 2 EraseBytes-Custom-
#1685	NEW    cov: 79 ft: 160 corp: 28/84b lim: 8 exec/s: 0 rss: 1320Mb L: 8/8 MS: 4 CopyPart-Custom-InsertByte-Custom-
#1696	NEW    cov: 81 ft: 162 corp: 29/87b lim: 8 exec/s: 0 rss: 1320Mb L: 3/8 MS: 2 ChangeBinInt-Custom-
#1712	NEW    cov: 81 ft: 164 corp: 30/90b lim: 8 exec/s: 0 rss: 1320Mb L: 3/8 MS: 2 CopyPart-Custom-
#1739	NEW    cov: 81 ft: 166 corp: 31/98b lim: 8 exec/s: 0 rss: 1320Mb L: 8/8 MS: 4 ChangeBit-Custom-PersAutoDict-Custom- DE: "\001\000\000\002"-
#1809	NEW    cov: 81 ft: 170 corp: 32/106b lim: 8 exec/s: 0 rss: 1320Mb L: 8/8 MS: 10 EraseBytes-Custom-ShuffleBytes-Custom-CopyPart-Custom-PersAutoDict-Custom-InsertByte-Custom- DE: "\001\000\000\002"-
#1931	NEW    cov: 81 ft: 176 corp: 33/113b lim: 8 exec/s: 0 rss: 1320Mb L: 7/8 MS: 4 InsertByte-Custom-CopyPart-Custom-
#2058	NEW    cov: 81 ft: 178 corp: 34/120b lim: 8 exec/s: 0 rss: 1320Mb L: 7/8 MS: 4 CMP-Custom-CopyPart-Custom- DE: "\001\000\000\001"-
#2066	NEW    cov: 81 ft: 180 corp: 35/128b lim: 8 exec/s: 0 rss: 1320Mb L: 8/8 MS: 6 CrossOver-Custom-ChangeBit-Custom-InsertRepeatedBytes-Custom-
#2070	NEW    cov: 81 ft: 183 corp: 36/136b lim: 8 exec/s: 0 rss: 1320Mb L: 8/8 MS: 8 CrossOver-Custom-EraseBytes-Custom-CrossOver-Custom-CopyPart-Custom-
#2087	REDUCE cov: 81 ft: 183 corp: 36/135b lim: 8 exec/s: 0 rss: 1320Mb L: 2/8 MS: 4 CrossOver-Custom-InsertByte-Custom-
#2611	NEW    cov: 81 ft: 192 corp: 37/146b lim: 11 exec/s: 0 rss: 1320Mb L: 11/11 MS: 8 PersAutoDict-Custom-PersAutoDict-Custom-ChangeByte-Custom-InsertRepeatedBytes-Custom- DE: "\001\000\000\002"-"\001\000\000\002"-
#2759	NEW    cov: 81 ft: 194 corp: 38/157b lim: 11 exec/s: 0 rss: 1320Mb L: 11/11 MS: 6 InsertByte-Custom-PersAutoDict-Custom-CrossOver-Custom- DE: "\001\000\000\002"-
#2796	NEW    cov: 81 ft: 195 corp: 39/166b lim: 11 exec/s: 0 rss: 1321Mb L: 9/11 MS: 4 ShuffleBytes-Custom-InsertRepeatedBytes-Custom-
#2902	NEW    cov: 81 ft: 197 corp: 40/177b lim: 11 exec/s: 0 rss: 1322Mb L: 11/11 MS: 2 PersAutoDict-Custom- DE: "\001\000\000\001"-
#2988	NEW    cov: 81 ft: 203 corp: 41/188b lim: 11 exec/s: 0 rss: 1322Mb L: 11/11 MS: 2 CrossOver-Custom-
#3069	REDUCE cov: 81 ft: 203 corp: 41/187b lim: 11 exec/s: 0 rss: 1322Mb L: 6/11 MS: 2 EraseBytes-Custom-
#3384	NEW    cov: 81 ft: 207 corp: 42/199b lim: 14 exec/s: 0 rss: 1322Mb L: 12/12 MS: 10 ChangeBinInt-Custom-InsertByte-Custom-EraseBytes-Custom-CrossOver-Custom-PersAutoDict-Custom- DE: "\001\000\000\001"-
#3490	NEW    cov: 81 ft: 209 corp: 43/209b lim: 14 exec/s: 0 rss: 1322Mb L: 10/12 MS: 2 CopyPart-Custom-
#3597	NEW    cov: 81 ft: 221 corp: 44/223b lim: 14 exec/s: 0 rss: 1322Mb L: 14/14 MS: 4 CrossOver-Custom-ChangeBit-Custom-
#3602	NEW    cov: 81 ft: 223 corp: 45/236b lim: 14 exec/s: 0 rss: 1322Mb L: 13/14 MS: 10 CrossOver-Custom-ShuffleBytes-Custom-CrossOver-Custom-CopyPart-Custom-CrossOver-Custom-
#3900	NEW    cov: 81 ft: 225 corp: 46/250b lim: 14 exec/s: 0 rss: 1322Mb L: 14/14 MS: 6 CopyPart-Custom-CopyPart-Custom-CMP-Custom- DE: "\027\000"-
#4216	REDUCE cov: 81 ft: 225 corp: 46/249b lim: 17 exec/s: 0 rss: 1322Mb L: 5/14 MS: 2 EraseBytes-Custom-
#4291	REDUCE cov: 81 ft: 225 corp: 46/248b lim: 17 exec/s: 0 rss: 1322Mb L: 4/14 MS: 10 ShuffleBytes-Custom-ChangeByte-Custom-ChangeBit-Custom-EraseBytes-Custom-CrossOver-Custom-
#4717	NEW    cov: 81 ft: 229 corp: 47/268b lim: 21 exec/s: 0 rss: 1322Mb L: 20/20 MS: 2 InsertRepeatedBytes-Custom-
#4894	REDUCE cov: 81 ft: 229 corp: 47/267b lim: 21 exec/s: 0 rss: 1322Mb L: 3/20 MS: 4 ShuffleBytes-Custom-EraseBytes-Custom-
#5655	NEW    cov: 81 ft: 234 corp: 48/291b lim: 25 exec/s: 0 rss: 1322Mb L: 24/24 MS: 2 InsertRepeatedBytes-Custom-
#5711	REDUCE cov: 81 ft: 234 corp: 48/290b lim: 25 exec/s: 0 rss: 1322Mb L: 5/24 MS: 2 EraseBytes-Custom-
#5757	REDUCE cov: 81 ft: 234 corp: 48/289b lim: 25 exec/s: 0 rss: 1322Mb L: 12/24 MS: 2 EraseBytes-Custom-
#6608	NEW    cov: 81 ft: 236 corp: 49/316b lim: 33 exec/s: 0 rss: 1327Mb L: 27/27 MS: 2 InsertRepeatedBytes-Custom-
#7424	REDUCE cov: 81 ft: 236 corp: 49/315b lim: 38 exec/s: 0 rss: 1328Mb L: 10/27 MS: 2 EraseBytes-Custom-
#7530	REDUCE cov: 81 ft: 236 corp: 49/314b lim: 38 exec/s: 0 rss: 1328Mb L: 13/27 MS: 2 EraseBytes-Custom-
#7691	REDUCE cov: 81 ft: 236 corp: 49/313b lim: 38 exec/s: 0 rss: 1328Mb L: 4/27 MS: 2 EraseBytes-Custom-
#8173	REDUCE cov: 81 ft: 236 corp: 49/312b lim: 38 exec/s: 0 rss: 1328Mb L: 26/26 MS: 4 CrossOver-Custom-EraseBytes-Custom-
#8294	REDUCE cov: 81 ft: 236 corp: 49/311b lim: 38 exec/s: 0 rss: 1328Mb L: 10/26 MS: 2 EraseBytes-Custom-
#9263	REDUCE cov: 81 ft: 241 corp: 50/354b lim: 43 exec/s: 0 rss: 1328Mb L: 43/43 MS: 8 PersAutoDict-Custom-ShuffleBytes-Custom-PersAutoDict-Custom-InsertRepeatedBytes-Custom- DE: "\001\000\000\001"-"\001\000\000\002"-
#9515	REDUCE cov: 81 ft: 241 corp: 50/353b lim: 43 exec/s: 0 rss: 1328Mb L: 10/43 MS: 4 CopyPart-Custom-EraseBytes-Custom-
#9545	REDUCE cov: 81 ft: 256 corp: 51/392b lim: 43 exec/s: 0 rss: 1328Mb L: 39/43 MS: 10 ChangeBinInt-Custom-EraseBytes-Custom-ChangeByte-Custom-ChangeByte-Custom-InsertRepeatedBytes-Custom-
#9653	REDUCE cov: 81 ft: 256 corp: 51/391b lim: 43 exec/s: 0 rss: 1328Mb L: 9/43 MS: 6 CopyPart-Custom-EraseBytes-Custom-CopyPart-Custom-
#9660	NEW    cov: 81 ft: 260 corp: 52/415b lim: 43 exec/s: 0 rss: 1328Mb L: 24/43 MS: 4 ShuffleBytes-Custom-CopyPart-Custom-
#9806	REDUCE cov: 81 ft: 260 corp: 52/412b lim: 43 exec/s: 0 rss: 1328Mb L: 36/43 MS: 2 EraseBytes-Custom-
#10139	REDUCE cov: 81 ft: 260 corp: 52/411b lim: 43 exec/s: 10139 rss: 1328Mb L: 10/43 MS: 6 ShuffleBytes-Custom-ChangeBinInt-Custom-EraseBytes-Custom-
#10809	NEW    cov: 81 ft: 262 corp: 53/459b lim: 48 exec/s: 10809 rss: 1328Mb L: 48/48 MS: 10 CopyPart-Custom-CopyPart-Custom-CopyPart-Custom-CMP-Custom-ChangeByte-Custom- DE: "\000\000\000\000\000\000\000\000"-
#10846	REDUCE cov: 81 ft: 262 corp: 53/457b lim: 48 exec/s: 10846 rss: 1328Mb L: 22/48 MS: 4 EraseBytes-Custom-CopyPart-Custom-
#11277	REDUCE cov: 81 ft: 262 corp: 53/456b lim: 48 exec/s: 11277 rss: 1328Mb L: 9/48 MS: 2 EraseBytes-Custom-
#11349	REDUCE cov: 81 ft: 264 corp: 54/494b lim: 48 exec/s: 11349 rss: 1328Mb L: 38/48 MS: 4 ChangeByte-Custom-CopyPart-Custom-
#11628	REDUCE cov: 81 ft: 264 corp: 54/493b lim: 48 exec/s: 11628 rss: 1328Mb L: 7/48 MS: 8 InsertByte-Custom-InsertByte-Custom-InsertByte-Custom-EraseBytes-Custom-
#11731	REDUCE cov: 81 ft: 264 corp: 54/492b lim: 48 exec/s: 11731 rss: 1328Mb L: 47/47 MS: 6 CopyPart-Custom-EraseBytes-Custom-CopyPart-Custom-
#12123	REDUCE cov: 81 ft: 264 corp: 54/491b lim: 48 exec/s: 12123 rss: 1328Mb L: 7/47 MS: 4 EraseBytes-Custom-InsertByte-Custom-
#12292	NEW    cov: 81 ft: 267 corp: 55/500b lim: 48 exec/s: 12292 rss: 1328Mb L: 9/47 MS: 8 InsertByte-Custom-CMP-Custom-CrossOver-Custom-CrossOver-Custom- DE: "\001\027"-
#12326	REDUCE cov: 81 ft: 267 corp: 55/497b lim: 48 exec/s: 12326 rss: 1328Mb L: 44/44 MS: 8 ShuffleBytes-Custom-EraseBytes-Custom-ChangeBinInt-Custom-InsertRepeatedBytes-Custom-
#12712	REDUCE cov: 81 ft: 267 corp: 55/493b lim: 48 exec/s: 12712 rss: 1328Mb L: 40/43 MS: 2 EraseBytes-Custom-
#13223	REDUCE cov: 81 ft: 267 corp: 55/492b lim: 53 exec/s: 13223 rss: 1328Mb L: 3/43 MS: 2 EraseBytes-Custom-
#13266	REDUCE cov: 81 ft: 267 corp: 55/487b lim: 53 exec/s: 13266 rss: 1328Mb L: 38/40 MS: 6 ChangeBit-Custom-InsertByte-Custom-EraseBytes-Custom-
#13290	REDUCE cov: 81 ft: 267 corp: 55/482b lim: 53 exec/s: 13290 rss: 1328Mb L: 31/40 MS: 8 ChangeByte-Custom-InsertByte-Custom-ShuffleBytes-Custom-EraseBytes-Custom-
#13611	REDUCE cov: 81 ft: 267 corp: 55/475b lim: 53 exec/s: 13611 rss: 1328Mb L: 24/40 MS: 2 EraseBytes-Custom-
#14017	REDUCE cov: 81 ft: 267 corp: 55/465b lim: 53 exec/s: 14017 rss: 1328Mb L: 28/40 MS: 2 EraseBytes-Custom-
#15863	REDUCE cov: 81 ft: 267 corp: 55/464b lim: 68 exec/s: 15863 rss: 1328Mb L: 19/40 MS: 2 EraseBytes-Custom-
#16002	REDUCE cov: 81 ft: 269 corp: 56/483b lim: 68 exec/s: 16002 rss: 1328Mb L: 19/40 MS: 8 PersAutoDict-Custom-CopyPart-Custom-ShuffleBytes-Custom-InsertByte-Custom- DE: "\000\000\000\000\000\000\000\000"-
#16377	REDUCE cov: 81 ft: 269 corp: 56/482b lim: 68 exec/s: 16377 rss: 1328Mb L: 13/40 MS: 10 ChangeByte-Custom-InsertByte-Custom-ShuffleBytes-Custom-PersAutoDict-Custom-EraseBytes-Custom- DE: "\001\027"-
#16408	REDUCE cov: 81 ft: 269 corp: 56/481b lim: 68 exec/s: 16408 rss: 1328Mb L: 4/40 MS: 2 EraseBytes-Custom-
#17690	REDUCE cov: 81 ft: 274 corp: 57/553b lim: 80 exec/s: 17690 rss: 1328Mb L: 72/72 MS: 4 ChangeBit-Custom-CopyPart-Custom-
#17815	REDUCE cov: 81 ft: 274 corp: 57/552b lim: 80 exec/s: 17815 rss: 1328Mb L: 8/72 MS: 10 ChangeByte-Custom-InsertByte-Custom-EraseBytes-Custom-ChangeByte-Custom-CopyPart-Custom-
#17972	REDUCE cov: 81 ft: 276 corp: 58/632b lim: 80 exec/s: 17972 rss: 1328Mb L: 80/80 MS: 4 EraseBytes-Custom-InsertRepeatedBytes-Custom-
#18736	REDUCE cov: 81 ft: 276 corp: 58/622b lim: 86 exec/s: 18736 rss: 1328Mb L: 70/72 MS: 8 InsertRepeatedBytes-Custom-EraseBytes-Custom-ChangeBit-Custom-CrossOver-Custom-
#18791	REDUCE cov: 81 ft: 278 corp: 59/700b lim: 86 exec/s: 18791 rss: 1328Mb L: 78/78 MS: 10 PersAutoDict-Custom-ChangeByte-Custom-ChangeByte-Custom-ChangeBit-Custom-CMP-Custom- DE: "\000\000\000\000\000\000\000\000"-"\000\000\000\000\000\000\000\000"-
#18926	NEW    cov: 81 ft: 280 corp: 60/769b lim: 86 exec/s: 18926 rss: 1328Mb L: 69/78 MS: 10 ChangeBit-Custom-ChangeByte-Custom-ChangeBit-Custom-ChangeBinInt-Custom-CrossOver-Custom-
#19013	REDUCE cov: 81 ft: 280 corp: 60/768b lim: 86 exec/s: 19013 rss: 1328Mb L: 7/78 MS: 4 ChangeBinInt-Custom-EraseBytes-Custom-
#19556	REDUCE cov: 81 ft: 280 corp: 60/764b lim: 86 exec/s: 19556 rss: 1328Mb L: 65/78 MS: 6 InsertByte-Custom-ShuffleBytes-Custom-EraseBytes-Custom-
#19705	REDUCE cov: 81 ft: 280 corp: 60/754b lim: 86 exec/s: 19705 rss: 1328Mb L: 60/78 MS: 8 ChangeBit-Custom-ChangeBinInt-Custom-CMP-Custom-CrossOver-Custom- DE: "\377\377\377\377\377\377\377\377"-
#19898	REDUCE cov: 81 ft: 280 corp: 60/741b lim: 86 exec/s: 19898 rss: 1328Mb L: 47/78 MS: 6 ChangeBit-Custom-ChangeBinInt-Custom-CrossOver-Custom-
#20812	REDUCE cov: 81 ft: 280 corp: 60/715b lim: 92 exec/s: 20812 rss: 1328Mb L: 39/78 MS: 8 PersAutoDict-Custom-InsertByte-Custom-InsertByte-Custom-EraseBytes-Custom- DE: "\001\000\000\002"-
#21204	REDUCE cov: 81 ft: 280 corp: 60/714b lim: 92 exec/s: 21204 rss: 1328Mb L: 37/78 MS: 4 CMP-Custom-EraseBytes-Custom- DE: "\001\000\000\000\000\000\000\000"-
#21859	NEW    cov: 81 ft: 282 corp: 61/770b lim: 98 exec/s: 21859 rss: 1328Mb L: 56/78 MS: 10 CopyPart-Custom-ChangeBit-Custom-ChangeByte-Custom-ShuffleBytes-Custom-CopyPart-Custom-
#22080	REDUCE cov: 81 ft: 282 corp: 61/766b lim: 98 exec/s: 22080 rss: 1328Mb L: 15/78 MS: 2 EraseBytes-Custom-
#22378	REDUCE cov: 81 ft: 282 corp: 61/765b lim: 98 exec/s: 22378 rss: 1328Mb L: 3/78 MS: 6 CopyPart-Custom-EraseBytes-Custom-EraseBytes-Custom-
#22794	REDUCE cov: 81 ft: 282 corp: 61/762b lim: 98 exec/s: 22794 rss: 1328Mb L: 12/78 MS: 2 EraseBytes-Custom-
#22911	REDUCE cov: 81 ft: 282 corp: 61/761b lim: 98 exec/s: 22911 rss: 1328Mb L: 55/78 MS: 4 ShuffleBytes-Custom-EraseBytes-Custom-
#24327	REDUCE cov: 81 ft: 282 corp: 61/758b lim: 110 exec/s: 24327 rss: 1328Mb L: 25/78 MS: 2 EraseBytes-Custom-
#24419	REDUCE cov: 81 ft: 282 corp: 61/757b lim: 110 exec/s: 24419 rss: 1328Mb L: 11/78 MS: 4 ShuffleBytes-Custom-EraseBytes-Custom-
#24695	REDUCE cov: 81 ft: 282 corp: 61/755b lim: 110 exec/s: 24695 rss: 1328Mb L: 11/78 MS: 2 EraseBytes-Custom-
#24816	REDUCE cov: 81 ft: 282 corp: 61/750b lim: 110 exec/s: 24816 rss: 1328Mb L: 7/78 MS: 2 EraseBytes-Custom-
#25125	REDUCE cov: 81 ft: 282 corp: 61/748b lim: 110 exec/s: 25125 rss: 1328Mb L: 45/78 MS: 8 PersAutoDict-Custom-ChangeBinInt-Custom-CrossOver-Custom-EraseBytes-Custom- DE: "\001\000\000\001"-
#25383	REDUCE cov: 81 ft: 282 corp: 61/747b lim: 110 exec/s: 25383 rss: 1328Mb L: 44/78 MS: 6 ChangeByte-Custom-ShuffleBytes-Custom-EraseBytes-Custom-
#27080	NEW    cov: 81 ft: 287 corp: 62/859b lim: 122 exec/s: 27080 rss: 1328Mb L: 112/112 MS: 4 ShuffleBytes-Custom-InsertRepeatedBytes-Custom-
#27631	REDUCE cov: 81 ft: 287 corp: 62/858b lim: 122 exec/s: 27631 rss: 1328Mb L: 7/112 MS: 2 EraseBytes-Custom-
#27822	REDUCE cov: 81 ft: 287 corp: 62/851b lim: 122 exec/s: 27822 rss: 1328Mb L: 48/112 MS: 2 EraseBytes-Custom-
#28238	REDUCE cov: 81 ft: 287 corp: 62/848b lim: 122 exec/s: 28238 rss: 1328Mb L: 23/112 MS: 2 EraseBytes-Custom-
#28534	REDUCE cov: 81 ft: 287 corp: 62/847b lim: 122 exec/s: 28534 rss: 1328Mb L: 12/112 MS: 2 EraseBytes-Custom-
#29976	REDUCE cov: 81 ft: 287 corp: 62/843b lim: 135 exec/s: 29976 rss: 1328Mb L: 108/108 MS: 4 PersAutoDict-Custom-CrossOver-Custom- DE: "\001\000\000\000\000\000\000\000"-
#30175	REDUCE cov: 81 ft: 287 corp: 62/834b lim: 135 exec/s: 30175 rss: 1328Mb L: 39/108 MS: 8 CrossOver-Custom-ChangeBit-Custom-ChangeBit-Custom-EraseBytes-Custom-
#31077	REDUCE cov: 81 ft: 287 corp: 62/833b lim: 142 exec/s: 31077 rss: 1328Mb L: 11/108 MS: 4 PersAutoDict-Custom-EraseBytes-Custom- DE: "\001\027"-
#31343	REDUCE cov: 81 ft: 287 corp: 62/832b lim: 142 exec/s: 31343 rss: 1328Mb L: 10/108 MS: 2 EraseBytes-Custom-
#34980	REDUCE cov: 81 ft: 287 corp: 62/831b lim: 177 exec/s: 34980 rss: 1328Mb L: 9/108 MS: 4 CopyPart-Custom-EraseBytes-Custom-
#37294	REDUCE cov: 81 ft: 287 corp: 62/817b lim: 198 exec/s: 37294 rss: 1328Mb L: 25/108 MS: 8 ChangeBinInt-Custom-PersAutoDict-Custom-ChangeBit-Custom-EraseBytes-Custom- DE: "\001\000\000\001"-
#37578	REDUCE cov: 81 ft: 287 corp: 62/815b lim: 198 exec/s: 37578 rss: 1328Mb L: 106/106 MS: 8 CMP-Custom-CopyPart-Custom-CopyPart-Custom-EraseBytes-Custom- DE: "\030\000"-
#38019	REDUCE cov: 81 ft: 287 corp: 62/814b lim: 198 exec/s: 38019 rss: 1328Mb L: 6/106 MS: 2 EraseBytes-Custom-
#41723	REDUCE cov: 81 ft: 287 corp: 62/813b lim: 233 exec/s: 20861 rss: 1328Mb L: 10/106 MS: 8 ChangeByte-Custom-CrossOver-Custom-InsertByte-Custom-EraseBytes-Custom-
#44405	REDUCE cov: 81 ft: 287 corp: 62/809b lim: 254 exec/s: 22202 rss: 1328Mb L: 21/106 MS: 4 EraseBytes-Custom-InsertByte-Custom-
#44999	REDUCE cov: 81 ft: 287 corp: 62/807b lim: 254 exec/s: 22499 rss: 1328Mb L: 42/106 MS: 8 ChangeASCIIInt-Custom-EraseBytes-Custom-CrossOver-Custom-CMP-Custom- DE: "\000\000\000\000\000\000\000\000"-
#45020	REDUCE cov: 81 ft: 287 corp: 62/806b lim: 254 exec/s: 22510 rss: 1328Mb L: 7/106 MS: 2 EraseBytes-Custom-
#48361	REDUCE cov: 81 ft: 287 corp: 62/805b lim: 285 exec/s: 24180 rss: 1328Mb L: 11/106 MS: 2 EraseBytes-Custom-
#53362	REDUCE cov: 81 ft: 287 corp: 62/804b lim: 333 exec/s: 26681 rss: 1328Mb L: 8/106 MS: 2 EraseBytes-Custom-
#57273	REDUCE cov: 81 ft: 287 corp: 62/803b lim: 365 exec/s: 28636 rss: 1328Mb L: 8/106 MS: 2 EraseBytes-Custom-
#59224	REDUCE cov: 81 ft: 287 corp: 62/799b lim: 381 exec/s: 29612 rss: 1328Mb L: 17/106 MS: 2 EraseBytes-Custom-
#62281	REDUCE cov: 81 ft: 287 corp: 62/797b lim: 405 exec/s: 31140 rss: 1328Mb L: 38/106 MS: 4 CrossOver-Custom-EraseBytes-Custom-
#65072	REDUCE cov: 81 ft: 287 corp: 62/796b lim: 429 exec/s: 32536 rss: 1328Mb L: 8/106 MS: 2 EraseBytes-Custom-
#65536	pulse  cov: 81 ft: 287 corp: 62/796b lim: 429 exec/s: 32768 rss: 1328Mb
#65568	REDUCE cov: 81 ft: 287 corp: 62/795b lim: 429 exec/s: 32784 rss: 1328Mb L: 5/106 MS: 2 EraseBytes-Custom-
#67360	REDUCE cov: 81 ft: 287 corp: 62/794b lim: 445 exec/s: 33680 rss: 1328Mb L: 16/106 MS: 4 ChangeByte-Custom-EraseBytes-Custom-
#72498	REDUCE cov: 81 ft: 287 corp: 62/793b lim: 493 exec/s: 36249 rss: 1328Mb L: 10/106 MS: 6 ChangeBit-Custom-CopyPart-Custom-EraseBytes-Custom-
#74279	REDUCE cov: 81 ft: 287 corp: 62/790b lim: 509 exec/s: 37139 rss: 1328Mb L: 13/106 MS: 2 EraseBytes-Custom-
#75554	NEW    cov: 81 ft: 289 corp: 63/1305b lim: 517 exec/s: 37777 rss: 1328Mb L: 515/515 MS: 10 ChangeByte-Custom-InsertRepeatedBytes-Custom-CopyPart-Custom-InsertRepeatedBytes-Custom-CopyPart-Custom-
#76002	REDUCE cov: 81 ft: 289 corp: 63/1144b lim: 517 exec/s: 38001 rss: 1328Mb L: 354/354 MS: 6 ChangeBinInt-Custom-PersAutoDict-Custom-CrossOver-Custom- DE: "\030\000"-
#77810	REDUCE cov: 81 ft: 289 corp: 63/1138b lim: 526 exec/s: 38905 rss: 1328Mb L: 348/348 MS: 6 ChangeBit-Custom-ShuffleBytes-Custom-EraseBytes-Custom-
#78452	REDUCE cov: 81 ft: 289 corp: 63/1137b lim: 526 exec/s: 39226 rss: 1328Mb L: 37/348 MS: 4 CopyPart-Custom-EraseBytes-Custom-
#79253	REDUCE cov: 81 ft: 289 corp: 63/1136b lim: 526 exec/s: 26417 rss: 1328Mb L: 7/348 MS: 2 EraseBytes-Custom-
#80355	REDUCE cov: 81 ft: 289 corp: 63/1135b lim: 535 exec/s: 26785 rss: 1328Mb L: 24/348 MS: 4 ChangeByte-Custom-EraseBytes-Custom-
#81796	REDUCE cov: 81 ft: 289 corp: 63/1133b lim: 544 exec/s: 27265 rss: 1328Mb L: 22/348 MS: 2 EraseBytes-Custom-
#82586	REDUCE cov: 81 ft: 289 corp: 63/1088b lim: 544 exec/s: 27528 rss: 1328Mb L: 303/303 MS: 10 EraseBytes-Custom-ChangeBit-Custom-EraseBytes-Custom-ChangeBit-Custom-InsertRepeatedBytes-Custom-
#84247	REDUCE cov: 81 ft: 289 corp: 63/1082b lim: 553 exec/s: 28082 rss: 1328Mb L: 72/303 MS: 2 EraseBytes-Custom-
#87248	REDUCE cov: 81 ft: 289 corp: 63/1081b lim: 580 exec/s: 29082 rss: 1328Mb L: 8/303 MS: 2 EraseBytes-Custom-
#94351	REDUCE cov: 81 ft: 291 corp: 64/1286b lim: 643 exec/s: 31450 rss: 1328Mb L: 205/303 MS: 6 CMP-Custom-InsertRepeatedBytes-Custom-ChangeBinInt-Custom- DE: "\000\000\000\000\000\000\000\000"-
#101057	REDUCE cov: 81 ft: 291 corp: 64/1285b lim: 706 exec/s: 33685 rss: 1328Mb L: 41/303 MS: 2 EraseBytes-Custom-
#103304	REDUCE cov: 81 ft: 291 corp: 64/1284b lim: 724 exec/s: 34434 rss: 1328Mb L: 2/303 MS: 4 EraseBytes-Custom-ChangeByte-Custom-
#104900	REDUCE cov: 81 ft: 291 corp: 64/1283b lim: 733 exec/s: 34966 rss: 1328Mb L: 7/303 MS: 2 EraseBytes-Custom-
#105405	REDUCE cov: 81 ft: 291 corp: 64/1268b lim: 733 exec/s: 35135 rss: 1328Mb L: 288/288 MS: 10 InsertByte-Custom-InsertByte-Custom-PersAutoDict-Custom-PersAutoDict-Custom-EraseBytes-Custom- DE: "\001\000\000\002"-"\001\000\000\000\000\000\000\000"-
#105707	REDUCE cov: 81 ft: 291 corp: 64/1266b lim: 733 exec/s: 35235 rss: 1328Mb L: 22/288 MS: 4 EraseBytes-Custom-InsertByte-Custom-
#108381	REDUCE cov: 81 ft: 291 corp: 64/1264b lim: 751 exec/s: 36127 rss: 1328Mb L: 70/288 MS: 8 EraseBytes-Custom-ChangeBinInt-Custom-PersAutoDict-Custom-CopyPart-Custom- DE: "\027\000"-
#114660	REDUCE cov: 81 ft: 291 corp: 64/1256b lim: 805 exec/s: 38220 rss: 1328Mb L: 280/280 MS: 8 InsertRepeatedBytes-Custom-ChangeByte-Custom-ShuffleBytes-Custom-EraseBytes-Custom-
#119631	REDUCE cov: 81 ft: 291 corp: 64/1250b lim: 850 exec/s: 39877 rss: 1328Mb L: 274/274 MS: 2 CrossOver-Custom-
#120710	REDUCE cov: 81 ft: 291 corp: 64/1247b lim: 859 exec/s: 40236 rss: 1328Mb L: 10/274 MS: 8 InsertByte-Custom-InsertByte-Custom-InsertByte-Custom-EraseBytes-Custom-
#131072	pulse  cov: 81 ft: 291 corp: 64/1247b lim: 958 exec/s: 43690 rss: 1328Mb
#132576	REDUCE cov: 81 ft: 291 corp: 64/1245b lim: 976 exec/s: 44192 rss: 1328Mb L: 68/274 MS: 2 EraseBytes-Custom-
#135309	REDUCE cov: 81 ft: 291 corp: 64/1242b lim: 1003 exec/s: 45103 rss: 1328Mb L: 38/274 MS: 6 ShuffleBytes-Custom-ChangeByte-Custom-EraseBytes-Custom-
#135585	REDUCE cov: 81 ft: 291 corp: 64/1241b lim: 1003 exec/s: 45195 rss: 1328Mb L: 9/274 MS: 2 EraseBytes-Custom-
#138081	REDUCE cov: 81 ft: 291 corp: 64/1240b lim: 1021 exec/s: 46027 rss: 1328Mb L: 37/274 MS: 2 EraseBytes-Custom-
#141806	DONE   cov: 81 ft: 291 corp: 64/1240b lim: 1050 exec/s: 35451 rss: 1328Mb
###### Recommended dictionary. ######
"\001\000\000\002" # Uses: 1868
"\001\000\000\001" # Uses: 1789
"\027\000" # Uses: 1913
"\000\000\000\000\000\000\000\000" # Uses: 1387
"\001\027" # Uses: 1626
"\377\377\377\377\377\377\377\377" # Uses: 1242
"\001\000\000\000\000\000\000\000" # Uses: 1211
"\030\000" # Uses: 1192
###### End of recommended dictionary. ######
Done 141806 runs in 4 second(s)
[INFO] Tests run: 2, Failures: 0, Errors: 0, Skipped: 0, Time elapsed: 24.85 s -- in com.example.algorithm2.Algorithm2Test
[INFO] 
[INFO] Results:
[INFO] 
[INFO] Tests run: 2, Failures: 0, Errors: 0, Skipped: 0
[INFO] 
[INFO] 
[INFO] --- jacoco:0.8.11:report (default-cli) @ AlgorithmName2 ---
[INFO] Loading execution data file /tmp/bugrun/cli_8.VFf6UE/target/jacoco.exec
[INFO] Analyzed bundle 'AlgorithmName2' with 21 classes
[INFO] ------------------------------------------------------------------------
[INFO] BUILD SUCCESS
[INFO] ------------------------------------------------------------------------
[INFO] Total time:  41.288 s
[INFO] Finished at: 2026-10-06T03:27:53+07:00
[INFO] ------------------------------------------------------------------------
