[INFO] Scanning for projects...
[INFO] 
[INFO] ---------------------< com.example:AlgorithmName2 >---------------------
[INFO] Building AlgorithmName2 1.0-SNAPSHOT
[INFO]   from pom.xml
[INFO] --------------------------------[ jar ]---------------------------------
[INFO] 
[INFO] --- jacoco:0.8.11:prepare-agent (default) @ AlgorithmName2 ---
[INFO] argLine set to -javaagent:/home/kanyaphak673380391-3/.m2/repository/org/jacoco/org.jacoco.agent/0.8.11/org.jacoco.agent-0.8.11-runtime.jar=destfile=/tmp/bugrun/lang_57.yyKPXn/target/jacoco.exec
[INFO] 
[INFO] --- resources:3.4.0:resources (default-resources) @ AlgorithmName2 ---
[INFO] Copying 1 resource from src/main/resources to target/classes
[INFO] 
[INFO] --- compiler:3.15.0:compile (default-compile) @ AlgorithmName2 ---
[INFO] Recompiling the module because of changed source code.
[INFO] Compiling 1 source file with javac [debug target 1.8] to target/classes
[WARNING] bootstrap class path not set in conjunction with -source 8
[INFO] 
[INFO] --- dependency:3.6.0:unpack-dependencies (unpack-defects4j) @ AlgorithmName2 ---
[INFO] 
[INFO] --- resources:3.4.0:testResources (default-testResources) @ AlgorithmName2 ---
[INFO] skip non existing resourceDirectory /tmp/bugrun/lang_57.yyKPXn/src/test/resources
[INFO] 
[INFO] --- compiler:3.15.0:testCompile (default-testCompile) @ AlgorithmName2 ---
[INFO] Recompiling the module because of changed dependency.
[INFO] Compiling 1 source file with javac [debug target 1.8] to target/test-classes
[WARNING] bootstrap class path not set in conjunction with -source 8
[INFO] 
[INFO] --- surefire:3.1.2:test (default-cli) @ AlgorithmName2 ---
[INFO] Using auto detected provider org.apache.maven.surefire.junitplatform.JUnitPlatformProvider
[INFO] 
[INFO] -------------------------------------------------------
[INFO]  T E S T S
[INFO] -------------------------------------------------------
[INFO] Running com.example.algorithm2.Algorithm2Test
OpenJDK 64-Bit Server VM warning: Sharing is only supported for boot loader classes because bootstrap classpath has been appended
INFO: Loaded 288 hooks from com.code_intelligence.jazzer.runtime.TraceCmpHooks
INFO: Loaded 5 hooks from com.code_intelligence.jazzer.runtime.TraceDivHooks
INFO: Loaded 2 hooks from com.code_intelligence.jazzer.runtime.TraceIndirHooks
INFO: Loaded 4 hooks from com.code_intelligence.jazzer.runtime.NativeLibHooks
INFO: Loaded 2 hooks from com.code_intelligence.jazzer.sanitizers.ClojureLangHooks
INFO: Loaded 5 hooks from com.code_intelligence.jazzer.sanitizers.Deserialization
INFO: Loaded 5 hooks from com.code_intelligence.jazzer.sanitizers.ExpressionLanguageInjection
INFO: Loaded 70 hooks from com.code_intelligence.jazzer.sanitizers.LdapInjection
INFO: Loaded 46 hooks from com.code_intelligence.jazzer.sanitizers.NamingContextLookup
INFO: Loaded 1 hooks from com.code_intelligence.jazzer.sanitizers.OsCommandInjection
INFO: Loaded 52 hooks from com.code_intelligence.jazzer.sanitizers.ReflectiveCall
INFO: Loaded 8 hooks from com.code_intelligence.jazzer.sanitizers.RegexInjection
INFO: Loaded 16 hooks from com.code_intelligence.jazzer.sanitizers.RegexRoadblocks
INFO: Loaded 18 hooks from com.code_intelligence.jazzer.sanitizers.ScriptEngineInjection
INFO: Loaded 2 hooks from com.code_intelligence.jazzer.sanitizers.ServerSideRequestForgery
INFO: Loaded 19 hooks from com.code_intelligence.jazzer.sanitizers.SqlInjection
INFO: Loaded 6 hooks from com.code_intelligence.jazzer.sanitizers.XPathInjection
INFO: Instrumented com.example.algorithm2.Algorithm2Test$Skip (took 163 ms, size +44%)
INFO: Instrumented com.example.algorithm2.Algorithm2Test (took 174 ms, size +27%)
INFO: New number of coverage counters: 1024
INFO: New number of coverage counters: 2048
INFO: Instrumented org.apache.commons.lang.StringUtils (took 403 ms, size +32%)
[harness] Fallback target loaded: org.apache.commons.lang.StringUtils (original was org.apache.commons.lang3.StringUtils)
[harness] target=org.apache.commons.lang.StringUtils factories=1 methods=134
INFO: Instrumented org.apache.commons.lang.StringEscapeUtils (took 34 ms, size +20%)
INFO: Instrumented org.apache.commons.lang.exception.NestableRuntimeException (took 17 ms, size +22%)
INFO: Instrumented org.apache.commons.lang.exception.Nestable (took 2 ms, size +0%)
INFO: found LLVMFuzzerCustomMutator (0x715002271cd0). Disabling -len_control by default.
INFO: Running with entropic power schedule (0xFF, 100).
INFO: Seed: 2736135450
INFO: Loaded 3 modules   (2048 inline 8-bit counters): 512 [0x7150d4c1fbc0, 0x7150d4c1fdc0), 512 [0x7150d4c1fdc0, 0x7150d4c1ffc0), 1024 [0x7150d4c1ffc0, 0x7150d4c203c0), 
INFO: Loaded 3 PC tables (2048 PCs): 512 [0x7150d4acaec0,0x7150d4accec0), 512 [0x7150d4b8ca40,0x7150d4b8ea40), 1024 [0x7150d4b8ea50,0x7150d4b92a50), 
INFO:        0 files found in /tmp/bugrun/lang_57.yyKPXn/.cifuzz-corpus/com.example.algorithm2.Algorithm2Test/testParameterizedFuzzer
INFO:        0 files found in /tmp/jazzer-java-seeds7426376038537429375
INFO: -max_len is not provided; libFuzzer will not generate inputs larger than 4096 bytes
INFO: A corpus is not provided, starting from an empty corpus
#2	INITED cov: 42 ft: 42 corp: 1/1b exec/s: 0 rss: 902Mb
#3	NEW    cov: 48 ft: 48 corp: 2/2b lim: 4 exec/s: 0 rss: 902Mb L: 1/1 MS: 2 ChangeBinInt-Custom-
#4	NEW    cov: 52 ft: 52 corp: 3/3b lim: 4 exec/s: 0 rss: 902Mb L: 1/1 MS: 2 ChangeBinInt-Custom-
#9	NEW    cov: 54 ft: 54 corp: 4/5b lim: 4 exec/s: 0 rss: 902Mb L: 2/2 MS: 10 CrossOver-Custom-CopyPart-Custom-EraseBytes-Custom-CrossOver-Custom-ChangeByte-Custom-
#12	NEW    cov: 60 ft: 60 corp: 5/6b lim: 4 exec/s: 0 rss: 902Mb L: 1/2 MS: 6 CopyPart-Custom-ChangeBinInt-Custom-EraseBytes-Custom-
#13	NEW    cov: 61 ft: 61 corp: 6/7b lim: 4 exec/s: 0 rss: 902Mb L: 1/2 MS: 2 ShuffleBytes-Custom-
#14	NEW    cov: 67 ft: 69 corp: 7/10b lim: 4 exec/s: 0 rss: 902Mb L: 3/3 MS: 2 InsertByte-Custom-
#18	NEW    cov: 73 ft: 79 corp: 8/11b lim: 4 exec/s: 0 rss: 902Mb L: 1/3 MS: 8 ShuffleBytes-Custom-CopyPart-Custom-EraseBytes-Custom-ChangeByte-Custom-
INFO: using inputs from: /tmp/bugrun/lang_57.yyKPXn/.cifuzz-corpus/com.example.algorithm2.Algorithm2Test/testParameterizedFuzzer
INFO: using inputs from: /tmp/jazzer-java-seeds7426376038537429375
INFO: Instrumented org.apache.commons.lang.CharSetUtils (took 22 ms, size +34%)
INFO: New number of coverage counters: 4096
#21	NEW    cov: 77 ft: 83 corp: 9/12b lim: 4 exec/s: 0 rss: 922Mb L: 1/3 MS: 6 CopyPart-Custom-CrossOver-Custom-ChangeBinInt-Custom-
#22	NEW    cov: 80 ft: 86 corp: 10/13b lim: 4 exec/s: 0 rss: 922Mb L: 1/3 MS: 2 ChangeBit-Custom-
#23	NEW    cov: 89 ft: 95 corp: 11/14b lim: 4 exec/s: 0 rss: 922Mb L: 1/3 MS: 2 ChangeByte-Custom-
#24	NEW    cov: 90 ft: 96 corp: 12/15b lim: 4 exec/s: 0 rss: 922Mb L: 1/3 MS: 2 ChangeByte-Custom-
#25	NEW    cov: 92 ft: 98 corp: 13/16b lim: 4 exec/s: 0 rss: 922Mb L: 1/3 MS: 2 ChangeBit-Custom-
#27	NEW    cov: 93 ft: 99 corp: 14/18b lim: 4 exec/s: 0 rss: 922Mb L: 2/3 MS: 4 InsertByte-Custom-ShuffleBytes-Custom-
#28	NEW    cov: 95 ft: 101 corp: 15/19b lim: 4 exec/s: 0 rss: 922Mb L: 1/3 MS: 2 ChangeBit-Custom-
#29	NEW    cov: 97 ft: 103 corp: 16/22b lim: 4 exec/s: 0 rss: 922Mb L: 3/3 MS: 2 CopyPart-Custom-
INFO: Instrumented org.apache.commons.lang.ArrayUtils (took 317 ms, size +21%)
#30	NEW    cov: 97 ft: 113 corp: 17/23b lim: 4 exec/s: 0 rss: 922Mb L: 1/3 MS: 2 ChangeByte-Custom-
#40	NEW    cov: 100 ft: 116 corp: 18/25b lim: 4 exec/s: 0 rss: 922Mb L: 2/3 MS: 10 CopyPart-Custom-ChangeBit-Custom-CopyPart-Custom-ShuffleBytes-Custom-ChangeByte-Custom-
#43	NEW    cov: 102 ft: 118 corp: 19/27b lim: 4 exec/s: 0 rss: 922Mb L: 2/3 MS: 6 ShuffleBytes-Custom-ChangeBit-Custom-CMP-Custom- DE: "\001\217"-
#48	NEW    cov: 106 ft: 122 corp: 20/30b lim: 4 exec/s: 0 rss: 922Mb L: 3/3 MS: 10 CrossOver-Custom-CrossOver-Custom-CrossOver-Custom-CrossOver-Custom-CrossOver-Custom-
#52	NEW    cov: 109 ft: 125 corp: 21/33b lim: 4 exec/s: 0 rss: 922Mb L: 3/3 MS: 8 ShuffleBytes-Custom-CopyPart-Custom-ChangeByte-Custom-ChangeBit-Custom-
#58	NEW    cov: 112 ft: 128 corp: 22/34b lim: 4 exec/s: 0 rss: 924Mb L: 1/3 MS: 2 ChangeBit-Custom-
#59	NEW    cov: 115 ft: 131 corp: 23/36b lim: 4 exec/s: 0 rss: 924Mb L: 2/3 MS: 2 InsertByte-Custom-
#65	NEW    cov: 117 ft: 133 corp: 24/38b lim: 4 exec/s: 0 rss: 924Mb L: 2/3 MS: 2 InsertByte-Custom-
#67	NEW    cov: 119 ft: 135 corp: 25/41b lim: 4 exec/s: 0 rss: 924Mb L: 3/3 MS: 4 ShuffleBytes-Custom-InsertByte-Custom-
#68	NEW    cov: 121 ft: 137 corp: 26/43b lim: 4 exec/s: 0 rss: 924Mb L: 2/3 MS: 2 InsertByte-Custom-
#72	NEW    cov: 124 ft: 140 corp: 27/46b lim: 4 exec/s: 0 rss: 924Mb L: 3/3 MS: 8 ShuffleBytes-Custom-PersAutoDict-Custom-ChangeByte-Custom-ChangeByte-Custom- DE: "\001\217"-
#76	NEW    cov: 130 ft: 146 corp: 28/49b lim: 4 exec/s: 0 rss: 924Mb L: 3/3 MS: 8 InsertByte-Custom-ChangeByte-Custom-ChangeByte-Custom-InsertByte-Custom-
#77	NEW    cov: 131 ft: 147 corp: 29/50b lim: 4 exec/s: 0 rss: 924Mb L: 1/3 MS: 2 ChangeByte-Custom-
#79	NEW    cov: 132 ft: 148 corp: 30/53b lim: 4 exec/s: 0 rss: 925Mb L: 3/3 MS: 4 InsertByte-Custom-CopyPart-Custom-
#82	NEW    cov: 134 ft: 150 corp: 31/56b lim: 4 exec/s: 0 rss: 925Mb L: 3/3 MS: 6 ChangeBinInt-Custom-PersAutoDict-Custom-InsertByte-Custom- DE: "\001\217"-
#84	NEW    cov: 135 ft: 151 corp: 32/58b lim: 4 exec/s: 0 rss: 925Mb L: 2/3 MS: 4 ChangeBit-Custom-EraseBytes-Custom-
#85	NEW    cov: 136 ft: 152 corp: 33/59b lim: 4 exec/s: 0 rss: 925Mb L: 1/3 MS: 2 ChangeBit-Custom-
#96	NEW    cov: 139 ft: 155 corp: 34/60b lim: 4 exec/s: 0 rss: 925Mb L: 1/3 MS: 2 ChangeByte-Custom-
#100	NEW    cov: 145 ft: 161 corp: 35/63b lim: 4 exec/s: 0 rss: 925Mb L: 3/3 MS: 8 ChangeBit-Custom-CrossOver-Custom-ShuffleBytes-Custom-ChangeByte-Custom-
#108	NEW    cov: 146 ft: 162 corp: 36/66b lim: 4 exec/s: 0 rss: 925Mb L: 3/3 MS: 6 ChangeByte-Custom-CopyPart-Custom-InsertByte-Custom-
#109	NEW    cov: 147 ft: 163 corp: 37/69b lim: 4 exec/s: 0 rss: 925Mb L: 3/3 MS: 2 PersAutoDict-Custom- DE: "\001\217"-
#111	NEW    cov: 150 ft: 166 corp: 38/73b lim: 4 exec/s: 0 rss: 925Mb L: 4/4 MS: 4 PersAutoDict-Custom-InsertByte-Custom- DE: "\001\217"-
#116	NEW    cov: 152 ft: 168 corp: 39/75b lim: 4 exec/s: 0 rss: 925Mb L: 2/4 MS: 10 ChangeByte-Custom-CrossOver-Custom-CopyPart-Custom-CopyPart-Custom-ChangeByte-Custom-
#117	NEW    cov: 155 ft: 171 corp: 40/77b lim: 4 exec/s: 0 rss: 925Mb L: 2/4 MS: 2 ChangeASCIIInt-Custom-
#125	NEW    cov: 158 ft: 174 corp: 41/79b lim: 4 exec/s: 0 rss: 925Mb L: 2/4 MS: 6 InsertByte-Custom-PersAutoDict-Custom-ChangeBit-Custom- DE: "\001\217"-
#138	NEW    cov: 159 ft: 175 corp: 42/82b lim: 4 exec/s: 0 rss: 925Mb L: 3/4 MS: 6 ChangeBinInt-Custom-ShuffleBytes-Custom-ChangeByte-Custom-
#139	REDUCE cov: 159 ft: 175 corp: 42/81b lim: 4 exec/s: 0 rss: 925Mb L: 1/4 MS: 2 EraseBytes-Custom-
#140	NEW    cov: 162 ft: 178 corp: 43/82b lim: 4 exec/s: 0 rss: 925Mb L: 1/4 MS: 2 ChangeBit-Custom-
#141	NEW    cov: 179 ft: 195 corp: 44/84b lim: 4 exec/s: 0 rss: 926Mb L: 2/4 MS: 2 CopyPart-Custom-
#142	NEW    cov: 190 ft: 206 corp: 45/85b lim: 4 exec/s: 0 rss: 926Mb L: 1/4 MS: 2 ChangeByte-Custom-
#143	REDUCE cov: 190 ft: 206 corp: 45/84b lim: 4 exec/s: 0 rss: 926Mb L: 2/4 MS: 2 EraseBytes-Custom-
#147	NEW    cov: 190 ft: 207 corp: 46/88b lim: 4 exec/s: 0 rss: 926Mb L: 4/4 MS: 8 InsertByte-Custom-CopyPart-Custom-ChangeBit-Custom-ShuffleBytes-Custom-
#148	NEW    cov: 191 ft: 208 corp: 47/90b lim: 4 exec/s: 0 rss: 926Mb L: 2/4 MS: 2 EraseBytes-Custom-
#149	NEW    cov: 203 ft: 224 corp: 48/92b lim: 4 exec/s: 0 rss: 926Mb L: 2/4 MS: 2 InsertByte-Custom-
#151	NEW    cov: 203 ft: 228 corp: 49/96b lim: 4 exec/s: 0 rss: 926Mb L: 4/4 MS: 4 ShuffleBytes-Custom-CopyPart-Custom-
#161	NEW    cov: 204 ft: 229 corp: 50/99b lim: 4 exec/s: 0 rss: 926Mb L: 3/4 MS: 10 InsertByte-Custom-CopyPart-Custom-ShuffleBytes-Custom-PersAutoDict-Custom-ChangeBinInt-Custom- DE: "\001\217"-
#163	NEW    cov: 207 ft: 232 corp: 51/103b lim: 4 exec/s: 0 rss: 926Mb L: 4/4 MS: 4 CopyPart-Custom-ShuffleBytes-Custom-
#167	NEW    cov: 210 ft: 235 corp: 52/104b lim: 4 exec/s: 0 rss: 926Mb L: 1/4 MS: 8 ChangeBit-Custom-CrossOver-Custom-EraseBytes-Custom-ChangeBit-Custom-
#179	NEW    cov: 216 ft: 241 corp: 53/108b lim: 4 exec/s: 0 rss: 926Mb L: 4/4 MS: 4 CrossOver-Custom-ChangeByte-Custom-
#182	NEW    cov: 216 ft: 244 corp: 54/112b lim: 4 exec/s: 0 rss: 926Mb L: 4/4 MS: 6 CopyPart-Custom-ChangeBit-Custom-CopyPart-Custom-
#185	NEW    cov: 219 ft: 247 corp: 55/114b lim: 4 exec/s: 0 rss: 926Mb L: 2/4 MS: 6 ChangeBit-Custom-CopyPart-Custom-InsertByte-Custom-
#190	NEW    cov: 227 ft: 257 corp: 56/118b lim: 4 exec/s: 0 rss: 926Mb L: 4/4 MS: 10 ShuffleBytes-Custom-CopyPart-Custom-CrossOver-Custom-CrossOver-Custom-ChangeBit-Custom-
#191	NEW    cov: 227 ft: 258 corp: 57/119b lim: 4 exec/s: 0 rss: 926Mb L: 1/4 MS: 2 CrossOver-Custom-
#206	NEW    cov: 231 ft: 262 corp: 58/123b lim: 4 exec/s: 0 rss: 926Mb L: 4/4 MS: 10 ChangeBinInt-Custom-ShuffleBytes-Custom-CopyPart-Custom-ShuffleBytes-Custom-ChangeBinInt-Custom-
#207	NEW    cov: 236 ft: 267 corp: 59/126b lim: 4 exec/s: 0 rss: 926Mb L: 3/4 MS: 2 ChangeBit-Custom-
#216	REDUCE cov: 236 ft: 267 corp: 59/125b lim: 4 exec/s: 0 rss: 926Mb L: 2/4 MS: 8 CMP-Custom-CopyPart-Custom-ChangeByte-Custom-EraseBytes-Custom- DE: "\377\007"-
#224	NEW    cov: 239 ft: 270 corp: 60/127b lim: 4 exec/s: 0 rss: 926Mb L: 2/4 MS: 6 ShuffleBytes-Custom-PersAutoDict-Custom-ChangeBinInt-Custom- DE: "\377\007"-
#229	NEW    cov: 241 ft: 272 corp: 61/131b lim: 4 exec/s: 0 rss: 926Mb L: 4/4 MS: 10 PersAutoDict-Custom-ChangeBinInt-Custom-PersAutoDict-Custom-CrossOver-Custom-CopyPart-Custom- DE: "\001\217"-"\377\007"-
#234	NEW    cov: 252 ft: 285 corp: 62/135b lim: 4 exec/s: 0 rss: 926Mb L: 4/4 MS: 10 ChangeByte-Custom-CrossOver-Custom-ShuffleBytes-Custom-CopyPart-Custom-ChangeASCIIInt-Custom-
INFO: Instrumented org.apache.commons.lang.ObjectUtils (took 12 ms, size +28%)
INFO: #236	NEW    cov: 253 ft: 286 corp: 63/136b lim: 4 exec/s: 0 rss: 927Mb L: 1/4 MS: 4 EraseBytes-Custom-ChangeBinInt-Custom-
Instrumented org.apache.commons.lang.ObjectUtils$Null (took 4 ms, size +43%)
INFO: Instrumented org.apache.commons.lang.WordUtils (took 22 ms, size +37%)
#243	NEW    cov: 254 ft: 287 corp: 64/138b lim: 4 exec/s: 0 rss: 927Mb L: 2/4 MS: 4 ShuffleBytes-Custom-ChangeByte-Custom-
#254	NEW    cov: 256 ft: 289 corp: 65/139b lim: 4 exec/s: 0 rss: 927Mb L: 1/4 MS: 2 ChangeBit-Custom-
#257	NEW    cov: 257 ft: 290 corp: 66/143b lim: 4 exec/s: 0 rss: 927Mb L: 4/4 MS: 6 CrossOver-Custom-ChangeBit-Custom-ShuffleBytes-Custom-
#258	NEW    cov: 262 ft: 295 corp: 67/144b lim: 4 exec/s: 0 rss: 927Mb L: 1/4 MS: 2 ChangeByte-Custom-
#260	NEW    cov: 264 ft: 297 corp: 68/146b lim: 4 exec/s: 0 rss: 927Mb L: 2/4 MS: 4 ShuffleBytes-Custom-InsertByte-Custom-
#264	NEW    cov: 267 ft: 300 corp: 69/148b lim: 4 exec/s: 0 rss: 927Mb L: 2/4 MS: 8 ChangeASCIIInt-Custom-ChangeASCIIInt-Custom-ChangeByte-Custom-ChangeByte-Custom-
#268	NEW    cov: 345 ft: 383 corp: 70/151b lim: 4 exec/s: 0 rss: 927Mb L: 3/4 MS: 8 PersAutoDict-Custom-ChangeByte-Custom-ChangeBinInt-Custom-InsertByte-Custom- DE: "\001\217"-
#270	NEW    cov: 345 ft: 386 corp: 71/155b lim: 4 exec/s: 0 rss: 927Mb L: 4/4 MS: 4 InsertByte-Custom-CMP-Custom- DE: "\005\000\000\000"-
#271	NEW    cov: 347 ft: 394 corp: 72/157b lim: 4 exec/s: 0 rss: 927Mb L: 2/4 MS: 2 CrossOver-Custom-
#275	NEW    cov: 350 ft: 397 corp: 73/158b lim: 4 exec/s: 0 rss: 927Mb L: 1/4 MS: 8 ChangeBit-Custom-InsertByte-Custom-ChangeBit-Custom-CrossOver-Custom-
#276	REDUCE cov: 350 ft: 397 corp: 73/157b lim: 4 exec/s: 0 rss: 927Mb L: 1/4 MS: 2 EraseBytes-Custom-
#277	NEW    cov: 352 ft: 399 corp: 74/158b lim: 4 exec/s: 0 rss: 927Mb L: 1/4 MS: 2 ChangeByte-Custom-
#281	NEW    cov: 354 ft: 401 corp: 75/159b lim: 4 exec/s: 0 rss: 927Mb L: 1/4 MS: 8 CopyPart-Custom-ShuffleBytes-Custom-ChangeBit-Custom-ChangeBit-Custom-
#286	NEW    cov: 356 ft: 403 corp: 76/162b lim: 4 exec/s: 0 rss: 927Mb L: 3/4 MS: 10 InsertByte-Custom-ShuffleBytes-Custom-EraseBytes-Custom-InsertByte-Custom-InsertByte-Custom-
#288	NEW    cov: 360 ft: 407 corp: 77/166b lim: 4 exec/s: 0 rss: 927Mb L: 4/4 MS: 4 ShuffleBytes-Custom-CopyPart-Custom-
#289	NEW    cov: 362 ft: 409 corp: 78/168b lim: 4 exec/s: 0 rss: 927Mb L: 2/4 MS: 2 ChangeBinInt-Custom-
#290	NEW    cov: 364 ft: 411 corp: 79/170b lim: 4 exec/s: 0 rss: 927Mb L: 2/4 MS: 2 InsertByte-Custom-
#291	NEW    cov: 366 ft: 413 corp: 80/174b lim: 4 exec/s: 0 rss: 927Mb L: 4/4 MS: 2 ChangeByte-Custom-
#292	NEW    cov: 369 ft: 416 corp: 81/177b lim: 4 exec/s: 0 rss: 927Mb L: 3/4 MS: 2 ChangeByte-Custom-
#296	NEW    cov: 375 ft: 422 corp: 82/181b lim: 4 exec/s: 0 rss: 927Mb L: 4/4 MS: 8 CMP-Custom-CrossOver-Custom-EraseBytes-Custom-CrossOver-Custom- DE: "\377]"-
#299	NEW    cov: 377 ft: 424 corp: 83/183b lim: 4 exec/s: 0 rss: 927Mb L: 2/4 MS: 6 InsertByte-Custom-ShuffleBytes-Custom-ChangeBit-Custom-
#301	NEW    cov: 379 ft: 426 corp: 84/185b lim: 4 exec/s: 0 rss: 927Mb L: 2/4 MS: 4 PersAutoDict-Custom-ChangeBit-Custom- DE: "\377]"-
#302	NEW    cov: 382 ft: 429 corp: 85/186b lim: 4 exec/s: 0 rss: 928Mb L: 1/4 MS: 2 ChangeBit-Custom-
#305	NEW    cov: 384 ft: 431 corp: 86/187b lim: 4 exec/s: 0 rss: 928Mb L: 1/4 MS: 6 CrossOver-Custom-ChangeBit-Custom-ChangeBit-Custom-
#312	NEW    cov: 396 ft: 443 corp: 87/189b lim: 4 exec/s: 0 rss: 930Mb L: 2/4 MS: 4 ChangeASCIIInt-Custom-ChangeBit-Custom-
#320	NEW    cov: 399 ft: 446 corp: 88/192b lim: 4 exec/s: 0 rss: 930Mb L: 3/4 MS: 6 CrossOver-Custom-ShuffleBytes-Custom-ChangeBinInt-Custom-
#322	NEW    cov: 400 ft: 447 corp: 89/195b lim: 4 exec/s: 0 rss: 930Mb L: 3/4 MS: 4 InsertByte-Custom-CrossOver-Custom-
#323	NEW    cov: 407 ft: 454 corp: 90/198b lim: 4 exec/s: 0 rss: 930Mb L: 3/4 MS: 2 InsertByte-Custom-
#329	REDUCE cov: 407 ft: 454 corp: 90/197b lim: 4 exec/s: 0 rss: 930Mb L: 3/4 MS: 2 EraseBytes-Custom-
#337	NEW    cov: 410 ft: 457 corp: 91/199b lim: 4 exec/s: 0 rss: 930Mb L: 2/4 MS: 6 EraseBytes-Custom-CopyPart-Custom-ChangeBinInt-Custom-
#344	NEW    cov: 412 ft: 460 corp: 92/200b lim: 4 exec/s: 0 rss: 930Mb L: 1/4 MS: 4 ChangeByte-Custom-ChangeByte-Custom-
#359	NEW    cov: 414 ft: 462 corp: 93/201b lim: 4 exec/s: 0 rss: 930Mb L: 1/4 MS: 10 InsertByte-Custom-ShuffleBytes-Custom-EraseBytes-Custom-EraseBytes-Custom-ChangeBit-Custom-
#360	NEW    cov: 414 ft: 468 corp: 94/205b lim: 4 exec/s: 0 rss: 930Mb L: 4/4 MS: 2 ChangeBit-Custom-
#363	NEW    cov: 418 ft: 472 corp: 95/208b lim: 4 exec/s: 0 rss: 930Mb L: 3/4 MS: 6 CopyPart-Custom-ChangeBit-Custom-CrossOver-Custom-
#367	NEW    cov: 421 ft: 475 corp: 96/209b lim: 4 exec/s: 0 rss: 930Mb L: 1/4 MS: 8 EraseBytes-Custom-EraseBytes-Custom-ShuffleBytes-Custom-ChangeBit-Custom-
#374	NEW    cov: 427 ft: 481 corp: 97/213b lim: 4 exec/s: 0 rss: 930Mb L: 4/4 MS: 4 ShuffleBytes-Custom-ChangeByte-Custom-
#376	NEW    cov: 430 ft: 484 corp: 98/215b lim: 4 exec/s: 0 rss: 930Mb L: 2/4 MS: 4 ChangeBit-Custom-ChangeBinInt-Custom-
#383	NEW    cov: 431 ft: 485 corp: 99/217b lim: 4 exec/s: 0 rss: 930Mb L: 2/4 MS: 4 CrossOver-Custom-ChangeBinInt-Custom-
#386	NEW    cov: 433 ft: 487 corp: 100/219b lim: 4 exec/s: 0 rss: 930Mb L: 2/4 MS: 6 PersAutoDict-Custom-EraseBytes-Custom-ChangeBit-Custom- DE: "\001\217"-
INFO: #387	NEW    cov: 434 ft: 488 corp: 101/221b lim: 4 exec/s: 0 rss: 930Mb L: 2/4 MS: 2 InsertByte-Custom-
Instrumented org.apache.commons.lang.CharSet (took 31 ms, size +29%)
#395	NEW    cov: 434 ft: 490 corp: 102/225b lim: 4 exec/s: 0 rss: 930Mb L: 4/4 MS: 6 ShuffleBytes-Custom-CopyPart-Custom-ShuffleBytes-Custom-
INFO: #402	NEW    cov: 435 ft: 519 corp: 103/228b lim: 4 exec/s: 0 rss: 930Mb L: 3/4 MS: 4 CrossOver-Custom-InsertByte-Custom-
Instrumented org.apache.commons.lang.CharRange (took 20 ms, size +34%)
#404	NEW    cov: 435 ft: 526 corp: 104/232b lim: 4 exec/s: 0 rss: 930Mb L: 4/4 MS: 4 CopyPart-Custom-InsertByte-Custom-
#406	NEW    cov: 441 ft: 532 corp: 105/236b lim: 4 exec/s: 0 rss: 930Mb L: 4/4 MS: 4 InsertByte-Custom-InsertByte-Custom-
#421	NEW    cov: 444 ft: 535 corp: 106/238b lim: 4 exec/s: 0 rss: 930Mb L: 2/4 MS: 10 ChangeBinInt-Custom-ShuffleBytes-Custom-PersAutoDict-Custom-ChangeBinInt-Custom-EraseBytes-Custom- DE: "\377\007"-
#424	NEW    cov: 450 ft: 541 corp: 107/242b lim: 4 exec/s: 0 rss: 930Mb L: 4/4 MS: 6 ShuffleBytes-Custom-CopyPart-Custom-CMP-Custom- DE: "\377\376"-
#435	NEW    cov: 450 ft: 545 corp: 108/246b lim: 4 exec/s: 0 rss: 930Mb L: 4/4 MS: 2 CMP-Custom- DE: "\005\000"-
#438	NEW    cov: 455 ft: 550 corp: 109/248b lim: 4 exec/s: 0 rss: 930Mb L: 2/4 MS: 6 InsertByte-Custom-ChangeBit-Custom-EraseBytes-Custom-
#457	NEW    cov: 458 ft: 553 corp: 110/251b lim: 4 exec/s: 0 rss: 930Mb L: 3/4 MS: 8 ChangeBinInt-Custom-ShuffleBytes-Custom-PersAutoDict-Custom-InsertByte-Custom- DE: "\005\000"-
#459	NEW    cov: 459 ft: 555 corp: 111/255b lim: 4 exec/s: 0 rss: 930Mb L: 4/4 MS: 4 CrossOver-Custom-CopyPart-Custom-
#463	NEW    cov: 461 ft: 557 corp: 112/259b lim: 4 exec/s: 0 rss: 930Mb L: 4/4 MS: 8 ChangeBit-Custom-ShuffleBytes-Custom-InsertByte-Custom-PersAutoDict-Custom- DE: "\377\007"-
#469	NEW    cov: 461 ft: 558 corp: 113/263b lim: 4 exec/s: 0 rss: 930Mb L: 4/4 MS: 2 ChangeByte-Custom-
#483	NEW    cov: 462 ft: 559 corp: 114/266b lim: 4 exec/s: 0 rss: 930Mb L: 3/4 MS: 8 CrossOver-Custom-ChangeByte-Custom-CopyPart-Custom-InsertByte-Custom-
#489	NEW    cov: 466 ft: 563 corp: 115/269b lim: 4 exec/s: 0 rss: 930Mb L: 3/4 MS: 2 InsertByte-Custom-
#500	NEW    cov: 468 ft: 565 corp: 116/270b lim: 4 exec/s: 0 rss: 930Mb L: 1/4 MS: 2 ChangeBit-Custom-
#507	NEW    cov: 470 ft: 567 corp: 117/271b lim: 4 exec/s: 0 rss: 930Mb L: 1/4 MS: 4 ChangeBit-Custom-ChangeByte-Custom-
#513	NEW    cov: 473 ft: 570 corp: 118/275b lim: 4 exec/s: 0 rss: 930Mb L: 4/4 MS: 2 ChangeByte-Custom-
#520	NEW    cov: 476 ft: 573 corp: 119/279b lim: 4 exec/s: 0 rss: 930Mb L: 4/4 MS: 4 ChangeBit-Custom-InsertByte-Custom-
#522	NEW    cov: 478 ft: 575 corp: 120/281b lim: 4 exec/s: 0 rss: 930Mb L: 2/4 MS: 4 ShuffleBytes-Custom-InsertByte-Custom-
#529	NEW    cov: 480 ft: 577 corp: 121/283b lim: 4 exec/s: 0 rss: 930Mb L: 2/4 MS: 4 ChangeByte-Custom-InsertByte-Custom-
#538	NEW    cov: 484 ft: 581 corp: 122/287b lim: 4 exec/s: 0 rss: 930Mb L: 4/4 MS: 8 InsertByte-Custom-InsertByte-Custom-ChangeByte-Custom-CrossOver-Custom-
#539	REDUCE cov: 484 ft: 581 corp: 122/286b lim: 4 exec/s: 0 rss: 930Mb L: 3/4 MS: 2 EraseBytes-Custom-
#541	REDUCE cov: 486 ft: 583 corp: 123/290b lim: 4 exec/s: 0 rss: 930Mb L: 4/4 MS: 4 InsertByte-Custom-PersAutoDict-Custom- DE: "\005\000"-
#557	NEW    cov: 488 ft: 585 corp: 124/293b lim: 4 exec/s: 0 rss: 930Mb L: 3/4 MS: 2 ChangeBit-Custom-
#559	NEW    cov: 488 ft: 587 corp: 125/296b lim: 4 exec/s: 0 rss: 930Mb L: 3/4 MS: 4 CrossOver-Custom-CopyPart-Custom-
#563	NEW    cov: 489 ft: 588 corp: 126/300b lim: 4 exec/s: 0 rss: 930Mb L: 4/4 MS: 8 InsertByte-Custom-ShuffleBytes-Custom-CopyPart-Custom-InsertByte-Custom-
#586	NEW    cov: 490 ft: 590 corp: 127/304b lim: 4 exec/s: 0 rss: 930Mb L: 4/4 MS: 6 InsertByte-Custom-CrossOver-Custom-CrossOver-Custom-
#589	REDUCE cov: 492 ft: 592 corp: 128/306b lim: 4 exec/s: 0 rss: 930Mb L: 2/4 MS: 6 ShuffleBytes-Custom-InsertByte-Custom-ShuffleBytes-Custom-
#597	NEW    cov: 498 ft: 598 corp: 129/309b lim: 4 exec/s: 0 rss: 930Mb L: 3/4 MS: 6 CopyPart-Custom-EraseBytes-Custom-InsertByte-Custom-
#603	NEW    cov: 498 ft: 600 corp: 130/312b lim: 4 exec/s: 0 rss: 930Mb L: 3/4 MS: 2 ChangeBit-Custom-
#625	NEW    cov: 499 ft: 601 corp: 131/316b lim: 4 exec/s: 0 rss: 930Mb L: 4/4 MS: 4 EraseBytes-Custom-CopyPart-Custom-
#632	NEW    cov: 500 ft: 602 corp: 132/320b lim: 4 exec/s: 0 rss: 930Mb L: 4/4 MS: 4 CrossOver-Custom-ChangeBit-Custom-
#634	NEW    cov: 502 ft: 604 corp: 133/322b lim: 4 exec/s: 0 rss: 930Mb L: 2/4 MS: 4 ChangeBit-Custom-EraseBytes-Custom-
MS: 8 CopyPart-Custom-InsertByte-Custom-CopyPart-Custom-ChangeBit-Custom-; base unit: c74891c728775060f7427788a9d1575a1832229c
0x1c,0x1c,0x0,0x3c,
\034\034\000<
artifact_prefix='/tmp/bugrun/lang_57.yyKPXn/'; Test unit written to /tmp/bugrun/lang_57.yyKPXn/crash-c7ef186275cc09403f08a0ebcc1df6bd89c5aefd
Base64: HBwAPA==
Done 643 runs in 0 second(s)
DEDUP_TOKEN: 309087ec00a6cc43
[ERROR] Tests run: 2, Failures: 0, Errors: 1, Skipped: 0, Time elapsed: 9.574 s <<< FAILURE! -- in com.example.algorithm2.Algorithm2Test
[ERROR] com.example.algorithm2.Algorithm2Test.testParameterizedFuzzer(FuzzedDataProvider)[2] -- Time elapsed: 0.920 s <<< ERROR!
java.lang.IllegalArgumentException: Minimum abbreviation width is 4
	at org.apache.commons.lang.StringUtils.abbreviate(StringUtils.java:4775)
	at java.base/jdk.internal.reflect.NativeMethodAccessorImpl.invoke0(Native Method)
	at java.base/jdk.internal.reflect.NativeMethodAccessorImpl.invoke(NativeMethodAccessorImpl.java:62)
	at java.base/jdk.internal.reflect.DelegatingMethodAccessorImpl.invoke(DelegatingMethodAccessorImpl.java:43)
	at java.base/java.lang.reflect.Method.invoke(Method.java:566)
	at com.example.algorithm2.Algorithm2Test.testParameterizedFuzzer(Algorithm2Test.java:226)

[INFO] 
[INFO] Results:
[INFO] 
[ERROR] Errors: 
[ERROR]   Algorithm2Test.testParameterizedFuzzer:226 » IllegalArgument Minimum abbreviation width is 4
[INFO] 
[ERROR] Tests run: 2, Failures: 0, Errors: 1, Skipped: 0
[INFO] 
[ERROR] 

Please refer to /tmp/bugrun/lang_57.yyKPXn/target/surefire-reports for the individual test results.
Please refer to dump files (if any exist) [date].dump, [date]-jvmRun[N].dump and [date].dumpstream.
[INFO] 
[INFO] --- jacoco:0.8.11:report (default-cli) @ AlgorithmName2 ---
[INFO] Loading execution data file /tmp/bugrun/lang_57.yyKPXn/target/jacoco.exec
[INFO] Analyzed bundle 'AlgorithmName2' with 120 classes
[INFO] ------------------------------------------------------------------------
[INFO] BUILD SUCCESS
[INFO] ------------------------------------------------------------------------
[INFO] Total time:  28.528 s
[INFO] Finished at: 2026-10-06T02:10:38+07:00
[INFO] ------------------------------------------------------------------------
