[INFO] Scanning for projects...
[INFO] 
[INFO] ---------------------< com.example:AlgorithmName2 >---------------------
[INFO] Building AlgorithmName2 1.0-SNAPSHOT
[INFO]   from pom.xml
[INFO] --------------------------------[ jar ]---------------------------------
[INFO] 
[INFO] --- jacoco:0.8.11:prepare-agent (default) @ AlgorithmName2 ---
[INFO] argLine set to -javaagent:/home/kanyaphak673380391-3/.m2/repository/org/jacoco/org.jacoco.agent/0.8.11/org.jacoco.agent-0.8.11-runtime.jar=destfile=/tmp/bugrun/lang_46.IHH6Bg/target/jacoco.exec
[INFO] 
[INFO] --- resources:3.4.0:resources (default-resources) @ AlgorithmName2 ---
[INFO] Copying 1 resource from src/main/resources to target/classes
[INFO] 
[INFO] --- compiler:3.15.0:compile (default-compile) @ AlgorithmName2 ---
[INFO] Recompiling the module because of changed source code.
[INFO] Compiling 1 source file with javac [debug target 1.8] to target/classes
[WARNING] bootstrap class path not set in conjunction with -source 8
[INFO] 
[INFO] --- dependency:3.6.0:unpack-dependencies (unpack-defects4j) @ AlgorithmName2 ---
[INFO] 
[INFO] --- resources:3.4.0:testResources (default-testResources) @ AlgorithmName2 ---
[INFO] skip non existing resourceDirectory /tmp/bugrun/lang_46.IHH6Bg/src/test/resources
[INFO] 
[INFO] --- compiler:3.15.0:testCompile (default-testCompile) @ AlgorithmName2 ---
[INFO] Recompiling the module because of changed dependency.
[INFO] Compiling 1 source file with javac [debug target 1.8] to target/test-classes
[WARNING] bootstrap class path not set in conjunction with -source 8
[INFO] 
[INFO] --- surefire:3.1.2:test (default-cli) @ AlgorithmName2 ---
[INFO] Using auto detected provider org.apache.maven.surefire.junitplatform.JUnitPlatformProvider
[INFO] 
[INFO] -------------------------------------------------------
[INFO]  T E S T S
[INFO] -------------------------------------------------------
[INFO] Running com.example.algorithm2.Algorithm2Test
OpenJDK 64-Bit Server VM warning: Sharing is only supported for boot loader classes because bootstrap classpath has been appended
INFO: Loaded 288 hooks from com.code_intelligence.jazzer.runtime.TraceCmpHooks
INFO: Loaded 5 hooks from com.code_intelligence.jazzer.runtime.TraceDivHooks
INFO: Loaded 2 hooks from com.code_intelligence.jazzer.runtime.TraceIndirHooks
INFO: Loaded 4 hooks from com.code_intelligence.jazzer.runtime.NativeLibHooks
INFO: Loaded 2 hooks from com.code_intelligence.jazzer.sanitizers.ClojureLangHooks
INFO: Loaded 5 hooks from com.code_intelligence.jazzer.sanitizers.Deserialization
INFO: Loaded 5 hooks from com.code_intelligence.jazzer.sanitizers.ExpressionLanguageInjection
INFO: Loaded 70 hooks from com.code_intelligence.jazzer.sanitizers.LdapInjection
INFO: Loaded 46 hooks from com.code_intelligence.jazzer.sanitizers.NamingContextLookup
INFO: Loaded 1 hooks from com.code_intelligence.jazzer.sanitizers.OsCommandInjection
INFO: Loaded 52 hooks from com.code_intelligence.jazzer.sanitizers.ReflectiveCall
INFO: Loaded 8 hooks from com.code_intelligence.jazzer.sanitizers.RegexInjection
INFO: Loaded 16 hooks from com.code_intelligence.jazzer.sanitizers.RegexRoadblocks
INFO: Loaded 18 hooks from com.code_intelligence.jazzer.sanitizers.ScriptEngineInjection
INFO: Loaded 2 hooks from com.code_intelligence.jazzer.sanitizers.ServerSideRequestForgery
INFO: Loaded 19 hooks from com.code_intelligence.jazzer.sanitizers.SqlInjection
INFO: Loaded 6 hooks from com.code_intelligence.jazzer.sanitizers.XPathInjection
INFO: Instrumented com.example.algorithm2.Algorithm2Test$Skip (took 266 ms, size +44%)
INFO: Instrumented com.example.algorithm2.Algorithm2Test (took 330 ms, size +27%)
INFO: New number of coverage counters: 1024
INFO: New number of coverage counters: 2048
INFO: Instrumented org.apache.commons.lang.StringUtils (took 495 ms, size +32%)
[harness] Fallback target loaded: org.apache.commons.lang.StringUtils (original was org.apache.commons.lang3.StringUtils)
[harness] target=org.apache.commons.lang.StringUtils factories=1 methods=152
INFO: Instrumented org.apache.commons.lang.StringEscapeUtils (took 61 ms, size +20%)
INFO: Instrumented org.apache.commons.lang.exception.NestableRuntimeException (took 23 ms, size +22%)
INFO: Instrumented org.apache.commons.lang.exception.Nestable (took 6 ms, size +0%)
INFO: found LLVMFuzzerCustomMutator (0x7f7913670cd0). Disabling -len_control by default.
INFO: Running with entropic power schedule (0xFF, 100).
INFO: Seed: 176416407
INFO: Loaded 3 modules   (2048 inline 8-bit counters): 512 [0x7f7a34b0e9c0, 0x7f7a34b0ebc0), 512 [0x7f7a34b0ebc0, 0x7f7a34b0edc0), 1024 [0x7f7a34b0edc0, 0x7f7a34b0f1c0), 
INFO: Loaded 3 PC tables (2048 PCs): 512 [0x7f7a3451ece0,0x7f7a34520ce0), 512 [0x7f7a345f4360,0x7f7a345f6360), 1024 [0x7f7a34a9d090,0x7f7a34aa1090), 
INFO:        0 files found in /tmp/bugrun/lang_46.IHH6Bg/.cifuzz-corpus/com.example.algorithm2.Algorithm2Test/testParameterizedFuzzer
INFO:        0 files found in /tmp/jazzer-java-seeds16867908270151853974
INFO: -max_len is not provided; libFuzzer will not generate inputs larger than 4096 bytes
INFO: A corpus is not provided, starting from an empty corpus
#2	INITED cov: 42 ft: 42 corp: 1/1b exec/s: 0 rss: 866Mb
#6	NEW    cov: 45 ft: 45 corp: 2/3b lim: 4 exec/s: 0 rss: 866Mb L: 2/2 MS: 8 ShuffleBytes-Custom-CopyPart-Custom-ShuffleBytes-Custom-ChangeBinInt-Custom-
#7	NEW    cov: 52 ft: 52 corp: 3/4b lim: 4 exec/s: 0 rss: 866Mb L: 1/2 MS: 2 ChangeBit-Custom-
#8	NEW    cov: 53 ft: 53 corp: 4/5b lim: 4 exec/s: 0 rss: 866Mb L: 1/2 MS: 2 ChangeByte-Custom-
#12	NEW    cov: 55 ft: 55 corp: 5/8b lim: 4 exec/s: 0 rss: 866Mb L: 3/3 MS: 8 CopyPart-Custom-ShuffleBytes-Custom-ShuffleBytes-Custom-CrossOver-Custom-
#15	NEW    cov: 55 ft: 65 corp: 6/10b lim: 4 exec/s: 0 rss: 866Mb L: 2/3 MS: 6 InsertByte-Custom-CMP-Custom-EraseBytes-Custom- DE: "\221\000"-
#16	REDUCE cov: 55 ft: 65 corp: 6/9b lim: 4 exec/s: 0 rss: 866Mb L: 1/3 MS: 2 EraseBytes-Custom-
#17	REDUCE cov: 64 ft: 76 corp: 7/10b lim: 4 exec/s: 0 rss: 866Mb L: 1/3 MS: 2 ChangeByte-Custom-
#19	NEW    cov: 66 ft: 78 corp: 8/11b lim: 4 exec/s: 0 rss: 866Mb L: 1/3 MS: 4 EraseBytes-Custom-ChangeByte-Custom-
#20	NEW    cov: 67 ft: 79 corp: 9/12b lim: 4 exec/s: 0 rss: 866Mb L: 1/3 MS: 2 ChangeASCIIInt-Custom-
#22	NEW    cov: 69 ft: 81 corp: 10/15b lim: 4 exec/s: 0 rss: 866Mb L: 3/3 MS: 4 CrossOver-Custom-InsertByte-Custom-
INFO: using inputs from: /tmp/bugrun/lang_46.IHH6Bg/.cifuzz-corpus/com.example.algorithm2.Algorithm2Test/testParameterizedFuzzer
INFO: using inputs from: /tmp/jazzer-java-seeds16867908270151853974
INFO: New number of coverage counters: 4096
#23	NEW    cov: 75 ft: 87 corp: 11/16b lim: 4 exec/s: 0 rss: 896Mb L: 1/3 MS: 2 ChangeByte-Custom-
#24	NEW    cov: 77 ft: 89 corp: 12/17b lim: 4 exec/s: 0 rss: 896Mb L: 1/3 MS: 2 ChangeBit-Custom-
#25	REDUCE cov: 84 ft: 96 corp: 13/19b lim: 4 exec/s: 0 rss: 896Mb L: 2/3 MS: 2 InsertByte-Custom-
#27	NEW    cov: 85 ft: 97 corp: 14/21b lim: 4 exec/s: 0 rss: 896Mb L: 2/3 MS: 4 InsertByte-Custom-ChangeBinInt-Custom-
#29	NEW    cov: 86 ft: 98 corp: 15/22b lim: 4 exec/s: 0 rss: 896Mb L: 1/3 MS: 4 CopyPart-Custom-ChangeBit-Custom-
#31	NEW    cov: 88 ft: 100 corp: 16/23b lim: 4 exec/s: 0 rss: 896Mb L: 1/3 MS: 4 ShuffleBytes-Custom-ChangeBit-Custom-
#32	NEW    cov: 93 ft: 105 corp: 17/24b lim: 4 exec/s: 0 rss: 896Mb L: 1/3 MS: 2 ChangeBit-Custom-
#37	NEW    cov: 96 ft: 108 corp: 18/28b lim: 4 exec/s: 0 rss: 896Mb L: 4/4 MS: 10 InsertByte-Custom-ChangeBit-Custom-CrossOver-Custom-ChangeBit-Custom-ShuffleBytes-Custom-
#38	REDUCE cov: 102 ft: 114 corp: 19/31b lim: 4 exec/s: 0 rss: 896Mb L: 3/4 MS: 2 PersAutoDict-Custom- DE: "\221\000"-
#40	NEW    cov: 107 ft: 119 corp: 20/33b lim: 4 exec/s: 0 rss: 896Mb L: 2/4 MS: 4 InsertByte-Custom-ChangeBit-Custom-
#43	NEW    cov: 108 ft: 122 corp: 21/36b lim: 4 exec/s: 0 rss: 896Mb L: 3/4 MS: 6 ChangeBit-Custom-EraseBytes-Custom-InsertByte-Custom-
#44	NEW    cov: 110 ft: 124 corp: 22/37b lim: 4 exec/s: 0 rss: 896Mb L: 1/4 MS: 2 ChangeByte-Custom-
#48	NEW    cov: 115 ft: 129 corp: 23/41b lim: 4 exec/s: 0 rss: 896Mb L: 4/4 MS: 8 ShuffleBytes-Custom-ChangeByte-Custom-CopyPart-Custom-ChangeByte-Custom-
#50	NEW    cov: 126 ft: 144 corp: 24/42b lim: 4 exec/s: 0 rss: 896Mb L: 1/4 MS: 4 ChangeBit-Custom-EraseBytes-Custom-
#55	NEW    cov: 128 ft: 146 corp: 25/44b lim: 4 exec/s: 0 rss: 896Mb L: 2/4 MS: 10 ChangeBinInt-Custom-CopyPart-Custom-ChangeBit-Custom-ChangeByte-Custom-ChangeBinInt-Custom-
#60	NEW    cov: 131 ft: 149 corp: 26/45b lim: 4 exec/s: 0 rss: 896Mb L: 1/4 MS: 10 ShuffleBytes-Custom-CopyPart-Custom-ChangeByte-Custom-ChangeByte-Custom-EraseBytes-Custom-
#61	NEW    cov: 143 ft: 161 corp: 27/46b lim: 4 exec/s: 0 rss: 896Mb L: 1/4 MS: 2 ChangeByte-Custom-
#64	NEW    cov: 145 ft: 163 corp: 28/49b lim: 4 exec/s: 0 rss: 896Mb L: 3/4 MS: 6 ChangeBit-Custom-CrossOver-Custom-CopyPart-Custom-
#70	NEW    cov: 146 ft: 164 corp: 29/52b lim: 4 exec/s: 0 rss: 896Mb L: 3/4 MS: 2 PersAutoDict-Custom- DE: "\221\000"-
#78	NEW    cov: 149 ft: 167 corp: 30/55b lim: 4 exec/s: 0 rss: 896Mb L: 3/4 MS: 6 CopyPart-Custom-CopyPart-Custom-ChangeBit-Custom-
#85	NEW    cov: 152 ft: 170 corp: 31/56b lim: 4 exec/s: 0 rss: 896Mb L: 1/4 MS: 4 CopyPart-Custom-ChangeBit-Custom-
#86	NEW    cov: 161 ft: 179 corp: 32/59b lim: 4 exec/s: 0 rss: 896Mb L: 3/4 MS: 2 InsertByte-Custom-
#89	NEW    cov: 164 ft: 182 corp: 33/61b lim: 4 exec/s: 0 rss: 896Mb L: 2/4 MS: 6 CopyPart-Custom-CopyPart-Custom-ChangeByte-Custom-
#91	NEW    cov: 166 ft: 184 corp: 34/62b lim: 4 exec/s: 0 rss: 896Mb L: 1/4 MS: 4 ShuffleBytes-Custom-ChangeBit-Custom-
#103	NEW    cov: 169 ft: 187 corp: 35/64b lim: 4 exec/s: 0 rss: 896Mb L: 2/4 MS: 4 InsertByte-Custom-ChangeByte-Custom-
#105	NEW    cov: 178 ft: 196 corp: 36/66b lim: 4 exec/s: 0 rss: 896Mb L: 2/4 MS: 4 CrossOver-Custom-ChangeByte-Custom-
#107	NEW    cov: 180 ft: 198 corp: 37/68b lim: 4 exec/s: 0 rss: 896Mb L: 2/4 MS: 4 ShuffleBytes-Custom-ChangeBit-Custom-
#108	NEW    cov: 182 ft: 200 corp: 38/70b lim: 4 exec/s: 0 rss: 896Mb L: 2/4 MS: 2 ChangeBit-Custom-
#109	NEW    cov: 183 ft: 205 corp: 39/74b lim: 4 exec/s: 0 rss: 896Mb L: 4/4 MS: 2 ChangeBinInt-Custom-
#114	NEW    cov: 185 ft: 207 corp: 40/78b lim: 4 exec/s: 0 rss: 896Mb L: 4/4 MS: 10 ChangeBit-Custom-CopyPart-Custom-CopyPart-Custom-CopyPart-Custom-PersAutoDict-Custom- DE: "\221\000"-
#115	NEW    cov: 188 ft: 210 corp: 41/80b lim: 4 exec/s: 0 rss: 896Mb L: 2/4 MS: 2 InsertByte-Custom-
#117	NEW    cov: 188 ft: 215 corp: 42/83b lim: 4 exec/s: 0 rss: 896Mb L: 3/4 MS: 4 CrossOver-Custom-CrossOver-Custom-
#119	REDUCE cov: 190 ft: 217 corp: 43/84b lim: 4 exec/s: 0 rss: 896Mb L: 1/4 MS: 4 ChangeBit-Custom-CrossOver-Custom-
#122	NEW    cov: 197 ft: 224 corp: 44/87b lim: 4 exec/s: 0 rss: 896Mb L: 3/4 MS: 6 ChangeBit-Custom-PersAutoDict-Custom-ChangeASCIIInt-Custom- DE: "\221\000"-
#123	NEW    cov: 198 ft: 225 corp: 45/88b lim: 4 exec/s: 0 rss: 896Mb L: 1/4 MS: 2 ChangeByte-Custom-
INFO: Instrumented org.apache.commons.lang.ArrayUtils (took 126 ms, size +21%)
DEDUP_TOKEN: b8cc17693bff416f#131	NEW    cov: 203 ft: 234 corp: 46/89b lim: 4 exec/s: 0 rss: 896Mb L: 1/4 MS: 6 ChangeASCIIInt-Custom-ShuffleBytes-Custom-CrossOver-Custom-
#134	NEW    cov: 204 ft: 235 corp: 47/92b lim: 4 exec/s: 0 rss: 896Mb L: 3/4 MS: 6 CrossOver-Custom-ChangeBit-Custom-InsertByte-Custom-
#137	NEW    cov: 206 ft: 237 corp: 48/95b lim: 4 exec/s: 0 rss: 896Mb L: 3/4 MS: 6 InsertByte-Custom-EraseBytes-Custom-PersAutoDict-Custom- DE: "\221\000"-
MS: 8 CopyPart-Custom-EraseBytes-Custom-ChangeByte-Custom-ChangeByte-Custom-; base unit: 5684870bc3bf2a0ad8eda4c2e2a5d1c1308afe57
0x44,
D
artifact_prefix='/tmp/bugrun/lang_46.IHH6Bg/'; Test unit written to /tmp/bugrun/lang_46.IHH6Bg/crash-50c9e8d5fc98727b4bbc93cf5d64a68db647f04f
Base64: RA==

Done 141 runs in 0 second(s)
[ERROR] Tests run: 2, Failures: 0, Errors: 1, Skipped: 0, Time elapsed: 9.339 s <<< FAILURE! -- in com.example.algorithm2.Algorithm2Test
[ERROR] com.example.algorithm2.Algorithm2Test.testParameterizedFuzzer(FuzzedDataProvider)[2] -- Time elapsed: 0.482 s <<< ERROR!
java.lang.IllegalArgumentException: Minimum abbreviation width is 4
	at org.apache.commons.lang.StringUtils.abbreviate(StringUtils.java:5433)
	at org.apache.commons.lang.StringUtils.abbreviate(StringUtils.java:5390)
	at java.base/jdk.internal.reflect.NativeMethodAccessorImpl.invoke0(Native Method)
	at java.base/jdk.internal.reflect.NativeMethodAccessorImpl.invoke(NativeMethodAccessorImpl.java:62)
	at java.base/jdk.internal.reflect.DelegatingMethodAccessorImpl.invoke(DelegatingMethodAccessorImpl.java:43)
	at java.base/java.lang.reflect.Method.invoke(Method.java:566)
	at com.example.algorithm2.Algorithm2Test.testParameterizedFuzzer(Algorithm2Test.java:226)

[INFO] 
[INFO] Results:
[INFO] 
[ERROR] Errors: 
[ERROR]   Algorithm2Test.testParameterizedFuzzer:226 » IllegalArgument Minimum abbreviation width is 4
[INFO] 
[ERROR] Tests run: 2, Failures: 0, Errors: 1, Skipped: 0
[INFO] 
[ERROR] 

Please refer to /tmp/bugrun/lang_46.IHH6Bg/target/surefire-reports for the individual test results.
Please refer to dump files (if any exist) [date].dump, [date]-jvmRun[N].dump and [date].dumpstream.
[INFO] 
[INFO] --- jacoco:0.8.11:report (default-cli) @ AlgorithmName2 ---
[INFO] Loading execution data file /tmp/bugrun/lang_46.IHH6Bg/target/jacoco.exec
[INFO] Analyzed bundle 'AlgorithmName2' with 122 classes
[INFO] ------------------------------------------------------------------------
[INFO] BUILD SUCCESS
[INFO] ------------------------------------------------------------------------
[INFO] Total time:  26.152 s
[INFO] Finished at: 2026-10-06T03:51:09+07:00
[INFO] ------------------------------------------------------------------------
