[INFO] Scanning for projects...
[INFO] 
[INFO] ---------------------< com.example:AlgorithmName2 >---------------------
[INFO] Building AlgorithmName2 1.0-SNAPSHOT
[INFO]   from pom.xml
[INFO] --------------------------------[ jar ]---------------------------------
[INFO] 
[INFO] --- jacoco:0.8.11:prepare-agent (default) @ AlgorithmName2 ---
[INFO] argLine set to -javaagent:/home/kanyaphak673380391-3/.m2/repository/org/jacoco/org.jacoco.agent/0.8.11/org.jacoco.agent-0.8.11-runtime.jar=destfile=/tmp/bugrun/lang_4.wvPim8/target/jacoco.exec
[INFO] 
[INFO] --- resources:3.4.0:resources (default-resources) @ AlgorithmName2 ---
[INFO] Copying 1 resource from src/main/resources to target/classes
[INFO] 
[INFO] --- compiler:3.15.0:compile (default-compile) @ AlgorithmName2 ---
[INFO] Recompiling the module because of changed source code.
[INFO] Compiling 1 source file with javac [debug target 1.8] to target/classes
[WARNING] bootstrap class path not set in conjunction with -source 8
[INFO] 
[INFO] --- dependency:3.6.0:unpack-dependencies (unpack-defects4j) @ AlgorithmName2 ---
[INFO] 
[INFO] --- resources:3.4.0:testResources (default-testResources) @ AlgorithmName2 ---
[INFO] skip non existing resourceDirectory /tmp/bugrun/lang_4.wvPim8/src/test/resources
[INFO] 
[INFO] --- compiler:3.15.0:testCompile (default-testCompile) @ AlgorithmName2 ---
[INFO] Recompiling the module because of changed dependency.
[INFO] Compiling 1 source file with javac [debug target 1.8] to target/test-classes
[WARNING] bootstrap class path not set in conjunction with -source 8
[INFO] 
[INFO] --- surefire:3.1.2:test (default-cli) @ AlgorithmName2 ---
[INFO] Using auto detected provider org.apache.maven.surefire.junitplatform.JUnitPlatformProvider
[INFO] 
[INFO] -------------------------------------------------------
[INFO]  T E S T S
[INFO] -------------------------------------------------------
[INFO] Running com.example.algorithm2.Algorithm2Test
OpenJDK 64-Bit Server VM warning: Sharing is only supported for boot loader classes because bootstrap classpath has been appended
INFO: Loaded 289 hooks from com.code_intelligence.jazzer.runtime.TraceCmpHooks
INFO: Loaded 5 hooks from com.code_intelligence.jazzer.runtime.TraceDivHooks
INFO: Loaded 2 hooks from com.code_intelligence.jazzer.runtime.TraceIndirHooks
INFO: Loaded 4 hooks from com.code_intelligence.jazzer.runtime.NativeLibHooks
INFO: Loaded 2 hooks from com.code_intelligence.jazzer.sanitizers.ClojureLangHooks
INFO: Loaded 5 hooks from com.code_intelligence.jazzer.sanitizers.Deserialization
INFO: Loaded 5 hooks from com.code_intelligence.jazzer.sanitizers.ExpressionLanguageInjection
INFO: Loaded 70 hooks from com.code_intelligence.jazzer.sanitizers.LdapInjection
INFO: Loaded 46 hooks from com.code_intelligence.jazzer.sanitizers.NamingContextLookup
INFO: Loaded 1 hooks from com.code_intelligence.jazzer.sanitizers.OsCommandInjection
INFO: Loaded 52 hooks from com.code_intelligence.jazzer.sanitizers.ReflectiveCall
INFO: Loaded 8 hooks from com.code_intelligence.jazzer.sanitizers.RegexInjection
INFO: Loaded 16 hooks from com.code_intelligence.jazzer.sanitizers.RegexRoadblocks
INFO: Loaded 18 hooks from com.code_intelligence.jazzer.sanitizers.ScriptEngineInjection
INFO: Loaded 2 hooks from com.code_intelligence.jazzer.sanitizers.ServerSideRequestForgery
INFO: Loaded 19 hooks from com.code_intelligence.jazzer.sanitizers.SqlInjection
INFO: Loaded 6 hooks from com.code_intelligence.jazzer.sanitizers.XPathInjection
INFO: Instrumented com.example.algorithm2.Algorithm2Test$Skip (took 199 ms, size +44%)
INFO: Instrumented com.example.algorithm2.Algorithm2Test (took 188 ms, size +27%)
INFO: New number of coverage counters: 1024
INFO: New number of coverage counters: 2048
WARN: Some hooks could not be applied to class files built for Java 7 or lower.
                       Ensure that the fuzz target and its dependencies are compiled with
                       -target 8 or higher to identify as many bugs as possible.
INFO: Instrumented org.apache.commons.lang3.StringUtils (took 373 ms, size +27%)
[harness] target=org.apache.commons.lang3.StringUtils factories=1 methods=175
INFO: found LLVMFuzzerCustomMutator (0x70554f06fcd0). Disabling -len_control by default.
INFO: Running with entropic power schedule (0xFF, 100).
INFO: Seed: 4247844529
INFO: Loaded 3 modules   (2048 inline 8-bit counters): 512 [0x705660c134b0, 0x705660c136b0), 512 [0x705660c136b0, 0x705660c138b0), 1024 [0x705660c138b0, 0x705660c13cb0), 
INFO: Loaded 3 PC tables (2048 PCs): 512 [0x705660b8a770,0x705660b8c770), 512 [0x705660461780,0x705660463780), 1024 [0x70566001a0b0,0x70566001e0b0), 
INFO:        0 files found in /tmp/bugrun/lang_4.wvPim8/.cifuzz-corpus/com.example.algorithm2.Algorithm2Test/testParameterizedFuzzer
INFO: using inputs from: /tmp/bugrun/lang_4.wvPim8/.cifuzz-corpus/com.example.algorithm2.Algorithm2Test/testParameterizedFuzzer
INFO: INFO:        0 files found in /tmp/jazzer-java-seeds13412143514264324073
INFO: -max_len is not provided; libFuzzer will not generate inputs larger than 4096 bytes
INFO: A corpus is not provided, starting from an empty corpus
using inputs from: /tmp/jazzer-java-seeds13412143514264324073
#2	INITED cov: 35 ft: 35 corp: 1/1b exec/s: 0 rss: 850Mb
#6	NEW    cov: 41 ft: 41 corp: 2/4b lim: 4 exec/s: 0 rss: 850Mb L: 3/3 MS: 8 InsertByte-Custom-ChangeBinInt-Custom-ChangeByte-Custom-InsertByte-Custom-
#7	NEW    cov: 42 ft: 42 corp: 3/7b lim: 4 exec/s: 0 rss: 850Mb L: 3/3 MS: 2 ChangeBinInt-Custom-
#9	NEW    cov: 65 ft: 66 corp: 4/11b lim: 4 exec/s: 0 rss: 850Mb L: 4/4 MS: 4 ChangeBit-Custom-InsertByte-Custom-
INFO: Instrumented org.apache.commons.lang3.CharSequenceUtils (took 18 ms, size +53%)
INFO: New number of coverage counters: 4096
#10	NEW    cov: 71 ft: 72 corp: 5/13b lim: 4 exec/s: 0 rss: 854Mb L: 2/4 MS: 2 CrossOver-Custom-
#14	NEW    cov: 76 ft: 78 corp: 6/17b lim: 4 exec/s: 0 rss: 854Mb L: 4/4 MS: 8 InsertByte-Custom-ChangeBit-Custom-ChangeByte-Custom-CopyPart-Custom-
INFO: Instrumented org.apache.commons.lang3.ArrayUtils (took 246 ms, size +22%)
#16	NEW    cov: 91 ft: 93 corp: 7/20b lim: 4 exec/s: 0 rss: 854Mb L: 3/4 MS: 4 EraseBytes-Custom-ShuffleBytes-Custom-
#23	NEW    cov: 91 ft: 95 corp: 8/24b lim: 4 exec/s: 0 rss: 854Mb L: 4/4 MS: 4 CrossOver-Custom-InsertByte-Custom-
#25	NEW    cov: 91 ft: 103 corp: 9/28b lim: 4 exec/s: 0 rss: 854Mb L: 4/4 MS: 4 CopyPart-Custom-ChangeBit-Custom-
#26	NEW    cov: 93 ft: 109 corp: 10/32b lim: 4 exec/s: 0 rss: 854Mb L: 4/4 MS: 2 CopyPart-Custom-
#28	NEW    cov: 94 ft: 110 corp: 11/36b lim: 4 exec/s: 0 rss: 854Mb L: 4/4 MS: 4 CrossOver-Custom-ChangeByte-Custom-
#30	NEW    cov: 97 ft: 114 corp: 12/39b lim: 4 exec/s: 0 rss: 854Mb L: 3/4 MS: 4 ChangeBit-Custom-ChangeByte-Custom-
#31	NEW    cov: 98 ft: 115 corp: 13/43b lim: 4 exec/s: 0 rss: 854Mb L: 4/4 MS: 2 InsertByte-Custom-
#34	REDUCE cov: 98 ft: 115 corp: 13/41b lim: 4 exec/s: 0 rss: 854Mb L: 2/4 MS: 6 CrossOver-Custom-ShuffleBytes-Custom-EraseBytes-Custom-
#35	NEW    cov: 99 ft: 119 corp: 14/45b lim: 4 exec/s: 0 rss: 854Mb L: 4/4 MS: 2 CrossOver-Custom-
#36	NEW    cov: 112 ft: 132 corp: 15/47b lim: 4 exec/s: 0 rss: 854Mb L: 2/4 MS: 2 EraseBytes-Custom-
#37	NEW    cov: 112 ft: 133 corp: 16/51b lim: 4 exec/s: 0 rss: 854Mb L: 4/4 MS: 2 ChangeByte-Custom-
#42	NEW    cov: 124 ft: 145 corp: 17/55b lim: 4 exec/s: 0 rss: 854Mb L: 4/4 MS: 10 CopyPart-Custom-ChangeBit-Custom-ChangeBit-Custom-CopyPart-Custom-CopyPart-Custom-
#44	NEW    cov: 136 ft: 157 corp: 18/59b lim: 4 exec/s: 0 rss: 854Mb L: 4/4 MS: 4 CopyPart-Custom-ChangeBinInt-Custom-
#45	NEW    cov: 138 ft: 159 corp: 19/61b lim: 4 exec/s: 0 rss: 854Mb L: 2/4 MS: 2 ChangeByte-Custom-
#46	NEW    cov: 141 ft: 162 corp: 20/65b lim: 4 exec/s: 0 rss: 854Mb L: 4/4 MS: 2 ChangeByte-Custom-
#47	NEW    cov: 141 ft: 167 corp: 21/69b lim: 4 exec/s: 0 rss: 854Mb L: 4/4 MS: 2 ChangeByte-Custom-
#49	NEW    cov: 150 ft: 178 corp: 22/72b lim: 4 exec/s: 0 rss: 854Mb L: 3/4 MS: 4 CrossOver-Custom-ChangeBit-Custom-
#50	NEW    cov: 154 ft: 182 corp: 23/76b lim: 4 exec/s: 0 rss: 854Mb L: 4/4 MS: 2 InsertByte-Custom-
#52	NEW    cov: 156 ft: 184 corp: 24/80b lim: 4 exec/s: 0 rss: 854Mb L: 4/4 MS: 4 ChangeByte-Custom-CopyPart-Custom-
#53	NEW    cov: 157 ft: 185 corp: 25/81b lim: 4 exec/s: 0 rss: 854Mb L: 1/4 MS: 2 ChangeBit-Custom-
#55	NEW    cov: 163 ft: 191 corp: 26/85b lim: 4 exec/s: 0 rss: 854Mb L: 4/4 MS: 4 CrossOver-Custom-ChangeByte-Custom-
#56	NEW    cov: 166 ft: 194 corp: 27/89b lim: 4 exec/s: 0 rss: 854Mb L: 4/4 MS: 2 ChangeByte-Custom-
#59	NEW    cov: 168 ft: 196 corp: 28/91b lim: 4 exec/s: 0 rss: 854Mb L: 2/4 MS: 6 ShuffleBytes-Custom-CrossOver-Custom-ChangeBit-Custom-
#62	NEW    cov: 170 ft: 198 corp: 29/94b lim: 4 exec/s: 0 rss: 854Mb L: 3/4 MS: 6 EraseBytes-Custom-InsertByte-Custom-CrossOver-Custom-
#63	NEW    cov: 177 ft: 205 corp: 30/97b lim: 4 exec/s: 0 rss: 854Mb L: 3/4 MS: 2 ChangeBit-Custom-
#65	NEW    cov: 180 ft: 208 corp: 31/101b lim: 4 exec/s: 0 rss: 854Mb L: 4/4 MS: 4 ShuffleBytes-Custom-ChangeBit-Custom-
#69	NEW    cov: 182 ft: 210 corp: 32/103b lim: 4 exec/s: 0 rss: 854Mb L: 2/4 MS: 8 CrossOver-Custom-ChangeBit-Custom-CopyPart-Custom-EraseBytes-Custom-
#70	NEW    cov: 187 ft: 215 corp: 33/107b lim: 4 exec/s: 0 rss: 854Mb L: 4/4 MS: 2 ChangeBinInt-Custom-
#77	NEW    cov: 193 ft: 221 corp: 34/111b lim: 4 exec/s: 0 rss: 854Mb L: 4/4 MS: 4 CopyPart-Custom-ChangeByte-Custom-
#78	NEW    cov: 195 ft: 223 corp: 35/115b lim: 4 exec/s: 0 rss: 854Mb L: 4/4 MS: 2 ChangeBit-Custom-
#88	NEW    cov: 202 ft: 230 corp: 36/119b lim: 4 exec/s: 0 rss: 854Mb L: 4/4 MS: 10 ChangeByte-Custom-ChangeBinInt-Custom-ChangeBinInt-Custom-CopyPart-Custom-ChangeBit-Custom-
#91	NEW    cov: 202 ft: 237 corp: 37/123b lim: 4 exec/s: 0 rss: 854Mb L: 4/4 MS: 6 CrossOver-Custom-ChangeByte-Custom-ChangeBit-Custom-
#97	NEW    cov: 203 ft: 238 corp: 38/127b lim: 4 exec/s: 0 rss: 854Mb L: 4/4 MS: 2 ChangeBinInt-Custom-
#99	NEW    cov: 204 ft: 239 corp: 39/131b lim: 4 exec/s: 0 rss: 854Mb L: 4/4 MS: 4 ChangeBinInt-Custom-ShuffleBytes-Custom-
#107	NEW    cov: 214 ft: 249 corp: 40/133b lim: 4 exec/s: 0 rss: 854Mb L: 2/4 MS: 6 ChangeByte-Custom-CrossOver-Custom-InsertByte-Custom-
#113	NEW    cov: 227 ft: 262 corp: 41/137b lim: 4 exec/s: 0 rss: 854Mb L: 4/4 MS: 2 CopyPart-Custom-
#115	NEW    cov: 231 ft: 266 corp: 42/140b lim: 4 exec/s: 0 rss: 854Mb L: 3/4 MS: 4 ChangeByte-Custom-ChangeByte-Custom-
#118	NEW    cov: 252 ft: 289 corp: 43/144b lim: 4 exec/s: 0 rss: 854Mb L: 4/4 MS: 6 CMP-Custom-CrossOver-Custom-ChangeByte-Custom- DE: "\000\240"-
#120	NEW    cov: 253 ft: 290 corp: 44/146b lim: 4 exec/s: 0 rss: 854Mb L: 2/4 MS: 4 ChangeBit-Custom-EraseBytes-Custom-
#129	NEW    cov: 255 ft: 292 corp: 45/150b lim: 4 exec/s: 0 rss: 854Mb L: 4/4 MS: 8 CrossOver-Custom-CrossOver-Custom-ChangeBit-Custom-ChangeBinInt-Custom-
#132	NEW    cov: 256 ft: 293 corp: 46/151b lim: 4 exec/s: 0 rss: 854Mb L: 1/4 MS: 6 CopyPart-Custom-ShuffleBytes-Custom-ChangeBit-Custom-
#134	NEW    cov: 259 ft: 296 corp: 47/155b lim: 4 exec/s: 0 rss: 854Mb L: 4/4 MS: 4 CopyPart-Custom-PersAutoDict-Custom- DE: "\000\240"-
#137	NEW    cov: 262 ft: 299 corp: 48/159b lim: 4 exec/s: 0 rss: 854Mb L: 4/4 MS: 6 CrossOver-Custom-CrossOver-Custom-InsertByte-Custom-
#139	NEW    cov: 263 ft: 300 corp: 49/161b lim: 4 exec/s: 0 rss: 854Mb L: 2/4 MS: 4 CrossOver-Custom-EraseBytes-Custom-
MS: 2 ChangeBinInt-Custom-; base unit: 60869f100539d480151ccb3ee578b4a6efa556c9
0xa,0x42,0x46,0x3d,
\012BF=
artifact_prefix='/tmp/bugrun/lang_4.wvPim8/'; Test unit written to /tmp/bugrun/lang_4.wvPim8/crash-02505183179d7593ac8a0f4efcca0e32c8ba723c
Base64: CkJGPQ==
Done 140 runs in 0 second(s)
DEDUP_TOKEN: 1fdb3ab7bc469333
[ERROR] Tests run: 2, Failures: 0, Errors: 1, Skipped: 0, Time elapsed: 7.585 s <<< FAILURE! -- in com.example.algorithm2.Algorithm2Test
[ERROR] com.example.algorithm2.Algorithm2Test.testParameterizedFuzzer(FuzzedDataProvider)[2] -- Time elapsed: 0.668 s <<< ERROR!
java.lang.NegativeArraySizeException: -1
	at org.apache.commons.lang3.StringUtils.repeat(StringUtils.java:5091)
	at java.base/jdk.internal.reflect.NativeMethodAccessorImpl.invoke0(Native Method)
	at java.base/jdk.internal.reflect.NativeMethodAccessorImpl.invoke(NativeMethodAccessorImpl.java:62)
	at java.base/jdk.internal.reflect.DelegatingMethodAccessorImpl.invoke(DelegatingMethodAccessorImpl.java:43)
	at java.base/java.lang.reflect.Method.invoke(Method.java:566)
	at com.example.algorithm2.Algorithm2Test.testParameterizedFuzzer(Algorithm2Test.java:226)

[INFO] 
[INFO] Results:
[INFO] 
[ERROR] Errors: 
[ERROR]   Algorithm2Test.testParameterizedFuzzer:226 » NegativeArraySize -1
[INFO] 
[ERROR] Tests run: 2, Failures: 0, Errors: 1, Skipped: 0
[INFO] 
[ERROR] 

Please refer to /tmp/bugrun/lang_4.wvPim8/target/surefire-reports for the individual test results.
Please refer to dump files (if any exist) [date].dump, [date]-jvmRun[N].dump and [date].dumpstream.
[INFO] 
[INFO] --- jacoco:0.8.11:report (default-cli) @ AlgorithmName2 ---
[INFO] Loading execution data file /tmp/bugrun/lang_4.wvPim8/target/jacoco.exec
[INFO] Analyzed bundle 'AlgorithmName2' with 159 classes
[INFO] ------------------------------------------------------------------------
[INFO] BUILD SUCCESS
[INFO] ------------------------------------------------------------------------
[INFO] Total time:  23.607 s
[INFO] Finished at: 2026-10-06T03:47:25+07:00
[INFO] ------------------------------------------------------------------------
