[INFO] Scanning for projects...
[INFO] 
[INFO] ---------------------< com.example:AlgorithmName2 >---------------------
[INFO] Building AlgorithmName2 1.0-SNAPSHOT
[INFO]   from pom.xml
[INFO] --------------------------------[ jar ]---------------------------------
[INFO] 
[INFO] --- jacoco:0.8.11:prepare-agent (default) @ AlgorithmName2 ---
[INFO] argLine set to -javaagent:/home/kanyaphak673380391-3/.m2/repository/org/jacoco/org.jacoco.agent/0.8.11/org.jacoco.agent-0.8.11-runtime.jar=destfile=/tmp/bugrun/compress_3.kEEW1L/target/jacoco.exec
[INFO] 
[INFO] --- resources:3.4.0:resources (default-resources) @ AlgorithmName2 ---
[INFO] Copying 1 resource from src/main/resources to target/classes
[INFO] 
[INFO] --- compiler:3.15.0:compile (default-compile) @ AlgorithmName2 ---
[INFO] Recompiling the module because of changed source code.
[INFO] Compiling 1 source file with javac [debug target 1.8] to target/classes
[WARNING] bootstrap class path not set in conjunction with -source 8
[INFO] 
[INFO] --- dependency:3.6.0:unpack-dependencies (unpack-defects4j) @ AlgorithmName2 ---
[INFO] 
[INFO] --- resources:3.4.0:testResources (default-testResources) @ AlgorithmName2 ---
[INFO] skip non existing resourceDirectory /tmp/bugrun/compress_3.kEEW1L/src/test/resources
[INFO] 
[INFO] --- compiler:3.15.0:testCompile (default-testCompile) @ AlgorithmName2 ---
[INFO] Recompiling the module because of changed dependency.
[INFO] Compiling 1 source file with javac [debug target 1.8] to target/test-classes
[WARNING] bootstrap class path not set in conjunction with -source 8
[INFO] 
[INFO] --- surefire:3.1.2:test (default-cli) @ AlgorithmName2 ---
[INFO] Using auto detected provider org.apache.maven.surefire.junitplatform.JUnitPlatformProvider
[INFO] 
[INFO] -------------------------------------------------------
[INFO]  T E S T S
[INFO] -------------------------------------------------------
[INFO] Running com.example.algorithm2.Algorithm2Test
OpenJDK 64-Bit Server VM warning: Sharing is only supported for boot loader classes because bootstrap classpath has been appended
INFO: Loaded 281 hooks from com.code_intelligence.jazzer.runtime.TraceCmpHooks
INFO: Loaded 5 hooks from com.code_intelligence.jazzer.runtime.TraceDivHooks
INFO: Loaded 2 hooks from com.code_intelligence.jazzer.runtime.TraceIndirHooks
INFO: Loaded 4 hooks from com.code_intelligence.jazzer.runtime.NativeLibHooks
INFO: Loaded 2 hooks from com.code_intelligence.jazzer.sanitizers.ClojureLangHooks
INFO: Loaded 5 hooks from com.code_intelligence.jazzer.sanitizers.Deserialization
INFO: Loaded 5 hooks from com.code_intelligence.jazzer.sanitizers.ExpressionLanguageInjection
INFO: Loaded 70 hooks from com.code_intelligence.jazzer.sanitizers.LdapInjection
INFO: Loaded 46 hooks from com.code_intelligence.jazzer.sanitizers.NamingContextLookup
INFO: Loaded 1 hooks from com.code_intelligence.jazzer.sanitizers.OsCommandInjection
INFO: Loaded 52 hooks from com.code_intelligence.jazzer.sanitizers.ReflectiveCall
INFO: Loaded 8 hooks from com.code_intelligence.jazzer.sanitizers.RegexInjection
INFO: Loaded 16 hooks from com.code_intelligence.jazzer.sanitizers.RegexRoadblocks
INFO: Loaded 18 hooks from com.code_intelligence.jazzer.sanitizers.ScriptEngineInjection
INFO: Loaded 2 hooks from com.code_intelligence.jazzer.sanitizers.ServerSideRequestForgery
INFO: Loaded 19 hooks from com.code_intelligence.jazzer.sanitizers.SqlInjection
INFO: Loaded 6 hooks from com.code_intelligence.jazzer.sanitizers.XPathInjection
INFO: Instrumented com.example.algorithm2.Algorithm2Test$Skip (took 605 ms, size +44%)
INFO: Instrumented com.example.algorithm2.Algorithm2Test (took 272 ms, size +27%)
INFO: Instrumented org.apache.commons.compress.archivers.ArchiveStreamFactory (took 148 ms, size +39%)
INFO: Instrumented org.apache.commons.compress.archivers.ArchiveInputStream (took 22 ms, size +41%)
INFO: New number of coverage counters: 1024
INFO: Instrumented org.apache.commons.compress.archivers.ar.ArArchiveInputStream (took 91 ms, size +30%)
INFO: Instrumented org.apache.commons.compress.archivers.zip.ZipArchiveInputStream (took 112 ms, size +20%)
INFO: Instrumented org.apache.commons.compress.archivers.tar.TarArchiveInputStream (took 48 ms, size +21%)
INFO: Instrumented org.apache.commons.compress.archivers.jar.JarArchiveInputStream (took 24 ms, size +26%)
INFO: Instrumented org.apache.commons.compress.archivers.cpio.CpioArchiveInputStream (took 98 ms, size +30%)
INFO: Instrumented org.apache.commons.compress.archivers.cpio.CpioConstants (took 7 ms, size +0%)
INFO: Instrumented org.apache.commons.compress.archivers.ArchiveException (took 13 ms, size +38%)
INFO: Instrumented org.apache.commons.compress.archivers.ArchiveOutputStream (took 12 ms, size +32%)
INFO: New number of coverage counters: 2048
INFO: Instrumented org.apache.commons.compress.archivers.ar.ArArchiveOutputStream (took 51 ms, size +21%)
INFO: Instrumented org.apache.commons.compress.archivers.zip.ZipArchiveOutputStream (took 145 ms, size +20%)
INFO: Instrumented org.apache.commons.compress.archivers.tar.TarArchiveOutputStream (took 70 ms, size +18%)
INFO: Instrumented org.apache.commons.compress.archivers.jar.JarArchiveOutputStream (took 10 ms, size +36%)
INFO: Instrumented org.apache.commons.compress.archivers.cpio.CpioArchiveOutputStream (took 30 ms, size +19%)
[harness] target=org.apache.commons.compress.archivers.ArchiveStreamFactory factories=1 methods=3
INFO: using inputs from: /tmp/bugrun/compress_3.kEEW1L/.cifuzz-corpus/com.example.algorithm2.Algorithm2Test/testParameterizedFuzzer
INFO: using inputs from: /tmp/jazzer-java-seeds18095014859623712758
INFO: found LLVMFuzzerCustomMutator (0x7282f6b2dcd0). Disabling -len_control by default.
INFO: Running with entropic power schedule (0xFF, 100).
INFO: Seed: 524829448
INFO: Loaded 3 modules   (2048 inline 8-bit counters): 512 [0x7283f0b51100, 0x7283f0b51300), 512 [0x7283f0b51300, 0x7283f0b51500), 1024 [0x7283f0b51500, 0x7283f0b51900), 
INFO: Loaded 3 PC tables (2048 PCs): 512 [0x7283f0a47bb0,0x7283f0a49bb0), 512 [0x7283f0b27120,0x7283f0b29120), 1024 [0x7283f0a7c620,0x7283f0a80620), 
INFO:        0 files found in /tmp/bugrun/compress_3.kEEW1L/.cifuzz-corpus/com.example.algorithm2.Algorithm2Test/testParameterizedFuzzer
INFO:        0 files found in /tmp/jazzer-java-seeds18095014859623712758
INFO: -max_len is not provided; libFuzzer will not generate inputs larger than 4096 bytes
INFO: A corpus is not provided, starting from an empty corpus
INFO: Instrumented org.apache.commons.compress.archivers.ArchiveEntry (took 0 ms, size +0%)
INFO: Instrumented org.apache.commons.compress.archivers.zip.ZipExtraField (took 0 ms, size +0%)
#2	INITED cov: 94 ft: 94 corp: 1/1b exec/s: 0 rss: 1113Mb
#3	NEW    cov: 98 ft: 99 corp: 2/3b lim: 4 exec/s: 0 rss: 1113Mb L: 2/2 MS: 2 InsertByte-Custom-
#4	NEW    cov: 98 ft: 106 corp: 3/5b lim: 4 exec/s: 0 rss: 1113Mb L: 2/2 MS: 2 ShuffleBytes-Custom-
INFO: Instrumented org.apache.commons.compress.archivers.zip.ZipLong (took 84 ms, size +26%)
#7	NEW    cov: 101 ft: 111 corp: 4/6b lim: 4 exec/s: 0 rss: 1114Mb L: 1/2 MS: 6 EraseBytes-Custom-ShuffleBytes-Custom-ChangeBit-Custom-
#37	REDUCE cov: 101 ft: 111 corp: 4/5b lim: 4 exec/s: 0 rss: 1116Mb L: 1/2 MS: 10 ShuffleBytes-Custom-ChangeBit-Custom-ChangeBinInt-Custom-ShuffleBytes-Custom-EraseBytes-Custom-
#78	REDUCE cov: 101 ft: 111 corp: 4/4b lim: 4 exec/s: 0 rss: 1118Mb L: 1/1 MS: 2 EraseBytes-Custom-
#310	NEW    cov: 106 ft: 118 corp: 5/9b lim: 6 exec/s: 0 rss: 1123Mb L: 5/5 MS: 4 InsertRepeatedBytes-Custom-InsertByte-Custom-
#526	REDUCE cov: 109 ft: 121 corp: 6/16b lim: 8 exec/s: 0 rss: 1130Mb L: 7/7 MS: 2 InsertRepeatedBytes-Custom-
#840	NEW    cov: 110 ft: 122 corp: 7/25b lim: 11 exec/s: 0 rss: 1151Mb L: 9/9 MS: 8 CopyPart-Custom-ChangeBit-Custom-ShuffleBytes-Custom-InsertByte-Custom-
INFO: Instrumented org.apache.commons.compress.archivers.zip.ZipEncodingHelper (took 29 ms, size +21%)
INFO: Instrumented org.apache.commons.compress.archivers.zip.ZipEncoding (took 1 ms, size +0%)
#969	NEW    cov: 160 ft: 183 corp: 8/31b lim: 11 exec/s: 0 rss: 1167Mb L: 6/9 MS: 8 EraseBytes-Custom-CrossOver-Custom-ChangeBit-Custom-CMP-Custom- DE: "jar"-
#973	REDUCE cov: 183 ft: 207 corp: 9/35b lim: 11 exec/s: 0 rss: 1169Mb L: 4/9 MS: 8 ShuffleBytes-Custom-ChangeBit-Custom-CopyPart-Custom-CMP-Custom- DE: "zip"-
INFO: Instrumented org.apache.commons.compress.archivers.zip.ZipEncodingHelper$SimpleEncodingHolder (took 10 ms, size +33%)
INFO: Instrumented org.apache.commons.compress.archivers.zip.FallbackZipEncoding (took 14 ms, size +28%)
INFO: Instrumented org.apache.commons.compress.archivers.zip.ZipArchiveOutputStream$UnicodeExtraFieldPolicy (took 17 ms, size +33%)
#994	NEW    cov: 199 ft: 225 corp: 10/41b lim: 11 exec/s: 994 rss: 1179Mb L: 6/9 MS: 2 ChangeBinInt-Custom-
#1103	REDUCE cov: 206 ft: 232 corp: 11/46b lim: 11 exec/s: 1103 rss: 1186Mb L: 5/9 MS: 8 ChangeBinInt-Custom-PersAutoDict-Custom-ChangeBinInt-Custom-PersAutoDict-Custom- DE: "zip"-"jar"-
INFO: Instrumented org.apache.commons.compress.archivers.tar.TarBuffer (took 137 ms, size +21%)
#1145	REDUCE cov: 208 ft: 234 corp: 12/50b lim: 11 exec/s: 1145 rss: 1189Mb L: 4/9 MS: 4 ShuffleBytes-Custom-PersAutoDict-Custom- DE: "zip"-
#1166	NEW    cov: 209 ft: 235 corp: 13/55b lim: 11 exec/s: 1166 rss: 1190Mb L: 5/9 MS: 2 ChangeBit-Custom-
#1322	NEW    cov: 215 ft: 241 corp: 14/60b lim: 11 exec/s: 1322 rss: 1201Mb L: 5/9 MS: 2 CrossOver-Custom-
#1373	REDUCE cov: 215 ft: 241 corp: 14/59b lim: 11 exec/s: 1373 rss: 1205Mb L: 4/9 MS: 2 EraseBytes-Custom-
#1419	NEW    cov: 229 ft: 256 corp: 15/65b lim: 11 exec/s: 1419 rss: 1207Mb L: 6/9 MS: 2 CopyPart-Custom-
#1670	NEW    cov: 230 ft: 257 corp: 16/70b lim: 11 exec/s: 1670 rss: 1207Mb L: 5/9 MS: 2 EraseBytes-Custom-
#1676	NEW    cov: 230 ft: 258 corp: 17/76b lim: 11 exec/s: 1676 rss: 1207Mb L: 6/9 MS: 2 CopyPart-Custom-
#1727	NEW    cov: 234 ft: 262 corp: 18/81b lim: 11 exec/s: 1727 rss: 1207Mb L: 5/9 MS: 2 ChangeByte-Custom-
#1819	NEW    cov: 245 ft: 273 corp: 19/86b lim: 11 exec/s: 1819 rss: 1207Mb L: 5/9 MS: 4 ChangeBinInt-Custom-CMP-Custom- DE: "cpio"-
#2068	NEW    cov: 245 ft: 274 corp: 20/91b lim: 11 exec/s: 2068 rss: 1207Mb L: 5/9 MS: 8 EraseBytes-Custom-CopyPart-Custom-EraseBytes-Custom-PersAutoDict-Custom- DE: "cpio"-
#2219	NEW    cov: 249 ft: 278 corp: 21/96b lim: 11 exec/s: 2219 rss: 1207Mb L: 5/9 MS: 2 ChangeBit-Custom-
#2660	REDUCE cov: 249 ft: 278 corp: 21/94b lim: 14 exec/s: 2660 rss: 1215Mb L: 4/9 MS: 2 EraseBytes-Custom-
#2676	REDUCE cov: 249 ft: 278 corp: 21/93b lim: 14 exec/s: 2676 rss: 1216Mb L: 4/9 MS: 2 EraseBytes-Custom-
#2678	REDUCE cov: 249 ft: 278 corp: 21/92b lim: 14 exec/s: 2678 rss: 1216Mb L: 3/9 MS: 4 CrossOver-Custom-EraseBytes-Custom-
#4096	pulse  cov: 249 ft: 278 corp: 21/92b lim: 25 exec/s: 2048 rss: 1241Mb
#5126	NEW    cov: 249 ft: 281 corp: 22/127b lim: 38 exec/s: 2563 rss: 1256Mb L: 35/35 MS: 6 ChangeBit-Custom-ChangeBit-Custom-InsertRepeatedBytes-Custom-
#5380	NEW    cov: 249 ft: 306 corp: 23/164b lim: 38 exec/s: 2690 rss: 1256Mb L: 37/37 MS: 8 ChangeByte-Custom-PersAutoDict-Custom-InsertRepeatedBytes-Custom-CopyPart-Custom- DE: "jar"-
#5422	REDUCE cov: 249 ft: 306 corp: 23/162b lim: 38 exec/s: 2711 rss: 1256Mb L: 35/35 MS: 4 ChangeBinInt-Custom-EraseBytes-Custom-
#5502	REDUCE cov: 249 ft: 311 corp: 24/200b lim: 38 exec/s: 2751 rss: 1256Mb L: 38/38 MS: 10 CMP-Custom-ChangeByte-Custom-ShuffleBytes-Custom-ChangeByte-Custom-CopyPart-Custom- DE: "\003\000"-
#6043	NEW    cov: 249 ft: 314 corp: 25/240b lim: 43 exec/s: 3021 rss: 1257Mb L: 40/40 MS: 2 CopyPart-Custom-
#6188	NEW    cov: 249 ft: 315 corp: 26/282b lim: 43 exec/s: 3094 rss: 1257Mb L: 42/42 MS: 10 ChangeByte-Custom-ChangeByte-Custom-InsertByte-Custom-ShuffleBytes-Custom-InsertByte-Custom-
#6332	REDUCE cov: 249 ft: 315 corp: 26/281b lim: 43 exec/s: 3166 rss: 1257Mb L: 34/42 MS: 8 InsertRepeatedBytes-Custom-InsertByte-Custom-ChangeByte-Custom-EraseBytes-Custom-
#7195	NEW    cov: 250 ft: 316 corp: 27/323b lim: 48 exec/s: 2398 rss: 1258Mb L: 42/42 MS: 6 InsertByte-Custom-CMP-Custom-InsertRepeatedBytes-Custom- DE: "\376\377\377\377"-
#7282	REDUCE cov: 250 ft: 316 corp: 27/322b lim: 48 exec/s: 2427 rss: 1258Mb L: 34/42 MS: 4 PersAutoDict-Custom-EraseBytes-Custom- DE: "jar"-
#7606	REDUCE cov: 250 ft: 316 corp: 27/318b lim: 48 exec/s: 2535 rss: 1258Mb L: 38/42 MS: 8 InsertByte-Custom-EraseBytes-Custom-InsertByte-Custom-InsertByte-Custom-
#8002	REDUCE cov: 250 ft: 316 corp: 27/300b lim: 48 exec/s: 2667 rss: 1258Mb L: 20/42 MS: 2 EraseBytes-Custom-
#8036	REDUCE cov: 250 ft: 316 corp: 27/299b lim: 48 exec/s: 2678 rss: 1258Mb L: 19/42 MS: 8 ChangeBinInt-Custom-PersAutoDict-Custom-ChangeByte-Custom-EraseBytes-Custom- DE: "zip"-
#8192	pulse  cov: 250 ft: 316 corp: 27/299b lim: 48 exec/s: 2730 rss: 1258Mb
#8609	REDUCE cov: 250 ft: 316 corp: 27/292b lim: 53 exec/s: 2869 rss: 1258Mb L: 12/42 MS: 6 ShuffleBytes-Custom-CrossOver-Custom-CrossOver-Custom-
#8639	DONE   cov: 250 ft: 316 corp: 27/292b lim: 53 exec/s: 2159 rss: 1258Mb
###### Recommended dictionary. ######
"jar" # Uses: 192
"zip" # Uses: 214
"cpio" # Uses: 170
"\003\000" # Uses: 66
"\376\377\377\377" # Uses: 25
###### End of recommended dictionary. ######
Done 8639 runs in 4 second(s)
[INFO] Tests run: 2, Failures: 0, Errors: 0, Skipped: 0, Time elapsed: 20.81 s -- in com.example.algorithm2.Algorithm2Test
[INFO] 
[INFO] Results:
[INFO] 
[INFO] Tests run: 2, Failures: 0, Errors: 0, Skipped: 0
[INFO] 
[INFO] 
[INFO] --- jacoco:0.8.11:report (default-cli) @ AlgorithmName2 ---
[INFO] Loading execution data file /tmp/bugrun/compress_3.kEEW1L/target/jacoco.exec
[INFO] Analyzed bundle 'AlgorithmName2' with 63 classes
[INFO] ------------------------------------------------------------------------
[INFO] BUILD SUCCESS
[INFO] ------------------------------------------------------------------------
[INFO] Total time:  40.947 s
[INFO] Finished at: 2026-10-06T02:45:25+07:00
[INFO] ------------------------------------------------------------------------
