[INFO] Scanning for projects...
[INFO] 
[INFO] ---------------------< com.example:AlgorithmName2 >---------------------
[INFO] Building AlgorithmName2 1.0-SNAPSHOT
[INFO]   from pom.xml
[INFO] --------------------------------[ jar ]---------------------------------
[INFO] 
[INFO] --- jacoco:0.8.11:prepare-agent (default) @ AlgorithmName2 ---
[INFO] argLine set to -javaagent:/home/kanyaphak673380391-3/.m2/repository/org/jacoco/org.jacoco.agent/0.8.11/org.jacoco.agent-0.8.11-runtime.jar=destfile=/tmp/bugrun/compress_22.2KR3Cy/target/jacoco.exec
[INFO] 
[INFO] --- resources:3.4.0:resources (default-resources) @ AlgorithmName2 ---
[INFO] Copying 1 resource from src/main/resources to target/classes
[INFO] 
[INFO] --- compiler:3.15.0:compile (default-compile) @ AlgorithmName2 ---
[INFO] Recompiling the module because of changed source code.
[INFO] Compiling 1 source file with javac [debug target 1.8] to target/classes
[WARNING] bootstrap class path not set in conjunction with -source 8
[INFO] 
[INFO] --- dependency:3.6.0:unpack-dependencies (unpack-defects4j) @ AlgorithmName2 ---
[INFO] 
[INFO] --- resources:3.4.0:testResources (default-testResources) @ AlgorithmName2 ---
[INFO] skip non existing resourceDirectory /tmp/bugrun/compress_22.2KR3Cy/src/test/resources
[INFO] 
[INFO] --- compiler:3.15.0:testCompile (default-testCompile) @ AlgorithmName2 ---
[INFO] Recompiling the module because of changed dependency.
[INFO] Compiling 1 source file with javac [debug target 1.8] to target/test-classes
[WARNING] bootstrap class path not set in conjunction with -source 8
[INFO] 
[INFO] --- surefire:3.1.2:test (default-cli) @ AlgorithmName2 ---
[INFO] Using auto detected provider org.apache.maven.surefire.junitplatform.JUnitPlatformProvider
[INFO] 
[INFO] -------------------------------------------------------
[INFO]  T E S T S
[INFO] -------------------------------------------------------
[INFO] Running com.example.algorithm2.Algorithm2Test
OpenJDK 64-Bit Server VM warning: Sharing is only supported for boot loader classes because bootstrap classpath has been appended
INFO: Loaded 281 hooks from com.code_intelligence.jazzer.runtime.TraceCmpHooks
INFO: Loaded 5 hooks from com.code_intelligence.jazzer.runtime.TraceDivHooks
INFO: Loaded 2 hooks from com.code_intelligence.jazzer.runtime.TraceIndirHooks
INFO: Loaded 4 hooks from com.code_intelligence.jazzer.runtime.NativeLibHooks
INFO: Loaded 2 hooks from com.code_intelligence.jazzer.sanitizers.ClojureLangHooks
INFO: Loaded 5 hooks from com.code_intelligence.jazzer.sanitizers.Deserialization
INFO: Loaded 5 hooks from com.code_intelligence.jazzer.sanitizers.ExpressionLanguageInjection
INFO: Loaded 70 hooks from com.code_intelligence.jazzer.sanitizers.LdapInjection
INFO: Loaded 46 hooks from com.code_intelligence.jazzer.sanitizers.NamingContextLookup
INFO: Loaded 1 hooks from com.code_intelligence.jazzer.sanitizers.OsCommandInjection
INFO: Loaded 52 hooks from com.code_intelligence.jazzer.sanitizers.ReflectiveCall
INFO: Loaded 8 hooks from com.code_intelligence.jazzer.sanitizers.RegexInjection
INFO: Loaded 16 hooks from com.code_intelligence.jazzer.sanitizers.RegexRoadblocks
INFO: Loaded 18 hooks from com.code_intelligence.jazzer.sanitizers.ScriptEngineInjection
INFO: Loaded 2 hooks from com.code_intelligence.jazzer.sanitizers.ServerSideRequestForgery
INFO: Loaded 19 hooks from com.code_intelligence.jazzer.sanitizers.SqlInjection
INFO: Loaded 6 hooks from com.code_intelligence.jazzer.sanitizers.XPathInjection
INFO: Instrumented com.example.algorithm2.Algorithm2Test$Skip (took 167 ms, size +44%)
INFO: Instrumented com.example.algorithm2.Algorithm2Test (took 131 ms, size +27%)
INFO: Instrumented org.apache.commons.compress.archivers.ArchiveStreamFactory (took 78 ms, size +33%)
INFO: Instrumented org.apache.commons.compress.archivers.ArchiveInputStream (took 24 ms, size +31%)
INFO: New number of coverage counters: 1024
INFO: Instrumented org.apache.commons.compress.archivers.zip.ZipArchiveInputStream (took 108 ms, size +17%)
INFO: Instrumented org.apache.commons.compress.archivers.jar.JarArchiveInputStream (took 7 ms, size +26%)
WARN: Some hooks could not be applied to class files built for Java 7 or lower.
                       Ensure that the fuzz target and its dependencies are compiled with
                       -target 8 or higher to identify as many bugs as possible.
INFO: Instrumented org.apache.commons.compress.archivers.ar.ArArchiveInputStream (took 24 ms, size +25%)
INFO: New number of coverage counters: 2048
INFO: Instrumented org.apache.commons.compress.archivers.cpio.CpioArchiveInputStream (took 26 ms, size +27%)
INFO: Instrumented org.apache.commons.compress.archivers.cpio.CpioConstants (took 1 ms, size +0%)
INFO: Instrumented org.apache.commons.compress.archivers.arj.ArjArchiveInputStream (took 20 ms, size +17%)
INFO: Instrumented org.apache.commons.compress.archivers.dump.DumpArchiveInputStream (took 22 ms, size +24%)
INFO: Instrumented org.apache.commons.compress.archivers.tar.TarArchiveInputStream (took 35 ms, size +24%)
INFO: Instrumented org.apache.commons.compress.archivers.ArchiveException (took 3 ms, size +38%)
INFO: Instrumented org.apache.commons.compress.archivers.ArchiveOutputStream (took 19 ms, size +28%)
INFO: Instrumented org.apache.commons.compress.archivers.ar.ArArchiveOutputStream (took 21 ms, size +24%)
INFO: New number of coverage counters: 4096
INFO: Instrumented org.apache.commons.compress.archivers.zip.ZipArchiveOutputStream (took 70 ms, size +18%)
INFO: Instrumented org.apache.commons.compress.archivers.tar.TarArchiveOutputStream (took 32 ms, size +16%)
INFO: Instrumented org.apache.commons.compress.archivers.jar.JarArchiveOutputStream (took 13 ms, size +36%)
INFO: Instrumented org.apache.commons.compress.archivers.cpio.CpioArchiveOutputStream (took 28 ms, size +21%)
[harness] target=org.apache.commons.compress.archivers.ArchiveStreamFactory factories=1 methods=5
INFO: found LLVMFuzzerCustomMutator (0x72102b470cd0). Disabling -len_control by default.
INFO: Running with entropic power schedule (0xFF, 100).
INFO: Seed: 629380351
INFO: Loaded 4 modules   (4096 inline 8-bit counters): 512 [0x72114cba1520, 0x72114cba1720), 512 [0x72114cba1720, 0x72114cba1920), 1024 [0x72114cba1920, 0x72114cba1d20), 2048 [0x72114cba1d20, 0x72114cba2520), 
INFO: Loaded 4 PC tables (4096 PCs): 512 [0x72114c4d9a00,0x72114c4dba00), 512 [0x72114c7c8a00,0x72114c7caa00), 1024 [0x72114c5f2a20,0x72114c5f6a20), 2048 [0x72114c7a6dd0,0x72114c7aedd0), 
INFO:        0 files found in /tmp/bugrun/compress_22.2KR3Cy/.cifuzz-corpus/com.example.algorithm2.Algorithm2Test/testParameterizedFuzzer
INFO:        0 files found in /tmp/jazzer-java-seeds6071565725365906270
INFO: -max_len is not provided; libFuzzer will not generate inputs larger than 4096 bytes
INFO: A corpus is not provided, starting from an empty corpus
#2	INITED cov: 27 ft: 27 corp: 1/1b exec/s: 0 rss: 803Mb
#3	NEW    cov: 34 ft: 35 corp: 2/3b lim: 4 exec/s: 0 rss: 803Mb L: 2/2 MS: 2 InsertByte-Custom-
#6	NEW    cov: 48 ft: 54 corp: 3/4b lim: 4 exec/s: 0 rss: 803Mb L: 1/2 MS: 6 CrossOver-Custom-ShuffleBytes-Custom-ChangeByte-Custom-
INFO: using inputs from: /tmp/bugrun/compress_22.2KR3Cy/.cifuzz-corpus/com.example.algorithm2.Algorithm2Test/testParameterizedFuzzer
INFO: #7	NEW    cov: 52 ft: 58 corp: 4/5b lim: 4 exec/s: 0 rss: 803Mb L: 1/2 MS: 2 ChangeBit-Custom-
using inputs from: /tmp/jazzer-java-seeds6071565725365906270
INFO: Instrumented org.apache.commons.compress.utils.IOUtils (took 13 ms, size +31%)
INFO: Instrumented org.apache.commons.compress.archivers.zip.UnsupportedZipFeatureException (took 7 ms, size +17%)
INFO: Instrumented org.apache.commons.compress.archivers.ArchiveEntry (took 1 ms, size +0%)
INFO: Instrumented org.apache.commons.compress.archivers.zip.ZipArchiveInputStream$BoundedInputStream (took 4 ms, size +25%)
INFO: Instrumented org.apache.commons.compress.archivers.zip.UnshrinkingInputStream (took 12 ms, size +30%)
INFO: Instrumented org.apache.commons.compress.compressors.z._internal_.InternalLZWInputStream (took 12 ms, size +22%)
INFO: Instrumented org.apache.commons.compress.compressors.CompressorInputStream (took 7 ms, size +39%)
INFO: Instrumented org.apache.commons.compress.archivers.zip.ExplodingInputStream (took 6 ms, size +28%)
INFO: Instrumented org.apache.commons.compress.archivers.zip.ZipLong (took 12 ms, size +20%)
#49	NEW    cov: 141 ft: 147 corp: 5/7b lim: 4 exec/s: 0 rss: 804Mb L: 2/2 MS: 4 ShuffleBytes-Custom-ChangeBit-Custom-
#54	NEW    cov: 146 ft: 155 corp: 6/9b lim: 4 exec/s: 0 rss: 804Mb L: 2/2 MS: 10 CopyPart-Custom-ChangeBit-Custom-EraseBytes-Custom-InsertByte-Custom-ChangeBit-Custom-
#59	NEW    cov: 147 ft: 156 corp: 7/12b lim: 4 exec/s: 0 rss: 804Mb L: 3/3 MS: 10 ChangeBit-Custom-CopyPart-Custom-ChangeByte-Custom-InsertByte-Custom-ChangeBit-Custom-
#167	REDUCE cov: 147 ft: 156 corp: 7/11b lim: 4 exec/s: 0 rss: 804Mb L: 1/3 MS: 6 CrossOver-Custom-EraseBytes-Custom-EraseBytes-Custom-
#198	REDUCE cov: 147 ft: 156 corp: 7/10b lim: 4 exec/s: 0 rss: 804Mb L: 1/3 MS: 2 CrossOver-Custom-
#336	NEW    cov: 148 ft: 157 corp: 8/13b lim: 4 exec/s: 0 rss: 805Mb L: 3/3 MS: 6 CrossOver-Custom-ChangeByte-Custom-ChangeBit-Custom-
INFO: Instrumented org.apache.commons.compress.archivers.zip.Zip64RequiredException (took 7 ms, size +27%)
INFO: Instrumented org.apache.commons.compress.archivers.zip.ZipExtraField (took 0 ms, size +0%)
INFO: Instrumented org.apache.commons.compress.utils.BoundedInputStream (took 6 ms, size +43%)
INFO: Instrumented org.apache.commons.compress.utils.CRC32VerifyingInputStream (took 9 ms, size +36%)
INFO: Instrumented org.apache.commons.compress.utils.ChecksumVerifyingInputStream (took 7 ms, size +34%)
INFO: Instrumented org.apache.commons.compress.archivers.dump.UnrecognizedFormatException (took 1 ms, size +43%)
INFO: Instrumented org.apache.commons.compress.archivers.dump.DumpArchiveException (took 3 ms, size +34%)
#551	NEW    cov: 155 ft: 171 corp: 9/18b lim: 6 exec/s: 0 rss: 805Mb L: 5/5 MS: 10 ChangeBinInt-Custom-ShuffleBytes-Custom-InsertByte-Custom-ShuffleBytes-Custom-InsertByte-Custom-
INFO: Instrumented org.apache.commons.compress.archivers.dump.InvalidFormatException (took 3 ms, size +30%)
#779	NEW    cov: 158 ft: 174 corp: 10/25b lim: 8 exec/s: 0 rss: 805Mb L: 7/7 MS: 6 InsertByte-Custom-ChangeBinInt-Custom-CMP-Custom- DE: "zip"-
INFO: Instrumented org.apache.commons.compress.archivers.zip.ZipEncodingHelper (took 28 ms, size +20%)
INFO: Instrumented org.apache.commons.compress.archivers.zip.ZipEncoding (took 1 ms, size +0%)
INFO: Instrumented org.apache.commons.compress.archivers.zip.ZipEncodingHelper$SimpleEncodingHolder (took 5 ms, size +33%)
INFO: Instrumented org.apache.commons.compress.archivers.zip.FallbackZipEncoding (took 7 ms, size +28%)
#823	NEW    cov: 235 ft: 251 corp: 11/29b lim: 8 exec/s: 0 rss: 821Mb L: 4/7 MS: 8 CopyPart-Custom-CrossOver-Custom-EraseBytes-Custom-CMP-Custom- DE: "zip"-
#1157	NEW    cov: 236 ft: 252 corp: 12/39b lim: 11 exec/s: 0 rss: 825Mb L: 10/10 MS: 8 ChangeByte-Custom-InsertRepeatedBytes-Custom-ChangeByte-Custom-ChangeASCIIInt-Custom-
#1193	NEW    cov: 253 ft: 272 corp: 13/43b lim: 11 exec/s: 0 rss: 825Mb L: 4/10 MS: 2 CMP-Custom- DE: "zip"-
#1399	NEW    cov: 254 ft: 273 corp: 14/47b lim: 11 exec/s: 0 rss: 827Mb L: 4/10 MS: 2 ChangeBit-Custom-
#1430	NEW    cov: 255 ft: 274 corp: 15/58b lim: 11 exec/s: 0 rss: 827Mb L: 11/11 MS: 2 InsertRepeatedBytes-Custom-
#1488	REDUCE cov: 255 ft: 274 corp: 15/55b lim: 11 exec/s: 0 rss: 828Mb L: 8/10 MS: 6 PersAutoDict-Custom-ChangeBit-Custom-EraseBytes-Custom- DE: "zip"-
#1599	REDUCE cov: 255 ft: 274 corp: 15/54b lim: 11 exec/s: 0 rss: 829Mb L: 9/9 MS: 2 EraseBytes-Custom-
INFO: Instrumented org.apache.commons.compress.utils.Charsets (took 13 ms, size +28%)
INFO: Instrumented org.apache.commons.compress.archivers.zip.ZipArchiveOutputStream$UnicodeExtraFieldPolicy (took 13 ms, size +33%)
INFO: Instrumented org.apache.commons.compress.archivers.zip.Zip64Mode (took 5 ms, size +29%)
#1957	NEW    cov: 256 ft: 276 corp: 16/68b lim: 14 exec/s: 0 rss: 833Mb L: 14/14 MS: 6 CrossOver-Custom-InsertRepeatedBytes-Custom-PersAutoDict-Custom- DE: "zip"-
#2313	REDUCE cov: 256 ft: 276 corp: 16/67b lim: 17 exec/s: 0 rss: 836Mb L: 13/13 MS: 2 EraseBytes-Custom-
#2572	REDUCE cov: 257 ft: 277 corp: 17/79b lim: 17 exec/s: 0 rss: 842Mb L: 12/13 MS: 8 CrossOver-Custom-InsertByte-Custom-ChangeBit-Custom-InsertRepeatedBytes-Custom-
#2598	REDUCE cov: 257 ft: 277 corp: 17/78b lim: 17 exec/s: 0 rss: 843Mb L: 11/13 MS: 2 EraseBytes-Custom-
#3184	REDUCE cov: 257 ft: 277 corp: 17/76b lim: 21 exec/s: 0 rss: 858Mb L: 9/13 MS: 2 EraseBytes-Custom-
#3291	REDUCE cov: 257 ft: 277 corp: 17/75b lim: 21 exec/s: 0 rss: 859Mb L: 7/13 MS: 4 InsertByte-Custom-EraseBytes-Custom-
#3778	NEW    cov: 258 ft: 278 corp: 18/84b lim: 25 exec/s: 0 rss: 864Mb L: 9/13 MS: 4 InsertRepeatedBytes-Custom-ChangeByte-Custom-
#4689	REDUCE cov: 258 ft: 278 corp: 18/81b lim: 33 exec/s: 0 rss: 867Mb L: 4/13 MS: 2 EraseBytes-Custom-
#4858	REDUCE cov: 263 ft: 285 corp: 19/114b lim: 33 exec/s: 0 rss: 872Mb L: 33/33 MS: 8 ChangeByte-Custom-ChangeByte-Custom-PersAutoDict-Custom-InsertRepeatedBytes-Custom- DE: "zip"-
#4864	REDUCE cov: 263 ft: 285 corp: 19/113b lim: 33 exec/s: 0 rss: 872Mb L: 8/33 MS: 2 EraseBytes-Custom-
#4950	NEW    cov: 264 ft: 286 corp: 20/146b lim: 33 exec/s: 0 rss: 873Mb L: 33/33 MS: 2 ChangeByte-Custom-
#5476	NEW    cov: 264 ft: 346 corp: 21/182b lim: 38 exec/s: 0 rss: 879Mb L: 36/36 MS: 2 PersAutoDict-Custom- DE: "zip"-
#5520	NEW    cov: 264 ft: 347 corp: 22/219b lim: 38 exec/s: 0 rss: 879Mb L: 37/37 MS: 8 CMP-Custom-ChangeByte-Custom-ShuffleBytes-Custom-InsertRepeatedBytes-Custom- DE: "\000\000\000\000\000\000\000\000"-
#5716	REDUCE cov: 264 ft: 347 corp: 22/218b lim: 38 exec/s: 0 rss: 881Mb L: 7/37 MS: 2 EraseBytes-Custom-
#5731	REDUCE cov: 264 ft: 359 corp: 23/256b lim: 38 exec/s: 0 rss: 882Mb L: 38/38 MS: 10 ChangeByte-Custom-InsertByte-Custom-InsertRepeatedBytes-Custom-ChangeASCIIInt-Custom-CopyPart-Custom-
#6135	NEW    cov: 264 ft: 365 corp: 24/291b lim: 38 exec/s: 0 rss: 886Mb L: 35/38 MS: 8 ChangeBinInt-Custom-InsertRepeatedBytes-Custom-EraseBytes-Custom-CopyPart-Custom-
INFO: Instrumented org.apache.commons.compress.archivers.dump.DumpArchiveUtil (took 9 ms, size +21%)
#6741	NEW    cov: 264 ft: 368 corp: 25/333b lim: 43 exec/s: 0 rss: 897Mb L: 42/42 MS: 2 InsertRepeatedBytes-Custom-
#6742	REDUCE cov: 264 ft: 369 corp: 26/375b lim: 43 exec/s: 0 rss: 897Mb L: 42/42 MS: 2 CrossOver-Custom-
#6758	NEW    cov: 264 ft: 376 corp: 27/416b lim: 43 exec/s: 0 rss: 898Mb L: 41/42 MS: 2 CopyPart-Custom-
#6800	REDUCE cov: 264 ft: 376 corp: 27/412b lim: 43 exec/s: 0 rss: 898Mb L: 37/42 MS: 4 ChangeBit-Custom-EraseBytes-Custom-
#7324	NEW    cov: 264 ft: 377 corp: 28/459b lim: 48 exec/s: 0 rss: 906Mb L: 47/47 MS: 8 EraseBytes-Custom-CopyPart-Custom-EraseBytes-Custom-CrossOver-Custom-
#7675	REDUCE cov: 264 ft: 377 corp: 28/458b lim: 48 exec/s: 0 rss: 910Mb L: 34/47 MS: 2 EraseBytes-Custom-
#7849	NEW    cov: 268 ft: 381 corp: 29/462b lim: 48 exec/s: 0 rss: 912Mb L: 4/47 MS: 8 ChangeBinInt-Custom-ChangeBit-Custom-ChangeByte-Custom-CMP-Custom- DE: "jar"-
#7983	REDUCE cov: 269 ft: 382 corp: 30/475b lim: 48 exec/s: 0 rss: 914Mb L: 13/47 MS: 8 ChangeByte-Custom-ChangeBinInt-Custom-ChangeBit-Custom-CrossOver-Custom-
#8310	REDUCE cov: 269 ft: 382 corp: 30/474b lim: 48 exec/s: 0 rss: 918Mb L: 36/47 MS: 4 CrossOver-Custom-CrossOver-Custom-
#8368	REDUCE cov: 275 ft: 388 corp: 31/481b lim: 48 exec/s: 0 rss: 919Mb L: 7/47 MS: 6 ChangeByte-Custom-PersAutoDict-Custom-CopyPart-Custom- DE: "jar"-
#8394	NEW    cov: 276 ft: 389 corp: 32/488b lim: 48 exec/s: 0 rss: 919Mb L: 7/47 MS: 2 ChangeBinInt-Custom-
#8652	REDUCE cov: 276 ft: 389 corp: 32/486b lim: 48 exec/s: 0 rss: 922Mb L: 11/47 MS: 6 InsertByte-Custom-InsertByte-Custom-EraseBytes-Custom-
#8810	REDUCE cov: 277 ft: 390 corp: 33/528b lim: 48 exec/s: 0 rss: 925Mb L: 42/47 MS: 6 CopyPart-Custom-ShuffleBytes-Custom-CopyPart-Custom-
#8890	NEW    cov: 277 ft: 391 corp: 34/567b lim: 48 exec/s: 0 rss: 926Mb L: 39/47 MS: 10 PersAutoDict-Custom-CrossOver-Custom-ShuffleBytes-Custom-EraseBytes-Custom-InsertRepeatedBytes-Custom- DE: "jar"-
#8896	REDUCE cov: 277 ft: 391 corp: 34/566b lim: 48 exec/s: 0 rss: 926Mb L: 10/47 MS: 2 EraseBytes-Custom-
#8960	NEW    cov: 291 ft: 407 corp: 35/570b lim: 48 exec/s: 0 rss: 927Mb L: 4/47 MS: 8 PersAutoDict-Custom-ShuffleBytes-Custom-EraseBytes-Custom-ChangeBit-Custom- DE: "jar"-
#9697	REDUCE cov: 291 ft: 407 corp: 35/569b lim: 53 exec/s: 0 rss: 936Mb L: 41/47 MS: 4 PersAutoDict-Custom-EraseBytes-Custom- DE: "jar"-
#9761	NEW    cov: 297 ft: 413 corp: 36/572b lim: 53 exec/s: 0 rss: 937Mb L: 3/47 MS: 8 CopyPart-Custom-ShuffleBytes-Custom-EraseBytes-Custom-InsertByte-Custom-
#9842	NEW    cov: 298 ft: 414 corp: 37/575b lim: 53 exec/s: 0 rss: 938Mb L: 3/47 MS: 2 CopyPart-Custom-
#9973	REDUCE cov: 298 ft: 414 corp: 37/574b lim: 53 exec/s: 0 rss: 939Mb L: 38/47 MS: 2 EraseBytes-Custom-
#10180	NEW    cov: 302 ft: 418 corp: 38/577b lim: 53 exec/s: 0 rss: 942Mb L: 3/47 MS: 4 ShuffleBytes-Custom-EraseBytes-Custom-
#10751	REDUCE cov: 302 ft: 418 corp: 38/576b lim: 58 exec/s: 10751 rss: 949Mb L: 37/47 MS: 2 EraseBytes-Custom-
#11954	NEW    cov: 302 ft: 424 corp: 39/644b lim: 68 exec/s: 11954 rss: 963Mb L: 68/68 MS: 6 ChangeBinInt-Custom-InsertByte-Custom-InsertRepeatedBytes-Custom-
#12024	REDUCE cov: 302 ft: 425 corp: 40/690b lim: 68 exec/s: 12024 rss: 964Mb L: 46/68 MS: 10 CopyPart-Custom-ShuffleBytes-Custom-ChangeBinInt-Custom-CopyPart-Custom-InsertRepeatedBytes-Custom-
#12147	NEW    cov: 302 ft: 483 corp: 41/758b lim: 68 exec/s: 12147 rss: 966Mb L: 68/68 MS: 6 ShuffleBytes-Custom-ChangeByte-Custom-InsertRepeatedBytes-Custom-
#12828	NEW    cov: 302 ft: 485 corp: 42/831b lim: 74 exec/s: 12828 rss: 974Mb L: 73/73 MS: 2 InsertRepeatedBytes-Custom-
#12852	NEW    cov: 302 ft: 487 corp: 43/905b lim: 74 exec/s: 12852 rss: 974Mb L: 74/74 MS: 8 InsertRepeatedBytes-Custom-ChangeByte-Custom-ChangeByte-Custom-CopyPart-Custom-
#12888	NEW    cov: 302 ft: 488 corp: 44/979b lim: 74 exec/s: 12888 rss: 975Mb L: 74/74 MS: 2 InsertRepeatedBytes-Custom-
#13286	REDUCE cov: 302 ft: 488 corp: 44/978b lim: 74 exec/s: 13286 rss: 980Mb L: 9/74 MS: 6 EraseBytes-Custom-ChangeASCIIInt-Custom-CrossOver-Custom-
#13324	REDUCE cov: 302 ft: 491 corp: 45/1048b lim: 74 exec/s: 13324 rss: 980Mb L: 70/74 MS: 6 ChangeBinInt-Custom-ShuffleBytes-Custom-InsertRepeatedBytes-Custom-
#13333	NEW    cov: 313 ft: 502 corp: 46/1052b lim: 74 exec/s: 13333 rss: 980Mb L: 4/74 MS: 8 ChangeByte-Custom-InsertByte-Custom-ChangeASCIIInt-Custom-CMP-Custom- DE: "tar"-
#13376	REDUCE cov: 313 ft: 502 corp: 46/1044b lim: 74 exec/s: 13376 rss: 981Mb L: 38/74 MS: 6 CopyPart-Custom-ChangeBit-Custom-EraseBytes-Custom-
#13569	REDUCE cov: 313 ft: 502 corp: 46/1043b lim: 74 exec/s: 13569 rss: 983Mb L: 72/74 MS: 6 ShuffleBytes-Custom-PersAutoDict-Custom-EraseBytes-Custom- DE: "jar"-
#14140	REDUCE cov: 313 ft: 502 corp: 46/1042b lim: 74 exec/s: 14140 rss: 991Mb L: 36/74 MS: 2 EraseBytes-Custom-
#14171	REDUCE cov: 313 ft: 502 corp: 46/1040b lim: 74 exec/s: 14171 rss: 991Mb L: 35/74 MS: 2 EraseBytes-Custom-
#14828	NEW    cov: 313 ft: 503 corp: 47/1117b lim: 80 exec/s: 14828 rss: 995Mb L: 77/77 MS: 4 ShuffleBytes-Custom-CMP-Custom- DE: "tar"-
#15234	REDUCE cov: 313 ft: 504 corp: 48/1192b lim: 80 exec/s: 15234 rss: 997Mb L: 75/77 MS: 2 InsertRepeatedBytes-Custom-
#15235	REDUCE cov: 313 ft: 504 corp: 48/1191b lim: 80 exec/s: 15235 rss: 997Mb L: 37/77 MS: 2 EraseBytes-Custom-
#15987	NEW    cov: 339 ft: 534 corp: 49/1195b lim: 86 exec/s: 15987 rss: 1012Mb L: 4/77 MS: 4 ChangeASCIIInt-Custom-ChangeByte-Custom-
INFO: Instrumented org.apache.commons.compress.utils.CountingOutputStream (took 9 ms, size +37%)
INFO: Instrumented org.apache.commons.compress.archivers.zip.NioZipEncoding (took 7 ms, size +24%)
#16039	REDUCE cov: 339 ft: 534 corp: 49/1194b lim: 86 exec/s: 16039 rss: 1012Mb L: 8/77 MS: 4 ChangeByte-Custom-EraseBytes-Custom-
#16946	REDUCE cov: 339 ft: 534 corp: 49/1193b lim: 92 exec/s: 16946 rss: 1024Mb L: 76/76 MS: 4 PersAutoDict-Custom-PersAutoDict-Custom- DE: "zip"-"tar"-
#17126	REDUCE cov: 339 ft: 537 corp: 50/1283b lim: 92 exec/s: 17126 rss: 1026Mb L: 90/90 MS: 10 CopyPart-Custom-ChangeByte-Custom-ChangeBit-Custom-ChangeBinInt-Custom-InsertRepeatedBytes-Custom-
#17495	REDUCE cov: 339 ft: 537 corp: 50/1266b lim: 92 exec/s: 17495 rss: 1032Mb L: 73/76 MS: 8 CopyPart-Custom-InsertByte-Custom-ShuffleBytes-Custom-CMP-Custom- DE: "ar"-
#17691	REDUCE cov: 339 ft: 537 corp: 50/1265b lim: 92 exec/s: 17691 rss: 1035Mb L: 35/76 MS: 2 PersAutoDict-Custom- DE: "tar"-
#18152	REDUCE cov: 339 ft: 537 corp: 50/1264b lim: 92 exec/s: 18152 rss: 1041Mb L: 69/76 MS: 2 PersAutoDict-Custom- DE: "tar"-
#18228	NEW    cov: 340 ft: 539 corp: 51/1268b lim: 92 exec/s: 18228 rss: 1042Mb L: 4/76 MS: 2 ChangeBinInt-Custom-
#18756	REDUCE cov: 340 ft: 539 corp: 51/1267b lim: 92 exec/s: 18756 rss: 1049Mb L: 36/76 MS: 6 InsertRepeatedBytes-Custom-CrossOver-Custom-EraseBytes-Custom-
#18879	REDUCE cov: 340 ft: 539 corp: 51/1265b lim: 92 exec/s: 18879 rss: 1050Mb L: 70/76 MS: 6 InsertByte-Custom-CrossOver-Custom-EraseBytes-Custom-
#20095	REDUCE cov: 340 ft: 539 corp: 51/1260b lim: 104 exec/s: 20095 rss: 1066Mb L: 70/76 MS: 2 EraseBytes-Custom-
#20242	NEW    cov: 340 ft: 544 corp: 52/1360b lim: 104 exec/s: 20242 rss: 1069Mb L: 100/100 MS: 4 ShuffleBytes-Custom-CopyPart-Custom-
#20283	NEW    cov: 340 ft: 596 corp: 53/1461b lim: 104 exec/s: 20283 rss: 1069Mb L: 101/101 MS: 2 InsertRepeatedBytes-Custom-
#20341	NEW    cov: 340 ft: 598 corp: 54/1565b lim: 104 exec/s: 20341 rss: 1070Mb L: 104/104 MS: 6 PersAutoDict-Custom-ChangeByte-Custom-CrossOver-Custom- DE: "\000\000\000\000\000\000\000\000"-
#20990	REDUCE cov: 340 ft: 607 corp: 55/1671b lim: 110 exec/s: 20990 rss: 1079Mb L: 106/106 MS: 8 ShuffleBytes-Custom-ChangeByte-Custom-EraseBytes-Custom-InsertRepeatedBytes-Custom-
#21137	NEW    cov: 340 ft: 610 corp: 56/1778b lim: 110 exec/s: 21137 rss: 1081Mb L: 107/107 MS: 4 CrossOver-Custom-PersAutoDict-Custom- DE: "tar"-
#21149	NEW    cov: 340 ft: 611 corp: 57/1888b lim: 110 exec/s: 21149 rss: 1081Mb L: 110/110 MS: 4 CopyPart-Custom-CopyPart-Custom-
#21825	REDUCE cov: 340 ft: 620 corp: 58/1996b lim: 116 exec/s: 21825 rss: 1092Mb L: 108/110 MS: 2 InsertRepeatedBytes-Custom-
#21869	REDUCE cov: 340 ft: 620 corp: 58/1995b lim: 116 exec/s: 21869 rss: 1093Mb L: 46/110 MS: 8 CMP-Custom-ChangeBit-Custom-PersAutoDict-Custom-EraseBytes-Custom- DE: "\000\000\000`"-"\000\000\000\000\000\000\000\000"-
#22425	REDUCE cov: 340 ft: 620 corp: 58/1994b lim: 116 exec/s: 22425 rss: 1101Mb L: 41/110 MS: 2 EraseBytes-Custom-
#23006	REDUCE cov: 340 ft: 620 corp: 58/1993b lim: 116 exec/s: 23006 rss: 1110Mb L: 109/109 MS: 2 PersAutoDict-Custom- DE: "tar"-
#24274	REDUCE cov: 340 ft: 620 corp: 58/1992b lim: 128 exec/s: 12137 rss: 1124Mb L: 40/109 MS: 6 EraseBytes-Custom-ChangeBit-Custom-CopyPart-Custom-
#25079	NEW    cov: 340 ft: 628 corp: 59/2127b lim: 135 exec/s: 12539 rss: 1124Mb L: 135/135 MS: 10 EraseBytes-Custom-InsertRepeatedBytes-Custom-ShuffleBytes-Custom-InsertRepeatedBytes-Custom-CopyPart-Custom-
#25212	NEW    cov: 340 ft: 629 corp: 60/2259b lim: 135 exec/s: 12606 rss: 1124Mb L: 132/135 MS: 6 InsertRepeatedBytes-Custom-ChangeASCIIInt-Custom-CrossOver-Custom-
#25630	REDUCE cov: 340 ft: 629 corp: 60/2257b lim: 135 exec/s: 12815 rss: 1124Mb L: 106/135 MS: 6 EraseBytes-Custom-ShuffleBytes-Custom-CMP-Custom- DE: "jar"-
#25678	REDUCE cov: 340 ft: 629 corp: 60/2240b lim: 135 exec/s: 12839 rss: 1124Mb L: 115/135 MS: 6 EraseBytes-Custom-InsertByte-Custom-InsertRepeatedBytes-Custom-
#25933	REDUCE cov: 340 ft: 630 corp: 61/2374b lim: 135 exec/s: 12966 rss: 1125Mb L: 134/135 MS: 10 ChangeByte-Custom-ChangeBit-Custom-InsertRepeatedBytes-Custom-ChangeBit-Custom-PersAutoDict-Custom- DE: "\000\000\000\000\000\000\000\000"-
#27975	REDUCE cov: 340 ft: 630 corp: 61/2373b lim: 149 exec/s: 13987 rss: 1125Mb L: 7/135 MS: 4 CopyPart-Custom-EraseBytes-Custom-
#28255	REDUCE cov: 340 ft: 630 corp: 61/2372b lim: 149 exec/s: 14127 rss: 1125Mb L: 105/135 MS: 10 CrossOver-Custom-ChangeBinInt-Custom-PersAutoDict-Custom-CrossOver-Custom-EraseBytes-Custom- DE: "jar"-
#28297	REDUCE cov: 340 ft: 630 corp: 61/2371b lim: 149 exec/s: 14148 rss: 1125Mb L: 67/135 MS: 4 ChangeByte-Custom-PersAutoDict-Custom- DE: "tar"-
#29189	REDUCE cov: 340 ft: 630 corp: 61/2369b lim: 156 exec/s: 14594 rss: 1126Mb L: 5/135 MS: 4 ChangeBit-Custom-EraseBytes-Custom-
#29544	REDUCE cov: 340 ft: 630 corp: 61/2356b lim: 156 exec/s: 14772 rss: 1126Mb L: 102/135 MS: 10 ShuffleBytes-Custom-PersAutoDict-Custom-ChangeBinInt-Custom-EraseBytes-Custom-CopyPart-Custom- DE: "tar"-
#29573	REDUCE cov: 340 ft: 630 corp: 61/2354b lim: 156 exec/s: 14786 rss: 1126Mb L: 132/135 MS: 8 InsertByte-Custom-CopyPart-Custom-InsertByte-Custom-EraseBytes-Custom-
#30622	REDUCE cov: 340 ft: 630 corp: 61/2353b lim: 163 exec/s: 15311 rss: 1126Mb L: 134/134 MS: 8 InsertRepeatedBytes-Custom-EraseBytes-Custom-CopyPart-Custom-InsertRepeatedBytes-Custom-
#31127	NEW    cov: 340 ft: 631 corp: 62/2500b lim: 163 exec/s: 15563 rss: 1126Mb L: 147/147 MS: 10 InsertByte-Custom-ChangeBinInt-Custom-CMP-Custom-ChangeASCIIInt-Custom-InsertRepeatedBytes-Custom- DE: "ziziarOOOOOOOOOOOOOOOOOKOOOOOOOO"-
#31496	REDUCE cov: 340 ft: 631 corp: 62/2484b lim: 163 exec/s: 15748 rss: 1126Mb L: 131/134 MS: 8 ChangeByte-Custom-ShuffleBytes-Custom-InsertRepeatedBytes-Custom-CrossOver-Custom-
#31798	REDUCE cov: 340 ft: 631 corp: 62/2458b lim: 163 exec/s: 15899 rss: 1126Mb L: 105/134 MS: 4 PersAutoDict-Custom-EraseBytes-Custom- DE: "ziziarOOOOOOOOOOOOOOOOOKOOOOOOOO"-
#32138	REDUCE cov: 340 ft: 631 corp: 62/2445b lim: 163 exec/s: 16069 rss: 1126Mb L: 60/134 MS: 10 EraseBytes-Custom-EraseBytes-Custom-ChangeBinInt-Custom-ShuffleBytes-Custom-ChangeBit-Custom-
#32768	pulse  cov: 340 ft: 631 corp: 62/2445b lim: 163 exec/s: 16384 rss: 1126Mb
#32919	REDUCE cov: 341 ft: 632 corp: 63/2604b lim: 170 exec/s: 16459 rss: 1126Mb L: 159/159 MS: 2 InsertRepeatedBytes-Custom-
#32946	NEW    cov: 341 ft: 633 corp: 64/2769b lim: 170 exec/s: 16473 rss: 1126Mb L: 165/165 MS: 4 CopyPart-Custom-InsertByte-Custom-
#33087	REDUCE cov: 341 ft: 633 corp: 64/2750b lim: 170 exec/s: 16543 rss: 1126Mb L: 146/159 MS: 2 PersAutoDict-Custom- DE: "ar"-
#33858	REDUCE cov: 341 ft: 633 corp: 64/2748b lim: 177 exec/s: 16929 rss: 1126Mb L: 58/159 MS: 2 EraseBytes-Custom-
#34195	REDUCE cov: 341 ft: 634 corp: 65/2924b lim: 177 exec/s: 17097 rss: 1126Mb L: 176/176 MS: 4 ChangeByte-Custom-InsertRepeatedBytes-Custom-
#34209	NEW    cov: 341 ft: 642 corp: 66/3092b lim: 177 exec/s: 17104 rss: 1126Mb L: 168/176 MS: 8 CopyPart-Custom-PersAutoDict-Custom-ChangeBinInt-Custom-CopyPart-Custom- DE: "zip"-
#34221	REDUCE cov: 341 ft: 642 corp: 66/3065b lim: 177 exec/s: 17110 rss: 1126Mb L: 132/176 MS: 4 ShuffleBytes-Custom-EraseBytes-Custom-
#34368	REDUCE cov: 341 ft: 642 corp: 66/3051b lim: 177 exec/s: 17184 rss: 1126Mb L: 118/176 MS: 4 ChangeBinInt-Custom-EraseBytes-Custom-
#34581	REDUCE cov: 341 ft: 642 corp: 66/3025b lim: 177 exec/s: 17290 rss: 1126Mb L: 120/176 MS: 6 CMP-Custom-PersAutoDict-Custom-EraseBytes-Custom- DE: "!\000\000\000"-"tar"-
#34638	NEW    cov: 341 ft: 643 corp: 67/3196b lim: 177 exec/s: 17319 rss: 1126Mb L: 171/176 MS: 4 ChangeByte-Custom-InsertRepeatedBytes-Custom-
#34743	REDUCE cov: 341 ft: 643 corp: 67/3189b lim: 177 exec/s: 11581 rss: 1126Mb L: 169/171 MS: 10 CopyPart-Custom-EraseBytes-Custom-CrossOver-Custom-EraseBytes-Custom-CopyPart-Custom-
#35014	REDUCE cov: 341 ft: 643 corp: 67/3185b lim: 177 exec/s: 11671 rss: 1126Mb L: 54/171 MS: 2 EraseBytes-Custom-
#35166	REDUCE cov: 341 ft: 643 corp: 67/3178b lim: 177 exec/s: 11722 rss: 1126Mb L: 113/171 MS: 4 CrossOver-Custom-EraseBytes-Custom-
#35222	REDUCE cov: 341 ft: 643 corp: 67/3176b lim: 177 exec/s: 11740 rss: 1126Mb L: 116/171 MS: 2 EraseBytes-Custom-
#35607	REDUCE cov: 341 ft: 643 corp: 67/3173b lim: 177 exec/s: 11869 rss: 1130Mb L: 110/171 MS: 10 ChangeByte-Custom-ShuffleBytes-Custom-ShuffleBytes-Custom-InsertByte-Custom-EraseBytes-Custom-
#35900	REDUCE cov: 341 ft: 643 corp: 67/3167b lim: 177 exec/s: 11966 rss: 1130Mb L: 48/171 MS: 6 ChangeByte-Custom-ChangeBit-Custom-EraseBytes-Custom-
#35981	REDUCE cov: 341 ft: 643 corp: 67/3165b lim: 177 exec/s: 11993 rss: 1130Mb L: 104/171 MS: 2 EraseBytes-Custom-
#36309	REDUCE cov: 341 ft: 643 corp: 67/3122b lim: 177 exec/s: 12103 rss: 1130Mb L: 67/171 MS: 6 InsertByte-Custom-ChangeBit-Custom-EraseBytes-Custom-
#36569	REDUCE cov: 341 ft: 643 corp: 67/3121b lim: 177 exec/s: 12189 rss: 1130Mb L: 101/171 MS: 10 InsertByte-Custom-ShuffleBytes-Custom-ChangeBinInt-Custom-PersAutoDict-Custom-EraseBytes-Custom- DE: "ar"-
#36702	REDUCE cov: 341 ft: 643 corp: 67/3103b lim: 177 exec/s: 12234 rss: 1130Mb L: 30/171 MS: 6 ChangeBit-Custom-ChangeByte-Custom-EraseBytes-Custom-
#36843	REDUCE cov: 341 ft: 643 corp: 67/3102b lim: 177 exec/s: 12281 rss: 1130Mb L: 170/170 MS: 2 PersAutoDict-Custom- DE: "tar"-
#38434	REDUCE cov: 341 ft: 643 corp: 67/3101b lim: 191 exec/s: 12811 rss: 1130Mb L: 103/170 MS: 2 PersAutoDict-Custom- DE: "tar"-
#38576	REDUCE cov: 341 ft: 643 corp: 67/3090b lim: 191 exec/s: 12858 rss: 1130Mb L: 90/170 MS: 4 InsertRepeatedBytes-Custom-EraseBytes-Custom-
#39049	REDUCE cov: 341 ft: 643 corp: 67/3087b lim: 191 exec/s: 13016 rss: 1130Mb L: 87/170 MS: 6 InsertByte-Custom-ChangeByte-Custom-EraseBytes-Custom-
#39526	REDUCE cov: 341 ft: 643 corp: 67/3054b lim: 191 exec/s: 13175 rss: 1130Mb L: 83/170 MS: 4 ChangeBinInt-Custom-EraseBytes-Custom-
#40488	REDUCE cov: 341 ft: 643 corp: 67/3038b lim: 198 exec/s: 13496 rss: 1131Mb L: 51/170 MS: 4 PersAutoDict-Custom-PersAutoDict-Custom- DE: "jar"-"ar"-
#41215	REDUCE cov: 341 ft: 643 corp: 67/3037b lim: 205 exec/s: 13738 rss: 1131Mb L: 102/170 MS: 4 CMP-Custom-PersAutoDict-Custom- DE: "\000\000\000\000\000\000\000\000"-"tar"-
#41689	REDUCE cov: 341 ft: 643 corp: 67/3036b lim: 205 exec/s: 13896 rss: 1131Mb L: 103/170 MS: 8 ChangeBit-Custom-CMP-Custom-CopyPart-Custom-EraseBytes-Custom- DE: "dump"-
#41760	REDUCE cov: 341 ft: 643 corp: 67/3029b lim: 205 exec/s: 13920 rss: 1131Mb L: 23/170 MS: 2 EraseBytes-Custom-
#42089	REDUCE cov: 341 ft: 643 corp: 67/3022b lim: 205 exec/s: 14029 rss: 1131Mb L: 95/170 MS: 8 CMP-Custom-ChangeBit-Custom-EraseBytes-Custom-InsertRepeatedBytes-Custom- DE: "u\000\000\000"-
#42270	REDUCE cov: 341 ft: 643 corp: 67/3020b lim: 205 exec/s: 14090 rss: 1131Mb L: 81/170 MS: 2 EraseBytes-Custom-
#42516	REDUCE cov: 341 ft: 643 corp: 67/3013b lim: 205 exec/s: 14172 rss: 1131Mb L: 74/170 MS: 2 EraseBytes-Custom-
#43061	REDUCE cov: 341 ft: 644 corp: 68/3213b lim: 205 exec/s: 14353 rss: 1131Mb L: 200/200 MS: 10 CrossOver-Custom-ShuffleBytes-Custom-CrossOver-Custom-ChangeByte-Custom-InsertRepeatedBytes-Custom-
#43320	REDUCE cov: 341 ft: 645 corp: 69/3397b lim: 205 exec/s: 14440 rss: 1131Mb L: 184/200 MS: 8 ChangeBinInt-Custom-InsertByte-Custom-EraseBytes-Custom-InsertRepeatedBytes-Custom-
#43417	NEW    cov: 341 ft: 646 corp: 70/3574b lim: 205 exec/s: 14472 rss: 1131Mb L: 177/200 MS: 4 InsertRepeatedBytes-Custom-CrossOver-Custom-
#44297	REDUCE cov: 341 ft: 646 corp: 70/3523b lim: 212 exec/s: 14765 rss: 1131Mb L: 133/200 MS: 10 ChangeBit-Custom-InsertRepeatedBytes-Custom-EraseBytes-Custom-PersAutoDict-Custom-CrossOver-Custom- DE: "zip"-
#44560	NEW    cov: 341 ft: 648 corp: 71/3729b lim: 212 exec/s: 14853 rss: 1131Mb L: 206/206 MS: 6 InsertByte-Custom-ChangeASCIIInt-Custom-CrossOver-Custom-
#45938	REDUCE cov: 341 ft: 648 corp: 71/3728b lim: 219 exec/s: 15312 rss: 1131Mb L: 199/206 MS: 6 ChangeBit-Custom-ChangeASCIIInt-Custom-EraseBytes-Custom-
#46289	REDUCE cov: 341 ft: 648 corp: 71/3725b lim: 219 exec/s: 15429 rss: 1131Mb L: 67/206 MS: 2 EraseBytes-Custom-
#46753	REDUCE cov: 341 ft: 648 corp: 71/3720b lim: 219 exec/s: 15584 rss: 1132Mb L: 201/201 MS: 8 InsertByte-Custom-CopyPart-Custom-InsertByte-Custom-EraseBytes-Custom-
#46893	DONE   cov: 341 ft: 648 corp: 71/3720b lim: 219 exec/s: 11723 rss: 1132Mb
###### Recommended dictionary. ######
"zip" # Uses: 1126
"\000\000\000\000\000\000\000\000" # Uses: 655
"jar" # Uses: 647
"tar" # Uses: 485
"ar" # Uses: 412
"\000\000\000`" # Uses: 319
"ziziarOOOOOOOOOOOOOOOOOKOOOOOOOO" # Uses: 124
"!\000\000\000" # Uses: 125
"dump" # Uses: 48
"u\000\000\000" # Uses: 33
###### End of recommended dictionary. ######
Done 46893 runs in 4 second(s)
[INFO] Tests run: 2, Failures: 0, Errors: 0, Skipped: 0, Time elapsed: 13.06 s -- in com.example.algorithm2.Algorithm2Test
[INFO] 
[INFO] Results:
[INFO] 
[INFO] Tests run: 2, Failures: 0, Errors: 0, Skipped: 0
[INFO] 
[INFO] 
[INFO] --- jacoco:0.8.11:report (default-cli) @ AlgorithmName2 ---
[INFO] Loading execution data file /tmp/bugrun/compress_22.2KR3Cy/target/jacoco.exec
[INFO] Analyzed bundle 'AlgorithmName2' with 174 classes
[INFO] ------------------------------------------------------------------------
[INFO] BUILD SUCCESS
[INFO] ------------------------------------------------------------------------
[INFO] Total time:  27.396 s
[INFO] Finished at: 2026-10-06T02:47:10+07:00
[INFO] ------------------------------------------------------------------------
