[INFO] Scanning for projects...
[INFO] 
[INFO] ---------------------< com.example:AlgorithmName2 >---------------------
[INFO] Building AlgorithmName2 1.0-SNAPSHOT
[INFO]   from pom.xml
[INFO] --------------------------------[ jar ]---------------------------------
[INFO] 
[INFO] --- jacoco:0.8.11:prepare-agent (default) @ AlgorithmName2 ---
[INFO] argLine set to -javaagent:/home/kanyaphak673380391-3/.m2/repository/org/jacoco/org.jacoco.agent/0.8.11/org.jacoco.agent-0.8.11-runtime.jar=destfile=/tmp/bugrun/cli_20.i1c9gR/target/jacoco.exec
[INFO] 
[INFO] --- resources:3.4.0:resources (default-resources) @ AlgorithmName2 ---
[INFO] Copying 1 resource from src/main/resources to target/classes
[INFO] 
[INFO] --- compiler:3.15.0:compile (default-compile) @ AlgorithmName2 ---
[INFO] Recompiling the module because of changed source code.
[INFO] Compiling 1 source file with javac [debug target 1.8] to target/classes
[WARNING] bootstrap class path not set in conjunction with -source 8
[INFO] 
[INFO] --- dependency:3.6.0:unpack-dependencies (unpack-defects4j) @ AlgorithmName2 ---
[INFO] 
[INFO] --- resources:3.4.0:testResources (default-testResources) @ AlgorithmName2 ---
[INFO] skip non existing resourceDirectory /tmp/bugrun/cli_20.i1c9gR/src/test/resources
[INFO] 
[INFO] --- compiler:3.15.0:testCompile (default-testCompile) @ AlgorithmName2 ---
[INFO] Recompiling the module because of changed dependency.
[INFO] Compiling 1 source file with javac [debug target 1.8] to target/test-classes
[WARNING] bootstrap class path not set in conjunction with -source 8
[INFO] 
[INFO] --- surefire:3.1.2:test (default-cli) @ AlgorithmName2 ---
[INFO] Using auto detected provider org.apache.maven.surefire.junitplatform.JUnitPlatformProvider
[INFO] 
[INFO] -------------------------------------------------------
[INFO]  T E S T S
[INFO] -------------------------------------------------------
[INFO] Running com.example.algorithm2.Algorithm2Test
OpenJDK 64-Bit Server VM warning: Sharing is only supported for boot loader classes because bootstrap classpath has been appended
INFO: Loaded 281 hooks from com.code_intelligence.jazzer.runtime.TraceCmpHooks
INFO: Loaded 5 hooks from com.code_intelligence.jazzer.runtime.TraceDivHooks
INFO: Loaded 2 hooks from com.code_intelligence.jazzer.runtime.TraceIndirHooks
INFO: Loaded 4 hooks from com.code_intelligence.jazzer.runtime.NativeLibHooks
INFO: Loaded 2 hooks from com.code_intelligence.jazzer.sanitizers.ClojureLangHooks
INFO: Loaded 5 hooks from com.code_intelligence.jazzer.sanitizers.Deserialization
INFO: Loaded 5 hooks from com.code_intelligence.jazzer.sanitizers.ExpressionLanguageInjection
INFO: Loaded 70 hooks from com.code_intelligence.jazzer.sanitizers.LdapInjection
INFO: Loaded 46 hooks from com.code_intelligence.jazzer.sanitizers.NamingContextLookup
INFO: Loaded 1 hooks from com.code_intelligence.jazzer.sanitizers.OsCommandInjection
INFO: Loaded 52 hooks from com.code_intelligence.jazzer.sanitizers.ReflectiveCall
INFO: Loaded 8 hooks from com.code_intelligence.jazzer.sanitizers.RegexInjection
INFO: Loaded 16 hooks from com.code_intelligence.jazzer.sanitizers.RegexRoadblocks
INFO: Loaded 18 hooks from com.code_intelligence.jazzer.sanitizers.ScriptEngineInjection
INFO: Loaded 2 hooks from com.code_intelligence.jazzer.sanitizers.ServerSideRequestForgery
INFO: Loaded 19 hooks from com.code_intelligence.jazzer.sanitizers.SqlInjection
INFO: Loaded 6 hooks from com.code_intelligence.jazzer.sanitizers.XPathInjection
INFO: Instrumented com.example.algorithm2.Algorithm2Test$Skip (took 324 ms, size +44%)
INFO: Instrumented com.example.algorithm2.Algorithm2Test (took 308 ms, size +27%)
INFO: Instrumented org.apache.commons.cli.CommandLine (took 206 ms, size +31%)
INFO: New number of coverage counters: 1024
INFO: Instrumented org.apache.commons.cli.Option (took 156 ms, size +25%)
[harness] target=org.apache.commons.cli.CommandLine factories=1 methods=15
INFO: found LLVMFuzzerCustomMutator (0x70bdd2070cd0). Disabling -len_control by default.
INFO: Running with entropic power schedule (0xFF, 100).
INFO: Seed: 1298151509
INFO: using inputs from: /tmp/bugrun/cli_20.i1c9gR/.cifuzz-corpus/com.example.algorithm2.Algorithm2Test/testParameterizedFuzzer
INFO: using inputs from: /tmp/jazzer-java-seeds9746430328099127623
INFO: Loaded 2 modules   (1024 inline 8-bit counters): 512 [0x70bea49da380, 0x70bea49da580), 512 [0x70bea49da580, 0x70bea49da780), 
INFO: Loaded 2 PC tables (1024 PCs): 512 [0x70bea4857db0,0x70bea4859db0), 512 [0x70bea4b25c20,0x70bea4b27c20), 
INFO:        0 files found in /tmp/bugrun/cli_20.i1c9gR/.cifuzz-corpus/com.example.algorithm2.Algorithm2Test/testParameterizedFuzzer
INFO:        0 files found in /tmp/jazzer-java-seeds9746430328099127623
INFO: -max_len is not provided; libFuzzer will not generate inputs larger than 4096 bytes
INFO: A corpus is not provided, starting from an empty corpus
#2	INITED cov: 33 ft: 33 corp: 1/1b exec/s: 0 rss: 878Mb
#3	NEW    cov: 36 ft: 36 corp: 2/2b lim: 4 exec/s: 0 rss: 878Mb L: 1/1 MS: 2 ChangeByte-Custom-
#4	NEW    cov: 53 ft: 53 corp: 3/3b lim: 4 exec/s: 0 rss: 880Mb L: 1/1 MS: 2 ChangeByte-Custom-
#5	NEW    cov: 54 ft: 54 corp: 4/4b lim: 4 exec/s: 0 rss: 880Mb L: 1/1 MS: 2 ChangeBinInt-Custom-
#7	NEW    cov: 67 ft: 71 corp: 5/5b lim: 4 exec/s: 0 rss: 880Mb L: 1/1 MS: 4 CrossOver-Custom-ChangeBit-Custom-
#9	NEW    cov: 67 ft: 72 corp: 6/7b lim: 4 exec/s: 0 rss: 880Mb L: 2/2 MS: 4 ChangeByte-Custom-CopyPart-Custom-
#11	NEW    cov: 69 ft: 76 corp: 7/8b lim: 4 exec/s: 0 rss: 880Mb L: 1/2 MS: 4 CopyPart-Custom-ChangeByte-Custom-
#12	NEW    cov: 70 ft: 77 corp: 8/9b lim: 4 exec/s: 0 rss: 880Mb L: 1/2 MS: 2 CopyPart-Custom-
#14	NEW    cov: 70 ft: 78 corp: 9/13b lim: 4 exec/s: 0 rss: 880Mb L: 4/4 MS: 4 ShuffleBytes-Custom-CopyPart-Custom-
#15	NEW    cov: 75 ft: 83 corp: 10/16b lim: 4 exec/s: 0 rss: 880Mb L: 3/4 MS: 2 InsertByte-Custom-
#19	NEW    cov: 75 ft: 86 corp: 11/18b lim: 4 exec/s: 0 rss: 880Mb L: 2/4 MS: 8 ChangeBit-Custom-ShuffleBytes-Custom-CrossOver-Custom-CopyPart-Custom-
#20	NEW    cov: 77 ft: 88 corp: 12/20b lim: 4 exec/s: 0 rss: 880Mb L: 2/4 MS: 2 InsertByte-Custom-
#22	NEW    cov: 79 ft: 90 corp: 13/23b lim: 4 exec/s: 0 rss: 880Mb L: 3/4 MS: 4 CrossOver-Custom-InsertByte-Custom-
#42	NEW    cov: 79 ft: 100 corp: 14/27b lim: 4 exec/s: 0 rss: 880Mb L: 4/4 MS: 10 CrossOver-Custom-ChangeBit-Custom-InsertByte-Custom-CrossOver-Custom-ChangeBit-Custom-
#63	NEW    cov: 83 ft: 104 corp: 15/31b lim: 4 exec/s: 0 rss: 880Mb L: 4/4 MS: 2 ChangeBit-Custom-
#118	REDUCE cov: 83 ft: 104 corp: 15/30b lim: 4 exec/s: 0 rss: 880Mb L: 2/4 MS: 10 CopyPart-Custom-CopyPart-Custom-EraseBytes-Custom-InsertByte-Custom-EraseBytes-Custom-
#122	NEW    cov: 83 ft: 106 corp: 16/31b lim: 4 exec/s: 0 rss: 880Mb L: 1/4 MS: 8 InsertByte-Custom-ShuffleBytes-Custom-CMP-Custom-EraseBytes-Custom- DE: "\377\001"-
#140	NEW    cov: 83 ft: 108 corp: 17/35b lim: 4 exec/s: 0 rss: 881Mb L: 4/4 MS: 6 EraseBytes-Custom-CopyPart-Custom-ShuffleBytes-Custom-
INFO: Instrumented org.apache.commons.cli.Util (took 15 ms, size +74%)
#168	NEW    cov: 83 ft: 112 corp: 18/39b lim: 4 exec/s: 0 rss: 881Mb L: 4/4 MS: 6 CopyPart-Custom-ChangeByte-Custom-CrossOver-Custom-
#169	NEW    cov: 83 ft: 113 corp: 19/42b lim: 4 exec/s: 0 rss: 881Mb L: 3/4 MS: 2 EraseBytes-Custom-
#176	NEW    cov: 83 ft: 116 corp: 20/46b lim: 4 exec/s: 0 rss: 881Mb L: 4/4 MS: 4 ChangeBit-Custom-CopyPart-Custom-
#235	NEW    cov: 83 ft: 128 corp: 21/50b lim: 4 exec/s: 0 rss: 881Mb L: 4/4 MS: 8 ChangeByte-Custom-ShuffleBytes-Custom-ChangeBit-Custom-ChangeByte-Custom-
#238	REDUCE cov: 83 ft: 128 corp: 21/49b lim: 4 exec/s: 0 rss: 881Mb L: 3/4 MS: 6 ShuffleBytes-Custom-ChangeBit-Custom-EraseBytes-Custom-
#254	REDUCE cov: 83 ft: 128 corp: 21/48b lim: 4 exec/s: 0 rss: 882Mb L: 2/4 MS: 2 EraseBytes-Custom-
#312	NEW    cov: 83 ft: 131 corp: 22/51b lim: 4 exec/s: 0 rss: 882Mb L: 3/4 MS: 6 ChangeBit-Custom-CrossOver-Custom-CrossOver-Custom-
#333	REDUCE cov: 83 ft: 131 corp: 22/50b lim: 4 exec/s: 0 rss: 883Mb L: 3/4 MS: 2 EraseBytes-Custom-
#386	NEW    cov: 83 ft: 135 corp: 23/54b lim: 4 exec/s: 0 rss: 883Mb L: 4/4 MS: 6 InsertByte-Custom-CopyPart-Custom-InsertByte-Custom-
#485	REDUCE cov: 83 ft: 137 corp: 24/58b lim: 4 exec/s: 0 rss: 884Mb L: 4/4 MS: 8 InsertByte-Custom-EraseBytes-Custom-CrossOver-Custom-InsertByte-Custom-
#676	REDUCE cov: 83 ft: 137 corp: 24/57b lim: 4 exec/s: 0 rss: 888Mb L: 1/4 MS: 2 EraseBytes-Custom-
#777	NEW    cov: 83 ft: 140 corp: 25/61b lim: 4 exec/s: 0 rss: 889Mb L: 4/4 MS: 2 CopyPart-Custom-
#1080	NEW    cov: 83 ft: 142 corp: 26/66b lim: 6 exec/s: 0 rss: 892Mb L: 5/5 MS: 6 InsertRepeatedBytes-Custom-ShuffleBytes-Custom-CrossOver-Custom-
#1116	REDUCE cov: 83 ft: 145 corp: 27/69b lim: 6 exec/s: 0 rss: 892Mb L: 3/5 MS: 2 ChangeBit-Custom-
#1189	REDUCE cov: 83 ft: 147 corp: 28/75b lim: 6 exec/s: 0 rss: 893Mb L: 6/6 MS: 6 EraseBytes-Custom-CrossOver-Custom-InsertRepeatedBytes-Custom-
#1236	REDUCE cov: 83 ft: 147 corp: 28/74b lim: 6 exec/s: 0 rss: 894Mb L: 1/6 MS: 4 ShuffleBytes-Custom-EraseBytes-Custom-
#1477	NEW    cov: 83 ft: 161 corp: 29/82b lim: 8 exec/s: 0 rss: 895Mb L: 8/8 MS: 2 CopyPart-Custom-
#1818	NEW    cov: 83 ft: 166 corp: 30/89b lim: 11 exec/s: 0 rss: 898Mb L: 7/8 MS: 2 InsertRepeatedBytes-Custom-
#1825	NEW    cov: 83 ft: 167 corp: 31/99b lim: 11 exec/s: 0 rss: 898Mb L: 10/10 MS: 4 CopyPart-Custom-CopyPart-Custom-
#1889	NEW    cov: 83 ft: 174 corp: 32/108b lim: 11 exec/s: 0 rss: 898Mb L: 9/10 MS: 8 ChangeBinInt-Custom-PersAutoDict-Custom-PersAutoDict-Custom-InsertByte-Custom- DE: "\377\001"-"\377\001"-
#1895	NEW    cov: 83 ft: 177 corp: 33/117b lim: 11 exec/s: 0 rss: 898Mb L: 9/10 MS: 2 InsertRepeatedBytes-Custom-
#2041	REDUCE cov: 83 ft: 177 corp: 33/116b lim: 11 exec/s: 0 rss: 899Mb L: 9/9 MS: 2 EraseBytes-Custom-
#2144	NEW    cov: 83 ft: 182 corp: 34/127b lim: 11 exec/s: 0 rss: 899Mb L: 11/11 MS: 6 CopyPart-Custom-ShuffleBytes-Custom-InsertRepeatedBytes-Custom-
#2176	REDUCE cov: 83 ft: 184 corp: 35/135b lim: 11 exec/s: 0 rss: 900Mb L: 8/11 MS: 4 ChangeByte-Custom-InsertRepeatedBytes-Custom-
#2272	NEW    cov: 83 ft: 188 corp: 36/143b lim: 11 exec/s: 0 rss: 900Mb L: 8/11 MS: 2 ChangeBinInt-Custom-
#2288	NEW    cov: 83 ft: 197 corp: 37/154b lim: 11 exec/s: 0 rss: 900Mb L: 11/11 MS: 2 ChangeByte-Custom-
#2329	NEW    cov: 83 ft: 207 corp: 38/165b lim: 11 exec/s: 0 rss: 900Mb L: 11/11 MS: 2 CopyPart-Custom-
#2443	REDUCE cov: 83 ft: 207 corp: 38/164b lim: 11 exec/s: 0 rss: 901Mb L: 2/11 MS: 8 CopyPart-Custom-CopyPart-Custom-ChangeByte-Custom-EraseBytes-Custom-
#2460	NEW    cov: 83 ft: 211 corp: 39/175b lim: 11 exec/s: 0 rss: 901Mb L: 11/11 MS: 4 InsertByte-Custom-PersAutoDict-Custom- DE: "\377\001"-
#2542	REDUCE cov: 83 ft: 211 corp: 39/174b lim: 11 exec/s: 0 rss: 902Mb L: 8/11 MS: 4 PersAutoDict-Custom-EraseBytes-Custom- DE: "\377\001"-
#2548	REDUCE cov: 83 ft: 211 corp: 39/173b lim: 11 exec/s: 0 rss: 902Mb L: 7/11 MS: 2 EraseBytes-Custom-
#2983	NEW    cov: 83 ft: 218 corp: 40/187b lim: 14 exec/s: 0 rss: 906Mb L: 14/14 MS: 10 ShuffleBytes-Custom-ChangeASCIIInt-Custom-CopyPart-Custom-ChangeByte-Custom-PersAutoDict-Custom- DE: "\377\001"-
#3028	NEW    cov: 83 ft: 220 corp: 41/201b lim: 14 exec/s: 0 rss: 906Mb L: 14/14 MS: 10 InsertByte-Custom-ShuffleBytes-Custom-PersAutoDict-Custom-EraseBytes-Custom-InsertRepeatedBytes-Custom- DE: "\377\001"-
#3119	REDUCE cov: 83 ft: 220 corp: 41/200b lim: 14 exec/s: 0 rss: 908Mb L: 1/14 MS: 2 EraseBytes-Custom-
#3196	NEW    cov: 83 ft: 222 corp: 42/212b lim: 14 exec/s: 0 rss: 909Mb L: 12/14 MS: 4 ChangeByte-Custom-EraseBytes-Custom-
#3219	REDUCE cov: 83 ft: 222 corp: 42/210b lim: 14 exec/s: 0 rss: 909Mb L: 10/14 MS: 6 CrossOver-Custom-CopyPart-Custom-ChangeByte-Custom-
#3419	REDUCE cov: 83 ft: 222 corp: 42/209b lim: 14 exec/s: 0 rss: 910Mb L: 2/14 MS: 10 InsertByte-Custom-PersAutoDict-Custom-ShuffleBytes-Custom-ChangeByte-Custom-EraseBytes-Custom- DE: "\377\001"-
#3686	REDUCE cov: 83 ft: 222 corp: 42/207b lim: 14 exec/s: 0 rss: 912Mb L: 9/14 MS: 4 ChangeByte-Custom-EraseBytes-Custom-
#3921	REDUCE cov: 83 ft: 225 corp: 43/221b lim: 14 exec/s: 0 rss: 913Mb L: 14/14 MS: 10 InsertByte-Custom-InsertRepeatedBytes-Custom-ShuffleBytes-Custom-ShuffleBytes-Custom-CopyPart-Custom-
#4183	REDUCE cov: 83 ft: 225 corp: 43/220b lim: 14 exec/s: 0 rss: 915Mb L: 10/14 MS: 4 ShuffleBytes-Custom-EraseBytes-Custom-
#4739	REDUCE cov: 83 ft: 225 corp: 43/219b lim: 17 exec/s: 0 rss: 918Mb L: 9/14 MS: 2 EraseBytes-Custom-
#5215	REDUCE cov: 83 ft: 225 corp: 43/217b lim: 21 exec/s: 0 rss: 920Mb L: 12/14 MS: 2 EraseBytes-Custom-
#5380	REDUCE cov: 83 ft: 225 corp: 43/216b lim: 21 exec/s: 0 rss: 921Mb L: 1/14 MS: 10 PersAutoDict-Custom-ChangeByte-Custom-PersAutoDict-Custom-ChangeByte-Custom-EraseBytes-Custom- DE: "\377\001"-"\377\001"-
#5416	REDUCE cov: 83 ft: 225 corp: 43/215b lim: 21 exec/s: 0 rss: 921Mb L: 7/14 MS: 2 EraseBytes-Custom-
#5982	REDUCE cov: 83 ft: 225 corp: 43/211b lim: 25 exec/s: 0 rss: 925Mb L: 10/14 MS: 2 CrossOver-Custom-
#5984	REDUCE cov: 83 ft: 225 corp: 43/210b lim: 25 exec/s: 0 rss: 925Mb L: 8/14 MS: 4 PersAutoDict-Custom-EraseBytes-Custom- DE: "\377\001"-
#6040	REDUCE cov: 83 ft: 225 corp: 43/208b lim: 25 exec/s: 0 rss: 925Mb L: 10/14 MS: 2 EraseBytes-Custom-
#6151	NEW    cov: 83 ft: 251 corp: 44/231b lim: 25 exec/s: 0 rss: 926Mb L: 23/23 MS: 2 InsertRepeatedBytes-Custom-
#6376	REDUCE cov: 85 ft: 253 corp: 45/233b lim: 25 exec/s: 0 rss: 927Mb L: 2/23 MS: 10 InsertByte-Custom-ShuffleBytes-Custom-EraseBytes-Custom-ChangeBinInt-Custom-InsertByte-Custom-
#6913	REDUCE cov: 85 ft: 255 corp: 46/260b lim: 29 exec/s: 0 rss: 930Mb L: 27/27 MS: 4 InsertByte-Custom-InsertRepeatedBytes-Custom-
#7238	NEW    cov: 85 ft: 259 corp: 47/289b lim: 29 exec/s: 0 rss: 932Mb L: 29/29 MS: 10 ShuffleBytes-Custom-EraseBytes-Custom-EraseBytes-Custom-PersAutoDict-Custom-InsertRepeatedBytes-Custom- DE: "\377\001"-
#7354	REDUCE cov: 85 ft: 259 corp: 47/288b lim: 29 exec/s: 0 rss: 933Mb L: 13/29 MS: 2 EraseBytes-Custom-
#7367	REDUCE cov: 85 ft: 259 corp: 47/287b lim: 29 exec/s: 0 rss: 933Mb L: 28/28 MS: 6 ChangeByte-Custom-ChangeBit-Custom-EraseBytes-Custom-
#7605	NEW    cov: 87 ft: 261 corp: 48/291b lim: 29 exec/s: 0 rss: 934Mb L: 4/28 MS: 6 ChangeByte-Custom-CopyPart-Custom-ChangeASCIIInt-Custom-
#8412	REDUCE cov: 87 ft: 261 corp: 48/290b lim: 33 exec/s: 0 rss: 939Mb L: 12/28 MS: 4 ChangeByte-Custom-EraseBytes-Custom-
#8643	REDUCE cov: 87 ft: 261 corp: 48/289b lim: 33 exec/s: 0 rss: 940Mb L: 9/28 MS: 2 EraseBytes-Custom-
#8846	REDUCE cov: 87 ft: 261 corp: 48/287b lim: 33 exec/s: 0 rss: 941Mb L: 25/28 MS: 6 ShuffleBytes-Custom-EraseBytes-Custom-CopyPart-Custom-
#9872	REDUCE cov: 87 ft: 266 corp: 49/325b lim: 43 exec/s: 0 rss: 947Mb L: 38/38 MS: 2 InsertRepeatedBytes-Custom-
#9894	REDUCE cov: 87 ft: 266 corp: 49/323b lim: 43 exec/s: 0 rss: 947Mb L: 36/36 MS: 4 ChangeByte-Custom-EraseBytes-Custom-
#9940	REDUCE cov: 87 ft: 266 corp: 49/322b lim: 43 exec/s: 0 rss: 947Mb L: 11/36 MS: 2 EraseBytes-Custom-
#10106	REDUCE cov: 87 ft: 268 corp: 50/346b lim: 43 exec/s: 0 rss: 948Mb L: 24/36 MS: 2 InsertRepeatedBytes-Custom-
#10253	REDUCE cov: 87 ft: 268 corp: 50/345b lim: 43 exec/s: 0 rss: 949Mb L: 3/36 MS: 4 ShuffleBytes-Custom-EraseBytes-Custom-
#10382	NEW    cov: 87 ft: 272 corp: 51/387b lim: 43 exec/s: 0 rss: 950Mb L: 42/42 MS: 8 PersAutoDict-Custom-EraseBytes-Custom-InsertRepeatedBytes-Custom-InsertRepeatedBytes-Custom- DE: "\377\001"-
#10587	REDUCE cov: 87 ft: 272 corp: 51/386b lim: 43 exec/s: 0 rss: 951Mb L: 41/41 MS: 10 EraseBytes-Custom-PersAutoDict-Custom-CopyPart-Custom-CopyPart-Custom-EraseBytes-Custom- DE: "\377\001"-
#10663	REDUCE cov: 87 ft: 272 corp: 51/385b lim: 43 exec/s: 0 rss: 951Mb L: 10/41 MS: 2 EraseBytes-Custom-
#12331	REDUCE cov: 87 ft: 272 corp: 51/384b lim: 58 exec/s: 0 rss: 962Mb L: 8/41 MS: 6 ShuffleBytes-Custom-ShuffleBytes-Custom-EraseBytes-Custom-
#12478	REDUCE cov: 87 ft: 272 corp: 51/383b lim: 58 exec/s: 0 rss: 962Mb L: 23/41 MS: 4 CrossOver-Custom-EraseBytes-Custom-
#12614	REDUCE cov: 87 ft: 272 corp: 51/382b lim: 58 exec/s: 0 rss: 963Mb L: 7/41 MS: 2 EraseBytes-Custom-
#12771	REDUCE cov: 87 ft: 272 corp: 51/380b lim: 58 exec/s: 0 rss: 964Mb L: 26/41 MS: 4 PersAutoDict-Custom-EraseBytes-Custom- DE: "\377\001"-
#14396	REDUCE cov: 87 ft: 274 corp: 52/450b lim: 74 exec/s: 0 rss: 973Mb L: 70/70 MS: 10 ChangeBinInt-Custom-CMP-Custom-EraseBytes-Custom-CopyPart-Custom-InsertRepeatedBytes-Custom- DE: "\002\000\000\000"-
#15060	REDUCE cov: 87 ft: 276 corp: 53/529b lim: 80 exec/s: 0 rss: 980Mb L: 79/79 MS: 8 InsertRepeatedBytes-Custom-CrossOver-Custom-EraseBytes-Custom-InsertRepeatedBytes-Custom-
#15157	NEW    cov: 87 ft: 280 corp: 54/600b lim: 80 exec/s: 0 rss: 981Mb L: 71/79 MS: 4 InsertRepeatedBytes-Custom-InsertRepeatedBytes-Custom-
#15781	REDUCE cov: 87 ft: 280 corp: 54/599b lim: 86 exec/s: 0 rss: 985Mb L: 70/79 MS: 8 CopyPart-Custom-InsertByte-Custom-EraseBytes-Custom-CMP-Custom- DE: "\001\000\000\000\000\000\000\000"-
#15818	REDUCE cov: 87 ft: 285 corp: 55/675b lim: 86 exec/s: 0 rss: 985Mb L: 76/79 MS: 4 CopyPart-Custom-InsertRepeatedBytes-Custom-
#16414	REDUCE cov: 87 ft: 285 corp: 55/674b lim: 86 exec/s: 0 rss: 988Mb L: 8/79 MS: 2 EraseBytes-Custom-
#17761	REDUCE cov: 87 ft: 285 corp: 55/673b lim: 98 exec/s: 0 rss: 995Mb L: 8/79 MS: 4 ChangeBinInt-Custom-EraseBytes-Custom-
#17773	REDUCE cov: 87 ft: 285 corp: 55/671b lim: 98 exec/s: 0 rss: 995Mb L: 39/79 MS: 4 PersAutoDict-Custom-EraseBytes-Custom- DE: "\377\001"-
#18980	REDUCE cov: 87 ft: 285 corp: 55/670b lim: 104 exec/s: 0 rss: 1002Mb L: 69/79 MS: 4 EraseBytes-Custom-InsertByte-Custom-
#20542	REDUCE cov: 87 ft: 285 corp: 55/667b lim: 116 exec/s: 0 rss: 1011Mb L: 76/76 MS: 4 ChangeBinInt-Custom-EraseBytes-Custom-
#21233	NEW    cov: 87 ft: 289 corp: 56/786b lim: 122 exec/s: 0 rss: 1015Mb L: 119/119 MS: 2 InsertRepeatedBytes-Custom-
#21755	REDUCE cov: 87 ft: 289 corp: 56/785b lim: 122 exec/s: 0 rss: 1018Mb L: 10/119 MS: 4 EraseBytes-Custom-ShuffleBytes-Custom-
#21837	REDUCE cov: 87 ft: 289 corp: 56/780b lim: 122 exec/s: 0 rss: 1019Mb L: 71/119 MS: 4 ShuffleBytes-Custom-EraseBytes-Custom-
#22915	REDUCE cov: 87 ft: 289 corp: 56/779b lim: 128 exec/s: 0 rss: 1025Mb L: 118/118 MS: 6 EraseBytes-Custom-CMP-Custom-CopyPart-Custom- DE: "\377\027"-
#22951	REDUCE cov: 87 ft: 294 corp: 57/902b lim: 128 exec/s: 0 rss: 1025Mb L: 123/123 MS: 2 InsertRepeatedBytes-Custom-
#23024	REDUCE cov: 87 ft: 294 corp: 57/887b lim: 128 exec/s: 0 rss: 1025Mb L: 108/118 MS: 6 InsertByte-Custom-ChangeASCIIInt-Custom-EraseBytes-Custom-
#23335	REDUCE cov: 87 ft: 294 corp: 57/886b lim: 128 exec/s: 0 rss: 1027Mb L: 25/118 MS: 2 EraseBytes-Custom-
#23431	REDUCE cov: 87 ft: 294 corp: 57/881b lim: 128 exec/s: 0 rss: 1028Mb L: 113/113 MS: 2 EraseBytes-Custom-
#23695	REDUCE cov: 87 ft: 294 corp: 57/880b lim: 128 exec/s: 0 rss: 1029Mb L: 7/113 MS: 8 ShuffleBytes-Custom-CopyPart-Custom-ShuffleBytes-Custom-EraseBytes-Custom-
#25156	REDUCE cov: 87 ft: 294 corp: 57/879b lim: 142 exec/s: 0 rss: 1037Mb L: 112/112 MS: 2 EraseBytes-Custom-
#30137	REDUCE cov: 87 ft: 294 corp: 57/877b lim: 191 exec/s: 30137 rss: 1065Mb L: 23/112 MS: 2 EraseBytes-Custom-
#30769	REDUCE cov: 87 ft: 294 corp: 57/875b lim: 191 exec/s: 30769 rss: 1069Mb L: 110/110 MS: 4 InsertByte-Custom-EraseBytes-Custom-
#36486	REDUCE cov: 87 ft: 294 corp: 57/874b lim: 247 exec/s: 36486 rss: 1090Mb L: 38/110 MS: 4 EraseBytes-Custom-InsertByte-Custom-
#36995	REDUCE cov: 87 ft: 294 corp: 57/871b lim: 247 exec/s: 36995 rss: 1093Mb L: 66/110 MS: 8 ChangeBit-Custom-CrossOver-Custom-CMP-Custom-CopyPart-Custom- DE: "\000\000\000\000\000\000\000\000"-
#37417	REDUCE cov: 87 ft: 294 corp: 57/870b lim: 247 exec/s: 37417 rss: 1095Mb L: 107/110 MS: 4 ChangeASCIIInt-Custom-EraseBytes-Custom-
#37854	REDUCE cov: 87 ft: 296 corp: 58/1071b lim: 247 exec/s: 37854 rss: 1097Mb L: 201/201 MS: 4 InsertRepeatedBytes-Custom-InsertRepeatedBytes-Custom-
#38591	REDUCE cov: 87 ft: 296 corp: 58/1066b lim: 254 exec/s: 38591 rss: 1101Mb L: 196/196 MS: 4 EraseBytes-Custom-InsertByte-Custom-
#42251	NEW    cov: 87 ft: 300 corp: 59/1308b lim: 285 exec/s: 42251 rss: 1122Mb L: 242/242 MS: 10 CopyPart-Custom-CrossOver-Custom-InsertRepeatedBytes-Custom-EraseBytes-Custom-InsertRepeatedBytes-Custom-
#44388	REDUCE cov: 87 ft: 300 corp: 59/1306b lim: 301 exec/s: 44388 rss: 1134Mb L: 108/242 MS: 4 EraseBytes-Custom-InsertRepeatedBytes-Custom-
#44479	REDUCE cov: 87 ft: 300 corp: 59/1305b lim: 301 exec/s: 44479 rss: 1134Mb L: 7/242 MS: 2 EraseBytes-Custom-
#45105	REDUCE cov: 87 ft: 300 corp: 59/1304b lim: 301 exec/s: 45105 rss: 1137Mb L: 241/241 MS: 2 EraseBytes-Custom-
#46133	REDUCE cov: 87 ft: 300 corp: 59/1300b lim: 309 exec/s: 46133 rss: 1143Mb L: 237/237 MS: 6 EraseBytes-Custom-InsertByte-Custom-CMP-Custom- DE: "\001\000\000\000\000\000\000\000"-
#52190	REDUCE cov: 87 ft: 300 corp: 59/1299b lim: 365 exec/s: 52190 rss: 1177Mb L: 107/237 MS: 4 EraseBytes-Custom-InsertRepeatedBytes-Custom-
#53708	REDUCE cov: 87 ft: 300 corp: 59/1298b lim: 373 exec/s: 53708 rss: 1185Mb L: 7/237 MS: 6 ShuffleBytes-Custom-CrossOver-Custom-EraseBytes-Custom-
#55710	REDUCE cov: 87 ft: 309 corp: 60/1628b lim: 389 exec/s: 55710 rss: 1196Mb L: 330/330 MS: 4 InsertRepeatedBytes-Custom-CopyPart-Custom-
#55813	REDUCE cov: 87 ft: 309 corp: 60/1596b lim: 389 exec/s: 55813 rss: 1197Mb L: 298/298 MS: 6 ShuffleBytes-Custom-ChangeByte-Custom-EraseBytes-Custom-
#56423	REDUCE cov: 87 ft: 309 corp: 60/1593b lim: 389 exec/s: 56423 rss: 1200Mb L: 67/298 MS: 10 ChangeByte-Custom-EraseBytes-Custom-CrossOver-Custom-CrossOver-Custom-CopyPart-Custom-
#57301	REDUCE cov: 87 ft: 309 corp: 60/1591b lim: 397 exec/s: 57301 rss: 1205Mb L: 296/296 MS: 6 PersAutoDict-Custom-ChangeBinInt-Custom-EraseBytes-Custom- DE: "\001\000\000\000\000\000\000\000"-
#57400	REDUCE cov: 87 ft: 309 corp: 60/1590b lim: 397 exec/s: 57400 rss: 1206Mb L: 10/296 MS: 8 InsertByte-Custom-EraseBytes-Custom-ShuffleBytes-Custom-ShuffleBytes-Custom-
#63604	REDUCE cov: 87 ft: 309 corp: 60/1569b lim: 453 exec/s: 63604 rss: 1240Mb L: 275/275 MS: 8 ChangeBinInt-Custom-ChangeBinInt-Custom-CMP-Custom-EraseBytes-Custom- DE: "\001\000\000\000\000\000\000\000"-
#63722	REDUCE cov: 87 ft: 309 corp: 60/1550b lim: 453 exec/s: 63722 rss: 1241Mb L: 256/256 MS: 6 ShuffleBytes-Custom-ShuffleBytes-Custom-EraseBytes-Custom-
#68559	REDUCE cov: 87 ft: 309 corp: 60/1549b lim: 501 exec/s: 68559 rss: 1268Mb L: 106/256 MS: 4 PersAutoDict-Custom-EraseBytes-Custom- DE: "\001\000\000\000\000\000\000\000"-
#72516	REDUCE cov: 87 ft: 309 corp: 60/1548b lim: 535 exec/s: 72516 rss: 1288Mb L: 22/256 MS: 4 EraseBytes-Custom-CopyPart-Custom-
#81579	REDUCE cov: 87 ft: 311 corp: 61/2086b lim: 625 exec/s: 40789 rss: 1288Mb L: 538/538 MS: 6 CopyPart-Custom-ShuffleBytes-Custom-CopyPart-Custom-
#83427	REDUCE cov: 87 ft: 311 corp: 61/2005b lim: 643 exec/s: 41713 rss: 1288Mb L: 457/457 MS: 6 InsertRepeatedBytes-Custom-ChangeByte-Custom-EraseBytes-Custom-
#84722	REDUCE cov: 87 ft: 311 corp: 61/2003b lim: 652 exec/s: 42361 rss: 1288Mb L: 36/457 MS: 10 ShuffleBytes-Custom-EraseBytes-Custom-ChangeBit-Custom-InsertByte-Custom-CopyPart-Custom-
#92054	REDUCE cov: 87 ft: 311 corp: 61/2001b lim: 724 exec/s: 46027 rss: 1289Mb L: 235/457 MS: 4 CrossOver-Custom-EraseBytes-Custom-
#94637	REDUCE cov: 87 ft: 311 corp: 61/1999b lim: 742 exec/s: 47318 rss: 1289Mb L: 254/457 MS: 6 ChangeBinInt-Custom-ChangeByte-Custom-EraseBytes-Custom-
#109740	REDUCE cov: 87 ft: 311 corp: 61/1998b lim: 886 exec/s: 54870 rss: 1289Mb L: 35/457 MS: 6 CopyPart-Custom-CopyPart-Custom-EraseBytes-Custom-
#116526	REDUCE cov: 87 ft: 311 corp: 61/1997b lim: 949 exec/s: 58263 rss: 1289Mb L: 75/457 MS: 2 EraseBytes-Custom-
#121940	REDUCE cov: 87 ft: 311 corp: 61/1996b lim: 994 exec/s: 60970 rss: 1289Mb L: 253/457 MS: 8 CrossOver-Custom-InsertByte-Custom-ChangeBinInt-Custom-EraseBytes-Custom-
#128891	REDUCE cov: 87 ft: 311 corp: 61/1995b lim: 1060 exec/s: 64445 rss: 1289Mb L: 8/457 MS: 2 EraseBytes-Custom-
#131072	pulse  cov: 87 ft: 311 corp: 61/1995b lim: 1080 exec/s: 65536 rss: 1289Mb
#140438	REDUCE cov: 87 ft: 311 corp: 61/1994b lim: 1170 exec/s: 70219 rss: 1289Mb L: 24/457 MS: 4 ShuffleBytes-Custom-EraseBytes-Custom-
#143435	REDUCE cov: 87 ft: 311 corp: 61/1993b lim: 1190 exec/s: 71717 rss: 1289Mb L: 23/457 MS: 4 ChangeByte-Custom-EraseBytes-Custom-
#152720	REDUCE cov: 87 ft: 311 corp: 61/1977b lim: 1280 exec/s: 76360 rss: 1289Mb L: 50/457 MS: 10 InsertByte-Custom-PersAutoDict-Custom-ChangeByte-Custom-EraseBytes-Custom-ChangeByte-Custom- DE: "\377\027"-
#154627	REDUCE cov: 87 ft: 311 corp: 61/1976b lim: 1290 exec/s: 77313 rss: 1289Mb L: 234/457 MS: 4 ShuffleBytes-Custom-EraseBytes-Custom-
#167941	REDUCE cov: 87 ft: 311 corp: 61/1972b lim: 1420 exec/s: 83970 rss: 1289Mb L: 46/457 MS: 8 CrossOver-Custom-InsertByte-Custom-ChangeBinInt-Custom-EraseBytes-Custom-
#169511	REDUCE cov: 87 ft: 311 corp: 61/1970b lim: 1430 exec/s: 84755 rss: 1289Mb L: 44/457 MS: 10 InsertByte-Custom-ChangeByte-Custom-CopyPart-Custom-EraseBytes-Custom-CopyPart-Custom-
#169574	REDUCE cov: 87 ft: 311 corp: 61/1969b lim: 1430 exec/s: 84787 rss: 1289Mb L: 43/457 MS: 6 ChangeByte-Custom-ShuffleBytes-Custom-EraseBytes-Custom-
#170621	REDUCE cov: 87 ft: 311 corp: 61/1958b lim: 1440 exec/s: 85310 rss: 1289Mb L: 32/457 MS: 4 CrossOver-Custom-EraseBytes-Custom-
#174842	REDUCE cov: 87 ft: 311 corp: 61/1957b lim: 1480 exec/s: 87421 rss: 1289Mb L: 252/457 MS: 2 EraseBytes-Custom-
#185847	REDUCE cov: 87 ft: 311 corp: 61/1947b lim: 1580 exec/s: 61949 rss: 1289Mb L: 22/457 MS: 10 InsertByte-Custom-ChangeBit-Custom-CMP-Custom-CrossOver-Custom-EraseBytes-Custom- DE: "\001\000\000\000\000\000\000\000"-
#187613	REDUCE cov: 87 ft: 311 corp: 61/1943b lim: 1590 exec/s: 62537 rss: 1289Mb L: 18/457 MS: 2 EraseBytes-Custom-
#190880	REDUCE cov: 87 ft: 311 corp: 61/1942b lim: 1620 exec/s: 63626 rss: 1289Mb L: 17/457 MS: 4 CopyPart-Custom-EraseBytes-Custom-
#192181	REDUCE cov: 87 ft: 311 corp: 61/1940b lim: 1630 exec/s: 64060 rss: 1289Mb L: 104/457 MS: 2 EraseBytes-Custom-
#197679	REDUCE cov: 87 ft: 311 corp: 61/1938b lim: 1680 exec/s: 65893 rss: 1289Mb L: 102/457 MS: 6 CMP-Custom-CopyPart-Custom-EraseBytes-Custom- DE: "sun.reflect.DelegatingClassLoader"-
#199435	REDUCE cov: 87 ft: 311 corp: 61/1937b lim: 1690 exec/s: 66478 rss: 1289Mb L: 16/457 MS: 2 EraseBytes-Custom-
#207891	REDUCE cov: 87 ft: 311 corp: 61/1931b lim: 1770 exec/s: 69297 rss: 1289Mb L: 10/457 MS: 2 EraseBytes-Custom-
#210627	REDUCE cov: 87 ft: 311 corp: 61/1930b lim: 1790 exec/s: 70209 rss: 1289Mb L: 22/457 MS: 2 EraseBytes-Custom-
#214213	REDUCE cov: 87 ft: 311 corp: 61/1928b lim: 1820 exec/s: 71404 rss: 1289Mb L: 8/457 MS: 2 EraseBytes-Custom-
#225365	REDUCE cov: 87 ft: 311 corp: 61/1887b lim: 1930 exec/s: 75121 rss: 1289Mb L: 211/457 MS: 4 CrossOver-Custom-EraseBytes-Custom-
#226876	REDUCE cov: 87 ft: 311 corp: 61/1885b lim: 1940 exec/s: 75625 rss: 1289Mb L: 6/457 MS: 2 EraseBytes-Custom-
#237259	REDUCE cov: 87 ft: 313 corp: 62/2060b lim: 2040 exec/s: 79086 rss: 1289Mb L: 175/457 MS: 6 PersAutoDict-Custom-InsertByte-Custom-InsertRepeatedBytes-Custom- DE: "\002\000\000\000"-
#237298	REDUCE cov: 87 ft: 313 corp: 62/2058b lim: 2040 exec/s: 79099 rss: 1289Mb L: 173/457 MS: 8 ShuffleBytes-Custom-ShuffleBytes-Custom-CMP-Custom-EraseBytes-Custom- DE: "\027\000\000\000"-
#237737	REDUCE cov: 87 ft: 315 corp: 63/2210b lim: 2040 exec/s: 79245 rss: 1289Mb L: 152/457 MS: 8 ChangeByte-Custom-CMP-Custom-ChangeBit-Custom-EraseBytes-Custom- DE: "\001\000\000\000\000\000\000\000"-
#238219	REDUCE cov: 87 ft: 315 corp: 63/2154b lim: 2040 exec/s: 79406 rss: 1289Mb L: 96/457 MS: 4 PersAutoDict-Custom-EraseBytes-Custom- DE: "\377\027"-
#239552	REDUCE cov: 87 ft: 317 corp: 64/2342b lim: 2050 exec/s: 79850 rss: 1289Mb L: 188/457 MS: 6 ChangeByte-Custom-CrossOver-Custom-CopyPart-Custom-
#240364	REDUCE cov: 87 ft: 317 corp: 64/2332b lim: 2050 exec/s: 80121 rss: 1289Mb L: 86/457 MS: 4 PersAutoDict-Custom-EraseBytes-Custom- DE: "\002\000\000\000"-
#244150	REDUCE cov: 87 ft: 317 corp: 64/2325b lim: 2083 exec/s: 81383 rss: 1289Mb L: 181/457 MS: 2 EraseBytes-Custom-
#244396	REDUCE cov: 87 ft: 317 corp: 64/2312b lim: 2083 exec/s: 81465 rss: 1289Mb L: 168/457 MS: 2 EraseBytes-Custom-
#246861	REDUCE cov: 87 ft: 317 corp: 64/2293b lim: 2105 exec/s: 82287 rss: 1289Mb L: 154/457 MS: 10 ShuffleBytes-Custom-ShuffleBytes-Custom-ChangeBit-Custom-InsertByte-Custom-EraseBytes-Custom-
#251857	REDUCE cov: 87 ft: 317 corp: 64/2283b lim: 2149 exec/s: 83952 rss: 1289Mb L: 144/457 MS: 2 EraseBytes-Custom-
#253719	REDUCE cov: 87 ft: 317 corp: 64/2281b lim: 2160 exec/s: 84573 rss: 1289Mb L: 142/457 MS: 4 ChangeByte-Custom-EraseBytes-Custom-
#254801	REDUCE cov: 87 ft: 317 corp: 64/2272b lim: 2160 exec/s: 84933 rss: 1289Mb L: 77/457 MS: 4 ChangeByte-Custom-EraseBytes-Custom-
#255329	REDUCE cov: 87 ft: 317 corp: 64/2269b lim: 2160 exec/s: 85109 rss: 1289Mb L: 139/457 MS: 6 InsertRepeatedBytes-Custom-ShuffleBytes-Custom-EraseBytes-Custom-
#257003	REDUCE cov: 87 ft: 317 corp: 64/2266b lim: 2171 exec/s: 85667 rss: 1289Mb L: 208/457 MS: 8 InsertRepeatedBytes-Custom-InsertByte-Custom-InsertByte-Custom-EraseBytes-Custom-
#258516	REDUCE cov: 87 ft: 317 corp: 64/2256b lim: 2182 exec/s: 86172 rss: 1289Mb L: 129/457 MS: 6 ChangeByte-Custom-PersAutoDict-Custom-EraseBytes-Custom- DE: "\000\000\000\000\000\000\000\000"-
#258535	REDUCE cov: 87 ft: 317 corp: 64/2243b lim: 2182 exec/s: 86178 rss: 1289Mb L: 54/457 MS: 8 EraseBytes-Custom-EraseBytes-Custom-InsertByte-Custom-CrossOver-Custom-
#258993	REDUCE cov: 87 ft: 317 corp: 64/2240b lim: 2182 exec/s: 86331 rss: 1289Mb L: 51/457 MS: 6 ChangeByte-Custom-EraseBytes-Custom-ShuffleBytes-Custom-
#261248	REDUCE cov: 87 ft: 319 corp: 65/2465b lim: 2204 exec/s: 87082 rss: 1289Mb L: 225/457 MS: 10 CopyPart-Custom-CrossOver-Custom-ChangeByte-Custom-InsertByte-Custom-CopyPart-Custom-
#262144	pulse  cov: 87 ft: 319 corp: 65/2465b lim: 2204 exec/s: 87381 rss: 1289Mb
#263327	REDUCE cov: 87 ft: 319 corp: 65/2464b lim: 2215 exec/s: 87775 rss: 1289Mb L: 128/457 MS: 8 ShuffleBytes-Custom-PersAutoDict-Custom-ChangeASCIIInt-Custom-EraseBytes-Custom- DE: "\377\027"-
#269766	REDUCE cov: 87 ft: 319 corp: 65/2452b lim: 2270 exec/s: 89922 rss: 1289Mb L: 213/457 MS: 8 InsertByte-Custom-ChangeASCIIInt-Custom-ChangeBinInt-Custom-EraseBytes-Custom-
#272424	REDUCE cov: 87 ft: 319 corp: 65/2436b lim: 2292 exec/s: 90808 rss: 1289Mb L: 197/457 MS: 6 EraseBytes-Custom-ChangeBit-Custom-ChangeBinInt-Custom-
#272982	REDUCE cov: 87 ft: 319 corp: 65/2432b lim: 2292 exec/s: 90994 rss: 1289Mb L: 204/457 MS: 6 EraseBytes-Custom-ChangeBinInt-Custom-CMP-Custom- DE: "\000\000\000\000\000\000\000\000"-
#278188	REDUCE cov: 87 ft: 319 corp: 65/2428b lim: 2336 exec/s: 92729 rss: 1289Mb L: 47/457 MS: 2 EraseBytes-Custom-
#281352	REDUCE cov: 87 ft: 319 corp: 65/2425b lim: 2358 exec/s: 93784 rss: 1289Mb L: 44/457 MS: 8 CopyPart-Custom-ChangeByte-Custom-InsertByte-Custom-EraseBytes-Custom-
#284519	REDUCE cov: 87 ft: 319 corp: 65/2359b lim: 2380 exec/s: 94839 rss: 1289Mb L: 131/457 MS: 4 CrossOver-Custom-EraseBytes-Custom-
#286543	REDUCE cov: 87 ft: 319 corp: 65/2352b lim: 2391 exec/s: 95514 rss: 1289Mb L: 37/457 MS: 8 ShuffleBytes-Custom-ChangeASCIIInt-Custom-CrossOver-Custom-EraseBytes-Custom-
#287015	REDUCE cov: 87 ft: 319 corp: 65/2338b lim: 2391 exec/s: 95671 rss: 1289Mb L: 23/457 MS: 4 ChangeBinInt-Custom-EraseBytes-Custom-
#287167	REDUCE cov: 87 ft: 319 corp: 65/2337b lim: 2391 exec/s: 95722 rss: 1289Mb L: 203/457 MS: 4 ChangeBinInt-Custom-EraseBytes-Custom-
#288028	REDUCE cov: 87 ft: 319 corp: 65/2336b lim: 2391 exec/s: 96009 rss: 1289Mb L: 22/457 MS: 2 EraseBytes-Custom-
#288184	REDUCE cov: 87 ft: 319 corp: 65/2332b lim: 2391 exec/s: 96061 rss: 1289Mb L: 18/457 MS: 2 EraseBytes-Custom-
#291538	REDUCE cov: 87 ft: 319 corp: 65/2330b lim: 2424 exec/s: 97179 rss: 1289Mb L: 16/457 MS: 8 ShuffleBytes-Custom-ChangeBinInt-Custom-CopyPart-Custom-EraseBytes-Custom-
#291760	REDUCE cov: 87 ft: 319 corp: 65/2293b lim: 2424 exec/s: 97253 rss: 1289Mb L: 131/457 MS: 4 EraseBytes-Custom-CopyPart-Custom-
#298097	REDUCE cov: 87 ft: 319 corp: 65/2287b lim: 2479 exec/s: 99365 rss: 1289Mb L: 10/457 MS: 4 ChangeASCIIInt-Custom-EraseBytes-Custom-
#301452	REDUCE cov: 87 ft: 319 corp: 65/2246b lim: 2512 exec/s: 100484 rss: 1289Mb L: 61/457 MS: 10 ChangeByte-Custom-EraseBytes-Custom-CopyPart-Custom-EraseBytes-Custom-CrossOver-Custom-
#304181	REDUCE cov: 87 ft: 319 corp: 65/2225b lim: 2534 exec/s: 101393 rss: 1289Mb L: 86/457 MS: 8 CrossOver-Custom-EraseBytes-Custom-InsertByte-Custom-CrossOver-Custom-
#304227	REDUCE cov: 87 ft: 319 corp: 65/2213b lim: 2534 exec/s: 101409 rss: 1289Mb L: 49/457 MS: 2 EraseBytes-Custom-
#305350	REDUCE cov: 87 ft: 319 corp: 65/2206b lim: 2545 exec/s: 101783 rss: 1289Mb L: 42/457 MS: 6 CopyPart-Custom-CrossOver-Custom-EraseBytes-Custom-
#307059	REDUCE cov: 87 ft: 319 corp: 65/2201b lim: 2556 exec/s: 102353 rss: 1289Mb L: 30/457 MS: 8 InsertByte-Custom-InsertByte-Custom-EraseBytes-Custom-InsertByte-Custom-
#307371	REDUCE cov: 87 ft: 319 corp: 65/2190b lim: 2556 exec/s: 102457 rss: 1289Mb L: 75/457 MS: 4 ChangeBinInt-Custom-EraseBytes-Custom-
#307622	REDUCE cov: 87 ft: 319 corp: 65/2189b lim: 2556 exec/s: 102540 rss: 1289Mb L: 41/457 MS: 2 EraseBytes-Custom-
#308335	REDUCE cov: 87 ft: 319 corp: 65/2188b lim: 2556 exec/s: 102778 rss: 1289Mb L: 40/457 MS: 6 ChangeBit-Custom-ChangeASCIIInt-Custom-EraseBytes-Custom-
#309167	REDUCE cov: 87 ft: 319 corp: 65/2186b lim: 2556 exec/s: 103055 rss: 1289Mb L: 28/457 MS: 4 InsertByte-Custom-EraseBytes-Custom-
#309753	REDUCE cov: 87 ft: 319 corp: 65/2177b lim: 2556 exec/s: 103251 rss: 1289Mb L: 31/457 MS: 2 EraseBytes-Custom-
#310007	REDUCE cov: 87 ft: 319 corp: 65/2175b lim: 2556 exec/s: 103335 rss: 1289Mb L: 73/457 MS: 8 ChangeASCIIInt-Custom-InsertByte-Custom-InsertByte-Custom-EraseBytes-Custom-
#310953	REDUCE cov: 87 ft: 319 corp: 65/2174b lim: 2556 exec/s: 103651 rss: 1289Mb L: 72/457 MS: 2 EraseBytes-Custom-
#312310	REDUCE cov: 87 ft: 319 corp: 65/2172b lim: 2567 exec/s: 104103 rss: 1289Mb L: 29/457 MS: 4 ShuffleBytes-Custom-EraseBytes-Custom-
#314413	REDUCE cov: 87 ft: 319 corp: 65/2171b lim: 2578 exec/s: 104804 rss: 1289Mb L: 71/457 MS: 6 ChangeBit-Custom-CopyPart-Custom-EraseBytes-Custom-
#319439	REDUCE cov: 87 ft: 319 corp: 65/2162b lim: 2622 exec/s: 106479 rss: 1289Mb L: 19/457 MS: 2 EraseBytes-Custom-
#320390	REDUCE cov: 87 ft: 319 corp: 65/2161b lim: 2622 exec/s: 106796 rss: 1289Mb L: 9/457 MS: 2 EraseBytes-Custom-
#321174	REDUCE cov: 87 ft: 319 corp: 65/2132b lim: 2622 exec/s: 107058 rss: 1289Mb L: 48/457 MS: 8 ChangeBinInt-Custom-ChangeBinInt-Custom-EraseBytes-Custom-CopyPart-Custom-
#321526	REDUCE cov: 87 ft: 319 corp: 65/2130b lim: 2622 exec/s: 107175 rss: 1289Mb L: 17/457 MS: 4 PersAutoDict-Custom-EraseBytes-Custom- DE: "\027\000\000\000"-
#322032	REDUCE cov: 87 ft: 319 corp: 65/2129b lim: 2622 exec/s: 107344 rss: 1289Mb L: 16/457 MS: 2 EraseBytes-Custom-
#323148	REDUCE cov: 87 ft: 319 corp: 65/2126b lim: 2633 exec/s: 107716 rss: 1289Mb L: 13/457 MS: 2 EraseBytes-Custom-
#324902	REDUCE cov: 87 ft: 319 corp: 65/2118b lim: 2644 exec/s: 108300 rss: 1289Mb L: 123/457 MS: 8 CopyPart-Custom-PersAutoDict-Custom-InsertRepeatedBytes-Custom-EraseBytes-Custom- DE: "\001\000\000\000\000\000\000\000"-
#325710	REDUCE cov: 87 ft: 319 corp: 65/2114b lim: 2644 exec/s: 108570 rss: 1289Mb L: 25/457 MS: 6 InsertByte-Custom-InsertByte-Custom-EraseBytes-Custom-
#328308	REDUCE cov: 87 ft: 319 corp: 65/2113b lim: 2666 exec/s: 109436 rss: 1289Mb L: 12/457 MS: 6 InsertByte-Custom-ChangeBit-Custom-EraseBytes-Custom-
#328376	REDUCE cov: 87 ft: 319 corp: 65/2111b lim: 2666 exec/s: 109458 rss: 1289Mb L: 69/457 MS: 6 ShuffleBytes-Custom-ShuffleBytes-Custom-EraseBytes-Custom-
#329777	REDUCE cov: 87 ft: 319 corp: 65/2106b lim: 2677 exec/s: 109925 rss: 1289Mb L: 20/457 MS: 2 EraseBytes-Custom-
#330172	REDUCE cov: 87 ft: 319 corp: 65/2087b lim: 2677 exec/s: 110057 rss: 1289Mb L: 50/457 MS: 10 ShuffleBytes-Custom-ChangeASCIIInt-Custom-CopyPart-Custom-CrossOver-Custom-EraseBytes-Custom-
#332159	REDUCE cov: 87 ft: 319 corp: 65/2086b lim: 2688 exec/s: 110719 rss: 1289Mb L: 47/457 MS: 4 ShuffleBytes-Custom-EraseBytes-Custom-
#333042	REDUCE cov: 87 ft: 319 corp: 65/2081b lim: 2688 exec/s: 111014 rss: 1289Mb L: 45/457 MS: 6 ChangeBinInt-Custom-ChangeBinInt-Custom-EraseBytes-Custom-
#336108	REDUCE cov: 87 ft: 319 corp: 65/2078b lim: 2710 exec/s: 112036 rss: 1289Mb L: 9/457 MS: 2 EraseBytes-Custom-
#336479	REDUCE cov: 87 ft: 319 corp: 65/2075b lim: 2710 exec/s: 112159 rss: 1289Mb L: 120/457 MS: 2 EraseBytes-Custom-
#336484	DONE   cov: 87 ft: 319 corp: 65/2075b lim: 2710 exec/s: 84121 rss: 1289Mb
###### Recommended dictionary. ######
"\377\001" # Uses: 6804
"\002\000\000\000" # Uses: 5176
"\001\000\000\000\000\000\000\000" # Uses: 4670
"\377\027" # Uses: 5255
"\000\000\000\000\000\000\000\000" # Uses: 4220
"sun.reflect.DelegatingClassLoader" # Uses: 1422
"\027\000\000\000" # Uses: 1243
###### End of recommended dictionary. ######
Done 336484 runs in 4 second(s)
[INFO] Tests run: 2, Failures: 0, Errors: 0, Skipped: 0, Time elapsed: 20.94 s -- in com.example.algorithm2.Algorithm2Test
[INFO] 
[INFO] Results:
[INFO] 
[INFO] Tests run: 2, Failures: 0, Errors: 0, Skipped: 0
[INFO] 
[INFO] 
[INFO] --- jacoco:0.8.11:report (default-cli) @ AlgorithmName2 ---
[INFO] Loading execution data file /tmp/bugrun/cli_20.i1c9gR/target/jacoco.exec
[INFO] Analyzed bundle 'AlgorithmName2' with 21 classes
[INFO] ------------------------------------------------------------------------
[INFO] BUILD SUCCESS
[INFO] ------------------------------------------------------------------------
[INFO] Total time:  41.368 s
[INFO] Finished at: 2026-10-06T01:46:43+07:00
[INFO] ------------------------------------------------------------------------
