[INFO] Scanning for projects...
[INFO] 
[INFO] ---------------------< com.example:AlgorithmName2 >---------------------
[INFO] Building AlgorithmName2 1.0-SNAPSHOT
[INFO]   from pom.xml
[INFO] --------------------------------[ jar ]---------------------------------
[INFO] 
[INFO] --- jacoco:0.8.11:prepare-agent (default) @ AlgorithmName2 ---
[INFO] argLine set to -javaagent:/home/kanyaphak673380391-3/.m2/repository/org/jacoco/org.jacoco.agent/0.8.11/org.jacoco.agent-0.8.11-runtime.jar=destfile=/tmp/bugrun/mockito_24.V2hU3N/target/jacoco.exec
[INFO] 
[INFO] --- resources:3.4.0:resources (default-resources) @ AlgorithmName2 ---
[INFO] Copying 1 resource from src/main/resources to target/classes
[INFO] 
[INFO] --- compiler:3.15.0:compile (default-compile) @ AlgorithmName2 ---
[INFO] Recompiling the module because of changed source code.
[INFO] Compiling 1 source file with javac [debug target 1.8] to target/classes
[WARNING] bootstrap class path not set in conjunction with -source 8
[INFO] 
[INFO] --- dependency:3.6.0:unpack-dependencies (unpack-defects4j) @ AlgorithmName2 ---
[INFO] 
[INFO] --- resources:3.4.0:testResources (default-testResources) @ AlgorithmName2 ---
[INFO] skip non existing resourceDirectory /tmp/bugrun/mockito_24.V2hU3N/src/test/resources
[INFO] 
[INFO] --- compiler:3.15.0:testCompile (default-testCompile) @ AlgorithmName2 ---
[INFO] Recompiling the module because of changed dependency.
[INFO] Compiling 1 source file with javac [debug target 1.8] to target/test-classes
[WARNING] bootstrap class path not set in conjunction with -source 8
[INFO] 
[INFO] --- surefire:3.1.2:test (default-cli) @ AlgorithmName2 ---
[INFO] Using auto detected provider org.apache.maven.surefire.junitplatform.JUnitPlatformProvider
[INFO] 
[INFO] -------------------------------------------------------
[INFO]  T E S T S
[INFO] -------------------------------------------------------
[INFO] Running com.example.algorithm2.Algorithm2Test
OpenJDK 64-Bit Server VM warning: Sharing is only supported for boot loader classes because bootstrap classpath has been appended
INFO: Loaded 281 hooks from com.code_intelligence.jazzer.runtime.TraceCmpHooks
INFO: Loaded 5 hooks from com.code_intelligence.jazzer.runtime.TraceDivHooks
INFO: Loaded 2 hooks from com.code_intelligence.jazzer.runtime.TraceIndirHooks
INFO: Loaded 4 hooks from com.code_intelligence.jazzer.runtime.NativeLibHooks
INFO: Loaded 2 hooks from com.code_intelligence.jazzer.sanitizers.ClojureLangHooks
INFO: Loaded 5 hooks from com.code_intelligence.jazzer.sanitizers.Deserialization
INFO: Loaded 5 hooks from com.code_intelligence.jazzer.sanitizers.ExpressionLanguageInjection
INFO: Loaded 70 hooks from com.code_intelligence.jazzer.sanitizers.LdapInjection
INFO: Loaded 46 hooks from com.code_intelligence.jazzer.sanitizers.NamingContextLookup
INFO: Loaded 1 hooks from com.code_intelligence.jazzer.sanitizers.OsCommandInjection
INFO: Loaded 56 hooks from com.code_intelligence.jazzer.sanitizers.ReflectiveCall
INFO: Loaded 8 hooks from com.code_intelligence.jazzer.sanitizers.RegexInjection
INFO: Loaded 16 hooks from com.code_intelligence.jazzer.sanitizers.RegexRoadblocks
INFO: Loaded 18 hooks from com.code_intelligence.jazzer.sanitizers.ScriptEngineInjection
INFO: Loaded 2 hooks from com.code_intelligence.jazzer.sanitizers.ServerSideRequestForgery
INFO: Loaded 19 hooks from com.code_intelligence.jazzer.sanitizers.SqlInjection
INFO: Loaded 6 hooks from com.code_intelligence.jazzer.sanitizers.XPathInjection
INFO: Instrumented com.example.algorithm2.Algorithm2Test$Skip (took 640 ms, size +44%)
INFO: Instrumented com.example.algorithm2.Algorithm2Test (took 400 ms, size +27%)
INFO: Instrumented org.mockito.internal.invocation.InvocationMatcher (took 290 ms, size +24%)
INFO: Instrumented org.mockito.invocation.DescribedInvocation (took 10 ms, size +0%)
INFO: Instrumented org.mockito.exceptions.PrintableInvocation (took 0 ms, size +0%)
INFO: Instrumented org.mockito.internal.invocation.CapturesArgumensFromInvocation (took 13 ms, size +0%)
INFO: Instrumented org.mockito.invocation.Invocation (took 6 ms, size +0%)
INFO: Instrumented org.mockito.invocation.InvocationOnMock (took 1 ms, size +0%)
INFO: Instrumented org.mockito.invocation.Location (took 1 ms, size +0%)
[harness] target=org.mockito.internal.invocation.InvocationMatcher factories=2 methods=10
INFO: Instrumented org.mockito.invocation.StubInfo (took 1 ms, size +0%)
INFO: Instrumented org.mockito.internal.invocation.ArgumentsProcessor (took 49 ms, size +31%)
INFO: found LLVMFuzzerCustomMutator (0x7aee84812cd0). Disabling -len_control by default.
INFO: Running with entropic power schedule (0xFF, 100).
INFO: Seed: 2936473411
INFO: using inputs from: /tmp/bugrun/mockito_24.V2hU3N/.cifuzz-corpus/com.example.algorithm2.Algorithm2Test/testParameterizedFuzzer
INFO: using inputs from: /tmp/jazzer-java-seeds15419897741522343589
INFO: Loaded 1 modules   (512 inline 8-bit counters): 512 [0x7aef04bc2580, 0x7aef04bc2780), 
INFO: Loaded 1 PC tables (512 PCs): 512 [0x7aef04b1c7e0,0x7aef04b1e7e0), 
INFO:        0 files found in /tmp/bugrun/mockito_24.V2hU3N/.cifuzz-corpus/com.example.algorithm2.Algorithm2Test/testParameterizedFuzzer
INFO:        0 files found in /tmp/jazzer-java-seeds15419897741522343589
INFO: -max_len is not provided; libFuzzer will not generate inputs larger than 4096 bytes
INFO: A corpus is not provided, starting from an empty corpus
#2	INITED cov: 55 ft: 55 corp: 1/1b exec/s: 0 rss: 1116Mb
#8	NEW    cov: 56 ft: 67 corp: 2/3b lim: 4 exec/s: 0 rss: 1117Mb L: 2/2 MS: 2 InsertByte-Custom-
MS: 4 ShuffleBytes-Custom-CrossOver-Custom-; base unit: 8f27084b6294ddbe28dbcbf98f798730e8a79289
0x2f,0xa,0x2f,
/\012/
artifact_prefix='/tmp/bugrun/mockito_24.V2hU3N/'; Test unit written to /tmp/bugrun/mockito_24.V2hU3N/crash-07a2cbb6e611d07d31ceb0151fc29767dbbc4f07
Base64: Lwov
Done 15 runs in 0 second(s)
DEDUP_TOKEN: d3c5f2ea114a69ed
[ERROR] Tests run: 2, Failures: 0, Errors: 1, Skipped: 0, Time elapsed: 20.08 s <<< FAILURE! -- in com.example.algorithm2.Algorithm2Test
[ERROR] com.example.algorithm2.Algorithm2Test.testParameterizedFuzzer(FuzzedDataProvider)[2] -- Time elapsed: 0.764 s <<< ERROR!
java.lang.NullPointerException
	at org.mockito.internal.invocation.ArgumentsProcessor.argumentsToMatchers(ArgumentsProcessor.java:42)
	at org.mockito.internal.invocation.InvocationMatcher.<init>(InvocationMatcher.java:34)
	at org.mockito.internal.invocation.InvocationMatcher.<init>(InvocationMatcher.java:41)
	at org.mockito.internal.invocation.InvocationMatcher.createFrom(InvocationMatcher.java:159)
	at java.base/jdk.internal.reflect.NativeMethodAccessorImpl.invoke0(Native Method)
	at java.base/jdk.internal.reflect.NativeMethodAccessorImpl.invoke(NativeMethodAccessorImpl.java:62)
	at java.base/jdk.internal.reflect.DelegatingMethodAccessorImpl.invoke(DelegatingMethodAccessorImpl.java:43)
	at java.base/java.lang.reflect.Method.invoke(Method.java:566)
	at com.example.algorithm2.Algorithm2Test.testParameterizedFuzzer(Algorithm2Test.java:226)

[INFO] 
[INFO] Results:
[INFO] 
[ERROR] Errors: 
[ERROR]   Algorithm2Test.testParameterizedFuzzer:226 » NullPointer
[INFO] 
[ERROR] Tests run: 2, Failures: 0, Errors: 1, Skipped: 0
[INFO] 
[ERROR] 

Please refer to /tmp/bugrun/mockito_24.V2hU3N/target/surefire-reports for the individual test results.
Please refer to dump files (if any exist) [date].dump, [date]-jvmRun[N].dump and [date].dumpstream.
[INFO] 
[INFO] --- jacoco:0.8.11:report (default-cli) @ AlgorithmName2 ---
[INFO] Loading execution data file /tmp/bugrun/mockito_24.V2hU3N/target/jacoco.exec
[INFO] Analyzed bundle 'AlgorithmName2' with 288 classes
[INFO] ------------------------------------------------------------------------
[INFO] BUILD SUCCESS
[INFO] ------------------------------------------------------------------------
[INFO] Total time:  37.504 s
[INFO] Finished at: 2026-10-06T03:25:34+07:00
[INFO] ------------------------------------------------------------------------
