[INFO] Scanning for projects...
[INFO] 
[INFO] ---------------------< com.example:AlgorithmName2 >---------------------
[INFO] Building AlgorithmName2 1.0-SNAPSHOT
[INFO]   from pom.xml
[INFO] --------------------------------[ jar ]---------------------------------
[INFO] 
[INFO] --- jacoco:0.8.11:prepare-agent (default) @ AlgorithmName2 ---
[INFO] argLine set to -javaagent:/home/kanyaphak673380391-3/.m2/repository/org/jacoco/org.jacoco.agent/0.8.11/org.jacoco.agent-0.8.11-runtime.jar=destfile=/tmp/bugrun/compress_14.e07V7r/target/jacoco.exec
[INFO] 
[INFO] --- resources:3.4.0:resources (default-resources) @ AlgorithmName2 ---
[INFO] Copying 1 resource from src/main/resources to target/classes
[INFO] 
[INFO] --- compiler:3.15.0:compile (default-compile) @ AlgorithmName2 ---
[INFO] Recompiling the module because of changed source code.
[INFO] Compiling 1 source file with javac [debug target 1.8] to target/classes
[WARNING] bootstrap class path not set in conjunction with -source 8
[INFO] 
[INFO] --- dependency:3.6.0:unpack-dependencies (unpack-defects4j) @ AlgorithmName2 ---
[INFO] 
[INFO] --- resources:3.4.0:testResources (default-testResources) @ AlgorithmName2 ---
[INFO] skip non existing resourceDirectory /tmp/bugrun/compress_14.e07V7r/src/test/resources
[INFO] 
[INFO] --- compiler:3.15.0:testCompile (default-testCompile) @ AlgorithmName2 ---
[INFO] Recompiling the module because of changed dependency.
[INFO] Compiling 1 source file with javac [debug target 1.8] to target/test-classes
[WARNING] bootstrap class path not set in conjunction with -source 8
[INFO] 
[INFO] --- surefire:3.1.2:test (default-cli) @ AlgorithmName2 ---
[INFO] Using auto detected provider org.apache.maven.surefire.junitplatform.JUnitPlatformProvider
[INFO] 
[INFO] -------------------------------------------------------
[INFO]  T E S T S
[INFO] -------------------------------------------------------
[INFO] Running com.example.algorithm2.Algorithm2Test
OpenJDK 64-Bit Server VM warning: Sharing is only supported for boot loader classes because bootstrap classpath has been appended
INFO: Loaded 281 hooks from com.code_intelligence.jazzer.runtime.TraceCmpHooks
INFO: Loaded 5 hooks from com.code_intelligence.jazzer.runtime.TraceDivHooks
INFO: Loaded 2 hooks from com.code_intelligence.jazzer.runtime.TraceIndirHooks
INFO: Loaded 4 hooks from com.code_intelligence.jazzer.runtime.NativeLibHooks
INFO: Loaded 2 hooks from com.code_intelligence.jazzer.sanitizers.ClojureLangHooks
INFO: Loaded 5 hooks from com.code_intelligence.jazzer.sanitizers.Deserialization
INFO: Loaded 5 hooks from com.code_intelligence.jazzer.sanitizers.ExpressionLanguageInjection
INFO: Loaded 70 hooks from com.code_intelligence.jazzer.sanitizers.LdapInjection
INFO: Loaded 46 hooks from com.code_intelligence.jazzer.sanitizers.NamingContextLookup
INFO: Loaded 1 hooks from com.code_intelligence.jazzer.sanitizers.OsCommandInjection
INFO: Loaded 52 hooks from com.code_intelligence.jazzer.sanitizers.ReflectiveCall
INFO: Loaded 8 hooks from com.code_intelligence.jazzer.sanitizers.RegexInjection
INFO: Loaded 16 hooks from com.code_intelligence.jazzer.sanitizers.RegexRoadblocks
INFO: Loaded 18 hooks from com.code_intelligence.jazzer.sanitizers.ScriptEngineInjection
INFO: Loaded 2 hooks from com.code_intelligence.jazzer.sanitizers.ServerSideRequestForgery
INFO: Loaded 19 hooks from com.code_intelligence.jazzer.sanitizers.SqlInjection
INFO: Loaded 6 hooks from com.code_intelligence.jazzer.sanitizers.XPathInjection
INFO: Instrumented com.example.algorithm2.Algorithm2Test$Skip (took 356 ms, size +44%)
INFO: Instrumented com.example.algorithm2.Algorithm2Test (took 254 ms, size +27%)
INFO: Instrumented org.apache.commons.compress.archivers.ArchiveStreamFactory (took 86 ms, size +37%)
INFO: Instrumented org.apache.commons.compress.archivers.ArchiveInputStream (took 34 ms, size +32%)
INFO: New number of coverage counters: 1024
WARN: Some hooks could not be applied to class files built for Java 7 or lower.
                       Ensure that the fuzz target and its dependencies are compiled with
                       -target 8 or higher to identify as many bugs as possible.
INFO: Instrumented org.apache.commons.compress.archivers.ar.ArArchiveInputStream (took 111 ms, size +26%)
INFO: Instrumented org.apache.commons.compress.archivers.zip.ZipArchiveInputStream (took 115 ms, size +17%)
INFO: New number of coverage counters: 2048
INFO: Instrumented org.apache.commons.compress.archivers.tar.TarArchiveInputStream (took 45 ms, size +24%)
INFO: Instrumented org.apache.commons.compress.archivers.jar.JarArchiveInputStream (took 27 ms, size +26%)
INFO: Instrumented org.apache.commons.compress.archivers.cpio.CpioArchiveInputStream (took 128 ms, size +30%)
INFO: Instrumented org.apache.commons.compress.archivers.cpio.CpioConstants (took 11 ms, size +0%)
INFO: Instrumented org.apache.commons.compress.archivers.dump.DumpArchiveInputStream (took 56 ms, size +25%)
INFO: Instrumented org.apache.commons.compress.archivers.ArchiveException (took 5 ms, size +38%)
INFO: Instrumented org.apache.commons.compress.archivers.ArchiveOutputStream (took 17 ms, size +28%)
INFO: Instrumented org.apache.commons.compress.archivers.ar.ArArchiveOutputStream (took 41 ms, size +24%)
INFO: New number of coverage counters: 4096
INFO: Instrumented org.apache.commons.compress.archivers.zip.ZipArchiveOutputStream (took 125 ms, size +18%)
INFO: Instrumented org.apache.commons.compress.archivers.tar.TarArchiveOutputStream (took 46 ms, size +16%)
INFO: Instrumented org.apache.commons.compress.archivers.jar.JarArchiveOutputStream (took 12 ms, size +36%)
INFO: Instrumented org.apache.commons.compress.archivers.cpio.CpioArchiveOutputStream (took 85 ms, size +23%)
[harness] target=org.apache.commons.compress.archivers.ArchiveStreamFactory factories=1 methods=3
INFO: found LLVMFuzzerCustomMutator (0x72af14569cd0). Disabling -len_control by default.
INFO: Running with entropic power schedule (0xFF, 100).
INFO: Seed: 2207121776
INFO: using inputs from: /tmp/bugrun/compress_14.e07V7r/.cifuzz-corpus/com.example.algorithm2.Algorithm2Test/testParameterizedFuzzer
INFO: using inputs from: /tmp/jazzer-java-seeds481841961850713059
INFO: Loaded 4 modules   (4096 inline 8-bit counters): 512 [0x72af8cb2ecd0, 0x72af8cb2eed0), 512 [0x72af8cb2eed0, 0x72af8cb2f0d0), 1024 [0x72af8cb2f0d0, 0x72af8cb2f4d0), 2048 [0x72af8cb2f4d0, 0x72af8cb2fcd0), 
INFO: Loaded 4 PC tables (4096 PCs): 512 [0x72af8c475b70,0x72af8c477b70), 512 [0x72af8ca9d410,0x72af8ca9f410), 1024 [0x72af8caa6a50,0x72af8caaaa50), 2048 [0x72af8cad07e0,0x72af8cad87e0), 
INFO:        0 files found in /tmp/bugrun/compress_14.e07V7r/.cifuzz-corpus/com.example.algorithm2.Algorithm2Test/testParameterizedFuzzer
INFO:        0 files found in /tmp/jazzer-java-seeds481841961850713059
INFO: -max_len is not provided; libFuzzer will not generate inputs larger than 4096 bytes
INFO: A corpus is not provided, starting from an empty corpus
INFO: Instrumented org.apache.commons.compress.archivers.zip.UnsupportedZipFeatureException (took 3 ms, size +21%)
INFO: Instrumented org.apache.commons.compress.archivers.ArchiveEntry (took 0 ms, size +0%)
INFO: Instrumented org.apache.commons.compress.archivers.zip.ZipLong (took 16 ms, size +21%)
INFO: Instrumented org.apache.commons.compress.archivers.zip.Zip64RequiredException (took 9 ms, size +27%)
INFO: Instrumented org.apache.commons.compress.archivers.zip.ZipExtraField (took 0 ms, size +0%)
INFO: Instrumented org.apache.commons.compress.archivers.dump.UnrecognizedFormatException (took 6 ms, size +43%)
INFO: Instrumented org.apache.commons.compress.archivers.dump.DumpArchiveException (took 4 ms, size +34%)
#2	INITED cov: 116 ft: 116 corp: 1/1b exec/s: 0 rss: 830Mb
#3	NEW    cov: 120 ft: 122 corp: 2/2b lim: 4 exec/s: 0 rss: 830Mb L: 1/1 MS: 2 ShuffleBytes-Custom-
#7	NEW    cov: 123 ft: 133 corp: 3/3b lim: 4 exec/s: 0 rss: 830Mb L: 1/1 MS: 8 CrossOver-Custom-EraseBytes-Custom-CopyPart-Custom-ChangeBit-Custom-
#19	NEW    cov: 123 ft: 134 corp: 4/4b lim: 4 exec/s: 0 rss: 830Mb L: 1/1 MS: 4 ChangeByte-Custom-ChangeBit-Custom-
INFO: Instrumented org.apache.commons.compress.archivers.dump.InvalidFormatException (took 7 ms, size +30%)
INFO: Instrumented org.apache.commons.compress.archivers.tar.TarArchiveInputStream$1 (took 2 ms, size +30%)
#232	NEW    cov: 128 ft: 141 corp: 5/10b lim: 6 exec/s: 0 rss: 850Mb L: 6/6 MS: 6 CrossOver-Custom-InsertByte-Custom-InsertRepeatedBytes-Custom-
#308	REDUCE cov: 128 ft: 141 corp: 5/9b lim: 6 exec/s: 0 rss: 857Mb L: 5/5 MS: 2 EraseBytes-Custom-
#516	REDUCE cov: 131 ft: 144 corp: 6/16b lim: 8 exec/s: 0 rss: 874Mb L: 7/7 MS: 6 CMP-Custom-CopyPart-Custom-InsertByte-Custom- DE: "\010\000\000\000"-
INFO: Instrumented org.apache.commons.compress.archivers.zip.ZipArchiveInputStream$Buffer (took 68 ms, size +18%)
INFO: Instrumented org.apache.commons.compress.archivers.zip.ZipEncodingHelper (took 55 ms, size +21%)
INFO: Instrumented org.apache.commons.compress.archivers.zip.ZipEncoding (took 0 ms, size +0%)
#766	NEW    cov: 192 ft: 217 corp: 7/22b lim: 8 exec/s: 766 rss: 906Mb L: 6/7 MS: 10 CrossOver-Custom-ChangeByte-Custom-ChangeBit-Custom-ShuffleBytes-Custom-CMP-Custom- DE: "jar"-
INFO: Instrumented org.apache.commons.compress.archivers.zip.ZipEncodingHelper$SimpleEncodingHolder (took 24 ms, size +33%)
INFO: Instrumented org.apache.commons.compress.archivers.zip.FallbackZipEncoding (took 24 ms, size +28%)
#867	NEW    cov: 193 ft: 220 corp: 8/26b lim: 8 exec/s: 867 rss: 914Mb L: 4/7 MS: 2 EraseBytes-Custom-
#940	NEW    cov: 229 ft: 256 corp: 9/32b lim: 8 exec/s: 940 rss: 928Mb L: 6/7 MS: 6 ShuffleBytes-Custom-ChangeBit-Custom-PersAutoDict-Custom- DE: "jar"-
#1031	NEW    cov: 231 ft: 258 corp: 10/36b lim: 8 exec/s: 1031 rss: 934Mb L: 4/7 MS: 2 EraseBytes-Custom-
INFO: Instrumented org.apache.commons.compress.archivers.zip.ZipArchiveOutputStream$UnicodeExtraFieldPolicy (took 19 ms, size +33%)
INFO: Instrumented org.apache.commons.compress.archivers.zip.Zip64Mode (took 14 ms, size +29%)
#1343	REDUCE cov: 232 ft: 259 corp: 11/46b lim: 11 exec/s: 1343 rss: 956Mb L: 10/10 MS: 4 ChangeBinInt-Custom-CopyPart-Custom-
#1365	NEW    cov: 238 ft: 265 corp: 12/49b lim: 11 exec/s: 1365 rss: 957Mb L: 3/10 MS: 4 ChangeByte-Custom-CrossOver-Custom-
#1366	NEW    cov: 239 ft: 266 corp: 13/52b lim: 11 exec/s: 1366 rss: 957Mb L: 3/10 MS: 2 CrossOver-Custom-
#1647	NEW    cov: 243 ft: 270 corp: 14/55b lim: 11 exec/s: 1647 rss: 975Mb L: 3/10 MS: 2 ChangeByte-Custom-
#2353	NEW    cov: 255 ft: 282 corp: 15/60b lim: 17 exec/s: 2353 rss: 1014Mb L: 5/10 MS: 2 CMP-Custom- DE: "cpio"-
#2539	NEW    cov: 255 ft: 283 corp: 16/65b lim: 17 exec/s: 2539 rss: 1027Mb L: 5/10 MS: 2 ChangeByte-Custom-
#2660	NEW    cov: 259 ft: 287 corp: 17/70b lim: 17 exec/s: 2660 rss: 1035Mb L: 5/10 MS: 2 CopyPart-Custom-
#2758	REDUCE cov: 259 ft: 287 corp: 17/69b lim: 17 exec/s: 1379 rss: 1042Mb L: 9/9 MS: 6 ChangeBit-Custom-ShuffleBytes-Custom-EraseBytes-Custom-
#4096	pulse  cov: 259 ft: 287 corp: 17/69b lim: 29 exec/s: 2048 rss: 1054Mb
#5092	NEW    cov: 264 ft: 292 corp: 18/103b lim: 38 exec/s: 1697 rss: 1055Mb L: 34/34 MS: 8 CopyPart-Custom-ChangeBit-Custom-CrossOver-Custom-InsertRepeatedBytes-Custom-
#5104	NEW    cov: 265 ft: 328 corp: 19/139b lim: 38 exec/s: 1701 rss: 1055Mb L: 36/36 MS: 4 ShuffleBytes-Custom-CMP-Custom- DE: "a\305\205\305\205\305\205\305\205\305\205\305\205\305\205\305\205\305\205\305\205\005\305\205\305\205\305\2050\305\205\305\205\305\262"-
INFO: Instrumented org.apache.commons.compress.archivers.dump.DumpArchiveUtil (took 9 ms, size +26%)
#5139	NEW    cov: 265 ft: 331 corp: 20/175b lim: 38 exec/s: 1713 rss: 1055Mb L: 36/36 MS: 10 CrossOver-Custom-EraseBytes-Custom-InsertRepeatedBytes-Custom-CopyPart-Custom-InsertRepeatedBytes-Custom-
#5280	REDUCE cov: 265 ft: 331 corp: 20/174b lim: 38 exec/s: 1760 rss: 1055Mb L: 35/36 MS: 2 EraseBytes-Custom-
#5289	NEW    cov: 265 ft: 336 corp: 21/212b lim: 38 exec/s: 1763 rss: 1055Mb L: 38/38 MS: 8 CopyPart-Custom-InsertByte-Custom-ChangeBinInt-Custom-InsertByte-Custom-
#5652	REDUCE cov: 265 ft: 336 corp: 21/211b lim: 38 exec/s: 1884 rss: 1055Mb L: 34/38 MS: 6 CopyPart-Custom-CopyPart-Custom-EraseBytes-Custom-
#5983	NEW    cov: 266 ft: 337 corp: 22/247b lim: 38 exec/s: 1994 rss: 1055Mb L: 36/38 MS: 2 ChangeBit-Custom-
#6180	REDUCE cov: 266 ft: 337 corp: 22/235b lim: 38 exec/s: 2060 rss: 1055Mb L: 24/38 MS: 4 CMP-Custom-EraseBytes-Custom- DE: "\000\000\000\000\000\000\000\000"-
#6222	REDUCE cov: 266 ft: 337 corp: 22/233b lim: 38 exec/s: 2074 rss: 1055Mb L: 22/38 MS: 4 ChangeASCIIInt-Custom-EraseBytes-Custom-
#6518	REDUCE cov: 266 ft: 337 corp: 22/225b lim: 38 exec/s: 2172 rss: 1056Mb L: 14/38 MS: 2 EraseBytes-Custom-
#6537	REDUCE cov: 266 ft: 337 corp: 22/221b lim: 38 exec/s: 2179 rss: 1056Mb L: 10/38 MS: 8 InsertRepeatedBytes-Custom-InsertByte-Custom-EraseBytes-Custom-EraseBytes-Custom-
#6543	REDUCE cov: 266 ft: 337 corp: 22/219b lim: 38 exec/s: 2181 rss: 1056Mb L: 8/38 MS: 2 EraseBytes-Custom-
#7120	NEW    cov: 266 ft: 340 corp: 23/259b lim: 43 exec/s: 2373 rss: 1056Mb L: 40/40 MS: 4 CopyPart-Custom-CopyPart-Custom-
#7171	NEW    cov: 266 ft: 341 corp: 24/302b lim: 43 exec/s: 2390 rss: 1056Mb L: 43/43 MS: 2 CrossOver-Custom-
#7407	REDUCE cov: 266 ft: 341 corp: 24/300b lim: 43 exec/s: 2469 rss: 1056Mb L: 34/43 MS: 2 EraseBytes-Custom-
#7656	REDUCE cov: 266 ft: 341 corp: 24/299b lim: 43 exec/s: 2552 rss: 1056Mb L: 42/42 MS: 8 EraseBytes-Custom-PersAutoDict-Custom-ShuffleBytes-Custom-InsertRepeatedBytes-Custom- DE: "\000\000\000\000\000\000\000\000"-
#7656	DONE   cov: 266 ft: 341 corp: 24/299b lim: 43 exec/s: 1914 rss: 1056Mb
###### Recommended dictionary. ######
"\010\000\000\000" # Uses: 187
"jar" # Uses: 192
"cpio" # Uses: 125
"a\305\205\305\205\305\205\305\205\305\205\305\205\305\205\305\205\305\205\305\205\005\305\205\305\205\305\2050\305\205\305\205\305\262" # Uses: 11
"\000\000\000\000\000\000\000\000" # Uses: 17
###### End of recommended dictionary. ######
Done 7656 runs in 4 second(s)
[INFO] Tests run: 2, Failures: 0, Errors: 0, Skipped: 0, Time elapsed: 14.88 s -- in com.example.algorithm2.Algorithm2Test
[INFO] 
[INFO] Results:
[INFO] 
[INFO] Tests run: 2, Failures: 0, Errors: 0, Skipped: 0
[INFO] 
[INFO] 
[INFO] --- jacoco:0.8.11:report (default-cli) @ AlgorithmName2 ---
[INFO] Loading execution data file /tmp/bugrun/compress_14.e07V7r/target/jacoco.exec
[INFO] Analyzed bundle 'AlgorithmName2' with 115 classes
[INFO] ------------------------------------------------------------------------
[INFO] BUILD SUCCESS
[INFO] ------------------------------------------------------------------------
[INFO] Total time:  29.359 s
[INFO] Finished at: 2026-10-06T04:25:03+07:00
[INFO] ------------------------------------------------------------------------
