[INFO] Scanning for projects...
[INFO] 
[INFO] ---------------------< com.example:AlgorithmName2 >---------------------
[INFO] Building AlgorithmName2 1.0-SNAPSHOT
[INFO]   from pom.xml
[INFO] --------------------------------[ jar ]---------------------------------
[INFO] 
[INFO] --- jacoco:0.8.11:prepare-agent (default) @ AlgorithmName2 ---
[INFO] argLine set to -javaagent:/home/kanyaphak673380391-3/.m2/repository/org/jacoco/org.jacoco.agent/0.8.11/org.jacoco.agent-0.8.11-runtime.jar=destfile=/tmp/bugrun/compress_6.6oD2Dr/target/jacoco.exec
[INFO] 
[INFO] --- resources:3.4.0:resources (default-resources) @ AlgorithmName2 ---
[INFO] Copying 1 resource from src/main/resources to target/classes
[INFO] 
[INFO] --- compiler:3.15.0:compile (default-compile) @ AlgorithmName2 ---
[INFO] Recompiling the module because of changed source code.
[INFO] Compiling 1 source file with javac [debug target 1.8] to target/classes
[WARNING] bootstrap class path not set in conjunction with -source 8
[INFO] 
[INFO] --- dependency:3.6.0:unpack-dependencies (unpack-defects4j) @ AlgorithmName2 ---
[INFO] 
[INFO] --- resources:3.4.0:testResources (default-testResources) @ AlgorithmName2 ---
[INFO] skip non existing resourceDirectory /tmp/bugrun/compress_6.6oD2Dr/src/test/resources
[INFO] 
[INFO] --- compiler:3.15.0:testCompile (default-testCompile) @ AlgorithmName2 ---
[INFO] Recompiling the module because of changed dependency.
[INFO] Compiling 1 source file with javac [debug target 1.8] to target/test-classes
[WARNING] bootstrap class path not set in conjunction with -source 8
[INFO] 
[INFO] --- surefire:3.1.2:test (default-cli) @ AlgorithmName2 ---
[INFO] Using auto detected provider org.apache.maven.surefire.junitplatform.JUnitPlatformProvider
[INFO] 
[INFO] -------------------------------------------------------
[INFO]  T E S T S
[INFO] -------------------------------------------------------
[INFO] Running com.example.algorithm2.Algorithm2Test
OpenJDK 64-Bit Server VM warning: Sharing is only supported for boot loader classes because bootstrap classpath has been appended
INFO: Loaded 281 hooks from com.code_intelligence.jazzer.runtime.TraceCmpHooks
INFO: Loaded 5 hooks from com.code_intelligence.jazzer.runtime.TraceDivHooks
INFO: Loaded 2 hooks from com.code_intelligence.jazzer.runtime.TraceIndirHooks
INFO: Loaded 4 hooks from com.code_intelligence.jazzer.runtime.NativeLibHooks
INFO: Loaded 2 hooks from com.code_intelligence.jazzer.sanitizers.ClojureLangHooks
INFO: Loaded 5 hooks from com.code_intelligence.jazzer.sanitizers.Deserialization
INFO: Loaded 5 hooks from com.code_intelligence.jazzer.sanitizers.ExpressionLanguageInjection
INFO: Loaded 70 hooks from com.code_intelligence.jazzer.sanitizers.LdapInjection
INFO: Loaded 46 hooks from com.code_intelligence.jazzer.sanitizers.NamingContextLookup
INFO: Loaded 1 hooks from com.code_intelligence.jazzer.sanitizers.OsCommandInjection
INFO: Loaded 52 hooks from com.code_intelligence.jazzer.sanitizers.ReflectiveCall
INFO: Loaded 8 hooks from com.code_intelligence.jazzer.sanitizers.RegexInjection
INFO: Loaded 16 hooks from com.code_intelligence.jazzer.sanitizers.RegexRoadblocks
INFO: Loaded 18 hooks from com.code_intelligence.jazzer.sanitizers.ScriptEngineInjection
INFO: Loaded 2 hooks from com.code_intelligence.jazzer.sanitizers.ServerSideRequestForgery
INFO: Loaded 19 hooks from com.code_intelligence.jazzer.sanitizers.SqlInjection
INFO: Loaded 6 hooks from com.code_intelligence.jazzer.sanitizers.XPathInjection
INFO: Instrumented com.example.algorithm2.Algorithm2Test$Skip (took 483 ms, size +44%)
INFO: Instrumented com.example.algorithm2.Algorithm2Test (took 324 ms, size +27%)
INFO: Instrumented org.apache.commons.compress.archivers.ArchiveStreamFactory (took 172 ms, size +39%)
INFO: Instrumented org.apache.commons.compress.archivers.ArchiveInputStream (took 25 ms, size +41%)
INFO: New number of coverage counters: 1024
INFO: Instrumented org.apache.commons.compress.archivers.ar.ArArchiveInputStream (took 67 ms, size +29%)
INFO: Instrumented org.apache.commons.compress.archivers.zip.ZipArchiveInputStream (took 64 ms, size +21%)
INFO: Instrumented org.apache.commons.compress.archivers.tar.TarArchiveInputStream (took 37 ms, size +21%)
INFO: Instrumented org.apache.commons.compress.archivers.jar.JarArchiveInputStream (took 10 ms, size +26%)
INFO: Instrumented org.apache.commons.compress.archivers.cpio.CpioArchiveInputStream (took 77 ms, size +30%)
INFO: Instrumented org.apache.commons.compress.archivers.cpio.CpioConstants (took 9 ms, size +0%)
INFO: Instrumented org.apache.commons.compress.archivers.ArchiveException (took 8 ms, size +38%)
INFO: Instrumented org.apache.commons.compress.archivers.ArchiveOutputStream (took 18 ms, size +35%)
INFO: New number of coverage counters: 2048
INFO: Instrumented org.apache.commons.compress.archivers.ar.ArArchiveOutputStream (took 57 ms, size +21%)
INFO: Instrumented org.apache.commons.compress.archivers.zip.ZipArchiveOutputStream (took 112 ms, size +20%)
INFO: Instrumented org.apache.commons.compress.archivers.tar.TarArchiveOutputStream (took 62 ms, size +18%)
INFO: Instrumented org.apache.commons.compress.archivers.jar.JarArchiveOutputStream (took 22 ms, size +36%)
INFO: Instrumented org.apache.commons.compress.archivers.cpio.CpioArchiveOutputStream (took 70 ms, size +20%)
[harness] target=org.apache.commons.compress.archivers.ArchiveStreamFactory factories=1 methods=3
INFO: found LLVMFuzzerCustomMutator (0x7e2efcd6ecd0). Disabling -len_control by default.
INFO: Running with entropic power schedule (0xFF, 100).
INFO: Seed: 529060513
INFO: using inputs from: /tmp/bugrun/compress_6.6oD2Dr/.cifuzz-corpus/com.example.algorithm2.Algorithm2Test/testParameterizedFuzzer
INFO: using inputs from: /tmp/jazzer-java-seeds13488141552636503937
INFO: Loaded 3 modules   (2048 inline 8-bit counters): 512 [0x7e2f8ca1f880, 0x7e2f8ca1fa80), 512 [0x7e2f8ca1fa80, 0x7e2f8ca1fc80), 1024 [0x7e2f8ca1fc80, 0x7e2f8ca20080), 
INFO: Loaded 3 PC tables (2048 PCs): 512 [0x7e2f8c4853a0,0x7e2f8c4873a0), 512 [0x7e2f8cb4f350,0x7e2f8cb51350), 1024 [0x7e2f8cb65a50,0x7e2f8cb69a50), 
INFO:        0 files found in /tmp/bugrun/compress_6.6oD2Dr/.cifuzz-corpus/com.example.algorithm2.Algorithm2Test/testParameterizedFuzzer
INFO:        0 files found in /tmp/jazzer-java-seeds13488141552636503937
INFO: -max_len is not provided; libFuzzer will not generate inputs larger than 4096 bytes
INFO: A corpus is not provided, starting from an empty corpus
#2	INITED cov: 94 ft: 94 corp: 1/1b exec/s: 0 rss: 1110Mb
#3	NEW    cov: 98 ft: 99 corp: 2/2b lim: 4 exec/s: 0 rss: 1110Mb L: 1/1 MS: 2 CopyPart-Custom-
#7	NEW    cov: 101 ft: 110 corp: 3/4b lim: 4 exec/s: 0 rss: 1110Mb L: 2/2 MS: 8 InsertByte-Custom-ShuffleBytes-Custom-CopyPart-Custom-CrossOver-Custom-
#9	REDUCE cov: 101 ft: 110 corp: 3/3b lim: 4 exec/s: 0 rss: 1110Mb L: 1/1 MS: 4 ChangeByte-Custom-EraseBytes-Custom-
#22	NEW    cov: 101 ft: 111 corp: 4/4b lim: 4 exec/s: 0 rss: 1111Mb L: 1/1 MS: 6 InsertByte-Custom-ChangeBinInt-Custom-EraseBytes-Custom-
INFO: Instrumented org.apache.commons.compress.archivers.ArchiveEntry (took 0 ms, size +0%)
INFO: Instrumented org.apache.commons.compress.archivers.zip.ZipExtraField (took 0 ms, size +0%)
INFO: Instrumented org.apache.commons.compress.archivers.zip.ZipLong (took 11 ms, size +26%)
#228	REDUCE cov: 106 ft: 118 corp: 5/10b lim: 6 exec/s: 0 rss: 1114Mb L: 6/6 MS: 2 InsertRepeatedBytes-Custom-
#366	REDUCE cov: 106 ft: 118 corp: 5/9b lim: 6 exec/s: 0 rss: 1116Mb L: 5/5 MS: 6 ShuffleBytes-Custom-EraseBytes-Custom-InsertByte-Custom-
#590	REDUCE cov: 109 ft: 121 corp: 6/17b lim: 8 exec/s: 0 rss: 1123Mb L: 8/8 MS: 8 ChangeBit-Custom-EraseBytes-Custom-ShuffleBytes-Custom-CrossOver-Custom-
#763	NEW    cov: 118 ft: 141 corp: 7/20b lim: 8 exec/s: 0 rss: 1126Mb L: 3/8 MS: 6 ChangeBit-Custom-ChangeBit-Custom-CMP-Custom- DE: "ar"-
#809	NEW    cov: 119 ft: 142 corp: 8/23b lim: 8 exec/s: 0 rss: 1126Mb L: 3/8 MS: 2 ShuffleBytes-Custom-
#816	REDUCE cov: 119 ft: 142 corp: 8/22b lim: 8 exec/s: 0 rss: 1126Mb L: 7/7 MS: 4 EraseBytes-Custom-InsertRepeatedBytes-Custom-
#1147	REDUCE cov: 120 ft: 143 corp: 9/33b lim: 11 exec/s: 0 rss: 1130Mb L: 11/11 MS: 2 CopyPart-Custom-
#1177	NEW    cov: 130 ft: 153 corp: 10/36b lim: 11 exec/s: 0 rss: 1130Mb L: 3/11 MS: 10 EraseBytes-Custom-ChangeBinInt-Custom-PersAutoDict-Custom-PersAutoDict-Custom-InsertByte-Custom- DE: "ar"-"ar"-
#1194	REDUCE cov: 132 ft: 155 corp: 11/39b lim: 11 exec/s: 0 rss: 1130Mb L: 3/11 MS: 4 ShuffleBytes-Custom-PersAutoDict-Custom- DE: "ar"-
#1282	REDUCE cov: 132 ft: 155 corp: 11/37b lim: 11 exec/s: 0 rss: 1131Mb L: 9/9 MS: 6 EraseBytes-Custom-ChangeBit-Custom-PersAutoDict-Custom- DE: "ar"-
#1310	REDUCE cov: 133 ft: 156 corp: 12/47b lim: 11 exec/s: 0 rss: 1132Mb L: 10/10 MS: 6 ChangeByte-Custom-ChangeBinInt-Custom-InsertByte-Custom-
#1683	REDUCE cov: 133 ft: 156 corp: 12/46b lim: 14 exec/s: 0 rss: 1138Mb L: 9/9 MS: 6 InsertRepeatedBytes-Custom-PersAutoDict-Custom-EraseBytes-Custom- DE: "ar"-
#2527	NEW    cov: 189 ft: 212 corp: 13/50b lim: 21 exec/s: 2527 rss: 1156Mb L: 4/9 MS: 8 ChangeBinInt-Custom-ChangeByte-Custom-CMP-Custom-ChangeBit-Custom- DE: "jar"-
INFO: Instrumented org.apache.commons.compress.archivers.zip.ZipEncodingHelper (took 29 ms, size +21%)
INFO: Instrumented org.apache.commons.compress.archivers.zip.ZipEncoding (took 1 ms, size +0%)
INFO: Instrumented org.apache.commons.compress.archivers.zip.ZipEncodingHelper$SimpleEncodingHolder (took 9 ms, size +33%)
INFO: Instrumented org.apache.commons.compress.archivers.zip.FallbackZipEncoding (took 10 ms, size +28%)
INFO: Instrumented org.apache.commons.compress.archivers.zip.ZipArchiveOutputStream$UnicodeExtraFieldPolicy (took 10 ms, size +33%)
#2833	NEW    cov: 190 ft: 214 corp: 14/54b lim: 21 exec/s: 2833 rss: 1178Mb L: 4/9 MS: 2 PersAutoDict-Custom- DE: "jar"-
#2961	NEW    cov: 202 ft: 226 corp: 15/58b lim: 21 exec/s: 2961 rss: 1188Mb L: 4/9 MS: 6 PersAutoDict-Custom-ChangeBit-Custom-PersAutoDict-Custom- DE: "jar"-"jar"-
#5132	NEW    cov: 202 ft: 229 corp: 16/96b lim: 38 exec/s: 2566 rss: 1263Mb L: 38/38 MS: 2 InsertRepeatedBytes-Custom-
#5658	REDUCE cov: 202 ft: 264 corp: 17/136b lim: 43 exec/s: 2829 rss: 1263Mb L: 40/40 MS: 2 InsertRepeatedBytes-Custom-
#5773	NEW    cov: 202 ft: 265 corp: 18/178b lim: 43 exec/s: 2886 rss: 1263Mb L: 42/42 MS: 10 ChangeByte-Custom-InsertByte-Custom-ChangeBinInt-Custom-ChangeByte-Custom-InsertByte-Custom-
#5815	NEW    cov: 213 ft: 276 corp: 19/183b lim: 43 exec/s: 2907 rss: 1263Mb L: 5/42 MS: 4 CMP-Custom-ChangeBit-Custom- DE: "cpio"-
#5996	NEW    cov: 213 ft: 277 corp: 20/188b lim: 43 exec/s: 2998 rss: 1263Mb L: 5/42 MS: 2 ShuffleBytes-Custom-
#6097	NEW    cov: 215 ft: 279 corp: 21/192b lim: 43 exec/s: 3048 rss: 1263Mb L: 4/42 MS: 2 CMP-Custom- DE: "zip"-
#6215	NEW    cov: 219 ft: 283 corp: 22/197b lim: 43 exec/s: 3107 rss: 1263Mb L: 5/42 MS: 6 InsertByte-Custom-EraseBytes-Custom-CopyPart-Custom-
#6234	NEW    cov: 220 ft: 284 corp: 23/202b lim: 43 exec/s: 3117 rss: 1263Mb L: 5/42 MS: 8 ChangeByte-Custom-ShuffleBytes-Custom-ChangeByte-Custom-InsertByte-Custom-
#7599	REDUCE cov: 220 ft: 284 corp: 23/201b lim: 53 exec/s: 3799 rss: 1263Mb L: 37/42 MS: 10 ShuffleBytes-Custom-ChangeBit-Custom-CopyPart-Custom-ChangeByte-Custom-EraseBytes-Custom-
#7776	NEW    cov: 221 ft: 285 corp: 24/243b lim: 53 exec/s: 3888 rss: 1263Mb L: 42/42 MS: 4 ChangeByte-Custom-ChangeByte-Custom-
#7969	REDUCE cov: 221 ft: 285 corp: 24/233b lim: 53 exec/s: 3984 rss: 1263Mb L: 32/42 MS: 6 InsertByte-Custom-ChangeByte-Custom-EraseBytes-Custom-
#8009	REDUCE cov: 221 ft: 285 corp: 24/232b lim: 53 exec/s: 4004 rss: 1263Mb L: 36/42 MS: 10 ChangeBinInt-Custom-PersAutoDict-Custom-InsertByte-Custom-CMP-Custom-EraseBytes-Custom- DE: "zip"-"d\000"-
#8023	REDUCE cov: 221 ft: 285 corp: 24/226b lim: 53 exec/s: 4011 rss: 1263Mb L: 26/42 MS: 8 InsertByte-Custom-CrossOver-Custom-PersAutoDict-Custom-EraseBytes-Custom- DE: "d\000"-
#8082	NEW    cov: 223 ft: 287 corp: 25/230b lim: 53 exec/s: 4041 rss: 1263Mb L: 4/42 MS: 8 ShuffleBytes-Custom-CrossOver-Custom-PersAutoDict-Custom-EraseBytes-Custom- DE: "zip"-
#8192	pulse  cov: 223 ft: 287 corp: 25/230b lim: 53 exec/s: 4096 rss: 1263Mb
#8306	REDUCE cov: 223 ft: 287 corp: 25/227b lim: 53 exec/s: 4153 rss: 1263Mb L: 23/42 MS: 8 CrossOver-Custom-ShuffleBytes-Custom-EraseBytes-Custom-EraseBytes-Custom-
#8881	REDUCE cov: 223 ft: 287 corp: 25/220b lim: 58 exec/s: 2960 rss: 1263Mb L: 16/42 MS: 10 CrossOver-Custom-ShuffleBytes-Custom-ShuffleBytes-Custom-ChangeBinInt-Custom-EraseBytes-Custom-
#9243	REDUCE cov: 223 ft: 287 corp: 25/214b lim: 58 exec/s: 3081 rss: 1263Mb L: 10/42 MS: 4 PersAutoDict-Custom-EraseBytes-Custom- DE: "ar"-
#10449	REDUCE cov: 223 ft: 287 corp: 25/212b lim: 68 exec/s: 3483 rss: 1265Mb L: 8/42 MS: 2 EraseBytes-Custom-
#10678	NEW    cov: 223 ft: 312 corp: 26/279b lim: 68 exec/s: 3559 rss: 1265Mb L: 67/67 MS: 8 CopyPart-Custom-ChangeByte-Custom-CopyPart-Custom-InsertRepeatedBytes-Custom-
#10997	REDUCE cov: 223 ft: 315 corp: 27/346b lim: 68 exec/s: 3665 rss: 1265Mb L: 67/67 MS: 8 PersAutoDict-Custom-ChangeBit-Custom-InsertByte-Custom-InsertRepeatedBytes-Custom- DE: "jar"-
#11608	NEW    cov: 223 ft: 320 corp: 28/419b lim: 74 exec/s: 3869 rss: 1265Mb L: 73/73 MS: 2 CrossOver-Custom-
#12290	NEW    cov: 223 ft: 321 corp: 29/494b lim: 80 exec/s: 4096 rss: 1266Mb L: 75/75 MS: 4 ChangeBinInt-Custom-PersAutoDict-Custom- DE: "d\000"-
#13891	REDUCE cov: 223 ft: 321 corp: 29/493b lim: 92 exec/s: 4630 rss: 1266Mb L: 7/75 MS: 2 EraseBytes-Custom-
#14961	DONE   cov: 223 ft: 321 corp: 29/493b lim: 98 exec/s: 3740 rss: 1266Mb
###### Recommended dictionary. ######
"ar" # Uses: 507
"jar" # Uses: 333
"cpio" # Uses: 184
"zip" # Uses: 171
"d\000" # Uses: 138
###### End of recommended dictionary. ######
Done 14961 runs in 4 second(s)
[INFO] Tests run: 2, Failures: 0, Errors: 0, Skipped: 0, Time elapsed: 19.55 s -- in com.example.algorithm2.Algorithm2Test
[INFO] 
[INFO] Results:
[INFO] 
[INFO] Tests run: 2, Failures: 0, Errors: 0, Skipped: 0
[INFO] 
[INFO] 
[INFO] --- jacoco:0.8.11:report (default-cli) @ AlgorithmName2 ---
[INFO] Loading execution data file /tmp/bugrun/compress_6.6oD2Dr/target/jacoco.exec
[INFO] Analyzed bundle 'AlgorithmName2' with 64 classes
[INFO] ------------------------------------------------------------------------
[INFO] BUILD SUCCESS
[INFO] ------------------------------------------------------------------------
[INFO] Total time:  41.533 s
[INFO] Finished at: 2026-10-06T02:45:28+07:00
[INFO] ------------------------------------------------------------------------
