[INFO] Scanning for projects...
[INFO] 
[INFO] ---------------------< com.example:AlgorithmName2 >---------------------
[INFO] Building AlgorithmName2 1.0-SNAPSHOT
[INFO]   from pom.xml
[INFO] --------------------------------[ jar ]---------------------------------
[INFO] 
[INFO] --- jacoco:0.8.11:prepare-agent (default) @ AlgorithmName2 ---
[INFO] argLine set to -javaagent:/home/kanyaphak673380391-3/.m2/repository/org/jacoco/org.jacoco.agent/0.8.11/org.jacoco.agent-0.8.11-runtime.jar=destfile=/tmp/bugrun/jacksoncore_10.17yzpi/target/jacoco.exec
[INFO] 
[INFO] --- resources:3.4.0:resources (default-resources) @ AlgorithmName2 ---
[INFO] Copying 1 resource from src/main/resources to target/classes
[INFO] 
[INFO] --- compiler:3.15.0:compile (default-compile) @ AlgorithmName2 ---
[INFO] Recompiling the module because of changed source code.
[INFO] Compiling 1 source file with javac [debug target 1.8] to target/classes
[WARNING] bootstrap class path not set in conjunction with -source 8
[INFO] 
[INFO] --- dependency:3.6.0:unpack-dependencies (unpack-defects4j) @ AlgorithmName2 ---
[INFO] 
[INFO] --- resources:3.4.0:testResources (default-testResources) @ AlgorithmName2 ---
[INFO] skip non existing resourceDirectory /tmp/bugrun/jacksoncore_10.17yzpi/src/test/resources
[INFO] 
[INFO] --- compiler:3.15.0:testCompile (default-testCompile) @ AlgorithmName2 ---
[INFO] Recompiling the module because of changed dependency.
[INFO] Compiling 1 source file with javac [debug target 1.8] to target/test-classes
[WARNING] bootstrap class path not set in conjunction with -source 8
[INFO] 
[INFO] --- surefire:3.1.2:test (default-cli) @ AlgorithmName2 ---
[INFO] Using auto detected provider org.apache.maven.surefire.junitplatform.JUnitPlatformProvider
[INFO] 
[INFO] -------------------------------------------------------
[INFO]  T E S T S
[INFO] -------------------------------------------------------
[INFO] Running com.example.algorithm2.Algorithm2Test
OpenJDK 64-Bit Server VM warning: Sharing is only supported for boot loader classes because bootstrap classpath has been appended
INFO: Loaded 284 hooks from com.code_intelligence.jazzer.runtime.TraceCmpHooks
INFO: Loaded 5 hooks from com.code_intelligence.jazzer.runtime.TraceDivHooks
INFO: Loaded 2 hooks from com.code_intelligence.jazzer.runtime.TraceIndirHooks
INFO: Loaded 4 hooks from com.code_intelligence.jazzer.runtime.NativeLibHooks
INFO: Loaded 2 hooks from com.code_intelligence.jazzer.sanitizers.ClojureLangHooks
INFO: Loaded 5 hooks from com.code_intelligence.jazzer.sanitizers.Deserialization
INFO: Loaded 5 hooks from com.code_intelligence.jazzer.sanitizers.ExpressionLanguageInjection
INFO: Loaded 70 hooks from com.code_intelligence.jazzer.sanitizers.LdapInjection
INFO: Loaded 46 hooks from com.code_intelligence.jazzer.sanitizers.NamingContextLookup
INFO: Loaded 1 hooks from com.code_intelligence.jazzer.sanitizers.OsCommandInjection
INFO: Loaded 52 hooks from com.code_intelligence.jazzer.sanitizers.ReflectiveCall
INFO: Loaded 8 hooks from com.code_intelligence.jazzer.sanitizers.RegexInjection
INFO: Loaded 16 hooks from com.code_intelligence.jazzer.sanitizers.RegexRoadblocks
INFO: Loaded 18 hooks from com.code_intelligence.jazzer.sanitizers.ScriptEngineInjection
INFO: Loaded 2 hooks from com.code_intelligence.jazzer.sanitizers.ServerSideRequestForgery
INFO: Loaded 19 hooks from com.code_intelligence.jazzer.sanitizers.SqlInjection
INFO: Loaded 6 hooks from com.code_intelligence.jazzer.sanitizers.XPathInjection
INFO: Instrumented com.example.algorithm2.Algorithm2Test$Skip (took 249 ms, size +44%)
INFO: Instrumented com.example.algorithm2.Algorithm2Test (took 177 ms, size +27%)
INFO: New number of coverage counters: 1024
INFO: Instrumented com.fasterxml.jackson.core.JsonFactory (took 381 ms, size +11%)
INFO: Instrumented com.fasterxml.jackson.core.Versioned (took 1 ms, size +0%)
INFO: Instrumented com.fasterxml.jackson.core.SerializableString (took 1 ms, size +0%)
INFO: Instrumented com.fasterxml.jackson.core.JsonParser (took 118 ms, size +11%)
INFO: New number of coverage counters: 2048
INFO: Instrumented com.fasterxml.jackson.core.json.ReaderBasedJsonParser (took 256 ms, size +25%)
INFO: New number of coverage counters: 4096
INFO: Instrumented com.fasterxml.jackson.core.base.ParserBase (took 247 ms, size +17%)
INFO: Instrumented com.fasterxml.jackson.core.base.ParserMinimalBase (took 81 ms, size +17%)
INFO: Instrumented com.fasterxml.jackson.core.JsonGenerator (took 103 ms, size +13%)
INFO: Instrumented com.fasterxml.jackson.core.json.UTF8JsonGenerator (took 113 ms, size +21%)
INFO: Instrumented com.fasterxml.jackson.core.json.JsonGeneratorImpl (took 20 ms, size +18%)
INFO: Instrumented com.fasterxml.jackson.core.base.GeneratorBase (took 50 ms, size +14%)
INFO: Instrumented com.fasterxml.jackson.core.io.UTF8Writer (took 38 ms, size +26%)
INFO: New number of coverage counters: 8192
INFO: Instrumented com.fasterxml.jackson.core.json.WriterBasedJsonGenerator (took 114 ms, size +21%)
INFO: Instrumented com.fasterxml.jackson.core.JsonFactory$Feature (took 15 ms, size +29%)
INFO: Instrumented com.fasterxml.jackson.core.JsonParser$Feature (took 21 ms, size +25%)
INFO: Instrumented com.fasterxml.jackson.core.JsonGenerator$Feature (took 30 ms, size +25%)
INFO: Instrumented com.fasterxml.jackson.core.util.DefaultPrettyPrinter (took 44 ms, size +15%)
INFO: Instrumented com.fasterxml.jackson.core.PrettyPrinter (took 1 ms, size +0%)
INFO: Instrumented com.fasterxml.jackson.core.util.Instantiatable (took 0 ms, size +0%)
INFO: Instrumented com.fasterxml.jackson.core.util.DefaultPrettyPrinter$Indenter (took 0 ms, size +0%)
INFO: Instrumented com.fasterxml.jackson.core.io.SerializedString (took 44 ms, size +20%)
INFO: Instrumented com.fasterxml.jackson.core.ObjectCodec (took 15 ms, size +13%)
INFO: Instrumented com.fasterxml.jackson.core.TreeCodec (took 6 ms, size +32%)
INFO: Instrumented com.fasterxml.jackson.core.Version (took 30 ms, size +35%)
INFO: Instrumented com.fasterxml.jackson.core.util.BufferRecycler (took 17 ms, size +24%)
INFO: Instrumented com.fasterxml.jackson.core.io.InputDecorator (took 2 ms, size +37%)
INFO: Instrumented com.fasterxml.jackson.core.io.CharacterEscapes (took 17 ms, size +35%)
INFO: Instrumented com.fasterxml.jackson.core.io.OutputDecorator (took 10 ms, size +42%)
INFO: Instrumented com.fasterxml.jackson.core.JsonParseException (took 10 ms, size +35%)
INFO: Instrumented com.fasterxml.jackson.core.JsonProcessingException (took 17 ms, size +20%)
INFO: Instrumented com.fasterxml.jackson.core.JsonEncoding (took 13 ms, size +22%)
INFO: Instrumented com.fasterxml.jackson.core.FormatSchema (took 5 ms, size +0%)
INFO: Instrumented com.fasterxml.jackson.core.format.InputAccessor (took 0 ms, size +0%)
INFO: Instrumented com.fasterxml.jackson.core.format.MatchStrength (took 104 ms, size +28%)
[harness] target=com.fasterxml.jackson.core.JsonFactory factories=1 methods=54
INFO: Instrumented com.fasterxml.jackson.core.sym.CharsToNameCanonicalizer (took 52 ms, size +15%)
INFO: Instrumented com.fasterxml.jackson.core.sym.CharsToNameCanonicalizer$Bucket (took 5 ms, size +39%)
INFO: Instrumented com.fasterxml.jackson.core.sym.ByteQuadsCanonicalizer (took 69 ms, size +19%)
INFO: Instrumented com.fasterxml.jackson.core.sym.ByteQuadsCanonicalizer$TableInfo (took 10 ms, size +22%)
INFO: Instrumented com.fasterxml.jackson.core.sym.BytesToNameCanonicalizer (took 21 ms, size +15%)
INFO: Instrumented com.fasterxml.jackson.core.sym.Name (took 3 ms, size +36%)
INFO: Instrumented com.fasterxml.jackson.core.sym.Name1 (took 5 ms, size +41%)
INFO: Instrumented com.fasterxml.jackson.core.sym.Name2 (took 3 ms, size +43%)
INFO: Instrumented com.fasterxml.jackson.core.sym.Name3 (took 5 ms, size +42%)
INFO: Instrumented com.fasterxml.jackson.core.sym.NameN (took 11 ms, size +31%)
INFO: Instrumented com.fasterxml.jackson.core.sym.BytesToNameCanonicalizer$TableInfo (took 2 ms, size +21%)
INFO: found LLVMFuzzerCustomMutator (0x77080f26fcd0). Disabling -len_control by default.
INFO: Running with entropic power schedule (0xFF, 100).
INFO: Seed: 840568778
INFO: using inputs from: /tmp/bugrun/jacksoncore_10.17yzpi/.cifuzz-corpus/com.example.algorithm2.Algorithm2Test/testParameterizedFuzzer
INFO: using inputs from: /tmp/jazzer-java-seeds2439315753590125293
INFO: Loaded 5 modules   (8192 inline 8-bit counters): 512 [0x770928af5d80, 0x770928af5f80), 512 [0x770928af5f80, 0x770928af6180), 1024 [0x770928af6180, 0x770928af6580), 2048 [0x770928af6580, 0x770928af6d80), 4096 [0x770928af6d80, 0x770928af7d80), 
INFO: Loaded 5 PC tables (8192 PCs): 512 [0x77092898dfc0,0x77092898ffc0), 512 [0x770928a78880,0x770928a7a880), 1024 [0x770928630a60,0x770928634a60), 2048 [0x770928a9a290,0x770928aa2290), 4096 [0x770928ad0650,0x770928ae0650), 
INFO:        0 files found in /tmp/bugrun/jacksoncore_10.17yzpi/.cifuzz-corpus/com.example.algorithm2.Algorithm2Test/testParameterizedFuzzer
INFO:        0 files found in /tmp/jazzer-java-seeds2439315753590125293
INFO: -max_len is not provided; libFuzzer will not generate inputs larger than 4096 bytes
INFO: A corpus is not provided, starting from an empty corpus
#2	INITED cov: 109 ft: 109 corp: 1/1b exec/s: 0 rss: 1126Mb
#4	NEW    cov: 118 ft: 121 corp: 2/2b lim: 4 exec/s: 0 rss: 1126Mb L: 1/1 MS: 4 ShuffleBytes-Custom-ChangeBit-Custom-
INFO: Instrumented com.fasterxml.jackson.core.io.IOContext (took 10 ms, size +18%)
INFO: Instrumented com.fasterxml.jackson.core.json.ByteSourceJsonBootstrapper (took 12 ms, size +21%)
INFO: Instrumented com.fasterxml.jackson.core.json.UTF8StreamJsonParser (took 88 ms, size +24%)
INFO: Instrumented com.fasterxml.jackson.core.io.MergedStream (took 7 ms, size +27%)
INFO: Instrumented com.fasterxml.jackson.core.io.UTF32Reader (took 10 ms, size +22%)
INFO: Instrumented com.fasterxml.jackson.core.JsonStreamContext (took 6 ms, size +35%)
#8	NEW    cov: 288 ft: 293 corp: 3/4b lim: 4 exec/s: 0 rss: 1127Mb L: 2/2 MS: 8 ShuffleBytes-Custom-CrossOver-Custom-ChangeByte-Custom-ChangeBinInt-Custom-
INFO: #9	NEW    cov: 363 ft: 374 corp: 4/5b lim: 4 exec/s: 0 rss: 1127Mb L: 1/2 MS: 2 ChangeByte-Custom-
Instrumented com.fasterxml.jackson.core.json.JsonReadContext (took 12 ms, size +15%)
INFO: Instrumented com.fasterxml.jackson.core.io.CharTypes (took 16 ms, size +23%)
INFO: #13	NEW    cov: 396 ft: 421 corp: 5/6b lim: 4 exec/s: 0 rss: 1127Mb L: 1/2 MS: 8 ShuffleBytes-Custom-ShuffleBytes-Custom-CopyPart-Custom-ChangeByte-Custom-
#15	NEW    cov: 400 ft: 429 corp: 6/8b lim: 4 exec/s: 0 rss: 1127Mb L: 2/2 MS: 4 ChangeByte-Custom-ChangeByte-Custom-
Instrumented com.fasterxml.jackson.core.util.TextBuffer (took 33 ms, size +21%)
#16	NEW    cov: 402 ft: 432 corp: 7/9b lim: 4 exec/s: 0 rss: 1127Mb L: 1/2 MS: 2 ChangeByte-Custom-
INFO: Instrumented com.fasterxml.jackson.core.JsonGenerationException (took 4 ms, size +32%)
INFO: Instrumented com.fasterxml.jackson.core.json.JsonWriteContext (took 11 ms, size +19%)
#18	NEW    cov: 408 ft: 442 corp: 8/11b lim: 4 exec/s: 0 rss: 1127Mb L: 2/2 MS: 4 CopyPart-Custom-CopyPart-Custom-
#19	NEW    cov: 414 ft: 454 corp: 9/14b lim: 4 exec/s: 0 rss: 1127Mb L: 3/3 MS: 2 InsertByte-Custom-
#21	NEW    cov: 416 ft: 456 corp: 10/15b lim: 4 exec/s: 0 rss: 1127Mb L: 1/3 MS: 4 ShuffleBytes-Custom-ChangeByte-Custom-
#23	NEW    cov: 451 ft: 491 corp: 11/16b lim: 4 exec/s: 0 rss: 1127Mb L: 1/3 MS: 4 CopyPart-Custom-ChangeBit-Custom-
#24	NEW    cov: 452 ft: 492 corp: 12/18b lim: 4 exec/s: 0 rss: 1127Mb L: 2/3 MS: 2 EraseBytes-Custom-
#26	NEW    cov: 452 ft: 559 corp: 13/20b lim: 4 exec/s: 0 rss: 1127Mb L: 2/3 MS: 4 CrossOver-Custom-InsertByte-Custom-
INFO: Instrumented com.fasterxml.jackson.core.json.PackageVersion (took 9 ms, size +35%)
#27	NEW    cov: 474 ft: 583 corp: 14/21b lim: 4 exec/s: 0 rss: 1128Mb L: 1/3 MS: 2 ChangeBit-Custom-
WARN: #31	NEW    cov: 475 ft: 584 corp: 15/24b lim: 4 exec/s: 0 rss: 1128Mb L: 3/3 MS: 8 InsertByte-Custom-InsertByte-Custom-ChangeBit-Custom-ShuffleBytes-Custom-
#32	NEW    cov: 475 ft: 589 corp: 16/27b lim: 4 exec/s: 0 rss: 1128Mb L: 3/3 MS: 2 CrossOver-Custom-
#34	NEW    cov: 475 ft: 593 corp: 17/29b lim: 4 exec/s: 0 rss: 1128Mb L: 2/3 MS: 4 EraseBytes-Custom-CMP-Custom- DE: "\000\000"-
#42	NEW    cov: 475 ft: 660 corp: 18/33b lim: 4 exec/s: 0 rss: 1129Mb L: 4/4 MS: 6 ChangeByte-Custom-ChangeByte-Custom-CopyPart-Custom-
Some hooks could not be applied to class files built for Java 7 or lower.
                       Ensure that the fuzz target and its dependencies are compiled with
                       -target 8 or higher to identify as many bugs as possible.
INFO: Instrumented com.fasterxml.jackson.core.util.VersionUtil (took 20 ms, size +20%)
#46	NEW    cov: 477 ft: 662 corp: 19/37b lim: 4 exec/s: 0 rss: 1129Mb L: 4/4 MS: 8 CrossOver-Custom-PersAutoDict-Custom-ChangeByte-Custom-ChangeBinInt-Custom- DE: "\000\000"-
#50	NEW    cov: 477 ft: 663 corp: 20/39b lim: 4 exec/s: 0 rss: 1129Mb L: 2/4 MS: 8 CopyPart-Custom-EraseBytes-Custom-ShuffleBytes-Custom-CrossOver-Custom-
#54	NEW    cov: 478 ft: 664 corp: 21/40b lim: 4 exec/s: 0 rss: 1129Mb L: 1/4 MS: 8 ChangeByte-Custom-ChangeByte-Custom-EraseBytes-Custom-ChangeByte-Custom-
#55	NEW    cov: 482 ft: 668 corp: 22/42b lim: 4 exec/s: 0 rss: 1129Mb L: 2/4 MS: 2 ChangeBit-Custom-
#58	NEW    cov: 508 ft: 696 corp: 23/45b lim: 4 exec/s: 0 rss: 1129Mb L: 3/4 MS: 6 CrossOver-Custom-ShuffleBytes-Custom-PersAutoDict-Custom- DE: "\000\000"-
#61	NEW    cov: 509 ft: 697 corp: 24/47b lim: 4 exec/s: 0 rss: 1129Mb L: 2/4 MS: 6 EraseBytes-Custom-PersAutoDict-Custom-ChangeBit-Custom- DE: "\000\000"-
#66	NEW    cov: 510 ft: 698 corp: 25/49b lim: 4 exec/s: 0 rss: 1129Mb L: 2/4 MS: 10 PersAutoDict-Custom-ShuffleBytes-Custom-CrossOver-Custom-ChangeByte-Custom-ShuffleBytes-Custom- DE: "\000\000"-
#70	NEW    cov: 510 ft: 707 corp: 26/53b lim: 4 exec/s: 0 rss: 1129Mb L: 4/4 MS: 8 InsertByte-Custom-ChangeBit-Custom-CopyPart-Custom-CopyPart-Custom-
#75	NEW    cov: 511 ft: 708 corp: 27/57b lim: 4 exec/s: 0 rss: 1129Mb L: 4/4 MS: 10 CopyPart-Custom-CopyPart-Custom-ShuffleBytes-Custom-ChangeBinInt-Custom-CrossOver-Custom-
#77	NEW    cov: 511 ft: 737 corp: 28/59b lim: 4 exec/s: 0 rss: 1129Mb L: 2/4 MS: 4 ShuffleBytes-Custom-InsertByte-Custom-
#84	NEW    cov: 511 ft: 738 corp: 29/63b lim: 4 exec/s: 0 rss: 1129Mb L: 4/4 MS: 4 ChangeByte-Custom-CopyPart-Custom-
#86	NEW    cov: 511 ft: 740 corp: 30/65b lim: 4 exec/s: 0 rss: 1129Mb L: 2/4 MS: 4 InsertByte-Custom-CrossOver-Custom-
#91	NEW    cov: 521 ft: 750 corp: 31/68b lim: 4 exec/s: 0 rss: 1129Mb L: 3/4 MS: 10 InsertByte-Custom-PersAutoDict-Custom-ChangeBinInt-Custom-CopyPart-Custom-ChangeBit-Custom- DE: "\000\000"-
#95	NEW    cov: 553 ft: 783 corp: 32/69b lim: 4 exec/s: 0 rss: 1139Mb L: 1/4 MS: 8 InsertByte-Custom-EraseBytes-Custom-CopyPart-Custom-ChangeByte-Custom-
#96	NEW    cov: 556 ft: 786 corp: 33/72b lim: 4 exec/s: 0 rss: 1139Mb L: 3/4 MS: 2 ChangeBit-Custom-
#97	REDUCE cov: 556 ft: 786 corp: 33/71b lim: 4 exec/s: 0 rss: 1139Mb L: 2/4 MS: 2 EraseBytes-Custom-
#98	NEW    cov: 564 ft: 810 corp: 34/73b lim: 4 exec/s: 0 rss: 1139Mb L: 2/4 MS: 2 CrossOver-Custom-
#104	NEW    cov: 565 ft: 811 corp: 35/74b lim: 4 exec/s: 0 rss: 1139Mb L: 1/4 MS: 2 ChangeBit-Custom-
#108	NEW    cov: 565 ft: 813 corp: 36/76b lim: 4 exec/s: 0 rss: 1139Mb L: 2/4 MS: 8 CrossOver-Custom-ShuffleBytes-Custom-ChangeBit-Custom-CrossOver-Custom-
#115	NEW    cov: 566 ft: 814 corp: 37/79b lim: 4 exec/s: 0 rss: 1139Mb L: 3/4 MS: 4 PersAutoDict-Custom-ChangeBit-Custom- DE: "\000\000"-
#122	NEW    cov: 568 ft: 816 corp: 38/82b lim: 4 exec/s: 0 rss: 1139Mb L: 3/4 MS: 4 ChangeBinInt-Custom-ChangeBinInt-Custom-
#123	NEW    cov: 577 ft: 825 corp: 39/83b lim: 4 exec/s: 0 rss: 1139Mb L: 1/4 MS: 2 ChangeByte-Custom-
#125	NEW    cov: 580 ft: 828 corp: 40/85b lim: 4 exec/s: 0 rss: 1139Mb L: 2/4 MS: 4 PersAutoDict-Custom-ChangeBinInt-Custom- DE: "\000\000"-
#134	REDUCE cov: 587 ft: 850 corp: 41/89b lim: 4 exec/s: 0 rss: 1139Mb L: 4/4 MS: 8 PersAutoDict-Custom-ChangeByte-Custom-CrossOver-Custom-ChangeBit-Custom- DE: "\000\000"-
#141	NEW    cov: 587 ft: 860 corp: 42/93b lim: 4 exec/s: 0 rss: 1139Mb L: 4/4 MS: 4 EraseBytes-Custom-CrossOver-Custom-
#142	NEW    cov: 589 ft: 862 corp: 43/94b lim: 4 exec/s: 0 rss: 1139Mb L: 1/4 MS: 2 ChangeBit-Custom-
#144	NEW    cov: 592 ft: 877 corp: 44/96b lim: 4 exec/s: 0 rss: 1139Mb L: 2/4 MS: 4 CopyPart-Custom-ChangeBinInt-Custom-
#153	NEW    cov: 602 ft: 887 corp: 45/99b lim: 4 exec/s: 0 rss: 1139Mb L: 3/4 MS: 8 PersAutoDict-Custom-EraseBytes-Custom-CopyPart-Custom-InsertByte-Custom- DE: "\000\000"-
#154	REDUCE cov: 602 ft: 887 corp: 45/98b lim: 4 exec/s: 0 rss: 1139Mb L: 1/4 MS: 2 EraseBytes-Custom-
#166	NEW    cov: 602 ft: 888 corp: 46/100b lim: 4 exec/s: 0 rss: 1139Mb L: 2/4 MS: 4 ChangeByte-Custom-ChangeBit-Custom-
#168	REDUCE cov: 602 ft: 888 corp: 46/99b lim: 4 exec/s: 0 rss: 1139Mb L: 2/4 MS: 4 CopyPart-Custom-EraseBytes-Custom-
#173	NEW    cov: 602 ft: 894 corp: 47/103b lim: 4 exec/s: 0 rss: 1139Mb L: 4/4 MS: 10 ChangeBit-Custom-EraseBytes-Custom-CrossOver-Custom-CopyPart-Custom-CopyPart-Custom-
#180	NEW    cov: 604 ft: 896 corp: 48/105b lim: 4 exec/s: 0 rss: 1139Mb L: 2/4 MS: 4 ChangeByte-Custom-EraseBytes-Custom-
#199	NEW    cov: 604 ft: 897 corp: 49/108b lim: 4 exec/s: 0 rss: 1139Mb L: 3/4 MS: 8 ChangeByte-Custom-ChangeBinInt-Custom-CMP-Custom-ChangeByte-Custom- DE: "\377\377"-
#208	NEW    cov: 604 ft: 907 corp: 50/112b lim: 4 exec/s: 0 rss: 1139Mb L: 4/4 MS: 8 CopyPart-Custom-ChangeByte-Custom-InsertByte-Custom-CopyPart-Custom-
#258	NEW    cov: 604 ft: 994 corp: 51/116b lim: 4 exec/s: 0 rss: 1139Mb L: 4/4 MS: 10 ChangeBit-Custom-PersAutoDict-Custom-ChangeBinInt-Custom-PersAutoDict-Custom-CopyPart-Custom- DE: "\000\000"-"\377\377"-
#261	NEW    cov: 604 ft: 995 corp: 52/119b lim: 4 exec/s: 0 rss: 1139Mb L: 3/4 MS: 6 CrossOver-Custom-CopyPart-Custom-ChangeBit-Custom-
#275	NEW    cov: 604 ft: 999 corp: 53/121b lim: 4 exec/s: 0 rss: 1139Mb L: 2/4 MS: 8 InsertByte-Custom-ChangeByte-Custom-InsertByte-Custom-EraseBytes-Custom-
#299	NEW    cov: 607 ft: 1002 corp: 54/124b lim: 4 exec/s: 0 rss: 1139Mb L: 3/4 MS: 8 ChangeByte-Custom-ChangeBinInt-Custom-ChangeByte-Custom-InsertByte-Custom-
#324	NEW    cov: 610 ft: 1005 corp: 55/128b lim: 4 exec/s: 0 rss: 1139Mb L: 4/4 MS: 10 CrossOver-Custom-ShuffleBytes-Custom-ChangeByte-Custom-ShuffleBytes-Custom-CMP-Custom- DE: "\000\010"-
#331	NEW    cov: 610 ft: 1011 corp: 56/130b lim: 4 exec/s: 0 rss: 1139Mb L: 2/4 MS: 4 ChangeBit-Custom-ChangeBit-Custom-
#332	REDUCE cov: 610 ft: 1012 corp: 57/132b lim: 4 exec/s: 0 rss: 1139Mb L: 2/4 MS: 2 CopyPart-Custom-
#337	NEW    cov: 612 ft: 1014 corp: 58/134b lim: 4 exec/s: 0 rss: 1139Mb L: 2/4 MS: 10 PersAutoDict-Custom-ShuffleBytes-Custom-ChangeBinInt-Custom-ChangeBit-Custom-EraseBytes-Custom- DE: "\000\010"-
#356	NEW    cov: 612 ft: 1019 corp: 59/136b lim: 4 exec/s: 0 rss: 1139Mb L: 2/4 MS: 8 InsertByte-Custom-ChangeByte-Custom-ChangeBit-Custom-ChangeBit-Custom-
#360	NEW    cov: 613 ft: 1020 corp: 60/139b lim: 4 exec/s: 0 rss: 1139Mb L: 3/4 MS: 8 PersAutoDict-Custom-ChangeBinInt-Custom-ChangeByte-Custom-ChangeByte-Custom- DE: "\377\377"-
#361	NEW    cov: 614 ft: 1021 corp: 61/143b lim: 4 exec/s: 0 rss: 1139Mb L: 4/4 MS: 2 PersAutoDict-Custom- DE: "\000\010"-
#376	NEW    cov: 614 ft: 1026 corp: 62/147b lim: 4 exec/s: 0 rss: 1139Mb L: 4/4 MS: 10 ChangeBit-Custom-ChangeBit-Custom-ChangeByte-Custom-CopyPart-Custom-CMP-Custom- DE: "\010\000"-
#385	NEW    cov: 621 ft: 1035 corp: 63/151b lim: 4 exec/s: 0 rss: 1139Mb L: 4/4 MS: 8 EraseBytes-Custom-PersAutoDict-Custom-CrossOver-Custom-ChangeBit-Custom- DE: "\000\000"-
#399	NEW    cov: 621 ft: 1037 corp: 64/155b lim: 4 exec/s: 0 rss: 1139Mb L: 4/4 MS: 8 InsertByte-Custom-ChangeBit-Custom-CopyPart-Custom-ChangeByte-Custom-
#405	NEW    cov: 623 ft: 1039 corp: 65/158b lim: 4 exec/s: 0 rss: 1139Mb L: 3/4 MS: 2 CrossOver-Custom-
#413	NEW    cov: 628 ft: 1044 corp: 66/162b lim: 4 exec/s: 0 rss: 1139Mb L: 4/4 MS: 6 CopyPart-Custom-ShuffleBytes-Custom-InsertByte-Custom-
#418	NEW    cov: 630 ft: 1046 corp: 67/164b lim: 4 exec/s: 0 rss: 1139Mb L: 2/4 MS: 10 ChangeBit-Custom-ChangeBit-Custom-ChangeBit-Custom-ChangeBit-Custom-ChangeByte-Custom-
#454	NEW    cov: 630 ft: 1047 corp: 68/166b lim: 4 exec/s: 0 rss: 1139Mb L: 2/4 MS: 2 CopyPart-Custom-
#458	NEW    cov: 639 ft: 1056 corp: 69/169b lim: 4 exec/s: 0 rss: 1139Mb L: 3/4 MS: 8 CrossOver-Custom-PersAutoDict-Custom-ChangeByte-Custom-ShuffleBytes-Custom- DE: "\377\377"-
#497	NEW    cov: 640 ft: 1057 corp: 70/173b lim: 4 exec/s: 0 rss: 1139Mb L: 4/4 MS: 8 CrossOver-Custom-ChangeByte-Custom-InsertByte-Custom-InsertByte-Custom-
#522	NEW    cov: 642 ft: 1059 corp: 71/175b lim: 4 exec/s: 0 rss: 1139Mb L: 2/4 MS: 10 ChangeBit-Custom-ChangeBit-Custom-PersAutoDict-Custom-EraseBytes-Custom-InsertByte-Custom- DE: "\010\000"-
#524	NEW    cov: 643 ft: 1060 corp: 72/178b lim: 4 exec/s: 0 rss: 1139Mb L: 3/4 MS: 4 InsertByte-Custom-ChangeBinInt-Custom-
#540	NEW    cov: 644 ft: 1061 corp: 73/182b lim: 4 exec/s: 0 rss: 1139Mb L: 4/4 MS: 2 ChangeBit-Custom-
#572	NEW    cov: 644 ft: 1064 corp: 74/186b lim: 4 exec/s: 0 rss: 1139Mb L: 4/4 MS: 4 CrossOver-Custom-CopyPart-Custom-
#574	NEW    cov: 644 ft: 1109 corp: 75/190b lim: 4 exec/s: 0 rss: 1139Mb L: 4/4 MS: 4 EraseBytes-Custom-CopyPart-Custom-
#575	REDUCE cov: 644 ft: 1109 corp: 75/188b lim: 4 exec/s: 0 rss: 1139Mb L: 2/4 MS: 2 EraseBytes-Custom-
#585	REDUCE cov: 644 ft: 1109 corp: 75/187b lim: 4 exec/s: 0 rss: 1139Mb L: 3/4 MS: 10 ChangeBit-Custom-ChangeByte-Custom-EraseBytes-Custom-CopyPart-Custom-InsertByte-Custom-
#589	NEW    cov: 645 ft: 1110 corp: 76/190b lim: 4 exec/s: 0 rss: 1139Mb L: 3/4 MS: 8 InsertByte-Custom-EraseBytes-Custom-PersAutoDict-Custom-ChangeBinInt-Custom- DE: "\377\377"-
#604	NEW    cov: 646 ft: 1113 corp: 77/194b lim: 4 exec/s: 0 rss: 1139Mb L: 4/4 MS: 10 CrossOver-Custom-PersAutoDict-Custom-CrossOver-Custom-ChangeBit-Custom-CopyPart-Custom- DE: "\000\000"-
#625	REDUCE cov: 646 ft: 1113 corp: 77/192b lim: 4 exec/s: 0 rss: 1139Mb L: 2/4 MS: 2 EraseBytes-Custom-
#670	NEW    cov: 650 ft: 1117 corp: 78/196b lim: 4 exec/s: 0 rss: 1139Mb L: 4/4 MS: 10 ChangeByte-Custom-ChangeByte-Custom-ChangeBinInt-Custom-InsertByte-Custom-ChangeByte-Custom-
#671	REDUCE cov: 650 ft: 1117 corp: 78/195b lim: 4 exec/s: 0 rss: 1139Mb L: 2/4 MS: 2 EraseBytes-Custom-
#675	REDUCE cov: 650 ft: 1117 corp: 78/193b lim: 4 exec/s: 0 rss: 1139Mb L: 1/4 MS: 8 CopyPart-Custom-ChangeByte-Custom-ShuffleBytes-Custom-CrossOver-Custom-
#731	REDUCE cov: 650 ft: 1117 corp: 78/192b lim: 4 exec/s: 0 rss: 1139Mb L: 3/4 MS: 2 EraseBytes-Custom-
#755	NEW    cov: 650 ft: 1118 corp: 79/194b lim: 4 exec/s: 0 rss: 1139Mb L: 2/4 MS: 8 ShuffleBytes-Custom-ShuffleBytes-Custom-ChangeByte-Custom-CopyPart-Custom-
#767	NEW    cov: 680 ft: 1150 corp: 80/198b lim: 4 exec/s: 0 rss: 1139Mb L: 4/4 MS: 4 PersAutoDict-Custom-ChangeBinInt-Custom- DE: "\010\000"-
#791	REDUCE cov: 680 ft: 1152 corp: 81/200b lim: 4 exec/s: 0 rss: 1139Mb L: 2/4 MS: 8 ShuffleBytes-Custom-ShuffleBytes-Custom-InsertByte-Custom-CopyPart-Custom-
#801	NEW    cov: 686 ft: 1158 corp: 82/204b lim: 4 exec/s: 0 rss: 1139Mb L: 4/4 MS: 10 PersAutoDict-Custom-ChangeBit-Custom-CrossOver-Custom-ShuffleBytes-Custom-InsertByte-Custom- DE: "\000\010"-
#812	NEW    cov: 688 ft: 1160 corp: 83/208b lim: 4 exec/s: 0 rss: 1139Mb L: 4/4 MS: 2 ChangeBinInt-Custom-
#825	NEW    cov: 688 ft: 1162 corp: 84/212b lim: 4 exec/s: 0 rss: 1139Mb L: 4/4 MS: 6 ChangeBinInt-Custom-ChangeByte-Custom-CopyPart-Custom-
#829	NEW    cov: 688 ft: 1163 corp: 85/214b lim: 4 exec/s: 0 rss: 1139Mb L: 2/4 MS: 8 ChangeByte-Custom-ShuffleBytes-Custom-EraseBytes-Custom-CopyPart-Custom-
#869	REDUCE cov: 688 ft: 1163 corp: 85/212b lim: 4 exec/s: 0 rss: 1139Mb L: 1/4 MS: 10 EraseBytes-Custom-ChangeBit-Custom-CrossOver-Custom-ShuffleBytes-Custom-CrossOver-Custom-
#920	REDUCE cov: 688 ft: 1163 corp: 85/211b lim: 4 exec/s: 0 rss: 1139Mb L: 1/4 MS: 2 EraseBytes-Custom-
#928	REDUCE cov: 688 ft: 1163 corp: 85/209b lim: 4 exec/s: 0 rss: 1139Mb L: 1/4 MS: 6 ShuffleBytes-Custom-EraseBytes-Custom-EraseBytes-Custom-
#935	NEW    cov: 688 ft: 1164 corp: 86/213b lim: 4 exec/s: 0 rss: 1139Mb L: 4/4 MS: 4 InsertByte-Custom-CopyPart-Custom-
#976	NEW    cov: 691 ft: 1167 corp: 87/217b lim: 4 exec/s: 0 rss: 1139Mb L: 4/4 MS: 2 CrossOver-Custom-
#981	NEW    cov: 691 ft: 1169 corp: 88/221b lim: 4 exec/s: 0 rss: 1139Mb L: 4/4 MS: 10 InsertByte-Custom-ChangeBinInt-Custom-PersAutoDict-Custom-ChangeByte-Custom-CopyPart-Custom- DE: "\010\000"-
#1060	NEW    cov: 691 ft: 1173 corp: 89/223b lim: 4 exec/s: 0 rss: 1139Mb L: 2/4 MS: 8 CopyPart-Custom-InsertByte-Custom-ChangeBinInt-Custom-ChangeBit-Custom-
#1108	NEW    cov: 691 ft: 1174 corp: 90/227b lim: 4 exec/s: 0 rss: 1139Mb L: 4/4 MS: 6 InsertByte-Custom-ChangeByte-Custom-CopyPart-Custom-
#1129	NEW    cov: 691 ft: 1176 corp: 91/230b lim: 4 exec/s: 0 rss: 1139Mb L: 3/4 MS: 2 CopyPart-Custom-
#1152	NEW    cov: 691 ft: 1204 corp: 92/234b lim: 4 exec/s: 0 rss: 1139Mb L: 4/4 MS: 6 ShuffleBytes-Custom-ChangeBit-Custom-ChangeBit-Custom-
#1167	NEW    cov: 691 ft: 1206 corp: 93/238b lim: 4 exec/s: 0 rss: 1139Mb L: 4/4 MS: 10 ShuffleBytes-Custom-CrossOver-Custom-CrossOver-Custom-CrossOver-Custom-CrossOver-Custom-
#1176	REDUCE cov: 691 ft: 1207 corp: 94/242b lim: 4 exec/s: 0 rss: 1139Mb L: 4/4 MS: 8 ChangeBinInt-Custom-CopyPart-Custom-ChangeBit-Custom-ShuffleBytes-Custom-
#1225	NEW    cov: 691 ft: 1208 corp: 95/246b lim: 4 exec/s: 0 rss: 1139Mb L: 4/4 MS: 8 CrossOver-Custom-InsertByte-Custom-CrossOver-Custom-CopyPart-Custom-
#1231	REDUCE cov: 691 ft: 1208 corp: 95/245b lim: 4 exec/s: 0 rss: 1139Mb L: 3/4 MS: 2 EraseBytes-Custom-
#1365	NEW    cov: 691 ft: 1210 corp: 96/249b lim: 4 exec/s: 0 rss: 1139Mb L: 4/4 MS: 8 ChangeBinInt-Custom-PersAutoDict-Custom-ChangeBinInt-Custom-ChangeBinInt-Custom- DE: "\010\000"-
#1491	REDUCE cov: 691 ft: 1210 corp: 96/248b lim: 4 exec/s: 0 rss: 1139Mb L: 1/4 MS: 2 EraseBytes-Custom-
#1504	NEW    cov: 691 ft: 1214 corp: 97/251b lim: 4 exec/s: 0 rss: 1139Mb L: 3/4 MS: 6 ChangeByte-Custom-InsertByte-Custom-ChangeByte-Custom-
#1631	NEW    cov: 691 ft: 1215 corp: 98/255b lim: 4 exec/s: 0 rss: 1139Mb L: 4/4 MS: 4 CrossOver-Custom-CrossOver-Custom-
#1652	NEW    cov: 691 ft: 1217 corp: 99/259b lim: 4 exec/s: 0 rss: 1139Mb L: 4/4 MS: 2 CopyPart-Custom-
#1685	NEW    cov: 691 ft: 1218 corp: 100/262b lim: 4 exec/s: 0 rss: 1139Mb L: 3/4 MS: 6 ChangeBit-Custom-ChangeByte-Custom-CopyPart-Custom-
#1784	NEW    cov: 691 ft: 1229 corp: 101/266b lim: 4 exec/s: 0 rss: 1139Mb L: 4/4 MS: 8 ChangeBinInt-Custom-ShuffleBytes-Custom-ChangeBit-Custom-CopyPart-Custom-
#1817	NEW    cov: 691 ft: 1246 corp: 102/269b lim: 4 exec/s: 0 rss: 1139Mb L: 3/4 MS: 6 ChangeByte-Custom-ChangeBinInt-Custom-CopyPart-Custom-
#1819	REDUCE cov: 691 ft: 1246 corp: 102/268b lim: 4 exec/s: 0 rss: 1139Mb L: 1/4 MS: 4 ShuffleBytes-Custom-EraseBytes-Custom-
#1823	NEW    cov: 691 ft: 1256 corp: 103/271b lim: 4 exec/s: 0 rss: 1139Mb L: 3/4 MS: 8 ChangeByte-Custom-ChangeByte-Custom-EraseBytes-Custom-CopyPart-Custom-
#1824	NEW    cov: 691 ft: 1272 corp: 104/275b lim: 4 exec/s: 0 rss: 1139Mb L: 4/4 MS: 2 CopyPart-Custom-
#1897	NEW    cov: 691 ft: 1274 corp: 105/279b lim: 4 exec/s: 0 rss: 1139Mb L: 4/4 MS: 6 PersAutoDict-Custom-CrossOver-Custom-CrossOver-Custom- DE: "\000\000"-
#1914	REDUCE cov: 691 ft: 1274 corp: 105/278b lim: 4 exec/s: 0 rss: 1139Mb L: 2/4 MS: 4 ChangeByte-Custom-EraseBytes-Custom-
#1925	NEW    cov: 691 ft: 1290 corp: 106/282b lim: 4 exec/s: 0 rss: 1139Mb L: 4/4 MS: 2 CopyPart-Custom-
#2047	REDUCE cov: 691 ft: 1290 corp: 106/281b lim: 4 exec/s: 2047 rss: 1139Mb L: 3/4 MS: 4 ChangeByte-Custom-EraseBytes-Custom-
#2054	REDUCE cov: 691 ft: 1290 corp: 106/280b lim: 4 exec/s: 2054 rss: 1139Mb L: 1/4 MS: 4 ChangeByte-Custom-CrossOver-Custom-
#2075	NEW    cov: 691 ft: 1295 corp: 107/283b lim: 4 exec/s: 2075 rss: 1139Mb L: 3/4 MS: 2 EraseBytes-Custom-
#2182	NEW    cov: 691 ft: 1301 corp: 108/287b lim: 4 exec/s: 2182 rss: 1139Mb L: 4/4 MS: 4 InsertByte-Custom-CopyPart-Custom-
#2223	REDUCE cov: 691 ft: 1301 corp: 108/286b lim: 4 exec/s: 2223 rss: 1139Mb L: 3/4 MS: 2 EraseBytes-Custom-
#2230	REDUCE cov: 691 ft: 1301 corp: 108/284b lim: 4 exec/s: 2230 rss: 1139Mb L: 2/4 MS: 4 ChangeByte-Custom-EraseBytes-Custom-
#2260	NEW    cov: 691 ft: 1318 corp: 109/288b lim: 4 exec/s: 2260 rss: 1139Mb L: 4/4 MS: 10 ShuffleBytes-Custom-CrossOver-Custom-CopyPart-Custom-CrossOver-Custom-CrossOver-Custom-
#2518	NEW    cov: 691 ft: 1319 corp: 110/294b lim: 6 exec/s: 2518 rss: 1139Mb L: 6/6 MS: 6 PersAutoDict-Custom-ShuffleBytes-Custom-ChangeBinInt-Custom- DE: "\010\000"-
#2521	NEW    cov: 697 ft: 1326 corp: 111/299b lim: 6 exec/s: 2521 rss: 1139Mb L: 5/6 MS: 6 CrossOver-Custom-InsertByte-Custom-ChangeBit-Custom-
#2553	REDUCE cov: 697 ft: 1326 corp: 111/298b lim: 6 exec/s: 2553 rss: 1139Mb L: 2/6 MS: 4 PersAutoDict-Custom-EraseBytes-Custom- DE: "\377\377"-
#2617	NEW    cov: 697 ft: 1334 corp: 112/303b lim: 6 exec/s: 2617 rss: 1139Mb L: 5/6 MS: 8 CrossOver-Custom-ChangeBit-Custom-ChangeByte-Custom-InsertByte-Custom-
#2622	NEW    cov: 697 ft: 1336 corp: 113/308b lim: 6 exec/s: 2622 rss: 1139Mb L: 5/6 MS: 10 InsertByte-Custom-InsertByte-Custom-EraseBytes-Custom-ChangeByte-Custom-CopyPart-Custom-
#2653	NEW    cov: 710 ft: 1351 corp: 114/313b lim: 6 exec/s: 2653 rss: 1139Mb L: 5/6 MS: 2 InsertRepeatedBytes-Custom-
#2655	REDUCE cov: 710 ft: 1353 corp: 115/318b lim: 6 exec/s: 2655 rss: 1139Mb L: 5/6 MS: 4 ChangeBinInt-Custom-InsertRepeatedBytes-Custom-
#2697	NEW    cov: 710 ft: 1354 corp: 116/324b lim: 6 exec/s: 2697 rss: 1139Mb L: 6/6 MS: 4 CopyPart-Custom-InsertByte-Custom-
#2788	NEW    cov: 710 ft: 1359 corp: 117/329b lim: 6 exec/s: 2788 rss: 1139Mb L: 5/6 MS: 2 CopyPart-Custom-
#2790	NEW    cov: 711 ft: 1362 corp: 118/335b lim: 6 exec/s: 2790 rss: 1139Mb L: 6/6 MS: 4 PersAutoDict-Custom-PersAutoDict-Custom- DE: "\010\000"-"\377\377"-
#2801	NEW    cov: 711 ft: 1375 corp: 119/341b lim: 6 exec/s: 2801 rss: 1139Mb L: 6/6 MS: 2 InsertRepeatedBytes-Custom-
#2822	REDUCE cov: 711 ft: 1375 corp: 119/340b lim: 6 exec/s: 2822 rss: 1139Mb L: 2/6 MS: 2 EraseBytes-Custom-
#2889	NEW    cov: 711 ft: 1376 corp: 120/346b lim: 6 exec/s: 2889 rss: 1139Mb L: 6/6 MS: 4 InsertRepeatedBytes-Custom-InsertByte-Custom-
#2902	NEW    cov: 711 ft: 1379 corp: 121/351b lim: 6 exec/s: 2902 rss: 1139Mb L: 5/6 MS: 6 ShuffleBytes-Custom-InsertByte-Custom-ChangeByte-Custom-
#2924	REDUCE cov: 711 ft: 1379 corp: 121/350b lim: 6 exec/s: 2924 rss: 1139Mb L: 2/6 MS: 4 ShuffleBytes-Custom-EraseBytes-Custom-
#3045	REDUCE cov: 711 ft: 1379 corp: 121/349b lim: 6 exec/s: 3045 rss: 1139Mb L: 1/6 MS: 2 EraseBytes-Custom-
#3046	REDUCE cov: 711 ft: 1379 corp: 121/348b lim: 6 exec/s: 3046 rss: 1139Mb L: 1/6 MS: 2 EraseBytes-Custom-
#3048	REDUCE cov: 711 ft: 1379 corp: 121/347b lim: 6 exec/s: 3048 rss: 1139Mb L: 2/6 MS: 4 ChangeBinInt-Custom-EraseBytes-Custom-
#3084	REDUCE cov: 711 ft: 1379 corp: 121/346b lim: 6 exec/s: 3084 rss: 1139Mb L: 3/6 MS: 2 EraseBytes-Custom-
#3195	REDUCE cov: 711 ft: 1380 corp: 122/352b lim: 6 exec/s: 3195 rss: 1139Mb L: 6/6 MS: 2 CrossOver-Custom-
#3220	NEW    cov: 711 ft: 1381 corp: 123/357b lim: 6 exec/s: 3220 rss: 1139Mb L: 5/6 MS: 10 ShuffleBytes-Custom-ShuffleBytes-Custom-CopyPart-Custom-ChangeBit-Custom-ChangeByte-Custom-
#3229	NEW    cov: 711 ft: 1386 corp: 124/363b lim: 6 exec/s: 3229 rss: 1139Mb L: 6/6 MS: 8 PersAutoDict-Custom-ShuffleBytes-Custom-PersAutoDict-Custom-CrossOver-Custom- DE: "\000\010"-"\377\377"-
#3263	NEW    cov: 711 ft: 1387 corp: 125/369b lim: 6 exec/s: 3263 rss: 1139Mb L: 6/6 MS: 8 ChangeBit-Custom-CopyPart-Custom-ChangeByte-Custom-CopyPart-Custom-
#3340	NEW    cov: 711 ft: 1388 corp: 126/375b lim: 6 exec/s: 3340 rss: 1139Mb L: 6/6 MS: 4 ChangeBit-Custom-PersAutoDict-Custom- DE: "\000\000"-
#3541	REDUCE cov: 711 ft: 1390 corp: 127/381b lim: 6 exec/s: 3541 rss: 1139Mb L: 6/6 MS: 2 InsertRepeatedBytes-Custom-
#3557	NEW    cov: 711 ft: 1391 corp: 128/386b lim: 6 exec/s: 3557 rss: 1139Mb L: 5/6 MS: 2 InsertRepeatedBytes-Custom-
#3584	NEW    cov: 711 ft: 1401 corp: 129/389b lim: 6 exec/s: 3584 rss: 1139Mb L: 3/6 MS: 4 CrossOver-Custom-CopyPart-Custom-
#3625	NEW    cov: 711 ft: 1402 corp: 130/394b lim: 6 exec/s: 3625 rss: 1139Mb L: 5/6 MS: 2 InsertRepeatedBytes-Custom-
#3646	NEW    cov: 714 ft: 1405 corp: 131/400b lim: 6 exec/s: 3646 rss: 1139Mb L: 6/6 MS: 2 CopyPart-Custom-
#3682	REDUCE cov: 714 ft: 1405 corp: 131/399b lim: 6 exec/s: 3682 rss: 1139Mb L: 1/6 MS: 2 EraseBytes-Custom-
#3683	NEW    cov: 714 ft: 1406 corp: 132/404b lim: 6 exec/s: 3683 rss: 1139Mb L: 5/6 MS: 2 InsertRepeatedBytes-Custom-
#3718	REDUCE cov: 714 ft: 1406 corp: 132/403b lim: 6 exec/s: 3718 rss: 1139Mb L: 3/6 MS: 10 ShuffleBytes-Custom-ChangeByte-Custom-InsertByte-Custom-ShuffleBytes-Custom-EraseBytes-Custom-
#3719	NEW    cov: 714 ft: 1407 corp: 133/409b lim: 6 exec/s: 3719 rss: 1139Mb L: 6/6 MS: 2 CrossOver-Custom-
#3786	REDUCE cov: 714 ft: 1413 corp: 134/413b lim: 6 exec/s: 3786 rss: 1139Mb L: 4/6 MS: 4 InsertRepeatedBytes-Custom-EraseBytes-Custom-
#3790	NEW    cov: 714 ft: 1430 corp: 135/418b lim: 6 exec/s: 3790 rss: 1139Mb L: 5/6 MS: 8 EraseBytes-Custom-ChangeByte-Custom-CopyPart-Custom-CopyPart-Custom-
#3808	NEW    cov: 715 ft: 1431 corp: 136/424b lim: 6 exec/s: 3808 rss: 1139Mb L: 6/6 MS: 6 CopyPart-Custom-InsertRepeatedBytes-Custom-ShuffleBytes-Custom-
#3864	NEW    cov: 716 ft: 1432 corp: 137/429b lim: 6 exec/s: 3864 rss: 1139Mb L: 5/6 MS: 2 PersAutoDict-Custom- DE: "\000\000"-
#3914	REDUCE cov: 716 ft: 1432 corp: 137/428b lim: 6 exec/s: 3914 rss: 1139Mb L: 1/6 MS: 10 ShuffleBytes-Custom-ChangeBit-Custom-InsertByte-Custom-InsertByte-Custom-CrossOver-Custom-
#3986	REDUCE cov: 716 ft: 1433 corp: 138/432b lim: 6 exec/s: 3986 rss: 1139Mb L: 4/6 MS: 4 ChangeBinInt-Custom-InsertRepeatedBytes-Custom-
#3990	NEW    cov: 716 ft: 1434 corp: 139/438b lim: 6 exec/s: 3990 rss: 1139Mb L: 6/6 MS: 8 CrossOver-Custom-CrossOver-Custom-ChangeBinInt-Custom-CrossOver-Custom-
#4057	NEW    cov: 716 ft: 1436 corp: 140/444b lim: 6 exec/s: 4057 rss: 1139Mb L: 6/6 MS: 4 ChangeBit-Custom-CrossOver-Custom-
#4081	REDUCE cov: 716 ft: 1436 corp: 140/443b lim: 6 exec/s: 4081 rss: 1139Mb L: 4/6 MS: 8 PersAutoDict-Custom-EraseBytes-Custom-ChangeBit-Custom-ChangeByte-Custom- DE: "\377\377"-
#4170	REDUCE cov: 716 ft: 1436 corp: 140/442b lim: 6 exec/s: 4170 rss: 1139Mb L: 3/6 MS: 8 ShuffleBytes-Custom-ShuffleBytes-Custom-CopyPart-Custom-EraseBytes-Custom-
#4192	NEW    cov: 717 ft: 1437 corp: 141/448b lim: 6 exec/s: 4192 rss: 1139Mb L: 6/6 MS: 4 PersAutoDict-Custom-ShuffleBytes-Custom- DE: "\377\377"-
#4251	REDUCE cov: 720 ft: 1440 corp: 142/454b lim: 6 exec/s: 4251 rss: 1139Mb L: 6/6 MS: 8 InsertRepeatedBytes-Custom-CopyPart-Custom-PersAutoDict-Custom-PersAutoDict-Custom- DE: "\000\000"-"\000\000"-
#4310	NEW    cov: 720 ft: 1450 corp: 143/457b lim: 6 exec/s: 4310 rss: 1139Mb L: 3/6 MS: 8 ChangeByte-Custom-CrossOver-Custom-ShuffleBytes-Custom-CopyPart-Custom-
#4372	NEW    cov: 720 ft: 1452 corp: 144/463b lim: 6 exec/s: 4372 rss: 1139Mb L: 6/6 MS: 4 EraseBytes-Custom-InsertRepeatedBytes-Custom-
#4403	REDUCE cov: 720 ft: 1452 corp: 144/462b lim: 6 exec/s: 4403 rss: 1139Mb L: 3/6 MS: 2 CrossOver-Custom-
#4464	REDUCE cov: 720 ft: 1452 corp: 144/461b lim: 6 exec/s: 4464 rss: 1139Mb L: 1/6 MS: 2 EraseBytes-Custom-
#4466	REDUCE cov: 720 ft: 1452 corp: 144/460b lim: 6 exec/s: 4466 rss: 1139Mb L: 5/6 MS: 4 EraseBytes-Custom-CopyPart-Custom-
#4500	NEW    cov: 720 ft: 1453 corp: 145/466b lim: 6 exec/s: 4500 rss: 1139Mb L: 6/6 MS: 8 ChangeBit-Custom-InsertByte-Custom-ChangeBinInt-Custom-CopyPart-Custom-
#4551	NEW    cov: 720 ft: 1455 corp: 146/472b lim: 6 exec/s: 4551 rss: 1139Mb L: 6/6 MS: 2 CopyPart-Custom-
#4638	REDUCE cov: 720 ft: 1455 corp: 146/471b lim: 6 exec/s: 4638 rss: 1139Mb L: 3/6 MS: 4 ShuffleBytes-Custom-EraseBytes-Custom-
#4664	NEW    cov: 720 ft: 1456 corp: 147/477b lim: 6 exec/s: 4664 rss: 1139Mb L: 6/6 MS: 2 CopyPart-Custom-
#4885	NEW    cov: 720 ft: 1465 corp: 148/484b lim: 8 exec/s: 4885 rss: 1139Mb L: 7/7 MS: 2 InsertByte-Custom-
#4928	REDUCE cov: 720 ft: 1467 corp: 149/490b lim: 8 exec/s: 4928 rss: 1139Mb L: 6/7 MS: 6 ChangeByte-Custom-InsertRepeatedBytes-Custom-CrossOver-Custom-
#4935	REDUCE cov: 720 ft: 1481 corp: 150/498b lim: 8 exec/s: 4935 rss: 1139Mb L: 8/8 MS: 4 CrossOver-Custom-InsertRepeatedBytes-Custom-
#5004	NEW    cov: 720 ft: 1482 corp: 151/506b lim: 8 exec/s: 5004 rss: 1139Mb L: 8/8 MS: 8 EraseBytes-Custom-ShuffleBytes-Custom-ChangeByte-Custom-InsertRepeatedBytes-Custom-
#5040	REDUCE cov: 720 ft: 1482 corp: 151/505b lim: 8 exec/s: 5040 rss: 1139Mb L: 5/8 MS: 2 EraseBytes-Custom-
#5045	NEW    cov: 720 ft: 1483 corp: 152/511b lim: 8 exec/s: 5045 rss: 1139Mb L: 6/8 MS: 10 ChangeBit-Custom-ChangeByte-Custom-ShuffleBytes-Custom-ShuffleBytes-Custom-CopyPart-Custom-
#5135	NEW    cov: 720 ft: 1484 corp: 153/519b lim: 8 exec/s: 5135 rss: 1139Mb L: 8/8 MS: 10 ChangeBit-Custom-ShuffleBytes-Custom-ChangeByte-Custom-ChangeBinInt-Custom-InsertRepeatedBytes-Custom-
#5379	REDUCE cov: 720 ft: 1486 corp: 154/527b lim: 8 exec/s: 5379 rss: 1139Mb L: 8/8 MS: 8 ChangeByte-Custom-InsertRepeatedBytes-Custom-CopyPart-Custom-CopyPart-Custom-
#5429	NEW    cov: 721 ft: 1487 corp: 155/532b lim: 8 exec/s: 5429 rss: 1139Mb L: 5/8 MS: 10 ChangeByte-Custom-InsertRepeatedBytes-Custom-ChangeByte-Custom-ChangeBinInt-Custom-CopyPart-Custom-
#5475	REDUCE cov: 721 ft: 1487 corp: 155/531b lim: 8 exec/s: 5475 rss: 1139Mb L: 1/8 MS: 2 EraseBytes-Custom-
INFO: #5479	NEW    cov: 721 ft: 1493 corp: 156/539b lim: 8 exec/s: 5479 rss: 1139Mb L: 8/8 MS: 8 CrossOver-Custom-ChangeByte-Custom-ChangeBit-Custom-CrossOver-Custom-
Instrumented com.fasterxml.jackson.core.sym.BytesToNameCanonicalizer$Bucket (took 14 ms, size +34%)
#5636	NEW    cov: 721 ft: 1495 corp: 157/546b lim: 8 exec/s: 5636 rss: 1139Mb L: 7/8 MS: 4 ChangeBinInt-Custom-InsertByte-Custom-
#5654	NEW    cov: 721 ft: 1497 corp: 158/551b lim: 8 exec/s: 5654 rss: 1139Mb L: 5/8 MS: 6 EraseBytes-Custom-CopyPart-Custom-CopyPart-Custom-
#5662	NEW    cov: 722 ft: 1498 corp: 159/559b lim: 8 exec/s: 5662 rss: 1139Mb L: 8/8 MS: 6 ShuffleBytes-Custom-ChangeByte-Custom-InsertRepeatedBytes-Custom-
#5739	REDUCE cov: 722 ft: 1498 corp: 159/555b lim: 8 exec/s: 5739 rss: 1139Mb L: 4/8 MS: 4 ChangeBinInt-Custom-EraseBytes-Custom-
#5740	REDUCE cov: 722 ft: 1498 corp: 159/553b lim: 8 exec/s: 5740 rss: 1139Mb L: 2/8 MS: 2 EraseBytes-Custom-
#5746	NEW    cov: 722 ft: 1499 corp: 160/559b lim: 8 exec/s: 5746 rss: 1139Mb L: 6/8 MS: 2 InsertRepeatedBytes-Custom-
#5782	NEW    cov: 722 ft: 1500 corp: 161/565b lim: 8 exec/s: 5782 rss: 1139Mb L: 6/8 MS: 2 InsertByte-Custom-
#5810	NEW    cov: 722 ft: 1501 corp: 162/572b lim: 8 exec/s: 5810 rss: 1139Mb L: 7/8 MS: 6 CrossOver-Custom-ChangeBit-Custom-InsertRepeatedBytes-Custom-
#5816	REDUCE cov: 722 ft: 1501 corp: 162/571b lim: 8 exec/s: 5816 rss: 1139Mb L: 5/8 MS: 2 EraseBytes-Custom-
#5817	NEW    cov: 722 ft: 1585 corp: 163/579b lim: 8 exec/s: 5817 rss: 1139Mb L: 8/8 MS: 2 CopyPart-Custom-
#5818	REDUCE cov: 722 ft: 1585 corp: 163/578b lim: 8 exec/s: 5818 rss: 1139Mb L: 2/8 MS: 2 EraseBytes-Custom-
#6060	REDUCE cov: 722 ft: 1585 corp: 163/577b lim: 8 exec/s: 6060 rss: 1139Mb L: 3/8 MS: 4 EraseBytes-Custom-CopyPart-Custom-
#6222	NEW    cov: 722 ft: 1592 corp: 164/585b lim: 8 exec/s: 6222 rss: 1139Mb L: 8/8 MS: 4 InsertRepeatedBytes-Custom-CopyPart-Custom-
#6370	REDUCE cov: 722 ft: 1596 corp: 165/593b lim: 8 exec/s: 6370 rss: 1139Mb L: 8/8 MS: 6 CopyPart-Custom-InsertRepeatedBytes-Custom-CopyPart-Custom-
#6379	REDUCE cov: 722 ft: 1596 corp: 165/592b lim: 8 exec/s: 6379 rss: 1139Mb L: 3/8 MS: 8 CopyPart-Custom-EraseBytes-Custom-ShuffleBytes-Custom-ChangeBit-Custom-
#6387	REDUCE cov: 722 ft: 1596 corp: 165/591b lim: 8 exec/s: 6387 rss: 1139Mb L: 3/8 MS: 6 CopyPart-Custom-CopyPart-Custom-EraseBytes-Custom-
#6411	NEW    cov: 722 ft: 1601 corp: 166/599b lim: 8 exec/s: 6411 rss: 1139Mb L: 8/8 MS: 8 ChangeByte-Custom-ChangeBinInt-Custom-ChangeByte-Custom-InsertRepeatedBytes-Custom-
#6422	NEW    cov: 722 ft: 1602 corp: 167/605b lim: 8 exec/s: 6422 rss: 1139Mb L: 6/8 MS: 2 ChangeBinInt-Custom-
#6434	NEW    cov: 722 ft: 1603 corp: 168/613b lim: 8 exec/s: 6434 rss: 1139Mb L: 8/8 MS: 4 ChangeBinInt-Custom-InsertRepeatedBytes-Custom-
#6466	REDUCE cov: 722 ft: 1603 corp: 168/612b lim: 8 exec/s: 6466 rss: 1139Mb L: 3/8 MS: 4 ChangeBinInt-Custom-EraseBytes-Custom-
#6492	REDUCE cov: 722 ft: 1603 corp: 168/611b lim: 8 exec/s: 6492 rss: 1139Mb L: 3/8 MS: 2 EraseBytes-Custom-
#6505	NEW    cov: 722 ft: 1607 corp: 169/619b lim: 8 exec/s: 6505 rss: 1139Mb L: 8/8 MS: 6 CopyPart-Custom-ShuffleBytes-Custom-InsertRepeatedBytes-Custom-
#6557	NEW    cov: 722 ft: 1610 corp: 170/627b lim: 8 exec/s: 6557 rss: 1139Mb L: 8/8 MS: 4 ShuffleBytes-Custom-InsertRepeatedBytes-Custom-
#6576	NEW    cov: 722 ft: 1612 corp: 171/632b lim: 8 exec/s: 6576 rss: 1139Mb L: 5/8 MS: 8 CopyPart-Custom-ChangeBinInt-Custom-PersAutoDict-Custom-InsertRepeatedBytes-Custom- DE: "\000\000"-
#6583	REDUCE cov: 722 ft: 1622 corp: 172/640b lim: 8 exec/s: 6583 rss: 1139Mb L: 8/8 MS: 4 CrossOver-Custom-InsertRepeatedBytes-Custom-
#6675	REDUCE cov: 722 ft: 1622 corp: 172/639b lim: 8 exec/s: 6675 rss: 1139Mb L: 5/8 MS: 4 EraseBytes-Custom-CrossOver-Custom-
#6983	NEW    cov: 722 ft: 1624 corp: 173/649b lim: 11 exec/s: 6983 rss: 1139Mb L: 10/10 MS: 6 PersAutoDict-Custom-ChangeBit-Custom-ShuffleBytes-Custom- DE: "\010\000"-
#7050	REDUCE cov: 722 ft: 1626 corp: 174/658b lim: 11 exec/s: 7050 rss: 1139Mb L: 9/10 MS: 4 ChangeBit-Custom-InsertRepeatedBytes-Custom-
#7097	NEW    cov: 722 ft: 1627 corp: 175/669b lim: 11 exec/s: 7097 rss: 1139Mb L: 11/11 MS: 4 InsertRepeatedBytes-Custom-CopyPart-Custom-
#7118	NEW    cov: 722 ft: 1628 corp: 176/680b lim: 11 exec/s: 7118 rss: 1139Mb L: 11/11 MS: 2 CMP-Custom- DE: "toString"-
#7175	REDUCE cov: 722 ft: 1628 corp: 176/679b lim: 11 exec/s: 7175 rss: 1139Mb L: 10/11 MS: 4 CopyPart-Custom-EraseBytes-Custom-
#7178	NEW    cov: 722 ft: 1629 corp: 177/688b lim: 11 exec/s: 7178 rss: 1139Mb L: 9/11 MS: 6 CrossOver-Custom-CopyPart-Custom-ChangeBinInt-Custom-
#7244	REDUCE cov: 722 ft: 1630 corp: 178/699b lim: 11 exec/s: 7244 rss: 1139Mb L: 11/11 MS: 2 InsertRepeatedBytes-Custom-
#7296	NEW    cov: 722 ft: 1631 corp: 179/710b lim: 11 exec/s: 7296 rss: 1139Mb L: 11/11 MS: 4 CrossOver-Custom-CopyPart-Custom-
#7314	REDUCE cov: 722 ft: 1633 corp: 180/721b lim: 11 exec/s: 7314 rss: 1139Mb L: 11/11 MS: 6 ChangeByte-Custom-ShuffleBytes-Custom-InsertRepeatedBytes-Custom-
#7358	REDUCE cov: 722 ft: 1634 corp: 181/728b lim: 11 exec/s: 7358 rss: 1139Mb L: 7/11 MS: 8 ShuffleBytes-Custom-ChangeBit-Custom-EraseBytes-Custom-InsertRepeatedBytes-Custom-
#7488	NEW    cov: 722 ft: 1636 corp: 182/739b lim: 11 exec/s: 7488 rss: 1139Mb L: 11/11 MS: 10 CrossOver-Custom-CrossOver-Custom-PersAutoDict-Custom-CopyPart-Custom-ChangeBinInt-Custom- DE: "\377\377"-
#7534	NEW    cov: 722 ft: 1644 corp: 183/749b lim: 11 exec/s: 7534 rss: 1139Mb L: 10/11 MS: 2 CopyPart-Custom-
#7537	NEW    cov: 722 ft: 1648 corp: 184/760b lim: 11 exec/s: 7537 rss: 1139Mb L: 11/11 MS: 6 ChangeBit-Custom-EraseBytes-Custom-CMP-Custom- DE: "\377\265\001("-
#7597	REDUCE cov: 722 ft: 1648 corp: 184/757b lim: 11 exec/s: 7597 rss: 1139Mb L: 5/11 MS: 10 CopyPart-Custom-EraseBytes-Custom-PersAutoDict-Custom-EraseBytes-Custom-CopyPart-Custom- DE: "\377\377"-
#7840	REDUCE cov: 722 ft: 1648 corp: 184/755b lim: 11 exec/s: 7840 rss: 1139Mb L: 6/11 MS: 6 ChangeByte-Custom-CopyPart-Custom-EraseBytes-Custom-
#7926	REDUCE cov: 722 ft: 1648 corp: 184/754b lim: 11 exec/s: 7926 rss: 1139Mb L: 2/11 MS: 2 EraseBytes-Custom-
#8043	NEW    cov: 722 ft: 1649 corp: 185/765b lim: 11 exec/s: 4021 rss: 1139Mb L: 11/11 MS: 4 InsertByte-Custom-CopyPart-Custom-
#8172	NEW    cov: 722 ft: 1650 corp: 186/775b lim: 11 exec/s: 4086 rss: 1139Mb L: 10/11 MS: 8 ChangeBit-Custom-PersAutoDict-Custom-EraseBytes-Custom-InsertRepeatedBytes-Custom- DE: "\000\000"-
#8179	NEW    cov: 722 ft: 1651 corp: 187/785b lim: 11 exec/s: 4089 rss: 1139Mb L: 10/11 MS: 4 ChangeBinInt-Custom-InsertRepeatedBytes-Custom-
#8192	pulse  cov: 722 ft: 1651 corp: 187/785b lim: 11 exec/s: 4096 rss: 1139Mb
#8216	NEW    cov: 722 ft: 1652 corp: 188/796b lim: 11 exec/s: 4108 rss: 1139Mb L: 11/11 MS: 4 ShuffleBytes-Custom-CopyPart-Custom-
#8352	REDUCE cov: 722 ft: 1652 corp: 188/794b lim: 11 exec/s: 4176 rss: 1139Mb L: 8/11 MS: 2 EraseBytes-Custom-
#8537	REDUCE cov: 722 ft: 1654 corp: 189/805b lim: 11 exec/s: 4268 rss: 1139Mb L: 11/11 MS: 10 ChangeByte-Custom-ChangeASCIIInt-Custom-InsertByte-Custom-CMP-Custom-InsertByte-Custom- DE: "hashCode"-
#8548	REDUCE cov: 722 ft: 1654 corp: 189/802b lim: 11 exec/s: 4274 rss: 1139Mb L: 8/11 MS: 2 EraseBytes-Custom-
#8694	REDUCE cov: 722 ft: 1673 corp: 190/811b lim: 11 exec/s: 4347 rss: 1139Mb L: 9/11 MS: 2 InsertRepeatedBytes-Custom-
#8831	NEW    cov: 722 ft: 1674 corp: 191/820b lim: 11 exec/s: 4415 rss: 1139Mb L: 9/11 MS: 4 ChangeBit-Custom-InsertRepeatedBytes-Custom-
#8888	NEW    cov: 722 ft: 1676 corp: 192/831b lim: 11 exec/s: 4444 rss: 1139Mb L: 11/11 MS: 4 ChangeBit-Custom-InsertRepeatedBytes-Custom-
#8924	NEW    cov: 722 ft: 1677 corp: 193/840b lim: 11 exec/s: 4462 rss: 1139Mb L: 9/11 MS: 2 CrossOver-Custom-
#9005	REDUCE cov: 722 ft: 1677 corp: 193/839b lim: 11 exec/s: 4502 rss: 1139Mb L: 1/11 MS: 2 EraseBytes-Custom-
#9172	REDUCE cov: 723 ft: 1678 corp: 194/844b lim: 11 exec/s: 4586 rss: 1139Mb L: 5/11 MS: 4 InsertRepeatedBytes-Custom-CMP-Custom- DE: "\376\377\000\000"-
#9369	REDUCE cov: 723 ft: 1678 corp: 194/843b lim: 11 exec/s: 4684 rss: 1139Mb L: 1/11 MS: 4 ChangeBit-Custom-EraseBytes-Custom-
#9415	REDUCE cov: 723 ft: 1678 corp: 194/842b lim: 11 exec/s: 4707 rss: 1139Mb L: 7/11 MS: 2 EraseBytes-Custom-
#9562	NEW    cov: 725 ft: 1680 corp: 195/847b lim: 11 exec/s: 4781 rss: 1139Mb L: 5/11 MS: 4 EraseBytes-Custom-PersAutoDict-Custom- DE: "\000\000"-
#9694	NEW    cov: 725 ft: 1688 corp: 196/855b lim: 11 exec/s: 4847 rss: 1139Mb L: 8/11 MS: 4 CopyPart-Custom-ChangeBinInt-Custom-
#9870	REDUCE cov: 725 ft: 1688 corp: 196/852b lim: 11 exec/s: 4935 rss: 1139Mb L: 3/11 MS: 2 EraseBytes-Custom-
#9986	REDUCE cov: 725 ft: 1688 corp: 196/850b lim: 11 exec/s: 4993 rss: 1139Mb L: 5/11 MS: 2 EraseBytes-Custom-
#10082	REDUCE cov: 725 ft: 1688 corp: 196/849b lim: 11 exec/s: 5041 rss: 1139Mb L: 10/11 MS: 2 CrossOver-Custom-
#10268	REDUCE cov: 725 ft: 1688 corp: 196/848b lim: 11 exec/s: 5134 rss: 1139Mb L: 2/11 MS: 2 EraseBytes-Custom-
#10420	REDUCE cov: 725 ft: 1688 corp: 196/846b lim: 11 exec/s: 5210 rss: 1139Mb L: 9/11 MS: 4 EraseBytes-Custom-ShuffleBytes-Custom-
INFO: #10498	REDUCE cov: 725 ft: 1688 corp: 196/843b lim: 11 exec/s: 5249 rss: 1139Mb L: 3/11 MS: 6 ChangeBit-Custom-EraseBytes-Custom-CopyPart-Custom-
Instrumented com.fasterxml.jackson.core.json.DupDetector (took 4 ms, size +39%)
#10523	REDUCE cov: 725 ft: 1690 corp: 197/854b lim: 11 exec/s: 5261 rss: 1139Mb L: 11/11 MS: 10 InsertRepeatedBytes-Custom-ChangeBinInt-Custom-ChangeBit-Custom-CrossOver-Custom-ShuffleBytes-Custom-
#10544	REDUCE cov: 725 ft: 1690 corp: 197/852b lim: 11 exec/s: 5272 rss: 1139Mb L: 9/11 MS: 2 EraseBytes-Custom-
#10791	NEW    cov: 725 ft: 1691 corp: 198/862b lim: 11 exec/s: 5395 rss: 1139Mb L: 10/11 MS: 4 CrossOver-Custom-InsertRepeatedBytes-Custom-
#10962	REDUCE cov: 725 ft: 1691 corp: 198/861b lim: 11 exec/s: 5481 rss: 1139Mb L: 3/11 MS: 2 EraseBytes-Custom-
#11087	NEW    cov: 725 ft: 1692 corp: 199/872b lim: 11 exec/s: 5543 rss: 1139Mb L: 11/11 MS: 10 ShuffleBytes-Custom-ChangeBit-Custom-CrossOver-Custom-ShuffleBytes-Custom-PersAutoDict-Custom- DE: "hashCode"-
#11090	REDUCE cov: 725 ft: 1694 corp: 200/883b lim: 11 exec/s: 5545 rss: 1139Mb L: 11/11 MS: 6 InsertByte-Custom-ChangeBinInt-Custom-CopyPart-Custom-
#11131	REDUCE cov: 725 ft: 1694 corp: 200/882b lim: 11 exec/s: 5565 rss: 1139Mb L: 6/11 MS: 2 EraseBytes-Custom-
#11257	REDUCE cov: 725 ft: 1694 corp: 200/881b lim: 11 exec/s: 5628 rss: 1139Mb L: 1/11 MS: 2 EraseBytes-Custom-
#11260	NEW    cov: 725 ft: 1695 corp: 201/891b lim: 11 exec/s: 5630 rss: 1139Mb L: 10/11 MS: 6 ChangeBit-Custom-ChangeBit-Custom-ChangeBinInt-Custom-
#11367	NEW    cov: 725 ft: 1703 corp: 202/902b lim: 11 exec/s: 5683 rss: 1139Mb L: 11/11 MS: 4 CopyPart-Custom-CopyPart-Custom-
#11379	REDUCE cov: 725 ft: 1703 corp: 202/901b lim: 11 exec/s: 5689 rss: 1139Mb L: 9/11 MS: 4 CrossOver-Custom-EraseBytes-Custom-
#11563	REDUCE cov: 725 ft: 1703 corp: 202/900b lim: 11 exec/s: 5781 rss: 1139Mb L: 10/11 MS: 8 ShuffleBytes-Custom-ChangeBit-Custom-CopyPart-Custom-EraseBytes-Custom-
#11573	REDUCE cov: 725 ft: 1705 corp: 203/911b lim: 11 exec/s: 5786 rss: 1139Mb L: 11/11 MS: 10 ChangeBit-Custom-ShuffleBytes-Custom-CopyPart-Custom-CrossOver-Custom-InsertRepeatedBytes-Custom-
#11805	NEW    cov: 726 ft: 1706 corp: 204/918b lim: 11 exec/s: 5902 rss: 1139Mb L: 7/11 MS: 4 InsertByte-Custom-InsertByte-Custom-
#11982	REDUCE cov: 726 ft: 1706 corp: 204/917b lim: 11 exec/s: 5991 rss: 1139Mb L: 5/11 MS: 4 ChangeBit-Custom-EraseBytes-Custom-
#12289	REDUCE cov: 726 ft: 1706 corp: 204/916b lim: 14 exec/s: 6144 rss: 1139Mb L: 1/11 MS: 4 CrossOver-Custom-EraseBytes-Custom-
#12360	REDUCE cov: 726 ft: 1706 corp: 204/914b lim: 14 exec/s: 6180 rss: 1139Mb L: 4/11 MS: 2 EraseBytes-Custom-
#12512	REDUCE cov: 726 ft: 1706 corp: 204/913b lim: 14 exec/s: 6256 rss: 1139Mb L: 5/11 MS: 4 ChangeBit-Custom-EraseBytes-Custom-
#12520	REDUCE cov: 726 ft: 1706 corp: 204/912b lim: 14 exec/s: 6260 rss: 1139Mb L: 3/11 MS: 6 CopyPart-Custom-ChangeByte-Custom-EraseBytes-Custom-
#12625	REDUCE cov: 726 ft: 1706 corp: 204/910b lim: 14 exec/s: 6312 rss: 1139Mb L: 6/11 MS: 10 ChangeByte-Custom-CMP-Custom-ChangeBinInt-Custom-ChangeByte-Custom-EraseBytes-Custom- DE: "\377\377"-
#12631	NEW    cov: 726 ft: 1707 corp: 205/922b lim: 14 exec/s: 6315 rss: 1139Mb L: 12/12 MS: 2 InsertRepeatedBytes-Custom-
#12699	NEW    cov: 726 ft: 1711 corp: 206/930b lim: 14 exec/s: 6349 rss: 1139Mb L: 8/12 MS: 6 CrossOver-Custom-ShuffleBytes-Custom-InsertByte-Custom-
#12700	REDUCE cov: 726 ft: 1711 corp: 206/929b lim: 14 exec/s: 6350 rss: 1139Mb L: 1/12 MS: 2 EraseBytes-Custom-
#12716	NEW    cov: 726 ft: 1712 corp: 207/943b lim: 14 exec/s: 6358 rss: 1139Mb L: 14/14 MS: 2 InsertRepeatedBytes-Custom-
#12857	NEW    cov: 726 ft: 1714 corp: 208/953b lim: 14 exec/s: 6428 rss: 1139Mb L: 10/14 MS: 2 InsertByte-Custom-
#12863	REDUCE cov: 726 ft: 1714 corp: 208/952b lim: 14 exec/s: 6431 rss: 1139Mb L: 2/14 MS: 2 EraseBytes-Custom-
#12904	REDUCE cov: 726 ft: 1714 corp: 208/950b lim: 14 exec/s: 6452 rss: 1139Mb L: 4/14 MS: 2 EraseBytes-Custom-
#13015	REDUCE cov: 726 ft: 1714 corp: 208/949b lim: 14 exec/s: 6507 rss: 1139Mb L: 2/14 MS: 2 EraseBytes-Custom-
#13097	NEW    cov: 726 ft: 1715 corp: 209/959b lim: 14 exec/s: 6548 rss: 1139Mb L: 10/14 MS: 4 CopyPart-Custom-CopyPart-Custom-
#13103	REDUCE cov: 726 ft: 1715 corp: 209/958b lim: 14 exec/s: 6551 rss: 1139Mb L: 9/14 MS: 2 EraseBytes-Custom-
#13637	REDUCE cov: 726 ft: 1715 corp: 209/957b lim: 17 exec/s: 6818 rss: 1139Mb L: 3/14 MS: 8 CopyPart-Custom-EraseBytes-Custom-CopyPart-Custom-EraseBytes-Custom-
#13752	REDUCE cov: 726 ft: 1760 corp: 210/974b lim: 17 exec/s: 6876 rss: 1139Mb L: 17/17 MS: 10 ShuffleBytes-Custom-ShuffleBytes-Custom-CrossOver-Custom-CopyPart-Custom-InsertRepeatedBytes-Custom-
#13789	REDUCE cov: 726 ft: 1760 corp: 210/973b lim: 17 exec/s: 6894 rss: 1139Mb L: 2/17 MS: 4 CrossOver-Custom-EraseBytes-Custom-
#13828	NEW    cov: 726 ft: 1763 corp: 211/989b lim: 17 exec/s: 6914 rss: 1139Mb L: 16/17 MS: 8 CopyPart-Custom-ChangeByte-Custom-EraseBytes-Custom-InsertRepeatedBytes-Custom-
#14119	REDUCE cov: 726 ft: 1763 corp: 211/988b lim: 17 exec/s: 7059 rss: 1139Mb L: 9/17 MS: 2 EraseBytes-Custom-
#14160	REDUCE cov: 726 ft: 1763 corp: 211/987b lim: 17 exec/s: 7080 rss: 1139Mb L: 1/17 MS: 2 EraseBytes-Custom-
#14189	NEW    cov: 726 ft: 1798 corp: 212/1004b lim: 17 exec/s: 7094 rss: 1139Mb L: 17/17 MS: 8 ChangeByte-Custom-ChangeBinInt-Custom-ChangeBinInt-Custom-ChangeBinInt-Custom-
#14253	NEW    cov: 726 ft: 1799 corp: 213/1018b lim: 17 exec/s: 7126 rss: 1139Mb L: 14/17 MS: 8 ChangeBit-Custom-ChangeBinInt-Custom-EraseBytes-Custom-InsertRepeatedBytes-Custom-
#14265	NEW    cov: 726 ft: 1801 corp: 214/1034b lim: 17 exec/s: 7132 rss: 1139Mb L: 16/17 MS: 4 CrossOver-Custom-InsertRepeatedBytes-Custom-
#14492	NEW    cov: 726 ft: 1802 corp: 215/1048b lim: 17 exec/s: 7246 rss: 1139Mb L: 14/17 MS: 4 CopyPart-Custom-CopyPart-Custom-
#14703	REDUCE cov: 726 ft: 1802 corp: 215/1047b lim: 17 exec/s: 7351 rss: 1139Mb L: 2/17 MS: 2 EraseBytes-Custom-
#14884	NEW    cov: 726 ft: 1804 corp: 216/1061b lim: 17 exec/s: 7442 rss: 1139Mb L: 14/17 MS: 2 InsertRepeatedBytes-Custom-
#15015	REDUCE cov: 726 ft: 1804 corp: 216/1060b lim: 17 exec/s: 7507 rss: 1139Mb L: 4/17 MS: 2 EraseBytes-Custom-
#15179	REDUCE cov: 726 ft: 1804 corp: 216/1059b lim: 17 exec/s: 7589 rss: 1139Mb L: 4/17 MS: 8 CMP-Custom-ShuffleBytes-Custom-CopyPart-Custom-EraseBytes-Custom- DE: "\001\000\000\000"-
#15224	NEW    cov: 726 ft: 1821 corp: 217/1076b lim: 17 exec/s: 7612 rss: 1139Mb L: 17/17 MS: 10 CopyPart-Custom-ChangeBit-Custom-ChangeBinInt-Custom-ChangeBinInt-Custom-InsertRepeatedBytes-Custom-
#15300	REDUCE cov: 726 ft: 1821 corp: 217/1075b lim: 17 exec/s: 7650 rss: 1139Mb L: 9/17 MS: 2 EraseBytes-Custom-
#15426	NEW    cov: 726 ft: 1823 corp: 218/1090b lim: 17 exec/s: 7713 rss: 1139Mb L: 15/17 MS: 2 InsertRepeatedBytes-Custom-
#15440	REDUCE cov: 726 ft: 1824 corp: 219/1106b lim: 17 exec/s: 7720 rss: 1139Mb L: 16/17 MS: 8 CopyPart-Custom-ChangeBinInt-Custom-CopyPart-Custom-CrossOver-Custom-
#15624	REDUCE cov: 726 ft: 1824 corp: 219/1105b lim: 17 exec/s: 7812 rss: 1139Mb L: 2/17 MS: 8 EraseBytes-Custom-CopyPart-Custom-ChangeByte-Custom-CopyPart-Custom-
#15668	NEW    cov: 726 ft: 1825 corp: 220/1119b lim: 17 exec/s: 7834 rss: 1139Mb L: 14/17 MS: 8 EraseBytes-Custom-CopyPart-Custom-CopyPart-Custom-CMP-Custom- DE: "\000\000"-
#15782	NEW    cov: 726 ft: 1828 corp: 221/1136b lim: 17 exec/s: 7891 rss: 1141Mb L: 17/17 MS: 8 ChangeBit-Custom-ChangeBit-Custom-EraseBytes-Custom-InsertRepeatedBytes-Custom-
#15823	REDUCE cov: 726 ft: 1828 corp: 221/1135b lim: 17 exec/s: 7911 rss: 1143Mb L: 5/17 MS: 2 EraseBytes-Custom-
#16109	REDUCE cov: 726 ft: 1828 corp: 221/1134b lim: 17 exec/s: 8054 rss: 1157Mb L: 5/17 MS: 2 EraseBytes-Custom-
#16257	REDUCE cov: 726 ft: 1828 corp: 221/1133b lim: 17 exec/s: 8128 rss: 1165Mb L: 11/17 MS: 6 CopyPart-Custom-ChangeByte-Custom-EraseBytes-Custom-
#16384	pulse  cov: 726 ft: 1828 corp: 221/1133b lim: 17 exec/s: 8192 rss: 1172Mb
#16426	NEW    cov: 726 ft: 1831 corp: 222/1149b lim: 17 exec/s: 8213 rss: 1174Mb L: 16/17 MS: 8 CopyPart-Custom-EraseBytes-Custom-InsertByte-Custom-InsertRepeatedBytes-Custom-
#16633	NEW    cov: 726 ft: 1836 corp: 223/1162b lim: 17 exec/s: 8316 rss: 1185Mb L: 13/17 MS: 4 InsertByte-Custom-InsertRepeatedBytes-Custom-
#16804	REDUCE cov: 726 ft: 1836 corp: 223/1161b lim: 17 exec/s: 8402 rss: 1194Mb L: 3/17 MS: 2 EraseBytes-Custom-
#17315	REDUCE cov: 726 ft: 1836 corp: 223/1160b lim: 21 exec/s: 8657 rss: 1220Mb L: 1/17 MS: 2 EraseBytes-Custom-
#17556	REDUCE cov: 726 ft: 1836 corp: 223/1159b lim: 21 exec/s: 8778 rss: 1233Mb L: 3/17 MS: 2 EraseBytes-Custom-
#17646	NEW    cov: 726 ft: 1848 corp: 224/1178b lim: 21 exec/s: 5882 rss: 1237Mb L: 19/19 MS: 10 ChangeByte-Custom-CopyPart-Custom-CrossOver-Custom-ShuffleBytes-Custom-InsertByte-Custom-
#17805	REDUCE cov: 726 ft: 1848 corp: 224/1177b lim: 21 exec/s: 5935 rss: 1245Mb L: 1/19 MS: 8 ChangeByte-Custom-ChangeBit-Custom-CrossOver-Custom-EraseBytes-Custom-
#18173	REDUCE cov: 726 ft: 1848 corp: 224/1175b lim: 21 exec/s: 6057 rss: 1265Mb L: 2/19 MS: 6 ChangeBinInt-Custom-CopyPart-Custom-EraseBytes-Custom-
#18174	REDUCE cov: 726 ft: 1848 corp: 224/1171b lim: 21 exec/s: 6058 rss: 1265Mb L: 12/19 MS: 2 EraseBytes-Custom-
#18262	REDUCE cov: 726 ft: 1848 corp: 224/1170b lim: 21 exec/s: 6087 rss: 1269Mb L: 1/19 MS: 6 ShuffleBytes-Custom-EraseBytes-Custom-CrossOver-Custom-
#18479	NEW    cov: 726 ft: 1849 corp: 225/1190b lim: 21 exec/s: 6159 rss: 1280Mb L: 20/20 MS: 4 InsertRepeatedBytes-Custom-ChangeBinInt-Custom-
#18615	REDUCE cov: 726 ft: 1849 corp: 225/1189b lim: 21 exec/s: 6205 rss: 1288Mb L: 1/20 MS: 2 EraseBytes-Custom-
#18691	REDUCE cov: 726 ft: 1849 corp: 225/1188b lim: 21 exec/s: 6230 rss: 1291Mb L: 2/20 MS: 2 EraseBytes-Custom-
#18757	REDUCE cov: 726 ft: 1849 corp: 225/1187b lim: 21 exec/s: 6252 rss: 1294Mb L: 6/20 MS: 2 EraseBytes-Custom-
#18784	REDUCE cov: 726 ft: 1849 corp: 225/1184b lim: 21 exec/s: 6261 rss: 1296Mb L: 4/20 MS: 4 CopyPart-Custom-EraseBytes-Custom-
#18871	REDUCE cov: 726 ft: 1849 corp: 225/1183b lim: 21 exec/s: 6290 rss: 1300Mb L: 1/20 MS: 4 ShuffleBytes-Custom-EraseBytes-Custom-
#18987	NEW    cov: 726 ft: 1851 corp: 226/1204b lim: 21 exec/s: 6329 rss: 1307Mb L: 21/21 MS: 2 CopyPart-Custom-
#19035	NEW    cov: 726 ft: 1852 corp: 227/1223b lim: 21 exec/s: 6345 rss: 1310Mb L: 19/21 MS: 6 CopyPart-Custom-ShuffleBytes-Custom-InsertRepeatedBytes-Custom-
#19141	REDUCE cov: 726 ft: 1852 corp: 227/1222b lim: 21 exec/s: 6380 rss: 1315Mb L: 13/21 MS: 2 EraseBytes-Custom-
#19197	REDUCE cov: 726 ft: 1852 corp: 227/1221b lim: 21 exec/s: 6399 rss: 1317Mb L: 3/21 MS: 2 EraseBytes-Custom-
#19243	NEW    cov: 726 ft: 1907 corp: 228/1238b lim: 21 exec/s: 6414 rss: 1320Mb L: 17/21 MS: 2 InsertRepeatedBytes-Custom-
#19309	REDUCE cov: 726 ft: 1907 corp: 228/1235b lim: 21 exec/s: 6436 rss: 1323Mb L: 6/21 MS: 2 EraseBytes-Custom-
#19350	NEW    cov: 726 ft: 1910 corp: 229/1252b lim: 21 exec/s: 6450 rss: 1325Mb L: 17/21 MS: 2 CrossOver-Custom-
#19541	REDUCE cov: 726 ft: 1910 corp: 229/1250b lim: 21 exec/s: 6513 rss: 1336Mb L: 12/21 MS: 2 EraseBytes-Custom-
#19543	REDUCE cov: 726 ft: 1910 corp: 229/1249b lim: 21 exec/s: 6514 rss: 1336Mb L: 7/21 MS: 4 CopyPart-Custom-EraseBytes-Custom-
#19843	REDUCE cov: 726 ft: 1912 corp: 230/1267b lim: 21 exec/s: 6614 rss: 1354Mb L: 18/21 MS: 10 ChangeBit-Custom-InsertRepeatedBytes-Custom-CopyPart-Custom-ChangeBinInt-Custom-EraseBytes-Custom-
#19905	REDUCE cov: 726 ft: 1912 corp: 230/1263b lim: 21 exec/s: 6635 rss: 1357Mb L: 17/20 MS: 4 ChangeBit-Custom-EraseBytes-Custom-
#19912	REDUCE cov: 726 ft: 1912 corp: 230/1262b lim: 21 exec/s: 6637 rss: 1357Mb L: 2/20 MS: 4 ChangeByte-Custom-EraseBytes-Custom-
#19923	REDUCE cov: 726 ft: 1918 corp: 231/1283b lim: 21 exec/s: 6641 rss: 1358Mb L: 21/21 MS: 2 InsertRepeatedBytes-Custom-
#20181	REDUCE cov: 726 ft: 1920 corp: 232/1304b lim: 21 exec/s: 6727 rss: 1371Mb L: 21/21 MS: 6 InsertByte-Custom-EraseBytes-Custom-InsertRepeatedBytes-Custom-
#20263	REDUCE cov: 726 ft: 1920 corp: 232/1299b lim: 21 exec/s: 6754 rss: 1375Mb L: 16/21 MS: 4 ShuffleBytes-Custom-EraseBytes-Custom-
#20273	REDUCE cov: 726 ft: 1922 corp: 233/1319b lim: 21 exec/s: 6757 rss: 1375Mb L: 20/21 MS: 10 ShuffleBytes-Custom-ChangeByte-Custom-ShuffleBytes-Custom-InsertRepeatedBytes-Custom-ChangeByte-Custom-
#20301	REDUCE cov: 726 ft: 1922 corp: 233/1316b lim: 21 exec/s: 6767 rss: 1377Mb L: 6/21 MS: 6 ChangeByte-Custom-InsertByte-Custom-EraseBytes-Custom-
#20602	NEW    cov: 726 ft: 1923 corp: 234/1332b lim: 21 exec/s: 6867 rss: 1392Mb L: 16/21 MS: 2 ChangeByte-Custom-
#20653	REDUCE cov: 726 ft: 1923 corp: 234/1329b lim: 21 exec/s: 6884 rss: 1395Mb L: 8/21 MS: 2 EraseBytes-Custom-
#20674	REDUCE cov: 726 ft: 1923 corp: 234/1328b lim: 21 exec/s: 6891 rss: 1396Mb L: 5/21 MS: 2 EraseBytes-Custom-
#20680	REDUCE cov: 726 ft: 1923 corp: 234/1324b lim: 21 exec/s: 6893 rss: 1396Mb L: 14/21 MS: 2 EraseBytes-Custom-
#21016	REDUCE cov: 726 ft: 1924 corp: 235/1336b lim: 21 exec/s: 7005 rss: 1398Mb L: 12/21 MS: 2 InsertRepeatedBytes-Custom-
#21141	REDUCE cov: 726 ft: 1924 corp: 235/1335b lim: 21 exec/s: 7047 rss: 1398Mb L: 5/21 MS: 10 CopyPart-Custom-InsertByte-Custom-EraseBytes-Custom-ChangeBinInt-Custom-EraseBytes-Custom-
#21227	REDUCE cov: 726 ft: 1924 corp: 235/1334b lim: 21 exec/s: 7075 rss: 1398Mb L: 12/21 MS: 2 EraseBytes-Custom-
#21336	REDUCE cov: 726 ft: 1924 corp: 235/1330b lim: 21 exec/s: 7112 rss: 1398Mb L: 16/21 MS: 8 ChangeBit-Custom-ChangeByte-Custom-CopyPart-Custom-EraseBytes-Custom-
#21612	REDUCE cov: 726 ft: 1925 corp: 236/1347b lim: 21 exec/s: 7204 rss: 1398Mb L: 17/21 MS: 2 ChangeASCIIInt-Custom-
#21918	REDUCE cov: 726 ft: 1925 corp: 236/1346b lim: 21 exec/s: 7306 rss: 1398Mb L: 11/21 MS: 2 EraseBytes-Custom-
#22014	REDUCE cov: 726 ft: 1925 corp: 236/1342b lim: 21 exec/s: 7338 rss: 1398Mb L: 9/21 MS: 2 EraseBytes-Custom-
#22210	REDUCE cov: 726 ft: 1928 corp: 237/1358b lim: 21 exec/s: 7403 rss: 1398Mb L: 16/21 MS: 2 CopyPart-Custom-
#22283	REDUCE cov: 726 ft: 1928 corp: 237/1354b lim: 21 exec/s: 7427 rss: 1398Mb L: 12/21 MS: 6 CopyPart-Custom-ChangeByte-Custom-EraseBytes-Custom-
#22486	REDUCE cov: 726 ft: 1928 corp: 237/1346b lim: 21 exec/s: 7495 rss: 1398Mb L: 11/21 MS: 6 ShuffleBytes-Custom-ChangeBit-Custom-EraseBytes-Custom-
#22842	REDUCE cov: 726 ft: 1928 corp: 237/1345b lim: 21 exec/s: 7614 rss: 1398Mb L: 11/21 MS: 2 EraseBytes-Custom-
#22958	REDUCE cov: 726 ft: 1928 corp: 237/1337b lim: 21 exec/s: 7652 rss: 1398Mb L: 13/20 MS: 2 EraseBytes-Custom-
#22999	REDUCE cov: 726 ft: 1928 corp: 237/1335b lim: 21 exec/s: 7666 rss: 1398Mb L: 11/20 MS: 2 EraseBytes-Custom-
#23065	REDUCE cov: 726 ft: 1929 corp: 238/1350b lim: 21 exec/s: 7688 rss: 1398Mb L: 15/20 MS: 2 InsertRepeatedBytes-Custom-
#23232	REDUCE cov: 726 ft: 1929 corp: 238/1349b lim: 21 exec/s: 7744 rss: 1398Mb L: 4/20 MS: 4 ShuffleBytes-Custom-EraseBytes-Custom-
#23265	REDUCE cov: 726 ft: 1929 corp: 238/1347b lim: 21 exec/s: 7755 rss: 1398Mb L: 6/20 MS: 6 ShuffleBytes-Custom-CrossOver-Custom-EraseBytes-Custom-
#24557	REDUCE cov: 726 ft: 1930 corp: 239/1375b lim: 33 exec/s: 8185 rss: 1398Mb L: 28/28 MS: 4 CopyPart-Custom-InsertRepeatedBytes-Custom-
#24588	REDUCE cov: 726 ft: 1930 corp: 239/1374b lim: 33 exec/s: 8196 rss: 1398Mb L: 1/28 MS: 2 EraseBytes-Custom-
#24674	REDUCE cov: 726 ft: 1930 corp: 239/1373b lim: 33 exec/s: 8224 rss: 1398Mb L: 13/28 MS: 2 EraseBytes-Custom-
#24830	REDUCE cov: 726 ft: 1930 corp: 239/1372b lim: 33 exec/s: 8276 rss: 1398Mb L: 3/28 MS: 2 EraseBytes-Custom-
#24922	NEW    cov: 728 ft: 1932 corp: 240/1390b lim: 33 exec/s: 8307 rss: 1398Mb L: 18/28 MS: 4 ChangeByte-Custom-InsertByte-Custom-
#25313	NEW    cov: 728 ft: 1933 corp: 241/1407b lim: 33 exec/s: 8437 rss: 1398Mb L: 17/28 MS: 2 CopyPart-Custom-
#25837	NEW    cov: 728 ft: 1934 corp: 242/1438b lim: 38 exec/s: 8612 rss: 1398Mb L: 31/31 MS: 8 ChangeByte-Custom-PersAutoDict-Custom-CopyPart-Custom-InsertRepeatedBytes-Custom- DE: "\000\010"-
#26239	NEW    cov: 728 ft: 1935 corp: 243/1466b lim: 38 exec/s: 8746 rss: 1398Mb L: 28/31 MS: 4 InsertByte-Custom-InsertRepeatedBytes-Custom-
#26335	REDUCE cov: 728 ft: 1972 corp: 244/1501b lim: 38 exec/s: 8778 rss: 1398Mb L: 35/35 MS: 2 InsertRepeatedBytes-Custom-
#26371	REDUCE cov: 728 ft: 1972 corp: 244/1500b lim: 38 exec/s: 8790 rss: 1398Mb L: 8/35 MS: 2 EraseBytes-Custom-
#26428	REDUCE cov: 728 ft: 1976 corp: 245/1531b lim: 38 exec/s: 8809 rss: 1398Mb L: 31/35 MS: 4 ChangeBit-Custom-InsertRepeatedBytes-Custom-
#26634	REDUCE cov: 728 ft: 1976 corp: 245/1529b lim: 38 exec/s: 8878 rss: 1398Mb L: 13/35 MS: 2 EraseBytes-Custom-
#26766	REDUCE cov: 728 ft: 1976 corp: 245/1527b lim: 38 exec/s: 8922 rss: 1398Mb L: 2/35 MS: 4 CopyPart-Custom-EraseBytes-Custom-
#26963	NEW    cov: 728 ft: 1980 corp: 246/1563b lim: 38 exec/s: 8987 rss: 1398Mb L: 36/36 MS: 4 InsertRepeatedBytes-Custom-InsertByte-Custom-
#26979	REDUCE cov: 728 ft: 1980 corp: 246/1562b lim: 38 exec/s: 8993 rss: 1398Mb L: 4/36 MS: 2 EraseBytes-Custom-
#27165	REDUCE cov: 728 ft: 1980 corp: 246/1558b lim: 38 exec/s: 9055 rss: 1398Mb L: 24/36 MS: 2 EraseBytes-Custom-
#27266	REDUCE cov: 728 ft: 1980 corp: 246/1556b lim: 38 exec/s: 9088 rss: 1398Mb L: 9/36 MS: 2 EraseBytes-Custom-
#27347	REDUCE cov: 728 ft: 1982 corp: 247/1576b lim: 38 exec/s: 9115 rss: 1398Mb L: 20/36 MS: 2 InsertRepeatedBytes-Custom-
#27644	NEW    cov: 728 ft: 1984 corp: 248/1612b lim: 38 exec/s: 9214 rss: 1398Mb L: 36/36 MS: 4 PersAutoDict-Custom-InsertByte-Custom- DE: "\376\377\000\000"-
#27715	NEW    cov: 728 ft: 1993 corp: 249/1649b lim: 38 exec/s: 9238 rss: 1398Mb L: 37/37 MS: 2 InsertRepeatedBytes-Custom-
#27746	REDUCE cov: 728 ft: 1993 corp: 249/1648b lim: 38 exec/s: 9248 rss: 1398Mb L: 3/37 MS: 2 EraseBytes-Custom-
#27781	REDUCE cov: 728 ft: 1994 corp: 250/1685b lim: 38 exec/s: 9260 rss: 1398Mb L: 37/37 MS: 10 ChangeByte-Custom-ShuffleBytes-Custom-InsertByte-Custom-PersAutoDict-Custom-InsertRepeatedBytes-Custom- DE: "\377\377"-
#27792	REDUCE cov: 728 ft: 1994 corp: 250/1681b lim: 38 exec/s: 9264 rss: 1398Mb L: 13/37 MS: 2 EraseBytes-Custom-
#27983	NEW    cov: 728 ft: 2000 corp: 251/1719b lim: 38 exec/s: 9327 rss: 1398Mb L: 38/38 MS: 2 CMP-Custom- DE: "\000\001"-
#28115	REDUCE cov: 728 ft: 2000 corp: 251/1715b lim: 38 exec/s: 9371 rss: 1398Mb L: 16/38 MS: 4 ChangeBit-Custom-EraseBytes-Custom-
#28341	REDUCE cov: 728 ft: 2000 corp: 251/1714b lim: 38 exec/s: 9447 rss: 1398Mb L: 11/38 MS: 2 EraseBytes-Custom-
#28497	NEW    cov: 728 ft: 2001 corp: 252/1725b lim: 38 exec/s: 9499 rss: 1398Mb L: 11/38 MS: 2 InsertRepeatedBytes-Custom-
#28937	REDUCE cov: 728 ft: 2001 corp: 252/1722b lim: 38 exec/s: 9645 rss: 1398Mb L: 8/38 MS: 10 ShuffleBytes-Custom-EraseBytes-Custom-ChangeBinInt-Custom-ChangeByte-Custom-InsertByte-Custom-
#29546	REDUCE cov: 728 ft: 2008 corp: 253/1762b lim: 43 exec/s: 9848 rss: 1398Mb L: 40/40 MS: 8 CrossOver-Custom-InsertByte-Custom-CrossOver-Custom-InsertRepeatedBytes-Custom-
#29602	REDUCE cov: 728 ft: 2010 corp: 254/1778b lim: 43 exec/s: 9867 rss: 1398Mb L: 16/40 MS: 2 CopyPart-Custom-
#29788	REDUCE cov: 728 ft: 2010 corp: 254/1776b lim: 43 exec/s: 9929 rss: 1398Mb L: 6/40 MS: 2 EraseBytes-Custom-
#30072	REDUCE cov: 728 ft: 2010 corp: 254/1774b lim: 43 exec/s: 10024 rss: 1398Mb L: 35/40 MS: 8 EraseBytes-Custom-ChangeByte-Custom-ChangeBit-Custom-CMP-Custom- DE: "\000\364"-
#30185	REDUCE cov: 728 ft: 2010 corp: 254/1773b lim: 43 exec/s: 10061 rss: 1398Mb L: 35/40 MS: 6 ShuffleBytes-Custom-ShuffleBytes-Custom-EraseBytes-Custom-
#30334	NEW    cov: 728 ft: 2015 corp: 255/1808b lim: 43 exec/s: 10111 rss: 1398Mb L: 35/40 MS: 8 ChangeByte-Custom-ShuffleBytes-Custom-ChangeByte-Custom-InsertRepeatedBytes-Custom-
#30335	REDUCE cov: 728 ft: 2015 corp: 255/1807b lim: 43 exec/s: 10111 rss: 1398Mb L: 3/40 MS: 2 EraseBytes-Custom-
#30367	NEW    cov: 728 ft: 2017 corp: 256/1832b lim: 43 exec/s: 10122 rss: 1398Mb L: 25/40 MS: 4 CopyPart-Custom-InsertRepeatedBytes-Custom-
#30390	REDUCE cov: 728 ft: 2017 corp: 256/1826b lim: 43 exec/s: 10130 rss: 1398Mb L: 8/40 MS: 6 ShuffleBytes-Custom-ChangeBinInt-Custom-EraseBytes-Custom-
#30612	REDUCE cov: 728 ft: 2018 corp: 257/1846b lim: 43 exec/s: 10204 rss: 1398Mb L: 20/40 MS: 4 InsertByte-Custom-CopyPart-Custom-
#30884	REDUCE cov: 728 ft: 2032 corp: 258/1886b lim: 43 exec/s: 10294 rss: 1398Mb L: 40/40 MS: 4 InsertByte-Custom-CMP-Custom- DE: "\377\377\377y"-
#30887	REDUCE cov: 728 ft: 2032 corp: 258/1884b lim: 43 exec/s: 10295 rss: 1398Mb L: 33/40 MS: 6 EraseBytes-Custom-InsertByte-Custom-PersAutoDict-Custom- DE: "\000\000"-
#30940	REDUCE cov: 728 ft: 2032 corp: 258/1883b lim: 43 exec/s: 10313 rss: 1398Mb L: 15/40 MS: 6 CopyPart-Custom-CrossOver-Custom-EraseBytes-Custom-
#31481	REDUCE cov: 728 ft: 2032 corp: 258/1882b lim: 48 exec/s: 10493 rss: 1398Mb L: 4/40 MS: 2 EraseBytes-Custom-
#31557	NEW    cov: 728 ft: 2033 corp: 259/1920b lim: 48 exec/s: 10519 rss: 1398Mb L: 38/40 MS: 2 CopyPart-Custom-
#31593	REDUCE cov: 728 ft: 2033 corp: 259/1919b lim: 48 exec/s: 10531 rss: 1398Mb L: 15/40 MS: 2 EraseBytes-Custom-
#31900	REDUCE cov: 728 ft: 2033 corp: 259/1918b lim: 48 exec/s: 10633 rss: 1398Mb L: 12/40 MS: 4 ChangeBit-Custom-EraseBytes-Custom-
#32069	NEW    cov: 728 ft: 2036 corp: 260/1946b lim: 48 exec/s: 10689 rss: 1398Mb L: 28/40 MS: 8 CopyPart-Custom-CrossOver-Custom-ChangeBit-Custom-InsertRepeatedBytes-Custom-
#32538	REDUCE cov: 728 ft: 2036 corp: 260/1945b lim: 48 exec/s: 10846 rss: 1398Mb L: 8/40 MS: 8 ShuffleBytes-Custom-EraseBytes-Custom-ShuffleBytes-Custom-CopyPart-Custom-
#32609	REDUCE cov: 728 ft: 2036 corp: 260/1943b lim: 48 exec/s: 10869 rss: 1398Mb L: 9/40 MS: 2 EraseBytes-Custom-
#32768	pulse  cov: 728 ft: 2036 corp: 260/1943b lim: 48 exec/s: 10922 rss: 1398Mb
#32845	REDUCE cov: 728 ft: 2036 corp: 260/1942b lim: 48 exec/s: 10948 rss: 1398Mb L: 13/40 MS: 2 EraseBytes-Custom-
MS: 6 ChangeByte-Custom-ChangeByte-Custom-InsertRepeatedBytes-Custom-; base unit: 4eefff54fe24406b26432de3463a4bdbc4a031e6
0x2f,0xa8,0x79,0x0,0xa8,0x2f,0x4e,0x4e,0x4e,0x4e,0x4e,0x4e,0x4e,0x4e,0x4e,0x4e,0x4e,0x4e,0x4e,0x4e,0x4e,0x4e,0x4e,0x4e,0x4e,0x4e,0x4e,0x4e,0x4e,0x4e,0x4e,0x4e,0x4e,0x4e,0x4e,0x4e,0x4e,0x4e,0x4e,0x4e,0x4e,0x4e,0x4e,0x4e,0x4e,0x4e,0x4e,0x4e,DEDUP_TOKEN: c2a740a6d84d9fc9

/\250y\000\250/NNNNNNNNNNNNNNNNNNNNNNNNNNNNNNNNNNNNNNNNNN
artifact_prefix='/tmp/bugrun/jacksoncore_10.17yzpi/'; Test unit written to /tmp/bugrun/jacksoncore_10.17yzpi/crash-5cfb6dcd7bb3b5109f07cc083f58e9deacb7fa1d
Base64: L6h5AKgvTk5OTk5OTk5OTk5OTk5OTk5OTk5OTk5OTk5OTk5OTk5OTk5OTk5OTk5O
Done 33568 runs in 3 second(s)
[ERROR] Tests run: 2, Failures: 0, Errors: 1, Skipped: 0, Time elapsed: 16.63 s <<< FAILURE! -- in com.example.algorithm2.Algorithm2Test
[ERROR] com.example.algorithm2.Algorithm2Test.testParameterizedFuzzer(FuzzedDataProvider)[2] -- Time elapsed: 4.193 s <<< ERROR!
java.lang.ArrayIndexOutOfBoundsException: Index 581 out of bounds for length 32
	at com.fasterxml.jackson.core.json.ByteSourceJsonBootstrapper.detectEncoding(ByteSourceJsonBootstrapper.java:127)
	at com.fasterxml.jackson.core.json.ByteSourceJsonBootstrapper.constructParser(ByteSourceJsonBootstrapper.java:215)
	at com.fasterxml.jackson.core.JsonFactory._createParser(JsonFactory.java:1287)
	at com.fasterxml.jackson.core.JsonFactory.createParser(JsonFactory.java:861)
	at jdk.internal.reflect.GeneratedMethodAccessor95.invoke(Unknown Source)
	at java.base/jdk.internal.reflect.DelegatingMethodAccessorImpl.invoke(DelegatingMethodAccessorImpl.java:43)
	at java.base/java.lang.reflect.Method.invoke(Method.java:566)
	at com.example.algorithm2.Algorithm2Test.testParameterizedFuzzer(Algorithm2Test.java:226)

[INFO] 
[INFO] Results:
[INFO] 
[ERROR] Errors: 
[ERROR]   Algorithm2Test.testParameterizedFuzzer:226 » ArrayIndexOutOfBounds Index 581 out of bounds for length 32
[INFO] 
[ERROR] Tests run: 2, Failures: 0, Errors: 1, Skipped: 0
[INFO] 
[ERROR] 

Please refer to /tmp/bugrun/jacksoncore_10.17yzpi/target/surefire-reports for the individual test results.
Please refer to dump files (if any exist) [date].dump, [date]-jvmRun[N].dump and [date].dumpstream.
[INFO] 
[INFO] --- jacoco:0.8.11:report (default-cli) @ AlgorithmName2 ---
[INFO] Loading execution data file /tmp/bugrun/jacksoncore_10.17yzpi/target/jacoco.exec
[INFO] Analyzed bundle 'AlgorithmName2' with 84 classes
[INFO] ------------------------------------------------------------------------
[INFO] BUILD SUCCESS
[INFO] ------------------------------------------------------------------------
[INFO] Total time:  29.392 s
[INFO] Finished at: 2026-10-06T02:50:40+07:00
[INFO] ------------------------------------------------------------------------
