[INFO] Scanning for projects...
[INFO] 
[INFO] ---------------------< com.example:AlgorithmName2 >---------------------
[INFO] Building AlgorithmName2 1.0-SNAPSHOT
[INFO]   from pom.xml
[INFO] --------------------------------[ jar ]---------------------------------
[INFO] 
[INFO] --- jacoco:0.8.11:prepare-agent (default) @ AlgorithmName2 ---
[INFO] argLine set to -javaagent:/home/kanyaphak673380391-3/.m2/repository/org/jacoco/org.jacoco.agent/0.8.11/org.jacoco.agent-0.8.11-runtime.jar=destfile=/tmp/bugrun/jacksoncore_19.aBSCGK/target/jacoco.exec
[INFO] 
[INFO] --- resources:3.4.0:resources (default-resources) @ AlgorithmName2 ---
[INFO] Copying 1 resource from src/main/resources to target/classes
[INFO] 
[INFO] --- compiler:3.15.0:compile (default-compile) @ AlgorithmName2 ---
[INFO] Recompiling the module because of changed source code.
[INFO] Compiling 1 source file with javac [debug target 1.8] to target/classes
[WARNING] bootstrap class path not set in conjunction with -source 8
[INFO] 
[INFO] --- dependency:3.6.0:unpack-dependencies (unpack-defects4j) @ AlgorithmName2 ---
[INFO] 
[INFO] --- resources:3.4.0:testResources (default-testResources) @ AlgorithmName2 ---
[INFO] skip non existing resourceDirectory /tmp/bugrun/jacksoncore_19.aBSCGK/src/test/resources
[INFO] 
[INFO] --- compiler:3.15.0:testCompile (default-testCompile) @ AlgorithmName2 ---
[INFO] Recompiling the module because of changed dependency.
[INFO] Compiling 1 source file with javac [debug target 1.8] to target/test-classes
[WARNING] bootstrap class path not set in conjunction with -source 8
[INFO] 
[INFO] --- surefire:3.1.2:test (default-cli) @ AlgorithmName2 ---
[INFO] Using auto detected provider org.apache.maven.surefire.junitplatform.JUnitPlatformProvider
[INFO] 
[INFO] -------------------------------------------------------
[INFO]  T E S T S
[INFO] -------------------------------------------------------
[INFO] Running com.example.algorithm2.Algorithm2Test
OpenJDK 64-Bit Server VM warning: Sharing is only supported for boot loader classes because bootstrap classpath has been appended
INFO: Loaded 284 hooks from com.code_intelligence.jazzer.runtime.TraceCmpHooks
INFO: Loaded 5 hooks from com.code_intelligence.jazzer.runtime.TraceDivHooks
INFO: Loaded 2 hooks from com.code_intelligence.jazzer.runtime.TraceIndirHooks
INFO: Loaded 4 hooks from com.code_intelligence.jazzer.runtime.NativeLibHooks
INFO: Loaded 2 hooks from com.code_intelligence.jazzer.sanitizers.ClojureLangHooks
INFO: Loaded 5 hooks from com.code_intelligence.jazzer.sanitizers.Deserialization
INFO: Loaded 5 hooks from com.code_intelligence.jazzer.sanitizers.ExpressionLanguageInjection
INFO: Loaded 70 hooks from com.code_intelligence.jazzer.sanitizers.LdapInjection
INFO: Loaded 46 hooks from com.code_intelligence.jazzer.sanitizers.NamingContextLookup
INFO: Loaded 1 hooks from com.code_intelligence.jazzer.sanitizers.OsCommandInjection
INFO: Loaded 52 hooks from com.code_intelligence.jazzer.sanitizers.ReflectiveCall
INFO: Loaded 8 hooks from com.code_intelligence.jazzer.sanitizers.RegexInjection
INFO: Loaded 16 hooks from com.code_intelligence.jazzer.sanitizers.RegexRoadblocks
INFO: Loaded 18 hooks from com.code_intelligence.jazzer.sanitizers.ScriptEngineInjection
INFO: Loaded 2 hooks from com.code_intelligence.jazzer.sanitizers.ServerSideRequestForgery
INFO: Loaded 19 hooks from com.code_intelligence.jazzer.sanitizers.SqlInjection
INFO: Loaded 6 hooks from com.code_intelligence.jazzer.sanitizers.XPathInjection
INFO: Instrumented com.example.algorithm2.Algorithm2Test$Skip (took 262 ms, size +44%)
INFO: Instrumented com.example.algorithm2.Algorithm2Test (took 224 ms, size +27%)
INFO: New number of coverage counters: 1024
INFO: Instrumented com.fasterxml.jackson.core.JsonFactory (took 439 ms, size +11%)
INFO: Instrumented com.fasterxml.jackson.core.Versioned (took 1 ms, size +0%)
INFO: Instrumented com.fasterxml.jackson.core.SerializableString (took 1 ms, size +0%)
INFO: Instrumented com.fasterxml.jackson.core.JsonParser (took 142 ms, size +11%)
INFO: New number of coverage counters: 2048
INFO: Instrumented com.fasterxml.jackson.core.json.ReaderBasedJsonParser (took 238 ms, size +25%)
INFO: New number of coverage counters: 4096
INFO: Instrumented com.fasterxml.jackson.core.base.ParserBase (took 129 ms, size +17%)
INFO: Instrumented com.fasterxml.jackson.core.base.ParserMinimalBase (took 47 ms, size +17%)
INFO: Instrumented com.fasterxml.jackson.core.JsonGenerator (took 64 ms, size +13%)
INFO: Instrumented com.fasterxml.jackson.core.json.UTF8JsonGenerator (took 91 ms, size +21%)
INFO: Instrumented com.fasterxml.jackson.core.json.JsonGeneratorImpl (took 17 ms, size +17%)
INFO: Instrumented com.fasterxml.jackson.core.base.GeneratorBase (took 28 ms, size +14%)
INFO: Instrumented com.fasterxml.jackson.core.io.UTF8Writer (took 16 ms, size +26%)
INFO: New number of coverage counters: 8192
INFO: Instrumented com.fasterxml.jackson.core.json.WriterBasedJsonGenerator (took 166 ms, size +21%)
INFO: Instrumented com.fasterxml.jackson.core.JsonFactory$Feature (took 15 ms, size +29%)
INFO: Instrumented com.fasterxml.jackson.core.JsonParser$Feature (took 7 ms, size +25%)
INFO: Instrumented com.fasterxml.jackson.core.JsonGenerator$Feature (took 5 ms, size +25%)
INFO: Instrumented com.fasterxml.jackson.core.util.DefaultPrettyPrinter (took 22 ms, size +16%)
INFO: Instrumented com.fasterxml.jackson.core.PrettyPrinter (took 0 ms, size +0%)
INFO: Instrumented com.fasterxml.jackson.core.util.Instantiatable (took 0 ms, size +0%)
INFO: Instrumented com.fasterxml.jackson.core.util.DefaultPrettyPrinter$Indenter (took 1 ms, size +0%)
INFO: Instrumented com.fasterxml.jackson.core.io.SerializedString (took 11 ms, size +20%)
INFO: Instrumented com.fasterxml.jackson.core.ObjectCodec (took 3 ms, size +13%)
INFO: Instrumented com.fasterxml.jackson.core.TreeCodec (took 2 ms, size +32%)
INFO: Instrumented com.fasterxml.jackson.core.Version (took 11 ms, size +34%)
INFO: Instrumented com.fasterxml.jackson.core.io.CharacterEscapes (took 12 ms, size +35%)
INFO: Instrumented com.fasterxml.jackson.core.io.OutputDecorator (took 3 ms, size +42%)
INFO: Instrumented com.fasterxml.jackson.core.JsonParseException (took 5 ms, size +17%)
INFO: Instrumented com.fasterxml.jackson.core.JsonProcessingException (took 10 ms, size +20%)
INFO: Instrumented com.fasterxml.jackson.core.JsonEncoding (took 6 ms, size +22%)
INFO: Instrumented com.fasterxml.jackson.core.util.BufferRecycler (took 9 ms, size +24%)
INFO: Instrumented com.fasterxml.jackson.core.FormatSchema (took 0 ms, size +0%)
INFO: Instrumented com.fasterxml.jackson.core.format.InputAccessor (took 0 ms, size +0%)
INFO: Instrumented com.fasterxml.jackson.core.format.MatchStrength (took 3 ms, size +28%)
INFO: Instrumented com.fasterxml.jackson.core.io.InputDecorator (took 2 ms, size +37%)
[harness] target=com.fasterxml.jackson.core.JsonFactory factories=1 methods=53
INFO: Instrumented com.fasterxml.jackson.core.sym.CharsToNameCanonicalizer (took 33 ms, size +15%)
INFO: Instrumented com.fasterxml.jackson.core.sym.CharsToNameCanonicalizer$Bucket (took 2 ms, size +39%)
INFO: Instrumented com.fasterxml.jackson.core.sym.ByteQuadsCanonicalizer (took 35 ms, size +19%)
INFO: Instrumented com.fasterxml.jackson.core.sym.ByteQuadsCanonicalizer$TableInfo (took 3 ms, size +22%)
INFO: using inputs from: /tmp/bugrun/jacksoncore_19.aBSCGK/.cifuzz-corpus/com.example.algorithm2.Algorithm2Test/testParameterizedFuzzer
INFO: using inputs from: /tmp/jazzer-java-seeds17144811110738112617
INFO: found LLVMFuzzerCustomMutator (0x7717d8366cd0). Disabling -len_control by default.
INFO: Running with entropic power schedule (0xFF, 100).
INFO: Seed: 902682109
INFO: Loaded 5 modules   (8192 inline 8-bit counters): 512 [0x771848be3230, 0x771848be3430), 512 [0x771848be3430, 0x771848be3630), 1024 [0x771848be3630, 0x771848be3a30), 2048 [0x771848be3a30, 0x771848be4230), 4096 [0x771848be4230, 0x771848be5230), 
INFO: Loaded 5 PC tables (8192 PCs): 512 [0x771848b3fb40,0x771848b41b40), 512 [0x771848498340,0x77184849a340), 1024 [0x771848291970,0x771848295970), 2048 [0x7718484bab40,0x7718484c2b40), 4096 [0x7718487702e0,0x7718487802e0), 
INFO:        0 files found in /tmp/bugrun/jacksoncore_19.aBSCGK/.cifuzz-corpus/com.example.algorithm2.Algorithm2Test/testParameterizedFuzzer
INFO:        0 files found in /tmp/jazzer-java-seeds17144811110738112617
INFO: -max_len is not provided; libFuzzer will not generate inputs larger than 4096 bytes
INFO: A corpus is not provided, starting from an empty corpus
#2	INITED cov: 83 ft: 83 corp: 1/1b exec/s: 0 rss: 1285Mb
INFO: Instrumented com.fasterxml.jackson.core.io.IOContext (took 18 ms, size +18%)
#5	NEW    cov: 245 ft: 252 corp: 2/2b lim: 4 exec/s: 0 rss: 1285Mb L: 1/1 MS: 6 ShuffleBytes-Custom-CopyPart-Custom-ChangeBit-Custom-
INFO: Instrumented com.fasterxml.jackson.core.JsonGenerationException (took 4 ms, size +19%)
INFO: Instrumented com.fasterxml.jackson.core.JsonStreamContext (took 4 ms, size +35%)
INFO: Instrumented com.fasterxml.jackson.core.json.JsonWriteContext (took 12 ms, size +19%)
INFO: Instrumented com.fasterxml.jackson.core.io.CharTypes (took 11 ms, size +23%)
INFO: Instrumented com.fasterxml.jackson.core.json.ByteSourceJsonBootstrapper (took 18 ms, size +21%)
INFO: Instrumented com.fasterxml.jackson.core.io.MergedStream (took 8 ms, size +27%)
INFO: Instrumented com.fasterxml.jackson.core.io.UTF32Reader (took 13 ms, size +22%)
#6	NEW    cov: 277 ft: 284 corp: 3/3b lim: 4 exec/s: 0 rss: 1285Mb L: 1/1 MS: 2 ChangeBit-Custom-
#7	NEW    cov: 277 ft: 285 corp: 4/5b lim: 4 exec/s: 0 rss: 1285Mb L: 2/2 MS: 2 CopyPart-Custom-
#10	NEW    cov: 278 ft: 286 corp: 5/8b lim: 4 exec/s: 0 rss: 1285Mb L: 3/3 MS: 6 ShuffleBytes-Custom-CopyPart-Custom-InsertByte-Custom-
INFO: Instrumented com.fasterxml.jackson.core.json.UTF8StreamJsonParser (took 57 ms, size +24%)
INFO: Instrumented com.fasterxml.jackson.core.json.JsonReadContext (took 12 ms, size +15%)
#11	NEW    cov: 350 ft: 366 corp: 6/9b lim: 4 exec/s: 0 rss: 1286Mb L: 1/3 MS: 2 ChangeByte-Custom-
#12	NEW    cov: 352 ft: 368 corp: 7/12b lim: 4 exec/s: 0 rss: 1286Mb L: 3/3 MS: 2 ChangeByte-Custom-
#14	NEW    cov: 372 ft: 394 corp: 8/15b lim: 4 exec/s: 0 rss: 1286Mb L: 3/3 MS: 4 ChangeByte-Custom-ChangeBit-Custom-
#15	NEW    cov: 413 ft: 439 corp: 9/17b lim: 4 exec/s: 0 rss: 1286Mb L: 2/3 MS: 2 ChangeBit-Custom-
#23	NEW    cov: 419 ft: 445 corp: 10/20b lim: 4 exec/s: 0 rss: 1286Mb L: 3/3 MS: 6 ChangeBit-Custom-ChangeByte-Custom-ChangeByte-Custom-
INFO: Instrumented com.fasterxml.jackson.core.util.TextBuffer (took 32 ms, size +21%)
INFO: Instrumented com.fasterxml.jackson.core.json.PackageVersion (took 4 ms, size +35%)
WARN: Some hooks could not be applied to class files built for Java 7 or lower.
                       Ensure that the fuzz target and its dependencies are compiled with
                       -target 8 or higher to identify as many bugs as possible.
INFO: Instrumented com.fasterxml.jackson.core.util.VersionUtil (took 17 ms, size +21%)
#24	NEW    cov: 454 ft: 480 corp: 11/21b lim: 4 exec/s: 0 rss: 1287Mb L: 1/3 MS: 2 ChangeBit-Custom-
#27	NEW    cov: 457 ft: 490 corp: 12/24b lim: 4 exec/s: 0 rss: 1287Mb L: 3/3 MS: 6 ShuffleBytes-Custom-CopyPart-Custom-CrossOver-Custom-
#29	NEW    cov: 479 ft: 514 corp: 13/27b lim: 4 exec/s: 0 rss: 1287Mb L: 3/3 MS: 4 CrossOver-Custom-InsertByte-Custom-
#30	NEW    cov: 486 ft: 523 corp: 14/28b lim: 4 exec/s: 0 rss: 1287Mb L: 1/3 MS: 2 ChangeByte-Custom-
#33	NEW    cov: 489 ft: 528 corp: 15/31b lim: 4 exec/s: 0 rss: 1287Mb L: 3/3 MS: 6 CrossOver-Custom-CrossOver-Custom-ChangeByte-Custom-
#35	NEW    cov: 489 ft: 529 corp: 16/33b lim: 4 exec/s: 0 rss: 1287Mb L: 2/3 MS: 4 InsertByte-Custom-ChangeBinInt-Custom-
#36	NEW    cov: 489 ft: 530 corp: 17/34b lim: 4 exec/s: 0 rss: 1287Mb L: 1/3 MS: 2 ChangeBit-Custom-
#37	REDUCE cov: 489 ft: 530 corp: 17/33b lim: 4 exec/s: 0 rss: 1287Mb L: 2/3 MS: 2 EraseBytes-Custom-
#38	NEW    cov: 489 ft: 633 corp: 18/37b lim: 4 exec/s: 0 rss: 1287Mb L: 4/4 MS: 2 CopyPart-Custom-
#43	NEW    cov: 491 ft: 635 corp: 19/39b lim: 4 exec/s: 0 rss: 1287Mb L: 2/4 MS: 10 ChangeBinInt-Custom-ChangeBit-Custom-InsertByte-Custom-ChangeBinInt-Custom-ChangeBit-Custom-
#47	NEW    cov: 492 ft: 636 corp: 20/42b lim: 4 exec/s: 0 rss: 1287Mb L: 3/4 MS: 8 CrossOver-Custom-ShuffleBytes-Custom-CMP-Custom-ChangeBit-Custom- DE: "\000\000"-
#48	REDUCE cov: 492 ft: 636 corp: 20/41b lim: 4 exec/s: 0 rss: 1287Mb L: 1/4 MS: 2 EraseBytes-Custom-
#49	NEW    cov: 501 ft: 645 corp: 21/42b lim: 4 exec/s: 0 rss: 1287Mb L: 1/4 MS: 2 CrossOver-Custom-
#51	NEW    cov: 501 ft: 646 corp: 22/46b lim: 4 exec/s: 0 rss: 1287Mb L: 4/4 MS: 4 ShuffleBytes-Custom-CopyPart-Custom-
#54	NEW    cov: 503 ft: 648 corp: 23/47b lim: 4 exec/s: 0 rss: 1287Mb L: 1/4 MS: 6 CopyPart-Custom-ChangeBinInt-Custom-ChangeByte-Custom-
#56	NEW    cov: 503 ft: 649 corp: 24/51b lim: 4 exec/s: 0 rss: 1287Mb L: 4/4 MS: 4 ChangeByte-Custom-CopyPart-Custom-
#57	NEW    cov: 503 ft: 655 corp: 25/54b lim: 4 exec/s: 0 rss: 1287Mb L: 3/4 MS: 2 CopyPart-Custom-
#59	NEW    cov: 504 ft: 656 corp: 26/57b lim: 4 exec/s: 0 rss: 1287Mb L: 3/4 MS: 4 ShuffleBytes-Custom-ChangeByte-Custom-
#60	NEW    cov: 511 ft: 664 corp: 27/58b lim: 4 exec/s: 0 rss: 1287Mb L: 1/4 MS: 2 ChangeByte-Custom-
#61	NEW    cov: 511 ft: 685 corp: 28/62b lim: 4 exec/s: 0 rss: 1287Mb L: 4/4 MS: 2 CopyPart-Custom-
#62	NEW    cov: 511 ft: 688 corp: 29/64b lim: 4 exec/s: 0 rss: 1287Mb L: 2/4 MS: 2 PersAutoDict-Custom- DE: "\000\000"-
#65	NEW    cov: 513 ft: 690 corp: 30/68b lim: 4 exec/s: 0 rss: 1287Mb L: 4/4 MS: 6 CopyPart-Custom-CopyPart-Custom-ChangeBinInt-Custom-
#80	NEW    cov: 518 ft: 695 corp: 31/71b lim: 4 exec/s: 0 rss: 1287Mb L: 3/4 MS: 10 ShuffleBytes-Custom-CrossOver-Custom-ChangeByte-Custom-EraseBytes-Custom-ChangeBit-Custom-
#88	NEW    cov: 520 ft: 697 corp: 32/72b lim: 4 exec/s: 0 rss: 1287Mb L: 1/4 MS: 6 PersAutoDict-Custom-ChangeBit-Custom-CrossOver-Custom- DE: "\000\000"-
#94	NEW    cov: 536 ft: 713 corp: 33/73b lim: 4 exec/s: 0 rss: 1291Mb L: 1/4 MS: 2 ChangeBit-Custom-
#95	NEW    cov: 539 ft: 716 corp: 34/76b lim: 4 exec/s: 0 rss: 1293Mb L: 3/4 MS: 2 PersAutoDict-Custom- DE: "\000\000"-
#96	NEW    cov: 539 ft: 717 corp: 35/80b lim: 4 exec/s: 0 rss: 1293Mb L: 4/4 MS: 2 InsertByte-Custom-
#98	NEW    cov: 541 ft: 719 corp: 36/82b lim: 4 exec/s: 0 rss: 1293Mb L: 2/4 MS: 4 CrossOver-Custom-ChangeByte-Custom-
#99	NEW    cov: 541 ft: 721 corp: 37/86b lim: 4 exec/s: 0 rss: 1293Mb L: 4/4 MS: 2 ChangeBit-Custom-
#105	NEW    cov: 543 ft: 723 corp: 38/90b lim: 4 exec/s: 0 rss: 1293Mb L: 4/4 MS: 2 InsertByte-Custom-
#108	NEW    cov: 543 ft: 725 corp: 39/94b lim: 4 exec/s: 0 rss: 1293Mb L: 4/4 MS: 6 PersAutoDict-Custom-ShuffleBytes-Custom-ChangeBit-Custom- DE: "\000\000"-
#110	NEW    cov: 550 ft: 733 corp: 40/97b lim: 4 exec/s: 0 rss: 1293Mb L: 3/4 MS: 4 CrossOver-Custom-ChangeBit-Custom-
#112	NEW    cov: 552 ft: 735 corp: 41/98b lim: 4 exec/s: 0 rss: 1293Mb L: 1/4 MS: 4 ChangeByte-Custom-ChangeByte-Custom-
#115	NEW    cov: 554 ft: 737 corp: 42/99b lim: 4 exec/s: 0 rss: 1293Mb L: 1/4 MS: 6 ChangeByte-Custom-ShuffleBytes-Custom-ChangeByte-Custom-
#136	NEW    cov: 554 ft: 746 corp: 43/101b lim: 4 exec/s: 0 rss: 1293Mb L: 2/4 MS: 2 CopyPart-Custom-
#138	NEW    cov: 555 ft: 747 corp: 44/105b lim: 4 exec/s: 0 rss: 1293Mb L: 4/4 MS: 4 ChangeBit-Custom-ChangeByte-Custom-
#161	NEW    cov: 574 ft: 770 corp: 45/109b lim: 4 exec/s: 0 rss: 1293Mb L: 4/4 MS: 6 PersAutoDict-Custom-ChangeBit-Custom-InsertByte-Custom- DE: "\000\000"-
#162	NEW    cov: 575 ft: 771 corp: 46/112b lim: 4 exec/s: 0 rss: 1293Mb L: 3/4 MS: 2 ChangeByte-Custom-
#169	NEW    cov: 578 ft: 774 corp: 47/116b lim: 4 exec/s: 0 rss: 1293Mb L: 4/4 MS: 4 ChangeBit-Custom-ChangeByte-Custom-
#173	NEW    cov: 610 ft: 809 corp: 48/119b lim: 4 exec/s: 0 rss: 1293Mb L: 3/4 MS: 8 ShuffleBytes-Custom-PersAutoDict-Custom-CopyPart-Custom-ChangeBit-Custom- DE: "\000\000"-
#181	NEW    cov: 616 ft: 859 corp: 49/123b lim: 4 exec/s: 0 rss: 1293Mb L: 4/4 MS: 6 CrossOver-Custom-ChangeBinInt-Custom-CopyPart-Custom-
#182	NEW    cov: 617 ft: 860 corp: 50/126b lim: 4 exec/s: 0 rss: 1293Mb L: 3/4 MS: 2 ChangeByte-Custom-
#189	NEW    cov: 625 ft: 884 corp: 51/130b lim: 4 exec/s: 0 rss: 1293Mb L: 4/4 MS: 4 ShuffleBytes-Custom-CMP-Custom- DE: "\377\377\377\037"-
#196	NEW    cov: 629 ft: 888 corp: 52/134b lim: 4 exec/s: 0 rss: 1293Mb L: 4/4 MS: 4 CopyPart-Custom-CrossOver-Custom-
#201	NEW    cov: 629 ft: 889 corp: 53/137b lim: 4 exec/s: 0 rss: 1293Mb L: 3/4 MS: 10 ShuffleBytes-Custom-ChangeBit-Custom-CopyPart-Custom-ShuffleBytes-Custom-ShuffleBytes-Custom-
#212	NEW    cov: 630 ft: 890 corp: 54/138b lim: 4 exec/s: 0 rss: 1293Mb L: 1/4 MS: 2 ChangeByte-Custom-
#221	NEW    cov: 631 ft: 893 corp: 55/140b lim: 4 exec/s: 0 rss: 1293Mb L: 2/4 MS: 8 ShuffleBytes-Custom-ChangeBit-Custom-InsertByte-Custom-ChangeByte-Custom-
#228	NEW    cov: 631 ft: 894 corp: 56/144b lim: 4 exec/s: 0 rss: 1293Mb L: 4/4 MS: 4 ChangeByte-Custom-CopyPart-Custom-
#246	NEW    cov: 631 ft: 896 corp: 57/148b lim: 4 exec/s: 0 rss: 1293Mb L: 4/4 MS: 6 ChangeBit-Custom-ChangeByte-Custom-InsertByte-Custom-
#265	REDUCE cov: 631 ft: 897 corp: 58/151b lim: 4 exec/s: 0 rss: 1293Mb L: 3/4 MS: 8 EraseBytes-Custom-ChangeBinInt-Custom-InsertByte-Custom-InsertByte-Custom-
#266	NEW    cov: 632 ft: 899 corp: 59/153b lim: 4 exec/s: 0 rss: 1293Mb L: 2/4 MS: 2 CrossOver-Custom-
#268	NEW    cov: 639 ft: 923 corp: 60/154b lim: 4 exec/s: 0 rss: 1294Mb L: 1/4 MS: 4 ChangeByte-Custom-ChangeByte-Custom-
#271	NEW    cov: 640 ft: 924 corp: 61/158b lim: 4 exec/s: 0 rss: 1294Mb L: 4/4 MS: 6 CrossOver-Custom-ShuffleBytes-Custom-CopyPart-Custom-
#273	NEW    cov: 642 ft: 926 corp: 62/161b lim: 4 exec/s: 0 rss: 1294Mb L: 3/4 MS: 4 ChangeBinInt-Custom-InsertByte-Custom-
#274	NEW    cov: 642 ft: 927 corp: 63/165b lim: 4 exec/s: 0 rss: 1294Mb L: 4/4 MS: 2 CopyPart-Custom-
#276	NEW    cov: 642 ft: 946 corp: 64/169b lim: 4 exec/s: 0 rss: 1294Mb L: 4/4 MS: 4 PersAutoDict-Custom-CopyPart-Custom- DE: "\377\377\377\037"-
#294	NEW    cov: 644 ft: 948 corp: 65/171b lim: 4 exec/s: 0 rss: 1294Mb L: 2/4 MS: 6 InsertByte-Custom-ChangeBit-Custom-ChangeBinInt-Custom-
#296	NEW    cov: 644 ft: 950 corp: 66/175b lim: 4 exec/s: 0 rss: 1294Mb L: 4/4 MS: 4 PersAutoDict-Custom-ChangeBinInt-Custom- DE: "\377\377\377\037"-
#302	NEW    cov: 644 ft: 971 corp: 67/179b lim: 4 exec/s: 0 rss: 1294Mb L: 4/4 MS: 2 ChangeByte-Custom-
#317	NEW    cov: 646 ft: 973 corp: 68/183b lim: 4 exec/s: 0 rss: 1294Mb L: 4/4 MS: 10 ChangeByte-Custom-ShuffleBytes-Custom-ChangeBinInt-Custom-CopyPart-Custom-ChangeBinInt-Custom-
#319	NEW    cov: 648 ft: 975 corp: 69/187b lim: 4 exec/s: 0 rss: 1294Mb L: 4/4 MS: 4 ShuffleBytes-Custom-ChangeByte-Custom-
#384	NEW    cov: 652 ft: 979 corp: 70/191b lim: 4 exec/s: 0 rss: 1294Mb L: 4/4 MS: 10 CopyPart-Custom-ChangeByte-Custom-ChangeBit-Custom-ChangeBit-Custom-CopyPart-Custom-
#389	NEW    cov: 652 ft: 981 corp: 71/195b lim: 4 exec/s: 0 rss: 1294Mb L: 4/4 MS: 10 ShuffleBytes-Custom-PersAutoDict-Custom-ChangeBinInt-Custom-ShuffleBytes-Custom-ShuffleBytes-Custom- DE: "\377\377\377\037"-
#392	NEW    cov: 652 ft: 983 corp: 72/198b lim: 4 exec/s: 0 rss: 1294Mb L: 3/4 MS: 6 CopyPart-Custom-CopyPart-Custom-ChangeBinInt-Custom-
#404	REDUCE cov: 652 ft: 983 corp: 72/197b lim: 4 exec/s: 0 rss: 1294Mb L: 2/4 MS: 4 ChangeByte-Custom-EraseBytes-Custom-
#420	REDUCE cov: 652 ft: 983 corp: 72/196b lim: 4 exec/s: 0 rss: 1294Mb L: 2/4 MS: 2 EraseBytes-Custom-
#438	NEW    cov: 653 ft: 984 corp: 73/197b lim: 4 exec/s: 0 rss: 1295Mb L: 1/4 MS: 6 CrossOver-Custom-CrossOver-Custom-ChangeByte-Custom-
#477	NEW    cov: 653 ft: 988 corp: 74/201b lim: 4 exec/s: 0 rss: 1295Mb L: 4/4 MS: 8 ShuffleBytes-Custom-PersAutoDict-Custom-ChangeBinInt-Custom-ChangeBinInt-Custom- DE: "\000\000"-
#491	NEW    cov: 654 ft: 989 corp: 75/205b lim: 4 exec/s: 0 rss: 1295Mb L: 4/4 MS: 8 PersAutoDict-Custom-ChangeBit-Custom-ChangeBit-Custom-InsertByte-Custom- DE: "\000\000"-
#513	NEW    cov: 654 ft: 990 corp: 76/209b lim: 4 exec/s: 0 rss: 1295Mb L: 4/4 MS: 4 CrossOver-Custom-CopyPart-Custom-
#554	REDUCE cov: 657 ft: 993 corp: 77/210b lim: 4 exec/s: 0 rss: 1295Mb L: 1/4 MS: 2 ChangeByte-Custom-
#559	NEW    cov: 657 ft: 995 corp: 78/213b lim: 4 exec/s: 0 rss: 1295Mb L: 3/4 MS: 10 ChangeBit-Custom-ChangeByte-Custom-CrossOver-Custom-CopyPart-Custom-CrossOver-Custom-
#569	NEW    cov: 657 ft: 1026 corp: 79/217b lim: 4 exec/s: 0 rss: 1295Mb L: 4/4 MS: 10 ChangeByte-Custom-CopyPart-Custom-InsertByte-Custom-CopyPart-Custom-ChangeByte-Custom-
#596	NEW    cov: 657 ft: 1052 corp: 80/221b lim: 4 exec/s: 0 rss: 1295Mb L: 4/4 MS: 4 ShuffleBytes-Custom-CopyPart-Custom-
#607	REDUCE cov: 657 ft: 1052 corp: 80/219b lim: 4 exec/s: 0 rss: 1295Mb L: 2/4 MS: 2 EraseBytes-Custom-
#613	REDUCE cov: 657 ft: 1052 corp: 80/218b lim: 4 exec/s: 0 rss: 1295Mb L: 1/4 MS: 2 EraseBytes-Custom-
#627	REDUCE cov: 657 ft: 1052 corp: 80/217b lim: 4 exec/s: 0 rss: 1295Mb L: 2/4 MS: 8 CMP-Custom-ChangeBit-Custom-ChangeBit-Custom-EraseBytes-Custom- DE: "\377\000"-
#654	NEW    cov: 657 ft: 1053 corp: 81/221b lim: 4 exec/s: 0 rss: 1295Mb L: 4/4 MS: 4 InsertByte-Custom-CopyPart-Custom-
#656	REDUCE cov: 657 ft: 1053 corp: 81/220b lim: 4 exec/s: 0 rss: 1295Mb L: 2/4 MS: 4 ChangeBit-Custom-EraseBytes-Custom-
#687	REDUCE cov: 657 ft: 1053 corp: 81/219b lim: 4 exec/s: 0 rss: 1295Mb L: 2/4 MS: 2 EraseBytes-Custom-
#741	NEW    cov: 658 ft: 1054 corp: 82/221b lim: 4 exec/s: 0 rss: 1295Mb L: 2/4 MS: 8 CrossOver-Custom-ChangeBit-Custom-CopyPart-Custom-InsertByte-Custom-
#744	NEW    cov: 658 ft: 1055 corp: 83/225b lim: 4 exec/s: 0 rss: 1295Mb L: 4/4 MS: 6 CrossOver-Custom-CrossOver-Custom-ChangeBinInt-Custom-
#753	NEW    cov: 658 ft: 1059 corp: 84/228b lim: 4 exec/s: 0 rss: 1295Mb L: 3/4 MS: 8 CopyPart-Custom-ChangeBit-Custom-InsertByte-Custom-CrossOver-Custom-
#800	NEW    cov: 659 ft: 1060 corp: 85/229b lim: 4 exec/s: 0 rss: 1297Mb L: 1/4 MS: 4 ShuffleBytes-Custom-ChangeBit-Custom-
#807	REDUCE cov: 659 ft: 1060 corp: 85/228b lim: 4 exec/s: 0 rss: 1297Mb L: 3/4 MS: 4 ChangeByte-Custom-EraseBytes-Custom-
#813	REDUCE cov: 659 ft: 1060 corp: 85/227b lim: 4 exec/s: 0 rss: 1297Mb L: 3/4 MS: 2 EraseBytes-Custom-
#827	NEW    cov: 659 ft: 1064 corp: 86/231b lim: 4 exec/s: 0 rss: 1297Mb L: 4/4 MS: 8 InsertByte-Custom-CrossOver-Custom-ChangeBinInt-Custom-ShuffleBytes-Custom-
#836	NEW    cov: 659 ft: 1065 corp: 87/235b lim: 4 exec/s: 0 rss: 1297Mb L: 4/4 MS: 8 ChangeByte-Custom-CrossOver-Custom-ShuffleBytes-Custom-CopyPart-Custom-
#865	NEW    cov: 659 ft: 1166 corp: 88/239b lim: 4 exec/s: 0 rss: 1297Mb L: 4/4 MS: 8 CopyPart-Custom-ChangeBit-Custom-CopyPart-Custom-CopyPart-Custom-
#867	REDUCE cov: 659 ft: 1167 corp: 89/243b lim: 4 exec/s: 0 rss: 1297Mb L: 4/4 MS: 4 CopyPart-Custom-CopyPart-Custom-
#874	REDUCE cov: 659 ft: 1167 corp: 89/242b lim: 4 exec/s: 0 rss: 1297Mb L: 2/4 MS: 4 InsertByte-Custom-EraseBytes-Custom-
#906	NEW    cov: 659 ft: 1168 corp: 90/246b lim: 4 exec/s: 0 rss: 1297Mb L: 4/4 MS: 4 CopyPart-Custom-CopyPart-Custom-
#924	REDUCE cov: 659 ft: 1183 corp: 91/248b lim: 4 exec/s: 0 rss: 1297Mb L: 2/4 MS: 6 EraseBytes-Custom-ChangeBinInt-Custom-CopyPart-Custom-
#935	REDUCE cov: 659 ft: 1183 corp: 91/247b lim: 4 exec/s: 0 rss: 1297Mb L: 3/4 MS: 2 EraseBytes-Custom-
#943	NEW    cov: 660 ft: 1184 corp: 92/250b lim: 4 exec/s: 0 rss: 1297Mb L: 3/4 MS: 6 CrossOver-Custom-ShuffleBytes-Custom-ChangeBit-Custom-
#944	NEW    cov: 660 ft: 1192 corp: 93/254b lim: 4 exec/s: 0 rss: 1297Mb L: 4/4 MS: 2 CopyPart-Custom-
#1055	REDUCE cov: 660 ft: 1192 corp: 93/252b lim: 4 exec/s: 0 rss: 1297Mb L: 1/4 MS: 2 CrossOver-Custom-
#1060	REDUCE cov: 660 ft: 1193 corp: 94/256b lim: 4 exec/s: 0 rss: 1297Mb L: 4/4 MS: 10 ChangeBinInt-Custom-ChangeByte-Custom-CopyPart-Custom-ChangeBinInt-Custom-ChangeBit-Custom-
#1079	REDUCE cov: 660 ft: 1193 corp: 94/255b lim: 4 exec/s: 0 rss: 1297Mb L: 3/4 MS: 8 ChangeByte-Custom-PersAutoDict-Custom-ShuffleBytes-Custom-EraseBytes-Custom- DE: "\377\000"-
#1100	REDUCE cov: 660 ft: 1193 corp: 94/254b lim: 4 exec/s: 0 rss: 1297Mb L: 1/4 MS: 2 EraseBytes-Custom-
#1131	NEW    cov: 660 ft: 1203 corp: 95/257b lim: 4 exec/s: 0 rss: 1297Mb L: 3/4 MS: 2 EraseBytes-Custom-
#1136	NEW    cov: 660 ft: 1207 corp: 96/261b lim: 4 exec/s: 0 rss: 1297Mb L: 4/4 MS: 10 CopyPart-Custom-CrossOver-Custom-ChangeBit-Custom-CMP-Custom-CopyPart-Custom- DE: "\001 "-
#1157	REDUCE cov: 660 ft: 1207 corp: 96/260b lim: 4 exec/s: 0 rss: 1297Mb L: 1/4 MS: 2 EraseBytes-Custom-
#1178	REDUCE cov: 660 ft: 1209 corp: 97/264b lim: 4 exec/s: 0 rss: 1297Mb L: 4/4 MS: 2 CopyPart-Custom-
#1205	NEW    cov: 660 ft: 1211 corp: 98/268b lim: 4 exec/s: 0 rss: 1297Mb L: 4/4 MS: 4 ChangeBit-Custom-CopyPart-Custom-
#1228	NEW    cov: 660 ft: 1212 corp: 99/272b lim: 4 exec/s: 0 rss: 1297Mb L: 4/4 MS: 6 CMP-Custom-ShuffleBytes-Custom-CopyPart-Custom- DE: "\001 "-
#1309	REDUCE cov: 660 ft: 1212 corp: 99/271b lim: 4 exec/s: 0 rss: 1297Mb L: 3/4 MS: 2 EraseBytes-Custom-
#1323	NEW    cov: 660 ft: 1213 corp: 100/273b lim: 4 exec/s: 0 rss: 1297Mb L: 2/4 MS: 8 PersAutoDict-Custom-EraseBytes-Custom-EraseBytes-Custom-CopyPart-Custom- DE: "\000\000"-
#1332	REDUCE cov: 660 ft: 1213 corp: 100/271b lim: 4 exec/s: 0 rss: 1297Mb L: 2/4 MS: 8 ChangeBinInt-Custom-ChangeByte-Custom-EraseBytes-Custom-ChangeBit-Custom-
#1383	REDUCE cov: 660 ft: 1213 corp: 100/270b lim: 4 exec/s: 0 rss: 1297Mb L: 3/4 MS: 2 CrossOver-Custom-
#1389	REDUCE cov: 660 ft: 1213 corp: 100/269b lim: 4 exec/s: 0 rss: 1297Mb L: 1/4 MS: 2 EraseBytes-Custom-
#1396	NEW    cov: 660 ft: 1214 corp: 101/273b lim: 4 exec/s: 0 rss: 1297Mb L: 4/4 MS: 4 ShuffleBytes-Custom-CopyPart-Custom-
#1402	NEW    cov: 660 ft: 1215 corp: 102/277b lim: 4 exec/s: 0 rss: 1297Mb L: 4/4 MS: 2 CrossOver-Custom-
#1484	REDUCE cov: 660 ft: 1215 corp: 102/276b lim: 4 exec/s: 0 rss: 1297Mb L: 3/4 MS: 4 CrossOver-Custom-EraseBytes-Custom-
#1578	NEW    cov: 660 ft: 1251 corp: 103/279b lim: 4 exec/s: 0 rss: 1297Mb L: 3/4 MS: 8 ChangeByte-Custom-EraseBytes-Custom-CopyPart-Custom-ChangeBinInt-Custom-
#1640	REDUCE cov: 660 ft: 1251 corp: 103/277b lim: 4 exec/s: 0 rss: 1297Mb L: 2/4 MS: 4 ChangeByte-Custom-EraseBytes-Custom-
#1700	REDUCE cov: 660 ft: 1251 corp: 103/276b lim: 4 exec/s: 0 rss: 1297Mb L: 2/4 MS: 10 CopyPart-Custom-ShuffleBytes-Custom-ShuffleBytes-Custom-CrossOver-Custom-CopyPart-Custom-
#1721	REDUCE cov: 660 ft: 1251 corp: 103/275b lim: 4 exec/s: 0 rss: 1297Mb L: 3/4 MS: 2 EraseBytes-Custom-
#1725	NEW    cov: 660 ft: 1254 corp: 104/279b lim: 4 exec/s: 0 rss: 1297Mb L: 4/4 MS: 8 ChangeByte-Custom-ShuffleBytes-Custom-PersAutoDict-Custom-ChangeBit-Custom- DE: "\377\377\377\037"-
#1736	REDUCE cov: 660 ft: 1254 corp: 104/278b lim: 4 exec/s: 0 rss: 1297Mb L: 2/4 MS: 2 CrossOver-Custom-
#1868	NEW    cov: 661 ft: 1255 corp: 105/282b lim: 4 exec/s: 0 rss: 1297Mb L: 4/4 MS: 4 ChangeByte-Custom-CrossOver-Custom-
#1871	REDUCE cov: 661 ft: 1255 corp: 105/281b lim: 4 exec/s: 0 rss: 1297Mb L: 2/4 MS: 6 CrossOver-Custom-CopyPart-Custom-EraseBytes-Custom-
#1961	NEW    cov: 661 ft: 1263 corp: 106/285b lim: 4 exec/s: 0 rss: 1297Mb L: 4/4 MS: 10 ChangeByte-Custom-ChangeByte-Custom-ChangeByte-Custom-InsertByte-Custom-CopyPart-Custom-
#1968	NEW    cov: 661 ft: 1269 corp: 107/289b lim: 4 exec/s: 0 rss: 1297Mb L: 4/4 MS: 4 InsertByte-Custom-CopyPart-Custom-
#2005	NEW    cov: 661 ft: 1270 corp: 108/293b lim: 4 exec/s: 0 rss: 1297Mb L: 4/4 MS: 4 InsertByte-Custom-CopyPart-Custom-
#2015	REDUCE cov: 661 ft: 1270 corp: 108/292b lim: 4 exec/s: 0 rss: 1297Mb L: 3/4 MS: 10 ShuffleBytes-Custom-ChangeByte-Custom-EraseBytes-Custom-ChangeByte-Custom-CrossOver-Custom-
#2106	REDUCE cov: 661 ft: 1270 corp: 108/291b lim: 4 exec/s: 0 rss: 1297Mb L: 3/4 MS: 2 EraseBytes-Custom-
#2133	NEW    cov: 661 ft: 1272 corp: 109/295b lim: 4 exec/s: 0 rss: 1297Mb L: 4/4 MS: 4 ChangeByte-Custom-InsertByte-Custom-
#2142	NEW    cov: 661 ft: 1274 corp: 110/298b lim: 4 exec/s: 0 rss: 1297Mb L: 3/4 MS: 8 ChangeByte-Custom-EraseBytes-Custom-ChangeBinInt-Custom-ChangeBinInt-Custom-
#2214	REDUCE cov: 661 ft: 1274 corp: 110/297b lim: 4 exec/s: 0 rss: 1297Mb L: 2/4 MS: 4 ShuffleBytes-Custom-EraseBytes-Custom-
#2254	NEW    cov: 661 ft: 1276 corp: 111/301b lim: 4 exec/s: 0 rss: 1297Mb L: 4/4 MS: 10 ChangeBit-Custom-ChangeByte-Custom-PersAutoDict-Custom-ChangeByte-Custom-CopyPart-Custom- DE: "\377\000"-
#2255	REDUCE cov: 661 ft: 1276 corp: 111/300b lim: 4 exec/s: 0 rss: 1297Mb L: 1/4 MS: 2 EraseBytes-Custom-
#2265	NEW    cov: 667 ft: 1282 corp: 112/304b lim: 4 exec/s: 0 rss: 1297Mb L: 4/4 MS: 10 ChangeBit-Custom-CopyPart-Custom-ChangeBit-Custom-ChangeByte-Custom-PersAutoDict-Custom- DE: "\377\000"-
#2321	NEW    cov: 667 ft: 1290 corp: 113/308b lim: 4 exec/s: 0 rss: 1297Mb L: 4/4 MS: 2 ChangeByte-Custom-
#2337	REDUCE cov: 667 ft: 1290 corp: 113/307b lim: 4 exec/s: 0 rss: 1297Mb L: 3/4 MS: 2 EraseBytes-Custom-
#2383	NEW    cov: 667 ft: 1306 corp: 114/311b lim: 4 exec/s: 0 rss: 1297Mb L: 4/4 MS: 2 CopyPart-Custom-
#2386	NEW    cov: 668 ft: 1307 corp: 115/315b lim: 4 exec/s: 0 rss: 1297Mb L: 4/4 MS: 6 InsertByte-Custom-ShuffleBytes-Custom-InsertByte-Custom-
#2404	NEW    cov: 669 ft: 1308 corp: 116/318b lim: 4 exec/s: 0 rss: 1297Mb L: 3/4 MS: 6 ChangeBinInt-Custom-ChangeByte-Custom-CMP-Custom- DE: "\007\000"-
#2455	REDUCE cov: 669 ft: 1308 corp: 116/317b lim: 4 exec/s: 2455 rss: 1297Mb L: 1/4 MS: 2 EraseBytes-Custom-
#2477	NEW    cov: 669 ft: 1310 corp: 117/320b lim: 4 exec/s: 2477 rss: 1297Mb L: 3/4 MS: 4 CopyPart-Custom-InsertByte-Custom-
#2513	NEW    cov: 669 ft: 1319 corp: 118/324b lim: 4 exec/s: 2513 rss: 1297Mb L: 4/4 MS: 2 CopyPart-Custom-
#2605	NEW    cov: 669 ft: 1320 corp: 119/328b lim: 4 exec/s: 2605 rss: 1297Mb L: 4/4 MS: 4 ChangeByte-Custom-CopyPart-Custom-
#2617	REDUCE cov: 669 ft: 1320 corp: 119/327b lim: 4 exec/s: 2617 rss: 1297Mb L: 2/4 MS: 4 ChangeByte-Custom-EraseBytes-Custom-
#2743	REDUCE cov: 669 ft: 1320 corp: 119/326b lim: 4 exec/s: 2743 rss: 1297Mb L: 2/4 MS: 2 EraseBytes-Custom-
#2753	NEW    cov: 669 ft: 1336 corp: 120/329b lim: 4 exec/s: 2753 rss: 1297Mb L: 3/4 MS: 10 ShuffleBytes-Custom-CopyPart-Custom-ChangeBit-Custom-ChangeByte-Custom-CrossOver-Custom-
#2779	NEW    cov: 669 ft: 1345 corp: 121/333b lim: 4 exec/s: 2779 rss: 1297Mb L: 4/4 MS: 2 ChangeBit-Custom-
#2780	REDUCE cov: 669 ft: 1345 corp: 121/332b lim: 4 exec/s: 2780 rss: 1297Mb L: 3/4 MS: 2 EraseBytes-Custom-
#2815	REDUCE cov: 669 ft: 1347 corp: 122/335b lim: 4 exec/s: 2815 rss: 1297Mb L: 3/4 MS: 10 ShuffleBytes-Custom-ShuffleBytes-Custom-ShuffleBytes-Custom-CrossOver-Custom-CrossOver-Custom-
#2835	REDUCE cov: 669 ft: 1347 corp: 122/334b lim: 4 exec/s: 2835 rss: 1297Mb L: 3/4 MS: 10 CopyPart-Custom-CrossOver-Custom-CrossOver-Custom-EraseBytes-Custom-ShuffleBytes-Custom-
#2844	REDUCE cov: 669 ft: 1347 corp: 122/333b lim: 4 exec/s: 2844 rss: 1297Mb L: 2/4 MS: 8 InsertByte-Custom-ChangeBit-Custom-ChangeBit-Custom-EraseBytes-Custom-
#2905	REDUCE cov: 669 ft: 1347 corp: 122/332b lim: 4 exec/s: 2905 rss: 1297Mb L: 2/4 MS: 2 EraseBytes-Custom-
#2931	NEW    cov: 672 ft: 1350 corp: 123/336b lim: 4 exec/s: 2931 rss: 1297Mb L: 4/4 MS: 2 ChangeBit-Custom-
#3055	REDUCE cov: 672 ft: 1350 corp: 123/335b lim: 4 exec/s: 3055 rss: 1297Mb L: 1/4 MS: 8 CrossOver-Custom-ChangeBit-Custom-ChangeBinInt-Custom-EraseBytes-Custom-
#3113	REDUCE cov: 672 ft: 1350 corp: 123/334b lim: 4 exec/s: 3113 rss: 1298Mb L: 2/4 MS: 6 ChangeByte-Custom-ChangeByte-Custom-EraseBytes-Custom-
#3139	REDUCE cov: 672 ft: 1350 corp: 123/333b lim: 4 exec/s: 3139 rss: 1298Mb L: 2/4 MS: 2 EraseBytes-Custom-
#3150	REDUCE cov: 672 ft: 1350 corp: 123/332b lim: 4 exec/s: 3150 rss: 1298Mb L: 3/4 MS: 2 EraseBytes-Custom-
#3236	REDUCE cov: 672 ft: 1350 corp: 123/331b lim: 4 exec/s: 3236 rss: 1298Mb L: 2/4 MS: 2 EraseBytes-Custom-
#3246	NEW    cov: 672 ft: 1351 corp: 124/335b lim: 4 exec/s: 3246 rss: 1298Mb L: 4/4 MS: 10 CrossOver-Custom-ShuffleBytes-Custom-InsertByte-Custom-CopyPart-Custom-CopyPart-Custom-
#3257	REDUCE cov: 672 ft: 1351 corp: 124/334b lim: 4 exec/s: 3257 rss: 1298Mb L: 1/4 MS: 2 EraseBytes-Custom-
#3379	REDUCE cov: 672 ft: 1351 corp: 124/333b lim: 4 exec/s: 3379 rss: 1298Mb L: 2/4 MS: 4 CrossOver-Custom-EraseBytes-Custom-
#3570	REDUCE cov: 672 ft: 1352 corp: 125/336b lim: 4 exec/s: 3570 rss: 1298Mb L: 3/4 MS: 2 ChangeByte-Custom-
#3656	REDUCE cov: 672 ft: 1352 corp: 125/335b lim: 4 exec/s: 3656 rss: 1298Mb L: 1/4 MS: 2 EraseBytes-Custom-
#3863	NEW    cov: 672 ft: 1355 corp: 126/341b lim: 6 exec/s: 3863 rss: 1298Mb L: 6/6 MS: 4 ChangeByte-Custom-CopyPart-Custom-
#3877	NEW    cov: 673 ft: 1356 corp: 127/345b lim: 6 exec/s: 3877 rss: 1298Mb L: 4/6 MS: 8 ChangeByte-Custom-ChangeBinInt-Custom-InsertByte-Custom-ChangeBit-Custom-
#3898	NEW    cov: 673 ft: 1365 corp: 128/351b lim: 6 exec/s: 3898 rss: 1298Mb L: 6/6 MS: 2 CopyPart-Custom-
#3943	REDUCE cov: 673 ft: 1370 corp: 129/356b lim: 6 exec/s: 3943 rss: 1298Mb L: 5/6 MS: 10 ChangeBit-Custom-CrossOver-Custom-PersAutoDict-Custom-EraseBytes-Custom-InsertRepeatedBytes-Custom- DE: "\377\000"-
#3984	NEW    cov: 673 ft: 1376 corp: 130/361b lim: 6 exec/s: 3984 rss: 1298Mb L: 5/6 MS: 2 CrossOver-Custom-
#3995	NEW    cov: 679 ft: 1384 corp: 131/366b lim: 6 exec/s: 3995 rss: 1298Mb L: 5/6 MS: 2 CrossOver-Custom-
#4020	NEW    cov: 680 ft: 1387 corp: 132/372b lim: 6 exec/s: 4020 rss: 1298Mb L: 6/6 MS: 10 ChangeByte-Custom-InsertRepeatedBytes-Custom-CopyPart-Custom-ChangeByte-Custom-PersAutoDict-Custom- DE: "\000\000"-
#4036	NEW    cov: 693 ft: 1401 corp: 133/377b lim: 6 exec/s: 4036 rss: 1298Mb L: 5/6 MS: 2 InsertRepeatedBytes-Custom-
#4152	NEW    cov: 693 ft: 1405 corp: 134/382b lim: 6 exec/s: 4152 rss: 1298Mb L: 5/6 MS: 2 CrossOver-Custom-
#4251	NEW    cov: 693 ft: 1407 corp: 135/387b lim: 6 exec/s: 4251 rss: 1298Mb L: 5/6 MS: 8 InsertRepeatedBytes-Custom-EraseBytes-Custom-InsertByte-Custom-ChangeBinInt-Custom-
#4289	NEW    cov: 693 ft: 1417 corp: 136/393b lim: 6 exec/s: 4289 rss: 1298Mb L: 6/6 MS: 6 InsertRepeatedBytes-Custom-CopyPart-Custom-ChangeByte-Custom-
#4385	NEW    cov: 693 ft: 1419 corp: 137/399b lim: 6 exec/s: 4385 rss: 1298Mb L: 6/6 MS: 2 CrossOver-Custom-
#4388	NEW    cov: 693 ft: 1421 corp: 138/405b lim: 6 exec/s: 4388 rss: 1298Mb L: 6/6 MS: 6 CrossOver-Custom-ChangeByte-Custom-ShuffleBytes-Custom-
#4461	REDUCE cov: 693 ft: 1421 corp: 138/404b lim: 6 exec/s: 4461 rss: 1298Mb L: 3/6 MS: 6 ChangeByte-Custom-CrossOver-Custom-EraseBytes-Custom-
#4467	NEW    cov: 693 ft: 1423 corp: 139/410b lim: 6 exec/s: 4467 rss: 1298Mb L: 6/6 MS: 2 ChangeBinInt-Custom-
#4470	REDUCE cov: 693 ft: 1423 corp: 139/408b lim: 6 exec/s: 4470 rss: 1298Mb L: 2/6 MS: 6 EraseBytes-Custom-EraseBytes-Custom-CopyPart-Custom-
#4587	NEW    cov: 693 ft: 1424 corp: 140/414b lim: 6 exec/s: 4587 rss: 1298Mb L: 6/6 MS: 4 ChangeByte-Custom-CopyPart-Custom-
#4718	NEW    cov: 694 ft: 1425 corp: 141/419b lim: 6 exec/s: 4718 rss: 1298Mb L: 5/6 MS: 2 ShuffleBytes-Custom-
#4730	NEW    cov: 694 ft: 1426 corp: 142/425b lim: 6 exec/s: 4730 rss: 1298Mb L: 6/6 MS: 4 ChangeBit-Custom-InsertRepeatedBytes-Custom-
#4737	REDUCE cov: 694 ft: 1426 corp: 142/423b lim: 6 exec/s: 4737 rss: 1298Mb L: 1/6 MS: 4 CopyPart-Custom-CrossOver-Custom-
#4766	REDUCE cov: 694 ft: 1430 corp: 143/429b lim: 6 exec/s: 4766 rss: 1298Mb L: 6/6 MS: 8 CopyPart-Custom-PersAutoDict-Custom-InsertByte-Custom-ShuffleBytes-Custom- DE: "\000\000"-
#4878	REDUCE cov: 697 ft: 1433 corp: 144/435b lim: 6 exec/s: 4878 rss: 1298Mb L: 6/6 MS: 4 InsertRepeatedBytes-Custom-ChangeByte-Custom-
#4984	REDUCE cov: 697 ft: 1433 corp: 144/434b lim: 6 exec/s: 4984 rss: 1298Mb L: 1/6 MS: 2 EraseBytes-Custom-
#4990	NEW    cov: 697 ft: 1434 corp: 145/440b lim: 6 exec/s: 4990 rss: 1298Mb L: 6/6 MS: 2 InsertRepeatedBytes-Custom-
#5041	REDUCE cov: 697 ft: 1434 corp: 145/439b lim: 6 exec/s: 5041 rss: 1298Mb L: 5/6 MS: 2 EraseBytes-Custom-
#5052	REDUCE cov: 697 ft: 1434 corp: 145/438b lim: 6 exec/s: 5052 rss: 1298Mb L: 1/6 MS: 2 EraseBytes-Custom-
#5064	NEW    cov: 697 ft: 1435 corp: 146/444b lim: 6 exec/s: 5064 rss: 1298Mb L: 6/6 MS: 4 CrossOver-Custom-CopyPart-Custom-
#5124	NEW    cov: 697 ft: 1437 corp: 147/448b lim: 6 exec/s: 5124 rss: 1298Mb L: 4/6 MS: 10 CrossOver-Custom-EraseBytes-Custom-ChangeByte-Custom-ChangeBinInt-Custom-CopyPart-Custom-
#5214	REDUCE cov: 697 ft: 1437 corp: 147/447b lim: 6 exec/s: 5214 rss: 1298Mb L: 5/6 MS: 10 ShuffleBytes-Custom-ChangeByte-Custom-CopyPart-Custom-ChangeByte-Custom-EraseBytes-Custom-
#5320	REDUCE cov: 697 ft: 1437 corp: 147/446b lim: 6 exec/s: 5320 rss: 1298Mb L: 3/6 MS: 2 EraseBytes-Custom-
#5334	NEW    cov: 697 ft: 1439 corp: 148/452b lim: 6 exec/s: 5334 rss: 1298Mb L: 6/6 MS: 8 ShuffleBytes-Custom-CrossOver-Custom-InsertRepeatedBytes-Custom-CopyPart-Custom-
#5401	NEW    cov: 698 ft: 1440 corp: 149/458b lim: 6 exec/s: 5401 rss: 1298Mb L: 6/6 MS: 4 ShuffleBytes-Custom-CMP-Custom- DE: "\001\000\000\000"-
#5579	NEW    cov: 699 ft: 1441 corp: 150/464b lim: 6 exec/s: 5579 rss: 1298Mb L: 6/6 MS: 6 CrossOver-Custom-ShuffleBytes-Custom-PersAutoDict-Custom- DE: "\007\000"-
#5600	REDUCE cov: 699 ft: 1441 corp: 150/462b lim: 6 exec/s: 5600 rss: 1298Mb L: 2/6 MS: 2 EraseBytes-Custom-
#5699	NEW    cov: 699 ft: 1442 corp: 151/468b lim: 6 exec/s: 5699 rss: 1298Mb L: 6/6 MS: 8 ShuffleBytes-Custom-ChangeByte-Custom-EraseBytes-Custom-InsertRepeatedBytes-Custom-
#5707	REDUCE cov: 699 ft: 1443 corp: 152/473b lim: 6 exec/s: 5707 rss: 1298Mb L: 5/6 MS: 6 ShuffleBytes-Custom-ChangeBit-Custom-InsertRepeatedBytes-Custom-
#5754	REDUCE cov: 699 ft: 1446 corp: 153/479b lim: 6 exec/s: 5754 rss: 1298Mb L: 6/6 MS: 4 ChangeBit-Custom-CopyPart-Custom-
#5915	NEW    cov: 701 ft: 1448 corp: 154/485b lim: 6 exec/s: 5915 rss: 1298Mb L: 6/6 MS: 2 PersAutoDict-Custom- DE: "\001\000\000\000"-
#5999	REDUCE cov: 701 ft: 1449 corp: 155/490b lim: 6 exec/s: 5999 rss: 1298Mb L: 5/6 MS: 8 ShuffleBytes-Custom-ShuffleBytes-Custom-EraseBytes-Custom-InsertRepeatedBytes-Custom-
#6027	REDUCE cov: 701 ft: 1449 corp: 155/489b lim: 6 exec/s: 6027 rss: 1298Mb L: 2/6 MS: 6 ChangeBit-Custom-ChangeBinInt-Custom-EraseBytes-Custom-
#6108	REDUCE cov: 701 ft: 1451 corp: 156/494b lim: 6 exec/s: 6108 rss: 1298Mb L: 5/6 MS: 2 InsertRepeatedBytes-Custom-
#6109	REDUCE cov: 701 ft: 1451 corp: 156/493b lim: 6 exec/s: 6109 rss: 1298Mb L: 1/6 MS: 2 CrossOver-Custom-
#6333	REDUCE cov: 701 ft: 1460 corp: 157/500b lim: 8 exec/s: 6333 rss: 1298Mb L: 7/7 MS: 8 ChangeBit-Custom-ChangeByte-Custom-ShuffleBytes-Custom-InsertRepeatedBytes-Custom-
#6365	REDUCE cov: 701 ft: 1460 corp: 157/499b lim: 8 exec/s: 6365 rss: 1298Mb L: 5/7 MS: 4 EraseBytes-Custom-CopyPart-Custom-
#6376	REDUCE cov: 701 ft: 1464 corp: 158/507b lim: 8 exec/s: 6376 rss: 1298Mb L: 8/8 MS: 2 InsertRepeatedBytes-Custom-
#6387	NEW    cov: 701 ft: 1467 corp: 159/513b lim: 8 exec/s: 6387 rss: 1298Mb L: 6/8 MS: 2 CopyPart-Custom-
#6652	NEW    cov: 701 ft: 1486 corp: 160/521b lim: 8 exec/s: 6652 rss: 1298Mb L: 8/8 MS: 10 ChangeBinInt-Custom-CopyPart-Custom-CopyPart-Custom-ShuffleBytes-Custom-CMP-Custom- DE: "\377\377\377\377\377\377\377\377"-
#6658	NEW    cov: 701 ft: 1490 corp: 161/529b lim: 8 exec/s: 6658 rss: 1298Mb L: 8/8 MS: 2 CopyPart-Custom-
#6724	NEW    cov: 701 ft: 1492 corp: 162/537b lim: 8 exec/s: 6724 rss: 1298Mb L: 8/8 MS: 2 InsertRepeatedBytes-Custom-
#6849	NEW    cov: 701 ft: 1497 corp: 163/543b lim: 8 exec/s: 6849 rss: 1298Mb L: 6/8 MS: 10 ShuffleBytes-Custom-ChangeByte-Custom-ChangeByte-Custom-PersAutoDict-Custom-InsertRepeatedBytes-Custom- DE: "\000\000"-
#6850	NEW    cov: 701 ft: 1499 corp: 164/551b lim: 8 exec/s: 6850 rss: 1298Mb L: 8/8 MS: 2 InsertRepeatedBytes-Custom-
#6884	NEW    cov: 701 ft: 1500 corp: 165/559b lim: 8 exec/s: 6884 rss: 1298Mb L: 8/8 MS: 8 InsertByte-Custom-CrossOver-Custom-CrossOver-Custom-InsertRepeatedBytes-Custom-
#6964	NEW    cov: 701 ft: 1506 corp: 166/567b lim: 8 exec/s: 6964 rss: 1298Mb L: 8/8 MS: 10 InsertByte-Custom-CrossOver-Custom-ChangeByte-Custom-InsertByte-Custom-CrossOver-Custom-
#6970	NEW    cov: 701 ft: 1507 corp: 167/575b lim: 8 exec/s: 6970 rss: 1298Mb L: 8/8 MS: 2 ChangeBinInt-Custom-
#6998	REDUCE cov: 701 ft: 1507 corp: 167/574b lim: 8 exec/s: 6998 rss: 1298Mb L: 3/8 MS: 6 ShuffleBytes-Custom-CMP-Custom-EraseBytes-Custom- DE: ",,"-
#7053	NEW    cov: 702 ft: 1508 corp: 168/580b lim: 8 exec/s: 7053 rss: 1298Mb L: 6/8 MS: 10 CopyPart-Custom-ChangeByte-Custom-InsertRepeatedBytes-Custom-EraseBytes-Custom-PersAutoDict-Custom- DE: "\001\000\000\000"-
#7101	REDUCE cov: 702 ft: 1508 corp: 168/579b lim: 8 exec/s: 7101 rss: 1298Mb L: 2/8 MS: 6 InsertByte-Custom-ChangeBinInt-Custom-EraseBytes-Custom-
#7368	NEW    cov: 702 ft: 1510 corp: 169/587b lim: 8 exec/s: 7368 rss: 1298Mb L: 8/8 MS: 4 CrossOver-Custom-CopyPart-Custom-
#7526	NEW    cov: 702 ft: 1511 corp: 170/595b lim: 8 exec/s: 7526 rss: 1298Mb L: 8/8 MS: 6 ChangeBit-Custom-ChangeByte-Custom-CopyPart-Custom-
#7722	REDUCE cov: 702 ft: 1511 corp: 170/594b lim: 8 exec/s: 7722 rss: 1298Mb L: 3/8 MS: 2 EraseBytes-Custom-
#7726	NEW    cov: 702 ft: 1584 corp: 171/602b lim: 8 exec/s: 7726 rss: 1298Mb L: 8/8 MS: 8 InsertRepeatedBytes-Custom-CrossOver-Custom-ChangeByte-Custom-CopyPart-Custom-
#7983	REDUCE cov: 702 ft: 1584 corp: 171/600b lim: 8 exec/s: 7983 rss: 1298Mb L: 6/8 MS: 4 ShuffleBytes-Custom-EraseBytes-Custom-
#8064	NEW    cov: 702 ft: 1586 corp: 172/605b lim: 8 exec/s: 8064 rss: 1298Mb L: 5/8 MS: 2 CopyPart-Custom-
#8282	NEW    cov: 702 ft: 1587 corp: 173/613b lim: 8 exec/s: 8282 rss: 1298Mb L: 8/8 MS: 6 ChangeBinInt-Custom-ChangeBit-Custom-CopyPart-Custom-
#8300	REDUCE cov: 702 ft: 1587 corp: 173/612b lim: 8 exec/s: 8300 rss: 1298Mb L: 5/8 MS: 6 PersAutoDict-Custom-EraseBytes-Custom-EraseBytes-Custom- DE: "\000\000"-
#8348	NEW    cov: 702 ft: 1588 corp: 174/619b lim: 8 exec/s: 8348 rss: 1298Mb L: 7/8 MS: 6 InsertRepeatedBytes-Custom-ChangeBit-Custom-CopyPart-Custom-
#8413	REDUCE cov: 702 ft: 1589 corp: 175/624b lim: 8 exec/s: 8413 rss: 1298Mb L: 5/8 MS: 10 EraseBytes-Custom-ChangeByte-Custom-CopyPart-Custom-PersAutoDict-Custom-CopyPart-Custom- DE: ",,"-
#8425	NEW    cov: 702 ft: 1590 corp: 176/631b lim: 8 exec/s: 8425 rss: 1298Mb L: 7/8 MS: 4 ChangeByte-Custom-InsertRepeatedBytes-Custom-
#8451	NEW    cov: 702 ft: 1591 corp: 177/637b lim: 8 exec/s: 8451 rss: 1298Mb L: 6/8 MS: 2 InsertByte-Custom-
#8493	NEW    cov: 702 ft: 1593 corp: 178/644b lim: 8 exec/s: 8493 rss: 1298Mb L: 7/8 MS: 4 ChangeBit-Custom-CopyPart-Custom-
#8599	REDUCE cov: 702 ft: 1593 corp: 178/643b lim: 8 exec/s: 8599 rss: 1298Mb L: 3/8 MS: 2 EraseBytes-Custom-
#8606	REDUCE cov: 702 ft: 1635 corp: 179/651b lim: 8 exec/s: 8606 rss: 1298Mb L: 8/8 MS: 4 ChangeBit-Custom-InsertRepeatedBytes-Custom-
#8618	REDUCE cov: 702 ft: 1636 corp: 180/656b lim: 8 exec/s: 8618 rss: 1298Mb L: 5/8 MS: 4 CrossOver-Custom-ChangeBit-Custom-
#8669	REDUCE cov: 702 ft: 1636 corp: 180/654b lim: 8 exec/s: 8669 rss: 1298Mb L: 2/8 MS: 2 EraseBytes-Custom-
#8977	NEW    cov: 702 ft: 1638 corp: 181/663b lim: 11 exec/s: 8977 rss: 1298Mb L: 9/9 MS: 6 ChangeBit-Custom-ShuffleBytes-Custom-InsertRepeatedBytes-Custom-
#9001	NEW    cov: 702 ft: 1640 corp: 182/671b lim: 11 exec/s: 9001 rss: 1298Mb L: 8/9 MS: 8 CrossOver-Custom-CrossOver-Custom-CopyPart-Custom-ChangeBinInt-Custom-
#9018	REDUCE cov: 702 ft: 1640 corp: 182/670b lim: 11 exec/s: 9018 rss: 1298Mb L: 5/9 MS: 4 InsertRepeatedBytes-Custom-EraseBytes-Custom-
#9034	NEW    cov: 702 ft: 1683 corp: 183/681b lim: 11 exec/s: 9034 rss: 1298Mb L: 11/11 MS: 2 CopyPart-Custom-
#9051	REDUCE cov: 702 ft: 1684 corp: 184/691b lim: 11 exec/s: 9051 rss: 1298Mb L: 10/11 MS: 4 ChangeBinInt-Custom-CrossOver-Custom-
#9092	REDUCE cov: 702 ft: 1684 corp: 184/689b lim: 11 exec/s: 9092 rss: 1298Mb L: 9/10 MS: 2 EraseBytes-Custom-
#9108	REDUCE cov: 702 ft: 1684 corp: 184/688b lim: 11 exec/s: 9108 rss: 1298Mb L: 1/10 MS: 2 EraseBytes-Custom-
#9129	NEW    cov: 702 ft: 1690 corp: 185/696b lim: 11 exec/s: 9129 rss: 1298Mb L: 8/10 MS: 2 CopyPart-Custom-
#9166	REDUCE cov: 702 ft: 1691 corp: 186/706b lim: 11 exec/s: 9166 rss: 1298Mb L: 10/10 MS: 4 InsertByte-Custom-InsertRepeatedBytes-Custom-
#9168	NEW    cov: 702 ft: 1692 corp: 187/714b lim: 11 exec/s: 9168 rss: 1298Mb L: 8/10 MS: 4 ChangeByte-Custom-InsertRepeatedBytes-Custom-
#9533	NEW    cov: 702 ft: 1693 corp: 188/725b lim: 14 exec/s: 9533 rss: 1298Mb L: 11/11 MS: 10 CrossOver-Custom-ChangeByte-Custom-CrossOver-Custom-InsertByte-Custom-CrossOver-Custom-
#9621	NEW    cov: 702 ft: 1701 corp: 189/737b lim: 14 exec/s: 9621 rss: 1298Mb L: 12/12 MS: 6 EraseBytes-Custom-CopyPart-Custom-InsertRepeatedBytes-Custom-
#9747	NEW    cov: 702 ft: 1703 corp: 190/746b lim: 14 exec/s: 9747 rss: 1298Mb L: 9/12 MS: 2 CopyPart-Custom-
#9858	REDUCE cov: 702 ft: 1703 corp: 190/745b lim: 14 exec/s: 9858 rss: 1298Mb L: 4/12 MS: 2 EraseBytes-Custom-
#9864	NEW    cov: 702 ft: 1706 corp: 191/756b lim: 14 exec/s: 9864 rss: 1298Mb L: 11/12 MS: 2 InsertRepeatedBytes-Custom-
#9876	NEW    cov: 702 ft: 1711 corp: 192/769b lim: 14 exec/s: 9876 rss: 1298Mb L: 13/13 MS: 4 ChangeASCIIInt-Custom-InsertRepeatedBytes-Custom-
#9962	NEW    cov: 702 ft: 1713 corp: 193/782b lim: 14 exec/s: 9962 rss: 1298Mb L: 13/13 MS: 2 InsertRepeatedBytes-Custom-
#9967	NEW    cov: 702 ft: 1715 corp: 194/791b lim: 14 exec/s: 9967 rss: 1298Mb L: 9/13 MS: 10 CrossOver-Custom-ChangeByte-Custom-ChangeBinInt-Custom-CopyPart-Custom-CrossOver-Custom-
#9968	REDUCE cov: 702 ft: 1715 corp: 194/790b lim: 14 exec/s: 9968 rss: 1298Mb L: 1/13 MS: 2 EraseBytes-Custom-
#10070	REDUCE cov: 702 ft: 1715 corp: 194/789b lim: 14 exec/s: 10070 rss: 1298Mb L: 3/13 MS: 4 CrossOver-Custom-EraseBytes-Custom-
#10126	REDUCE cov: 702 ft: 1715 corp: 194/788b lim: 14 exec/s: 10126 rss: 1298Mb L: 1/13 MS: 2 EraseBytes-Custom-
#10149	NEW    cov: 702 ft: 1716 corp: 195/802b lim: 14 exec/s: 10149 rss: 1298Mb L: 14/14 MS: 6 InsertByte-Custom-EraseBytes-Custom-InsertRepeatedBytes-Custom-
#10150	NEW    cov: 702 ft: 1717 corp: 196/811b lim: 14 exec/s: 10150 rss: 1298Mb L: 9/14 MS: 2 InsertRepeatedBytes-Custom-
#10186	REDUCE cov: 702 ft: 1718 corp: 197/822b lim: 14 exec/s: 10186 rss: 1298Mb L: 11/14 MS: 2 InsertRepeatedBytes-Custom-
#10222	NEW    cov: 702 ft: 1720 corp: 198/835b lim: 14 exec/s: 10222 rss: 1298Mb L: 13/14 MS: 2 InsertRepeatedBytes-Custom-
#10264	REDUCE cov: 702 ft: 1721 corp: 199/844b lim: 14 exec/s: 10264 rss: 1298Mb L: 9/14 MS: 4 ChangeByte-Custom-InsertRepeatedBytes-Custom-
#10274	NEW    cov: 702 ft: 1723 corp: 200/856b lim: 14 exec/s: 10274 rss: 1298Mb L: 12/14 MS: 10 ChangeBit-Custom-ShuffleBytes-Custom-ChangeBit-Custom-InsertRepeatedBytes-Custom-CopyPart-Custom-
#10449	NEW    cov: 702 ft: 1770 corp: 201/868b lim: 14 exec/s: 10449 rss: 1298Mb L: 12/14 MS: 10 ChangeBit-Custom-ChangeBit-Custom-ChangeBit-Custom-CopyPart-Custom-InsertRepeatedBytes-Custom-
#10655	REDUCE cov: 702 ft: 1777 corp: 202/882b lim: 14 exec/s: 10655 rss: 1298Mb L: 14/14 MS: 2 InsertRepeatedBytes-Custom-
#10726	NEW    cov: 702 ft: 1780 corp: 203/896b lim: 14 exec/s: 10726 rss: 1298Mb L: 14/14 MS: 2 ChangeBinInt-Custom-
#10737	REDUCE cov: 702 ft: 1780 corp: 203/895b lim: 14 exec/s: 10737 rss: 1298Mb L: 8/14 MS: 2 EraseBytes-Custom-
#10993	NEW    cov: 702 ft: 1782 corp: 204/903b lim: 14 exec/s: 10993 rss: 1298Mb L: 8/14 MS: 2 CopyPart-Custom-
#10994	NEW    cov: 702 ft: 1783 corp: 205/912b lim: 14 exec/s: 10994 rss: 1298Mb L: 9/14 MS: 2 ShuffleBytes-Custom-
#11009	NEW    cov: 702 ft: 1788 corp: 206/926b lim: 14 exec/s: 11009 rss: 1298Mb L: 14/14 MS: 10 ChangeByte-Custom-InsertByte-Custom-ShuffleBytes-Custom-InsertRepeatedBytes-Custom-CopyPart-Custom-
#11015	REDUCE cov: 702 ft: 1788 corp: 206/925b lim: 14 exec/s: 11015 rss: 1298Mb L: 2/14 MS: 2 EraseBytes-Custom-
#11045	REDUCE cov: 702 ft: 1789 corp: 207/937b lim: 14 exec/s: 11045 rss: 1298Mb L: 12/14 MS: 10 ChangeBinInt-Custom-CrossOver-Custom-CopyPart-Custom-InsertByte-Custom-InsertRepeatedBytes-Custom-
#11051	NEW    cov: 702 ft: 1794 corp: 208/949b lim: 14 exec/s: 11051 rss: 1298Mb L: 12/14 MS: 2 CopyPart-Custom-
#11112	REDUCE cov: 702 ft: 1794 corp: 208/948b lim: 14 exec/s: 11112 rss: 1298Mb L: 1/14 MS: 2 EraseBytes-Custom-
#11186	REDUCE cov: 702 ft: 1794 corp: 208/947b lim: 14 exec/s: 11186 rss: 1298Mb L: 1/14 MS: 8 ChangeBit-Custom-ShuffleBytes-Custom-ChangeBit-Custom-EraseBytes-Custom-
#11233	NEW    cov: 702 ft: 1795 corp: 209/958b lim: 14 exec/s: 11233 rss: 1298Mb L: 11/14 MS: 4 ChangeByte-Custom-InsertRepeatedBytes-Custom-
#11261	REDUCE cov: 702 ft: 1795 corp: 209/957b lim: 14 exec/s: 11261 rss: 1298Mb L: 3/14 MS: 6 InsertRepeatedBytes-Custom-CrossOver-Custom-CrossOver-Custom-
#11424	REDUCE cov: 702 ft: 1795 corp: 209/956b lim: 14 exec/s: 11424 rss: 1298Mb L: 12/14 MS: 6 CrossOver-Custom-CopyPart-Custom-EraseBytes-Custom-
#11460	NEW    cov: 702 ft: 1796 corp: 210/968b lim: 14 exec/s: 11460 rss: 1298Mb L: 12/14 MS: 2 PersAutoDict-Custom- DE: "\377\377\377\037"-
#11536	REDUCE cov: 702 ft: 1834 corp: 211/977b lim: 14 exec/s: 11536 rss: 1298Mb L: 9/14 MS: 2 InsertRepeatedBytes-Custom-
#11578	REDUCE cov: 702 ft: 1836 corp: 212/986b lim: 14 exec/s: 11578 rss: 1298Mb L: 9/14 MS: 4 CrossOver-Custom-EraseBytes-Custom-
#11634	NEW    cov: 702 ft: 1843 corp: 213/998b lim: 14 exec/s: 11634 rss: 1298Mb L: 12/14 MS: 2 CopyPart-Custom-
#11786	NEW    cov: 702 ft: 1844 corp: 214/1009b lim: 14 exec/s: 11786 rss: 1298Mb L: 11/14 MS: 4 CopyPart-Custom-ShuffleBytes-Custom-
#11860	REDUCE cov: 702 ft: 1847 corp: 215/1020b lim: 14 exec/s: 11860 rss: 1298Mb L: 11/14 MS: 8 ChangeByte-Custom-EraseBytes-Custom-PersAutoDict-Custom-InsertRepeatedBytes-Custom- DE: "\001 "-
#12001	REDUCE cov: 702 ft: 1847 corp: 215/1017b lim: 14 exec/s: 12001 rss: 1298Mb L: 5/14 MS: 2 EraseBytes-Custom-
#12237	REDUCE cov: 702 ft: 1847 corp: 215/1016b lim: 14 exec/s: 12237 rss: 1298Mb L: 2/14 MS: 2 EraseBytes-Custom-
#12242	NEW    cov: 702 ft: 1850 corp: 216/1030b lim: 14 exec/s: 12242 rss: 1298Mb L: 14/14 MS: 10 ChangeBit-Custom-ShuffleBytes-Custom-ChangeBit-Custom-PersAutoDict-Custom-InsertByte-Custom- DE: "\001 "-
#12333	NEW    cov: 702 ft: 1851 corp: 217/1044b lim: 14 exec/s: 6166 rss: 1298Mb L: 14/14 MS: 2 CopyPart-Custom-
#12351	REDUCE cov: 702 ft: 1851 corp: 217/1043b lim: 14 exec/s: 6175 rss: 1298Mb L: 3/14 MS: 6 InsertByte-Custom-ShuffleBytes-Custom-EraseBytes-Custom-
#12369	NEW    cov: 702 ft: 1852 corp: 218/1052b lim: 14 exec/s: 6184 rss: 1298Mb L: 9/14 MS: 6 ChangeBit-Custom-ShuffleBytes-Custom-CopyPart-Custom-
#12600	REDUCE cov: 702 ft: 1852 corp: 218/1051b lim: 14 exec/s: 6300 rss: 1298Mb L: 1/14 MS: 2 EraseBytes-Custom-
#12609	REDUCE cov: 702 ft: 1852 corp: 218/1050b lim: 14 exec/s: 6304 rss: 1298Mb L: 7/14 MS: 8 InsertRepeatedBytes-Custom-ChangeBit-Custom-CrossOver-Custom-EraseBytes-Custom-
#12801	REDUCE cov: 702 ft: 1852 corp: 218/1046b lim: 14 exec/s: 6400 rss: 1298Mb L: 8/14 MS: 4 CopyPart-Custom-EraseBytes-Custom-
#12957	REDUCE cov: 702 ft: 1852 corp: 218/1042b lim: 14 exec/s: 6478 rss: 1298Mb L: 8/14 MS: 2 EraseBytes-Custom-
#13073	NEW    cov: 702 ft: 1853 corp: 219/1050b lim: 14 exec/s: 6536 rss: 1298Mb L: 8/14 MS: 2 InsertRepeatedBytes-Custom-
#13391	NEW    cov: 702 ft: 1855 corp: 220/1066b lim: 17 exec/s: 6695 rss: 1298Mb L: 16/16 MS: 6 ShuffleBytes-Custom-CrossOver-Custom-InsertRepeatedBytes-Custom-
#13848	REDUCE cov: 702 ft: 1855 corp: 220/1065b lim: 21 exec/s: 6924 rss: 1298Mb L: 1/16 MS: 4 ChangeBinInt-Custom-EraseBytes-Custom-
#13858	NEW    cov: 702 ft: 1856 corp: 221/1079b lim: 21 exec/s: 6929 rss: 1298Mb L: 14/16 MS: 10 CMP-Custom-ShuffleBytes-Custom-CopyPart-Custom-InsertRepeatedBytes-Custom-CopyPart-Custom- DE: "\001\000\000\000"-
#13910	REDUCE cov: 702 ft: 1856 corp: 221/1076b lim: 21 exec/s: 6955 rss: 1298Mb L: 4/16 MS: 4 ShuffleBytes-Custom-EraseBytes-Custom-
#14173	REDUCE cov: 702 ft: 1857 corp: 222/1088b lim: 21 exec/s: 7086 rss: 1298Mb L: 12/16 MS: 6 InsertByte-Custom-EraseBytes-Custom-InsertRepeatedBytes-Custom-
#14213	REDUCE cov: 702 ft: 1858 corp: 223/1104b lim: 21 exec/s: 7106 rss: 1298Mb L: 16/16 MS: 10 InsertRepeatedBytes-Custom-CopyPart-Custom-CopyPart-Custom-CopyPart-Custom-CopyPart-Custom-
#14222	NEW    cov: 702 ft: 1859 corp: 224/1116b lim: 21 exec/s: 7111 rss: 1298Mb L: 12/16 MS: 8 CopyPart-Custom-CrossOver-Custom-ChangeByte-Custom-EraseBytes-Custom-
#14301	NEW    cov: 702 ft: 1860 corp: 225/1128b lim: 21 exec/s: 7150 rss: 1298Mb L: 12/16 MS: 8 ChangeBinInt-Custom-ChangeBit-Custom-ChangeByte-Custom-InsertRepeatedBytes-Custom-
#14324	NEW    cov: 702 ft: 1861 corp: 226/1145b lim: 21 exec/s: 7162 rss: 1298Mb L: 17/17 MS: 6 CrossOver-Custom-ShuffleBytes-Custom-CrossOver-Custom-
#14346	REDUCE cov: 702 ft: 1861 corp: 226/1144b lim: 21 exec/s: 7173 rss: 1298Mb L: 5/17 MS: 4 EraseBytes-Custom-CMP-Custom- DE: "\007\000"-
#14452	REDUCE cov: 702 ft: 1861 corp: 226/1143b lim: 21 exec/s: 7226 rss: 1298Mb L: 13/17 MS: 2 EraseBytes-Custom-
#14463	NEW    cov: 702 ft: 1869 corp: 227/1159b lim: 21 exec/s: 7231 rss: 1298Mb L: 16/17 MS: 2 CopyPart-Custom-
#14649	REDUCE cov: 702 ft: 1869 corp: 227/1158b lim: 21 exec/s: 7324 rss: 1298Mb L: 5/17 MS: 2 EraseBytes-Custom-
#14812	REDUCE cov: 702 ft: 1869 corp: 227/1157b lim: 21 exec/s: 7406 rss: 1298Mb L: 3/17 MS: 6 ChangeByte-Custom-CMP-Custom-EraseBytes-Custom- DE: "\377\007"-
#14813	REDUCE cov: 702 ft: 1870 corp: 228/1176b lim: 21 exec/s: 7406 rss: 1298Mb L: 19/19 MS: 2 InsertRepeatedBytes-Custom-
#14932	NEW    cov: 702 ft: 1871 corp: 229/1196b lim: 21 exec/s: 7466 rss: 1298Mb L: 20/20 MS: 8 ChangeBit-Custom-InsertRepeatedBytes-Custom-CMP-Custom-CopyPart-Custom- DE: "\003\000\000\000"-
#15169	REDUCE cov: 702 ft: 1872 corp: 230/1217b lim: 21 exec/s: 7584 rss: 1298Mb L: 21/21 MS: 4 ChangeByte-Custom-InsertRepeatedBytes-Custom-
#15554	NEW    cov: 702 ft: 1874 corp: 231/1231b lim: 21 exec/s: 7777 rss: 1298Mb L: 14/21 MS: 10 CopyPart-Custom-ChangeBit-Custom-EraseBytes-Custom-CrossOver-Custom-InsertRepeatedBytes-Custom-
INFO: Instrumented com.fasterxml.jackson.core.json.DupDetector (took 11 ms, size +38%)
#15644	REDUCE cov: 702 ft: 1874 corp: 231/1229b lim: 21 exec/s: 7822 rss: 1298Mb L: 10/21 MS: 10 EraseBytes-Custom-InsertRepeatedBytes-Custom-InsertRepeatedBytes-Custom-ChangeBinInt-Custom-CrossOver-Custom-
#15739	NEW    cov: 702 ft: 1876 corp: 232/1250b lim: 21 exec/s: 7869 rss: 1298Mb L: 21/21 MS: 10 ChangeByte-Custom-EraseBytes-Custom-InsertRepeatedBytes-Custom-EraseBytes-Custom-InsertRepeatedBytes-Custom-
#15780	REDUCE cov: 702 ft: 1876 corp: 232/1249b lim: 21 exec/s: 7890 rss: 1298Mb L: 3/21 MS: 2 EraseBytes-Custom-
#15842	REDUCE cov: 702 ft: 1876 corp: 232/1247b lim: 21 exec/s: 7921 rss: 1298Mb L: 4/21 MS: 4 CopyPart-Custom-EraseBytes-Custom-
#15940	REDUCE cov: 702 ft: 1876 corp: 232/1246b lim: 21 exec/s: 7970 rss: 1298Mb L: 20/21 MS: 6 ChangeBit-Custom-PersAutoDict-Custom-EraseBytes-Custom- DE: "\000\000"-
#16384	pulse  cov: 702 ft: 1876 corp: 232/1246b lim: 25 exec/s: 8192 rss: 1298Mb
#16491	REDUCE cov: 702 ft: 1876 corp: 232/1245b lim: 25 exec/s: 8245 rss: 1298Mb L: 2/21 MS: 2 EraseBytes-Custom-
#16549	REDUCE cov: 702 ft: 1876 corp: 232/1244b lim: 25 exec/s: 8274 rss: 1298Mb L: 13/21 MS: 6 ShuffleBytes-Custom-ChangeByte-Custom-EraseBytes-Custom-
#16913	REDUCE cov: 702 ft: 1876 corp: 232/1243b lim: 25 exec/s: 8456 rss: 1298Mb L: 9/21 MS: 8 CrossOver-Custom-CrossOver-Custom-CopyPart-Custom-EraseBytes-Custom-
#16943	REDUCE cov: 702 ft: 1876 corp: 232/1242b lim: 25 exec/s: 8471 rss: 1298Mb L: 12/21 MS: 10 ShuffleBytes-Custom-ChangeBit-Custom-CopyPart-Custom-ChangeByte-Custom-EraseBytes-Custom-
#16998	REDUCE cov: 702 ft: 1876 corp: 232/1238b lim: 25 exec/s: 8499 rss: 1298Mb L: 8/21 MS: 10 PersAutoDict-Custom-ShuffleBytes-Custom-ChangeBit-Custom-InsertByte-Custom-EraseBytes-Custom- DE: "\377\007"-
#17048	NEW    cov: 702 ft: 1882 corp: 233/1249b lim: 25 exec/s: 8524 rss: 1298Mb L: 11/21 MS: 10 ChangeByte-Custom-CopyPart-Custom-CrossOver-Custom-ChangeByte-Custom-InsertRepeatedBytes-Custom-
#17059	REDUCE cov: 702 ft: 1882 corp: 233/1247b lim: 25 exec/s: 8529 rss: 1298Mb L: 12/21 MS: 2 EraseBytes-Custom-
#17103	REDUCE cov: 702 ft: 1882 corp: 233/1245b lim: 25 exec/s: 8551 rss: 1298Mb L: 7/21 MS: 8 PersAutoDict-Custom-EraseBytes-Custom-CMP-Custom-ChangeByte-Custom- DE: ",,"-"\010\000"-
#17426	REDUCE cov: 702 ft: 1882 corp: 233/1243b lim: 25 exec/s: 8713 rss: 1298Mb L: 6/21 MS: 6 ChangeByte-Custom-ChangeByte-Custom-EraseBytes-Custom-
#17857	REDUCE cov: 702 ft: 1882 corp: 233/1242b lim: 29 exec/s: 8928 rss: 1298Mb L: 4/21 MS: 2 EraseBytes-Custom-
#17946	NEW    cov: 702 ft: 1883 corp: 234/1263b lim: 29 exec/s: 8973 rss: 1298Mb L: 21/21 MS: 8 ShuffleBytes-Custom-ChangeByte-Custom-ShuffleBytes-Custom-InsertRepeatedBytes-Custom-
#18287	REDUCE cov: 702 ft: 1883 corp: 234/1262b lim: 29 exec/s: 9143 rss: 1298Mb L: 10/21 MS: 2 EraseBytes-Custom-
#18343	REDUCE cov: 702 ft: 1883 corp: 234/1261b lim: 29 exec/s: 9171 rss: 1298Mb L: 3/21 MS: 2 EraseBytes-Custom-
#18349	REDUCE cov: 702 ft: 1883 corp: 234/1260b lim: 29 exec/s: 9174 rss: 1298Mb L: 4/21 MS: 2 EraseBytes-Custom-
#19270	NEW    cov: 702 ft: 1885 corp: 235/1295b lim: 38 exec/s: 9635 rss: 1298Mb L: 35/35 MS: 2 InsertRepeatedBytes-Custom-
#19448	NEW    cov: 702 ft: 1917 corp: 236/1331b lim: 38 exec/s: 9724 rss: 1298Mb L: 36/36 MS: 6 InsertRepeatedBytes-Custom-ShuffleBytes-Custom-CMP-Custom- DE: "\001\000\000\000\000\000\000\000"-
#19595	REDUCE cov: 702 ft: 1917 corp: 236/1329b lim: 38 exec/s: 9797 rss: 1298Mb L: 7/36 MS: 4 EraseBytes-Custom-ShuffleBytes-Custom-
#19821	NEW    cov: 702 ft: 1918 corp: 237/1345b lim: 38 exec/s: 9910 rss: 1298Mb L: 16/36 MS: 2 PersAutoDict-Custom- DE: "\377\377\377\037"-
#20018	REDUCE cov: 702 ft: 1918 corp: 237/1344b lim: 38 exec/s: 10009 rss: 1298Mb L: 11/36 MS: 4 ChangeBit-Custom-EraseBytes-Custom-
#20079	REDUCE cov: 702 ft: 1925 corp: 238/1376b lim: 38 exec/s: 10039 rss: 1298Mb L: 32/36 MS: 2 InsertRepeatedBytes-Custom-
#20138	NEW    cov: 702 ft: 1931 corp: 239/1412b lim: 38 exec/s: 10069 rss: 1298Mb L: 36/36 MS: 8 InsertByte-Custom-InsertRepeatedBytes-Custom-ChangeBit-Custom-InsertRepeatedBytes-Custom-
#20207	REDUCE cov: 702 ft: 1931 corp: 239/1410b lim: 38 exec/s: 10103 rss: 1298Mb L: 11/36 MS: 8 EraseBytes-Custom-ShuffleBytes-Custom-CrossOver-Custom-ChangeASCIIInt-Custom-
#20469	REDUCE cov: 702 ft: 1931 corp: 239/1405b lim: 38 exec/s: 10234 rss: 1298Mb L: 7/36 MS: 4 ChangeByte-Custom-EraseBytes-Custom-
#20542	REDUCE cov: 702 ft: 1931 corp: 239/1404b lim: 38 exec/s: 10271 rss: 1298Mb L: 2/36 MS: 6 CopyPart-Custom-ShuffleBytes-Custom-EraseBytes-Custom-
#20871	REDUCE cov: 702 ft: 1933 corp: 240/1428b lim: 38 exec/s: 10435 rss: 1298Mb L: 24/36 MS: 8 CMP-Custom-InsertRepeatedBytes-Custom-ChangeBinInt-Custom-EraseBytes-Custom- DE: "\001\000\000\000\000\000\000\000"-
#20919	REDUCE cov: 702 ft: 1933 corp: 240/1426b lim: 38 exec/s: 10459 rss: 1298Mb L: 4/36 MS: 6 ShuffleBytes-Custom-EraseBytes-Custom-EraseBytes-Custom-
#20977	REDUCE cov: 702 ft: 1933 corp: 240/1425b lim: 38 exec/s: 10488 rss: 1298Mb L: 6/36 MS: 6 InsertByte-Custom-EraseBytes-Custom-EraseBytes-Custom-
#20982	NEW    cov: 702 ft: 1934 corp: 241/1435b lim: 38 exec/s: 10491 rss: 1298Mb L: 10/36 MS: 10 CopyPart-Custom-ChangeBit-Custom-CopyPart-Custom-ShuffleBytes-Custom-CopyPart-Custom-
#21164	REDUCE cov: 702 ft: 1934 corp: 241/1426b lim: 38 exec/s: 10582 rss: 1298Mb L: 26/36 MS: 4 CopyPart-Custom-EraseBytes-Custom-
#21367	NEW    cov: 702 ft: 1936 corp: 242/1463b lim: 38 exec/s: 10683 rss: 1298Mb L: 37/37 MS: 6 ChangeBinInt-Custom-ChangeBit-Custom-InsertByte-Custom-
#21481	NEW    cov: 702 ft: 1938 corp: 243/1488b lim: 38 exec/s: 10740 rss: 1298Mb L: 25/37 MS: 8 PersAutoDict-Custom-InsertByte-Custom-PersAutoDict-Custom-InsertRepeatedBytes-Custom- DE: "\377\007"-"\377\377\377\037"-
#21516	NEW    cov: 702 ft: 1943 corp: 244/1516b lim: 38 exec/s: 10758 rss: 1298Mb L: 28/37 MS: 10 CrossOver-Custom-ChangeBit-Custom-ChangeByte-Custom-EraseBytes-Custom-InsertRepeatedBytes-Custom-
#21637	REDUCE cov: 702 ft: 1943 corp: 244/1515b lim: 38 exec/s: 10818 rss: 1298Mb L: 3/37 MS: 2 EraseBytes-Custom-
#21742	REDUCE cov: 702 ft: 1945 corp: 245/1544b lim: 38 exec/s: 10871 rss: 1298Mb L: 29/37 MS: 10 ShuffleBytes-Custom-InsertByte-Custom-CopyPart-Custom-ChangeASCIIInt-Custom-InsertRepeatedBytes-Custom-
#21886	REDUCE cov: 702 ft: 1963 corp: 246/1578b lim: 38 exec/s: 10943 rss: 1298Mb L: 34/37 MS: 8 InsertRepeatedBytes-Custom-ShuffleBytes-Custom-InsertByte-Custom-InsertRepeatedBytes-Custom-
#22187	NEW    cov: 702 ft: 1964 corp: 247/1597b lim: 38 exec/s: 11093 rss: 1298Mb L: 19/37 MS: 2 InsertRepeatedBytes-Custom-
#22285	REDUCE cov: 702 ft: 1964 corp: 247/1594b lim: 38 exec/s: 11142 rss: 1298Mb L: 9/37 MS: 6 CrossOver-Custom-ChangeBit-Custom-EraseBytes-Custom-
#22453	NEW    cov: 702 ft: 1965 corp: 248/1626b lim: 38 exec/s: 11226 rss: 1298Mb L: 32/37 MS: 6 ShuffleBytes-Custom-CMP-Custom-CopyPart-Custom- DE: "\377\004"-
#22480	REDUCE cov: 702 ft: 1983 corp: 249/1651b lim: 38 exec/s: 11240 rss: 1298Mb L: 25/37 MS: 4 EraseBytes-Custom-CrossOver-Custom-
#22572	NEW    cov: 702 ft: 1986 corp: 250/1687b lim: 38 exec/s: 11286 rss: 1298Mb L: 36/37 MS: 4 ChangeByte-Custom-PersAutoDict-Custom- DE: "\001\000\000\000"-
#22624	REDUCE cov: 702 ft: 1986 corp: 250/1686b lim: 38 exec/s: 11312 rss: 1298Mb L: 3/37 MS: 4 ChangeBit-Custom-EraseBytes-Custom-
#22718	NEW    cov: 702 ft: 1988 corp: 251/1714b lim: 38 exec/s: 11359 rss: 1298Mb L: 28/37 MS: 8 ChangeBinInt-Custom-CopyPart-Custom-CMP-Custom-ShuffleBytes-Custom- DE: "\005\000"-
#22769	REDUCE cov: 702 ft: 1988 corp: 251/1710b lim: 38 exec/s: 11384 rss: 1298Mb L: 15/37 MS: 2 EraseBytes-Custom-
#22786	REDUCE cov: 702 ft: 1989 corp: 252/1746b lim: 38 exec/s: 11393 rss: 1298Mb L: 36/37 MS: 4 ChangeBit-Custom-InsertRepeatedBytes-Custom-
#22860	REDUCE cov: 702 ft: 1989 corp: 252/1742b lim: 38 exec/s: 11430 rss: 1298Mb L: 21/37 MS: 8 InsertRepeatedBytes-Custom-ChangeByte-Custom-ChangeBit-Custom-EraseBytes-Custom-
#23041	REDUCE cov: 702 ft: 1989 corp: 252/1739b lim: 38 exec/s: 11520 rss: 1298Mb L: 22/37 MS: 2 EraseBytes-Custom-
#23091	NEW    cov: 702 ft: 2038 corp: 253/1772b lim: 38 exec/s: 11545 rss: 1298Mb L: 33/37 MS: 10 InsertByte-Custom-ChangeByte-Custom-ChangeByte-Custom-EraseBytes-Custom-InsertRepeatedBytes-Custom-
#23118	REDUCE cov: 702 ft: 2038 corp: 253/1765b lim: 38 exec/s: 11559 rss: 1298Mb L: 8/37 MS: 4 CopyPart-Custom-EraseBytes-Custom-
#23293	NEW    cov: 702 ft: 2055 corp: 254/1799b lim: 38 exec/s: 11646 rss: 1298Mb L: 34/37 MS: 10 ChangeBit-Custom-ShuffleBytes-Custom-CrossOver-Custom-ChangeBit-Custom-InsertRepeatedBytes-Custom-
#23352	REDUCE cov: 702 ft: 2055 corp: 254/1795b lim: 38 exec/s: 11676 rss: 1298Mb L: 25/37 MS: 8 ChangeBit-Custom-ShuffleBytes-Custom-InsertByte-Custom-EraseBytes-Custom-
#23509	NEW    cov: 702 ft: 2066 corp: 255/1832b lim: 38 exec/s: 11754 rss: 1298Mb L: 37/37 MS: 4 PersAutoDict-Custom-InsertRepeatedBytes-Custom- DE: "\001 "-
#24235	REDUCE cov: 702 ft: 2066 corp: 255/1826b lim: 43 exec/s: 12117 rss: 1325Mb L: 19/37 MS: 2 EraseBytes-Custom-
#24317	NEW    cov: 702 ft: 2067 corp: 256/1867b lim: 43 exec/s: 12158 rss: 1328Mb L: 41/41 MS: 4 ChangeBit-Custom-InsertRepeatedBytes-Custom-
#24481	REDUCE cov: 702 ft: 2067 corp: 256/1864b lim: 43 exec/s: 12240 rss: 1334Mb L: 5/41 MS: 8 InsertByte-Custom-ChangeASCIIInt-Custom-EraseBytes-Custom-ChangeASCIIInt-Custom-
#24737	NEW    cov: 702 ft: 2071 corp: 257/1895b lim: 43 exec/s: 12368 rss: 1345Mb L: 31/41 MS: 2 InsertRepeatedBytes-Custom-
#24847	REDUCE cov: 702 ft: 2071 corp: 257/1882b lim: 43 exec/s: 12423 rss: 1349Mb L: 23/41 MS: 10 InsertRepeatedBytes-Custom-ChangeBinInt-Custom-ShuffleBytes-Custom-CrossOver-Custom-EraseBytes-Custom-
#24935	NEW    cov: 702 ft: 2073 corp: 258/1924b lim: 43 exec/s: 12467 rss: 1352Mb L: 42/42 MS: 6 CrossOver-Custom-ChangeByte-Custom-PersAutoDict-Custom- DE: "\001\000\000\000"-
#24982	NEW    cov: 702 ft: 2075 corp: 259/1959b lim: 43 exec/s: 12491 rss: 1354Mb L: 35/42 MS: 4 PersAutoDict-Custom-CopyPart-Custom- DE: "\377\004"-
#25291	NEW    cov: 702 ft: 2081 corp: 260/1997b lim: 43 exec/s: 12645 rss: 1366Mb L: 38/42 MS: 8 InsertByte-Custom-InsertByte-Custom-ChangeBit-Custom-InsertByte-Custom-
#25462	NEW    cov: 704 ft: 2083 corp: 261/2027b lim: 43 exec/s: 12731 rss: 1373Mb L: 30/42 MS: 2 CrossOver-Custom-
#25468	REDUCE cov: 704 ft: 2083 corp: 261/2026b lim: 43 exec/s: 12734 rss: 1373Mb L: 5/42 MS: 2 EraseBytes-Custom-
#25564	REDUCE cov: 704 ft: 2084 corp: 262/2034b lim: 43 exec/s: 12782 rss: 1378Mb L: 8/42 MS: 2 CopyPart-Custom-
#25595	REDUCE cov: 704 ft: 2084 corp: 262/2033b lim: 43 exec/s: 12797 rss: 1379Mb L: 6/42 MS: 2 EraseBytes-Custom-
#25811	REDUCE cov: 704 ft: 2084 corp: 262/2032b lim: 43 exec/s: 12905 rss: 1387Mb L: 3/42 MS: 2 EraseBytes-Custom-
#25847	REDUCE cov: 704 ft: 2084 corp: 262/2031b lim: 43 exec/s: 12923 rss: 1389Mb L: 2/42 MS: 2 EraseBytes-Custom-
#26170	REDUCE cov: 704 ft: 2084 corp: 262/2027b lim: 43 exec/s: 13085 rss: 1402Mb L: 37/42 MS: 6 ShuffleBytes-Custom-CopyPart-Custom-CrossOver-Custom-
#26277	REDUCE cov: 704 ft: 2084 corp: 262/2025b lim: 43 exec/s: 13138 rss: 1406Mb L: 9/42 MS: 4 CrossOver-Custom-EraseBytes-Custom-
#26320	REDUCE cov: 704 ft: 2084 corp: 262/2024b lim: 43 exec/s: 13160 rss: 1407Mb L: 4/42 MS: 6 CopyPart-Custom-CopyPart-Custom-EraseBytes-Custom-
#26402	REDUCE cov: 704 ft: 2086 corp: 263/2042b lim: 43 exec/s: 13201 rss: 1411Mb L: 18/42 MS: 4 CrossOver-Custom-InsertRepeatedBytes-Custom-
#26504	REDUCE cov: 704 ft: 2086 corp: 263/2041b lim: 43 exec/s: 13252 rss: 1415Mb L: 30/42 MS: 4 ChangeByte-Custom-EraseBytes-Custom-
#26514	REDUCE cov: 704 ft: 2086 corp: 263/2038b lim: 43 exec/s: 13257 rss: 1415Mb L: 5/42 MS: 10 ChangeBinInt-Custom-PersAutoDict-Custom-ChangeBit-Custom-CopyPart-Custom-EraseBytes-Custom- DE: "\377\007"-
#26660	REDUCE cov: 706 ft: 2090 corp: 264/2077b lim: 43 exec/s: 13330 rss: 1422Mb L: 39/42 MS: 2 InsertRepeatedBytes-Custom-
#26885	REDUCE cov: 706 ft: 2090 corp: 264/2075b lim: 43 exec/s: 13442 rss: 1430Mb L: 28/42 MS: 10 CopyPart-Custom-ChangeBit-Custom-CopyPart-Custom-PersAutoDict-Custom-EraseBytes-Custom- DE: "\377\007"-
#26929	REDUCE cov: 706 ft: 2090 corp: 264/2072b lim: 43 exec/s: 13464 rss: 1432Mb L: 15/42 MS: 8 ChangeBit-Custom-InsertRepeatedBytes-Custom-ChangeBit-Custom-EraseBytes-Custom-
#26985	REDUCE cov: 706 ft: 2090 corp: 264/2071b lim: 43 exec/s: 13492 rss: 1434Mb L: 1/42 MS: 2 EraseBytes-Custom-
#27408	REDUCE cov: 706 ft: 2090 corp: 264/2070b lim: 43 exec/s: 13704 rss: 1452Mb L: 20/42 MS: 6 ChangeByte-Custom-ChangeByte-Custom-EraseBytes-Custom-
#28049	REDUCE cov: 706 ft: 2090 corp: 264/2069b lim: 48 exec/s: 9349 rss: 1477Mb L: 20/42 MS: 2 EraseBytes-Custom-
#28658	REDUCE cov: 706 ft: 2105 corp: 265/2121b lim: 53 exec/s: 9552 rss: 1497Mb L: 52/52 MS: 8 InsertByte-Custom-InsertRepeatedBytes-Custom-ChangeASCIIInt-Custom-InsertRepeatedBytes-Custom-
#28838	NEW    cov: 706 ft: 2106 corp: 266/2133b lim: 53 exec/s: 9612 rss: 1497Mb L: 12/52 MS: 10 ChangeBinInt-Custom-ChangeByte-Custom-CopyPart-Custom-EraseBytes-Custom-ChangeBinInt-Custom-
MS: 2 InsertRepeatedBytes-Custom-; base unit: 9fde4c5b0ce7649642bb0571669826ffd65c3183
0x23,0x4e,0x4e,0x4e,0x4e,0x4e,0x4e,0x4e,0x4e,0x4e,0x4e,0x4e,0x4e,0x4e,0x4e,0x4e,0x4e,0x4e,0x4e,0x4e,0x4e,0x4e,0x4e,0x4e,0x4e,0x4e,0x4e,0x4e,0x4e,0x4e,0x4e,0x4e,0x4e,0x4e,0x4e,0x4e,0x4e,0x4e,0x4e,0x4e,0x4e,0x4e,0x4e,0x4e,0x88,0x88,
#NNNNNNNNNNNNNNNNNNNNNNNNNNNNNNNNNNNNNNNNNNN\210\210
artifact_prefix='/tmp/bugrun/jacksoncore_19.aBSCGK/'; Test unit written to /tmp/bugrun/jacksoncore_19.aBSCGK/crash-a4d023a0220e062aaeae4d53483282aeaf50210f
Base64: I05OTk5OTk5OTk5OTk5OTk5OTk5OTk5OTk5OTk5OTk5OTk5OTk5OTk5OTk6IiA==
Done 29314 runs in 3 second(s)DEDUP_TOKEN: b1fd865c9eba2597

[ERROR] Tests run: 2, Failures: 0, Errors: 1, Skipped: 0, Time elapsed: 15.21 s <<< FAILURE! -- in com.example.algorithm2.Algorithm2Test
[ERROR] com.example.algorithm2.Algorithm2Test.testParameterizedFuzzer(FuzzedDataProvider)[2] -- Time elapsed: 3.317 s <<< ERROR!
java.lang.ArrayIndexOutOfBoundsException: Index 581 out of bounds for length 32
	at com.fasterxml.jackson.core.json.ByteSourceJsonBootstrapper.detectEncoding(ByteSourceJsonBootstrapper.java:127)
	at com.fasterxml.jackson.core.json.ByteSourceJsonBootstrapper.constructParser(ByteSourceJsonBootstrapper.java:215)
	at com.fasterxml.jackson.core.JsonFactory._createParser(JsonFactory.java:1285)
	at com.fasterxml.jackson.core.JsonFactory.createParser(JsonFactory.java:866)
	at com.fasterxml.jackson.core.JsonFactory.createJsonParser(JsonFactory.java:1035)
	at jdk.internal.reflect.GeneratedMethodAccessor98.invoke(Unknown Source)
	at java.base/jdk.internal.reflect.DelegatingMethodAccessorImpl.invoke(DelegatingMethodAccessorImpl.java:43)
	at java.base/java.lang.reflect.Method.invoke(Method.java:566)
	at com.example.algorithm2.Algorithm2Test.testParameterizedFuzzer(Algorithm2Test.java:226)

[INFO] 
[INFO] Results:
[INFO] 
[ERROR] Errors: 
[ERROR]   Algorithm2Test.testParameterizedFuzzer:226 » ArrayIndexOutOfBounds Index 581 out of bounds for length 32
[INFO] 
[ERROR] Tests run: 2, Failures: 0, Errors: 1, Skipped: 0
[INFO] 
[ERROR] 

Please refer to /tmp/bugrun/jacksoncore_19.aBSCGK/target/surefire-reports for the individual test results.
Please refer to dump files (if any exist) [date].dump, [date]-jvmRun[N].dump and [date].dumpstream.
[INFO] 
[INFO] --- jacoco:0.8.11:report (default-cli) @ AlgorithmName2 ---
[INFO] Loading execution data file /tmp/bugrun/jacksoncore_19.aBSCGK/target/jacoco.exec
[INFO] Analyzed bundle 'AlgorithmName2' with 80 classes
[INFO] ------------------------------------------------------------------------
[INFO] BUILD SUCCESS
[INFO] ------------------------------------------------------------------------
[INFO] Total time:  27.648 s
[INFO] Finished at: 2026-10-06T02:51:41+07:00
[INFO] ------------------------------------------------------------------------
