[INFO] Scanning for projects...
[INFO] 
[INFO] ---------------------< com.example:AlgorithmName2 >---------------------
[INFO] Building AlgorithmName2 1.0-SNAPSHOT
[INFO]   from pom.xml
[INFO] --------------------------------[ jar ]---------------------------------
[INFO] 
[INFO] --- jacoco:0.8.11:prepare-agent (default) @ AlgorithmName2 ---
[INFO] argLine set to -javaagent:/home/kanyaphak673380391-3/.m2/repository/org/jacoco/org.jacoco.agent/0.8.11/org.jacoco.agent-0.8.11-runtime.jar=destfile=/tmp/bugrun/math_38.hIDM3C/target/jacoco.exec
[INFO] 
[INFO] --- resources:3.4.0:resources (default-resources) @ AlgorithmName2 ---
[INFO] Copying 1 resource from src/main/resources to target/classes
[INFO] 
[INFO] --- compiler:3.15.0:compile (default-compile) @ AlgorithmName2 ---
[INFO] Recompiling the module because of changed source code.
[INFO] Compiling 1 source file with javac [debug target 1.8] to target/classes
[WARNING] bootstrap class path not set in conjunction with -source 8
[INFO] 
[INFO] --- dependency:3.6.0:unpack-dependencies (unpack-defects4j) @ AlgorithmName2 ---
[INFO] 
[INFO] --- resources:3.4.0:testResources (default-testResources) @ AlgorithmName2 ---
[INFO] skip non existing resourceDirectory /tmp/bugrun/math_38.hIDM3C/src/test/resources
[INFO] 
[INFO] --- compiler:3.15.0:testCompile (default-testCompile) @ AlgorithmName2 ---
[INFO] Recompiling the module because of changed dependency.
[INFO] Compiling 1 source file with javac [debug target 1.8] to target/test-classes
[WARNING] bootstrap class path not set in conjunction with -source 8
[INFO] 
[INFO] --- surefire:3.1.2:test (default-cli) @ AlgorithmName2 ---
[INFO] Using auto detected provider org.apache.maven.surefire.junitplatform.JUnitPlatformProvider
[INFO] 
[INFO] -------------------------------------------------------
[INFO]  T E S T S
[INFO] -------------------------------------------------------
[INFO] Running com.example.algorithm2.Algorithm2Test
OpenJDK 64-Bit Server VM warning: Sharing is only supported for boot loader classes because bootstrap classpath has been appended
INFO: Loaded 283 hooks from com.code_intelligence.jazzer.runtime.TraceCmpHooks
INFO: Loaded 5 hooks from com.code_intelligence.jazzer.runtime.TraceDivHooks
INFO: Loaded 2 hooks from com.code_intelligence.jazzer.runtime.TraceIndirHooks
INFO: Loaded 4 hooks from com.code_intelligence.jazzer.runtime.NativeLibHooks
INFO: Loaded 2 hooks from com.code_intelligence.jazzer.sanitizers.ClojureLangHooks
INFO: Loaded 5 hooks from com.code_intelligence.jazzer.sanitizers.Deserialization
INFO: Loaded 5 hooks from com.code_intelligence.jazzer.sanitizers.ExpressionLanguageInjection
INFO: Loaded 70 hooks from com.code_intelligence.jazzer.sanitizers.LdapInjection
INFO: Loaded 46 hooks from com.code_intelligence.jazzer.sanitizers.NamingContextLookup
INFO: Loaded 1 hooks from com.code_intelligence.jazzer.sanitizers.OsCommandInjection
INFO: Loaded 52 hooks from com.code_intelligence.jazzer.sanitizers.ReflectiveCall
INFO: Loaded 8 hooks from com.code_intelligence.jazzer.sanitizers.RegexInjection
INFO: Loaded 16 hooks from com.code_intelligence.jazzer.sanitizers.RegexRoadblocks
INFO: Loaded 18 hooks from com.code_intelligence.jazzer.sanitizers.ScriptEngineInjection
INFO: Loaded 2 hooks from com.code_intelligence.jazzer.sanitizers.ServerSideRequestForgery
INFO: Loaded 19 hooks from com.code_intelligence.jazzer.sanitizers.SqlInjection
INFO: Loaded 6 hooks from com.code_intelligence.jazzer.sanitizers.XPathInjection
INFO: Instrumented com.example.algorithm2.Algorithm2Test$Skip (took 180 ms, size +44%)
INFO: Instrumented com.example.algorithm2.Algorithm2Test (took 173 ms, size +27%)
INFO: New number of coverage counters: 1024
INFO: Instrumented org.apache.commons.math.util.Precision (took 225 ms, size +27%)
INFO: Instrumented org.apache.commons.math.exception.MathArithmeticException (took 15 ms, size +25%)
INFO: Instrumented org.apache.commons.math.exception.util.ExceptionContextProvider (took 6 ms, size +0%)
INFO: Instrumented org.apache.commons.math.exception.util.Localizable (took 1 ms, size +0%)
INFO: Instrumented org.apache.commons.math.exception.MathIllegalArgumentException (took 16 ms, size +27%)
[harness] Fallback target loaded: org.apache.commons.math.util.Precision (original was org.apache.commons.math3.util.Precision)
[harness] target=org.apache.commons.math.util.Precision factories=1 methods=19
INFO: New number of coverage counters: 2048
INFO: Instrumented org.apache.commons.math.util.FastMath (took 185 ms, size +16%)
INFO: using inputs from: /tmp/bugrun/math_38.hIDM3C/.cifuzz-corpus/com.example.algorithm2.Algorithm2Test/testParameterizedFuzzer
INFO: using inputs from: /tmp/jazzer-java-seeds2790653801374593007
INFO: found LLVMFuzzerCustomMutator (0x7c3f9b671cd0). Disabling -len_control by default.
INFO: Running with entropic power schedule (0xFF, 100).
INFO: Seed: 530573514
INFO: Loaded 3 modules   (2048 inline 8-bit counters): 512 [0x7c40b4bafd20, 0x7c40b4baff20), 512 [0x7c40b4baff20, 0x7c40b4bb0120), 1024 [0x7c40b4bb0120, 0x7c40b4bb0520), 
INFO: Loaded 3 PC tables (2048 PCs): 512 [0x7c40b4a43cd0,0x7c40b4a45cd0), 512 [0x7c40b4491650,0x7c40b4493650), 1024 [0x7c40b48f9120,0x7c40b48fd120), 
INFO:        0 files found in /tmp/bugrun/math_38.hIDM3C/.cifuzz-corpus/com.example.algorithm2.Algorithm2Test/testParameterizedFuzzer
INFO:        0 files found in /tmp/jazzer-java-seeds2790653801374593007
INFO: -max_len is not provided; libFuzzer will not generate inputs larger than 4096 bytes
INFO: A corpus is not provided, starting from an empty corpus
#2	INITED cov: 61 ft: 61 corp: 1/1b exec/s: 0 rss: 879Mb
#3	NEW    cov: 66 ft: 74 corp: 2/2b lim: 4 exec/s: 0 rss: 879Mb L: 1/1 MS: 2 ChangeByte-Custom-
#5	NEW    cov: 75 ft: 83 corp: 3/4b lim: 4 exec/s: 0 rss: 879Mb L: 2/2 MS: 4 ShuffleBytes-Custom-CopyPart-Custom-
#6	NEW    cov: 91 ft: 101 corp: 4/6b lim: 4 exec/s: 0 rss: 879Mb L: 2/2 MS: 2 InsertByte-Custom-
#9	NEW    cov: 97 ft: 107 corp: 5/7b lim: 4 exec/s: 0 rss: 879Mb L: 1/2 MS: 6 ChangeBit-Custom-ChangeByte-Custom-EraseBytes-Custom-
#13	NEW    cov: 102 ft: 120 corp: 6/9b lim: 4 exec/s: 0 rss: 879Mb L: 2/2 MS: 8 ShuffleBytes-Custom-InsertByte-Custom-CopyPart-Custom-ChangeBinInt-Custom-
#14	NEW    cov: 102 ft: 122 corp: 7/10b lim: 4 exec/s: 0 rss: 879Mb L: 1/2 MS: 2 ChangeBit-Custom-
#16	NEW    cov: 103 ft: 123 corp: 8/13b lim: 4 exec/s: 0 rss: 879Mb L: 3/3 MS: 4 ShuffleBytes-Custom-InsertByte-Custom-
#17	NEW    cov: 112 ft: 136 corp: 9/14b lim: 4 exec/s: 0 rss: 879Mb L: 1/3 MS: 2 ChangeBit-Custom-
#19	NEW    cov: 116 ft: 140 corp: 10/16b lim: 4 exec/s: 0 rss: 879Mb L: 2/3 MS: 4 ChangeByte-Custom-ChangeByte-Custom-
#28	NEW    cov: 116 ft: 142 corp: 11/20b lim: 4 exec/s: 0 rss: 879Mb L: 4/4 MS: 8 CopyPart-Custom-ShuffleBytes-Custom-ChangeBit-Custom-CMP-Custom- DE: "\007\000\000\000"-
#33	NEW    cov: 125 ft: 151 corp: 12/23b lim: 4 exec/s: 0 rss: 879Mb L: 3/4 MS: 10 ChangeBit-Custom-CopyPart-Custom-InsertByte-Custom-ChangeBit-Custom-CrossOver-Custom-
#47	NEW    cov: 127 ft: 155 corp: 13/26b lim: 4 exec/s: 0 rss: 879Mb L: 3/4 MS: 8 CrossOver-Custom-ChangeBit-Custom-EraseBytes-Custom-InsertByte-Custom-
#55	NEW    cov: 128 ft: 156 corp: 14/29b lim: 4 exec/s: 0 rss: 879Mb L: 3/4 MS: 6 ChangeByte-Custom-ShuffleBytes-Custom-ChangeBit-Custom-
#62	NEW    cov: 129 ft: 157 corp: 15/31b lim: 4 exec/s: 0 rss: 879Mb L: 2/4 MS: 4 CrossOver-Custom-ChangeBinInt-Custom-
#64	NEW    cov: 130 ft: 158 corp: 16/35b lim: 4 exec/s: 0 rss: 879Mb L: 4/4 MS: 4 ChangeByte-Custom-CopyPart-Custom-
#68	NEW    cov: 132 ft: 160 corp: 17/39b lim: 4 exec/s: 0 rss: 879Mb L: 4/4 MS: 8 CopyPart-Custom-ShuffleBytes-Custom-ShuffleBytes-Custom-ChangeBit-Custom-
#70	NEW    cov: 133 ft: 161 corp: 18/43b lim: 4 exec/s: 0 rss: 879Mb L: 4/4 MS: 4 InsertByte-Custom-ChangeByte-Custom-
#75	NEW    cov: 137 ft: 165 corp: 19/46b lim: 4 exec/s: 0 rss: 879Mb L: 3/4 MS: 10 CrossOver-Custom-InsertByte-Custom-InsertByte-Custom-ChangeBit-Custom-EraseBytes-Custom-
#77	NEW    cov: 138 ft: 166 corp: 20/48b lim: 4 exec/s: 0 rss: 879Mb L: 2/4 MS: 4 CrossOver-Custom-ChangeBit-Custom-
#85	NEW    cov: 139 ft: 169 corp: 21/49b lim: 4 exec/s: 0 rss: 879Mb L: 1/4 MS: 6 ChangeBinInt-Custom-ChangeBinInt-Custom-ChangeByte-Custom-
#91	NEW    cov: 141 ft: 171 corp: 22/50b lim: 4 exec/s: 0 rss: 879Mb L: 1/4 MS: 2 ChangeBit-Custom-
#103	NEW    cov: 146 ft: 176 corp: 23/53b lim: 4 exec/s: 0 rss: 879Mb L: 3/4 MS: 4 ChangeByte-Custom-ChangeByte-Custom-
#104	NEW    cov: 150 ft: 180 corp: 24/55b lim: 4 exec/s: 0 rss: 879Mb L: 2/4 MS: 2 InsertByte-Custom-
#105	NEW    cov: 152 ft: 182 corp: 25/58b lim: 4 exec/s: 0 rss: 879Mb L: 3/4 MS: 2 ChangeByte-Custom-
#115	NEW    cov: 154 ft: 184 corp: 26/60b lim: 4 exec/s: 0 rss: 879Mb L: 2/4 MS: 10 InsertByte-Custom-EraseBytes-Custom-ChangeBinInt-Custom-InsertByte-Custom-CMP-Custom- DE: "\000\034"-
#132	REDUCE cov: 154 ft: 184 corp: 26/59b lim: 4 exec/s: 0 rss: 879Mb L: 2/4 MS: 4 CopyPart-Custom-EraseBytes-Custom-
#134	NEW    cov: 156 ft: 186 corp: 27/62b lim: 4 exec/s: 0 rss: 879Mb L: 3/4 MS: 4 CopyPart-Custom-InsertByte-Custom-
#139	NEW    cov: 158 ft: 188 corp: 28/64b lim: 4 exec/s: 0 rss: 879Mb L: 2/4 MS: 10 ChangeBit-Custom-EraseBytes-Custom-PersAutoDict-Custom-ChangeByte-Custom-ChangeBit-Custom- DE: "\000\034"-
#161	REDUCE cov: 158 ft: 188 corp: 28/63b lim: 4 exec/s: 0 rss: 879Mb L: 2/4 MS: 4 InsertByte-Custom-EraseBytes-Custom-
#221	NEW    cov: 159 ft: 189 corp: 29/64b lim: 4 exec/s: 0 rss: 879Mb L: 1/4 MS: 10 CopyPart-Custom-CrossOver-Custom-ShuffleBytes-Custom-ShuffleBytes-Custom-ChangeBinInt-Custom-
#231	NEW    cov: 160 ft: 190 corp: 30/68b lim: 4 exec/s: 0 rss: 879Mb L: 4/4 MS: 10 CrossOver-Custom-ChangeBit-Custom-ShuffleBytes-Custom-InsertByte-Custom-InsertByte-Custom-
#250	NEW    cov: 162 ft: 192 corp: 31/71b lim: 4 exec/s: 0 rss: 879Mb L: 3/4 MS: 8 PersAutoDict-Custom-CopyPart-Custom-ChangeBinInt-Custom-CrossOver-Custom- DE: "\000\034"-
#258	NEW    cov: 163 ft: 193 corp: 32/74b lim: 4 exec/s: 0 rss: 879Mb L: 3/4 MS: 6 ShuffleBytes-Custom-ChangeByte-Custom-ChangeBit-Custom-
#267	NEW    cov: 164 ft: 194 corp: 33/78b lim: 4 exec/s: 0 rss: 879Mb L: 4/4 MS: 8 InsertByte-Custom-CrossOver-Custom-CrossOver-Custom-ChangeByte-Custom-
#339	NEW    cov: 167 ft: 197 corp: 34/82b lim: 4 exec/s: 0 rss: 879Mb L: 4/4 MS: 4 ChangeBinInt-Custom-CrossOver-Custom-
#395	NEW    cov: 168 ft: 198 corp: 35/86b lim: 4 exec/s: 0 rss: 879Mb L: 4/4 MS: 2 CrossOver-Custom-
#441	REDUCE cov: 168 ft: 198 corp: 35/85b lim: 4 exec/s: 0 rss: 879Mb L: 2/4 MS: 2 EraseBytes-Custom-
#544	REDUCE cov: 168 ft: 198 corp: 35/84b lim: 4 exec/s: 0 rss: 879Mb L: 2/4 MS: 6 ShuffleBytes-Custom-ChangeBit-Custom-EraseBytes-Custom-
#578	NEW    cov: 169 ft: 199 corp: 36/87b lim: 4 exec/s: 0 rss: 879Mb L: 3/4 MS: 8 ChangeBit-Custom-ShuffleBytes-Custom-CMP-Custom-ShuffleBytes-Custom- DE: "\377\377"-
#600	REDUCE cov: 170 ft: 200 corp: 37/89b lim: 4 exec/s: 0 rss: 879Mb L: 2/4 MS: 4 InsertByte-Custom-CrossOver-Custom-
#616	REDUCE cov: 170 ft: 200 corp: 37/88b lim: 4 exec/s: 0 rss: 879Mb L: 3/4 MS: 2 EraseBytes-Custom-
#676	REDUCE cov: 170 ft: 200 corp: 37/87b lim: 4 exec/s: 0 rss: 879Mb L: 1/4 MS: 10 ChangeByte-Custom-ChangeASCIIInt-Custom-ChangeByte-Custom-ShuffleBytes-Custom-EraseBytes-Custom-
#682	REDUCE cov: 171 ft: 201 corp: 38/89b lim: 4 exec/s: 0 rss: 879Mb L: 2/4 MS: 2 ChangeBit-Custom-
#808	REDUCE cov: 171 ft: 201 corp: 38/87b lim: 4 exec/s: 0 rss: 879Mb L: 2/4 MS: 2 EraseBytes-Custom-
#1041	REDUCE cov: 171 ft: 201 corp: 38/86b lim: 6 exec/s: 0 rss: 879Mb L: 2/4 MS: 6 ChangeBit-Custom-CrossOver-Custom-EraseBytes-Custom-
#1130	REDUCE cov: 171 ft: 201 corp: 38/84b lim: 6 exec/s: 0 rss: 879Mb L: 1/4 MS: 8 CMP-Custom-CopyPart-Custom-CrossOver-Custom-CrossOver-Custom- DE: "\034\000"-
#1175	REDUCE cov: 171 ft: 201 corp: 38/83b lim: 6 exec/s: 0 rss: 879Mb L: 1/4 MS: 10 ChangeBit-Custom-ShuffleBytes-Custom-ChangeByte-Custom-ShuffleBytes-Custom-EraseBytes-Custom-
#1382	NEW    cov: 172 ft: 202 corp: 39/91b lim: 8 exec/s: 0 rss: 879Mb L: 8/8 MS: 4 ChangeByte-Custom-InsertRepeatedBytes-Custom-
#1503	REDUCE cov: 172 ft: 202 corp: 39/90b lim: 8 exec/s: 0 rss: 879Mb L: 1/8 MS: 2 EraseBytes-Custom-
#1539	NEW    cov: 173 ft: 203 corp: 40/94b lim: 8 exec/s: 0 rss: 879Mb L: 4/8 MS: 2 ChangeBit-Custom-
#1540	REDUCE cov: 173 ft: 203 corp: 40/92b lim: 8 exec/s: 0 rss: 879Mb L: 2/8 MS: 2 EraseBytes-Custom-
#1566	REDUCE cov: 173 ft: 203 corp: 40/90b lim: 8 exec/s: 0 rss: 879Mb L: 2/8 MS: 2 EraseBytes-Custom-
#1592	REDUCE cov: 173 ft: 203 corp: 40/89b lim: 8 exec/s: 0 rss: 879Mb L: 2/8 MS: 2 EraseBytes-Custom-
INFO: Instrumented org.apache.commons.math.util.FastMath$lnMant (took 4 ms, size +43%)
#1683	NEW    cov: 203 ft: 235 corp: 41/97b lim: 8 exec/s: 0 rss: 880Mb L: 8/8 MS: 2 CMP-Custom- DE: "\011\000\000\000"-
#1744	NEW    cov: 203 ft: 236 corp: 42/105b lim: 8 exec/s: 0 rss: 881Mb L: 8/8 MS: 2 ChangeByte-Custom-
#1785	NEW    cov: 234 ft: 271 corp: 43/113b lim: 8 exec/s: 0 rss: 881Mb L: 8/8 MS: 2 InsertRepeatedBytes-Custom-
#1806	NEW    cov: 234 ft: 273 corp: 44/121b lim: 8 exec/s: 0 rss: 881Mb L: 8/8 MS: 2 ChangeByte-Custom-
#1852	REDUCE cov: 234 ft: 273 corp: 44/120b lim: 8 exec/s: 0 rss: 881Mb L: 2/8 MS: 2 EraseBytes-Custom-
#2186	NEW    cov: 239 ft: 278 corp: 45/130b lim: 11 exec/s: 0 rss: 881Mb L: 10/10 MS: 8 CrossOver-Custom-InsertRepeatedBytes-Custom-CopyPart-Custom-InsertRepeatedBytes-Custom-
#2222	REDUCE cov: 239 ft: 278 corp: 45/129b lim: 11 exec/s: 0 rss: 881Mb L: 1/10 MS: 2 EraseBytes-Custom-
INFO: Instrumented org.apache.commons.math.util.FastMathLiteralArrays (took 92 ms, size +0%)
INFO: #2349	NEW    cov: 241 ft: 280 corp: 46/138b lim: 11 exec/s: 0 rss: 881Mb L: 9/10 MS: 4 ShuffleBytes-Custom-InsertByte-Custom-
#2367	NEW    cov: 241 ft: 283 corp: 47/149b lim: 11 exec/s: 0 rss: 881Mb L: 11/11 MS: 6 ChangeBit-Custom-ChangeBinInt-Custom-InsertByte-Custom-
Instrumented org.apache.commons.math.util.FastMath$ExpIntTable (took 4 ms, size +37%)
INFO: Instrumented org.apache.commons.math.util.FastMath$ExpFracTable (took 3 ms, size +38%)
#2438	NEW    cov: 243 ft: 285 corp: 48/159b lim: 11 exec/s: 0 rss: 881Mb L: 10/11 MS: 2 InsertRepeatedBytes-Custom-
#2442	REDUCE cov: 243 ft: 285 corp: 48/158b lim: 11 exec/s: 0 rss: 881Mb L: 8/11 MS: 8 ChangeByte-Custom-ChangeBit-Custom-ShuffleBytes-Custom-EraseBytes-Custom-
INFO: Instrumented org.apache.commons.math.exception.util.LocalizedFormats (took 38 ms, size +6%)
INFO: Instrumented org.apache.commons.math.exception.util.ExceptionContext (took 22 ms, size +24%)
MS: 6 PersAutoDict-Custom-PersAutoDict-Custom-CrossOver-Custom- DE: "\034\000"-"\007\000\000\000"-; base unit: bead75873fb8b0bf000fa645bb423cec4409ca0a
0x2b,0x4b,0x7,0x0,0x0,0x0,0x4,0x1c,0x0,0xa,0xb,
+K\007\000\000\000\004\034\000\012\013
artifact_prefix='/tmp/bugrun/math_38.hIDM3C/'; Test unit written to /tmp/bugrun/math_38.hIDM3C/crash-3910e492d2443bc2e196dbe5660cb0c1638c3f76
Base64: K0sHAAAABBwACgs=
Done 2795 runs in 0 second(s)
INFO: Instrumented org.apache.commons.math.exception.util.ArgUtils (took 9 ms, size +46%)
DEDUP_TOKEN: e9d27a5f2a39ae18
[ERROR] Tests run: 2, Failures: 0, Errors: 1, Skipped: 0, Time elapsed: 11.85 s <<< FAILURE! -- in com.example.algorithm2.Algorithm2Test
[ERROR] com.example.algorithm2.Algorithm2Test.testParameterizedFuzzer(FuzzedDataProvider)[2] -- Time elapsed: 0.522 s <<< ERROR!
org.apache.commons.math.exception.MathIllegalArgumentException: invalid rounding method -222, valid methods: ROUND_CEILING (2), ROUND_DOWN (1), ROUND_FLOOR (3), ROUND_HALF_DOWN (5), ROUND_HALF_EVEN (6), ROUND_HALF_UP (4), ROUND_UNNECESSARY (7), ROUND_UP (0)
	at org.apache.commons.math.util.Precision.roundUnscaled(Precision.java:472)
	at org.apache.commons.math.util.Precision.round(Precision.java:381)
	at jdk.internal.reflect.GeneratedMethodAccessor64.invoke(Unknown Source)
	at java.base/jdk.internal.reflect.DelegatingMethodAccessorImpl.invoke(DelegatingMethodAccessorImpl.java:43)
	at java.base/java.lang.reflect.Method.invoke(Method.java:566)
	at com.example.algorithm2.Algorithm2Test.testParameterizedFuzzer(Algorithm2Test.java:226)

[INFO] 
[INFO] Results:
[INFO] 
[ERROR] Errors: 
[ERROR]   Algorithm2Test.testParameterizedFuzzer:226 » MathIllegalArgument invalid rounding method -222, valid methods: ROUND_CEILING (2), ROUND_DOWN (1), ROUND_FLOOR (3), ROUND_HALF_DOWN (5), ROUND_HALF_EVEN (6), ROUND_HALF_UP (4), ROUND_UNNECESSARY (7), ROUND_UP (0)
[INFO] 
[ERROR] Tests run: 2, Failures: 0, Errors: 1, Skipped: 0
[INFO] 
[ERROR] 

Please refer to /tmp/bugrun/math_38.hIDM3C/target/surefire-reports for the individual test results.
Please refer to dump files (if any exist) [date].dump, [date]-jvmRun[N].dump and [date].dumpstream.
[INFO] 
[INFO] --- jacoco:0.8.11:report (default-cli) @ AlgorithmName2 ---
[INFO] Loading execution data file /tmp/bugrun/math_38.hIDM3C/target/jacoco.exec
[INFO] Analyzed bundle 'AlgorithmName2' with 649 classes
[INFO] ------------------------------------------------------------------------
[INFO] BUILD SUCCESS
[INFO] ------------------------------------------------------------------------
[INFO] Total time:  35.193 s
[INFO] Finished at: 2026-10-06T03:57:03+07:00
[INFO] ------------------------------------------------------------------------
