[INFO] Scanning for projects...
[INFO] 
[INFO] ---------------------< com.example:AlgorithmName2 >---------------------
[INFO] Building AlgorithmName2 1.0-SNAPSHOT
[INFO]   from pom.xml
[INFO] --------------------------------[ jar ]---------------------------------
[INFO] 
[INFO] --- jacoco:0.8.11:prepare-agent (default) @ AlgorithmName2 ---
[INFO] argLine set to -javaagent:/home/kanyaphak673380391-3/.m2/repository/org/jacoco/org.jacoco.agent/0.8.11/org.jacoco.agent-0.8.11-runtime.jar=destfile=/tmp/bugrun/compress_16.Y7S79m/target/jacoco.exec
[INFO] 
[INFO] --- resources:3.4.0:resources (default-resources) @ AlgorithmName2 ---
[INFO] Copying 1 resource from src/main/resources to target/classes
[INFO] 
[INFO] --- compiler:3.15.0:compile (default-compile) @ AlgorithmName2 ---
[INFO] Recompiling the module because of changed source code.
[INFO] Compiling 1 source file with javac [debug target 1.8] to target/classes
[WARNING] bootstrap class path not set in conjunction with -source 8
[INFO] 
[INFO] --- dependency:3.6.0:unpack-dependencies (unpack-defects4j) @ AlgorithmName2 ---
[INFO] 
[INFO] --- resources:3.4.0:testResources (default-testResources) @ AlgorithmName2 ---
[INFO] skip non existing resourceDirectory /tmp/bugrun/compress_16.Y7S79m/src/test/resources
[INFO] 
[INFO] --- compiler:3.15.0:testCompile (default-testCompile) @ AlgorithmName2 ---
[INFO] Recompiling the module because of changed dependency.
[INFO] Compiling 1 source file with javac [debug target 1.8] to target/test-classes
[WARNING] bootstrap class path not set in conjunction with -source 8
[INFO] 
[INFO] --- surefire:3.1.2:test (default-cli) @ AlgorithmName2 ---
[INFO] Using auto detected provider org.apache.maven.surefire.junitplatform.JUnitPlatformProvider
[INFO] 
[INFO] -------------------------------------------------------
[INFO]  T E S T S
[INFO] -------------------------------------------------------
[INFO] Running com.example.algorithm2.Algorithm2Test
OpenJDK 64-Bit Server VM warning: Sharing is only supported for boot loader classes because bootstrap classpath has been appended
INFO: Loaded 281 hooks from com.code_intelligence.jazzer.runtime.TraceCmpHooks
INFO: Loaded 5 hooks from com.code_intelligence.jazzer.runtime.TraceDivHooks
INFO: Loaded 2 hooks from com.code_intelligence.jazzer.runtime.TraceIndirHooks
INFO: Loaded 4 hooks from com.code_intelligence.jazzer.runtime.NativeLibHooks
INFO: Loaded 2 hooks from com.code_intelligence.jazzer.sanitizers.ClojureLangHooks
INFO: Loaded 5 hooks from com.code_intelligence.jazzer.sanitizers.Deserialization
INFO: Loaded 5 hooks from com.code_intelligence.jazzer.sanitizers.ExpressionLanguageInjection
INFO: Loaded 70 hooks from com.code_intelligence.jazzer.sanitizers.LdapInjection
INFO: Loaded 46 hooks from com.code_intelligence.jazzer.sanitizers.NamingContextLookup
INFO: Loaded 1 hooks from com.code_intelligence.jazzer.sanitizers.OsCommandInjection
INFO: Loaded 52 hooks from com.code_intelligence.jazzer.sanitizers.ReflectiveCall
INFO: Loaded 8 hooks from com.code_intelligence.jazzer.sanitizers.RegexInjection
INFO: Loaded 16 hooks from com.code_intelligence.jazzer.sanitizers.RegexRoadblocks
INFO: Loaded 18 hooks from com.code_intelligence.jazzer.sanitizers.ScriptEngineInjection
INFO: Loaded 2 hooks from com.code_intelligence.jazzer.sanitizers.ServerSideRequestForgery
INFO: Loaded 19 hooks from com.code_intelligence.jazzer.sanitizers.SqlInjection
INFO: Loaded 6 hooks from com.code_intelligence.jazzer.sanitizers.XPathInjection
INFO: Instrumented com.example.algorithm2.Algorithm2Test$Skip (took 366 ms, size +44%)
INFO: Instrumented com.example.algorithm2.Algorithm2Test (took 378 ms, size +27%)
INFO: Instrumented org.apache.commons.compress.archivers.ArchiveStreamFactory (took 120 ms, size +37%)
INFO: Instrumented org.apache.commons.compress.archivers.ArchiveInputStream (took 81 ms, size +32%)
INFO: New number of coverage counters: 1024
WARN: Some hooks could not be applied to class files built for Java 7 or lower.
                       Ensure that the fuzz target and its dependencies are compiled with
                       -target 8 or higher to identify as many bugs as possible.
INFO: Instrumented org.apache.commons.compress.archivers.ar.ArArchiveInputStream (took 163 ms, size +26%)
INFO: Instrumented org.apache.commons.compress.archivers.zip.ZipArchiveInputStream (took 98 ms, size +17%)
INFO: New number of coverage counters: 2048
INFO: Instrumented org.apache.commons.compress.archivers.tar.TarArchiveInputStream (took 49 ms, size +25%)
INFO: Instrumented org.apache.commons.compress.archivers.jar.JarArchiveInputStream (took 9 ms, size +26%)
INFO: Instrumented org.apache.commons.compress.archivers.cpio.CpioArchiveInputStream (took 44 ms, size +30%)
INFO: Instrumented org.apache.commons.compress.archivers.cpio.CpioConstants (took 1 ms, size +0%)
INFO: Instrumented org.apache.commons.compress.archivers.dump.DumpArchiveInputStream (took 20 ms, size +25%)
INFO: Instrumented org.apache.commons.compress.archivers.ArchiveException (took 4 ms, size +38%)
INFO: Instrumented org.apache.commons.compress.archivers.ArchiveOutputStream (took 10 ms, size +28%)
INFO: Instrumented org.apache.commons.compress.archivers.ar.ArArchiveOutputStream (took 54 ms, size +24%)
INFO: New number of coverage counters: 4096
INFO: Instrumented org.apache.commons.compress.archivers.zip.ZipArchiveOutputStream (took 151 ms, size +18%)
INFO: Instrumented org.apache.commons.compress.archivers.tar.TarArchiveOutputStream (took 67 ms, size +15%)
INFO: Instrumented org.apache.commons.compress.archivers.jar.JarArchiveOutputStream (took 9 ms, size +36%)
INFO: Instrumented org.apache.commons.compress.archivers.cpio.CpioArchiveOutputStream (took 161 ms, size +23%)
[harness] target=org.apache.commons.compress.archivers.ArchiveStreamFactory factories=1 methods=3
INFO: using inputs from: /tmp/bugrun/compress_16.Y7S79m/.cifuzz-corpus/com.example.algorithm2.Algorithm2Test/testParameterizedFuzzer
INFO: using inputs from: /tmp/jazzer-java-seeds7703123078835007123
INFO: found LLVMFuzzerCustomMutator (0x7abfb076bcd0). Disabling -len_control by default.
INFO: Running with entropic power schedule (0xFF, 100).
INFO: Seed: 590539544
INFO: Loaded 4 modules   (4096 inline 8-bit counters): 512 [0x7ac028bd9860, 0x7ac028bd9a60), 512 [0x7ac028bd9a60, 0x7ac028bd9c60), 1024 [0x7ac028bd9c60, 0x7ac028bda060), 2048 [0x7ac028bda060, 0x7ac028bda860), 
INFO: Loaded 4 PC tables (4096 PCs): 512 [0x7ac0284ea380,0x7ac0284ec380), 512 [0x7ac02869b060,0x7ac02869d060), 1024 [0x7ac0286a4500,0x7ac0286a8500), 2048 [0x7ac0289fa110,0x7ac028a02110), 
INFO:        0 files found in /tmp/bugrun/compress_16.Y7S79m/.cifuzz-corpus/com.example.algorithm2.Algorithm2Test/testParameterizedFuzzer
INFO:        0 files found in /tmp/jazzer-java-seeds7703123078835007123
INFO: -max_len is not provided; libFuzzer will not generate inputs larger than 4096 bytes
INFO: A corpus is not provided, starting from an empty corpus
INFO: Instrumented org.apache.commons.compress.archivers.zip.UnsupportedZipFeatureException (took 4 ms, size +21%)
INFO: Instrumented org.apache.commons.compress.archivers.ArchiveEntry (took 0 ms, size +0%)
#2	INITED cov: 116 ft: 116 corp: 1/1b exec/s: 0 rss: 918Mb
#3	NEW    cov: 120 ft: 122 corp: 2/2b lim: 4 exec/s: 0 rss: 918Mb L: 1/1 MS: 2 CopyPart-Custom-
#5	NEW    cov: 123 ft: 133 corp: 3/3b lim: 4 exec/s: 0 rss: 919Mb L: 1/1 MS: 4 ShuffleBytes-Custom-ChangeBit-Custom-
#12	NEW    cov: 123 ft: 134 corp: 4/4b lim: 4 exec/s: 0 rss: 919Mb L: 1/1 MS: 4 ShuffleBytes-Custom-ChangeByte-Custom-
INFO: Instrumented org.apache.commons.compress.archivers.zip.ZipLong (took 26 ms, size +21%)
INFO: Instrumented org.apache.commons.compress.archivers.zip.Zip64RequiredException (took 5 ms, size +27%)
INFO: Instrumented org.apache.commons.compress.archivers.zip.ZipExtraField (took 1 ms, size +0%)
INFO: Instrumented org.apache.commons.compress.archivers.dump.UnrecognizedFormatException (took 3 ms, size +43%)
INFO: Instrumented org.apache.commons.compress.archivers.dump.DumpArchiveException (took 8 ms, size +34%)
INFO: Instrumented org.apache.commons.compress.archivers.dump.InvalidFormatException (took 9 ms, size +30%)
#235	NEW    cov: 128 ft: 141 corp: 5/10b lim: 6 exec/s: 0 rss: 925Mb L: 6/6 MS: 6 CopyPart-Custom-ChangeBit-Custom-InsertRepeatedBytes-Custom-
#451	NEW    cov: 131 ft: 144 corp: 6/17b lim: 8 exec/s: 0 rss: 944Mb L: 7/7 MS: 2 InsertByte-Custom-
#812	NEW    cov: 132 ft: 145 corp: 7/26b lim: 11 exec/s: 0 rss: 973Mb L: 9/9 MS: 2 CrossOver-Custom-
#819	REDUCE cov: 132 ft: 145 corp: 7/25b lim: 11 exec/s: 0 rss: 974Mb L: 5/9 MS: 4 EraseBytes-Custom-InsertByte-Custom-
#2917	NEW    cov: 133 ft: 146 corp: 8/34b lim: 29 exec/s: 2917 rss: 1112Mb L: 9/9 MS: 6 CopyPart-Custom-InsertByte-Custom-InsertByte-Custom-
INFO: Instrumented org.apache.commons.compress.archivers.zip.ZipEncodingHelper (took 26 ms, size +20%)
#3023	NEW    cov: 203 ft: 227 corp: 9/38b lim: 29 exec/s: 3023 rss: 1130Mb L: 4/9 MS: 2 CMP-Custom- DE: "jar"-
INFO: Instrumented org.apache.commons.compress.archivers.zip.ZipEncoding (took 3 ms, size +0%)
INFO: Instrumented org.apache.commons.compress.archivers.zip.ZipEncodingHelper$SimpleEncodingHolder (took 6 ms, size +33%)
INFO: Instrumented org.apache.commons.compress.archivers.zip.FallbackZipEncoding (took 9 ms, size +28%)
INFO: Instrumented org.apache.commons.compress.archivers.zip.ZipArchiveOutputStream$UnicodeExtraFieldPolicy (took 4 ms, size +33%)
INFO: Instrumented org.apache.commons.compress.archivers.zip.Zip64Mode (took 11 ms, size +29%)
#3134	NEW    cov: 210 ft: 234 corp: 10/41b lim: 29 exec/s: 3134 rss: 1137Mb L: 3/9 MS: 2 EraseBytes-Custom-
#3197	NEW    cov: 211 ft: 236 corp: 11/45b lim: 29 exec/s: 3197 rss: 1141Mb L: 4/9 MS: 6 ChangeByte-Custom-ChangeBit-Custom-PersAutoDict-Custom- DE: "jar"-
#3244	NEW    cov: 238 ft: 264 corp: 12/49b lim: 29 exec/s: 3244 rss: 1146Mb L: 4/9 MS: 4 ShuffleBytes-Custom-PersAutoDict-Custom- DE: "jar"-
#3355	NEW    cov: 239 ft: 266 corp: 13/53b lim: 29 exec/s: 3355 rss: 1146Mb L: 4/9 MS: 2 CopyPart-Custom-
#3361	NEW    cov: 240 ft: 267 corp: 14/56b lim: 29 exec/s: 3361 rss: 1146Mb L: 3/9 MS: 2 EraseBytes-Custom-
#3397	NEW    cov: 244 ft: 271 corp: 15/59b lim: 29 exec/s: 3397 rss: 1146Mb L: 3/9 MS: 2 ChangeBit-Custom-
INFO: Instrumented org.apache.commons.compress.archivers.zip.ZipArchiveInputStream$Buffer (took 10 ms, size +18%)
#3747	NEW    cov: 245 ft: 272 corp: 16/78b lim: 29 exec/s: 3747 rss: 1146Mb L: 19/19 MS: 10 ShuffleBytes-Custom-PersAutoDict-Custom-EraseBytes-Custom-CMP-Custom-InsertRepeatedBytes-Custom- DE: "jar"-"tar"-
#3759	NEW    cov: 267 ft: 296 corp: 17/82b lim: 29 exec/s: 3759 rss: 1146Mb L: 4/19 MS: 4 InsertByte-Custom-PersAutoDict-Custom- DE: "tar"-
INFO: Instrumented org.apache.commons.compress.archivers.tar.TarBuffer (took 23 ms, size +21%)
#4050	REDUCE cov: 267 ft: 296 corp: 17/75b lim: 29 exec/s: 2025 rss: 1147Mb L: 12/12 MS: 2 EraseBytes-Custom-
#4096	pulse  cov: 267 ft: 296 corp: 17/75b lim: 29 exec/s: 2048 rss: 1147Mb
#4121	NEW    cov: 267 ft: 297 corp: 18/79b lim: 29 exec/s: 2060 rss: 1147Mb L: 4/12 MS: 2 PersAutoDict-Custom- DE: "tar"-
#4197	NEW    cov: 298 ft: 333 corp: 19/83b lim: 29 exec/s: 2098 rss: 1147Mb L: 4/12 MS: 2 CopyPart-Custom-
INFO: Instrumented org.apache.commons.compress.utils.CountingOutputStream (took 17 ms, size +37%)
INFO: Instrumented org.apache.commons.compress.archivers.zip.NioZipEncoding (took 10 ms, size +24%)
#4360	REDUCE cov: 298 ft: 333 corp: 19/78b lim: 29 exec/s: 2180 rss: 1147Mb L: 7/9 MS: 6 CMP-Custom-ChangeByte-Custom-EraseBytes-Custom- DE: "dump"-
#4416	NEW    cov: 299 ft: 335 corp: 20/82b lim: 29 exec/s: 2208 rss: 1147Mb L: 4/9 MS: 2 ShuffleBytes-Custom-
#4947	NEW    cov: 304 ft: 340 corp: 21/115b lim: 33 exec/s: 2473 rss: 1148Mb L: 33/33 MS: 2 InsertRepeatedBytes-Custom-
#4953	NEW    cov: 305 ft: 341 corp: 22/148b lim: 33 exec/s: 2476 rss: 1148Mb L: 33/33 MS: 2 ChangeBit-Custom-
INFO: Instrumented org.apache.commons.compress.archivers.dump.DumpArchiveUtil (took 5 ms, size +26%)
#5255	NEW    cov: 338 ft: 374 corp: 23/153b lim: 33 exec/s: 2627 rss: 1148Mb L: 5/33 MS: 4 InsertByte-Custom-PersAutoDict-Custom- DE: "dump"-
INFO: Instrumented org.apache.commons.compress.archivers.dump.TapeInputStream (took 33 ms, size +21%)
INFO: Instrumented org.apache.commons.compress.archivers.dump.ShortFileException (took 3 ms, size +45%)
INFO: Instrumented org.apache.commons.compress.archivers.dump.UnsupportedCompressionAlgorithmException (took 3 ms, size +32%)
#5860	NEW    cov: 338 ft: 414 corp: 24/191b lim: 38 exec/s: 2930 rss: 1148Mb L: 38/38 MS: 10 ChangeBinInt-Custom-CopyPart-Custom-ShuffleBytes-Custom-ChangeBinInt-Custom-InsertRepeatedBytes-Custom-
#5934	NEW    cov: 338 ft: 417 corp: 25/229b lim: 38 exec/s: 2967 rss: 1148Mb L: 38/38 MS: 8 CrossOver-Custom-CopyPart-Custom-CopyPart-Custom-InsertRepeatedBytes-Custom-
#6306	NEW    cov: 340 ft: 419 corp: 26/234b lim: 38 exec/s: 3153 rss: 1148Mb L: 5/38 MS: 4 CrossOver-Custom-PersAutoDict-Custom- DE: "dump"-
#6433	NEW    cov: 341 ft: 420 corp: 27/241b lim: 38 exec/s: 3216 rss: 1149Mb L: 7/38 MS: 4 PersAutoDict-Custom-ChangeBit-Custom- DE: "jar"-
#6941	NEW    cov: 341 ft: 423 corp: 28/281b lim: 43 exec/s: 3470 rss: 1151Mb L: 40/40 MS: 6 ChangeByte-Custom-ShuffleBytes-Custom-CopyPart-Custom-
#7082	NEW    cov: 341 ft: 424 corp: 29/324b lim: 43 exec/s: 3541 rss: 1151Mb L: 43/43 MS: 2 CMP-Custom- DE: "zip"-
#7459	NEW    cov: 343 ft: 426 corp: 30/328b lim: 43 exec/s: 3729 rss: 1151Mb L: 4/43 MS: 4 ChangeBit-Custom-PersAutoDict-Custom- DE: "zip"-
#7988	REDUCE cov: 343 ft: 426 corp: 30/327b lim: 48 exec/s: 2662 rss: 1168Mb L: 42/42 MS: 8 ShuffleBytes-Custom-EraseBytes-Custom-ChangeByte-Custom-InsertRepeatedBytes-Custom-
#8192	pulse  cov: 343 ft: 426 corp: 30/327b lim: 48 exec/s: 2730 rss: 1168Mb
#8204	NEW    cov: 347 ft: 430 corp: 31/332b lim: 48 exec/s: 2734 rss: 1168Mb L: 5/42 MS: 2 CMP-Custom- DE: "cpio"-
#9565	NEW    cov: 359 ft: 442 corp: 32/337b lim: 58 exec/s: 3188 rss: 1168Mb L: 5/42 MS: 2 ChangeByte-Custom-
#9767	NEW    cov: 359 ft: 443 corp: 33/342b lim: 58 exec/s: 3255 rss: 1168Mb L: 5/42 MS: 4 EraseBytes-Custom-CMP-Custom- DE: "cpio"-
#9839	NEW    cov: 360 ft: 444 corp: 34/349b lim: 58 exec/s: 3279 rss: 1168Mb L: 7/42 MS: 4 ChangeBinInt-Custom-ShuffleBytes-Custom-
#11015	REDUCE cov: 360 ft: 449 corp: 35/415b lim: 68 exec/s: 3671 rss: 1168Mb L: 66/66 MS: 2 InsertRepeatedBytes-Custom-
#11804	NEW    cov: 360 ft: 481 corp: 36/482b lim: 74 exec/s: 3934 rss: 1169Mb L: 67/67 MS: 8 CopyPart-Custom-CopyPart-Custom-CopyPart-Custom-InsertRepeatedBytes-Custom-
#12023	NEW    cov: 360 ft: 484 corp: 37/552b lim: 74 exec/s: 4007 rss: 1169Mb L: 70/70 MS: 8 ChangeByte-Custom-ChangeBit-Custom-ShuffleBytes-Custom-CopyPart-Custom-
#12223	REDUCE cov: 360 ft: 484 corp: 37/551b lim: 74 exec/s: 4074 rss: 1169Mb L: 37/70 MS: 10 ChangeByte-Custom-CMP-Custom-InsertByte-Custom-InsertRepeatedBytes-Custom-EraseBytes-Custom- DE: "\005\000\000\000"-
#12228	DONE   cov: 360 ft: 484 corp: 37/551b lim: 74 exec/s: 3057 rss: 1169Mb
###### Recommended dictionary. ######
"jar" # Uses: 264
"tar" # Uses: 203
"dump" # Uses: 170
"zip" # Uses: 94
"cpio" # Uses: 82
"\005\000\000\000" # Uses: 0
###### End of recommended dictionary. ######
Done 12228 runs in 4 second(s)
[INFO] Tests run: 2, Failures: 0, Errors: 0, Skipped: 0, Time elapsed: 16.91 s -- in com.example.algorithm2.Algorithm2Test
[INFO] 
[INFO] Results:
[INFO] 
[INFO] Tests run: 2, Failures: 0, Errors: 0, Skipped: 0
[INFO] 
[INFO] 
[INFO] --- jacoco:0.8.11:report (default-cli) @ AlgorithmName2 ---
[INFO] Loading execution data file /tmp/bugrun/compress_16.Y7S79m/target/jacoco.exec
[INFO] Analyzed bundle 'AlgorithmName2' with 118 classes
[INFO] ------------------------------------------------------------------------
[INFO] BUILD SUCCESS
[INFO] ------------------------------------------------------------------------
[INFO] Total time:  37.778 s
[INFO] Finished at: 2026-10-06T02:46:30+07:00
[INFO] ------------------------------------------------------------------------
