[INFO] Scanning for projects...
[INFO] 
[INFO] ---------------------< com.example:AlgorithmName2 >---------------------
[INFO] Building AlgorithmName2 1.0-SNAPSHOT
[INFO]   from pom.xml
[INFO] --------------------------------[ jar ]---------------------------------
[INFO] 
[INFO] --- jacoco:0.8.11:prepare-agent (default) @ AlgorithmName2 ---
[INFO] argLine set to -javaagent:/home/kanyaphak673380391-3/.m2/repository/org/jacoco/org.jacoco.agent/0.8.11/org.jacoco.agent-0.8.11-runtime.jar=destfile=/tmp/bugrun/lang_40.9xnMKa/target/jacoco.exec
[INFO] 
[INFO] --- resources:3.4.0:resources (default-resources) @ AlgorithmName2 ---
[INFO] Copying 1 resource from src/main/resources to target/classes
[INFO] 
[INFO] --- compiler:3.15.0:compile (default-compile) @ AlgorithmName2 ---
[INFO] Recompiling the module because of changed source code.
[INFO] Compiling 1 source file with javac [debug target 1.8] to target/classes
[WARNING] bootstrap class path not set in conjunction with -source 8
[INFO] 
[INFO] --- dependency:3.6.0:unpack-dependencies (unpack-defects4j) @ AlgorithmName2 ---
[INFO] 
[INFO] --- resources:3.4.0:testResources (default-testResources) @ AlgorithmName2 ---
[INFO] skip non existing resourceDirectory /tmp/bugrun/lang_40.9xnMKa/src/test/resources
[INFO] 
[INFO] --- compiler:3.15.0:testCompile (default-testCompile) @ AlgorithmName2 ---
[INFO] Recompiling the module because of changed dependency.
[INFO] Compiling 1 source file with javac [debug target 1.8] to target/test-classes
[WARNING] bootstrap class path not set in conjunction with -source 8
[INFO] 
[INFO] --- surefire:3.1.2:test (default-cli) @ AlgorithmName2 ---
[INFO] Using auto detected provider org.apache.maven.surefire.junitplatform.JUnitPlatformProvider
[INFO] 
[INFO] -------------------------------------------------------
[INFO]  T E S T S
[INFO] -------------------------------------------------------
[INFO] Running com.example.algorithm2.Algorithm2Test
OpenJDK 64-Bit Server VM warning: Sharing is only supported for boot loader classes because bootstrap classpath has been appended
INFO: Loaded 289 hooks from com.code_intelligence.jazzer.runtime.TraceCmpHooks
INFO: Loaded 5 hooks from com.code_intelligence.jazzer.runtime.TraceDivHooks
INFO: Loaded 2 hooks from com.code_intelligence.jazzer.runtime.TraceIndirHooks
INFO: Loaded 4 hooks from com.code_intelligence.jazzer.runtime.NativeLibHooks
INFO: Loaded 2 hooks from com.code_intelligence.jazzer.sanitizers.ClojureLangHooks
INFO: Loaded 5 hooks from com.code_intelligence.jazzer.sanitizers.Deserialization
INFO: Loaded 5 hooks from com.code_intelligence.jazzer.sanitizers.ExpressionLanguageInjection
INFO: Loaded 70 hooks from com.code_intelligence.jazzer.sanitizers.LdapInjection
INFO: Loaded 46 hooks from com.code_intelligence.jazzer.sanitizers.NamingContextLookup
INFO: Loaded 1 hooks from com.code_intelligence.jazzer.sanitizers.OsCommandInjection
INFO: Loaded 52 hooks from com.code_intelligence.jazzer.sanitizers.ReflectiveCall
INFO: Loaded 8 hooks from com.code_intelligence.jazzer.sanitizers.RegexInjection
INFO: Loaded 16 hooks from com.code_intelligence.jazzer.sanitizers.RegexRoadblocks
INFO: Loaded 18 hooks from com.code_intelligence.jazzer.sanitizers.ScriptEngineInjection
INFO: Loaded 2 hooks from com.code_intelligence.jazzer.sanitizers.ServerSideRequestForgery
INFO: Loaded 19 hooks from com.code_intelligence.jazzer.sanitizers.SqlInjection
INFO: Loaded 6 hooks from com.code_intelligence.jazzer.sanitizers.XPathInjection
INFO: Instrumented com.example.algorithm2.Algorithm2Test$Skip (took 159 ms, size +44%)
INFO: Instrumented com.example.algorithm2.Algorithm2Test (took 112 ms, size +27%)
INFO: New number of coverage counters: 1024
INFO: New number of coverage counters: 2048
INFO: Instrumented org.apache.commons.lang.StringUtils (took 353 ms, size +32%)
[harness] Fallback target loaded: org.apache.commons.lang.StringUtils (original was org.apache.commons.lang3.StringUtils)
[harness] target=org.apache.commons.lang.StringUtils factories=1 methods=141
INFO: found LLVMFuzzerCustomMutator (0x7b6382a70cd0). Disabling -len_control by default.
INFO: Running with entropic power schedule (0xFF, 100).
INFO: Seed: 135297059
INFO: Loaded 3 modules   (2048 inline 8-bit counters): 512 [0x7b647cc2d190, 0x7b647cc2d390), 512 [0x7b647cc2d390, 0x7b647cc2d590), 1024 [0x7b647cc2d590, 0x7b647cc2d990), 
INFO: Loaded 3 PC tables (2048 PCs): 512 [0x7b647cb89f50,0x7b647cb8bf50), 512 [0x7b647c4da190,0x7b647c4dc190), 1024 [0x7b647c76f830,0x7b647c773830), 
INFO:        0 files found in /tmp/bugrun/lang_40.9xnMKa/.cifuzz-corpus/com.example.algorithm2.Algorithm2Test/testParameterizedFuzzer
INFO:        0 files found in /tmp/jazzer-java-seeds8749695379987418437
INFO: -max_len is not provided; libFuzzer will not generate inputs larger than 4096 bytes
INFO: using inputs from: /tmp/bugrun/lang_40.9xnMKa/.cifuzz-corpus/com.example.algorithm2.Algorithm2Test/testParameterizedFuzzer
INFO: using inputs from: /tmp/jazzer-java-seeds8749695379987418437
INFO: A corpus is not provided, starting from an empty corpus
#2	INITED cov: 36 ft: 36 corp: 1/1b exec/s: 0 rss: 849Mb
#8	NEW    cov: 39 ft: 39 corp: 2/2b lim: 4 exec/s: 0 rss: 849Mb L: 1/1 MS: 2 ChangeBinInt-Custom-
#9	NEW    cov: 40 ft: 42 corp: 3/3b lim: 4 exec/s: 0 rss: 849Mb L: 1/1 MS: 2 ChangeBit-Custom-
#12	NEW    cov: 42 ft: 44 corp: 4/7b lim: 4 exec/s: 0 rss: 849Mb L: 4/4 MS: 6 CrossOver-Custom-CrossOver-Custom-CrossOver-Custom-
INFO: New number of coverage counters: 4096
INFO: Instrumented org.apache.commons.lang.ArrayUtils (took 186 ms, size +20%)
#18	NEW    cov: 56 ft: 58 corp: 5/8b lim: 4 exec/s: 0 rss: 850Mb L: 1/4 MS: 2 ChangeBit-Custom-
#22	NEW    cov: 58 ft: 60 corp: 6/12b lim: 4 exec/s: 0 rss: 850Mb L: 4/4 MS: 8 CrossOver-Custom-CopyPart-Custom-ChangeBit-Custom-CMP-Custom- DE: "\000\000\000\226"-
#25	NEW    cov: 61 ft: 63 corp: 7/13b lim: 4 exec/s: 0 rss: 850Mb L: 1/4 MS: 6 CrossOver-Custom-ShuffleBytes-Custom-ChangeByte-Custom-
#26	NEW    cov: 68 ft: 70 corp: 8/14b lim: 4 exec/s: 0 rss: 850Mb L: 1/4 MS: 2 ChangeBit-Custom-
#27	NEW    cov: 68 ft: 71 corp: 9/16b lim: 4 exec/s: 0 rss: 850Mb L: 2/4 MS: 2 InsertByte-Custom-
#29	NEW    cov: 74 ft: 77 corp: 10/18b lim: 4 exec/s: 0 rss: 850Mb L: 2/4 MS: 4 ShuffleBytes-Custom-InsertByte-Custom-
#37	NEW    cov: 87 ft: 92 corp: 11/19b lim: 4 exec/s: 0 rss: 851Mb L: 1/4 MS: 6 ShuffleBytes-Custom-InsertByte-Custom-EraseBytes-Custom-
#44	NEW    cov: 103 ft: 108 corp: 12/21b lim: 4 exec/s: 0 rss: 851Mb L: 2/4 MS: 4 InsertByte-Custom-ChangeByte-Custom-
#45	NEW    cov: 112 ft: 117 corp: 13/22b lim: 4 exec/s: 0 rss: 851Mb L: 1/4 MS: 2 ChangeByte-Custom-
#48	NEW    cov: 113 ft: 118 corp: 14/23b lim: 4 exec/s: 0 rss: 851Mb L: 1/4 MS: 6 ShuffleBytes-Custom-CopyPart-Custom-ChangeByte-Custom-
#50	NEW    cov: 116 ft: 121 corp: 15/26b lim: 4 exec/s: 0 rss: 851Mb L: 3/4 MS: 4 ShuffleBytes-Custom-InsertByte-Custom-
#60	NEW    cov: 119 ft: 124 corp: 16/29b lim: 4 exec/s: 0 rss: 851Mb L: 3/4 MS: 10 ShuffleBytes-Custom-CrossOver-Custom-CopyPart-Custom-ShuffleBytes-Custom-InsertByte-Custom-
#64	NEW    cov: 124 ft: 129 corp: 17/32b lim: 4 exec/s: 0 rss: 851Mb L: 3/4 MS: 8 ShuffleBytes-Custom-InsertByte-Custom-ChangeBinInt-Custom-CopyPart-Custom-
#65	REDUCE cov: 124 ft: 129 corp: 17/31b lim: 4 exec/s: 0 rss: 851Mb L: 2/4 MS: 2 EraseBytes-Custom-
#69	NEW    cov: 126 ft: 131 corp: 18/33b lim: 4 exec/s: 0 rss: 851Mb L: 2/4 MS: 8 CrossOver-Custom-ShuffleBytes-Custom-CopyPart-Custom-ChangeByte-Custom-
#70	NEW    cov: 137 ft: 142 corp: 19/35b lim: 4 exec/s: 0 rss: 851Mb L: 2/4 MS: 2 InsertByte-Custom-
#71	NEW    cov: 139 ft: 144 corp: 20/36b lim: 4 exec/s: 0 rss: 851Mb L: 1/4 MS: 2 ChangeBit-Custom-
#77	NEW    cov: 146 ft: 153 corp: 21/38b lim: 4 exec/s: 0 rss: 851Mb L: 2/4 MS: 2 InsertByte-Custom-
#79	NEW    cov: 149 ft: 162 corp: 22/41b lim: 4 exec/s: 0 rss: 851Mb L: 3/4 MS: 4 InsertByte-Custom-InsertByte-Custom-
#81	NEW    cov: 150 ft: 163 corp: 23/44b lim: 4 exec/s: 0 rss: 851Mb L: 3/4 MS: 4 ChangeBit-Custom-ChangeBit-Custom-
#89	REDUCE cov: 150 ft: 163 corp: 23/43b lim: 4 exec/s: 0 rss: 851Mb L: 1/4 MS: 6 ShuffleBytes-Custom-ShuffleBytes-Custom-CrossOver-Custom-
#92	NEW    cov: 164 ft: 179 corp: 24/45b lim: 4 exec/s: 0 rss: 851Mb L: 2/4 MS: 6 ShuffleBytes-Custom-ShuffleBytes-Custom-CrossOver-Custom-
#105	NEW    cov: 166 ft: 181 corp: 25/46b lim: 4 exec/s: 0 rss: 851Mb L: 1/4 MS: 6 ChangeBit-Custom-CrossOver-Custom-ChangeBit-Custom-
#106	NEW    cov: 169 ft: 188 corp: 26/48b lim: 4 exec/s: 0 rss: 851Mb L: 2/4 MS: 2 ChangeBit-Custom-
#111	NEW    cov: 170 ft: 190 corp: 27/52b lim: 4 exec/s: 0 rss: 851Mb L: 4/4 MS: 10 InsertByte-Custom-InsertByte-Custom-ChangeBinInt-Custom-ChangeBit-Custom-CrossOver-Custom-
#112	NEW    cov: 172 ft: 192 corp: 28/53b lim: 4 exec/s: 0 rss: 851Mb L: 1/4 MS: 2 ChangeByte-Custom-
#115	NEW    cov: 175 ft: 195 corp: 29/54b lim: 4 exec/s: 0 rss: 851Mb L: 1/4 MS: 6 ShuffleBytes-Custom-CopyPart-Custom-ChangeByte-Custom-
#118	NEW    cov: 177 ft: 197 corp: 30/55b lim: 4 exec/s: 0 rss: 851Mb L: 1/4 MS: 6 ShuffleBytes-Custom-CrossOver-Custom-ChangeBinInt-Custom-
#119	NEW    cov: 181 ft: 201 corp: 31/57b lim: 4 exec/s: 0 rss: 851Mb L: 2/4 MS: 2 InsertByte-Custom-
#121	NEW    cov: 181 ft: 202 corp: 32/60b lim: 4 exec/s: 0 rss: 851Mb L: 3/4 MS: 4 CopyPart-Custom-InsertByte-Custom-
#123	NEW    cov: 181 ft: 206 corp: 33/62b lim: 4 exec/s: 0 rss: 851Mb L: 2/4 MS: 4 CopyPart-Custom-ChangeByte-Custom-
#124	NEW    cov: 188 ft: 213 corp: 34/64b lim: 4 exec/s: 0 rss: 851Mb L: 2/4 MS: 2 ShuffleBytes-Custom-
#127	NEW    cov: 199 ft: 224 corp: 35/68b lim: 4 exec/s: 0 rss: 851Mb L: 4/4 MS: 6 InsertByte-Custom-ShuffleBytes-Custom-InsertByte-Custom-
#133	NEW    cov: 202 ft: 229 corp: 36/72b lim: 4 exec/s: 0 rss: 851Mb L: 4/4 MS: 2 ChangeBit-Custom-
#145	NEW    cov: 203 ft: 230 corp: 37/76b lim: 4 exec/s: 0 rss: 851Mb L: 4/4 MS: 4 CopyPart-Custom-CopyPart-Custom-
#147	REDUCE cov: 208 ft: 235 corp: 38/80b lim: 4 exec/s: 0 rss: 851Mb L: 4/4 MS: 4 CrossOver-Custom-ChangeBit-Custom-
#149	NEW    cov: 218 ft: 245 corp: 39/83b lim: 4 exec/s: 0 rss: 851Mb L: 3/4 MS: 4 ShuffleBytes-Custom-CrossOver-Custom-
#152	NEW    cov: 221 ft: 248 corp: 40/85b lim: 4 exec/s: 0 rss: 851Mb L: 2/4 MS: 6 ShuffleBytes-Custom-CrossOver-Custom-ChangeByte-Custom-
#166	NEW    cov: 226 ft: 253 corp: 41/88b lim: 4 exec/s: 0 rss: 851Mb L: 3/4 MS: 8 ChangeBinInt-Custom-CopyPart-Custom-EraseBytes-Custom-ChangeBinInt-Custom-
#175	NEW    cov: 230 ft: 257 corp: 42/91b lim: 4 exec/s: 0 rss: 851Mb L: 3/4 MS: 8 CopyPart-Custom-InsertByte-Custom-ChangeBit-Custom-ChangeByte-Custom-
#182	NEW    cov: 232 ft: 259 corp: 43/94b lim: 4 exec/s: 0 rss: 851Mb L: 3/4 MS: 4 CrossOver-Custom-ShuffleBytes-Custom-
#186	REDUCE cov: 232 ft: 260 corp: 44/98b lim: 4 exec/s: 0 rss: 851Mb L: 4/4 MS: 8 InsertByte-Custom-ChangeASCIIInt-Custom-ChangeBit-Custom-InsertByte-Custom-
#189	NEW    cov: 239 ft: 267 corp: 45/101b lim: 4 exec/s: 0 rss: 851Mb L: 3/4 MS: 6 CopyPart-Custom-EraseBytes-Custom-CrossOver-Custom-
#191	NEW    cov: 241 ft: 269 corp: 46/105b lim: 4 exec/s: 0 rss: 851Mb L: 4/4 MS: 4 CrossOver-Custom-CrossOver-Custom-
#198	NEW    cov: 244 ft: 272 corp: 47/106b lim: 4 exec/s: 0 rss: 851Mb L: 1/4 MS: 4 EraseBytes-Custom-ChangeByte-Custom-
INFO: Instrumented org.apache.commons.lang.ObjectUtils (took 22 ms, size +26%)
INFO: #208	NEW    cov: 247 ft: 275 corp: 48/108b lim: 4 exec/s: 0 rss: 851Mb L: 2/4 MS: 10 CrossOver-Custom-CopyPart-Custom-ChangeBit-Custom-ChangeBit-Custom-CopyPart-Custom-
#209	NEW    cov: 249 ft: 277 corp: 49/109b lim: 4 exec/s: 0 rss: 851Mb L: 1/4 MS: 2 ChangeBit-Custom-
#215	NEW    cov: 251 ft: 279 corp: 50/111b lim: 4 exec/s: 0 rss: 851Mb L: 2/4 MS: 2 ChangeByte-Custom-
#218	NEW    cov: 255 ft: 283 corp: 51/114b lim: 4 exec/s: 0 rss: 851Mb L: 3/4 MS: 6 CrossOver-Custom-CrossOver-Custom-ChangeBit-Custom-
Instrumented org.apache.commons.lang.ObjectUtils$Null (took 3 ms, size +43%)
#235	NEW    cov: 257 ft: 285 corp: 52/116b lim: 4 exec/s: 0 rss: 851Mb L: 2/4 MS: 4 ChangeByte-Custom-ChangeBit-Custom-
#238	NEW    cov: 258 ft: 286 corp: 53/118b lim: 4 exec/s: 0 rss: 851Mb L: 2/4 MS: 6 CrossOver-Custom-CrossOver-Custom-ShuffleBytes-Custom-
#239	REDUCE cov: 258 ft: 286 corp: 53/117b lim: 4 exec/s: 0 rss: 851Mb L: 1/4 MS: 2 EraseBytes-Custom-
#248	NEW    cov: 261 ft: 289 corp: 54/121b lim: 4 exec/s: 0 rss: 851Mb L: 4/4 MS: 8 CopyPart-Custom-CopyPart-Custom-EraseBytes-Custom-CopyPart-Custom-
#258	NEW    cov: 262 ft: 290 corp: 55/125b lim: 4 exec/s: 0 rss: 851Mb L: 4/4 MS: 10 ChangeBinInt-Custom-CopyPart-Custom-ShuffleBytes-Custom-CrossOver-Custom-ChangeBinInt-Custom-
#265	NEW    cov: 263 ft: 291 corp: 56/127b lim: 4 exec/s: 0 rss: 851Mb L: 2/4 MS: 4 CopyPart-Custom-ChangeBit-Custom-
#276	NEW    cov: 266 ft: 294 corp: 57/130b lim: 4 exec/s: 0 rss: 851Mb L: 3/4 MS: 2 InsertByte-Custom-
#281	NEW    cov: 266 ft: 301 corp: 58/132b lim: 4 exec/s: 0 rss: 851Mb L: 2/4 MS: 10 ShuffleBytes-Custom-InsertByte-Custom-EraseBytes-Custom-InsertByte-Custom-ChangeByte-Custom-
#285	NEW    cov: 266 ft: 303 corp: 59/134b lim: 4 exec/s: 0 rss: 851Mb L: 2/4 MS: 8 PersAutoDict-Custom-PersAutoDict-Custom-CrossOver-Custom-ShuffleBytes-Custom- DE: "\000\000\000\226"-"\000\000\000\226"-
#286	NEW    cov: 269 ft: 306 corp: 60/137b lim: 4 exec/s: 0 rss: 851Mb L: 3/4 MS: 2 CopyPart-Custom-
#294	REDUCE cov: 269 ft: 306 corp: 60/136b lim: 4 exec/s: 0 rss: 851Mb L: 2/4 MS: 6 ShuffleBytes-Custom-ChangeByte-Custom-EraseBytes-Custom-
#295	NEW    cov: 274 ft: 312 corp: 61/139b lim: 4 exec/s: 0 rss: 851Mb L: 3/4 MS: 2 CrossOver-Custom-
#298	NEW    cov: 276 ft: 314 corp: 62/140b lim: 4 exec/s: 0 rss: 851Mb L: 1/4 MS: 6 ChangeByte-Custom-EraseBytes-Custom-ChangeBit-Custom-
#299	NEW    cov: 277 ft: 315 corp: 63/143b lim: 4 exec/s: 0 rss: 851Mb L: 3/4 MS: 2 ShuffleBytes-Custom-
#301	NEW    cov: 281 ft: 319 corp: 64/146b lim: 4 exec/s: 0 rss: 851Mb L: 3/4 MS: 4 CopyPart-Custom-ChangeByte-Custom-
#302	NEW    cov: 282 ft: 320 corp: 65/149b lim: 4 exec/s: 0 rss: 851Mb L: 3/4 MS: 2 CrossOver-Custom-
#308	REDUCE cov: 283 ft: 321 corp: 66/150b lim: 4 exec/s: 0 rss: 851Mb L: 1/4 MS: 2 ChangeByte-Custom-
#311	REDUCE cov: 283 ft: 321 corp: 66/149b lim: 4 exec/s: 0 rss: 851Mb L: 1/4 MS: 6 ChangeBit-Custom-ChangeBit-Custom-EraseBytes-Custom-
#314	NEW    cov: 285 ft: 323 corp: 67/153b lim: 4 exec/s: 0 rss: 851Mb L: 4/4 MS: 6 ChangeByte-Custom-CopyPart-Custom-ChangeBinInt-Custom-
#317	NEW    cov: 288 ft: 326 corp: 68/157b lim: 4 exec/s: 0 rss: 851Mb L: 4/4 MS: 6 ChangeByte-Custom-ShuffleBytes-Custom-ChangeBit-Custom-
#320	REDUCE cov: 290 ft: 328 corp: 69/158b lim: 4 exec/s: 0 rss: 852Mb L: 1/4 MS: 6 ChangeByte-Custom-ChangeBit-Custom-ChangeBit-Custom-
#334	NEW    cov: 292 ft: 330 corp: 70/162b lim: 4 exec/s: 0 rss: 852Mb L: 4/4 MS: 8 CrossOver-Custom-InsertByte-Custom-ChangeBinInt-Custom-ChangeBit-Custom-
#335	NEW    cov: 294 ft: 332 corp: 71/163b lim: 4 exec/s: 0 rss: 852Mb L: 1/4 MS: 2 ChangeBit-Custom-
#340	NEW    cov: 295 ft: 333 corp: 72/166b lim: 4 exec/s: 0 rss: 852Mb L: 3/4 MS: 10 ChangeBinInt-Custom-CopyPart-Custom-EraseBytes-Custom-ChangeBinInt-Custom-InsertByte-Custom-
#344	NEW    cov: 296 ft: 334 corp: 73/167b lim: 4 exec/s: 0 rss: 852Mb L: 1/4 MS: 8 CrossOver-Custom-CopyPart-Custom-EraseBytes-Custom-ChangeBit-Custom-
#346	NEW    cov: 297 ft: 335 corp: 74/170b lim: 4 exec/s: 0 rss: 852Mb L: 3/4 MS: 4 ChangeByte-Custom-InsertByte-Custom-
#351	NEW    cov: 302 ft: 340 corp: 75/174b lim: 4 exec/s: 0 rss: 852Mb L: 4/4 MS: 10 ChangeByte-Custom-CopyPart-Custom-ShuffleBytes-Custom-ShuffleBytes-Custom-ChangeBinInt-Custom-
#353	NEW    cov: 304 ft: 342 corp: 76/176b lim: 4 exec/s: 0 rss: 852Mb L: 2/4 MS: 4 EraseBytes-Custom-InsertByte-Custom-
#361	NEW    cov: 306 ft: 344 corp: 77/179b lim: 4 exec/s: 0 rss: 852Mb L: 3/4 MS: 6 ChangeByte-Custom-ChangeBit-Custom-InsertByte-Custom-
#366	NEW    cov: 311 ft: 349 corp: 78/183b lim: 4 exec/s: 0 rss: 852Mb L: 4/4 MS: 10 CMP-Custom-ChangeByte-Custom-ChangeByte-Custom-ShuffleBytes-Custom-ChangeBinInt-Custom- DE: "\000\226"-
#369	NEW    cov: 312 ft: 350 corp: 79/185b lim: 4 exec/s: 0 rss: 852Mb L: 2/4 MS: 6 EraseBytes-Custom-CrossOver-Custom-PersAutoDict-Custom- DE: "\000\226"-
#370	NEW    cov: 315 ft: 353 corp: 80/186b lim: 4 exec/s: 0 rss: 852Mb L: 1/4 MS: 2 ChangeByte-Custom-
#371	REDUCE cov: 315 ft: 353 corp: 80/185b lim: 4 exec/s: 0 rss: 852Mb L: 1/4 MS: 2 EraseBytes-Custom-
#373	NEW    cov: 318 ft: 356 corp: 81/187b lim: 4 exec/s: 0 rss: 852Mb L: 2/4 MS: 4 CopyPart-Custom-ChangeByte-Custom-
#375	NEW    cov: 318 ft: 359 corp: 82/191b lim: 4 exec/s: 0 rss: 852Mb L: 4/4 MS: 4 InsertByte-Custom-InsertByte-Custom-
#379	NEW    cov: 320 ft: 361 corp: 83/192b lim: 4 exec/s: 0 rss: 852Mb L: 1/4 MS: 8 CopyPart-Custom-EraseBytes-Custom-EraseBytes-Custom-ChangeBit-Custom-
#398	NEW    cov: 324 ft: 365 corp: 84/195b lim: 4 exec/s: 0 rss: 852Mb L: 3/4 MS: 8 ChangeByte-Custom-CopyPart-Custom-ChangeBit-Custom-InsertByte-Custom-
#401	NEW    cov: 325 ft: 366 corp: 85/199b lim: 4 exec/s: 0 rss: 852Mb L: 4/4 MS: 6 ShuffleBytes-Custom-PersAutoDict-Custom-ChangeByte-Custom- DE: "\000\000\000\226"-
#412	NEW    cov: 326 ft: 367 corp: 86/201b lim: 4 exec/s: 0 rss: 852Mb L: 2/4 MS: 2 EraseBytes-Custom-
#414	NEW    cov: 329 ft: 370 corp: 87/203b lim: 4 exec/s: 0 rss: 852Mb L: 2/4 MS: 4 EraseBytes-Custom-InsertByte-Custom-
#415	NEW    cov: 329 ft: 374 corp: 88/207b lim: 4 exec/s: 0 rss: 852Mb L: 4/4 MS: 2 InsertByte-Custom-
#418	NEW    cov: 332 ft: 377 corp: 89/208b lim: 4 exec/s: 0 rss: 852Mb L: 1/4 MS: 6 ShuffleBytes-Custom-EraseBytes-Custom-ChangeBinInt-Custom-
#452	NEW    cov: 335 ft: 380 corp: 90/210b lim: 4 exec/s: 0 rss: 852Mb L: 2/4 MS: 8 ChangeBit-Custom-CopyPart-Custom-CopyPart-Custom-EraseBytes-Custom-
#457	REDUCE cov: 344 ft: 389 corp: 91/213b lim: 4 exec/s: 0 rss: 852Mb L: 3/4 MS: 10 ShuffleBytes-Custom-ChangeBinInt-Custom-ChangeBit-Custom-InsertByte-Custom-ChangeByte-Custom-
#464	NEW    cov: 348 ft: 393 corp: 92/214b lim: 4 exec/s: 0 rss: 853Mb L: 1/4 MS: 4 ShuffleBytes-Custom-ChangeBit-Custom-
#465	NEW    cov: 350 ft: 395 corp: 93/215b lim: 4 exec/s: 0 rss: 853Mb L: 1/4 MS: 2 ChangeBit-Custom-
#466	NEW    cov: 352 ft: 397 corp: 94/218b lim: 4 exec/s: 0 rss: 853Mb L: 3/4 MS: 2 ShuffleBytes-Custom-
#486	NEW    cov: 352 ft: 399 corp: 95/222b lim: 4 exec/s: 0 rss: 853Mb L: 4/4 MS: 10 InsertByte-Custom-ShuffleBytes-Custom-EraseBytes-Custom-CopyPart-Custom-CopyPart-Custom-
#488	NEW    cov: 355 ft: 402 corp: 96/223b lim: 4 exec/s: 0 rss: 853Mb L: 1/4 MS: 4 ShuffleBytes-Custom-ChangeBit-Custom-
#490	NEW    cov: 355 ft: 407 corp: 97/225b lim: 4 exec/s: 0 rss: 853Mb L: 2/4 MS: 4 ChangeByte-Custom-EraseBytes-Custom-
#496	REDUCE cov: 358 ft: 410 corp: 98/227b lim: 4 exec/s: 0 rss: 853Mb L: 2/4 MS: 2 InsertByte-Custom-
#503	REDUCE cov: 361 ft: 413 corp: 99/228b lim: 4 exec/s: 0 rss: 853Mb L: 1/4 MS: 4 ChangeBit-Custom-ChangeByte-Custom-
#507	NEW    cov: 363 ft: 415 corp: 100/229b lim: 4 exec/s: 0 rss: 853Mb L: 1/4 MS: 8 EraseBytes-Custom-EraseBytes-Custom-ChangeBit-Custom-ChangeBit-Custom-
#517	NEW    cov: 365 ft: 417 corp: 101/231b lim: 4 exec/s: 0 rss: 853Mb L: 2/4 MS: 10 CopyPart-Custom-EraseBytes-Custom-ShuffleBytes-Custom-EraseBytes-Custom-InsertByte-Custom-
#518	NEW    cov: 367 ft: 419 corp: 102/233b lim: 4 exec/s: 0 rss: 853Mb L: 2/4 MS: 2 ChangeBit-Custom-
#521	NEW    cov: 368 ft: 420 corp: 103/234b lim: 4 exec/s: 0 rss: 853Mb L: 1/4 MS: 6 ShuffleBytes-Custom-CrossOver-Custom-ChangeBit-Custom-
#522	REDUCE cov: 370 ft: 422 corp: 104/236b lim: 4 exec/s: 0 rss: 853Mb L: 2/4 MS: 2 InsertByte-Custom-
#528	NEW    cov: 373 ft: 425 corp: 105/237b lim: 4 exec/s: 0 rss: 853Mb L: 1/4 MS: 2 ChangeByte-Custom-
#561	NEW    cov: 383 ft: 435 corp: 106/241b lim: 4 exec/s: 0 rss: 853Mb L: 4/4 MS: 6 ShuffleBytes-Custom-EraseBytes-Custom-CrossOver-Custom-
#563	NEW    cov: 389 ft: 441 corp: 107/245b lim: 4 exec/s: 0 rss: 853Mb L: 4/4 MS: 4 CopyPart-Custom-InsertByte-Custom-
#577	NEW    cov: 390 ft: 442 corp: 108/248b lim: 4 exec/s: 0 rss: 853Mb L: 3/4 MS: 8 EraseBytes-Custom-ShuffleBytes-Custom-CrossOver-Custom-ChangeByte-Custom-
#587	NEW    cov: 392 ft: 444 corp: 109/252b lim: 4 exec/s: 0 rss: 853Mb L: 4/4 MS: 10 ChangeBinInt-Custom-ChangeByte-Custom-CopyPart-Custom-ChangeByte-Custom-CrossOver-Custom-
#588	NEW    cov: 394 ft: 446 corp: 110/255b lim: 4 exec/s: 0 rss: 853Mb L: 3/4 MS: 2 ChangeBit-Custom-
#597	NEW    cov: 396 ft: 449 corp: 111/259b lim: 4 exec/s: 0 rss: 853Mb L: 4/4 MS: 8 InsertByte-Custom-ChangeBit-Custom-ShuffleBytes-Custom-ShuffleBytes-Custom-
#604	NEW    cov: 398 ft: 451 corp: 112/263b lim: 4 exec/s: 0 rss: 854Mb L: 4/4 MS: 4 ChangeBinInt-Custom-ChangeBinInt-Custom-
#631	NEW    cov: 402 ft: 461 corp: 113/265b lim: 4 exec/s: 0 rss: 854Mb L: 2/4 MS: 4 EraseBytes-Custom-InsertByte-Custom-
#641	NEW    cov: 405 ft: 464 corp: 114/267b lim: 4 exec/s: 0 rss: 854Mb L: 2/4 MS: 10 ChangeByte-Custom-EraseBytes-Custom-ShuffleBytes-Custom-CrossOver-Custom-ChangeBit-Custom-
#642	NEW    cov: 408 ft: 467 corp: 115/270b lim: 4 exec/s: 0 rss: 854Mb L: 3/4 MS: 2 ChangeByte-Custom-
#647	NEW    cov: 412 ft: 471 corp: 116/274b lim: 4 exec/s: 0 rss: 854Mb L: 4/4 MS: 10 CopyPart-Custom-ChangeByte-Custom-ShuffleBytes-Custom-ChangeBinInt-Custom-InsertByte-Custom-
#651	NEW    cov: 413 ft: 472 corp: 117/275b lim: 4 exec/s: 0 rss: 854Mb L: 1/4 MS: 8 CopyPart-Custom-ChangeByte-Custom-ChangeByte-Custom-ChangeBit-Custom-
#656	REDUCE cov: 413 ft: 472 corp: 117/273b lim: 4 exec/s: 0 rss: 854Mb L: 2/4 MS: 10 ChangeByte-Custom-ChangeBinInt-Custom-ShuffleBytes-Custom-ChangeByte-Custom-EraseBytes-Custom-
#661	NEW    cov: 418 ft: 477 corp: 118/276b lim: 4 exec/s: 0 rss: 854Mb L: 3/4 MS: 10 ChangeBit-Custom-CrossOver-Custom-EraseBytes-Custom-EraseBytes-Custom-InsertByte-Custom-
#663	REDUCE cov: 418 ft: 477 corp: 118/275b lim: 4 exec/s: 0 rss: 854Mb L: 1/4 MS: 4 CrossOver-Custom-EraseBytes-Custom-
#664	NEW    cov: 419 ft: 478 corp: 119/278b lim: 4 exec/s: 0 rss: 854Mb L: 3/4 MS: 2 ChangeByte-Custom-
#679	NEW    cov: 421 ft: 480 corp: 120/280b lim: 4 exec/s: 0 rss: 854Mb L: 2/4 MS: 10 CrossOver-Custom-EraseBytes-Custom-CopyPart-Custom-ChangeBit-Custom-ChangeBit-Custom-
#680	NEW    cov: 422 ft: 481 corp: 121/284b lim: 4 exec/s: 0 rss: 854Mb L: 4/4 MS: 2 ChangeBinInt-Custom-
#686	NEW    cov: 422 ft: 483 corp: 122/287b lim: 4 exec/s: 0 rss: 854Mb L: 3/4 MS: 2 EraseBytes-Custom-
#688	NEW    cov: 422 ft: 488 corp: 123/291b lim: 4 exec/s: 0 rss: 854Mb L: 4/4 MS: 4 CrossOver-Custom-CopyPart-Custom-
#690	NEW    cov: 423 ft: 489 corp: 124/293b lim: 4 exec/s: 0 rss: 854Mb L: 2/4 MS: 4 ShuffleBytes-Custom-ChangeByte-Custom-
#692	NEW    cov: 425 ft: 491 corp: 125/297b lim: 4 exec/s: 0 rss: 854Mb L: 4/4 MS: 4 CopyPart-Custom-ChangeByte-Custom-
#711	REDUCE cov: 446 ft: 514 corp: 126/300b lim: 4 exec/s: 0 rss: 854Mb L: 3/4 MS: 8 InsertByte-Custom-ChangeBinInt-Custom-InsertByte-Custom-ChangeBit-Custom-
#714	NEW    cov: 457 ft: 525 corp: 127/301b lim: 4 exec/s: 0 rss: 854Mb L: 1/4 MS: 6 ChangeBit-Custom-ShuffleBytes-Custom-ChangeByte-Custom-
#723	NEW    cov: 460 ft: 528 corp: 128/302b lim: 4 exec/s: 0 rss: 854Mb L: 1/4 MS: 8 ChangeBit-Custom-EraseBytes-Custom-ChangeBit-Custom-ChangeBit-Custom-
#744	NEW    cov: 461 ft: 529 corp: 129/304b lim: 4 exec/s: 0 rss: 854Mb L: 2/4 MS: 2 EraseBytes-Custom-
#757	NEW    cov: 461 ft: 534 corp: 130/308b lim: 4 exec/s: 0 rss: 854Mb L: 4/4 MS: 6 ChangeByte-Custom-ChangeBit-Custom-ChangeByte-Custom-
#759	NEW    cov: 462 ft: 535 corp: 131/310b lim: 4 exec/s: 0 rss: 854Mb L: 2/4 MS: 4 ShuffleBytes-Custom-CrossOver-Custom-
#763	NEW    cov: 463 ft: 536 corp: 132/312b lim: 4 exec/s: 0 rss: 854Mb L: 2/4 MS: 8 ShuffleBytes-Custom-ChangeByte-Custom-ShuffleBytes-Custom-ChangeBit-Custom-
#778	NEW    cov: 464 ft: 537 corp: 133/314b lim: 4 exec/s: 0 rss: 854Mb L: 2/4 MS: 10 CopyPart-Custom-ChangeBinInt-Custom-ChangeBit-Custom-ChangeByte-Custom-InsertByte-Custom-
#795	NEW    cov: 466 ft: 539 corp: 134/315b lim: 4 exec/s: 0 rss: 854Mb L: 1/4 MS: 4 ChangeByte-Custom-ChangeASCIIInt-Custom-
#797	NEW    cov: 467 ft: 540 corp: 135/318b lim: 4 exec/s: 0 rss: 854Mb L: 3/4 MS: 4 ChangeBinInt-Custom-ChangeByte-Custom-
#820	REDUCE cov: 470 ft: 543 corp: 136/322b lim: 4 exec/s: 0 rss: 854Mb L: 4/4 MS: 6 CopyPart-Custom-CrossOver-Custom-CopyPart-Custom-
#829	NEW    cov: 472 ft: 545 corp: 137/323b lim: 4 exec/s: 0 rss: 854Mb L: 1/4 MS: 8 ChangeByte-Custom-CopyPart-Custom-CrossOver-Custom-ChangeByte-Custom-
#830	NEW    cov: 474 ft: 547 corp: 138/325b lim: 4 exec/s: 0 rss: 854Mb L: 2/4 MS: 2 EraseBytes-Custom-
#838	NEW    cov: 474 ft: 548 corp: 139/329b lim: 4 exec/s: 0 rss: 854Mb L: 4/4 MS: 6 CrossOver-Custom-ChangeByte-Custom-InsertByte-Custom-
#852	NEW    cov: 478 ft: 552 corp: 140/332b lim: 4 exec/s: 0 rss: 854Mb L: 3/4 MS: 8 ChangeBit-Custom-CrossOver-Custom-EraseBytes-Custom-InsertByte-Custom-
#874	NEW    cov: 478 ft: 554 corp: 141/336b lim: 4 exec/s: 0 rss: 854Mb L: 4/4 MS: 4 ChangeBit-Custom-ChangeByte-Custom-
#876	NEW    cov: 480 ft: 556 corp: 142/337b lim: 4 exec/s: 0 rss: 854Mb L: 1/4 MS: 4 ChangeByte-Custom-ChangeBit-Custom-
#877	NEW    cov: 481 ft: 557 corp: 143/338b lim: 4 exec/s: 0 rss: 854Mb L: 1/4 MS: 2 ChangeBit-Custom-
#882	REDUCE cov: 481 ft: 557 corp: 143/337b lim: 4 exec/s: 0 rss: 854Mb L: 3/4 MS: 10 CopyPart-Custom-ShuffleBytes-Custom-ChangeASCIIInt-Custom-ShuffleBytes-Custom-EraseBytes-Custom-
#884	REDUCE cov: 482 ft: 558 corp: 144/340b lim: 4 exec/s: 0 rss: 854Mb L: 3/4 MS: 4 InsertByte-Custom-ShuffleBytes-Custom-
#920	NEW    cov: 484 ft: 560 corp: 145/344b lim: 4 exec/s: 0 rss: 854Mb L: 4/4 MS: 2 ChangeBinInt-Custom-
#922	NEW    cov: 487 ft: 563 corp: 146/347b lim: 4 exec/s: 0 rss: 854Mb L: 3/4 MS: 4 CrossOver-Custom-ChangeByte-Custom-
#940	REDUCE cov: 489 ft: 565 corp: 147/349b lim: 4 exec/s: 0 rss: 854Mb L: 2/4 MS: 6 CrossOver-Custom-ChangeBit-Custom-ChangeBit-Custom-
#947	NEW    cov: 490 ft: 568 corp: 148/353b lim: 4 exec/s: 0 rss: 854Mb L: 4/4 MS: 4 ChangeBinInt-Custom-ChangeByte-Custom-
#975	NEW    cov: 493 ft: 571 corp: 149/357b lim: 4 exec/s: 0 rss: 854Mb L: 4/4 MS: 6 CrossOver-Custom-CrossOver-Custom-ChangeBit-Custom-
#978	NEW    cov: 494 ft: 572 corp: 150/361b lim: 4 exec/s: 0 rss: 854Mb L: 4/4 MS: 6 ChangeByte-Custom-CopyPart-Custom-CMP-Custom- DE: "\205\000"-
#983	NEW    cov: 495 ft: 573 corp: 151/363b lim: 4 exec/s: 0 rss: 854Mb L: 2/4 MS: 10 ChangeBit-Custom-CopyPart-Custom-ChangeBit-Custom-CrossOver-Custom-EraseBytes-Custom-
#990	NEW    cov: 498 ft: 576 corp: 152/364b lim: 4 exec/s: 0 rss: 854Mb L: 1/4 MS: 4 ChangeBinInt-Custom-ChangeBit-Custom-
#991	NEW    cov: 499 ft: 577 corp: 153/367b lim: 4 exec/s: 0 rss: 854Mb L: 3/4 MS: 2 ChangeByte-Custom-
#997	REDUCE cov: 499 ft: 577 corp: 153/366b lim: 4 exec/s: 0 rss: 854Mb L: 3/4 MS: 2 EraseBytes-Custom-
#998	NEW    cov: 499 ft: 578 corp: 154/370b lim: 4 exec/s: 0 rss: 854Mb L: 4/4 MS: 2 CrossOver-Custom-
#1016	NEW    cov: 503 ft: 582 corp: 155/371b lim: 4 exec/s: 0 rss: 854Mb L: 1/4 MS: 6 PersAutoDict-Custom-EraseBytes-Custom-ChangeBit-Custom- DE: "\205\000"-
#1022	NEW    cov: 503 ft: 588 corp: 156/373b lim: 4 exec/s: 0 rss: 854Mb L: 2/4 MS: 2 ChangeBinInt-Custom-
#1054	NEW    cov: 504 ft: 589 corp: 157/374b lim: 4 exec/s: 0 rss: 854Mb L: 1/4 MS: 4 ShuffleBytes-Custom-ChangeByte-Custom-
#1080	NEW    cov: 504 ft: 591 corp: 158/378b lim: 4 exec/s: 0 rss: 854Mb L: 4/4 MS: 2 ChangeBinInt-Custom-
#1082	NEW    cov: 504 ft: 593 corp: 159/381b lim: 4 exec/s: 0 rss: 854Mb L: 3/4 MS: 4 InsertByte-Custom-ChangeByte-Custom-
#1091	NEW    cov: 504 ft: 598 corp: 160/383b lim: 4 exec/s: 0 rss: 854Mb L: 2/4 MS: 8 EraseBytes-Custom-EraseBytes-Custom-CopyPart-Custom-InsertByte-Custom-
#1094	NEW    cov: 505 ft: 599 corp: 161/386b lim: 4 exec/s: 0 rss: 854Mb L: 3/4 MS: 6 CopyPart-Custom-ChangeByte-Custom-InsertByte-Custom-
#1096	NEW    cov: 506 ft: 600 corp: 162/388b lim: 4 exec/s: 0 rss: 854Mb L: 2/4 MS: 4 ChangeBit-Custom-EraseBytes-Custom-
#1097	NEW    cov: 509 ft: 603 corp: 163/389b lim: 4 exec/s: 0 rss: 854Mb L: 1/4 MS: 2 ChangeBit-Custom-
#1100	NEW    cov: 510 ft: 604 corp: 164/392b lim: 4 exec/s: 0 rss: 854Mb L: 3/4 MS: 6 CrossOver-Custom-CMP-Custom-InsertByte-Custom- DE: "\000\000"-
#1104	NEW    cov: 510 ft: 607 corp: 165/396b lim: 4 exec/s: 0 rss: 854Mb L: 4/4 MS: 8 ChangeBinInt-Custom-ChangeBit-Custom-ChangeBit-Custom-CopyPart-Custom-
#1112	NEW    cov: 513 ft: 610 corp: 166/398b lim: 4 exec/s: 0 rss: 854Mb L: 2/4 MS: 6 ChangeBit-Custom-ChangeBinInt-Custom-ChangeBinInt-Custom-
#1132	NEW    cov: 513 ft: 611 corp: 167/402b lim: 4 exec/s: 0 rss: 854Mb L: 4/4 MS: 10 ShuffleBytes-Custom-CopyPart-Custom-ChangeByte-Custom-CopyPart-Custom-ChangeBinInt-Custom-
#1149	NEW    cov: 513 ft: 612 corp: 168/406b lim: 4 exec/s: 0 rss: 854Mb L: 4/4 MS: 4 ChangeBit-Custom-ShuffleBytes-Custom-
#1189	NEW    cov: 514 ft: 613 corp: 169/408b lim: 4 exec/s: 0 rss: 854Mb L: 2/4 MS: 10 ShuffleBytes-Custom-PersAutoDict-Custom-CrossOver-Custom-InsertByte-Custom-ChangeBit-Custom- DE: "\205\000"-
#1200	NEW    cov: 514 ft: 615 corp: 170/412b lim: 4 exec/s: 0 rss: 854Mb L: 4/4 MS: 2 CrossOver-Custom-
#1236	NEW    cov: 515 ft: 616 corp: 171/414b lim: 4 exec/s: 0 rss: 854Mb L: 2/4 MS: 2 EraseBytes-Custom-
#1237	NEW    cov: 518 ft: 619 corp: 172/418b lim: 4 exec/s: 0 rss: 854Mb L: 4/4 MS: 2 ChangeByte-Custom-
#1248	REDUCE cov: 518 ft: 619 corp: 172/417b lim: 4 exec/s: 0 rss: 854Mb L: 1/4 MS: 2 EraseBytes-Custom-
#1262	NEW    cov: 521 ft: 622 corp: 173/421b lim: 4 exec/s: 0 rss: 854Mb L: 4/4 MS: 8 ChangeByte-Custom-ChangeByte-Custom-CopyPart-Custom-ChangeByte-Custom-
#1286	REDUCE cov: 523 ft: 624 corp: 174/422b lim: 4 exec/s: 0 rss: 854Mb L: 1/4 MS: 8 InsertByte-Custom-ChangeBinInt-Custom-ShuffleBytes-Custom-EraseBytes-Custom-
#1294	NEW    cov: 526 ft: 627 corp: 175/426b lim: 4 exec/s: 0 rss: 854Mb L: 4/4 MS: 6 InsertByte-Custom-ShuffleBytes-Custom-ChangeBit-Custom-
#1309	NEW    cov: 531 ft: 632 corp: 176/430b lim: 4 exec/s: 0 rss: 854Mb L: 4/4 MS: 10 InsertByte-Custom-ChangeByte-Custom-ShuffleBytes-Custom-ShuffleBytes-Custom-PersAutoDict-Custom- DE: "\000\000"-
#1319	NEW    cov: 534 ft: 635 corp: 177/432b lim: 4 exec/s: 0 rss: 854Mb L: 2/4 MS: 10 CrossOver-Custom-ShuffleBytes-Custom-ChangeByte-Custom-CrossOver-Custom-InsertByte-Custom-
#1361	NEW    cov: 535 ft: 636 corp: 178/436b lim: 4 exec/s: 0 rss: 854Mb L: 4/4 MS: 4 ChangeBit-Custom-CrossOver-Custom-
#1377	NEW    cov: 542 ft: 643 corp: 179/439b lim: 4 exec/s: 0 rss: 854Mb L: 3/4 MS: 2 CMP-Custom- DE: "\377\202"-
#1401	REDUCE cov: 542 ft: 643 corp: 179/438b lim: 4 exec/s: 0 rss: 854Mb L: 2/4 MS: 8 EraseBytes-Custom-ChangeByte-Custom-ShuffleBytes-Custom-ChangeByte-Custom-
#1408	NEW    cov: 543 ft: 644 corp: 180/441b lim: 4 exec/s: 0 rss: 854Mb L: 3/4 MS: 4 EraseBytes-Custom-InsertByte-Custom-
#1424	REDUCE cov: 543 ft: 644 corp: 180/440b lim: 4 exec/s: 0 rss: 854Mb L: 1/4 MS: 2 EraseBytes-Custom-
#1465	NEW    cov: 544 ft: 645 corp: 181/443b lim: 4 exec/s: 0 rss: 854Mb L: 3/4 MS: 2 InsertByte-Custom-
#1524	NEW    cov: 546 ft: 647 corp: 182/446b lim: 4 exec/s: 0 rss: 854Mb L: 3/4 MS: 8 ChangeBit-Custom-EraseBytes-Custom-InsertByte-Custom-CrossOver-Custom-
#1525	REDUCE cov: 546 ft: 647 corp: 182/445b lim: 4 exec/s: 0 rss: 854Mb L: 3/4 MS: 2 EraseBytes-Custom-
#1529	NEW    cov: 547 ft: 648 corp: 183/446b lim: 4 exec/s: 0 rss: 854Mb L: 1/4 MS: 8 ChangeByte-Custom-EraseBytes-Custom-ChangeBit-Custom-CrossOver-Custom-
#1536	REDUCE cov: 547 ft: 648 corp: 183/445b lim: 4 exec/s: 0 rss: 854Mb L: 3/4 MS: 4 ChangeByte-Custom-EraseBytes-Custom-
#1540	NEW    cov: 552 ft: 653 corp: 184/449b lim: 4 exec/s: 0 rss: 854Mb L: 4/4 MS: 8 ShuffleBytes-Custom-InsertByte-Custom-EraseBytes-Custom-PersAutoDict-Custom- DE: "\377\202"-
#1542	NEW    cov: 554 ft: 655 corp: 185/451b lim: 4 exec/s: 0 rss: 854Mb L: 2/4 MS: 4 InsertByte-Custom-ChangeBit-Custom-
#1547	NEW    cov: 561 ft: 662 corp: 186/454b lim: 4 exec/s: 0 rss: 854Mb L: 3/4 MS: 10 CopyPart-Custom-CrossOver-Custom-CopyPart-Custom-CopyPart-Custom-InsertByte-Custom-
#1576	REDUCE cov: 561 ft: 662 corp: 186/452b lim: 4 exec/s: 0 rss: 854Mb L: 2/4 MS: 8 ShuffleBytes-Custom-ShuffleBytes-Custom-CMP-Custom-EraseBytes-Custom- DE: "\027\000"-
#1581	NEW    cov: 563 ft: 664 corp: 187/455b lim: 4 exec/s: 0 rss: 854Mb L: 3/4 MS: 10 ChangeBit-Custom-PersAutoDict-Custom-ChangeBinInt-Custom-CrossOver-Custom-EraseBytes-Custom- DE: "\027\000"-
#1595	NEW    cov: 563 ft: 665 corp: 188/459b lim: 4 exec/s: 0 rss: 854Mb L: 4/4 MS: 8 ShuffleBytes-Custom-EraseBytes-Custom-EraseBytes-Custom-CopyPart-Custom-
#1597	NEW    cov: 564 ft: 666 corp: 189/462b lim: 4 exec/s: 0 rss: 854Mb L: 3/4 MS: 4 CopyPart-Custom-CrossOver-Custom-
#1612	NEW    cov: 570 ft: 672 corp: 190/465b lim: 4 exec/s: 0 rss: 854Mb L: 3/4 MS: 10 ShuffleBytes-Custom-ChangeByte-Custom-ChangeBinInt-Custom-EraseBytes-Custom-InsertByte-Custom-
#1632	REDUCE cov: 577 ft: 679 corp: 191/469b lim: 4 exec/s: 0 rss: 854Mb L: 4/4 MS: 10 InsertByte-Custom-ChangeBit-Custom-InsertByte-Custom-CopyPart-Custom-ChangeBit-Custom-
#1643	NEW    cov: 580 ft: 682 corp: 192/470b lim: 4 exec/s: 0 rss: 854Mb L: 1/4 MS: 2 ChangeByte-Custom-
#1667	NEW    cov: 581 ft: 683 corp: 193/474b lim: 4 exec/s: 0 rss: 854Mb L: 4/4 MS: 8 ChangeBit-Custom-CrossOver-Custom-ChangeByte-Custom-InsertByte-Custom-
#1684	NEW    cov: 582 ft: 684 corp: 194/478b lim: 4 exec/s: 0 rss: 854Mb L: 4/4 MS: 4 InsertByte-Custom-CopyPart-Custom-
#1685	NEW    cov: 584 ft: 686 corp: 195/481b lim: 4 exec/s: 0 rss: 854Mb L: 3/4 MS: 2 ChangeBit-Custom-
#1726	NEW    cov: 584 ft: 687 corp: 196/485b lim: 4 exec/s: 0 rss: 854Mb L: 4/4 MS: 2 CopyPart-Custom-
#1819	NEW    cov: 587 ft: 690 corp: 197/486b lim: 4 exec/s: 0 rss: 854Mb L: 1/4 MS: 6 CopyPart-Custom-EraseBytes-Custom-ChangeByte-Custom-
#1842	NEW    cov: 588 ft: 691 corp: 198/490b lim: 4 exec/s: 0 rss: 854Mb L: 4/4 MS: 6 CopyPart-Custom-ChangeBit-Custom-PersAutoDict-Custom- DE: "\377\202"-
#1873	NEW    cov: 590 ft: 693 corp: 199/492b lim: 4 exec/s: 0 rss: 854Mb L: 2/4 MS: 2 ChangeBinInt-Custom-
#1886	NEW    cov: 592 ft: 695 corp: 200/495b lim: 4 exec/s: 0 rss: 854Mb L: 3/4 MS: 6 InsertByte-Custom-InsertByte-Custom-ChangeBinInt-Custom-
#1888	REDUCE cov: 595 ft: 698 corp: 201/497b lim: 4 exec/s: 0 rss: 854Mb L: 2/4 MS: 4 ChangeBit-Custom-InsertByte-Custom-
#1889	NEW    cov: 597 ft: 700 corp: 202/500b lim: 4 exec/s: 0 rss: 854Mb L: 3/4 MS: 2 ChangeBit-Custom-
#1900	NEW    cov: 597 ft: 701 corp: 203/504b lim: 4 exec/s: 0 rss: 854Mb L: 4/4 MS: 2 CopyPart-Custom-
MS: 2 EraseBytes-Custom-; base unit: eb2c60fa0a01f7fa560f734706d1660e1f4e5c05
0x53,
S
artifact_prefix='/tmp/bugrun/lang_40.9xnMKa/'; Test unit written to /tmp/bugrun/lang_40.9xnMKa/crash-02aa629c8b16cd17a44f3a0efec2feed43937642
Base64: Uw==
Done 1946 runs in 0 second(s)
DEDUP_TOKEN: 23e6f2ce721713b7
[ERROR] Tests run: 2, Failures: 0, Errors: 1, Skipped: 0, Time elapsed: 7.020 s <<< FAILURE! -- in com.example.algorithm2.Algorithm2Test
[ERROR] com.example.algorithm2.Algorithm2Test.testParameterizedFuzzer(FuzzedDataProvider)[2] -- Time elapsed: 0.791 s <<< ERROR!
java.lang.IllegalArgumentException: Minimum abbreviation width is 4
	at org.apache.commons.lang.StringUtils.abbreviate(StringUtils.java:5203)
	at java.base/jdk.internal.reflect.NativeMethodAccessorImpl.invoke0(Native Method)
	at java.base/jdk.internal.reflect.NativeMethodAccessorImpl.invoke(NativeMethodAccessorImpl.java:62)
	at java.base/jdk.internal.reflect.DelegatingMethodAccessorImpl.invoke(DelegatingMethodAccessorImpl.java:43)
	at java.base/java.lang.reflect.Method.invoke(Method.java:566)
	at com.example.algorithm2.Algorithm2Test.testParameterizedFuzzer(Algorithm2Test.java:226)

[INFO] 
[INFO] Results:
[INFO] 
[ERROR] Errors: 
[ERROR]   Algorithm2Test.testParameterizedFuzzer:226 » IllegalArgument Minimum abbreviation width is 4
[INFO] 
[ERROR] Tests run: 2, Failures: 0, Errors: 1, Skipped: 0
[INFO] 
[ERROR] 

Please refer to /tmp/bugrun/lang_40.9xnMKa/target/surefire-reports for the individual test results.
Please refer to dump files (if any exist) [date].dump, [date]-jvmRun[N].dump and [date].dumpstream.
[INFO] 
[INFO] --- jacoco:0.8.11:report (default-cli) @ AlgorithmName2 ---
[INFO] Loading execution data file /tmp/bugrun/lang_40.9xnMKa/target/jacoco.exec
[INFO] Analyzed bundle 'AlgorithmName2' with 118 classes
[INFO] ------------------------------------------------------------------------
[INFO] BUILD SUCCESS
[INFO] ------------------------------------------------------------------------
[INFO] Total time:  23.801 s
[INFO] Finished at: 2026-10-06T03:50:27+07:00
[INFO] ------------------------------------------------------------------------
