[INFO] Scanning for projects...
[INFO] 
[INFO] ---------------------< com.example:AlgorithmName2 >---------------------
[INFO] Building AlgorithmName2 1.0-SNAPSHOT
[INFO]   from pom.xml
[INFO] --------------------------------[ jar ]---------------------------------
[INFO] 
[INFO] --- jacoco:0.8.11:prepare-agent (default) @ AlgorithmName2 ---
[INFO] argLine set to -javaagent:/home/kanyaphak673380391-3/.m2/repository/org/jacoco/org.jacoco.agent/0.8.11/org.jacoco.agent-0.8.11-runtime.jar=destfile=/tmp/bugrun/collections_16.Vc1AVP/target/jacoco.exec
[INFO] 
[INFO] --- resources:3.4.0:resources (default-resources) @ AlgorithmName2 ---
[INFO] Copying 1 resource from src/main/resources to target/classes
[INFO] 
[INFO] --- compiler:3.15.0:compile (default-compile) @ AlgorithmName2 ---
[INFO] Recompiling the module because of changed source code.
[INFO] Compiling 1 source file with javac [debug target 1.8] to target/classes
[WARNING] bootstrap class path not set in conjunction with -source 8
[INFO] 
[INFO] --- dependency:3.6.0:unpack-dependencies (unpack-defects4j) @ AlgorithmName2 ---
[INFO] 
[INFO] --- resources:3.4.0:testResources (default-testResources) @ AlgorithmName2 ---
[INFO] skip non existing resourceDirectory /tmp/bugrun/collections_16.Vc1AVP/src/test/resources
[INFO] 
[INFO] --- compiler:3.15.0:testCompile (default-testCompile) @ AlgorithmName2 ---
[INFO] Recompiling the module because of changed dependency.
[INFO] Compiling 1 source file with javac [debug target 1.8] to target/test-classes
[WARNING] bootstrap class path not set in conjunction with -source 8
[INFO] 
[INFO] --- surefire:3.1.2:test (default-cli) @ AlgorithmName2 ---
[INFO] Using auto detected provider org.apache.maven.surefire.junitplatform.JUnitPlatformProvider
[INFO] 
[INFO] -------------------------------------------------------
[INFO]  T E S T S
[INFO] -------------------------------------------------------
[INFO] Running com.example.algorithm2.Algorithm2Test
OpenJDK 64-Bit Server VM warning: Sharing is only supported for boot loader classes because bootstrap classpath has been appended
INFO: Loaded 458 hooks from com.code_intelligence.jazzer.runtime.TraceCmpHooks
INFO: Loaded 5 hooks from com.code_intelligence.jazzer.runtime.TraceDivHooks
INFO: Loaded 2 hooks from com.code_intelligence.jazzer.runtime.TraceIndirHooks
INFO: Loaded 4 hooks from com.code_intelligence.jazzer.runtime.NativeLibHooks
INFO: Loaded 2 hooks from com.code_intelligence.jazzer.sanitizers.ClojureLangHooks
INFO: Loaded 5 hooks from com.code_intelligence.jazzer.sanitizers.Deserialization
INFO: Loaded 5 hooks from com.code_intelligence.jazzer.sanitizers.ExpressionLanguageInjection
INFO: Loaded 70 hooks from com.code_intelligence.jazzer.sanitizers.LdapInjection
INFO: Loaded 46 hooks from com.code_intelligence.jazzer.sanitizers.NamingContextLookup
INFO: Loaded 1 hooks from com.code_intelligence.jazzer.sanitizers.OsCommandInjection
INFO: Loaded 52 hooks from com.code_intelligence.jazzer.sanitizers.ReflectiveCall
INFO: Loaded 8 hooks from com.code_intelligence.jazzer.sanitizers.RegexInjection
INFO: Loaded 16 hooks from com.code_intelligence.jazzer.sanitizers.RegexRoadblocks
INFO: Loaded 18 hooks from com.code_intelligence.jazzer.sanitizers.ScriptEngineInjection
INFO: Loaded 2 hooks from com.code_intelligence.jazzer.sanitizers.ServerSideRequestForgery
INFO: Loaded 19 hooks from com.code_intelligence.jazzer.sanitizers.SqlInjection
INFO: Loaded 6 hooks from com.code_intelligence.jazzer.sanitizers.XPathInjection
INFO: Instrumented com.example.algorithm2.Algorithm2Test$Skip (took 244 ms, size +44%)
INFO: Instrumented com.example.algorithm2.Algorithm2Test (took 175 ms, size +27%)
INFO: Instrumented org.apache.commons.collections.ListUtils (took 185 ms, size +22%)
[harness] Fallback target loaded: org.apache.commons.collections.ListUtils (original was org.apache.commons.collections4.ListUtils)
INFO: Instrumented org.apache.commons.collections.Predicate (took 1 ms, size +0%)
INFO: Instrumented org.apache.commons.collections.Transformer (took 1 ms, size +0%)
INFO: Instrumented org.apache.commons.collections.Factory (took 3 ms, size +0%)
[harness] target=org.apache.commons.collections.ListUtils factories=1 methods=16
INFO: using inputs from: /tmp/bugrun/collections_16.Vc1AVP/.cifuzz-corpus/com.example.algorithm2.Algorithm2Test/testParameterizedFuzzer
INFO: using inputs from: /tmp/jazzer-java-seeds4354386541664884670
INFO: found LLVMFuzzerCustomMutator (0x7561be270cd0). Disabling -len_control by default.
INFO: Running with entropic power schedule (0xFF, 100).
INFO: Seed: 1588522269
INFO: Loaded 1 modules   (512 inline 8-bit counters): 512 [0x756298a2e950, 0x756298a2eb50), 
INFO: Loaded 1 PC tables (512 PCs): 512 [0x7562984c00d0,0x7562984c20d0), 
INFO:        0 files found in /tmp/bugrun/collections_16.Vc1AVP/.cifuzz-corpus/com.example.algorithm2.Algorithm2Test/testParameterizedFuzzer
INFO:        0 files found in /tmp/jazzer-java-seeds4354386541664884670
INFO: -max_len is not provided; libFuzzer will not generate inputs larger than 4096 bytes
INFO: A corpus is not provided, starting from an empty corpus
#2	INITED cov: 37 ft: 37 corp: 1/1b exec/s: 0 rss: 963Mb
#3	NEW    cov: 43 ft: 43 corp: 2/3b lim: 4 exec/s: 0 rss: 963Mb L: 2/2 MS: 2 CrossOver-Custom-
INFO: Instrumented org.apache.commons.collections.list.FixedSizeList (took 46 ms, size +17%)
INFO: Instrumented org.apache.commons.collections.BoundedCollection (took 1 ms, size +0%)
INFO: New number of coverage counters: 1024
#5	NEW    cov: 64 ft: 73 corp: 3/5b lim: 4 exec/s: 0 rss: 999Mb L: 2/2 MS: 4 ShuffleBytes-Custom-InsertByte-Custom-
#6	NEW    cov: 64 ft: 77 corp: 4/7b lim: 4 exec/s: 0 rss: 999Mb L: 2/2 MS: 2 ChangeBinInt-Custom-
#7	NEW    cov: 67 ft: 81 corp: 5/9b lim: 4 exec/s: 0 rss: 999Mb L: 2/2 MS: 2 ChangeBinInt-Custom-
#8	NEW    cov: 75 ft: 89 corp: 6/11b lim: 4 exec/s: 0 rss: 1000Mb L: 2/2 MS: 2 InsertByte-Custom-
INFO: Instrumented org.apache.commons.collections.list.AbstractSerializableListDecorator (took 15 ms, size +38%)
INFO: Instrumented org.apache.commons.collections.list.AbstractListDecorator (took 22 ms, size +22%)
INFO: Instrumented org.apache.commons.collections.collection.AbstractCollectionDecorator (took 23 ms, size +21%)
INFO: Instrumented org.apache.commons.collections.list.TransformedList (took 35 ms, size +20%)
#11	NEW    cov: 96 ft: 110 corp: 7/13b lim: 4 exec/s: 0 rss: 1018Mb L: 2/2 MS: 6 EraseBytes-Custom-CrossOver-Custom-ChangeByte-Custom-
#12	NEW    cov: 99 ft: 114 corp: 8/15b lim: 4 exec/s: 0 rss: 1018Mb L: 2/2 MS: 2 ChangeBinInt-Custom-
#14	NEW    cov: 99 ft: 118 corp: 9/17b lim: 4 exec/s: 0 rss: 1018Mb L: 2/2 MS: 4 ChangeBit-Custom-ChangeBinInt-Custom-
#18	NEW    cov: 99 ft: 122 corp: 10/18b lim: 4 exec/s: 0 rss: 1018Mb L: 1/2 MS: 8 EraseBytes-Custom-InsertByte-Custom-EraseBytes-Custom-ChangeByte-Custom-
#20	NEW    cov: 107 ft: 130 corp: 11/20b lim: 4 exec/s: 0 rss: 1028Mb L: 2/2 MS: 4 ChangeBit-Custom-CopyPart-Custom-
#21	NEW    cov: 109 ft: 133 corp: 12/23b lim: 4 exec/s: 0 rss: 1028Mb L: 3/3 MS: 2 InsertByte-Custom-
#29	NEW    cov: 109 ft: 134 corp: 13/24b lim: 4 exec/s: 0 rss: 1028Mb L: 1/3 MS: 6 ChangeBit-Custom-CMP-Custom-EraseBytes-Custom- DE: "\377\377"-
#32	NEW    cov: 124 ft: 149 corp: 14/26b lim: 4 exec/s: 0 rss: 1028Mb L: 2/3 MS: 6 CopyPart-Custom-InsertByte-Custom-ChangeBinInt-Custom-
#37	NEW    cov: 133 ft: 158 corp: 15/28b lim: 4 exec/s: 0 rss: 1028Mb L: 2/3 MS: 10 EraseBytes-Custom-CrossOver-Custom-InsertByte-Custom-EraseBytes-Custom-ChangeBinInt-Custom-
#43	NEW    cov: 133 ft: 159 corp: 16/30b lim: 4 exec/s: 0 rss: 1028Mb L: 2/3 MS: 2 ChangeBit-Custom-
INFO: Instrumented org.apache.commons.collections.collection.TransformedCollection (took 24 ms, size +24%)
INFO: Instrumented org.apache.commons.collections.collection.AbstractSerializableCollectionDecorator (took 8 ms, size +38%)
INFO: Instrumented org.apache.commons.collections.list.UnmodifiableList (took 36 ms, size +22%)
INFO: Instrumented org.apache.commons.collections.Unmodifiable (took 0 ms, size +0%)
INFO: #48	NEW    cov: 146 ft: 172 corp: 17/31b lim: 4 exec/s: 0 rss: 1051Mb L: 1/3 MS: 10 ShuffleBytes-Custom-ChangeBit-Custom-ChangeBit-Custom-ShuffleBytes-Custom-ChangeBit-Custom-
#49	NEW    cov: 150 ft: 176 corp: 18/34b lim: 4 exec/s: 0 rss: 1051Mb L: 3/3 MS: 2 InsertByte-Custom-
Instrumented org.apache.commons.collections.list.SynchronizedList (took 47 ms, size +18%)
INFO: Instrumented org.apache.commons.collections.collection.SynchronizedCollection (took 58 ms, size +17%)
MS: 8 CopyPart-Custom-EraseBytes-Custom-CopyPart-Custom-InsertByte-Custom-; base unit: 85e53271e14006f0265921d02d4d736cdc580b0b
0xff,0xcb,
INFO: \377\313
artifact_prefix='/tmp/bugrun/collections_16.Vc1AVP/'; Test unit written to /tmp/bugrun/collections_16.Vc1AVP/crash-0cca1be8dbd77e55136c79869c26b67ed0cc0029
Instrumented org.apache.commons.collections.list.PredicatedList (took 34 ms, size +20%)
Base64: /8s=
INFO: Done 53 runs in 0 second(s)
Instrumented org.apache.commons.collections.collection.PredicatedCollection (took 29 ms, size +25%)
DEDUP_TOKEN: 8c28911460f0c434
[ERROR] Tests run: 2, Failures: 0, Errors: 1, Skipped: 0, Time elapsed: 9.908 s <<< FAILURE! -- in com.example.algorithm2.Algorithm2Test
[ERROR] com.example.algorithm2.Algorithm2Test.testParameterizedFuzzer(FuzzedDataProvider)[2] -- Time elapsed: 0.680 s <<< ERROR!
java.lang.IllegalArgumentException: Cannot add Object '' - Predicate 'proxy:Predicate' rejected it
	at org.apache.commons.collections.collection.PredicatedCollection.validate(PredicatedCollection.java:101)
	at org.apache.commons.collections.collection.PredicatedCollection.<init>(PredicatedCollection.java:86)
	at org.apache.commons.collections.list.PredicatedList.<init>(PredicatedList.java:80)
	at org.apache.commons.collections.list.PredicatedList.decorate(PredicatedList.java:64)
	at org.apache.commons.collections.ListUtils.predicatedList(ListUtils.java:332)
	at java.base/jdk.internal.reflect.NativeMethodAccessorImpl.invoke0(Native Method)
	at java.base/jdk.internal.reflect.NativeMethodAccessorImpl.invoke(NativeMethodAccessorImpl.java:62)
	at java.base/jdk.internal.reflect.DelegatingMethodAccessorImpl.invoke(DelegatingMethodAccessorImpl.java:43)
	at java.base/java.lang.reflect.Method.invoke(Method.java:566)
	at com.example.algorithm2.Algorithm2Test.testParameterizedFuzzer(Algorithm2Test.java:226)

[INFO] 
[INFO] Results:
[INFO] 
[ERROR] Errors: 
[ERROR]   Algorithm2Test.testParameterizedFuzzer:226 » IllegalArgument Cannot add Object '' - Predicate 'proxy:Predicate' rejected it
[INFO] 
[ERROR] Tests run: 2, Failures: 0, Errors: 1, Skipped: 0
[INFO] 
[ERROR] 

Please refer to /tmp/bugrun/collections_16.Vc1AVP/target/surefire-reports for the individual test results.
Please refer to dump files (if any exist) [date].dump, [date]-jvmRun[N].dump and [date].dumpstream.
[INFO] 
[INFO] --- jacoco:0.8.11:report (default-cli) @ AlgorithmName2 ---
[INFO] Loading execution data file /tmp/bugrun/collections_16.Vc1AVP/target/jacoco.exec
[INFO] Analyzed bundle 'AlgorithmName2' with 421 classes
[INFO] ------------------------------------------------------------------------
[INFO] BUILD SUCCESS
[INFO] ------------------------------------------------------------------------
[INFO] Total time:  28.515 s
[INFO] Finished at: 2026-10-06T01:51:30+07:00
[INFO] ------------------------------------------------------------------------
