[INFO] Scanning for projects...
[INFO] 
[INFO] ---------------------< com.example:AlgorithmName2 >---------------------
[INFO] Building AlgorithmName2 1.0-SNAPSHOT
[INFO]   from pom.xml
[INFO] --------------------------------[ jar ]---------------------------------
[INFO] 
[INFO] --- jacoco:0.8.11:prepare-agent (default) @ AlgorithmName2 ---
[INFO] argLine set to -javaagent:/home/kanyaphak673380391-3/.m2/repository/org/jacoco/org.jacoco.agent/0.8.11/org.jacoco.agent-0.8.11-runtime.jar=destfile=/tmp/bugrun/collections_26.16HAMQ/target/jacoco.exec
[INFO] 
[INFO] --- resources:3.4.0:resources (default-resources) @ AlgorithmName2 ---
[INFO] Copying 1 resource from src/main/resources to target/classes
[INFO] 
[INFO] --- compiler:3.15.0:compile (default-compile) @ AlgorithmName2 ---
[INFO] Recompiling the module because of changed source code.
[INFO] Compiling 1 source file with javac [debug target 1.8] to target/classes
[WARNING] bootstrap class path not set in conjunction with -source 8
[INFO] 
[INFO] --- dependency:3.6.0:unpack-dependencies (unpack-defects4j) @ AlgorithmName2 ---
[INFO] 
[INFO] --- resources:3.4.0:testResources (default-testResources) @ AlgorithmName2 ---
[INFO] skip non existing resourceDirectory /tmp/bugrun/collections_26.16HAMQ/src/test/resources
[INFO] 
[INFO] --- compiler:3.15.0:testCompile (default-testCompile) @ AlgorithmName2 ---
[INFO] Recompiling the module because of changed dependency.
[INFO] Compiling 1 source file with javac [debug target 1.8] to target/test-classes
[WARNING] bootstrap class path not set in conjunction with -source 8
[INFO] 
[INFO] --- surefire:3.1.2:test (default-cli) @ AlgorithmName2 ---
[INFO] Using auto detected provider org.apache.maven.surefire.junitplatform.JUnitPlatformProvider
[INFO] 
[INFO] -------------------------------------------------------
[INFO]  T E S T S
[INFO] -------------------------------------------------------
[INFO] Running com.example.algorithm2.Algorithm2Test
OpenJDK 64-Bit Server VM warning: Sharing is only supported for boot loader classes because bootstrap classpath has been appended
INFO: Loaded 443 hooks from com.code_intelligence.jazzer.runtime.TraceCmpHooks
INFO: Loaded 5 hooks from com.code_intelligence.jazzer.runtime.TraceDivHooks
INFO: Loaded 2 hooks from com.code_intelligence.jazzer.runtime.TraceIndirHooks
INFO: Loaded 4 hooks from com.code_intelligence.jazzer.runtime.NativeLibHooks
INFO: Loaded 2 hooks from com.code_intelligence.jazzer.sanitizers.ClojureLangHooks
INFO: Loaded 5 hooks from com.code_intelligence.jazzer.sanitizers.Deserialization
INFO: Loaded 5 hooks from com.code_intelligence.jazzer.sanitizers.ExpressionLanguageInjection
INFO: Loaded 70 hooks from com.code_intelligence.jazzer.sanitizers.LdapInjection
INFO: Loaded 46 hooks from com.code_intelligence.jazzer.sanitizers.NamingContextLookup
INFO: Loaded 1 hooks from com.code_intelligence.jazzer.sanitizers.OsCommandInjection
INFO: Loaded 52 hooks from com.code_intelligence.jazzer.sanitizers.ReflectiveCall
INFO: Loaded 8 hooks from com.code_intelligence.jazzer.sanitizers.RegexInjection
INFO: Loaded 16 hooks from com.code_intelligence.jazzer.sanitizers.RegexRoadblocks
INFO: Loaded 18 hooks from com.code_intelligence.jazzer.sanitizers.ScriptEngineInjection
INFO: Loaded 2 hooks from com.code_intelligence.jazzer.sanitizers.ServerSideRequestForgery
INFO: Loaded 19 hooks from com.code_intelligence.jazzer.sanitizers.SqlInjection
INFO: Loaded 6 hooks from com.code_intelligence.jazzer.sanitizers.XPathInjection
INFO: Instrumented com.example.algorithm2.Algorithm2Test$Skip (took 193 ms, size +44%)
INFO: Instrumented com.example.algorithm2.Algorithm2Test (took 307 ms, size +27%)
INFO: Instrumented org.apache.commons.collections4.ListUtils (took 185 ms, size +12%)
INFO: Instrumented org.apache.commons.collections4.Equator (took 10 ms, size +0%)
INFO: Instrumented org.apache.commons.collections4.sequence.CommandVisitor (took 1 ms, size +0%)
INFO: Instrumented org.apache.commons.collections4.Predicate (took 9 ms, size +0%)
INFO: Instrumented org.apache.commons.collections4.Transformer (took 1 ms, size +0%)
INFO: Instrumented org.apache.commons.collections4.Factory (took 1 ms, size +0%)
[harness] target=org.apache.commons.collections4.ListUtils factories=1 methods=23
INFO: New number of coverage counters: 1024
INFO: Instrumented org.apache.commons.collections4.bag.HashBag (took 12 ms, size +22%)
INFO: Instrumented org.apache.commons.collections4.bag.AbstractMapBag (took 67 ms, size +21%)
INFO: Instrumented org.apache.commons.collections4.Bag (took 1 ms, size +0%)
INFO: found LLVMFuzzerCustomMutator (0x770d71a73cd0). Disabling -len_control by default.
INFO: Running with entropic power schedule (0xFF, 100).
INFO: Seed: 1650860781
INFO: using inputs from: /tmp/bugrun/collections_26.16HAMQ/.cifuzz-corpus/com.example.algorithm2.Algorithm2Test/testParameterizedFuzzer
INFO: using inputs from: /tmp/jazzer-java-seeds628691332460969985
INFO: Loaded 2 modules   (1024 inline 8-bit counters): 512 [0x770e18b9a990, 0x770e18b9ab90), 512 [0x770e18b9ab90, 0x770e18b9ad90), 
INFO: Loaded 2 PC tables (1024 PCs): 512 [0x770e18679280,0x770e1867b280), 512 [0x770e18565f90,0x770e18567f90), 
INFO:        0 files found in /tmp/bugrun/collections_26.16HAMQ/.cifuzz-corpus/com.example.algorithm2.Algorithm2Test/testParameterizedFuzzer
INFO:        0 files found in /tmp/jazzer-java-seeds628691332460969985
INFO: -max_len is not provided; libFuzzer will not generate inputs larger than 4096 bytes
INFO: A corpus is not provided, starting from an empty corpus
#2	INITED cov: 72 ft: 72 corp: 1/1b exec/s: 0 rss: 869Mb
#3	NEW    cov: 79 ft: 80 corp: 2/3b lim: 4 exec/s: 0 rss: 869Mb L: 2/2 MS: 2 CopyPart-Custom-
#4	NEW    cov: 99 ft: 127 corp: 3/6b lim: 4 exec/s: 0 rss: 869Mb L: 3/3 MS: 2 InsertByte-Custom-
#7	NEW    cov: 107 ft: 138 corp: 4/10b lim: 4 exec/s: 0 rss: 869Mb L: 4/4 MS: 6 CopyPart-Custom-CopyPart-Custom-ChangeASCIIInt-Custom-
#10	NEW    cov: 111 ft: 142 corp: 5/12b lim: 4 exec/s: 0 rss: 869Mb L: 2/4 MS: 6 CopyPart-Custom-CrossOver-Custom-ChangeBinInt-Custom-
INFO: Instrumented org.apache.commons.collections4.list.LazyList (took 6 ms, size +21%)
INFO: Instrumented org.apache.commons.collections4.list.AbstractSerializableListDecorator (took 4 ms, size +32%)
INFO: Instrumented org.apache.commons.collections4.list.AbstractListDecorator (took 13 ms, size +19%)
INFO: Instrumented org.apache.commons.collections4.collection.AbstractCollectionDecorator (took 23 ms, size +15%)
INFO: Instrumented org.apache.commons.collections4.list.UnmodifiableList (took 15 ms, size +16%)
INFO: Instrumented org.apache.commons.collections4.Unmodifiable (took 0 ms, size +0%)
#12	NEW    cov: 141 ft: 172 corp: 6/14b lim: 4 exec/s: 0 rss: 869Mb L: 2/4 MS: 4 ShuffleBytes-Custom-InsertByte-Custom-
#13	NEW    cov: 142 ft: 173 corp: 7/15b lim: 4 exec/s: 0 rss: 869Mb L: 1/4 MS: 2 ChangeByte-Custom-
#14	NEW    cov: 142 ft: 174 corp: 8/17b lim: 4 exec/s: 0 rss: 869Mb L: 2/4 MS: 2 ChangeByte-Custom-
INFO: New number of coverage counters: 2048
INFO: Instrumented org.apache.commons.collections4.CollectionUtils (took 60 ms, size +12%)
INFO: Instrumented org.apache.commons.collections4.collection.UnmodifiableCollection (took 14 ms, size +21%)
INFO: Instrumented org.apache.commons.collections4.functors.DefaultEquator (took 9 ms, size +33%)
#15	NEW    cov: 211 ft: 243 corp: 9/20b lim: 4 exec/s: 0 rss: 869Mb L: 3/4 MS: 2 ChangeByte-Custom-
#17	NEW    cov: 214 ft: 246 corp: 10/22b lim: 4 exec/s: 0 rss: 869Mb L: 2/4 MS: 4 CrossOver-Custom-ChangeBinInt-Custom-
#27	NEW    cov: 214 ft: 248 corp: 11/23b lim: 4 exec/s: 0 rss: 869Mb L: 1/4 MS: 10 ChangeBit-Custom-EraseBytes-Custom-ChangeBit-Custom-ChangeByte-Custom-ChangeBit-Custom-
#30	NEW    cov: 214 ft: 263 corp: 12/25b lim: 4 exec/s: 0 rss: 869Mb L: 2/4 MS: 6 ChangeBit-Custom-ShuffleBytes-Custom-InsertByte-Custom-
#31	NEW    cov: 223 ft: 272 corp: 13/28b lim: 4 exec/s: 0 rss: 869Mb L: 3/4 MS: 2 InsertByte-Custom-
MS: 4 ShuffleBytes-Custom-EraseBytes-Custom-; base unit: d93e843236c051020f40edb91462aeb388d49caa
0x5b,
[
artifact_prefix='/tmp/bugrun/collections_26.16HAMQ/'; Test unit written to /tmp/bugrun/collections_26.16HAMQ/crash-1e5c2f367f02e47a8c160cda1cd9d91decbac441
Base64: Ww==
Done 33 runs in 0 second(s)
INFO: Instrumented org.apache.commons.collections4.sequence.SequencesComparator (took 13 ms, size +25%)
INFO: Instrumented org.apache.commons.collections4.sequence.EditScript (took 7 ms, size +18%)
INFO: Instrumented org.apache.commons.collections4.sequence.DeleteCommand (took 4 ms, size +27%)
INFO: Instrumented org.apache.commons.collections4.sequence.EditCommand (took 4 ms, size +33%)
INFO: Instrumented org.apache.commons.collections4.ListUtils$LcsVisitor (took 7 ms, size +25%)
INFO: Instrumented org.apache.commons.collections4.list.FixedSizeList (took 17 ms, size +12%)
INFO: Instrumented org.apache.commons.collections4.BoundedCollection (took 1 ms, size +0%)
DEDUP_TOKEN: d02cc9ae66ceeea4
[ERROR] Tests run: 2, Failures: 0, Errors: 1, Skipped: 0, Time elapsed: 10.40 s <<< FAILURE! -- in com.example.algorithm2.Algorithm2Test
[ERROR] com.example.algorithm2.Algorithm2Test.testParameterizedFuzzer(FuzzedDataProvider)[2] -- Time elapsed: 0.524 s <<< ERROR!
java.lang.IllegalArgumentException: Size must be greater than 0
	at org.apache.commons.collections4.ListUtils.partition(ListUtils.java:653)
	at java.base/jdk.internal.reflect.NativeMethodAccessorImpl.invoke0(Native Method)
	at java.base/jdk.internal.reflect.NativeMethodAccessorImpl.invoke(NativeMethodAccessorImpl.java:62)
	at java.base/jdk.internal.reflect.DelegatingMethodAccessorImpl.invoke(DelegatingMethodAccessorImpl.java:43)
	at java.base/java.lang.reflect.Method.invoke(Method.java:566)
	at com.example.algorithm2.Algorithm2Test.testParameterizedFuzzer(Algorithm2Test.java:226)

[INFO] 
[INFO] Results:
[INFO] 
[ERROR] Errors: 
[ERROR]   Algorithm2Test.testParameterizedFuzzer:226 » IllegalArgument Size must be greater than 0
[INFO] 
[ERROR] Tests run: 2, Failures: 0, Errors: 1, Skipped: 0
[INFO] 
[ERROR] 

Please refer to /tmp/bugrun/collections_26.16HAMQ/target/surefire-reports for the individual test results.
Please refer to dump files (if any exist) [date].dump, [date]-jvmRun[N].dump and [date].dumpstream.
[INFO] 
[INFO] --- jacoco:0.8.11:report (default-cli) @ AlgorithmName2 ---
[INFO] Loading execution data file /tmp/bugrun/collections_26.16HAMQ/target/jacoco.exec
[INFO] Analyzed bundle 'AlgorithmName2' with 461 classes
[INFO] ------------------------------------------------------------------------
[INFO] BUILD SUCCESS
[INFO] ------------------------------------------------------------------------
[INFO] Total time:  29.827 s
[INFO] Finished at: 2026-10-06T01:52:33+07:00
[INFO] ------------------------------------------------------------------------
