[INFO] Scanning for projects...
[INFO] 
[INFO] ---------------------< com.example:AlgorithmName2 >---------------------
[INFO] Building AlgorithmName2 1.0-SNAPSHOT
[INFO]   from pom.xml
[INFO] --------------------------------[ jar ]---------------------------------
[INFO] 
[INFO] --- jacoco:0.8.11:prepare-agent (default) @ AlgorithmName2 ---
[INFO] argLine set to -javaagent:/home/kanyaphak673380391-3/.m2/repository/org/jacoco/org.jacoco.agent/0.8.11/org.jacoco.agent-0.8.11-runtime.jar=destfile=/tmp/bugrun/time_8.qWm9EC/target/jacoco.exec
[INFO] 
[INFO] --- resources:3.4.0:resources (default-resources) @ AlgorithmName2 ---
[INFO] Copying 1 resource from src/main/resources to target/classes
[INFO] 
[INFO] --- compiler:3.15.0:compile (default-compile) @ AlgorithmName2 ---
[INFO] Recompiling the module because of changed source code.
[INFO] Compiling 1 source file with javac [debug target 1.8] to target/classes
[WARNING] bootstrap class path not set in conjunction with -source 8
[INFO] 
[INFO] --- dependency:3.6.0:unpack-dependencies (unpack-defects4j) @ AlgorithmName2 ---
[INFO] 
[INFO] --- resources:3.4.0:testResources (default-testResources) @ AlgorithmName2 ---
[INFO] skip non existing resourceDirectory /tmp/bugrun/time_8.qWm9EC/src/test/resources
[INFO] 
[INFO] --- compiler:3.15.0:testCompile (default-testCompile) @ AlgorithmName2 ---
[INFO] Recompiling the module because of changed dependency.
[INFO] Compiling 1 source file with javac [debug target 1.8] to target/test-classes
[WARNING] bootstrap class path not set in conjunction with -source 8
[INFO] 
[INFO] --- surefire:3.1.2:test (default-cli) @ AlgorithmName2 ---
[INFO] Using auto detected provider org.apache.maven.surefire.junitplatform.JUnitPlatformProvider
[INFO] 
[INFO] -------------------------------------------------------
[INFO]  T E S T S
[INFO] -------------------------------------------------------
[INFO] Running com.example.algorithm2.Algorithm2Test
OpenJDK 64-Bit Server VM warning: Sharing is only supported for boot loader classes because bootstrap classpath has been appended
INFO: Loaded 281 hooks from com.code_intelligence.jazzer.runtime.TraceCmpHooks
INFO: Loaded 5 hooks from com.code_intelligence.jazzer.runtime.TraceDivHooks
INFO: Loaded 2 hooks from com.code_intelligence.jazzer.runtime.TraceIndirHooks
INFO: Loaded 4 hooks from com.code_intelligence.jazzer.runtime.NativeLibHooks
INFO: Loaded 2 hooks from com.code_intelligence.jazzer.sanitizers.ClojureLangHooks
INFO: Loaded 5 hooks from com.code_intelligence.jazzer.sanitizers.Deserialization
INFO: Loaded 5 hooks from com.code_intelligence.jazzer.sanitizers.ExpressionLanguageInjection
INFO: Loaded 70 hooks from com.code_intelligence.jazzer.sanitizers.LdapInjection
INFO: Loaded 46 hooks from com.code_intelligence.jazzer.sanitizers.NamingContextLookup
INFO: Loaded 1 hooks from com.code_intelligence.jazzer.sanitizers.OsCommandInjection
INFO: Loaded 52 hooks from com.code_intelligence.jazzer.sanitizers.ReflectiveCall
INFO: Loaded 8 hooks from com.code_intelligence.jazzer.sanitizers.RegexInjection
INFO: Loaded 16 hooks from com.code_intelligence.jazzer.sanitizers.RegexRoadblocks
INFO: Loaded 18 hooks from com.code_intelligence.jazzer.sanitizers.ScriptEngineInjection
INFO: Loaded 2 hooks from com.code_intelligence.jazzer.sanitizers.ServerSideRequestForgery
INFO: Loaded 19 hooks from com.code_intelligence.jazzer.sanitizers.SqlInjection
INFO: Loaded 6 hooks from com.code_intelligence.jazzer.sanitizers.XPathInjection
INFO: Instrumented com.example.algorithm2.Algorithm2Test$Skip (took 440 ms, size +44%)
INFO: Instrumented com.example.algorithm2.Algorithm2Test (took 316 ms, size +27%)
INFO: New number of coverage counters: 1024
INFO: Instrumented org.joda.time.DateTime (took 582 ms, size +12%)
INFO: Instrumented org.joda.time.ReadableDateTime (took 14 ms, size +0%)
INFO: Instrumented org.joda.time.ReadableInstant (took 1 ms, size +0%)
INFO: Instrumented org.joda.time.base.BaseDateTime (took 90 ms, size +15%)
INFO: Instrumented org.joda.time.base.AbstractDateTime (took 136 ms, size +14%)
INFO: Instrumented org.joda.time.base.AbstractInstant (took 266 ms, size +17%)
INFO: Instrumented org.joda.time.Chronology (took 16 ms, size +21%)
INFO: Instrumented org.joda.time.chrono.ISOChronology (took 49 ms, size +17%)
INFO: New number of coverage counters: 2048
INFO: Instrumented org.joda.time.chrono.AssembledChronology (took 105 ms, size +14%)
INFO: Instrumented org.joda.time.chrono.BaseChronology (took 107 ms, size +17%)
INFO: Instrumented org.joda.time.DateTimeZone (took 85 ms, size +22%)
INFO: Instrumented org.joda.time.DateTime$Property (took 28 ms, size +20%)
INFO: Instrumented org.joda.time.field.AbstractReadableInstantFieldProperty (took 66 ms, size +19%)
INFO: Instrumented org.joda.time.DateTimeFieldType (took 85 ms, size +12%)
INFO: Instrumented org.joda.time.ReadablePeriod (took 0 ms, size +0%)
INFO: Instrumented org.joda.time.ReadableDuration (took 0 ms, size +0%)
INFO: New number of coverage counters: 4096
INFO: Instrumented org.joda.time.LocalDate (took 287 ms, size +13%)
INFO: Instrumented org.joda.time.ReadablePartial (took 1 ms, size +0%)
INFO: Instrumented org.joda.time.base.BaseLocal (took 11 ms, size +52%)
INFO: Instrumented org.joda.time.base.AbstractPartial (took 97 ms, size +19%)
INFO: Instrumented org.joda.time.LocalTime (took 263 ms, size +13%)
INFO: Instrumented org.joda.time.LocalDateTime (took 426 ms, size +13%)
INFO: Instrumented org.joda.time.format.DateTimeFormatter (took 218 ms, size +14%)
INFO: Instrumented org.joda.time.DurationFieldType (took 54 ms, size +18%)
INFO: Instrumented org.joda.time.DateMidnight (took 163 ms, size +12%)
INFO: Instrumented org.joda.time.YearMonthDay (took 79 ms, size +12%)
INFO: Instrumented org.joda.time.base.BasePartial (took 15 ms, size +13%)
INFO: Instrumented org.joda.time.TimeOfDay (took 99 ms, size +12%)
INFO: Instrumented org.joda.time.Instant (took 42 ms, size +19%)
INFO: Instrumented org.joda.time.DateTimeField (took 7 ms, size +19%)
INFO: Instrumented org.joda.time.MutableDateTime (took 165 ms, size +11%)
INFO: Instrumented org.joda.time.ReadWritableDateTime (took 7 ms, size +0%)
INFO: Instrumented org.joda.time.ReadWritableInstant (took 0 ms, size +0%)
INFO: Instrumented org.joda.time.format.DateTimePrinter (took 0 ms, size +0%)
INFO: Instrumented org.joda.time.format.DateTimeParser (took 0 ms, size +0%)
[harness] target=org.joda.time.DateTime factories=9 methods=120
INFO: Instrumented org.joda.time.DurationField (took 36 ms, size +36%)
INFO: Instrumented org.joda.time.field.UnsupportedDurationField (took 41 ms, size +25%)
INFO: New number of coverage counters: 8192
INFO: Instrumented org.joda.time.field.UnsupportedDateTimeField (took 104 ms, size +14%)
INFO: Instrumented org.joda.time.IllegalFieldValueException (took 44 ms, size +13%)
INFO: Instrumented org.joda.time.chrono.GregorianChronology (took 84 ms, size +20%)
INFO: Instrumented org.joda.time.chrono.BasicGJChronology (took 42 ms, size +32%)
INFO: Instrumented org.joda.time.chrono.BasicChronology (took 139 ms, size +14%)
INFO: Instrumented org.joda.time.chrono.ZonedChronology (took 57 ms, size +20%)
INFO: Instrumented org.joda.time.field.DividedDateTimeField (took 25 ms, size +23%)
INFO: Instrumented org.joda.time.field.DecoratedDateTimeField (took 21 ms, size +27%)
INFO: Instrumented org.joda.time.field.BaseDateTimeField (took 131 ms, size +18%)
INFO: Instrumented org.joda.time.field.RemainderDateTimeField (took 51 ms, size +20%)
INFO: Instrumented org.joda.time.field.PreciseDurationField (took 31 ms, size +30%)
INFO: Instrumented org.joda.time.field.BaseDurationField (took 22 ms, size +24%)
INFO: Instrumented org.joda.time.field.PreciseDateTimeField (took 21 ms, size +30%)
INFO: Instrumented org.joda.time.field.PreciseDurationDateTimeField (took 32 ms, size +26%)
INFO: Instrumented org.joda.time.field.ZeroIsMaxDateTimeField (took 52 ms, size +19%)
INFO: Instrumented org.joda.time.chrono.BasicChronology$HalfdayField (took 7 ms, size +23%)
INFO: Instrumented org.joda.time.chrono.BasicYearDateTimeField (took 18 ms, size +22%)
INFO: Instrumented org.joda.time.field.ImpreciseDateTimeField (took 5 ms, size +31%)
INFO: Instrumented org.joda.time.chrono.GJYearOfEraDateTimeField (took 39 ms, size +22%)
INFO: Instrumented org.joda.time.field.OffsetDateTimeField (took 69 ms, size +20%)
INFO: Instrumented org.joda.time.chrono.GJEraDateTimeField (took 58 ms, size +19%)
INFO: Instrumented org.joda.time.chrono.GJDayOfWeekDateTimeField (took 45 ms, size +16%)
INFO: Instrumented org.joda.time.chrono.BasicDayOfMonthDateTimeField (took 40 ms, size +23%)
INFO: Instrumented org.joda.time.chrono.BasicDayOfYearDateTimeField (took 45 ms, size +24%)
INFO: Instrumented org.joda.time.chrono.GJMonthOfYearDateTimeField (took 28 ms, size +23%)
INFO: Instrumented org.joda.time.chrono.BasicMonthOfYearDateTimeField (took 27 ms, size +21%)
INFO: Instrumented org.joda.time.chrono.BasicWeekyearDateTimeField (took 46 ms, size +22%)
INFO: Instrumented org.joda.time.chrono.BasicWeekOfWeekyearDateTimeField (took 19 ms, size +21%)
INFO: Instrumented org.joda.time.field.MillisDurationField (took 24 ms, size +23%)
INFO: Instrumented org.joda.time.DurationFieldType$StandardDurationFieldType (took 7 ms, size +27%)
INFO: Instrumented org.joda.time.DateTimeFieldType$StandardDateTimeFieldType (took 10 ms, size +21%)
INFO: Instrumented org.joda.time.tz.Provider (took 0 ms, size +0%)
INFO: Instrumented org.joda.time.JodaTimePermission (took 2 ms, size +49%)
INFO: Instrumented org.joda.time.tz.FixedDateTimeZone (took 17 ms, size +37%)
INFO: Instrumented org.joda.time.DateTimeZone$1 (took 7 ms, size +32%)
INFO: Instrumented org.joda.time.tz.NameProvider (took 0 ms, size +0%)
INFO: Instrumented org.joda.time.IllegalInstantException (took 8 ms, size +28%)
INFO: Instrumented org.joda.time.tz.ZoneInfoProvider (took 22 ms, size +22%)
INFO: Instrumented org.joda.time.tz.DefaultNameProvider (took 10 ms, size +42%)
INFO: Instrumented org.joda.time.chrono.AssembledChronology$Fields (took 11 ms, size +31%)
INFO: Instrumented org.joda.time.field.ImpreciseDateTimeField$LinkedDurationField (took 15 ms, size +21%)
INFO: Instrumented org.joda.time.field.ScaledDurationField (took 36 ms, size +28%)
INFO: Instrumented org.joda.time.field.DecoratedDurationField (took 17 ms, size +26%)
INFO: Instrumented org.joda.time.chrono.BasicChronology$YearInfo (took 14 ms, size +45%)
INFO: Instrumented org.joda.time.chrono.ISOYearOfEraDateTimeField (took 34 ms, size +22%)
INFO: Instrumented org.joda.time.tz.DateTimeZoneBuilder (took 27 ms, size +19%)
INFO: Instrumented org.joda.time.tz.DateTimeZoneBuilder$PrecalculatedZone (took 38 ms, size +24%)
INFO: Instrumented org.joda.time.tz.CachedDateTimeZone (took 33 ms, size +22%)
INFO: Instrumented org.joda.time.tz.DateTimeZoneBuilder$DSTZone (took 36 ms, size +25%)
INFO: Instrumented org.joda.time.chrono.ZonedChronology$ZonedDateTimeField (took 18 ms, size +16%)
INFO: Instrumented org.joda.time.chrono.ZonedChronology$ZonedDurationField (took 43 ms, size +23%)
INFO: Instrumented org.joda.time.DateTimeUtils (took 35 ms, size +16%)
INFO: Instrumented org.joda.time.DateTimeUtils$MillisProvider (took 0 ms, size +0%)
INFO: Instrumented org.joda.time.ReadableInterval (took 2 ms, size +0%)
INFO: Instrumented org.joda.time.DateTimeUtils$SystemMillisProvider (took 2 ms, size +43%)
INFO: Instrumented org.joda.time.tz.DateTimeZoneBuilder$Recurrence (took 58 ms, size +28%)
INFO: Instrumented org.joda.time.tz.DateTimeZoneBuilder$OfYear (took 47 ms, size +26%)
INFO: Instrumented org.joda.time.tz.CachedDateTimeZone$Info (took 4 ms, size +37%)
INFO: using inputs from: /tmp/bugrun/time_8.qWm9EC/.cifuzz-corpus/com.example.algorithm2.Algorithm2Test/testParameterizedFuzzer
INFO: using inputs from: /tmp/jazzer-java-seeds11531793036365630497
INFO: found LLVMFuzzerCustomMutator (0x72ba3cb6bcd0). Disabling -len_control by default.
INFO: Running with entropic power schedule (0xFF, 100).
INFO: Seed: 373488573
INFO: Loaded 5 modules   (8192 inline 8-bit counters): 512 [0x72baccacf050, 0x72baccacf250), 512 [0x72baccacf250, 0x72baccacf450), 1024 [0x72baccacf450, 0x72baccacf850), 2048 [0x72baccacf850, 0x72baccad0050), 4096 [0x72baccad0050, 0x72baccad1050), 
INFO: Loaded 5 PC tables (8192 PCs): 512 [0x72bacc61ef60,0x72bacc620f60), 512 [0x72bacc92a5a0,0x72bacc92c5a0), 1024 [0x72baccaafcb0,0x72baccab3cb0), 2048 [0x72baccbea750,0x72baccbf2750), 4096 [0x72baccab3cc0,0x72baccac3cc0), 
INFO:        0 files found in /tmp/bugrun/time_8.qWm9EC/.cifuzz-corpus/com.example.algorithm2.Algorithm2Test/testParameterizedFuzzer
INFO:        0 files found in /tmp/jazzer-java-seeds11531793036365630497
INFO: -max_len is not provided; libFuzzer will not generate inputs larger than 4096 bytes
INFO: A corpus is not provided, starting from an empty corpus
#2	INITED cov: 91 ft: 91 corp: 1/1b exec/s: 0 rss: 1370Mb
MS: 2 ChangeByte-Custom-; base unit: adc83b19e793491b1c6ea0fd8b46cd9f32e592fc
0x2d,
-
artifact_prefix='/tmp/bugrun/time_8.qWm9EC/'; Test unit written to /tmp/bugrun/time_8.qWm9EC/crash-3bc15c8aae3e4124dd409035f32ea2fd6835efc9
Base64: LQ==
Done 3 runs in 0 second(s)
INFO: Instrumented org.joda.time.field.FieldUtils (took 54 ms, size +30%)
DEDUP_TOKEN: 2de34293eeb3a5a5
[ERROR] Tests run: 2, Failures: 0, Errors: 1, Skipped: 0, Time elapsed: 22.96 s <<< FAILURE! -- in com.example.algorithm2.Algorithm2Test
[ERROR] com.example.algorithm2.Algorithm2Test.testParameterizedFuzzer(FuzzedDataProvider)[2] -- Time elapsed: 0.624 s <<< ERROR!
org.joda.time.IllegalFieldValueException: Value 0 for monthOfYear must be in the range [1,12]
	at org.joda.time.field.FieldUtils.verifyValueBounds(FieldUtils.java:220)
	at org.joda.time.chrono.BasicMonthOfYearDateTimeField.set(BasicMonthOfYearDateTimeField.java:298)
	at org.joda.time.chrono.ZonedChronology$ZonedDateTimeField.set(ZonedChronology.java:463)
	at org.joda.time.DateTime.withDate(DateTime.java:712)
	at java.base/jdk.internal.reflect.NativeMethodAccessorImpl.invoke0(Native Method)
	at java.base/jdk.internal.reflect.NativeMethodAccessorImpl.invoke(NativeMethodAccessorImpl.java:62)
	at java.base/jdk.internal.reflect.DelegatingMethodAccessorImpl.invoke(DelegatingMethodAccessorImpl.java:43)
	at java.base/java.lang.reflect.Method.invoke(Method.java:566)
	at com.example.algorithm2.Algorithm2Test.testParameterizedFuzzer(Algorithm2Test.java:226)

[INFO] 
[INFO] Results:
[INFO] 
[ERROR] Errors: 
[ERROR]   Algorithm2Test.testParameterizedFuzzer:226 » IllegalFieldValue Value 0 for monthOfYear must be in the range [1,12]
[INFO] 
[ERROR] Tests run: 2, Failures: 0, Errors: 1, Skipped: 0
[INFO] 
[ERROR] 

Please refer to /tmp/bugrun/time_8.qWm9EC/target/surefire-reports for the individual test results.
Please refer to dump files (if any exist) [date].dump, [date]-jvmRun[N].dump and [date].dumpstream.
[INFO] 
[INFO] --- jacoco:0.8.11:report (default-cli) @ AlgorithmName2 ---
[INFO] Loading execution data file /tmp/bugrun/time_8.qWm9EC/target/jacoco.exec
[INFO] Analyzed bundle 'AlgorithmName2' with 207 classes
[INFO] ------------------------------------------------------------------------
[INFO] BUILD SUCCESS
[INFO] ------------------------------------------------------------------------
[INFO] Total time:  40.362 s
[INFO] Finished at: 2026-10-06T02:42:54+07:00
[INFO] ------------------------------------------------------------------------
