[INFO] Scanning for projects...
[INFO] 
[INFO] ---------------------< com.example:AlgorithmName2 >---------------------
[INFO] Building AlgorithmName2 1.0-SNAPSHOT
[INFO]   from pom.xml
[INFO] --------------------------------[ jar ]---------------------------------
[INFO] 
[INFO] --- jacoco:0.8.11:prepare-agent (default) @ AlgorithmName2 ---
[INFO] argLine set to -javaagent:/home/kanyaphak673380391-3/.m2/repository/org/jacoco/org.jacoco.agent/0.8.11/org.jacoco.agent-0.8.11-runtime.jar=destfile=/tmp/bugrun/csv_11.JbIWep/target/jacoco.exec
[INFO] 
[INFO] --- resources:3.4.0:resources (default-resources) @ AlgorithmName2 ---
[INFO] Copying 1 resource from src/main/resources to target/classes
[INFO] 
[INFO] --- compiler:3.15.0:compile (default-compile) @ AlgorithmName2 ---
[INFO] Recompiling the module because of changed source code.
[INFO] Compiling 1 source file with javac [debug target 1.8] to target/classes
[WARNING] bootstrap class path not set in conjunction with -source 8
[INFO] 
[INFO] --- dependency:3.6.0:unpack-dependencies (unpack-defects4j) @ AlgorithmName2 ---
[INFO] 
[INFO] --- resources:3.4.0:testResources (default-testResources) @ AlgorithmName2 ---
[INFO] skip non existing resourceDirectory /tmp/bugrun/csv_11.JbIWep/src/test/resources
[INFO] 
[INFO] --- compiler:3.15.0:testCompile (default-testCompile) @ AlgorithmName2 ---
[INFO] Recompiling the module because of changed dependency.
[INFO] Compiling 1 source file with javac [debug target 1.8] to target/test-classes
[WARNING] bootstrap class path not set in conjunction with -source 8
[INFO] 
[INFO] --- surefire:3.1.2:test (default-cli) @ AlgorithmName2 ---
[INFO] Using auto detected provider org.apache.maven.surefire.junitplatform.JUnitPlatformProvider
[INFO] 
[INFO] -------------------------------------------------------
[INFO]  T E S T S
[INFO] -------------------------------------------------------
[INFO] Running com.example.algorithm2.Algorithm2Test
OpenJDK 64-Bit Server VM warning: Sharing is only supported for boot loader classes because bootstrap classpath has been appended
INFO: Loaded 281 hooks from com.code_intelligence.jazzer.runtime.TraceCmpHooks
INFO: Loaded 5 hooks from com.code_intelligence.jazzer.runtime.TraceDivHooks
INFO: Loaded 2 hooks from com.code_intelligence.jazzer.runtime.TraceIndirHooks
INFO: Loaded 4 hooks from com.code_intelligence.jazzer.runtime.NativeLibHooks
INFO: Loaded 2 hooks from com.code_intelligence.jazzer.sanitizers.ClojureLangHooks
INFO: Loaded 5 hooks from com.code_intelligence.jazzer.sanitizers.Deserialization
INFO: Loaded 5 hooks from com.code_intelligence.jazzer.sanitizers.ExpressionLanguageInjection
INFO: Loaded 70 hooks from com.code_intelligence.jazzer.sanitizers.LdapInjection
INFO: Loaded 46 hooks from com.code_intelligence.jazzer.sanitizers.NamingContextLookup
INFO: Loaded 1 hooks from com.code_intelligence.jazzer.sanitizers.OsCommandInjection
INFO: Loaded 52 hooks from com.code_intelligence.jazzer.sanitizers.ReflectiveCall
INFO: Loaded 8 hooks from com.code_intelligence.jazzer.sanitizers.RegexInjection
INFO: Loaded 16 hooks from com.code_intelligence.jazzer.sanitizers.RegexRoadblocks
INFO: Loaded 18 hooks from com.code_intelligence.jazzer.sanitizers.ScriptEngineInjection
INFO: Loaded 2 hooks from com.code_intelligence.jazzer.sanitizers.ServerSideRequestForgery
INFO: Loaded 19 hooks from com.code_intelligence.jazzer.sanitizers.SqlInjection
INFO: Loaded 6 hooks from com.code_intelligence.jazzer.sanitizers.XPathInjection
INFO: Instrumented com.example.algorithm2.Algorithm2Test$Skip (took 147 ms, size +44%)
INFO: Instrumented com.example.algorithm2.Algorithm2Test (took 160 ms, size +27%)
INFO: New number of coverage counters: 1024
INFO: Instrumented org.apache.commons.csv.CSVFormat (took 106 ms, size +21%)
INFO: Instrumented org.apache.commons.csv.Constants (took 4 ms, size +30%)
INFO: Instrumented org.apache.commons.csv.Quote (took 6 ms, size +31%)
INFO: Instrumented org.apache.commons.csv.CSVPrinter (took 43 ms, size +23%)
INFO: Instrumented org.apache.commons.csv.CSVParser (took 19 ms, size +17%)
[harness] target=org.apache.commons.csv.CSVFormat factories=7 methods=39
INFO: using inputs from: /tmp/bugrun/csv_11.JbIWep/.cifuzz-corpus/com.example.algorithm2.Algorithm2Test/testParameterizedFuzzer
INFO: using inputs from: /tmp/jazzer-java-seeds174386013775947514
INFO: found LLVMFuzzerCustomMutator (0x753f3c2e8cd0). Disabling -len_control by default.
INFO: Running with entropic power schedule (0xFF, 100).
INFO: Seed: 1738299661
INFO: Loaded 2 modules   (1024 inline 8-bit counters): 512 [0x753facadd770, 0x753facadd970), 512 [0x753facadd970, 0x753facaddb70), 
INFO: Loaded 2 PC tables (1024 PCs): 512 [0x753fac4f6280,0x753fac4f8280), 512 [0x753fac67d7f0,0x753fac67f7f0), 
INFO:        0 files found in /tmp/bugrun/csv_11.JbIWep/.cifuzz-corpus/com.example.algorithm2.Algorithm2Test/testParameterizedFuzzer
INFO:        0 files found in /tmp/jazzer-java-seeds174386013775947514
INFO: -max_len is not provided; libFuzzer will not generate inputs larger than 4096 bytes
INFO: A corpus is not provided, starting from an empty corpus
#2	INITED cov: 54 ft: 54 corp: 1/1b exec/s: 0 rss: 788Mb
#4	NEW    cov: 61 ft: 95 corp: 2/3b lim: 4 exec/s: 0 rss: 788Mb L: 2/2 MS: 4 ChangeByte-Custom-CrossOver-Custom-
#8	NEW    cov: 75 ft: 109 corp: 3/5b lim: 4 exec/s: 0 rss: 788Mb L: 2/2 MS: 8 EraseBytes-Custom-CopyPart-Custom-ChangeBit-Custom-ChangeBit-Custom-
#11	NEW    cov: 88 ft: 122 corp: 4/8b lim: 4 exec/s: 0 rss: 788Mb L: 3/3 MS: 6 CMP-Custom-ChangeByte-Custom-InsertByte-Custom- DE: "\000\014"-
#13	NEW    cov: 91 ft: 125 corp: 5/11b lim: 4 exec/s: 0 rss: 788Mb L: 3/3 MS: 4 CrossOver-Custom-ChangeBinInt-Custom-
#14	NEW    cov: 94 ft: 128 corp: 6/14b lim: 4 exec/s: 0 rss: 788Mb L: 3/3 MS: 2 ChangeBinInt-Custom-
#15	NEW    cov: 95 ft: 129 corp: 7/16b lim: 4 exec/s: 0 rss: 788Mb L: 2/3 MS: 2 ChangeBit-Custom-
#29	NEW    cov: 96 ft: 130 corp: 8/19b lim: 4 exec/s: 0 rss: 788Mb L: 3/3 MS: 8 ChangeBit-Custom-CopyPart-Custom-PersAutoDict-Custom-ShuffleBytes-Custom- DE: "\000\014"-
#32	NEW    cov: 97 ft: 131 corp: 9/22b lim: 4 exec/s: 0 rss: 788Mb L: 3/3 MS: 6 ChangeBinInt-Custom-ShuffleBytes-Custom-ChangeByte-Custom-
#46	NEW    cov: 98 ft: 132 corp: 10/26b lim: 4 exec/s: 0 rss: 789Mb L: 4/4 MS: 8 ChangeByte-Custom-CrossOver-Custom-ChangeBinInt-Custom-ChangeBit-Custom-
#47	NEW    cov: 100 ft: 134 corp: 11/28b lim: 4 exec/s: 0 rss: 789Mb L: 2/4 MS: 2 CrossOver-Custom-
#56	NEW    cov: 101 ft: 135 corp: 12/32b lim: 4 exec/s: 0 rss: 789Mb L: 4/4 MS: 8 ChangeByte-Custom-ChangeByte-Custom-CopyPart-Custom-ChangeBinInt-Custom-
#59	NEW    cov: 103 ft: 147 corp: 13/34b lim: 4 exec/s: 0 rss: 789Mb L: 2/4 MS: 6 CrossOver-Custom-ShuffleBytes-Custom-EraseBytes-Custom-
#64	NEW    cov: 105 ft: 149 corp: 14/36b lim: 4 exec/s: 0 rss: 789Mb L: 2/4 MS: 10 EraseBytes-Custom-ChangeByte-Custom-ChangeBit-Custom-ChangeBit-Custom-InsertByte-Custom-
#77	NEW    cov: 105 ft: 155 corp: 15/40b lim: 4 exec/s: 0 rss: 789Mb L: 4/4 MS: 6 CopyPart-Custom-CrossOver-Custom-ShuffleBytes-Custom-
#91	NEW    cov: 111 ft: 161 corp: 16/43b lim: 4 exec/s: 0 rss: 789Mb L: 3/4 MS: 8 ShuffleBytes-Custom-ShuffleBytes-Custom-ShuffleBytes-Custom-CrossOver-Custom-
#102	NEW    cov: 118 ft: 168 corp: 17/45b lim: 4 exec/s: 0 rss: 789Mb L: 2/4 MS: 2 ChangeByte-Custom-
#105	NEW    cov: 119 ft: 169 corp: 18/48b lim: 4 exec/s: 0 rss: 789Mb L: 3/4 MS: 6 ShuffleBytes-Custom-PersAutoDict-Custom-EraseBytes-Custom- DE: "\000\014"-
MS: 2 InsertByte-Custom-; base unit: f2fc45a8531ec1add8b6305302f85a017f6b6607
0x3a,0x4,0x1c,
:\004\034
artifact_prefix='/tmp/bugrun/csv_11.JbIWep/'; Test unit written to /tmp/bugrun/csv_11.JbIWep/crash-bece35406355a3d1444298fd9b8b0657045247fe
Base64: OgQc
Done 106 runs in 0 second(s)
DEDUP_TOKEN: ef0d8231e18099c6
[ERROR] Tests run: 2, Failures: 0, Errors: 1, Skipped: 0, Time elapsed: 8.077 s <<< FAILURE! -- in com.example.algorithm2.Algorithm2Test
[ERROR] com.example.algorithm2.Algorithm2Test.testParameterizedFuzzer(FuzzedDataProvider)[2] -- Time elapsed: 0.230 s <<< ERROR!
java.lang.IllegalArgumentException: The header contains a duplicate entry: '' in [, ]
	at org.apache.commons.csv.CSVFormat.<init>(CSVFormat.java:324)
	at org.apache.commons.csv.CSVFormat.withHeader(CSVFormat.java:814)
	at java.base/jdk.internal.reflect.NativeMethodAccessorImpl.invoke0(Native Method)
	at java.base/jdk.internal.reflect.NativeMethodAccessorImpl.invoke(NativeMethodAccessorImpl.java:62)
	at java.base/jdk.internal.reflect.DelegatingMethodAccessorImpl.invoke(DelegatingMethodAccessorImpl.java:43)
	at java.base/java.lang.reflect.Method.invoke(Method.java:566)
	at com.example.algorithm2.Algorithm2Test.testParameterizedFuzzer(Algorithm2Test.java:226)

[INFO] 
[INFO] Results:
[INFO] 
[ERROR] Errors: 
[ERROR]   Algorithm2Test.testParameterizedFuzzer:226 » IllegalArgument The header contains a duplicate entry: '' in [, ]
[INFO] 
[ERROR] Tests run: 2, Failures: 0, Errors: 1, Skipped: 0
[INFO] 
[ERROR] 

Please refer to /tmp/bugrun/csv_11.JbIWep/target/surefire-reports for the individual test results.
Please refer to dump files (if any exist) [date].dump, [date]-jvmRun[N].dump and [date].dumpstream.
[INFO] 
[INFO] --- jacoco:0.8.11:report (default-cli) @ AlgorithmName2 ---
[INFO] Loading execution data file /tmp/bugrun/csv_11.JbIWep/target/jacoco.exec
[INFO] Analyzed bundle 'AlgorithmName2' with 13 classes
[INFO] ------------------------------------------------------------------------
[INFO] BUILD SUCCESS
[INFO] ------------------------------------------------------------------------
[INFO] Total time:  18.798 s
[INFO] Finished at: 2026-10-06T01:53:59+07:00
[INFO] ------------------------------------------------------------------------
