[INFO] Scanning for projects...
[INFO] 
[INFO] ---------------------< com.example:AlgorithmName2 >---------------------
[INFO] Building AlgorithmName2 1.0-SNAPSHOT
[INFO]   from pom.xml
[INFO] --------------------------------[ jar ]---------------------------------
[INFO] 
[INFO] --- jacoco:0.8.11:prepare-agent (default) @ AlgorithmName2 ---
[INFO] argLine set to -javaagent:/home/kanyaphak673380391-3/.m2/repository/org/jacoco/org.jacoco.agent/0.8.11/org.jacoco.agent-0.8.11-runtime.jar=destfile=/tmp/bugrun/math_34.cQtPD7/target/jacoco.exec
[INFO] 
[INFO] --- resources:3.4.0:resources (default-resources) @ AlgorithmName2 ---
[INFO] Copying 1 resource from src/main/resources to target/classes
[INFO] 
[INFO] --- compiler:3.15.0:compile (default-compile) @ AlgorithmName2 ---
[INFO] Recompiling the module because of changed source code.
[INFO] Compiling 1 source file with javac [debug target 1.8] to target/classes
[WARNING] bootstrap class path not set in conjunction with -source 8
[INFO] 
[INFO] --- dependency:3.6.0:unpack-dependencies (unpack-defects4j) @ AlgorithmName2 ---
[INFO] 
[INFO] --- resources:3.4.0:testResources (default-testResources) @ AlgorithmName2 ---
[INFO] skip non existing resourceDirectory /tmp/bugrun/math_34.cQtPD7/src/test/resources
[INFO] 
[INFO] --- compiler:3.15.0:testCompile (default-testCompile) @ AlgorithmName2 ---
[INFO] Recompiling the module because of changed dependency.
[INFO] Compiling 1 source file with javac [debug target 1.8] to target/test-classes
[WARNING] bootstrap class path not set in conjunction with -source 8
[INFO] 
[INFO] --- surefire:3.1.2:test (default-cli) @ AlgorithmName2 ---
[INFO] Using auto detected provider org.apache.maven.surefire.junitplatform.JUnitPlatformProvider
[INFO] 
[INFO] -------------------------------------------------------
[INFO]  T E S T S
[INFO] -------------------------------------------------------
[INFO] Running com.example.algorithm2.Algorithm2Test
OpenJDK 64-Bit Server VM warning: Sharing is only supported for boot loader classes because bootstrap classpath has been appended
INFO: Loaded 284 hooks from com.code_intelligence.jazzer.runtime.TraceCmpHooks
INFO: Loaded 5 hooks from com.code_intelligence.jazzer.runtime.TraceDivHooks
INFO: Loaded 2 hooks from com.code_intelligence.jazzer.runtime.TraceIndirHooks
INFO: Loaded 4 hooks from com.code_intelligence.jazzer.runtime.NativeLibHooks
INFO: Loaded 2 hooks from com.code_intelligence.jazzer.sanitizers.ClojureLangHooks
INFO: Loaded 5 hooks from com.code_intelligence.jazzer.sanitizers.Deserialization
INFO: Loaded 5 hooks from com.code_intelligence.jazzer.sanitizers.ExpressionLanguageInjection
INFO: Loaded 70 hooks from com.code_intelligence.jazzer.sanitizers.LdapInjection
INFO: Loaded 46 hooks from com.code_intelligence.jazzer.sanitizers.NamingContextLookup
INFO: Loaded 1 hooks from com.code_intelligence.jazzer.sanitizers.OsCommandInjection
INFO: Loaded 52 hooks from com.code_intelligence.jazzer.sanitizers.ReflectiveCall
INFO: Loaded 8 hooks from com.code_intelligence.jazzer.sanitizers.RegexInjection
INFO: Loaded 16 hooks from com.code_intelligence.jazzer.sanitizers.RegexRoadblocks
INFO: Loaded 18 hooks from com.code_intelligence.jazzer.sanitizers.ScriptEngineInjection
INFO: Loaded 2 hooks from com.code_intelligence.jazzer.sanitizers.ServerSideRequestForgery
INFO: Loaded 19 hooks from com.code_intelligence.jazzer.sanitizers.SqlInjection
INFO: Loaded 6 hooks from com.code_intelligence.jazzer.sanitizers.XPathInjection
INFO: Instrumented com.example.algorithm2.Algorithm2Test$Skip (took 292 ms, size +44%)
INFO: Instrumented com.example.algorithm2.Algorithm2Test (took 203 ms, size +27%)
INFO: New number of coverage counters: 1024
INFO: Instrumented org.apache.commons.math3.util.Precision (took 158 ms, size +27%)
INFO: Instrumented org.apache.commons.math3.exception.MathArithmeticException (took 46 ms, size +24%)
INFO: Instrumented org.apache.commons.math3.exception.util.ExceptionContextProvider (took 3 ms, size +0%)
INFO: Instrumented org.apache.commons.math3.exception.util.Localizable (took 1 ms, size +0%)
INFO: Instrumented org.apache.commons.math3.exception.MathIllegalArgumentException (took 53 ms, size +27%)
[harness] target=org.apache.commons.math3.util.Precision factories=1 methods=19
INFO: New number of coverage counters: 2048
INFO: Instrumented org.apache.commons.math3.util.FastMath (took 435 ms, size +16%)
INFO: using inputs from: /tmp/bugrun/math_34.cQtPD7/.cifuzz-corpus/com.example.algorithm2.Algorithm2Test/testParameterizedFuzzer
INFO: using inputs from: /tmp/jazzer-java-seeds15934123939838176486
INFO: found LLVMFuzzerCustomMutator (0x7de614c6dcd0). Disabling -len_control by default.
INFO: Running with entropic power schedule (0xFF, 100).
INFO: Seed: 519496844
INFO: Loaded 3 modules   (2048 inline 8-bit counters): 512 [0x7de6a4a574d0, 0x7de6a4a576d0), 512 [0x7de6a4a576d0, 0x7de6a4a578d0), 1024 [0x7de6a4a578d0, 0x7de6a4a57cd0), 
INFO: Loaded 3 PC tables (2048 PCs): 512 [0x7de6a445f3f0,0x7de6a44613f0), 512 [0x7de6a4a189b0,0x7de6a4a1a9b0), 1024 [0x7de6a4bb8010,0x7de6a4bbc010), 
INFO:        0 files found in /tmp/bugrun/math_34.cQtPD7/.cifuzz-corpus/com.example.algorithm2.Algorithm2Test/testParameterizedFuzzer
INFO:        0 files found in /tmp/jazzer-java-seeds15934123939838176486
INFO: -max_len is not provided; libFuzzer will not generate inputs larger than 4096 bytes
INFO: A corpus is not provided, starting from an empty corpus
#2	INITED cov: 61 ft: 61 corp: 1/1b exec/s: 0 rss: 908Mb
#3	NEW    cov: 70 ft: 70 corp: 2/3b lim: 4 exec/s: 0 rss: 908Mb L: 2/2 MS: 2 CrossOver-Custom-
#9	NEW    cov: 85 ft: 87 corp: 3/4b lim: 4 exec/s: 0 rss: 908Mb L: 1/2 MS: 2 ChangeByte-Custom-
#10	NEW    cov: 90 ft: 100 corp: 4/6b lim: 4 exec/s: 0 rss: 908Mb L: 2/2 MS: 2 InsertByte-Custom-
#11	NEW    cov: 92 ft: 104 corp: 5/7b lim: 4 exec/s: 0 rss: 908Mb L: 1/2 MS: 2 ChangeByte-Custom-
#12	NEW    cov: 93 ft: 107 corp: 6/10b lim: 4 exec/s: 0 rss: 908Mb L: 3/3 MS: 2 CrossOver-Custom-
#20	NEW    cov: 98 ft: 124 corp: 7/11b lim: 4 exec/s: 0 rss: 908Mb L: 1/3 MS: 6 ChangeASCIIInt-Custom-CrossOver-Custom-ChangeASCIIInt-Custom-
#25	NEW    cov: 108 ft: 134 corp: 8/15b lim: 4 exec/s: 0 rss: 908Mb L: 4/4 MS: 10 CrossOver-Custom-InsertByte-Custom-CopyPart-Custom-ChangeByte-Custom-ChangeBinInt-Custom-
#26	NEW    cov: 112 ft: 140 corp: 9/16b lim: 4 exec/s: 0 rss: 908Mb L: 1/4 MS: 2 ChangeASCIIInt-Custom-
#31	NEW    cov: 117 ft: 145 corp: 10/18b lim: 4 exec/s: 0 rss: 908Mb L: 2/4 MS: 10 ShuffleBytes-Custom-EraseBytes-Custom-ChangeByte-Custom-ShuffleBytes-Custom-CrossOver-Custom-
#34	NEW    cov: 118 ft: 146 corp: 11/21b lim: 4 exec/s: 0 rss: 908Mb L: 3/4 MS: 6 CopyPart-Custom-CopyPart-Custom-ChangeByte-Custom-
#36	NEW    cov: 119 ft: 147 corp: 12/25b lim: 4 exec/s: 0 rss: 908Mb L: 4/4 MS: 4 ChangeBit-Custom-CopyPart-Custom-
#39	NEW    cov: 123 ft: 151 corp: 13/28b lim: 4 exec/s: 0 rss: 909Mb L: 3/4 MS: 6 ChangeBit-Custom-ChangeByte-Custom-InsertByte-Custom-
#41	NEW    cov: 128 ft: 156 corp: 14/29b lim: 4 exec/s: 0 rss: 909Mb L: 1/4 MS: 4 ChangeASCIIInt-Custom-ChangeASCIIInt-Custom-
#46	NEW    cov: 128 ft: 158 corp: 15/32b lim: 4 exec/s: 0 rss: 909Mb L: 3/4 MS: 10 ShuffleBytes-Custom-ChangeByte-Custom-ChangeBinInt-Custom-CopyPart-Custom-ChangeByte-Custom-
#53	NEW    cov: 132 ft: 162 corp: 16/33b lim: 4 exec/s: 0 rss: 909Mb L: 1/4 MS: 4 ChangeBit-Custom-ChangeByte-Custom-
#59	NEW    cov: 134 ft: 164 corp: 17/36b lim: 4 exec/s: 0 rss: 910Mb L: 3/4 MS: 2 CrossOver-Custom-
#63	NEW    cov: 138 ft: 168 corp: 18/38b lim: 4 exec/s: 0 rss: 910Mb L: 2/4 MS: 8 CopyPart-Custom-EraseBytes-Custom-InsertByte-Custom-ChangeBinInt-Custom-
#75	NEW    cov: 139 ft: 169 corp: 19/40b lim: 4 exec/s: 0 rss: 910Mb L: 2/4 MS: 4 ChangeASCIIInt-Custom-InsertByte-Custom-
#78	NEW    cov: 141 ft: 171 corp: 20/42b lim: 4 exec/s: 0 rss: 910Mb L: 2/4 MS: 6 ChangeBit-Custom-ChangeByte-Custom-InsertByte-Custom-
#79	NEW    cov: 143 ft: 173 corp: 21/46b lim: 4 exec/s: 0 rss: 910Mb L: 4/4 MS: 2 ChangeBinInt-Custom-
#82	NEW    cov: 145 ft: 175 corp: 22/50b lim: 4 exec/s: 0 rss: 910Mb L: 4/4 MS: 6 CopyPart-Custom-CMP-Custom-CopyPart-Custom- DE: "\377\007"-
#83	REDUCE cov: 145 ft: 175 corp: 22/49b lim: 4 exec/s: 0 rss: 910Mb L: 2/4 MS: 2 EraseBytes-Custom-
#98	NEW    cov: 148 ft: 178 corp: 23/53b lim: 4 exec/s: 0 rss: 910Mb L: 4/4 MS: 10 ShuffleBytes-Custom-ChangeBit-Custom-CopyPart-Custom-CopyPart-Custom-ChangeBit-Custom-
#118	NEW    cov: 149 ft: 179 corp: 24/56b lim: 4 exec/s: 0 rss: 910Mb L: 3/4 MS: 10 CrossOver-Custom-CopyPart-Custom-ChangeBit-Custom-CopyPart-Custom-ChangeByte-Custom-
#129	NEW    cov: 150 ft: 180 corp: 25/58b lim: 4 exec/s: 0 rss: 910Mb L: 2/4 MS: 2 ChangeBinInt-Custom-
#130	REDUCE cov: 150 ft: 180 corp: 25/57b lim: 4 exec/s: 0 rss: 910Mb L: 3/4 MS: 2 EraseBytes-Custom-
#136	NEW    cov: 153 ft: 183 corp: 26/58b lim: 4 exec/s: 0 rss: 910Mb L: 1/4 MS: 2 ChangeBit-Custom-
#138	NEW    cov: 155 ft: 185 corp: 27/59b lim: 4 exec/s: 0 rss: 910Mb L: 1/4 MS: 4 CopyPart-Custom-ChangeByte-Custom-
#143	NEW    cov: 156 ft: 186 corp: 28/62b lim: 4 exec/s: 0 rss: 910Mb L: 3/4 MS: 10 ChangeBinInt-Custom-EraseBytes-Custom-ChangeBinInt-Custom-CrossOver-Custom-ChangeBinInt-Custom-
#162	REDUCE cov: 156 ft: 186 corp: 28/61b lim: 4 exec/s: 0 rss: 910Mb L: 1/4 MS: 8 ChangeByte-Custom-ChangeByte-Custom-ChangeBinInt-Custom-EraseBytes-Custom-
#168	NEW    cov: 157 ft: 187 corp: 29/63b lim: 4 exec/s: 0 rss: 910Mb L: 2/4 MS: 2 CrossOver-Custom-
#180	NEW    cov: 159 ft: 189 corp: 30/64b lim: 4 exec/s: 0 rss: 910Mb L: 1/4 MS: 4 ChangeByte-Custom-ChangeByte-Custom-
#182	REDUCE cov: 159 ft: 189 corp: 30/63b lim: 4 exec/s: 0 rss: 910Mb L: 1/4 MS: 4 CrossOver-Custom-EraseBytes-Custom-
#187	REDUCE cov: 159 ft: 189 corp: 30/61b lim: 4 exec/s: 0 rss: 910Mb L: 2/4 MS: 10 ChangeByte-Custom-CopyPart-Custom-ChangeBit-Custom-ChangeByte-Custom-EraseBytes-Custom-
#205	NEW    cov: 160 ft: 190 corp: 31/64b lim: 4 exec/s: 0 rss: 910Mb L: 3/4 MS: 6 InsertByte-Custom-InsertByte-Custom-ChangeByte-Custom-
#280	NEW    cov: 161 ft: 191 corp: 32/68b lim: 4 exec/s: 0 rss: 910Mb L: 4/4 MS: 10 ChangeBit-Custom-CrossOver-Custom-CopyPart-Custom-ChangeBit-Custom-PersAutoDict-Custom- DE: "\377\007"-
#296	REDUCE cov: 161 ft: 191 corp: 32/67b lim: 4 exec/s: 0 rss: 910Mb L: 2/4 MS: 2 EraseBytes-Custom-
#297	REDUCE cov: 161 ft: 191 corp: 32/66b lim: 4 exec/s: 0 rss: 910Mb L: 2/4 MS: 2 EraseBytes-Custom-
#319	REDUCE cov: 161 ft: 191 corp: 32/65b lim: 4 exec/s: 0 rss: 910Mb L: 2/4 MS: 4 ChangeBinInt-Custom-EraseBytes-Custom-
#320	NEW    cov: 162 ft: 192 corp: 33/68b lim: 4 exec/s: 0 rss: 910Mb L: 3/4 MS: 2 CopyPart-Custom-
#352	REDUCE cov: 162 ft: 192 corp: 33/67b lim: 4 exec/s: 0 rss: 911Mb L: 2/4 MS: 4 ChangeByte-Custom-EraseBytes-Custom-
#432	REDUCE cov: 162 ft: 192 corp: 33/66b lim: 4 exec/s: 0 rss: 911Mb L: 1/4 MS: 10 PersAutoDict-Custom-EraseBytes-Custom-ShuffleBytes-Custom-ChangeBit-Custom-ChangeByte-Custom- DE: "\377\007"-
#498	REDUCE cov: 162 ft: 192 corp: 33/64b lim: 4 exec/s: 0 rss: 911Mb L: 2/4 MS: 2 EraseBytes-Custom-
#500	REDUCE cov: 162 ft: 192 corp: 33/63b lim: 4 exec/s: 0 rss: 911Mb L: 2/4 MS: 4 InsertByte-Custom-EraseBytes-Custom-
#565	NEW    cov: 164 ft: 194 corp: 34/65b lim: 4 exec/s: 0 rss: 911Mb L: 2/4 MS: 10 EraseBytes-Custom-ChangeBinInt-Custom-ShuffleBytes-Custom-ChangeByte-Custom-ChangeByte-Custom-
#648	REDUCE cov: 164 ft: 194 corp: 34/64b lim: 4 exec/s: 0 rss: 911Mb L: 2/4 MS: 6 ShuffleBytes-Custom-PersAutoDict-Custom-EraseBytes-Custom- DE: "\377\007"-
#719	REDUCE cov: 164 ft: 194 corp: 34/62b lim: 4 exec/s: 0 rss: 911Mb L: 2/4 MS: 2 EraseBytes-Custom-
INFO: Instrumented org.apache.commons.math3.util.FastMath$lnMant (took 18 ms, size +42%)
#1166	REDUCE cov: 222 ft: 252 corp: 35/70b lim: 8 exec/s: 0 rss: 934Mb L: 8/8 MS: 4 CrossOver-Custom-InsertRepeatedBytes-Custom-
#1226	NEW    cov: 223 ft: 253 corp: 36/78b lim: 8 exec/s: 0 rss: 934Mb L: 8/8 MS: 10 InsertByte-Custom-ChangeBit-Custom-CopyPart-Custom-PersAutoDict-Custom-CopyPart-Custom- DE: "\377\007"-
INFO: Instrumented org.apache.commons.math3.util.FastMathLiteralArrays (took 335 ms, size +0%)
INFO: Instrumented org.apache.commons.math3.util.FastMath$ExpIntTable (took 9 ms, size +38%)
INFO: Instrumented org.apache.commons.math3.util.FastMath$ExpFracTable (took 12 ms, size +38%)
#1262	NEW    cov: 229 ft: 260 corp: 37/86b lim: 8 exec/s: 0 rss: 934Mb L: 8/8 MS: 2 InsertRepeatedBytes-Custom-
#1273	NEW    cov: 229 ft: 262 corp: 38/94b lim: 8 exec/s: 0 rss: 934Mb L: 8/8 MS: 2 CrossOver-Custom-
#1391	REDUCE cov: 229 ft: 262 corp: 38/92b lim: 8 exec/s: 1391 rss: 938Mb L: 1/8 MS: 6 CopyPart-Custom-EraseBytes-Custom-EraseBytes-Custom-
#1442	REDUCE cov: 229 ft: 262 corp: 38/91b lim: 8 exec/s: 1442 rss: 938Mb L: 2/8 MS: 2 EraseBytes-Custom-
#1495	REDUCE cov: 229 ft: 262 corp: 38/90b lim: 8 exec/s: 1495 rss: 938Mb L: 2/8 MS: 6 ChangeBit-Custom-PersAutoDict-Custom-EraseBytes-Custom- DE: "\377\007"-
#1536	NEW    cov: 232 ft: 265 corp: 39/98b lim: 8 exec/s: 1536 rss: 938Mb L: 8/8 MS: 2 ChangeByte-Custom-
#2203	REDUCE cov: 234 ft: 267 corp: 40/108b lim: 14 exec/s: 2203 rss: 940Mb L: 10/10 MS: 4 CMP-Custom-ChangeBinInt-Custom- DE: "\377\377\377\377\377\377\377\377"-
#2290	NEW    cov: 235 ft: 268 corp: 41/120b lim: 14 exec/s: 2290 rss: 941Mb L: 12/12 MS: 4 ShuffleBytes-Custom-InsertRepeatedBytes-Custom-
#2301	NEW    cov: 235 ft: 271 corp: 42/129b lim: 14 exec/s: 2301 rss: 941Mb L: 9/12 MS: 2 InsertByte-Custom-
WARN: Some hooks could not be applied to class files built for Java 7 or lower.
                       Ensure that the fuzz target and its dependencies are compiled with
                       -target 8 or higher to identify as many bugs as possible.
INFO: Instrumented org.apache.commons.math3.exception.util.LocalizedFormats (took 118 ms, size +6%)
MS: 10 ChangeBinInt-Custom-ChangeBinInt-Custom-CrossOver-Custom-CrossOver-Custom-InsertByte-Custom-; base unit: 687cc57b60c799782f364c48364d1b433da4ecce
0x27,0xef,0x40,0xef,0xef,0x4b,0x4b,0xa7,0xef,0xef,
'\357@\357\357KK\247\357\357
artifact_prefix='/tmp/bugrun/math_34.cQtPD7/'; Test unit written to /tmp/bugrun/math_34.cQtPD7/crash-1bc77abc71073f6f8581192229bae022c713ebc6
Base64: J+9A7+9LS6fv7w==
Done 2461 runs in 1 second(s)
INFO: Instrumented org.apache.commons.math3.exception.util.ExceptionContext (took 89 ms, size +24%)
INFO: Instrumented org.apache.commons.math3.exception.util.ArgUtils (took 8 ms, size +46%)
DEDUP_TOKEN: 7ecc64d67f5eab90
[ERROR] Tests run: 2, Failures: 0, Errors: 1, Skipped: 0, Time elapsed: 14.20 s <<< FAILURE! -- in com.example.algorithm2.Algorithm2Test
[ERROR] com.example.algorithm2.Algorithm2Test.testParameterizedFuzzer(FuzzedDataProvider)[2] -- Time elapsed: 1.818 s <<< ERROR!
org.apache.commons.math3.exception.MathIllegalArgumentException: invalid rounding method -985, valid methods: ROUND_CEILING (2), ROUND_DOWN (1), ROUND_FLOOR (3), ROUND_HALF_DOWN (5), ROUND_HALF_EVEN (6), ROUND_HALF_UP (4), ROUND_UNNECESSARY (7), ROUND_UP (0)
	at org.apache.commons.math3.util.Precision.roundUnscaled(Precision.java:472)
	at org.apache.commons.math3.util.Precision.round(Precision.java:381)
	at jdk.internal.reflect.GeneratedMethodAccessor64.invoke(Unknown Source)
	at java.base/jdk.internal.reflect.DelegatingMethodAccessorImpl.invoke(DelegatingMethodAccessorImpl.java:43)
	at java.base/java.lang.reflect.Method.invoke(Method.java:566)
	at com.example.algorithm2.Algorithm2Test.testParameterizedFuzzer(Algorithm2Test.java:226)

[INFO] 
[INFO] Results:
[INFO] 
[ERROR] Errors: 
[ERROR]   Algorithm2Test.testParameterizedFuzzer:226 » MathIllegalArgument invalid rounding method -985, valid methods: ROUND_CEILING (2), ROUND_DOWN (1), ROUND_FLOOR (3), ROUND_HALF_DOWN (5), ROUND_HALF_EVEN (6), ROUND_HALF_UP (4), ROUND_UNNECESSARY (7), ROUND_UP (0)
[INFO] 
[ERROR] Tests run: 2, Failures: 0, Errors: 1, Skipped: 0
[INFO] 
[ERROR] 

Please refer to /tmp/bugrun/math_34.cQtPD7/target/surefire-reports for the individual test results.
Please refer to dump files (if any exist) [date].dump, [date]-jvmRun[N].dump and [date].dumpstream.
[INFO] 
[INFO] --- jacoco:0.8.11:report (default-cli) @ AlgorithmName2 ---
[INFO] Loading execution data file /tmp/bugrun/math_34.cQtPD7/target/jacoco.exec
[INFO] Analyzed bundle 'AlgorithmName2' with 644 classes
[INFO] ------------------------------------------------------------------------
[INFO] BUILD SUCCESS
[INFO] ------------------------------------------------------------------------
[INFO] Total time:  32.924 s
[INFO] Finished at: 2026-10-06T03:56:55+07:00
[INFO] ------------------------------------------------------------------------
