[INFO] Scanning for projects...
[INFO] 
[INFO] ---------------------< com.example:AlgorithmName2 >---------------------
[INFO] Building AlgorithmName2 1.0-SNAPSHOT
[INFO]   from pom.xml
[INFO] --------------------------------[ jar ]---------------------------------
[INFO] 
[INFO] --- jacoco:0.8.11:prepare-agent (default) @ AlgorithmName2 ---
[INFO] argLine set to -javaagent:/home/kanyaphak673380391-3/.m2/repository/org/jacoco/org.jacoco.agent/0.8.11/org.jacoco.agent-0.8.11-runtime.jar=destfile=/tmp/bugrun/mockito_4.wlc9sJ/target/jacoco.exec
[INFO] 
[INFO] --- resources:3.4.0:resources (default-resources) @ AlgorithmName2 ---
[INFO] Copying 1 resource from src/main/resources to target/classes
[INFO] 
[INFO] --- compiler:3.15.0:compile (default-compile) @ AlgorithmName2 ---
[INFO] Recompiling the module because of changed source code.
[INFO] Compiling 1 source file with javac [debug target 1.8] to target/classes
[WARNING] bootstrap class path not set in conjunction with -source 8
[INFO] 
[INFO] --- dependency:3.6.0:unpack-dependencies (unpack-defects4j) @ AlgorithmName2 ---
[INFO] 
[INFO] --- resources:3.4.0:testResources (default-testResources) @ AlgorithmName2 ---
[INFO] skip non existing resourceDirectory /tmp/bugrun/mockito_4.wlc9sJ/src/test/resources
[INFO] 
[INFO] --- compiler:3.15.0:testCompile (default-testCompile) @ AlgorithmName2 ---
[INFO] Recompiling the module because of changed dependency.
[INFO] Compiling 1 source file with javac [debug target 1.8] to target/test-classes
[WARNING] bootstrap class path not set in conjunction with -source 8
[INFO] 
[INFO] --- surefire:3.1.2:test (default-cli) @ AlgorithmName2 ---
[INFO] Using auto detected provider org.apache.maven.surefire.junitplatform.JUnitPlatformProvider
[INFO] 
[INFO] -------------------------------------------------------
[INFO]  T E S T S
[INFO] -------------------------------------------------------
[INFO] Running com.example.algorithm2.Algorithm2Test
OpenJDK 64-Bit Server VM warning: Sharing is only supported for boot loader classes because bootstrap classpath has been appended
INFO: Loaded 281 hooks from com.code_intelligence.jazzer.runtime.TraceCmpHooks
INFO: Loaded 5 hooks from com.code_intelligence.jazzer.runtime.TraceDivHooks
INFO: Loaded 2 hooks from com.code_intelligence.jazzer.runtime.TraceIndirHooks
INFO: Loaded 4 hooks from com.code_intelligence.jazzer.runtime.NativeLibHooks
INFO: Loaded 2 hooks from com.code_intelligence.jazzer.sanitizers.ClojureLangHooks
INFO: Loaded 5 hooks from com.code_intelligence.jazzer.sanitizers.Deserialization
INFO: Loaded 5 hooks from com.code_intelligence.jazzer.sanitizers.ExpressionLanguageInjection
INFO: Loaded 70 hooks from com.code_intelligence.jazzer.sanitizers.LdapInjection
INFO: Loaded 46 hooks from com.code_intelligence.jazzer.sanitizers.NamingContextLookup
INFO: Loaded 1 hooks from com.code_intelligence.jazzer.sanitizers.OsCommandInjection
INFO: Loaded 56 hooks from com.code_intelligence.jazzer.sanitizers.ReflectiveCall
INFO: Loaded 8 hooks from com.code_intelligence.jazzer.sanitizers.RegexInjection
INFO: Loaded 16 hooks from com.code_intelligence.jazzer.sanitizers.RegexRoadblocks
INFO: Loaded 18 hooks from com.code_intelligence.jazzer.sanitizers.ScriptEngineInjection
INFO: Loaded 2 hooks from com.code_intelligence.jazzer.sanitizers.ServerSideRequestForgery
INFO: Loaded 19 hooks from com.code_intelligence.jazzer.sanitizers.SqlInjection
INFO: Loaded 6 hooks from com.code_intelligence.jazzer.sanitizers.XPathInjection
INFO: Instrumented com.example.algorithm2.Algorithm2Test$Skip (took 754 ms, size +44%)
INFO: Instrumented com.example.algorithm2.Algorithm2Test (took 615 ms, size +27%)
INFO: Instrumented org.mockito.internal.invocation.InvocationMatcher (took 340 ms, size +24%)
INFO: Instrumented org.mockito.invocation.DescribedInvocation (took 11 ms, size +0%)
INFO: Instrumented org.mockito.exceptions.PrintableInvocation (took 3 ms, size +0%)
INFO: Instrumented org.mockito.internal.invocation.CapturesArgumensFromInvocation (took 1 ms, size +0%)
INFO: Instrumented org.mockito.invocation.Invocation (took 1 ms, size +0%)
INFO: Instrumented org.mockito.invocation.InvocationOnMock (took 13 ms, size +0%)
INFO: Instrumented org.mockito.invocation.Location (took 0 ms, size +0%)
[harness] target=org.mockito.internal.invocation.InvocationMatcher factories=2 methods=10
INFO: Instrumented org.mockito.invocation.StubInfo (took 20 ms, size +0%)
INFO: Instrumented org.mockito.internal.invocation.ArgumentsProcessor (took 77 ms, size +31%)
INFO: found LLVMFuzzerCustomMutator (0x7fc4aae69cd0). Disabling -len_control by default.
INFO: Running with entropic power schedule (0xFF, 100).
INFO: Seed: 953598131
INFO: using inputs from: /tmp/bugrun/mockito_4.wlc9sJ/.cifuzz-corpus/com.example.algorithm2.Algorithm2Test/testParameterizedFuzzer
INFO: using inputs from: /tmp/jazzer-java-seeds14098047668304848113
INFO: Loaded 1 modules   (512 inline 8-bit counters): 512 [0x7fc5ccc097e0, 0x7fc5ccc099e0), 
INFO: Loaded 1 PC tables (512 PCs): 512 [0x7fc5cca4fa10,0x7fc5cca51a10), 
INFO:        0 files found in /tmp/bugrun/mockito_4.wlc9sJ/.cifuzz-corpus/com.example.algorithm2.Algorithm2Test/testParameterizedFuzzer
INFO:        0 files found in /tmp/jazzer-java-seeds14098047668304848113
INFO: -max_len is not provided; libFuzzer will not generate inputs larger than 4096 bytes
INFO: A corpus is not provided, starting from an empty corpus
#2	INITED cov: 55 ft: 55 corp: 1/1b exec/s: 0 rss: 1492Mb
INFO: New number of coverage counters: 1024
INFO: Instrumented org.mockito.internal.reporting.PrintSettings (took 69 ms, size +18%)
INFO: Instrumented org.mockito.internal.matchers.MatchersPrinter (took 40 ms, size +22%)
INFO: Instrumented org.mockito.internal.util.MockUtil (took 86 ms, size +15%)
INFO: Instrumented org.mockito.invocation.MockHandler (took 1 ms, size +0%)
INFO: Instrumented org.mockito.exceptions.misusing.NotAMockException (took 3 ms, size +47%)
INFO: Instrumented org.mockito.exceptions.base.MockitoException (took 24 ms, size +29%)
INFO: Instrumented org.mockito.mock.MockName (took 0 ms, size +0%)
INFO: Instrumented org.mockito.internal.configuration.plugins.Plugins (took 27 ms, size +38%)
INFO: Instrumented org.mockito.internal.configuration.plugins.PluginRegistry (took 26 ms, size +24%)
INFO: Instrumented org.mockito.plugins.PluginSwitch (took 0 ms, size +0%)
INFO: Instrumented org.mockito.internal.configuration.plugins.PluginLoader (took 16 ms, size +20%)
INFO: Instrumented org.mockito.exceptions.misusing.MockitoConfigurationException (took 15 ms, size +37%)
INFO: Instrumented org.mockito.internal.configuration.plugins.DefaultPluginSwitch (took 18 ms, size +45%)
INFO: Instrumented org.mockito.internal.configuration.plugins.PluginFinder (took 28 ms, size +24%)
INFO: Instrumented org.mockito.internal.util.collections.Iterables (took 23 ms, size +42%)
#6	NEW    cov: 132 ft: 151 corp: 2/5b lim: 4 exec/s: 0 rss: 1530Mb L: 4/4 MS: 8 CrossOver-Custom-ChangeByte-Custom-CrossOver-Custom-CopyPart-Custom-
INFO: #10	NEW    cov: 134 ft: 155 corp: 3/8b lim: 4 exec/s: 0 rss: 1530Mb L: 3/4 MS: 8 ShuffleBytes-Custom-ChangeByte-Custom-ChangeBit-Custom-CrossOver-Custom-
#12	NEW    cov: 136 ft: 158 corp: 4/12b lim: 4 exec/s: 0 rss: 1530Mb L: 4/4 MS: 4 InsertByte-Custom-CrossOver-Custom-
Instrumented org.mockito.plugins.MockMaker (took 10 ms, size +0%)
INFO: Instrumented org.mockito.internal.creation.cglib.CglibMockMaker (took 35 ms, size +18%)
[harness] ignoring LinkageError: java.lang.NoClassDefFoundError: org/mockito/cglib/proxy/Callback
MS: 8 ShuffleBytes-Custom-CrossOver-Custom-ChangeByte-Custom-ChangeBit-Custom-; base unit: adc83b19e793491b1c6ea0fd8b46cd9f32e592fc
0xa,0xa,0xd6,0x8,
\012\012\326\010
artifact_prefix='/tmp/bugrun/mockito_4.wlc9sJ/'; Test unit written to /tmp/bugrun/mockito_4.wlc9sJ/crash-19bf5b0360a0d39aa7a03c369ff0f03d1c80ea2f
Base64: CgrWCA==
Done 16 runs in 0 second(s)
DEDUP_TOKEN: d3c5f2ea114a69ed
[ERROR] Tests run: 2, Failures: 0, Errors: 1, Skipped: 0, Time elapsed: 28.85 s <<< FAILURE! -- in com.example.algorithm2.Algorithm2Test
[ERROR] com.example.algorithm2.Algorithm2Test.testParameterizedFuzzer(FuzzedDataProvider)[2] -- Time elapsed: 1.587 s <<< ERROR!
java.lang.NullPointerException
	at org.mockito.internal.invocation.ArgumentsProcessor.argumentsToMatchers(ArgumentsProcessor.java:42)
	at org.mockito.internal.invocation.InvocationMatcher.<init>(InvocationMatcher.java:34)
	at org.mockito.internal.invocation.InvocationMatcher.<init>(InvocationMatcher.java:41)
	at org.mockito.internal.invocation.InvocationMatcher.createFrom(InvocationMatcher.java:159)
	at java.base/jdk.internal.reflect.NativeMethodAccessorImpl.invoke0(Native Method)
	at java.base/jdk.internal.reflect.NativeMethodAccessorImpl.invoke(NativeMethodAccessorImpl.java:62)
	at java.base/jdk.internal.reflect.DelegatingMethodAccessorImpl.invoke(DelegatingMethodAccessorImpl.java:43)
	at java.base/java.lang.reflect.Method.invoke(Method.java:566)
	at com.example.algorithm2.Algorithm2Test.testParameterizedFuzzer(Algorithm2Test.java:226)

[INFO] 
[INFO] Results:
[INFO] 
[ERROR] Errors: 
[ERROR]   Algorithm2Test.testParameterizedFuzzer:226 » NullPointer
[INFO] 
[ERROR] Tests run: 2, Failures: 0, Errors: 1, Skipped: 0
[INFO] 
[ERROR] 

Please refer to /tmp/bugrun/mockito_4.wlc9sJ/target/surefire-reports for the individual test results.
Please refer to dump files (if any exist) [date].dump, [date]-jvmRun[N].dump and [date].dumpstream.
[INFO] 
[INFO] --- jacoco:0.8.11:report (default-cli) @ AlgorithmName2 ---
[INFO] Loading execution data file /tmp/bugrun/mockito_4.wlc9sJ/target/jacoco.exec
[INFO] Analyzed bundle 'AlgorithmName2' with 311 classes
[INFO] ------------------------------------------------------------------------
[INFO] BUILD SUCCESS
[INFO] ------------------------------------------------------------------------
[INFO] Total time:  52.466 s
[INFO] Finished at: 2026-10-06T01:41:01+07:00
[INFO] ------------------------------------------------------------------------
