[INFO] Scanning for projects...
[INFO] 
[INFO] ---------------------< com.example:AlgorithmName2 >---------------------
[INFO] Building AlgorithmName2 1.0-SNAPSHOT
[INFO]   from pom.xml
[INFO] --------------------------------[ jar ]---------------------------------
[INFO] 
[INFO] --- jacoco:0.8.11:prepare-agent (default) @ AlgorithmName2 ---
[INFO] argLine set to -javaagent:/home/kanyaphak673380391-3/.m2/repository/org/jacoco/org.jacoco.agent/0.8.11/org.jacoco.agent-0.8.11-runtime.jar=destfile=/tmp/bugrun/compress_25.RxVWVJ/target/jacoco.exec
[INFO] 
[INFO] --- resources:3.4.0:resources (default-resources) @ AlgorithmName2 ---
[INFO] Copying 1 resource from src/main/resources to target/classes
[INFO] 
[INFO] --- compiler:3.15.0:compile (default-compile) @ AlgorithmName2 ---
[INFO] Recompiling the module because of changed source code.
[INFO] Compiling 1 source file with javac [debug target 1.8] to target/classes
[WARNING] bootstrap class path not set in conjunction with -source 8
[INFO] 
[INFO] --- dependency:3.6.0:unpack-dependencies (unpack-defects4j) @ AlgorithmName2 ---
[INFO] 
[INFO] --- resources:3.4.0:testResources (default-testResources) @ AlgorithmName2 ---
[INFO] skip non existing resourceDirectory /tmp/bugrun/compress_25.RxVWVJ/src/test/resources
[INFO] 
[INFO] --- compiler:3.15.0:testCompile (default-testCompile) @ AlgorithmName2 ---
[INFO] Recompiling the module because of changed dependency.
[INFO] Compiling 1 source file with javac [debug target 1.8] to target/test-classes
[WARNING] bootstrap class path not set in conjunction with -source 8
[INFO] 
[INFO] --- surefire:3.1.2:test (default-cli) @ AlgorithmName2 ---
[INFO] Using auto detected provider org.apache.maven.surefire.junitplatform.JUnitPlatformProvider
[INFO] 
[INFO] -------------------------------------------------------
[INFO]  T E S T S
[INFO] -------------------------------------------------------
[INFO] Running com.example.algorithm2.Algorithm2Test
OpenJDK 64-Bit Server VM warning: Sharing is only supported for boot loader classes because bootstrap classpath has been appended
INFO: Loaded 281 hooks from com.code_intelligence.jazzer.runtime.TraceCmpHooks
INFO: Loaded 5 hooks from com.code_intelligence.jazzer.runtime.TraceDivHooks
INFO: Loaded 2 hooks from com.code_intelligence.jazzer.runtime.TraceIndirHooks
INFO: Loaded 4 hooks from com.code_intelligence.jazzer.runtime.NativeLibHooks
INFO: Loaded 2 hooks from com.code_intelligence.jazzer.sanitizers.ClojureLangHooks
INFO: Loaded 5 hooks from com.code_intelligence.jazzer.sanitizers.Deserialization
INFO: Loaded 5 hooks from com.code_intelligence.jazzer.sanitizers.ExpressionLanguageInjection
INFO: Loaded 70 hooks from com.code_intelligence.jazzer.sanitizers.LdapInjection
INFO: Loaded 46 hooks from com.code_intelligence.jazzer.sanitizers.NamingContextLookup
INFO: Loaded 1 hooks from com.code_intelligence.jazzer.sanitizers.OsCommandInjection
INFO: Loaded 52 hooks from com.code_intelligence.jazzer.sanitizers.ReflectiveCall
INFO: Loaded 8 hooks from com.code_intelligence.jazzer.sanitizers.RegexInjection
INFO: Loaded 16 hooks from com.code_intelligence.jazzer.sanitizers.RegexRoadblocks
INFO: Loaded 18 hooks from com.code_intelligence.jazzer.sanitizers.ScriptEngineInjection
INFO: Loaded 2 hooks from com.code_intelligence.jazzer.sanitizers.ServerSideRequestForgery
INFO: Loaded 19 hooks from com.code_intelligence.jazzer.sanitizers.SqlInjection
INFO: Loaded 6 hooks from com.code_intelligence.jazzer.sanitizers.XPathInjection
INFO: Instrumented com.example.algorithm2.Algorithm2Test$Skip (took 218 ms, size +44%)
INFO: Instrumented com.example.algorithm2.Algorithm2Test (took 192 ms, size +27%)
INFO: Instrumented org.apache.commons.compress.archivers.ArchiveStreamFactory (took 111 ms, size +33%)
INFO: Instrumented org.apache.commons.compress.archivers.ArchiveInputStream (took 30 ms, size +31%)
INFO: New number of coverage counters: 1024
INFO: Instrumented org.apache.commons.compress.archivers.zip.ZipArchiveInputStream (took 144 ms, size +17%)
INFO: Instrumented org.apache.commons.compress.archivers.jar.JarArchiveInputStream (took 4 ms, size +26%)
WARN: Some hooks could not be applied to class files built for Java 7 or lower.
                       Ensure that the fuzz target and its dependencies are compiled with
                       -target 8 or higher to identify as many bugs as possible.
INFO: Instrumented org.apache.commons.compress.archivers.ar.ArArchiveInputStream (took 33 ms, size +25%)
INFO: New number of coverage counters: 2048
INFO: Instrumented org.apache.commons.compress.archivers.cpio.CpioArchiveInputStream (took 56 ms, size +27%)
INFO: Instrumented org.apache.commons.compress.archivers.cpio.CpioConstants (took 2 ms, size +0%)
INFO: Instrumented org.apache.commons.compress.archivers.arj.ArjArchiveInputStream (took 46 ms, size +17%)
INFO: Instrumented org.apache.commons.compress.archivers.dump.DumpArchiveInputStream (took 44 ms, size +24%)
INFO: Instrumented org.apache.commons.compress.archivers.tar.TarArchiveInputStream (took 53 ms, size +24%)
INFO: Instrumented org.apache.commons.compress.archivers.ArchiveException (took 6 ms, size +38%)
INFO: Instrumented org.apache.commons.compress.archivers.ArchiveOutputStream (took 12 ms, size +28%)
INFO: Instrumented org.apache.commons.compress.archivers.ar.ArArchiveOutputStream (took 21 ms, size +24%)
INFO: New number of coverage counters: 4096
INFO: Instrumented org.apache.commons.compress.archivers.zip.ZipArchiveOutputStream (took 152 ms, size +18%)
INFO: Instrumented org.apache.commons.compress.archivers.tar.TarArchiveOutputStream (took 82 ms, size +16%)
INFO: Instrumented org.apache.commons.compress.archivers.jar.JarArchiveOutputStream (took 12 ms, size +36%)
INFO: Instrumented org.apache.commons.compress.archivers.cpio.CpioArchiveOutputStream (took 64 ms, size +21%)
[harness] target=org.apache.commons.compress.archivers.ArchiveStreamFactory factories=1 methods=5
INFO: using inputs from: /tmp/bugrun/compress_25.RxVWVJ/.cifuzz-corpus/com.example.algorithm2.Algorithm2Test/testParameterizedFuzzer
INFO: found LLVMFuzzerCustomMutator (0x760a8bd76cd0). Disabling -len_control by default.
INFO: Running with entropic power schedule (0xFF, 100).
INFO: using inputs from: /tmp/jazzer-java-seeds17301636511525586378
INFO: Seed: 2268399866
INFO: Loaded 4 modules   (4096 inline 8-bit counters): 512 [0x760bc4a715e0, 0x760bc4a717e0), 512 [0x760bc4a717e0, 0x760bc4a719e0), 1024 [0x760bc4a719e0, 0x760bc4a71de0), 2048 [0x760bc4a71de0, 0x760bc4a725e0), 
INFO: Loaded 4 PC tables (4096 PCs): 512 [0x760bc4a6c940,0x760bc4a6e940), 512 [0x760bc4a2c6e0,0x760bc4a2e6e0), 1024 [0x760bc445ed70,0x760bc4462d70), 2048 [0x760bc4ba5c00,0x760bc4badc00), 
INFO:        0 files found in /tmp/bugrun/compress_25.RxVWVJ/.cifuzz-corpus/com.example.algorithm2.Algorithm2Test/testParameterizedFuzzer
INFO:        0 files found in /tmp/jazzer-java-seeds17301636511525586378
INFO: -max_len is not provided; libFuzzer will not generate inputs larger than 4096 bytes
INFO: A corpus is not provided, starting from an empty corpus
#2	INITED cov: 27 ft: 27 corp: 1/1b exec/s: 0 rss: 938Mb
#3	NEW    cov: 47 ft: 49 corp: 2/2b lim: 4 exec/s: 0 rss: 938Mb L: 1/1 MS: 2 ChangeBit-Custom-
#5	NEW    cov: 48 ft: 50 corp: 3/4b lim: 4 exec/s: 0 rss: 938Mb L: 2/2 MS: 4 CopyPart-Custom-CrossOver-Custom-
INFO: Instrumented org.apache.commons.compress.utils.IOUtils (took 10 ms, size +31%)
INFO: Instrumented org.apache.commons.compress.archivers.zip.UnsupportedZipFeatureException (took 4 ms, size +17%)
INFO: Instrumented org.apache.commons.compress.archivers.ArchiveEntry (took 0 ms, size +0%)
INFO: Instrumented org.apache.commons.compress.archivers.zip.ZipArchiveInputStream$BoundedInputStream (took 18 ms, size +25%)
INFO: Instrumented org.apache.commons.compress.archivers.zip.UnshrinkingInputStream (took 9 ms, size +30%)
INFO: Instrumented org.apache.commons.compress.compressors.z._internal_.InternalLZWInputStream (took 28 ms, size +22%)
INFO: Instrumented org.apache.commons.compress.compressors.CompressorInputStream (took 28 ms, size +39%)
INFO: Instrumented org.apache.commons.compress.archivers.zip.ExplodingInputStream (took 4 ms, size +28%)
INFO: Instrumented org.apache.commons.compress.archivers.zip.ZipLong (took 17 ms, size +20%)
INFO: Instrumented org.apache.commons.compress.archivers.zip.Zip64RequiredException (took 11 ms, size +27%)
INFO: Instrumented org.apache.commons.compress.archivers.zip.ZipExtraField (took 0 ms, size +0%)
INFO: Instrumented org.apache.commons.compress.utils.BoundedInputStream (took 7 ms, size +43%)
#6	NEW    cov: 137 ft: 143 corp: 4/6b lim: 4 exec/s: 0 rss: 939Mb L: 2/2 MS: 2 ChangeByte-Custom-
#7	NEW    cov: 142 ft: 151 corp: 5/7b lim: 4 exec/s: 0 rss: 939Mb L: 1/2 MS: 2 ChangeBit-Custom-
#10	NEW    cov: 143 ft: 152 corp: 6/11b lim: 4 exec/s: 0 rss: 939Mb L: 4/4 MS: 6 ShuffleBytes-Custom-CopyPart-Custom-ChangeByte-Custom-
#19	NEW    cov: 146 ft: 155 corp: 7/13b lim: 4 exec/s: 0 rss: 939Mb L: 2/4 MS: 8 InsertByte-Custom-ChangeBinInt-Custom-ShuffleBytes-Custom-ChangeBinInt-Custom-
#27	NEW    cov: 147 ft: 156 corp: 8/14b lim: 4 exec/s: 0 rss: 939Mb L: 1/4 MS: 6 ChangeByte-Custom-ShuffleBytes-Custom-ChangeBit-Custom-
#61	REDUCE cov: 147 ft: 156 corp: 8/13b lim: 4 exec/s: 0 rss: 939Mb L: 1/4 MS: 8 ChangeBit-Custom-EraseBytes-Custom-CrossOver-Custom-ChangeBit-Custom-
INFO: Instrumented org.apache.commons.compress.utils.CRC32VerifyingInputStream (took 21 ms, size +36%)
INFO: Instrumented org.apache.commons.compress.utils.ChecksumVerifyingInputStream (took 6 ms, size +34%)
INFO: Instrumented org.apache.commons.compress.archivers.dump.UnrecognizedFormatException (took 6 ms, size +43%)
#77	REDUCE cov: 147 ft: 156 corp: 8/12b lim: 4 exec/s: 0 rss: 939Mb L: 3/3 MS: 2 EraseBytes-Custom-
INFO: Instrumented org.apache.commons.compress.archivers.dump.DumpArchiveException (took 3 ms, size +34%)
INFO: Instrumented org.apache.commons.compress.archivers.dump.InvalidFormatException (took 8 ms, size +30%)
#223	NEW    cov: 208 ft: 219 corp: 9/16b lim: 4 exec/s: 0 rss: 939Mb L: 4/4 MS: 2 CMP-Custom- DE: "zip"-
INFO: Instrumented org.apache.commons.compress.archivers.zip.ZipEncodingHelper (took 28 ms, size +20%)
INFO: Instrumented org.apache.commons.compress.archivers.zip.ZipEncoding (took 0 ms, size +0%)
INFO: Instrumented org.apache.commons.compress.archivers.zip.ZipEncodingHelper$SimpleEncodingHolder (took 2 ms, size +33%)
INFO: Instrumented org.apache.commons.compress.archivers.zip.FallbackZipEncoding (took 3 ms, size +28%)
INFO: Instrumented org.apache.commons.compress.utils.Charsets (took 3 ms, size +28%)
INFO: Instrumented org.apache.commons.compress.archivers.zip.ZipArchiveOutputStream$UnicodeExtraFieldPolicy (took 3 ms, size +33%)
#244	REDUCE cov: 241 ft: 253 corp: 10/20b lim: 4 exec/s: 0 rss: 939Mb L: 4/4 MS: 2 PersAutoDict-Custom- DE: "zip"-
#299	NEW    cov: 242 ft: 254 corp: 11/24b lim: 4 exec/s: 0 rss: 939Mb L: 4/4 MS: 10 ChangeBit-Custom-ShuffleBytes-Custom-ShuffleBytes-Custom-CopyPart-Custom-PersAutoDict-Custom- DE: "zip"-
#367	REDUCE cov: 242 ft: 254 corp: 11/23b lim: 4 exec/s: 0 rss: 939Mb L: 1/4 MS: 6 EraseBytes-Custom-ShuffleBytes-Custom-ChangeBit-Custom-
#408	REDUCE cov: 243 ft: 255 corp: 12/27b lim: 4 exec/s: 0 rss: 939Mb L: 4/4 MS: 2 PersAutoDict-Custom- DE: "zip"-
#620	NEW    cov: 250 ft: 269 corp: 13/32b lim: 6 exec/s: 0 rss: 939Mb L: 5/5 MS: 4 ChangeByte-Custom-CrossOver-Custom-
INFO: Instrumented org.apache.commons.compress.archivers.zip.Zip64Mode (took 4 ms, size +29%)
#845	NEW    cov: 253 ft: 272 corp: 14/39b lim: 8 exec/s: 0 rss: 939Mb L: 7/7 MS: 10 InsertByte-Custom-InsertByte-Custom-ChangeBinInt-Custom-ChangeBinInt-Custom-CrossOver-Custom-
INFO: Instrumented org.apache.commons.compress.utils.CountingOutputStream (took 4 ms, size +37%)
INFO: Instrumented org.apache.commons.compress.archivers.zip.NioZipEncoding (took 20 ms, size +24%)
#912	NEW    cov: 282 ft: 305 corp: 15/43b lim: 8 exec/s: 0 rss: 939Mb L: 4/7 MS: 4 ChangeBinInt-Custom-CMP-Custom- DE: "tar"-
#1163	NEW    cov: 283 ft: 307 corp: 16/47b lim: 8 exec/s: 0 rss: 939Mb L: 4/7 MS: 2 PersAutoDict-Custom- DE: "tar"-
#1284	REDUCE cov: 291 ft: 317 corp: 17/51b lim: 8 exec/s: 0 rss: 939Mb L: 4/7 MS: 2 CMP-Custom- DE: "tar"-
#1604	NEW    cov: 292 ft: 318 corp: 18/60b lim: 11 exec/s: 0 rss: 939Mb L: 9/9 MS: 10 CopyPart-Custom-InsertByte-Custom-InsertByte-Custom-ChangeByte-Custom-InsertByte-Custom-
#1968	NEW    cov: 293 ft: 320 corp: 19/74b lim: 14 exec/s: 0 rss: 939Mb L: 14/14 MS: 8 InsertRepeatedBytes-Custom-CrossOver-Custom-ShuffleBytes-Custom-InsertRepeatedBytes-Custom-
#2184	NEW    cov: 299 ft: 326 corp: 20/78b lim: 14 exec/s: 0 rss: 939Mb L: 4/14 MS: 2 CopyPart-Custom-
#2197	REDUCE cov: 305 ft: 332 corp: 21/81b lim: 14 exec/s: 0 rss: 939Mb L: 3/14 MS: 6 InsertByte-Custom-CMP-Custom-EraseBytes-Custom- DE: "ar"-
#2421	NEW    cov: 306 ft: 333 corp: 22/84b lim: 14 exec/s: 0 rss: 939Mb L: 3/14 MS: 8 CopyPart-Custom-InsertByte-Custom-ChangeByte-Custom-CrossOver-Custom-
#2422	NEW    cov: 307 ft: 334 corp: 23/93b lim: 14 exec/s: 0 rss: 939Mb L: 9/14 MS: 2 ChangeBinInt-Custom-
#2668	NEW    cov: 308 ft: 335 corp: 24/97b lim: 14 exec/s: 2668 rss: 939Mb L: 4/14 MS: 2 ShuffleBytes-Custom-
#2719	NEW    cov: 312 ft: 339 corp: 25/100b lim: 14 exec/s: 2719 rss: 939Mb L: 3/14 MS: 2 ChangeBit-Custom-
#2816	NEW    cov: 313 ft: 340 corp: 26/103b lim: 14 exec/s: 2816 rss: 939Mb L: 3/14 MS: 4 CrossOver-Custom-ChangeByte-Custom-
#3054	REDUCE cov: 313 ft: 340 corp: 26/102b lim: 14 exec/s: 3054 rss: 939Mb L: 8/14 MS: 6 CrossOver-Custom-ShuffleBytes-Custom-CrossOver-Custom-
#3190	REDUCE cov: 313 ft: 340 corp: 26/101b lim: 14 exec/s: 3190 rss: 939Mb L: 13/13 MS: 2 EraseBytes-Custom-
#3503	NEW    cov: 314 ft: 341 corp: 27/110b lim: 17 exec/s: 3503 rss: 939Mb L: 9/13 MS: 6 ChangeByte-Custom-CopyPart-Custom-InsertRepeatedBytes-Custom-
#3680	REDUCE cov: 315 ft: 342 corp: 28/124b lim: 17 exec/s: 3680 rss: 939Mb L: 14/14 MS: 4 ShuffleBytes-Custom-InsertRepeatedBytes-Custom-
#3746	REDUCE cov: 315 ft: 342 corp: 28/123b lim: 17 exec/s: 3746 rss: 939Mb L: 7/14 MS: 2 EraseBytes-Custom-
#4504	NEW    cov: 329 ft: 358 corp: 29/127b lim: 21 exec/s: 4504 rss: 939Mb L: 4/14 MS: 6 EraseBytes-Custom-InsertByte-Custom-CMP-Custom- DE: "arj"-
#4546	REDUCE cov: 330 ft: 359 corp: 30/134b lim: 21 exec/s: 4546 rss: 939Mb L: 7/14 MS: 4 ShuffleBytes-Custom-ShuffleBytes-Custom-
#4949	REDUCE cov: 330 ft: 359 corp: 30/133b lim: 21 exec/s: 4949 rss: 939Mb L: 8/14 MS: 6 ShuffleBytes-Custom-ChangeBit-Custom-EraseBytes-Custom-
#5040	NEW    cov: 334 ft: 363 corp: 31/137b lim: 21 exec/s: 5040 rss: 939Mb L: 4/14 MS: 2 ShuffleBytes-Custom-
#5321	REDUCE cov: 334 ft: 363 corp: 31/134b lim: 21 exec/s: 5321 rss: 940Mb L: 5/14 MS: 2 EraseBytes-Custom-
#5408	REDUCE cov: 334 ft: 363 corp: 31/127b lim: 21 exec/s: 5408 rss: 940Mb L: 7/13 MS: 4 ChangeByte-Custom-EraseBytes-Custom-
#6938	NEW    cov: 339 ft: 370 corp: 32/160b lim: 33 exec/s: 6938 rss: 940Mb L: 33/33 MS: 10 ChangeByte-Custom-CMP-Custom-InsertRepeatedBytes-Custom-InsertByte-Custom-CopyPart-Custom- DE: "zip"-
#7004	NEW    cov: 340 ft: 371 corp: 33/193b lim: 33 exec/s: 7004 rss: 940Mb L: 33/33 MS: 2 CopyPart-Custom-
INFO: Instrumented org.apache.commons.compress.archivers.dump.DumpArchiveUtil (took 5 ms, size +21%)
#7519	REDUCE cov: 340 ft: 388 corp: 34/228b lim: 38 exec/s: 7519 rss: 940Mb L: 35/35 MS: 10 InsertByte-Custom-InsertRepeatedBytes-Custom-EraseBytes-Custom-CopyPart-Custom-InsertRepeatedBytes-Custom-
#7594	REDUCE cov: 340 ft: 433 corp: 35/262b lim: 38 exec/s: 7594 rss: 940Mb L: 34/35 MS: 10 InsertRepeatedBytes-Custom-ChangeBit-Custom-ChangeByte-Custom-ChangeByte-Custom-CMP-Custom- DE: "\376\377\377\264"-
#7628	NEW    cov: 340 ft: 436 corp: 36/300b lim: 38 exec/s: 7628 rss: 940Mb L: 38/38 MS: 8 EraseBytes-Custom-ShuffleBytes-Custom-InsertRepeatedBytes-Custom-InsertRepeatedBytes-Custom-
#7838	NEW    cov: 340 ft: 448 corp: 37/338b lim: 38 exec/s: 7838 rss: 941Mb L: 38/38 MS: 10 InsertByte-Custom-InsertByte-Custom-CMP-Custom-InsertByte-Custom-CopyPart-Custom- DE: "\000\000\000\000\000\000\000\000"-
#8310	NEW    cov: 340 ft: 454 corp: 38/373b lim: 38 exec/s: 8310 rss: 941Mb L: 35/38 MS: 4 CMP-Custom-InsertRepeatedBytes-Custom- DE: "z\312\217;"-
#8484	NEW    cov: 340 ft: 457 corp: 39/410b lim: 38 exec/s: 8484 rss: 941Mb L: 37/38 MS: 8 InsertByte-Custom-ChangeBinInt-Custom-CrossOver-Custom-InsertRepeatedBytes-Custom-
#9014	NEW    cov: 340 ft: 460 corp: 40/451b lim: 43 exec/s: 9014 rss: 941Mb L: 41/41 MS: 10 CrossOver-Custom-ChangeBit-Custom-ChangeBinInt-Custom-ShuffleBytes-Custom-InsertRepeatedBytes-Custom-
#9150	NEW    cov: 340 ft: 461 corp: 41/494b lim: 43 exec/s: 9150 rss: 941Mb L: 43/43 MS: 2 CrossOver-Custom-
#9192	NEW    cov: 341 ft: 462 corp: 42/528b lim: 43 exec/s: 9192 rss: 941Mb L: 34/43 MS: 4 CopyPart-Custom-InsertByte-Custom-
#9722	NEW    cov: 341 ft: 463 corp: 43/575b lim: 48 exec/s: 9722 rss: 941Mb L: 47/47 MS: 10 InsertByte-Custom-ChangeBit-Custom-ChangeBit-Custom-InsertByte-Custom-CMP-Custom- DE: "cpio"-
#10292	REDUCE cov: 341 ft: 463 corp: 43/574b lim: 53 exec/s: 10292 rss: 941Mb L: 37/47 MS: 10 CopyPart-Custom-ChangeBit-Custom-ChangeByte-Custom-ChangeBit-Custom-EraseBytes-Custom-
#10406	REDUCE cov: 341 ft: 463 corp: 43/558b lim: 53 exec/s: 10406 rss: 941Mb L: 18/47 MS: 8 PersAutoDict-Custom-CrossOver-Custom-CopyPart-Custom-EraseBytes-Custom- DE: "tar"-
#10792	REDUCE cov: 341 ft: 463 corp: 43/551b lim: 53 exec/s: 10792 rss: 941Mb L: 11/47 MS: 2 EraseBytes-Custom-
#11661	NEW    cov: 341 ft: 464 corp: 44/591b lim: 58 exec/s: 11661 rss: 941Mb L: 40/47 MS: 8 InsertRepeatedBytes-Custom-ChangeBit-Custom-ChangeASCIIInt-Custom-ChangeBinInt-Custom-
#12163	REDUCE cov: 341 ft: 464 corp: 44/588b lim: 58 exec/s: 12163 rss: 942Mb L: 37/47 MS: 4 EraseBytes-Custom-CopyPart-Custom-
#12189	REDUCE cov: 341 ft: 464 corp: 44/587b lim: 58 exec/s: 12189 rss: 942Mb L: 40/47 MS: 2 CrossOver-Custom-
#13435	REDUCE cov: 348 ft: 471 corp: 45/592b lim: 68 exec/s: 13435 rss: 942Mb L: 5/47 MS: 2 CMP-Custom- DE: "cpio"-
#13656	NEW    cov: 348 ft: 533 corp: 46/659b lim: 68 exec/s: 13656 rss: 942Mb L: 67/67 MS: 2 InsertRepeatedBytes-Custom-
#13669	REDUCE cov: 348 ft: 533 corp: 46/657b lim: 68 exec/s: 13669 rss: 942Mb L: 35/67 MS: 6 EraseBytes-Custom-CrossOver-Custom-CMP-Custom- DE: "\027\000"-
#13915	NEW    cov: 348 ft: 534 corp: 47/725b lim: 68 exec/s: 13915 rss: 942Mb L: 68/68 MS: 2 CrossOver-Custom-
#14577	NEW    cov: 348 ft: 535 corp: 48/794b lim: 74 exec/s: 14577 rss: 942Mb L: 69/69 MS: 4 CrossOver-Custom-CrossOver-Custom-
#14629	NEW    cov: 348 ft: 538 corp: 49/868b lim: 74 exec/s: 14629 rss: 942Mb L: 74/74 MS: 4 InsertRepeatedBytes-Custom-CrossOver-Custom-
#14927	NEW    cov: 348 ft: 541 corp: 50/935b lim: 74 exec/s: 14927 rss: 942Mb L: 67/74 MS: 6 InsertRepeatedBytes-Custom-ChangeBinInt-Custom-CrossOver-Custom-
#15971	NEW    cov: 348 ft: 542 corp: 51/1014b lim: 80 exec/s: 7985 rss: 956Mb L: 79/79 MS: 8 InsertByte-Custom-PersAutoDict-Custom-CopyPart-Custom-CMP-Custom- DE: "tar"-"JJraar"-
#16384	pulse  cov: 348 ft: 542 corp: 51/1014b lim: 80 exec/s: 8192 rss: 964Mb
#16818	REDUCE cov: 348 ft: 543 corp: 52/1085b lim: 86 exec/s: 8409 rss: 990Mb L: 71/79 MS: 4 PersAutoDict-Custom-CrossOver-Custom- DE: "ar"-
#18655	NEW    cov: 348 ft: 544 corp: 53/1171b lim: 104 exec/s: 9327 rss: 1026Mb L: 86/86 MS: 4 ShuffleBytes-Custom-InsertRepeatedBytes-Custom-
#18779	NEW    cov: 348 ft: 547 corp: 54/1272b lim: 104 exec/s: 9389 rss: 1028Mb L: 101/101 MS: 8 InsertByte-Custom-InsertByte-Custom-CrossOver-Custom-InsertByte-Custom-
#18812	NEW    cov: 348 ft: 606 corp: 55/1374b lim: 104 exec/s: 9406 rss: 1028Mb L: 102/102 MS: 6 ChangeByte-Custom-ChangeBinInt-Custom-InsertRepeatedBytes-Custom-
#19188	REDUCE cov: 348 ft: 609 corp: 56/1463b lim: 104 exec/s: 9594 rss: 1034Mb L: 89/102 MS: 2 InsertRepeatedBytes-Custom-
#19218	NEW    cov: 348 ft: 618 corp: 57/1567b lim: 104 exec/s: 9609 rss: 1035Mb L: 104/104 MS: 10 PersAutoDict-Custom-CopyPart-Custom-CopyPart-Custom-InsertRepeatedBytes-Custom-InsertByte-Custom- DE: "\000\000\000\000\000\000\000\000"-
#19234	REDUCE cov: 348 ft: 618 corp: 57/1559b lim: 104 exec/s: 9617 rss: 1035Mb L: 78/104 MS: 2 EraseBytes-Custom-
#19590	NEW    cov: 348 ft: 625 corp: 58/1660b lim: 104 exec/s: 9795 rss: 1040Mb L: 101/104 MS: 2 InsertRepeatedBytes-Custom-
#20197	NEW    cov: 348 ft: 629 corp: 59/1768b lim: 110 exec/s: 10098 rss: 1049Mb L: 108/108 MS: 4 ChangeByte-Custom-CopyPart-Custom-
#20444	REDUCE cov: 348 ft: 629 corp: 59/1751b lim: 110 exec/s: 10222 rss: 1056Mb L: 72/108 MS: 4 ChangeByte-Custom-EraseBytes-Custom-
#20984	REDUCE cov: 348 ft: 629 corp: 59/1749b lim: 110 exec/s: 10492 rss: 1065Mb L: 77/108 MS: 10 InsertByte-Custom-ChangeBinInt-Custom-ChangeASCIIInt-Custom-ChangeBit-Custom-EraseBytes-Custom-
#21095	REDUCE cov: 348 ft: 629 corp: 59/1748b lim: 110 exec/s: 10547 rss: 1067Mb L: 100/108 MS: 2 EraseBytes-Custom-
#23816	NEW    cov: 348 ft: 637 corp: 60/1881b lim: 135 exec/s: 7938 rss: 1127Mb L: 133/133 MS: 2 CopyPart-Custom-
#24938	NEW    cov: 360 ft: 649 corp: 61/1886b lim: 142 exec/s: 8312 rss: 1157Mb L: 5/133 MS: 4 CopyPart-Custom-ChangeByte-Custom-
#25430	REDUCE cov: 360 ft: 649 corp: 61/1884b lim: 142 exec/s: 8476 rss: 1165Mb L: 75/133 MS: 4 PersAutoDict-Custom-EraseBytes-Custom- DE: "\027\000"-
#25566	REDUCE cov: 360 ft: 649 corp: 61/1879b lim: 142 exec/s: 8522 rss: 1168Mb L: 67/133 MS: 2 EraseBytes-Custom-
#26155	REDUCE cov: 360 ft: 649 corp: 61/1877b lim: 142 exec/s: 8718 rss: 1177Mb L: 65/133 MS: 8 EraseBytes-Custom-ShuffleBytes-Custom-CMP-Custom-ChangeBinInt-Custom- DE: "\000\000\000\000\000\000\000\000"-
#26357	REDUCE cov: 360 ft: 649 corp: 61/1876b lim: 142 exec/s: 8785 rss: 1180Mb L: 46/133 MS: 4 ShuffleBytes-Custom-EraseBytes-Custom-
#26525	NEW    cov: 360 ft: 650 corp: 62/1881b lim: 142 exec/s: 8841 rss: 1183Mb L: 5/133 MS: 6 ChangeBit-Custom-ChangeBit-Custom-CMP-Custom- DE: "cpio"-
#27551	REDUCE cov: 360 ft: 650 corp: 62/1860b lim: 149 exec/s: 9183 rss: 1199Mb L: 44/133 MS: 2 EraseBytes-Custom-
#28065	REDUCE cov: 360 ft: 650 corp: 62/1856b lim: 149 exec/s: 9355 rss: 1207Mb L: 40/133 MS: 8 CopyPart-Custom-ChangeBit-Custom-ChangeByte-Custom-EraseBytes-Custom-
#30189	NEW    cov: 360 ft: 652 corp: 63/2022b lim: 170 exec/s: 10063 rss: 1240Mb L: 166/166 MS: 8 CrossOver-Custom-ShuffleBytes-Custom-ChangeBinInt-Custom-InsertRepeatedBytes-Custom-
#30836	REDUCE cov: 360 ft: 652 corp: 63/2009b lim: 170 exec/s: 10278 rss: 1250Mb L: 27/166 MS: 4 ShuffleBytes-Custom-EraseBytes-Custom-
#30983	REDUCE cov: 360 ft: 652 corp: 63/2008b lim: 170 exec/s: 10327 rss: 1253Mb L: 10/166 MS: 4 CopyPart-Custom-EraseBytes-Custom-
#31230	NEW    cov: 360 ft: 659 corp: 64/2174b lim: 170 exec/s: 10410 rss: 1258Mb L: 166/166 MS: 4 ChangeByte-Custom-ChangeByte-Custom-
#31295	REDUCE cov: 390 ft: 694 corp: 65/2180b lim: 170 exec/s: 10431 rss: 1267Mb L: 6/166 MS: 10 ChangeByte-Custom-EraseBytes-Custom-CopyPart-Custom-PersAutoDict-Custom-CMP-Custom- DE: "\376\377\377\264"-"dump"-
#31307	NEW    cov: 390 ft: 695 corp: 66/2349b lim: 170 exec/s: 10435 rss: 1267Mb L: 169/169 MS: 4 ShuffleBytes-Custom-CopyPart-Custom-
#31445	REDUCE cov: 390 ft: 696 corp: 67/2500b lim: 170 exec/s: 10481 rss: 1270Mb L: 151/169 MS: 6 ChangeBit-Custom-CopyPart-Custom-CopyPart-Custom-
#31591	NEW    cov: 392 ft: 698 corp: 68/2506b lim: 170 exec/s: 10530 rss: 1272Mb L: 6/169 MS: 2 ShuffleBytes-Custom-
#31635	NEW    cov: 392 ft: 699 corp: 69/2661b lim: 170 exec/s: 10545 rss: 1273Mb L: 155/169 MS: 8 PersAutoDict-Custom-PersAutoDict-Custom-ShuffleBytes-Custom-CMP-Custom- DE: "\027\000"-"ar"-"cpio"-
#31845	NEW    cov: 392 ft: 700 corp: 70/2802b lim: 170 exec/s: 10615 rss: 1277Mb L: 141/169 MS: 10 InsertRepeatedBytes-Custom-EraseBytes-Custom-ChangeBinInt-Custom-ChangeBinInt-Custom-CopyPart-Custom-
#32040	REDUCE cov: 392 ft: 700 corp: 70/2774b lim: 170 exec/s: 10680 rss: 1281Mb L: 123/169 MS: 10 InsertRepeatedBytes-Custom-ShuffleBytes-Custom-ChangeByte-Custom-ShuffleBytes-Custom-EraseBytes-Custom-
INFO: Instrumented org.apache.commons.compress.archivers.dump.TapeInputStream (took 19 ms, size +21%)
INFO: Instrumented org.apache.commons.compress.archivers.dump.ShortFileException (took 4 ms, size +45%)
INFO: Instrumented org.apache.commons.compress.archivers.dump.UnsupportedCompressionAlgorithmException (took 5 ms, size +32%)
#32768	pulse  cov: 392 ft: 700 corp: 70/2774b lim: 177 exec/s: 10922 rss: 1293Mb
#33170	DONE   cov: 392 ft: 700 corp: 70/2774b lim: 177 exec/s: 8292 rss: 1301Mb
###### Recommended dictionary. ######
"zip" # Uses: 475
"tar" # Uses: 453
"ar" # Uses: 393
"arj" # Uses: 320
"\376\377\377\264" # Uses: 252
"\000\000\000\000\000\000\000\000" # Uses: 187
"z\312\217;" # Uses: 213
"cpio" # Uses: 220
"\027\000" # Uses: 179
"JJraar" # Uses: 126
"dump" # Uses: 13
###### End of recommended dictionary. ######
Done 33170 runs in 4 second(s)
[INFO] Tests run: 2, Failures: 0, Errors: 0, Skipped: 0, Time elapsed: 15.40 s -- in com.example.algorithm2.Algorithm2Test
[INFO] 
[INFO] Results:
[INFO] 
[INFO] Tests run: 2, Failures: 0, Errors: 0, Skipped: 0
[INFO] 
[INFO] 
[INFO] --- jacoco:0.8.11:report (default-cli) @ AlgorithmName2 ---
[INFO] Loading execution data file /tmp/bugrun/compress_25.RxVWVJ/target/jacoco.exec
[INFO] Analyzed bundle 'AlgorithmName2' with 174 classes
[INFO] ------------------------------------------------------------------------
[INFO] BUILD SUCCESS
[INFO] ------------------------------------------------------------------------
[INFO] Total time:  30.381 s
[INFO] Finished at: 2026-10-06T04:26:04+07:00
[INFO] ------------------------------------------------------------------------
