[INFO] Scanning for projects...
[INFO] 
[INFO] ---------------------< com.example:AlgorithmName2 >---------------------
[INFO] Building AlgorithmName2 1.0-SNAPSHOT
[INFO]   from pom.xml
[INFO] --------------------------------[ jar ]---------------------------------
[INFO] 
[INFO] --- jacoco:0.8.11:prepare-agent (default) @ AlgorithmName2 ---
[INFO] argLine set to -javaagent:/home/kanyaphak673380391-3/.m2/repository/org/jacoco/org.jacoco.agent/0.8.11/org.jacoco.agent-0.8.11-runtime.jar=destfile=/tmp/bugrun/collections_25.JxYMQ7/target/jacoco.exec
[INFO] 
[INFO] --- resources:3.4.0:resources (default-resources) @ AlgorithmName2 ---
[INFO] Copying 1 resource from src/main/resources to target/classes
[INFO] 
[INFO] --- compiler:3.15.0:compile (default-compile) @ AlgorithmName2 ---
[INFO] Recompiling the module because of changed source code.
[INFO] Compiling 1 source file with javac [debug target 1.8] to target/classes
[WARNING] bootstrap class path not set in conjunction with -source 8
[INFO] 
[INFO] --- dependency:3.6.0:unpack-dependencies (unpack-defects4j) @ AlgorithmName2 ---
[INFO] 
[INFO] --- resources:3.4.0:testResources (default-testResources) @ AlgorithmName2 ---
[INFO] skip non existing resourceDirectory /tmp/bugrun/collections_25.JxYMQ7/src/test/resources
[INFO] 
[INFO] --- compiler:3.15.0:testCompile (default-testCompile) @ AlgorithmName2 ---
[INFO] Recompiling the module because of changed dependency.
[INFO] Compiling 1 source file with javac [debug target 1.8] to target/test-classes
[WARNING] bootstrap class path not set in conjunction with -source 8
[INFO] 
[INFO] --- surefire:3.1.2:test (default-cli) @ AlgorithmName2 ---
[INFO] Using auto detected provider org.apache.maven.surefire.junitplatform.JUnitPlatformProvider
[INFO] 
[INFO] -------------------------------------------------------
[INFO]  T E S T S
[INFO] -------------------------------------------------------
[INFO] Running com.example.algorithm2.Algorithm2Test
OpenJDK 64-Bit Server VM warning: Sharing is only supported for boot loader classes because bootstrap classpath has been appended
INFO: Loaded 443 hooks from com.code_intelligence.jazzer.runtime.TraceCmpHooks
INFO: Loaded 5 hooks from com.code_intelligence.jazzer.runtime.TraceDivHooks
INFO: Loaded 2 hooks from com.code_intelligence.jazzer.runtime.TraceIndirHooks
INFO: Loaded 4 hooks from com.code_intelligence.jazzer.runtime.NativeLibHooks
INFO: Loaded 2 hooks from com.code_intelligence.jazzer.sanitizers.ClojureLangHooks
INFO: Loaded 5 hooks from com.code_intelligence.jazzer.sanitizers.Deserialization
INFO: Loaded 5 hooks from com.code_intelligence.jazzer.sanitizers.ExpressionLanguageInjection
INFO: Loaded 70 hooks from com.code_intelligence.jazzer.sanitizers.LdapInjection
INFO: Loaded 46 hooks from com.code_intelligence.jazzer.sanitizers.NamingContextLookup
INFO: Loaded 1 hooks from com.code_intelligence.jazzer.sanitizers.OsCommandInjection
INFO: Loaded 52 hooks from com.code_intelligence.jazzer.sanitizers.ReflectiveCall
INFO: Loaded 8 hooks from com.code_intelligence.jazzer.sanitizers.RegexInjection
INFO: Loaded 16 hooks from com.code_intelligence.jazzer.sanitizers.RegexRoadblocks
INFO: Loaded 18 hooks from com.code_intelligence.jazzer.sanitizers.ScriptEngineInjection
INFO: Loaded 2 hooks from com.code_intelligence.jazzer.sanitizers.ServerSideRequestForgery
INFO: Loaded 19 hooks from com.code_intelligence.jazzer.sanitizers.SqlInjection
INFO: Loaded 6 hooks from com.code_intelligence.jazzer.sanitizers.XPathInjection
INFO: Instrumented com.example.algorithm2.Algorithm2Test$Skip (took 502 ms, size +44%)
INFO: Instrumented com.example.algorithm2.Algorithm2Test (took 303 ms, size +27%)
INFO: Instrumented org.apache.commons.collections4.ListUtils (took 243 ms, size +12%)
INFO: Instrumented org.apache.commons.collections4.Equator (took 12 ms, size +0%)
INFO: Instrumented org.apache.commons.collections4.sequence.CommandVisitor (took 1 ms, size +0%)
INFO: Instrumented org.apache.commons.collections4.Predicate (took 0 ms, size +0%)
INFO: Instrumented org.apache.commons.collections4.Transformer (took 0 ms, size +0%)
INFO: Instrumented org.apache.commons.collections4.Factory (took 0 ms, size +0%)
[harness] target=org.apache.commons.collections4.ListUtils factories=1 methods=23
INFO: New number of coverage counters: 1024
INFO: Instrumented org.apache.commons.collections4.bag.HashBag (took 11 ms, size +22%)
INFO: Instrumented org.apache.commons.collections4.bag.AbstractMapBag (took 198 ms, size +21%)
INFO: Instrumented org.apache.commons.collections4.Bag (took 3 ms, size +0%)
INFO: found LLVMFuzzerCustomMutator (0x7ade08f6ccd0). Disabling -len_control by default.
INFO: Running with entropic power schedule (0xFF, 100).
INFO: Seed: 3494151603
INFO: Loaded 2 modules   (1024 inline 8-bit counters): 512 [0x7ade98b59780, 0x7ade98b59980), 512 [0x7ade98b59980, 0x7ade98b59b80), 
INFO: Loaded 2 PC tables (1024 PCs): 512 [0x7ade98695720,0x7ade98697720), 512 [0x7ade987d40c0,0x7ade987d60c0), 
INFO:        0 files found in /tmp/bugrun/collections_25.JxYMQ7/.cifuzz-corpus/com.example.algorithm2.Algorithm2Test/testParameterizedFuzzer
INFO:        0 files found in /tmp/jazzer-java-seeds8382154653324916937
INFO: -max_len is not provided; libFuzzer will not generate inputs larger than 4096 bytes
INFO: A corpus is not provided, starting from an empty corpus
INFO: using inputs from: /tmp/bugrun/collections_25.JxYMQ7/.cifuzz-corpus/com.example.algorithm2.Algorithm2Test/testParameterizedFuzzer
INFO: using inputs from: /tmp/jazzer-java-seeds8382154653324916937
#2	INITED cov: 88 ft: 88 corp: 1/1b exec/s: 0 rss: 910Mb
INFO: #3	NEW    cov: 88 ft: 91 corp: 2/2b lim: 4 exec/s: 0 rss: 910Mb L: 1/1 MS: 2 CopyPart-Custom-
Instrumented org.apache.commons.collections4.sequence.SequencesComparator (took 27 ms, size +25%)
#4	NEW    cov: 111 ft: 122 corp: 3/3b lim: 4 exec/s: 0 rss: 917Mb L: 1/1 MS: 2 ChangeBit-Custom-
#5	NEW    cov: 111 ft: 124 corp: 4/4b lim: 4 exec/s: 0 rss: 917Mb L: 1/1 MS: 2 CopyPart-Custom-
INFO: Instrumented org.apache.commons.collections4.sequence.EditScript (took 14 ms, size +18%)
INFO: Instrumented org.apache.commons.collections4.ListUtils$LcsVisitor (took 8 ms, size +25%)
INFO: Instrumented org.apache.commons.collections4.ListUtils$CharSequenceAsList (took 8 ms, size +31%)
INFO: Instrumented org.apache.commons.collections4.functors.DefaultEquator (took 10 ms, size +33%)
INFO: Instrumented org.apache.commons.collections4.list.UnmodifiableList (took 17 ms, size +16%)
INFO: Instrumented org.apache.commons.collections4.Unmodifiable (took 0 ms, size +0%)
INFO: Instrumented org.apache.commons.collections4.list.AbstractSerializableListDecorator (took 5 ms, size +32%)
INFO: Instrumented org.apache.commons.collections4.list.AbstractListDecorator (took 23 ms, size +19%)
#7	NEW    cov: 134 ft: 150 corp: 5/6b lim: 4 exec/s: 0 rss: 944Mb L: 2/2 MS: 4 CopyPart-Custom-InsertByte-Custom-
#8	NEW    cov: 137 ft: 154 corp: 6/8b lim: 4 exec/s: 0 rss: 944Mb L: 2/2 MS: 2 InsertByte-Custom-
#9	NEW    cov: 160 ft: 181 corp: 7/10b lim: 4 exec/s: 0 rss: 945Mb L: 2/2 MS: 2 CrossOver-Custom-
INFO: Instrumented org.apache.commons.collections4.collection.AbstractCollectionDecorator (took 27 ms, size +15%)
INFO: Instrumented org.apache.commons.collections4.sequence.DeleteCommand (took 6 ms, size +27%)
INFO: Instrumented org.apache.commons.collections4.sequence.EditCommand (took 3 ms, size +33%)
INFO: New number of coverage counters: 2048
#14	NEW    cov: 191 ft: 212 corp: 8/12b lim: 4 exec/s: 0 rss: 949Mb L: 2/2 MS: 10 CopyPart-Custom-CrossOver-Custom-CopyPart-Custom-ShuffleBytes-Custom-ChangeBinInt-Custom-
#15	NEW    cov: 191 ft: 214 corp: 9/14b lim: 4 exec/s: 0 rss: 949Mb L: 2/2 MS: 2 CopyPart-Custom-
#19	NEW    cov: 194 ft: 217 corp: 10/16b lim: 4 exec/s: 0 rss: 949Mb L: 2/2 MS: 8 CrossOver-Custom-ShuffleBytes-Custom-ShuffleBytes-Custom-ChangeBit-Custom-
#21	NEW    cov: 197 ft: 221 corp: 11/17b lim: 4 exec/s: 0 rss: 949Mb L: 1/2 MS: 4 CopyPart-Custom-ChangeBinInt-Custom-
MS: 2 ChangeByte-Custom-; base unit: 067d5096f219c64b53bb1c7d5e3754285b565a47
0x23,
#
artifact_prefix='/tmp/bugrun/collections_25.JxYMQ7/'; Test unit written to /tmp/bugrun/collections_25.JxYMQ7/crash-d08f88df745fa7950b104e4a707a31cfce7b5841
Base64: Iw==
Done 22 runs in 0 second(s)
INFO: Instrumented org.apache.commons.collections4.CollectionUtils (took 83 ms, size +13%)
INFO: Instrumented org.apache.commons.collections4.collection.UnmodifiableCollection (took 6 ms, size +21%)
DEDUP_TOKEN: a970f57472a0c20d
[ERROR] Tests run: 2, Failures: 0, Errors: 1, Skipped: 0, Time elapsed: 12.05 s <<< FAILURE! -- in com.example.algorithm2.Algorithm2Test
[ERROR] com.example.algorithm2.Algorithm2Test.testParameterizedFuzzer(FuzzedDataProvider)[2] -- Time elapsed: 0.505 s <<< ERROR!
java.lang.IllegalArgumentException: Size must be greater than 0
	at org.apache.commons.collections4.ListUtils.partition(ListUtils.java:659)
	at java.base/jdk.internal.reflect.NativeMethodAccessorImpl.invoke0(Native Method)
	at java.base/jdk.internal.reflect.NativeMethodAccessorImpl.invoke(NativeMethodAccessorImpl.java:62)
	at java.base/jdk.internal.reflect.DelegatingMethodAccessorImpl.invoke(DelegatingMethodAccessorImpl.java:43)
	at java.base/java.lang.reflect.Method.invoke(Method.java:566)
	at com.example.algorithm2.Algorithm2Test.testParameterizedFuzzer(Algorithm2Test.java:226)

[INFO] 
[INFO] Results:
[INFO] 
[ERROR] Errors: 
[ERROR]   Algorithm2Test.testParameterizedFuzzer:226 » IllegalArgument Size must be greater than 0
[INFO] 
[ERROR] Tests run: 2, Failures: 0, Errors: 1, Skipped: 0
[INFO] 
[ERROR] 

Please refer to /tmp/bugrun/collections_25.JxYMQ7/target/surefire-reports for the individual test results.
Please refer to dump files (if any exist) [date].dump, [date]-jvmRun[N].dump and [date].dumpstream.
[INFO] 
[INFO] --- jacoco:0.8.11:report (default-cli) @ AlgorithmName2 ---
[INFO] Loading execution data file /tmp/bugrun/collections_25.JxYMQ7/target/jacoco.exec
[INFO] Analyzed bundle 'AlgorithmName2' with 436 classes
[INFO] ------------------------------------------------------------------------
[INFO] BUILD SUCCESS
[INFO] ------------------------------------------------------------------------
[INFO] Total time:  29.059 s
[INFO] Finished at: 2026-10-06T03:34:52+07:00
[INFO] ------------------------------------------------------------------------
