[INFO] Scanning for projects...
[INFO] 
[INFO] ---------------------< com.example:AlgorithmName2 >---------------------
[INFO] Building AlgorithmName2 1.0-SNAPSHOT
[INFO]   from pom.xml
[INFO] --------------------------------[ jar ]---------------------------------
[INFO] 
[INFO] --- jacoco:0.8.11:prepare-agent (default) @ AlgorithmName2 ---
[INFO] argLine set to -javaagent:/home/kanyaphak673380391-3/.m2/repository/org/jacoco/org.jacoco.agent/0.8.11/org.jacoco.agent-0.8.11-runtime.jar=destfile=/tmp/bugrun/time_10.5D9Hds/target/jacoco.exec
[INFO] 
[INFO] --- resources:3.4.0:resources (default-resources) @ AlgorithmName2 ---
[INFO] Copying 1 resource from src/main/resources to target/classes
[INFO] 
[INFO] --- compiler:3.15.0:compile (default-compile) @ AlgorithmName2 ---
[INFO] Recompiling the module because of changed source code.
[INFO] Compiling 1 source file with javac [debug target 1.8] to target/classes
[WARNING] bootstrap class path not set in conjunction with -source 8
[INFO] 
[INFO] --- dependency:3.6.0:unpack-dependencies (unpack-defects4j) @ AlgorithmName2 ---
[INFO] 
[INFO] --- resources:3.4.0:testResources (default-testResources) @ AlgorithmName2 ---
[INFO] skip non existing resourceDirectory /tmp/bugrun/time_10.5D9Hds/src/test/resources
[INFO] 
[INFO] --- compiler:3.15.0:testCompile (default-testCompile) @ AlgorithmName2 ---
[INFO] Recompiling the module because of changed dependency.
[INFO] Compiling 1 source file with javac [debug target 1.8] to target/test-classes
[WARNING] bootstrap class path not set in conjunction with -source 8
[INFO] 
[INFO] --- surefire:3.1.2:test (default-cli) @ AlgorithmName2 ---
[INFO] Using auto detected provider org.apache.maven.surefire.junitplatform.JUnitPlatformProvider
[INFO] 
[INFO] -------------------------------------------------------
[INFO]  T E S T S
[INFO] -------------------------------------------------------
[INFO] Running com.example.algorithm2.Algorithm2Test
OpenJDK 64-Bit Server VM warning: Sharing is only supported for boot loader classes because bootstrap classpath has been appended
INFO: Loaded 281 hooks from com.code_intelligence.jazzer.runtime.TraceCmpHooks
INFO: Loaded 5 hooks from com.code_intelligence.jazzer.runtime.TraceDivHooks
INFO: Loaded 2 hooks from com.code_intelligence.jazzer.runtime.TraceIndirHooks
INFO: Loaded 4 hooks from com.code_intelligence.jazzer.runtime.NativeLibHooks
INFO: Loaded 2 hooks from com.code_intelligence.jazzer.sanitizers.ClojureLangHooks
INFO: Loaded 5 hooks from com.code_intelligence.jazzer.sanitizers.Deserialization
INFO: Loaded 5 hooks from com.code_intelligence.jazzer.sanitizers.ExpressionLanguageInjection
INFO: Loaded 70 hooks from com.code_intelligence.jazzer.sanitizers.LdapInjection
INFO: Loaded 46 hooks from com.code_intelligence.jazzer.sanitizers.NamingContextLookup
INFO: Loaded 1 hooks from com.code_intelligence.jazzer.sanitizers.OsCommandInjection
INFO: Loaded 52 hooks from com.code_intelligence.jazzer.sanitizers.ReflectiveCall
INFO: Loaded 8 hooks from com.code_intelligence.jazzer.sanitizers.RegexInjection
INFO: Loaded 16 hooks from com.code_intelligence.jazzer.sanitizers.RegexRoadblocks
INFO: Loaded 18 hooks from com.code_intelligence.jazzer.sanitizers.ScriptEngineInjection
INFO: Loaded 2 hooks from com.code_intelligence.jazzer.sanitizers.ServerSideRequestForgery
INFO: Loaded 19 hooks from com.code_intelligence.jazzer.sanitizers.SqlInjection
INFO: Loaded 6 hooks from com.code_intelligence.jazzer.sanitizers.XPathInjection
INFO: Instrumented com.example.algorithm2.Algorithm2Test$Skip (took 518 ms, size +44%)
INFO: Instrumented com.example.algorithm2.Algorithm2Test (took 443 ms, size +27%)
INFO: New number of coverage counters: 1024
INFO: Instrumented org.joda.time.DateTime (took 557 ms, size +12%)
INFO: Instrumented org.joda.time.ReadableDateTime (took 5 ms, size +0%)
INFO: Instrumented org.joda.time.ReadableInstant (took 1 ms, size +0%)
INFO: Instrumented org.joda.time.base.BaseDateTime (took 88 ms, size +15%)
INFO: Instrumented org.joda.time.base.AbstractDateTime (took 184 ms, size +14%)
INFO: Instrumented org.joda.time.base.AbstractInstant (took 108 ms, size +17%)
INFO: Instrumented org.joda.time.Chronology (took 11 ms, size +21%)
INFO: Instrumented org.joda.time.chrono.ISOChronology (took 49 ms, size +17%)
INFO: New number of coverage counters: 2048
INFO: Instrumented org.joda.time.chrono.AssembledChronology (took 128 ms, size +14%)
INFO: Instrumented org.joda.time.chrono.BaseChronology (took 83 ms, size +17%)
INFO: Instrumented org.joda.time.DateTimeZone (took 229 ms, size +22%)
INFO: Instrumented org.joda.time.DateTime$Property (took 60 ms, size +20%)
INFO: Instrumented org.joda.time.field.AbstractReadableInstantFieldProperty (took 142 ms, size +19%)
INFO: Instrumented org.joda.time.DateTimeFieldType (took 265 ms, size +12%)
INFO: Instrumented org.joda.time.ReadablePeriod (took 1 ms, size +0%)
INFO: Instrumented org.joda.time.ReadableDuration (took 1 ms, size +0%)
INFO: New number of coverage counters: 4096
INFO: Instrumented org.joda.time.LocalDate (took 342 ms, size +13%)
INFO: Instrumented org.joda.time.ReadablePartial (took 2 ms, size +0%)
INFO: Instrumented org.joda.time.base.BaseLocal (took 9 ms, size +52%)
INFO: Instrumented org.joda.time.base.AbstractPartial (took 62 ms, size +19%)
INFO: Instrumented org.joda.time.LocalTime (took 109 ms, size +13%)
INFO: Instrumented org.joda.time.LocalDateTime (took 533 ms, size +13%)
INFO: Instrumented org.joda.time.format.DateTimeFormatter (took 101 ms, size +14%)
INFO: Instrumented org.joda.time.DurationFieldType (took 22 ms, size +18%)
INFO: Instrumented org.joda.time.DateMidnight (took 116 ms, size +12%)
INFO: Instrumented org.joda.time.YearMonthDay (took 114 ms, size +12%)
INFO: Instrumented org.joda.time.base.BasePartial (took 60 ms, size +13%)
INFO: Instrumented org.joda.time.TimeOfDay (took 232 ms, size +12%)
INFO: Instrumented org.joda.time.Instant (took 68 ms, size +19%)
INFO: Instrumented org.joda.time.DateTimeField (took 17 ms, size +19%)
INFO: Instrumented org.joda.time.MutableDateTime (took 155 ms, size +11%)
INFO: Instrumented org.joda.time.ReadWritableDateTime (took 0 ms, size +0%)
INFO: Instrumented org.joda.time.ReadWritableInstant (took 1 ms, size +0%)
INFO: Instrumented org.joda.time.format.DateTimePrinter (took 1 ms, size +0%)
INFO: Instrumented org.joda.time.format.DateTimeParser (took 0 ms, size +0%)
[harness] target=org.joda.time.DateTime factories=9 methods=120
INFO: Instrumented org.joda.time.DurationField (took 8 ms, size +36%)
INFO: Instrumented org.joda.time.field.UnsupportedDurationField (took 171 ms, size +25%)
INFO: New number of coverage counters: 8192
INFO: Instrumented org.joda.time.field.UnsupportedDateTimeField (took 173 ms, size +14%)
INFO: Instrumented org.joda.time.IllegalFieldValueException (took 67 ms, size +13%)
INFO: Instrumented org.joda.time.chrono.GregorianChronology (took 96 ms, size +20%)
INFO: Instrumented org.joda.time.chrono.BasicGJChronology (took 17 ms, size +32%)
INFO: Instrumented org.joda.time.chrono.BasicChronology (took 59 ms, size +14%)
INFO: Instrumented org.joda.time.chrono.ZonedChronology (took 31 ms, size +20%)
INFO: Instrumented org.joda.time.field.DividedDateTimeField (took 36 ms, size +23%)
INFO: Instrumented org.joda.time.field.DecoratedDateTimeField (took 17 ms, size +27%)
INFO: Instrumented org.joda.time.field.BaseDateTimeField (took 77 ms, size +18%)
INFO: Instrumented org.joda.time.field.RemainderDateTimeField (took 17 ms, size +20%)
INFO: Instrumented org.joda.time.field.PreciseDurationField (took 27 ms, size +30%)
INFO: Instrumented org.joda.time.field.BaseDurationField (took 22 ms, size +24%)
INFO: Instrumented org.joda.time.field.PreciseDateTimeField (took 19 ms, size +30%)
INFO: Instrumented org.joda.time.field.PreciseDurationDateTimeField (took 8 ms, size +26%)
INFO: Instrumented org.joda.time.field.ZeroIsMaxDateTimeField (took 83 ms, size +19%)
INFO: Instrumented org.joda.time.chrono.BasicChronology$HalfdayField (took 5 ms, size +23%)
INFO: Instrumented org.joda.time.chrono.BasicYearDateTimeField (took 54 ms, size +22%)
INFO: Instrumented org.joda.time.field.ImpreciseDateTimeField (took 14 ms, size +31%)
INFO: Instrumented org.joda.time.chrono.GJYearOfEraDateTimeField (took 17 ms, size +22%)
INFO: Instrumented org.joda.time.field.OffsetDateTimeField (took 63 ms, size +20%)
INFO: Instrumented org.joda.time.chrono.GJEraDateTimeField (took 25 ms, size +19%)
INFO: Instrumented org.joda.time.chrono.GJDayOfWeekDateTimeField (took 40 ms, size +16%)
INFO: Instrumented org.joda.time.chrono.BasicDayOfMonthDateTimeField (took 37 ms, size +23%)
INFO: Instrumented org.joda.time.chrono.BasicDayOfYearDateTimeField (took 8 ms, size +24%)
INFO: Instrumented org.joda.time.chrono.GJMonthOfYearDateTimeField (took 9 ms, size +23%)
INFO: Instrumented org.joda.time.chrono.BasicMonthOfYearDateTimeField (took 23 ms, size +21%)
INFO: Instrumented org.joda.time.chrono.BasicWeekyearDateTimeField (took 56 ms, size +22%)
INFO: Instrumented org.joda.time.chrono.BasicWeekOfWeekyearDateTimeField (took 27 ms, size +21%)
INFO: Instrumented org.joda.time.field.MillisDurationField (took 51 ms, size +23%)
INFO: Instrumented org.joda.time.DurationFieldType$StandardDurationFieldType (took 14 ms, size +27%)
INFO: Instrumented org.joda.time.DateTimeFieldType$StandardDateTimeFieldType (took 63 ms, size +21%)
INFO: Instrumented org.joda.time.tz.Provider (took 5 ms, size +0%)
INFO: Instrumented org.joda.time.JodaTimePermission (took 9 ms, size +49%)
INFO: Instrumented org.joda.time.tz.FixedDateTimeZone (took 25 ms, size +37%)
INFO: Instrumented org.joda.time.DateTimeZone$1 (took 9 ms, size +32%)
INFO: Instrumented org.joda.time.IllegalInstantException (took 15 ms, size +28%)
INFO: Instrumented org.joda.time.tz.NameProvider (took 0 ms, size +0%)
INFO: Instrumented org.joda.time.tz.ZoneInfoProvider (took 16 ms, size +22%)
INFO: Instrumented org.joda.time.tz.DefaultNameProvider (took 6 ms, size +42%)
INFO: Instrumented org.joda.time.chrono.AssembledChronology$Fields (took 8 ms, size +31%)
INFO: Instrumented org.joda.time.field.ImpreciseDateTimeField$LinkedDurationField (took 9 ms, size +21%)
INFO: Instrumented org.joda.time.field.ScaledDurationField (took 13 ms, size +28%)
INFO: Instrumented org.joda.time.field.DecoratedDurationField (took 7 ms, size +26%)
INFO: Instrumented org.joda.time.chrono.BasicChronology$YearInfo (took 3 ms, size +45%)
INFO: Instrumented org.joda.time.chrono.ISOYearOfEraDateTimeField (took 11 ms, size +22%)
INFO: Instrumented org.joda.time.tz.DateTimeZoneBuilder (took 16 ms, size +19%)
INFO: Instrumented org.joda.time.tz.DateTimeZoneBuilder$PrecalculatedZone (took 25 ms, size +24%)
INFO: Instrumented org.joda.time.tz.CachedDateTimeZone (took 24 ms, size +22%)
INFO: Instrumented org.joda.time.tz.DateTimeZoneBuilder$DSTZone (took 22 ms, size +25%)
INFO: Instrumented org.joda.time.chrono.ZonedChronology$ZonedDurationField (took 13 ms, size +23%)
INFO: Instrumented org.joda.time.chrono.ZonedChronology$ZonedDateTimeField (took 58 ms, size +16%)
INFO: Instrumented org.joda.time.DateTimeUtils (took 56 ms, size +16%)
INFO: Instrumented org.joda.time.DateTimeUtils$MillisProvider (took 0 ms, size +0%)
INFO: Instrumented org.joda.time.ReadableInterval (took 0 ms, size +0%)
INFO: Instrumented org.joda.time.DateTimeUtils$SystemMillisProvider (took 2 ms, size +43%)
INFO: Instrumented org.joda.time.tz.DateTimeZoneBuilder$Recurrence (took 5 ms, size +28%)
INFO: Instrumented org.joda.time.tz.DateTimeZoneBuilder$OfYear (took 22 ms, size +26%)
INFO: Instrumented org.joda.time.tz.CachedDateTimeZone$Info (took 14 ms, size +37%)
INFO: using inputs from: /tmp/bugrun/time_10.5D9Hds/.cifuzz-corpus/com.example.algorithm2.Algorithm2Test/testParameterizedFuzzer
INFO: using inputs from: /tmp/jazzer-java-seeds15968859210470175096
INFO: found LLVMFuzzerCustomMutator (0x72502626fcd0). Disabling -len_control by default.
INFO: Running with entropic power schedule (0xFF, 100).
INFO: Seed: 385021620
INFO: Loaded 5 modules   (8192 inline 8-bit counters): 512 [0x725100a8f600, 0x725100a8f800), 512 [0x725100a8f800, 0x725100a8fa00), 1024 [0x725100a8fa00, 0x725100a8fe00), 2048 [0x725100a8fe00, 0x725100a90600), 4096 [0x725100a90600, 0x725100a91600), 
INFO: Loaded 5 PC tables (8192 PCs): 512 [0x72510096c6a0,0x72510096e6a0), 512 [0x725100574ea0,0x725100576ea0), 1024 [0x725100a11900,0x725100a15900), 2048 [0x725100bdde20,0x725100be5e20), 4096 [0x725100c40990,0x725100c50990), 
INFO:        0 files found in /tmp/bugrun/time_10.5D9Hds/.cifuzz-corpus/com.example.algorithm2.Algorithm2Test/testParameterizedFuzzer
INFO:        0 files found in /tmp/jazzer-java-seeds15968859210470175096
INFO: -max_len is not provided; libFuzzer will not generate inputs larger than 4096 bytes
INFO: A corpus is not provided, starting from an empty corpus
#2	INITED cov: 91 ft: 91 corp: 1/1b exec/s: 0 rss: 1606Mb
#3	NEW    cov: 94 ft: 103 corp: 2/2b lim: 4 exec/s: 0 rss: 1606Mb L: 1/1 MS: 2 ChangeBinInt-Custom-
#5	NEW    cov: 97 ft: 106 corp: 3/3b lim: 4 exec/s: 0 rss: 1606Mb L: 1/1 MS: 4 ShuffleBytes-Custom-ChangeByte-Custom-
#7	NEW    cov: 107 ft: 128 corp: 4/5b lim: 4 exec/s: 0 rss: 1606Mb L: 2/2 MS: 4 ShuffleBytes-Custom-CopyPart-Custom-
#8	NEW    cov: 108 ft: 129 corp: 5/6b lim: 4 exec/s: 0 rss: 1606Mb L: 1/2 MS: 2 ChangeBit-Custom-
#11	NEW    cov: 175 ft: 212 corp: 6/8b lim: 4 exec/s: 0 rss: 1607Mb L: 2/2 MS: 6 ShuffleBytes-Custom-CopyPart-Custom-CrossOver-Custom-
INFO: Instrumented org.joda.time.field.FieldUtils (took 92 ms, size +30%)
#12	NEW    cov: 226 ft: 267 corp: 7/9b lim: 4 exec/s: 0 rss: 1607Mb L: 1/2 MS: 2 ChangeByte-Custom-
INFO: Instrumented org.joda.time.Duration (took 35 ms, size +20%)
INFO: Instrumented org.joda.time.base.BaseDuration (took 17 ms, size +14%)
INFO: Instrumented org.joda.time.base.AbstractDuration (took 10 ms, size +31%)
INFO: Instrumented org.joda.time.Period (took 82 ms, size +14%)
INFO: Instrumented org.joda.time.base.BasePeriod (took 36 ms, size +15%)
#13	NEW    cov: 243 ft: 284 corp: 8/10b lim: 4 exec/s: 0 rss: 1608Mb L: 1/2 MS: 2 ChangeBit-Custom-
INFO: Instrumented org.joda.time.base.AbstractPeriod (took 42 ms, size +24%)
INFO: Instrumented org.joda.time.convert.ConverterManager (took 53 ms, size +10%)
INFO: Instrumented org.joda.time.convert.Converter (took 0 ms, size +0%)
INFO: New number of coverage counters: 16384
INFO: Instrumented org.joda.time.convert.ConverterSet (took 16 ms, size +23%)
INFO: Instrumented org.joda.time.convert.ReadableInstantConverter (took 8 ms, size +21%)
INFO: Instrumented org.joda.time.convert.InstantConverter (took 5 ms, size +0%)
INFO: Instrumented org.joda.time.convert.PartialConverter (took 0 ms, size +0%)
INFO: Instrumented org.joda.time.convert.AbstractConverter (took 8 ms, size +17%)
INFO: Instrumented org.joda.time.convert.StringConverter (took 20 ms, size +23%)
INFO: Instrumented org.joda.time.convert.DurationConverter (took 0 ms, size +0%)
INFO: Instrumented org.joda.time.convert.PeriodConverter (took 2 ms, size +0%)
INFO: Instrumented org.joda.time.convert.IntervalConverter (took 0 ms, size +0%)
INFO: Instrumented org.joda.time.convert.CalendarConverter (took 13 ms, size +26%)
INFO: Instrumented org.joda.time.chrono.BuddhistChronology (took 20 ms, size +16%)
INFO: Instrumented org.joda.time.chrono.JulianChronology (took 45 ms, size +17%)
INFO: Instrumented org.joda.time.chrono.GJChronology (took 37 ms, size +14%)
INFO: Instrumented org.joda.time.convert.DateConverter (took 36 ms, size +33%)
INFO: Instrumented org.joda.time.convert.LongConverter (took 16 ms, size +31%)
INFO: Instrumented org.joda.time.convert.NullConverter (took 4 ms, size +22%)
INFO: Instrumented org.joda.time.convert.ConverterSet$Entry (took 3 ms, size +36%)
INFO: Instrumented org.joda.time.convert.ReadablePartialConverter (took 9 ms, size +24%)
INFO: Instrumented org.joda.time.convert.ReadableDurationConverter (took 17 ms, size +28%)
INFO: Instrumented org.joda.time.convert.ReadableIntervalConverter (took 4 ms, size +22%)
INFO: Instrumented org.joda.time.convert.ReadablePeriodConverter (took 5 ms, size +27%)
INFO: Instrumented org.joda.time.format.ISODateTimeFormat (took 61 ms, size +24%)
INFO: Instrumented org.joda.time.format.DateTimeFormatterBuilder (took 44 ms, size +13%)
INFO: Instrumented org.joda.time.format.DateTimeFormatterBuilder$CharacterLiteral (took 4 ms, size +22%)
INFO: Instrumented org.joda.time.format.DateTimeFormatterBuilder$Composite (took 10 ms, size +19%)
INFO: Instrumented org.joda.time.format.DateTimeFormatterBuilder$MatchingParser (took 4 ms, size +34%)
INFO: Instrumented org.joda.time.format.DateTimeFormatterBuilder$PaddedNumber (took 6 ms, size +19%)
INFO: Instrumented org.joda.time.format.DateTimeFormatterBuilder$NumberFormatter (took 3 ms, size +33%)
INFO: Instrumented org.joda.time.format.DateTimeFormatterBuilder$Fraction (took 23 ms, size +19%)
INFO: Instrumented org.joda.time.format.DateTimeFormatterBuilder$TimeZoneOffset (took 10 ms, size +34%)
INFO: Instrumented org.joda.time.format.DateTimeFormatterBuilder$StringLiteral (took 3 ms, size +29%)
INFO: #16	NEW    cov: 811 ft: 853 corp: 9/12b lim: 4 exec/s: 16 rss: 1611Mb L: 2/2 MS: 6 CrossOver-Custom-ShuffleBytes-Custom-InsertByte-Custom-
#17	NEW    cov: 828 ft: 899 corp: 10/15b lim: 4 exec/s: 17 rss: 1611Mb L: 3/3 MS: 2 CMP-Custom- DE: "\021\000"-
#18	NEW    cov: 829 ft: 900 corp: 11/18b lim: 4 exec/s: 18 rss: 1611Mb L: 3/3 MS: 2 PersAutoDict-Custom- DE: "\021\000"-
Instrumented org.joda.time.format.DateTimeFormatterBuilder$UnpaddedNumber (took 3 ms, size +19%)
INFO: Instrumented org.joda.time.format.DateTimeParserBucket (took 18 ms, size +15%)
INFO: #21	NEW    cov: 830 ft: 901 corp: 12/19b lim: 4 exec/s: 21 rss: 1611Mb L: 1/3 MS: 6 EraseBytes-Custom-CrossOver-Custom-ChangeBit-Custom-
#23	NEW    cov: 831 ft: 903 corp: 13/22b lim: 4 exec/s: 23 rss: 1611Mb L: 3/3 MS: 4 InsertByte-Custom-InsertByte-Custom-
#24	NEW    cov: 832 ft: 904 corp: 14/23b lim: 4 exec/s: 24 rss: 1611Mb L: 1/3 MS: 2 ChangeBinInt-Custom-
#27	NEW    cov: 891 ft: 975 corp: 15/25b lim: 4 exec/s: 27 rss: 1611Mb L: 2/3 MS: 6 PersAutoDict-Custom-CrossOver-Custom-ChangeBit-Custom- DE: "\021\000"-
Instrumented org.joda.time.format.DateTimeParserBucket$SavedField (took 6 ms, size +26%)
#29	NEW    cov: 899 ft: 983 corp: 16/29b lim: 4 exec/s: 29 rss: 1611Mb L: 4/4 MS: 4 PersAutoDict-Custom-InsertByte-Custom- DE: "\021\000"-
INFO: Instrumented org.joda.time.format.DateTimeParserBucket$SavedState (took 5 ms, size +24%)
INFO: Instrumented org.joda.time.format.FormatUtils (took 12 ms, size +29%)
#30	NEW    cov: 900 ft: 987 corp: 17/32b lim: 4 exec/s: 30 rss: 1611Mb L: 3/4 MS: 2 CopyPart-Custom-
#33	NEW    cov: 903 ft: 990 corp: 18/36b lim: 4 exec/s: 33 rss: 1611Mb L: 4/4 MS: 6 ChangeByte-Custom-ChangeByte-Custom-PersAutoDict-Custom- DE: "\021\000"-
#36	NEW    cov: 904 ft: 993 corp: 19/38b lim: 4 exec/s: 36 rss: 1611Mb L: 2/4 MS: 6 CopyPart-Custom-ChangeBit-Custom-ChangeByte-Custom-
#42	NEW    cov: 905 ft: 994 corp: 20/41b lim: 4 exec/s: 42 rss: 1611Mb L: 3/4 MS: 2 ChangeBit-Custom-
MS: 2 ChangeBit-Custom-; base unit: 6dcd4ce23d88e2ee9568ba546c007c63d9131c1b
0x45,
E
artifact_prefix='/tmp/bugrun/time_10.5D9Hds/'; Test unit written to /tmp/bugrun/time_10.5D9Hds/crash-e0184adedf913b076626646d3f52c3b49c39ad6d
Base64: RQ==
DEDUP_TOKEN: 2aa662bbc1460690
Done 43 runs in 1 second(s)
[ERROR] Tests run: 2, Failures: 0, Errors: 1, Skipped: 0, Time elapsed: 27.93 s <<< FAILURE! -- in com.example.algorithm2.Algorithm2Test
[ERROR] com.example.algorithm2.Algorithm2Test.testParameterizedFuzzer(FuzzedDataProvider)[2] -- Time elapsed: 1.554 s <<< ERROR!
org.joda.time.IllegalFieldValueException: Value 0 for dayOfWeek must be in the range [1,7]
	at org.joda.time.field.FieldUtils.verifyValueBounds(FieldUtils.java:220)
	at org.joda.time.field.PreciseDurationDateTimeField.set(PreciseDurationDateTimeField.java:78)
	at org.joda.time.chrono.ZonedChronology$ZonedDateTimeField.set(ZonedChronology.java:463)
	at org.joda.time.DateTime.withDayOfWeek(DateTime.java:1748)
	at java.base/jdk.internal.reflect.NativeMethodAccessorImpl.invoke0(Native Method)
	at java.base/jdk.internal.reflect.NativeMethodAccessorImpl.invoke(NativeMethodAccessorImpl.java:62)
	at java.base/jdk.internal.reflect.DelegatingMethodAccessorImpl.invoke(DelegatingMethodAccessorImpl.java:43)
	at java.base/java.lang.reflect.Method.invoke(Method.java:566)
	at com.example.algorithm2.Algorithm2Test.testParameterizedFuzzer(Algorithm2Test.java:226)

[INFO] 
[INFO] Results:
[INFO] 
[ERROR] Errors: 
[ERROR]   Algorithm2Test.testParameterizedFuzzer:226 » IllegalFieldValue Value 0 for dayOfWeek must be in the range [1,7]
[INFO] 
[ERROR] Tests run: 2, Failures: 0, Errors: 1, Skipped: 0
[INFO] 
[ERROR] 

Please refer to /tmp/bugrun/time_10.5D9Hds/target/surefire-reports for the individual test results.
Please refer to dump files (if any exist) [date].dump, [date]-jvmRun[N].dump and [date].dumpstream.
[INFO] 
[INFO] --- jacoco:0.8.11:report (default-cli) @ AlgorithmName2 ---
[INFO] Loading execution data file /tmp/bugrun/time_10.5D9Hds/target/jacoco.exec
[INFO] Analyzed bundle 'AlgorithmName2' with 207 classes
[INFO] ------------------------------------------------------------------------
[INFO] BUILD SUCCESS
[INFO] ------------------------------------------------------------------------
[INFO] Total time:  48.818 s
[INFO] Finished at: 2026-10-06T02:43:04+07:00
[INFO] ------------------------------------------------------------------------
