[INFO] Scanning for projects...
[INFO] 
[INFO] ---------------------< com.example:AlgorithmName2 >---------------------
[INFO] Building AlgorithmName2 1.0-SNAPSHOT
[INFO]   from pom.xml
[INFO] --------------------------------[ jar ]---------------------------------
[INFO] 
[INFO] --- jacoco:0.8.11:prepare-agent (default) @ AlgorithmName2 ---
[INFO] argLine set to -javaagent:/home/kanyaphak673380391-3/.m2/repository/org/jacoco/org.jacoco.agent/0.8.11/org.jacoco.agent-0.8.11-runtime.jar=destfile=/tmp/bugrun/jacksoncore_21.mQI89N/target/jacoco.exec
[INFO] 
[INFO] --- resources:3.4.0:resources (default-resources) @ AlgorithmName2 ---
[INFO] Copying 1 resource from src/main/resources to target/classes
[INFO] 
[INFO] --- compiler:3.15.0:compile (default-compile) @ AlgorithmName2 ---
[INFO] Recompiling the module because of changed source code.
[INFO] Compiling 1 source file with javac [debug target 1.8] to target/classes
[WARNING] bootstrap class path not set in conjunction with -source 8
[INFO] 
[INFO] --- dependency:3.6.0:unpack-dependencies (unpack-defects4j) @ AlgorithmName2 ---
[INFO] 
[INFO] --- resources:3.4.0:testResources (default-testResources) @ AlgorithmName2 ---
[INFO] skip non existing resourceDirectory /tmp/bugrun/jacksoncore_21.mQI89N/src/test/resources
[INFO] 
[INFO] --- compiler:3.15.0:testCompile (default-testCompile) @ AlgorithmName2 ---
[INFO] Recompiling the module because of changed dependency.
[INFO] Compiling 1 source file with javac [debug target 1.8] to target/test-classes
[WARNING] bootstrap class path not set in conjunction with -source 8
[INFO] 
[INFO] --- surefire:3.1.2:test (default-cli) @ AlgorithmName2 ---
[INFO] Using auto detected provider org.apache.maven.surefire.junitplatform.JUnitPlatformProvider
[INFO] 
[INFO] -------------------------------------------------------
[INFO]  T E S T S
[INFO] -------------------------------------------------------
[INFO] Running com.example.algorithm2.Algorithm2Test
OpenJDK 64-Bit Server VM warning: Sharing is only supported for boot loader classes because bootstrap classpath has been appended
INFO: Loaded 284 hooks from com.code_intelligence.jazzer.runtime.TraceCmpHooks
INFO: Loaded 5 hooks from com.code_intelligence.jazzer.runtime.TraceDivHooks
INFO: Loaded 2 hooks from com.code_intelligence.jazzer.runtime.TraceIndirHooks
INFO: Loaded 4 hooks from com.code_intelligence.jazzer.runtime.NativeLibHooks
INFO: Loaded 2 hooks from com.code_intelligence.jazzer.sanitizers.ClojureLangHooks
INFO: Loaded 5 hooks from com.code_intelligence.jazzer.sanitizers.Deserialization
INFO: Loaded 5 hooks from com.code_intelligence.jazzer.sanitizers.ExpressionLanguageInjection
INFO: Loaded 70 hooks from com.code_intelligence.jazzer.sanitizers.LdapInjection
INFO: Loaded 46 hooks from com.code_intelligence.jazzer.sanitizers.NamingContextLookup
INFO: Loaded 1 hooks from com.code_intelligence.jazzer.sanitizers.OsCommandInjection
INFO: Loaded 52 hooks from com.code_intelligence.jazzer.sanitizers.ReflectiveCall
INFO: Loaded 8 hooks from com.code_intelligence.jazzer.sanitizers.RegexInjection
INFO: Loaded 16 hooks from com.code_intelligence.jazzer.sanitizers.RegexRoadblocks
INFO: Loaded 18 hooks from com.code_intelligence.jazzer.sanitizers.ScriptEngineInjection
INFO: Loaded 2 hooks from com.code_intelligence.jazzer.sanitizers.ServerSideRequestForgery
INFO: Loaded 19 hooks from com.code_intelligence.jazzer.sanitizers.SqlInjection
INFO: Loaded 6 hooks from com.code_intelligence.jazzer.sanitizers.XPathInjection
INFO: Instrumented com.example.algorithm2.Algorithm2Test$Skip (took 244 ms, size +44%)
INFO: Instrumented com.example.algorithm2.Algorithm2Test (took 262 ms, size +27%)
INFO: New number of coverage counters: 1024
INFO: Instrumented com.fasterxml.jackson.core.JsonFactory (took 403 ms, size +10%)
INFO: Instrumented com.fasterxml.jackson.core.Versioned (took 2 ms, size +0%)
INFO: Instrumented com.fasterxml.jackson.core.SerializableString (took 2 ms, size +0%)
INFO: Instrumented com.fasterxml.jackson.core.io.UTF8Writer (took 106 ms, size +26%)
INFO: Instrumented com.fasterxml.jackson.core.JsonGenerator (took 211 ms, size +13%)
INFO: New number of coverage counters: 2048
INFO: Instrumented com.fasterxml.jackson.core.json.WriterBasedJsonGenerator (took 243 ms, size +21%)
INFO: Instrumented com.fasterxml.jackson.core.json.JsonGeneratorImpl (took 51 ms, size +15%)
INFO: Instrumented com.fasterxml.jackson.core.base.GeneratorBase (took 87 ms, size +14%)
INFO: Instrumented com.fasterxml.jackson.core.io.DataOutputAsStream (took 16 ms, size +34%)
INFO: New number of coverage counters: 4096
INFO: Instrumented com.fasterxml.jackson.core.JsonParser (took 104 ms, size +10%)
INFO: Instrumented com.fasterxml.jackson.core.json.ReaderBasedJsonParser (took 278 ms, size +25%)
INFO: Instrumented com.fasterxml.jackson.core.base.ParserBase (took 96 ms, size +18%)
INFO: Instrumented com.fasterxml.jackson.core.base.ParserMinimalBase (took 75 ms, size +14%)
INFO: New number of coverage counters: 8192
INFO: Instrumented com.fasterxml.jackson.core.json.UTF8DataInputJsonParser (took 121 ms, size +22%)
INFO: Instrumented com.fasterxml.jackson.core.json.async.NonBlockingJsonParser (took 27 ms, size +16%)
INFO: Instrumented com.fasterxml.jackson.core.async.ByteArrayFeeder (took 0 ms, size +0%)
INFO: Instrumented com.fasterxml.jackson.core.async.NonBlockingInputFeeder (took 0 ms, size +0%)
INFO: Instrumented com.fasterxml.jackson.core.json.async.NonBlockingJsonParserBase (took 48 ms, size +16%)
INFO: Instrumented com.fasterxml.jackson.core.json.UTF8JsonGenerator (took 125 ms, size +21%)
INFO: Instrumented com.fasterxml.jackson.core.JsonFactory$Feature (took 23 ms, size +29%)
INFO: Instrumented com.fasterxml.jackson.core.JsonParser$Feature (took 15 ms, size +23%)
INFO: Instrumented com.fasterxml.jackson.core.JsonGenerator$Feature (took 21 ms, size +25%)
INFO: Instrumented com.fasterxml.jackson.core.util.DefaultPrettyPrinter (took 50 ms, size +15%)
INFO: Instrumented com.fasterxml.jackson.core.PrettyPrinter (took 3 ms, size +28%)
INFO: Instrumented com.fasterxml.jackson.core.util.Instantiatable (took 0 ms, size +0%)
INFO: Instrumented com.fasterxml.jackson.core.util.DefaultPrettyPrinter$Indenter (took 11 ms, size +0%)
INFO: Instrumented com.fasterxml.jackson.core.io.SerializedString (took 47 ms, size +20%)
INFO: Instrumented com.fasterxml.jackson.core.ObjectCodec (took 5 ms, size +13%)
INFO: Instrumented com.fasterxml.jackson.core.TreeCodec (took 6 ms, size +32%)
INFO: Instrumented com.fasterxml.jackson.core.Version (took 39 ms, size +34%)
INFO: Instrumented com.fasterxml.jackson.core.JsonEncoding (took 9 ms, size +22%)
INFO: Instrumented com.fasterxml.jackson.core.util.BufferRecycler (took 6 ms, size +24%)
INFO: Instrumented com.fasterxml.jackson.core.FormatSchema (took 0 ms, size +0%)
INFO: Instrumented com.fasterxml.jackson.core.format.InputAccessor (took 2 ms, size +0%)
INFO: Instrumented com.fasterxml.jackson.core.format.MatchStrength (took 8 ms, size +28%)
INFO: Instrumented com.fasterxml.jackson.core.io.CharacterEscapes (took 7 ms, size +35%)
INFO: Instrumented com.fasterxml.jackson.core.io.InputDecorator (took 11 ms, size +30%)
INFO: Instrumented com.fasterxml.jackson.core.io.OutputDecorator (took 10 ms, size +42%)
INFO: Instrumented com.fasterxml.jackson.core.JsonParseException (took 20 ms, size +15%)
INFO: Instrumented com.fasterxml.jackson.core.JsonProcessingException (took 29 ms, size +19%)
[harness] target=com.fasterxml.jackson.core.JsonFactory factories=1 methods=58
INFO: Instrumented com.fasterxml.jackson.core.sym.CharsToNameCanonicalizer (took 42 ms, size +14%)
INFO: Instrumented com.fasterxml.jackson.core.sym.CharsToNameCanonicalizer$TableInfo (took 25 ms, size +22%)
INFO: Instrumented com.fasterxml.jackson.core.sym.CharsToNameCanonicalizer$Bucket (took 8 ms, size +39%)
INFO: Instrumented com.fasterxml.jackson.core.sym.ByteQuadsCanonicalizer (took 151 ms, size +19%)
INFO: Instrumented com.fasterxml.jackson.core.sym.ByteQuadsCanonicalizer$TableInfo (took 24 ms, size +22%)
INFO: found LLVMFuzzerCustomMutator (0x75e230f71cd0). Disabling -len_control by default.
INFO: Running with entropic power schedule (0xFF, 100).
INFO: Seed: 2514687496
INFO: Loaded 5 modules   (8192 inline 8-bit counters): 512 [0x75e2c0b577c0, 0x75e2c0b579c0), 512 [0x75e2c0b579c0, 0x75e2c0b57bc0), 1024 [0x75e2c0b57bc0, 0x75e2c0b57fc0), 2048 [0x75e2c0b57fc0, 0x75e2c0b587c0), 4096 [0x75e2c0b587c0, 0x75e2c0b597c0), 
INFO: Loaded 5 PC tables (8192 PCs): 512 [0x75e2c0608f30,0x75e2c060af30), 512 [0x75e2c063aee0,0x75e2c063cee0), 1024 [0x75e2c064a490,0x75e2c064e490), 2048 [0x75e2c0743c10,0x75e2c074bc10), 4096 [0x75e2c06af400,0x75e2c06bf400), 
INFO: INFO:        0 files found in /tmp/bugrun/jacksoncore_21.mQI89N/.cifuzz-corpus/com.example.algorithm2.Algorithm2Test/testParameterizedFuzzer
INFO:        0 files found in /tmp/jazzer-java-seeds15190275259445024020
INFO: -max_len is not provided; libFuzzer will not generate inputs larger than 4096 bytes
INFO: A corpus is not provided, starting from an empty corpus
using inputs from: /tmp/bugrun/jacksoncore_21.mQI89N/.cifuzz-corpus/com.example.algorithm2.Algorithm2Test/testParameterizedFuzzer
INFO: using inputs from: /tmp/jazzer-java-seeds15190275259445024020
INFO: Instrumented com.fasterxml.jackson.core.io.IOContext (took 97 ms, size +18%)
INFO: Instrumented com.fasterxml.jackson.core.JsonGenerationException (took 78 ms, size +19%)
INFO: Instrumented com.fasterxml.jackson.core.JsonStreamContext (took 92 ms, size +21%)
INFO: Instrumented com.fasterxml.jackson.core.json.JsonWriteContext (took 66 ms, size +19%)
#2	INITED cov: 244 ft: 244 corp: 1/1b exec/s: 0 rss: 1209Mb
#3	NEW    cov: 270 ft: 282 corp: 2/3b lim: 4 exec/s: 0 rss: 1209Mb L: 2/2 MS: 2 InsertByte-Custom-
#4	NEW    cov: 281 ft: 302 corp: 3/5b lim: 4 exec/s: 0 rss: 1209Mb L: 2/2 MS: 2 CMP-Custom- DE: "\377\007"-
#5	NEW    cov: 281 ft: 303 corp: 4/7b lim: 4 exec/s: 0 rss: 1209Mb L: 2/2 MS: 2 InsertByte-Custom-
#6	NEW    cov: 281 ft: 306 corp: 5/9b lim: 4 exec/s: 0 rss: 1209Mb L: 2/2 MS: 2 CopyPart-Custom-
INFO: Instrumented com.fasterxml.jackson.core.io.CharTypes (took 34 ms, size +23%)
INFO: Instrumented com.fasterxml.jackson.core.io.JsonEOFException (took 7 ms, size +33%)
INFO: Instrumented com.fasterxml.jackson.core.json.JsonReadContext (took 49 ms, size +16%)
#11	NEW    cov: 358 ft: 417 corp: 6/13b lim: 4 exec/s: 0 rss: 1236Mb L: 4/4 MS: 10 ChangeByte-Custom-PersAutoDict-Custom-InsertByte-Custom-PersAutoDict-Custom-CrossOver-Custom- DE: "\377\007"-"\377\007"-
#13	NEW    cov: 378 ft: 443 corp: 7/16b lim: 4 exec/s: 0 rss: 1236Mb L: 3/4 MS: 4 ShuffleBytes-Custom-InsertByte-Custom-
#15	NEW    cov: 379 ft: 448 corp: 8/20b lim: 4 exec/s: 0 rss: 1236Mb L: 4/4 MS: 4 InsertByte-Custom-CMP-Custom- DE: "\017\000"-
#16	NEW    cov: 379 ft: 450 corp: 9/23b lim: 4 exec/s: 0 rss: 1236Mb L: 3/4 MS: 2 CopyPart-Custom-
#19	NEW    cov: 385 ft: 456 corp: 10/27b lim: 4 exec/s: 0 rss: 1236Mb L: 4/4 MS: 6 CrossOver-Custom-InsertByte-Custom-ChangeByte-Custom-
#20	NEW    cov: 425 ft: 502 corp: 11/29b lim: 4 exec/s: 0 rss: 1236Mb L: 2/4 MS: 2 EraseBytes-Custom-
#22	NEW    cov: 425 ft: 507 corp: 12/31b lim: 4 exec/s: 0 rss: 1236Mb L: 2/4 MS: 4 ShuffleBytes-Custom-ShuffleBytes-Custom-
#23	NEW    cov: 427 ft: 511 corp: 13/33b lim: 4 exec/s: 0 rss: 1236Mb L: 2/4 MS: 2 ChangeBit-Custom-
INFO: Instrumented com.fasterxml.jackson.core.util.TextBuffer (took 86 ms, size +21%)
#25	NEW    cov: 428 ft: 512 corp: 14/34b lim: 4 exec/s: 0 rss: 1238Mb L: 1/4 MS: 4 ChangeBit-Custom-EraseBytes-Custom-
INFO: Instrumented com.fasterxml.jackson.core.json.ByteSourceJsonBootstrapper (took 32 ms, size +21%)
INFO: New number of coverage counters: 16384
#37	NEW    cov: 476 ft: 569 corp: 15/35b lim: 4 exec/s: 37 rss: 1251Mb L: 1/4 MS: 4 ShuffleBytes-Custom-ChangeByte-Custom-
#38	NEW    cov: 479 ft: 572 corp: 16/36b lim: 4 exec/s: 38 rss: 1251Mb L: 1/4 MS: 2 ChangeBinInt-Custom-
#41	NEW    cov: 481 ft: 574 corp: 17/37b lim: 4 exec/s: 41 rss: 1251Mb L: 1/4 MS: 6 ChangeByte-Custom-ChangeByte-Custom-ChangeByte-Custom-
#45	NEW    cov: 483 ft: 576 corp: 18/41b lim: 4 exec/s: 45 rss: 1251Mb L: 4/4 MS: 8 CopyPart-Custom-ChangeByte-Custom-InsertByte-Custom-InsertByte-Custom-
#48	NEW    cov: 486 ft: 579 corp: 19/45b lim: 4 exec/s: 48 rss: 1251Mb L: 4/4 MS: 6 ChangeBit-Custom-ChangeBit-Custom-ChangeBinInt-Custom-
#49	NEW    cov: 496 ft: 607 corp: 20/46b lim: 4 exec/s: 49 rss: 1251Mb L: 1/4 MS: 2 ChangeByte-Custom-
#50	REDUCE cov: 496 ft: 607 corp: 20/45b lim: 4 exec/s: 50 rss: 1251Mb L: 1/4 MS: 2 EraseBytes-Custom-
#52	NEW    cov: 497 ft: 608 corp: 21/49b lim: 4 exec/s: 52 rss: 1251Mb L: 4/4 MS: 4 CrossOver-Custom-ChangeBit-Custom-
#54	NEW    cov: 497 ft: 625 corp: 22/53b lim: 4 exec/s: 54 rss: 1251Mb L: 4/4 MS: 4 ChangeBinInt-Custom-CrossOver-Custom-
#57	NEW    cov: 502 ft: 630 corp: 23/54b lim: 4 exec/s: 57 rss: 1251Mb L: 1/4 MS: 6 ChangeByte-Custom-ChangeByte-Custom-ChangeBinInt-Custom-
#58	NEW    cov: 503 ft: 631 corp: 24/57b lim: 4 exec/s: 58 rss: 1251Mb L: 3/4 MS: 2 CopyPart-Custom-
#64	NEW    cov: 503 ft: 633 corp: 25/59b lim: 4 exec/s: 64 rss: 1251Mb L: 2/4 MS: 2 PersAutoDict-Custom- DE: "\017\000"-
INFO: Instrumented com.fasterxml.jackson.core.json.UTF8StreamJsonParser (took 199 ms, size +24%)
INFO: Instrumented com.fasterxml.jackson.core.io.MergedStream (took 17 ms, size +27%)
#68	NEW    cov: 503 ft: 637 corp: 26/62b lim: 4 exec/s: 68 rss: 1251Mb L: 3/4 MS: 8 ShuffleBytes-Custom-CrossOver-Custom-PersAutoDict-Custom-CrossOver-Custom- DE: "\017\000"-
#70	NEW    cov: 503 ft: 638 corp: 27/66b lim: 4 exec/s: 70 rss: 1251Mb L: 4/4 MS: 4 CopyPart-Custom-CopyPart-Custom-
#72	NEW    cov: 506 ft: 641 corp: 28/68b lim: 4 exec/s: 72 rss: 1251Mb L: 2/4 MS: 4 EraseBytes-Custom-ChangeByte-Custom-
INFO: #74	NEW    cov: 506 ft: 642 corp: 29/69b lim: 4 exec/s: 74 rss: 1251Mb L: 1/4 MS: 4 ChangeByte-Custom-ChangeBit-Custom-
Instrumented com.fasterxml.jackson.core.io.UTF32Reader (took 8 ms, size +22%)
#76	NEW    cov: 506 ft: 643 corp: 30/72b lim: 4 exec/s: 76 rss: 1251Mb L: 3/4 MS: 4 PersAutoDict-Custom-CopyPart-Custom- DE: "\017\000"-
#78	NEW    cov: 508 ft: 647 corp: 31/74b lim: 4 exec/s: 78 rss: 1251Mb L: 2/4 MS: 4 ChangeByte-Custom-ChangeBinInt-Custom-
#79	NEW    cov: 511 ft: 720 corp: 32/78b lim: 4 exec/s: 79 rss: 1251Mb L: 4/4 MS: 2 ChangeBinInt-Custom-
#86	NEW    cov: 516 ft: 727 corp: 33/80b lim: 4 exec/s: 86 rss: 1251Mb L: 2/4 MS: 4 CopyPart-Custom-ChangeBit-Custom-
#91	NEW    cov: 516 ft: 728 corp: 34/81b lim: 4 exec/s: 91 rss: 1252Mb L: 1/4 MS: 10 ChangeByte-Custom-ChangeBinInt-Custom-ChangeBit-Custom-EraseBytes-Custom-EraseBytes-Custom-
#101	NEW    cov: 550 ft: 766 corp: 35/83b lim: 4 exec/s: 101 rss: 1252Mb L: 2/4 MS: 10 EraseBytes-Custom-ChangeBit-Custom-CrossOver-Custom-CrossOver-Custom-InsertByte-Custom-
#103	NEW    cov: 552 ft: 768 corp: 36/85b lim: 4 exec/s: 103 rss: 1252Mb L: 2/4 MS: 4 ShuffleBytes-Custom-ChangeBit-Custom-
#105	NEW    cov: 553 ft: 769 corp: 37/87b lim: 4 exec/s: 105 rss: 1252Mb L: 2/4 MS: 4 PersAutoDict-Custom-ChangeBit-Custom- DE: "\017\000"-
#107	NEW    cov: 588 ft: 804 corp: 38/90b lim: 4 exec/s: 107 rss: 1252Mb L: 3/4 MS: 4 ChangeBit-Custom-InsertByte-Custom-
#109	NEW    cov: 588 ft: 805 corp: 39/94b lim: 4 exec/s: 109 rss: 1252Mb L: 4/4 MS: 4 PersAutoDict-Custom-CopyPart-Custom- DE: "\017\000"-
#111	NEW    cov: 597 ft: 818 corp: 40/96b lim: 4 exec/s: 111 rss: 1252Mb L: 2/4 MS: 4 EraseBytes-Custom-InsertByte-Custom-
#113	NEW    cov: 599 ft: 820 corp: 41/99b lim: 4 exec/s: 113 rss: 1252Mb L: 3/4 MS: 4 CrossOver-Custom-ChangeBit-Custom-
#115	REDUCE cov: 600 ft: 821 corp: 42/103b lim: 4 exec/s: 115 rss: 1252Mb L: 4/4 MS: 4 PersAutoDict-Custom-InsertByte-Custom- DE: "\377\007"-
#117	NEW    cov: 600 ft: 830 corp: 43/105b lim: 4 exec/s: 117 rss: 1252Mb L: 2/4 MS: 4 EraseBytes-Custom-CopyPart-Custom-
#122	NEW    cov: 603 ft: 833 corp: 44/109b lim: 4 exec/s: 122 rss: 1252Mb L: 4/4 MS: 10 CopyPart-Custom-PersAutoDict-Custom-EraseBytes-Custom-CrossOver-Custom-CrossOver-Custom- DE: "\377\007"-
#123	REDUCE cov: 603 ft: 833 corp: 44/108b lim: 4 exec/s: 123 rss: 1252Mb L: 1/4 MS: 2 EraseBytes-Custom-
#128	NEW    cov: 605 ft: 835 corp: 45/111b lim: 4 exec/s: 128 rss: 1252Mb L: 3/4 MS: 10 InsertByte-Custom-EraseBytes-Custom-ShuffleBytes-Custom-ChangeByte-Custom-ChangeBinInt-Custom-
#133	NEW    cov: 605 ft: 852 corp: 46/115b lim: 4 exec/s: 133 rss: 1252Mb L: 4/4 MS: 10 CopyPart-Custom-EraseBytes-Custom-CopyPart-Custom-ChangeByte-Custom-CopyPart-Custom-
#147	NEW    cov: 606 ft: 853 corp: 47/117b lim: 4 exec/s: 147 rss: 1252Mb L: 2/4 MS: 8 ChangeBit-Custom-CopyPart-Custom-ChangeBit-Custom-CrossOver-Custom-
#151	NEW    cov: 611 ft: 858 corp: 48/119b lim: 4 exec/s: 151 rss: 1252Mb L: 2/4 MS: 8 CrossOver-Custom-ChangeBinInt-Custom-CopyPart-Custom-ChangeByte-Custom-
#159	NEW    cov: 611 ft: 861 corp: 49/123b lim: 4 exec/s: 159 rss: 1252Mb L: 4/4 MS: 6 PersAutoDict-Custom-ChangeBit-Custom-CopyPart-Custom- DE: "\017\000"-
#160	NEW    cov: 611 ft: 862 corp: 50/125b lim: 4 exec/s: 160 rss: 1252Mb L: 2/4 MS: 2 CrossOver-Custom-
#171	NEW    cov: 612 ft: 864 corp: 51/127b lim: 4 exec/s: 171 rss: 1252Mb L: 2/4 MS: 2 InsertByte-Custom-
#173	NEW    cov: 622 ft: 874 corp: 52/129b lim: 4 exec/s: 173 rss: 1252Mb L: 2/4 MS: 4 InsertByte-Custom-ChangeBinInt-Custom-
#174	NEW    cov: 622 ft: 875 corp: 53/133b lim: 4 exec/s: 174 rss: 1252Mb L: 4/4 MS: 2 CrossOver-Custom-
#175	NEW    cov: 639 ft: 920 corp: 54/136b lim: 4 exec/s: 175 rss: 1252Mb L: 3/4 MS: 2 ChangeByte-Custom-
#176	NEW    cov: 643 ft: 925 corp: 55/139b lim: 4 exec/s: 176 rss: 1252Mb L: 3/4 MS: 2 PersAutoDict-Custom- DE: "\377\007"-
#181	NEW    cov: 661 ft: 948 corp: 56/143b lim: 4 exec/s: 181 rss: 1252Mb L: 4/4 MS: 10 ChangeByte-Custom-PersAutoDict-Custom-ChangeBit-Custom-CrossOver-Custom-ChangeByte-Custom- DE: "\017\000"-
#183	NEW    cov: 661 ft: 955 corp: 57/145b lim: 4 exec/s: 183 rss: 1252Mb L: 2/4 MS: 4 EraseBytes-Custom-ChangeByte-Custom-
#192	NEW    cov: 663 ft: 961 corp: 58/147b lim: 4 exec/s: 192 rss: 1252Mb L: 2/4 MS: 8 ChangeBit-Custom-ChangeByte-Custom-CopyPart-Custom-ChangeBinInt-Custom-
#195	NEW    cov: 665 ft: 963 corp: 59/151b lim: 4 exec/s: 195 rss: 1252Mb L: 4/4 MS: 6 ShuffleBytes-Custom-CopyPart-Custom-InsertByte-Custom-
#201	REDUCE cov: 665 ft: 963 corp: 59/150b lim: 4 exec/s: 201 rss: 1252Mb L: 2/4 MS: 2 EraseBytes-Custom-
INFO: #204	NEW    cov: 670 ft: 968 corp: 60/154b lim: 4 exec/s: 204 rss: 1252Mb L: 4/4 MS: 6 ChangeBit-Custom-CopyPart-Custom-ChangeByte-Custom-
Instrumented com.fasterxml.jackson.core.json.PackageVersion (took 3 ms, size +35%)
#209	NEW    cov: 676 ft: 978 corp: 61/158b lim: 4 exec/s: 209 rss: 1252Mb L: 4/4 MS: 10 ChangeByte-Custom-EraseBytes-Custom-ChangeBinInt-Custom-CrossOver-Custom-CopyPart-Custom-
WARN: #211	NEW    cov: 677 ft: 979 corp: 62/161b lim: 4 exec/s: 211 rss: 1252Mb L: 3/4 MS: 4 ChangeByte-Custom-InsertByte-Custom-
Some hooks could not be applied to class files built for Java 7 or lower.
                       Ensure that the fuzz target and its dependencies are compiled with
                       -target 8 or higher to identify as many bugs as possible.
INFO: Instrumented com.fasterxml.jackson.core.util.VersionUtil (took 29 ms, size +22%)
#214	NEW    cov: 678 ft: 980 corp: 63/163b lim: 4 exec/s: 214 rss: 1252Mb L: 2/4 MS: 6 EraseBytes-Custom-CrossOver-Custom-ChangeBinInt-Custom-
#220	NEW    cov: 678 ft: 981 corp: 64/167b lim: 4 exec/s: 220 rss: 1252Mb L: 4/4 MS: 2 CrossOver-Custom-
#250	NEW    cov: 679 ft: 982 corp: 65/169b lim: 4 exec/s: 250 rss: 1252Mb L: 2/4 MS: 10 InsertByte-Custom-PersAutoDict-Custom-EraseBytes-Custom-ShuffleBytes-Custom-CMP-Custom- DE: "\017\000"-"\000\032"-
#261	NEW    cov: 680 ft: 983 corp: 66/171b lim: 4 exec/s: 261 rss: 1252Mb L: 2/4 MS: 2 InsertByte-Custom-
#264	NEW    cov: 682 ft: 985 corp: 67/174b lim: 4 exec/s: 264 rss: 1252Mb L: 3/4 MS: 6 ChangeByte-Custom-ChangeBit-Custom-CopyPart-Custom-
#265	NEW    cov: 682 ft: 987 corp: 68/175b lim: 4 exec/s: 265 rss: 1252Mb L: 1/4 MS: 2 ChangeBit-Custom-
#282	NEW    cov: 682 ft: 989 corp: 69/179b lim: 4 exec/s: 282 rss: 1252Mb L: 4/4 MS: 4 CrossOver-Custom-CopyPart-Custom-
#297	NEW    cov: 683 ft: 990 corp: 70/181b lim: 4 exec/s: 297 rss: 1252Mb L: 2/4 MS: 10 CrossOver-Custom-CrossOver-Custom-ChangeBit-Custom-ChangeBit-Custom-InsertByte-Custom-
#318	REDUCE cov: 683 ft: 990 corp: 70/180b lim: 4 exec/s: 318 rss: 1252Mb L: 1/4 MS: 2 EraseBytes-Custom-
#326	NEW    cov: 687 ft: 994 corp: 71/184b lim: 4 exec/s: 326 rss: 1252Mb L: 4/4 MS: 6 ChangeByte-Custom-CopyPart-Custom-CrossOver-Custom-
#336	NEW    cov: 693 ft: 1000 corp: 72/188b lim: 4 exec/s: 336 rss: 1252Mb L: 4/4 MS: 10 PersAutoDict-Custom-CrossOver-Custom-ChangeBit-Custom-ChangeBit-Custom-ChangeByte-Custom- DE: "\017\000"-
#341	REDUCE cov: 693 ft: 1000 corp: 72/187b lim: 4 exec/s: 341 rss: 1252Mb L: 3/4 MS: 10 ChangeBit-Custom-CopyPart-Custom-ChangeBit-Custom-ChangeBit-Custom-EraseBytes-Custom-
#349	NEW    cov: 693 ft: 1001 corp: 73/191b lim: 4 exec/s: 349 rss: 1252Mb L: 4/4 MS: 6 InsertByte-Custom-ChangeByte-Custom-ShuffleBytes-Custom-
#351	NEW    cov: 693 ft: 1011 corp: 74/193b lim: 4 exec/s: 351 rss: 1252Mb L: 2/4 MS: 4 ChangeBit-Custom-ChangeByte-Custom-
#355	NEW    cov: 693 ft: 1013 corp: 75/197b lim: 4 exec/s: 355 rss: 1252Mb L: 4/4 MS: 8 ChangeBinInt-Custom-ChangeBinInt-Custom-ChangeByte-Custom-ChangeBit-Custom-
#360	REDUCE cov: 693 ft: 1013 corp: 75/195b lim: 4 exec/s: 360 rss: 1252Mb L: 1/4 MS: 10 ChangeASCIIInt-Custom-CrossOver-Custom-ChangeASCIIInt-Custom-PersAutoDict-Custom-CrossOver-Custom- DE: "\377\007"-
#363	NEW    cov: 693 ft: 1062 corp: 76/198b lim: 4 exec/s: 363 rss: 1252Mb L: 3/4 MS: 6 CrossOver-Custom-ChangeBit-Custom-CopyPart-Custom-
#365	NEW    cov: 693 ft: 1065 corp: 77/202b lim: 4 exec/s: 365 rss: 1252Mb L: 4/4 MS: 4 ChangeBinInt-Custom-CopyPart-Custom-
#376	REDUCE cov: 693 ft: 1065 corp: 77/201b lim: 4 exec/s: 376 rss: 1252Mb L: 1/4 MS: 2 EraseBytes-Custom-
#377	NEW    cov: 695 ft: 1067 corp: 78/203b lim: 4 exec/s: 377 rss: 1252Mb L: 2/4 MS: 2 ChangeByte-Custom-
#411	REDUCE cov: 695 ft: 1067 corp: 78/202b lim: 4 exec/s: 411 rss: 1252Mb L: 2/4 MS: 8 PersAutoDict-Custom-ChangeBinInt-Custom-ChangeBit-Custom-EraseBytes-Custom- DE: "\000\032"-
#463	REDUCE cov: 695 ft: 1067 corp: 78/201b lim: 4 exec/s: 463 rss: 1252Mb L: 1/4 MS: 4 ShuffleBytes-Custom-EraseBytes-Custom-
#470	NEW    cov: 695 ft: 1070 corp: 79/205b lim: 4 exec/s: 470 rss: 1252Mb L: 4/4 MS: 4 ChangeByte-Custom-ChangeByte-Custom-
#507	NEW    cov: 695 ft: 1074 corp: 80/209b lim: 4 exec/s: 507 rss: 1252Mb L: 4/4 MS: 4 PersAutoDict-Custom-ChangeByte-Custom- DE: "\377\007"-
#524	NEW    cov: 714 ft: 1093 corp: 81/210b lim: 4 exec/s: 524 rss: 1252Mb L: 1/4 MS: 4 ShuffleBytes-Custom-ChangeByte-Custom-
#525	REDUCE cov: 722 ft: 1101 corp: 82/211b lim: 4 exec/s: 525 rss: 1252Mb L: 1/4 MS: 2 ChangeBit-Custom-
#541	REDUCE cov: 722 ft: 1101 corp: 82/210b lim: 4 exec/s: 541 rss: 1252Mb L: 1/4 MS: 2 EraseBytes-Custom-
#550	REDUCE cov: 725 ft: 1104 corp: 83/214b lim: 4 exec/s: 550 rss: 1252Mb L: 4/4 MS: 8 PersAutoDict-Custom-EraseBytes-Custom-PersAutoDict-Custom-ChangeBit-Custom- DE: "\017\000"-"\017\000"-
#591	REDUCE cov: 725 ft: 1104 corp: 83/213b lim: 4 exec/s: 591 rss: 1252Mb L: 1/4 MS: 2 EraseBytes-Custom-
#608	REDUCE cov: 725 ft: 1105 corp: 84/217b lim: 4 exec/s: 608 rss: 1252Mb L: 4/4 MS: 4 ShuffleBytes-Custom-CopyPart-Custom-
#630	NEW    cov: 726 ft: 1106 corp: 85/221b lim: 4 exec/s: 630 rss: 1252Mb L: 4/4 MS: 4 CopyPart-Custom-ChangeByte-Custom-
#664	REDUCE cov: 726 ft: 1106 corp: 85/220b lim: 4 exec/s: 664 rss: 1252Mb L: 3/4 MS: 8 CopyPart-Custom-ChangeBit-Custom-CopyPart-Custom-EraseBytes-Custom-
#700	NEW    cov: 726 ft: 1122 corp: 86/224b lim: 4 exec/s: 700 rss: 1252Mb L: 4/4 MS: 2 InsertByte-Custom-
#702	NEW    cov: 726 ft: 1145 corp: 87/228b lim: 4 exec/s: 702 rss: 1252Mb L: 4/4 MS: 4 InsertByte-Custom-CopyPart-Custom-
#727	NEW    cov: 727 ft: 1146 corp: 88/232b lim: 4 exec/s: 727 rss: 1252Mb L: 4/4 MS: 10 PersAutoDict-Custom-CopyPart-Custom-CopyPart-Custom-InsertByte-Custom-ChangeByte-Custom- DE: "\377\007"-
#767	REDUCE cov: 727 ft: 1146 corp: 88/231b lim: 4 exec/s: 767 rss: 1252Mb L: 3/4 MS: 10 CMP-Custom-CrossOver-Custom-ChangeByte-Custom-ChangeBinInt-Custom-EraseBytes-Custom- DE: "\001 "-
#819	REDUCE cov: 727 ft: 1163 corp: 89/234b lim: 4 exec/s: 819 rss: 1252Mb L: 3/4 MS: 4 InsertByte-Custom-CopyPart-Custom-
#836	REDUCE cov: 727 ft: 1163 corp: 89/233b lim: 4 exec/s: 836 rss: 1252Mb L: 3/4 MS: 4 CopyPart-Custom-EraseBytes-Custom-
#892	REDUCE cov: 727 ft: 1163 corp: 89/232b lim: 4 exec/s: 892 rss: 1252Mb L: 2/4 MS: 2 EraseBytes-Custom-
#954	NEW    cov: 727 ft: 1166 corp: 90/236b lim: 4 exec/s: 954 rss: 1252Mb L: 4/4 MS: 4 CrossOver-Custom-CrossOver-Custom-
#973	NEW    cov: 729 ft: 1168 corp: 91/237b lim: 4 exec/s: 973 rss: 1252Mb L: 1/4 MS: 8 CopyPart-Custom-ShuffleBytes-Custom-ShuffleBytes-Custom-ChangeBinInt-Custom-
#976	NEW    cov: 729 ft: 1170 corp: 92/241b lim: 4 exec/s: 976 rss: 1252Mb L: 4/4 MS: 6 InsertByte-Custom-ChangeBit-Custom-CopyPart-Custom-
#1025	NEW    cov: 729 ft: 1177 corp: 93/245b lim: 4 exec/s: 1025 rss: 1252Mb L: 4/4 MS: 8 ShuffleBytes-Custom-ChangeBinInt-Custom-CopyPart-Custom-CopyPart-Custom-
#1064	NEW    cov: 729 ft: 1178 corp: 94/248b lim: 4 exec/s: 1064 rss: 1252Mb L: 3/4 MS: 8 CopyPart-Custom-CopyPart-Custom-ChangeByte-Custom-ChangeBinInt-Custom-
#1067	NEW    cov: 729 ft: 1189 corp: 95/252b lim: 4 exec/s: 1067 rss: 1252Mb L: 4/4 MS: 6 ShuffleBytes-Custom-ChangeASCIIInt-Custom-ChangeBinInt-Custom-
#1083	NEW    cov: 729 ft: 1194 corp: 96/256b lim: 4 exec/s: 1083 rss: 1252Mb L: 4/4 MS: 2 CopyPart-Custom-
#1098	NEW    cov: 729 ft: 1195 corp: 97/259b lim: 4 exec/s: 1098 rss: 1252Mb L: 3/4 MS: 10 ChangeBit-Custom-ChangeBinInt-Custom-CrossOver-Custom-EraseBytes-Custom-ChangeBit-Custom-
#1101	NEW    cov: 729 ft: 1196 corp: 98/263b lim: 4 exec/s: 1101 rss: 1252Mb L: 4/4 MS: 6 ShuffleBytes-Custom-ChangeBinInt-Custom-CopyPart-Custom-
#1102	NEW    cov: 729 ft: 1234 corp: 99/266b lim: 4 exec/s: 1102 rss: 1253Mb L: 3/4 MS: 2 CopyPart-Custom-
#1191	NEW    cov: 729 ft: 1250 corp: 100/270b lim: 4 exec/s: 1191 rss: 1253Mb L: 4/4 MS: 8 CopyPart-Custom-ShuffleBytes-Custom-EraseBytes-Custom-CopyPart-Custom-
#1210	REDUCE cov: 729 ft: 1250 corp: 100/269b lim: 4 exec/s: 1210 rss: 1253Mb L: 2/4 MS: 8 PersAutoDict-Custom-ShuffleBytes-Custom-CrossOver-Custom-EraseBytes-Custom- DE: "\000\032"-
#1234	REDUCE cov: 729 ft: 1250 corp: 100/268b lim: 4 exec/s: 1234 rss: 1253Mb L: 1/4 MS: 8 InsertByte-Custom-ChangeBit-Custom-EraseBytes-Custom-EraseBytes-Custom-
#1251	NEW    cov: 729 ft: 1314 corp: 101/272b lim: 4 exec/s: 1251 rss: 1253Mb L: 4/4 MS: 4 InsertByte-Custom-CopyPart-Custom-
#1287	NEW    cov: 729 ft: 1315 corp: 102/276b lim: 4 exec/s: 1287 rss: 1253Mb L: 4/4 MS: 2 CopyPart-Custom-
#1308	REDUCE cov: 729 ft: 1315 corp: 102/275b lim: 4 exec/s: 1308 rss: 1253Mb L: 3/4 MS: 2 EraseBytes-Custom-
#1346	REDUCE cov: 729 ft: 1315 corp: 102/274b lim: 4 exec/s: 1346 rss: 1253Mb L: 1/4 MS: 6 ShuffleBytes-Custom-CrossOver-Custom-EraseBytes-Custom-
#1458	REDUCE cov: 729 ft: 1315 corp: 102/273b lim: 4 exec/s: 1458 rss: 1253Mb L: 1/4 MS: 4 CrossOver-Custom-EraseBytes-Custom-
#1519	REDUCE cov: 729 ft: 1315 corp: 102/272b lim: 4 exec/s: 1519 rss: 1253Mb L: 1/4 MS: 2 EraseBytes-Custom-
#1590	NEW    cov: 729 ft: 1333 corp: 103/276b lim: 4 exec/s: 1590 rss: 1253Mb L: 4/4 MS: 2 PersAutoDict-Custom- DE: "\001 "-
#1612	NEW    cov: 729 ft: 1335 corp: 104/280b lim: 4 exec/s: 1612 rss: 1253Mb L: 4/4 MS: 4 ChangeByte-Custom-ChangeBinInt-Custom-
#1646	REDUCE cov: 729 ft: 1335 corp: 104/279b lim: 4 exec/s: 1646 rss: 1253Mb L: 2/4 MS: 8 CopyPart-Custom-ShuffleBytes-Custom-CrossOver-Custom-EraseBytes-Custom-
#1647	REDUCE cov: 729 ft: 1338 corp: 105/283b lim: 4 exec/s: 1647 rss: 1253Mb L: 4/4 MS: 2 CopyPart-Custom-
#1824	NEW    cov: 729 ft: 1339 corp: 106/287b lim: 4 exec/s: 1824 rss: 1253Mb L: 4/4 MS: 4 ShuffleBytes-Custom-CopyPart-Custom-
#1847	NEW    cov: 729 ft: 1341 corp: 107/290b lim: 4 exec/s: 1847 rss: 1253Mb L: 3/4 MS: 6 ChangeBit-Custom-CopyPart-Custom-CrossOver-Custom-
#1933	REDUCE cov: 729 ft: 1341 corp: 107/289b lim: 4 exec/s: 1933 rss: 1253Mb L: 2/4 MS: 2 EraseBytes-Custom-
#1994	REDUCE cov: 729 ft: 1342 corp: 108/291b lim: 4 exec/s: 1994 rss: 1253Mb L: 2/4 MS: 2 CopyPart-Custom-
#2010	NEW    cov: 729 ft: 1381 corp: 109/295b lim: 4 exec/s: 2010 rss: 1253Mb L: 4/4 MS: 2 CopyPart-Custom-
#2016	REDUCE cov: 729 ft: 1381 corp: 109/294b lim: 4 exec/s: 2016 rss: 1253Mb L: 1/4 MS: 2 EraseBytes-Custom-
#2222	NEW    cov: 735 ft: 1389 corp: 110/300b lim: 6 exec/s: 2222 rss: 1253Mb L: 6/6 MS: 2 CopyPart-Custom-
#2249	NEW    cov: 735 ft: 1390 corp: 111/304b lim: 6 exec/s: 2249 rss: 1253Mb L: 4/6 MS: 4 ChangeByte-Custom-CopyPart-Custom-
#2284	REDUCE cov: 735 ft: 1404 corp: 112/310b lim: 6 exec/s: 2284 rss: 1253Mb L: 6/6 MS: 10 ChangeBinInt-Custom-InsertByte-Custom-CrossOver-Custom-CrossOver-Custom-CopyPart-Custom-
#2327	NEW    cov: 735 ft: 1416 corp: 113/315b lim: 6 exec/s: 2327 rss: 1253Mb L: 5/6 MS: 6 ShuffleBytes-Custom-ShuffleBytes-Custom-InsertRepeatedBytes-Custom-
#2340	REDUCE cov: 735 ft: 1416 corp: 113/314b lim: 6 exec/s: 2340 rss: 1253Mb L: 3/6 MS: 6 CrossOver-Custom-ChangeByte-Custom-EraseBytes-Custom-
#2353	NEW    cov: 735 ft: 1417 corp: 114/318b lim: 6 exec/s: 2353 rss: 1253Mb L: 4/6 MS: 6 ChangeBinInt-Custom-ChangeBinInt-Custom-PersAutoDict-Custom- DE: "\017\000"-
#2406	NEW    cov: 735 ft: 1420 corp: 115/324b lim: 6 exec/s: 2406 rss: 1253Mb L: 6/6 MS: 6 PersAutoDict-Custom-InsertByte-Custom-InsertByte-Custom- DE: "\001 "-
#2436	NEW    cov: 735 ft: 1421 corp: 116/330b lim: 6 exec/s: 2436 rss: 1253Mb L: 6/6 MS: 10 PersAutoDict-Custom-ShuffleBytes-Custom-CrossOver-Custom-ChangeBit-Custom-InsertByte-Custom- DE: "\001 "-
#2440	NEW    cov: 735 ft: 1423 corp: 117/336b lim: 6 exec/s: 2440 rss: 1253Mb L: 6/6 MS: 8 InsertByte-Custom-InsertByte-Custom-CopyPart-Custom-CopyPart-Custom-
#2507	NEW    cov: 735 ft: 1425 corp: 118/341b lim: 6 exec/s: 2507 rss: 1253Mb L: 5/6 MS: 4 ShuffleBytes-Custom-InsertByte-Custom-
#2564	NEW    cov: 735 ft: 1427 corp: 119/345b lim: 6 exec/s: 2564 rss: 1253Mb L: 4/6 MS: 4 ShuffleBytes-Custom-CopyPart-Custom-
#2579	NEW    cov: 735 ft: 1432 corp: 120/350b lim: 6 exec/s: 2579 rss: 1253Mb L: 5/6 MS: 10 ChangeBit-Custom-PersAutoDict-Custom-ChangeBinInt-Custom-EraseBytes-Custom-InsertRepeatedBytes-Custom- DE: "\000\032"-
#2600	NEW    cov: 735 ft: 1435 corp: 121/355b lim: 6 exec/s: 2600 rss: 1253Mb L: 5/6 MS: 2 CopyPart-Custom-
#2646	REDUCE cov: 735 ft: 1436 corp: 122/357b lim: 6 exec/s: 2646 rss: 1253Mb L: 2/6 MS: 2 CopyPart-Custom-
#2707	REDUCE cov: 735 ft: 1436 corp: 122/356b lim: 6 exec/s: 2707 rss: 1253Mb L: 3/6 MS: 2 EraseBytes-Custom-
#2715	NEW    cov: 735 ft: 1438 corp: 123/362b lim: 6 exec/s: 2715 rss: 1253Mb L: 6/6 MS: 6 InsertRepeatedBytes-Custom-ChangeByte-Custom-ChangeBit-Custom-
#2720	REDUCE cov: 735 ft: 1440 corp: 124/367b lim: 6 exec/s: 2720 rss: 1253Mb L: 5/6 MS: 10 CopyPart-Custom-ShuffleBytes-Custom-ShuffleBytes-Custom-PersAutoDict-Custom-InsertRepeatedBytes-Custom- DE: "\001 "-
#2721	NEW    cov: 735 ft: 1442 corp: 125/373b lim: 6 exec/s: 2721 rss: 1253Mb L: 6/6 MS: 2 CopyPart-Custom-
#2879	REDUCE cov: 735 ft: 1442 corp: 125/372b lim: 6 exec/s: 2879 rss: 1253Mb L: 2/6 MS: 6 ChangeByte-Custom-EraseBytes-Custom-ChangeByte-Custom-
#2946	NEW    cov: 735 ft: 1443 corp: 126/378b lim: 6 exec/s: 2946 rss: 1253Mb L: 6/6 MS: 4 CopyPart-Custom-CopyPart-Custom-
#2963	NEW    cov: 735 ft: 1444 corp: 127/383b lim: 6 exec/s: 2963 rss: 1253Mb L: 5/6 MS: 4 ChangeByte-Custom-InsertRepeatedBytes-Custom-
#2984	NEW    cov: 735 ft: 1462 corp: 128/389b lim: 6 exec/s: 2984 rss: 1253Mb L: 6/6 MS: 2 InsertRepeatedBytes-Custom-
#3068	NEW    cov: 735 ft: 1473 corp: 129/395b lim: 6 exec/s: 3068 rss: 1253Mb L: 6/6 MS: 8 CrossOver-Custom-InsertByte-Custom-ChangeBinInt-Custom-CrossOver-Custom-
#3105	REDUCE cov: 735 ft: 1473 corp: 129/394b lim: 6 exec/s: 3105 rss: 1253Mb L: 3/6 MS: 4 PersAutoDict-Custom-EraseBytes-Custom- DE: "\001 "-
#3147	NEW    cov: 735 ft: 1474 corp: 130/400b lim: 6 exec/s: 3147 rss: 1253Mb L: 6/6 MS: 4 InsertRepeatedBytes-Custom-CopyPart-Custom-
#3162	NEW    cov: 735 ft: 1493 corp: 131/406b lim: 6 exec/s: 1581 rss: 1253Mb L: 6/6 MS: 10 CrossOver-Custom-CrossOver-Custom-InsertByte-Custom-InsertRepeatedBytes-Custom-CopyPart-Custom-
#3184	NEW    cov: 736 ft: 1494 corp: 132/411b lim: 6 exec/s: 1592 rss: 1253Mb L: 5/6 MS: 4 ShuffleBytes-Custom-CrossOver-Custom-
#3215	NEW    cov: 736 ft: 1496 corp: 133/416b lim: 6 exec/s: 1607 rss: 1253Mb L: 5/6 MS: 2 CrossOver-Custom-
#3218	NEW    cov: 736 ft: 1502 corp: 134/422b lim: 6 exec/s: 1609 rss: 1253Mb L: 6/6 MS: 6 ChangeByte-Custom-ShuffleBytes-Custom-InsertRepeatedBytes-Custom-
#3224	NEW    cov: 749 ft: 1516 corp: 135/428b lim: 6 exec/s: 1612 rss: 1253Mb L: 6/6 MS: 2 CopyPart-Custom-
#3230	REDUCE cov: 749 ft: 1516 corp: 135/426b lim: 6 exec/s: 1615 rss: 1253Mb L: 2/6 MS: 2 EraseBytes-Custom-
#3233	NEW    cov: 749 ft: 1518 corp: 136/428b lim: 6 exec/s: 1616 rss: 1253Mb L: 2/6 MS: 6 ShuffleBytes-Custom-CopyPart-Custom-CopyPart-Custom-
#3244	NEW    cov: 749 ft: 1535 corp: 137/434b lim: 6 exec/s: 1622 rss: 1253Mb L: 6/6 MS: 2 PersAutoDict-Custom- DE: "\017\000"-
#3249	NEW    cov: 749 ft: 1536 corp: 138/440b lim: 6 exec/s: 1624 rss: 1253Mb L: 6/6 MS: 10 CopyPart-Custom-ChangeByte-Custom-ChangeByte-Custom-ShuffleBytes-Custom-ChangeByte-Custom-
#3283	NEW    cov: 749 ft: 1560 corp: 139/445b lim: 6 exec/s: 1641 rss: 1253Mb L: 5/6 MS: 8 CopyPart-Custom-ChangeByte-Custom-ChangeBit-Custom-CrossOver-Custom-
#3284	REDUCE cov: 749 ft: 1560 corp: 139/444b lim: 6 exec/s: 1642 rss: 1253Mb L: 1/6 MS: 2 CrossOver-Custom-
#3285	NEW    cov: 749 ft: 1561 corp: 140/449b lim: 6 exec/s: 1642 rss: 1253Mb L: 5/6 MS: 2 CrossOver-Custom-
#3316	REDUCE cov: 749 ft: 1562 corp: 141/455b lim: 6 exec/s: 1658 rss: 1253Mb L: 6/6 MS: 2 CopyPart-Custom-
#3382	REDUCE cov: 749 ft: 1562 corp: 141/453b lim: 6 exec/s: 1691 rss: 1253Mb L: 2/6 MS: 2 EraseBytes-Custom-
#3419	REDUCE cov: 749 ft: 1562 corp: 141/452b lim: 6 exec/s: 1709 rss: 1253Mb L: 3/6 MS: 4 ShuffleBytes-Custom-CrossOver-Custom-
#3426	NEW    cov: 749 ft: 1588 corp: 142/458b lim: 6 exec/s: 1713 rss: 1253Mb L: 6/6 MS: 4 CrossOver-Custom-CopyPart-Custom-
#3464	NEW    cov: 749 ft: 1591 corp: 143/464b lim: 6 exec/s: 1732 rss: 1253Mb L: 6/6 MS: 6 CopyPart-Custom-EraseBytes-Custom-InsertRepeatedBytes-Custom-
#3485	REDUCE cov: 749 ft: 1591 corp: 143/463b lim: 6 exec/s: 1742 rss: 1253Mb L: 3/6 MS: 2 CrossOver-Custom-
#3511	NEW    cov: 749 ft: 1592 corp: 144/469b lim: 6 exec/s: 1755 rss: 1253Mb L: 6/6 MS: 2 InsertRepeatedBytes-Custom-
#3536	REDUCE cov: 749 ft: 1598 corp: 145/472b lim: 6 exec/s: 1768 rss: 1253Mb L: 3/6 MS: 10 InsertRepeatedBytes-Custom-CopyPart-Custom-EraseBytes-Custom-ChangeBit-Custom-CopyPart-Custom-
#3555	REDUCE cov: 749 ft: 1599 corp: 146/474b lim: 6 exec/s: 1777 rss: 1253Mb L: 2/6 MS: 8 ChangeBinInt-Custom-ChangeByte-Custom-CopyPart-Custom-CrossOver-Custom-
#3594	NEW    cov: 749 ft: 1605 corp: 147/480b lim: 6 exec/s: 1797 rss: 1253Mb L: 6/6 MS: 8 CrossOver-Custom-CrossOver-Custom-InsertRepeatedBytes-Custom-ChangeBit-Custom-
#3600	NEW    cov: 749 ft: 1606 corp: 148/486b lim: 6 exec/s: 1800 rss: 1253Mb L: 6/6 MS: 2 CopyPart-Custom-
#3617	NEW    cov: 752 ft: 1609 corp: 149/492b lim: 6 exec/s: 1808 rss: 1253Mb L: 6/6 MS: 4 ChangeByte-Custom-ChangeBinInt-Custom-
#3644	NEW    cov: 752 ft: 1613 corp: 150/496b lim: 6 exec/s: 1822 rss: 1253Mb L: 4/6 MS: 4 CopyPart-Custom-ChangeBinInt-Custom-
#3657	REDUCE cov: 755 ft: 1616 corp: 151/502b lim: 6 exec/s: 1828 rss: 1253Mb L: 6/6 MS: 6 ShuffleBytes-Custom-InsertRepeatedBytes-Custom-InsertByte-Custom-
#3680	NEW    cov: 756 ft: 1617 corp: 152/505b lim: 6 exec/s: 1840 rss: 1253Mb L: 3/6 MS: 6 EraseBytes-Custom-ShuffleBytes-Custom-ChangeBit-Custom-
#3731	NEW    cov: 756 ft: 1621 corp: 153/511b lim: 6 exec/s: 1865 rss: 1253Mb L: 6/6 MS: 2 ChangeBit-Custom-
#3938	REDUCE cov: 756 ft: 1625 corp: 154/518b lim: 8 exec/s: 1969 rss: 1253Mb L: 7/7 MS: 4 PersAutoDict-Custom-InsertRepeatedBytes-Custom- DE: "\001 "-
#3944	REDUCE cov: 756 ft: 1625 corp: 154/517b lim: 8 exec/s: 1972 rss: 1253Mb L: 1/7 MS: 2 EraseBytes-Custom-
#3951	NEW    cov: 756 ft: 1626 corp: 155/523b lim: 8 exec/s: 1975 rss: 1253Mb L: 6/7 MS: 4 CrossOver-Custom-ChangeBinInt-Custom-
#3958	NEW    cov: 756 ft: 1628 corp: 156/530b lim: 8 exec/s: 1979 rss: 1253Mb L: 7/7 MS: 4 CrossOver-Custom-InsertByte-Custom-
#3960	NEW    cov: 756 ft: 1632 corp: 157/538b lim: 8 exec/s: 1980 rss: 1253Mb L: 8/8 MS: 4 CopyPart-Custom-ChangeBit-Custom-
#4010	NEW    cov: 756 ft: 1649 corp: 158/546b lim: 8 exec/s: 2005 rss: 1253Mb L: 8/8 MS: 10 ChangeByte-Custom-ChangeByte-Custom-CopyPart-Custom-ChangeBinInt-Custom-CopyPart-Custom-
#4041	NEW    cov: 756 ft: 1657 corp: 159/554b lim: 8 exec/s: 2020 rss: 1253Mb L: 8/8 MS: 2 CrossOver-Custom-
#4091	NEW    cov: 756 ft: 1658 corp: 160/560b lim: 8 exec/s: 2045 rss: 1253Mb L: 6/8 MS: 10 ShuffleBytes-Custom-EraseBytes-Custom-CopyPart-Custom-ChangeBit-Custom-InsertRepeatedBytes-Custom-
#4096	pulse  cov: 756 ft: 1658 corp: 160/560b lim: 8 exec/s: 2048 rss: 1253Mb
#4120	NEW    cov: 756 ft: 1667 corp: 161/566b lim: 8 exec/s: 2060 rss: 1253Mb L: 6/8 MS: 8 ShuffleBytes-Custom-ShuffleBytes-Custom-ChangeByte-Custom-PersAutoDict-Custom- DE: "\377\007"-
#4203	NEW    cov: 756 ft: 1668 corp: 162/571b lim: 8 exec/s: 2101 rss: 1253Mb L: 5/8 MS: 6 InsertByte-Custom-ShuffleBytes-Custom-CopyPart-Custom-
#4214	REDUCE cov: 756 ft: 1668 corp: 162/570b lim: 8 exec/s: 2107 rss: 1253Mb L: 5/8 MS: 2 EraseBytes-Custom-
#4365	NEW    cov: 756 ft: 1671 corp: 163/577b lim: 8 exec/s: 2182 rss: 1253Mb L: 7/8 MS: 2 InsertByte-Custom-
#4566	NEW    cov: 756 ft: 1706 corp: 164/583b lim: 8 exec/s: 2283 rss: 1254Mb L: 6/8 MS: 2 ChangeBinInt-Custom-
#4586	NEW    cov: 756 ft: 1707 corp: 165/591b lim: 8 exec/s: 2293 rss: 1254Mb L: 8/8 MS: 10 ChangeByte-Custom-PersAutoDict-Custom-ChangeBit-Custom-InsertRepeatedBytes-Custom-ChangeBinInt-Custom- DE: "\377\007"-
#4590	NEW    cov: 756 ft: 1708 corp: 166/598b lim: 8 exec/s: 2295 rss: 1254Mb L: 7/8 MS: 8 ShuffleBytes-Custom-ChangeBit-Custom-ChangeBinInt-Custom-InsertRepeatedBytes-Custom-
#4602	REDUCE cov: 756 ft: 1708 corp: 166/596b lim: 8 exec/s: 2301 rss: 1254Mb L: 3/8 MS: 4 ChangeByte-Custom-EraseBytes-Custom-
#4607	REDUCE cov: 756 ft: 1710 corp: 167/604b lim: 8 exec/s: 2303 rss: 1254Mb L: 8/8 MS: 10 PersAutoDict-Custom-ShuffleBytes-Custom-CrossOver-Custom-ChangeByte-Custom-InsertRepeatedBytes-Custom- DE: "\377\007"-
#4635	NEW    cov: 756 ft: 1711 corp: 168/611b lim: 8 exec/s: 2317 rss: 1254Mb L: 7/8 MS: 6 PersAutoDict-Custom-ShuffleBytes-Custom-InsertByte-Custom- DE: "\377\007"-
#4642	REDUCE cov: 756 ft: 1713 corp: 169/618b lim: 8 exec/s: 2321 rss: 1254Mb L: 7/8 MS: 4 CopyPart-Custom-InsertRepeatedBytes-Custom-
#4783	REDUCE cov: 756 ft: 1713 corp: 169/617b lim: 8 exec/s: 2391 rss: 1254Mb L: 2/8 MS: 2 EraseBytes-Custom-
#4834	NEW    cov: 757 ft: 1714 corp: 170/621b lim: 8 exec/s: 2417 rss: 1254Mb L: 4/8 MS: 2 InsertByte-Custom-
#4866	NEW    cov: 757 ft: 1716 corp: 171/627b lim: 8 exec/s: 2433 rss: 1254Mb L: 6/8 MS: 4 ChangeByte-Custom-ChangeBinInt-Custom-
#4893	REDUCE cov: 757 ft: 1716 corp: 171/626b lim: 8 exec/s: 2446 rss: 1254Mb L: 3/8 MS: 4 ShuffleBytes-Custom-EraseBytes-Custom-
#4918	REDUCE cov: 757 ft: 1718 corp: 172/634b lim: 8 exec/s: 2459 rss: 1254Mb L: 8/8 MS: 10 ChangeBit-Custom-ChangeBit-Custom-InsertRepeatedBytes-Custom-ChangeBit-Custom-ShuffleBytes-Custom-
#4984	REDUCE cov: 758 ft: 1719 corp: 173/637b lim: 8 exec/s: 2492 rss: 1254Mb L: 3/8 MS: 2 CMP-Custom- DE: "\000\223"-
#5005	NEW    cov: 758 ft: 1720 corp: 174/643b lim: 8 exec/s: 2502 rss: 1254Mb L: 6/8 MS: 2 ChangeBit-Custom-
#5068	NEW    cov: 759 ft: 1721 corp: 175/651b lim: 8 exec/s: 2534 rss: 1254Mb L: 8/8 MS: 6 PersAutoDict-Custom-InsertRepeatedBytes-Custom-InsertByte-Custom- DE: "\000\223"-
#5081	NEW    cov: 759 ft: 1722 corp: 176/656b lim: 8 exec/s: 2540 rss: 1254Mb L: 5/8 MS: 6 ShuffleBytes-Custom-InsertRepeatedBytes-Custom-InsertByte-Custom-
#5133	NEW    cov: 759 ft: 1746 corp: 177/664b lim: 8 exec/s: 2566 rss: 1254Mb L: 8/8 MS: 4 ChangeBinInt-Custom-CopyPart-Custom-
#5138	NEW    cov: 759 ft: 1753 corp: 178/672b lim: 8 exec/s: 2569 rss: 1254Mb L: 8/8 MS: 10 CopyPart-Custom-EraseBytes-Custom-CopyPart-Custom-EraseBytes-Custom-InsertRepeatedBytes-Custom-
#5189	NEW    cov: 759 ft: 1755 corp: 179/680b lim: 8 exec/s: 2594 rss: 1254Mb L: 8/8 MS: 2 InsertRepeatedBytes-Custom-
#5209	NEW    cov: 759 ft: 1756 corp: 180/684b lim: 8 exec/s: 2604 rss: 1254Mb L: 4/8 MS: 10 PersAutoDict-Custom-CrossOver-Custom-PersAutoDict-Custom-ChangeByte-Custom-PersAutoDict-Custom- DE: "\017\000"-"\000\032"-"\000\223"-
#5311	REDUCE cov: 759 ft: 1757 corp: 181/690b lim: 8 exec/s: 2655 rss: 1254Mb L: 6/8 MS: 4 PersAutoDict-Custom-CopyPart-Custom- DE: "\017\000"-
#5369	REDUCE cov: 759 ft: 1757 corp: 181/689b lim: 8 exec/s: 2684 rss: 1254Mb L: 5/8 MS: 6 PersAutoDict-Custom-CopyPart-Custom-CrossOver-Custom- DE: "\017\000"-
#5492	NEW    cov: 759 ft: 1765 corp: 182/697b lim: 8 exec/s: 2746 rss: 1254Mb L: 8/8 MS: 6 ShuffleBytes-Custom-ChangeByte-Custom-InsertRepeatedBytes-Custom-
#5504	REDUCE cov: 759 ft: 1766 corp: 183/703b lim: 8 exec/s: 2752 rss: 1254Mb L: 6/8 MS: 4 ChangeBit-Custom-InsertRepeatedBytes-Custom-
#5541	NEW    cov: 759 ft: 1767 corp: 184/711b lim: 8 exec/s: 2770 rss: 1254Mb L: 8/8 MS: 4 PersAutoDict-Custom-ChangeByte-Custom- DE: "\000\223"-
#5580	NEW    cov: 759 ft: 1768 corp: 185/717b lim: 8 exec/s: 2790 rss: 1254Mb L: 6/8 MS: 8 PersAutoDict-Custom-PersAutoDict-Custom-CrossOver-Custom-ShuffleBytes-Custom- DE: "\000\032"-"\000\223"-
#5607	NEW    cov: 759 ft: 1776 corp: 186/723b lim: 8 exec/s: 2803 rss: 1254Mb L: 6/8 MS: 4 InsertRepeatedBytes-Custom-InsertByte-Custom-
#5626	NEW    cov: 759 ft: 1781 corp: 187/731b lim: 8 exec/s: 2813 rss: 1254Mb L: 8/8 MS: 8 ChangeASCIIInt-Custom-InsertByte-Custom-ChangeASCIIInt-Custom-InsertRepeatedBytes-Custom-
#5628	REDUCE cov: 759 ft: 1781 corp: 187/730b lim: 8 exec/s: 2814 rss: 1254Mb L: 7/8 MS: 4 ChangeBit-Custom-EraseBytes-Custom-
#5689	NEW    cov: 759 ft: 1786 corp: 188/738b lim: 8 exec/s: 2844 rss: 1254Mb L: 8/8 MS: 2 ChangeBinInt-Custom-
#5785	REDUCE cov: 759 ft: 1786 corp: 188/737b lim: 8 exec/s: 2892 rss: 1254Mb L: 7/8 MS: 2 EraseBytes-Custom-
#5812	REDUCE cov: 759 ft: 1786 corp: 188/736b lim: 8 exec/s: 2906 rss: 1254Mb L: 6/8 MS: 4 ChangeBinInt-Custom-EraseBytes-Custom-
#5878	REDUCE cov: 759 ft: 1786 corp: 188/735b lim: 8 exec/s: 2939 rss: 1254Mb L: 1/8 MS: 2 EraseBytes-Custom-
#5986	NEW    cov: 759 ft: 1791 corp: 189/742b lim: 8 exec/s: 2993 rss: 1254Mb L: 7/8 MS: 6 CopyPart-Custom-ShuffleBytes-Custom-CopyPart-Custom-
#5990	REDUCE cov: 760 ft: 1792 corp: 190/748b lim: 8 exec/s: 2995 rss: 1254Mb L: 6/8 MS: 8 InsertByte-Custom-PersAutoDict-Custom-ChangeByte-Custom-PersAutoDict-Custom- DE: "\000\032"-"\000\223"-
#5996	NEW    cov: 760 ft: 1794 corp: 191/756b lim: 8 exec/s: 2998 rss: 1254Mb L: 8/8 MS: 2 CopyPart-Custom-
#6207	REDUCE cov: 760 ft: 1794 corp: 191/755b lim: 8 exec/s: 3103 rss: 1254Mb L: 2/8 MS: 2 EraseBytes-Custom-
#6369	REDUCE cov: 760 ft: 1794 corp: 191/754b lim: 8 exec/s: 3184 rss: 1254Mb L: 1/8 MS: 4 ShuffleBytes-Custom-EraseBytes-Custom-
#6390	REDUCE cov: 760 ft: 1794 corp: 191/753b lim: 8 exec/s: 3195 rss: 1254Mb L: 7/8 MS: 2 EraseBytes-Custom-
#6433	REDUCE cov: 760 ft: 1795 corp: 192/760b lim: 8 exec/s: 3216 rss: 1254Mb L: 7/8 MS: 6 ChangeBit-Custom-ChangeByte-Custom-InsertRepeatedBytes-Custom-
#6786	REDUCE cov: 760 ft: 1795 corp: 192/759b lim: 11 exec/s: 3393 rss: 1254Mb L: 5/8 MS: 6 ChangeBinInt-Custom-InsertByte-Custom-EraseBytes-Custom-
#6832	REDUCE cov: 760 ft: 1795 corp: 192/757b lim: 11 exec/s: 3416 rss: 1254Mb L: 2/8 MS: 2 EraseBytes-Custom-
#7119	REDUCE cov: 760 ft: 1795 corp: 192/756b lim: 11 exec/s: 3559 rss: 1262Mb L: 2/8 MS: 4 ShuffleBytes-Custom-EraseBytes-Custom-
#7205	REDUCE cov: 760 ft: 1795 corp: 192/755b lim: 11 exec/s: 3602 rss: 1265Mb L: 3/8 MS: 2 EraseBytes-Custom-
#7225	NEW    cov: 760 ft: 1797 corp: 193/763b lim: 11 exec/s: 3612 rss: 1266Mb L: 8/8 MS: 10 ChangeBit-Custom-ShuffleBytes-Custom-CrossOver-Custom-ChangeBit-Custom-CrossOver-Custom-
#7392	NEW    cov: 760 ft: 1798 corp: 194/769b lim: 11 exec/s: 3696 rss: 1273Mb L: 6/8 MS: 4 InsertByte-Custom-ChangeByte-Custom-
#7656	NEW    cov: 760 ft: 1807 corp: 195/773b lim: 11 exec/s: 3828 rss: 1277Mb L: 4/8 MS: 8 InsertByte-Custom-PersAutoDict-Custom-CopyPart-Custom-ChangeBit-Custom- DE: "\377\007"-
#7944	REDUCE cov: 760 ft: 1807 corp: 195/772b lim: 11 exec/s: 3972 rss: 1277Mb L: 3/8 MS: 6 ChangeByte-Custom-CrossOver-Custom-EraseBytes-Custom-
#8080	REDUCE cov: 760 ft: 1807 corp: 195/771b lim: 11 exec/s: 4040 rss: 1277Mb L: 1/8 MS: 2 EraseBytes-Custom-
#8096	NEW    cov: 760 ft: 1808 corp: 196/774b lim: 11 exec/s: 4048 rss: 1277Mb L: 3/8 MS: 2 CopyPart-Custom-
#8174	NEW    cov: 760 ft: 1811 corp: 197/784b lim: 11 exec/s: 4087 rss: 1277Mb L: 10/10 MS: 6 InsertRepeatedBytes-Custom-ChangeByte-Custom-ChangeBit-Custom-
#8192	pulse  cov: 760 ft: 1811 corp: 197/784b lim: 11 exec/s: 4096 rss: 1277Mb
#8200	REDUCE cov: 760 ft: 1811 corp: 197/783b lim: 11 exec/s: 4100 rss: 1277Mb L: 3/10 MS: 2 EraseBytes-Custom-
#8259	NEW    cov: 760 ft: 1812 corp: 198/793b lim: 11 exec/s: 4129 rss: 1277Mb L: 10/10 MS: 8 InsertRepeatedBytes-Custom-EraseBytes-Custom-CrossOver-Custom-CrossOver-Custom-
#8322	NEW    cov: 760 ft: 1813 corp: 199/803b lim: 11 exec/s: 4161 rss: 1277Mb L: 10/10 MS: 6 InsertRepeatedBytes-Custom-ChangeByte-Custom-CrossOver-Custom-
#8415	REDUCE cov: 760 ft: 1813 corp: 199/801b lim: 11 exec/s: 4207 rss: 1277Mb L: 8/10 MS: 6 ChangeByte-Custom-CopyPart-Custom-EraseBytes-Custom-
#8440	NEW    cov: 760 ft: 1816 corp: 200/811b lim: 11 exec/s: 4220 rss: 1277Mb L: 10/10 MS: 10 ChangeBit-Custom-PersAutoDict-Custom-CMP-Custom-CrossOver-Custom-CopyPart-Custom- DE: "\001 "-"\001\000\000\001"-
#8469	NEW    cov: 760 ft: 1830 corp: 201/819b lim: 11 exec/s: 4234 rss: 1277Mb L: 8/10 MS: 8 CopyPart-Custom-ShuffleBytes-Custom-CopyPart-Custom-CopyPart-Custom-
#8500	NEW    cov: 760 ft: 1832 corp: 202/829b lim: 11 exec/s: 4250 rss: 1277Mb L: 10/10 MS: 2 CopyPart-Custom-
#8511	NEW    cov: 760 ft: 1834 corp: 203/838b lim: 11 exec/s: 4255 rss: 1277Mb L: 9/10 MS: 2 InsertByte-Custom-
#8670	NEW    cov: 760 ft: 1836 corp: 204/846b lim: 11 exec/s: 4335 rss: 1277Mb L: 8/10 MS: 8 CopyPart-Custom-ChangeBinInt-Custom-ChangeBit-Custom-CopyPart-Custom-
#8693	REDUCE cov: 760 ft: 1836 corp: 204/845b lim: 11 exec/s: 4346 rss: 1277Mb L: 3/10 MS: 6 CopyPart-Custom-EraseBytes-Custom-CrossOver-Custom-
#8744	REDUCE cov: 760 ft: 1855 corp: 205/854b lim: 11 exec/s: 4372 rss: 1277Mb L: 9/10 MS: 2 InsertRepeatedBytes-Custom-
#8800	NEW    cov: 760 ft: 1856 corp: 206/865b lim: 11 exec/s: 4400 rss: 1277Mb L: 11/11 MS: 2 InsertRepeatedBytes-Custom-
#8816	NEW    cov: 760 ft: 1859 corp: 207/876b lim: 11 exec/s: 4408 rss: 1277Mb L: 11/11 MS: 2 CrossOver-Custom-
#8952	NEW    cov: 760 ft: 1860 corp: 208/887b lim: 11 exec/s: 4476 rss: 1277Mb L: 11/11 MS: 2 InsertByte-Custom-
#8973	REDUCE cov: 760 ft: 1860 corp: 208/886b lim: 11 exec/s: 4486 rss: 1277Mb L: 10/11 MS: 2 EraseBytes-Custom-
#8995	REDUCE cov: 760 ft: 1860 corp: 208/885b lim: 11 exec/s: 4497 rss: 1277Mb L: 5/11 MS: 4 InsertRepeatedBytes-Custom-EraseBytes-Custom-
#8996	REDUCE cov: 760 ft: 1860 corp: 208/884b lim: 11 exec/s: 4498 rss: 1277Mb L: 5/11 MS: 2 EraseBytes-Custom-
#9182	REDUCE cov: 760 ft: 1860 corp: 208/883b lim: 11 exec/s: 4591 rss: 1277Mb L: 3/11 MS: 2 EraseBytes-Custom-
#9233	REDUCE cov: 760 ft: 1860 corp: 208/882b lim: 11 exec/s: 4616 rss: 1277Mb L: 3/11 MS: 2 EraseBytes-Custom-
#9283	NEW    cov: 760 ft: 1862 corp: 209/892b lim: 11 exec/s: 4641 rss: 1277Mb L: 10/11 MS: 10 CopyPart-Custom-ChangeByte-Custom-EraseBytes-Custom-InsertRepeatedBytes-Custom-CrossOver-Custom-
#9299	REDUCE cov: 760 ft: 1946 corp: 210/903b lim: 11 exec/s: 4649 rss: 1277Mb L: 11/11 MS: 2 CopyPart-Custom-
#9438	REDUCE cov: 760 ft: 1946 corp: 210/901b lim: 11 exec/s: 4719 rss: 1277Mb L: 6/11 MS: 8 InsertByte-Custom-ChangeBinInt-Custom-ChangeByte-Custom-EraseBytes-Custom-
#9589	REDUCE cov: 760 ft: 1946 corp: 210/900b lim: 11 exec/s: 4794 rss: 1277Mb L: 5/11 MS: 2 CrossOver-Custom-
#9605	REDUCE cov: 760 ft: 1946 corp: 210/899b lim: 11 exec/s: 4802 rss: 1277Mb L: 6/11 MS: 2 EraseBytes-Custom-
#9641	REDUCE cov: 760 ft: 1964 corp: 211/910b lim: 11 exec/s: 4820 rss: 1277Mb L: 11/11 MS: 2 InsertRepeatedBytes-Custom-
#9662	NEW    cov: 760 ft: 1972 corp: 212/920b lim: 11 exec/s: 4831 rss: 1277Mb L: 10/11 MS: 2 CopyPart-Custom-
#9833	NEW    cov: 760 ft: 1974 corp: 213/928b lim: 11 exec/s: 4916 rss: 1277Mb L: 8/11 MS: 2 CopyPart-Custom-
#9848	NEW    cov: 760 ft: 1975 corp: 214/939b lim: 11 exec/s: 4924 rss: 1277Mb L: 11/11 MS: 10 PersAutoDict-Custom-CMP-Custom-EraseBytes-Custom-CrossOver-Custom-InsertRepeatedBytes-Custom- DE: "\000\032"-"\036\377\000\035"-
#10179	NEW    cov: 760 ft: 1976 corp: 215/943b lim: 14 exec/s: 5089 rss: 1277Mb L: 4/11 MS: 2 ChangeBinInt-Custom-
#10197	REDUCE cov: 760 ft: 1976 corp: 215/942b lim: 14 exec/s: 5098 rss: 1277Mb L: 8/11 MS: 6 ChangeByte-Custom-EraseBytes-Custom-ChangeBinInt-Custom-
#10221	REDUCE cov: 760 ft: 2002 corp: 216/955b lim: 14 exec/s: 5110 rss: 1277Mb L: 13/13 MS: 8 ChangeBit-Custom-InsertByte-Custom-PersAutoDict-Custom-InsertRepeatedBytes-Custom- DE: "\001 "-
#10232	REDUCE cov: 760 ft: 2002 corp: 216/954b lim: 14 exec/s: 5116 rss: 1277Mb L: 3/13 MS: 2 EraseBytes-Custom-
#10408	NEW    cov: 760 ft: 2003 corp: 217/965b lim: 14 exec/s: 5204 rss: 1277Mb L: 11/13 MS: 2 InsertRepeatedBytes-Custom-
#10494	REDUCE cov: 760 ft: 2003 corp: 217/964b lim: 14 exec/s: 5247 rss: 1277Mb L: 3/13 MS: 2 EraseBytes-Custom-
#10680	REDUCE cov: 760 ft: 2003 corp: 217/963b lim: 14 exec/s: 5340 rss: 1277Mb L: 2/13 MS: 2 EraseBytes-Custom-
#10763	REDUCE cov: 760 ft: 2003 corp: 217/962b lim: 14 exec/s: 5381 rss: 1277Mb L: 5/13 MS: 6 EraseBytes-Custom-ChangeBinInt-Custom-InsertByte-Custom-
#10838	REDUCE cov: 760 ft: 2003 corp: 217/961b lim: 14 exec/s: 5419 rss: 1277Mb L: 3/13 MS: 10 ShuffleBytes-Custom-InsertByte-Custom-ChangeBit-Custom-EraseBytes-Custom-ShuffleBytes-Custom-
#10884	REDUCE cov: 760 ft: 2003 corp: 217/960b lim: 14 exec/s: 5442 rss: 1277Mb L: 5/13 MS: 2 EraseBytes-Custom-
#11110	REDUCE cov: 760 ft: 2003 corp: 217/959b lim: 14 exec/s: 5555 rss: 1277Mb L: 2/13 MS: 2 EraseBytes-Custom-
#11171	REDUCE cov: 760 ft: 2003 corp: 217/958b lim: 14 exec/s: 5585 rss: 1277Mb L: 9/13 MS: 2 EraseBytes-Custom-
#11179	NEW    cov: 760 ft: 2006 corp: 218/970b lim: 14 exec/s: 5589 rss: 1277Mb L: 12/13 MS: 6 ChangeBinInt-Custom-ChangeByte-Custom-InsertRepeatedBytes-Custom-
#11198	NEW    cov: 760 ft: 2009 corp: 219/983b lim: 14 exec/s: 5599 rss: 1277Mb L: 13/13 MS: 8 InsertRepeatedBytes-Custom-ShuffleBytes-Custom-CopyPart-Custom-ChangeByte-Custom-
#11301	REDUCE cov: 760 ft: 2009 corp: 219/982b lim: 14 exec/s: 5650 rss: 1277Mb L: 2/13 MS: 6 EraseBytes-Custom-EraseBytes-Custom-CopyPart-Custom-
#11528	REDUCE cov: 760 ft: 2009 corp: 219/981b lim: 14 exec/s: 5764 rss: 1278Mb L: 9/13 MS: 4 ShuffleBytes-Custom-EraseBytes-Custom-
#11593	NEW    cov: 760 ft: 2010 corp: 220/995b lim: 14 exec/s: 5796 rss: 1278Mb L: 14/14 MS: 10 ChangeBinInt-Custom-PersAutoDict-Custom-CrossOver-Custom-InsertRepeatedBytes-Custom-CopyPart-Custom- DE: "\017\000"-
#11664	REDUCE cov: 760 ft: 2010 corp: 220/994b lim: 14 exec/s: 5832 rss: 1278Mb L: 9/14 MS: 2 EraseBytes-Custom-
#11720	REDUCE cov: 760 ft: 2010 corp: 220/993b lim: 14 exec/s: 5860 rss: 1278Mb L: 10/14 MS: 2 CrossOver-Custom-
#11733	NEW    cov: 760 ft: 2067 corp: 221/1005b lim: 14 exec/s: 5866 rss: 1278Mb L: 12/14 MS: 6 CopyPart-Custom-ChangeBinInt-Custom-InsertRepeatedBytes-Custom-
#11912	NEW    cov: 760 ft: 2069 corp: 222/1017b lim: 14 exec/s: 3970 rss: 1278Mb L: 12/14 MS: 8 InsertRepeatedBytes-Custom-ChangeBit-Custom-ChangeBit-Custom-CopyPart-Custom-
#12281	NEW    cov: 760 ft: 2071 corp: 223/1033b lim: 17 exec/s: 4093 rss: 1278Mb L: 16/16 MS: 8 CrossOver-Custom-CMP-Custom-ChangeBit-Custom-CopyPart-Custom- DE: "\377\377\377\377\377\377\377\377"-
#12579	NEW    cov: 760 ft: 2072 corp: 224/1043b lim: 17 exec/s: 4193 rss: 1278Mb L: 10/16 MS: 6 CMP-Custom-CrossOver-Custom-CrossOver-Custom- DE: "\001\000\000\000\000\000\000\000"-
#12595	REDUCE cov: 760 ft: 2072 corp: 224/1042b lim: 17 exec/s: 4198 rss: 1278Mb L: 2/16 MS: 2 EraseBytes-Custom-
#12621	REDUCE cov: 760 ft: 2073 corp: 225/1058b lim: 17 exec/s: 4207 rss: 1278Mb L: 16/16 MS: 2 InsertRepeatedBytes-Custom-
#12660	REDUCE cov: 760 ft: 2074 corp: 226/1075b lim: 17 exec/s: 4220 rss: 1278Mb L: 17/17 MS: 8 CrossOver-Custom-ChangeByte-Custom-CrossOver-Custom-CrossOver-Custom-
#12662	REDUCE cov: 760 ft: 2074 corp: 226/1074b lim: 17 exec/s: 4220 rss: 1278Mb L: 5/17 MS: 4 EraseBytes-Custom-PersAutoDict-Custom- DE: "\000\032"-
#12708	REDUCE cov: 760 ft: 2074 corp: 226/1071b lim: 17 exec/s: 4236 rss: 1278Mb L: 11/17 MS: 2 EraseBytes-Custom-
#12734	NEW    cov: 760 ft: 2075 corp: 227/1084b lim: 17 exec/s: 4244 rss: 1278Mb L: 13/17 MS: 2 InsertRepeatedBytes-Custom-
#12812	REDUCE cov: 760 ft: 2081 corp: 228/1099b lim: 17 exec/s: 4270 rss: 1278Mb L: 15/17 MS: 6 InsertByte-Custom-PersAutoDict-Custom-InsertRepeatedBytes-Custom- DE: "\000\223"-
#12813	REDUCE cov: 760 ft: 2081 corp: 228/1098b lim: 17 exec/s: 4271 rss: 1278Mb L: 1/17 MS: 2 EraseBytes-Custom-
#12834	REDUCE cov: 760 ft: 2081 corp: 228/1097b lim: 17 exec/s: 4278 rss: 1278Mb L: 3/17 MS: 2 EraseBytes-Custom-
#12870	REDUCE cov: 760 ft: 2081 corp: 228/1094b lim: 17 exec/s: 4290 rss: 1278Mb L: 9/17 MS: 2 EraseBytes-Custom-
#12893	NEW    cov: 760 ft: 2084 corp: 229/1109b lim: 17 exec/s: 4297 rss: 1278Mb L: 15/17 MS: 6 ChangeBinInt-Custom-CopyPart-Custom-ChangeBinInt-Custom-
#12994	NEW    cov: 760 ft: 2085 corp: 230/1124b lim: 17 exec/s: 4331 rss: 1278Mb L: 15/17 MS: 2 InsertRepeatedBytes-Custom-
#13013	REDUCE cov: 760 ft: 2086 corp: 231/1141b lim: 17 exec/s: 4337 rss: 1278Mb L: 17/17 MS: 8 ChangeByte-Custom-ChangeBinInt-Custom-ChangeBinInt-Custom-InsertRepeatedBytes-Custom-
#13138	NEW    cov: 760 ft: 2087 corp: 232/1154b lim: 17 exec/s: 4379 rss: 1278Mb L: 13/17 MS: 10 ChangeByte-Custom-InsertByte-Custom-ShuffleBytes-Custom-CMP-Custom-CopyPart-Custom- DE: "\000\000\000\000"-
#13149	NEW    cov: 760 ft: 2089 corp: 233/1169b lim: 17 exec/s: 4383 rss: 1278Mb L: 15/17 MS: 2 CrossOver-Custom-
#13176	NEW    cov: 760 ft: 2092 corp: 234/1183b lim: 17 exec/s: 4392 rss: 1278Mb L: 14/17 MS: 4 ChangeBit-Custom-CopyPart-Custom-
#13257	REDUCE cov: 760 ft: 2092 corp: 234/1182b lim: 17 exec/s: 4419 rss: 1278Mb L: 3/17 MS: 2 EraseBytes-Custom-
#13342	REDUCE cov: 760 ft: 2092 corp: 234/1181b lim: 17 exec/s: 4447 rss: 1278Mb L: 11/17 MS: 10 InsertByte-Custom-CMP-Custom-PersAutoDict-Custom-PersAutoDict-Custom-EraseBytes-Custom- DE: "\001\002"-"\001 "-"\001 "-
#13487	REDUCE cov: 760 ft: 2103 corp: 235/1197b lim: 17 exec/s: 4495 rss: 1278Mb L: 16/17 MS: 10 ShuffleBytes-Custom-ChangeByte-Custom-ShuffleBytes-Custom-InsertRepeatedBytes-Custom-CopyPart-Custom-
#13633	REDUCE cov: 760 ft: 2103 corp: 235/1195b lim: 17 exec/s: 4544 rss: 1278Mb L: 5/17 MS: 2 EraseBytes-Custom-
#13733	NEW    cov: 760 ft: 2105 corp: 236/1209b lim: 17 exec/s: 4577 rss: 1278Mb L: 14/17 MS: 10 InsertByte-Custom-ChangeByte-Custom-EraseBytes-Custom-ChangeBinInt-Custom-InsertRepeatedBytes-Custom-
#13808	REDUCE cov: 760 ft: 2105 corp: 236/1207b lim: 17 exec/s: 4602 rss: 1278Mb L: 9/17 MS: 10 PersAutoDict-Custom-CopyPart-Custom-ChangeBit-Custom-ShuffleBytes-Custom-EraseBytes-Custom- DE: "\377\007"-
#14065	REDUCE cov: 760 ft: 2106 corp: 237/1224b lim: 17 exec/s: 4688 rss: 1278Mb L: 17/17 MS: 4 ChangeBit-Custom-InsertRepeatedBytes-Custom-
#14072	REDUCE cov: 760 ft: 2106 corp: 237/1220b lim: 17 exec/s: 4690 rss: 1278Mb L: 9/17 MS: 4 ChangeBinInt-Custom-EraseBytes-Custom-
#14198	REDUCE cov: 760 ft: 2106 corp: 237/1219b lim: 17 exec/s: 4732 rss: 1278Mb L: 1/17 MS: 2 EraseBytes-Custom-
#14210	REDUCE cov: 760 ft: 2107 corp: 238/1231b lim: 17 exec/s: 4736 rss: 1278Mb L: 12/17 MS: 4 EraseBytes-Custom-InsertRepeatedBytes-Custom-
#14361	REDUCE cov: 760 ft: 2108 corp: 239/1240b lim: 17 exec/s: 4787 rss: 1278Mb L: 9/17 MS: 2 ShuffleBytes-Custom-
#14607	REDUCE cov: 760 ft: 2108 corp: 239/1239b lim: 17 exec/s: 4869 rss: 1278Mb L: 5/17 MS: 2 EraseBytes-Custom-
#14664	REDUCE cov: 760 ft: 2110 corp: 240/1252b lim: 17 exec/s: 4888 rss: 1278Mb L: 13/17 MS: 4 InsertRepeatedBytes-Custom-ShuffleBytes-Custom-
#14696	REDUCE cov: 760 ft: 2110 corp: 240/1250b lim: 17 exec/s: 4898 rss: 1278Mb L: 15/17 MS: 4 CopyPart-Custom-EraseBytes-Custom-
#14732	NEW    cov: 760 ft: 2113 corp: 241/1266b lim: 17 exec/s: 4910 rss: 1278Mb L: 16/17 MS: 2 InsertRepeatedBytes-Custom-
#14763	REDUCE cov: 760 ft: 2113 corp: 241/1264b lim: 17 exec/s: 4921 rss: 1278Mb L: 11/17 MS: 2 EraseBytes-Custom-
#14870	NEW    cov: 760 ft: 2115 corp: 242/1280b lim: 17 exec/s: 4956 rss: 1278Mb L: 16/17 MS: 4 ChangeBinInt-Custom-InsertRepeatedBytes-Custom-
INFO: Instrumented com.fasterxml.jackson.core.json.DupDetector (took 7 ms, size +38%)
#15166	REDUCE cov: 760 ft: 2115 corp: 242/1278b lim: 17 exec/s: 5055 rss: 1278Mb L: 8/17 MS: 2 EraseBytes-Custom-
#15900	NEW    cov: 760 ft: 2117 corp: 243/1297b lim: 21 exec/s: 5300 rss: 1278Mb L: 19/19 MS: 8 EraseBytes-Custom-ShuffleBytes-Custom-InsertRepeatedBytes-Custom-CopyPart-Custom-
#15997	REDUCE cov: 760 ft: 2117 corp: 243/1296b lim: 21 exec/s: 5332 rss: 1278Mb L: 2/19 MS: 4 InsertByte-Custom-EraseBytes-Custom-
#16056	REDUCE cov: 760 ft: 2117 corp: 243/1295b lim: 21 exec/s: 5352 rss: 1278Mb L: 2/19 MS: 8 PersAutoDict-Custom-EraseBytes-Custom-EraseBytes-Custom-EraseBytes-Custom- DE: "\000\223"-
#16093	REDUCE cov: 760 ft: 2117 corp: 243/1294b lim: 21 exec/s: 5364 rss: 1278Mb L: 7/19 MS: 4 InsertRepeatedBytes-Custom-EraseBytes-Custom-
#16215	NEW    cov: 760 ft: 2118 corp: 244/1308b lim: 21 exec/s: 5405 rss: 1278Mb L: 14/19 MS: 4 PersAutoDict-Custom-InsertRepeatedBytes-Custom- DE: "\017\000"-
#16384	pulse  cov: 760 ft: 2118 corp: 244/1308b lim: 21 exec/s: 5461 rss: 1278Mb
#16500	NEW    cov: 760 ft: 2140 corp: 245/1328b lim: 21 exec/s: 5500 rss: 1278Mb L: 20/20 MS: 10 ChangeByte-Custom-EraseBytes-Custom-ChangeBit-Custom-ChangeByte-Custom-InsertRepeatedBytes-Custom-
#16515	REDUCE cov: 760 ft: 2141 corp: 246/1346b lim: 21 exec/s: 5505 rss: 1278Mb L: 18/20 MS: 10 CMP-Custom-CopyPart-Custom-PersAutoDict-Custom-CopyPart-Custom-CopyPart-Custom- DE: "?\000"-"\000\223"-
#16569	REDUCE cov: 760 ft: 2143 corp: 247/1358b lim: 21 exec/s: 5523 rss: 1278Mb L: 12/20 MS: 8 EraseBytes-Custom-ChangeBit-Custom-ShuffleBytes-Custom-InsertRepeatedBytes-Custom-
#16578	REDUCE cov: 760 ft: 2143 corp: 247/1357b lim: 21 exec/s: 5526 rss: 1278Mb L: 1/20 MS: 8 ShuffleBytes-Custom-InsertByte-Custom-EraseBytes-Custom-EraseBytes-Custom-
#16824	REDUCE cov: 760 ft: 2143 corp: 247/1356b lim: 21 exec/s: 5608 rss: 1278Mb L: 5/20 MS: 2 EraseBytes-Custom-
#17152	NEW    cov: 760 ft: 2144 corp: 248/1374b lim: 21 exec/s: 5717 rss: 1278Mb L: 18/20 MS: 6 ShuffleBytes-Custom-ChangeBit-Custom-CMP-Custom- DE: "\001\000"-
#17164	REDUCE cov: 760 ft: 2145 corp: 249/1390b lim: 21 exec/s: 5721 rss: 1278Mb L: 16/20 MS: 4 CopyPart-Custom-InsertRepeatedBytes-Custom-
#17263	REDUCE cov: 760 ft: 2147 corp: 250/1411b lim: 21 exec/s: 5754 rss: 1278Mb L: 21/21 MS: 8 ChangeBit-Custom-ChangeBinInt-Custom-ChangeBit-Custom-InsertRepeatedBytes-Custom-
#17337	REDUCE cov: 760 ft: 2147 corp: 250/1410b lim: 21 exec/s: 5779 rss: 1279Mb L: 4/21 MS: 8 ChangeBinInt-Custom-EraseBytes-Custom-CopyPart-Custom-CopyPart-Custom-
#17366	NEW    cov: 760 ft: 2148 corp: 251/1423b lim: 21 exec/s: 5788 rss: 1279Mb L: 13/21 MS: 8 CrossOver-Custom-CrossOver-Custom-ChangeBit-Custom-CrossOver-Custom-
#17395	NEW    cov: 760 ft: 2150 corp: 252/1441b lim: 21 exec/s: 5798 rss: 1279Mb L: 18/21 MS: 8 CrossOver-Custom-InsertRepeatedBytes-Custom-CrossOver-Custom-CopyPart-Custom-
#17426	REDUCE cov: 760 ft: 2150 corp: 252/1440b lim: 21 exec/s: 5808 rss: 1279Mb L: 15/21 MS: 2 EraseBytes-Custom-
#17454	REDUCE cov: 760 ft: 2151 corp: 253/1460b lim: 21 exec/s: 5818 rss: 1279Mb L: 20/21 MS: 6 ShuffleBytes-Custom-ShuffleBytes-Custom-InsertRepeatedBytes-Custom-
#17535	REDUCE cov: 760 ft: 2151 corp: 253/1459b lim: 21 exec/s: 5845 rss: 1279Mb L: 2/21 MS: 2 EraseBytes-Custom-
#17755	REDUCE cov: 760 ft: 2152 corp: 254/1479b lim: 21 exec/s: 5918 rss: 1279Mb L: 20/21 MS: 10 CopyPart-Custom-ShuffleBytes-Custom-ChangeByte-Custom-EraseBytes-Custom-InsertRepeatedBytes-Custom-
#17817	NEW    cov: 760 ft: 2153 corp: 255/1495b lim: 21 exec/s: 5939 rss: 1279Mb L: 16/21 MS: 4 InsertRepeatedBytes-Custom-EraseBytes-Custom-
#17855	REDUCE cov: 760 ft: 2153 corp: 255/1494b lim: 21 exec/s: 5951 rss: 1279Mb L: 7/21 MS: 6 CopyPart-Custom-PersAutoDict-Custom-EraseBytes-Custom- DE: "?\000"-
#18160	REDUCE cov: 760 ft: 2153 corp: 255/1489b lim: 21 exec/s: 6053 rss: 1279Mb L: 12/21 MS: 10 ChangeByte-Custom-ChangeByte-Custom-CopyPart-Custom-ChangeBit-Custom-EraseBytes-Custom-
#18208	REDUCE cov: 760 ft: 2153 corp: 255/1488b lim: 21 exec/s: 6069 rss: 1279Mb L: 4/21 MS: 6 InsertByte-Custom-EraseBytes-Custom-EraseBytes-Custom-
#18320	REDUCE cov: 760 ft: 2153 corp: 255/1482b lim: 21 exec/s: 6106 rss: 1279Mb L: 10/21 MS: 4 ShuffleBytes-Custom-CrossOver-Custom-
#18576	REDUCE cov: 760 ft: 2153 corp: 255/1481b lim: 21 exec/s: 6192 rss: 1279Mb L: 17/21 MS: 2 EraseBytes-Custom-
#18634	REDUCE cov: 760 ft: 2153 corp: 255/1479b lim: 21 exec/s: 6211 rss: 1279Mb L: 4/21 MS: 6 ChangeBinInt-Custom-ChangeByte-Custom-EraseBytes-Custom-
#18767	NEW    cov: 760 ft: 2156 corp: 256/1498b lim: 21 exec/s: 6255 rss: 1279Mb L: 19/21 MS: 6 EraseBytes-Custom-CopyPart-Custom-InsertRepeatedBytes-Custom-
#19008	REDUCE cov: 760 ft: 2156 corp: 256/1497b lim: 21 exec/s: 6336 rss: 1279Mb L: 7/21 MS: 2 EraseBytes-Custom-
#19189	REDUCE cov: 760 ft: 2156 corp: 256/1495b lim: 21 exec/s: 6396 rss: 1279Mb L: 14/21 MS: 2 EraseBytes-Custom-
#19314	NEW    cov: 760 ft: 2157 corp: 257/1508b lim: 21 exec/s: 6438 rss: 1279Mb L: 13/21 MS: 10 EraseBytes-Custom-CrossOver-Custom-CrossOver-Custom-ShuffleBytes-Custom-CrossOver-Custom-
#19537	NEW    cov: 760 ft: 2174 corp: 258/1526b lim: 21 exec/s: 6512 rss: 1279Mb L: 18/21 MS: 6 ChangeBit-Custom-ShuffleBytes-Custom-InsertRepeatedBytes-Custom-
#19664	REDUCE cov: 760 ft: 2174 corp: 258/1525b lim: 21 exec/s: 6554 rss: 1279Mb L: 19/21 MS: 4 CopyPart-Custom-EraseBytes-Custom-
#19786	REDUCE cov: 760 ft: 2174 corp: 258/1524b lim: 21 exec/s: 6595 rss: 1279Mb L: 10/21 MS: 4 CopyPart-Custom-EraseBytes-Custom-
#20200	REDUCE cov: 760 ft: 2175 corp: 259/1541b lim: 25 exec/s: 6733 rss: 1279Mb L: 17/21 MS: 8 ShuffleBytes-Custom-ShuffleBytes-Custom-ChangeBit-Custom-InsertRepeatedBytes-Custom-
#20272	NEW    cov: 760 ft: 2176 corp: 260/1556b lim: 25 exec/s: 6757 rss: 1279Mb L: 15/21 MS: 4 EraseBytes-Custom-InsertRepeatedBytes-Custom-
#20648	NEW    cov: 760 ft: 2177 corp: 261/1575b lim: 25 exec/s: 6882 rss: 1279Mb L: 19/21 MS: 2 InsertRepeatedBytes-Custom-
#20654	REDUCE cov: 760 ft: 2177 corp: 261/1574b lim: 25 exec/s: 6884 rss: 1279Mb L: 2/21 MS: 2 EraseBytes-Custom-
#20856	REDUCE cov: 760 ft: 2177 corp: 261/1571b lim: 25 exec/s: 6952 rss: 1279Mb L: 5/21 MS: 4 ChangeBit-Custom-EraseBytes-Custom-
#20978	REDUCE cov: 760 ft: 2177 corp: 261/1570b lim: 25 exec/s: 6992 rss: 1279Mb L: 14/21 MS: 4 InsertByte-Custom-EraseBytes-Custom-
#21041	NEW    cov: 762 ft: 2179 corp: 262/1580b lim: 25 exec/s: 7013 rss: 1279Mb L: 10/21 MS: 6 InsertRepeatedBytes-Custom-ChangeBit-Custom-CopyPart-Custom-
#21274	REDUCE cov: 762 ft: 2179 corp: 262/1579b lim: 25 exec/s: 7091 rss: 1279Mb L: 5/21 MS: 6 EraseBytes-Custom-CopyPart-Custom-CopyPart-Custom-
#21810	REDUCE cov: 762 ft: 2179 corp: 262/1578b lim: 29 exec/s: 7270 rss: 1279Mb L: 1/21 MS: 2 EraseBytes-Custom-
#21911	REDUCE cov: 762 ft: 2179 corp: 262/1577b lim: 29 exec/s: 7303 rss: 1279Mb L: 3/21 MS: 2 EraseBytes-Custom-
#22221	REDUCE cov: 762 ft: 2179 corp: 262/1576b lim: 29 exec/s: 7407 rss: 1279Mb L: 7/21 MS: 10 InsertByte-Custom-CopyPart-Custom-PersAutoDict-Custom-ChangeByte-Custom-EraseBytes-Custom- DE: "\000\032"-
#22237	REDUCE cov: 762 ft: 2179 corp: 262/1572b lim: 29 exec/s: 7412 rss: 1279Mb L: 4/21 MS: 2 EraseBytes-Custom-
#22298	REDUCE cov: 762 ft: 2182 corp: 263/1600b lim: 29 exec/s: 7432 rss: 1279Mb L: 28/28 MS: 2 InsertRepeatedBytes-Custom-
#22364	REDUCE cov: 762 ft: 2182 corp: 263/1599b lim: 29 exec/s: 7454 rss: 1279Mb L: 4/28 MS: 2 EraseBytes-Custom-
#22433	NEW    cov: 762 ft: 2183 corp: 264/1621b lim: 29 exec/s: 7477 rss: 1279Mb L: 22/28 MS: 8 ShuffleBytes-Custom-ChangeByte-Custom-ChangeByte-Custom-InsertRepeatedBytes-Custom-
#22611	REDUCE cov: 762 ft: 2183 corp: 264/1617b lim: 29 exec/s: 7537 rss: 1279Mb L: 24/24 MS: 6 CrossOver-Custom-ChangeBinInt-Custom-EraseBytes-Custom-
#22618	REDUCE cov: 762 ft: 2183 corp: 264/1614b lim: 29 exec/s: 7539 rss: 1279Mb L: 12/24 MS: 4 PersAutoDict-Custom-EraseBytes-Custom- DE: "\000\223"-
#22980	NEW    cov: 762 ft: 2222 corp: 265/1642b lim: 29 exec/s: 7660 rss: 1279Mb L: 28/28 MS: 4 ShuffleBytes-Custom-InsertRepeatedBytes-Custom-
#23103	REDUCE cov: 762 ft: 2222 corp: 265/1637b lim: 29 exec/s: 7701 rss: 1279Mb L: 23/24 MS: 6 ChangeByte-Custom-ChangeByte-Custom-EraseBytes-Custom-
#23262	REDUCE cov: 762 ft: 2222 corp: 265/1636b lim: 29 exec/s: 7754 rss: 1279Mb L: 2/24 MS: 8 EraseBytes-Custom-CrossOver-Custom-ChangeByte-Custom-EraseBytes-Custom-
#23318	REDUCE cov: 762 ft: 2222 corp: 265/1633b lim: 29 exec/s: 7772 rss: 1279Mb L: 16/24 MS: 2 EraseBytes-Custom-
#23478	REDUCE cov: 762 ft: 2222 corp: 265/1632b lim: 29 exec/s: 7826 rss: 1279Mb L: 1/24 MS: 10 ShuffleBytes-Custom-ChangeByte-Custom-CopyPart-Custom-ShuffleBytes-Custom-EraseBytes-Custom-
#23504	REDUCE cov: 762 ft: 2222 corp: 265/1629b lim: 29 exec/s: 7834 rss: 1279Mb L: 16/24 MS: 2 EraseBytes-Custom-
#23574	NEW    cov: 762 ft: 2224 corp: 266/1641b lim: 29 exec/s: 7858 rss: 1279Mb L: 12/24 MS: 10 ShuffleBytes-Custom-ChangeBinInt-Custom-ChangeBinInt-Custom-ChangeBit-Custom-InsertRepeatedBytes-Custom-
#23821	REDUCE cov: 762 ft: 2224 corp: 266/1638b lim: 29 exec/s: 7940 rss: 1279Mb L: 15/24 MS: 4 ChangeByte-Custom-EraseBytes-Custom-
#24309	REDUCE cov: 762 ft: 2224 corp: 266/1637b lim: 33 exec/s: 8103 rss: 1279Mb L: 5/24 MS: 6 PersAutoDict-Custom-InsertByte-Custom-EraseBytes-Custom- DE: "\000\032"-
#24444	REDUCE cov: 762 ft: 2224 corp: 266/1633b lim: 33 exec/s: 8148 rss: 1279Mb L: 12/24 MS: 10 ChangeBit-Custom-PersAutoDict-Custom-ChangeBinInt-Custom-ChangeBit-Custom-CrossOver-Custom- DE: "\001 "-
#24486	REDUCE cov: 762 ft: 2224 corp: 266/1632b lim: 33 exec/s: 8162 rss: 1279Mb L: 7/24 MS: 4 ChangeBinInt-Custom-EraseBytes-Custom-
#24489	REDUCE cov: 762 ft: 2224 corp: 266/1631b lim: 33 exec/s: 8163 rss: 1279Mb L: 2/24 MS: 6 CopyPart-Custom-ChangeBinInt-Custom-EraseBytes-Custom-
#24653	REDUCE cov: 762 ft: 2224 corp: 266/1630b lim: 33 exec/s: 8217 rss: 1279Mb L: 9/24 MS: 8 InsertRepeatedBytes-Custom-ShuffleBytes-Custom-CrossOver-Custom-CopyPart-Custom-
#24711	REDUCE cov: 765 ft: 2227 corp: 267/1635b lim: 33 exec/s: 8237 rss: 1279Mb L: 5/24 MS: 6 ChangeBit-Custom-ChangeBit-Custom-PersAutoDict-Custom- DE: "\036\377\000\035"-
#24819	REDUCE cov: 765 ft: 2227 corp: 267/1634b lim: 33 exec/s: 8273 rss: 1279Mb L: 11/24 MS: 6 InsertByte-Custom-ChangeBinInt-Custom-EraseBytes-Custom-
#24900	REDUCE cov: 765 ft: 2227 corp: 267/1629b lim: 33 exec/s: 8300 rss: 1279Mb L: 11/24 MS: 2 EraseBytes-Custom-
#25056	REDUCE cov: 765 ft: 2227 corp: 267/1628b lim: 33 exec/s: 8352 rss: 1279Mb L: 10/24 MS: 2 EraseBytes-Custom-
#25098	REDUCE cov: 765 ft: 2227 corp: 267/1627b lim: 33 exec/s: 8366 rss: 1279Mb L: 9/24 MS: 4 CrossOver-Custom-EraseBytes-Custom-
#25250	REDUCE cov: 765 ft: 2229 corp: 268/1648b lim: 33 exec/s: 8416 rss: 1279Mb L: 21/24 MS: 4 InsertByte-Custom-InsertRepeatedBytes-Custom-
#25342	REDUCE cov: 765 ft: 2229 corp: 268/1647b lim: 33 exec/s: 8447 rss: 1279Mb L: 1/24 MS: 4 ShuffleBytes-Custom-EraseBytes-Custom-
#25373	REDUCE cov: 765 ft: 2229 corp: 268/1646b lim: 33 exec/s: 8457 rss: 1279Mb L: 8/24 MS: 2 EraseBytes-Custom-
#25427	REDUCE cov: 765 ft: 2229 corp: 268/1639b lim: 33 exec/s: 8475 rss: 1279Mb L: 10/24 MS: 8 ChangeBinInt-Custom-CMP-Custom-ShuffleBytes-Custom-CrossOver-Custom- DE: "\377\377\377\003"-
#25758	REDUCE cov: 765 ft: 2229 corp: 268/1638b lim: 33 exec/s: 8586 rss: 1279Mb L: 23/23 MS: 2 EraseBytes-Custom-
#25879	REDUCE cov: 765 ft: 2229 corp: 268/1637b lim: 33 exec/s: 8626 rss: 1279Mb L: 4/23 MS: 2 EraseBytes-Custom-
#25985	REDUCE cov: 765 ft: 2229 corp: 268/1636b lim: 33 exec/s: 8661 rss: 1279Mb L: 1/23 MS: 2 EraseBytes-Custom-
#26276	NEW    cov: 765 ft: 2231 corp: 269/1663b lim: 33 exec/s: 8758 rss: 1279Mb L: 27/27 MS: 2 InsertRepeatedBytes-Custom-
#26742	REDUCE cov: 765 ft: 2231 corp: 269/1660b lim: 33 exec/s: 8914 rss: 1279Mb L: 14/27 MS: 2 EraseBytes-Custom-
#26807	REDUCE cov: 765 ft: 2231 corp: 269/1659b lim: 33 exec/s: 8935 rss: 1279Mb L: 22/27 MS: 10 ShuffleBytes-Custom-PersAutoDict-Custom-ChangeBinInt-Custom-ShuffleBytes-Custom-EraseBytes-Custom- DE: "\001\002"-
#26920	REDUCE cov: 765 ft: 2231 corp: 269/1658b lim: 33 exec/s: 8973 rss: 1279Mb L: 13/27 MS: 6 CopyPart-Custom-ShuffleBytes-Custom-EraseBytes-Custom-
#26966	REDUCE cov: 765 ft: 2235 corp: 270/1685b lim: 33 exec/s: 8988 rss: 1279Mb L: 27/27 MS: 2 InsertRepeatedBytes-Custom-
#27140	REDUCE cov: 765 ft: 2235 corp: 270/1684b lim: 33 exec/s: 9046 rss: 1279Mb L: 22/27 MS: 8 PersAutoDict-Custom-ShuffleBytes-Custom-ChangeBit-Custom-EraseBytes-Custom- DE: "?\000"-
#27374	NEW    cov: 765 ft: 2237 corp: 271/1707b lim: 33 exec/s: 9124 rss: 1279Mb L: 23/27 MS: 8 InsertByte-Custom-EraseBytes-Custom-ShuffleBytes-Custom-InsertRepeatedBytes-Custom-
#27855	REDUCE cov: 765 ft: 2237 corp: 271/1706b lim: 33 exec/s: 9285 rss: 1279Mb L: 3/27 MS: 2 EraseBytes-Custom-
#28173	REDUCE cov: 765 ft: 2237 corp: 271/1705b lim: 33 exec/s: 9391 rss: 1279Mb L: 3/27 MS: 6 ChangeByte-Custom-ChangeBit-Custom-EraseBytes-Custom-
#28329	REDUCE cov: 765 ft: 2237 corp: 271/1704b lim: 33 exec/s: 9443 rss: 1279Mb L: 5/27 MS: 2 EraseBytes-Custom-
#28472	REDUCE cov: 765 ft: 2237 corp: 271/1703b lim: 33 exec/s: 9490 rss: 1279Mb L: 6/27 MS: 6 CopyPart-Custom-EraseBytes-Custom-ChangeBit-Custom-
#28798	REDUCE cov: 765 ft: 2237 corp: 271/1702b lim: 33 exec/s: 9599 rss: 1279Mb L: 26/27 MS: 2 EraseBytes-Custom-
#28897	NEW    cov: 765 ft: 2242 corp: 272/1725b lim: 33 exec/s: 9632 rss: 1279Mb L: 23/27 MS: 8 ChangeBinInt-Custom-ChangeBit-Custom-ChangeByte-Custom-InsertRepeatedBytes-Custom-
#29367	REDUCE cov: 765 ft: 2242 corp: 272/1724b lim: 33 exec/s: 9789 rss: 1279Mb L: 3/27 MS: 10 ChangeBit-Custom-ChangeASCIIInt-Custom-EraseBytes-Custom-ChangeByte-Custom-ChangeBinInt-Custom-
#29584	REDUCE cov: 765 ft: 2242 corp: 272/1721b lim: 33 exec/s: 9861 rss: 1279Mb L: 6/27 MS: 4 ChangeByte-Custom-EraseBytes-Custom-
#29710	REDUCE cov: 765 ft: 2242 corp: 272/1718b lim: 33 exec/s: 9903 rss: 1279Mb L: 12/27 MS: 2 EraseBytes-Custom-
#29762	REDUCE cov: 765 ft: 2242 corp: 272/1717b lim: 33 exec/s: 9920 rss: 1279Mb L: 12/27 MS: 4 InsertByte-Custom-EraseBytes-Custom-
#30066	REDUCE cov: 765 ft: 2243 corp: 273/1733b lim: 33 exec/s: 10022 rss: 1279Mb L: 16/27 MS: 8 InsertByte-Custom-PersAutoDict-Custom-InsertByte-Custom-InsertRepeatedBytes-Custom- DE: "?\000"-
#30359	NEW    cov: 765 ft: 2244 corp: 274/1761b lim: 33 exec/s: 10119 rss: 1279Mb L: 28/28 MS: 6 CrossOver-Custom-InsertRepeatedBytes-Custom-CrossOver-Custom-
#30485	REDUCE cov: 765 ft: 2244 corp: 274/1758b lim: 33 exec/s: 10161 rss: 1279Mb L: 12/28 MS: 2 EraseBytes-Custom-
#30947	REDUCE cov: 765 ft: 2244 corp: 274/1757b lim: 33 exec/s: 10315 rss: 1279Mb L: 15/28 MS: 4 CopyPart-Custom-EraseBytes-Custom-
#31480	NEW    cov: 765 ft: 2254 corp: 275/1790b lim: 38 exec/s: 10493 rss: 1279Mb L: 33/33 MS: 6 InsertRepeatedBytes-Custom-ChangeBit-Custom-CrossOver-Custom-
#31684	REDUCE cov: 765 ft: 2272 corp: 276/1828b lim: 38 exec/s: 10561 rss: 1279Mb L: 38/38 MS: 8 CMP-Custom-CrossOver-Custom-PersAutoDict-Custom-InsertRepeatedBytes-Custom- DE: "\001;\260\352"-"\377\377\377\377\377\377\377\377"-
#31757	REDUCE cov: 765 ft: 2272 corp: 276/1822b lim: 38 exec/s: 10585 rss: 1279Mb L: 27/38 MS: 6 ChangeByte-Custom-CrossOver-Custom-CopyPart-Custom-
#31775	NEW    cov: 765 ft: 2275 corp: 277/1859b lim: 38 exec/s: 10591 rss: 1279Mb L: 37/38 MS: 6 PersAutoDict-Custom-CopyPart-Custom-InsertRepeatedBytes-Custom- DE: "\377\377\377\003"-
#31816	REDUCE cov: 765 ft: 2275 corp: 277/1858b lim: 38 exec/s: 10605 rss: 1279Mb L: 5/38 MS: 2 EraseBytes-Custom-
#31894	NEW    cov: 766 ft: 2276 corp: 278/1867b lim: 38 exec/s: 10631 rss: 1279Mb L: 9/38 MS: 6 ShuffleBytes-Custom-ShuffleBytes-Custom-EraseBytes-Custom-
#31945	REDUCE cov: 766 ft: 2276 corp: 278/1866b lim: 38 exec/s: 10648 rss: 1279Mb L: 13/38 MS: 2 EraseBytes-Custom-
#32041	REDUCE cov: 766 ft: 2276 corp: 278/1864b lim: 38 exec/s: 10680 rss: 1279Mb L: 3/38 MS: 2 EraseBytes-Custom-
#32160	NEW    cov: 766 ft: 2277 corp: 279/1880b lim: 38 exec/s: 10720 rss: 1279Mb L: 16/38 MS: 8 ChangeBinInt-Custom-ChangeASCIIInt-Custom-ChangeBit-Custom-CopyPart-Custom-
#32757	REDUCE cov: 766 ft: 2277 corp: 279/1879b lim: 43 exec/s: 10919 rss: 1279Mb L: 9/38 MS: 4 EraseBytes-Custom-ChangeByte-Custom-
#32768	pulse  cov: 766 ft: 2277 corp: 279/1879b lim: 43 exec/s: 10922 rss: 1279Mb
#32800	REDUCE cov: 766 ft: 2277 corp: 279/1877b lim: 43 exec/s: 10933 rss: 1279Mb L: 8/38 MS: 6 CrossOver-Custom-CopyPart-Custom-EraseBytes-Custom-
#32829	NEW    cov: 766 ft: 2278 corp: 280/1891b lim: 43 exec/s: 10943 rss: 1279Mb L: 14/38 MS: 8 CrossOver-Custom-ChangeBit-Custom-ChangeBinInt-Custom-CrossOver-Custom-
#32845	REDUCE cov: 766 ft: 2278 corp: 280/1889b lim: 43 exec/s: 10948 rss: 1279Mb L: 18/38 MS: 2 EraseBytes-Custom-
#33012	REDUCE cov: 766 ft: 2278 corp: 280/1888b lim: 43 exec/s: 11004 rss: 1279Mb L: 4/38 MS: 4 ShuffleBytes-Custom-EraseBytes-Custom-
#33399	REDUCE cov: 766 ft: 2278 corp: 280/1887b lim: 43 exec/s: 11133 rss: 1279Mb L: 6/38 MS: 4 InsertByte-Custom-EraseBytes-Custom-
#33430	NEW    cov: 766 ft: 2295 corp: 281/1929b lim: 43 exec/s: 11143 rss: 1279Mb L: 42/42 MS: 2 InsertRepeatedBytes-Custom-
#33493	REDUCE cov: 766 ft: 2295 corp: 281/1928b lim: 43 exec/s: 11164 rss: 1279Mb L: 1/42 MS: 6 ShuffleBytes-Custom-ShuffleBytes-Custom-EraseBytes-Custom-
#33515	NEW    cov: 766 ft: 2300 corp: 282/1970b lim: 43 exec/s: 11171 rss: 1279Mb L: 42/42 MS: 4 CrossOver-Custom-InsertRepeatedBytes-Custom-
#33528	REDUCE cov: 766 ft: 2304 corp: 283/2013b lim: 43 exec/s: 11176 rss: 1279Mb L: 43/43 MS: 6 InsertRepeatedBytes-Custom-CrossOver-Custom-InsertRepeatedBytes-Custom-
#33529	REDUCE cov: 766 ft: 2304 corp: 283/2010b lim: 43 exec/s: 11176 rss: 1279Mb L: 10/43 MS: 2 EraseBytes-Custom-
#33578	REDUCE cov: 766 ft: 2313 corp: 284/2053b lim: 43 exec/s: 11192 rss: 1279Mb L: 43/43 MS: 8 ChangeByte-Custom-PersAutoDict-Custom-ChangeByte-Custom-InsertRepeatedBytes-Custom- DE: "\000\223"-
#33619	REDUCE cov: 766 ft: 2313 corp: 284/2050b lim: 43 exec/s: 11206 rss: 1279Mb L: 10/43 MS: 2 EraseBytes-Custom-
#33685	REDUCE cov: 766 ft: 2313 corp: 284/2049b lim: 43 exec/s: 11228 rss: 1279Mb L: 3/43 MS: 2 EraseBytes-Custom-
#33767	REDUCE cov: 766 ft: 2313 corp: 284/2047b lim: 43 exec/s: 11255 rss: 1279Mb L: 4/43 MS: 4 ShuffleBytes-Custom-EraseBytes-Custom-
#33955	REDUCE cov: 766 ft: 2313 corp: 284/2046b lim: 43 exec/s: 11318 rss: 1279Mb L: 3/43 MS: 6 CopyPart-Custom-EraseBytes-Custom-EraseBytes-Custom-
#34280	DONE   cov: 766 ft: 2313 corp: 284/2046b lim: 43 exec/s: 8570 rss: 1279Mb
###### Recommended dictionary. ######
"\377\007" # Uses: 352
"\017\000" # Uses: 395
"\000\032" # Uses: 373
"\001 " # Uses: 375
"\000\223" # Uses: 283
"\001\000\000\001" # Uses: 184
"\036\377\000\035" # Uses: 168
"\377\377\377\377\377\377\377\377" # Uses: 107
"\001\000\000\000\000\000\000\000" # Uses: 91
"\000\000\000\000" # Uses: 124
"\001\002" # Uses: 146
"?\000" # Uses: 147
"\001\000" # Uses: 109
"\377\377\377\003" # Uses: 47
"\001;\260\352" # Uses: 13
###### End of recommended dictionary. ######
Done 34280 runs in 4 second(s)
[INFO] Tests run: 2, Failures: 0, Errors: 0, Skipped: 0, Time elapsed: 18.16 s -- in com.example.algorithm2.Algorithm2Test
[INFO] 
[INFO] Results:
[INFO] 
[INFO] Tests run: 2, Failures: 0, Errors: 0, Skipped: 0
[INFO] 
[INFO] 
[INFO] --- jacoco:0.8.11:report (default-cli) @ AlgorithmName2 ---
[INFO] Loading execution data file /tmp/bugrun/jacksoncore_21.mQI89N/target/jacoco.exec
[INFO] Analyzed bundle 'AlgorithmName2' with 90 classes
[INFO] ------------------------------------------------------------------------
[INFO] BUILD SUCCESS
[INFO] ------------------------------------------------------------------------
[INFO] Total time:  32.932 s
[INFO] Finished at: 2026-10-06T04:30:10+07:00
[INFO] ------------------------------------------------------------------------
