[INFO] Scanning for projects...
[INFO] 
[INFO] ---------------------< com.example:AlgorithmName2 >---------------------
[INFO] Building AlgorithmName2 1.0-SNAPSHOT
[INFO]   from pom.xml
[INFO] --------------------------------[ jar ]---------------------------------
[INFO] 
[INFO] --- jacoco:0.8.11:prepare-agent (default) @ AlgorithmName2 ---
[INFO] argLine set to -javaagent:/home/kanyaphak673380391-3/.m2/repository/org/jacoco/org.jacoco.agent/0.8.11/org.jacoco.agent-0.8.11-runtime.jar=destfile=/tmp/bugrun/lang_50.p80wWX/target/jacoco.exec
[INFO] 
[INFO] --- resources:3.4.0:resources (default-resources) @ AlgorithmName2 ---
[INFO] Copying 1 resource from src/main/resources to target/classes
[INFO] 
[INFO] --- compiler:3.15.0:compile (default-compile) @ AlgorithmName2 ---
[INFO] Recompiling the module because of changed source code.
[INFO] Compiling 1 source file with javac [debug target 1.8] to target/classes
[WARNING] bootstrap class path not set in conjunction with -source 8
[INFO] 
[INFO] --- dependency:3.6.0:unpack-dependencies (unpack-defects4j) @ AlgorithmName2 ---
[INFO] 
[INFO] --- resources:3.4.0:testResources (default-testResources) @ AlgorithmName2 ---
[INFO] skip non existing resourceDirectory /tmp/bugrun/lang_50.p80wWX/src/test/resources
[INFO] 
[INFO] --- compiler:3.15.0:testCompile (default-testCompile) @ AlgorithmName2 ---
[INFO] Recompiling the module because of changed dependency.
[INFO] Compiling 1 source file with javac [debug target 1.8] to target/test-classes
[WARNING] bootstrap class path not set in conjunction with -source 8
[INFO] 
[INFO] --- surefire:3.1.2:test (default-cli) @ AlgorithmName2 ---
[INFO] Using auto detected provider org.apache.maven.surefire.junitplatform.JUnitPlatformProvider
[INFO] 
[INFO] -------------------------------------------------------
[INFO]  T E S T S
[INFO] -------------------------------------------------------
[INFO] Running com.example.algorithm2.Algorithm2Test
OpenJDK 64-Bit Server VM warning: Sharing is only supported for boot loader classes because bootstrap classpath has been appended
INFO: Loaded 288 hooks from com.code_intelligence.jazzer.runtime.TraceCmpHooks
INFO: Loaded 5 hooks from com.code_intelligence.jazzer.runtime.TraceDivHooks
INFO: Loaded 2 hooks from com.code_intelligence.jazzer.runtime.TraceIndirHooks
INFO: Loaded 4 hooks from com.code_intelligence.jazzer.runtime.NativeLibHooks
INFO: Loaded 2 hooks from com.code_intelligence.jazzer.sanitizers.ClojureLangHooks
INFO: Loaded 5 hooks from com.code_intelligence.jazzer.sanitizers.Deserialization
INFO: Loaded 5 hooks from com.code_intelligence.jazzer.sanitizers.ExpressionLanguageInjection
INFO: Loaded 70 hooks from com.code_intelligence.jazzer.sanitizers.LdapInjection
INFO: Loaded 46 hooks from com.code_intelligence.jazzer.sanitizers.NamingContextLookup
INFO: Loaded 1 hooks from com.code_intelligence.jazzer.sanitizers.OsCommandInjection
INFO: Loaded 52 hooks from com.code_intelligence.jazzer.sanitizers.ReflectiveCall
INFO: Loaded 8 hooks from com.code_intelligence.jazzer.sanitizers.RegexInjection
INFO: Loaded 16 hooks from com.code_intelligence.jazzer.sanitizers.RegexRoadblocks
INFO: Loaded 18 hooks from com.code_intelligence.jazzer.sanitizers.ScriptEngineInjection
INFO: Loaded 2 hooks from com.code_intelligence.jazzer.sanitizers.ServerSideRequestForgery
INFO: Loaded 19 hooks from com.code_intelligence.jazzer.sanitizers.SqlInjection
INFO: Loaded 6 hooks from com.code_intelligence.jazzer.sanitizers.XPathInjection
INFO: Instrumented com.example.algorithm2.Algorithm2Test$Skip (took 171 ms, size +44%)
INFO: Instrumented com.example.algorithm2.Algorithm2Test (took 160 ms, size +27%)
INFO: New number of coverage counters: 1024
INFO: New number of coverage counters: 2048
INFO: Instrumented org.apache.commons.lang.StringUtils (took 351 ms, size +33%)
[harness] Fallback target loaded: org.apache.commons.lang.StringUtils (original was org.apache.commons.lang3.StringUtils)
[harness] target=org.apache.commons.lang.StringUtils factories=1 methods=141
INFO: Instrumented org.apache.commons.lang.StringEscapeUtils (took 94 ms, size +20%)
INFO: Instrumented org.apache.commons.lang.exception.NestableRuntimeException (took 25 ms, size +22%)
INFO: Instrumented org.apache.commons.lang.exception.Nestable (took 3 ms, size +0%)
INFO: found LLVMFuzzerCustomMutator (0x790f62071cd0). Disabling -len_control by default.
INFO: Running with entropic power schedule (0xFF, 100).
INFO: Seed: 2694761613
INFO: Loaded 3 modules   (2048 inline 8-bit counters): 512 [0x79102cb2f330, 0x79102cb2f530), 512 [0x79102cb2f530, 0x79102cb2f730), 1024 [0x79102cb2f730, 0x79102cb2fb30), 
INFO: Loaded 3 PC tables (2048 PCs): 512 [0x79102c5d2fd0,0x79102c5d4fd0), 512 [0x79102ca6f9a0,0x79102ca719a0), 1024 [0x79102ca719b0,0x79102ca759b0), 
INFO:        0 files found in /tmp/bugrun/lang_50.p80wWX/.cifuzz-corpus/com.example.algorithm2.Algorithm2Test/testParameterizedFuzzer
INFO:        0 files found in /tmp/jazzer-java-seeds12806235042175828897
INFO: -max_len is not provided; libFuzzer will not generate inputs larger than 4096 bytes
INFO: using inputs from: /tmp/bugrun/lang_50.p80wWX/.cifuzz-corpus/com.example.algorithm2.Algorithm2Test/testParameterizedFuzzer
INFO: A corpus is not provided, starting from an empty corpus
INFO: using inputs from: /tmp/jazzer-java-seeds12806235042175828897
#2	INITED cov: 35 ft: 35 corp: 1/1b exec/s: 0 rss: 926Mb
#3	NEW    cov: 40 ft: 40 corp: 2/3b lim: 4 exec/s: 0 rss: 926Mb L: 2/2 MS: 2 InsertByte-Custom-
#5	NEW    cov: 44 ft: 44 corp: 3/4b lim: 4 exec/s: 0 rss: 926Mb L: 1/2 MS: 4 ChangeBit-Custom-EraseBytes-Custom-
#7	NEW    cov: 45 ft: 45 corp: 4/5b lim: 4 exec/s: 0 rss: 926Mb L: 1/2 MS: 4 CopyPart-Custom-ChangeByte-Custom-
#14	NEW    cov: 46 ft: 46 corp: 5/8b lim: 4 exec/s: 0 rss: 926Mb L: 3/3 MS: 4 CopyPart-Custom-CrossOver-Custom-
#17	NEW    cov: 47 ft: 47 corp: 6/11b lim: 4 exec/s: 0 rss: 926Mb L: 3/3 MS: 6 ShuffleBytes-Custom-ShuffleBytes-Custom-CrossOver-Custom-
INFO: New number of coverage counters: 4096
#18	NEW    cov: 51 ft: 51 corp: 7/13b lim: 4 exec/s: 0 rss: 927Mb L: 2/3 MS: 2 InsertByte-Custom-
#26	NEW    cov: 54 ft: 54 corp: 8/14b lim: 4 exec/s: 0 rss: 927Mb L: 1/3 MS: 6 ChangeBit-Custom-ShuffleBytes-Custom-ChangeBit-Custom-
#27	NEW    cov: 58 ft: 58 corp: 9/15b lim: 4 exec/s: 0 rss: 927Mb L: 1/3 MS: 2 ChangeBit-Custom-
#34	REDUCE cov: 58 ft: 58 corp: 9/14b lim: 4 exec/s: 0 rss: 927Mb L: 1/3 MS: 4 ChangeBit-Custom-EraseBytes-Custom-
#37	NEW    cov: 59 ft: 59 corp: 10/16b lim: 4 exec/s: 0 rss: 927Mb L: 2/3 MS: 6 CopyPart-Custom-EraseBytes-Custom-InsertByte-Custom-
#40	REDUCE cov: 70 ft: 70 corp: 11/19b lim: 4 exec/s: 0 rss: 927Mb L: 3/3 MS: 6 CrossOver-Custom-InsertByte-Custom-ShuffleBytes-Custom-
#57	NEW    cov: 73 ft: 73 corp: 12/23b lim: 4 exec/s: 0 rss: 928Mb L: 4/4 MS: 4 InsertByte-Custom-ChangeByte-Custom-
#66	NEW    cov: 73 ft: 75 corp: 13/26b lim: 4 exec/s: 0 rss: 928Mb L: 3/4 MS: 8 CopyPart-Custom-ChangeASCIIInt-Custom-ChangeASCIIInt-Custom-ChangeByte-Custom-
#67	NEW    cov: 76 ft: 78 corp: 14/28b lim: 4 exec/s: 0 rss: 928Mb L: 2/4 MS: 2 EraseBytes-Custom-
#68	NEW    cov: 96 ft: 99 corp: 15/30b lim: 4 exec/s: 0 rss: 928Mb L: 2/4 MS: 2 InsertByte-Custom-
#73	NEW    cov: 99 ft: 102 corp: 16/33b lim: 4 exec/s: 0 rss: 928Mb L: 3/4 MS: 10 CopyPart-Custom-ChangeBinInt-Custom-CrossOver-Custom-EraseBytes-Custom-ShuffleBytes-Custom-
#75	NEW    cov: 100 ft: 103 corp: 17/35b lim: 4 exec/s: 0 rss: 928Mb L: 2/4 MS: 4 InsertByte-Custom-ChangeBinInt-Custom-
#76	NEW    cov: 105 ft: 108 corp: 18/37b lim: 4 exec/s: 0 rss: 928Mb L: 2/4 MS: 2 ChangeByte-Custom-
#81	NEW    cov: 108 ft: 115 corp: 19/39b lim: 4 exec/s: 0 rss: 928Mb L: 2/4 MS: 10 ChangeByte-Custom-EraseBytes-Custom-ChangeByte-Custom-ChangeASCIIInt-Custom-CMP-Custom- DE: "\001\010"-
#89	NEW    cov: 109 ft: 116 corp: 20/40b lim: 4 exec/s: 0 rss: 928Mb L: 1/4 MS: 6 ShuffleBytes-Custom-EraseBytes-Custom-ChangeByte-Custom-
#93	NEW    cov: 112 ft: 119 corp: 21/42b lim: 4 exec/s: 0 rss: 928Mb L: 2/4 MS: 8 CopyPart-Custom-InsertByte-Custom-EraseBytes-Custom-ChangeBit-Custom-
#95	NEW    cov: 113 ft: 120 corp: 22/44b lim: 4 exec/s: 0 rss: 928Mb L: 2/4 MS: 4 CrossOver-Custom-ChangeByte-Custom-
#104	REDUCE cov: 114 ft: 121 corp: 23/48b lim: 4 exec/s: 0 rss: 928Mb L: 4/4 MS: 8 ChangeASCIIInt-Custom-ShuffleBytes-Custom-InsertByte-Custom-PersAutoDict-Custom- DE: "\001\010"-
#105	NEW    cov: 116 ft: 123 corp: 24/50b lim: 4 exec/s: 0 rss: 928Mb L: 2/4 MS: 2 ChangeBit-Custom-
#106	NEW    cov: 117 ft: 124 corp: 25/54b lim: 4 exec/s: 0 rss: 928Mb L: 4/4 MS: 2 CopyPart-Custom-
#107	NEW    cov: 120 ft: 127 corp: 26/55b lim: 4 exec/s: 0 rss: 928Mb L: 1/4 MS: 2 CrossOver-Custom-
#113	NEW    cov: 123 ft: 130 corp: 27/58b lim: 4 exec/s: 0 rss: 928Mb L: 3/4 MS: 2 InsertByte-Custom-
#115	NEW    cov: 125 ft: 132 corp: 28/59b lim: 4 exec/s: 0 rss: 928Mb L: 1/4 MS: 4 CrossOver-Custom-ChangeByte-Custom-
#116	NEW    cov: 126 ft: 133 corp: 29/63b lim: 4 exec/s: 0 rss: 928Mb L: 4/4 MS: 2 PersAutoDict-Custom- DE: "\001\010"-
#118	NEW    cov: 128 ft: 135 corp: 30/64b lim: 4 exec/s: 0 rss: 928Mb L: 1/4 MS: 4 CrossOver-Custom-ChangeByte-Custom-
#121	NEW    cov: 132 ft: 139 corp: 31/67b lim: 4 exec/s: 0 rss: 928Mb L: 3/4 MS: 6 ChangeASCIIInt-Custom-ChangeASCIIInt-Custom-ShuffleBytes-Custom-
#122	NEW    cov: 133 ft: 140 corp: 32/69b lim: 4 exec/s: 0 rss: 928Mb L: 2/4 MS: 2 ChangeBit-Custom-
#123	NEW    cov: 136 ft: 143 corp: 33/70b lim: 4 exec/s: 0 rss: 928Mb L: 1/4 MS: 2 ChangeBit-Custom-
#129	NEW    cov: 138 ft: 145 corp: 34/72b lim: 4 exec/s: 0 rss: 928Mb L: 2/4 MS: 2 EraseBytes-Custom-
#131	NEW    cov: 140 ft: 147 corp: 35/74b lim: 4 exec/s: 0 rss: 928Mb L: 2/4 MS: 4 CopyPart-Custom-InsertByte-Custom-
#132	NEW    cov: 142 ft: 149 corp: 36/76b lim: 4 exec/s: 0 rss: 928Mb L: 2/4 MS: 2 ChangeBinInt-Custom-
#134	NEW    cov: 143 ft: 150 corp: 37/78b lim: 4 exec/s: 0 rss: 928Mb L: 2/4 MS: 4 ShuffleBytes-Custom-ChangeByte-Custom-
#135	NEW    cov: 145 ft: 152 corp: 38/80b lim: 4 exec/s: 0 rss: 928Mb L: 2/4 MS: 2 ChangeBit-Custom-
#149	NEW    cov: 145 ft: 153 corp: 39/84b lim: 4 exec/s: 0 rss: 928Mb L: 4/4 MS: 8 CrossOver-Custom-CrossOver-Custom-InsertByte-Custom-CrossOver-Custom-
#150	NEW    cov: 145 ft: 161 corp: 40/86b lim: 4 exec/s: 0 rss: 928Mb L: 2/4 MS: 2 ChangeByte-Custom-
#152	NEW    cov: 147 ft: 163 corp: 41/89b lim: 4 exec/s: 0 rss: 928Mb L: 3/4 MS: 4 ChangeByte-Custom-ChangeBinInt-Custom-
#154	NEW    cov: 148 ft: 166 corp: 42/92b lim: 4 exec/s: 0 rss: 928Mb L: 3/4 MS: 4 CrossOver-Custom-InsertByte-Custom-
#156	NEW    cov: 151 ft: 169 corp: 43/94b lim: 4 exec/s: 0 rss: 928Mb L: 2/4 MS: 4 ChangeByte-Custom-EraseBytes-Custom-
#159	NEW    cov: 154 ft: 172 corp: 44/97b lim: 4 exec/s: 0 rss: 928Mb L: 3/4 MS: 6 CrossOver-Custom-EraseBytes-Custom-InsertByte-Custom-
#160	NEW    cov: 173 ft: 191 corp: 45/99b lim: 4 exec/s: 0 rss: 928Mb L: 2/4 MS: 2 ChangeByte-Custom-
#175	NEW    cov: 173 ft: 193 corp: 46/103b lim: 4 exec/s: 0 rss: 928Mb L: 4/4 MS: 10 ShuffleBytes-Custom-CopyPart-Custom-ShuffleBytes-Custom-ChangeByte-Custom-InsertByte-Custom-
#176	REDUCE cov: 173 ft: 193 corp: 46/102b lim: 4 exec/s: 0 rss: 928Mb L: 1/4 MS: 2 EraseBytes-Custom-
#180	NEW    cov: 175 ft: 195 corp: 47/106b lim: 4 exec/s: 0 rss: 928Mb L: 4/4 MS: 8 CopyPart-Custom-ChangeBit-Custom-CopyPart-Custom-ChangeBinInt-Custom-
#183	NEW    cov: 177 ft: 197 corp: 48/110b lim: 4 exec/s: 0 rss: 928Mb L: 4/4 MS: 6 PersAutoDict-Custom-CopyPart-Custom-ChangeBit-Custom- DE: "\001\010"-
#189	NEW    cov: 179 ft: 199 corp: 49/112b lim: 4 exec/s: 0 rss: 928Mb L: 2/4 MS: 2 ChangeBit-Custom-
#197	NEW    cov: 180 ft: 200 corp: 50/116b lim: 4 exec/s: 0 rss: 928Mb L: 4/4 MS: 6 InsertByte-Custom-EraseBytes-Custom-InsertByte-Custom-
#199	REDUCE cov: 180 ft: 200 corp: 50/114b lim: 4 exec/s: 0 rss: 928Mb L: 2/4 MS: 4 ShuffleBytes-Custom-EraseBytes-Custom-
#202	NEW    cov: 182 ft: 202 corp: 51/115b lim: 4 exec/s: 0 rss: 928Mb L: 1/4 MS: 6 CopyPart-Custom-ChangeBit-Custom-ChangeByte-Custom-
#215	REDUCE cov: 182 ft: 202 corp: 51/114b lim: 4 exec/s: 0 rss: 928Mb L: 3/4 MS: 6 EraseBytes-Custom-ChangeByte-Custom-CopyPart-Custom-
#216	NEW    cov: 185 ft: 205 corp: 52/115b lim: 4 exec/s: 0 rss: 928Mb L: 1/4 MS: 2 ChangeByte-Custom-
#218	NEW    cov: 190 ft: 210 corp: 53/117b lim: 4 exec/s: 0 rss: 928Mb L: 2/4 MS: 4 InsertByte-Custom-CopyPart-Custom-
#224	NEW    cov: 194 ft: 214 corp: 54/121b lim: 4 exec/s: 0 rss: 928Mb L: 4/4 MS: 2 CrossOver-Custom-
#227	NEW    cov: 196 ft: 216 corp: 55/125b lim: 4 exec/s: 0 rss: 928Mb L: 4/4 MS: 6 CopyPart-Custom-CopyPart-Custom-ChangeBit-Custom-
#230	NEW    cov: 199 ft: 219 corp: 56/127b lim: 4 exec/s: 0 rss: 928Mb L: 2/4 MS: 6 ShuffleBytes-Custom-ChangeBit-Custom-ChangeByte-Custom-
#232	NEW    cov: 200 ft: 220 corp: 57/128b lim: 4 exec/s: 0 rss: 928Mb L: 1/4 MS: 4 CopyPart-Custom-ChangeByte-Custom-
#246	NEW    cov: 206 ft: 226 corp: 58/131b lim: 4 exec/s: 0 rss: 928Mb L: 3/4 MS: 8 ChangeBit-Custom-ChangeBit-Custom-ChangeASCIIInt-Custom-ChangeBit-Custom-
#247	REDUCE cov: 207 ft: 227 corp: 59/132b lim: 4 exec/s: 0 rss: 928Mb L: 1/4 MS: 2 ChangeByte-Custom-
#253	NEW    cov: 207 ft: 230 corp: 60/136b lim: 4 exec/s: 0 rss: 928Mb L: 4/4 MS: 2 ShuffleBytes-Custom-
#254	NEW    cov: 208 ft: 231 corp: 61/138b lim: 4 exec/s: 0 rss: 928Mb L: 2/4 MS: 2 CMP-Custom- DE: "\377\001"-
#260	NEW    cov: 209 ft: 232 corp: 62/141b lim: 4 exec/s: 0 rss: 928Mb L: 3/4 MS: 2 InsertByte-Custom-
#263	NEW    cov: 212 ft: 235 corp: 63/142b lim: 4 exec/s: 0 rss: 928Mb L: 1/4 MS: 6 InsertByte-Custom-EraseBytes-Custom-CrossOver-Custom-
#264	NEW    cov: 213 ft: 236 corp: 64/144b lim: 4 exec/s: 0 rss: 928Mb L: 2/4 MS: 2 ChangeByte-Custom-
#267	NEW    cov: 215 ft: 238 corp: 65/146b lim: 4 exec/s: 0 rss: 928Mb L: 2/4 MS: 6 CrossOver-Custom-CopyPart-Custom-ChangeByte-Custom-
#282	NEW    cov: 218 ft: 241 corp: 66/150b lim: 4 exec/s: 0 rss: 928Mb L: 4/4 MS: 10 ChangeBit-Custom-InsertByte-Custom-ChangeBinInt-Custom-CopyPart-Custom-ChangeBinInt-Custom-
#284	NEW    cov: 224 ft: 247 corp: 67/154b lim: 4 exec/s: 0 rss: 928Mb L: 4/4 MS: 4 CrossOver-Custom-CrossOver-Custom-
#285	NEW    cov: 235 ft: 258 corp: 68/157b lim: 4 exec/s: 0 rss: 928Mb L: 3/4 MS: 2 CrossOver-Custom-
#288	NEW    cov: 235 ft: 263 corp: 69/161b lim: 4 exec/s: 0 rss: 928Mb L: 4/4 MS: 6 CrossOver-Custom-ShuffleBytes-Custom-ChangeByte-Custom-
#290	NEW    cov: 236 ft: 264 corp: 70/165b lim: 4 exec/s: 0 rss: 928Mb L: 4/4 MS: 4 PersAutoDict-Custom-ChangeByte-Custom- DE: "\001\010"-
#293	REDUCE cov: 242 ft: 270 corp: 71/169b lim: 4 exec/s: 0 rss: 928Mb L: 4/4 MS: 6 CrossOver-Custom-ChangeASCIIInt-Custom-PersAutoDict-Custom- DE: "\001\010"-
INFO: Instrumented org.apache.commons.lang.ArrayUtils (took 217 ms, size +21%)
#300	NEW    cov: 244 ft: 272 corp: 72/173b lim: 4 exec/s: 0 rss: 928Mb L: 4/4 MS: 4 InsertByte-Custom-CrossOver-Custom-
#306	NEW    cov: 244 ft: 274 corp: 73/177b lim: 4 exec/s: 0 rss: 928Mb L: 4/4 MS: 2 CrossOver-Custom-
#312	NEW    cov: 250 ft: 280 corp: 74/181b lim: 4 exec/s: 0 rss: 928Mb L: 4/4 MS: 2 ChangeBit-Custom-
#314	REDUCE cov: 253 ft: 283 corp: 75/182b lim: 4 exec/s: 0 rss: 928Mb L: 1/4 MS: 4 ChangeASCIIInt-Custom-ChangeBit-Custom-
#323	NEW    cov: 254 ft: 284 corp: 76/186b lim: 4 exec/s: 0 rss: 928Mb L: 4/4 MS: 8 CrossOver-Custom-CrossOver-Custom-CrossOver-Custom-CopyPart-Custom-
#327	NEW    cov: 255 ft: 286 corp: 77/190b lim: 4 exec/s: 0 rss: 928Mb L: 4/4 MS: 8 CrossOver-Custom-CopyPart-Custom-ChangeBit-Custom-CrossOver-Custom-
#332	NEW    cov: 257 ft: 288 corp: 78/194b lim: 4 exec/s: 0 rss: 928Mb L: 4/4 MS: 10 ShuffleBytes-Custom-CopyPart-Custom-CrossOver-Custom-ChangeBit-Custom-ChangeBinInt-Custom-
#338	NEW    cov: 260 ft: 294 corp: 79/197b lim: 4 exec/s: 0 rss: 928Mb L: 3/4 MS: 2 InsertByte-Custom-
#340	NEW    cov: 261 ft: 295 corp: 80/200b lim: 4 exec/s: 0 rss: 928Mb L: 3/4 MS: 4 CrossOver-Custom-CrossOver-Custom-
#341	NEW    cov: 263 ft: 297 corp: 81/202b lim: 4 exec/s: 0 rss: 928Mb L: 2/4 MS: 2 ChangeBit-Custom-
#342	NEW    cov: 269 ft: 303 corp: 82/204b lim: 4 exec/s: 0 rss: 928Mb L: 2/4 MS: 2 ChangeByte-Custom-
#346	NEW    cov: 269 ft: 313 corp: 83/206b lim: 4 exec/s: 0 rss: 928Mb L: 2/4 MS: 8 CrossOver-Custom-CrossOver-Custom-CMP-Custom-EraseBytes-Custom- DE: "\000\000"-
#351	NEW    cov: 279 ft: 323 corp: 84/210b lim: 4 exec/s: 0 rss: 928Mb L: 4/4 MS: 10 PersAutoDict-Custom-ChangeByte-Custom-ChangeBit-Custom-ShuffleBytes-Custom-ChangeBinInt-Custom- DE: "\001\010"-
#370	NEW    cov: 284 ft: 328 corp: 85/214b lim: 4 exec/s: 0 rss: 928Mb L: 4/4 MS: 8 CrossOver-Custom-EraseBytes-Custom-ChangeASCIIInt-Custom-InsertByte-Custom-
#375	NEW    cov: 286 ft: 330 corp: 86/216b lim: 4 exec/s: 0 rss: 928Mb L: 2/4 MS: 10 CrossOver-Custom-CopyPart-Custom-ShuffleBytes-Custom-EraseBytes-Custom-ChangeBit-Custom-
#386	NEW    cov: 297 ft: 341 corp: 87/218b lim: 4 exec/s: 0 rss: 928Mb L: 2/4 MS: 2 InsertByte-Custom-
#391	NEW    cov: 299 ft: 343 corp: 88/219b lim: 4 exec/s: 0 rss: 928Mb L: 1/4 MS: 10 PersAutoDict-Custom-ShuffleBytes-Custom-ShuffleBytes-Custom-EraseBytes-Custom-ChangeByte-Custom- DE: "\001\010"-
#397	NEW    cov: 299 ft: 345 corp: 89/223b lim: 4 exec/s: 0 rss: 928Mb L: 4/4 MS: 2 ChangeByte-Custom-
#400	NEW    cov: 300 ft: 348 corp: 90/226b lim: 4 exec/s: 0 rss: 928Mb L: 3/4 MS: 6 CrossOver-Custom-InsertByte-Custom-ChangeByte-Custom-
#401	REDUCE cov: 303 ft: 351 corp: 91/229b lim: 4 exec/s: 0 rss: 928Mb L: 3/4 MS: 2 InsertByte-Custom-
#405	NEW    cov: 304 ft: 352 corp: 92/230b lim: 4 exec/s: 0 rss: 928Mb L: 1/4 MS: 8 ChangeBinInt-Custom-InsertByte-Custom-ChangeBit-Custom-CrossOver-Custom-
#407	NEW    cov: 308 ft: 359 corp: 93/234b lim: 4 exec/s: 0 rss: 928Mb L: 4/4 MS: 4 ShuffleBytes-Custom-CMP-Custom- DE: "\001\000"-
#410	NEW    cov: 322 ft: 375 corp: 94/237b lim: 4 exec/s: 0 rss: 928Mb L: 3/4 MS: 6 ChangeByte-Custom-ChangeBit-Custom-PersAutoDict-Custom- DE: "\377\001"-
#413	NEW    cov: 322 ft: 382 corp: 95/241b lim: 4 exec/s: 0 rss: 928Mb L: 4/4 MS: 6 CrossOver-Custom-ChangeByte-Custom-ChangeByte-Custom-
#424	NEW    cov: 325 ft: 385 corp: 96/242b lim: 4 exec/s: 0 rss: 928Mb L: 1/4 MS: 2 ChangeByte-Custom-
#438	NEW    cov: 327 ft: 387 corp: 97/243b lim: 4 exec/s: 0 rss: 928Mb L: 1/4 MS: 8 ChangeByte-Custom-ChangeBinInt-Custom-CrossOver-Custom-ChangeByte-Custom-
MS: 8 ChangeBit-Custom-ChangeASCIIInt-Custom-ChangeBit-Custom-ChangeByte-Custom-; base unit: 0094b27f64a5dd35804714057f3b2c694a3d7617
0xa1,0x30,0xf0,
\2410\360
artifact_prefix='/tmp/bugrun/lang_50.p80wWX/'; Test unit written to /tmp/bugrun/lang_50.p80wWX/crash-c1eb6f851e45f2638572a77990c1726a002018b6
Base64: oTDw
Done 442 runs in 0 second(s)
INFO: Instrumented org.apache.commons.lang.ObjectUtils (took 35 ms, size +28%)
INFO: Instrumented org.apache.commons.lang.ObjectUtils$Null (took 2 ms, size +43%)
DEDUP_TOKEN: 363ddd64d0358e9c
[ERROR] Tests run: 2, Failures: 0, Errors: 1, Skipped: 0, Time elapsed: 7.942 s <<< FAILURE! -- in com.example.algorithm2.Algorithm2Test
[ERROR] com.example.algorithm2.Algorithm2Test.testParameterizedFuzzer(FuzzedDataProvider)[2] -- Time elapsed: 0.683 s <<< ERROR!
java.lang.IllegalArgumentException: Minimum abbreviation width is 4
	at org.apache.commons.lang.StringUtils.abbreviate(StringUtils.java:4904)
	at org.apache.commons.lang.StringUtils.abbreviate(StringUtils.java:4861)
	at java.base/jdk.internal.reflect.NativeMethodAccessorImpl.invoke0(Native Method)
	at java.base/jdk.internal.reflect.NativeMethodAccessorImpl.invoke(NativeMethodAccessorImpl.java:62)
	at java.base/jdk.internal.reflect.DelegatingMethodAccessorImpl.invoke(DelegatingMethodAccessorImpl.java:43)
	at java.base/java.lang.reflect.Method.invoke(Method.java:566)
	at com.example.algorithm2.Algorithm2Test.testParameterizedFuzzer(Algorithm2Test.java:226)

[INFO] 
[INFO] Results:
[INFO] 
[ERROR] Errors: 
[ERROR]   Algorithm2Test.testParameterizedFuzzer:226 » IllegalArgument Minimum abbreviation width is 4
[INFO] 
[ERROR] Tests run: 2, Failures: 0, Errors: 1, Skipped: 0
[INFO] 
[ERROR] 

Please refer to /tmp/bugrun/lang_50.p80wWX/target/surefire-reports for the individual test results.
Please refer to dump files (if any exist) [date].dump, [date]-jvmRun[N].dump and [date].dumpstream.
[INFO] 
[INFO] --- jacoco:0.8.11:report (default-cli) @ AlgorithmName2 ---
[INFO] Loading execution data file /tmp/bugrun/lang_50.p80wWX/target/jacoco.exec
[INFO] Analyzed bundle 'AlgorithmName2' with 134 classes
[INFO] ------------------------------------------------------------------------
[INFO] BUILD SUCCESS
[INFO] ------------------------------------------------------------------------
[INFO] Total time:  23.764 s
[INFO] Finished at: 2026-10-06T02:09:56+07:00
[INFO] ------------------------------------------------------------------------
