[INFO] Scanning for projects...
[INFO] 
[INFO] ---------------------< com.example:AlgorithmName2 >---------------------
[INFO] Building AlgorithmName2 1.0-SNAPSHOT
[INFO]   from pom.xml
[INFO] --------------------------------[ jar ]---------------------------------
[INFO] 
[INFO] --- jacoco:0.8.11:prepare-agent (default) @ AlgorithmName2 ---
[INFO] argLine set to -javaagent:/home/kanyaphak673380391-3/.m2/repository/org/jacoco/org.jacoco.agent/0.8.11/org.jacoco.agent-0.8.11-runtime.jar=destfile=/tmp/bugrun/compress_5.fzCOpb/target/jacoco.exec
[INFO] 
[INFO] --- resources:3.4.0:resources (default-resources) @ AlgorithmName2 ---
[INFO] Copying 1 resource from src/main/resources to target/classes
[INFO] 
[INFO] --- compiler:3.15.0:compile (default-compile) @ AlgorithmName2 ---
[INFO] Recompiling the module because of changed source code.
[INFO] Compiling 1 source file with javac [debug target 1.8] to target/classes
[WARNING] bootstrap class path not set in conjunction with -source 8
[INFO] 
[INFO] --- dependency:3.6.0:unpack-dependencies (unpack-defects4j) @ AlgorithmName2 ---
[INFO] 
[INFO] --- resources:3.4.0:testResources (default-testResources) @ AlgorithmName2 ---
[INFO] skip non existing resourceDirectory /tmp/bugrun/compress_5.fzCOpb/src/test/resources
[INFO] 
[INFO] --- compiler:3.15.0:testCompile (default-testCompile) @ AlgorithmName2 ---
[INFO] Recompiling the module because of changed dependency.
[INFO] Compiling 1 source file with javac [debug target 1.8] to target/test-classes
[WARNING] bootstrap class path not set in conjunction with -source 8
[INFO] 
[INFO] --- surefire:3.1.2:test (default-cli) @ AlgorithmName2 ---
[INFO] Using auto detected provider org.apache.maven.surefire.junitplatform.JUnitPlatformProvider
[INFO] 
[INFO] -------------------------------------------------------
[INFO]  T E S T S
[INFO] -------------------------------------------------------
[INFO] Running com.example.algorithm2.Algorithm2Test
OpenJDK 64-Bit Server VM warning: Sharing is only supported for boot loader classes because bootstrap classpath has been appended
INFO: Loaded 281 hooks from com.code_intelligence.jazzer.runtime.TraceCmpHooks
INFO: Loaded 5 hooks from com.code_intelligence.jazzer.runtime.TraceDivHooks
INFO: Loaded 2 hooks from com.code_intelligence.jazzer.runtime.TraceIndirHooks
INFO: Loaded 4 hooks from com.code_intelligence.jazzer.runtime.NativeLibHooks
INFO: Loaded 2 hooks from com.code_intelligence.jazzer.sanitizers.ClojureLangHooks
INFO: Loaded 5 hooks from com.code_intelligence.jazzer.sanitizers.Deserialization
INFO: Loaded 5 hooks from com.code_intelligence.jazzer.sanitizers.ExpressionLanguageInjection
INFO: Loaded 70 hooks from com.code_intelligence.jazzer.sanitizers.LdapInjection
INFO: Loaded 46 hooks from com.code_intelligence.jazzer.sanitizers.NamingContextLookup
INFO: Loaded 1 hooks from com.code_intelligence.jazzer.sanitizers.OsCommandInjection
INFO: Loaded 52 hooks from com.code_intelligence.jazzer.sanitizers.ReflectiveCall
INFO: Loaded 8 hooks from com.code_intelligence.jazzer.sanitizers.RegexInjection
INFO: Loaded 16 hooks from com.code_intelligence.jazzer.sanitizers.RegexRoadblocks
INFO: Loaded 18 hooks from com.code_intelligence.jazzer.sanitizers.ScriptEngineInjection
INFO: Loaded 2 hooks from com.code_intelligence.jazzer.sanitizers.ServerSideRequestForgery
INFO: Loaded 19 hooks from com.code_intelligence.jazzer.sanitizers.SqlInjection
INFO: Loaded 6 hooks from com.code_intelligence.jazzer.sanitizers.XPathInjection
INFO: Instrumented com.example.algorithm2.Algorithm2Test$Skip (took 174 ms, size +44%)
INFO: Instrumented com.example.algorithm2.Algorithm2Test (took 353 ms, size +27%)
INFO: Instrumented org.apache.commons.compress.archivers.ArchiveStreamFactory (took 172 ms, size +39%)
INFO: Instrumented org.apache.commons.compress.archivers.ArchiveInputStream (took 16 ms, size +41%)
INFO: New number of coverage counters: 1024
INFO: Instrumented org.apache.commons.compress.archivers.ar.ArArchiveInputStream (took 81 ms, size +29%)
INFO: Instrumented org.apache.commons.compress.archivers.zip.ZipArchiveInputStream (took 111 ms, size +21%)
INFO: Instrumented org.apache.commons.compress.archivers.tar.TarArchiveInputStream (took 77 ms, size +21%)
INFO: Instrumented org.apache.commons.compress.archivers.jar.JarArchiveInputStream (took 23 ms, size +26%)
INFO: Instrumented org.apache.commons.compress.archivers.cpio.CpioArchiveInputStream (took 81 ms, size +30%)
INFO: Instrumented org.apache.commons.compress.archivers.cpio.CpioConstants (took 1 ms, size +0%)
INFO: Instrumented org.apache.commons.compress.archivers.ArchiveException (took 7 ms, size +38%)
INFO: Instrumented org.apache.commons.compress.archivers.ArchiveOutputStream (took 12 ms, size +35%)
INFO: New number of coverage counters: 2048
INFO: Instrumented org.apache.commons.compress.archivers.ar.ArArchiveOutputStream (took 20 ms, size +21%)
INFO: Instrumented org.apache.commons.compress.archivers.zip.ZipArchiveOutputStream (took 95 ms, size +20%)
INFO: Instrumented org.apache.commons.compress.archivers.tar.TarArchiveOutputStream (took 43 ms, size +18%)
INFO: Instrumented org.apache.commons.compress.archivers.jar.JarArchiveOutputStream (took 8 ms, size +36%)
INFO: Instrumented org.apache.commons.compress.archivers.cpio.CpioArchiveOutputStream (took 66 ms, size +20%)
[harness] target=org.apache.commons.compress.archivers.ArchiveStreamFactory factories=1 methods=3
INFO: using inputs from: /tmp/bugrun/compress_5.fzCOpb/.cifuzz-corpus/com.example.algorithm2.Algorithm2Test/testParameterizedFuzzer
INFO: INFO: found LLVMFuzzerCustomMutator (0x7a41e4368cd0). Disabling -len_control by default.
using inputs from: /tmp/jazzer-java-seeds17525266732189508718
INFO: Running with entropic power schedule (0xFF, 100).
INFO: Seed: 2154420743
INFO: Loaded 3 modules   (2048 inline 8-bit counters): 512 [0x7a4254b6e1c0, 0x7a4254b6e3c0), 512 [0x7a4254b6e3c0, 0x7a4254b6e5c0), 1024 [0x7a4254b6e5c0, 0x7a4254b6e9c0), 
INFO: Loaded 3 PC tables (2048 PCs): 512 [0x7a4254b09f40,0x7a4254b0bf40), 512 [0x7a425446dd70,0x7a425446fd70), 1024 [0x7a42544add90,0x7a42544b1d90), 
INFO:        0 files found in /tmp/bugrun/compress_5.fzCOpb/.cifuzz-corpus/com.example.algorithm2.Algorithm2Test/testParameterizedFuzzer
INFO:        0 files found in /tmp/jazzer-java-seeds17525266732189508718
INFO: -max_len is not provided; libFuzzer will not generate inputs larger than 4096 bytes
INFO: A corpus is not provided, starting from an empty corpus
INFO: Instrumented org.apache.commons.compress.archivers.ArchiveEntry (took 1 ms, size +0%)
INFO: Instrumented org.apache.commons.compress.archivers.zip.ZipExtraField (took 10 ms, size +0%)
#2	INITED cov: 94 ft: 94 corp: 1/1b exec/s: 0 rss: 907Mb
#3	NEW    cov: 97 ft: 105 corp: 2/2b lim: 4 exec/s: 0 rss: 907Mb L: 1/1 MS: 2 ChangeBit-Custom-
#5	NEW    cov: 101 ft: 110 corp: 3/3b lim: 4 exec/s: 0 rss: 907Mb L: 1/1 MS: 4 CrossOver-Custom-ChangeByte-Custom-
#14	NEW    cov: 101 ft: 111 corp: 4/5b lim: 4 exec/s: 0 rss: 907Mb L: 2/2 MS: 8 CrossOver-Custom-ShuffleBytes-Custom-ChangeBinInt-Custom-InsertByte-Custom-
INFO: Instrumented org.apache.commons.compress.archivers.zip.ZipLong (took 34 ms, size +26%)
#48	REDUCE cov: 101 ft: 111 corp: 4/4b lim: 4 exec/s: 0 rss: 909Mb L: 1/1 MS: 8 ChangeByte-Custom-ChangeBinInt-Custom-ShuffleBytes-Custom-EraseBytes-Custom-
#285	NEW    cov: 106 ft: 118 corp: 5/9b lim: 6 exec/s: 0 rss: 912Mb L: 5/5 MS: 4 CrossOver-Custom-InsertRepeatedBytes-Custom-
#501	NEW    cov: 109 ft: 121 corp: 6/17b lim: 8 exec/s: 0 rss: 913Mb L: 8/8 MS: 2 InsertRepeatedBytes-Custom-
#850	NEW    cov: 110 ft: 122 corp: 7/28b lim: 11 exec/s: 850 rss: 913Mb L: 11/11 MS: 8 InsertByte-Custom-InsertRepeatedBytes-Custom-ChangeByte-Custom-CMP-Custom- DE: "\000\000\000\010"-
#851	REDUCE cov: 110 ft: 122 corp: 7/26b lim: 11 exec/s: 851 rss: 913Mb L: 9/9 MS: 2 EraseBytes-Custom-
#957	REDUCE cov: 110 ft: 122 corp: 7/25b lim: 11 exec/s: 957 rss: 913Mb L: 7/9 MS: 2 EraseBytes-Custom-
#2048	pulse  cov: 110 ft: 122 corp: 7/25b lim: 21 exec/s: 1024 rss: 941Mb
#2648	NEW    cov: 121 ft: 144 corp: 8/28b lim: 25 exec/s: 1324 rss: 977Mb L: 3/9 MS: 2 CMP-Custom- DE: "ar"-
#2671	REDUCE cov: 129 ft: 152 corp: 9/31b lim: 25 exec/s: 1335 rss: 979Mb L: 3/9 MS: 6 ChangeByte-Custom-PersAutoDict-Custom-ShuffleBytes-Custom- DE: "ar"-
#2717	NEW    cov: 131 ft: 154 corp: 10/34b lim: 25 exec/s: 1358 rss: 982Mb L: 3/9 MS: 2 CopyPart-Custom-
#2948	NEW    cov: 132 ft: 155 corp: 11/37b lim: 25 exec/s: 1474 rss: 996Mb L: 3/9 MS: 2 ShuffleBytes-Custom-
#4096	pulse  cov: 132 ft: 155 corp: 11/37b lim: 33 exec/s: 1365 rss: 1068Mb
#4498	NEW    cov: 132 ft: 158 corp: 12/74b lim: 38 exec/s: 1499 rss: 1092Mb L: 37/37 MS: 10 InsertByte-Custom-ShuffleBytes-Custom-InsertRepeatedBytes-Custom-InsertByte-Custom-CopyPart-Custom-
#4507	REDUCE cov: 132 ft: 185 corp: 13/110b lim: 38 exec/s: 1502 rss: 1093Mb L: 36/37 MS: 8 EraseBytes-Custom-InsertRepeatedBytes-Custom-EraseBytes-Custom-CopyPart-Custom-
#4624	REDUCE cov: 132 ft: 185 corp: 13/108b lim: 38 exec/s: 1541 rss: 1100Mb L: 34/37 MS: 4 ShuffleBytes-Custom-EraseBytes-Custom-
#4876	NEW    cov: 132 ft: 190 corp: 14/146b lim: 38 exec/s: 1625 rss: 1116Mb L: 38/38 MS: 4 InsertByte-Custom-CrossOver-Custom-
#5127	NEW    cov: 177 ft: 235 corp: 15/150b lim: 38 exec/s: 1709 rss: 1139Mb L: 4/38 MS: 2 CrossOver-Custom-
#5133	NEW    cov: 177 ft: 236 corp: 16/154b lim: 38 exec/s: 1711 rss: 1139Mb L: 4/38 MS: 2 ChangeBit-Custom-
INFO: Instrumented org.apache.commons.compress.archivers.zip.ZipEncodingHelper (took 16 ms, size +21%)
INFO: Instrumented org.apache.commons.compress.archivers.zip.ZipEncoding (took 0 ms, size +0%)
INFO: Instrumented org.apache.commons.compress.archivers.zip.ZipEncodingHelper$SimpleEncodingHolder (took 9 ms, size +33%)
INFO: Instrumented org.apache.commons.compress.archivers.zip.FallbackZipEncoding (took 6 ms, size +28%)
#5642	REDUCE cov: 177 ft: 239 corp: 17/194b lim: 43 exec/s: 1880 rss: 1171Mb L: 40/40 MS: 8 InsertRepeatedBytes-Custom-EraseBytes-Custom-ShuffleBytes-Custom-InsertRepeatedBytes-Custom-
#5673	NEW    cov: 177 ft: 240 corp: 18/236b lim: 43 exec/s: 1891 rss: 1173Mb L: 42/42 MS: 2 CrossOver-Custom-
#5998	DONE   cov: 177 ft: 240 corp: 18/236b lim: 43 exec/s: 1499 rss: 1194Mb
###### Recommended dictionary. ######
"\000\000\000\010" # Uses: 270
"ar" # Uses: 166
###### End of recommended dictionary. ######
Done 5998 runs in 4 second(s)
[INFO] Tests run: 2, Failures: 0, Errors: 0, Skipped: 0, Time elapsed: 16.42 s -- in com.example.algorithm2.Algorithm2Test
[INFO] 
[INFO] Results:
[INFO] 
[INFO] Tests run: 2, Failures: 0, Errors: 0, Skipped: 0
[INFO] 
[INFO] 
[INFO] --- jacoco:0.8.11:report (default-cli) @ AlgorithmName2 ---
[INFO] Loading execution data file /tmp/bugrun/compress_5.fzCOpb/target/jacoco.exec
[INFO] Analyzed bundle 'AlgorithmName2' with 64 classes
[INFO] ------------------------------------------------------------------------
[INFO] BUILD SUCCESS
[INFO] ------------------------------------------------------------------------
[INFO] Total time:  31.192 s
[INFO] Finished at: 2026-10-06T04:24:09+07:00
[INFO] ------------------------------------------------------------------------
