[INFO] Scanning for projects...
[INFO] 
[INFO] ---------------------< com.example:AlgorithmName2 >---------------------
[INFO] Building AlgorithmName2 1.0-SNAPSHOT
[INFO]   from pom.xml
[INFO] --------------------------------[ jar ]---------------------------------
[INFO] 
[INFO] --- jacoco:0.8.11:prepare-agent (default) @ AlgorithmName2 ---
[INFO] argLine set to -javaagent:/home/kanyaphak673380391-3/.m2/repository/org/jacoco/org.jacoco.agent/0.8.11/org.jacoco.agent-0.8.11-runtime.jar=destfile=/tmp/bugrun/lang_46.cl9aIV/target/jacoco.exec
[INFO] 
[INFO] --- resources:3.4.0:resources (default-resources) @ AlgorithmName2 ---
[INFO] Copying 1 resource from src/main/resources to target/classes
[INFO] 
[INFO] --- compiler:3.15.0:compile (default-compile) @ AlgorithmName2 ---
[INFO] Recompiling the module because of changed source code.
[INFO] Compiling 1 source file with javac [debug target 1.8] to target/classes
[WARNING] bootstrap class path not set in conjunction with -source 8
[INFO] 
[INFO] --- dependency:3.6.0:unpack-dependencies (unpack-defects4j) @ AlgorithmName2 ---
[INFO] 
[INFO] --- resources:3.4.0:testResources (default-testResources) @ AlgorithmName2 ---
[INFO] skip non existing resourceDirectory /tmp/bugrun/lang_46.cl9aIV/src/test/resources
[INFO] 
[INFO] --- compiler:3.15.0:testCompile (default-testCompile) @ AlgorithmName2 ---
[INFO] Recompiling the module because of changed dependency.
[INFO] Compiling 1 source file with javac [debug target 1.8] to target/test-classes
[WARNING] bootstrap class path not set in conjunction with -source 8
[INFO] 
[INFO] --- surefire:3.1.2:test (default-cli) @ AlgorithmName2 ---
[INFO] Using auto detected provider org.apache.maven.surefire.junitplatform.JUnitPlatformProvider
[INFO] 
[INFO] -------------------------------------------------------
[INFO]  T E S T S
[INFO] -------------------------------------------------------
[INFO] Running com.example.algorithm2.Algorithm2Test
OpenJDK 64-Bit Server VM warning: Sharing is only supported for boot loader classes because bootstrap classpath has been appended
INFO: Loaded 288 hooks from com.code_intelligence.jazzer.runtime.TraceCmpHooks
INFO: Loaded 5 hooks from com.code_intelligence.jazzer.runtime.TraceDivHooks
INFO: Loaded 2 hooks from com.code_intelligence.jazzer.runtime.TraceIndirHooks
INFO: Loaded 4 hooks from com.code_intelligence.jazzer.runtime.NativeLibHooks
INFO: Loaded 2 hooks from com.code_intelligence.jazzer.sanitizers.ClojureLangHooks
INFO: Loaded 5 hooks from com.code_intelligence.jazzer.sanitizers.Deserialization
INFO: Loaded 5 hooks from com.code_intelligence.jazzer.sanitizers.ExpressionLanguageInjection
INFO: Loaded 70 hooks from com.code_intelligence.jazzer.sanitizers.LdapInjection
INFO: Loaded 46 hooks from com.code_intelligence.jazzer.sanitizers.NamingContextLookup
INFO: Loaded 1 hooks from com.code_intelligence.jazzer.sanitizers.OsCommandInjection
INFO: Loaded 52 hooks from com.code_intelligence.jazzer.sanitizers.ReflectiveCall
INFO: Loaded 8 hooks from com.code_intelligence.jazzer.sanitizers.RegexInjection
INFO: Loaded 16 hooks from com.code_intelligence.jazzer.sanitizers.RegexRoadblocks
INFO: Loaded 18 hooks from com.code_intelligence.jazzer.sanitizers.ScriptEngineInjection
INFO: Loaded 2 hooks from com.code_intelligence.jazzer.sanitizers.ServerSideRequestForgery
INFO: Loaded 19 hooks from com.code_intelligence.jazzer.sanitizers.SqlInjection
INFO: Loaded 6 hooks from com.code_intelligence.jazzer.sanitizers.XPathInjection
INFO: Instrumented com.example.algorithm2.Algorithm2Test$Skip (took 261 ms, size +44%)
INFO: Instrumented com.example.algorithm2.Algorithm2Test (took 260 ms, size +27%)
INFO: New number of coverage counters: 1024
INFO: New number of coverage counters: 2048
INFO: Instrumented org.apache.commons.lang.StringUtils (took 453 ms, size +32%)
[harness] Fallback target loaded: org.apache.commons.lang.StringUtils (original was org.apache.commons.lang3.StringUtils)
[harness] target=org.apache.commons.lang.StringUtils factories=1 methods=152
INFO: Instrumented org.apache.commons.lang.StringEscapeUtils (took 68 ms, size +20%)
INFO: Instrumented org.apache.commons.lang.exception.NestableRuntimeException (took 14 ms, size +22%)
INFO: Instrumented org.apache.commons.lang.exception.Nestable (took 1 ms, size +0%)
INFO: using inputs from: /tmp/bugrun/lang_46.cl9aIV/.cifuzz-corpus/com.example.algorithm2.Algorithm2Test/testParameterizedFuzzer
INFO: using inputs from: /tmp/jazzer-java-seeds9940771573701437891
INFO: found LLVMFuzzerCustomMutator (0x7b4faf370cd0). Disabling -len_control by default.
INFO: Running with entropic power schedule (0xFF, 100).
INFO: Seed: 2679147590
INFO: Loaded 3 modules   (2048 inline 8-bit counters): 512 [0x7b50c8b06880, 0x7b50c8b06a80), 512 [0x7b50c8b06a80, 0x7b50c8b06c80), 1024 [0x7b50c8b06c80, 0x7b50c8b07080), 
INFO: Loaded 3 PC tables (2048 PCs): 512 [0x7b50c856d7c0,0x7b50c856f7c0), 512 [0x7b50c8c45f30,0x7b50c8c47f30), 1024 [0x7b50c8c47f40,0x7b50c8c4bf40), 
INFO:        0 files found in /tmp/bugrun/lang_46.cl9aIV/.cifuzz-corpus/com.example.algorithm2.Algorithm2Test/testParameterizedFuzzer
INFO:        0 files found in /tmp/jazzer-java-seeds9940771573701437891
INFO: -max_len is not provided; libFuzzer will not generate inputs larger than 4096 bytes
INFO: A corpus is not provided, starting from an empty corpus
#2	INITED cov: 42 ft: 42 corp: 1/1b exec/s: 0 rss: 951Mb
#6	NEW    cov: 47 ft: 47 corp: 2/2b lim: 4 exec/s: 0 rss: 951Mb L: 1/1 MS: 8 InsertByte-Custom-CopyPart-Custom-ShuffleBytes-Custom-EraseBytes-Custom-
#7	NEW    cov: 48 ft: 50 corp: 3/3b lim: 4 exec/s: 0 rss: 951Mb L: 1/1 MS: 2 ChangeBit-Custom-
#16	NEW    cov: 70 ft: 73 corp: 4/5b lim: 4 exec/s: 0 rss: 951Mb L: 2/2 MS: 8 ShuffleBytes-Custom-ShuffleBytes-Custom-CrossOver-Custom-InsertByte-Custom-
#18	NEW    cov: 76 ft: 83 corp: 5/7b lim: 4 exec/s: 0 rss: 951Mb L: 2/2 MS: 4 ChangeBit-Custom-CopyPart-Custom-
#19	NEW    cov: 87 ft: 94 corp: 6/8b lim: 4 exec/s: 0 rss: 952Mb L: 1/2 MS: 2 ChangeByte-Custom-
#20	NEW    cov: 88 ft: 95 corp: 7/9b lim: 4 exec/s: 0 rss: 952Mb L: 1/2 MS: 2 ChangeBit-Custom-
#21	NEW    cov: 101 ft: 108 corp: 8/11b lim: 4 exec/s: 0 rss: 952Mb L: 2/2 MS: 2 ChangeBit-Custom-
#22	NEW    cov: 103 ft: 113 corp: 9/14b lim: 4 exec/s: 0 rss: 952Mb L: 3/3 MS: 2 InsertByte-Custom-
#29	REDUCE cov: 103 ft: 113 corp: 9/13b lim: 4 exec/s: 0 rss: 952Mb L: 1/3 MS: 4 ShuffleBytes-Custom-EraseBytes-Custom-
#33	NEW    cov: 103 ft: 123 corp: 10/15b lim: 4 exec/s: 0 rss: 952Mb L: 2/3 MS: 8 CopyPart-Custom-CopyPart-Custom-CrossOver-Custom-CMP-Custom- DE: "\005\000"-
#36	NEW    cov: 105 ft: 125 corp: 11/19b lim: 4 exec/s: 0 rss: 952Mb L: 4/4 MS: 6 InsertByte-Custom-CopyPart-Custom-PersAutoDict-Custom- DE: "\005\000"-
#38	NEW    cov: 108 ft: 128 corp: 12/21b lim: 4 exec/s: 0 rss: 952Mb L: 2/4 MS: 4 PersAutoDict-Custom-ChangeBit-Custom- DE: "\005\000"-
#39	NEW    cov: 111 ft: 131 corp: 13/22b lim: 4 exec/s: 0 rss: 952Mb L: 1/4 MS: 2 CrossOver-Custom-
#41	NEW    cov: 112 ft: 134 corp: 14/26b lim: 4 exec/s: 0 rss: 952Mb L: 4/4 MS: 4 CrossOver-Custom-PersAutoDict-Custom- DE: "\005\000"-
#43	REDUCE cov: 113 ft: 135 corp: 15/27b lim: 4 exec/s: 0 rss: 952Mb L: 1/4 MS: 4 CrossOver-Custom-ChangeByte-Custom-
#44	REDUCE cov: 113 ft: 135 corp: 15/26b lim: 4 exec/s: 0 rss: 952Mb L: 1/4 MS: 2 EraseBytes-Custom-
#45	NEW    cov: 117 ft: 139 corp: 16/27b lim: 4 exec/s: 0 rss: 952Mb L: 1/4 MS: 2 ChangeByte-Custom-
#46	NEW    cov: 123 ft: 145 corp: 17/30b lim: 4 exec/s: 0 rss: 952Mb L: 3/4 MS: 2 PersAutoDict-Custom- DE: "\005\000"-
#50	REDUCE cov: 126 ft: 148 corp: 18/32b lim: 4 exec/s: 0 rss: 952Mb L: 2/4 MS: 8 ShuffleBytes-Custom-CopyPart-Custom-ChangeByte-Custom-ChangeBit-Custom-
#53	NEW    cov: 126 ft: 151 corp: 19/35b lim: 4 exec/s: 0 rss: 952Mb L: 3/4 MS: 6 ChangeBit-Custom-PersAutoDict-Custom-PersAutoDict-Custom- DE: "\005\000"-"\005\000"-
INFO: Instrumented org.apache.commons.lang.WordUtils (took 59 ms, size +35%)
#54	NEW    cov: 126 ft: 156 corp: 20/39b lim: 4 exec/s: 0 rss: 952Mb L: 4/4 MS: 2 CopyPart-Custom-
#56	REDUCE cov: 126 ft: 156 corp: 20/38b lim: 4 exec/s: 0 rss: 952Mb L: 3/4 MS: 4 EraseBytes-Custom-InsertByte-Custom-
#61	NEW    cov: 126 ft: 158 corp: 21/42b lim: 4 exec/s: 0 rss: 952Mb L: 4/4 MS: 10 ChangeBinInt-Custom-EraseBytes-Custom-CopyPart-Custom-PersAutoDict-Custom-ChangeBinInt-Custom- DE: "\005\000"-
#67	NEW    cov: 128 ft: 160 corp: 22/46b lim: 4 exec/s: 0 rss: 952Mb L: 4/4 MS: 2 PersAutoDict-Custom- DE: "\005\000"-
#76	REDUCE cov: 131 ft: 163 corp: 23/49b lim: 4 exec/s: 0 rss: 952Mb L: 3/4 MS: 8 ChangeBit-Custom-PersAutoDict-Custom-ChangeByte-Custom-ChangeBinInt-Custom- DE: "\005\000"-
#82	NEW    cov: 136 ft: 168 corp: 24/50b lim: 4 exec/s: 0 rss: 952Mb L: 1/4 MS: 2 ChangeByte-Custom-
#86	REDUCE cov: 136 ft: 168 corp: 24/49b lim: 4 exec/s: 0 rss: 952Mb L: 2/4 MS: 8 InsertByte-Custom-ChangeByte-Custom-EraseBytes-Custom-EraseBytes-Custom-
#94	REDUCE cov: 139 ft: 171 corp: 25/52b lim: 4 exec/s: 0 rss: 952Mb L: 3/4 MS: 6 ChangeByte-Custom-InsertByte-Custom-EraseBytes-Custom-
#103	NEW    cov: 142 ft: 174 corp: 26/56b lim: 4 exec/s: 0 rss: 952Mb L: 4/4 MS: 8 CrossOver-Custom-ChangeByte-Custom-CrossOver-Custom-CopyPart-Custom-
#108	NEW    cov: 148 ft: 180 corp: 27/59b lim: 4 exec/s: 0 rss: 952Mb L: 3/4 MS: 10 ShuffleBytes-Custom-InsertByte-Custom-EraseBytes-Custom-CopyPart-Custom-ShuffleBytes-Custom-
INFO: New number of coverage counters: 4096
#109	REDUCE cov: 154 ft: 186 corp: 28/60b lim: 4 exec/s: 0 rss: 952Mb L: 1/4 MS: 2 ChangeByte-Custom-
#111	NEW    cov: 155 ft: 187 corp: 29/61b lim: 4 exec/s: 0 rss: 952Mb L: 1/4 MS: 4 ShuffleBytes-Custom-ChangeASCIIInt-Custom-
#116	NEW    cov: 160 ft: 192 corp: 30/63b lim: 4 exec/s: 0 rss: 952Mb L: 2/4 MS: 10 CopyPart-Custom-PersAutoDict-Custom-CrossOver-Custom-EraseBytes-Custom-ChangeBinInt-Custom- DE: "\005\000"-
#117	NEW    cov: 163 ft: 195 corp: 31/66b lim: 4 exec/s: 0 rss: 952Mb L: 3/4 MS: 2 ChangeBit-Custom-
#122	NEW    cov: 164 ft: 196 corp: 32/68b lim: 4 exec/s: 0 rss: 952Mb L: 2/4 MS: 10 EraseBytes-Custom-PersAutoDict-Custom-ChangeBit-Custom-CopyPart-Custom-ChangeBinInt-Custom- DE: "\005\000"-
#123	REDUCE cov: 165 ft: 197 corp: 33/71b lim: 4 exec/s: 0 rss: 952Mb L: 3/4 MS: 2 CrossOver-Custom-
#125	NEW    cov: 176 ft: 208 corp: 34/74b lim: 4 exec/s: 0 rss: 952Mb L: 3/4 MS: 4 EraseBytes-Custom-InsertByte-Custom-
#141	NEW    cov: 178 ft: 210 corp: 35/75b lim: 4 exec/s: 0 rss: 952Mb L: 1/4 MS: 2 ChangeByte-Custom-
#142	NEW    cov: 180 ft: 212 corp: 36/79b lim: 4 exec/s: 0 rss: 952Mb L: 4/4 MS: 2 ChangeBit-Custom-
#145	NEW    cov: 183 ft: 215 corp: 37/83b lim: 4 exec/s: 0 rss: 952Mb L: 4/4 MS: 6 CMP-Custom-CopyPart-Custom-InsertByte-Custom- DE: "\377\007"-
#149	NEW    cov: 186 ft: 218 corp: 38/87b lim: 4 exec/s: 0 rss: 952Mb L: 4/4 MS: 8 CrossOver-Custom-CopyPart-Custom-ChangeBinInt-Custom-ChangeBit-Custom-
#151	NEW    cov: 188 ft: 220 corp: 39/91b lim: 4 exec/s: 0 rss: 952Mb L: 4/4 MS: 4 ChangeByte-Custom-ChangeBinInt-Custom-
#152	NEW    cov: 192 ft: 224 corp: 40/94b lim: 4 exec/s: 0 rss: 952Mb L: 3/4 MS: 2 ChangeByte-Custom-
#154	NEW    cov: 193 ft: 225 corp: 41/96b lim: 4 exec/s: 0 rss: 952Mb L: 2/4 MS: 4 ShuffleBytes-Custom-CrossOver-Custom-
#155	NEW    cov: 194 ft: 227 corp: 42/99b lim: 4 exec/s: 0 rss: 952Mb L: 3/4 MS: 2 ChangeBit-Custom-
#161	NEW    cov: 205 ft: 238 corp: 43/100b lim: 4 exec/s: 0 rss: 952Mb L: 1/4 MS: 2 EraseBytes-Custom-
#170	REDUCE cov: 207 ft: 240 corp: 44/102b lim: 4 exec/s: 0 rss: 952Mb L: 2/4 MS: 8 CrossOver-Custom-EraseBytes-Custom-CrossOver-Custom-ChangeBit-Custom-
#172	NEW    cov: 207 ft: 248 corp: 45/104b lim: 4 exec/s: 0 rss: 952Mb L: 2/4 MS: 4 ShuffleBytes-Custom-ChangeBinInt-Custom-
#176	NEW    cov: 210 ft: 251 corp: 46/107b lim: 4 exec/s: 0 rss: 952Mb L: 3/4 MS: 8 ShuffleBytes-Custom-InsertByte-Custom-PersAutoDict-Custom-InsertByte-Custom- DE: "\005\000"-
#182	NEW    cov: 211 ft: 252 corp: 47/108b lim: 4 exec/s: 0 rss: 952Mb L: 1/4 MS: 2 ChangeBit-Custom-
#183	NEW    cov: 214 ft: 255 corp: 48/111b lim: 4 exec/s: 0 rss: 952Mb L: 3/4 MS: 2 ChangeBit-Custom-
#185	REDUCE cov: 228 ft: 269 corp: 49/114b lim: 4 exec/s: 0 rss: 952Mb L: 3/4 MS: 4 InsertByte-Custom-CrossOver-Custom-
#186	NEW    cov: 230 ft: 271 corp: 50/116b lim: 4 exec/s: 0 rss: 952Mb L: 2/4 MS: 2 EraseBytes-Custom-
#192	NEW    cov: 231 ft: 272 corp: 51/117b lim: 4 exec/s: 0 rss: 952Mb L: 1/4 MS: 2 ChangeBit-Custom-
#193	NEW    cov: 233 ft: 274 corp: 52/121b lim: 4 exec/s: 0 rss: 952Mb L: 4/4 MS: 2 CopyPart-Custom-
#207	NEW    cov: 238 ft: 283 corp: 53/122b lim: 4 exec/s: 0 rss: 952Mb L: 1/4 MS: 8 ChangeByte-Custom-CopyPart-Custom-EraseBytes-Custom-ChangeBit-Custom-
INFO: Instrumented org.apache.commons.lang.ArrayUtils (took 232 ms, size +21%)
#208	NEW    cov: 240 ft: 285 corp: 54/123b lim: 4 exec/s: 0 rss: 952Mb L: 1/4 MS: 2 ChangeByte-Custom-
#214	REDUCE cov: 240 ft: 285 corp: 54/122b lim: 4 exec/s: 0 rss: 952Mb L: 3/4 MS: 2 EraseBytes-Custom-
#220	NEW    cov: 243 ft: 288 corp: 55/123b lim: 4 exec/s: 0 rss: 952Mb L: 1/4 MS: 2 ChangeBit-Custom-
#222	NEW    cov: 246 ft: 291 corp: 56/126b lim: 4 exec/s: 0 rss: 952Mb L: 3/4 MS: 4 InsertByte-Custom-ShuffleBytes-Custom-
#227	NEW    cov: 248 ft: 293 corp: 57/128b lim: 4 exec/s: 0 rss: 952Mb L: 2/4 MS: 10 CopyPart-Custom-ChangeByte-Custom-ChangeByte-Custom-ChangeBit-Custom-CrossOver-Custom-
#231	REDUCE cov: 250 ft: 295 corp: 58/131b lim: 4 exec/s: 0 rss: 952Mb L: 3/4 MS: 8 ChangeBinInt-Custom-ChangeByte-Custom-ShuffleBytes-Custom-CopyPart-Custom-
#236	NEW    cov: 253 ft: 298 corp: 59/133b lim: 4 exec/s: 0 rss: 952Mb L: 2/4 MS: 10 CrossOver-Custom-PersAutoDict-Custom-ChangeBit-Custom-ChangeByte-Custom-ChangeBit-Custom- DE: "\377\007"-
#238	REDUCE cov: 253 ft: 298 corp: 59/131b lim: 4 exec/s: 0 rss: 952Mb L: 2/4 MS: 4 ShuffleBytes-Custom-EraseBytes-Custom-
#246	NEW    cov: 257 ft: 302 corp: 60/133b lim: 4 exec/s: 0 rss: 952Mb L: 2/4 MS: 6 ChangeByte-Custom-CopyPart-Custom-ChangeBinInt-Custom-
#250	NEW    cov: 258 ft: 303 corp: 61/137b lim: 4 exec/s: 0 rss: 952Mb L: 4/4 MS: 8 InsertByte-Custom-CopyPart-Custom-ChangeBinInt-Custom-ChangeByte-Custom-
#255	NEW    cov: 260 ft: 305 corp: 62/138b lim: 4 exec/s: 0 rss: 952Mb L: 1/4 MS: 10 CrossOver-Custom-EraseBytes-Custom-EraseBytes-Custom-ChangeBit-Custom-ChangeBit-Custom-
#266	NEW    cov: 263 ft: 308 corp: 63/139b lim: 4 exec/s: 0 rss: 952Mb L: 1/4 MS: 2 ChangeBit-Custom-
#268	NEW    cov: 266 ft: 311 corp: 64/140b lim: 4 exec/s: 0 rss: 952Mb L: 1/4 MS: 4 ChangeByte-Custom-ChangeBit-Custom-
#269	REDUCE cov: 266 ft: 311 corp: 64/139b lim: 4 exec/s: 0 rss: 952Mb L: 1/4 MS: 2 EraseBytes-Custom-
#271	NEW    cov: 269 ft: 314 corp: 65/142b lim: 4 exec/s: 0 rss: 952Mb L: 3/4 MS: 4 ChangeBit-Custom-CMP-Custom- DE: "\000\241"-
#280	NEW    cov: 271 ft: 316 corp: 66/146b lim: 4 exec/s: 0 rss: 952Mb L: 4/4 MS: 8 CrossOver-Custom-ChangeBinInt-Custom-PersAutoDict-Custom-ChangeBinInt-Custom- DE: "\005\000"-
#281	NEW    cov: 272 ft: 317 corp: 67/148b lim: 4 exec/s: 0 rss: 952Mb L: 2/4 MS: 2 EraseBytes-Custom-
#283	NEW    cov: 279 ft: 324 corp: 68/152b lim: 4 exec/s: 0 rss: 952Mb L: 4/4 MS: 4 InsertByte-Custom-CrossOver-Custom-
#284	NEW    cov: 281 ft: 326 corp: 69/156b lim: 4 exec/s: 0 rss: 952Mb L: 4/4 MS: 2 ChangeBinInt-Custom-
#286	NEW    cov: 285 ft: 330 corp: 70/157b lim: 4 exec/s: 0 rss: 952Mb L: 1/4 MS: 4 ShuffleBytes-Custom-ChangeBit-Custom-
#287	NEW    cov: 293 ft: 338 corp: 71/161b lim: 4 exec/s: 0 rss: 952Mb L: 4/4 MS: 2 ChangeBinInt-Custom-
#290	NEW    cov: 295 ft: 340 corp: 72/163b lim: 4 exec/s: 0 rss: 952Mb L: 2/4 MS: 6 CopyPart-Custom-EraseBytes-Custom-ChangeByte-Custom-
#294	NEW    cov: 296 ft: 341 corp: 73/167b lim: 4 exec/s: 0 rss: 952Mb L: 4/4 MS: 8 ChangeBit-Custom-PersAutoDict-Custom-ChangeBinInt-Custom-ChangeASCIIInt-Custom- DE: "\000\241"-
#295	NEW    cov: 302 ft: 347 corp: 74/170b lim: 4 exec/s: 0 rss: 952Mb L: 3/4 MS: 2 InsertByte-Custom-
#296	NEW    cov: 304 ft: 349 corp: 75/174b lim: 4 exec/s: 0 rss: 952Mb L: 4/4 MS: 2 ChangeBit-Custom-
#297	NEW    cov: 307 ft: 352 corp: 76/175b lim: 4 exec/s: 0 rss: 952Mb L: 1/4 MS: 2 ChangeBit-Custom-
#300	NEW    cov: 311 ft: 356 corp: 77/177b lim: 4 exec/s: 0 rss: 952Mb L: 2/4 MS: 6 InsertByte-Custom-ChangeBinInt-Custom-ChangeBit-Custom-
#306	NEW    cov: 314 ft: 359 corp: 78/180b lim: 4 exec/s: 0 rss: 952Mb L: 3/4 MS: 2 ChangeByte-Custom-
#315	NEW    cov: 314 ft: 360 corp: 79/183b lim: 4 exec/s: 0 rss: 952Mb L: 3/4 MS: 8 CrossOver-Custom-ChangeBinInt-Custom-CopyPart-Custom-CrossOver-Custom-
#332	NEW    cov: 317 ft: 363 corp: 80/184b lim: 4 exec/s: 0 rss: 952Mb L: 1/4 MS: 4 ChangeBinInt-Custom-ChangeBit-Custom-
#336	NEW    cov: 319 ft: 365 corp: 81/186b lim: 4 exec/s: 0 rss: 952Mb L: 2/4 MS: 8 PersAutoDict-Custom-ChangeByte-Custom-EraseBytes-Custom-ChangeBit-Custom- DE: "\000\241"-
#338	NEW    cov: 327 ft: 373 corp: 82/190b lim: 4 exec/s: 0 rss: 952Mb L: 4/4 MS: 4 CrossOver-Custom-CMP-Custom- DE: "\000\010"-
#344	NEW    cov: 328 ft: 375 corp: 83/193b lim: 4 exec/s: 0 rss: 952Mb L: 3/4 MS: 2 ChangeBit-Custom-
#345	NEW    cov: 328 ft: 376 corp: 84/197b lim: 4 exec/s: 0 rss: 952Mb L: 4/4 MS: 2 InsertByte-Custom-
#365	NEW    cov: 329 ft: 377 corp: 85/199b lim: 4 exec/s: 0 rss: 952Mb L: 2/4 MS: 10 ChangeBit-Custom-InsertByte-Custom-EraseBytes-Custom-InsertByte-Custom-ShuffleBytes-Custom-
#370	NEW    cov: 329 ft: 379 corp: 86/203b lim: 4 exec/s: 0 rss: 952Mb L: 4/4 MS: 10 ChangeByte-Custom-ShuffleBytes-Custom-ChangeByte-Custom-ShuffleBytes-Custom-CrossOver-Custom-
#374	NEW    cov: 331 ft: 381 corp: 87/207b lim: 4 exec/s: 0 rss: 952Mb L: 4/4 MS: 8 CrossOver-Custom-CrossOver-Custom-ChangeByte-Custom-CMP-Custom- DE: "\010\000"-
#377	NEW    cov: 332 ft: 382 corp: 88/209b lim: 4 exec/s: 0 rss: 952Mb L: 2/4 MS: 6 CrossOver-Custom-CMP-Custom-EraseBytes-Custom- DE: "\377\376"-
#378	NEW    cov: 335 ft: 385 corp: 89/211b lim: 4 exec/s: 0 rss: 952Mb L: 2/4 MS: 2 EraseBytes-Custom-
#383	NEW    cov: 345 ft: 395 corp: 90/215b lim: 4 exec/s: 0 rss: 952Mb L: 4/4 MS: 10 ChangeBit-Custom-InsertByte-Custom-CrossOver-Custom-ShuffleBytes-Custom-ChangeByte-Custom-
#384	NEW    cov: 348 ft: 398 corp: 91/216b lim: 4 exec/s: 0 rss: 952Mb L: 1/4 MS: 2 CrossOver-Custom-
#386	NEW    cov: 350 ft: 400 corp: 92/217b lim: 4 exec/s: 0 rss: 952Mb L: 1/4 MS: 4 ChangeBit-Custom-ChangeBit-Custom-
#391	NEW    cov: 353 ft: 403 corp: 93/220b lim: 4 exec/s: 0 rss: 952Mb L: 3/4 MS: 10 CrossOver-Custom-EraseBytes-Custom-ShuffleBytes-Custom-PersAutoDict-Custom-InsertByte-Custom- DE: "\005\000"-
#399	NEW    cov: 356 ft: 406 corp: 94/223b lim: 4 exec/s: 0 rss: 952Mb L: 3/4 MS: 6 ShuffleBytes-Custom-ChangeBinInt-Custom-CrossOver-Custom-
#401	NEW    cov: 356 ft: 408 corp: 95/227b lim: 4 exec/s: 0 rss: 952Mb L: 4/4 MS: 4 CrossOver-Custom-ChangeByte-Custom-
#405	NEW    cov: 358 ft: 410 corp: 96/229b lim: 4 exec/s: 0 rss: 952Mb L: 2/4 MS: 8 PersAutoDict-Custom-ShuffleBytes-Custom-ShuffleBytes-Custom-CrossOver-Custom- DE: "\000\010"-
#418	NEW    cov: 359 ft: 411 corp: 97/233b lim: 4 exec/s: 0 rss: 952Mb L: 4/4 MS: 6 CrossOver-Custom-ChangeByte-Custom-PersAutoDict-Custom- DE: "\000\241"-
#419	NEW    cov: 362 ft: 414 corp: 98/235b lim: 4 exec/s: 0 rss: 952Mb L: 2/4 MS: 2 ChangeBit-Custom-
#422	NEW    cov: 366 ft: 418 corp: 99/238b lim: 4 exec/s: 0 rss: 952Mb L: 3/4 MS: 6 PersAutoDict-Custom-InsertByte-Custom-ChangeByte-Custom- DE: "\005\000"-
#426	NEW    cov: 368 ft: 420 corp: 100/239b lim: 4 exec/s: 0 rss: 952Mb L: 1/4 MS: 8 ChangeByte-Custom-ChangeBit-Custom-ChangeBit-Custom-ChangeByte-Custom-
#444	NEW    cov: 372 ft: 424 corp: 101/243b lim: 4 exec/s: 0 rss: 952Mb L: 4/4 MS: 6 InsertByte-Custom-PersAutoDict-Custom-ChangeBinInt-Custom- DE: "\010\000"-
#446	REDUCE cov: 372 ft: 424 corp: 101/242b lim: 4 exec/s: 0 rss: 952Mb L: 1/4 MS: 4 ShuffleBytes-Custom-EraseBytes-Custom-
#447	NEW    cov: 376 ft: 429 corp: 102/246b lim: 4 exec/s: 0 rss: 952Mb L: 4/4 MS: 2 ChangeByte-Custom-
#454	NEW    cov: 377 ft: 430 corp: 103/250b lim: 4 exec/s: 0 rss: 952Mb L: 4/4 MS: 4 CrossOver-Custom-CrossOver-Custom-
#461	NEW    cov: 379 ft: 432 corp: 104/254b lim: 4 exec/s: 0 rss: 952Mb L: 4/4 MS: 4 InsertByte-Custom-ChangeByte-Custom-
#467	NEW    cov: 383 ft: 436 corp: 105/257b lim: 4 exec/s: 0 rss: 952Mb L: 3/4 MS: 2 InsertByte-Custom-
#503	NEW    cov: 385 ft: 438 corp: 106/261b lim: 4 exec/s: 0 rss: 952Mb L: 4/4 MS: 2 ChangeByte-Custom-
#505	REDUCE cov: 385 ft: 438 corp: 106/260b lim: 4 exec/s: 0 rss: 952Mb L: 1/4 MS: 4 ShuffleBytes-Custom-EraseBytes-Custom-
#509	NEW    cov: 385 ft: 440 corp: 107/264b lim: 4 exec/s: 0 rss: 952Mb L: 4/4 MS: 8 ChangeBit-Custom-CopyPart-Custom-ChangeByte-Custom-CrossOver-Custom-
#518	NEW    cov: 387 ft: 442 corp: 108/267b lim: 4 exec/s: 0 rss: 952Mb L: 3/4 MS: 8 ShuffleBytes-Custom-ShuffleBytes-Custom-CrossOver-Custom-ShuffleBytes-Custom-
#525	REDUCE cov: 388 ft: 443 corp: 109/270b lim: 4 exec/s: 0 rss: 952Mb L: 3/4 MS: 4 ShuffleBytes-Custom-PersAutoDict-Custom- DE: "\000\241"-
#537	NEW    cov: 390 ft: 445 corp: 110/271b lim: 4 exec/s: 0 rss: 952Mb L: 1/4 MS: 4 ShuffleBytes-Custom-ChangeBit-Custom-
#557	NEW    cov: 394 ft: 449 corp: 111/274b lim: 4 exec/s: 0 rss: 952Mb L: 3/4 MS: 10 InsertByte-Custom-CopyPart-Custom-EraseBytes-Custom-CopyPart-Custom-ChangeByte-Custom-
#574	NEW    cov: 398 ft: 459 corp: 112/277b lim: 4 exec/s: 0 rss: 952Mb L: 3/4 MS: 4 ShuffleBytes-Custom-ChangeBit-Custom-
#579	NEW    cov: 400 ft: 461 corp: 113/278b lim: 4 exec/s: 0 rss: 952Mb L: 1/4 MS: 10 CrossOver-Custom-ChangeBit-Custom-CrossOver-Custom-ChangeBinInt-Custom-CrossOver-Custom-
#585	REDUCE cov: 400 ft: 461 corp: 113/277b lim: 4 exec/s: 0 rss: 952Mb L: 1/4 MS: 2 EraseBytes-Custom-
#597	NEW    cov: 403 ft: 464 corp: 114/279b lim: 4 exec/s: 0 rss: 952Mb L: 2/4 MS: 4 EraseBytes-Custom-InsertByte-Custom-
#599	NEW    cov: 405 ft: 466 corp: 115/282b lim: 4 exec/s: 0 rss: 952Mb L: 3/4 MS: 4 ShuffleBytes-Custom-ChangeBit-Custom-
#610	NEW    cov: 405 ft: 471 corp: 116/285b lim: 4 exec/s: 0 rss: 952Mb L: 3/4 MS: 2 CopyPart-Custom-
#612	REDUCE cov: 405 ft: 471 corp: 116/284b lim: 4 exec/s: 0 rss: 952Mb L: 3/4 MS: 4 ShuffleBytes-Custom-EraseBytes-Custom-
#613	NEW    cov: 408 ft: 474 corp: 117/285b lim: 4 exec/s: 0 rss: 952Mb L: 1/4 MS: 2 ChangeBit-Custom-
#615	NEW    cov: 409 ft: 478 corp: 118/289b lim: 4 exec/s: 0 rss: 952Mb L: 4/4 MS: 4 CrossOver-Custom-ChangeBinInt-Custom-
#634	NEW    cov: 410 ft: 479 corp: 119/292b lim: 4 exec/s: 0 rss: 952Mb L: 3/4 MS: 8 ChangeBit-Custom-ChangeByte-Custom-EraseBytes-Custom-CopyPart-Custom-
#638	NEW    cov: 412 ft: 484 corp: 120/295b lim: 4 exec/s: 0 rss: 952Mb L: 3/4 MS: 8 PersAutoDict-Custom-EraseBytes-Custom-ChangeByte-Custom-CrossOver-Custom- DE: "\010\000"-
#642	NEW    cov: 414 ft: 486 corp: 121/298b lim: 4 exec/s: 0 rss: 952Mb L: 3/4 MS: 8 PersAutoDict-Custom-ChangeByte-Custom-ChangeByte-Custom-ChangeBit-Custom- DE: "\377\007"-
#648	NEW    cov: 417 ft: 489 corp: 122/299b lim: 4 exec/s: 0 rss: 952Mb L: 1/4 MS: 2 ChangeBit-Custom-
#653	NEW    cov: 419 ft: 494 corp: 123/303b lim: 4 exec/s: 0 rss: 952Mb L: 4/4 MS: 10 PersAutoDict-Custom-ShuffleBytes-Custom-ChangeBit-Custom-ChangeBinInt-Custom-ChangeByte-Custom- DE: "\377\376"-
#689	NEW    cov: 422 ft: 497 corp: 124/307b lim: 4 exec/s: 0 rss: 952Mb L: 4/4 MS: 2 ChangeBit-Custom-
#695	REDUCE cov: 425 ft: 500 corp: 125/309b lim: 4 exec/s: 0 rss: 952Mb L: 2/4 MS: 2 ChangeByte-Custom-
#722	REDUCE cov: 425 ft: 500 corp: 125/308b lim: 4 exec/s: 0 rss: 952Mb L: 2/4 MS: 4 CopyPart-Custom-EraseBytes-Custom-
#734	NEW    cov: 428 ft: 503 corp: 126/309b lim: 4 exec/s: 0 rss: 952Mb L: 1/4 MS: 4 ShuffleBytes-Custom-ChangeBit-Custom-
#742	NEW    cov: 430 ft: 505 corp: 127/313b lim: 4 exec/s: 0 rss: 952Mb L: 4/4 MS: 6 ChangeByte-Custom-CrossOver-Custom-ShuffleBytes-Custom-
#746	NEW    cov: 432 ft: 507 corp: 128/314b lim: 4 exec/s: 0 rss: 952Mb L: 1/4 MS: 8 EraseBytes-Custom-ChangeByte-Custom-ShuffleBytes-Custom-EraseBytes-Custom-
#748	NEW    cov: 435 ft: 510 corp: 129/318b lim: 4 exec/s: 0 rss: 952Mb L: 4/4 MS: 4 PersAutoDict-Custom-InsertByte-Custom- DE: "\000\241"-
#755	NEW    cov: 437 ft: 512 corp: 130/319b lim: 4 exec/s: 0 rss: 952Mb L: 1/4 MS: 4 ShuffleBytes-Custom-ChangeBit-Custom-
#756	NEW    cov: 437 ft: 514 corp: 131/323b lim: 4 exec/s: 0 rss: 952Mb L: 4/4 MS: 2 CopyPart-Custom-
#759	NEW    cov: 439 ft: 516 corp: 132/327b lim: 4 exec/s: 0 rss: 952Mb L: 4/4 MS: 6 ShuffleBytes-Custom-ChangeByte-Custom-ChangeBit-Custom-
#764	NEW    cov: 440 ft: 517 corp: 133/330b lim: 4 exec/s: 0 rss: 952Mb L: 3/4 MS: 10 CMP-Custom-EraseBytes-Custom-InsertByte-Custom-EraseBytes-Custom-ChangeByte-Custom- DE: "\001\177"-
#767	REDUCE cov: 442 ft: 519 corp: 134/331b lim: 4 exec/s: 0 rss: 952Mb L: 1/4 MS: 6 CopyPart-Custom-EraseBytes-Custom-ChangeByte-Custom-
#768	NEW    cov: 443 ft: 520 corp: 135/335b lim: 4 exec/s: 0 rss: 952Mb L: 4/4 MS: 2 ChangeBit-Custom-
#771	NEW    cov: 445 ft: 522 corp: 136/338b lim: 4 exec/s: 0 rss: 952Mb L: 3/4 MS: 6 CopyPart-Custom-ChangeBit-Custom-ChangeByte-Custom-
#806	NEW    cov: 447 ft: 524 corp: 137/342b lim: 4 exec/s: 0 rss: 952Mb L: 4/4 MS: 10 CopyPart-Custom-ShuffleBytes-Custom-ChangeByte-Custom-ChangeBit-Custom-CopyPart-Custom-
#816	NEW    cov: 450 ft: 527 corp: 138/344b lim: 4 exec/s: 0 rss: 952Mb L: 2/4 MS: 10 InsertByte-Custom-InsertByte-Custom-ChangeByte-Custom-ShuffleBytes-Custom-EraseBytes-Custom-
#822	NEW    cov: 452 ft: 529 corp: 139/346b lim: 4 exec/s: 0 rss: 952Mb L: 2/4 MS: 2 ChangeBit-Custom-
#823	NEW    cov: 455 ft: 532 corp: 140/349b lim: 4 exec/s: 0 rss: 952Mb L: 3/4 MS: 2 ShuffleBytes-Custom-
#824	NEW    cov: 456 ft: 533 corp: 141/352b lim: 4 exec/s: 0 rss: 952Mb L: 3/4 MS: 2 ChangeByte-Custom-
#827	NEW    cov: 456 ft: 535 corp: 142/356b lim: 4 exec/s: 0 rss: 952Mb L: 4/4 MS: 6 ChangeBit-Custom-CopyPart-Custom-ChangeBit-Custom-
#830	NEW    cov: 462 ft: 541 corp: 143/360b lim: 4 exec/s: 0 rss: 952Mb L: 4/4 MS: 6 InsertByte-Custom-ShuffleBytes-Custom-CrossOver-Custom-
#832	NEW    cov: 464 ft: 543 corp: 144/362b lim: 4 exec/s: 0 rss: 952Mb L: 2/4 MS: 4 PersAutoDict-Custom-PersAutoDict-Custom- DE: "\005\000"-"\001\177"-
#835	NEW    cov: 472 ft: 551 corp: 145/363b lim: 4 exec/s: 0 rss: 952Mb L: 1/4 MS: 6 CopyPart-Custom-EraseBytes-Custom-ChangeBit-Custom-
#843	REDUCE cov: 472 ft: 551 corp: 145/362b lim: 4 exec/s: 0 rss: 952Mb L: 2/4 MS: 6 PersAutoDict-Custom-ChangeByte-Custom-EraseBytes-Custom- DE: "\010\000"-
#847	NEW    cov: 475 ft: 554 corp: 146/364b lim: 4 exec/s: 0 rss: 952Mb L: 2/4 MS: 8 EraseBytes-Custom-ChangeByte-Custom-ShuffleBytes-Custom-ChangeBinInt-Custom-
#858	NEW    cov: 477 ft: 556 corp: 147/366b lim: 4 exec/s: 0 rss: 952Mb L: 2/4 MS: 2 EraseBytes-Custom-
#863	NEW    cov: 480 ft: 559 corp: 148/370b lim: 4 exec/s: 0 rss: 952Mb L: 4/4 MS: 10 ShuffleBytes-Custom-CrossOver-Custom-ChangeBinInt-Custom-ChangeBit-Custom-ShuffleBytes-Custom-
#872	NEW    cov: 483 ft: 562 corp: 149/374b lim: 4 exec/s: 0 rss: 952Mb L: 4/4 MS: 8 ChangeByte-Custom-EraseBytes-Custom-InsertByte-Custom-InsertByte-Custom-
#889	NEW    cov: 487 ft: 566 corp: 150/378b lim: 4 exec/s: 0 rss: 952Mb L: 4/4 MS: 4 ChangeASCIIInt-Custom-ShuffleBytes-Custom-
#890	REDUCE cov: 488 ft: 567 corp: 151/380b lim: 4 exec/s: 0 rss: 952Mb L: 2/4 MS: 2 EraseBytes-Custom-
#906	NEW    cov: 488 ft: 568 corp: 152/381b lim: 4 exec/s: 0 rss: 952Mb L: 1/4 MS: 2 CopyPart-Custom-
#909	NEW    cov: 491 ft: 571 corp: 153/383b lim: 4 exec/s: 0 rss: 952Mb L: 2/4 MS: 6 ShuffleBytes-Custom-ChangeASCIIInt-Custom-EraseBytes-Custom-
#932	REDUCE cov: 491 ft: 571 corp: 153/381b lim: 4 exec/s: 0 rss: 952Mb L: 2/4 MS: 6 PersAutoDict-Custom-CopyPart-Custom-EraseBytes-Custom- DE: "\377\007"-
#945	NEW    cov: 497 ft: 577 corp: 154/384b lim: 4 exec/s: 0 rss: 952Mb L: 3/4 MS: 6 ChangeBit-Custom-InsertByte-Custom-ChangeBit-Custom-
#1070	NEW    cov: 499 ft: 579 corp: 155/385b lim: 4 exec/s: 0 rss: 952Mb L: 1/4 MS: 10 CopyPart-Custom-CrossOver-Custom-CopyPart-Custom-CrossOver-Custom-ChangeBit-Custom-
#1081	NEW    cov: 500 ft: 581 corp: 156/389b lim: 4 exec/s: 0 rss: 952Mb L: 4/4 MS: 2 PersAutoDict-Custom- DE: "\005\000"-
#1102	REDUCE cov: 500 ft: 581 corp: 156/388b lim: 4 exec/s: 0 rss: 952Mb L: 1/4 MS: 2 EraseBytes-Custom-
#1104	NEW    cov: 502 ft: 583 corp: 157/389b lim: 4 exec/s: 0 rss: 952Mb L: 1/4 MS: 4 ShuffleBytes-Custom-ChangeBit-Custom-
#1112	NEW    cov: 504 ft: 585 corp: 158/393b lim: 4 exec/s: 0 rss: 952Mb L: 4/4 MS: 6 ChangeByte-Custom-ChangeByte-Custom-ChangeByte-Custom-
#1140	NEW    cov: 506 ft: 587 corp: 159/396b lim: 4 exec/s: 0 rss: 952Mb L: 3/4 MS: 6 ShuffleBytes-Custom-EraseBytes-Custom-ChangeBit-Custom-
#1174	NEW    cov: 508 ft: 589 corp: 160/400b lim: 4 exec/s: 0 rss: 952Mb L: 4/4 MS: 8 ChangeBit-Custom-PersAutoDict-Custom-CrossOver-Custom-ChangeByte-Custom- DE: "\005\000"-
#1175	NEW    cov: 510 ft: 591 corp: 161/401b lim: 4 exec/s: 0 rss: 952Mb L: 1/4 MS: 2 ChangeBinInt-Custom-
#1184	REDUCE cov: 512 ft: 593 corp: 162/402b lim: 4 exec/s: 0 rss: 952Mb L: 1/4 MS: 8 ChangeBinInt-Custom-ChangeByte-Custom-InsertByte-Custom-EraseBytes-Custom-
MS: 8 ChangeByte-Custom-CopyPart-Custom-ChangeBit-Custom-CrossOver-Custom-; base unit: 06e4e4d876118c47d3db790e84ddf56b40f6c5e4
0xef,
DEDUP_TOKEN: 65ce3004b9b57a63
\357
artifact_prefix='/tmp/bugrun/lang_46.cl9aIV/'; Test unit written to /tmp/bugrun/lang_46.cl9aIV/crash-55df2a59ed6a888ee2f0cdfdcc8582696702de7a
Base64: 7w==
Done 1188 runs in 0 second(s)
[ERROR] Tests run: 2, Failures: 0, Errors: 1, Skipped: 0, Time elapsed: 9.873 s <<< FAILURE! -- in com.example.algorithm2.Algorithm2Test
[ERROR] com.example.algorithm2.Algorithm2Test.testParameterizedFuzzer(FuzzedDataProvider)[2] -- Time elapsed: 0.877 s <<< ERROR!
java.lang.IllegalArgumentException: Minimum abbreviation width is 4
	at org.apache.commons.lang.StringUtils.abbreviate(StringUtils.java:5433)
	at java.base/jdk.internal.reflect.NativeMethodAccessorImpl.invoke0(Native Method)
	at java.base/jdk.internal.reflect.NativeMethodAccessorImpl.invoke(NativeMethodAccessorImpl.java:62)
	at java.base/jdk.internal.reflect.DelegatingMethodAccessorImpl.invoke(DelegatingMethodAccessorImpl.java:43)
	at java.base/java.lang.reflect.Method.invoke(Method.java:566)
	at com.example.algorithm2.Algorithm2Test.testParameterizedFuzzer(Algorithm2Test.java:226)

[INFO] 
[INFO] Results:
[INFO] 
[ERROR] Errors: 
[ERROR]   Algorithm2Test.testParameterizedFuzzer:226 » IllegalArgument Minimum abbreviation width is 4
[INFO] 
[ERROR] Tests run: 2, Failures: 0, Errors: 1, Skipped: 0
[INFO] 
[ERROR] 

Please refer to /tmp/bugrun/lang_46.cl9aIV/target/surefire-reports for the individual test results.
Please refer to dump files (if any exist) [date].dump, [date]-jvmRun[N].dump and [date].dumpstream.
[INFO] 
[INFO] --- jacoco:0.8.11:report (default-cli) @ AlgorithmName2 ---
[INFO] Loading execution data file /tmp/bugrun/lang_46.cl9aIV/target/jacoco.exec
[INFO] Analyzed bundle 'AlgorithmName2' with 122 classes
[INFO] ------------------------------------------------------------------------
[INFO] BUILD SUCCESS
[INFO] ------------------------------------------------------------------------
[INFO] Total time:  29.304 s
[INFO] Finished at: 2026-10-06T02:09:41+07:00
[INFO] ------------------------------------------------------------------------
