[INFO] Scanning for projects...
[INFO] 
[INFO] ---------------------< com.example:AlgorithmName2 >---------------------
[INFO] Building AlgorithmName2 1.0-SNAPSHOT
[INFO]   from pom.xml
[INFO] --------------------------------[ jar ]---------------------------------
[INFO] 
[INFO] --- jacoco:0.8.11:prepare-agent (default) @ AlgorithmName2 ---
[INFO] argLine set to -javaagent:/home/kanyaphak673380391-3/.m2/repository/org/jacoco/org.jacoco.agent/0.8.11/org.jacoco.agent-0.8.11-runtime.jar=destfile=/tmp/bugrun/mockito_19.VqwRCc/target/jacoco.exec
[INFO] 
[INFO] --- resources:3.4.0:resources (default-resources) @ AlgorithmName2 ---
[INFO] Copying 1 resource from src/main/resources to target/classes
[INFO] 
[INFO] --- compiler:3.15.0:compile (default-compile) @ AlgorithmName2 ---
[INFO] Recompiling the module because of changed source code.
[INFO] Compiling 1 source file with javac [debug target 1.8] to target/classes
[WARNING] bootstrap class path not set in conjunction with -source 8
[INFO] 
[INFO] --- dependency:3.6.0:unpack-dependencies (unpack-defects4j) @ AlgorithmName2 ---
[INFO] 
[INFO] --- resources:3.4.0:testResources (default-testResources) @ AlgorithmName2 ---
[INFO] skip non existing resourceDirectory /tmp/bugrun/mockito_19.VqwRCc/src/test/resources
[INFO] 
[INFO] --- compiler:3.15.0:testCompile (default-testCompile) @ AlgorithmName2 ---
[INFO] Recompiling the module because of changed dependency.
[INFO] Compiling 1 source file with javac [debug target 1.8] to target/test-classes
[WARNING] bootstrap class path not set in conjunction with -source 8
[INFO] 
[INFO] --- surefire:3.1.2:test (default-cli) @ AlgorithmName2 ---
[INFO] Using auto detected provider org.apache.maven.surefire.junitplatform.JUnitPlatformProvider
[INFO] 
[INFO] -------------------------------------------------------
[INFO]  T E S T S
[INFO] -------------------------------------------------------
[INFO] Running com.example.algorithm2.Algorithm2Test
OpenJDK 64-Bit Server VM warning: Sharing is only supported for boot loader classes because bootstrap classpath has been appended
INFO: Loaded 281 hooks from com.code_intelligence.jazzer.runtime.TraceCmpHooks
INFO: Loaded 5 hooks from com.code_intelligence.jazzer.runtime.TraceDivHooks
INFO: Loaded 2 hooks from com.code_intelligence.jazzer.runtime.TraceIndirHooks
INFO: Loaded 4 hooks from com.code_intelligence.jazzer.runtime.NativeLibHooks
INFO: Loaded 2 hooks from com.code_intelligence.jazzer.sanitizers.ClojureLangHooks
INFO: Loaded 5 hooks from com.code_intelligence.jazzer.sanitizers.Deserialization
INFO: Loaded 5 hooks from com.code_intelligence.jazzer.sanitizers.ExpressionLanguageInjection
INFO: Loaded 70 hooks from com.code_intelligence.jazzer.sanitizers.LdapInjection
INFO: Loaded 46 hooks from com.code_intelligence.jazzer.sanitizers.NamingContextLookup
INFO: Loaded 1 hooks from com.code_intelligence.jazzer.sanitizers.OsCommandInjection
INFO: Loaded 56 hooks from com.code_intelligence.jazzer.sanitizers.ReflectiveCall
INFO: Loaded 8 hooks from com.code_intelligence.jazzer.sanitizers.RegexInjection
INFO: Loaded 16 hooks from com.code_intelligence.jazzer.sanitizers.RegexRoadblocks
INFO: Loaded 18 hooks from com.code_intelligence.jazzer.sanitizers.ScriptEngineInjection
INFO: Loaded 2 hooks from com.code_intelligence.jazzer.sanitizers.ServerSideRequestForgery
INFO: Loaded 19 hooks from com.code_intelligence.jazzer.sanitizers.SqlInjection
INFO: Loaded 6 hooks from com.code_intelligence.jazzer.sanitizers.XPathInjection
INFO: Instrumented com.example.algorithm2.Algorithm2Test$Skip (took 400 ms, size +44%)
INFO: Instrumented com.example.algorithm2.Algorithm2Test (took 429 ms, size +27%)
INFO: Instrumented org.mockito.internal.invocation.InvocationMatcher (took 314 ms, size +24%)
INFO: Instrumented org.mockito.invocation.DescribedInvocation (took 1 ms, size +0%)
INFO: Instrumented org.mockito.exceptions.PrintableInvocation (took 21 ms, size +0%)
INFO: Instrumented org.mockito.internal.invocation.CapturesArgumensFromInvocation (took 1 ms, size +0%)
INFO: Instrumented org.mockito.invocation.Invocation (took 1 ms, size +0%)
INFO: Instrumented org.mockito.invocation.InvocationOnMock (took 1 ms, size +0%)
INFO: Instrumented org.mockito.invocation.Location (took 2 ms, size +0%)
[harness] target=org.mockito.internal.invocation.InvocationMatcher factories=2 methods=10
INFO: Instrumented org.mockito.invocation.StubInfo (took 1 ms, size +0%)
INFO: Instrumented org.mockito.internal.invocation.ArgumentsProcessor (took 39 ms, size +31%)
INFO: found LLVMFuzzerCustomMutator (0x7c33282a5cd0). Disabling -len_control by default.
INFO: Running with entropic power schedule (0xFF, 100).
INFO: Seed: 1037252080
INFO: using inputs from: /tmp/bugrun/mockito_19.VqwRCc/.cifuzz-corpus/com.example.algorithm2.Algorithm2Test/testParameterizedFuzzer
INFO: using inputs from: /tmp/jazzer-java-seeds8109864234650834401
INFO: Loaded 1 modules   (512 inline 8-bit counters): 512 [0x7c33a09f5860, 0x7c33a09f5a60), 
INFO: Loaded 1 PC tables (512 PCs): 512 [0x7c33a067a260,0x7c33a067c260), 
INFO:        0 files found in /tmp/bugrun/mockito_19.VqwRCc/.cifuzz-corpus/com.example.algorithm2.Algorithm2Test/testParameterizedFuzzer
INFO:        0 files found in /tmp/jazzer-java-seeds8109864234650834401
INFO: -max_len is not provided; libFuzzer will not generate inputs larger than 4096 bytes
INFO: A corpus is not provided, starting from an empty corpus
#2	INITED cov: 55 ft: 55 corp: 1/1b exec/s: 0 rss: 1236Mb
#3	NEW    cov: 56 ft: 67 corp: 2/3b lim: 4 exec/s: 0 rss: 1236Mb L: 2/2 MS: 2 InsertByte-Custom-
#11	NEW    cov: 66 ft: 96 corp: 3/6b lim: 4 exec/s: 0 rss: 1236Mb L: 3/3 MS: 6 EraseBytes-Custom-CopyPart-Custom-InsertByte-Custom-
#26	NEW    cov: 66 ft: 98 corp: 4/10b lim: 4 exec/s: 0 rss: 1236Mb L: 4/4 MS: 10 ChangeByte-Custom-CrossOver-Custom-ChangeBit-Custom-ChangeByte-Custom-InsertByte-Custom-
#34	NEW    cov: 71 ft: 115 corp: 5/14b lim: 4 exec/s: 0 rss: 1237Mb L: 4/4 MS: 6 ChangeBinInt-Custom-ChangeBit-Custom-ChangeByte-Custom-
#41	NEW    cov: 72 ft: 118 corp: 6/18b lim: 4 exec/s: 0 rss: 1239Mb L: 4/4 MS: 4 CopyPart-Custom-ShuffleBytes-Custom-
MS: 6 InsertByte-Custom-EraseBytes-Custom-InsertByte-Custom-; base unit: a0f99e4c96b530c5c4bdf1dd749b1b6cc3882687
0xa,0x30,0x24,
\0120$
artifact_prefix='/tmp/bugrun/mockito_19.VqwRCc/'; Test unit written to /tmp/bugrun/mockito_19.VqwRCc/crash-bf6096b41b36fa93f8efdd570a76a4119b420b52
Base64: CjAk
Done 44 runs in 0 second(s)
DEDUP_TOKEN: d4e2ff70cd007220
[ERROR] Tests run: 2, Failures: 0, Errors: 1, Skipped: 0, Time elapsed: 23.02 s <<< FAILURE! -- in com.example.algorithm2.Algorithm2Test
[ERROR] com.example.algorithm2.Algorithm2Test.testParameterizedFuzzer(FuzzedDataProvider)[2] -- Time elapsed: 0.892 s <<< ERROR!
java.lang.NullPointerException
	at org.mockito.internal.invocation.InvocationMatcher.hasSameMethod(InvocationMatcher.java:101)
	at java.base/jdk.internal.reflect.NativeMethodAccessorImpl.invoke0(Native Method)
	at java.base/jdk.internal.reflect.NativeMethodAccessorImpl.invoke(NativeMethodAccessorImpl.java:62)
	at java.base/jdk.internal.reflect.DelegatingMethodAccessorImpl.invoke(DelegatingMethodAccessorImpl.java:43)
	at java.base/java.lang.reflect.Method.invoke(Method.java:566)
	at com.example.algorithm2.Algorithm2Test.testParameterizedFuzzer(Algorithm2Test.java:226)

[INFO] 
[INFO] Results:
[INFO] 
[ERROR] Errors: 
[ERROR]   Algorithm2Test.testParameterizedFuzzer:226 » NullPointer
[INFO] 
[ERROR] Tests run: 2, Failures: 0, Errors: 1, Skipped: 0
[INFO] 
[ERROR] 

Please refer to /tmp/bugrun/mockito_19.VqwRCc/target/surefire-reports for the individual test results.
Please refer to dump files (if any exist) [date].dump, [date]-jvmRun[N].dump and [date].dumpstream.
[INFO] 
[INFO] --- jacoco:0.8.11:report (default-cli) @ AlgorithmName2 ---
[INFO] Loading execution data file /tmp/bugrun/mockito_19.VqwRCc/target/jacoco.exec
[INFO] Analyzed bundle 'AlgorithmName2' with 312 classes
[INFO] ------------------------------------------------------------------------
[INFO] BUILD SUCCESS
[INFO] ------------------------------------------------------------------------
[INFO] Total time:  44.465 s
[INFO] Finished at: 2026-10-06T01:42:20+07:00
[INFO] ------------------------------------------------------------------------
