[INFO] Scanning for projects...
[INFO] 
[INFO] ---------------------< com.example:AlgorithmName2 >---------------------
[INFO] Building AlgorithmName2 1.0-SNAPSHOT
[INFO]   from pom.xml
[INFO] --------------------------------[ jar ]---------------------------------
[INFO] 
[INFO] --- jacoco:0.8.11:prepare-agent (default) @ AlgorithmName2 ---
[INFO] argLine set to -javaagent:/home/kanyaphak673380391-3/.m2/repository/org/jacoco/org.jacoco.agent/0.8.11/org.jacoco.agent-0.8.11-runtime.jar=destfile=/tmp/bugrun/math_44.O72VYJ/target/jacoco.exec
[INFO] 
[INFO] --- resources:3.4.0:resources (default-resources) @ AlgorithmName2 ---
[INFO] Copying 1 resource from src/main/resources to target/classes
[INFO] 
[INFO] --- compiler:3.15.0:compile (default-compile) @ AlgorithmName2 ---
[INFO] Recompiling the module because of changed source code.
[INFO] Compiling 1 source file with javac [debug target 1.8] to target/classes
[WARNING] bootstrap class path not set in conjunction with -source 8
[INFO] 
[INFO] --- dependency:3.6.0:unpack-dependencies (unpack-defects4j) @ AlgorithmName2 ---
[INFO] 
[INFO] --- resources:3.4.0:testResources (default-testResources) @ AlgorithmName2 ---
[INFO] skip non existing resourceDirectory /tmp/bugrun/math_44.O72VYJ/src/test/resources
[INFO] 
[INFO] --- compiler:3.15.0:testCompile (default-testCompile) @ AlgorithmName2 ---
[INFO] Recompiling the module because of changed dependency.
[INFO] Compiling 1 source file with javac [debug target 1.8] to target/test-classes
[WARNING] bootstrap class path not set in conjunction with -source 8
[INFO] 
[INFO] --- surefire:3.1.2:test (default-cli) @ AlgorithmName2 ---
[INFO] Using auto detected provider org.apache.maven.surefire.junitplatform.JUnitPlatformProvider
[INFO] 
[INFO] -------------------------------------------------------
[INFO]  T E S T S
[INFO] -------------------------------------------------------
[INFO] Running com.example.algorithm2.Algorithm2Test
OpenJDK 64-Bit Server VM warning: Sharing is only supported for boot loader classes because bootstrap classpath has been appended
INFO: Loaded 283 hooks from com.code_intelligence.jazzer.runtime.TraceCmpHooks
INFO: Loaded 5 hooks from com.code_intelligence.jazzer.runtime.TraceDivHooks
INFO: Loaded 2 hooks from com.code_intelligence.jazzer.runtime.TraceIndirHooks
INFO: Loaded 4 hooks from com.code_intelligence.jazzer.runtime.NativeLibHooks
INFO: Loaded 2 hooks from com.code_intelligence.jazzer.sanitizers.ClojureLangHooks
INFO: Loaded 5 hooks from com.code_intelligence.jazzer.sanitizers.Deserialization
INFO: Loaded 5 hooks from com.code_intelligence.jazzer.sanitizers.ExpressionLanguageInjection
INFO: Loaded 70 hooks from com.code_intelligence.jazzer.sanitizers.LdapInjection
INFO: Loaded 46 hooks from com.code_intelligence.jazzer.sanitizers.NamingContextLookup
INFO: Loaded 1 hooks from com.code_intelligence.jazzer.sanitizers.OsCommandInjection
INFO: Loaded 52 hooks from com.code_intelligence.jazzer.sanitizers.ReflectiveCall
INFO: Loaded 8 hooks from com.code_intelligence.jazzer.sanitizers.RegexInjection
INFO: Loaded 16 hooks from com.code_intelligence.jazzer.sanitizers.RegexRoadblocks
INFO: Loaded 18 hooks from com.code_intelligence.jazzer.sanitizers.ScriptEngineInjection
INFO: Loaded 2 hooks from com.code_intelligence.jazzer.sanitizers.ServerSideRequestForgery
INFO: Loaded 19 hooks from com.code_intelligence.jazzer.sanitizers.SqlInjection
INFO: Loaded 6 hooks from com.code_intelligence.jazzer.sanitizers.XPathInjection
INFO: Instrumented com.example.algorithm2.Algorithm2Test$Skip (took 179 ms, size +44%)
INFO: Instrumented com.example.algorithm2.Algorithm2Test (took 256 ms, size +27%)
INFO: New number of coverage counters: 1024
INFO: Instrumented org.apache.commons.math.util.Precision (took 186 ms, size +28%)
INFO: Instrumented org.apache.commons.math.exception.MathArithmeticException (took 25 ms, size +25%)
INFO: Instrumented org.apache.commons.math.exception.util.ExceptionContextProvider (took 5 ms, size +0%)
INFO: Instrumented org.apache.commons.math.exception.util.Localizable (took 1 ms, size +0%)
INFO: Instrumented org.apache.commons.math.exception.MathIllegalArgumentException (took 7 ms, size +27%)
[harness] Fallback target loaded: org.apache.commons.math.util.Precision (original was org.apache.commons.math3.util.Precision)
[harness] target=org.apache.commons.math.util.Precision factories=1 methods=18
INFO: New number of coverage counters: 2048
INFO: Instrumented org.apache.commons.math.util.FastMath (took 152 ms, size +16%)
INFO: found LLVMFuzzerCustomMutator (0x75e80ff76cd0). Disabling -len_control by default.
INFO: Running with entropic power schedule (0xFF, 100).
INFO: Seed: 591717032
INFO: Loaded 3 modules   (2048 inline 8-bit counters): 512 [0x75e954a7f960, 0x75e954a7fb60), 512 [0x75e954a7fb60, 0x75e954a7fd60), 1024 [0x75e954a7fd60, 0x75e954a80160), 
INFO: INFO: Loaded 3 PC tables (2048 PCs): 512 [0x75e9545887c0,0x75e95458a7c0), 512 [0x75e9544418c0,0x75e9544438c0), 1024 [0x75e95469be50,0x75e95469fe50), 
using inputs from: /tmp/bugrun/math_44.O72VYJ/.cifuzz-corpus/com.example.algorithm2.Algorithm2Test/testParameterizedFuzzer
INFO: INFO:        0 files found in /tmp/bugrun/math_44.O72VYJ/.cifuzz-corpus/com.example.algorithm2.Algorithm2Test/testParameterizedFuzzer
using inputs from: /tmp/jazzer-java-seeds424877330201156491
INFO:        0 files found in /tmp/jazzer-java-seeds424877330201156491
INFO: -max_len is not provided; libFuzzer will not generate inputs larger than 4096 bytes
INFO: A corpus is not provided, starting from an empty corpus
#2	INITED cov: 55 ft: 55 corp: 1/1b exec/s: 0 rss: 928Mb
#3	NEW    cov: 64 ft: 66 corp: 2/2b lim: 4 exec/s: 0 rss: 928Mb L: 1/1 MS: 2 ChangeBit-Custom-
#4	NEW    cov: 74 ft: 78 corp: 3/3b lim: 4 exec/s: 0 rss: 928Mb L: 1/1 MS: 2 ChangeByte-Custom-
#5	NEW    cov: 76 ft: 84 corp: 4/4b lim: 4 exec/s: 0 rss: 928Mb L: 1/1 MS: 2 ChangeBit-Custom-
#6	NEW    cov: 85 ft: 101 corp: 5/6b lim: 4 exec/s: 0 rss: 928Mb L: 2/2 MS: 2 InsertByte-Custom-
#12	NEW    cov: 90 ft: 106 corp: 6/8b lim: 4 exec/s: 0 rss: 929Mb L: 2/2 MS: 2 InsertByte-Custom-
#15	NEW    cov: 100 ft: 116 corp: 7/10b lim: 4 exec/s: 0 rss: 929Mb L: 2/2 MS: 6 ChangeByte-Custom-InsertByte-Custom-EraseBytes-Custom-
#17	NEW    cov: 105 ft: 123 corp: 8/12b lim: 4 exec/s: 0 rss: 929Mb L: 2/2 MS: 4 CopyPart-Custom-ChangeByte-Custom-
#18	NEW    cov: 109 ft: 131 corp: 9/15b lim: 4 exec/s: 0 rss: 929Mb L: 3/3 MS: 2 InsertByte-Custom-
#21	NEW    cov: 111 ft: 133 corp: 10/16b lim: 4 exec/s: 0 rss: 929Mb L: 1/3 MS: 6 CopyPart-Custom-ShuffleBytes-Custom-ChangeBit-Custom-
#22	NEW    cov: 113 ft: 135 corp: 11/17b lim: 4 exec/s: 0 rss: 929Mb L: 1/3 MS: 2 EraseBytes-Custom-
#27	NEW    cov: 116 ft: 138 corp: 12/20b lim: 4 exec/s: 0 rss: 929Mb L: 3/3 MS: 10 InsertByte-Custom-CopyPart-Custom-CopyPart-Custom-ChangeBinInt-Custom-EraseBytes-Custom-
#29	NEW    cov: 119 ft: 141 corp: 13/22b lim: 4 exec/s: 0 rss: 929Mb L: 2/3 MS: 4 ShuffleBytes-Custom-EraseBytes-Custom-
#31	NEW    cov: 121 ft: 143 corp: 14/25b lim: 4 exec/s: 0 rss: 929Mb L: 3/3 MS: 4 CrossOver-Custom-InsertByte-Custom-
#37	NEW    cov: 125 ft: 147 corp: 15/27b lim: 4 exec/s: 0 rss: 929Mb L: 2/3 MS: 2 ChangeBit-Custom-
#38	NEW    cov: 127 ft: 149 corp: 16/29b lim: 4 exec/s: 0 rss: 929Mb L: 2/3 MS: 2 ChangeBit-Custom-
#39	NEW    cov: 132 ft: 154 corp: 17/30b lim: 4 exec/s: 0 rss: 929Mb L: 1/3 MS: 2 ChangeByte-Custom-
#58	NEW    cov: 134 ft: 156 corp: 18/33b lim: 4 exec/s: 0 rss: 929Mb L: 3/3 MS: 8 ChangeBit-Custom-CrossOver-Custom-InsertByte-Custom-ShuffleBytes-Custom-
#61	NEW    cov: 135 ft: 157 corp: 19/36b lim: 4 exec/s: 0 rss: 929Mb L: 3/3 MS: 6 ShuffleBytes-Custom-CopyPart-Custom-CrossOver-Custom-
#62	NEW    cov: 136 ft: 158 corp: 20/40b lim: 4 exec/s: 0 rss: 929Mb L: 4/4 MS: 2 InsertByte-Custom-
#63	NEW    cov: 140 ft: 162 corp: 21/42b lim: 4 exec/s: 0 rss: 929Mb L: 2/4 MS: 2 InsertByte-Custom-
#67	NEW    cov: 141 ft: 163 corp: 22/46b lim: 4 exec/s: 0 rss: 929Mb L: 4/4 MS: 8 ShuffleBytes-Custom-CrossOver-Custom-EraseBytes-Custom-CopyPart-Custom-
#71	NEW    cov: 143 ft: 165 corp: 23/50b lim: 4 exec/s: 0 rss: 929Mb L: 4/4 MS: 8 ChangeBinInt-Custom-ChangeBinInt-Custom-ChangeByte-Custom-ChangeBit-Custom-
#97	NEW    cov: 144 ft: 166 corp: 24/53b lim: 4 exec/s: 0 rss: 929Mb L: 3/4 MS: 2 InsertByte-Custom-
#101	NEW    cov: 148 ft: 170 corp: 25/57b lim: 4 exec/s: 0 rss: 929Mb L: 4/4 MS: 8 CrossOver-Custom-CrossOver-Custom-ChangeBit-Custom-ChangeBinInt-Custom-
#103	NEW    cov: 150 ft: 172 corp: 26/58b lim: 4 exec/s: 0 rss: 929Mb L: 1/4 MS: 4 ShuffleBytes-Custom-EraseBytes-Custom-
#144	NEW    cov: 151 ft: 173 corp: 27/61b lim: 4 exec/s: 0 rss: 929Mb L: 3/4 MS: 2 ChangeBinInt-Custom-
#148	NEW    cov: 153 ft: 175 corp: 28/62b lim: 4 exec/s: 0 rss: 929Mb L: 1/4 MS: 8 CrossOver-Custom-ChangeBinInt-Custom-EraseBytes-Custom-ChangeBit-Custom-
#161	NEW    cov: 154 ft: 176 corp: 29/65b lim: 4 exec/s: 0 rss: 929Mb L: 3/4 MS: 6 ShuffleBytes-Custom-ShuffleBytes-Custom-ChangeBit-Custom-
#183	NEW    cov: 158 ft: 182 corp: 30/67b lim: 4 exec/s: 0 rss: 929Mb L: 2/4 MS: 4 CopyPart-Custom-ChangeByte-Custom-
#198	NEW    cov: 159 ft: 183 corp: 31/71b lim: 4 exec/s: 0 rss: 929Mb L: 4/4 MS: 10 ChangeBinInt-Custom-CrossOver-Custom-ChangeByte-Custom-ChangeBinInt-Custom-CrossOver-Custom-
#225	NEW    cov: 162 ft: 186 corp: 32/75b lim: 4 exec/s: 0 rss: 929Mb L: 4/4 MS: 4 CopyPart-Custom-ChangeBit-Custom-
#239	REDUCE cov: 162 ft: 186 corp: 32/74b lim: 4 exec/s: 0 rss: 929Mb L: 3/4 MS: 8 CopyPart-Custom-CrossOver-Custom-ChangeByte-Custom-EraseBytes-Custom-
#297	NEW    cov: 163 ft: 187 corp: 33/78b lim: 4 exec/s: 0 rss: 929Mb L: 4/4 MS: 6 ChangeByte-Custom-ChangeByte-Custom-ShuffleBytes-Custom-
#298	NEW    cov: 165 ft: 189 corp: 34/79b lim: 4 exec/s: 0 rss: 929Mb L: 1/4 MS: 2 ChangeBinInt-Custom-
#299	NEW    cov: 166 ft: 190 corp: 35/82b lim: 4 exec/s: 0 rss: 929Mb L: 3/4 MS: 2 ChangeByte-Custom-
#318	NEW    cov: 166 ft: 192 corp: 36/83b lim: 4 exec/s: 0 rss: 929Mb L: 1/4 MS: 8 ChangeASCIIInt-Custom-CrossOver-Custom-EraseBytes-Custom-ChangeByte-Custom-
#564	NEW    cov: 168 ft: 194 corp: 37/86b lim: 6 exec/s: 0 rss: 929Mb L: 3/4 MS: 2 ChangeBit-Custom-
#775	REDUCE cov: 168 ft: 194 corp: 37/85b lim: 8 exec/s: 0 rss: 929Mb L: 2/4 MS: 2 EraseBytes-Custom-
#799	REDUCE cov: 169 ft: 195 corp: 38/93b lim: 8 exec/s: 0 rss: 929Mb L: 8/8 MS: 8 ChangeByte-Custom-CrossOver-Custom-InsertRepeatedBytes-Custom-CopyPart-Custom-
#920	REDUCE cov: 169 ft: 195 corp: 38/92b lim: 8 exec/s: 0 rss: 929Mb L: 2/8 MS: 2 EraseBytes-Custom-
INFO: Instrumented org.apache.commons.math.util.FastMath$lnMant (took 33 ms, size +42%)
#962	NEW    cov: 196 ft: 222 corp: 39/100b lim: 8 exec/s: 0 rss: 929Mb L: 8/8 MS: 4 CrossOver-Custom-InsertRepeatedBytes-Custom-
#968	REDUCE cov: 196 ft: 222 corp: 39/99b lim: 8 exec/s: 0 rss: 929Mb L: 2/8 MS: 2 EraseBytes-Custom-
#1021	NEW    cov: 196 ft: 223 corp: 40/107b lim: 8 exec/s: 0 rss: 929Mb L: 8/8 MS: 6 ChangeBit-Custom-ChangeBit-Custom-InsertRepeatedBytes-Custom-
#1078	REDUCE cov: 196 ft: 223 corp: 40/106b lim: 8 exec/s: 0 rss: 929Mb L: 2/8 MS: 4 CopyPart-Custom-EraseBytes-Custom-
#1179	REDUCE cov: 196 ft: 223 corp: 40/105b lim: 8 exec/s: 0 rss: 929Mb L: 2/8 MS: 2 EraseBytes-Custom-
INFO: Instrumented org.apache.commons.math.util.FastMathLiteralArrays (took 117 ms, size +0%)
#1220	NEW    cov: 225 ft: 254 corp: 41/113b lim: 8 exec/s: 0 rss: 929Mb L: 8/8 MS: 2 ShuffleBytes-Custom-
#1281	REDUCE cov: 225 ft: 254 corp: 41/112b lim: 8 exec/s: 0 rss: 929Mb L: 2/8 MS: 2 EraseBytes-Custom-
#1431	NEW    cov: 226 ft: 255 corp: 42/115b lim: 8 exec/s: 0 rss: 929Mb L: 3/8 MS: 10 ShuffleBytes-Custom-ChangeBit-Custom-InsertByte-Custom-ChangeBit-Custom-ChangeBinInt-Custom-
#1461	NEW    cov: 230 ft: 261 corp: 43/123b lim: 8 exec/s: 0 rss: 929Mb L: 8/8 MS: 10 ChangeBit-Custom-ChangeByte-Custom-ShuffleBytes-Custom-InsertRepeatedBytes-Custom-ChangeBinInt-Custom-
#1652	REDUCE cov: 230 ft: 261 corp: 43/122b lim: 8 exec/s: 0 rss: 929Mb L: 3/8 MS: 2 EraseBytes-Custom-
#1794	NEW    cov: 231 ft: 262 corp: 44/126b lim: 8 exec/s: 0 rss: 929Mb L: 4/8 MS: 4 EraseBytes-Custom-ChangeByte-Custom-
INFO: Instrumented org.apache.commons.math.util.FastMath$ExpIntTable (took 10 ms, size +38%)
INFO: Instrumented org.apache.commons.math.util.FastMath$ExpFracTable (took 8 ms, size +38%)
#1985	REDUCE cov: 231 ft: 262 corp: 44/124b lim: 8 exec/s: 0 rss: 929Mb L: 2/8 MS: 2 EraseBytes-Custom-
#2526	NEW    cov: 232 ft: 263 corp: 45/126b lim: 11 exec/s: 0 rss: 929Mb L: 2/8 MS: 2 CrossOver-Custom-
#2674	REDUCE cov: 232 ft: 263 corp: 45/125b lim: 11 exec/s: 0 rss: 929Mb L: 1/8 MS: 6 CopyPart-Custom-ChangeByte-Custom-EraseBytes-Custom-
#2763	REDUCE cov: 232 ft: 263 corp: 45/123b lim: 11 exec/s: 0 rss: 929Mb L: 2/8 MS: 8 ChangeASCIIInt-Custom-CrossOver-Custom-CopyPart-Custom-EraseBytes-Custom-
#2787	REDUCE cov: 232 ft: 263 corp: 45/122b lim: 11 exec/s: 0 rss: 929Mb L: 2/8 MS: 8 ShuffleBytes-Custom-EraseBytes-Custom-ShuffleBytes-Custom-ChangeByte-Custom-
#2966	NEW    cov: 234 ft: 265 corp: 46/132b lim: 11 exec/s: 0 rss: 929Mb L: 10/10 MS: 8 InsertByte-Custom-ShuffleBytes-Custom-ChangeBit-Custom-InsertByte-Custom-
INFO: Instrumented org.apache.commons.math.exception.util.LocalizedFormats (took 75 ms, size +6%)
INFO: Instrumented org.apache.commons.math.exception.util.ExceptionContext (took 49 ms, size +24%)
INFO: Instrumented org.apache.commons.math.exception.util.ArgUtils (took 9 ms, size +46%)
MS: 2 InsertByte-Custom-; base unit: 00b8a8b83faa47dd05a7117e7673f59b4b974dc5
0xff,0x2f,0xdf,0xff,0xff,0x0,0x7e,0xbc,0x4,0x9,0x40,
\377/\337\377\377\000~\274\004\011@
artifact_prefix='/tmp/bugrun/math_44.O72VYJ/'; Test unit written to /tmp/bugrun/math_44.O72VYJ/crash-53fe90eb17e5694611e2222f3fcf78a1a3e66665
Base64: /y/f//8AfrwECUA=
Done 3042 runs in 0 second(s)
DEDUP_TOKEN: dea7ca96035fe5a1
[ERROR] Tests run: 2, Failures: 0, Errors: 1, Skipped: 0, Time elapsed: 11.64 s <<< FAILURE! -- in com.example.algorithm2.Algorithm2Test
[ERROR] com.example.algorithm2.Algorithm2Test.testParameterizedFuzzer(FuzzedDataProvider)[2] -- Time elapsed: 1.165 s <<< ERROR!
org.apache.commons.math.exception.MathIllegalArgumentException: invalid rounding method -1,024, valid methods: ROUND_CEILING (2), ROUND_DOWN (1), ROUND_FLOOR (3), ROUND_HALF_DOWN (5), ROUND_HALF_EVEN (6), ROUND_HALF_UP (4), ROUND_UNNECESSARY (7), ROUND_UP (0)
	at org.apache.commons.math.util.Precision.roundUnscaled(Precision.java:462)
	at org.apache.commons.math.util.Precision.round(Precision.java:371)
	at jdk.internal.reflect.GeneratedMethodAccessor65.invoke(Unknown Source)
	at java.base/jdk.internal.reflect.DelegatingMethodAccessorImpl.invoke(DelegatingMethodAccessorImpl.java:43)
	at java.base/java.lang.reflect.Method.invoke(Method.java:566)
	at com.example.algorithm2.Algorithm2Test.testParameterizedFuzzer(Algorithm2Test.java:226)

[INFO] 
[INFO] Results:
[INFO] 
[ERROR] Errors: 
[ERROR]   Algorithm2Test.testParameterizedFuzzer:226 » MathIllegalArgument invalid rounding method -1,024, valid methods: ROUND_CEILING (2), ROUND_DOWN (1), ROUND_FLOOR (3), ROUND_HALF_DOWN (5), ROUND_HALF_EVEN (6), ROUND_HALF_UP (4), ROUND_UNNECESSARY (7), ROUND_UP (0)
[INFO] 
[ERROR] Tests run: 2, Failures: 0, Errors: 1, Skipped: 0
[INFO] 
[ERROR] 

Please refer to /tmp/bugrun/math_44.O72VYJ/target/surefire-reports for the individual test results.
Please refer to dump files (if any exist) [date].dump, [date]-jvmRun[N].dump and [date].dumpstream.
[INFO] 
[INFO] --- jacoco:0.8.11:report (default-cli) @ AlgorithmName2 ---
[INFO] Loading execution data file /tmp/bugrun/math_44.O72VYJ/target/jacoco.exec
[INFO] Analyzed bundle 'AlgorithmName2' with 641 classes
[INFO] ------------------------------------------------------------------------
[INFO] BUILD SUCCESS
[INFO] ------------------------------------------------------------------------
[INFO] Total time:  29.646 s
[INFO] Finished at: 2026-10-06T03:58:06+07:00
[INFO] ------------------------------------------------------------------------
