[INFO] Scanning for projects...
[INFO] 
[INFO] ---------------------< com.example:AlgorithmName2 >---------------------
[INFO] Building AlgorithmName2 1.0-SNAPSHOT
[INFO]   from pom.xml
[INFO] --------------------------------[ jar ]---------------------------------
[INFO] 
[INFO] --- jacoco:0.8.11:prepare-agent (default) @ AlgorithmName2 ---
[INFO] argLine set to -javaagent:/home/kanyaphak673380391-3/.m2/repository/org/jacoco/org.jacoco.agent/0.8.11/org.jacoco.agent-0.8.11-runtime.jar=destfile=/tmp/bugrun/cli_34.6s5y9x/target/jacoco.exec
[INFO] 
[INFO] --- resources:3.4.0:resources (default-resources) @ AlgorithmName2 ---
[INFO] Copying 1 resource from src/main/resources to target/classes
[INFO] 
[INFO] --- compiler:3.15.0:compile (default-compile) @ AlgorithmName2 ---
[INFO] Recompiling the module because of changed source code.
[INFO] Compiling 1 source file with javac [debug target 1.8] to target/classes
[WARNING] bootstrap class path not set in conjunction with -source 8
[INFO] 
[INFO] --- dependency:3.6.0:unpack-dependencies (unpack-defects4j) @ AlgorithmName2 ---
[INFO] 
[INFO] --- resources:3.4.0:testResources (default-testResources) @ AlgorithmName2 ---
[INFO] skip non existing resourceDirectory /tmp/bugrun/cli_34.6s5y9x/src/test/resources
[INFO] 
[INFO] --- compiler:3.15.0:testCompile (default-testCompile) @ AlgorithmName2 ---
[INFO] Recompiling the module because of changed dependency.
[INFO] Compiling 1 source file with javac [debug target 1.8] to target/test-classes
[WARNING] bootstrap class path not set in conjunction with -source 8
[INFO] 
[INFO] --- surefire:3.1.2:test (default-cli) @ AlgorithmName2 ---
[INFO] Using auto detected provider org.apache.maven.surefire.junitplatform.JUnitPlatformProvider
[INFO] 
[INFO] -------------------------------------------------------
[INFO]  T E S T S
[INFO] -------------------------------------------------------
[INFO] Running com.example.algorithm2.Algorithm2Test
OpenJDK 64-Bit Server VM warning: Sharing is only supported for boot loader classes because bootstrap classpath has been appended
INFO: Loaded 281 hooks from com.code_intelligence.jazzer.runtime.TraceCmpHooks
INFO: Loaded 5 hooks from com.code_intelligence.jazzer.runtime.TraceDivHooks
INFO: Loaded 2 hooks from com.code_intelligence.jazzer.runtime.TraceIndirHooks
INFO: Loaded 4 hooks from com.code_intelligence.jazzer.runtime.NativeLibHooks
INFO: Loaded 2 hooks from com.code_intelligence.jazzer.sanitizers.ClojureLangHooks
INFO: Loaded 5 hooks from com.code_intelligence.jazzer.sanitizers.Deserialization
INFO: Loaded 5 hooks from com.code_intelligence.jazzer.sanitizers.ExpressionLanguageInjection
INFO: Loaded 70 hooks from com.code_intelligence.jazzer.sanitizers.LdapInjection
INFO: Loaded 46 hooks from com.code_intelligence.jazzer.sanitizers.NamingContextLookup
INFO: Loaded 1 hooks from com.code_intelligence.jazzer.sanitizers.OsCommandInjection
INFO: Loaded 52 hooks from com.code_intelligence.jazzer.sanitizers.ReflectiveCall
INFO: Loaded 8 hooks from com.code_intelligence.jazzer.sanitizers.RegexInjection
INFO: Loaded 16 hooks from com.code_intelligence.jazzer.sanitizers.RegexRoadblocks
INFO: Loaded 18 hooks from com.code_intelligence.jazzer.sanitizers.ScriptEngineInjection
INFO: Loaded 2 hooks from com.code_intelligence.jazzer.sanitizers.ServerSideRequestForgery
INFO: Loaded 19 hooks from com.code_intelligence.jazzer.sanitizers.SqlInjection
INFO: Loaded 6 hooks from com.code_intelligence.jazzer.sanitizers.XPathInjection
INFO: Instrumented com.example.algorithm2.Algorithm2Test$Skip (took 198 ms, size +44%)
INFO: Instrumented com.example.algorithm2.Algorithm2Test (took 132 ms, size +27%)
INFO: Instrumented org.apache.commons.cli.CommandLine (took 105 ms, size +28%)
INFO: Instrumented org.apache.commons.cli.ParseException (took 15 ms, size +53%)
INFO: New number of coverage counters: 1024
INFO: Instrumented org.apache.commons.cli.Option (took 127 ms, size +26%)
[harness] target=org.apache.commons.cli.CommandLine factories=1 methods=16
INFO: found LLVMFuzzerCustomMutator (0x74fa9ed70cd0). Disabling -len_control by default.
INFO: Running with entropic power schedule (0xFF, 100).
INFO: Seed: 1381452251
INFO: Loaded 2 modules   (1024 inline 8-bit counters): 512 [0x74fba0d37cf0, 0x74fba0d37ef0), 512 [0x74fba0d37ef0, 0x74fba0d380f0), 
INFO: Loaded 2 PC tables (1024 PCs): 512 [0x74fba0bce3f0,0x74fba0bd03f0), 512 [0x74fba001a0b0,0x74fba001c0b0), 
INFO:        0 files found in /tmp/bugrun/cli_34.6s5y9x/.cifuzz-corpus/com.example.algorithm2.Algorithm2Test/testParameterizedFuzzer
INFO:        0 files found in /tmp/jazzer-java-seeds8263698037227054889
INFO: -max_len is not provided; libFuzzer will not generate inputs larger than 4096 bytes
INFO: A corpus is not provided, starting from an empty corpus
#2	INITED cov: 46 ft: 46 corp: 1/1b exec/s: 0 rss: 865Mb
#6	NEW    cov: 57 ft: 63 corp: 2/5b lim: 4 exec/s: 0 rss: 867Mb L: 4/4 MS: 8 CopyPart-Custom-CrossOver-Custom-ShuffleBytes-Custom-InsertByte-Custom-
#14	NEW    cov: 59 ft: 65 corp: 3/6b lim: 4 exec/s: 0 rss: 867Mb L: 1/4 MS: 6 CopyPart-Custom-CopyPart-Custom-ChangeByte-Custom-
#17	NEW    cov: 64 ft: 70 corp: 4/7b lim: 4 exec/s: 0 rss: 867Mb L: 1/4 MS: 6 CopyPart-Custom-ChangeByte-Custom-ChangeBit-Custom-
#22	NEW    cov: 68 ft: 74 corp: 5/8b lim: 4 exec/s: 0 rss: 867Mb L: 1/4 MS: 10 ChangeBit-Custom-CopyPart-Custom-ShuffleBytes-Custom-ShuffleBytes-Custom-ChangeByte-Custom-
#24	NEW    cov: 69 ft: 75 corp: 6/12b lim: 4 exec/s: 0 rss: 867Mb L: 4/4 MS: 4 ChangeBinInt-Custom-CrossOver-Custom-
#31	REDUCE cov: 69 ft: 75 corp: 6/11b lim: 4 exec/s: 0 rss: 867Mb L: 3/4 MS: 4 ChangeBit-Custom-EraseBytes-Custom-
#42	REDUCE cov: 74 ft: 80 corp: 7/14b lim: 4 exec/s: 0 rss: 868Mb L: 3/4 MS: 2 ChangeBinInt-Custom-
#47	NEW    cov: 74 ft: 85 corp: 8/18b lim: 4 exec/s: 0 rss: 868Mb L: 4/4 MS: 10 CrossOver-Custom-CrossOver-Custom-InsertByte-Custom-CopyPart-Custom-CopyPart-Custom-
#54	NEW    cov: 77 ft: 88 corp: 9/20b lim: 4 exec/s: 0 rss: 868Mb L: 2/4 MS: 4 CopyPart-Custom-ChangeByte-Custom-
#76	NEW    cov: 77 ft: 90 corp: 10/23b lim: 4 exec/s: 0 rss: 868Mb L: 3/4 MS: 4 ShuffleBytes-Custom-InsertByte-Custom-
#86	NEW    cov: 77 ft: 106 corp: 11/27b lim: 4 exec/s: 0 rss: 868Mb L: 4/4 MS: 10 ChangeBinInt-Custom-ChangeByte-Custom-ShuffleBytes-Custom-ChangeBit-Custom-InsertByte-Custom-
#113	NEW    cov: 77 ft: 110 corp: 12/31b lim: 4 exec/s: 0 rss: 868Mb L: 4/4 MS: 4 CopyPart-Custom-ShuffleBytes-Custom-
#114	NEW    cov: 79 ft: 112 corp: 13/35b lim: 4 exec/s: 0 rss: 868Mb L: 4/4 MS: 2 ChangeByte-Custom-
#136	NEW    cov: 79 ft: 116 corp: 14/39b lim: 4 exec/s: 0 rss: 869Mb L: 4/4 MS: 4 ShuffleBytes-Custom-ChangeByte-Custom-
#139	REDUCE cov: 79 ft: 116 corp: 14/38b lim: 4 exec/s: 0 rss: 869Mb L: 1/4 MS: 6 ChangeByte-Custom-CrossOver-Custom-ChangeBinInt-Custom-
#158	NEW    cov: 79 ft: 118 corp: 15/42b lim: 4 exec/s: 0 rss: 869Mb L: 4/4 MS: 8 ChangeByte-Custom-ChangeBinInt-Custom-ShuffleBytes-Custom-InsertByte-Custom-
#167	NEW    cov: 83 ft: 122 corp: 16/46b lim: 4 exec/s: 0 rss: 870Mb L: 4/4 MS: 8 ChangeByte-Custom-ChangeByte-Custom-ChangeBit-Custom-ChangeBinInt-Custom-
#223	REDUCE cov: 83 ft: 122 corp: 16/45b lim: 4 exec/s: 0 rss: 872Mb L: 2/4 MS: 2 EraseBytes-Custom-
#234	NEW    cov: 83 ft: 125 corp: 17/49b lim: 4 exec/s: 0 rss: 875Mb L: 4/4 MS: 2 CopyPart-Custom-
#249	NEW    cov: 83 ft: 127 corp: 18/50b lim: 4 exec/s: 0 rss: 876Mb L: 1/4 MS: 10 InsertByte-Custom-CopyPart-Custom-ChangeByte-Custom-ChangeByte-Custom-CrossOver-Custom-
#261	REDUCE cov: 83 ft: 128 corp: 19/53b lim: 4 exec/s: 0 rss: 876Mb L: 3/4 MS: 4 InsertByte-Custom-CopyPart-Custom-
INFO: using inputs from: /tmp/bugrun/cli_34.6s5y9x/.cifuzz-corpus/com.example.algorithm2.Algorithm2Test/testParameterizedFuzzer
INFO: using inputs from: /tmp/jazzer-java-seeds8263698037227054889
INFO: Instrumented org.apache.commons.cli.Util (took 6 ms, size +88%)
#355	NEW    cov: 86 ft: 131 corp: 20/57b lim: 4 exec/s: 0 rss: 877Mb L: 4/4 MS: 8 ShuffleBytes-Custom-ChangeByte-Custom-ChangeBinInt-Custom-ChangeBinInt-Custom-
#394	NEW    cov: 86 ft: 133 corp: 21/61b lim: 4 exec/s: 0 rss: 877Mb L: 4/4 MS: 8 ChangeBinInt-Custom-ChangeBit-Custom-ChangeBinInt-Custom-ChangeBit-Custom-
#404	NEW    cov: 86 ft: 136 corp: 22/65b lim: 4 exec/s: 0 rss: 877Mb L: 4/4 MS: 10 ShuffleBytes-Custom-ChangeBit-Custom-ChangeByte-Custom-CopyPart-Custom-CopyPart-Custom-
#440	REDUCE cov: 86 ft: 136 corp: 22/64b lim: 4 exec/s: 0 rss: 877Mb L: 3/4 MS: 2 EraseBytes-Custom-
#492	REDUCE cov: 86 ft: 136 corp: 22/62b lim: 4 exec/s: 0 rss: 878Mb L: 2/4 MS: 4 CopyPart-Custom-EraseBytes-Custom-
#498	REDUCE cov: 86 ft: 136 corp: 22/61b lim: 4 exec/s: 0 rss: 878Mb L: 1/4 MS: 2 EraseBytes-Custom-
#521	REDUCE cov: 86 ft: 137 corp: 23/65b lim: 4 exec/s: 0 rss: 878Mb L: 4/4 MS: 6 CrossOver-Custom-EraseBytes-Custom-CrossOver-Custom-
#582	REDUCE cov: 86 ft: 137 corp: 23/64b lim: 4 exec/s: 0 rss: 878Mb L: 2/4 MS: 2 EraseBytes-Custom-
#625	REDUCE cov: 86 ft: 137 corp: 23/62b lim: 4 exec/s: 0 rss: 878Mb L: 2/4 MS: 6 EraseBytes-Custom-EraseBytes-Custom-CopyPart-Custom-
#681	REDUCE cov: 86 ft: 137 corp: 23/61b lim: 4 exec/s: 0 rss: 878Mb L: 2/4 MS: 2 EraseBytes-Custom-
#782	REDUCE cov: 86 ft: 137 corp: 23/58b lim: 4 exec/s: 0 rss: 878Mb L: 1/4 MS: 2 CrossOver-Custom-
#1039	REDUCE cov: 86 ft: 140 corp: 24/62b lim: 6 exec/s: 0 rss: 878Mb L: 4/4 MS: 4 CopyPart-Custom-InsertRepeatedBytes-Custom-
#1051	REDUCE cov: 86 ft: 140 corp: 24/61b lim: 6 exec/s: 0 rss: 879Mb L: 2/4 MS: 4 ChangeBit-Custom-EraseBytes-Custom-
#1083	REDUCE cov: 86 ft: 143 corp: 25/67b lim: 6 exec/s: 0 rss: 879Mb L: 6/6 MS: 4 ChangeBinInt-Custom-InsertRepeatedBytes-Custom-
#1086	REDUCE cov: 86 ft: 148 corp: 26/73b lim: 6 exec/s: 0 rss: 879Mb L: 6/6 MS: 6 ChangeBit-Custom-EraseBytes-Custom-InsertRepeatedBytes-Custom-
#1087	REDUCE cov: 86 ft: 148 corp: 26/72b lim: 6 exec/s: 0 rss: 879Mb L: 2/6 MS: 2 EraseBytes-Custom-
#1219	NEW    cov: 86 ft: 151 corp: 27/76b lim: 6 exec/s: 0 rss: 880Mb L: 4/6 MS: 4 ChangeBinInt-Custom-InsertRepeatedBytes-Custom-
#1396	REDUCE cov: 86 ft: 154 corp: 28/80b lim: 6 exec/s: 0 rss: 881Mb L: 4/6 MS: 4 CopyPart-Custom-CopyPart-Custom-
#1741	NEW    cov: 86 ft: 159 corp: 29/87b lim: 8 exec/s: 0 rss: 883Mb L: 7/7 MS: 10 ChangeByte-Custom-CopyPart-Custom-CrossOver-Custom-CopyPart-Custom-InsertByte-Custom-
#1818	NEW    cov: 86 ft: 172 corp: 30/95b lim: 8 exec/s: 0 rss: 883Mb L: 8/8 MS: 4 EraseBytes-Custom-InsertRepeatedBytes-Custom-
#1884	NEW    cov: 86 ft: 177 corp: 31/103b lim: 8 exec/s: 0 rss: 883Mb L: 8/8 MS: 2 CopyPart-Custom-
#1939	REDUCE cov: 86 ft: 177 corp: 31/102b lim: 8 exec/s: 0 rss: 884Mb L: 1/8 MS: 10 ChangeByte-Custom-ChangeByte-Custom-ChangeBit-Custom-ChangeByte-Custom-EraseBytes-Custom-
#1973	REDUCE cov: 86 ft: 177 corp: 31/101b lim: 8 exec/s: 0 rss: 884Mb L: 7/8 MS: 8 EraseBytes-Custom-InsertByte-Custom-InsertByte-Custom-InsertByte-Custom-
#2019	NEW    cov: 86 ft: 181 corp: 32/108b lim: 8 exec/s: 0 rss: 884Mb L: 7/8 MS: 2 CrossOver-Custom-
#2055	NEW    cov: 86 ft: 184 corp: 33/116b lim: 8 exec/s: 0 rss: 884Mb L: 8/8 MS: 2 CopyPart-Custom-
#2056	REDUCE cov: 86 ft: 184 corp: 33/115b lim: 8 exec/s: 0 rss: 884Mb L: 1/8 MS: 2 EraseBytes-Custom-
#2174	REDUCE cov: 86 ft: 184 corp: 33/114b lim: 8 exec/s: 0 rss: 885Mb L: 1/8 MS: 6 ShuffleBytes-Custom-ShuffleBytes-Custom-EraseBytes-Custom-
#2201	NEW    cov: 86 ft: 186 corp: 34/122b lim: 8 exec/s: 0 rss: 885Mb L: 8/8 MS: 4 InsertByte-Custom-CrossOver-Custom-
#2620	REDUCE cov: 86 ft: 194 corp: 35/131b lim: 11 exec/s: 0 rss: 888Mb L: 9/9 MS: 8 InsertByte-Custom-ChangeBinInt-Custom-InsertByte-Custom-CopyPart-Custom-
#2702	NEW    cov: 86 ft: 206 corp: 36/142b lim: 11 exec/s: 0 rss: 888Mb L: 11/11 MS: 4 ShuffleBytes-Custom-CopyPart-Custom-
#2800	REDUCE cov: 86 ft: 206 corp: 36/141b lim: 11 exec/s: 0 rss: 889Mb L: 7/11 MS: 6 InsertByte-Custom-ShuffleBytes-Custom-EraseBytes-Custom-
#3013	REDUCE cov: 86 ft: 217 corp: 37/152b lim: 11 exec/s: 0 rss: 892Mb L: 11/11 MS: 6 ShuffleBytes-Custom-InsertByte-Custom-CopyPart-Custom-
#3250	REDUCE cov: 86 ft: 217 corp: 37/151b lim: 11 exec/s: 0 rss: 893Mb L: 3/11 MS: 4 EraseBytes-Custom-CopyPart-Custom-
#3271	NEW    cov: 86 ft: 227 corp: 38/161b lim: 11 exec/s: 0 rss: 893Mb L: 10/11 MS: 2 CrossOver-Custom-
#3419	NEW    cov: 86 ft: 229 corp: 39/167b lim: 11 exec/s: 0 rss: 894Mb L: 6/11 MS: 6 CrossOver-Custom-EraseBytes-Custom-CopyPart-Custom-
#3513	REDUCE cov: 86 ft: 231 corp: 40/175b lim: 11 exec/s: 0 rss: 895Mb L: 8/11 MS: 8 CopyPart-Custom-CopyPart-Custom-ShuffleBytes-Custom-CopyPart-Custom-
#3581	NEW    cov: 86 ft: 233 corp: 41/186b lim: 11 exec/s: 0 rss: 895Mb L: 11/11 MS: 6 InsertByte-Custom-EraseBytes-Custom-CopyPart-Custom-
#3847	REDUCE cov: 86 ft: 233 corp: 41/185b lim: 11 exec/s: 0 rss: 897Mb L: 7/11 MS: 2 EraseBytes-Custom-
#3933	REDUCE cov: 86 ft: 233 corp: 41/184b lim: 11 exec/s: 0 rss: 897Mb L: 10/11 MS: 2 EraseBytes-Custom-
#4014	REDUCE cov: 86 ft: 233 corp: 41/183b lim: 11 exec/s: 0 rss: 898Mb L: 2/11 MS: 2 EraseBytes-Custom-
#4236	REDUCE cov: 86 ft: 234 corp: 42/194b lim: 11 exec/s: 0 rss: 899Mb L: 11/11 MS: 4 ShuffleBytes-Custom-InsertRepeatedBytes-Custom-
#4577	REDUCE cov: 88 ft: 236 corp: 43/205b lim: 14 exec/s: 0 rss: 901Mb L: 11/11 MS: 2 InsertByte-Custom-
#4685	REDUCE cov: 88 ft: 236 corp: 43/204b lim: 14 exec/s: 0 rss: 902Mb L: 10/11 MS: 6 ShuffleBytes-Custom-InsertByte-Custom-CrossOver-Custom-
#5208	REDUCE cov: 88 ft: 236 corp: 43/202b lim: 17 exec/s: 0 rss: 905Mb L: 9/11 MS: 6 ShuffleBytes-Custom-InsertRepeatedBytes-Custom-EraseBytes-Custom-
#5659	REDUCE cov: 88 ft: 236 corp: 43/199b lim: 21 exec/s: 0 rss: 907Mb L: 6/11 MS: 2 EraseBytes-Custom-
#5843	REDUCE cov: 88 ft: 236 corp: 43/198b lim: 21 exec/s: 0 rss: 910Mb L: 7/11 MS: 8 ShuffleBytes-Custom-CrossOver-Custom-ShuffleBytes-Custom-EraseBytes-Custom-
#5888	REDUCE cov: 88 ft: 236 corp: 43/197b lim: 21 exec/s: 0 rss: 910Mb L: 1/11 MS: 10 CMP-Custom-CopyPart-Custom-EraseBytes-Custom-ShuffleBytes-Custom-EraseBytes-Custom- DE: "\000\005"-
#5913	REDUCE cov: 90 ft: 238 corp: 44/216b lim: 21 exec/s: 0 rss: 910Mb L: 19/19 MS: 10 CopyPart-Custom-InsertByte-Custom-ShuffleBytes-Custom-CMP-Custom-CopyPart-Custom- DE: "\377\377\377\377\377\377\377\377"-
#6217	REDUCE cov: 90 ft: 238 corp: 44/215b lim: 21 exec/s: 0 rss: 912Mb L: 18/18 MS: 8 CrossOver-Custom-CrossOver-Custom-ShuffleBytes-Custom-EraseBytes-Custom-
#6265	REDUCE cov: 90 ft: 238 corp: 44/209b lim: 21 exec/s: 0 rss: 912Mb L: 12/12 MS: 6 InsertByte-Custom-CopyPart-Custom-EraseBytes-Custom-
#6318	REDUCE cov: 90 ft: 238 corp: 44/207b lim: 21 exec/s: 0 rss: 912Mb L: 4/12 MS: 6 CopyPart-Custom-EraseBytes-Custom-ShuffleBytes-Custom-
#6425	REDUCE cov: 90 ft: 238 corp: 44/206b lim: 21 exec/s: 0 rss: 913Mb L: 3/12 MS: 4 ChangeBit-Custom-EraseBytes-Custom-
#6951	NEW    cov: 90 ft: 254 corp: 45/228b lim: 25 exec/s: 0 rss: 916Mb L: 22/22 MS: 2 InsertRepeatedBytes-Custom-
#7481	REDUCE cov: 90 ft: 261 corp: 46/257b lim: 29 exec/s: 0 rss: 919Mb L: 29/29 MS: 10 CopyPart-Custom-InsertRepeatedBytes-Custom-ShuffleBytes-Custom-ShuffleBytes-Custom-CrossOver-Custom-
#7713	REDUCE cov: 90 ft: 261 corp: 46/255b lim: 29 exec/s: 0 rss: 920Mb L: 4/29 MS: 4 CrossOver-Custom-EraseBytes-Custom-
#7829	REDUCE cov: 90 ft: 261 corp: 46/253b lim: 29 exec/s: 0 rss: 921Mb L: 10/29 MS: 2 EraseBytes-Custom-
#8057	REDUCE cov: 90 ft: 261 corp: 46/252b lim: 29 exec/s: 0 rss: 922Mb L: 3/29 MS: 6 ChangeBit-Custom-ShuffleBytes-Custom-EraseBytes-Custom-
#8352	REDUCE cov: 90 ft: 261 corp: 46/249b lim: 29 exec/s: 0 rss: 923Mb L: 26/26 MS: 10 CopyPart-Custom-CopyPart-Custom-CrossOver-Custom-ShuffleBytes-Custom-EraseBytes-Custom-
#8423	REDUCE cov: 90 ft: 261 corp: 46/247b lim: 29 exec/s: 0 rss: 924Mb L: 7/26 MS: 2 EraseBytes-Custom-
#8700	REDUCE cov: 90 ft: 261 corp: 46/246b lim: 29 exec/s: 0 rss: 925Mb L: 3/26 MS: 4 EraseBytes-Custom-InsertByte-Custom-
#8776	NEW    cov: 90 ft: 265 corp: 47/269b lim: 29 exec/s: 0 rss: 926Mb L: 23/26 MS: 2 InsertRepeatedBytes-Custom-
#9160	REDUCE cov: 90 ft: 265 corp: 47/266b lim: 29 exec/s: 0 rss: 928Mb L: 7/26 MS: 8 CrossOver-Custom-ShuffleBytes-Custom-ChangeByte-Custom-EraseBytes-Custom-
#9446	REDUCE cov: 90 ft: 265 corp: 47/262b lim: 29 exec/s: 0 rss: 929Mb L: 22/23 MS: 2 EraseBytes-Custom-
#10129	NEW    cov: 90 ft: 269 corp: 48/284b lim: 33 exec/s: 0 rss: 933Mb L: 22/23 MS: 6 ChangeBit-Custom-ShuffleBytes-Custom-InsertRepeatedBytes-Custom-
#10445	NEW    cov: 90 ft: 273 corp: 49/307b lim: 33 exec/s: 0 rss: 934Mb L: 23/23 MS: 2 InsertByte-Custom-
#11011	REDUCE cov: 90 ft: 273 corp: 49/304b lim: 38 exec/s: 0 rss: 937Mb L: 4/23 MS: 2 EraseBytes-Custom-
#12157	REDUCE cov: 90 ft: 273 corp: 49/303b lim: 48 exec/s: 0 rss: 944Mb L: 5/23 MS: 2 EraseBytes-Custom-
#13008	REDUCE cov: 90 ft: 277 corp: 50/352b lim: 53 exec/s: 0 rss: 948Mb L: 49/49 MS: 2 InsertRepeatedBytes-Custom-
#13200	NEW    cov: 90 ft: 280 corp: 51/395b lim: 53 exec/s: 0 rss: 950Mb L: 43/49 MS: 4 InsertRepeatedBytes-Custom-EraseBytes-Custom-
#13253	NEW    cov: 90 ft: 285 corp: 52/448b lim: 53 exec/s: 0 rss: 950Mb L: 53/53 MS: 6 CMP-Custom-ChangeBinInt-Custom-InsertRepeatedBytes-Custom- DE: "\001\006"-
#14027	REDUCE cov: 90 ft: 285 corp: 52/443b lim: 58 exec/s: 0 rss: 954Mb L: 48/49 MS: 8 ShuffleBytes-Custom-ShuffleBytes-Custom-ChangeByte-Custom-EraseBytes-Custom-
#14152	REDUCE cov: 90 ft: 285 corp: 52/430b lim: 58 exec/s: 0 rss: 955Mb L: 30/49 MS: 10 ShuffleBytes-Custom-CopyPart-Custom-ChangeByte-Custom-InsertByte-Custom-EraseBytes-Custom-
#14208	REDUCE cov: 90 ft: 285 corp: 52/429b lim: 58 exec/s: 0 rss: 955Mb L: 10/49 MS: 2 EraseBytes-Custom-
#14383	REDUCE cov: 90 ft: 287 corp: 53/457b lim: 58 exec/s: 0 rss: 956Mb L: 28/49 MS: 10 CopyPart-Custom-ChangeByte-Custom-ShuffleBytes-Custom-ChangeByte-Custom-CopyPart-Custom-
#14608	REDUCE cov: 90 ft: 287 corp: 53/456b lim: 58 exec/s: 0 rss: 957Mb L: 2/49 MS: 10 ShuffleBytes-Custom-ChangeBit-Custom-ChangeByte-Custom-ChangeByte-Custom-CrossOver-Custom-
#16406	REDUCE cov: 90 ft: 287 corp: 53/446b lim: 74 exec/s: 0 rss: 967Mb L: 20/49 MS: 6 ChangeBinInt-Custom-PersAutoDict-Custom-EraseBytes-Custom- DE: "\377\377\377\377\377\377\377\377"-
#16970	REDUCE cov: 90 ft: 287 corp: 53/445b lim: 74 exec/s: 0 rss: 970Mb L: 48/48 MS: 8 CopyPart-Custom-ShuffleBytes-Custom-CopyPart-Custom-EraseBytes-Custom-
#16992	REDUCE cov: 90 ft: 289 corp: 54/516b lim: 74 exec/s: 0 rss: 970Mb L: 71/71 MS: 4 CopyPart-Custom-InsertRepeatedBytes-Custom-
#17074	REDUCE cov: 90 ft: 289 corp: 54/513b lim: 74 exec/s: 0 rss: 971Mb L: 17/71 MS: 4 ShuffleBytes-Custom-EraseBytes-Custom-
#17335	REDUCE cov: 90 ft: 289 corp: 54/512b lim: 74 exec/s: 0 rss: 972Mb L: 3/71 MS: 2 EraseBytes-Custom-
#17972	REDUCE cov: 90 ft: 289 corp: 54/511b lim: 80 exec/s: 0 rss: 975Mb L: 3/71 MS: 4 InsertByte-Custom-EraseBytes-Custom-
#18713	REDUCE cov: 90 ft: 289 corp: 54/505b lim: 86 exec/s: 0 rss: 975Mb L: 42/71 MS: 2 CrossOver-Custom-
#19203	REDUCE cov: 90 ft: 293 corp: 55/586b lim: 86 exec/s: 0 rss: 975Mb L: 81/81 MS: 10 InsertRepeatedBytes-Custom-ChangeByte-Custom-ShuffleBytes-Custom-ChangeBinInt-Custom-CopyPart-Custom-
#21080	REDUCE cov: 90 ft: 293 corp: 55/585b lim: 104 exec/s: 0 rss: 975Mb L: 9/81 MS: 4 ShuffleBytes-Custom-EraseBytes-Custom-
#21312	NEW    cov: 90 ft: 295 corp: 56/687b lim: 104 exec/s: 0 rss: 975Mb L: 102/102 MS: 4 InsertRepeatedBytes-Custom-InsertRepeatedBytes-Custom-
#21714	REDUCE cov: 90 ft: 295 corp: 56/686b lim: 104 exec/s: 0 rss: 975Mb L: 10/102 MS: 4 EraseBytes-Custom-CopyPart-Custom-
#22270	REDUCE cov: 90 ft: 300 corp: 57/771b lim: 104 exec/s: 0 rss: 975Mb L: 85/102 MS: 2 InsertRepeatedBytes-Custom-
#22347	REDUCE cov: 90 ft: 300 corp: 57/760b lim: 104 exec/s: 0 rss: 975Mb L: 37/102 MS: 4 ChangeBinInt-Custom-EraseBytes-Custom-
#23115	REDUCE cov: 90 ft: 304 corp: 58/863b lim: 110 exec/s: 0 rss: 975Mb L: 103/103 MS: 6 ChangeByte-Custom-ChangeByte-Custom-InsertRepeatedBytes-Custom-
#23126	REDUCE cov: 90 ft: 304 corp: 58/862b lim: 110 exec/s: 0 rss: 975Mb L: 16/103 MS: 2 EraseBytes-Custom-
#23321	REDUCE cov: 90 ft: 304 corp: 58/856b lim: 110 exec/s: 0 rss: 975Mb L: 75/103 MS: 10 PersAutoDict-Custom-ChangeBinInt-Custom-EraseBytes-Custom-ChangeBit-Custom-ChangeBit-Custom- DE: "\000\005"-
#24159	REDUCE cov: 90 ft: 304 corp: 58/848b lim: 116 exec/s: 0 rss: 975Mb L: 94/103 MS: 6 ChangeBit-Custom-EraseBytes-Custom-CopyPart-Custom-
#24265	REDUCE cov: 90 ft: 304 corp: 58/828b lim: 116 exec/s: 0 rss: 975Mb L: 74/103 MS: 2 EraseBytes-Custom-
#24335	REDUCE cov: 90 ft: 304 corp: 58/824b lim: 116 exec/s: 0 rss: 975Mb L: 81/103 MS: 10 ChangeBinInt-Custom-InsertRepeatedBytes-Custom-ChangeBit-Custom-InsertRepeatedBytes-Custom-EraseBytes-Custom-
#24338	REDUCE cov: 90 ft: 304 corp: 58/816b lim: 116 exec/s: 0 rss: 975Mb L: 67/103 MS: 6 ShuffleBytes-Custom-InsertRepeatedBytes-Custom-EraseBytes-Custom-
#25735	REDUCE cov: 90 ft: 309 corp: 59/934b lim: 128 exec/s: 0 rss: 975Mb L: 118/118 MS: 4 EraseBytes-Custom-InsertRepeatedBytes-Custom-
#26170	REDUCE cov: 90 ft: 309 corp: 59/933b lim: 128 exec/s: 0 rss: 975Mb L: 36/118 MS: 10 ShuffleBytes-Custom-CopyPart-Custom-EraseBytes-Custom-ChangeBinInt-Custom-CMP-Custom- DE: "\000\000\000\000\000\000\000\000"-
#26246	REDUCE cov: 90 ft: 309 corp: 59/925b lim: 128 exec/s: 0 rss: 975Mb L: 8/118 MS: 2 EraseBytes-Custom-
#26778	REDUCE cov: 90 ft: 309 corp: 59/920b lim: 128 exec/s: 0 rss: 975Mb L: 62/118 MS: 4 ChangeBit-Custom-EraseBytes-Custom-
#28729	REDUCE cov: 90 ft: 309 corp: 59/919b lim: 142 exec/s: 0 rss: 975Mb L: 41/118 MS: 2 CrossOver-Custom-
#29190	REDUCE cov: 90 ft: 309 corp: 59/916b lim: 142 exec/s: 0 rss: 975Mb L: 25/118 MS: 2 EraseBytes-Custom-
#33409	REDUCE cov: 90 ft: 309 corp: 59/914b lim: 177 exec/s: 0 rss: 975Mb L: 60/118 MS: 8 ChangeBit-Custom-ChangeBinInt-Custom-PersAutoDict-Custom-EraseBytes-Custom- DE: "\000\000\000\000\000\000\000\000"-
#34934	REDUCE cov: 90 ft: 309 corp: 59/910b lim: 191 exec/s: 0 rss: 975Mb L: 37/118 MS: 10 ShuffleBytes-Custom-InsertByte-Custom-CopyPart-Custom-ShuffleBytes-Custom-EraseBytes-Custom-
#35775	REDUCE cov: 90 ft: 309 corp: 59/909b lim: 198 exec/s: 0 rss: 975Mb L: 80/118 MS: 2 EraseBytes-Custom-
#37091	REDUCE cov: 90 ft: 309 corp: 59/905b lim: 205 exec/s: 0 rss: 975Mb L: 56/118 MS: 2 EraseBytes-Custom-
#38132	REDUCE cov: 90 ft: 309 corp: 59/904b lim: 212 exec/s: 0 rss: 975Mb L: 24/118 MS: 2 EraseBytes-Custom-
#38692	REDUCE cov: 90 ft: 311 corp: 60/1116b lim: 212 exec/s: 0 rss: 975Mb L: 212/212 MS: 10 ChangeByte-Custom-PersAutoDict-Custom-CopyPart-Custom-PersAutoDict-Custom-InsertRepeatedBytes-Custom- DE: "\001\006"-"\000\000\000\000\000\000\000\000"-
#39666	REDUCE cov: 90 ft: 311 corp: 60/1094b lim: 219 exec/s: 0 rss: 975Mb L: 52/212 MS: 8 CrossOver-Custom-ChangeBinInt-Custom-InsertByte-Custom-EraseBytes-Custom-
#40900	REDUCE cov: 90 ft: 311 corp: 60/1091b lim: 226 exec/s: 0 rss: 975Mb L: 49/212 MS: 8 ShuffleBytes-Custom-CopyPart-Custom-PersAutoDict-Custom-EraseBytes-Custom- DE: "\001\006"-
#44816	REDUCE cov: 90 ft: 311 corp: 60/1090b lim: 261 exec/s: 0 rss: 976Mb L: 102/212 MS: 2 EraseBytes-Custom-
#47818	REDUCE cov: 90 ft: 311 corp: 60/1089b lim: 285 exec/s: 0 rss: 976Mb L: 55/212 MS: 4 ChangeByte-Custom-EraseBytes-Custom-
#48350	REDUCE cov: 90 ft: 311 corp: 60/1085b lim: 285 exec/s: 0 rss: 976Mb L: 208/208 MS: 4 ShuffleBytes-Custom-EraseBytes-Custom-
#52074	REDUCE cov: 90 ft: 311 corp: 60/1081b lim: 317 exec/s: 0 rss: 976Mb L: 45/208 MS: 8 CopyPart-Custom-PersAutoDict-Custom-ChangeBit-Custom-EraseBytes-Custom- DE: "\001\006"-
#52402	REDUCE cov: 90 ft: 311 corp: 60/1076b lim: 317 exec/s: 0 rss: 976Mb L: 40/208 MS: 6 ChangeBit-Custom-InsertByte-Custom-EraseBytes-Custom-
#54753	REDUCE cov: 90 ft: 311 corp: 60/1057b lim: 333 exec/s: 0 rss: 976Mb L: 21/208 MS: 2 EraseBytes-Custom-
#57953	REDUCE cov: 90 ft: 311 corp: 60/1053b lim: 357 exec/s: 0 rss: 976Mb L: 204/204 MS: 10 EraseBytes-Custom-PersAutoDict-Custom-EraseBytes-Custom-InsertRepeatedBytes-Custom-CMP-Custom- DE: "\001\006"-"\000\000\000\000\000\000\000\000"-
#59559	REDUCE cov: 90 ft: 311 corp: 60/1052b lim: 365 exec/s: 0 rss: 976Mb L: 20/204 MS: 2 EraseBytes-Custom-
#60033	REDUCE cov: 90 ft: 311 corp: 60/1051b lim: 365 exec/s: 0 rss: 976Mb L: 70/204 MS: 8 PersAutoDict-Custom-CopyPart-Custom-EraseBytes-Custom-CopyPart-Custom- DE: "\001\006"-
#61775	REDUCE cov: 90 ft: 315 corp: 61/1292b lim: 381 exec/s: 0 rss: 976Mb L: 241/241 MS: 4 CrossOver-Custom-CopyPart-Custom-
#62417	NEW    cov: 90 ft: 317 corp: 62/1380b lim: 381 exec/s: 0 rss: 976Mb L: 88/241 MS: 4 InsertRepeatedBytes-Custom-ChangeBinInt-Custom-
#62474	REDUCE cov: 90 ft: 317 corp: 62/1378b lim: 381 exec/s: 0 rss: 976Mb L: 116/241 MS: 4 CopyPart-Custom-EraseBytes-Custom-
#62589	REDUCE cov: 90 ft: 317 corp: 62/1377b lim: 381 exec/s: 0 rss: 976Mb L: 69/241 MS: 10 CMP-Custom-ChangeBit-Custom-PersAutoDict-Custom-EraseBytes-Custom-CopyPart-Custom- DE: "\000\000\000\031"-"\001\006"-
#62971	NEW    cov: 90 ft: 319 corp: 63/1449b lim: 381 exec/s: 0 rss: 976Mb L: 72/241 MS: 4 ChangeByte-Custom-EraseBytes-Custom-
#62973	REDUCE cov: 90 ft: 319 corp: 63/1437b lim: 381 exec/s: 0 rss: 976Mb L: 60/241 MS: 4 CrossOver-Custom-EraseBytes-Custom-
#65169	REDUCE cov: 90 ft: 319 corp: 63/1427b lim: 397 exec/s: 0 rss: 976Mb L: 50/241 MS: 2 EraseBytes-Custom-
#65556	REDUCE cov: 90 ft: 319 corp: 63/1421b lim: 397 exec/s: 0 rss: 976Mb L: 44/241 MS: 4 PersAutoDict-Custom-EraseBytes-Custom- DE: "\000\005"-
#67735	REDUCE cov: 90 ft: 319 corp: 63/1417b lim: 413 exec/s: 0 rss: 976Mb L: 84/241 MS: 8 ChangeByte-Custom-ChangeByte-Custom-ShuffleBytes-Custom-EraseBytes-Custom-
#68692	REDUCE cov: 90 ft: 319 corp: 63/1396b lim: 421 exec/s: 0 rss: 976Mb L: 81/241 MS: 4 CrossOver-Custom-EraseBytes-Custom-
#68828	REDUCE cov: 90 ft: 319 corp: 63/1393b lim: 421 exec/s: 0 rss: 976Mb L: 81/241 MS: 2 EraseBytes-Custom-
#68949	REDUCE cov: 90 ft: 319 corp: 63/1388b lim: 421 exec/s: 0 rss: 976Mb L: 15/241 MS: 2 EraseBytes-Custom-
#70879	REDUCE cov: 90 ft: 321 corp: 64/1432b lim: 437 exec/s: 0 rss: 976Mb L: 44/241 MS: 10 ChangeByte-Custom-InsertByte-Custom-ChangeBit-Custom-ChangeBinInt-Custom-EraseBytes-Custom-
#73130	REDUCE cov: 90 ft: 321 corp: 64/1431b lim: 453 exec/s: 0 rss: 976Mb L: 22/241 MS: 2 EraseBytes-Custom-
#75191	REDUCE cov: 90 ft: 321 corp: 64/1430b lim: 469 exec/s: 0 rss: 976Mb L: 43/241 MS: 2 EraseBytes-Custom-
#76594	REDUCE cov: 90 ft: 321 corp: 64/1429b lim: 477 exec/s: 0 rss: 976Mb L: 80/241 MS: 6 ChangeBit-Custom-CrossOver-Custom-EraseBytes-Custom-
#76835	REDUCE cov: 90 ft: 321 corp: 64/1428b lim: 477 exec/s: 0 rss: 976Mb L: 14/241 MS: 2 EraseBytes-Custom-
#78131	REDUCE cov: 90 ft: 321 corp: 64/1427b lim: 485 exec/s: 0 rss: 976Mb L: 13/241 MS: 2 EraseBytes-Custom-
#78191	REDUCE cov: 90 ft: 321 corp: 64/1393b lim: 485 exec/s: 0 rss: 976Mb L: 46/241 MS: 10 CMP-Custom-CopyPart-Custom-ShuffleBytes-Custom-ChangeBit-Custom-EraseBytes-Custom- DE: "\030\000\000\000"-
#79038	REDUCE cov: 90 ft: 321 corp: 64/1391b lim: 493 exec/s: 0 rss: 976Mb L: 53/241 MS: 4 CrossOver-Custom-EraseBytes-Custom-
#80271	REDUCE cov: 90 ft: 321 corp: 64/1387b lim: 501 exec/s: 0 rss: 976Mb L: 49/241 MS: 6 EraseBytes-Custom-ChangeByte-Custom-CopyPart-Custom-
#81384	REDUCE cov: 90 ft: 321 corp: 64/1383b lim: 509 exec/s: 0 rss: 976Mb L: 42/241 MS: 6 CopyPart-Custom-CrossOver-Custom-EraseBytes-Custom-
#82100	REDUCE cov: 90 ft: 321 corp: 64/1380b lim: 509 exec/s: 0 rss: 976Mb L: 40/241 MS: 2 EraseBytes-Custom-
#84651	REDUCE cov: 90 ft: 321 corp: 64/1373b lim: 526 exec/s: 84651 rss: 976Mb L: 35/241 MS: 2 EraseBytes-Custom-
#87457	REDUCE cov: 90 ft: 321 corp: 64/1372b lim: 553 exec/s: 87457 rss: 976Mb L: 23/241 MS: 2 EraseBytes-Custom-
#88398	REDUCE cov: 90 ft: 321 corp: 64/1371b lim: 562 exec/s: 88398 rss: 976Mb L: 12/241 MS: 2 EraseBytes-Custom-
#88669	REDUCE cov: 90 ft: 321 corp: 64/1367b lim: 562 exec/s: 88669 rss: 976Mb L: 45/241 MS: 2 EraseBytes-Custom-
#89205	REDUCE cov: 90 ft: 321 corp: 64/1361b lim: 562 exec/s: 89205 rss: 976Mb L: 29/241 MS: 2 EraseBytes-Custom-
#89266	REDUCE cov: 90 ft: 321 corp: 64/1356b lim: 562 exec/s: 89266 rss: 976Mb L: 76/241 MS: 2 EraseBytes-Custom-
#89910	REDUCE cov: 90 ft: 321 corp: 64/1355b lim: 562 exec/s: 89910 rss: 976Mb L: 44/241 MS: 8 InsertRepeatedBytes-Custom-EraseBytes-Custom-CopyPart-Custom-CMP-Custom- DE: "\001\000\000\000\000\000\000\000"-
#94423	REDUCE cov: 90 ft: 321 corp: 64/1350b lim: 598 exec/s: 94423 rss: 976Mb L: 236/236 MS: 6 CopyPart-Custom-ChangeByte-Custom-EraseBytes-Custom-
#97181	REDUCE cov: 90 ft: 321 corp: 64/1342b lim: 625 exec/s: 97181 rss: 976Mb L: 21/236 MS: 6 ChangeByte-Custom-ChangeByte-Custom-EraseBytes-Custom-
#97362	REDUCE cov: 90 ft: 321 corp: 64/1341b lim: 625 exec/s: 97362 rss: 976Mb L: 20/236 MS: 2 EraseBytes-Custom-
#97470	REDUCE cov: 90 ft: 321 corp: 64/1340b lim: 625 exec/s: 97470 rss: 976Mb L: 22/236 MS: 6 CopyPart-Custom-CopyPart-Custom-EraseBytes-Custom-
#100987	REDUCE cov: 90 ft: 321 corp: 64/1338b lim: 652 exec/s: 100987 rss: 976Mb L: 42/236 MS: 4 EraseBytes-Custom-CrossOver-Custom-
#101672	REDUCE cov: 90 ft: 321 corp: 64/1336b lim: 652 exec/s: 101672 rss: 976Mb L: 40/236 MS: 10 ChangeByte-Custom-ChangeByte-Custom-EraseBytes-Custom-InsertRepeatedBytes-Custom-CopyPart-Custom-
#102240	REDUCE cov: 90 ft: 321 corp: 64/1332b lim: 652 exec/s: 102240 rss: 976Mb L: 200/236 MS: 6 EraseBytes-Custom-ShuffleBytes-Custom-ChangeBinInt-Custom-
#103181	REDUCE cov: 90 ft: 321 corp: 64/1330b lim: 661 exec/s: 103181 rss: 976Mb L: 38/236 MS: 2 EraseBytes-Custom-
#103552	REDUCE cov: 90 ft: 321 corp: 64/1329b lim: 661 exec/s: 103552 rss: 976Mb L: 11/236 MS: 2 EraseBytes-Custom-
#106479	REDUCE cov: 90 ft: 321 corp: 64/1328b lim: 688 exec/s: 106479 rss: 976Mb L: 19/236 MS: 4 ShuffleBytes-Custom-EraseBytes-Custom-
#106990	REDUCE cov: 90 ft: 321 corp: 64/1327b lim: 688 exec/s: 106990 rss: 976Mb L: 37/236 MS: 2 EraseBytes-Custom-
#107432	REDUCE cov: 90 ft: 321 corp: 64/1319b lim: 688 exec/s: 107432 rss: 976Mb L: 29/236 MS: 4 ChangeBit-Custom-EraseBytes-Custom-
#109484	REDUCE cov: 90 ft: 321 corp: 64/1318b lim: 706 exec/s: 109484 rss: 976Mb L: 10/236 MS: 4 ChangeBit-Custom-EraseBytes-Custom-
#110377	REDUCE cov: 90 ft: 321 corp: 64/1314b lim: 706 exec/s: 110377 rss: 976Mb L: 25/236 MS: 6 ShuffleBytes-Custom-ChangeByte-Custom-EraseBytes-Custom-
#115810	REDUCE cov: 90 ft: 321 corp: 64/1313b lim: 760 exec/s: 115810 rss: 976Mb L: 8/236 MS: 6 InsertByte-Custom-CopyPart-Custom-EraseBytes-Custom-
#115897	REDUCE cov: 90 ft: 330 corp: 65/1529b lim: 760 exec/s: 115897 rss: 976Mb L: 216/236 MS: 4 InsertRepeatedBytes-Custom-InsertRepeatedBytes-Custom-
#118269	REDUCE cov: 90 ft: 330 corp: 65/1525b lim: 778 exec/s: 118269 rss: 976Mb L: 21/236 MS: 4 ShuffleBytes-Custom-EraseBytes-Custom-
#118368	REDUCE cov: 90 ft: 330 corp: 65/1518b lim: 778 exec/s: 118368 rss: 976Mb L: 193/236 MS: 8 ChangeByte-Custom-CopyPart-Custom-InsertByte-Custom-EraseBytes-Custom-
#119066	REDUCE cov: 90 ft: 330 corp: 65/1495b lim: 778 exec/s: 119066 rss: 976Mb L: 193/236 MS: 6 ChangeByte-Custom-EraseBytes-Custom-PersAutoDict-Custom- DE: "\000\000\000\031"-
#120922	REDUCE cov: 90 ft: 330 corp: 65/1494b lim: 796 exec/s: 120922 rss: 976Mb L: 20/236 MS: 2 EraseBytes-Custom-
#123778	REDUCE cov: 90 ft: 330 corp: 65/1493b lim: 823 exec/s: 123778 rss: 976Mb L: 18/236 MS: 2 EraseBytes-Custom-
#124935	REDUCE cov: 90 ft: 330 corp: 65/1484b lim: 832 exec/s: 124935 rss: 976Mb L: 184/236 MS: 4 CMP-Custom-EraseBytes-Custom- DE: "\000\000\000\000\000\000\000\000"-
#128766	REDUCE cov: 90 ft: 330 corp: 65/1483b lim: 868 exec/s: 128766 rss: 976Mb L: 19/236 MS: 2 EraseBytes-Custom-
#129224	REDUCE cov: 90 ft: 330 corp: 65/1479b lim: 868 exec/s: 129224 rss: 976Mb L: 112/236 MS: 6 InsertRepeatedBytes-Custom-ChangeBinInt-Custom-EraseBytes-Custom-
#132850	REDUCE cov: 90 ft: 330 corp: 65/1477b lim: 904 exec/s: 132850 rss: 976Mb L: 8/236 MS: 2 EraseBytes-Custom-
#134506	REDUCE cov: 90 ft: 330 corp: 65/1473b lim: 913 exec/s: 134506 rss: 976Mb L: 15/236 MS: 2 EraseBytes-Custom-
#137291	REDUCE cov: 90 ft: 330 corp: 65/1463b lim: 940 exec/s: 137291 rss: 976Mb L: 183/236 MS: 10 EraseBytes-Custom-InsertByte-Custom-ShuffleBytes-Custom-PersAutoDict-Custom-CopyPart-Custom- DE: "\000\000\000\031"-
#138341	REDUCE cov: 90 ft: 330 corp: 65/1460b lim: 949 exec/s: 138341 rss: 976Mb L: 109/236 MS: 10 InsertByte-Custom-ChangeBinInt-Custom-CMP-Custom-ShuffleBytes-Custom-EraseBytes-Custom- DE: "\001\000\000\000\000\000\000\000"-
#142563	REDUCE cov: 90 ft: 330 corp: 65/1450b lim: 985 exec/s: 142563 rss: 976Mb L: 174/236 MS: 4 CMP-Custom-EraseBytes-Custom- DE: "\013\000\000\000"-
#143056	REDUCE cov: 90 ft: 330 corp: 65/1447b lim: 985 exec/s: 143056 rss: 976Mb L: 12/236 MS: 6 InsertByte-Custom-InsertByte-Custom-EraseBytes-Custom-
#143168	REDUCE cov: 90 ft: 330 corp: 65/1446b lim: 985 exec/s: 143168 rss: 976Mb L: 17/236 MS: 4 CopyPart-Custom-EraseBytes-Custom-
#143495	REDUCE cov: 90 ft: 330 corp: 65/1399b lim: 985 exec/s: 143495 rss: 976Mb L: 136/236 MS: 4 ShuffleBytes-Custom-EraseBytes-Custom-
#143850	REDUCE cov: 90 ft: 330 corp: 65/1363b lim: 985 exec/s: 143850 rss: 976Mb L: 73/236 MS: 10 ChangeByte-Custom-ChangeBit-Custom-CopyPart-Custom-ChangeBinInt-Custom-EraseBytes-Custom-
#145741	REDUCE cov: 90 ft: 330 corp: 65/1358b lim: 1003 exec/s: 145741 rss: 976Mb L: 75/236 MS: 2 EraseBytes-Custom-
#146901	REDUCE cov: 90 ft: 330 corp: 65/1357b lim: 1012 exec/s: 146901 rss: 976Mb L: 22/236 MS: 10 PersAutoDict-Custom-EraseBytes-Custom-CopyPart-Custom-InsertByte-Custom-InsertByte-Custom- DE: "\000\000\000\031"-
#149987	REDUCE cov: 90 ft: 330 corp: 65/1355b lim: 1040 exec/s: 149987 rss: 976Mb L: 10/236 MS: 2 EraseBytes-Custom-
#151867	REDUCE cov: 90 ft: 330 corp: 65/1353b lim: 1050 exec/s: 151867 rss: 976Mb L: 67/236 MS: 10 EraseBytes-Custom-ShuffleBytes-Custom-ShuffleBytes-Custom-CMP-Custom-InsertByte-Custom- DE: "\002\000\000\000"-
#153734	REDUCE cov: 90 ft: 330 corp: 65/1352b lim: 1060 exec/s: 153734 rss: 976Mb L: 16/236 MS: 4 ChangeByte-Custom-EraseBytes-Custom-
#154776	REDUCE cov: 90 ft: 330 corp: 65/1341b lim: 1070 exec/s: 154776 rss: 976Mb L: 125/236 MS: 4 CopyPart-Custom-EraseBytes-Custom-
#155983	REDUCE cov: 90 ft: 330 corp: 65/1323b lim: 1080 exec/s: 155983 rss: 976Mb L: 107/236 MS: 4 CrossOver-Custom-EraseBytes-Custom-
#156048	REDUCE cov: 90 ft: 330 corp: 65/1322b lim: 1080 exec/s: 156048 rss: 976Mb L: 235/235 MS: 10 EraseBytes-Custom-InsertRepeatedBytes-Custom-PersAutoDict-Custom-PersAutoDict-Custom-ChangeBinInt-Custom- DE: "\001\006"-"\000\000\000\000\000\000\000\000"-
#156552	REDUCE cov: 90 ft: 330 corp: 65/1315b lim: 1080 exec/s: 156552 rss: 976Mb L: 66/235 MS: 8 InsertByte-Custom-CMP-Custom-ChangeByte-Custom-EraseBytes-Custom- DE: "\001\031"-
#157240	REDUCE cov: 90 ft: 330 corp: 65/1308b lim: 1080 exec/s: 157240 rss: 976Mb L: 228/228 MS: 6 ChangeBinInt-Custom-ShuffleBytes-Custom-EraseBytes-Custom-
#165310	REDUCE cov: 90 ft: 332 corp: 66/1566b lim: 1160 exec/s: 165310 rss: 976Mb L: 258/258 MS: 10 PersAutoDict-Custom-CMP-Custom-InsertRepeatedBytes-Custom-PersAutoDict-Custom-CopyPart-Custom- DE: "\000\005"-"\001\000\000\000\000\000\000\000"-"\001\031"-
#165706	REDUCE cov: 90 ft: 332 corp: 66/1512b lim: 1160 exec/s: 165706 rss: 976Mb L: 204/228 MS: 2 EraseBytes-Custom-
#166739	REDUCE cov: 90 ft: 332 corp: 66/1511b lim: 1170 exec/s: 166739 rss: 976Mb L: 9/228 MS: 6 ChangeBinInt-Custom-ChangeBit-Custom-EraseBytes-Custom-
#166966	REDUCE cov: 90 ft: 332 corp: 66/1491b lim: 1170 exec/s: 166966 rss: 976Mb L: 87/228 MS: 4 CrossOver-Custom-EraseBytes-Custom-
#167724	REDUCE cov: 90 ft: 332 corp: 66/1486b lim: 1170 exec/s: 167724 rss: 976Mb L: 223/223 MS: 6 CopyPart-Custom-ShuffleBytes-Custom-EraseBytes-Custom-
#167760	REDUCE cov: 90 ft: 332 corp: 66/1459b lim: 1170 exec/s: 167760 rss: 976Mb L: 177/223 MS: 2 EraseBytes-Custom-
#168757	REDUCE cov: 90 ft: 332 corp: 66/1456b lim: 1170 exec/s: 84378 rss: 976Mb L: 84/223 MS: 4 InsertByte-Custom-EraseBytes-Custom-
#170165	REDUCE cov: 90 ft: 332 corp: 66/1432b lim: 1180 exec/s: 85082 rss: 976Mb L: 153/223 MS: 6 ChangeBit-Custom-ChangeBit-Custom-EraseBytes-Custom-
#173513	REDUCE cov: 90 ft: 332 corp: 66/1400b lim: 1210 exec/s: 86756 rss: 976Mb L: 121/223 MS: 6 ChangeBinInt-Custom-ChangeBinInt-Custom-EraseBytes-Custom-
#173918	REDUCE cov: 90 ft: 332 corp: 66/1394b lim: 1210 exec/s: 86959 rss: 976Mb L: 217/217 MS: 10 ShuffleBytes-Custom-ShuffleBytes-Custom-EraseBytes-Custom-CopyPart-Custom-CopyPart-Custom-
#174901	REDUCE cov: 90 ft: 332 corp: 66/1378b lim: 1210 exec/s: 87450 rss: 976Mb L: 201/201 MS: 6 PersAutoDict-Custom-ChangeBinInt-Custom-EraseBytes-Custom- DE: "\001\000\000\000\000\000\000\000"-
#181163	REDUCE cov: 90 ft: 332 corp: 66/1370b lim: 1270 exec/s: 90581 rss: 976Mb L: 76/201 MS: 4 ChangeByte-Custom-EraseBytes-Custom-
#182286	REDUCE cov: 90 ft: 332 corp: 66/1348b lim: 1280 exec/s: 91143 rss: 976Mb L: 44/201 MS: 6 PersAutoDict-Custom-EraseBytes-Custom-CrossOver-Custom- DE: "\377\377\377\377\377\377\377\377"-
#183914	REDUCE cov: 90 ft: 332 corp: 66/1346b lim: 1290 exec/s: 91957 rss: 976Mb L: 74/201 MS: 6 ShuffleBytes-Custom-ShuffleBytes-Custom-EraseBytes-Custom-
#185770	REDUCE cov: 90 ft: 332 corp: 66/1344b lim: 1300 exec/s: 92885 rss: 976Mb L: 14/201 MS: 2 EraseBytes-Custom-
#191962	REDUCE cov: 90 ft: 332 corp: 66/1333b lim: 1360 exec/s: 95981 rss: 976Mb L: 190/190 MS: 4 ChangeByte-Custom-EraseBytes-Custom-
#194179	REDUCE cov: 90 ft: 332 corp: 66/1331b lim: 1380 exec/s: 97089 rss: 976Mb L: 6/190 MS: 4 ChangeBit-Custom-EraseBytes-Custom-
#194451	REDUCE cov: 90 ft: 332 corp: 66/1330b lim: 1380 exec/s: 97225 rss: 976Mb L: 8/190 MS: 4 CopyPart-Custom-EraseBytes-Custom-
#197297	REDUCE cov: 90 ft: 332 corp: 66/1329b lim: 1400 exec/s: 98648 rss: 976Mb L: 13/190 MS: 2 EraseBytes-Custom-
#197830	REDUCE cov: 90 ft: 332 corp: 66/1311b lim: 1400 exec/s: 98915 rss: 976Mb L: 18/190 MS: 6 CopyPart-Custom-EraseBytes-Custom-ChangeBit-Custom-
#198057	REDUCE cov: 90 ft: 332 corp: 66/1309b lim: 1400 exec/s: 99028 rss: 976Mb L: 42/190 MS: 4 ChangeByte-Custom-EraseBytes-Custom-
#201403	REDUCE cov: 90 ft: 332 corp: 66/1306b lim: 1430 exec/s: 100701 rss: 976Mb L: 15/190 MS: 2 EraseBytes-Custom-
#203580	REDUCE cov: 90 ft: 332 corp: 66/1302b lim: 1450 exec/s: 101790 rss: 976Mb L: 38/190 MS: 4 ChangeBinInt-Custom-EraseBytes-Custom-
#204256	REDUCE cov: 90 ft: 332 corp: 66/1298b lim: 1450 exec/s: 102128 rss: 976Mb L: 11/190 MS: 2 EraseBytes-Custom-
#205229	REDUCE cov: 90 ft: 332 corp: 66/1297b lim: 1450 exec/s: 102614 rss: 976Mb L: 37/190 MS: 6 InsertByte-Custom-ChangeBit-Custom-EraseBytes-Custom-
#205805	REDUCE cov: 90 ft: 332 corp: 66/1292b lim: 1450 exec/s: 102902 rss: 976Mb L: 185/185 MS: 2 EraseBytes-Custom-
#207142	REDUCE cov: 90 ft: 332 corp: 66/1289b lim: 1460 exec/s: 103571 rss: 976Mb L: 8/185 MS: 4 CopyPart-Custom-EraseBytes-Custom-
#209378	REDUCE cov: 90 ft: 332 corp: 66/1288b lim: 1480 exec/s: 104689 rss: 976Mb L: 7/185 MS: 2 EraseBytes-Custom-
#209764	REDUCE cov: 90 ft: 332 corp: 66/1287b lim: 1480 exec/s: 104882 rss: 976Mb L: 75/185 MS: 2 EraseBytes-Custom-
#212130	REDUCE cov: 90 ft: 332 corp: 66/1280b lim: 1500 exec/s: 106065 rss: 976Mb L: 114/185 MS: 2 EraseBytes-Custom-
#214361	REDUCE cov: 90 ft: 332 corp: 66/1279b lim: 1520 exec/s: 107180 rss: 976Mb L: 7/185 MS: 2 EraseBytes-Custom-
#214674	REDUCE cov: 90 ft: 332 corp: 66/1277b lim: 1520 exec/s: 107337 rss: 976Mb L: 73/185 MS: 6 ChangeByte-Custom-EraseBytes-Custom-CrossOver-Custom-
#215283	REDUCE cov: 90 ft: 332 corp: 66/1266b lim: 1520 exec/s: 107641 rss: 980Mb L: 62/185 MS: 8 ChangeByte-Custom-CopyPart-Custom-CopyPart-Custom-EraseBytes-Custom-
#215378	REDUCE cov: 90 ft: 332 corp: 66/1264b lim: 1520 exec/s: 107689 rss: 980Mb L: 60/185 MS: 10 ChangeBit-Custom-ChangeBinInt-Custom-ShuffleBytes-Custom-PersAutoDict-Custom-EraseBytes-Custom- DE: "\002\000\000\000"-
#215874	REDUCE cov: 90 ft: 332 corp: 66/1260b lim: 1520 exec/s: 107937 rss: 983Mb L: 56/185 MS: 2 EraseBytes-Custom-
#215887	REDUCE cov: 90 ft: 332 corp: 66/1258b lim: 1520 exec/s: 107943 rss: 983Mb L: 5/185 MS: 6 InsertByte-Custom-InsertByte-Custom-EraseBytes-Custom-
#217307	REDUCE cov: 90 ft: 332 corp: 66/1241b lim: 1530 exec/s: 108653 rss: 991Mb L: 39/185 MS: 10 ChangeBinInt-Custom-ShuffleBytes-Custom-EraseBytes-Custom-ChangeBinInt-Custom-CopyPart-Custom-
#218225	REDUCE cov: 90 ft: 332 corp: 66/1217b lim: 1530 exec/s: 109112 rss: 996Mb L: 43/185 MS: 6 CrossOver-Custom-CrossOver-Custom-CrossOver-Custom-
#218305	REDUCE cov: 90 ft: 332 corp: 66/1216b lim: 1530 exec/s: 109152 rss: 997Mb L: 4/185 MS: 10 ShuffleBytes-Custom-CrossOver-Custom-ChangeBinInt-Custom-CopyPart-Custom-EraseBytes-Custom-
#218506	REDUCE cov: 90 ft: 332 corp: 66/1205b lim: 1530 exec/s: 109253 rss: 998Mb L: 174/174 MS: 2 EraseBytes-Custom-
#220528	REDUCE cov: 90 ft: 332 corp: 66/1188b lim: 1550 exec/s: 110264 rss: 1009Mb L: 157/174 MS: 4 CrossOver-Custom-EraseBytes-Custom-
#221189	REDUCE cov: 90 ft: 332 corp: 66/1183b lim: 1550 exec/s: 110594 rss: 1013Mb L: 34/174 MS: 2 EraseBytes-Custom-
#223008	REDUCE cov: 90 ft: 334 corp: 67/1457b lim: 1560 exec/s: 111504 rss: 1023Mb L: 274/274 MS: 8 InsertByte-Custom-CopyPart-Custom-ChangeByte-Custom-CopyPart-Custom-
#223711	NEW    cov: 90 ft: 336 corp: 68/1557b lim: 1560 exec/s: 111855 rss: 1027Mb L: 100/274 MS: 6 CopyPart-Custom-InsertRepeatedBytes-Custom-CrossOver-Custom-
#224195	NEW    cov: 90 ft: 338 corp: 69/1688b lim: 1560 exec/s: 112097 rss: 1029Mb L: 131/274 MS: 8 PersAutoDict-Custom-ChangeBit-Custom-CopyPart-Custom-CMP-Custom- DE: "\002\000\000\000"-"\001\000\000\000\000\000\000\000"-
#225105	REDUCE cov: 90 ft: 338 corp: 69/1680b lim: 1560 exec/s: 112552 rss: 1035Mb L: 149/274 MS: 10 InsertRepeatedBytes-Custom-PersAutoDict-Custom-PersAutoDict-Custom-ChangeByte-Custom-EraseBytes-Custom- DE: "\001\031"-"\002\000\000\000"-
#225627	REDUCE cov: 90 ft: 338 corp: 69/1679b lim: 1560 exec/s: 112813 rss: 1038Mb L: 12/274 MS: 4 ChangeBit-Custom-EraseBytes-Custom-
#225824	REDUCE cov: 90 ft: 338 corp: 69/1674b lim: 1560 exec/s: 112912 rss: 1039Mb L: 29/274 MS: 4 InsertByte-Custom-EraseBytes-Custom-
#225890	REDUCE cov: 90 ft: 338 corp: 69/1673b lim: 1560 exec/s: 112945 rss: 1039Mb L: 42/274 MS: 2 EraseBytes-Custom-
#226233	REDUCE cov: 90 ft: 338 corp: 69/1668b lim: 1560 exec/s: 113116 rss: 1041Mb L: 32/274 MS: 6 ShuffleBytes-Custom-InsertByte-Custom-EraseBytes-Custom-
#227345	REDUCE cov: 90 ft: 338 corp: 69/1665b lim: 1570 exec/s: 113672 rss: 1047Mb L: 97/274 MS: 4 ChangeBit-Custom-EraseBytes-Custom-
#229122	REDUCE cov: 90 ft: 338 corp: 69/1662b lim: 1580 exec/s: 114561 rss: 1057Mb L: 94/274 MS: 4 ChangeBit-Custom-EraseBytes-Custom-
#229272	REDUCE cov: 90 ft: 338 corp: 69/1652b lim: 1580 exec/s: 114636 rss: 1058Mb L: 27/274 MS: 10 CrossOver-Custom-PersAutoDict-Custom-ChangeBit-Custom-ChangeByte-Custom-EraseBytes-Custom- DE: "\377\377\377\377\377\377\377\377"-
#229743	REDUCE cov: 90 ft: 338 corp: 69/1639b lim: 1580 exec/s: 114871 rss: 1061Mb L: 14/274 MS: 2 EraseBytes-Custom-
#232157	REDUCE cov: 90 ft: 338 corp: 69/1636b lim: 1600 exec/s: 116078 rss: 1074Mb L: 271/271 MS: 8 EraseBytes-Custom-ShuffleBytes-Custom-ShuffleBytes-Custom-ChangeBinInt-Custom-
#233633	REDUCE cov: 90 ft: 338 corp: 69/1626b lim: 1610 exec/s: 116816 rss: 1082Mb L: 121/271 MS: 2 EraseBytes-Custom-
#233664	REDUCE cov: 90 ft: 338 corp: 69/1620b lim: 1610 exec/s: 116832 rss: 1083Mb L: 36/271 MS: 2 EraseBytes-Custom-
#234230	REDUCE cov: 90 ft: 338 corp: 69/1616b lim: 1610 exec/s: 117115 rss: 1086Mb L: 28/271 MS: 2 EraseBytes-Custom-
#234728	REDUCE cov: 90 ft: 338 corp: 69/1614b lim: 1610 exec/s: 117364 rss: 1088Mb L: 27/271 MS: 6 ChangeBit-Custom-ChangeBit-Custom-EraseBytes-Custom-
#236764	REDUCE cov: 90 ft: 338 corp: 69/1612b lim: 1630 exec/s: 118382 rss: 1100Mb L: 112/271 MS: 2 EraseBytes-Custom-
#237998	REDUCE cov: 90 ft: 338 corp: 69/1606b lim: 1640 exec/s: 118999 rss: 1107Mb L: 30/271 MS: 8 CrossOver-Custom-InsertByte-Custom-ChangeByte-Custom-EraseBytes-Custom-
#238765	REDUCE cov: 90 ft: 338 corp: 69/1605b lim: 1640 exec/s: 119382 rss: 1111Mb L: 13/271 MS: 4 ChangeBit-Custom-EraseBytes-Custom-
#241198	REDUCE cov: 90 ft: 338 corp: 69/1599b lim: 1660 exec/s: 120599 rss: 1125Mb L: 88/271 MS: 6 CopyPart-Custom-ShuffleBytes-Custom-EraseBytes-Custom-
#243689	REDUCE cov: 90 ft: 338 corp: 69/1587b lim: 1680 exec/s: 121844 rss: 1139Mb L: 137/271 MS: 2 EraseBytes-Custom-
#246864	REDUCE cov: 90 ft: 338 corp: 69/1581b lim: 1710 exec/s: 123432 rss: 1156Mb L: 106/271 MS: 10 CrossOver-Custom-ShuffleBytes-Custom-ChangeBinInt-Custom-ChangeBit-Custom-EraseBytes-Custom-
#247559	REDUCE cov: 90 ft: 338 corp: 69/1573b lim: 1710 exec/s: 123779 rss: 1160Mb L: 166/271 MS: 10 ChangeBit-Custom-ChangeByte-Custom-InsertRepeatedBytes-Custom-EraseBytes-Custom-PersAutoDict-Custom- DE: "\001\006"-
#247880	REDUCE cov: 90 ft: 338 corp: 69/1572b lim: 1710 exec/s: 123940 rss: 1160Mb L: 39/271 MS: 2 EraseBytes-Custom-
#248947	REDUCE cov: 90 ft: 338 corp: 69/1569b lim: 1720 exec/s: 124473 rss: 1160Mb L: 27/271 MS: 4 ChangeBinInt-Custom-EraseBytes-Custom-
#249563	REDUCE cov: 90 ft: 338 corp: 69/1565b lim: 1720 exec/s: 124781 rss: 1160Mb L: 102/271 MS: 2 EraseBytes-Custom-
#250374	REDUCE cov: 90 ft: 338 corp: 69/1562b lim: 1720 exec/s: 125187 rss: 1160Mb L: 99/271 MS: 2 EraseBytes-Custom-
#250905	REDUCE cov: 90 ft: 338 corp: 69/1548b lim: 1720 exec/s: 125452 rss: 1160Mb L: 257/257 MS: 2 EraseBytes-Custom-
#251736	REDUCE cov: 90 ft: 338 corp: 69/1546b lim: 1720 exec/s: 125868 rss: 1160Mb L: 25/257 MS: 2 EraseBytes-Custom-
#252242	REDUCE cov: 90 ft: 338 corp: 69/1538b lim: 1720 exec/s: 126121 rss: 1160Mb L: 19/257 MS: 2 EraseBytes-Custom-
#252563	REDUCE cov: 90 ft: 338 corp: 69/1537b lim: 1720 exec/s: 126281 rss: 1160Mb L: 11/257 MS: 2 EraseBytes-Custom-
#254075	REDUCE cov: 90 ft: 338 corp: 69/1536b lim: 1730 exec/s: 127037 rss: 1160Mb L: 12/257 MS: 4 EraseBytes-Custom-CopyPart-Custom-
#257556	REDUCE cov: 90 ft: 338 corp: 69/1535b lim: 1760 exec/s: 85852 rss: 1160Mb L: 27/257 MS: 2 EraseBytes-Custom-
#258138	REDUCE cov: 90 ft: 338 corp: 69/1527b lim: 1760 exec/s: 86046 rss: 1160Mb L: 17/257 MS: 4 ChangeByte-Custom-EraseBytes-Custom-
#258450	REDUCE cov: 90 ft: 338 corp: 69/1524b lim: 1760 exec/s: 86150 rss: 1160Mb L: 9/257 MS: 4 ShuffleBytes-Custom-EraseBytes-Custom-
#260516	REDUCE cov: 90 ft: 338 corp: 69/1520b lim: 1780 exec/s: 86838 rss: 1160Mb L: 84/257 MS: 2 EraseBytes-Custom-
#262144	pulse  cov: 90 ft: 338 corp: 69/1520b lim: 1790 exec/s: 87381 rss: 1160Mb
#262532	REDUCE cov: 90 ft: 338 corp: 69/1516b lim: 1800 exec/s: 87510 rss: 1160Mb L: 15/257 MS: 2 EraseBytes-Custom-
#263088	REDUCE cov: 90 ft: 338 corp: 69/1515b lim: 1800 exec/s: 87696 rss: 1160Mb L: 14/257 MS: 2 EraseBytes-Custom-
#264930	REDUCE cov: 90 ft: 338 corp: 69/1513b lim: 1810 exec/s: 88310 rss: 1160Mb L: 164/257 MS: 4 ChangeByte-Custom-EraseBytes-Custom-
#267605	REDUCE cov: 90 ft: 338 corp: 69/1496b lim: 1830 exec/s: 89201 rss: 1160Mb L: 147/257 MS: 10 ChangeBit-Custom-ChangeBinInt-Custom-EraseBytes-Custom-ChangeBinInt-Custom-ChangeByte-Custom-
#268676	REDUCE cov: 90 ft: 338 corp: 69/1490b lim: 1840 exec/s: 89558 rss: 1160Mb L: 11/257 MS: 2 EraseBytes-Custom-
#269238	REDUCE cov: 90 ft: 338 corp: 69/1476b lim: 1840 exec/s: 89746 rss: 1160Mb L: 133/257 MS: 4 PersAutoDict-Custom-EraseBytes-Custom- DE: "\002\000\000\000"-
#271025	REDUCE cov: 90 ft: 338 corp: 69/1475b lim: 1850 exec/s: 90341 rss: 1160Mb L: 136/257 MS: 4 EraseBytes-Custom-CopyPart-Custom-
#272856	REDUCE cov: 90 ft: 338 corp: 69/1472b lim: 1860 exec/s: 90952 rss: 1160Mb L: 254/254 MS: 2 EraseBytes-Custom-
#273070	REDUCE cov: 90 ft: 338 corp: 69/1445b lim: 1860 exec/s: 91023 rss: 1160Mb L: 109/254 MS: 8 ShuffleBytes-Custom-ShuffleBytes-Custom-ChangeByte-Custom-EraseBytes-Custom-
#274072	REDUCE cov: 90 ft: 338 corp: 69/1442b lim: 1860 exec/s: 91357 rss: 1160Mb L: 6/254 MS: 4 ChangeBit-Custom-EraseBytes-Custom-
#275336	REDUCE cov: 90 ft: 338 corp: 69/1419b lim: 1870 exec/s: 91778 rss: 1160Mb L: 51/254 MS: 8 InsertByte-Custom-EraseBytes-Custom-CrossOver-Custom-CrossOver-Custom-
#276167	REDUCE cov: 90 ft: 338 corp: 69/1417b lim: 1870 exec/s: 92055 rss: 1160Mb L: 49/254 MS: 2 EraseBytes-Custom-
#276998	REDUCE cov: 90 ft: 338 corp: 69/1410b lim: 1870 exec/s: 92332 rss: 1160Mb L: 102/254 MS: 2 EraseBytes-Custom-
#277780	REDUCE cov: 90 ft: 338 corp: 69/1409b lim: 1870 exec/s: 92593 rss: 1160Mb L: 26/254 MS: 4 ChangeByte-Custom-EraseBytes-Custom-
#279837	REDUCE cov: 90 ft: 338 corp: 69/1405b lim: 1890 exec/s: 93279 rss: 1160Mb L: 10/254 MS: 4 CopyPart-Custom-EraseBytes-Custom-
#280818	REDUCE cov: 90 ft: 338 corp: 69/1401b lim: 1890 exec/s: 93606 rss: 1160Mb L: 45/254 MS: 2 EraseBytes-Custom-
#282796	REDUCE cov: 90 ft: 338 corp: 69/1373b lim: 1900 exec/s: 94265 rss: 1160Mb L: 105/254 MS: 6 ChangeByte-Custom-EraseBytes-Custom-CrossOver-Custom-
#283546	REDUCE cov: 90 ft: 338 corp: 69/1364b lim: 1900 exec/s: 94515 rss: 1160Mb L: 96/254 MS: 10 CrossOver-Custom-ChangeByte-Custom-ChangeBinInt-Custom-ChangeBinInt-Custom-EraseBytes-Custom-
#286662	REDUCE cov: 90 ft: 338 corp: 69/1351b lim: 1930 exec/s: 95554 rss: 1160Mb L: 83/254 MS: 2 EraseBytes-Custom-
#290040	REDUCE cov: 90 ft: 338 corp: 69/1347b lim: 1960 exec/s: 96680 rss: 1160Mb L: 79/254 MS: 6 CrossOver-Custom-ShuffleBytes-Custom-EraseBytes-Custom-
#293046	REDUCE cov: 90 ft: 338 corp: 69/1343b lim: 1980 exec/s: 97682 rss: 1160Mb L: 98/254 MS: 2 EraseBytes-Custom-
#295211	REDUCE cov: 90 ft: 338 corp: 69/1341b lim: 2000 exec/s: 98403 rss: 1160Mb L: 96/254 MS: 10 InsertByte-Custom-CopyPart-Custom-CMP-Custom-PersAutoDict-Custom-EraseBytes-Custom- DE: "\012\000\000\000"-"\377\377\377\377\377\377\377\377"-
#297204	REDUCE cov: 90 ft: 338 corp: 69/1340b lim: 2010 exec/s: 99068 rss: 1160Mb L: 25/254 MS: 6 ChangeBinInt-Custom-ShuffleBytes-Custom-EraseBytes-Custom-
#298827	REDUCE cov: 90 ft: 338 corp: 69/1335b lim: 2020 exec/s: 99609 rss: 1160Mb L: 91/254 MS: 6 EraseBytes-Custom-ChangeBinInt-Custom-CopyPart-Custom-
#299116	REDUCE cov: 90 ft: 338 corp: 69/1329b lim: 2020 exec/s: 99705 rss: 1160Mb L: 73/254 MS: 8 CopyPart-Custom-CopyPart-Custom-ShuffleBytes-Custom-EraseBytes-Custom-
#301059	REDUCE cov: 90 ft: 338 corp: 69/1326b lim: 2030 exec/s: 100353 rss: 1160Mb L: 96/254 MS: 6 ChangeBinInt-Custom-ChangeByte-Custom-EraseBytes-Custom-
#301846	REDUCE cov: 90 ft: 338 corp: 69/1315b lim: 2030 exec/s: 100615 rss: 1160Mb L: 85/254 MS: 4 CMP-Custom-EraseBytes-Custom- DE: "\000\000\000\001"-
#301928	REDUCE cov: 90 ft: 338 corp: 69/1302b lim: 2030 exec/s: 100642 rss: 1160Mb L: 60/254 MS: 4 CrossOver-Custom-EraseBytes-Custom-
#303985	REDUCE cov: 90 ft: 338 corp: 69/1299b lim: 2050 exec/s: 101328 rss: 1160Mb L: 251/251 MS: 4 CopyPart-Custom-EraseBytes-Custom-
#304105	REDUCE cov: 90 ft: 338 corp: 69/1297b lim: 2050 exec/s: 101368 rss: 1160Mb L: 83/251 MS: 10 PersAutoDict-Custom-ChangeByte-Custom-ChangeByte-Custom-CrossOver-Custom-EraseBytes-Custom- DE: "\001\006"-
#307007	REDUCE cov: 90 ft: 338 corp: 69/1296b lim: 2072 exec/s: 102335 rss: 1160Mb L: 9/251 MS: 4 ChangeBit-Custom-EraseBytes-Custom-
#310424	REDUCE cov: 90 ft: 338 corp: 69/1289b lim: 2105 exec/s: 103474 rss: 1160Mb L: 244/244 MS: 4 ChangeByte-Custom-EraseBytes-Custom-
#311192	REDUCE cov: 90 ft: 338 corp: 69/1284b lim: 2105 exec/s: 103730 rss: 1160Mb L: 79/244 MS: 6 ShuffleBytes-Custom-CopyPart-Custom-EraseBytes-Custom-
#314934	REDUCE cov: 90 ft: 338 corp: 69/1283b lim: 2138 exec/s: 104978 rss: 1160Mb L: 24/244 MS: 4 CrossOver-Custom-EraseBytes-Custom-
#316683	REDUCE cov: 90 ft: 340 corp: 70/1708b lim: 2149 exec/s: 105561 rss: 1160Mb L: 425/425 MS: 8 CrossOver-Custom-PersAutoDict-Custom-ChangeBit-Custom-CrossOver-Custom- DE: "\000\000\000\000\000\000\000\000"-
#318788	REDUCE cov: 90 ft: 340 corp: 70/1705b lim: 2160 exec/s: 106262 rss: 1160Mb L: 80/425 MS: 10 EraseBytes-Custom-ShuffleBytes-Custom-ChangeBit-Custom-ChangeBinInt-Custom-ShuffleBytes-Custom-
#319284	REDUCE cov: 90 ft: 340 corp: 70/1694b lim: 2160 exec/s: 106428 rss: 1160Mb L: 49/425 MS: 2 EraseBytes-Custom-
#320622	REDUCE cov: 90 ft: 340 corp: 70/1673b lim: 2171 exec/s: 106874 rss: 1160Mb L: 404/404 MS: 6 ChangeBit-Custom-PersAutoDict-Custom-EraseBytes-Custom- DE: "\002\000\000\000"-
#322159	REDUCE cov: 90 ft: 340 corp: 70/1665b lim: 2182 exec/s: 107386 rss: 1160Mb L: 72/404 MS: 4 ChangeBinInt-Custom-EraseBytes-Custom-
#324435	REDUCE cov: 90 ft: 340 corp: 70/1663b lim: 2204 exec/s: 108145 rss: 1160Mb L: 7/404 MS: 2 EraseBytes-Custom-
#326831	REDUCE cov: 90 ft: 340 corp: 70/1662b lim: 2226 exec/s: 108943 rss: 1160Mb L: 48/404 MS: 2 EraseBytes-Custom-
#332353	REDUCE cov: 90 ft: 340 corp: 70/1644b lim: 2270 exec/s: 110784 rss: 1160Mb L: 73/404 MS: 4 ChangeBit-Custom-EraseBytes-Custom-
#336000	REDUCE cov: 90 ft: 340 corp: 70/1635b lim: 2303 exec/s: 112000 rss: 1160Mb L: 63/404 MS: 4 ChangeBinInt-Custom-EraseBytes-Custom-
#336321	REDUCE cov: 90 ft: 340 corp: 70/1632b lim: 2303 exec/s: 112107 rss: 1160Mb L: 45/404 MS: 2 EraseBytes-Custom-
#338858	REDUCE cov: 90 ft: 340 corp: 70/1630b lim: 2325 exec/s: 112952 rss: 1160Mb L: 43/404 MS: 4 ChangeByte-Custom-EraseBytes-Custom-
#339889	REDUCE cov: 90 ft: 340 corp: 70/1629b lim: 2325 exec/s: 113296 rss: 1160Mb L: 10/404 MS: 2 EraseBytes-Custom-
#345319	DONE   cov: 90 ft: 340 corp: 70/1629b lim: 2369 exec/s: 86329 rss: 1160Mb
###### Recommended dictionary. ######
"\000\005" # Uses: 4678
"\377\377\377\377\377\377\377\377" # Uses: 3904
"\001\006" # Uses: 4252
"\000\000\000\000\000\000\000\000" # Uses: 3238
"\000\000\000\031" # Uses: 2894
"\030\000\000\000" # Uses: 2612
"\001\000\000\000\000\000\000\000" # Uses: 2139
"\013\000\000\000" # Uses: 1726
"\002\000\000\000" # Uses: 1693
"\001\031" # Uses: 1775
"\012\000\000\000" # Uses: 373
"\000\000\000\001" # Uses: 315
###### End of recommended dictionary. ######
Done 345319 runs in 4 second(s)
[INFO] Tests run: 2, Failures: 0, Errors: 0, Skipped: 0, Time elapsed: 10.13 s -- in com.example.algorithm2.Algorithm2Test
[INFO] 
[INFO] Results:
[INFO] 
[INFO] Tests run: 2, Failures: 0, Errors: 0, Skipped: 0
[INFO] 
[INFO] 
[INFO] --- jacoco:0.8.11:report (default-cli) @ AlgorithmName2 ---
[INFO] Loading execution data file /tmp/bugrun/cli_34.6s5y9x/target/jacoco.exec
[INFO] Analyzed bundle 'AlgorithmName2' with 23 classes
[INFO] ------------------------------------------------------------------------
[INFO] BUILD SUCCESS
[INFO] ------------------------------------------------------------------------
[INFO] Total time:  18.388 s
[INFO] Finished at: 2026-10-06T01:48:07+07:00
[INFO] ------------------------------------------------------------------------
