[INFO] Scanning for projects...
[INFO] 
[INFO] ---------------------< com.example:AlgorithmName2 >---------------------
[INFO] Building AlgorithmName2 1.0-SNAPSHOT
[INFO]   from pom.xml
[INFO] --------------------------------[ jar ]---------------------------------
[INFO] 
[INFO] --- jacoco:0.8.11:prepare-agent (default) @ AlgorithmName2 ---
[INFO] argLine set to -javaagent:/home/kanyaphak673380391-3/.m2/repository/org/jacoco/org.jacoco.agent/0.8.11/org.jacoco.agent-0.8.11-runtime.jar=destfile=/tmp/bugrun/collections_22.Z8XPzU/target/jacoco.exec
[INFO] 
[INFO] --- resources:3.4.0:resources (default-resources) @ AlgorithmName2 ---
[INFO] Copying 1 resource from src/main/resources to target/classes
[INFO] 
[INFO] --- compiler:3.15.0:compile (default-compile) @ AlgorithmName2 ---
[INFO] Recompiling the module because of changed source code.
[INFO] Compiling 1 source file with javac [debug target 1.8] to target/classes
[WARNING] bootstrap class path not set in conjunction with -source 8
[INFO] 
[INFO] --- dependency:3.6.0:unpack-dependencies (unpack-defects4j) @ AlgorithmName2 ---
[INFO] 
[INFO] --- resources:3.4.0:testResources (default-testResources) @ AlgorithmName2 ---
[INFO] skip non existing resourceDirectory /tmp/bugrun/collections_22.Z8XPzU/src/test/resources
[INFO] 
[INFO] --- compiler:3.15.0:testCompile (default-testCompile) @ AlgorithmName2 ---
[INFO] Recompiling the module because of changed dependency.
[INFO] Compiling 1 source file with javac [debug target 1.8] to target/test-classes
[WARNING] bootstrap class path not set in conjunction with -source 8
[INFO] 
[INFO] --- surefire:3.1.2:test (default-cli) @ AlgorithmName2 ---
[INFO] Using auto detected provider org.apache.maven.surefire.junitplatform.JUnitPlatformProvider
[INFO] 
[INFO] -------------------------------------------------------
[INFO]  T E S T S
[INFO] -------------------------------------------------------
[INFO] Running com.example.algorithm2.Algorithm2Test
OpenJDK 64-Bit Server VM warning: Sharing is only supported for boot loader classes because bootstrap classpath has been appended
INFO: Loaded 446 hooks from com.code_intelligence.jazzer.runtime.TraceCmpHooks
INFO: Loaded 5 hooks from com.code_intelligence.jazzer.runtime.TraceDivHooks
INFO: Loaded 2 hooks from com.code_intelligence.jazzer.runtime.TraceIndirHooks
INFO: Loaded 4 hooks from com.code_intelligence.jazzer.runtime.NativeLibHooks
INFO: Loaded 2 hooks from com.code_intelligence.jazzer.sanitizers.ClojureLangHooks
INFO: Loaded 5 hooks from com.code_intelligence.jazzer.sanitizers.Deserialization
INFO: Loaded 5 hooks from com.code_intelligence.jazzer.sanitizers.ExpressionLanguageInjection
INFO: Loaded 70 hooks from com.code_intelligence.jazzer.sanitizers.LdapInjection
INFO: Loaded 46 hooks from com.code_intelligence.jazzer.sanitizers.NamingContextLookup
INFO: Loaded 1 hooks from com.code_intelligence.jazzer.sanitizers.OsCommandInjection
INFO: Loaded 52 hooks from com.code_intelligence.jazzer.sanitizers.ReflectiveCall
INFO: Loaded 8 hooks from com.code_intelligence.jazzer.sanitizers.RegexInjection
INFO: Loaded 16 hooks from com.code_intelligence.jazzer.sanitizers.RegexRoadblocks
INFO: Loaded 18 hooks from com.code_intelligence.jazzer.sanitizers.ScriptEngineInjection
INFO: Loaded 2 hooks from com.code_intelligence.jazzer.sanitizers.ServerSideRequestForgery
INFO: Loaded 19 hooks from com.code_intelligence.jazzer.sanitizers.SqlInjection
INFO: Loaded 6 hooks from com.code_intelligence.jazzer.sanitizers.XPathInjection
INFO: Instrumented com.example.algorithm2.Algorithm2Test$Skip (took 236 ms, size +44%)
INFO: Instrumented com.example.algorithm2.Algorithm2Test (took 256 ms, size +27%)
INFO: Instrumented org.apache.commons.collections4.ListUtils (took 254 ms, size +12%)
INFO: Instrumented org.apache.commons.collections4.sequence.CommandVisitor (took 11 ms, size +0%)
INFO: Instrumented org.apache.commons.collections4.functors.Equator (took 9 ms, size +0%)
INFO: Instrumented org.apache.commons.collections4.Predicate (took 13 ms, size +0%)
INFO: Instrumented org.apache.commons.collections4.Transformer (took 0 ms, size +0%)
INFO: Instrumented org.apache.commons.collections4.Factory (took 0 ms, size +0%)
[harness] target=org.apache.commons.collections4.ListUtils factories=1 methods=23
INFO: New number of coverage counters: 1024
INFO: Instrumented org.apache.commons.collections4.bag.HashBag (took 22 ms, size +21%)
INFO: Instrumented org.apache.commons.collections4.Bag (took 1 ms, size +0%)
INFO: Instrumented org.apache.commons.collections4.bag.AbstractMapBag (took 206 ms, size +21%)
INFO: found LLVMFuzzerCustomMutator (0x77bc03873cd0). Disabling -len_control by default.
INFO: Running with entropic power schedule (0xFF, 100).
INFO: Seed: 1631011781
INFO: using inputs from: /tmp/bugrun/collections_22.Z8XPzU/.cifuzz-corpus/com.example.algorithm2.Algorithm2Test/testParameterizedFuzzer
INFO: using inputs from: /tmp/jazzer-java-seeds3814146888651485517
INFO: Loaded 2 modules   (1024 inline 8-bit counters): 512 [0x77bd24a86ad0, 0x77bd24a86cd0), 512 [0x77bd24a86cd0, 0x77bd24a86ed0), 
INFO: Loaded 2 PC tables (1024 PCs): 512 [0x77bd24286660,0x77bd24288660), 512 [0x77bd24bda370,0x77bd24bdc370), 
INFO:        0 files found in /tmp/bugrun/collections_22.Z8XPzU/.cifuzz-corpus/com.example.algorithm2.Algorithm2Test/testParameterizedFuzzer
INFO:        0 files found in /tmp/jazzer-java-seeds3814146888651485517
INFO: -max_len is not provided; libFuzzer will not generate inputs larger than 4096 bytes
INFO: A corpus is not provided, starting from an empty corpus
INFO: Instrumented org.apache.commons.collections4.functors.DefaultEquator (took 14 ms, size +31%)
INFO: Instrumented org.apache.commons.collections4.sequence.SequencesComparator (took 13 ms, size +24%)
#2	INITED cov: 94 ft: 94 corp: 1/1b exec/s: 0 rss: 917Mb
#3	NEW    cov: 94 ft: 99 corp: 2/2b lim: 4 exec/s: 0 rss: 917Mb L: 1/1 MS: 2 CopyPart-Custom-
#4	NEW    cov: 121 ft: 130 corp: 3/4b lim: 4 exec/s: 0 rss: 917Mb L: 2/2 MS: 2 CopyPart-Custom-
#5	NEW    cov: 121 ft: 132 corp: 4/6b lim: 4 exec/s: 0 rss: 917Mb L: 2/2 MS: 2 CrossOver-Custom-
#7	NEW    cov: 124 ft: 135 corp: 5/7b lim: 4 exec/s: 0 rss: 917Mb L: 1/2 MS: 4 CrossOver-Custom-ChangeBinInt-Custom-
INFO: Instrumented org.apache.commons.collections4.sequence.EditScript (took 12 ms, size +18%)
INFO: Instrumented org.apache.commons.collections4.ListUtils$LcsVisitor (took 11 ms, size +25%)
INFO: Instrumented org.apache.commons.collections4.sequence.DeleteCommand (took 6 ms, size +27%)
INFO: Instrumented org.apache.commons.collections4.sequence.EditCommand (took 6 ms, size +33%)
INFO: Instrumented org.apache.commons.collections4.list.FixedSizeList (took 29 ms, size +12%)
INFO: Instrumented org.apache.commons.collections4.BoundedCollection (took 0 ms, size +0%)
INFO: #8	NEW    cov: 145 ft: 168 corp: 6/8b lim: 4 exec/s: 0 rss: 917Mb L: 1/2 MS: 2 ChangeByte-Custom-
#9	NEW    cov: 151 ft: 197 corp: 7/10b lim: 4 exec/s: 0 rss: 917Mb L: 2/2 MS: 2 CMP-Custom- DE: "\005\000"-
Instrumented org.apache.commons.collections4.list.AbstractSerializableListDecorator (took 12 ms, size +31%)
#13	NEW    cov: 151 ft: 207 corp: 8/12b lim: 4 exec/s: 0 rss: 918Mb L: 2/2 MS: 8 PersAutoDict-Custom-CrossOver-Custom-ChangeBit-Custom-ChangeByte-Custom- DE: "\005\000"-
#19	NEW    cov: 151 ft: 223 corp: 9/14b lim: 4 exec/s: 0 rss: 918Mb L: 2/2 MS: 2 InsertByte-Custom-
#20	NEW    cov: 170 ft: 242 corp: 10/16b lim: 4 exec/s: 0 rss: 918Mb L: 2/2 MS: 2 ChangeBit-Custom-
#22	NEW    cov: 170 ft: 253 corp: 11/19b lim: 4 exec/s: 0 rss: 918Mb L: 3/3 MS: 4 PersAutoDict-Custom-ChangeBit-Custom- DE: "\005\000"-
#25	NEW    cov: 170 ft: 259 corp: 12/22b lim: 4 exec/s: 0 rss: 918Mb L: 3/3 MS: 6 ChangeBit-Custom-CrossOver-Custom-InsertByte-Custom-
INFO: Instrumented org.apache.commons.collections4.list.AbstractListDecorator (took 10 ms, size +16%)
INFO: Instrumented org.apache.commons.collections4.collection.AbstractCollectionDecorator (took 15 ms, size +18%)
INFO: New number of coverage counters: 2048
INFO: Instrumented org.apache.commons.collections4.CollectionUtils (took 237 ms, size +14%)
#33	NEW    cov: 193 ft: 282 corp: 13/24b lim: 4 exec/s: 0 rss: 918Mb L: 2/3 MS: 6 EraseBytes-Custom-ShuffleBytes-Custom-ChangeBinInt-Custom-
#38	NEW    cov: 195 ft: 285 corp: 14/26b lim: 4 exec/s: 0 rss: 918Mb L: 2/3 MS: 10 CrossOver-Custom-InsertByte-Custom-InsertByte-Custom-ChangeBinInt-Custom-EraseBytes-Custom-
#43	NEW    cov: 206 ft: 296 corp: 15/27b lim: 4 exec/s: 0 rss: 918Mb L: 1/3 MS: 10 CrossOver-Custom-ShuffleBytes-Custom-ChangeByte-Custom-CrossOver-Custom-ChangeByte-Custom-
#45	NEW    cov: 215 ft: 305 corp: 16/29b lim: 4 exec/s: 0 rss: 918Mb L: 2/3 MS: 4 ChangeBinInt-Custom-EraseBytes-Custom-
#46	NEW    cov: 215 ft: 329 corp: 17/32b lim: 4 exec/s: 0 rss: 918Mb L: 3/3 MS: 2 InsertByte-Custom-
MS: 8 CrossOver-Custom-ShuffleBytes-Custom-ChangeBinInt-Custom-ChangeBit-Custom-; base unit: 0bc3cb2ac3e3c82211f1ad7b34216e016d00443e
0xa,0xf5,0x8,
INFO: \012\365\010
Instrumented org.apache.commons.collections4.collection.UnmodifiableCollection (took 13 ms, size +21%)
INFO: Instrumented org.apache.commons.collections4.Unmodifiable (took 0 ms, size +0%)
INFO: artifact_prefix='/tmp/bugrun/collections_22.Z8XPzU/'; Test unit written to /tmp/bugrun/collections_22.Z8XPzU/crash-fa7dd5745467bd43d0a89a6c92e375f21379a4bf
Base64: CvUI
Done 50 runs in 0 second(s)
Instrumented org.apache.commons.collections4.list.LazyList (took 16 ms, size +21%)
DEDUP_TOKEN: 0352064305af8a2c
[ERROR] Tests run: 2, Failures: 0, Errors: 1, Skipped: 0, Time elapsed: 9.916 s <<< FAILURE! -- in com.example.algorithm2.Algorithm2Test
[ERROR] com.example.algorithm2.Algorithm2Test.testParameterizedFuzzer(FuzzedDataProvider)[2] -- Time elapsed: 1.009 s <<< ERROR!
java.lang.IllegalArgumentException: Size must be greater than 0
	at org.apache.commons.collections4.ListUtils.partition(ListUtils.java:660)
	at java.base/jdk.internal.reflect.NativeMethodAccessorImpl.invoke0(Native Method)
	at java.base/jdk.internal.reflect.NativeMethodAccessorImpl.invoke(NativeMethodAccessorImpl.java:62)
	at java.base/jdk.internal.reflect.DelegatingMethodAccessorImpl.invoke(DelegatingMethodAccessorImpl.java:43)
	at java.base/java.lang.reflect.Method.invoke(Method.java:566)
	at com.example.algorithm2.Algorithm2Test.testParameterizedFuzzer(Algorithm2Test.java:226)

[INFO] 
[INFO] Results:
[INFO] 
[ERROR] Errors: 
[ERROR]   Algorithm2Test.testParameterizedFuzzer:226 » IllegalArgument Size must be greater than 0
[INFO] 
[ERROR] Tests run: 2, Failures: 0, Errors: 1, Skipped: 0
[INFO] 
[ERROR] 

Please refer to /tmp/bugrun/collections_22.Z8XPzU/target/surefire-reports for the individual test results.
Please refer to dump files (if any exist) [date].dump, [date]-jvmRun[N].dump and [date].dumpstream.
[INFO] 
[INFO] --- jacoco:0.8.11:report (default-cli) @ AlgorithmName2 ---
[INFO] Loading execution data file /tmp/bugrun/collections_22.Z8XPzU/target/jacoco.exec
[INFO] Analyzed bundle 'AlgorithmName2' with 387 classes
[INFO] ------------------------------------------------------------------------
[INFO] BUILD SUCCESS
[INFO] ------------------------------------------------------------------------
[INFO] Total time:  22.505 s
[INFO] Finished at: 2026-10-06T01:52:14+07:00
[INFO] ------------------------------------------------------------------------
