[INFO] Scanning for projects...
[INFO] 
[INFO] ---------------------< com.example:AlgorithmName2 >---------------------
[INFO] Building AlgorithmName2 1.0-SNAPSHOT
[INFO]   from pom.xml
[INFO] --------------------------------[ jar ]---------------------------------
[INFO] 
[INFO] --- jacoco:0.8.11:prepare-agent (default) @ AlgorithmName2 ---
[INFO] argLine set to -javaagent:/home/kanyaphak673380391-3/.m2/repository/org/jacoco/org.jacoco.agent/0.8.11/org.jacoco.agent-0.8.11-runtime.jar=destfile=/tmp/bugrun/mockito_6.xwWPLr/target/jacoco.exec
[INFO] 
[INFO] --- resources:3.4.0:resources (default-resources) @ AlgorithmName2 ---
[INFO] Copying 1 resource from src/main/resources to target/classes
[INFO] 
[INFO] --- compiler:3.15.0:compile (default-compile) @ AlgorithmName2 ---
[INFO] Recompiling the module because of changed source code.
[INFO] Compiling 1 source file with javac [debug target 1.8] to target/classes
[WARNING] bootstrap class path not set in conjunction with -source 8
[INFO] 
[INFO] --- dependency:3.6.0:unpack-dependencies (unpack-defects4j) @ AlgorithmName2 ---
[INFO] 
[INFO] --- resources:3.4.0:testResources (default-testResources) @ AlgorithmName2 ---
[INFO] skip non existing resourceDirectory /tmp/bugrun/mockito_6.xwWPLr/src/test/resources
[INFO] 
[INFO] --- compiler:3.15.0:testCompile (default-testCompile) @ AlgorithmName2 ---
[INFO] Recompiling the module because of changed dependency.
[INFO] Compiling 1 source file with javac [debug target 1.8] to target/test-classes
[WARNING] bootstrap class path not set in conjunction with -source 8
[INFO] 
[INFO] --- surefire:3.1.2:test (default-cli) @ AlgorithmName2 ---
[INFO] Using auto detected provider org.apache.maven.surefire.junitplatform.JUnitPlatformProvider
[INFO] 
[INFO] -------------------------------------------------------
[INFO]  T E S T S
[INFO] -------------------------------------------------------
[INFO] Running com.example.algorithm2.Algorithm2Test
OpenJDK 64-Bit Server VM warning: Sharing is only supported for boot loader classes because bootstrap classpath has been appended
INFO: Loaded 281 hooks from com.code_intelligence.jazzer.runtime.TraceCmpHooks
INFO: Loaded 5 hooks from com.code_intelligence.jazzer.runtime.TraceDivHooks
INFO: Loaded 2 hooks from com.code_intelligence.jazzer.runtime.TraceIndirHooks
INFO: Loaded 4 hooks from com.code_intelligence.jazzer.runtime.NativeLibHooks
INFO: Loaded 2 hooks from com.code_intelligence.jazzer.sanitizers.ClojureLangHooks
INFO: Loaded 5 hooks from com.code_intelligence.jazzer.sanitizers.Deserialization
INFO: Loaded 5 hooks from com.code_intelligence.jazzer.sanitizers.ExpressionLanguageInjection
INFO: Loaded 70 hooks from com.code_intelligence.jazzer.sanitizers.LdapInjection
INFO: Loaded 46 hooks from com.code_intelligence.jazzer.sanitizers.NamingContextLookup
INFO: Loaded 1 hooks from com.code_intelligence.jazzer.sanitizers.OsCommandInjection
INFO: Loaded 56 hooks from com.code_intelligence.jazzer.sanitizers.ReflectiveCall
INFO: Loaded 8 hooks from com.code_intelligence.jazzer.sanitizers.RegexInjection
INFO: Loaded 16 hooks from com.code_intelligence.jazzer.sanitizers.RegexRoadblocks
INFO: Loaded 18 hooks from com.code_intelligence.jazzer.sanitizers.ScriptEngineInjection
INFO: Loaded 2 hooks from com.code_intelligence.jazzer.sanitizers.ServerSideRequestForgery
INFO: Loaded 19 hooks from com.code_intelligence.jazzer.sanitizers.SqlInjection
INFO: Loaded 6 hooks from com.code_intelligence.jazzer.sanitizers.XPathInjection
INFO: Instrumented com.example.algorithm2.Algorithm2Test$Skip (took 363 ms, size +44%)
INFO: Instrumented com.example.algorithm2.Algorithm2Test (took 370 ms, size +27%)
INFO: Instrumented org.mockito.internal.invocation.InvocationMatcher (took 349 ms, size +24%)
INFO: Instrumented org.mockito.invocation.DescribedInvocation (took 1 ms, size +0%)
INFO: Instrumented org.mockito.exceptions.PrintableInvocation (took 44 ms, size +0%)
INFO: Instrumented org.mockito.internal.invocation.CapturesArgumensFromInvocation (took 1 ms, size +0%)
INFO: Instrumented org.mockito.invocation.Invocation (took 48 ms, size +0%)
INFO: Instrumented org.mockito.invocation.InvocationOnMock (took 32 ms, size +0%)
INFO: Instrumented org.mockito.invocation.Location (took 1 ms, size +0%)
[harness] target=org.mockito.internal.invocation.InvocationMatcher factories=2 methods=10
INFO: Instrumented org.mockito.invocation.StubInfo (took 0 ms, size +0%)
INFO: Instrumented org.mockito.internal.invocation.ArgumentsProcessor (took 20 ms, size +31%)
INFO: using inputs from: /tmp/bugrun/mockito_6.xwWPLr/.cifuzz-corpus/com.example.algorithm2.Algorithm2Test/testParameterizedFuzzer
INFO: using inputs from: /tmp/jazzer-java-seeds4017386172282718125
INFO: found LLVMFuzzerCustomMutator (0x713c5145ccd0). Disabling -len_control by default.
INFO: Running with entropic power schedule (0xFF, 100).
INFO: Seed: 956484076
INFO: Loaded 1 modules   (512 inline 8-bit counters): 512 [0x713cf8ae8200, 0x713cf8ae8400), 
INFO: Loaded 1 PC tables (512 PCs): 512 [0x713cf8605170,0x713cf8607170), 
INFO:        0 files found in /tmp/bugrun/mockito_6.xwWPLr/.cifuzz-corpus/com.example.algorithm2.Algorithm2Test/testParameterizedFuzzer
INFO:        0 files found in /tmp/jazzer-java-seeds4017386172282718125
INFO: -max_len is not provided; libFuzzer will not generate inputs larger than 4096 bytes
INFO: A corpus is not provided, starting from an empty corpus
#2	INITED cov: 55 ft: 55 corp: 1/1b exec/s: 0 rss: 1012Mb
#5	NEW    cov: 56 ft: 67 corp: 2/3b lim: 4 exec/s: 0 rss: 1012Mb L: 2/2 MS: 6 InsertByte-Custom-CrossOver-Custom-ShuffleBytes-Custom-
#22	NEW    cov: 56 ft: 68 corp: 3/7b lim: 4 exec/s: 0 rss: 1012Mb L: 4/4 MS: 4 CrossOver-Custom-InsertByte-Custom-
MS: 2 InsertByte-Custom-; base unit: 8f27084b6294ddbe28dbcbf98f798730e8a79289
0x2f,0xa,0x3b,
/\012;
artifact_prefix='/tmp/bugrun/mockito_6.xwWPLr/'; Test unit written to /tmp/bugrun/mockito_6.xwWPLr/crash-2a7c90ac5d31383d64f1217eb520044f839fc9cd
Base64: Lwo7
Done 28 runs in 0 second(s)
DEDUP_TOKEN: 65ac016697d0f45a
[ERROR] Tests run: 2, Failures: 0, Errors: 1, Skipped: 0, Time elapsed: 31.52 s <<< FAILURE! -- in com.example.algorithm2.Algorithm2Test
[ERROR] com.example.algorithm2.Algorithm2Test.testParameterizedFuzzer(FuzzedDataProvider)[2] -- Time elapsed: 1.199 s <<< ERROR!
java.lang.NullPointerException
	at org.mockito.internal.invocation.InvocationMatcher.hasSameMethod(InvocationMatcher.java:102)
	at java.base/jdk.internal.reflect.NativeMethodAccessorImpl.invoke0(Native Method)
	at java.base/jdk.internal.reflect.NativeMethodAccessorImpl.invoke(NativeMethodAccessorImpl.java:62)
	at java.base/jdk.internal.reflect.DelegatingMethodAccessorImpl.invoke(DelegatingMethodAccessorImpl.java:43)
	at java.base/java.lang.reflect.Method.invoke(Method.java:566)
	at com.example.algorithm2.Algorithm2Test.testParameterizedFuzzer(Algorithm2Test.java:226)

[INFO] 
[INFO] Results:
[INFO] 
[ERROR] Errors: 
[ERROR]   Algorithm2Test.testParameterizedFuzzer:226 » NullPointer
[INFO] 
[ERROR] Tests run: 2, Failures: 0, Errors: 1, Skipped: 0
[INFO] 
[ERROR] 

Please refer to /tmp/bugrun/mockito_6.xwWPLr/target/surefire-reports for the individual test results.
Please refer to dump files (if any exist) [date].dump, [date]-jvmRun[N].dump and [date].dumpstream.
[INFO] 
[INFO] --- jacoco:0.8.11:report (default-cli) @ AlgorithmName2 ---
[INFO] Loading execution data file /tmp/bugrun/mockito_6.xwWPLr/target/jacoco.exec
[INFO] Analyzed bundle 'AlgorithmName2' with 310 classes
[INFO] ------------------------------------------------------------------------
[INFO] BUILD SUCCESS
[INFO] ------------------------------------------------------------------------
[INFO] Total time:  53.090 s
[INFO] Finished at: 2026-10-06T01:41:01+07:00
[INFO] ------------------------------------------------------------------------
