[INFO] Scanning for projects...
[INFO] 
[INFO] ---------------------< com.example:AlgorithmName2 >---------------------
[INFO] Building AlgorithmName2 1.0-SNAPSHOT
[INFO]   from pom.xml
[INFO] --------------------------------[ jar ]---------------------------------
[INFO] 
[INFO] --- jacoco:0.8.11:prepare-agent (default) @ AlgorithmName2 ---
[INFO] argLine set to -javaagent:/home/kanyaphak673380391-3/.m2/repository/org/jacoco/org.jacoco.agent/0.8.11/org.jacoco.agent-0.8.11-runtime.jar=destfile=/tmp/bugrun/math_20.DbA0IR/target/jacoco.exec
[INFO] 
[INFO] --- resources:3.4.0:resources (default-resources) @ AlgorithmName2 ---
[INFO] Copying 1 resource from src/main/resources to target/classes
[INFO] 
[INFO] --- compiler:3.15.0:compile (default-compile) @ AlgorithmName2 ---
[INFO] Recompiling the module because of changed source code.
[INFO] Compiling 1 source file with javac [debug target 1.8] to target/classes
[WARNING] bootstrap class path not set in conjunction with -source 8
[INFO] 
[INFO] --- dependency:3.6.0:unpack-dependencies (unpack-defects4j) @ AlgorithmName2 ---
[INFO] 
[INFO] --- resources:3.4.0:testResources (default-testResources) @ AlgorithmName2 ---
[INFO] skip non existing resourceDirectory /tmp/bugrun/math_20.DbA0IR/src/test/resources
[INFO] 
[INFO] --- compiler:3.15.0:testCompile (default-testCompile) @ AlgorithmName2 ---
[INFO] Recompiling the module because of changed dependency.
[INFO] Compiling 1 source file with javac [debug target 1.8] to target/test-classes
[WARNING] bootstrap class path not set in conjunction with -source 8
[INFO] 
[INFO] --- surefire:3.1.2:test (default-cli) @ AlgorithmName2 ---
[INFO] Using auto detected provider org.apache.maven.surefire.junitplatform.JUnitPlatformProvider
[INFO] 
[INFO] -------------------------------------------------------
[INFO]  T E S T S
[INFO] -------------------------------------------------------
[INFO] Running com.example.algorithm2.Algorithm2Test
OpenJDK 64-Bit Server VM warning: Sharing is only supported for boot loader classes because bootstrap classpath has been appended
INFO: Loaded 284 hooks from com.code_intelligence.jazzer.runtime.TraceCmpHooks
INFO: Loaded 5 hooks from com.code_intelligence.jazzer.runtime.TraceDivHooks
INFO: Loaded 2 hooks from com.code_intelligence.jazzer.runtime.TraceIndirHooks
INFO: Loaded 4 hooks from com.code_intelligence.jazzer.runtime.NativeLibHooks
INFO: Loaded 2 hooks from com.code_intelligence.jazzer.sanitizers.ClojureLangHooks
INFO: Loaded 5 hooks from com.code_intelligence.jazzer.sanitizers.Deserialization
INFO: Loaded 5 hooks from com.code_intelligence.jazzer.sanitizers.ExpressionLanguageInjection
INFO: Loaded 70 hooks from com.code_intelligence.jazzer.sanitizers.LdapInjection
INFO: Loaded 46 hooks from com.code_intelligence.jazzer.sanitizers.NamingContextLookup
INFO: Loaded 1 hooks from com.code_intelligence.jazzer.sanitizers.OsCommandInjection
INFO: Loaded 52 hooks from com.code_intelligence.jazzer.sanitizers.ReflectiveCall
INFO: Loaded 8 hooks from com.code_intelligence.jazzer.sanitizers.RegexInjection
INFO: Loaded 16 hooks from com.code_intelligence.jazzer.sanitizers.RegexRoadblocks
INFO: Loaded 18 hooks from com.code_intelligence.jazzer.sanitizers.ScriptEngineInjection
INFO: Loaded 2 hooks from com.code_intelligence.jazzer.sanitizers.ServerSideRequestForgery
INFO: Loaded 19 hooks from com.code_intelligence.jazzer.sanitizers.SqlInjection
INFO: Loaded 6 hooks from com.code_intelligence.jazzer.sanitizers.XPathInjection
INFO: Instrumented com.example.algorithm2.Algorithm2Test$Skip (took 123 ms, size +44%)
INFO: Instrumented com.example.algorithm2.Algorithm2Test (took 119 ms, size +27%)
INFO: New number of coverage counters: 1024
INFO: Instrumented org.apache.commons.math3.util.Precision (took 70 ms, size +26%)
INFO: Instrumented org.apache.commons.math3.exception.MathArithmeticException (took 7 ms, size +24%)
INFO: Instrumented org.apache.commons.math3.exception.util.ExceptionContextProvider (took 1 ms, size +0%)
INFO: Instrumented org.apache.commons.math3.exception.util.Localizable (took 1 ms, size +0%)
INFO: Instrumented org.apache.commons.math3.exception.MathIllegalArgumentException (took 5 ms, size +27%)
[harness] target=org.apache.commons.math3.util.Precision factories=1 methods=20
INFO: New number of coverage counters: 2048
INFO: Instrumented org.apache.commons.math3.util.FastMath (took 124 ms, size +16%)
INFO: found LLVMFuzzerCustomMutator (0x7ea9ede6dcd0). Disabling -len_control by default.
INFO: using inputs from: /tmp/bugrun/math_20.DbA0IR/.cifuzz-corpus/com.example.algorithm2.Algorithm2Test/testParameterizedFuzzer
INFO: using inputs from: /tmp/jazzer-java-seeds2515846801664468898
INFO: Running with entropic power schedule (0xFF, 100).
INFO: Seed: 415049277
INFO: Loaded 3 modules   (2048 inline 8-bit counters): 512 [0x7eaac0d67880, 0x7eaac0d67a80), 512 [0x7eaac0d67a80, 0x7eaac0d67c80), 1024 [0x7eaac0d67c80, 0x7eaac0d68080), 
INFO: Loaded 3 PC tables (2048 PCs): 512 [0x7eaac0d4e870,0x7eaac0d50870), 512 [0x7eaac07ee600,0x7eaac07f0600), 1024 [0x7eaac0cf7790,0x7eaac0cfb790), 
INFO:        0 files found in /tmp/bugrun/math_20.DbA0IR/.cifuzz-corpus/com.example.algorithm2.Algorithm2Test/testParameterizedFuzzer
INFO:        0 files found in /tmp/jazzer-java-seeds2515846801664468898
INFO: -max_len is not provided; libFuzzer will not generate inputs larger than 4096 bytes
INFO: A corpus is not provided, starting from an empty corpus
#2	INITED cov: 45 ft: 45 corp: 1/1b exec/s: 0 rss: 842Mb
#6	NEW    cov: 65 ft: 73 corp: 2/3b lim: 4 exec/s: 0 rss: 842Mb L: 2/2 MS: 8 CrossOver-Custom-InsertByte-Custom-CrossOver-Custom-ChangeBit-Custom-
#7	NEW    cov: 79 ft: 95 corp: 3/5b lim: 4 exec/s: 0 rss: 842Mb L: 2/2 MS: 2 ChangeByte-Custom-
#8	NEW    cov: 83 ft: 101 corp: 4/7b lim: 4 exec/s: 0 rss: 842Mb L: 2/2 MS: 2 ChangeBinInt-Custom-
#9	NEW    cov: 86 ft: 104 corp: 5/9b lim: 4 exec/s: 0 rss: 842Mb L: 2/2 MS: 2 ChangeByte-Custom-
#13	NEW    cov: 93 ft: 112 corp: 6/11b lim: 4 exec/s: 0 rss: 842Mb L: 2/2 MS: 8 ChangeBinInt-Custom-ChangeBit-Custom-ChangeByte-Custom-ChangeBinInt-Custom-
#16	NEW    cov: 95 ft: 118 corp: 7/12b lim: 4 exec/s: 0 rss: 842Mb L: 1/2 MS: 6 InsertByte-Custom-ChangeBit-Custom-CrossOver-Custom-
#17	NEW    cov: 101 ft: 124 corp: 8/13b lim: 4 exec/s: 0 rss: 842Mb L: 1/2 MS: 2 EraseBytes-Custom-
#25	NEW    cov: 105 ft: 128 corp: 9/16b lim: 4 exec/s: 0 rss: 842Mb L: 3/3 MS: 6 ChangeBit-Custom-CopyPart-Custom-ChangeBit-Custom-
#32	NEW    cov: 107 ft: 130 corp: 10/17b lim: 4 exec/s: 0 rss: 842Mb L: 1/3 MS: 4 ShuffleBytes-Custom-ChangeByte-Custom-
#38	NEW    cov: 111 ft: 134 corp: 11/20b lim: 4 exec/s: 0 rss: 842Mb L: 3/3 MS: 2 InsertByte-Custom-
#41	NEW    cov: 113 ft: 136 corp: 12/21b lim: 4 exec/s: 0 rss: 842Mb L: 1/3 MS: 6 EraseBytes-Custom-ShuffleBytes-Custom-ChangeByte-Custom-
#54	NEW    cov: 118 ft: 141 corp: 13/23b lim: 4 exec/s: 0 rss: 843Mb L: 2/3 MS: 6 ShuffleBytes-Custom-ShuffleBytes-Custom-ChangeBit-Custom-
#59	NEW    cov: 118 ft: 142 corp: 14/27b lim: 4 exec/s: 0 rss: 844Mb L: 4/4 MS: 10 ChangeBit-Custom-CopyPart-Custom-CrossOver-Custom-ChangeBit-Custom-CrossOver-Custom-
#65	NEW    cov: 119 ft: 143 corp: 15/28b lim: 4 exec/s: 0 rss: 844Mb L: 1/4 MS: 2 ChangeByte-Custom-
#67	NEW    cov: 120 ft: 144 corp: 16/31b lim: 4 exec/s: 0 rss: 844Mb L: 3/4 MS: 4 InsertByte-Custom-InsertByte-Custom-
#74	NEW    cov: 124 ft: 148 corp: 17/34b lim: 4 exec/s: 0 rss: 844Mb L: 3/4 MS: 4 ChangeBit-Custom-EraseBytes-Custom-
#81	NEW    cov: 126 ft: 150 corp: 18/36b lim: 4 exec/s: 0 rss: 844Mb L: 2/4 MS: 4 ChangeBit-Custom-ChangeBinInt-Custom-
#106	NEW    cov: 128 ft: 152 corp: 19/38b lim: 4 exec/s: 0 rss: 844Mb L: 2/4 MS: 10 ChangeByte-Custom-ChangeBit-Custom-InsertByte-Custom-ChangeASCIIInt-Custom-EraseBytes-Custom-
#107	NEW    cov: 129 ft: 153 corp: 20/40b lim: 4 exec/s: 0 rss: 844Mb L: 2/4 MS: 2 ChangeByte-Custom-
#108	NEW    cov: 132 ft: 156 corp: 21/41b lim: 4 exec/s: 0 rss: 844Mb L: 1/4 MS: 2 EraseBytes-Custom-
#112	NEW    cov: 133 ft: 157 corp: 22/45b lim: 4 exec/s: 0 rss: 844Mb L: 4/4 MS: 8 CMP-Custom-CrossOver-Custom-ShuffleBytes-Custom-CrossOver-Custom- DE: "\007\000"-
#113	NEW    cov: 152 ft: 176 corp: 23/46b lim: 4 exec/s: 0 rss: 844Mb L: 1/4 MS: 2 ChangeByte-Custom-
#141	NEW    cov: 161 ft: 185 corp: 24/49b lim: 4 exec/s: 0 rss: 844Mb L: 3/4 MS: 6 CrossOver-Custom-InsertByte-Custom-InsertByte-Custom-
#213	NEW    cov: 163 ft: 187 corp: 25/50b lim: 4 exec/s: 0 rss: 845Mb L: 1/4 MS: 4 CopyPart-Custom-CrossOver-Custom-
#234	NEW    cov: 164 ft: 188 corp: 26/54b lim: 4 exec/s: 0 rss: 845Mb L: 4/4 MS: 2 CopyPart-Custom-
#291	REDUCE cov: 164 ft: 188 corp: 26/53b lim: 4 exec/s: 0 rss: 845Mb L: 1/4 MS: 4 CopyPart-Custom-CrossOver-Custom-
#310	NEW    cov: 164 ft: 189 corp: 27/57b lim: 4 exec/s: 0 rss: 846Mb L: 4/4 MS: 8 PersAutoDict-Custom-ChangeByte-Custom-InsertByte-Custom-ChangeASCIIInt-Custom- DE: "\007\000"-
#316	NEW    cov: 165 ft: 190 corp: 28/61b lim: 4 exec/s: 0 rss: 846Mb L: 4/4 MS: 2 ChangeBit-Custom-
#400	NEW    cov: 167 ft: 194 corp: 29/64b lim: 4 exec/s: 0 rss: 846Mb L: 3/4 MS: 8 ShuffleBytes-Custom-ChangeBit-Custom-EraseBytes-Custom-ChangeBit-Custom-
#406	NEW    cov: 168 ft: 197 corp: 30/68b lim: 4 exec/s: 0 rss: 846Mb L: 4/4 MS: 2 InsertByte-Custom-
#578	REDUCE cov: 168 ft: 197 corp: 30/67b lim: 4 exec/s: 0 rss: 847Mb L: 2/4 MS: 4 InsertByte-Custom-EraseBytes-Custom-
#712	REDUCE cov: 168 ft: 197 corp: 30/66b lim: 4 exec/s: 0 rss: 847Mb L: 2/4 MS: 8 CopyPart-Custom-ChangeByte-Custom-ChangeByte-Custom-EraseBytes-Custom-
#794	REDUCE cov: 168 ft: 197 corp: 30/65b lim: 4 exec/s: 0 rss: 848Mb L: 3/4 MS: 4 CrossOver-Custom-EraseBytes-Custom-
#850	REDUCE cov: 168 ft: 197 corp: 30/64b lim: 4 exec/s: 0 rss: 848Mb L: 2/4 MS: 2 EraseBytes-Custom-
#914	NEW    cov: 169 ft: 198 corp: 31/68b lim: 4 exec/s: 0 rss: 848Mb L: 4/4 MS: 8 CopyPart-Custom-CMP-Custom-ChangeByte-Custom-ChangeBinInt-Custom- DE: "\001\014"-
#970	REDUCE cov: 169 ft: 198 corp: 31/67b lim: 4 exec/s: 0 rss: 848Mb L: 1/4 MS: 2 EraseBytes-Custom-
#1012	REDUCE cov: 169 ft: 198 corp: 31/66b lim: 4 exec/s: 0 rss: 848Mb L: 2/4 MS: 4 ChangeBit-Custom-EraseBytes-Custom-
#1292	NEW    cov: 171 ft: 200 corp: 32/69b lim: 6 exec/s: 0 rss: 849Mb L: 3/4 MS: 10 EraseBytes-Custom-CrossOver-Custom-CopyPart-Custom-CopyPart-Custom-ChangeBinInt-Custom-
#1306	NEW    cov: 172 ft: 201 corp: 33/71b lim: 6 exec/s: 0 rss: 849Mb L: 2/4 MS: 8 InsertByte-Custom-ShuffleBytes-Custom-ChangeByte-Custom-ChangeBit-Custom-
#1402	NEW    cov: 175 ft: 204 corp: 34/73b lim: 6 exec/s: 0 rss: 849Mb L: 2/4 MS: 2 ChangeBinInt-Custom-
#1413	REDUCE cov: 175 ft: 204 corp: 34/72b lim: 6 exec/s: 0 rss: 849Mb L: 2/4 MS: 2 EraseBytes-Custom-
#1441	REDUCE cov: 175 ft: 204 corp: 34/71b lim: 6 exec/s: 0 rss: 850Mb L: 3/4 MS: 6 ChangeBit-Custom-ChangeBit-Custom-EraseBytes-Custom-
#1524	NEW    cov: 176 ft: 205 corp: 35/77b lim: 6 exec/s: 0 rss: 850Mb L: 6/6 MS: 6 InsertRepeatedBytes-Custom-ChangeByte-Custom-ChangeByte-Custom-
#1630	REDUCE cov: 176 ft: 205 corp: 35/75b lim: 6 exec/s: 0 rss: 850Mb L: 2/6 MS: 2 EraseBytes-Custom-
#1746	NEW    cov: 177 ft: 206 corp: 36/77b lim: 6 exec/s: 0 rss: 850Mb L: 2/6 MS: 2 ChangeByte-Custom-
#1772	NEW    cov: 178 ft: 207 corp: 37/79b lim: 6 exec/s: 0 rss: 851Mb L: 2/6 MS: 2 ChangeByte-Custom-
#1874	REDUCE cov: 178 ft: 207 corp: 37/78b lim: 6 exec/s: 0 rss: 851Mb L: 5/5 MS: 4 ChangeBit-Custom-EraseBytes-Custom-
#1968	REDUCE cov: 178 ft: 207 corp: 37/76b lim: 6 exec/s: 0 rss: 851Mb L: 2/5 MS: 8 PersAutoDict-Custom-ChangeByte-Custom-PersAutoDict-Custom-EraseBytes-Custom- DE: "\001\014"-"\001\014"-
#2044	REDUCE cov: 178 ft: 207 corp: 37/74b lim: 6 exec/s: 0 rss: 851Mb L: 2/5 MS: 2 EraseBytes-Custom-
#2162	REDUCE cov: 179 ft: 208 corp: 38/76b lim: 6 exec/s: 0 rss: 851Mb L: 2/5 MS: 6 ChangeBit-Custom-InsertByte-Custom-ChangeBit-Custom-
#2212	REDUCE cov: 179 ft: 208 corp: 38/74b lim: 6 exec/s: 0 rss: 851Mb L: 1/5 MS: 10 PersAutoDict-Custom-ShuffleBytes-Custom-EraseBytes-Custom-EraseBytes-Custom-EraseBytes-Custom- DE: "\007\000"-
#2244	REDUCE cov: 179 ft: 208 corp: 38/72b lim: 6 exec/s: 0 rss: 851Mb L: 2/5 MS: 4 ChangeByte-Custom-EraseBytes-Custom-
#2450	NEW    cov: 186 ft: 215 corp: 39/80b lim: 8 exec/s: 0 rss: 851Mb L: 8/8 MS: 2 InsertRepeatedBytes-Custom-
#2458	REDUCE cov: 187 ft: 216 corp: 40/88b lim: 8 exec/s: 0 rss: 851Mb L: 8/8 MS: 6 ChangeByte-Custom-ChangeByte-Custom-CopyPart-Custom-
#2648	NEW    cov: 188 ft: 218 corp: 41/96b lim: 8 exec/s: 0 rss: 851Mb L: 8/8 MS: 10 InsertRepeatedBytes-Custom-ChangeBit-Custom-ChangeBinInt-Custom-ShuffleBytes-Custom-InsertRepeatedBytes-Custom-
#2667	REDUCE cov: 189 ft: 219 corp: 42/98b lim: 8 exec/s: 0 rss: 851Mb L: 2/8 MS: 8 InsertByte-Custom-ChangeByte-Custom-ShuffleBytes-Custom-EraseBytes-Custom-
#2949	NEW    cov: 192 ft: 222 corp: 43/106b lim: 8 exec/s: 0 rss: 851Mb L: 8/8 MS: 4 CrossOver-Custom-ChangeBinInt-Custom-
WARN: Some hooks could not be applied to class files built for Java 7 or lower.
                       Ensure that the fuzz target and its dependencies are compiled with
                       -target 8 or higher to identify as many bugs as possible.
#3281	NEW    cov: 552 ft: 583 corp: 44/116b lim: 11 exec/s: 0 rss: 867Mb L: 10/10 MS: 4 CrossOver-Custom-PersAutoDict-Custom- DE: "\007\000"-
#3290	REDUCE cov: 552 ft: 599 corp: 45/125b lim: 11 exec/s: 0 rss: 867Mb L: 9/10 MS: 8 CrossOver-Custom-ChangeBinInt-Custom-PersAutoDict-Custom-InsertRepeatedBytes-Custom- DE: "\001\014"-
#3311	NEW    cov: 553 ft: 603 corp: 46/136b lim: 11 exec/s: 0 rss: 867Mb L: 11/11 MS: 2 CopyPart-Custom-
#3312	NEW    cov: 553 ft: 605 corp: 47/146b lim: 11 exec/s: 0 rss: 867Mb L: 10/11 MS: 2 CopyPart-Custom-
#3328	NEW    cov: 553 ft: 607 corp: 48/156b lim: 11 exec/s: 0 rss: 867Mb L: 10/11 MS: 2 CopyPart-Custom-
#3369	NEW    cov: 555 ft: 610 corp: 49/166b lim: 11 exec/s: 0 rss: 867Mb L: 10/11 MS: 2 PersAutoDict-Custom- DE: "\001\014"-
#3439	NEW    cov: 557 ft: 612 corp: 50/175b lim: 11 exec/s: 0 rss: 868Mb L: 9/11 MS: 10 ChangeBinInt-Custom-CopyPart-Custom-EraseBytes-Custom-InsertByte-Custom-CopyPart-Custom-
#3442	NEW    cov: 557 ft: 613 corp: 51/185b lim: 11 exec/s: 0 rss: 868Mb L: 10/11 MS: 6 ChangeByte-Custom-ChangeByte-Custom-ShuffleBytes-Custom-
#3474	NEW    cov: 560 ft: 616 corp: 52/196b lim: 11 exec/s: 0 rss: 868Mb L: 11/11 MS: 4 CrossOver-Custom-PersAutoDict-Custom- DE: "\001\014"-
#3518	NEW    cov: 560 ft: 620 corp: 53/207b lim: 11 exec/s: 0 rss: 868Mb L: 11/11 MS: 8 ChangeBit-Custom-ShuffleBytes-Custom-CopyPart-Custom-CopyPart-Custom-
#3612	NEW    cov: 560 ft: 621 corp: 54/217b lim: 11 exec/s: 0 rss: 868Mb L: 10/11 MS: 8 CopyPart-Custom-ShuffleBytes-Custom-CrossOver-Custom-EraseBytes-Custom-
#3764	REDUCE cov: 561 ft: 622 corp: 55/228b lim: 11 exec/s: 0 rss: 869Mb L: 11/11 MS: 4 CopyPart-Custom-CrossOver-Custom-
#3782	NEW    cov: 561 ft: 623 corp: 56/238b lim: 11 exec/s: 0 rss: 869Mb L: 10/11 MS: 6 ShuffleBytes-Custom-ChangeBinInt-Custom-CrossOver-Custom-
#3840	NEW    cov: 561 ft: 624 corp: 57/248b lim: 11 exec/s: 0 rss: 869Mb L: 10/11 MS: 6 EraseBytes-Custom-CopyPart-Custom-CopyPart-Custom-
#3907	NEW    cov: 561 ft: 625 corp: 58/259b lim: 11 exec/s: 0 rss: 869Mb L: 11/11 MS: 4 InsertByte-Custom-CrossOver-Custom-
#3915	NEW    cov: 561 ft: 626 corp: 59/270b lim: 11 exec/s: 0 rss: 869Mb L: 11/11 MS: 6 CrossOver-Custom-CrossOver-Custom-ShuffleBytes-Custom-
#4036	REDUCE cov: 561 ft: 626 corp: 59/269b lim: 11 exec/s: 0 rss: 869Mb L: 4/11 MS: 2 EraseBytes-Custom-
#4328	NEW    cov: 561 ft: 627 corp: 60/279b lim: 11 exec/s: 0 rss: 870Mb L: 10/11 MS: 4 CopyPart-Custom-InsertRepeatedBytes-Custom-
#4390	NEW    cov: 561 ft: 631 corp: 61/289b lim: 11 exec/s: 0 rss: 870Mb L: 10/11 MS: 4 InsertByte-Custom-CMP-Custom- DE: "\377\377\377\011"-
#4421	NEW    cov: 563 ft: 633 corp: 62/300b lim: 11 exec/s: 0 rss: 871Mb L: 11/11 MS: 2 InsertByte-Custom-
INFO: #4463	REDUCE cov: 563 ft: 633 corp: 62/299b lim: 11 exec/s: 0 rss: 871Mb L: 1/11 MS: 4 ChangeBit-Custom-EraseBytes-Custom-
Instrumented org.apache.commons.math3.exception.util.LocalizedFormats (took 54 ms, size +6%)
#4473	REDUCE cov: 563 ft: 633 corp: 62/298b lim: 11 exec/s: 0 rss: 871Mb L: 10/11 MS: 10 CopyPart-Custom-CopyPart-Custom-ChangeByte-Custom-EraseBytes-Custom-InsertByte-Custom-
INFO: Instrumented org.apache.commons.math3.exception.util.ExceptionContext (took 28 ms, size +24%)
INFO: Instrumented org.apache.commons.math3.exception.util.ArgUtils (took 5 ms, size +46%)
#4722	REDUCE cov: 563 ft: 633 corp: 62/297b lim: 11 exec/s: 0 rss: 871Mb L: 2/11 MS: 8 ChangeByte-Custom-ShuffleBytes-Custom-ChangeBit-Custom-EraseBytes-Custom-
#4815	NEW    cov: 563 ft: 634 corp: 63/308b lim: 11 exec/s: 0 rss: 872Mb L: 11/11 MS: 6 PersAutoDict-Custom-ChangeByte-Custom-InsertByte-Custom- DE: "\001\014"-
#5105	NEW    cov: 563 ft: 636 corp: 64/319b lim: 11 exec/s: 0 rss: 873Mb L: 11/11 MS: 10 ChangeBinInt-Custom-ShuffleBytes-Custom-ChangeByte-Custom-ShuffleBytes-Custom-CopyPart-Custom-
#5136	REDUCE cov: 563 ft: 636 corp: 64/317b lim: 11 exec/s: 0 rss: 876Mb L: 2/11 MS: 2 EraseBytes-Custom-
#5459	NEW    cov: 564 ft: 637 corp: 65/330b lim: 14 exec/s: 0 rss: 891Mb L: 13/13 MS: 6 InsertRepeatedBytes-Custom-ShuffleBytes-Custom-ChangeByte-Custom-
#5758	NEW    cov: 564 ft: 639 corp: 66/344b lim: 14 exec/s: 0 rss: 892Mb L: 14/14 MS: 8 CMP-Custom-CrossOver-Custom-PersAutoDict-Custom-CopyPart-Custom- DE: "\000\000\000\000"-"\377\377\377\011"-
#5952	NEW    cov: 564 ft: 642 corp: 67/356b lim: 14 exec/s: 0 rss: 892Mb L: 12/14 MS: 8 PersAutoDict-Custom-ChangeBit-Custom-CMP-Custom-ChangeBinInt-Custom- DE: "\001\014"-"\000\000\000\021"-
#6049	NEW    cov: 564 ft: 643 corp: 68/367b lim: 14 exec/s: 0 rss: 892Mb L: 11/14 MS: 4 ChangeBinInt-Custom-ShuffleBytes-Custom-
#6143	NEW    cov: 564 ft: 644 corp: 69/378b lim: 14 exec/s: 0 rss: 892Mb L: 11/14 MS: 8 ChangeBinInt-Custom-ChangeBinInt-Custom-PersAutoDict-Custom-PersAutoDict-Custom- DE: "\001\014"-"\001\014"-
#6258	NEW    cov: 565 ft: 645 corp: 70/390b lim: 14 exec/s: 0 rss: 892Mb L: 12/14 MS: 10 CMP-Custom-EraseBytes-Custom-InsertByte-Custom-CrossOver-Custom-InsertByte-Custom- DE: "\377\377"-
#6651	NEW    cov: 565 ft: 646 corp: 71/407b lim: 17 exec/s: 0 rss: 909Mb L: 17/17 MS: 6 CrossOver-Custom-InsertRepeatedBytes-Custom-CrossOver-Custom-
#6841	NEW    cov: 565 ft: 647 corp: 72/423b lim: 17 exec/s: 0 rss: 909Mb L: 16/17 MS: 10 CrossOver-Custom-ChangeBinInt-Custom-CopyPart-Custom-CrossOver-Custom-InsertRepeatedBytes-Custom-
MS: 6 ShuffleBytes-Custom-CrossOver-Custom-InsertByte-Custom-; base unit: b159b4cb605ace855bd4cb4121873aae7b6e40fcDEDUP_TOKEN: 200d3d06a27b1acb
0x4,0x1,0x7,0x0,0xad,0xad,0xad,0xad,0x3b,0x1,0xc,0xfc,0x32,

\004\001\007\000\255\255\255\255;\001\014\3742
artifact_prefix='/tmp/bugrun/math_20.DbA0IR/'; Test unit written to /tmp/bugrun/math_20.DbA0IR/crash-04e2768cb1aa3c0686a6df309ca538ea145c918d
Base64: BAEHAK2tra07AQz8Mg==
Done 6954 runs in 0 second(s)
[ERROR] Tests run: 2, Failures: 0, Errors: 1, Skipped: 0, Time elapsed: 6.892 s <<< FAILURE! -- in com.example.algorithm2.Algorithm2Test
[ERROR] com.example.algorithm2.Algorithm2Test.testParameterizedFuzzer(FuzzedDataProvider)[2] -- Time elapsed: 0.756 s <<< ERROR!
java.lang.IllegalArgumentException: Invalid rounding mode
	at java.base/java.math.BigDecimal.setScale(BigDecimal.java:2884)
	at org.apache.commons.math3.util.Precision.round(Precision.java:396)
	at jdk.internal.reflect.GeneratedMethodAccessor73.invoke(Unknown Source)
	at java.base/jdk.internal.reflect.DelegatingMethodAccessorImpl.invoke(DelegatingMethodAccessorImpl.java:43)
	at java.base/java.lang.reflect.Method.invoke(Method.java:566)
	at com.example.algorithm2.Algorithm2Test.testParameterizedFuzzer(Algorithm2Test.java:226)

[INFO] 
[INFO] Results:
[INFO] 
[ERROR] Errors: 
[ERROR]   Algorithm2Test.testParameterizedFuzzer:226 » IllegalArgument Invalid rounding mode
[INFO] 
[ERROR] Tests run: 2, Failures: 0, Errors: 1, Skipped: 0
[INFO] 
[ERROR] 

Please refer to /tmp/bugrun/math_20.DbA0IR/target/surefire-reports for the individual test results.
Please refer to dump files (if any exist) [date].dump, [date]-jvmRun[N].dump and [date].dumpstream.
[INFO] 
[INFO] --- jacoco:0.8.11:report (default-cli) @ AlgorithmName2 ---
[INFO] Loading execution data file /tmp/bugrun/math_20.DbA0IR/target/jacoco.exec
[INFO] Analyzed bundle 'AlgorithmName2' with 667 classes
[INFO] ------------------------------------------------------------------------
[INFO] BUILD SUCCESS
[INFO] ------------------------------------------------------------------------
[INFO] Total time:  16.554 s
[INFO] Finished at: 2026-10-06T03:55:07+07:00
[INFO] ------------------------------------------------------------------------
