[INFO] Scanning for projects...
[INFO] 
[INFO] ---------------------< com.example:AlgorithmName2 >---------------------
[INFO] Building AlgorithmName2 1.0-SNAPSHOT
[INFO]   from pom.xml
[INFO] --------------------------------[ jar ]---------------------------------
[INFO] 
[INFO] --- jacoco:0.8.11:prepare-agent (default) @ AlgorithmName2 ---
[INFO] argLine set to -javaagent:/home/kanyaphak673380391-3/.m2/repository/org/jacoco/org.jacoco.agent/0.8.11/org.jacoco.agent-0.8.11-runtime.jar=destfile=/tmp/bugrun/lang_37.bdu1GQ/target/jacoco.exec
[INFO] 
[INFO] --- resources:3.4.0:resources (default-resources) @ AlgorithmName2 ---
[INFO] Copying 1 resource from src/main/resources to target/classes
[INFO] 
[INFO] --- compiler:3.15.0:compile (default-compile) @ AlgorithmName2 ---
[INFO] Recompiling the module because of changed source code.
[INFO] Compiling 1 source file with javac [debug target 1.8] to target/classes
[WARNING] bootstrap class path not set in conjunction with -source 8
[INFO] 
[INFO] --- dependency:3.6.0:unpack-dependencies (unpack-defects4j) @ AlgorithmName2 ---
[INFO] 
[INFO] --- resources:3.4.0:testResources (default-testResources) @ AlgorithmName2 ---
[INFO] skip non existing resourceDirectory /tmp/bugrun/lang_37.bdu1GQ/src/test/resources
[INFO] 
[INFO] --- compiler:3.15.0:testCompile (default-testCompile) @ AlgorithmName2 ---
[INFO] Recompiling the module because of changed dependency.
[INFO] Compiling 1 source file with javac [debug target 1.8] to target/test-classes
[WARNING] bootstrap class path not set in conjunction with -source 8
[INFO] 
[INFO] --- surefire:3.1.2:test (default-cli) @ AlgorithmName2 ---
[INFO] Using auto detected provider org.apache.maven.surefire.junitplatform.JUnitPlatformProvider
[INFO] 
[INFO] -------------------------------------------------------
[INFO]  T E S T S
[INFO] -------------------------------------------------------
[INFO] Running com.example.algorithm2.Algorithm2Test
OpenJDK 64-Bit Server VM warning: Sharing is only supported for boot loader classes because bootstrap classpath has been appended
INFO: Loaded 289 hooks from com.code_intelligence.jazzer.runtime.TraceCmpHooks
INFO: Loaded 5 hooks from com.code_intelligence.jazzer.runtime.TraceDivHooks
INFO: Loaded 2 hooks from com.code_intelligence.jazzer.runtime.TraceIndirHooks
INFO: Loaded 4 hooks from com.code_intelligence.jazzer.runtime.NativeLibHooks
INFO: Loaded 2 hooks from com.code_intelligence.jazzer.sanitizers.ClojureLangHooks
INFO: Loaded 5 hooks from com.code_intelligence.jazzer.sanitizers.Deserialization
INFO: Loaded 5 hooks from com.code_intelligence.jazzer.sanitizers.ExpressionLanguageInjection
INFO: Loaded 70 hooks from com.code_intelligence.jazzer.sanitizers.LdapInjection
INFO: Loaded 46 hooks from com.code_intelligence.jazzer.sanitizers.NamingContextLookup
INFO: Loaded 1 hooks from com.code_intelligence.jazzer.sanitizers.OsCommandInjection
INFO: Loaded 52 hooks from com.code_intelligence.jazzer.sanitizers.ReflectiveCall
INFO: Loaded 8 hooks from com.code_intelligence.jazzer.sanitizers.RegexInjection
INFO: Loaded 16 hooks from com.code_intelligence.jazzer.sanitizers.RegexRoadblocks
INFO: Loaded 18 hooks from com.code_intelligence.jazzer.sanitizers.ScriptEngineInjection
INFO: Loaded 2 hooks from com.code_intelligence.jazzer.sanitizers.ServerSideRequestForgery
INFO: Loaded 19 hooks from com.code_intelligence.jazzer.sanitizers.SqlInjection
INFO: Loaded 6 hooks from com.code_intelligence.jazzer.sanitizers.XPathInjection
INFO: Instrumented com.example.algorithm2.Algorithm2Test$Skip (took 142 ms, size +44%)
INFO: Instrumented com.example.algorithm2.Algorithm2Test (took 122 ms, size +27%)
INFO: New number of coverage counters: 1024
INFO: New number of coverage counters: 2048
WARN: Some hooks could not be applied to class files built for Java 7 or lower.
                       Ensure that the fuzz target and its dependencies are compiled with
                       -target 8 or higher to identify as many bugs as possible.
INFO: Instrumented org.apache.commons.lang3.StringUtils (took 460 ms, size +32%)
[harness] target=org.apache.commons.lang3.StringUtils factories=1 methods=147
INFO: found LLVMFuzzerCustomMutator (0x76e01a46fcd0). Disabling -len_control by default.
INFO: Running with entropic power schedule (0xFF, 100).
INFO: Seed: 2623887474
INFO: INFO: Loaded 3 modules   (2048 inline 8-bit counters): 512 [0x76e0fcbb6d80, 0x76e0fcbb6f80), 512 [0x76e0fcbb6f80, 0x76e0fcbb7180), 1024 [0x76e0fcbb7180, 0x76e0fcbb7580), 
using inputs from: /tmp/bugrun/lang_37.bdu1GQ/.cifuzz-corpus/com.example.algorithm2.Algorithm2Test/testParameterizedFuzzer
INFO: Loaded 3 PC tables (2048 PCs): 512 [0x76e0fcb4a920,0x76e0fcb4c920), 512 [0x76e0fcb10960,0x76e0fcb12960), 1024 [0x76e0fccc3010,0x76e0fccc7010), 
INFO:        0 files found in /tmp/bugrun/lang_37.bdu1GQ/.cifuzz-corpus/com.example.algorithm2.Algorithm2Test/testParameterizedFuzzer
INFO: INFO:        0 files found in /tmp/jazzer-java-seeds7249610799588648217
using inputs from: /tmp/jazzer-java-seeds7249610799588648217
INFO: -max_len is not provided; libFuzzer will not generate inputs larger than 4096 bytes
INFO: A corpus is not provided, starting from an empty corpus
#2	INITED cov: 30 ft: 30 corp: 1/1b exec/s: 0 rss: 790Mb
#5	NEW    cov: 40 ft: 40 corp: 2/2b lim: 4 exec/s: 0 rss: 790Mb L: 1/1 MS: 6 CrossOver-Custom-EraseBytes-Custom-ChangeByte-Custom-
#6	NEW    cov: 46 ft: 46 corp: 3/3b lim: 4 exec/s: 0 rss: 790Mb L: 1/1 MS: 2 ChangeBit-Custom-
#8	NEW    cov: 47 ft: 47 corp: 4/5b lim: 4 exec/s: 0 rss: 790Mb L: 2/2 MS: 4 ShuffleBytes-Custom-InsertByte-Custom-
#10	NEW    cov: 49 ft: 49 corp: 5/7b lim: 4 exec/s: 0 rss: 790Mb L: 2/2 MS: 4 CrossOver-Custom-ChangeBit-Custom-
#15	NEW    cov: 56 ft: 56 corp: 6/10b lim: 4 exec/s: 0 rss: 790Mb L: 3/3 MS: 10 CrossOver-Custom-ShuffleBytes-Custom-EraseBytes-Custom-CopyPart-Custom-CrossOver-Custom-
#16	NEW    cov: 60 ft: 60 corp: 7/13b lim: 4 exec/s: 0 rss: 790Mb L: 3/3 MS: 2 CrossOver-Custom-
#19	NEW    cov: 75 ft: 77 corp: 8/14b lim: 4 exec/s: 0 rss: 790Mb L: 1/3 MS: 6 ShuffleBytes-Custom-CopyPart-Custom-ChangeBit-Custom-
#20	NEW    cov: 82 ft: 84 corp: 9/16b lim: 4 exec/s: 0 rss: 790Mb L: 2/3 MS: 2 ChangeBinInt-Custom-
#22	REDUCE cov: 82 ft: 84 corp: 9/15b lim: 4 exec/s: 0 rss: 790Mb L: 1/3 MS: 4 ChangeByte-Custom-EraseBytes-Custom-
#33	NEW    cov: 85 ft: 87 corp: 10/16b lim: 4 exec/s: 0 rss: 790Mb L: 1/3 MS: 2 ChangeBinInt-Custom-
#35	NEW    cov: 88 ft: 90 corp: 11/20b lim: 4 exec/s: 0 rss: 790Mb L: 4/4 MS: 4 CopyPart-Custom-ChangeByte-Custom-
#36	NEW    cov: 89 ft: 91 corp: 12/21b lim: 4 exec/s: 0 rss: 790Mb L: 1/4 MS: 2 ChangeByte-Custom-
#47	NEW    cov: 103 ft: 105 corp: 13/23b lim: 4 exec/s: 0 rss: 791Mb L: 2/4 MS: 2 CopyPart-Custom-
#48	NEW    cov: 105 ft: 107 corp: 14/24b lim: 4 exec/s: 0 rss: 791Mb L: 1/4 MS: 2 ChangeByte-Custom-
#58	NEW    cov: 107 ft: 109 corp: 15/26b lim: 4 exec/s: 0 rss: 793Mb L: 2/4 MS: 10 ShuffleBytes-Custom-CrossOver-Custom-ChangeByte-Custom-CrossOver-Custom-ChangeByte-Custom-
#59	NEW    cov: 108 ft: 110 corp: 16/27b lim: 4 exec/s: 0 rss: 793Mb L: 1/4 MS: 2 ChangeBit-Custom-
#67	REDUCE cov: 108 ft: 110 corp: 16/26b lim: 4 exec/s: 0 rss: 793Mb L: 1/4 MS: 6 EraseBytes-Custom-ChangeBit-Custom-ChangeBit-Custom-
#69	NEW    cov: 111 ft: 113 corp: 17/27b lim: 4 exec/s: 0 rss: 793Mb L: 1/4 MS: 4 EraseBytes-Custom-ChangeBit-Custom-
INFO: New number of coverage counters: 4096
#71	NEW    cov: 114 ft: 116 corp: 18/28b lim: 4 exec/s: 0 rss: 793Mb L: 1/4 MS: 4 CrossOver-Custom-ChangeASCIIInt-Custom-
#72	NEW    cov: 117 ft: 119 corp: 19/29b lim: 4 exec/s: 0 rss: 793Mb L: 1/4 MS: 2 ChangeBit-Custom-
#73	REDUCE cov: 117 ft: 119 corp: 19/28b lim: 4 exec/s: 0 rss: 793Mb L: 3/3 MS: 2 EraseBytes-Custom-
#74	NEW    cov: 123 ft: 125 corp: 20/30b lim: 4 exec/s: 0 rss: 869Mb L: 2/3 MS: 2 ChangeBinInt-Custom-
#77	NEW    cov: 126 ft: 128 corp: 21/31b lim: 4 exec/s: 0 rss: 869Mb L: 1/3 MS: 6 ChangeBit-Custom-ChangeByte-Custom-ChangeASCIIInt-Custom-
#80	REDUCE cov: 128 ft: 131 corp: 22/35b lim: 4 exec/s: 0 rss: 869Mb L: 4/4 MS: 6 CrossOver-Custom-ChangeBinInt-Custom-InsertByte-Custom-
#82	NEW    cov: 131 ft: 134 corp: 23/36b lim: 4 exec/s: 0 rss: 869Mb L: 1/4 MS: 4 CrossOver-Custom-ChangeBit-Custom-
#83	NEW    cov: 134 ft: 137 corp: 24/38b lim: 4 exec/s: 0 rss: 869Mb L: 2/4 MS: 2 InsertByte-Custom-
#84	NEW    cov: 141 ft: 144 corp: 25/41b lim: 4 exec/s: 0 rss: 869Mb L: 3/4 MS: 2 InsertByte-Custom-
#90	NEW    cov: 144 ft: 147 corp: 26/44b lim: 4 exec/s: 0 rss: 869Mb L: 3/4 MS: 2 ChangeBit-Custom-
#91	NEW    cov: 147 ft: 150 corp: 27/45b lim: 4 exec/s: 0 rss: 869Mb L: 1/4 MS: 2 ChangeBit-Custom-
#92	NEW    cov: 148 ft: 151 corp: 28/46b lim: 4 exec/s: 0 rss: 869Mb L: 1/4 MS: 2 ChangeBit-Custom-
#95	NEW    cov: 159 ft: 162 corp: 29/48b lim: 4 exec/s: 0 rss: 869Mb L: 2/4 MS: 6 ShuffleBytes-Custom-CopyPart-Custom-ChangeBit-Custom-
INFO: Instrumented org.apache.commons.lang3.ArrayUtils (took 296 ms, size +20%)
DEDUP_TOKEN: 3da9589c7f49c818
#96	NEW    cov: 162 ft: 165 corp: 30/50b lim: 4 exec/s: 0 rss: 869Mb L: 2/4 MS: 2 ChangeBit-Custom-
#98	NEW    cov: 165 ft: 168 corp: 31/51b lim: 4 exec/s: 0 rss: 869Mb L: 1/4 MS: 4 ShuffleBytes-Custom-ChangeByte-Custom-
#104	NEW    cov: 168 ft: 171 corp: 32/53b lim: 4 exec/s: 0 rss: 872Mb L: 2/4 MS: 2 InsertByte-Custom-
#105	REDUCE cov: 174 ft: 177 corp: 33/54b lim: 4 exec/s: 0 rss: 872Mb L: 1/4 MS: 2 ChangeBit-Custom-
#106	NEW    cov: 174 ft: 179 corp: 34/58b lim: 4 exec/s: 0 rss: 872Mb L: 4/4 MS: 2 InsertByte-Custom-
#115	NEW    cov: 176 ft: 181 corp: 35/60b lim: 4 exec/s: 0 rss: 872Mb L: 2/4 MS: 8 EraseBytes-Custom-CrossOver-Custom-ChangeBit-Custom-ChangeBinInt-Custom-
#121	NEW    cov: 177 ft: 182 corp: 36/61b lim: 4 exec/s: 0 rss: 872Mb L: 1/4 MS: 2 ChangeByte-Custom-
#124	NEW    cov: 180 ft: 185 corp: 37/62b lim: 4 exec/s: 0 rss: 872Mb L: 1/4 MS: 6 ChangeByte-Custom-ChangeBit-Custom-ChangeBit-Custom-
#125	NEW    cov: 183 ft: 188 corp: 38/63b lim: 4 exec/s: 0 rss: 872Mb L: 1/4 MS: 2 ChangeByte-Custom-
#135	NEW    cov: 194 ft: 199 corp: 39/67b lim: 4 exec/s: 0 rss: 872Mb L: 4/4 MS: 10 CrossOver-Custom-InsertByte-Custom-ShuffleBytes-Custom-ChangeBit-Custom-CopyPart-Custom-
#136	NEW    cov: 194 ft: 206 corp: 40/69b lim: 4 exec/s: 0 rss: 872Mb L: 2/4 MS: 2 EraseBytes-Custom-
#144	NEW    cov: 204 ft: 216 corp: 41/72b lim: 4 exec/s: 0 rss: 872Mb L: 3/4 MS: 6 ShuffleBytes-Custom-ChangeBit-Custom-InsertByte-Custom-
#145	NEW    cov: 209 ft: 221 corp: 42/74b lim: 4 exec/s: 0 rss: 872Mb L: 2/4 MS: 2 ShuffleBytes-Custom-
#149	NEW    cov: 210 ft: 224 corp: 43/77b lim: 4 exec/s: 0 rss: 872Mb L: 3/4 MS: 8 ShuffleBytes-Custom-CrossOver-Custom-InsertByte-Custom-InsertByte-Custom-
#150	NEW    cov: 213 ft: 227 corp: 44/78b lim: 4 exec/s: 0 rss: 872Mb L: 1/4 MS: 2 ChangeByte-Custom-
#151	NEW    cov: 215 ft: 229 corp: 45/79b lim: 4 exec/s: 0 rss: 872Mb L: 1/4 MS: 2 ChangeByte-Custom-
#153	REDUCE cov: 215 ft: 233 corp: 46/82b lim: 4 exec/s: 0 rss: 872Mb L: 3/4 MS: 4 CrossOver-Custom-CrossOver-Custom-
#156	NEW    cov: 217 ft: 235 corp: 47/84b lim: 4 exec/s: 0 rss: 872Mb L: 2/4 MS: 6 CopyPart-Custom-ShuffleBytes-Custom-ChangeByte-Custom-
#157	NEW    cov: 217 ft: 238 corp: 48/88b lim: 4 exec/s: 0 rss: 872Mb L: 4/4 MS: 2 InsertByte-Custom-
MS: 2 InsertByte-Custom-; base unit: 28ed3a797da3c48c309a4ef792147f3c56cfec40
0x28,0xe4,
(\344
artifact_prefix='/tmp/bugrun/lang_37.bdu1GQ/'; Test unit written to /tmp/bugrun/lang_37.bdu1GQ/crash-dd0ab5371242eeef5ea8c8b1e47565400b880e26
Base64: KOQ=
Done 158 runs in 0 second(s)
[ERROR] Tests run: 2, Failures: 0, Errors: 1, Skipped: 0, Time elapsed: 8.997 s <<< FAILURE! -- in com.example.algorithm2.Algorithm2Test
[ERROR] com.example.algorithm2.Algorithm2Test.testParameterizedFuzzer(FuzzedDataProvider)[2] -- Time elapsed: 0.608 s <<< ERROR!
java.lang.IllegalArgumentException: Minimum abbreviation width is 4
	at org.apache.commons.lang3.StringUtils.abbreviate(StringUtils.java:5488)
	at java.base/jdk.internal.reflect.NativeMethodAccessorImpl.invoke0(Native Method)
	at java.base/jdk.internal.reflect.NativeMethodAccessorImpl.invoke(NativeMethodAccessorImpl.java:62)
	at java.base/jdk.internal.reflect.DelegatingMethodAccessorImpl.invoke(DelegatingMethodAccessorImpl.java:43)
	at java.base/java.lang.reflect.Method.invoke(Method.java:566)
	at com.example.algorithm2.Algorithm2Test.testParameterizedFuzzer(Algorithm2Test.java:226)

[INFO] 
[INFO] Results:
[INFO] 
[ERROR] Errors: 
[ERROR]   Algorithm2Test.testParameterizedFuzzer:226 » IllegalArgument Minimum abbreviation width is 4
[INFO] 
[ERROR] Tests run: 2, Failures: 0, Errors: 1, Skipped: 0
[INFO] 
[ERROR] 

Please refer to /tmp/bugrun/lang_37.bdu1GQ/target/surefire-reports for the individual test results.
Please refer to dump files (if any exist) [date].dump, [date]-jvmRun[N].dump and [date].dumpstream.
[INFO] 
[INFO] --- jacoco:0.8.11:report (default-cli) @ AlgorithmName2 ---
[INFO] Loading execution data file /tmp/bugrun/lang_37.bdu1GQ/target/jacoco.exec
[INFO] Analyzed bundle 'AlgorithmName2' with 118 classes
[INFO] ------------------------------------------------------------------------
[INFO] BUILD SUCCESS
[INFO] ------------------------------------------------------------------------
[INFO] Total time:  27.832 s
[INFO] Finished at: 2026-10-06T02:08:45+07:00
[INFO] ------------------------------------------------------------------------
