[INFO] Scanning for projects...
[INFO] 
[INFO] ---------------------< com.example:AlgorithmName2 >---------------------
[INFO] Building AlgorithmName2 1.0-SNAPSHOT
[INFO]   from pom.xml
[INFO] --------------------------------[ jar ]---------------------------------
[INFO] 
[INFO] --- jacoco:0.8.11:prepare-agent (default) @ AlgorithmName2 ---
[INFO] argLine set to -javaagent:/home/kanyaphak673380391-3/.m2/repository/org/jacoco/org.jacoco.agent/0.8.11/org.jacoco.agent-0.8.11-runtime.jar=destfile=/tmp/bugrun/lang_16.FEnJoI/target/jacoco.exec
[INFO] 
[INFO] --- resources:3.4.0:resources (default-resources) @ AlgorithmName2 ---
[INFO] Copying 1 resource from src/main/resources to target/classes
[INFO] 
[INFO] --- compiler:3.15.0:compile (default-compile) @ AlgorithmName2 ---
[INFO] Recompiling the module because of changed source code.
[INFO] Compiling 1 source file with javac [debug target 1.8] to target/classes
[WARNING] bootstrap class path not set in conjunction with -source 8
[INFO] 
[INFO] --- dependency:3.6.0:unpack-dependencies (unpack-defects4j) @ AlgorithmName2 ---
[INFO] 
[INFO] --- resources:3.4.0:testResources (default-testResources) @ AlgorithmName2 ---
[INFO] skip non existing resourceDirectory /tmp/bugrun/lang_16.FEnJoI/src/test/resources
[INFO] 
[INFO] --- compiler:3.15.0:testCompile (default-testCompile) @ AlgorithmName2 ---
[INFO] Recompiling the module because of changed dependency.
[INFO] Compiling 1 source file with javac [debug target 1.8] to target/test-classes
[WARNING] bootstrap class path not set in conjunction with -source 8
[INFO] 
[INFO] --- surefire:3.1.2:test (default-cli) @ AlgorithmName2 ---
[INFO] Using auto detected provider org.apache.maven.surefire.junitplatform.JUnitPlatformProvider
[INFO] 
[INFO] -------------------------------------------------------
[INFO]  T E S T S
[INFO] -------------------------------------------------------
[INFO] Running com.example.algorithm2.Algorithm2Test
OpenJDK 64-Bit Server VM warning: Sharing is only supported for boot loader classes because bootstrap classpath has been appended
INFO: Loaded 289 hooks from com.code_intelligence.jazzer.runtime.TraceCmpHooks
INFO: Loaded 5 hooks from com.code_intelligence.jazzer.runtime.TraceDivHooks
INFO: Loaded 2 hooks from com.code_intelligence.jazzer.runtime.TraceIndirHooks
INFO: Loaded 4 hooks from com.code_intelligence.jazzer.runtime.NativeLibHooks
INFO: Loaded 2 hooks from com.code_intelligence.jazzer.sanitizers.ClojureLangHooks
INFO: Loaded 5 hooks from com.code_intelligence.jazzer.sanitizers.Deserialization
INFO: Loaded 5 hooks from com.code_intelligence.jazzer.sanitizers.ExpressionLanguageInjection
INFO: Loaded 70 hooks from com.code_intelligence.jazzer.sanitizers.LdapInjection
INFO: Loaded 46 hooks from com.code_intelligence.jazzer.sanitizers.NamingContextLookup
INFO: Loaded 1 hooks from com.code_intelligence.jazzer.sanitizers.OsCommandInjection
INFO: Loaded 52 hooks from com.code_intelligence.jazzer.sanitizers.ReflectiveCall
INFO: Loaded 8 hooks from com.code_intelligence.jazzer.sanitizers.RegexInjection
INFO: Loaded 16 hooks from com.code_intelligence.jazzer.sanitizers.RegexRoadblocks
INFO: Loaded 18 hooks from com.code_intelligence.jazzer.sanitizers.ScriptEngineInjection
INFO: Loaded 2 hooks from com.code_intelligence.jazzer.sanitizers.ServerSideRequestForgery
INFO: Loaded 19 hooks from com.code_intelligence.jazzer.sanitizers.SqlInjection
INFO: Loaded 6 hooks from com.code_intelligence.jazzer.sanitizers.XPathInjection
INFO: Instrumented com.example.algorithm2.Algorithm2Test$Skip (took 215 ms, size +44%)
INFO: Instrumented com.example.algorithm2.Algorithm2Test (took 206 ms, size +27%)
INFO: New number of coverage counters: 1024
INFO: New number of coverage counters: 2048
WARN: Some hooks could not be applied to class files built for Java 7 or lower.
                       Ensure that the fuzz target and its dependencies are compiled with
                       -target 8 or higher to identify as many bugs as possible.
INFO: Instrumented org.apache.commons.lang3.StringUtils (took 247 ms, size +28%)
[harness] target=org.apache.commons.lang3.StringUtils factories=1 methods=154
INFO: found LLVMFuzzerCustomMutator (0x7f1a4ba73cd0). Disabling -len_control by default.
INFO: Running with entropic power schedule (0xFF, 100).
INFO: Seed: 12164185
INFO: using inputs from: /tmp/bugrun/lang_16.FEnJoI/.cifuzz-corpus/com.example.algorithm2.Algorithm2Test/testParameterizedFuzzer
INFO: using inputs from: /tmp/jazzer-java-seeds593582287146629874
INFO: Loaded 3 modules   (2048 inline 8-bit counters): 512 [0x7f1b84acc4f0, 0x7f1b84acc6f0), 512 [0x7f1b84acc6f0, 0x7f1b84acc8f0), 1024 [0x7f1b84acc8f0, 0x7f1b84acccf0), 
INFO: Loaded 3 PC tables (2048 PCs): 512 [0x7f1b84587fc0,0x7f1b84589fc0), 512 [0x7f1b845afc80,0x7f1b845b1c80), 1024 [0x7f1b84a546c0,0x7f1b84a586c0), 
INFO:        0 files found in /tmp/bugrun/lang_16.FEnJoI/.cifuzz-corpus/com.example.algorithm2.Algorithm2Test/testParameterizedFuzzer
INFO:        0 files found in /tmp/jazzer-java-seeds593582287146629874
INFO: -max_len is not provided; libFuzzer will not generate inputs larger than 4096 bytes
INFO: A corpus is not provided, starting from an empty corpus
#2	INITED cov: 35 ft: 35 corp: 1/1b exec/s: 0 rss: 800Mb
#3	NEW    cov: 37 ft: 38 corp: 2/2b lim: 4 exec/s: 0 rss: 800Mb L: 1/1 MS: 2 ChangeByte-Custom-
#5	NEW    cov: 41 ft: 43 corp: 3/4b lim: 4 exec/s: 0 rss: 800Mb L: 2/2 MS: 4 CopyPart-Custom-ChangeBinInt-Custom-
#7	NEW    cov: 45 ft: 48 corp: 4/5b lim: 4 exec/s: 0 rss: 800Mb L: 1/2 MS: 4 ShuffleBytes-Custom-ChangeByte-Custom-
#12	NEW    cov: 46 ft: 49 corp: 5/9b lim: 4 exec/s: 0 rss: 800Mb L: 4/4 MS: 10 CopyPart-Custom-ShuffleBytes-Custom-ShuffleBytes-Custom-ShuffleBytes-Custom-CopyPart-Custom-
#17	NEW    cov: 49 ft: 52 corp: 6/11b lim: 4 exec/s: 0 rss: 801Mb L: 2/4 MS: 10 EraseBytes-Custom-ShuffleBytes-Custom-EraseBytes-Custom-CrossOver-Custom-ChangeBinInt-Custom-
#18	NEW    cov: 50 ft: 53 corp: 7/13b lim: 4 exec/s: 0 rss: 801Mb L: 2/4 MS: 2 InsertByte-Custom-
#20	REDUCE cov: 50 ft: 53 corp: 7/12b lim: 4 exec/s: 0 rss: 801Mb L: 3/3 MS: 4 CrossOver-Custom-EraseBytes-Custom-
#24	NEW    cov: 55 ft: 58 corp: 8/14b lim: 4 exec/s: 0 rss: 801Mb L: 2/3 MS: 8 ShuffleBytes-Custom-ChangeByte-Custom-ShuffleBytes-Custom-CopyPart-Custom-
#27	NEW    cov: 60 ft: 63 corp: 9/17b lim: 4 exec/s: 0 rss: 803Mb L: 3/3 MS: 6 InsertByte-Custom-ChangeASCIIInt-Custom-ChangeBit-Custom-
#30	NEW    cov: 71 ft: 74 corp: 10/21b lim: 4 exec/s: 0 rss: 803Mb L: 4/4 MS: 6 CrossOver-Custom-CrossOver-Custom-CopyPart-Custom-
#31	NEW    cov: 74 ft: 77 corp: 11/22b lim: 4 exec/s: 0 rss: 803Mb L: 1/4 MS: 2 ChangeBit-Custom-
#32	REDUCE cov: 78 ft: 81 corp: 12/26b lim: 4 exec/s: 0 rss: 803Mb L: 4/4 MS: 2 CrossOver-Custom-
#43	NEW    cov: 92 ft: 95 corp: 13/28b lim: 4 exec/s: 0 rss: 804Mb L: 2/4 MS: 2 ChangeByte-Custom-
#44	NEW    cov: 93 ft: 96 corp: 14/30b lim: 4 exec/s: 0 rss: 804Mb L: 2/4 MS: 2 InsertByte-Custom-
#48	NEW    cov: 99 ft: 102 corp: 15/32b lim: 4 exec/s: 0 rss: 804Mb L: 2/4 MS: 8 ChangeASCIIInt-Custom-ChangeByte-Custom-ChangeByte-Custom-ShuffleBytes-Custom-
#52	NEW    cov: 105 ft: 108 corp: 16/34b lim: 4 exec/s: 0 rss: 804Mb L: 2/4 MS: 8 ChangeBinInt-Custom-ShuffleBytes-Custom-EraseBytes-Custom-ChangeBit-Custom-
#55	NEW    cov: 108 ft: 111 corp: 17/36b lim: 4 exec/s: 0 rss: 804Mb L: 2/4 MS: 6 ShuffleBytes-Custom-InsertByte-Custom-ChangeBit-Custom-
#56	NEW    cov: 111 ft: 114 corp: 18/38b lim: 4 exec/s: 0 rss: 804Mb L: 2/4 MS: 2 ChangeByte-Custom-
INFO: #61	NEW    cov: 119 ft: 122 corp: 19/42b lim: 4 exec/s: 0 rss: 804Mb L: 4/4 MS: 10 ChangeByte-Custom-InsertByte-Custom-ChangeByte-Custom-CrossOver-Custom-ChangeBit-Custom-
#64	NEW    cov: 121 ft: 128 corp: 20/44b lim: 4 exec/s: 0 rss: 804Mb L: 2/4 MS: 6 ChangeBit-Custom-ChangeByte-Custom-CMP-Custom- DE: "\000\243"-
#68	NEW    cov: 124 ft: 131 corp: 21/47b lim: 4 exec/s: 0 rss: 804Mb L: 3/4 MS: 8 PersAutoDict-Custom-ChangeByte-Custom-ShuffleBytes-Custom-CopyPart-Custom- DE: "\000\243"-
#70	NEW    cov: 127 ft: 135 corp: 22/51b lim: 4 exec/s: 0 rss: 804Mb L: 4/4 MS: 4 PersAutoDict-Custom-CopyPart-Custom- DE: "\000\243"-
Instrumented org.apache.commons.lang3.CharSequenceUtils (took 18 ms, size +60%)
INFO: New number of coverage counters: 4096
#72	NEW    cov: 137 ft: 145 corp: 23/55b lim: 4 exec/s: 0 rss: 870Mb L: 4/4 MS: 4 ChangeBit-Custom-CopyPart-Custom-
MS: 6 EraseBytes-Custom-ShuffleBytes-Custom-ChangeByte-Custom-; base unit: 726766d3fa017dce4dadafc5521134c748793cc2
0x50,
P
artifact_prefix='/tmp/bugrun/lang_16.FEnJoI/'; Test unit written to /tmp/bugrun/lang_16.FEnJoI/crash-511993d3c99719e38a6779073019dacd7178ddb9
Base64: UA==
Done 80 runs in 0 second(s)
INFO: Instrumented org.apache.commons.lang3.ArrayUtils (took 219 ms, size +22%)
DEDUP_TOKEN: b8a615c4d29d641f
[ERROR] Tests run: 2, Failures: 0, Errors: 1, Skipped: 0, Time elapsed: 8.355 s <<< FAILURE! -- in com.example.algorithm2.Algorithm2Test
[ERROR] com.example.algorithm2.Algorithm2Test.testParameterizedFuzzer(FuzzedDataProvider)[2] -- Time elapsed: 0.473 s <<< ERROR!
java.lang.IllegalArgumentException: Minimum abbreviation width is 4
	at org.apache.commons.lang3.StringUtils.abbreviate(StringUtils.java:5718)
	at java.base/jdk.internal.reflect.NativeMethodAccessorImpl.invoke0(Native Method)
	at java.base/jdk.internal.reflect.NativeMethodAccessorImpl.invoke(NativeMethodAccessorImpl.java:62)
	at java.base/jdk.internal.reflect.DelegatingMethodAccessorImpl.invoke(DelegatingMethodAccessorImpl.java:43)
	at java.base/java.lang.reflect.Method.invoke(Method.java:566)
	at com.example.algorithm2.Algorithm2Test.testParameterizedFuzzer(Algorithm2Test.java:226)

[INFO] 
[INFO] Results:
[INFO] 
[ERROR] Errors: 
[ERROR]   Algorithm2Test.testParameterizedFuzzer:226 » IllegalArgument Minimum abbreviation width is 4
[INFO] 
[ERROR] Tests run: 2, Failures: 0, Errors: 1, Skipped: 0
[INFO] 
[ERROR] 

Please refer to /tmp/bugrun/lang_16.FEnJoI/target/surefire-reports for the individual test results.
Please refer to dump files (if any exist) [date].dump, [date]-jvmRun[N].dump and [date].dumpstream.
[INFO] 
[INFO] --- jacoco:0.8.11:report (default-cli) @ AlgorithmName2 ---
[INFO] Loading execution data file /tmp/bugrun/lang_16.FEnJoI/target/jacoco.exec
[INFO] Analyzed bundle 'AlgorithmName2' with 150 classes
[INFO] ------------------------------------------------------------------------
[INFO] BUILD SUCCESS
[INFO] ------------------------------------------------------------------------
[INFO] Total time:  25.667 s
[INFO] Finished at: 2026-10-06T03:48:23+07:00
[INFO] ------------------------------------------------------------------------
