Extract test suite......................................................... OK
Running ant (compile.gen.tests)............................................ FAIL
Executed command:  cd /Users/suphawat/Documents/SQA/defect4j_test/checkouts/Mockito/Mockito-37b && ant -f /Users/suphawat/Documents/SQA/defect4j_test/defects4j/framework/projects/defects4j.build.xml -Dd4j.home=/Users/suphawat/Documents/SQA/defect4j_test/defects4j -Dd4j.dir.projects=/Users/suphawat/Documents/SQA/defect4j_test/defects4j/framework/projects -Dbasedir=/Users/suphawat/Documents/SQA/defect4j_test/checkouts/Mockito/Mockito-37b -Dd4j.test.dir=/Users/suphawat/Documents/SQA/defect4j_test/checkouts/Mockito/Mockito-37b/.test_suite compile.gen.tests 2>&1
Buildfile: /Users/suphawat/Documents/SQA/defect4j_test/defects4j/framework/projects/defects4j.build.xml

compile:

gradle.compile:

ant.compile:

clean:

prepare:
    [mkdir] Created dir: /Users/suphawat/Documents/SQA/defect4j_test/checkouts/Mockito/Mockito-37b/target/classes
    [mkdir] Created dir: /Users/suphawat/Documents/SQA/defect4j_test/checkouts/Mockito/Mockito-37b/target/test-classes
    [mkdir] Created dir: /Users/suphawat/Documents/SQA/defect4j_test/checkouts/Mockito/Mockito-37b/target/reports/junit

compile:
    [javac] /Users/suphawat/Documents/SQA/defect4j_test/checkouts/Mockito/Mockito-37b/build.xml:76: warning: 'includeantruntime' was not set, defaulting to build.sysclasspath=last; set to false for repeatable builds
    [javac] Compiling 190 source files to /Users/suphawat/Documents/SQA/defect4j_test/checkouts/Mockito/Mockito-37b/target/classes
    [javac] warning: [options] bootstrap class path not set in conjunction with -source 6
    [javac] warning: [options] source value 6 is obsolete and will be removed in a future release
    [javac] warning: [options] target value 1.6 is obsolete and will be removed in a future release
    [javac] warning: [options] To suppress warnings about obsolete options, use -Xlint:-options.
    [javac] /Users/suphawat/Documents/SQA/defect4j_test/checkouts/Mockito/Mockito-37b/src/org/mockito/configuration/DefaultMockitoConfiguration.java:7: warning: [deprecation] ReturnValues in org.mockito has been deprecated
    [javac] import org.mockito.ReturnValues;
    [javac]                   ^
    [javac] /Users/suphawat/Documents/SQA/defect4j_test/checkouts/Mockito/Mockito-37b/src/org/mockito/configuration/IMockitoConfiguration.java:7: warning: [deprecation] ReturnValues in org.mockito has been deprecated
    [javac] import org.mockito.ReturnValues;
    [javac]                   ^
    [javac] /Users/suphawat/Documents/SQA/defect4j_test/checkouts/Mockito/Mockito-37b/src/org/mockito/internal/configuration/GlobalConfiguration.java:7: warning: [deprecation] ReturnValues in org.mockito has been deprecated
    [javac] import org.mockito.ReturnValues;
    [javac]                   ^
    [javac] /Users/suphawat/Documents/SQA/defect4j_test/checkouts/Mockito/Mockito-37b/src/org/mockito/internal/runners/JUnit44RunnerImpl.java:7: warning: [deprecation] InitializationError in org.junit.internal.runners has been deprecated
    [javac] import org.junit.internal.runners.InitializationError;
    [javac]                                  ^
    [javac] /Users/suphawat/Documents/SQA/defect4j_test/checkouts/Mockito/Mockito-37b/src/org/mockito/internal/runners/JUnit44RunnerImpl.java:8: warning: [deprecation] JUnit4ClassRunner in org.junit.internal.runners has been deprecated
    [javac] import org.junit.internal.runners.JUnit4ClassRunner;
    [javac]                                  ^
    [javac] /Users/suphawat/Documents/SQA/defect4j_test/checkouts/Mockito/Mockito-37b/src/org/mockito/internal/stubbing/answers/AnswerReturnValuesAdapter.java:7: warning: [deprecation] ReturnValues in org.mockito has been deprecated
    [javac] import org.mockito.ReturnValues;
    [javac]                   ^
    [javac] /Users/suphawat/Documents/SQA/defect4j_test/checkouts/Mockito/Mockito-37b/src/org/mockito/internal/util/Primitives.java:35: warning: [deprecation] Character(char) in Character has been deprecated
    [javac]         wrapperReturnValues.put(Character.class, new Character((char) 0));
    [javac]                                                  ^
    [javac] /Users/suphawat/Documents/SQA/defect4j_test/checkouts/Mockito/Mockito-37b/src/org/mockito/internal/util/Primitives.java:36: warning: [deprecation] Byte(byte) in Byte has been deprecated
    [javac]         wrapperReturnValues.put(Byte.class, new Byte((byte) 0));
    [javac]                                             ^
    [javac] /Users/suphawat/Documents/SQA/defect4j_test/checkouts/Mockito/Mockito-37b/src/org/mockito/internal/util/Primitives.java:37: warning: [deprecation] Short(short) in Short has been deprecated
    [javac]         wrapperReturnValues.put(Short.class, new Short((short) 0));
    [javac]                                              ^
    [javac] /Users/suphawat/Documents/SQA/defect4j_test/checkouts/Mockito/Mockito-37b/src/org/mockito/internal/util/Primitives.java:38: warning: [deprecation] Integer(int) in Integer has been deprecated
    [javac]         wrapperReturnValues.put(Integer.class, new Integer(0));
    [javac]                                                ^
    [javac] /Users/suphawat/Documents/SQA/defect4j_test/checkouts/Mockito/Mockito-37b/src/org/mockito/internal/util/Primitives.java:39: warning: [deprecation] Long(long) in Long has been deprecated
    [javac]         wrapperReturnValues.put(Long.class, new Long(0));
    [javac]                                             ^
    [javac] /Users/suphawat/Documents/SQA/defect4j_test/checkouts/Mockito/Mockito-37b/src/org/mockito/internal/util/Primitives.java:40: warning: [deprecation] Float(float) in Float has been deprecated
    [javac]         wrapperReturnValues.put(Float.class, new Float(0));
    [javac]                                              ^
    [javac] /Users/suphawat/Documents/SQA/defect4j_test/checkouts/Mockito/Mockito-37b/src/org/mockito/internal/util/Primitives.java:41: warning: [deprecation] Double(double) in Double has been deprecated
    [javac]         wrapperReturnValues.put(Double.class, new Double(0));
    [javac]                                               ^
    [javac] /Users/suphawat/Documents/SQA/defect4j_test/checkouts/Mockito/Mockito-37b/src/org/mockito/MockitoAnnotations.java:99: warning: [deprecation] isAccessible() in AccessibleObject has been deprecated
    [javac]                     boolean wasAccessible = field.isAccessible();
    [javac]                                                  ^
    [javac] /Users/suphawat/Documents/SQA/defect4j_test/checkouts/Mockito/Mockito-37b/src/org/mockito/internal/configuration/ClassPathLoader.java:27: warning: [deprecation] newInstance() in Class has been deprecated
    [javac]             return (IMockitoConfiguration) configClass.newInstance();
    [javac]                                                       ^
    [javac]   where T is a type-variable:
    [javac]     T extends Object declared in class Class
    [javac] /Users/suphawat/Documents/SQA/defect4j_test/checkouts/Mockito/Mockito-37b/src/org/mockito/internal/util/reflection/AccessibilityChanger.java:29: warning: [deprecation] isAccessible() in AccessibleObject has been deprecated
    [javac]         wasAccessible = field.isAccessible();
    [javac]                              ^
    [javac] 20 warnings

gradle.compile.mutants:

ant.compile.mutants:
    [mkdir] Created dir: /Users/suphawat/Documents/SQA/defect4j_test/checkouts/Mockito/Mockito-37b/compileLib
     [exec] /Users/suphawat/Documents/SQA/defect4j_test/defects4j/framework/projects/Mockito/chooseDepedencyVersion.sh: line 8: ./gradlew: No such file or directory

compile.gen.tests:
     [echo] classes.dir: /Users/suphawat/Documents/SQA/defect4j_test/checkouts/Mockito/Mockito-37b/target/classes
     [echo] build.home: /Users/suphawat/Documents/SQA/defect4j_test/checkouts/Mockito/Mockito-37b/target
    [mkdir] Created dir: /Users/suphawat/Documents/SQA/defect4j_test/checkouts/Mockito/Mockito-37b/.classes_testgen
    [javac] /Users/suphawat/Documents/SQA/defect4j_test/defects4j/framework/projects/defects4j.build.xml:268: warning: 'includeantruntime' was not set, defaulting to build.sysclasspath=last; set to false for repeatable builds
    [javac] Compiling 1 source file to /Users/suphawat/Documents/SQA/defect4j_test/checkouts/Mockito/Mockito-37b/.classes_testgen
    [javac] /Users/suphawat/Documents/SQA/defect4j_test/checkouts/Mockito/Mockito-37b/.test_suite/org/mockitousage/spies/GeminiSpyingOnInterfacesTest.java:20: error: 'void' type not allowed here
    [javac]             when(mock.simpleMethod()).thenCallRealMethod();
    [javac]                                   ^
    [javac] 1 error

BUILD FAILED
/Users/suphawat/Documents/SQA/defect4j_test/defects4j/framework/projects/defects4j.build.xml:268: Compile failed; see the compiler error output for details.

Total time: 1 second
Cannot compile extracted test suite! at /Users/suphawat/Documents/SQA/defect4j_test/defects4j/framework/bin/d4j/d4j-coverage line 142.
Compilation failed in require at /Users/suphawat/Documents/SQA/defect4j_test/defects4j/framework/bin/defects4j line 195.
