[INFO] Scanning for projects...
[INFO] 
[INFO] ---------------------< com.example:AlgorithmName2 >---------------------
[INFO] Building AlgorithmName2 1.0-SNAPSHOT
[INFO]   from pom.xml
[INFO] --------------------------------[ jar ]---------------------------------
[INFO] 
[INFO] --- jacoco:0.8.11:prepare-agent (default) @ AlgorithmName2 ---
[INFO] argLine set to -javaagent:/home/kanyaphak673380391-3/.m2/repository/org/jacoco/org.jacoco.agent/0.8.11/org.jacoco.agent-0.8.11-runtime.jar=destfile=/tmp/bugrun/jacksoncore_2.95He5i/target/jacoco.exec
[INFO] 
[INFO] --- resources:3.4.0:resources (default-resources) @ AlgorithmName2 ---
[INFO] Copying 1 resource from src/main/resources to target/classes
[INFO] 
[INFO] --- compiler:3.15.0:compile (default-compile) @ AlgorithmName2 ---
[INFO] Recompiling the module because of changed source code.
[INFO] Compiling 1 source file with javac [debug target 1.8] to target/classes
[WARNING] bootstrap class path not set in conjunction with -source 8
[INFO] 
[INFO] --- dependency:3.6.0:unpack-dependencies (unpack-defects4j) @ AlgorithmName2 ---
[INFO] 
[INFO] --- resources:3.4.0:testResources (default-testResources) @ AlgorithmName2 ---
[INFO] skip non existing resourceDirectory /tmp/bugrun/jacksoncore_2.95He5i/src/test/resources
[INFO] 
[INFO] --- compiler:3.15.0:testCompile (default-testCompile) @ AlgorithmName2 ---
[INFO] Recompiling the module because of changed dependency.
[INFO] Compiling 1 source file with javac [debug target 1.8] to target/test-classes
[WARNING] bootstrap class path not set in conjunction with -source 8
[INFO] 
[INFO] --- surefire:3.1.2:test (default-cli) @ AlgorithmName2 ---
[INFO] Using auto detected provider org.apache.maven.surefire.junitplatform.JUnitPlatformProvider
[INFO] 
[INFO] -------------------------------------------------------
[INFO]  T E S T S
[INFO] -------------------------------------------------------
[INFO] Running com.example.algorithm2.Algorithm2Test
OpenJDK 64-Bit Server VM warning: Sharing is only supported for boot loader classes because bootstrap classpath has been appended
INFO: Loaded 284 hooks from com.code_intelligence.jazzer.runtime.TraceCmpHooks
INFO: Loaded 5 hooks from com.code_intelligence.jazzer.runtime.TraceDivHooks
INFO: Loaded 2 hooks from com.code_intelligence.jazzer.runtime.TraceIndirHooks
INFO: Loaded 4 hooks from com.code_intelligence.jazzer.runtime.NativeLibHooks
INFO: Loaded 2 hooks from com.code_intelligence.jazzer.sanitizers.ClojureLangHooks
INFO: Loaded 5 hooks from com.code_intelligence.jazzer.sanitizers.Deserialization
INFO: Loaded 5 hooks from com.code_intelligence.jazzer.sanitizers.ExpressionLanguageInjection
INFO: Loaded 70 hooks from com.code_intelligence.jazzer.sanitizers.LdapInjection
INFO: Loaded 46 hooks from com.code_intelligence.jazzer.sanitizers.NamingContextLookup
INFO: Loaded 1 hooks from com.code_intelligence.jazzer.sanitizers.OsCommandInjection
INFO: Loaded 52 hooks from com.code_intelligence.jazzer.sanitizers.ReflectiveCall
INFO: Loaded 8 hooks from com.code_intelligence.jazzer.sanitizers.RegexInjection
INFO: Loaded 16 hooks from com.code_intelligence.jazzer.sanitizers.RegexRoadblocks
INFO: Loaded 18 hooks from com.code_intelligence.jazzer.sanitizers.ScriptEngineInjection
INFO: Loaded 2 hooks from com.code_intelligence.jazzer.sanitizers.ServerSideRequestForgery
INFO: Loaded 19 hooks from com.code_intelligence.jazzer.sanitizers.SqlInjection
INFO: Loaded 6 hooks from com.code_intelligence.jazzer.sanitizers.XPathInjection
INFO: Instrumented com.example.algorithm2.Algorithm2Test$Skip (took 389 ms, size +44%)
INFO: Instrumented com.example.algorithm2.Algorithm2Test (took 211 ms, size +27%)
INFO: New number of coverage counters: 1024
INFO: Instrumented com.fasterxml.jackson.core.JsonFactory (took 472 ms, size +11%)
INFO: Instrumented com.fasterxml.jackson.core.Versioned (took 1 ms, size +0%)
INFO: Instrumented com.fasterxml.jackson.core.SerializableString (took 1 ms, size +0%)
INFO: Instrumented com.fasterxml.jackson.core.JsonGenerator (took 106 ms, size +10%)
INFO: New number of coverage counters: 2048
INFO: Instrumented com.fasterxml.jackson.core.json.UTF8JsonGenerator (took 174 ms, size +20%)
INFO: Instrumented com.fasterxml.jackson.core.json.JsonGeneratorImpl (took 24 ms, size +17%)
INFO: Instrumented com.fasterxml.jackson.core.base.GeneratorBase (took 44 ms, size +13%)
INFO: Instrumented com.fasterxml.jackson.core.io.UTF8Writer (took 78 ms, size +26%)
INFO: New number of coverage counters: 4096
INFO: Instrumented com.fasterxml.jackson.core.json.WriterBasedJsonGenerator (took 244 ms, size +21%)
INFO: Instrumented com.fasterxml.jackson.core.JsonParser (took 156 ms, size +11%)
INFO: Instrumented com.fasterxml.jackson.core.json.ReaderBasedJsonParser (took 225 ms, size +25%)
INFO: Instrumented com.fasterxml.jackson.core.base.ParserBase (took 156 ms, size +17%)
INFO: Instrumented com.fasterxml.jackson.core.base.ParserMinimalBase (took 38 ms, size +16%)
INFO: Instrumented com.fasterxml.jackson.core.JsonFactory$Feature (took 14 ms, size +30%)
INFO: Instrumented com.fasterxml.jackson.core.JsonParser$Feature (took 31 ms, size +26%)
INFO: Instrumented com.fasterxml.jackson.core.JsonGenerator$Feature (took 14 ms, size +26%)
INFO: Instrumented com.fasterxml.jackson.core.util.DefaultPrettyPrinter (took 30 ms, size +16%)
INFO: Instrumented com.fasterxml.jackson.core.PrettyPrinter (took 0 ms, size +0%)
INFO: Instrumented com.fasterxml.jackson.core.util.Instantiatable (took 0 ms, size +0%)
INFO: Instrumented com.fasterxml.jackson.core.util.DefaultPrettyPrinter$Indenter (took 6 ms, size +0%)
INFO: New number of coverage counters: 8192
INFO: Instrumented com.fasterxml.jackson.core.io.SerializedString (took 30 ms, size +20%)
INFO: Instrumented com.fasterxml.jackson.core.ObjectCodec (took 8 ms, size +13%)
INFO: Instrumented com.fasterxml.jackson.core.TreeCodec (took 5 ms, size +32%)
INFO: Instrumented com.fasterxml.jackson.core.Version (took 41 ms, size +35%)
INFO: Instrumented com.fasterxml.jackson.core.JsonParseException (took 14 ms, size +35%)
INFO: Instrumented com.fasterxml.jackson.core.JsonProcessingException (took 24 ms, size +20%)
INFO: Instrumented com.fasterxml.jackson.core.JsonEncoding (took 6 ms, size +23%)
INFO: Instrumented com.fasterxml.jackson.core.util.BufferRecycler (took 16 ms, size +23%)
INFO: Instrumented com.fasterxml.jackson.core.FormatSchema (took 0 ms, size +0%)
INFO: Instrumented com.fasterxml.jackson.core.format.InputAccessor (took 0 ms, size +0%)
INFO: Instrumented com.fasterxml.jackson.core.format.MatchStrength (took 16 ms, size +28%)
INFO: Instrumented com.fasterxml.jackson.core.io.InputDecorator (took 10 ms, size +37%)
INFO: Instrumented com.fasterxml.jackson.core.io.CharacterEscapes (took 3 ms, size +34%)
INFO: Instrumented com.fasterxml.jackson.core.io.OutputDecorator (took 2 ms, size +40%)
[harness] target=com.fasterxml.jackson.core.JsonFactory factories=1 methods=49
INFO: Instrumented com.fasterxml.jackson.core.sym.CharsToNameCanonicalizer (took 34 ms, size +16%)
INFO: Instrumented com.fasterxml.jackson.core.sym.CharsToNameCanonicalizer$Bucket (took 11 ms, size +31%)
INFO: Instrumented com.fasterxml.jackson.core.sym.BytesToNameCanonicalizer (took 22 ms, size +16%)
INFO: Instrumented com.fasterxml.jackson.core.sym.Name (took 3 ms, size +36%)
INFO: Instrumented com.fasterxml.jackson.core.sym.Name1 (took 11 ms, size +43%)
INFO: Instrumented com.fasterxml.jackson.core.sym.Name2 (took 3 ms, size +45%)
INFO: Instrumented com.fasterxml.jackson.core.sym.Name3 (took 3 ms, size +43%)
INFO: Instrumented com.fasterxml.jackson.core.sym.NameN (took 2 ms, size +39%)
INFO: Instrumented com.fasterxml.jackson.core.sym.BytesToNameCanonicalizer$TableInfo (took 2 ms, size +21%)
INFO: using inputs from: /tmp/bugrun/jacksoncore_2.95He5i/.cifuzz-corpus/com.example.algorithm2.Algorithm2Test/testParameterizedFuzzer
INFO: using inputs from: /tmp/jazzer-java-seeds3424376120424709551
INFO: found LLVMFuzzerCustomMutator (0x7ee82636ecd0). Disabling -len_control by default.
INFO: Running with entropic power schedule (0xFF, 100).
INFO: Seed: 2395107608
INFO: Loaded 5 modules   (8192 inline 8-bit counters): 512 [0x7ee908ad4d90, 0x7ee908ad4f90), 512 [0x7ee908ad4f90, 0x7ee908ad5190), 1024 [0x7ee908ad5190, 0x7ee908ad5590), 2048 [0x7ee908ad5590, 0x7ee908ad5d90), 4096 [0x7ee908ad5d90, 0x7ee908ad6d90), 
INFO: Loaded 5 PC tables (8192 PCs): 512 [0x7ee9086ee9f0,0x7ee9086f09f0), 512 [0x7ee9085f74b0,0x7ee9085f94b0), 1024 [0x7ee908493dc0,0x7ee908497dc0), 2048 [0x7ee908556430,0x7ee90855e430), 4096 [0x7ee908a61340,0x7ee908a71340), 
INFO:        0 files found in /tmp/bugrun/jacksoncore_2.95He5i/.cifuzz-corpus/com.example.algorithm2.Algorithm2Test/testParameterizedFuzzer
INFO:        0 files found in /tmp/jazzer-java-seeds3424376120424709551
INFO: -max_len is not provided; libFuzzer will not generate inputs larger than 4096 bytes
INFO: A corpus is not provided, starting from an empty corpus
INFO: Instrumented com.fasterxml.jackson.core.io.IOContext (took 8 ms, size +14%)
INFO: Instrumented com.fasterxml.jackson.core.util.BufferRecycler$ByteBufferType (took 3 ms, size +24%)
INFO: Instrumented com.fasterxml.jackson.core.util.BufferRecycler$CharBufferType (took 4 ms, size +24%)
INFO: Instrumented com.fasterxml.jackson.core.json.ByteSourceJsonBootstrapper (took 8 ms, size +21%)
INFO: Instrumented com.fasterxml.jackson.core.json.UTF8StreamJsonParser (took 84 ms, size +23%)
INFO: Instrumented com.fasterxml.jackson.core.io.UTF32Reader (took 9 ms, size +25%)
INFO: Instrumented com.fasterxml.jackson.core.io.BaseReader (took 15 ms, size +24%)
#2	INITED cov: 247 ft: 247 corp: 1/1b exec/s: 0 rss: 1208Mb
#3	NEW    cov: 252 ft: 257 corp: 2/2b lim: 4 exec/s: 0 rss: 1208Mb L: 1/1 MS: 2 ShuffleBytes-Custom-
#4	NEW    cov: 289 ft: 299 corp: 3/3b lim: 4 exec/s: 0 rss: 1208Mb L: 1/1 MS: 2 ChangeBit-Custom-
INFO: #6	NEW    cov: 289 ft: 300 corp: 4/5b lim: 4 exec/s: 0 rss: 1208Mb L: 2/2 MS: 4 ShuffleBytes-Custom-CrossOver-Custom-
#7	NEW    cov: 289 ft: 310 corp: 5/6b lim: 4 exec/s: 0 rss: 1208Mb L: 1/2 MS: 2 ChangeBit-Custom-
#8	NEW    cov: 298 ft: 323 corp: 6/7b lim: 4 exec/s: 0 rss: 1208Mb L: 1/2 MS: 2 ChangeBinInt-Custom-
#9	NEW    cov: 338 ft: 369 corp: 7/9b lim: 4 exec/s: 0 rss: 1208Mb L: 2/2 MS: 2 InsertByte-Custom-
#10	NEW    cov: 343 ft: 378 corp: 8/11b lim: 4 exec/s: 0 rss: 1208Mb L: 2/2 MS: 2 InsertByte-Custom-
Instrumented com.fasterxml.jackson.core.io.MergedStream (took 43 ms, size +27%)
#11	NEW    cov: 344 ft: 387 corp: 9/13b lim: 4 exec/s: 0 rss: 1210Mb L: 2/2 MS: 2 ChangeByte-Custom-
#16	NEW    cov: 351 ft: 394 corp: 10/15b lim: 4 exec/s: 0 rss: 1210Mb L: 2/2 MS: 10 CopyPart-Custom-CrossOver-Custom-EraseBytes-Custom-CopyPart-Custom-ChangeBit-Custom-
#19	NEW    cov: 361 ft: 422 corp: 11/16b lim: 4 exec/s: 0 rss: 1210Mb L: 1/2 MS: 6 ChangeByte-Custom-ShuffleBytes-Custom-ChangeByte-Custom-
INFO: Instrumented com.fasterxml.jackson.core.JsonStreamContext (took 5 ms, size +39%)
#21	NEW    cov: 384 ft: 447 corp: 12/18b lim: 4 exec/s: 0 rss: 1210Mb L: 2/2 MS: 4 ShuffleBytes-Custom-ChangeBit-Custom-
#24	NEW    cov: 385 ft: 448 corp: 13/20b lim: 4 exec/s: 0 rss: 1210Mb L: 2/2 MS: 6 ChangeBit-Custom-ChangeByte-Custom-InsertByte-Custom-
#27	NEW    cov: 389 ft: 454 corp: 14/23b lim: 4 exec/s: 0 rss: 1210Mb L: 3/3 MS: 6 InsertByte-Custom-ChangeByte-Custom-CrossOver-Custom-
#28	NEW    cov: 390 ft: 455 corp: 15/25b lim: 4 exec/s: 0 rss: 1210Mb L: 2/3 MS: 2 ChangeBit-Custom-
#30	NEW    cov: 390 ft: 457 corp: 16/28b lim: 4 exec/s: 0 rss: 1210Mb L: 3/3 MS: 4 CrossOver-Custom-CrossOver-Custom-
#31	NEW    cov: 400 ft: 467 corp: 17/29b lim: 4 exec/s: 0 rss: 1210Mb L: 1/3 MS: 2 ChangeByte-Custom-
#36	NEW    cov: 402 ft: 469 corp: 18/32b lim: 4 exec/s: 0 rss: 1213Mb L: 3/3 MS: 10 ChangeBit-Custom-ShuffleBytes-Custom-ChangeByte-Custom-InsertByte-Custom-ChangeBinInt-Custom-
INFO: Instrumented com.fasterxml.jackson.core.json.JsonReadContext (took 10 ms, size +20%)
#37	NEW    cov: 402 ft: 478 corp: 19/34b lim: 4 exec/s: 0 rss: 1213Mb L: 2/3 MS: 2 CopyPart-Custom-
#41	NEW    cov: 409 ft: 485 corp: 20/36b lim: 4 exec/s: 0 rss: 1213Mb L: 2/3 MS: 8 ShuffleBytes-Custom-ShuffleBytes-Custom-CopyPart-Custom-InsertByte-Custom-
#45	NEW    cov: 412 ft: 488 corp: 21/38b lim: 4 exec/s: 0 rss: 1214Mb L: 2/3 MS: 8 EraseBytes-Custom-CMP-Custom-ChangeByte-Custom-CopyPart-Custom- DE: "\002\000"-
#46	NEW    cov: 412 ft: 496 corp: 22/41b lim: 4 exec/s: 0 rss: 1214Mb L: 3/3 MS: 2 ChangeByte-Custom-
INFO: Instrumented com.fasterxml.jackson.core.io.CharTypes (took 7 ms, size +23%)
INFO: Instrumented com.fasterxml.jackson.core.util.TextBuffer (took 13 ms, size +20%)
#49	NEW    cov: 414 ft: 498 corp: 23/45b lim: 4 exec/s: 0 rss: 1214Mb L: 4/4 MS: 6 CopyPart-Custom-PersAutoDict-Custom-ChangeBinInt-Custom- DE: "\002\000"-
#53	NEW    cov: 418 ft: 502 corp: 24/48b lim: 4 exec/s: 0 rss: 1214Mb L: 3/4 MS: 8 ChangeByte-Custom-InsertByte-Custom-ShuffleBytes-Custom-PersAutoDict-Custom- DE: "\002\000"-
#55	NEW    cov: 418 ft: 505 corp: 25/51b lim: 4 exec/s: 0 rss: 1214Mb L: 3/4 MS: 4 CopyPart-Custom-InsertByte-Custom-
#58	NEW    cov: 419 ft: 506 corp: 26/53b lim: 4 exec/s: 0 rss: 1215Mb L: 2/4 MS: 6 EraseBytes-Custom-CopyPart-Custom-ChangeByte-Custom-
#64	REDUCE cov: 419 ft: 506 corp: 26/52b lim: 4 exec/s: 0 rss: 1215Mb L: 3/3 MS: 2 EraseBytes-Custom-
#83	NEW    cov: 419 ft: 508 corp: 27/55b lim: 4 exec/s: 0 rss: 1215Mb L: 3/3 MS: 8 ShuffleBytes-Custom-CrossOver-Custom-PersAutoDict-Custom-ChangeBit-Custom- DE: "\002\000"-
#87	NEW    cov: 419 ft: 509 corp: 28/59b lim: 4 exec/s: 0 rss: 1215Mb L: 4/4 MS: 8 PersAutoDict-Custom-EraseBytes-Custom-PersAutoDict-Custom-CopyPart-Custom- DE: "\002\000"-"\002\000"-
#100	NEW    cov: 421 ft: 511 corp: 29/61b lim: 4 exec/s: 0 rss: 1215Mb L: 2/4 MS: 6 ShuffleBytes-Custom-EraseBytes-Custom-CMP-Custom- DE: "\377\037"-
#101	NEW    cov: 476 ft: 566 corp: 30/62b lim: 4 exec/s: 0 rss: 1215Mb L: 1/4 MS: 2 ChangeByte-Custom-
#102	NEW    cov: 478 ft: 572 corp: 31/64b lim: 4 exec/s: 0 rss: 1215Mb L: 2/4 MS: 2 InsertByte-Custom-
#111	NEW    cov: 480 ft: 574 corp: 32/66b lim: 4 exec/s: 0 rss: 1215Mb L: 2/4 MS: 8 ChangeBit-Custom-ChangeBit-Custom-CrossOver-Custom-ChangeByte-Custom-
#115	REDUCE cov: 509 ft: 603 corp: 33/70b lim: 4 exec/s: 0 rss: 1215Mb L: 4/4 MS: 8 ChangeBinInt-Custom-InsertByte-Custom-ShuffleBytes-Custom-ChangeBinInt-Custom-
#122	REDUCE cov: 509 ft: 603 corp: 33/69b lim: 4 exec/s: 0 rss: 1215Mb L: 1/4 MS: 4 ShuffleBytes-Custom-EraseBytes-Custom-
#130	NEW    cov: 510 ft: 604 corp: 34/71b lim: 4 exec/s: 0 rss: 1215Mb L: 2/4 MS: 6 ShuffleBytes-Custom-ChangeBit-Custom-CrossOver-Custom-
#141	NEW    cov: 510 ft: 605 corp: 35/75b lim: 4 exec/s: 0 rss: 1215Mb L: 4/4 MS: 2 InsertByte-Custom-
#144	NEW    cov: 512 ft: 607 corp: 36/77b lim: 4 exec/s: 0 rss: 1215Mb L: 2/4 MS: 6 ShuffleBytes-Custom-ShuffleBytes-Custom-ChangeBinInt-Custom-
#149	NEW    cov: 513 ft: 679 corp: 37/81b lim: 4 exec/s: 0 rss: 1215Mb L: 4/4 MS: 10 PersAutoDict-Custom-CMP-Custom-ChangeBit-Custom-CopyPart-Custom-CopyPart-Custom- DE: "\002\000"-"\000\010"-
#153	NEW    cov: 513 ft: 693 corp: 38/83b lim: 4 exec/s: 0 rss: 1215Mb L: 2/4 MS: 8 CrossOver-Custom-CopyPart-Custom-ChangeBinInt-Custom-CrossOver-Custom-
#154	NEW    cov: 541 ft: 734 corp: 39/85b lim: 4 exec/s: 0 rss: 1215Mb L: 2/4 MS: 2 ChangeBinInt-Custom-
#160	NEW    cov: 544 ft: 737 corp: 40/87b lim: 4 exec/s: 0 rss: 1215Mb L: 2/4 MS: 2 ChangeByte-Custom-
#164	NEW    cov: 544 ft: 738 corp: 41/88b lim: 4 exec/s: 0 rss: 1215Mb L: 1/4 MS: 8 CopyPart-Custom-ShuffleBytes-Custom-EraseBytes-Custom-ChangeBit-Custom-
#168	NEW    cov: 546 ft: 742 corp: 42/91b lim: 4 exec/s: 0 rss: 1215Mb L: 3/4 MS: 8 CopyPart-Custom-ChangeByte-Custom-ChangeBit-Custom-CrossOver-Custom-
#171	NEW    cov: 547 ft: 743 corp: 43/93b lim: 4 exec/s: 0 rss: 1215Mb L: 2/4 MS: 6 ChangeBit-Custom-ChangeByte-Custom-ChangeBit-Custom-
#176	NEW    cov: 549 ft: 746 corp: 44/96b lim: 4 exec/s: 0 rss: 1215Mb L: 3/4 MS: 10 EraseBytes-Custom-EraseBytes-Custom-ChangeBit-Custom-InsertByte-Custom-ShuffleBytes-Custom-
#177	NEW    cov: 549 ft: 751 corp: 45/100b lim: 4 exec/s: 0 rss: 1215Mb L: 4/4 MS: 2 CrossOver-Custom-
#181	NEW    cov: 549 ft: 795 corp: 46/104b lim: 4 exec/s: 0 rss: 1215Mb L: 4/4 MS: 8 CopyPart-Custom-ChangeBinInt-Custom-ShuffleBytes-Custom-CopyPart-Custom-
#182	REDUCE cov: 549 ft: 795 corp: 46/103b lim: 4 exec/s: 0 rss: 1215Mb L: 2/4 MS: 2 EraseBytes-Custom-
#193	NEW    cov: 549 ft: 797 corp: 47/105b lim: 4 exec/s: 0 rss: 1215Mb L: 2/4 MS: 2 ChangeBinInt-Custom-
#224	NEW    cov: 550 ft: 798 corp: 48/109b lim: 4 exec/s: 0 rss: 1215Mb L: 4/4 MS: 2 ChangeBinInt-Custom-
#226	NEW    cov: 550 ft: 808 corp: 49/111b lim: 4 exec/s: 0 rss: 1215Mb L: 2/4 MS: 4 EraseBytes-Custom-CrossOver-Custom-
#231	NEW    cov: 569 ft: 827 corp: 50/115b lim: 4 exec/s: 0 rss: 1215Mb L: 4/4 MS: 10 CrossOver-Custom-ChangeByte-Custom-ShuffleBytes-Custom-CopyPart-Custom-ChangeBinInt-Custom-
#232	NEW    cov: 569 ft: 830 corp: 51/116b lim: 4 exec/s: 0 rss: 1215Mb L: 1/4 MS: 2 ChangeBit-Custom-
#234	REDUCE cov: 570 ft: 831 corp: 52/119b lim: 4 exec/s: 0 rss: 1215Mb L: 3/4 MS: 4 CrossOver-Custom-ChangeBit-Custom-
#251	NEW    cov: 570 ft: 835 corp: 53/122b lim: 4 exec/s: 0 rss: 1216Mb L: 3/4 MS: 4 EraseBytes-Custom-InsertByte-Custom-
INFO: #282	REDUCE cov: 571 ft: 836 corp: 54/125b lim: 4 exec/s: 0 rss: 1217Mb L: 3/4 MS: 2 InsertByte-Custom-
Instrumented com.fasterxml.jackson.core.JsonGenerationException (took 2 ms, size +31%)
#307	NEW    cov: 572 ft: 837 corp: 55/128b lim: 4 exec/s: 0 rss: 1217Mb L: 3/4 MS: 10 EraseBytes-Custom-ChangeBit-Custom-ChangeByte-Custom-CopyPart-Custom-InsertByte-Custom-
#321	NEW    cov: 591 ft: 856 corp: 56/132b lim: 4 exec/s: 0 rss: 1217Mb L: 4/4 MS: 8 CopyPart-Custom-ChangeByte-Custom-ShuffleBytes-Custom-ChangeByte-Custom-
INFO: #364	NEW    cov: 591 ft: 857 corp: 57/135b lim: 4 exec/s: 0 rss: 1217Mb L: 3/4 MS: 6 PersAutoDict-Custom-ChangeBit-Custom-EraseBytes-Custom- DE: "\002\000"-
#370	NEW    cov: 593 ft: 859 corp: 58/137b lim: 4 exec/s: 0 rss: 1217Mb L: 2/4 MS: 2 ChangeBit-Custom-
#397	NEW    cov: 594 ft: 860 corp: 59/140b lim: 4 exec/s: 0 rss: 1217Mb L: 3/4 MS: 4 ChangeBit-Custom-ChangeByte-Custom-
Instrumented com.fasterxml.jackson.core.json.JsonWriteContext (took 7 ms, size +24%)
INFO: Instrumented com.fasterxml.jackson.core.json.ByteSourceJsonBootstrapper$1 (took 5 ms, size +36%)
#407	NEW    cov: 595 ft: 861 corp: 60/144b lim: 4 exec/s: 0 rss: 1217Mb L: 4/4 MS: 10 ChangeByte-Custom-ChangeByte-Custom-PersAutoDict-Custom-ChangeBit-Custom-ChangeByte-Custom- DE: "\377\037"-
#439	NEW    cov: 630 ft: 896 corp: 61/145b lim: 4 exec/s: 0 rss: 1218Mb L: 1/4 MS: 4 EraseBytes-Custom-ChangeBit-Custom-
#445	REDUCE cov: 630 ft: 896 corp: 61/144b lim: 4 exec/s: 0 rss: 1218Mb L: 1/4 MS: 2 EraseBytes-Custom-
#455	REDUCE cov: 630 ft: 898 corp: 62/148b lim: 4 exec/s: 0 rss: 1218Mb L: 4/4 MS: 10 InsertByte-Custom-CrossOver-Custom-ShuffleBytes-Custom-ChangeBinInt-Custom-CopyPart-Custom-
INFO: Instrumented com.fasterxml.jackson.core.json.PackageVersion (took 3 ms, size +35%)
WARN: Some hooks could not be applied to class files built for Java 7 or lower.
                       Ensure that the fuzz target and its dependencies are compiled with
                       -target 8 or higher to identify as many bugs as possible.
INFO: Instrumented com.fasterxml.jackson.core.util.VersionUtil (took 50 ms, size +19%)
#458	NEW    cov: 633 ft: 901 corp: 63/150b lim: 4 exec/s: 0 rss: 1227Mb L: 2/4 MS: 6 EraseBytes-Custom-ChangeBinInt-Custom-CopyPart-Custom-
#474	REDUCE cov: 633 ft: 901 corp: 63/149b lim: 4 exec/s: 0 rss: 1230Mb L: 3/4 MS: 2 EraseBytes-Custom-
#491	NEW    cov: 633 ft: 902 corp: 64/151b lim: 4 exec/s: 0 rss: 1230Mb L: 2/4 MS: 4 EraseBytes-Custom-CopyPart-Custom-
#516	NEW    cov: 633 ft: 904 corp: 65/155b lim: 4 exec/s: 0 rss: 1230Mb L: 4/4 MS: 10 CrossOver-Custom-InsertByte-Custom-ShuffleBytes-Custom-ChangeBinInt-Custom-CrossOver-Custom-
#527	NEW    cov: 634 ft: 905 corp: 66/159b lim: 4 exec/s: 0 rss: 1230Mb L: 4/4 MS: 2 ChangeByte-Custom-
#528	NEW    cov: 634 ft: 907 corp: 67/162b lim: 4 exec/s: 0 rss: 1230Mb L: 3/4 MS: 2 CopyPart-Custom-
#537	NEW    cov: 636 ft: 909 corp: 68/166b lim: 4 exec/s: 0 rss: 1230Mb L: 4/4 MS: 8 ChangeByte-Custom-CopyPart-Custom-ChangeBinInt-Custom-InsertByte-Custom-
#566	REDUCE cov: 636 ft: 911 corp: 69/168b lim: 4 exec/s: 0 rss: 1230Mb L: 2/4 MS: 8 InsertByte-Custom-InsertByte-Custom-EraseBytes-Custom-ChangeBit-Custom-
#591	NEW    cov: 639 ft: 914 corp: 70/170b lim: 4 exec/s: 0 rss: 1230Mb L: 2/4 MS: 10 InsertByte-Custom-EraseBytes-Custom-InsertByte-Custom-ChangeBit-Custom-ChangeBinInt-Custom-
#627	REDUCE cov: 639 ft: 914 corp: 70/169b lim: 4 exec/s: 0 rss: 1230Mb L: 1/4 MS: 2 EraseBytes-Custom-
#662	NEW    cov: 639 ft: 917 corp: 71/173b lim: 4 exec/s: 0 rss: 1230Mb L: 4/4 MS: 10 PersAutoDict-Custom-EraseBytes-Custom-ShuffleBytes-Custom-PersAutoDict-Custom-CopyPart-Custom- DE: "\002\000"-"\002\000"-
#739	NEW    cov: 640 ft: 918 corp: 72/177b lim: 4 exec/s: 0 rss: 1230Mb L: 4/4 MS: 4 ChangeBit-Custom-CopyPart-Custom-
#746	NEW    cov: 640 ft: 919 corp: 73/180b lim: 4 exec/s: 0 rss: 1230Mb L: 3/4 MS: 4 CrossOver-Custom-CopyPart-Custom-
#753	NEW    cov: 645 ft: 924 corp: 74/184b lim: 4 exec/s: 0 rss: 1230Mb L: 4/4 MS: 4 ShuffleBytes-Custom-CopyPart-Custom-
#776	REDUCE cov: 645 ft: 924 corp: 74/183b lim: 4 exec/s: 0 rss: 1230Mb L: 1/4 MS: 6 ChangeBinInt-Custom-EraseBytes-Custom-ChangeByte-Custom-
#780	NEW    cov: 645 ft: 926 corp: 75/187b lim: 4 exec/s: 0 rss: 1230Mb L: 4/4 MS: 8 PersAutoDict-Custom-ChangeBit-Custom-CrossOver-Custom-CrossOver-Custom- DE: "\000\010"-
#797	NEW    cov: 645 ft: 927 corp: 76/191b lim: 4 exec/s: 0 rss: 1230Mb L: 4/4 MS: 4 PersAutoDict-Custom-CopyPart-Custom- DE: "\377\037"-
#818	REDUCE cov: 645 ft: 927 corp: 76/190b lim: 4 exec/s: 0 rss: 1230Mb L: 3/4 MS: 2 EraseBytes-Custom-
#859	REDUCE cov: 645 ft: 927 corp: 76/188b lim: 4 exec/s: 0 rss: 1230Mb L: 1/4 MS: 2 CrossOver-Custom-
#906	REDUCE cov: 645 ft: 927 corp: 76/186b lim: 4 exec/s: 0 rss: 1230Mb L: 2/4 MS: 4 ChangeByte-Custom-EraseBytes-Custom-
#997	NEW    cov: 645 ft: 932 corp: 77/190b lim: 4 exec/s: 0 rss: 1230Mb L: 4/4 MS: 2 CopyPart-Custom-
#1001	REDUCE cov: 645 ft: 932 corp: 77/189b lim: 4 exec/s: 0 rss: 1230Mb L: 3/4 MS: 8 CrossOver-Custom-CopyPart-Custom-CopyPart-Custom-InsertByte-Custom-
#1042	REDUCE cov: 645 ft: 932 corp: 77/188b lim: 4 exec/s: 0 rss: 1230Mb L: 1/4 MS: 2 EraseBytes-Custom-
#1045	NEW    cov: 645 ft: 933 corp: 78/192b lim: 4 exec/s: 0 rss: 1230Mb L: 4/4 MS: 6 CopyPart-Custom-CopyPart-Custom-CopyPart-Custom-
#1083	NEW    cov: 645 ft: 935 corp: 79/196b lim: 4 exec/s: 0 rss: 1230Mb L: 4/4 MS: 6 PersAutoDict-Custom-ShuffleBytes-Custom-CopyPart-Custom- DE: "\377\037"-
#1116	NEW    cov: 645 ft: 941 corp: 80/200b lim: 4 exec/s: 0 rss: 1230Mb L: 4/4 MS: 6 CrossOver-Custom-CopyPart-Custom-ChangeBinInt-Custom-
#1121	NEW    cov: 645 ft: 962 corp: 81/203b lim: 4 exec/s: 0 rss: 1230Mb L: 3/4 MS: 10 CopyPart-Custom-ChangeByte-Custom-CopyPart-Custom-ChangeBinInt-Custom-InsertByte-Custom-
#1152	NEW    cov: 645 ft: 983 corp: 82/207b lim: 4 exec/s: 0 rss: 1230Mb L: 4/4 MS: 2 CopyPart-Custom-
#1173	NEW    cov: 645 ft: 984 corp: 83/209b lim: 4 exec/s: 0 rss: 1230Mb L: 2/4 MS: 2 CopyPart-Custom-
#1194	NEW    cov: 645 ft: 988 corp: 84/213b lim: 4 exec/s: 0 rss: 1231Mb L: 4/4 MS: 2 CopyPart-Custom-
#1265	REDUCE cov: 645 ft: 988 corp: 84/212b lim: 4 exec/s: 0 rss: 1231Mb L: 2/4 MS: 2 EraseBytes-Custom-
#1335	NEW    cov: 645 ft: 989 corp: 85/216b lim: 4 exec/s: 0 rss: 1231Mb L: 4/4 MS: 10 ChangeBit-Custom-PersAutoDict-Custom-CrossOver-Custom-CopyPart-Custom-ShuffleBytes-Custom- DE: "\000\010"-
#1340	NEW    cov: 645 ft: 991 corp: 86/220b lim: 4 exec/s: 0 rss: 1231Mb L: 4/4 MS: 10 ChangeBit-Custom-CrossOver-Custom-CopyPart-Custom-CopyPart-Custom-CopyPart-Custom-
#1341	NEW    cov: 645 ft: 994 corp: 87/224b lim: 4 exec/s: 0 rss: 1231Mb L: 4/4 MS: 2 ChangeBit-Custom-
#1347	REDUCE cov: 645 ft: 994 corp: 87/223b lim: 4 exec/s: 0 rss: 1231Mb L: 1/4 MS: 2 CrossOver-Custom-
#1362	NEW    cov: 645 ft: 1002 corp: 88/227b lim: 4 exec/s: 0 rss: 1231Mb L: 4/4 MS: 10 PersAutoDict-Custom-InsertByte-Custom-InsertByte-Custom-CrossOver-Custom-CrossOver-Custom- DE: "\377\037"-
#1398	NEW    cov: 645 ft: 1003 corp: 89/229b lim: 4 exec/s: 0 rss: 1231Mb L: 2/4 MS: 2 InsertByte-Custom-
#1520	NEW    cov: 645 ft: 1005 corp: 90/233b lim: 4 exec/s: 0 rss: 1231Mb L: 4/4 MS: 4 PersAutoDict-Custom-CopyPart-Custom- DE: "\377\037"-
#1569	NEW    cov: 645 ft: 1007 corp: 91/236b lim: 4 exec/s: 0 rss: 1231Mb L: 3/4 MS: 8 ChangeBinInt-Custom-CrossOver-Custom-ChangeBit-Custom-CopyPart-Custom-
#1577	NEW    cov: 645 ft: 1039 corp: 92/240b lim: 4 exec/s: 0 rss: 1231Mb L: 4/4 MS: 6 CopyPart-Custom-CrossOver-Custom-ShuffleBytes-Custom-
#1596	NEW    cov: 645 ft: 1043 corp: 93/244b lim: 4 exec/s: 0 rss: 1231Mb L: 4/4 MS: 8 ShuffleBytes-Custom-ChangeBit-Custom-InsertByte-Custom-ChangeASCIIInt-Custom-
#1607	NEW    cov: 645 ft: 1044 corp: 94/248b lim: 4 exec/s: 0 rss: 1231Mb L: 4/4 MS: 2 CopyPart-Custom-
#1701	REDUCE cov: 645 ft: 1044 corp: 94/247b lim: 4 exec/s: 0 rss: 1231Mb L: 2/4 MS: 8 CopyPart-Custom-CrossOver-Custom-EraseBytes-Custom-EraseBytes-Custom-
#1747	NEW    cov: 645 ft: 1046 corp: 95/251b lim: 4 exec/s: 0 rss: 1231Mb L: 4/4 MS: 2 CopyPart-Custom-
#1959	REDUCE cov: 651 ft: 1055 corp: 96/257b lim: 6 exec/s: 0 rss: 1231Mb L: 6/6 MS: 4 InsertRepeatedBytes-Custom-PersAutoDict-Custom- DE: "\000\010"-
#1982	NEW    cov: 652 ft: 1056 corp: 97/262b lim: 6 exec/s: 0 rss: 1231Mb L: 5/6 MS: 6 ChangeByte-Custom-InsertByte-Custom-InsertByte-Custom-
#1990	REDUCE cov: 652 ft: 1056 corp: 97/261b lim: 6 exec/s: 0 rss: 1231Mb L: 3/6 MS: 6 InsertByte-Custom-ChangeBit-Custom-EraseBytes-Custom-
#2023	NEW    cov: 652 ft: 1076 corp: 98/267b lim: 6 exec/s: 0 rss: 1231Mb L: 6/6 MS: 6 InsertByte-Custom-ChangeBit-Custom-CopyPart-Custom-
#2044	NEW    cov: 652 ft: 1091 corp: 99/273b lim: 6 exec/s: 0 rss: 1231Mb L: 6/6 MS: 2 CopyPart-Custom-
#2066	REDUCE cov: 652 ft: 1114 corp: 100/277b lim: 6 exec/s: 0 rss: 1231Mb L: 4/6 MS: 4 ChangeBit-Custom-InsertRepeatedBytes-Custom-
#2077	NEW    cov: 652 ft: 1121 corp: 101/282b lim: 6 exec/s: 0 rss: 1231Mb L: 5/6 MS: 2 InsertByte-Custom-
#2110	NEW    cov: 652 ft: 1123 corp: 102/288b lim: 6 exec/s: 0 rss: 1231Mb L: 6/6 MS: 6 ChangeByte-Custom-ChangeBit-Custom-CopyPart-Custom-
#2158	NEW    cov: 652 ft: 1124 corp: 103/293b lim: 6 exec/s: 0 rss: 1231Mb L: 5/6 MS: 6 PersAutoDict-Custom-CrossOver-Custom-CrossOver-Custom- DE: "\000\010"-
#2244	NEW    cov: 652 ft: 1144 corp: 104/299b lim: 6 exec/s: 0 rss: 1231Mb L: 6/6 MS: 2 CopyPart-Custom-
#2319	NEW    cov: 652 ft: 1145 corp: 105/305b lim: 6 exec/s: 0 rss: 1232Mb L: 6/6 MS: 10 CrossOver-Custom-InsertRepeatedBytes-Custom-ShuffleBytes-Custom-ChangeBit-Custom-PersAutoDict-Custom- DE: "\002\000"-
#2409	REDUCE cov: 669 ft: 1163 corp: 106/311b lim: 6 exec/s: 0 rss: 1232Mb L: 6/6 MS: 10 ChangeBit-Custom-InsertByte-Custom-ChangeByte-Custom-ChangeByte-Custom-InsertRepeatedBytes-Custom-
#2451	REDUCE cov: 669 ft: 1164 corp: 107/317b lim: 6 exec/s: 0 rss: 1232Mb L: 6/6 MS: 4 InsertRepeatedBytes-Custom-InsertByte-Custom-
#2466	NEW    cov: 669 ft: 1165 corp: 108/321b lim: 6 exec/s: 0 rss: 1232Mb L: 4/6 MS: 10 InsertByte-Custom-CopyPart-Custom-ChangeBinInt-Custom-ChangeByte-Custom-EraseBytes-Custom-
#2482	REDUCE cov: 669 ft: 1165 corp: 108/320b lim: 6 exec/s: 0 rss: 1232Mb L: 1/6 MS: 2 EraseBytes-Custom-
#2584	NEW    cov: 669 ft: 1166 corp: 109/326b lim: 6 exec/s: 0 rss: 1232Mb L: 6/6 MS: 4 ChangeByte-Custom-CrossOver-Custom-
#2601	NEW    cov: 669 ft: 1169 corp: 110/331b lim: 6 exec/s: 0 rss: 1232Mb L: 5/6 MS: 4 InsertByte-Custom-ChangeBinInt-Custom-
#2611	REDUCE cov: 669 ft: 1172 corp: 111/336b lim: 6 exec/s: 0 rss: 1232Mb L: 5/6 MS: 10 PersAutoDict-Custom-ShuffleBytes-Custom-CrossOver-Custom-ChangeBinInt-Custom-ChangeBinInt-Custom- DE: "\002\000"-
#2642	NEW    cov: 669 ft: 1173 corp: 112/340b lim: 6 exec/s: 0 rss: 1232Mb L: 4/6 MS: 2 InsertRepeatedBytes-Custom-
#2783	REDUCE cov: 669 ft: 1173 corp: 112/338b lim: 6 exec/s: 0 rss: 1232Mb L: 2/6 MS: 2 EraseBytes-Custom-
#2785	NEW    cov: 669 ft: 1178 corp: 113/343b lim: 6 exec/s: 0 rss: 1232Mb L: 5/6 MS: 4 CopyPart-Custom-CopyPart-Custom-
#2789	NEW    cov: 674 ft: 1183 corp: 114/348b lim: 6 exec/s: 0 rss: 1232Mb L: 5/6 MS: 8 ChangeByte-Custom-CopyPart-Custom-PersAutoDict-Custom-ChangeBinInt-Custom- DE: "\000\010"-
#2889	NEW    cov: 674 ft: 1191 corp: 115/354b lim: 6 exec/s: 0 rss: 1232Mb L: 6/6 MS: 10 ShuffleBytes-Custom-ShuffleBytes-Custom-ChangeBit-Custom-InsertRepeatedBytes-Custom-CopyPart-Custom-
#2899	REDUCE cov: 674 ft: 1193 corp: 116/360b lim: 6 exec/s: 0 rss: 1232Mb L: 6/6 MS: 10 ShuffleBytes-Custom-CrossOver-Custom-EraseBytes-Custom-EraseBytes-Custom-InsertRepeatedBytes-Custom-
#2947	NEW    cov: 680 ft: 1199 corp: 117/365b lim: 6 exec/s: 0 rss: 1232Mb L: 5/6 MS: 6 PersAutoDict-Custom-PersAutoDict-Custom-ChangeByte-Custom- DE: "\002\000"-"\002\000"-
#2948	NEW    cov: 680 ft: 1201 corp: 118/371b lim: 6 exec/s: 0 rss: 1232Mb L: 6/6 MS: 2 CopyPart-Custom-
#2957	REDUCE cov: 680 ft: 1201 corp: 118/370b lim: 6 exec/s: 0 rss: 1232Mb L: 3/6 MS: 8 CopyPart-Custom-ShuffleBytes-Custom-CopyPart-Custom-EraseBytes-Custom-
#2993	NEW    cov: 680 ft: 1202 corp: 119/375b lim: 6 exec/s: 0 rss: 1232Mb L: 5/6 MS: 2 InsertRepeatedBytes-Custom-
#3005	REDUCE cov: 680 ft: 1202 corp: 119/374b lim: 6 exec/s: 0 rss: 1232Mb L: 2/6 MS: 4 EraseBytes-Custom-ChangeBit-Custom-
#3141	NEW    cov: 681 ft: 1203 corp: 120/379b lim: 6 exec/s: 0 rss: 1232Mb L: 5/6 MS: 2 ChangeByte-Custom-
#3152	REDUCE cov: 681 ft: 1203 corp: 120/378b lim: 6 exec/s: 0 rss: 1232Mb L: 2/6 MS: 2 EraseBytes-Custom-
#3201	REDUCE cov: 681 ft: 1212 corp: 121/383b lim: 6 exec/s: 0 rss: 1233Mb L: 5/6 MS: 8 PersAutoDict-Custom-ChangeBit-Custom-EraseBytes-Custom-InsertRepeatedBytes-Custom- DE: "\377\037"-
#3457	REDUCE cov: 681 ft: 1212 corp: 121/380b lim: 8 exec/s: 0 rss: 1233Mb L: 1/6 MS: 2 CrossOver-Custom-
#3478	NEW    cov: 681 ft: 1213 corp: 122/386b lim: 8 exec/s: 0 rss: 1233Mb L: 6/6 MS: 2 InsertRepeatedBytes-Custom-
#3485	NEW    cov: 681 ft: 1214 corp: 123/391b lim: 8 exec/s: 0 rss: 1233Mb L: 5/6 MS: 4 CrossOver-Custom-CrossOver-Custom-
#3577	NEW    cov: 681 ft: 1215 corp: 124/397b lim: 8 exec/s: 0 rss: 1233Mb L: 6/6 MS: 4 ChangeByte-Custom-CrossOver-Custom-
#3623	REDUCE cov: 681 ft: 1215 corp: 124/396b lim: 8 exec/s: 3623 rss: 1233Mb L: 5/6 MS: 2 EraseBytes-Custom-
#3640	NEW    cov: 681 ft: 1221 corp: 125/402b lim: 8 exec/s: 3640 rss: 1233Mb L: 6/6 MS: 4 ChangeBit-Custom-CopyPart-Custom-
#3702	NEW    cov: 681 ft: 1224 corp: 126/410b lim: 8 exec/s: 3702 rss: 1233Mb L: 8/8 MS: 4 ShuffleBytes-Custom-PersAutoDict-Custom- DE: "\377\037"-
#3737	NEW    cov: 681 ft: 1231 corp: 127/417b lim: 8 exec/s: 3737 rss: 1233Mb L: 7/8 MS: 10 ShuffleBytes-Custom-CrossOver-Custom-ChangeByte-Custom-CrossOver-Custom-InsertRepeatedBytes-Custom-
#3749	NEW    cov: 681 ft: 1235 corp: 128/424b lim: 8 exec/s: 3749 rss: 1233Mb L: 7/8 MS: 4 CopyPart-Custom-InsertRepeatedBytes-Custom-
#3771	REDUCE cov: 681 ft: 1236 corp: 129/432b lim: 8 exec/s: 3771 rss: 1233Mb L: 8/8 MS: 4 CrossOver-Custom-InsertRepeatedBytes-Custom-
#3773	NEW    cov: 681 ft: 1237 corp: 130/440b lim: 8 exec/s: 3773 rss: 1233Mb L: 8/8 MS: 4 PersAutoDict-Custom-CopyPart-Custom- DE: "\000\010"-
#3780	REDUCE cov: 681 ft: 1237 corp: 130/439b lim: 8 exec/s: 3780 rss: 1233Mb L: 5/8 MS: 4 PersAutoDict-Custom-EraseBytes-Custom- DE: "\377\037"-
#3858	REDUCE cov: 681 ft: 1237 corp: 130/436b lim: 8 exec/s: 3858 rss: 1233Mb L: 5/8 MS: 6 ChangeBinInt-Custom-ShuffleBytes-Custom-EraseBytes-Custom-
#3884	NEW    cov: 681 ft: 1275 corp: 131/443b lim: 8 exec/s: 3884 rss: 1233Mb L: 7/8 MS: 2 InsertRepeatedBytes-Custom-
#3999	NEW    cov: 681 ft: 1277 corp: 132/450b lim: 8 exec/s: 3999 rss: 1233Mb L: 7/8 MS: 10 ShuffleBytes-Custom-ShuffleBytes-Custom-ChangeBit-Custom-CopyPart-Custom-PersAutoDict-Custom- DE: "\377\037"-
#4031	NEW    cov: 681 ft: 1278 corp: 133/455b lim: 8 exec/s: 4031 rss: 1233Mb L: 5/8 MS: 4 ShuffleBytes-Custom-CopyPart-Custom-
#4046	REDUCE cov: 681 ft: 1282 corp: 134/461b lim: 8 exec/s: 4046 rss: 1233Mb L: 6/8 MS: 10 ShuffleBytes-Custom-ChangeBit-Custom-ChangeByte-Custom-ShuffleBytes-Custom-InsertRepeatedBytes-Custom-
#4094	REDUCE cov: 681 ft: 1282 corp: 134/460b lim: 8 exec/s: 4094 rss: 1233Mb L: 4/8 MS: 6 InsertByte-Custom-EraseBytes-Custom-ShuffleBytes-Custom-
#4112	NEW    cov: 681 ft: 1283 corp: 135/467b lim: 8 exec/s: 4112 rss: 1233Mb L: 7/8 MS: 6 CMP-Custom-CopyPart-Custom-InsertRepeatedBytes-Custom- DE: "\001\000\000\373"-
#4117	NEW    cov: 681 ft: 1285 corp: 136/475b lim: 8 exec/s: 4117 rss: 1233Mb L: 8/8 MS: 10 ChangeBit-Custom-ChangeBinInt-Custom-InsertRepeatedBytes-Custom-EraseBytes-Custom-InsertRepeatedBytes-Custom-
#4129	NEW    cov: 681 ft: 1288 corp: 137/482b lim: 8 exec/s: 4129 rss: 1233Mb L: 7/8 MS: 4 PersAutoDict-Custom-InsertRepeatedBytes-Custom- DE: "\377\037"-
#4229	NEW    cov: 681 ft: 1290 corp: 138/487b lim: 8 exec/s: 4229 rss: 1233Mb L: 5/8 MS: 10 ChangeBit-Custom-EraseBytes-Custom-CrossOver-Custom-InsertRepeatedBytes-Custom-EraseBytes-Custom-
#4258	REDUCE cov: 681 ft: 1292 corp: 139/494b lim: 8 exec/s: 4258 rss: 1233Mb L: 7/8 MS: 8 CopyPart-Custom-ChangeByte-Custom-ShuffleBytes-Custom-InsertRepeatedBytes-Custom-
#4275	REDUCE cov: 681 ft: 1301 corp: 140/500b lim: 8 exec/s: 4275 rss: 1233Mb L: 6/8 MS: 4 CopyPart-Custom-InsertRepeatedBytes-Custom-
#4377	NEW    cov: 683 ft: 1303 corp: 141/504b lim: 8 exec/s: 4377 rss: 1233Mb L: 4/8 MS: 4 ShuffleBytes-Custom-CopyPart-Custom-
#4438	NEW    cov: 683 ft: 1305 corp: 142/512b lim: 8 exec/s: 4438 rss: 1233Mb L: 8/8 MS: 2 CopyPart-Custom-
#4491	NEW    cov: 683 ft: 1306 corp: 143/520b lim: 8 exec/s: 4491 rss: 1233Mb L: 8/8 MS: 6 CopyPart-Custom-ChangeByte-Custom-CopyPart-Custom-
#4544	REDUCE cov: 683 ft: 1306 corp: 143/519b lim: 8 exec/s: 4544 rss: 1233Mb L: 1/8 MS: 6 CrossOver-Custom-ShuffleBytes-Custom-EraseBytes-Custom-
#4549	NEW    cov: 683 ft: 1308 corp: 144/527b lim: 8 exec/s: 4549 rss: 1233Mb L: 8/8 MS: 10 ShuffleBytes-Custom-InsertByte-Custom-ShuffleBytes-Custom-PersAutoDict-Custom-CopyPart-Custom- DE: "\001\000\000\373"-
#4648	REDUCE cov: 683 ft: 1309 corp: 145/535b lim: 8 exec/s: 4648 rss: 1233Mb L: 8/8 MS: 8 CopyPart-Custom-ShuffleBytes-Custom-ChangeASCIIInt-Custom-InsertRepeatedBytes-Custom-
#4658	REDUCE cov: 683 ft: 1320 corp: 146/541b lim: 8 exec/s: 4658 rss: 1233Mb L: 6/8 MS: 10 InsertByte-Custom-ShuffleBytes-Custom-InsertByte-Custom-CrossOver-Custom-InsertByte-Custom-
#4664	NEW    cov: 683 ft: 1321 corp: 147/548b lim: 8 exec/s: 4664 rss: 1233Mb L: 7/8 MS: 2 ChangeByte-Custom-
#4674	NEW    cov: 686 ft: 1324 corp: 148/556b lim: 8 exec/s: 4674 rss: 1233Mb L: 8/8 MS: 10 InsertRepeatedBytes-Custom-CopyPart-Custom-CrossOver-Custom-ChangeBit-Custom-ChangeBinInt-Custom-
#4770	NEW    cov: 686 ft: 1326 corp: 149/561b lim: 8 exec/s: 4770 rss: 1233Mb L: 5/8 MS: 2 CrossOver-Custom-
#4943	REDUCE cov: 686 ft: 1326 corp: 149/560b lim: 8 exec/s: 4943 rss: 1233Mb L: 5/8 MS: 6 PersAutoDict-Custom-CopyPart-Custom-EraseBytes-Custom- DE: "\000\010"-
#4969	NEW    cov: 686 ft: 1327 corp: 150/568b lim: 8 exec/s: 4969 rss: 1233Mb L: 8/8 MS: 2 CrossOver-Custom-
#5041	NEW    cov: 686 ft: 1333 corp: 151/576b lim: 8 exec/s: 5041 rss: 1233Mb L: 8/8 MS: 4 CopyPart-Custom-CopyPart-Custom-
#5120	NEW    cov: 686 ft: 1336 corp: 152/584b lim: 8 exec/s: 5120 rss: 1233Mb L: 8/8 MS: 8 CopyPart-Custom-EraseBytes-Custom-InsertByte-Custom-ChangeByte-Custom-
#5196	REDUCE cov: 686 ft: 1336 corp: 152/583b lim: 8 exec/s: 5196 rss: 1233Mb L: 7/8 MS: 2 EraseBytes-Custom-
#5477	REDUCE cov: 686 ft: 1346 corp: 153/587b lim: 8 exec/s: 5477 rss: 1233Mb L: 4/8 MS: 2 CopyPart-Custom-
#5497	NEW    cov: 686 ft: 1348 corp: 154/593b lim: 8 exec/s: 5497 rss: 1233Mb L: 6/8 MS: 10 ShuffleBytes-Custom-InsertRepeatedBytes-Custom-EraseBytes-Custom-ChangeBinInt-Custom-ChangeBit-Custom-
#5564	REDUCE cov: 686 ft: 1348 corp: 154/592b lim: 8 exec/s: 5564 rss: 1233Mb L: 1/8 MS: 4 ChangeByte-Custom-EraseBytes-Custom-
#5595	REDUCE cov: 686 ft: 1348 corp: 154/590b lim: 8 exec/s: 5595 rss: 1233Mb L: 6/8 MS: 2 EraseBytes-Custom-
#5681	REDUCE cov: 686 ft: 1348 corp: 154/589b lim: 8 exec/s: 5681 rss: 1233Mb L: 6/8 MS: 2 EraseBytes-Custom-
#5752	REDUCE cov: 686 ft: 1350 corp: 155/597b lim: 8 exec/s: 5752 rss: 1233Mb L: 8/8 MS: 2 InsertRepeatedBytes-Custom-
#5784	REDUCE cov: 686 ft: 1350 corp: 155/595b lim: 8 exec/s: 5784 rss: 1233Mb L: 4/8 MS: 4 CrossOver-Custom-EraseBytes-Custom-
#6060	NEW    cov: 686 ft: 1353 corp: 156/603b lim: 8 exec/s: 6060 rss: 1233Mb L: 8/8 MS: 2 InsertRepeatedBytes-Custom-
#6080	NEW    cov: 686 ft: 1355 corp: 157/611b lim: 8 exec/s: 6080 rss: 1233Mb L: 8/8 MS: 10 PersAutoDict-Custom-ChangeBit-Custom-CopyPart-Custom-CrossOver-Custom-CopyPart-Custom- DE: "\001\000\000\373"-
#6148	NEW    cov: 686 ft: 1359 corp: 158/619b lim: 8 exec/s: 6148 rss: 1233Mb L: 8/8 MS: 6 ShuffleBytes-Custom-CrossOver-Custom-InsertRepeatedBytes-Custom-
#6164	NEW    cov: 686 ft: 1362 corp: 159/627b lim: 8 exec/s: 6164 rss: 1233Mb L: 8/8 MS: 2 CopyPart-Custom-
#6756	REDUCE cov: 686 ft: 1362 corp: 159/626b lim: 11 exec/s: 6756 rss: 1234Mb L: 6/8 MS: 4 CopyPart-Custom-EraseBytes-Custom-
#6787	REDUCE cov: 686 ft: 1364 corp: 160/636b lim: 11 exec/s: 6787 rss: 1234Mb L: 10/10 MS: 2 InsertRepeatedBytes-Custom-
#6845	REDUCE cov: 686 ft: 1364 corp: 160/635b lim: 11 exec/s: 6845 rss: 1234Mb L: 5/10 MS: 6 CMP-Custom-EraseBytes-Custom-EraseBytes-Custom- DE: "\001\000\000\000"-
#7031	REDUCE cov: 686 ft: 1364 corp: 160/634b lim: 11 exec/s: 7031 rss: 1234Mb L: 2/10 MS: 2 EraseBytes-Custom-
#7067	NEW    cov: 686 ft: 1366 corp: 161/642b lim: 11 exec/s: 7067 rss: 1234Mb L: 8/10 MS: 2 InsertRepeatedBytes-Custom-
#7268	REDUCE cov: 686 ft: 1366 corp: 161/641b lim: 11 exec/s: 7268 rss: 1234Mb L: 3/10 MS: 2 EraseBytes-Custom-
#7334	REDUCE cov: 686 ft: 1366 corp: 161/640b lim: 11 exec/s: 7334 rss: 1234Mb L: 3/10 MS: 2 EraseBytes-Custom-
#7480	REDUCE cov: 686 ft: 1385 corp: 162/645b lim: 11 exec/s: 7480 rss: 1234Mb L: 5/10 MS: 2 CopyPart-Custom-
#7709	REDUCE cov: 686 ft: 1387 corp: 163/655b lim: 11 exec/s: 7709 rss: 1234Mb L: 10/10 MS: 8 CopyPart-Custom-EraseBytes-Custom-EraseBytes-Custom-InsertRepeatedBytes-Custom-
#7761	NEW    cov: 686 ft: 1393 corp: 164/665b lim: 11 exec/s: 7761 rss: 1234Mb L: 10/10 MS: 4 CrossOver-Custom-InsertRepeatedBytes-Custom-
#7766	NEW    cov: 686 ft: 1395 corp: 165/675b lim: 11 exec/s: 7766 rss: 1234Mb L: 10/10 MS: 10 CopyPart-Custom-InsertRepeatedBytes-Custom-CrossOver-Custom-EraseBytes-Custom-CrossOver-Custom-
#7793	NEW    cov: 686 ft: 1397 corp: 166/682b lim: 11 exec/s: 7793 rss: 1234Mb L: 7/10 MS: 4 CrossOver-Custom-CrossOver-Custom-
#7830	REDUCE cov: 686 ft: 1397 corp: 166/681b lim: 11 exec/s: 7830 rss: 1234Mb L: 7/10 MS: 4 ShuffleBytes-Custom-EraseBytes-Custom-
#8046	NEW    cov: 686 ft: 1399 corp: 167/691b lim: 11 exec/s: 8046 rss: 1234Mb L: 10/10 MS: 2 CopyPart-Custom-
#8107	REDUCE cov: 686 ft: 1399 corp: 167/690b lim: 11 exec/s: 8107 rss: 1234Mb L: 1/10 MS: 2 EraseBytes-Custom-
#8144	REDUCE cov: 686 ft: 1399 corp: 167/687b lim: 11 exec/s: 8144 rss: 1234Mb L: 7/10 MS: 4 CopyPart-Custom-EraseBytes-Custom-
#8165	REDUCE cov: 686 ft: 1399 corp: 167/686b lim: 11 exec/s: 8165 rss: 1234Mb L: 4/10 MS: 2 EraseBytes-Custom-
#8187	REDUCE cov: 686 ft: 1399 corp: 167/684b lim: 11 exec/s: 8187 rss: 1234Mb L: 2/10 MS: 4 ShuffleBytes-Custom-EraseBytes-Custom-
#8363	REDUCE cov: 686 ft: 1405 corp: 168/694b lim: 11 exec/s: 8363 rss: 1234Mb L: 10/10 MS: 2 CrossOver-Custom-
#8420	REDUCE cov: 686 ft: 1405 corp: 168/693b lim: 11 exec/s: 8420 rss: 1234Mb L: 3/10 MS: 4 ChangeByte-Custom-EraseBytes-Custom-
#8421	NEW    cov: 686 ft: 1411 corp: 169/701b lim: 11 exec/s: 8421 rss: 1234Mb L: 8/10 MS: 2 CopyPart-Custom-
#8562	REDUCE cov: 686 ft: 1411 corp: 169/700b lim: 11 exec/s: 8562 rss: 1234Mb L: 1/10 MS: 2 EraseBytes-Custom-
#8655	REDUCE cov: 686 ft: 1411 corp: 169/698b lim: 11 exec/s: 8655 rss: 1234Mb L: 6/10 MS: 6 EraseBytes-Custom-ChangeBinInt-Custom-ChangeBit-Custom-
#8777	REDUCE cov: 686 ft: 1411 corp: 169/697b lim: 11 exec/s: 8777 rss: 1234Mb L: 4/10 MS: 4 EraseBytes-Custom-ShuffleBytes-Custom-
#8959	NEW    cov: 686 ft: 1486 corp: 170/707b lim: 11 exec/s: 8959 rss: 1234Mb L: 10/10 MS: 4 ChangeBit-Custom-CopyPart-Custom-
#9028	NEW    cov: 686 ft: 1488 corp: 171/718b lim: 11 exec/s: 9028 rss: 1234Mb L: 11/11 MS: 8 ChangeByte-Custom-ChangeBit-Custom-InsertRepeatedBytes-Custom-CopyPart-Custom-
#9155	NEW    cov: 686 ft: 1489 corp: 172/727b lim: 11 exec/s: 9155 rss: 1234Mb L: 9/11 MS: 4 ChangeBinInt-Custom-CrossOver-Custom-
#9174	REDUCE cov: 686 ft: 1491 corp: 173/736b lim: 11 exec/s: 9174 rss: 1234Mb L: 9/11 MS: 8 EraseBytes-Custom-ChangeByte-Custom-CopyPart-Custom-InsertRepeatedBytes-Custom-
#9317	REDUCE cov: 686 ft: 1491 corp: 173/735b lim: 11 exec/s: 9317 rss: 1234Mb L: 2/11 MS: 6 CopyPart-Custom-ChangeByte-Custom-EraseBytes-Custom-
#9343	REDUCE cov: 686 ft: 1491 corp: 173/734b lim: 11 exec/s: 9343 rss: 1234Mb L: 3/11 MS: 2 EraseBytes-Custom-
#9409	REDUCE cov: 686 ft: 1491 corp: 173/733b lim: 11 exec/s: 9409 rss: 1234Mb L: 1/11 MS: 2 EraseBytes-Custom-
#10081	REDUCE cov: 686 ft: 1491 corp: 173/732b lim: 17 exec/s: 10081 rss: 1234Mb L: 6/11 MS: 4 CrossOver-Custom-EraseBytes-Custom-
#10423	NEW    cov: 686 ft: 1492 corp: 174/742b lim: 17 exec/s: 10423 rss: 1234Mb L: 10/11 MS: 4 PersAutoDict-Custom-PersAutoDict-Custom- DE: "\377\037"-"\002\000"-
#10446	REDUCE cov: 686 ft: 1492 corp: 174/741b lim: 17 exec/s: 10446 rss: 1234Mb L: 2/11 MS: 6 ChangeBit-Custom-ChangeBit-Custom-EraseBytes-Custom-
#10577	REDUCE cov: 686 ft: 1492 corp: 174/739b lim: 17 exec/s: 10577 rss: 1234Mb L: 4/11 MS: 2 EraseBytes-Custom-
#10579	NEW    cov: 686 ft: 1498 corp: 175/756b lim: 17 exec/s: 10579 rss: 1234Mb L: 17/17 MS: 4 ChangeASCIIInt-Custom-InsertRepeatedBytes-Custom-
#10646	REDUCE cov: 686 ft: 1500 corp: 176/765b lim: 17 exec/s: 10646 rss: 1234Mb L: 9/17 MS: 4 ChangeByte-Custom-InsertRepeatedBytes-Custom-
#10843	REDUCE cov: 686 ft: 1500 corp: 176/764b lim: 17 exec/s: 10843 rss: 1234Mb L: 8/17 MS: 4 ChangeBit-Custom-EraseBytes-Custom-
#10853	REDUCE cov: 686 ft: 1501 corp: 177/779b lim: 17 exec/s: 10853 rss: 1234Mb L: 15/17 MS: 10 EraseBytes-Custom-CopyPart-Custom-InsertByte-Custom-CrossOver-Custom-InsertRepeatedBytes-Custom-
#10894	REDUCE cov: 686 ft: 1501 corp: 177/778b lim: 17 exec/s: 10894 rss: 1234Mb L: 3/17 MS: 2 EraseBytes-Custom-
#11072	NEW    cov: 686 ft: 1505 corp: 178/790b lim: 17 exec/s: 11072 rss: 1234Mb L: 12/17 MS: 6 CopyPart-Custom-ChangeByte-Custom-CopyPart-Custom-
#11508	NEW    cov: 686 ft: 1539 corp: 179/807b lim: 21 exec/s: 11508 rss: 1234Mb L: 17/17 MS: 2 InsertRepeatedBytes-Custom-
#11564	REDUCE cov: 686 ft: 1539 corp: 179/806b lim: 21 exec/s: 11564 rss: 1234Mb L: 16/17 MS: 2 EraseBytes-Custom-
#11655	NEW    cov: 686 ft: 1545 corp: 180/826b lim: 21 exec/s: 11655 rss: 1234Mb L: 20/20 MS: 2 InsertRepeatedBytes-Custom-
#11658	NEW    cov: 686 ft: 1548 corp: 181/838b lim: 21 exec/s: 11658 rss: 1234Mb L: 12/20 MS: 6 InsertByte-Custom-ShuffleBytes-Custom-CopyPart-Custom-
#11870	NEW    cov: 687 ft: 1549 corp: 182/847b lim: 21 exec/s: 11870 rss: 1234Mb L: 9/20 MS: 4 InsertByte-Custom-CopyPart-Custom-
#12096	REDUCE cov: 687 ft: 1549 corp: 182/846b lim: 21 exec/s: 12096 rss: 1234Mb L: 3/20 MS: 2 EraseBytes-Custom-
#12238	NEW    cov: 687 ft: 1550 corp: 183/861b lim: 21 exec/s: 12238 rss: 1234Mb L: 15/20 MS: 4 InsertByte-Custom-CopyPart-Custom-
#12249	NEW    cov: 687 ft: 1551 corp: 184/875b lim: 21 exec/s: 12249 rss: 1234Mb L: 14/20 MS: 2 CopyPart-Custom-
#12508	REDUCE cov: 687 ft: 1570 corp: 185/895b lim: 21 exec/s: 12508 rss: 1234Mb L: 20/20 MS: 8 ChangeBit-Custom-CrossOver-Custom-CrossOver-Custom-InsertRepeatedBytes-Custom-
#12657	REDUCE cov: 687 ft: 1571 corp: 186/907b lim: 21 exec/s: 12657 rss: 1234Mb L: 12/20 MS: 8 EraseBytes-Custom-ChangeBit-Custom-InsertRepeatedBytes-Custom-CrossOver-Custom-
#12669	REDUCE cov: 687 ft: 1571 corp: 186/905b lim: 21 exec/s: 12669 rss: 1234Mb L: 2/20 MS: 4 ChangeBinInt-Custom-EraseBytes-Custom-
#12751	REDUCE cov: 687 ft: 1571 corp: 186/904b lim: 21 exec/s: 12751 rss: 1234Mb L: 3/20 MS: 4 EraseBytes-Custom-InsertByte-Custom-
#12795	REDUCE cov: 687 ft: 1571 corp: 186/903b lim: 21 exec/s: 12795 rss: 1234Mb L: 3/20 MS: 8 ChangeBit-Custom-CopyPart-Custom-ChangeByte-Custom-CrossOver-Custom-
#12862	NEW    cov: 687 ft: 1587 corp: 187/916b lim: 21 exec/s: 12862 rss: 1234Mb L: 13/20 MS: 4 CrossOver-Custom-InsertRepeatedBytes-Custom-
#12865	NEW    cov: 687 ft: 1590 corp: 188/933b lim: 21 exec/s: 12865 rss: 1234Mb L: 17/20 MS: 6 EraseBytes-Custom-CrossOver-Custom-InsertRepeatedBytes-Custom-
#13292	REDUCE cov: 687 ft: 1590 corp: 188/931b lim: 25 exec/s: 13292 rss: 1235Mb L: 3/20 MS: 4 ShuffleBytes-Custom-EraseBytes-Custom-
#13493	REDUCE cov: 687 ft: 1590 corp: 188/930b lim: 25 exec/s: 13493 rss: 1235Mb L: 3/20 MS: 2 EraseBytes-Custom-
#13542	REDUCE cov: 688 ft: 1591 corp: 189/935b lim: 25 exec/s: 13542 rss: 1235Mb L: 5/20 MS: 8 ChangeByte-Custom-ChangeByte-Custom-ShuffleBytes-Custom-CMP-Custom- DE: "\376\377\000\000"-
#13568	NEW    cov: 688 ft: 1594 corp: 190/954b lim: 25 exec/s: 13568 rss: 1235Mb L: 19/20 MS: 2 PersAutoDict-Custom- DE: "\377\037"-
#13600	NEW    cov: 688 ft: 1595 corp: 191/973b lim: 25 exec/s: 13600 rss: 1235Mb L: 19/20 MS: 4 ChangeByte-Custom-InsertRepeatedBytes-Custom-
#13767	NEW    cov: 688 ft: 1596 corp: 192/987b lim: 25 exec/s: 13767 rss: 1235Mb L: 14/20 MS: 4 CopyPart-Custom-CrossOver-Custom-
#13769	REDUCE cov: 688 ft: 1596 corp: 192/984b lim: 25 exec/s: 13769 rss: 1235Mb L: 12/20 MS: 4 PersAutoDict-Custom-EraseBytes-Custom- DE: "\002\000"-
#13771	REDUCE cov: 688 ft: 1596 corp: 192/983b lim: 25 exec/s: 13771 rss: 1235Mb L: 2/20 MS: 4 CrossOver-Custom-EraseBytes-Custom-
#13858	NEW    cov: 688 ft: 1598 corp: 193/1002b lim: 25 exec/s: 13858 rss: 1235Mb L: 19/20 MS: 4 EraseBytes-Custom-InsertRepeatedBytes-Custom-
#13959	REDUCE cov: 688 ft: 1598 corp: 193/1001b lim: 25 exec/s: 13959 rss: 1235Mb L: 19/20 MS: 2 EraseBytes-Custom-
#14293	NEW    cov: 688 ft: 1599 corp: 194/1022b lim: 25 exec/s: 14293 rss: 1235Mb L: 21/21 MS: 8 InsertByte-Custom-CopyPart-Custom-ChangeASCIIInt-Custom-InsertRepeatedBytes-Custom-
#14514	REDUCE cov: 688 ft: 1599 corp: 194/1021b lim: 25 exec/s: 14514 rss: 1235Mb L: 7/21 MS: 2 EraseBytes-Custom-
#14534	REDUCE cov: 688 ft: 1599 corp: 194/1019b lim: 25 exec/s: 14534 rss: 1235Mb L: 18/21 MS: 10 EraseBytes-Custom-ChangeBit-Custom-CopyPart-Custom-ChangeByte-Custom-CopyPart-Custom-
#14760	REDUCE cov: 688 ft: 1599 corp: 194/1018b lim: 25 exec/s: 14760 rss: 1235Mb L: 6/21 MS: 2 EraseBytes-Custom-
#14776	NEW    cov: 688 ft: 1600 corp: 195/1041b lim: 25 exec/s: 14776 rss: 1235Mb L: 23/23 MS: 2 CopyPart-Custom-
#14879	NEW    cov: 688 ft: 1601 corp: 196/1050b lim: 25 exec/s: 14879 rss: 1235Mb L: 9/23 MS: 6 InsertByte-Custom-CMP-Custom-CrossOver-Custom- DE: "\377\377"-
#15236	REDUCE cov: 688 ft: 1601 corp: 196/1049b lim: 25 exec/s: 15236 rss: 1235Mb L: 1/23 MS: 4 EraseBytes-Custom-ChangeBit-Custom-
#15240	NEW    cov: 688 ft: 1602 corp: 197/1062b lim: 25 exec/s: 15240 rss: 1235Mb L: 13/23 MS: 8 PersAutoDict-Custom-ShuffleBytes-Custom-InsertByte-Custom-InsertRepeatedBytes-Custom- DE: "\002\000"-
#15322	REDUCE cov: 688 ft: 1604 corp: 198/1080b lim: 25 exec/s: 15322 rss: 1235Mb L: 18/23 MS: 4 ShuffleBytes-Custom-InsertRepeatedBytes-Custom-
#15356	NEW    cov: 688 ft: 1605 corp: 199/1093b lim: 25 exec/s: 15356 rss: 1235Mb L: 13/23 MS: 8 CopyPart-Custom-ChangeBinInt-Custom-InsertByte-Custom-ChangeBinInt-Custom-
#15387	NEW    cov: 688 ft: 1611 corp: 200/1113b lim: 25 exec/s: 15387 rss: 1235Mb L: 20/23 MS: 2 InsertRepeatedBytes-Custom-
#15404	NEW    cov: 690 ft: 1613 corp: 201/1132b lim: 25 exec/s: 15404 rss: 1235Mb L: 19/23 MS: 4 InsertByte-Custom-InsertRepeatedBytes-Custom-
#15611	NEW    cov: 690 ft: 1615 corp: 202/1151b lim: 25 exec/s: 15611 rss: 1235Mb L: 19/23 MS: 4 CrossOver-Custom-CopyPart-Custom-
#15743	REDUCE cov: 690 ft: 1615 corp: 202/1150b lim: 25 exec/s: 15743 rss: 1235Mb L: 6/23 MS: 4 CopyPart-Custom-EraseBytes-Custom-
#15806	NEW    cov: 690 ft: 1616 corp: 203/1165b lim: 25 exec/s: 15806 rss: 1235Mb L: 15/23 MS: 6 ChangeBinInt-Custom-CrossOver-Custom-ChangeBit-Custom-
#15918	REDUCE cov: 690 ft: 1616 corp: 203/1164b lim: 25 exec/s: 15918 rss: 1235Mb L: 8/23 MS: 4 EraseBytes-Custom-CopyPart-Custom-
#15994	REDUCE cov: 690 ft: 1616 corp: 203/1162b lim: 25 exec/s: 15994 rss: 1235Mb L: 8/23 MS: 2 EraseBytes-Custom-
#16057	REDUCE cov: 690 ft: 1617 corp: 204/1175b lim: 25 exec/s: 16057 rss: 1235Mb L: 13/23 MS: 6 ChangeBit-Custom-CopyPart-Custom-CrossOver-Custom-
#16058	REDUCE cov: 690 ft: 1619 corp: 205/1196b lim: 25 exec/s: 16058 rss: 1235Mb L: 21/23 MS: 2 InsertRepeatedBytes-Custom-
#16365	NEW    cov: 690 ft: 1620 corp: 206/1214b lim: 25 exec/s: 16365 rss: 1235Mb L: 18/23 MS: 4 InsertRepeatedBytes-Custom-InsertByte-Custom-
#16426	REDUCE cov: 690 ft: 1620 corp: 206/1212b lim: 25 exec/s: 16426 rss: 1235Mb L: 17/23 MS: 2 EraseBytes-Custom-
#16466	NEW    cov: 690 ft: 1623 corp: 207/1234b lim: 25 exec/s: 16466 rss: 1235Mb L: 22/23 MS: 10 ChangeBinInt-Custom-CopyPart-Custom-CrossOver-Custom-CrossOver-Custom-InsertRepeatedBytes-Custom-
#16704	NEW    cov: 691 ft: 1624 corp: 208/1259b lim: 25 exec/s: 16704 rss: 1235Mb L: 25/25 MS: 6 InsertRepeatedBytes-Custom-EraseBytes-Custom-CopyPart-Custom-
#16713	REDUCE cov: 691 ft: 1627 corp: 209/1283b lim: 25 exec/s: 16713 rss: 1235Mb L: 24/25 MS: 8 EraseBytes-Custom-CrossOver-Custom-ChangeBinInt-Custom-InsertRepeatedBytes-Custom-
#16884	NEW    cov: 691 ft: 1629 corp: 210/1298b lim: 25 exec/s: 16884 rss: 1235Mb L: 15/25 MS: 2 CopyPart-Custom-
#16930	REDUCE cov: 691 ft: 1629 corp: 210/1297b lim: 25 exec/s: 16930 rss: 1235Mb L: 1/25 MS: 2 EraseBytes-Custom-
#17201	REDUCE cov: 691 ft: 1629 corp: 210/1296b lim: 25 exec/s: 17201 rss: 1235Mb L: 1/25 MS: 2 EraseBytes-Custom-
#17277	REDUCE cov: 691 ft: 1629 corp: 210/1295b lim: 25 exec/s: 17277 rss: 1235Mb L: 5/25 MS: 2 EraseBytes-Custom-
#17283	REDUCE cov: 691 ft: 1629 corp: 210/1291b lim: 25 exec/s: 17283 rss: 1235Mb L: 11/25 MS: 2 EraseBytes-Custom-
#17470	REDUCE cov: 691 ft: 1629 corp: 210/1290b lim: 25 exec/s: 17470 rss: 1235Mb L: 1/25 MS: 4 ShuffleBytes-Custom-EraseBytes-Custom-
#17491	NEW    cov: 692 ft: 1630 corp: 211/1295b lim: 25 exec/s: 17491 rss: 1235Mb L: 5/25 MS: 2 InsertByte-Custom-
#18127	REDUCE cov: 692 ft: 1630 corp: 211/1294b lim: 29 exec/s: 18127 rss: 1235Mb L: 4/25 MS: 2 EraseBytes-Custom-
#18131	NEW    cov: 692 ft: 1631 corp: 212/1320b lim: 29 exec/s: 18131 rss: 1235Mb L: 26/26 MS: 8 ChangeBinInt-Custom-EraseBytes-Custom-InsertRepeatedBytes-Custom-CopyPart-Custom-
#18212	REDUCE cov: 692 ft: 1631 corp: 212/1318b lim: 29 exec/s: 18212 rss: 1235Mb L: 20/26 MS: 2 EraseBytes-Custom-
#18253	REDUCE cov: 692 ft: 1631 corp: 212/1316b lim: 29 exec/s: 18253 rss: 1235Mb L: 6/26 MS: 2 EraseBytes-Custom-
#18470	NEW    cov: 692 ft: 1635 corp: 213/1339b lim: 29 exec/s: 18470 rss: 1235Mb L: 23/26 MS: 4 ChangeByte-Custom-InsertRepeatedBytes-Custom-
#18493	REDUCE cov: 692 ft: 1635 corp: 213/1334b lim: 29 exec/s: 18493 rss: 1235Mb L: 14/26 MS: 6 ChangeBinInt-Custom-CrossOver-Custom-EraseBytes-Custom-
#18621	NEW    cov: 692 ft: 1637 corp: 214/1360b lim: 29 exec/s: 18621 rss: 1235Mb L: 26/26 MS: 6 InsertByte-Custom-ChangeByte-Custom-CrossOver-Custom-
#18682	REDUCE cov: 692 ft: 1637 corp: 214/1359b lim: 29 exec/s: 18682 rss: 1235Mb L: 1/26 MS: 2 EraseBytes-Custom-
#18715	REDUCE cov: 692 ft: 1638 corp: 215/1370b lim: 29 exec/s: 18715 rss: 1235Mb L: 11/26 MS: 6 ChangeBinInt-Custom-ChangeByte-Custom-InsertRepeatedBytes-Custom-
#18747	REDUCE cov: 692 ft: 1638 corp: 215/1363b lim: 29 exec/s: 18747 rss: 1235Mb L: 18/26 MS: 4 ChangeByte-Custom-EraseBytes-Custom-
#18953	NEW    cov: 692 ft: 1644 corp: 216/1379b lim: 29 exec/s: 18953 rss: 1235Mb L: 16/26 MS: 2 InsertByte-Custom-
#19034	REDUCE cov: 692 ft: 1644 corp: 216/1376b lim: 29 exec/s: 19034 rss: 1235Mb L: 5/26 MS: 2 EraseBytes-Custom-
#19035	REDUCE cov: 692 ft: 1644 corp: 216/1375b lim: 29 exec/s: 19035 rss: 1235Mb L: 3/26 MS: 2 EraseBytes-Custom-
#19156	NEW    cov: 692 ft: 1645 corp: 217/1401b lim: 29 exec/s: 19156 rss: 1235Mb L: 26/26 MS: 2 CopyPart-Custom-
#19186	NEW    cov: 692 ft: 1647 corp: 218/1417b lim: 29 exec/s: 19186 rss: 1235Mb L: 16/26 MS: 10 InsertByte-Custom-ShuffleBytes-Custom-InsertByte-Custom-CopyPart-Custom-CrossOver-Custom-
#19539	REDUCE cov: 692 ft: 1647 corp: 218/1405b lim: 29 exec/s: 19539 rss: 1235Mb L: 14/26 MS: 6 ChangeByte-Custom-CopyPart-Custom-EraseBytes-Custom-
#19817	REDUCE cov: 692 ft: 1647 corp: 218/1402b lim: 29 exec/s: 19817 rss: 1235Mb L: 16/26 MS: 6 InsertRepeatedBytes-Custom-ChangeBit-Custom-EraseBytes-Custom-
#20040	REDUCE cov: 692 ft: 1647 corp: 218/1401b lim: 29 exec/s: 20040 rss: 1235Mb L: 2/26 MS: 6 CopyPart-Custom-EraseBytes-Custom-ShuffleBytes-Custom-
#20427	REDUCE cov: 692 ft: 1647 corp: 218/1396b lim: 29 exec/s: 20427 rss: 1235Mb L: 14/26 MS: 4 ChangeByte-Custom-EraseBytes-Custom-
#20533	REDUCE cov: 692 ft: 1647 corp: 218/1394b lim: 29 exec/s: 20533 rss: 1235Mb L: 18/26 MS: 2 EraseBytes-Custom-
#20649	REDUCE cov: 692 ft: 1647 corp: 218/1392b lim: 29 exec/s: 20649 rss: 1235Mb L: 6/26 MS: 2 EraseBytes-Custom-
#20750	REDUCE cov: 692 ft: 1647 corp: 218/1391b lim: 29 exec/s: 20750 rss: 1235Mb L: 1/26 MS: 2 EraseBytes-Custom-
#20756	REDUCE cov: 692 ft: 1647 corp: 218/1390b lim: 29 exec/s: 20756 rss: 1235Mb L: 3/26 MS: 2 EraseBytes-Custom-
#20828	REDUCE cov: 692 ft: 1647 corp: 218/1388b lim: 29 exec/s: 20828 rss: 1235Mb L: 13/26 MS: 4 CMP-Custom-EraseBytes-Custom- DE: "\001\000\000\000\000\000\000\000"-
#20875	REDUCE cov: 692 ft: 1647 corp: 218/1385b lim: 29 exec/s: 20875 rss: 1235Mb L: 18/26 MS: 4 InsertByte-Custom-EraseBytes-Custom-
#21156	REDUCE cov: 692 ft: 1647 corp: 218/1383b lim: 29 exec/s: 21156 rss: 1235Mb L: 9/26 MS: 2 EraseBytes-Custom-
#21161	REDUCE cov: 692 ft: 1647 corp: 218/1380b lim: 29 exec/s: 21161 rss: 1235Mb L: 14/26 MS: 10 ChangeBinInt-Custom-CopyPart-Custom-ChangeBinInt-Custom-EraseBytes-Custom-CopyPart-Custom-
#21356	NEW    cov: 692 ft: 1648 corp: 219/1396b lim: 29 exec/s: 21356 rss: 1235Mb L: 16/26 MS: 10 InsertRepeatedBytes-Custom-PersAutoDict-Custom-InsertByte-Custom-EraseBytes-Custom-ChangeBinInt-Custom- DE: "\377\377"-
#21402	REDUCE cov: 692 ft: 1648 corp: 219/1395b lim: 29 exec/s: 21402 rss: 1235Mb L: 1/26 MS: 2 EraseBytes-Custom-
#21473	REDUCE cov: 692 ft: 1648 corp: 219/1387b lim: 29 exec/s: 21473 rss: 1235Mb L: 8/26 MS: 2 EraseBytes-Custom-
#21674	REDUCE cov: 692 ft: 1648 corp: 219/1383b lim: 29 exec/s: 21674 rss: 1235Mb L: 10/26 MS: 2 EraseBytes-Custom-
#22010	NEW    cov: 692 ft: 1649 corp: 220/1404b lim: 29 exec/s: 22010 rss: 1235Mb L: 21/26 MS: 2 InsertRepeatedBytes-Custom-
#22046	REDUCE cov: 692 ft: 1649 corp: 220/1402b lim: 29 exec/s: 22046 rss: 1235Mb L: 17/26 MS: 2 EraseBytes-Custom-
#22332	REDUCE cov: 692 ft: 1650 corp: 221/1416b lim: 29 exec/s: 22332 rss: 1235Mb L: 14/26 MS: 2 CopyPart-Custom-
#22464	REDUCE cov: 692 ft: 1650 corp: 221/1415b lim: 29 exec/s: 22464 rss: 1235Mb L: 1/26 MS: 4 ChangeByte-Custom-EraseBytes-Custom-
#22510	REDUCE cov: 692 ft: 1650 corp: 221/1408b lim: 29 exec/s: 22510 rss: 1235Mb L: 10/26 MS: 2 EraseBytes-Custom-
#22567	NEW    cov: 692 ft: 1652 corp: 222/1436b lim: 29 exec/s: 22567 rss: 1235Mb L: 28/28 MS: 4 ChangeBit-Custom-InsertRepeatedBytes-Custom-
#22723	REDUCE cov: 692 ft: 1652 corp: 222/1431b lim: 29 exec/s: 22723 rss: 1235Mb L: 12/28 MS: 2 EraseBytes-Custom-
#22911	REDUCE cov: 692 ft: 1652 corp: 222/1430b lim: 29 exec/s: 22911 rss: 1235Mb L: 3/28 MS: 6 ShuffleBytes-Custom-InsertByte-Custom-EraseBytes-Custom-
#23532	REDUCE cov: 692 ft: 1652 corp: 222/1429b lim: 33 exec/s: 23532 rss: 1235Mb L: 1/28 MS: 2 EraseBytes-Custom-
#24130	REDUCE cov: 692 ft: 1652 corp: 222/1416b lim: 38 exec/s: 24130 rss: 1235Mb L: 15/26 MS: 6 ChangeBit-Custom-PersAutoDict-Custom-EraseBytes-Custom- DE: "\000\010"-
#24199	REDUCE cov: 692 ft: 1712 corp: 223/1454b lim: 38 exec/s: 24199 rss: 1235Mb L: 38/38 MS: 8 InsertRepeatedBytes-Custom-InsertRepeatedBytes-Custom-InsertRepeatedBytes-Custom-CopyPart-Custom-
#24360	REDUCE cov: 692 ft: 1712 corp: 223/1453b lim: 38 exec/s: 24360 rss: 1235Mb L: 1/38 MS: 2 EraseBytes-Custom-
#24471	REDUCE cov: 692 ft: 1712 corp: 223/1450b lim: 38 exec/s: 24471 rss: 1235Mb L: 10/38 MS: 2 EraseBytes-Custom-
#24588	REDUCE cov: 692 ft: 1712 corp: 223/1443b lim: 38 exec/s: 24588 rss: 1242Mb L: 16/38 MS: 4 InsertByte-Custom-EraseBytes-Custom-
#24720	REDUCE cov: 692 ft: 1712 corp: 223/1442b lim: 38 exec/s: 24720 rss: 1245Mb L: 12/38 MS: 4 EraseBytes-Custom-ChangeByte-Custom-
#24758	REDUCE cov: 692 ft: 1740 corp: 224/1480b lim: 38 exec/s: 24758 rss: 1245Mb L: 38/38 MS: 6 CrossOver-Custom-ChangeByte-Custom-InsertRepeatedBytes-Custom-
#24784	NEW    cov: 692 ft: 1741 corp: 225/1516b lim: 38 exec/s: 24784 rss: 1245Mb L: 36/38 MS: 2 InsertRepeatedBytes-Custom-
#24793	REDUCE cov: 692 ft: 1758 corp: 226/1554b lim: 38 exec/s: 24793 rss: 1246Mb L: 38/38 MS: 8 CrossOver-Custom-EraseBytes-Custom-ChangeBinInt-Custom-InsertRepeatedBytes-Custom-
#25333	REDUCE cov: 693 ft: 1759 corp: 227/1590b lim: 43 exec/s: 12666 rss: 1257Mb L: 36/38 MS: 10 ShuffleBytes-Custom-InsertByte-Custom-EraseBytes-Custom-ChangeBinInt-Custom-InsertRepeatedBytes-Custom-
#25358	REDUCE cov: 694 ft: 1760 corp: 228/1596b lim: 43 exec/s: 12679 rss: 1258Mb L: 6/38 MS: 10 ChangeByte-Custom-CopyPart-Custom-InsertByte-Custom-PersAutoDict-Custom-PersAutoDict-Custom- DE: "\377\377"-"\376\377\000\000"-
#25774	REDUCE cov: 694 ft: 1760 corp: 228/1595b lim: 43 exec/s: 12887 rss: 1266Mb L: 12/38 MS: 2 EraseBytes-Custom-
#25795	REDUCE cov: 694 ft: 1760 corp: 228/1594b lim: 43 exec/s: 12897 rss: 1266Mb L: 9/38 MS: 2 EraseBytes-Custom-
#25817	NEW    cov: 694 ft: 1761 corp: 229/1632b lim: 43 exec/s: 12908 rss: 1267Mb L: 38/38 MS: 4 ChangeBit-Custom-CMP-Custom- DE: "\000\005"-
#25919	REDUCE cov: 694 ft: 1761 corp: 229/1631b lim: 43 exec/s: 12959 rss: 1269Mb L: 15/38 MS: 4 ChangeASCIIInt-Custom-EraseBytes-Custom-
#26129	NEW    cov: 694 ft: 1766 corp: 230/1674b lim: 43 exec/s: 13064 rss: 1273Mb L: 43/43 MS: 10 CMP-Custom-PersAutoDict-Custom-EraseBytes-Custom-ChangeBit-Custom-InsertRepeatedBytes-Custom- DE: "\003\000"-"\001\000\000\000\000\000\000\000"-
#26170	REDUCE cov: 694 ft: 1766 corp: 230/1671b lim: 43 exec/s: 13085 rss: 1274Mb L: 6/43 MS: 2 EraseBytes-Custom-
#26212	REDUCE cov: 694 ft: 1766 corp: 230/1666b lim: 43 exec/s: 13106 rss: 1275Mb L: 13/43 MS: 4 ChangeBinInt-Custom-EraseBytes-Custom-
#26258	REDUCE cov: 694 ft: 1766 corp: 230/1663b lim: 43 exec/s: 13129 rss: 1275Mb L: 40/40 MS: 2 EraseBytes-Custom-
#26455	REDUCE cov: 694 ft: 1767 corp: 231/1695b lim: 43 exec/s: 13227 rss: 1279Mb L: 32/40 MS: 4 ChangeBit-Custom-InsertRepeatedBytes-Custom-
#26549	REDUCE cov: 694 ft: 1768 corp: 232/1738b lim: 43 exec/s: 13274 rss: 1281Mb L: 43/43 MS: 8 ChangeByte-Custom-ChangeByte-Custom-InsertRepeatedBytes-Custom-CopyPart-Custom-
#26634	REDUCE cov: 694 ft: 1801 corp: 233/1779b lim: 43 exec/s: 13317 rss: 1283Mb L: 41/43 MS: 10 InsertRepeatedBytes-Custom-InsertByte-Custom-ShuffleBytes-Custom-EraseBytes-Custom-InsertRepeatedBytes-Custom-
#26820	REDUCE cov: 694 ft: 1801 corp: 233/1778b lim: 43 exec/s: 13410 rss: 1286Mb L: 13/43 MS: 2 EraseBytes-Custom-
#27067	REDUCE cov: 695 ft: 1812 corp: 234/1817b lim: 43 exec/s: 13533 rss: 1291Mb L: 39/43 MS: 4 InsertRepeatedBytes-Custom-InsertRepeatedBytes-Custom-
#27264	REDUCE cov: 695 ft: 1812 corp: 234/1816b lim: 43 exec/s: 13632 rss: 1294Mb L: 4/43 MS: 4 CopyPart-Custom-EraseBytes-Custom-
#27455	REDUCE cov: 695 ft: 1812 corp: 234/1814b lim: 43 exec/s: 13727 rss: 1298Mb L: 4/43 MS: 2 EraseBytes-Custom-
#27475	NEW    cov: 696 ft: 1813 corp: 235/1850b lim: 43 exec/s: 13737 rss: 1298Mb L: 36/43 MS: 10 CopyPart-Custom-EraseBytes-Custom-CrossOver-Custom-ShuffleBytes-Custom-InsertRepeatedBytes-Custom-
#27555	REDUCE cov: 696 ft: 1814 corp: 236/1886b lim: 43 exec/s: 13777 rss: 1300Mb L: 36/43 MS: 10 ShuffleBytes-Custom-ChangeBit-Custom-ChangeBinInt-Custom-CopyPart-Custom-InsertRepeatedBytes-Custom-
#27598	REDUCE cov: 696 ft: 1814 corp: 236/1882b lim: 43 exec/s: 13799 rss: 1300Mb L: 8/43 MS: 6 ChangeBinInt-Custom-PersAutoDict-Custom-EraseBytes-Custom- DE: "\000\010"-
#27833	NEW    cov: 696 ft: 1815 corp: 237/1924b lim: 43 exec/s: 13916 rss: 1305Mb L: 42/43 MS: 10 InsertRepeatedBytes-Custom-ChangeBinInt-Custom-InsertRepeatedBytes-Custom-CopyPart-Custom-CrossOver-Custom-
#28472	REDUCE cov: 696 ft: 1815 corp: 237/1923b lim: 48 exec/s: 14236 rss: 1318Mb L: 38/43 MS: 8 InsertRepeatedBytes-Custom-ChangeByte-Custom-InsertByte-Custom-EraseBytes-Custom-
#28501	NEW    cov: 696 ft: 1816 corp: 238/1971b lim: 48 exec/s: 14250 rss: 1319Mb L: 48/48 MS: 8 InsertRepeatedBytes-Custom-CMP-Custom-CopyPart-Custom-CopyPart-Custom- DE: "\377\377\377\377\377\377\377\377"-
MS: 10 ChangeByte-Custom-ChangeByte-Custom-CrossOver-Custom-ChangeASCIIInt-Custom-CrossOver-Custom-; base unit: 88783e9d94883d859914b4e59e8040d60969cc6e
0x2c,0xcd,0xcd,0xcd,0xcd,0xcd,0xcd,0xcd,0xcd,0xcd,0xcd,0xcd,0xcd,0xcd,0xcd,0xcd,0xcd,0xcd,0xcd,0xcd,0xcd,0xcd,0xcd,0xd0,0x91,0xcd,0xcd,0xcd,0xcd,0xcd,0xcd,0xcd,0xcd,0xcd,0xcd,0xcd,0xcd,0xcd,0xcd,0xcd,0xcd,0xcd,0xcd,0xcd,0xcd,0xcd,0xcd,
,\315\315\315\315\315\315\315\315\315\315\315\315\315\315\315\315\315\315\315\315\315\315\320\221\315\315\315\315\315\315\315\315\315\315\315\315\315\315\315\315\315\315\315\315\315\315
artifact_prefix='/tmp/bugrun/jacksoncore_2.95He5i/'; Test unit written to /tmp/bugrun/jacksoncore_2.95He5i/crash-b94a2c0a96f38020a42e4da52a2227e56544c1e1
Base64: LM3Nzc3Nzc3Nzc3Nzc3Nzc3Nzc3Nzc3Qkc3Nzc3Nzc3Nzc3Nzc3Nzc3Nzc3Nzc0=
Done 28656 runs in 2 second(s)
DEDUP_TOKEN: e6db0f71ca5900d5
[ERROR] Tests run: 2, Failures: 0, Errors: 1, Skipped: 0, Time elapsed: 16.56 s <<< FAILURE! -- in com.example.algorithm2.Algorithm2Test
[ERROR] com.example.algorithm2.Algorithm2Test.testParameterizedFuzzer(FuzzedDataProvider)[2] -- Time elapsed: 2.513 s <<< ERROR!
java.lang.ArrayIndexOutOfBoundsException: Index 436 out of bounds for length 32
	at com.fasterxml.jackson.core.json.ByteSourceJsonBootstrapper.detectEncoding(ByteSourceJsonBootstrapper.java:130)
	at com.fasterxml.jackson.core.json.ByteSourceJsonBootstrapper.constructParser(ByteSourceJsonBootstrapper.java:227)
	at com.fasterxml.jackson.core.JsonFactory._createParser(JsonFactory.java:1300)
	at com.fasterxml.jackson.core.JsonFactory.createParser(JsonFactory.java:825)
	at com.fasterxml.jackson.core.JsonFactory.createJsonParser(JsonFactory.java:986)
	at jdk.internal.reflect.GeneratedMethodAccessor55.invoke(Unknown Source)
	at java.base/jdk.internal.reflect.DelegatingMethodAccessorImpl.invoke(DelegatingMethodAccessorImpl.java:43)
	at java.base/java.lang.reflect.Method.invoke(Method.java:566)
	at com.example.algorithm2.Algorithm2Test.testParameterizedFuzzer(Algorithm2Test.java:226)

[INFO] 
[INFO] Results:
[INFO] 
[ERROR] Errors: 
[ERROR]   Algorithm2Test.testParameterizedFuzzer:226 » ArrayIndexOutOfBounds Index 436 out of bounds for length 32
[INFO] 
[ERROR] Tests run: 2, Failures: 0, Errors: 1, Skipped: 0
[INFO] 
[ERROR] 

Please refer to /tmp/bugrun/jacksoncore_2.95He5i/target/surefire-reports for the individual test results.
Please refer to dump files (if any exist) [date].dump, [date]-jvmRun[N].dump and [date].dumpstream.
[INFO] 
[INFO] --- jacoco:0.8.11:report (default-cli) @ AlgorithmName2 ---
[INFO] Loading execution data file /tmp/bugrun/jacksoncore_2.95He5i/target/jacoco.exec
[INFO] Analyzed bundle 'AlgorithmName2' with 78 classes
[INFO] ------------------------------------------------------------------------
[INFO] BUILD SUCCESS
[INFO] ------------------------------------------------------------------------
[INFO] Total time:  32.894 s
[INFO] Finished at: 2026-10-06T04:28:08+07:00
[INFO] ------------------------------------------------------------------------
