[INFO] Scanning for projects...
[INFO] 
[INFO] ---------------------< com.example:AlgorithmName2 >---------------------
[INFO] Building AlgorithmName2 1.0-SNAPSHOT
[INFO]   from pom.xml
[INFO] --------------------------------[ jar ]---------------------------------
[INFO] 
[INFO] --- jacoco:0.8.11:prepare-agent (default) @ AlgorithmName2 ---
[INFO] argLine set to -javaagent:/home/kanyaphak673380391-3/.m2/repository/org/jacoco/org.jacoco.agent/0.8.11/org.jacoco.agent-0.8.11-runtime.jar=destfile=/tmp/bugrun/collections_11.c31aDD/target/jacoco.exec
[INFO] 
[INFO] --- resources:3.4.0:resources (default-resources) @ AlgorithmName2 ---
[INFO] Copying 1 resource from src/main/resources to target/classes
[INFO] 
[INFO] --- compiler:3.15.0:compile (default-compile) @ AlgorithmName2 ---
[INFO] Recompiling the module because of changed source code.
[INFO] Compiling 1 source file with javac [debug target 1.8] to target/classes
[WARNING] bootstrap class path not set in conjunction with -source 8
[INFO] 
[INFO] --- dependency:3.6.0:unpack-dependencies (unpack-defects4j) @ AlgorithmName2 ---
[INFO] 
[INFO] --- resources:3.4.0:testResources (default-testResources) @ AlgorithmName2 ---
[INFO] skip non existing resourceDirectory /tmp/bugrun/collections_11.c31aDD/src/test/resources
[INFO] 
[INFO] --- compiler:3.15.0:testCompile (default-testCompile) @ AlgorithmName2 ---
[INFO] Recompiling the module because of changed dependency.
[INFO] Compiling 1 source file with javac [debug target 1.8] to target/test-classes
[WARNING] bootstrap class path not set in conjunction with -source 8
[INFO] 
[INFO] --- surefire:3.1.2:test (default-cli) @ AlgorithmName2 ---
[INFO] Using auto detected provider org.apache.maven.surefire.junitplatform.JUnitPlatformProvider
[INFO] 
[INFO] -------------------------------------------------------
[INFO]  T E S T S
[INFO] -------------------------------------------------------
[INFO] Running com.example.algorithm2.Algorithm2Test
OpenJDK 64-Bit Server VM warning: Sharing is only supported for boot loader classes because bootstrap classpath has been appended
INFO: Loaded 458 hooks from com.code_intelligence.jazzer.runtime.TraceCmpHooks
INFO: Loaded 5 hooks from com.code_intelligence.jazzer.runtime.TraceDivHooks
INFO: Loaded 2 hooks from com.code_intelligence.jazzer.runtime.TraceIndirHooks
INFO: Loaded 4 hooks from com.code_intelligence.jazzer.runtime.NativeLibHooks
INFO: Loaded 2 hooks from com.code_intelligence.jazzer.sanitizers.ClojureLangHooks
INFO: Loaded 5 hooks from com.code_intelligence.jazzer.sanitizers.Deserialization
INFO: Loaded 5 hooks from com.code_intelligence.jazzer.sanitizers.ExpressionLanguageInjection
INFO: Loaded 70 hooks from com.code_intelligence.jazzer.sanitizers.LdapInjection
INFO: Loaded 46 hooks from com.code_intelligence.jazzer.sanitizers.NamingContextLookup
INFO: Loaded 1 hooks from com.code_intelligence.jazzer.sanitizers.OsCommandInjection
INFO: Loaded 52 hooks from com.code_intelligence.jazzer.sanitizers.ReflectiveCall
INFO: Loaded 8 hooks from com.code_intelligence.jazzer.sanitizers.RegexInjection
INFO: Loaded 16 hooks from com.code_intelligence.jazzer.sanitizers.RegexRoadblocks
INFO: Loaded 18 hooks from com.code_intelligence.jazzer.sanitizers.ScriptEngineInjection
INFO: Loaded 2 hooks from com.code_intelligence.jazzer.sanitizers.ServerSideRequestForgery
INFO: Loaded 19 hooks from com.code_intelligence.jazzer.sanitizers.SqlInjection
INFO: Loaded 6 hooks from com.code_intelligence.jazzer.sanitizers.XPathInjection
INFO: Instrumented com.example.algorithm2.Algorithm2Test$Skip (took 322 ms, size +44%)
INFO: Instrumented com.example.algorithm2.Algorithm2Test (took 186 ms, size +27%)
INFO: Instrumented org.apache.commons.collections.ListUtils (took 143 ms, size +22%)
[harness] Fallback target loaded: org.apache.commons.collections.ListUtils (original was org.apache.commons.collections4.ListUtils)
INFO: Instrumented org.apache.commons.collections.Predicate (took 1 ms, size +0%)
INFO: Instrumented org.apache.commons.collections.Transformer (took 5 ms, size +0%)
INFO: Instrumented org.apache.commons.collections.Factory (took 13 ms, size +0%)
[harness] target=org.apache.commons.collections.ListUtils factories=1 methods=16
INFO: using inputs from: /tmp/bugrun/collections_11.c31aDD/.cifuzz-corpus/com.example.algorithm2.Algorithm2Test/testParameterizedFuzzer
INFO: using inputs from: /tmp/jazzer-java-seeds7377053610851776633
INFO: found LLVMFuzzerCustomMutator (0x74f216e6ecd0). Disabling -len_control by default.
INFO: Running with entropic power schedule (0xFF, 100).
INFO: Seed: 1569900310
INFO: Loaded 1 modules   (512 inline 8-bit counters): 512 [0x74f328c56cb0, 0x74f328c56eb0), 
INFO: Loaded 1 PC tables (512 PCs): 512 [0x74f328482ed0,0x74f328484ed0), 
INFO:        0 files found in /tmp/bugrun/collections_11.c31aDD/.cifuzz-corpus/com.example.algorithm2.Algorithm2Test/testParameterizedFuzzer
INFO:        0 files found in /tmp/jazzer-java-seeds7377053610851776633
INFO: -max_len is not provided; libFuzzer will not generate inputs larger than 4096 bytes
INFO: A corpus is not provided, starting from an empty corpus
INFO: New number of coverage counters: 1024
INFO: Instrumented org.apache.commons.collections.list.TransformedList (took 79 ms, size +20%)
INFO: Instrumented org.apache.commons.collections.collection.TransformedCollection (took 51 ms, size +24%)
INFO: Instrumented org.apache.commons.collections.collection.AbstractSerializableCollectionDecorator (took 21 ms, size +38%)
#2	INITED cov: 56 ft: 56 corp: 1/1b exec/s: 0 rss: 1104Mb
#3	NEW    cov: 59 ft: 60 corp: 2/2b lim: 4 exec/s: 0 rss: 1104Mb L: 1/1 MS: 2 CrossOver-Custom-
#4	NEW    cov: 63 ft: 68 corp: 3/3b lim: 4 exec/s: 0 rss: 1104Mb L: 1/1 MS: 2 ChangeByte-Custom-
#6	NEW    cov: 67 ft: 72 corp: 4/5b lim: 4 exec/s: 0 rss: 1104Mb L: 2/2 MS: 4 ShuffleBytes-Custom-CopyPart-Custom-
#10	NEW    cov: 71 ft: 83 corp: 5/6b lim: 4 exec/s: 0 rss: 1104Mb L: 1/2 MS: 8 InsertByte-Custom-ChangeByte-Custom-EraseBytes-Custom-ChangeByte-Custom-
INFO: Instrumented org.apache.commons.collections.collection.AbstractCollectionDecorator (took 43 ms, size +21%)
INFO: Instrumented org.apache.commons.collections.list.LazyList (took 18 ms, size +28%)
#11	NEW    cov: 88 ft: 100 corp: 6/7b lim: 4 exec/s: 0 rss: 1119Mb L: 1/2 MS: 2 ChangeByte-Custom-
#12	NEW    cov: 92 ft: 104 corp: 7/9b lim: 4 exec/s: 0 rss: 1119Mb L: 2/2 MS: 2 InsertByte-Custom-
#17	NEW    cov: 97 ft: 109 corp: 8/12b lim: 4 exec/s: 0 rss: 1119Mb L: 3/3 MS: 10 InsertByte-Custom-ChangeByte-Custom-ChangeByte-Custom-InsertByte-Custom-EraseBytes-Custom-
#18	NEW    cov: 97 ft: 117 corp: 9/14b lim: 4 exec/s: 0 rss: 1119Mb L: 2/3 MS: 2 CrossOver-Custom-
INFO: Instrumented org.apache.commons.collections.list.AbstractSerializableListDecorator (took 35 ms, size +38%)
INFO: #20	NEW    cov: 101 ft: 121 corp: 10/16b lim: 4 exec/s: 0 rss: 1119Mb L: 2/3 MS: 4 CopyPart-Custom-ChangeBinInt-Custom-
#24	NEW    cov: 101 ft: 145 corp: 11/20b lim: 4 exec/s: 0 rss: 1119Mb L: 4/4 MS: 8 EraseBytes-Custom-InsertByte-Custom-CrossOver-Custom-ShuffleBytes-Custom-
Instrumented org.apache.commons.collections.list.AbstractListDecorator (took 72 ms, size +22%)
#32	NEW    cov: 103 ft: 147 corp: 12/24b lim: 4 exec/s: 0 rss: 1120Mb L: 4/4 MS: 6 ChangeBinInt-Custom-EraseBytes-Custom-CrossOver-Custom-
#35	NEW    cov: 107 ft: 152 corp: 13/25b lim: 4 exec/s: 0 rss: 1120Mb L: 1/4 MS: 6 InsertByte-Custom-ShuffleBytes-Custom-EraseBytes-Custom-
#39	NEW    cov: 107 ft: 156 corp: 14/27b lim: 4 exec/s: 0 rss: 1120Mb L: 2/4 MS: 8 ShuffleBytes-Custom-CopyPart-Custom-ChangeBit-Custom-ChangeBit-Custom-
#40	NEW    cov: 111 ft: 160 corp: 15/31b lim: 4 exec/s: 0 rss: 1120Mb L: 4/4 MS: 2 ChangeBinInt-Custom-
#43	NEW    cov: 126 ft: 175 corp: 16/32b lim: 4 exec/s: 0 rss: 1127Mb L: 1/4 MS: 6 ChangeBit-Custom-ChangeByte-Custom-ChangeBit-Custom-
#53	NEW    cov: 128 ft: 177 corp: 17/36b lim: 4 exec/s: 0 rss: 1127Mb L: 4/4 MS: 10 CrossOver-Custom-ChangeByte-Custom-InsertByte-Custom-ChangeBit-Custom-ChangeByte-Custom-
#54	NEW    cov: 130 ft: 180 corp: 18/38b lim: 4 exec/s: 0 rss: 1127Mb L: 2/4 MS: 2 CrossOver-Custom-
#55	REDUCE cov: 130 ft: 180 corp: 18/37b lim: 4 exec/s: 0 rss: 1127Mb L: 2/4 MS: 2 CrossOver-Custom-
INFO: Instrumented org.apache.commons.collections.list.PredicatedList (took 66 ms, size +20%)
INFO: Instrumented org.apache.commons.collections.collection.PredicatedCollection (took 23 ms, size +25%)
#58	NEW    cov: 138 ft: 188 corp: 19/39b lim: 4 exec/s: 0 rss: 1129Mb L: 2/4 MS: 6 ChangeBit-Custom-ShuffleBytes-Custom-ChangeBit-Custom-
#67	NEW    cov: 143 ft: 193 corp: 20/42b lim: 4 exec/s: 0 rss: 1129Mb L: 3/4 MS: 8 ChangeByte-Custom-ShuffleBytes-Custom-ChangeByte-Custom-InsertByte-Custom-
#69	NEW    cov: 143 ft: 202 corp: 21/46b lim: 4 exec/s: 0 rss: 1129Mb L: 4/4 MS: 4 CrossOver-Custom-CrossOver-Custom-
#80	NEW    cov: 143 ft: 203 corp: 22/48b lim: 4 exec/s: 0 rss: 1129Mb L: 2/4 MS: 2 ShuffleBytes-Custom-
#81	NEW    cov: 143 ft: 208 corp: 23/52b lim: 4 exec/s: 0 rss: 1129Mb L: 4/4 MS: 2 CrossOver-Custom-
#95	NEW    cov: 143 ft: 212 corp: 24/55b lim: 4 exec/s: 0 rss: 1129Mb L: 3/4 MS: 8 InsertByte-Custom-CrossOver-Custom-ChangeBit-Custom-ChangeByte-Custom-
#99	NEW    cov: 157 ft: 227 corp: 25/56b lim: 4 exec/s: 0 rss: 1129Mb L: 1/4 MS: 8 ChangeByte-Custom-ChangeBit-Custom-CopyPart-Custom-ChangeBit-Custom-
#108	NEW    cov: 162 ft: 232 corp: 26/58b lim: 4 exec/s: 0 rss: 1129Mb L: 2/4 MS: 8 CrossOver-Custom-CrossOver-Custom-InsertByte-Custom-ChangeByte-Custom-
#110	NEW    cov: 162 ft: 234 corp: 27/61b lim: 4 exec/s: 0 rss: 1129Mb L: 3/4 MS: 4 CMP-Custom-ChangeBinInt-Custom- DE: "\020\000"-
#113	NEW    cov: 162 ft: 235 corp: 28/64b lim: 4 exec/s: 0 rss: 1129Mb L: 3/4 MS: 6 ChangeBinInt-Custom-CrossOver-Custom-ChangeByte-Custom-
#114	NEW    cov: 173 ft: 246 corp: 29/66b lim: 4 exec/s: 0 rss: 1129Mb L: 2/4 MS: 2 ChangeBit-Custom-
INFO: Instrumented org.apache.commons.collections.list.UnmodifiableList (took 51 ms, size +22%)
INFO: Instrumented org.apache.commons.collections.Unmodifiable (took 1 ms, size +0%)
INFO: Instrumented org.apache.commons.collections.list.TypedList (took 7 ms, size +36%)
INFO: #116	NEW    cov: 177 ft: 250 corp: 30/68b lim: 4 exec/s: 0 rss: 1129Mb L: 2/4 MS: 4 ShuffleBytes-Custom-EraseBytes-Custom-
Instrumented org.apache.commons.collections.functors.InstanceofPredicate (took 9 ms, size +30%)
#127	NEW    cov: 177 ft: 261 corp: 31/71b lim: 4 exec/s: 0 rss: 1129Mb L: 3/4 MS: 2 ChangeByte-Custom-
INFO: Instrumented org.apache.commons.collections.list.SynchronizedList (took 46 ms, size +18%)
INFO: Instrumented org.apache.commons.collections.collection.SynchronizedCollection (took 50 ms, size +17%)
#140	NEW    cov: 190 ft: 274 corp: 32/73b lim: 4 exec/s: 0 rss: 1139Mb L: 2/4 MS: 6 ChangeBit-Custom-CrossOver-Custom-ChangeByte-Custom-
MS: 10 CrossOver-Custom-ChangeBinInt-Custom-ChangeByte-Custom-CrossOver-Custom-InsertByte-Custom-; base unit: 71853c6197a6a7f222db0f1978c7cb232b87c5ee
0x4,0xa,0x9e,0xd8,
\004\012\236\330
artifact_prefix='/tmp/bugrun/collections_11.c31aDD/'; Test unit written to /tmp/bugrun/collections_11.c31aDD/crash-2b7cb80c21aa3fd3d34ca11918967cf2aa3da774
Base64: BAqe2A==
Done 145 runs in 0 second(s)
DEDUP_TOKEN: 8c28911460f0c434
[ERROR] Tests run: 2, Failures: 0, Errors: 1, Skipped: 0, Time elapsed: 9.470 s <<< FAILURE! -- in com.example.algorithm2.Algorithm2Test
[ERROR] com.example.algorithm2.Algorithm2Test.testParameterizedFuzzer(FuzzedDataProvider)[2] -- Time elapsed: 1.164 s <<< ERROR!
java.lang.IllegalArgumentException: 
Cannot add Object '
' - Predicate 'proxy:Predicate' rejected it
	at org.apache.commons.collections.collection.PredicatedCollection.validate(PredicatedCollection.java:101)
	at org.apache.commons.collections.collection.PredicatedCollection.<init>(PredicatedCollection.java:86)
	at org.apache.commons.collections.list.PredicatedList.<init>(PredicatedList.java:80)
	at org.apache.commons.collections.list.PredicatedList.decorate(PredicatedList.java:64)
	at org.apache.commons.collections.ListUtils.predicatedList(ListUtils.java:332)
	at java.base/jdk.internal.reflect.NativeMethodAccessorImpl.invoke0(Native Method)
	at java.base/jdk.internal.reflect.NativeMethodAccessorImpl.invoke(NativeMethodAccessorImpl.java:62)
	at java.base/jdk.internal.reflect.DelegatingMethodAccessorImpl.invoke(DelegatingMethodAccessorImpl.java:43)
	at java.base/java.lang.reflect.Method.invoke(Method.java:566)
	at com.example.algorithm2.Algorithm2Test.testParameterizedFuzzer(Algorithm2Test.java:226)

[INFO] 
[INFO] Results:
[INFO] 
[ERROR] Errors: 
[ERROR]   Algorithm2Test.testParameterizedFuzzer:226 » IllegalArgument Cannot add Object '
' - Predicate 'proxy:Predicate' rejected it
[INFO] 
[ERROR] Tests run: 2, Failures: 0, Errors: 1, Skipped: 0
[INFO] 
[ERROR] 

Please refer to /tmp/bugrun/collections_11.c31aDD/target/surefire-reports for the individual test results.
Please refer to dump files (if any exist) [date].dump, [date]-jvmRun[N].dump and [date].dumpstream.
[INFO] 
[INFO] --- jacoco:0.8.11:report (default-cli) @ AlgorithmName2 ---
[INFO] Loading execution data file /tmp/bugrun/collections_11.c31aDD/target/jacoco.exec
[INFO] Analyzed bundle 'AlgorithmName2' with 421 classes
[INFO] ------------------------------------------------------------------------
[INFO] BUILD SUCCESS
[INFO] ------------------------------------------------------------------------
[INFO] Total time:  23.056 s
[INFO] Finished at: 2026-10-06T01:51:13+07:00
[INFO] ------------------------------------------------------------------------
