[INFO] Scanning for projects...
[INFO] 
[INFO] ---------------------< com.example:AlgorithmName2 >---------------------
[INFO] Building AlgorithmName2 1.0-SNAPSHOT
[INFO]   from pom.xml
[INFO] --------------------------------[ jar ]---------------------------------
[INFO] 
[INFO] --- jacoco:0.8.11:prepare-agent (default) @ AlgorithmName2 ---
[INFO] argLine set to -javaagent:/home/kanyaphak673380391-3/.m2/repository/org/jacoco/org.jacoco.agent/0.8.11/org.jacoco.agent-0.8.11-runtime.jar=destfile=/tmp/bugrun/lang_22.CNtKag/target/jacoco.exec
[INFO] 
[INFO] --- resources:3.4.0:resources (default-resources) @ AlgorithmName2 ---
[INFO] Copying 1 resource from src/main/resources to target/classes
[INFO] 
[INFO] --- compiler:3.15.0:compile (default-compile) @ AlgorithmName2 ---
[INFO] Recompiling the module because of changed source code.
[INFO] Compiling 1 source file with javac [debug target 1.8] to target/classes
[WARNING] bootstrap class path not set in conjunction with -source 8
[INFO] 
[INFO] --- dependency:3.6.0:unpack-dependencies (unpack-defects4j) @ AlgorithmName2 ---
[INFO] 
[INFO] --- resources:3.4.0:testResources (default-testResources) @ AlgorithmName2 ---
[INFO] skip non existing resourceDirectory /tmp/bugrun/lang_22.CNtKag/src/test/resources
[INFO] 
[INFO] --- compiler:3.15.0:testCompile (default-testCompile) @ AlgorithmName2 ---
[INFO] Recompiling the module because of changed dependency.
[INFO] Compiling 1 source file with javac [debug target 1.8] to target/test-classes
[WARNING] bootstrap class path not set in conjunction with -source 8
[INFO] 
[INFO] --- surefire:3.1.2:test (default-cli) @ AlgorithmName2 ---
[INFO] Using auto detected provider org.apache.maven.surefire.junitplatform.JUnitPlatformProvider
[INFO] 
[INFO] -------------------------------------------------------
[INFO]  T E S T S
[INFO] -------------------------------------------------------
[INFO] Running com.example.algorithm2.Algorithm2Test
OpenJDK 64-Bit Server VM warning: Sharing is only supported for boot loader classes because bootstrap classpath has been appended
INFO: Loaded 289 hooks from com.code_intelligence.jazzer.runtime.TraceCmpHooks
INFO: Loaded 5 hooks from com.code_intelligence.jazzer.runtime.TraceDivHooks
INFO: Loaded 2 hooks from com.code_intelligence.jazzer.runtime.TraceIndirHooks
INFO: Loaded 4 hooks from com.code_intelligence.jazzer.runtime.NativeLibHooks
INFO: Loaded 2 hooks from com.code_intelligence.jazzer.sanitizers.ClojureLangHooks
INFO: Loaded 5 hooks from com.code_intelligence.jazzer.sanitizers.Deserialization
INFO: Loaded 5 hooks from com.code_intelligence.jazzer.sanitizers.ExpressionLanguageInjection
INFO: Loaded 70 hooks from com.code_intelligence.jazzer.sanitizers.LdapInjection
INFO: Loaded 46 hooks from com.code_intelligence.jazzer.sanitizers.NamingContextLookup
INFO: Loaded 1 hooks from com.code_intelligence.jazzer.sanitizers.OsCommandInjection
INFO: Loaded 52 hooks from com.code_intelligence.jazzer.sanitizers.ReflectiveCall
INFO: Loaded 8 hooks from com.code_intelligence.jazzer.sanitizers.RegexInjection
INFO: Loaded 16 hooks from com.code_intelligence.jazzer.sanitizers.RegexRoadblocks
INFO: Loaded 18 hooks from com.code_intelligence.jazzer.sanitizers.ScriptEngineInjection
INFO: Loaded 2 hooks from com.code_intelligence.jazzer.sanitizers.ServerSideRequestForgery
INFO: Loaded 19 hooks from com.code_intelligence.jazzer.sanitizers.SqlInjection
INFO: Loaded 6 hooks from com.code_intelligence.jazzer.sanitizers.XPathInjection
INFO: Instrumented com.example.algorithm2.Algorithm2Test$Skip (took 264 ms, size +44%)
INFO: Instrumented com.example.algorithm2.Algorithm2Test (took 294 ms, size +27%)
INFO: New number of coverage counters: 1024
INFO: New number of coverage counters: 2048
WARN: Some hooks could not be applied to class files built for Java 7 or lower.
                       Ensure that the fuzz target and its dependencies are compiled with
                       -target 8 or higher to identify as many bugs as possible.
INFO: Instrumented org.apache.commons.lang3.StringUtils (took 494 ms, size +32%)
[harness] target=org.apache.commons.lang3.StringUtils factories=1 methods=154
INFO: found LLVMFuzzerCustomMutator (0x71213ae70cd0). Disabling -len_control by default.
INFO: Running with entropic power schedule (0xFF, 100).
INFO: Seed: 54980433
INFO: using inputs from: /tmp/bugrun/lang_22.CNtKag/.cifuzz-corpus/com.example.algorithm2.Algorithm2Test/testParameterizedFuzzer
INFO: using inputs from: /tmp/jazzer-java-seeds4064802047821776128
INFO: Loaded 3 modules   (2048 inline 8-bit counters): 512 [0x712240bb64c0, 0x712240bb66c0), 512 [0x712240bb66c0, 0x712240bb68c0), 1024 [0x712240bb68c0, 0x712240bb6cc0), 
INFO: Loaded 3 PC tables (2048 PCs): 512 [0x712240bb1680,0x712240bb3680), 512 [0x712240af5a00,0x712240af7a00), 1024 [0x712240af7a10,0x712240afba10), 
INFO:        0 files found in /tmp/bugrun/lang_22.CNtKag/.cifuzz-corpus/com.example.algorithm2.Algorithm2Test/testParameterizedFuzzer
INFO:        0 files found in /tmp/jazzer-java-seeds4064802047821776128
INFO: -max_len is not provided; libFuzzer will not generate inputs larger than 4096 bytes
INFO: A corpus is not provided, starting from an empty corpus
#2	INITED cov: 30 ft: 30 corp: 1/1b exec/s: 0 rss: 993Mb
#3	NEW    cov: 32 ft: 33 corp: 2/3b lim: 4 exec/s: 0 rss: 993Mb L: 2/2 MS: 2 InsertByte-Custom-
#5	NEW    cov: 34 ft: 35 corp: 3/5b lim: 4 exec/s: 0 rss: 993Mb L: 2/2 MS: 4 ShuffleBytes-Custom-ChangeByte-Custom-
#6	NEW    cov: 34 ft: 37 corp: 4/7b lim: 4 exec/s: 0 rss: 993Mb L: 2/2 MS: 2 CMP-Custom- DE: "\243\000"-
#8	NEW    cov: 40 ft: 43 corp: 5/8b lim: 4 exec/s: 0 rss: 993Mb L: 1/2 MS: 4 CopyPart-Custom-ChangeByte-Custom-
#10	NEW    cov: 42 ft: 45 corp: 6/12b lim: 4 exec/s: 0 rss: 993Mb L: 4/4 MS: 4 CopyPart-Custom-PersAutoDict-Custom- DE: "\243\000"-
#14	NEW    cov: 43 ft: 46 corp: 7/13b lim: 4 exec/s: 0 rss: 993Mb L: 1/4 MS: 8 CrossOver-Custom-ShuffleBytes-Custom-CopyPart-Custom-ChangeBit-Custom-
#15	NEW    cov: 45 ft: 48 corp: 8/17b lim: 4 exec/s: 0 rss: 993Mb L: 4/4 MS: 2 PersAutoDict-Custom- DE: "\243\000"-
#19	NEW    cov: 54 ft: 57 corp: 9/20b lim: 4 exec/s: 0 rss: 993Mb L: 3/4 MS: 8 CopyPart-Custom-CopyPart-Custom-CrossOver-Custom-CrossOver-Custom-
#20	NEW    cov: 57 ft: 60 corp: 10/22b lim: 4 exec/s: 0 rss: 993Mb L: 2/4 MS: 2 ChangeBit-Custom-
#21	NEW    cov: 58 ft: 61 corp: 11/25b lim: 4 exec/s: 0 rss: 993Mb L: 3/4 MS: 2 PersAutoDict-Custom- DE: "\243\000"-
#27	NEW    cov: 65 ft: 69 corp: 12/28b lim: 4 exec/s: 0 rss: 993Mb L: 3/4 MS: 2 InsertByte-Custom-
#50	NEW    cov: 70 ft: 74 corp: 13/32b lim: 4 exec/s: 0 rss: 993Mb L: 4/4 MS: 6 ChangeBit-Custom-CopyPart-Custom-ChangeByte-Custom-
#54	NEW    cov: 74 ft: 78 corp: 14/36b lim: 4 exec/s: 0 rss: 993Mb L: 4/4 MS: 8 CopyPart-Custom-CopyPart-Custom-ChangeBinInt-Custom-ChangeBit-Custom-
#56	REDUCE cov: 74 ft: 78 corp: 14/35b lim: 4 exec/s: 0 rss: 993Mb L: 2/4 MS: 4 CopyPart-Custom-EraseBytes-Custom-
#57	NEW    cov: 75 ft: 79 corp: 15/38b lim: 4 exec/s: 0 rss: 993Mb L: 3/4 MS: 2 InsertByte-Custom-
#58	NEW    cov: 78 ft: 82 corp: 16/39b lim: 4 exec/s: 0 rss: 993Mb L: 1/4 MS: 2 ChangeByte-Custom-
INFO: Instrumented org.apache.commons.lang3.CharSequenceUtils (took 4 ms, size +43%)
INFO: New number of coverage counters: 4096
#63	NEW    cov: 88 ft: 92 corp: 17/43b lim: 4 exec/s: 0 rss: 994Mb L: 4/4 MS: 10 InsertByte-Custom-CrossOver-Custom-CopyPart-Custom-CopyPart-Custom-ChangeBinInt-Custom-
#64	REDUCE cov: 88 ft: 92 corp: 17/42b lim: 4 exec/s: 0 rss: 994Mb L: 3/4 MS: 2 EraseBytes-Custom-
#66	NEW    cov: 91 ft: 95 corp: 18/45b lim: 4 exec/s: 0 rss: 994Mb L: 3/4 MS: 4 CopyPart-Custom-InsertByte-Custom-
#75	NEW    cov: 92 ft: 96 corp: 19/46b lim: 4 exec/s: 0 rss: 994Mb L: 1/4 MS: 8 ChangeBit-Custom-CopyPart-Custom-ChangeBit-Custom-EraseBytes-Custom-
#76	NEW    cov: 96 ft: 100 corp: 20/50b lim: 4 exec/s: 0 rss: 994Mb L: 4/4 MS: 2 ChangeByte-Custom-
INFO: Instrumented org.apache.commons.lang3.ArrayUtils (took 368 ms, size +21%)
#80	REDUCE cov: 116 ft: 120 corp: 21/53b lim: 4 exec/s: 0 rss: 995Mb L: 3/4 MS: 8 CMP-Custom-ShuffleBytes-Custom-ChangeBit-Custom-ChangeByte-Custom- DE: "\001\234"-
#84	NEW    cov: 118 ft: 122 corp: 22/55b lim: 4 exec/s: 0 rss: 995Mb L: 2/4 MS: 8 ShuffleBytes-Custom-ShuffleBytes-Custom-EraseBytes-Custom-InsertByte-Custom-
#87	NEW    cov: 121 ft: 125 corp: 23/57b lim: 4 exec/s: 0 rss: 995Mb L: 2/4 MS: 6 ChangeByte-Custom-ChangeBinInt-Custom-ChangeBinInt-Custom-
#91	NEW    cov: 134 ft: 138 corp: 24/58b lim: 4 exec/s: 0 rss: 995Mb L: 1/4 MS: 8 CopyPart-Custom-CrossOver-Custom-EraseBytes-Custom-ChangeByte-Custom-
#93	NEW    cov: 137 ft: 141 corp: 25/59b lim: 4 exec/s: 0 rss: 995Mb L: 1/4 MS: 4 ShuffleBytes-Custom-ChangeByte-Custom-
#94	NEW    cov: 138 ft: 142 corp: 26/60b lim: 4 exec/s: 0 rss: 995Mb L: 1/4 MS: 2 ChangeByte-Custom-
#96	NEW    cov: 141 ft: 145 corp: 27/61b lim: 4 exec/s: 0 rss: 995Mb L: 1/4 MS: 4 InsertByte-Custom-EraseBytes-Custom-
#100	NEW    cov: 142 ft: 146 corp: 28/63b lim: 4 exec/s: 0 rss: 995Mb L: 2/4 MS: 8 CopyPart-Custom-ChangeBinInt-Custom-ShuffleBytes-Custom-ChangeBit-Custom-
#103	NEW    cov: 142 ft: 150 corp: 29/64b lim: 4 exec/s: 0 rss: 995Mb L: 1/4 MS: 6 ChangeBit-Custom-ChangeBit-Custom-ChangeByte-Custom-
#110	NEW    cov: 147 ft: 155 corp: 30/67b lim: 4 exec/s: 0 rss: 995Mb L: 3/4 MS: 4 InsertByte-Custom-ChangeByte-Custom-
#113	NEW    cov: 148 ft: 156 corp: 31/71b lim: 4 exec/s: 0 rss: 995Mb L: 4/4 MS: 6 ShuffleBytes-Custom-CrossOver-Custom-CopyPart-Custom-
#116	NEW    cov: 151 ft: 159 corp: 32/74b lim: 4 exec/s: 0 rss: 995Mb L: 3/4 MS: 6 ChangeByte-Custom-ShuffleBytes-Custom-ChangeByte-Custom-
#123	REDUCE cov: 151 ft: 159 corp: 32/73b lim: 4 exec/s: 0 rss: 995Mb L: 3/4 MS: 4 ChangeBit-Custom-EraseBytes-Custom-
#126	NEW    cov: 157 ft: 165 corp: 33/76b lim: 4 exec/s: 0 rss: 995Mb L: 3/4 MS: 6 InsertByte-Custom-ChangeByte-Custom-CrossOver-Custom-
#128	NEW    cov: 160 ft: 168 corp: 34/78b lim: 4 exec/s: 0 rss: 995Mb L: 2/4 MS: 4 CrossOver-Custom-InsertByte-Custom-
#132	REDUCE cov: 162 ft: 170 corp: 35/81b lim: 4 exec/s: 0 rss: 995Mb L: 3/4 MS: 8 CrossOver-Custom-PersAutoDict-Custom-ShuffleBytes-Custom-ChangeByte-Custom- DE: "\243\000"-
#137	NEW    cov: 165 ft: 173 corp: 36/85b lim: 4 exec/s: 0 rss: 995Mb L: 4/4 MS: 10 ChangeBinInt-Custom-ShuffleBytes-Custom-PersAutoDict-Custom-ChangeBit-Custom-ChangeBinInt-Custom- DE: "\001\234"-
#138	NEW    cov: 167 ft: 175 corp: 37/86b lim: 4 exec/s: 0 rss: 995Mb L: 1/4 MS: 2 ChangeByte-Custom-
#139	NEW    cov: 169 ft: 177 corp: 38/90b lim: 4 exec/s: 0 rss: 995Mb L: 4/4 MS: 2 InsertByte-Custom-
#140	NEW    cov: 171 ft: 179 corp: 39/91b lim: 4 exec/s: 0 rss: 995Mb L: 1/4 MS: 2 ChangeBit-Custom-
#142	NEW    cov: 173 ft: 181 corp: 40/95b lim: 4 exec/s: 0 rss: 995Mb L: 4/4 MS: 4 CopyPart-Custom-ChangeBinInt-Custom-
#143	NEW    cov: 183 ft: 192 corp: 41/96b lim: 4 exec/s: 0 rss: 995Mb L: 1/4 MS: 2 ChangeByte-Custom-
#144	NEW    cov: 185 ft: 194 corp: 42/100b lim: 4 exec/s: 0 rss: 995Mb L: 4/4 MS: 2 InsertByte-Custom-
#146	NEW    cov: 191 ft: 200 corp: 43/103b lim: 4 exec/s: 0 rss: 995Mb L: 3/4 MS: 4 CrossOver-Custom-CrossOver-Custom-
#150	REDUCE cov: 193 ft: 202 corp: 44/105b lim: 4 exec/s: 0 rss: 995Mb L: 2/4 MS: 8 CrossOver-Custom-EraseBytes-Custom-ChangeBit-Custom-ChangeByte-Custom-
#154	NEW    cov: 196 ft: 205 corp: 45/107b lim: 4 exec/s: 0 rss: 995Mb L: 2/4 MS: 8 EraseBytes-Custom-PersAutoDict-Custom-ChangeBinInt-Custom-ChangeBit-Custom- DE: "\243\000"-
INFO: Instrumented org.apache.commons.lang3.ObjectUtils (took 37 ms, size +21%)
#160	NEW    cov: 210 ft: 221 corp: 46/110b lim: 4 exec/s: 0 rss: 995Mb L: 3/4 MS: 2 ChangeBinInt-Custom-
#165	NEW    cov: 212 ft: 223 corp: 47/111b lim: 4 exec/s: 0 rss: 995Mb L: 1/4 MS: 10 CopyPart-Custom-ChangeBinInt-Custom-EraseBytes-Custom-CrossOver-Custom-ChangeByte-Custom-
#169	NEW    cov: 213 ft: 224 corp: 48/114b lim: 4 exec/s: 0 rss: 995Mb L: 3/4 MS: 8 CopyPart-Custom-ChangeByte-Custom-EraseBytes-Custom-CrossOver-Custom-
#171	NEW    cov: 214 ft: 225 corp: 49/118b lim: 4 exec/s: 0 rss: 995Mb L: 4/4 MS: 4 ShuffleBytes-Custom-CopyPart-Custom-
#174	NEW    cov: 215 ft: 226 corp: 50/122b lim: 4 exec/s: 0 rss: 995Mb L: 4/4 MS: 6 ChangeBit-Custom-CrossOver-Custom-InsertByte-Custom-
#176	NEW    cov: 218 ft: 229 corp: 51/125b lim: 4 exec/s: 0 rss: 995Mb L: 3/4 MS: 4 InsertByte-Custom-InsertByte-Custom-
#179	NEW    cov: 221 ft: 232 corp: 52/129b lim: 4 exec/s: 0 rss: 995Mb L: 4/4 MS: 6 ShuffleBytes-Custom-ChangeBinInt-Custom-CopyPart-Custom-
#186	NEW    cov: 226 ft: 238 corp: 53/133b lim: 4 exec/s: 0 rss: 995Mb L: 4/4 MS: 4 ShuffleBytes-Custom-ChangeBit-Custom-
#195	NEW    cov: 226 ft: 239 corp: 54/137b lim: 4 exec/s: 0 rss: 995Mb L: 4/4 MS: 8 ShuffleBytes-Custom-CrossOver-Custom-InsertByte-Custom-ChangeBit-Custom-
#197	NEW    cov: 227 ft: 240 corp: 55/139b lim: 4 exec/s: 0 rss: 995Mb L: 2/4 MS: 4 PersAutoDict-Custom-ShuffleBytes-Custom- DE: "\243\000"-
#199	NEW    cov: 244 ft: 257 corp: 56/141b lim: 4 exec/s: 0 rss: 995Mb L: 2/4 MS: 4 EraseBytes-Custom-ChangeBit-Custom-
#210	NEW    cov: 247 ft: 260 corp: 57/143b lim: 4 exec/s: 0 rss: 995Mb L: 2/4 MS: 2 InsertByte-Custom-
#215	NEW    cov: 252 ft: 265 corp: 58/147b lim: 4 exec/s: 0 rss: 995Mb L: 4/4 MS: 10 ShuffleBytes-Custom-ChangeBit-Custom-CopyPart-Custom-CMP-Custom-CrossOver-Custom- DE: "\377\232"-
#220	NEW    cov: 255 ft: 268 corp: 59/149b lim: 4 exec/s: 0 rss: 995Mb L: 2/4 MS: 10 ShuffleBytes-Custom-ShuffleBytes-Custom-ShuffleBytes-Custom-InsertByte-Custom-ChangeBinInt-Custom-
#221	NEW    cov: 262 ft: 277 corp: 60/151b lim: 4 exec/s: 0 rss: 995Mb L: 2/4 MS: 2 InsertByte-Custom-
#232	NEW    cov: 263 ft: 280 corp: 61/154b lim: 4 exec/s: 0 rss: 996Mb L: 3/4 MS: 2 CrossOver-Custom-
#234	NEW    cov: 266 ft: 283 corp: 62/155b lim: 4 exec/s: 0 rss: 996Mb L: 1/4 MS: 4 ChangeBit-Custom-ChangeBit-Custom-
#244	REDUCE cov: 269 ft: 286 corp: 63/157b lim: 4 exec/s: 0 rss: 996Mb L: 2/4 MS: 10 ChangeBit-Custom-EraseBytes-Custom-ChangeByte-Custom-ChangeBit-Custom-ChangeByte-Custom-
#248	NEW    cov: 269 ft: 287 corp: 64/161b lim: 4 exec/s: 0 rss: 996Mb L: 4/4 MS: 8 CrossOver-Custom-CopyPart-Custom-ShuffleBytes-Custom-ChangeByte-Custom-
#249	NEW    cov: 271 ft: 289 corp: 65/165b lim: 4 exec/s: 0 rss: 996Mb L: 4/4 MS: 2 CrossOver-Custom-
#257	REDUCE cov: 271 ft: 289 corp: 65/164b lim: 4 exec/s: 0 rss: 996Mb L: 3/4 MS: 6 ChangeBit-Custom-ChangeBinInt-Custom-EraseBytes-Custom-
#268	NEW    cov: 271 ft: 295 corp: 66/167b lim: 4 exec/s: 0 rss: 996Mb L: 3/4 MS: 2 ShuffleBytes-Custom-
#274	NEW    cov: 273 ft: 297 corp: 67/168b lim: 4 exec/s: 0 rss: 996Mb L: 1/4 MS: 2 ChangeBit-Custom-
#288	NEW    cov: 275 ft: 299 corp: 68/171b lim: 4 exec/s: 0 rss: 996Mb L: 3/4 MS: 8 PersAutoDict-Custom-EraseBytes-Custom-ChangeByte-Custom-InsertByte-Custom- DE: "\243\000"-
#294	NEW    cov: 277 ft: 301 corp: 69/172b lim: 4 exec/s: 0 rss: 996Mb L: 1/4 MS: 2 CrossOver-Custom-
#298	NEW    cov: 278 ft: 302 corp: 70/174b lim: 4 exec/s: 0 rss: 996Mb L: 2/4 MS: 8 InsertByte-Custom-CopyPart-Custom-ChangeBit-Custom-EraseBytes-Custom-
#299	NEW    cov: 279 ft: 303 corp: 71/175b lim: 4 exec/s: 0 rss: 996Mb L: 1/4 MS: 2 ChangeBit-Custom-
#300	NEW    cov: 281 ft: 305 corp: 72/179b lim: 4 exec/s: 0 rss: 996Mb L: 4/4 MS: 2 ShuffleBytes-Custom-
#309	NEW    cov: 284 ft: 308 corp: 73/183b lim: 4 exec/s: 0 rss: 996Mb L: 4/4 MS: 8 ShuffleBytes-Custom-CrossOver-Custom-CopyPart-Custom-ChangeByte-Custom-
#313	NEW    cov: 293 ft: 317 corp: 74/187b lim: 4 exec/s: 0 rss: 996Mb L: 4/4 MS: 8 ChangeByte-Custom-CopyPart-Custom-InsertByte-Custom-ChangeBinInt-Custom-
#317	NEW    cov: 299 ft: 323 corp: 75/191b lim: 4 exec/s: 0 rss: 996Mb L: 4/4 MS: 8 CopyPart-Custom-InsertByte-Custom-CrossOver-Custom-ChangeBit-Custom-
#327	NEW    cov: 300 ft: 324 corp: 76/193b lim: 4 exec/s: 0 rss: 996Mb L: 2/4 MS: 10 ShuffleBytes-Custom-CopyPart-Custom-ChangeBinInt-Custom-EraseBytes-Custom-ChangeByte-Custom-
#329	NEW    cov: 304 ft: 329 corp: 77/197b lim: 4 exec/s: 0 rss: 996Mb L: 4/4 MS: 4 PersAutoDict-Custom-ChangeBinInt-Custom- DE: "\001\234"-
#331	REDUCE cov: 304 ft: 329 corp: 77/196b lim: 4 exec/s: 0 rss: 996Mb L: 3/4 MS: 4 CopyPart-Custom-EraseBytes-Custom-
#333	NEW    cov: 304 ft: 330 corp: 78/197b lim: 4 exec/s: 0 rss: 996Mb L: 1/4 MS: 4 ChangeByte-Custom-ChangeBinInt-Custom-
#334	NEW    cov: 308 ft: 334 corp: 79/199b lim: 4 exec/s: 0 rss: 996Mb L: 2/4 MS: 2 ChangeBit-Custom-
#338	NEW    cov: 308 ft: 340 corp: 80/203b lim: 4 exec/s: 0 rss: 996Mb L: 4/4 MS: 8 CrossOver-Custom-CopyPart-Custom-EraseBytes-Custom-CopyPart-Custom-
#339	REDUCE cov: 308 ft: 340 corp: 80/202b lim: 4 exec/s: 0 rss: 996Mb L: 3/4 MS: 2 EraseBytes-Custom-
#344	NEW    cov: 310 ft: 342 corp: 81/204b lim: 4 exec/s: 0 rss: 996Mb L: 2/4 MS: 10 ChangeBinInt-Custom-EraseBytes-Custom-ChangeByte-Custom-PersAutoDict-Custom-ChangeBit-Custom- DE: "\243\000"-
#345	REDUCE cov: 310 ft: 342 corp: 81/203b lim: 4 exec/s: 0 rss: 996Mb L: 1/4 MS: 2 EraseBytes-Custom-
#346	REDUCE cov: 310 ft: 342 corp: 81/202b lim: 4 exec/s: 0 rss: 996Mb L: 1/4 MS: 2 EraseBytes-Custom-
#359	NEW    cov: 311 ft: 343 corp: 82/206b lim: 4 exec/s: 0 rss: 996Mb L: 4/4 MS: 6 PersAutoDict-Custom-ChangeByte-Custom-CopyPart-Custom- DE: "\377\232"-
#365	NEW    cov: 314 ft: 346 corp: 83/208b lim: 4 exec/s: 0 rss: 996Mb L: 2/4 MS: 2 CrossOver-Custom-
#368	REDUCE cov: 314 ft: 346 corp: 83/207b lim: 4 exec/s: 0 rss: 996Mb L: 3/4 MS: 6 ShuffleBytes-Custom-EraseBytes-Custom-CrossOver-Custom-
#375	NEW    cov: 316 ft: 348 corp: 84/208b lim: 4 exec/s: 0 rss: 996Mb L: 1/4 MS: 4 ShuffleBytes-Custom-ChangeBinInt-Custom-
#376	NEW    cov: 317 ft: 349 corp: 85/209b lim: 4 exec/s: 0 rss: 996Mb L: 1/4 MS: 2 ChangeByte-Custom-
#379	REDUCE cov: 317 ft: 349 corp: 85/208b lim: 4 exec/s: 0 rss: 996Mb L: 3/4 MS: 6 ChangeBinInt-Custom-CopyPart-Custom-EraseBytes-Custom-
#386	NEW    cov: 318 ft: 350 corp: 86/210b lim: 4 exec/s: 0 rss: 996Mb L: 2/4 MS: 4 ChangeByte-Custom-ChangeByte-Custom-
#420	NEW    cov: 320 ft: 352 corp: 87/212b lim: 4 exec/s: 0 rss: 996Mb L: 2/4 MS: 8 ShuffleBytes-Custom-ShuffleBytes-Custom-CrossOver-Custom-ChangeBinInt-Custom-
#428	NEW    cov: 322 ft: 354 corp: 88/214b lim: 4 exec/s: 0 rss: 996Mb L: 2/4 MS: 6 ChangeByte-Custom-ChangeBit-Custom-ChangeByte-Custom-
#443	NEW    cov: 325 ft: 357 corp: 89/215b lim: 4 exec/s: 0 rss: 996Mb L: 1/4 MS: 10 InsertByte-Custom-ShuffleBytes-Custom-ChangeBit-Custom-ChangeByte-Custom-EraseBytes-Custom-
#445	NEW    cov: 346 ft: 380 corp: 90/216b lim: 4 exec/s: 0 rss: 996Mb L: 1/4 MS: 4 ChangeBit-Custom-ChangeBit-Custom-
#447	NEW    cov: 346 ft: 382 corp: 91/219b lim: 4 exec/s: 0 rss: 996Mb L: 3/4 MS: 4 ChangeBinInt-Custom-EraseBytes-Custom-
#455	NEW    cov: 353 ft: 389 corp: 92/223b lim: 4 exec/s: 0 rss: 996Mb L: 4/4 MS: 6 ChangeBinInt-Custom-ChangeBinInt-Custom-ChangeBit-Custom-
#465	NEW    cov: 354 ft: 390 corp: 93/227b lim: 4 exec/s: 0 rss: 996Mb L: 4/4 MS: 10 ChangeByte-Custom-PersAutoDict-Custom-ChangeByte-Custom-ChangeBinInt-Custom-ChangeASCIIInt-Custom- DE: "\001\234"-
#471	NEW    cov: 357 ft: 393 corp: 94/228b lim: 4 exec/s: 0 rss: 996Mb L: 1/4 MS: 2 ChangeBit-Custom-
#473	NEW    cov: 358 ft: 394 corp: 95/230b lim: 4 exec/s: 0 rss: 996Mb L: 2/4 MS: 4 CopyPart-Custom-EraseBytes-Custom-
#478	NEW    cov: 360 ft: 396 corp: 96/232b lim: 4 exec/s: 0 rss: 996Mb L: 2/4 MS: 10 PersAutoDict-Custom-EraseBytes-Custom-ChangeBit-Custom-PersAutoDict-Custom-ChangeBinInt-Custom- DE: "\001\234"-"\001\234"-
#485	NEW    cov: 360 ft: 397 corp: 97/236b lim: 4 exec/s: 0 rss: 996Mb L: 4/4 MS: 4 CopyPart-Custom-PersAutoDict-Custom- DE: "\243\000"-
#489	NEW    cov: 362 ft: 399 corp: 98/238b lim: 4 exec/s: 0 rss: 996Mb L: 2/4 MS: 8 ChangeBinInt-Custom-EraseBytes-Custom-ShuffleBytes-Custom-EraseBytes-Custom-
#491	REDUCE cov: 362 ft: 399 corp: 98/237b lim: 4 exec/s: 0 rss: 996Mb L: 1/4 MS: 4 CopyPart-Custom-EraseBytes-Custom-
#497	NEW    cov: 364 ft: 405 corp: 99/241b lim: 4 exec/s: 0 rss: 996Mb L: 4/4 MS: 2 CopyPart-Custom-
#499	NEW    cov: 366 ft: 407 corp: 100/245b lim: 4 exec/s: 0 rss: 996Mb L: 4/4 MS: 4 ShuffleBytes-Custom-ShuffleBytes-Custom-
#505	REDUCE cov: 367 ft: 408 corp: 101/248b lim: 4 exec/s: 0 rss: 996Mb L: 3/4 MS: 2 PersAutoDict-Custom- DE: "\377\232"-
#508	NEW    cov: 370 ft: 411 corp: 102/251b lim: 4 exec/s: 0 rss: 996Mb L: 3/4 MS: 6 ChangeBinInt-Custom-InsertByte-Custom-CopyPart-Custom-
#509	NEW    cov: 373 ft: 414 corp: 103/253b lim: 4 exec/s: 0 rss: 996Mb L: 2/4 MS: 2 ChangeByte-Custom-
#515	NEW    cov: 374 ft: 415 corp: 104/257b lim: 4 exec/s: 0 rss: 996Mb L: 4/4 MS: 2 CopyPart-Custom-
#516	REDUCE cov: 375 ft: 416 corp: 105/259b lim: 4 exec/s: 0 rss: 996Mb L: 2/4 MS: 2 EraseBytes-Custom-
#519	NEW    cov: 375 ft: 420 corp: 106/263b lim: 4 exec/s: 0 rss: 996Mb L: 4/4 MS: 6 ShuffleBytes-Custom-ShuffleBytes-Custom-ChangeBinInt-Custom-
#524	NEW    cov: 377 ft: 422 corp: 107/265b lim: 4 exec/s: 0 rss: 996Mb L: 2/4 MS: 10 ShuffleBytes-Custom-PersAutoDict-Custom-CrossOver-Custom-ChangeByte-Custom-ChangeBit-Custom- DE: "\243\000"-
#541	NEW    cov: 381 ft: 426 corp: 108/269b lim: 4 exec/s: 0 rss: 996Mb L: 4/4 MS: 4 CMP-Custom-InsertByte-Custom- DE: "\242\000"-
#554	NEW    cov: 381 ft: 428 corp: 109/273b lim: 4 exec/s: 0 rss: 996Mb L: 4/4 MS: 6 InsertByte-Custom-ChangeByte-Custom-CrossOver-Custom-
#555	NEW    cov: 392 ft: 439 corp: 110/275b lim: 4 exec/s: 0 rss: 996Mb L: 2/4 MS: 2 CrossOver-Custom-
#558	NEW    cov: 394 ft: 441 corp: 111/277b lim: 4 exec/s: 0 rss: 996Mb L: 2/4 MS: 6 PersAutoDict-Custom-CrossOver-Custom-ChangeByte-Custom- DE: "\377\232"-
INFO: #575	NEW    cov: 395 ft: 442 corp: 112/280b lim: 4 exec/s: 0 rss: 996Mb L: 3/4 MS: 4 ChangeByte-Custom-CrossOver-Custom-
Instrumented org.apache.commons.lang3.exception.CloneFailedException (took 13 ms, size +37%)
#576	NEW    cov: 399 ft: 446 corp: 113/284b lim: 4 exec/s: 0 rss: 996Mb L: 4/4 MS: 2 ChangeBinInt-Custom-
INFO: Instrumented org.apache.commons.lang3.ObjectUtils$Null (took 11 ms, size +43%)
#580	NEW    cov: 400 ft: 447 corp: 114/287b lim: 4 exec/s: 0 rss: 996Mb L: 3/4 MS: 8 ChangeBit-Custom-ShuffleBytes-Custom-InsertByte-Custom-InsertByte-Custom-
#582	NEW    cov: 404 ft: 451 corp: 115/288b lim: 4 exec/s: 0 rss: 996Mb L: 1/4 MS: 4 ShuffleBytes-Custom-ChangeBit-Custom-
#589	REDUCE cov: 404 ft: 451 corp: 115/286b lim: 4 exec/s: 0 rss: 996Mb L: 2/4 MS: 4 ChangeBit-Custom-EraseBytes-Custom-
#605	NEW    cov: 407 ft: 454 corp: 116/290b lim: 4 exec/s: 0 rss: 996Mb L: 4/4 MS: 2 ChangeBit-Custom-
#607	NEW    cov: 407 ft: 461 corp: 117/292b lim: 4 exec/s: 0 rss: 996Mb L: 2/4 MS: 4 ChangeByte-Custom-EraseBytes-Custom-
#613	NEW    cov: 408 ft: 463 corp: 118/296b lim: 4 exec/s: 0 rss: 997Mb L: 4/4 MS: 2 ChangeByte-Custom-
#614	REDUCE cov: 408 ft: 463 corp: 118/295b lim: 4 exec/s: 0 rss: 997Mb L: 3/4 MS: 2 EraseBytes-Custom-
#621	REDUCE cov: 414 ft: 469 corp: 119/297b lim: 4 exec/s: 0 rss: 1000Mb L: 2/4 MS: 4 CopyPart-Custom-ChangeByte-Custom-
#631	REDUCE cov: 418 ft: 473 corp: 120/301b lim: 4 exec/s: 0 rss: 1000Mb L: 4/4 MS: 10 InsertByte-Custom-ChangeByte-Custom-CrossOver-Custom-ChangeByte-Custom-ChangeBinInt-Custom-
#632	NEW    cov: 420 ft: 475 corp: 121/304b lim: 4 exec/s: 0 rss: 1000Mb L: 3/4 MS: 2 CrossOver-Custom-
#635	NEW    cov: 423 ft: 478 corp: 122/306b lim: 4 exec/s: 0 rss: 1000Mb L: 2/4 MS: 6 ShuffleBytes-Custom-ShuffleBytes-Custom-CrossOver-Custom-
#639	NEW    cov: 426 ft: 481 corp: 123/310b lim: 4 exec/s: 0 rss: 1000Mb L: 4/4 MS: 8 CopyPart-Custom-ChangeBit-Custom-ChangeBit-Custom-CopyPart-Custom-
#642	NEW    cov: 428 ft: 483 corp: 124/312b lim: 4 exec/s: 0 rss: 1000Mb L: 2/4 MS: 6 ShuffleBytes-Custom-ChangeBit-Custom-CrossOver-Custom-
#649	REDUCE cov: 428 ft: 483 corp: 124/311b lim: 4 exec/s: 0 rss: 1000Mb L: 3/4 MS: 4 ChangeByte-Custom-EraseBytes-Custom-
#650	NEW    cov: 434 ft: 489 corp: 125/312b lim: 4 exec/s: 0 rss: 1000Mb L: 1/4 MS: 2 ChangeByte-Custom-
#656	NEW    cov: 444 ft: 499 corp: 126/314b lim: 4 exec/s: 0 rss: 1000Mb L: 2/4 MS: 2 InsertByte-Custom-
#658	REDUCE cov: 448 ft: 503 corp: 127/315b lim: 4 exec/s: 0 rss: 1000Mb L: 1/4 MS: 4 ChangeByte-Custom-ChangeBinInt-Custom-
#675	NEW    cov: 451 ft: 506 corp: 128/319b lim: 4 exec/s: 0 rss: 1000Mb L: 4/4 MS: 4 EraseBytes-Custom-CrossOver-Custom-
#683	NEW    cov: 456 ft: 511 corp: 129/321b lim: 4 exec/s: 0 rss: 1000Mb L: 2/4 MS: 6 CopyPart-Custom-ChangeBit-Custom-ShuffleBytes-Custom-
#696	NEW    cov: 456 ft: 514 corp: 130/325b lim: 4 exec/s: 0 rss: 1000Mb L: 4/4 MS: 6 CrossOver-Custom-CopyPart-Custom-ChangeBit-Custom-
#705	REDUCE cov: 456 ft: 514 corp: 130/324b lim: 4 exec/s: 0 rss: 1000Mb L: 3/4 MS: 8 CopyPart-Custom-ChangeBinInt-Custom-EraseBytes-Custom-ShuffleBytes-Custom-
#722	NEW    cov: 457 ft: 515 corp: 131/327b lim: 4 exec/s: 0 rss: 1000Mb L: 3/4 MS: 4 ChangeByte-Custom-ChangeBit-Custom-
#724	NEW    cov: 460 ft: 518 corp: 132/329b lim: 4 exec/s: 0 rss: 1000Mb L: 2/4 MS: 4 ChangeByte-Custom-InsertByte-Custom-
#725	REDUCE cov: 460 ft: 518 corp: 132/328b lim: 4 exec/s: 0 rss: 1000Mb L: 3/4 MS: 2 EraseBytes-Custom-
#731	NEW    cov: 462 ft: 520 corp: 133/331b lim: 4 exec/s: 0 rss: 1000Mb L: 3/4 MS: 2 ChangeBinInt-Custom-
#741	REDUCE cov: 462 ft: 520 corp: 133/330b lim: 4 exec/s: 0 rss: 1000Mb L: 3/4 MS: 10 ShuffleBytes-Custom-CopyPart-Custom-ChangeBit-Custom-ShuffleBytes-Custom-EraseBytes-Custom-
#747	REDUCE cov: 462 ft: 520 corp: 133/329b lim: 4 exec/s: 0 rss: 1000Mb L: 2/4 MS: 2 EraseBytes-Custom-
#748	NEW    cov: 464 ft: 522 corp: 134/330b lim: 4 exec/s: 0 rss: 1000Mb L: 1/4 MS: 2 CrossOver-Custom-
MS: 2 InsertByte-Custom-; base unit: 902ba3cda1883801594b6e1b452790cc53948fda
0x37,0x53,
7S
artifact_prefix='/tmp/bugrun/lang_22.CNtKag/'; Test unit written to /tmp/bugrun/lang_22.CNtKag/crash-32f76151195402f125afc8817b83c89dcda61c7e
Base64: N1M=
Done 759 runs in 0 second(s)
DEDUP_TOKEN: 50a6d9496c3fb124
[ERROR] Tests run: 2, Failures: 0, Errors: 1, Skipped: 0, Time elapsed: 10.46 s <<< FAILURE! -- in com.example.algorithm2.Algorithm2Test
[ERROR] com.example.algorithm2.Algorithm2Test.testParameterizedFuzzer(FuzzedDataProvider)[2] -- Time elapsed: 1.049 s <<< ERROR!
java.lang.IllegalArgumentException: Minimum abbreviation width is 4
	at org.apache.commons.lang3.StringUtils.abbreviate(StringUtils.java:5747)
	at org.apache.commons.lang3.StringUtils.abbreviate(StringUtils.java:5704)
	at java.base/jdk.internal.reflect.NativeMethodAccessorImpl.invoke0(Native Method)
	at java.base/jdk.internal.reflect.NativeMethodAccessorImpl.invoke(NativeMethodAccessorImpl.java:62)
	at java.base/jdk.internal.reflect.DelegatingMethodAccessorImpl.invoke(DelegatingMethodAccessorImpl.java:43)
	at java.base/java.lang.reflect.Method.invoke(Method.java:566)
	at com.example.algorithm2.Algorithm2Test.testParameterizedFuzzer(Algorithm2Test.java:226)

[INFO] 
[INFO] Results:
[INFO] 
[ERROR] Errors: 
[ERROR]   Algorithm2Test.testParameterizedFuzzer:226 » IllegalArgument Minimum abbreviation width is 4
[INFO] 
[ERROR] Tests run: 2, Failures: 0, Errors: 1, Skipped: 0
[INFO] 
[ERROR] 

Please refer to /tmp/bugrun/lang_22.CNtKag/target/surefire-reports for the individual test results.
Please refer to dump files (if any exist) [date].dump, [date]-jvmRun[N].dump and [date].dumpstream.
[INFO] 
[INFO] --- jacoco:0.8.11:report (default-cli) @ AlgorithmName2 ---
[INFO] Loading execution data file /tmp/bugrun/lang_22.CNtKag/target/jacoco.exec
[INFO] Analyzed bundle 'AlgorithmName2' with 134 classes
[INFO] ------------------------------------------------------------------------
[INFO] BUILD SUCCESS
[INFO] ------------------------------------------------------------------------
[INFO] Total time:  22.058 s
[INFO] Finished at: 2026-10-06T03:49:07+07:00
[INFO] ------------------------------------------------------------------------
