[INFO] Scanning for projects...
[INFO] 
[INFO] ---------------------< com.example:AlgorithmName2 >---------------------
[INFO] Building AlgorithmName2 1.0-SNAPSHOT
[INFO]   from pom.xml
[INFO] --------------------------------[ jar ]---------------------------------
[INFO] 
[INFO] --- jacoco:0.8.11:prepare-agent (default) @ AlgorithmName2 ---
[INFO] argLine set to -javaagent:/home/kanyaphak673380391-3/.m2/repository/org/jacoco/org.jacoco.agent/0.8.11/org.jacoco.agent-0.8.11-runtime.jar=destfile=/tmp/bugrun/lang_17.fPEz3I/target/jacoco.exec
[INFO] 
[INFO] --- resources:3.4.0:resources (default-resources) @ AlgorithmName2 ---
[INFO] Copying 1 resource from src/main/resources to target/classes
[INFO] 
[INFO] --- compiler:3.15.0:compile (default-compile) @ AlgorithmName2 ---
[INFO] Recompiling the module because of changed source code.
[INFO] Compiling 1 source file with javac [debug target 1.8] to target/classes
[WARNING] bootstrap class path not set in conjunction with -source 8
[INFO] 
[INFO] --- dependency:3.6.0:unpack-dependencies (unpack-defects4j) @ AlgorithmName2 ---
[INFO] 
[INFO] --- resources:3.4.0:testResources (default-testResources) @ AlgorithmName2 ---
[INFO] skip non existing resourceDirectory /tmp/bugrun/lang_17.fPEz3I/src/test/resources
[INFO] 
[INFO] --- compiler:3.15.0:testCompile (default-testCompile) @ AlgorithmName2 ---
[INFO] Recompiling the module because of changed dependency.
[INFO] Compiling 1 source file with javac [debug target 1.8] to target/test-classes
[WARNING] bootstrap class path not set in conjunction with -source 8
[INFO] 
[INFO] --- surefire:3.1.2:test (default-cli) @ AlgorithmName2 ---
[INFO] Using auto detected provider org.apache.maven.surefire.junitplatform.JUnitPlatformProvider
[INFO] 
[INFO] -------------------------------------------------------
[INFO]  T E S T S
[INFO] -------------------------------------------------------
[INFO] Running com.example.algorithm2.Algorithm2Test
OpenJDK 64-Bit Server VM warning: Sharing is only supported for boot loader classes because bootstrap classpath has been appended
INFO: Loaded 289 hooks from com.code_intelligence.jazzer.runtime.TraceCmpHooks
INFO: Loaded 5 hooks from com.code_intelligence.jazzer.runtime.TraceDivHooks
INFO: Loaded 2 hooks from com.code_intelligence.jazzer.runtime.TraceIndirHooks
INFO: Loaded 4 hooks from com.code_intelligence.jazzer.runtime.NativeLibHooks
INFO: Loaded 2 hooks from com.code_intelligence.jazzer.sanitizers.ClojureLangHooks
INFO: Loaded 5 hooks from com.code_intelligence.jazzer.sanitizers.Deserialization
INFO: Loaded 5 hooks from com.code_intelligence.jazzer.sanitizers.ExpressionLanguageInjection
INFO: Loaded 70 hooks from com.code_intelligence.jazzer.sanitizers.LdapInjection
INFO: Loaded 46 hooks from com.code_intelligence.jazzer.sanitizers.NamingContextLookup
INFO: Loaded 1 hooks from com.code_intelligence.jazzer.sanitizers.OsCommandInjection
INFO: Loaded 52 hooks from com.code_intelligence.jazzer.sanitizers.ReflectiveCall
INFO: Loaded 8 hooks from com.code_intelligence.jazzer.sanitizers.RegexInjection
INFO: Loaded 16 hooks from com.code_intelligence.jazzer.sanitizers.RegexRoadblocks
INFO: Loaded 18 hooks from com.code_intelligence.jazzer.sanitizers.ScriptEngineInjection
INFO: Loaded 2 hooks from com.code_intelligence.jazzer.sanitizers.ServerSideRequestForgery
INFO: Loaded 19 hooks from com.code_intelligence.jazzer.sanitizers.SqlInjection
INFO: Loaded 6 hooks from com.code_intelligence.jazzer.sanitizers.XPathInjection
INFO: Instrumented com.example.algorithm2.Algorithm2Test$Skip (took 202 ms, size +44%)
INFO: Instrumented com.example.algorithm2.Algorithm2Test (took 175 ms, size +27%)
INFO: New number of coverage counters: 1024
INFO: New number of coverage counters: 2048
WARN: Some hooks could not be applied to class files built for Java 7 or lower.
                       Ensure that the fuzz target and its dependencies are compiled with
                       -target 8 or higher to identify as many bugs as possible.
INFO: Instrumented org.apache.commons.lang3.StringUtils (took 335 ms, size +28%)
[harness] target=org.apache.commons.lang3.StringUtils factories=1 methods=154
INFO: found LLVMFuzzerCustomMutator (0x78e66fc75cd0). Disabling -len_control by default.
INFO: Running with entropic power schedule (0xFF, 100).
INFO: Seed: 25077585
INFO: Loaded 3 modules   (2048 inline 8-bit counters): 512 [0x78e7b0bf8ab0, 0x78e7b0bf8cb0), 512 [0x78e7b0bf8cb0, 0x78e7b0bf8eb0), 1024 [0x78e7b0bf8eb0, 0x78e7b0bf92b0), 
INFO: Loaded 3 PC tables (2048 PCs): 512 [0x78e7b0ab28a0,0x78e7b0ab48a0), 512 [0x78e7b048e2f0,0x78e7b04902f0), 1024 [0x78e7b0aa3740,0x78e7b0aa7740), 
INFO:        0 files found in /tmp/bugrun/lang_17.fPEz3I/.cifuzz-corpus/com.example.algorithm2.Algorithm2Test/testParameterizedFuzzer
INFO:        0 files found in /tmp/jazzer-java-seeds13290441655221495326
INFO: -max_len is not provided; libFuzzer will not generate inputs larger than 4096 bytes
INFO: A corpus is not provided, starting from an empty corpus
#2	INITED cov: 35 ft: 35 corp: 1/1b exec/s: 0 rss: 941Mb
INFO: using inputs from: /tmp/bugrun/lang_17.fPEz3I/.cifuzz-corpus/com.example.algorithm2.Algorithm2Test/testParameterizedFuzzer
INFO: using inputs from: /tmp/jazzer-java-seeds13290441655221495326
INFO: New number of coverage counters: 4096
#3	NEW    cov: 44 ft: 45 corp: 2/2b lim: 4 exec/s: 0 rss: 1029Mb L: 1/1 MS: 2 ChangeByte-Custom-
#4	NEW    cov: 46 ft: 48 corp: 3/3b lim: 4 exec/s: 0 rss: 1029Mb L: 1/1 MS: 2 ChangeByte-Custom-
#5	NEW    cov: 49 ft: 51 corp: 4/4b lim: 4 exec/s: 0 rss: 1029Mb L: 1/1 MS: 2 ChangeBinInt-Custom-
#7	NEW    cov: 50 ft: 52 corp: 5/7b lim: 4 exec/s: 0 rss: 1029Mb L: 3/3 MS: 4 CopyPart-Custom-InsertByte-Custom-
#8	NEW    cov: 53 ft: 55 corp: 6/8b lim: 4 exec/s: 0 rss: 1029Mb L: 1/3 MS: 2 ChangeByte-Custom-
#10	NEW    cov: 56 ft: 58 corp: 7/10b lim: 4 exec/s: 0 rss: 1029Mb L: 2/3 MS: 4 ShuffleBytes-Custom-InsertByte-Custom-
#11	NEW    cov: 59 ft: 61 corp: 8/11b lim: 4 exec/s: 0 rss: 1029Mb L: 1/3 MS: 2 ChangeBit-Custom-
#14	NEW    cov: 64 ft: 66 corp: 9/12b lim: 4 exec/s: 0 rss: 1029Mb L: 1/3 MS: 6 ShuffleBytes-Custom-ShuffleBytes-Custom-ChangeBit-Custom-
#15	NEW    cov: 66 ft: 68 corp: 10/13b lim: 4 exec/s: 0 rss: 1029Mb L: 1/3 MS: 2 ChangeByte-Custom-
#21	NEW    cov: 75 ft: 77 corp: 11/14b lim: 4 exec/s: 0 rss: 1029Mb L: 1/3 MS: 2 ChangeBit-Custom-
#22	NEW    cov: 76 ft: 78 corp: 12/17b lim: 4 exec/s: 0 rss: 1029Mb L: 3/3 MS: 2 InsertByte-Custom-
#27	NEW    cov: 82 ft: 84 corp: 13/20b lim: 4 exec/s: 0 rss: 1029Mb L: 3/3 MS: 10 CopyPart-Custom-CopyPart-Custom-CopyPart-Custom-CrossOver-Custom-CrossOver-Custom-
INFO: Instrumented org.apache.commons.lang3.ArrayUtils (took 216 ms, size +20%)
#30	NEW    cov: 88 ft: 90 corp: 14/24b lim: 4 exec/s: 0 rss: 1033Mb L: 4/4 MS: 6 ChangeBit-Custom-ChangeBit-Custom-CrossOver-Custom-
INFO: Instrumented org.apache.commons.lang3.CharSequenceUtils (took 27 ms, size +60%)
#32	NEW    cov: 89 ft: 93 corp: 15/27b lim: 4 exec/s: 0 rss: 1033Mb L: 3/4 MS: 4 CopyPart-Custom-InsertByte-Custom-
#34	NEW    cov: 91 ft: 95 corp: 16/29b lim: 4 exec/s: 0 rss: 1033Mb L: 2/4 MS: 4 CrossOver-Custom-ChangeBinInt-Custom-
#35	NEW    cov: 92 ft: 96 corp: 17/32b lim: 4 exec/s: 0 rss: 1033Mb L: 3/4 MS: 2 InsertByte-Custom-
#36	NEW    cov: 92 ft: 99 corp: 18/33b lim: 4 exec/s: 0 rss: 1033Mb L: 1/4 MS: 2 ChangeByte-Custom-
#39	NEW    cov: 97 ft: 105 corp: 19/34b lim: 4 exec/s: 0 rss: 1033Mb L: 1/4 MS: 6 EraseBytes-Custom-CopyPart-Custom-ChangeBit-Custom-
#40	NEW    cov: 101 ft: 117 corp: 20/37b lim: 4 exec/s: 0 rss: 1033Mb L: 3/4 MS: 2 ChangeByte-Custom-
#47	NEW    cov: 114 ft: 131 corp: 21/39b lim: 4 exec/s: 0 rss: 1034Mb L: 2/4 MS: 4 InsertByte-Custom-CopyPart-Custom-
#48	NEW    cov: 116 ft: 133 corp: 22/40b lim: 4 exec/s: 0 rss: 1034Mb L: 1/4 MS: 2 ChangeByte-Custom-
#50	NEW    cov: 119 ft: 136 corp: 23/41b lim: 4 exec/s: 0 rss: 1034Mb L: 1/4 MS: 4 ChangeBinInt-Custom-ChangeByte-Custom-
#54	NEW    cov: 120 ft: 137 corp: 24/45b lim: 4 exec/s: 0 rss: 1034Mb L: 4/4 MS: 8 InsertByte-Custom-ShuffleBytes-Custom-ChangeBinInt-Custom-ChangeByte-Custom-
#55	NEW    cov: 125 ft: 142 corp: 25/48b lim: 4 exec/s: 0 rss: 1034Mb L: 3/4 MS: 2 ChangeBinInt-Custom-
#56	NEW    cov: 127 ft: 144 corp: 26/49b lim: 4 exec/s: 0 rss: 1034Mb L: 1/4 MS: 2 ChangeByte-Custom-
#60	NEW    cov: 129 ft: 146 corp: 27/51b lim: 4 exec/s: 0 rss: 1034Mb L: 2/4 MS: 8 CopyPart-Custom-CopyPart-Custom-CrossOver-Custom-ChangeByte-Custom-
#61	NEW    cov: 132 ft: 149 corp: 28/53b lim: 4 exec/s: 0 rss: 1034Mb L: 2/4 MS: 2 InsertByte-Custom-
#63	NEW    cov: 138 ft: 155 corp: 29/57b lim: 4 exec/s: 0 rss: 1034Mb L: 4/4 MS: 4 ChangeBit-Custom-ChangeByte-Custom-
#64	NEW    cov: 140 ft: 157 corp: 30/58b lim: 4 exec/s: 0 rss: 1034Mb L: 1/4 MS: 2 ChangeBit-Custom-
#68	NEW    cov: 140 ft: 160 corp: 31/62b lim: 4 exec/s: 0 rss: 1034Mb L: 4/4 MS: 8 InsertByte-Custom-ChangeBit-Custom-CopyPart-Custom-ShuffleBytes-Custom-
#69	NEW    cov: 141 ft: 161 corp: 32/66b lim: 4 exec/s: 0 rss: 1034Mb L: 4/4 MS: 2 ChangeByte-Custom-
#70	NEW    cov: 145 ft: 165 corp: 33/68b lim: 4 exec/s: 0 rss: 1034Mb L: 2/4 MS: 2 InsertByte-Custom-
#76	NEW    cov: 152 ft: 172 corp: 34/71b lim: 4 exec/s: 0 rss: 1034Mb L: 3/4 MS: 2 InsertByte-Custom-
#80	NEW    cov: 156 ft: 176 corp: 35/75b lim: 4 exec/s: 0 rss: 1034Mb L: 4/4 MS: 8 ShuffleBytes-Custom-ChangeBit-Custom-CrossOver-Custom-ChangeBinInt-Custom-
#82	REDUCE cov: 156 ft: 176 corp: 35/74b lim: 4 exec/s: 0 rss: 1034Mb L: 1/4 MS: 4 ShuffleBytes-Custom-EraseBytes-Custom-
#83	NEW    cov: 159 ft: 179 corp: 36/75b lim: 4 exec/s: 0 rss: 1034Mb L: 1/4 MS: 2 ChangeByte-Custom-
#84	NEW    cov: 162 ft: 182 corp: 37/76b lim: 4 exec/s: 0 rss: 1034Mb L: 1/4 MS: 2 ChangeBit-Custom-
#85	NEW    cov: 164 ft: 184 corp: 38/77b lim: 4 exec/s: 0 rss: 1034Mb L: 1/4 MS: 2 ChangeByte-Custom-
#86	NEW    cov: 164 ft: 186 corp: 39/80b lim: 4 exec/s: 0 rss: 1034Mb L: 3/4 MS: 2 CopyPart-Custom-
#92	NEW    cov: 167 ft: 189 corp: 40/81b lim: 4 exec/s: 0 rss: 1034Mb L: 1/4 MS: 2 EraseBytes-Custom-
#102	NEW    cov: 171 ft: 193 corp: 41/84b lim: 4 exec/s: 0 rss: 1034Mb L: 3/4 MS: 10 ShuffleBytes-Custom-CrossOver-Custom-CrossOver-Custom-ShuffleBytes-Custom-CrossOver-Custom-
#103	NEW    cov: 172 ft: 194 corp: 42/86b lim: 4 exec/s: 0 rss: 1034Mb L: 2/4 MS: 2 InsertByte-Custom-
#109	NEW    cov: 175 ft: 197 corp: 43/88b lim: 4 exec/s: 0 rss: 1035Mb L: 2/4 MS: 2 ChangeBit-Custom-
#113	NEW    cov: 177 ft: 199 corp: 44/91b lim: 4 exec/s: 0 rss: 1035Mb L: 3/4 MS: 8 ChangeBit-Custom-CrossOver-Custom-InsertByte-Custom-InsertByte-Custom-
#114	NEW    cov: 178 ft: 200 corp: 45/92b lim: 4 exec/s: 0 rss: 1035Mb L: 1/4 MS: 2 ChangeByte-Custom-
#115	NEW    cov: 180 ft: 202 corp: 46/96b lim: 4 exec/s: 0 rss: 1035Mb L: 4/4 MS: 2 ChangeBit-Custom-
#117	NEW    cov: 181 ft: 203 corp: 47/99b lim: 4 exec/s: 0 rss: 1035Mb L: 3/4 MS: 4 ShuffleBytes-Custom-EraseBytes-Custom-
#119	REDUCE cov: 181 ft: 203 corp: 47/98b lim: 4 exec/s: 0 rss: 1035Mb L: 1/4 MS: 4 CrossOver-Custom-EraseBytes-Custom-
#120	NEW    cov: 197 ft: 227 corp: 48/102b lim: 4 exec/s: 0 rss: 1035Mb L: 4/4 MS: 2 ChangeByte-Custom-
#121	NEW    cov: 200 ft: 230 corp: 49/105b lim: 4 exec/s: 0 rss: 1035Mb L: 3/4 MS: 2 InsertByte-Custom-
#122	REDUCE cov: 200 ft: 230 corp: 49/104b lim: 4 exec/s: 0 rss: 1035Mb L: 3/4 MS: 2 EraseBytes-Custom-
#125	NEW    cov: 203 ft: 233 corp: 50/108b lim: 4 exec/s: 0 rss: 1035Mb L: 4/4 MS: 6 CopyPart-Custom-CrossOver-Custom-CopyPart-Custom-
#127	NEW    cov: 205 ft: 235 corp: 51/110b lim: 4 exec/s: 0 rss: 1035Mb L: 2/4 MS: 4 CopyPart-Custom-ChangeBinInt-Custom-
#130	NEW    cov: 205 ft: 237 corp: 52/114b lim: 4 exec/s: 0 rss: 1035Mb L: 4/4 MS: 6 ChangeBit-Custom-ShuffleBytes-Custom-InsertByte-Custom-
#131	NEW    cov: 205 ft: 252 corp: 53/118b lim: 4 exec/s: 0 rss: 1035Mb L: 4/4 MS: 2 CrossOver-Custom-
#144	REDUCE cov: 206 ft: 253 corp: 54/121b lim: 4 exec/s: 0 rss: 1035Mb L: 3/4 MS: 6 CopyPart-Custom-CopyPart-Custom-CrossOver-Custom-
#148	NEW    cov: 209 ft: 256 corp: 55/124b lim: 4 exec/s: 0 rss: 1035Mb L: 3/4 MS: 8 InsertByte-Custom-ShuffleBytes-Custom-ChangeBit-Custom-ChangeBit-Custom-
#150	REDUCE cov: 209 ft: 256 corp: 55/123b lim: 4 exec/s: 0 rss: 1035Mb L: 3/4 MS: 4 ChangeByte-Custom-EraseBytes-Custom-
#151	NEW    cov: 215 ft: 262 corp: 56/124b lim: 4 exec/s: 0 rss: 1035Mb L: 1/4 MS: 2 ChangeBit-Custom-
#152	NEW    cov: 216 ft: 263 corp: 57/126b lim: 4 exec/s: 0 rss: 1035Mb L: 2/4 MS: 2 EraseBytes-Custom-
#153	NEW    cov: 218 ft: 265 corp: 58/130b lim: 4 exec/s: 0 rss: 1035Mb L: 4/4 MS: 2 ShuffleBytes-Custom-
#154	NEW    cov: 227 ft: 274 corp: 59/134b lim: 4 exec/s: 0 rss: 1035Mb L: 4/4 MS: 2 ChangeBit-Custom-
#157	NEW    cov: 229 ft: 276 corp: 60/138b lim: 4 exec/s: 0 rss: 1035Mb L: 4/4 MS: 6 ChangeByte-Custom-ShuffleBytes-Custom-CopyPart-Custom-
#171	NEW    cov: 229 ft: 278 corp: 61/142b lim: 4 exec/s: 0 rss: 1035Mb L: 4/4 MS: 8 ChangeBinInt-Custom-CrossOver-Custom-ChangeByte-Custom-CopyPart-Custom-
#176	NEW    cov: 230 ft: 279 corp: 62/143b lim: 4 exec/s: 0 rss: 1035Mb L: 1/4 MS: 10 CrossOver-Custom-ShuffleBytes-Custom-ChangeByte-Custom-ChangeByte-Custom-EraseBytes-Custom-
#177	NEW    cov: 232 ft: 281 corp: 63/147b lim: 4 exec/s: 0 rss: 1035Mb L: 4/4 MS: 2 InsertByte-Custom-
#187	NEW    cov: 249 ft: 298 corp: 64/151b lim: 4 exec/s: 0 rss: 1047Mb L: 4/4 MS: 10 ChangeBit-Custom-ChangeBit-Custom-ChangeBinInt-Custom-ChangeBit-Custom-CopyPart-Custom-
#197	NEW    cov: 256 ft: 305 corp: 65/155b lim: 4 exec/s: 0 rss: 1047Mb L: 4/4 MS: 10 ChangeByte-Custom-ShuffleBytes-Custom-ShuffleBytes-Custom-ChangeBinInt-Custom-CopyPart-Custom-
#200	NEW    cov: 257 ft: 306 corp: 66/158b lim: 4 exec/s: 0 rss: 1047Mb L: 3/4 MS: 6 EraseBytes-Custom-CopyPart-Custom-InsertByte-Custom-
#207	NEW    cov: 257 ft: 308 corp: 67/162b lim: 4 exec/s: 0 rss: 1047Mb L: 4/4 MS: 4 InsertByte-Custom-ShuffleBytes-Custom-
#211	NEW    cov: 259 ft: 310 corp: 68/163b lim: 4 exec/s: 0 rss: 1047Mb L: 1/4 MS: 8 ChangeBit-Custom-ShuffleBytes-Custom-CrossOver-Custom-ChangeBit-Custom-
#212	NEW    cov: 260 ft: 311 corp: 69/164b lim: 4 exec/s: 0 rss: 1047Mb L: 1/4 MS: 2 ChangeBit-Custom-
#225	NEW    cov: 263 ft: 314 corp: 70/166b lim: 4 exec/s: 0 rss: 1047Mb L: 2/4 MS: 6 ShuffleBytes-Custom-CopyPart-Custom-CrossOver-Custom-
#226	NEW    cov: 268 ft: 319 corp: 71/170b lim: 4 exec/s: 0 rss: 1047Mb L: 4/4 MS: 2 ChangeBinInt-Custom-
#246	NEW    cov: 271 ft: 322 corp: 72/171b lim: 4 exec/s: 0 rss: 1047Mb L: 1/4 MS: 10 CopyPart-Custom-CopyPart-Custom-CopyPart-Custom-CrossOver-Custom-ChangeBit-Custom-
#247	NEW    cov: 277 ft: 328 corp: 73/172b lim: 4 exec/s: 0 rss: 1047Mb L: 1/4 MS: 2 ChangeBit-Custom-
#252	NEW    cov: 280 ft: 331 corp: 74/176b lim: 4 exec/s: 0 rss: 1047Mb L: 4/4 MS: 10 CrossOver-Custom-ChangeBinInt-Custom-CopyPart-Custom-ChangeByte-Custom-ChangeBit-Custom-
#255	NEW    cov: 280 ft: 334 corp: 75/179b lim: 4 exec/s: 0 rss: 1047Mb L: 3/4 MS: 6 CrossOver-Custom-CopyPart-Custom-ChangeBinInt-Custom-
#257	NEW    cov: 282 ft: 336 corp: 76/183b lim: 4 exec/s: 0 rss: 1047Mb L: 4/4 MS: 4 CrossOver-Custom-ChangeBinInt-Custom-
#259	NEW    cov: 288 ft: 342 corp: 77/187b lim: 4 exec/s: 0 rss: 1050Mb L: 4/4 MS: 4 ChangeBit-Custom-ChangeBit-Custom-
#264	NEW    cov: 292 ft: 346 corp: 78/190b lim: 4 exec/s: 0 rss: 1050Mb L: 3/4 MS: 10 ChangeBinInt-Custom-InsertByte-Custom-ChangeBinInt-Custom-ShuffleBytes-Custom-EraseBytes-Custom-
#269	NEW    cov: 294 ft: 348 corp: 79/193b lim: 4 exec/s: 0 rss: 1050Mb L: 3/4 MS: 10 ChangeBit-Custom-ChangeBinInt-Custom-InsertByte-Custom-EraseBytes-Custom-ChangeBit-Custom-
#270	NEW    cov: 297 ft: 351 corp: 80/195b lim: 4 exec/s: 0 rss: 1050Mb L: 2/4 MS: 2 ChangeBinInt-Custom-
INFO: Instrumented org.apache.commons.lang3.ObjectUtils (took 27 ms, size +21%)
INFO: #274	NEW    cov: 299 ft: 353 corp: 81/196b lim: 4 exec/s: 0 rss: 1050Mb L: 1/4 MS: 8 CopyPart-Custom-CrossOver-Custom-EraseBytes-Custom-ChangeBit-Custom-
#276	NEW    cov: 320 ft: 376 corp: 82/197b lim: 4 exec/s: 0 rss: 1050Mb L: 1/4 MS: 4 ChangeByte-Custom-ChangeBit-Custom-
#277	NEW    cov: 324 ft: 380 corp: 83/201b lim: 4 exec/s: 0 rss: 1050Mb L: 4/4 MS: 2 CopyPart-Custom-
#278	NEW    cov: 324 ft: 382 corp: 84/205b lim: 4 exec/s: 0 rss: 1050Mb L: 4/4 MS: 2 InsertByte-Custom-
Instrumented org.apache.commons.lang3.exception.CloneFailedException (took 4 ms, size +37%)
INFO: Instrumented org.apache.commons.lang3.ObjectUtils$Null (took 3 ms, size +43%)
#279	NEW    cov: 325 ft: 383 corp: 85/207b lim: 4 exec/s: 0 rss: 1050Mb L: 2/4 MS: 2 InsertByte-Custom-
#286	NEW    cov: 326 ft: 384 corp: 86/211b lim: 4 exec/s: 0 rss: 1050Mb L: 4/4 MS: 4 ChangeByte-Custom-CrossOver-Custom-
#287	NEW    cov: 327 ft: 385 corp: 87/213b lim: 4 exec/s: 0 rss: 1050Mb L: 2/4 MS: 2 EraseBytes-Custom-
#289	NEW    cov: 328 ft: 386 corp: 88/214b lim: 4 exec/s: 0 rss: 1050Mb L: 1/4 MS: 4 ChangeByte-Custom-ChangeBit-Custom-
#294	NEW    cov: 331 ft: 389 corp: 89/215b lim: 4 exec/s: 0 rss: 1050Mb L: 1/4 MS: 10 ChangeBit-Custom-ChangeBinInt-Custom-ChangeBit-Custom-ChangeBinInt-Custom-CrossOver-Custom-
#301	NEW    cov: 333 ft: 391 corp: 90/217b lim: 4 exec/s: 0 rss: 1050Mb L: 2/4 MS: 4 InsertByte-Custom-ChangeBinInt-Custom-
#302	NEW    cov: 336 ft: 394 corp: 91/220b lim: 4 exec/s: 0 rss: 1050Mb L: 3/4 MS: 2 ChangeBit-Custom-
#310	REDUCE cov: 336 ft: 394 corp: 91/219b lim: 4 exec/s: 0 rss: 1050Mb L: 1/4 MS: 6 CrossOver-Custom-EraseBytes-Custom-EraseBytes-Custom-
#314	NEW    cov: 348 ft: 406 corp: 92/223b lim: 4 exec/s: 0 rss: 1050Mb L: 4/4 MS: 8 ChangeBinInt-Custom-CopyPart-Custom-ChangeByte-Custom-CopyPart-Custom-
#322	NEW    cov: 350 ft: 408 corp: 93/226b lim: 4 exec/s: 0 rss: 1050Mb L: 3/4 MS: 6 ChangeBinInt-Custom-InsertByte-Custom-CopyPart-Custom-
#328	NEW    cov: 357 ft: 415 corp: 94/228b lim: 4 exec/s: 0 rss: 1050Mb L: 2/4 MS: 2 InsertByte-Custom-
#334	NEW    cov: 358 ft: 416 corp: 95/230b lim: 4 exec/s: 0 rss: 1051Mb L: 2/4 MS: 2 ChangeBit-Custom-
#346	NEW    cov: 360 ft: 418 corp: 96/231b lim: 4 exec/s: 0 rss: 1051Mb L: 1/4 MS: 4 EraseBytes-Custom-EraseBytes-Custom-
#350	NEW    cov: 363 ft: 421 corp: 97/235b lim: 4 exec/s: 0 rss: 1051Mb L: 4/4 MS: 8 ChangeByte-Custom-CopyPart-Custom-CrossOver-Custom-ChangeBinInt-Custom-
#357	NEW    cov: 368 ft: 426 corp: 98/237b lim: 4 exec/s: 0 rss: 1051Mb L: 2/4 MS: 4 ChangeBit-Custom-InsertByte-Custom-
#360	NEW    cov: 369 ft: 427 corp: 99/238b lim: 4 exec/s: 0 rss: 1051Mb L: 1/4 MS: 6 ChangeBinInt-Custom-ChangeBit-Custom-CrossOver-Custom-
#362	NEW    cov: 371 ft: 429 corp: 100/242b lim: 4 exec/s: 0 rss: 1051Mb L: 4/4 MS: 4 CrossOver-Custom-ChangeBit-Custom-
#365	NEW    cov: 373 ft: 431 corp: 101/245b lim: 4 exec/s: 0 rss: 1051Mb L: 3/4 MS: 6 EraseBytes-Custom-ChangeBit-Custom-ChangeByte-Custom-
#367	NEW    cov: 374 ft: 432 corp: 102/247b lim: 4 exec/s: 0 rss: 1051Mb L: 2/4 MS: 4 CrossOver-Custom-ChangeBit-Custom-
#368	NEW    cov: 376 ft: 434 corp: 103/248b lim: 4 exec/s: 0 rss: 1051Mb L: 1/4 MS: 2 ChangeBit-Custom-
#370	NEW    cov: 379 ft: 437 corp: 104/249b lim: 4 exec/s: 0 rss: 1051Mb L: 1/4 MS: 4 ShuffleBytes-Custom-ChangeBinInt-Custom-
#383	NEW    cov: 381 ft: 439 corp: 105/250b lim: 4 exec/s: 0 rss: 1051Mb L: 1/4 MS: 6 CopyPart-Custom-CrossOver-Custom-ChangeByte-Custom-
#387	NEW    cov: 386 ft: 444 corp: 106/252b lim: 4 exec/s: 0 rss: 1051Mb L: 2/4 MS: 8 ChangeBinInt-Custom-ShuffleBytes-Custom-EraseBytes-Custom-ChangeBinInt-Custom-
#389	NEW    cov: 391 ft: 450 corp: 107/256b lim: 4 exec/s: 0 rss: 1051Mb L: 4/4 MS: 4 ChangeBit-Custom-CrossOver-Custom-
#396	REDUCE cov: 391 ft: 450 corp: 107/255b lim: 4 exec/s: 0 rss: 1051Mb L: 1/4 MS: 4 ShuffleBytes-Custom-EraseBytes-Custom-
#402	NEW    cov: 393 ft: 452 corp: 108/258b lim: 4 exec/s: 0 rss: 1051Mb L: 3/4 MS: 2 ChangeByte-Custom-
#412	NEW    cov: 396 ft: 455 corp: 109/261b lim: 4 exec/s: 0 rss: 1051Mb L: 3/4 MS: 10 EraseBytes-Custom-ChangeBit-Custom-EraseBytes-Custom-CopyPart-Custom-ChangeByte-Custom-
#414	NEW    cov: 397 ft: 457 corp: 110/265b lim: 4 exec/s: 0 rss: 1051Mb L: 4/4 MS: 4 CopyPart-Custom-InsertByte-Custom-
#432	NEW    cov: 403 ft: 463 corp: 111/268b lim: 4 exec/s: 0 rss: 1051Mb L: 3/4 MS: 6 InsertByte-Custom-CrossOver-Custom-ChangeBinInt-Custom-
#440	NEW    cov: 406 ft: 466 corp: 112/270b lim: 4 exec/s: 0 rss: 1051Mb L: 2/4 MS: 6 CrossOver-Custom-ChangeByte-Custom-ChangeByte-Custom-
#441	NEW    cov: 408 ft: 468 corp: 113/271b lim: 4 exec/s: 0 rss: 1051Mb L: 1/4 MS: 2 ChangeByte-Custom-
#445	NEW    cov: 414 ft: 474 corp: 114/274b lim: 4 exec/s: 0 rss: 1051Mb L: 3/4 MS: 8 EraseBytes-Custom-CrossOver-Custom-InsertByte-Custom-ChangeBit-Custom-
#458	NEW    cov: 416 ft: 476 corp: 115/275b lim: 4 exec/s: 0 rss: 1052Mb L: 1/4 MS: 6 ChangeBit-Custom-CrossOver-Custom-ChangeByte-Custom-
#467	NEW    cov: 417 ft: 477 corp: 116/279b lim: 4 exec/s: 0 rss: 1052Mb L: 4/4 MS: 8 CopyPart-Custom-InsertByte-Custom-ShuffleBytes-Custom-ChangeByte-Custom-
#477	REDUCE cov: 417 ft: 477 corp: 116/278b lim: 4 exec/s: 0 rss: 1052Mb L: 3/4 MS: 10 CopyPart-Custom-CopyPart-Custom-ChangeBit-Custom-CopyPart-Custom-EraseBytes-Custom-
#482	NEW    cov: 417 ft: 478 corp: 117/282b lim: 4 exec/s: 0 rss: 1052Mb L: 4/4 MS: 10 ChangeByte-Custom-CrossOver-Custom-ShuffleBytes-Custom-ChangeByte-Custom-InsertByte-Custom-
#494	NEW    cov: 419 ft: 480 corp: 118/285b lim: 4 exec/s: 0 rss: 1052Mb L: 3/4 MS: 4 CopyPart-Custom-InsertByte-Custom-
#500	REDUCE cov: 419 ft: 480 corp: 118/284b lim: 4 exec/s: 0 rss: 1052Mb L: 1/4 MS: 2 EraseBytes-Custom-
#502	REDUCE cov: 419 ft: 480 corp: 118/283b lim: 4 exec/s: 0 rss: 1052Mb L: 3/4 MS: 4 EraseBytes-Custom-CrossOver-Custom-
#511	NEW    cov: 422 ft: 483 corp: 119/285b lim: 4 exec/s: 0 rss: 1052Mb L: 2/4 MS: 8 ChangeBit-Custom-ChangeBit-Custom-ChangeByte-Custom-ChangeByte-Custom-
#512	NEW    cov: 422 ft: 484 corp: 120/289b lim: 4 exec/s: 0 rss: 1052Mb L: 4/4 MS: 2 CopyPart-Custom-
#532	NEW    cov: 422 ft: 488 corp: 121/292b lim: 4 exec/s: 0 rss: 1052Mb L: 3/4 MS: 10 InsertByte-Custom-ChangeByte-Custom-ChangeByte-Custom-ChangeBit-Custom-CrossOver-Custom-
#535	NEW    cov: 425 ft: 491 corp: 122/294b lim: 4 exec/s: 0 rss: 1052Mb L: 2/4 MS: 6 CrossOver-Custom-CrossOver-Custom-ChangeBit-Custom-
#537	NEW    cov: 430 ft: 496 corp: 123/298b lim: 4 exec/s: 0 rss: 1052Mb L: 4/4 MS: 4 CMP-Custom-CopyPart-Custom- DE: "\377\377\377\006"-
#540	NEW    cov: 434 ft: 500 corp: 124/302b lim: 4 exec/s: 0 rss: 1052Mb L: 4/4 MS: 6 ChangeByte-Custom-PersAutoDict-Custom-ChangeBinInt-Custom- DE: "\377\377\377\006"-
#546	NEW    cov: 438 ft: 504 corp: 125/303b lim: 4 exec/s: 0 rss: 1052Mb L: 1/4 MS: 2 ChangeByte-Custom-
#571	NEW    cov: 444 ft: 511 corp: 126/306b lim: 4 exec/s: 0 rss: 1053Mb L: 3/4 MS: 10 CrossOver-Custom-ShuffleBytes-Custom-ShuffleBytes-Custom-ChangeByte-Custom-InsertByte-Custom-
#572	NEW    cov: 445 ft: 512 corp: 127/310b lim: 4 exec/s: 0 rss: 1053Mb L: 4/4 MS: 2 ChangeBinInt-Custom-
#576	NEW    cov: 448 ft: 515 corp: 128/311b lim: 4 exec/s: 0 rss: 1053Mb L: 1/4 MS: 8 ChangeBit-Custom-ShuffleBytes-Custom-ChangeByte-Custom-ChangeByte-Custom-
#591	NEW    cov: 457 ft: 527 corp: 129/314b lim: 4 exec/s: 0 rss: 1053Mb L: 3/4 MS: 10 ShuffleBytes-Custom-ShuffleBytes-Custom-CopyPart-Custom-ShuffleBytes-Custom-InsertByte-Custom-
#596	NEW    cov: 460 ft: 530 corp: 130/318b lim: 4 exec/s: 0 rss: 1053Mb L: 4/4 MS: 10 CrossOver-Custom-CopyPart-Custom-CMP-Custom-CopyPart-Custom-ChangeByte-Custom- DE: "\242\000"-
#613	NEW    cov: 461 ft: 531 corp: 131/322b lim: 4 exec/s: 0 rss: 1053Mb L: 4/4 MS: 4 ShuffleBytes-Custom-CrossOver-Custom-
#624	NEW    cov: 467 ft: 537 corp: 132/325b lim: 4 exec/s: 0 rss: 1053Mb L: 3/4 MS: 2 CMP-Custom- DE: "\377\217"-
#625	REDUCE cov: 467 ft: 537 corp: 132/324b lim: 4 exec/s: 0 rss: 1053Mb L: 2/4 MS: 2 EraseBytes-Custom-
#642	NEW    cov: 469 ft: 539 corp: 133/327b lim: 4 exec/s: 0 rss: 1053Mb L: 3/4 MS: 4 ShuffleBytes-Custom-ChangeBinInt-Custom-
#649	NEW    cov: 470 ft: 540 corp: 134/329b lim: 4 exec/s: 0 rss: 1053Mb L: 2/4 MS: 4 EraseBytes-Custom-PersAutoDict-Custom- DE: "\377\217"-
#650	NEW    cov: 472 ft: 542 corp: 135/330b lim: 4 exec/s: 0 rss: 1053Mb L: 1/4 MS: 2 ChangeBit-Custom-
MS: 2 InsertByte-Custom-; base unit: a3f294235fe5422005ae9bc3a0d1bffe12cfe353
0x81,0x44,
\201D
artifact_prefix='/tmp/bugrun/lang_17.fPEz3I/'; Test unit written to /tmp/bugrun/lang_17.fPEz3I/crash-f165cd1e3058ea8ef726fdd6bf588d838b26355fDEDUP_TOKEN: 3d05c5a4c5ba986a

Base64: gUQ=
Done 661 runs in 0 second(s)
[ERROR] Tests run: 2, Failures: 0, Errors: 1, Skipped: 0, Time elapsed: 6.358 s <<< FAILURE! -- in com.example.algorithm2.Algorithm2Test
[ERROR] com.example.algorithm2.Algorithm2Test.testParameterizedFuzzer(FuzzedDataProvider)[2] -- Time elapsed: 0.598 s <<< ERROR!
java.lang.IllegalArgumentException: Minimum abbreviation width is 4
	at org.apache.commons.lang3.StringUtils.abbreviate(StringUtils.java:5717)
	at java.base/jdk.internal.reflect.NativeMethodAccessorImpl.invoke0(Native Method)
	at java.base/jdk.internal.reflect.NativeMethodAccessorImpl.invoke(NativeMethodAccessorImpl.java:62)
	at java.base/jdk.internal.reflect.DelegatingMethodAccessorImpl.invoke(DelegatingMethodAccessorImpl.java:43)
	at java.base/java.lang.reflect.Method.invoke(Method.java:566)
	at com.example.algorithm2.Algorithm2Test.testParameterizedFuzzer(Algorithm2Test.java:226)

[INFO] 
[INFO] Results:
[INFO] 
[ERROR] Errors: 
[ERROR]   Algorithm2Test.testParameterizedFuzzer:226 » IllegalArgument Minimum abbreviation width is 4
[INFO] 
[ERROR] Tests run: 2, Failures: 0, Errors: 1, Skipped: 0
[INFO] 
[ERROR] 

Please refer to /tmp/bugrun/lang_17.fPEz3I/target/surefire-reports for the individual test results.
Please refer to dump files (if any exist) [date].dump, [date]-jvmRun[N].dump and [date].dumpstream.
[INFO] 
[INFO] --- jacoco:0.8.11:report (default-cli) @ AlgorithmName2 ---
[INFO] Loading execution data file /tmp/bugrun/lang_17.fPEz3I/target/jacoco.exec
[INFO] Analyzed bundle 'AlgorithmName2' with 142 classes
[INFO] ------------------------------------------------------------------------
[INFO] BUILD SUCCESS
[INFO] ------------------------------------------------------------------------
[INFO] Total time:  18.029 s
[INFO] Finished at: 2026-10-06T03:48:37+07:00
[INFO] ------------------------------------------------------------------------
