[INFO] Scanning for projects...
[INFO] 
[INFO] ---------------------< com.example:AlgorithmName2 >---------------------
[INFO] Building AlgorithmName2 1.0-SNAPSHOT
[INFO]   from pom.xml
[INFO] --------------------------------[ jar ]---------------------------------
[INFO] 
[INFO] --- jacoco:0.8.11:prepare-agent (default) @ AlgorithmName2 ---
[INFO] argLine set to -javaagent:/home/kanyaphak673380391-3/.m2/repository/org/jacoco/org.jacoco.agent/0.8.11/org.jacoco.agent-0.8.11-runtime.jar=destfile=/tmp/bugrun/math_11.V6Djz2/target/jacoco.exec
[INFO] 
[INFO] --- resources:3.4.0:resources (default-resources) @ AlgorithmName2 ---
[INFO] Copying 1 resource from src/main/resources to target/classes
[INFO] 
[INFO] --- compiler:3.15.0:compile (default-compile) @ AlgorithmName2 ---
[INFO] Recompiling the module because of changed source code.
[INFO] Compiling 1 source file with javac [debug target 1.8] to target/classes
[WARNING] bootstrap class path not set in conjunction with -source 8
[INFO] 
[INFO] --- dependency:3.6.0:unpack-dependencies (unpack-defects4j) @ AlgorithmName2 ---
[INFO] 
[INFO] --- resources:3.4.0:testResources (default-testResources) @ AlgorithmName2 ---
[INFO] skip non existing resourceDirectory /tmp/bugrun/math_11.V6Djz2/src/test/resources
[INFO] 
[INFO] --- compiler:3.15.0:testCompile (default-testCompile) @ AlgorithmName2 ---
[INFO] Recompiling the module because of changed dependency.
[INFO] Compiling 1 source file with javac [debug target 1.8] to target/test-classes
[WARNING] bootstrap class path not set in conjunction with -source 8
[INFO] 
[INFO] --- surefire:3.1.2:test (default-cli) @ AlgorithmName2 ---
[INFO] Using auto detected provider org.apache.maven.surefire.junitplatform.JUnitPlatformProvider
[INFO] 
[INFO] -------------------------------------------------------
[INFO]  T E S T S
[INFO] -------------------------------------------------------
[INFO] Running com.example.algorithm2.Algorithm2Test
OpenJDK 64-Bit Server VM warning: Sharing is only supported for boot loader classes because bootstrap classpath has been appended
INFO: Loaded 284 hooks from com.code_intelligence.jazzer.runtime.TraceCmpHooks
INFO: Loaded 5 hooks from com.code_intelligence.jazzer.runtime.TraceDivHooks
INFO: Loaded 2 hooks from com.code_intelligence.jazzer.runtime.TraceIndirHooks
INFO: Loaded 4 hooks from com.code_intelligence.jazzer.runtime.NativeLibHooks
INFO: Loaded 2 hooks from com.code_intelligence.jazzer.sanitizers.ClojureLangHooks
INFO: Loaded 5 hooks from com.code_intelligence.jazzer.sanitizers.Deserialization
INFO: Loaded 5 hooks from com.code_intelligence.jazzer.sanitizers.ExpressionLanguageInjection
INFO: Loaded 70 hooks from com.code_intelligence.jazzer.sanitizers.LdapInjection
INFO: Loaded 46 hooks from com.code_intelligence.jazzer.sanitizers.NamingContextLookup
INFO: Loaded 1 hooks from com.code_intelligence.jazzer.sanitizers.OsCommandInjection
INFO: Loaded 52 hooks from com.code_intelligence.jazzer.sanitizers.ReflectiveCall
INFO: Loaded 8 hooks from com.code_intelligence.jazzer.sanitizers.RegexInjection
INFO: Loaded 16 hooks from com.code_intelligence.jazzer.sanitizers.RegexRoadblocks
INFO: Loaded 18 hooks from com.code_intelligence.jazzer.sanitizers.ScriptEngineInjection
INFO: Loaded 2 hooks from com.code_intelligence.jazzer.sanitizers.ServerSideRequestForgery
INFO: Loaded 19 hooks from com.code_intelligence.jazzer.sanitizers.SqlInjection
INFO: Loaded 6 hooks from com.code_intelligence.jazzer.sanitizers.XPathInjection
INFO: Instrumented com.example.algorithm2.Algorithm2Test$Skip (took 288 ms, size +44%)
INFO: Instrumented com.example.algorithm2.Algorithm2Test (took 290 ms, size +27%)
INFO: New number of coverage counters: 1024
INFO: Instrumented org.apache.commons.math3.util.Precision (took 148 ms, size +26%)
INFO: Instrumented org.apache.commons.math3.exception.MathArithmeticException (took 15 ms, size +24%)
INFO: Instrumented org.apache.commons.math3.exception.util.ExceptionContextProvider (took 0 ms, size +0%)
INFO: Instrumented org.apache.commons.math3.exception.util.Localizable (took 3 ms, size +0%)
INFO: Instrumented org.apache.commons.math3.exception.MathIllegalArgumentException (took 19 ms, size +27%)
[harness] target=org.apache.commons.math3.util.Precision factories=1 methods=20
INFO: New number of coverage counters: 2048
INFO: Instrumented org.apache.commons.math3.util.FastMath (took 109 ms, size +16%)
INFO: found LLVMFuzzerCustomMutator (0x7216c9d70cd0). Disabling -len_control by default.
INFO: Running with entropic power schedule (0xFF, 100).
INFO: Seed: 2869879423
INFO: using inputs from: /tmp/bugrun/math_11.V6Djz2/.cifuzz-corpus/com.example.algorithm2.Algorithm2Test/testParameterizedFuzzer
INFO: using inputs from: /tmp/jazzer-java-seeds7486000985229755848
INFO: Loaded 3 modules   (2048 inline 8-bit counters): 512 [0x72178cb8d8c0, 0x72178cb8dac0), 512 [0x72178cb8dac0, 0x72178cb8dcc0), 1024 [0x72178cb8dcc0, 0x72178cb8e0c0), 
INFO: Loaded 3 PC tables (2048 PCs): 512 [0x72178ca4f350,0x72178ca51350), 512 [0x72178cb5f7d0,0x72178cb617d0), 1024 [0x72178cd56920,0x72178cd5a920), 
INFO:        0 files found in /tmp/bugrun/math_11.V6Djz2/.cifuzz-corpus/com.example.algorithm2.Algorithm2Test/testParameterizedFuzzer
INFO:        0 files found in /tmp/jazzer-java-seeds7486000985229755848
INFO: -max_len is not provided; libFuzzer will not generate inputs larger than 4096 bytes
INFO: A corpus is not provided, starting from an empty corpus
#2	INITED cov: 45 ft: 45 corp: 1/1b exec/s: 0 rss: 809Mb
#4	NEW    cov: 54 ft: 72 corp: 2/2b lim: 4 exec/s: 0 rss: 809Mb L: 1/1 MS: 4 ShuffleBytes-Custom-ChangeBit-Custom-
#7	NEW    cov: 70 ft: 90 corp: 3/3b lim: 4 exec/s: 0 rss: 809Mb L: 1/1 MS: 6 ShuffleBytes-Custom-CopyPart-Custom-ChangeBit-Custom-
#9	NEW    cov: 75 ft: 97 corp: 4/4b lim: 4 exec/s: 0 rss: 809Mb L: 1/1 MS: 4 CrossOver-Custom-ChangeBinInt-Custom-
#12	NEW    cov: 77 ft: 99 corp: 5/5b lim: 4 exec/s: 0 rss: 809Mb L: 1/1 MS: 6 ShuffleBytes-Custom-ShuffleBytes-Custom-ChangeBit-Custom-
#13	NEW    cov: 78 ft: 100 corp: 6/7b lim: 4 exec/s: 0 rss: 809Mb L: 2/2 MS: 2 InsertByte-Custom-
#19	NEW    cov: 83 ft: 105 corp: 7/8b lim: 4 exec/s: 0 rss: 809Mb L: 1/2 MS: 2 ChangeBit-Custom-
#21	NEW    cov: 87 ft: 109 corp: 8/9b lim: 4 exec/s: 0 rss: 809Mb L: 1/2 MS: 4 ChangeByte-Custom-ChangeBit-Custom-
#25	NEW    cov: 89 ft: 111 corp: 9/10b lim: 4 exec/s: 0 rss: 809Mb L: 1/2 MS: 8 ShuffleBytes-Custom-ChangeByte-Custom-CrossOver-Custom-ChangeByte-Custom-
#28	NEW    cov: 91 ft: 113 corp: 10/11b lim: 4 exec/s: 0 rss: 809Mb L: 1/2 MS: 6 ShuffleBytes-Custom-ChangeByte-Custom-ChangeBinInt-Custom-
#29	NEW    cov: 93 ft: 115 corp: 11/13b lim: 4 exec/s: 0 rss: 809Mb L: 2/2 MS: 2 CopyPart-Custom-
#32	NEW    cov: 95 ft: 117 corp: 12/14b lim: 4 exec/s: 0 rss: 809Mb L: 1/2 MS: 6 CrossOver-Custom-CrossOver-Custom-ChangeByte-Custom-
#36	NEW    cov: 102 ft: 124 corp: 13/16b lim: 4 exec/s: 0 rss: 809Mb L: 2/2 MS: 8 ChangeByte-Custom-ChangeBit-Custom-CrossOver-Custom-CrossOver-Custom-
#37	NEW    cov: 107 ft: 129 corp: 14/18b lim: 4 exec/s: 0 rss: 809Mb L: 2/2 MS: 2 InsertByte-Custom-
#42	NEW    cov: 111 ft: 133 corp: 15/20b lim: 4 exec/s: 0 rss: 809Mb L: 2/2 MS: 10 ChangeByte-Custom-ChangeByte-Custom-CopyPart-Custom-CopyPart-Custom-CrossOver-Custom-
#46	NEW    cov: 112 ft: 134 corp: 16/22b lim: 4 exec/s: 0 rss: 809Mb L: 2/2 MS: 8 CopyPart-Custom-ChangeBit-Custom-CrossOver-Custom-CrossOver-Custom-
#53	NEW    cov: 117 ft: 139 corp: 17/23b lim: 4 exec/s: 0 rss: 809Mb L: 1/2 MS: 4 ChangeBit-Custom-ChangeByte-Custom-
#65	NEW    cov: 119 ft: 141 corp: 18/25b lim: 4 exec/s: 0 rss: 809Mb L: 2/2 MS: 4 CopyPart-Custom-ChangeBit-Custom-
#67	NEW    cov: 122 ft: 144 corp: 19/29b lim: 4 exec/s: 0 rss: 809Mb L: 4/4 MS: 4 InsertByte-Custom-CopyPart-Custom-
#70	NEW    cov: 123 ft: 145 corp: 20/32b lim: 4 exec/s: 0 rss: 809Mb L: 3/4 MS: 6 ChangeByte-Custom-ChangeByte-Custom-InsertByte-Custom-
#73	NEW    cov: 125 ft: 147 corp: 21/36b lim: 4 exec/s: 0 rss: 809Mb L: 4/4 MS: 6 InsertByte-Custom-CMP-Custom-ChangeBit-Custom- DE: "\001\000"-
#95	NEW    cov: 147 ft: 169 corp: 22/38b lim: 4 exec/s: 0 rss: 809Mb L: 2/4 MS: 4 ChangeBinInt-Custom-ChangeBinInt-Custom-
#97	REDUCE cov: 147 ft: 169 corp: 22/36b lim: 4 exec/s: 0 rss: 809Mb L: 2/4 MS: 4 ChangeBinInt-Custom-EraseBytes-Custom-
#130	NEW    cov: 151 ft: 173 corp: 23/38b lim: 4 exec/s: 0 rss: 814Mb L: 2/4 MS: 6 PersAutoDict-Custom-PersAutoDict-Custom-ChangeByte-Custom- DE: "\001\000"-"\001\000"-
#136	NEW    cov: 153 ft: 175 corp: 24/42b lim: 4 exec/s: 0 rss: 815Mb L: 4/4 MS: 2 PersAutoDict-Custom- DE: "\001\000"-
#143	REDUCE cov: 155 ft: 177 corp: 25/43b lim: 4 exec/s: 0 rss: 815Mb L: 1/4 MS: 4 ChangeByte-Custom-EraseBytes-Custom-
#157	NEW    cov: 156 ft: 178 corp: 26/45b lim: 4 exec/s: 0 rss: 815Mb L: 2/4 MS: 8 CopyPart-Custom-ChangeByte-Custom-ChangeByte-Custom-CopyPart-Custom-
#173	REDUCE cov: 156 ft: 178 corp: 26/44b lim: 4 exec/s: 0 rss: 815Mb L: 1/4 MS: 2 EraseBytes-Custom-
#179	NEW    cov: 158 ft: 180 corp: 27/46b lim: 4 exec/s: 0 rss: 815Mb L: 2/4 MS: 2 ChangeBinInt-Custom-
#228	NEW    cov: 160 ft: 184 corp: 28/48b lim: 4 exec/s: 0 rss: 815Mb L: 2/4 MS: 8 EraseBytes-Custom-ChangeBit-Custom-InsertByte-Custom-ChangeBit-Custom-
#249	REDUCE cov: 161 ft: 185 corp: 29/52b lim: 4 exec/s: 0 rss: 815Mb L: 4/4 MS: 2 CopyPart-Custom-
#258	NEW    cov: 162 ft: 186 corp: 30/55b lim: 4 exec/s: 0 rss: 815Mb L: 3/4 MS: 8 CopyPart-Custom-ChangeBinInt-Custom-InsertByte-Custom-ChangeBinInt-Custom-
#287	NEW    cov: 163 ft: 189 corp: 31/57b lim: 4 exec/s: 0 rss: 815Mb L: 2/4 MS: 8 InsertByte-Custom-ChangeByte-Custom-ChangeByte-Custom-ChangeBinInt-Custom-
#364	NEW    cov: 164 ft: 190 corp: 32/59b lim: 4 exec/s: 0 rss: 815Mb L: 2/4 MS: 4 CrossOver-Custom-EraseBytes-Custom-
#432	NEW    cov: 166 ft: 192 corp: 33/60b lim: 4 exec/s: 0 rss: 815Mb L: 1/4 MS: 6 ChangeBit-Custom-ChangeBinInt-Custom-ChangeBit-Custom-
#590	REDUCE cov: 171 ft: 199 corp: 34/62b lim: 4 exec/s: 0 rss: 815Mb L: 2/4 MS: 6 CopyPart-Custom-InsertByte-Custom-CopyPart-Custom-
#724	NEW    cov: 171 ft: 200 corp: 35/66b lim: 4 exec/s: 0 rss: 815Mb L: 4/4 MS: 8 CopyPart-Custom-ChangeBinInt-Custom-CrossOver-Custom-InsertByte-Custom-
#1172	REDUCE cov: 171 ft: 200 corp: 35/65b lim: 8 exec/s: 0 rss: 815Mb L: 2/4 MS: 6 CopyPart-Custom-ChangeByte-Custom-EraseBytes-Custom-
#1180	NEW    cov: 172 ft: 201 corp: 36/73b lim: 8 exec/s: 0 rss: 815Mb L: 8/8 MS: 6 CrossOver-Custom-InsertRepeatedBytes-Custom-CopyPart-Custom-
#1357	REDUCE cov: 172 ft: 201 corp: 36/72b lim: 8 exec/s: 0 rss: 815Mb L: 3/8 MS: 4 InsertByte-Custom-EraseBytes-Custom-
#1384	NEW    cov: 179 ft: 208 corp: 37/80b lim: 8 exec/s: 0 rss: 815Mb L: 8/8 MS: 4 CrossOver-Custom-InsertRepeatedBytes-Custom-
WARN: Some hooks could not be applied to class files built for Java 7 or lower.
                       Ensure that the fuzz target and its dependencies are compiled with
                       -target 8 or higher to identify as many bugs as possible.
INFO: Instrumented org.apache.commons.math3.exception.util.LocalizedFormats (took 39 ms, size +6%)
#1887	NEW    cov: 540 ft: 570 corp: 38/90b lim: 11 exec/s: 0 rss: 815Mb L: 10/10 MS: 6 ChangeBit-Custom-ShuffleBytes-Custom-CMP-Custom- DE: "\000\001"-
#1974	REDUCE cov: 540 ft: 570 corp: 38/89b lim: 11 exec/s: 0 rss: 815Mb L: 1/10 MS: 4 ShuffleBytes-Custom-EraseBytes-Custom-
#1980	NEW    cov: 542 ft: 573 corp: 39/99b lim: 11 exec/s: 0 rss: 815Mb L: 10/10 MS: 2 ChangeBit-Custom-
#2016	REDUCE cov: 542 ft: 573 corp: 39/98b lim: 11 exec/s: 0 rss: 815Mb L: 2/10 MS: 2 EraseBytes-Custom-
#2171	NEW    cov: 543 ft: 577 corp: 40/109b lim: 11 exec/s: 0 rss: 815Mb L: 11/11 MS: 10 ChangeByte-Custom-ChangeBinInt-Custom-CopyPart-Custom-PersAutoDict-Custom-CrossOver-Custom- DE: "\000\001"-
#2211	REDUCE cov: 543 ft: 578 corp: 41/119b lim: 11 exec/s: 0 rss: 815Mb L: 10/11 MS: 10 InsertRepeatedBytes-Custom-CopyPart-Custom-CrossOver-Custom-ChangeBit-Custom-CrossOver-Custom-
#2237	NEW    cov: 543 ft: 579 corp: 42/130b lim: 11 exec/s: 0 rss: 815Mb L: 11/11 MS: 2 PersAutoDict-Custom- DE: "\000\001"-
#2252	NEW    cov: 546 ft: 598 corp: 43/141b lim: 11 exec/s: 0 rss: 815Mb L: 11/11 MS: 10 CrossOver-Custom-CrossOver-Custom-ShuffleBytes-Custom-InsertRepeatedBytes-Custom-InsertRepeatedBytes-Custom-
#2262	NEW    cov: 547 ft: 600 corp: 44/151b lim: 11 exec/s: 0 rss: 815Mb L: 10/11 MS: 10 CopyPart-Custom-CMP-Custom-PersAutoDict-Custom-CopyPart-Custom-EraseBytes-Custom- DE: "\011\000"-"\000\001"-
#2278	NEW    cov: 547 ft: 602 corp: 45/161b lim: 11 exec/s: 0 rss: 815Mb L: 10/11 MS: 2 ChangeByte-Custom-
#2298	NEW    cov: 547 ft: 604 corp: 46/171b lim: 11 exec/s: 0 rss: 815Mb L: 10/11 MS: 10 ChangeByte-Custom-ChangeBinInt-Custom-CrossOver-Custom-CrossOver-Custom-ChangeBit-Custom-
#2307	NEW    cov: 547 ft: 605 corp: 47/180b lim: 11 exec/s: 0 rss: 815Mb L: 9/11 MS: 8 EraseBytes-Custom-ChangeByte-Custom-InsertByte-Custom-ShuffleBytes-Custom-
#2355	NEW    cov: 548 ft: 606 corp: 48/191b lim: 11 exec/s: 0 rss: 815Mb L: 11/11 MS: 6 ChangeBinInt-Custom-ShuffleBytes-Custom-ChangeBinInt-Custom-
#2473	NEW    cov: 549 ft: 607 corp: 49/201b lim: 11 exec/s: 0 rss: 815Mb L: 10/11 MS: 6 CMP-Custom-ChangeBinInt-Custom-InsertByte-Custom- DE: "\350\377\377\377\377\377\357\177"-
#2613	NEW    cov: 549 ft: 608 corp: 50/212b lim: 11 exec/s: 0 rss: 815Mb L: 11/11 MS: 10 ChangeBinInt-Custom-ShuffleBytes-Custom-EraseBytes-Custom-EraseBytes-Custom-InsertRepeatedBytes-Custom-
#2679	NEW    cov: 553 ft: 612 corp: 51/223b lim: 11 exec/s: 0 rss: 815Mb L: 11/11 MS: 2 ShuffleBytes-Custom-
#2710	NEW    cov: 554 ft: 613 corp: 52/225b lim: 11 exec/s: 0 rss: 815Mb L: 2/11 MS: 2 ChangeBit-Custom-
#2728	NEW    cov: 554 ft: 614 corp: 53/236b lim: 11 exec/s: 0 rss: 815Mb L: 11/11 MS: 6 CopyPart-Custom-ChangeBinInt-Custom-ChangeBinInt-Custom-
#2755	NEW    cov: 556 ft: 617 corp: 54/247b lim: 11 exec/s: 0 rss: 815Mb L: 11/11 MS: 4 CrossOver-Custom-CrossOver-Custom-
#3003	REDUCE cov: 557 ft: 618 corp: 55/256b lim: 11 exec/s: 0 rss: 815Mb L: 9/11 MS: 6 InsertRepeatedBytes-Custom-EraseBytes-Custom-CopyPart-Custom-
#3063	REDUCE cov: 557 ft: 618 corp: 55/255b lim: 11 exec/s: 0 rss: 815Mb L: 8/11 MS: 10 ChangeBinInt-Custom-ChangeBinInt-Custom-CopyPart-Custom-ShuffleBytes-Custom-EraseBytes-Custom-
#3155	NEW    cov: 557 ft: 619 corp: 56/266b lim: 11 exec/s: 0 rss: 815Mb L: 11/11 MS: 4 CrossOver-Custom-ShuffleBytes-Custom-
#3182	NEW    cov: 559 ft: 621 corp: 57/277b lim: 11 exec/s: 0 rss: 815Mb L: 11/11 MS: 4 CrossOver-Custom-ShuffleBytes-Custom-
INFO: Instrumented org.apache.commons.math3.exception.util.ExceptionContext (took 35 ms, size +24%)
INFO: #3289	REDUCE cov: 559 ft: 621 corp: 57/275b lim: 11 exec/s: 0 rss: 815Mb L: 8/11 MS: 4 PersAutoDict-Custom-EraseBytes-Custom- DE: "\001\000"-
Instrumented org.apache.commons.math3.exception.util.ArgUtils (took 5 ms, size +46%)
#3315	NEW    cov: 559 ft: 625 corp: 58/286b lim: 11 exec/s: 0 rss: 815Mb L: 11/11 MS: 2 ShuffleBytes-Custom-
#3632	NEW    cov: 560 ft: 626 corp: 59/299b lim: 14 exec/s: 0 rss: 816Mb L: 13/13 MS: 4 InsertRepeatedBytes-Custom-CopyPart-Custom-
#3670	NEW    cov: 561 ft: 627 corp: 60/301b lim: 14 exec/s: 0 rss: 816Mb L: 2/13 MS: 6 ChangeBinInt-Custom-ChangeByte-Custom-ChangeBit-Custom-
#3671	NEW    cov: 562 ft: 628 corp: 61/303b lim: 14 exec/s: 0 rss: 816Mb L: 2/13 MS: 2 ChangeByte-Custom-
#4138	NEW    cov: 562 ft: 631 corp: 62/320b lim: 17 exec/s: 0 rss: 816Mb L: 17/17 MS: 4 ChangeBinInt-Custom-CopyPart-Custom-
#4247	NEW    cov: 562 ft: 632 corp: 63/334b lim: 17 exec/s: 0 rss: 816Mb L: 14/17 MS: 8 EraseBytes-Custom-ChangeBit-Custom-CopyPart-Custom-InsertRepeatedBytes-Custom-
#4426	REDUCE cov: 562 ft: 632 corp: 63/332b lim: 17 exec/s: 0 rss: 816Mb L: 9/17 MS: 8 ChangeBit-Custom-ShuffleBytes-Custom-PersAutoDict-Custom-EraseBytes-Custom- DE: "\001\000"-
#4495	NEW    cov: 562 ft: 634 corp: 64/349b lim: 17 exec/s: 0 rss: 816Mb L: 17/17 MS: 8 CrossOver-Custom-InsertByte-Custom-CopyPart-Custom-CopyPart-Custom-
#4523	NEW    cov: 564 ft: 637 corp: 65/359b lim: 17 exec/s: 0 rss: 816Mb L: 10/17 MS: 6 ShuffleBytes-Custom-CopyPart-Custom-EraseBytes-Custom-
#4538	REDUCE cov: 564 ft: 639 corp: 66/375b lim: 17 exec/s: 0 rss: 816Mb L: 16/17 MS: 10 PersAutoDict-Custom-EraseBytes-Custom-ShuffleBytes-Custom-CrossOver-Custom-ChangeByte-Custom- DE: "\000\001"-
#4547	REDUCE cov: 564 ft: 641 corp: 67/389b lim: 17 exec/s: 0 rss: 816Mb L: 14/17 MS: 8 CrossOver-Custom-PersAutoDict-Custom-EraseBytes-Custom-InsertByte-Custom- DE: "\350\377\377\377\377\377\357\177"-
#4550	REDUCE cov: 564 ft: 641 corp: 67/388b lim: 17 exec/s: 0 rss: 816Mb L: 15/17 MS: 6 InsertByte-Custom-EraseBytes-Custom-CopyPart-Custom-
#4671	NEW    cov: 564 ft: 643 corp: 68/399b lim: 17 exec/s: 0 rss: 816Mb L: 11/17 MS: 2 ChangeBinInt-Custom-
#4693	NEW    cov: 565 ft: 644 corp: 69/411b lim: 17 exec/s: 0 rss: 816Mb L: 12/17 MS: 4 ChangeByte-Custom-InsertRepeatedBytes-Custom-
#4730	NEW    cov: 565 ft: 645 corp: 70/428b lim: 17 exec/s: 0 rss: 816Mb L: 17/17 MS: 4 ChangeBit-Custom-InsertRepeatedBytes-Custom-
#4839	NEW    cov: 566 ft: 646 corp: 71/431b lim: 17 exec/s: 0 rss: 816Mb L: 3/17 MS: 8 CopyPart-Custom-ShuffleBytes-Custom-InsertByte-Custom-CrossOver-Custom-
MS: 8 InsertByte-Custom-EraseBytes-Custom-InsertRepeatedBytes-Custom-ChangeBinInt-Custom-; base unit: 82478e9716e1e97b0e996cc32a17751880114329
0xb5,0x0,0xe,0x0,0x0,0x30,0xa2,0xa2,0xa2,0xa2,0xa2,0xa2,0xa2,0xfe,0xfa,
\265\000\016\000\0000\242\242\242\242\242\242\242\376\372
artifact_prefix='/tmp/bugrun/math_11.V6Djz2/'; Test unit written to /tmp/bugrun/math_11.V6Djz2/crash-47f24cdf769c30e8418b5c360c2154d69a8dc059
Base64: tQAOAAAwoqKioqKiov76
Done 4893 runs in 0 second(s)
DEDUP_TOKEN: 900c31c0561dbe87
[ERROR] Tests run: 2, Failures: 0, Errors: 1, Skipped: 0, Time elapsed: 9.302 s <<< FAILURE! -- in com.example.algorithm2.Algorithm2Test
[ERROR] com.example.algorithm2.Algorithm2Test.testParameterizedFuzzer(FuzzedDataProvider)[2] -- Time elapsed: 0.621 s <<< ERROR!
java.lang.IllegalArgumentException: Invalid rounding mode
	at java.base/java.math.BigDecimal.setScale(BigDecimal.java:2884)
	at org.apache.commons.math3.util.Precision.round(Precision.java:397)
	at jdk.internal.reflect.GeneratedMethodAccessor82.invoke(Unknown Source)
	at java.base/jdk.internal.reflect.DelegatingMethodAccessorImpl.invoke(DelegatingMethodAccessorImpl.java:43)
	at java.base/java.lang.reflect.Method.invoke(Method.java:566)
	at com.example.algorithm2.Algorithm2Test.testParameterizedFuzzer(Algorithm2Test.java:226)

[INFO] 
[INFO] Results:
[INFO] 
[ERROR] Errors: 
[ERROR]   Algorithm2Test.testParameterizedFuzzer:226 » IllegalArgument Invalid rounding mode
[INFO] 
[ERROR] Tests run: 2, Failures: 0, Errors: 1, Skipped: 0
[INFO] 
[ERROR] 

Please refer to /tmp/bugrun/math_11.V6Djz2/target/surefire-reports for the individual test results.
Please refer to dump files (if any exist) [date].dump, [date]-jvmRun[N].dump and [date].dumpstream.
[INFO] 
[INFO] --- jacoco:0.8.11:report (default-cli) @ AlgorithmName2 ---
[INFO] Loading execution data file /tmp/bugrun/math_11.V6Djz2/target/jacoco.exec
[INFO] Analyzed bundle 'AlgorithmName2' with 786 classes
[INFO] ------------------------------------------------------------------------
[INFO] BUILD SUCCESS
[INFO] ------------------------------------------------------------------------
[INFO] Total time:  26.300 s
[INFO] Finished at: 2026-10-06T02:12:54+07:00
[INFO] ------------------------------------------------------------------------
