[INFO] Scanning for projects...
[INFO] 
[INFO] ---------------------< com.example:AlgorithmName2 >---------------------
[INFO] Building AlgorithmName2 1.0-SNAPSHOT
[INFO]   from pom.xml
[INFO] --------------------------------[ jar ]---------------------------------
[INFO] 
[INFO] --- jacoco:0.8.11:prepare-agent (default) @ AlgorithmName2 ---
[INFO] argLine set to -javaagent:/home/kanyaphak673380391-3/.m2/repository/org/jacoco/org.jacoco.agent/0.8.11/org.jacoco.agent-0.8.11-runtime.jar=destfile=/tmp/bugrun/codec_7.dSvy73/target/jacoco.exec
[INFO] 
[INFO] --- resources:3.4.0:resources (default-resources) @ AlgorithmName2 ---
[INFO] Copying 1 resource from src/main/resources to target/classes
[INFO] 
[INFO] --- compiler:3.15.0:compile (default-compile) @ AlgorithmName2 ---
[INFO] Recompiling the module because of changed source code.
[INFO] Compiling 1 source file with javac [debug target 1.8] to target/classes
[WARNING] bootstrap class path not set in conjunction with -source 8
[INFO] 
[INFO] --- dependency:3.6.0:unpack-dependencies (unpack-defects4j) @ AlgorithmName2 ---
[INFO] 
[INFO] --- resources:3.4.0:testResources (default-testResources) @ AlgorithmName2 ---
[INFO] skip non existing resourceDirectory /tmp/bugrun/codec_7.dSvy73/src/test/resources
[INFO] 
[INFO] --- compiler:3.15.0:testCompile (default-testCompile) @ AlgorithmName2 ---
[INFO] Recompiling the module because of changed dependency.
[INFO] Compiling 1 source file with javac [debug target 1.8] to target/test-classes
[WARNING] bootstrap class path not set in conjunction with -source 8
[INFO] 
[INFO] --- surefire:3.1.2:test (default-cli) @ AlgorithmName2 ---
[INFO] Using auto detected provider org.apache.maven.surefire.junitplatform.JUnitPlatformProvider
[INFO] 
[INFO] -------------------------------------------------------
[INFO]  T E S T S
[INFO] -------------------------------------------------------
[INFO] Running com.example.algorithm2.Algorithm2Test
OpenJDK 64-Bit Server VM warning: Sharing is only supported for boot loader classes because bootstrap classpath has been appended
INFO: Loaded 281 hooks from com.code_intelligence.jazzer.runtime.TraceCmpHooks
INFO: Loaded 5 hooks from com.code_intelligence.jazzer.runtime.TraceDivHooks
INFO: Loaded 2 hooks from com.code_intelligence.jazzer.runtime.TraceIndirHooks
INFO: Loaded 4 hooks from com.code_intelligence.jazzer.runtime.NativeLibHooks
INFO: Loaded 2 hooks from com.code_intelligence.jazzer.sanitizers.ClojureLangHooks
INFO: Loaded 5 hooks from com.code_intelligence.jazzer.sanitizers.Deserialization
INFO: Loaded 5 hooks from com.code_intelligence.jazzer.sanitizers.ExpressionLanguageInjection
INFO: Loaded 70 hooks from com.code_intelligence.jazzer.sanitizers.LdapInjection
INFO: Loaded 46 hooks from com.code_intelligence.jazzer.sanitizers.NamingContextLookup
INFO: Loaded 1 hooks from com.code_intelligence.jazzer.sanitizers.OsCommandInjection
INFO: Loaded 52 hooks from com.code_intelligence.jazzer.sanitizers.ReflectiveCall
INFO: Loaded 8 hooks from com.code_intelligence.jazzer.sanitizers.RegexInjection
INFO: Loaded 16 hooks from com.code_intelligence.jazzer.sanitizers.RegexRoadblocks
INFO: Loaded 18 hooks from com.code_intelligence.jazzer.sanitizers.ScriptEngineInjection
INFO: Loaded 2 hooks from com.code_intelligence.jazzer.sanitizers.ServerSideRequestForgery
INFO: Loaded 19 hooks from com.code_intelligence.jazzer.sanitizers.SqlInjection
INFO: Loaded 6 hooks from com.code_intelligence.jazzer.sanitizers.XPathInjection
INFO: Instrumented com.example.algorithm2.Algorithm2Test$Skip (took 202 ms, size +44%)
INFO: Instrumented com.example.algorithm2.Algorithm2Test (took 132 ms, size +27%)
INFO: New number of coverage counters: 1024
INFO: Instrumented org.apache.commons.codec.binary.Base64 (took 165 ms, size +20%)
INFO: Instrumented org.apache.commons.codec.BinaryEncoder (took 1 ms, size +0%)
INFO: Instrumented org.apache.commons.codec.Encoder (took 1 ms, size +0%)
INFO: Instrumented org.apache.commons.codec.BinaryDecoder (took 1 ms, size +0%)
INFO: Instrumented org.apache.commons.codec.Decoder (took 0 ms, size +0%)
INFO: Instrumented org.apache.commons.codec.DecoderException (took 27 ms, size +37%)
INFO: Instrumented org.apache.commons.codec.EncoderException (took 10 ms, size +37%)
[harness] target=org.apache.commons.codec.binary.Base64 factories=5 methods=21
INFO: found LLVMFuzzerCustomMutator (0x74570c86acd0). Disabling -len_control by default.
INFO: Running with entropic power schedule (0xFF, 100).
INFO: Seed: 1441780700
INFO: Loaded 2 modules   (1024 inline 8-bit counters): 512 [0x74578cbcb5d0, 0x74578cbcb7d0), 512 [0x74578cbcb7d0, 0x74578cbcb9d0), 
INFO: Loaded 2 PC tables (1024 PCs): 512 [0x74578cb590d0,0x74578cb5b0d0), 512 [0x74578c787690,0x74578c789690), 
INFO:        0 files found in /tmp/bugrun/codec_7.dSvy73/.cifuzz-corpus/com.example.algorithm2.Algorithm2Test/testParameterizedFuzzer
INFO:        0 files found in /tmp/jazzer-java-seeds10028581168350725646
INFO: -max_len is not provided; libFuzzer will not generate inputs larger than 4096 bytes
INFO: A corpus is not provided, starting from an empty corpus
#2	INITED cov: 66 ft: 66 corp: 1/1b exec/s: 0 rss: 759Mb
#3	NEW    cov: 68 ft: 70 corp: 2/2b lim: 4 exec/s: 0 rss: 759Mb L: 1/1 MS: 2 ChangeBit-Custom-
#4	NEW    cov: 68 ft: 71 corp: 3/3b lim: 4 exec/s: 0 rss: 759Mb L: 1/1 MS: 2 ShuffleBytes-Custom-
#5	NEW    cov: 106 ft: 118 corp: 4/5b lim: 4 exec/s: 0 rss: 759Mb L: 2/2 MS: 2 CrossOver-Custom-
#8	NEW    cov: 116 ft: 132 corp: 5/7b lim: 4 exec/s: 0 rss: 759Mb L: 2/2 MS: 6 CopyPart-Custom-ChangeByte-Custom-ChangeBit-Custom-
#12	NEW    cov: 151 ft: 181 corp: 6/10b lim: 4 exec/s: 0 rss: 759Mb L: 3/3 MS: 8 CopyPart-Custom-ShuffleBytes-Custom-InsertByte-Custom-InsertByte-Custom-
#14	NEW    cov: 159 ft: 192 corp: 7/11b lim: 4 exec/s: 0 rss: 759Mb L: 1/3 MS: 4 ShuffleBytes-Custom-ChangeByte-Custom-
#15	NEW    cov: 169 ft: 209 corp: 8/12b lim: 4 exec/s: 0 rss: 759Mb L: 1/3 MS: 2 ChangeBit-Custom-
#17	NEW    cov: 185 ft: 229 corp: 9/16b lim: 4 exec/s: 0 rss: 759Mb L: 4/4 MS: 4 ShuffleBytes-Custom-CrossOver-Custom-
#18	NEW    cov: 201 ft: 245 corp: 10/18b lim: 4 exec/s: 0 rss: 759Mb L: 2/4 MS: 2 InsertByte-Custom-
#20	NEW    cov: 203 ft: 247 corp: 11/19b lim: 4 exec/s: 0 rss: 759Mb L: 1/4 MS: 4 EraseBytes-Custom-ChangeBit-Custom-
INFO: #21	NEW    cov: 210 ft: 256 corp: 12/21b lim: 4 exec/s: 0 rss: 759Mb L: 2/4 MS: 2 EraseBytes-Custom-
using inputs from: /tmp/bugrun/codec_7.dSvy73/.cifuzz-corpus/com.example.algorithm2.Algorithm2Test/testParameterizedFuzzer
#23	NEW    cov: 212 ft: 260 corp: 13/24b lim: 4 exec/s: 0 rss: 759Mb L: 3/4 MS: 4 CopyPart-Custom-InsertByte-Custom-
INFO: using inputs from: /tmp/jazzer-java-seeds10028581168350725646
#27	NEW    cov: 212 ft: 262 corp: 14/25b lim: 4 exec/s: 0 rss: 759Mb L: 1/4 MS: 8 CrossOver-Custom-EraseBytes-Custom-ShuffleBytes-Custom-ChangeBinInt-Custom-
#28	NEW    cov: 214 ft: 264 corp: 15/29b lim: 4 exec/s: 0 rss: 759Mb L: 4/4 MS: 2 CrossOver-Custom-
#29	NEW    cov: 216 ft: 266 corp: 16/30b lim: 4 exec/s: 0 rss: 759Mb L: 1/4 MS: 2 ChangeByte-Custom-
#37	NEW    cov: 220 ft: 276 corp: 17/33b lim: 4 exec/s: 0 rss: 759Mb L: 3/4 MS: 6 ChangeBit-Custom-InsertByte-Custom-CrossOver-Custom-
#41	NEW    cov: 220 ft: 277 corp: 18/37b lim: 4 exec/s: 0 rss: 759Mb L: 4/4 MS: 8 CopyPart-Custom-ChangeBinInt-Custom-CopyPart-Custom-ChangeBinInt-Custom-
#42	NEW    cov: 223 ft: 280 corp: 19/38b lim: 4 exec/s: 0 rss: 759Mb L: 1/4 MS: 2 ChangeBit-Custom-
#49	NEW    cov: 223 ft: 281 corp: 20/42b lim: 4 exec/s: 0 rss: 759Mb L: 4/4 MS: 4 ShuffleBytes-Custom-ChangeBit-Custom-
INFO: Instrumented org.apache.commons.codec.binary.StringUtils (took 30 ms, size +19%)
#66	NEW    cov: 224 ft: 282 corp: 21/45b lim: 4 exec/s: 0 rss: 759Mb L: 3/4 MS: 4 InsertByte-Custom-InsertByte-Custom-
#79	NEW    cov: 237 ft: 295 corp: 22/47b lim: 4 exec/s: 0 rss: 759Mb L: 2/4 MS: 6 ChangeByte-Custom-EraseBytes-Custom-ChangeBit-Custom-
#81	NEW    cov: 238 ft: 296 corp: 23/49b lim: 4 exec/s: 0 rss: 759Mb L: 2/4 MS: 4 ShuffleBytes-Custom-InsertByte-Custom-
#82	NEW    cov: 240 ft: 301 corp: 24/50b lim: 4 exec/s: 0 rss: 759Mb L: 1/4 MS: 2 ChangeBit-Custom-
#86	NEW    cov: 241 ft: 302 corp: 25/53b lim: 4 exec/s: 0 rss: 759Mb L: 3/4 MS: 8 CrossOver-Custom-ShuffleBytes-Custom-InsertByte-Custom-InsertByte-Custom-
#90	NEW    cov: 244 ft: 306 corp: 26/57b lim: 4 exec/s: 0 rss: 759Mb L: 4/4 MS: 8 ShuffleBytes-Custom-ChangeByte-Custom-ChangeByte-Custom-ShuffleBytes-Custom-
#100	NEW    cov: 245 ft: 308 corp: 27/60b lim: 4 exec/s: 0 rss: 759Mb L: 3/4 MS: 10 ShuffleBytes-Custom-ChangeByte-Custom-ShuffleBytes-Custom-ChangeBit-Custom-CopyPart-Custom-
#112	NEW    cov: 246 ft: 309 corp: 28/63b lim: 4 exec/s: 0 rss: 759Mb L: 3/4 MS: 4 CopyPart-Custom-InsertByte-Custom-
MS: 10 CrossOver-Custom-ChangeASCIIInt-Custom-ShuffleBytes-Custom-EraseBytes-Custom-ChangeByte-Custom-; base unit: c76591478be24263486e7c4af790d9a4e6748a80
0x32,0x8a,0x31,
DEDUP_TOKEN: 1f7e6fde2f3b76e7
2\2121
artifact_prefix='/tmp/bugrun/codec_7.dSvy73/'; Test unit written to /tmp/bugrun/codec_7.dSvy73/crash-1e099f36b0cf131364511be9668c26585106b918
Base64: Moox
Done 122 runs in 0 second(s)
[ERROR] Tests run: 2, Failures: 0, Errors: 1, Skipped: 0, Time elapsed: 5.620 s <<< FAILURE! -- in com.example.algorithm2.Algorithm2Test
[ERROR] com.example.algorithm2.Algorithm2Test.testParameterizedFuzzer(FuzzedDataProvider)[2] -- Time elapsed: 0.227 s <<< ERROR!
java.lang.IllegalArgumentException: Input array too big, the output array would be bigger (6) than the specified maxium size of 0
	at org.apache.commons.codec.binary.Base64.encodeBase64(Base64.java:827)
	at java.base/jdk.internal.reflect.NativeMethodAccessorImpl.invoke0(Native Method)
	at java.base/jdk.internal.reflect.NativeMethodAccessorImpl.invoke(NativeMethodAccessorImpl.java:62)
	at java.base/jdk.internal.reflect.DelegatingMethodAccessorImpl.invoke(DelegatingMethodAccessorImpl.java:43)
	at java.base/java.lang.reflect.Method.invoke(Method.java:566)
	at com.example.algorithm2.Algorithm2Test.testParameterizedFuzzer(Algorithm2Test.java:226)

[INFO] 
[INFO] Results:
[INFO] 
[ERROR] Errors: 
[ERROR]   Algorithm2Test.testParameterizedFuzzer:226 » IllegalArgument Input array too big, the output array would be bigger (6) than the specified maxium size of 0
[INFO] 
[ERROR] Tests run: 2, Failures: 0, Errors: 1, Skipped: 0
[INFO] 
[ERROR] 

Please refer to /tmp/bugrun/codec_7.dSvy73/target/surefire-reports for the individual test results.
Please refer to dump files (if any exist) [date].dump, [date]-jvmRun[N].dump and [date].dumpstream.
[INFO] 
[INFO] --- jacoco:0.8.11:report (default-cli) @ AlgorithmName2 ---
[INFO] Loading execution data file /tmp/bugrun/codec_7.dSvy73/target/jacoco.exec
[INFO] Analyzed bundle 'AlgorithmName2' with 28 classes
[INFO] ------------------------------------------------------------------------
[INFO] BUILD SUCCESS
[INFO] ------------------------------------------------------------------------
[INFO] Total time:  17.067 s
[INFO] Finished at: 2026-10-06T01:49:03+07:00
[INFO] ------------------------------------------------------------------------
