[INFO] Scanning for projects...
[INFO] 
[INFO] ---------------------< com.example:AlgorithmName2 >---------------------
[INFO] Building AlgorithmName2 1.0-SNAPSHOT
[INFO]   from pom.xml
[INFO] --------------------------------[ jar ]---------------------------------
[INFO] 
[INFO] --- jacoco:0.8.11:prepare-agent (default) @ AlgorithmName2 ---
[INFO] argLine set to -javaagent:/home/kanyaphak673380391-3/.m2/repository/org/jacoco/org.jacoco.agent/0.8.11/org.jacoco.agent-0.8.11-runtime.jar=destfile=/tmp/bugrun/math_25.SRbx87/target/jacoco.exec
[INFO] 
[INFO] --- resources:3.4.0:resources (default-resources) @ AlgorithmName2 ---
[INFO] Copying 1 resource from src/main/resources to target/classes
[INFO] 
[INFO] --- compiler:3.15.0:compile (default-compile) @ AlgorithmName2 ---
[INFO] Recompiling the module because of changed source code.
[INFO] Compiling 1 source file with javac [debug target 1.8] to target/classes
[WARNING] bootstrap class path not set in conjunction with -source 8
[INFO] 
[INFO] --- dependency:3.6.0:unpack-dependencies (unpack-defects4j) @ AlgorithmName2 ---
[INFO] 
[INFO] --- resources:3.4.0:testResources (default-testResources) @ AlgorithmName2 ---
[INFO] skip non existing resourceDirectory /tmp/bugrun/math_25.SRbx87/src/test/resources
[INFO] 
[INFO] --- compiler:3.15.0:testCompile (default-testCompile) @ AlgorithmName2 ---
[INFO] Recompiling the module because of changed dependency.
[INFO] Compiling 1 source file with javac [debug target 1.8] to target/test-classes
[WARNING] bootstrap class path not set in conjunction with -source 8
[INFO] 
[INFO] --- surefire:3.1.2:test (default-cli) @ AlgorithmName2 ---
[INFO] Using auto detected provider org.apache.maven.surefire.junitplatform.JUnitPlatformProvider
[INFO] 
[INFO] -------------------------------------------------------
[INFO]  T E S T S
[INFO] -------------------------------------------------------
[INFO] Running com.example.algorithm2.Algorithm2Test
OpenJDK 64-Bit Server VM warning: Sharing is only supported for boot loader classes because bootstrap classpath has been appended
INFO: Loaded 284 hooks from com.code_intelligence.jazzer.runtime.TraceCmpHooks
INFO: Loaded 5 hooks from com.code_intelligence.jazzer.runtime.TraceDivHooks
INFO: Loaded 2 hooks from com.code_intelligence.jazzer.runtime.TraceIndirHooks
INFO: Loaded 4 hooks from com.code_intelligence.jazzer.runtime.NativeLibHooks
INFO: Loaded 2 hooks from com.code_intelligence.jazzer.sanitizers.ClojureLangHooks
INFO: Loaded 5 hooks from com.code_intelligence.jazzer.sanitizers.Deserialization
INFO: Loaded 5 hooks from com.code_intelligence.jazzer.sanitizers.ExpressionLanguageInjection
INFO: Loaded 70 hooks from com.code_intelligence.jazzer.sanitizers.LdapInjection
INFO: Loaded 46 hooks from com.code_intelligence.jazzer.sanitizers.NamingContextLookup
INFO: Loaded 1 hooks from com.code_intelligence.jazzer.sanitizers.OsCommandInjection
INFO: Loaded 52 hooks from com.code_intelligence.jazzer.sanitizers.ReflectiveCall
INFO: Loaded 8 hooks from com.code_intelligence.jazzer.sanitizers.RegexInjection
INFO: Loaded 16 hooks from com.code_intelligence.jazzer.sanitizers.RegexRoadblocks
INFO: Loaded 18 hooks from com.code_intelligence.jazzer.sanitizers.ScriptEngineInjection
INFO: Loaded 2 hooks from com.code_intelligence.jazzer.sanitizers.ServerSideRequestForgery
INFO: Loaded 19 hooks from com.code_intelligence.jazzer.sanitizers.SqlInjection
INFO: Loaded 6 hooks from com.code_intelligence.jazzer.sanitizers.XPathInjection
INFO: Instrumented com.example.algorithm2.Algorithm2Test$Skip (took 459 ms, size +44%)
INFO: Instrumented com.example.algorithm2.Algorithm2Test (took 341 ms, size +27%)
INFO: New number of coverage counters: 1024
INFO: Instrumented org.apache.commons.math3.util.Precision (took 216 ms, size +27%)
INFO: Instrumented org.apache.commons.math3.exception.MathArithmeticException (took 17 ms, size +24%)
INFO: Instrumented org.apache.commons.math3.exception.util.ExceptionContextProvider (took 1 ms, size +0%)
INFO: Instrumented org.apache.commons.math3.exception.util.Localizable (took 1 ms, size +0%)
INFO: Instrumented org.apache.commons.math3.exception.MathIllegalArgumentException (took 14 ms, size +27%)
[harness] target=org.apache.commons.math3.util.Precision factories=1 methods=19
INFO: New number of coverage counters: 2048
INFO: Instrumented org.apache.commons.math3.util.FastMath (took 385 ms, size +16%)
INFO: found LLVMFuzzerCustomMutator (0x78d4c1b70cd0). Disabling -len_control by default.
INFO: Running with entropic power schedule (0xFF, 100).
INFO: Seed: 450104663
INFO: Loaded 3 modules   (2048 inline 8-bit counters): 512 [0x78d578cd1280, 0x78d578cd1480), 512 [0x78d578cd1480, 0x78d578cd1680), 1024 [0x78d578cd1680, 0x78d578cd1a80), 
INFO: Loaded 3 PC tables (2048 PCs): 512 [0x78d578cb61f0,0x78d578cb81f0), 512 [0x78d5787737f0,0x78d5787757f0), 1024 [0x78d578bd8ce0,0x78d578bdcce0), 
INFO:        0 files found in /tmp/bugrun/math_25.SRbx87/.cifuzz-corpus/com.example.algorithm2.Algorithm2Test/testParameterizedFuzzer
INFO:        0 files found in /tmp/jazzer-java-seeds1212325199770288694
INFO: -max_len is not provided; libFuzzer will not generate inputs larger than 4096 bytes
INFO: A corpus is not provided, starting from an empty corpus
#2	INITED cov: 47 ft: 47 corp: 1/1b exec/s: 0 rss: 1053Mb
#9	NEW    cov: 64 ft: 66 corp: 2/3b lim: 4 exec/s: 0 rss: 1053Mb L: 2/2 MS: 4 ShuffleBytes-Custom-InsertByte-Custom-
#13	NEW    cov: 68 ft: 70 corp: 3/5b lim: 4 exec/s: 0 rss: 1053Mb L: 2/2 MS: 8 ShuffleBytes-Custom-CrossOver-Custom-InsertByte-Custom-ChangeBit-Custom-
INFO: using inputs from: /tmp/bugrun/math_25.SRbx87/.cifuzz-corpus/com.example.algorithm2.Algorithm2Test/testParameterizedFuzzer
INFO: using inputs from: /tmp/jazzer-java-seeds1212325199770288694
#15	NEW    cov: 74 ft: 76 corp: 4/8b lim: 4 exec/s: 0 rss: 1053Mb L: 3/3 MS: 4 CopyPart-Custom-InsertByte-Custom-
#18	NEW    cov: 79 ft: 91 corp: 5/12b lim: 4 exec/s: 0 rss: 1053Mb L: 4/4 MS: 6 CrossOver-Custom-ChangeBit-Custom-ChangeByte-Custom-
#22	NEW    cov: 84 ft: 100 corp: 6/15b lim: 4 exec/s: 0 rss: 1053Mb L: 3/4 MS: 8 ChangeBit-Custom-ChangeBinInt-Custom-CMP-Custom-ChangeByte-Custom- DE: "\377\377"-
#35	NEW    cov: 84 ft: 104 corp: 7/19b lim: 4 exec/s: 0 rss: 1053Mb L: 4/4 MS: 6 ChangeBit-Custom-PersAutoDict-Custom-PersAutoDict-Custom- DE: "\377\377"-"\377\377"-
#46	NEW    cov: 90 ft: 110 corp: 8/20b lim: 4 exec/s: 0 rss: 1053Mb L: 1/4 MS: 2 ChangeByte-Custom-
#47	REDUCE cov: 90 ft: 110 corp: 8/19b lim: 4 exec/s: 0 rss: 1053Mb L: 3/4 MS: 2 EraseBytes-Custom-
#53	NEW    cov: 94 ft: 116 corp: 9/20b lim: 4 exec/s: 0 rss: 1053Mb L: 1/4 MS: 2 ChangeBit-Custom-
#56	NEW    cov: 95 ft: 117 corp: 10/24b lim: 4 exec/s: 0 rss: 1053Mb L: 4/4 MS: 6 ChangeBinInt-Custom-ShuffleBytes-Custom-InsertByte-Custom-
#63	NEW    cov: 100 ft: 122 corp: 11/27b lim: 4 exec/s: 0 rss: 1053Mb L: 3/4 MS: 4 ShuffleBytes-Custom-ChangeASCIIInt-Custom-
#64	NEW    cov: 101 ft: 123 corp: 12/28b lim: 4 exec/s: 0 rss: 1053Mb L: 1/4 MS: 2 ChangeByte-Custom-
#66	NEW    cov: 118 ft: 142 corp: 13/29b lim: 4 exec/s: 0 rss: 1053Mb L: 1/4 MS: 4 EraseBytes-Custom-ChangeBinInt-Custom-
#70	NEW    cov: 118 ft: 144 corp: 14/31b lim: 4 exec/s: 0 rss: 1053Mb L: 2/4 MS: 8 EraseBytes-Custom-ShuffleBytes-Custom-InsertByte-Custom-ChangeBinInt-Custom-
#72	REDUCE cov: 118 ft: 144 corp: 14/30b lim: 4 exec/s: 0 rss: 1053Mb L: 1/4 MS: 4 ChangeByte-Custom-EraseBytes-Custom-
#80	NEW    cov: 120 ft: 146 corp: 15/31b lim: 4 exec/s: 0 rss: 1053Mb L: 1/4 MS: 6 ShuffleBytes-Custom-CopyPart-Custom-ChangeByte-Custom-
#86	NEW    cov: 122 ft: 148 corp: 16/32b lim: 4 exec/s: 0 rss: 1053Mb L: 1/4 MS: 2 ChangeBinInt-Custom-
#87	NEW    cov: 125 ft: 151 corp: 17/34b lim: 4 exec/s: 0 rss: 1053Mb L: 2/4 MS: 2 ChangeByte-Custom-
#88	NEW    cov: 126 ft: 152 corp: 18/36b lim: 4 exec/s: 0 rss: 1053Mb L: 2/4 MS: 2 CrossOver-Custom-
#99	NEW    cov: 127 ft: 153 corp: 19/40b lim: 4 exec/s: 0 rss: 1053Mb L: 4/4 MS: 2 CopyPart-Custom-
#101	NEW    cov: 130 ft: 156 corp: 20/42b lim: 4 exec/s: 0 rss: 1053Mb L: 2/4 MS: 4 EraseBytes-Custom-ChangeBinInt-Custom-
#104	NEW    cov: 131 ft: 157 corp: 21/45b lim: 4 exec/s: 0 rss: 1053Mb L: 3/4 MS: 6 InsertByte-Custom-ChangeBinInt-Custom-ChangeBit-Custom-
#140	NEW    cov: 135 ft: 163 corp: 22/46b lim: 4 exec/s: 0 rss: 1053Mb L: 1/4 MS: 2 ChangeByte-Custom-
#144	NEW    cov: 137 ft: 165 corp: 23/50b lim: 4 exec/s: 0 rss: 1053Mb L: 4/4 MS: 8 PersAutoDict-Custom-CrossOver-Custom-CopyPart-Custom-ChangeBinInt-Custom- DE: "\377\377"-
#149	REDUCE cov: 138 ft: 166 corp: 24/54b lim: 4 exec/s: 0 rss: 1053Mb L: 4/4 MS: 10 ChangeBinInt-Custom-InsertByte-Custom-PersAutoDict-Custom-CopyPart-Custom-CrossOver-Custom- DE: "\377\377"-
#158	NEW    cov: 139 ft: 167 corp: 25/58b lim: 4 exec/s: 0 rss: 1053Mb L: 4/4 MS: 8 CrossOver-Custom-CMP-Custom-CrossOver-Custom-CrossOver-Custom- DE: "\000\000\000\000"-
#175	NEW    cov: 140 ft: 168 corp: 26/60b lim: 4 exec/s: 0 rss: 1053Mb L: 2/4 MS: 4 ShuffleBytes-Custom-CrossOver-Custom-
#191	NEW    cov: 142 ft: 170 corp: 27/61b lim: 4 exec/s: 0 rss: 1053Mb L: 1/4 MS: 2 ChangeBit-Custom-
#212	NEW    cov: 151 ft: 179 corp: 28/63b lim: 4 exec/s: 0 rss: 1053Mb L: 2/4 MS: 2 ChangeBit-Custom-
#226	NEW    cov: 154 ft: 182 corp: 29/65b lim: 4 exec/s: 0 rss: 1053Mb L: 2/4 MS: 8 EraseBytes-Custom-CopyPart-Custom-ShuffleBytes-Custom-ChangeBinInt-Custom-
#233	NEW    cov: 155 ft: 185 corp: 30/67b lim: 4 exec/s: 0 rss: 1053Mb L: 2/4 MS: 4 CrossOver-Custom-CopyPart-Custom-
#234	REDUCE cov: 155 ft: 185 corp: 30/66b lim: 4 exec/s: 0 rss: 1053Mb L: 3/4 MS: 2 EraseBytes-Custom-
#282	NEW    cov: 156 ft: 186 corp: 31/70b lim: 4 exec/s: 0 rss: 1053Mb L: 4/4 MS: 6 ChangeBit-Custom-ChangeByte-Custom-ChangeBinInt-Custom-
#321	NEW    cov: 159 ft: 189 corp: 32/73b lim: 4 exec/s: 0 rss: 1053Mb L: 3/4 MS: 8 CrossOver-Custom-ShuffleBytes-Custom-ShuffleBytes-Custom-ChangeBit-Custom-
#356	NEW    cov: 161 ft: 191 corp: 33/74b lim: 4 exec/s: 0 rss: 1053Mb L: 1/4 MS: 10 ChangeBit-Custom-ShuffleBytes-Custom-CopyPart-Custom-EraseBytes-Custom-EraseBytes-Custom-
#411	NEW    cov: 162 ft: 192 corp: 34/78b lim: 4 exec/s: 0 rss: 1053Mb L: 4/4 MS: 10 InsertByte-Custom-CopyPart-Custom-CrossOver-Custom-ShuffleBytes-Custom-ChangeBinInt-Custom-
#583	REDUCE cov: 162 ft: 192 corp: 34/77b lim: 4 exec/s: 0 rss: 1053Mb L: 2/4 MS: 4 CopyPart-Custom-EraseBytes-Custom-
#610	NEW    cov: 164 ft: 194 corp: 35/81b lim: 4 exec/s: 0 rss: 1053Mb L: 4/4 MS: 4 ShuffleBytes-Custom-ChangeBinInt-Custom-
#746	NEW    cov: 165 ft: 195 corp: 36/84b lim: 4 exec/s: 0 rss: 1053Mb L: 3/4 MS: 2 CrossOver-Custom-
#753	REDUCE cov: 165 ft: 195 corp: 36/82b lim: 4 exec/s: 0 rss: 1053Mb L: 2/4 MS: 4 ShuffleBytes-Custom-EraseBytes-Custom-
#821	REDUCE cov: 165 ft: 195 corp: 36/81b lim: 4 exec/s: 0 rss: 1053Mb L: 3/4 MS: 6 CrossOver-Custom-ShuffleBytes-Custom-CrossOver-Custom-
#842	NEW    cov: 168 ft: 198 corp: 37/84b lim: 4 exec/s: 0 rss: 1053Mb L: 3/4 MS: 2 ChangeByte-Custom-
#986	REDUCE cov: 168 ft: 198 corp: 37/83b lim: 4 exec/s: 0 rss: 1053Mb L: 3/4 MS: 8 ChangeBit-Custom-CopyPart-Custom-ChangeByte-Custom-EraseBytes-Custom-
#1018	REDUCE cov: 168 ft: 198 corp: 37/82b lim: 4 exec/s: 0 rss: 1053Mb L: 1/4 MS: 4 ShuffleBytes-Custom-EraseBytes-Custom-
#1084	NEW    cov: 169 ft: 199 corp: 38/85b lim: 4 exec/s: 0 rss: 1053Mb L: 3/4 MS: 2 ChangeByte-Custom-
#1170	REDUCE cov: 169 ft: 199 corp: 38/84b lim: 4 exec/s: 0 rss: 1053Mb L: 1/4 MS: 2 EraseBytes-Custom-
#1436	REDUCE cov: 169 ft: 199 corp: 38/83b lim: 6 exec/s: 0 rss: 1053Mb L: 2/4 MS: 2 EraseBytes-Custom-
#1603	REDUCE cov: 169 ft: 199 corp: 38/82b lim: 6 exec/s: 0 rss: 1053Mb L: 2/4 MS: 4 ChangeByte-Custom-EraseBytes-Custom-
#1704	REDUCE cov: 169 ft: 199 corp: 38/81b lim: 6 exec/s: 0 rss: 1053Mb L: 3/4 MS: 2 EraseBytes-Custom-
#1756	REDUCE cov: 169 ft: 199 corp: 38/80b lim: 6 exec/s: 0 rss: 1053Mb L: 2/4 MS: 4 ChangeByte-Custom-EraseBytes-Custom-
#1901	NEW    cov: 170 ft: 200 corp: 39/82b lim: 6 exec/s: 0 rss: 1053Mb L: 2/4 MS: 10 InsertByte-Custom-CMP-Custom-InsertByte-Custom-EraseBytes-Custom-ChangeBit-Custom- DE: "\011\000"-
#2138	REDUCE cov: 170 ft: 200 corp: 39/81b lim: 8 exec/s: 0 rss: 1053Mb L: 2/4 MS: 4 InsertByte-Custom-EraseBytes-Custom-
#2171	REDUCE cov: 171 ft: 201 corp: 40/89b lim: 8 exec/s: 0 rss: 1053Mb L: 8/8 MS: 6 ChangeByte-Custom-CrossOver-Custom-InsertRepeatedBytes-Custom-
#2215	NEW    cov: 178 ft: 208 corp: 41/97b lim: 8 exec/s: 0 rss: 1053Mb L: 8/8 MS: 8 ChangeBinInt-Custom-CrossOver-Custom-InsertRepeatedBytes-Custom-ChangeBinInt-Custom-
#2311	REDUCE cov: 179 ft: 209 corp: 42/99b lim: 8 exec/s: 0 rss: 1053Mb L: 2/8 MS: 2 CrossOver-Custom-
WARN: Some hooks could not be applied to class files built for Java 7 or lower.
                       Ensure that the fuzz target and its dependencies are compiled with
                       -target 8 or higher to identify as many bugs as possible.
INFO: Instrumented org.apache.commons.math3.exception.util.LocalizedFormats (took 118 ms, size +6%)
INFO: Instrumented org.apache.commons.math3.exception.util.ExceptionContext (took 58 ms, size +24%)
INFO: Instrumented org.apache.commons.math3.exception.util.ArgUtils (took 41 ms, size +46%)
MS: 4 InsertRepeatedBytes-Custom-InsertRepeatedBytes-Custom-; base unit: 968b809740c43d0fa2399fc1aab99baa44697b6f
0xa,0x72,0x72,0x31,0x31,0x31,0x31,0x31,0x72,0x4,0x6a,
\012rr11111r\004j
artifact_prefix='/tmp/bugrun/math_25.SRbx87/'; Test unit written to /tmp/bugrun/math_25.SRbx87/crash-7abef6d02cffdb90f1b2e4899415c385b5dd0bd1
Base64: CnJyMTExMTFyBGo=
Done 2648 runs in 0 second(s)
DEDUP_TOKEN: 22f7c7d68108f271
[ERROR] Tests run: 2, Failures: 0, Errors: 1, Skipped: 0, Time elapsed: 13.52 s <<< FAILURE! -- in com.example.algorithm2.Algorithm2Test
[ERROR] com.example.algorithm2.Algorithm2Test.testParameterizedFuzzer(FuzzedDataProvider)[2] -- Time elapsed: 1.099 s <<< ERROR!
org.apache.commons.math3.exception.MathIllegalArgumentException: invalid rounding method -1, valid methods: ROUND_CEILING (2), ROUND_DOWN (1), ROUND_FLOOR (3), ROUND_HALF_DOWN (5), ROUND_HALF_EVEN (6), ROUND_HALF_UP (4), ROUND_UNNECESSARY (7), ROUND_UP (0)
	at org.apache.commons.math3.util.Precision.roundUnscaled(Precision.java:495)
	at org.apache.commons.math3.util.Precision.round(Precision.java:404)
	at jdk.internal.reflect.GeneratedMethodAccessor64.invoke(Unknown Source)
	at java.base/jdk.internal.reflect.DelegatingMethodAccessorImpl.invoke(DelegatingMethodAccessorImpl.java:43)
	at java.base/java.lang.reflect.Method.invoke(Method.java:566)
	at com.example.algorithm2.Algorithm2Test.testParameterizedFuzzer(Algorithm2Test.java:226)

[INFO] 
[INFO] Results:
[INFO] 
[ERROR] Errors: 
[ERROR]   Algorithm2Test.testParameterizedFuzzer:226 » MathIllegalArgument invalid rounding method -1, valid methods: ROUND_CEILING (2), ROUND_DOWN (1), ROUND_FLOOR (3), ROUND_HALF_DOWN (5), ROUND_HALF_EVEN (6), ROUND_HALF_UP (4), ROUND_UNNECESSARY (7), ROUND_UP (0)
[INFO] 
[ERROR] Tests run: 2, Failures: 0, Errors: 1, Skipped: 0
[INFO] 
[ERROR] 

Please refer to /tmp/bugrun/math_25.SRbx87/target/surefire-reports for the individual test results.
Please refer to dump files (if any exist) [date].dump, [date]-jvmRun[N].dump and [date].dumpstream.
[INFO] 
[INFO] --- jacoco:0.8.11:report (default-cli) @ AlgorithmName2 ---
[INFO] Loading execution data file /tmp/bugrun/math_25.SRbx87/target/jacoco.exec
[INFO] Analyzed bundle 'AlgorithmName2' with 670 classes
[INFO] ------------------------------------------------------------------------
[INFO] BUILD SUCCESS
[INFO] ------------------------------------------------------------------------
[INFO] Total time:  34.313 s
[INFO] Finished at: 2026-10-06T03:55:45+07:00
[INFO] ------------------------------------------------------------------------
