[INFO] Scanning for projects...
[INFO] 
[INFO] ---------------------< com.example:AlgorithmName2 >---------------------
[INFO] Building AlgorithmName2 1.0-SNAPSHOT
[INFO]   from pom.xml
[INFO] --------------------------------[ jar ]---------------------------------
[INFO] 
[INFO] --- jacoco:0.8.11:prepare-agent (default) @ AlgorithmName2 ---
[INFO] argLine set to -javaagent:/home/kanyaphak673380391-3/.m2/repository/org/jacoco/org.jacoco.agent/0.8.11/org.jacoco.agent-0.8.11-runtime.jar=destfile=/tmp/bugrun/lang_23.lhf31A/target/jacoco.exec
[INFO] 
[INFO] --- resources:3.4.0:resources (default-resources) @ AlgorithmName2 ---
[INFO] Copying 1 resource from src/main/resources to target/classes
[INFO] 
[INFO] --- compiler:3.15.0:compile (default-compile) @ AlgorithmName2 ---
[INFO] Recompiling the module because of changed source code.
[INFO] Compiling 1 source file with javac [debug target 1.8] to target/classes
[WARNING] bootstrap class path not set in conjunction with -source 8
[INFO] 
[INFO] --- dependency:3.6.0:unpack-dependencies (unpack-defects4j) @ AlgorithmName2 ---
[INFO] 
[INFO] --- resources:3.4.0:testResources (default-testResources) @ AlgorithmName2 ---
[INFO] skip non existing resourceDirectory /tmp/bugrun/lang_23.lhf31A/src/test/resources
[INFO] 
[INFO] --- compiler:3.15.0:testCompile (default-testCompile) @ AlgorithmName2 ---
[INFO] Recompiling the module because of changed dependency.
[INFO] Compiling 1 source file with javac [debug target 1.8] to target/test-classes
[WARNING] bootstrap class path not set in conjunction with -source 8
[INFO] 
[INFO] --- surefire:3.1.2:test (default-cli) @ AlgorithmName2 ---
[INFO] Using auto detected provider org.apache.maven.surefire.junitplatform.JUnitPlatformProvider
[INFO] 
[INFO] -------------------------------------------------------
[INFO]  T E S T S
[INFO] -------------------------------------------------------
[INFO] Running com.example.algorithm2.Algorithm2Test
OpenJDK 64-Bit Server VM warning: Sharing is only supported for boot loader classes because bootstrap classpath has been appended
INFO: Loaded 289 hooks from com.code_intelligence.jazzer.runtime.TraceCmpHooks
INFO: Loaded 5 hooks from com.code_intelligence.jazzer.runtime.TraceDivHooks
INFO: Loaded 2 hooks from com.code_intelligence.jazzer.runtime.TraceIndirHooks
INFO: Loaded 4 hooks from com.code_intelligence.jazzer.runtime.NativeLibHooks
INFO: Loaded 2 hooks from com.code_intelligence.jazzer.sanitizers.ClojureLangHooks
INFO: Loaded 5 hooks from com.code_intelligence.jazzer.sanitizers.Deserialization
INFO: Loaded 5 hooks from com.code_intelligence.jazzer.sanitizers.ExpressionLanguageInjection
INFO: Loaded 70 hooks from com.code_intelligence.jazzer.sanitizers.LdapInjection
INFO: Loaded 46 hooks from com.code_intelligence.jazzer.sanitizers.NamingContextLookup
INFO: Loaded 1 hooks from com.code_intelligence.jazzer.sanitizers.OsCommandInjection
INFO: Loaded 52 hooks from com.code_intelligence.jazzer.sanitizers.ReflectiveCall
INFO: Loaded 8 hooks from com.code_intelligence.jazzer.sanitizers.RegexInjection
INFO: Loaded 16 hooks from com.code_intelligence.jazzer.sanitizers.RegexRoadblocks
INFO: Loaded 18 hooks from com.code_intelligence.jazzer.sanitizers.ScriptEngineInjection
INFO: Loaded 2 hooks from com.code_intelligence.jazzer.sanitizers.ServerSideRequestForgery
INFO: Loaded 19 hooks from com.code_intelligence.jazzer.sanitizers.SqlInjection
INFO: Loaded 6 hooks from com.code_intelligence.jazzer.sanitizers.XPathInjection
INFO: Instrumented com.example.algorithm2.Algorithm2Test$Skip (took 179 ms, size +44%)
INFO: Instrumented com.example.algorithm2.Algorithm2Test (took 251 ms, size +27%)
INFO: New number of coverage counters: 1024
INFO: New number of coverage counters: 2048
WARN: Some hooks could not be applied to class files built for Java 7 or lower.
                       Ensure that the fuzz target and its dependencies are compiled with
                       -target 8 or higher to identify as many bugs as possible.
INFO: Instrumented org.apache.commons.lang3.StringUtils (took 558 ms, size +31%)
[harness] target=org.apache.commons.lang3.StringUtils factories=1 methods=154
INFO: found LLVMFuzzerCustomMutator (0x74cbb8b71cd0). Disabling -len_control by default.
INFO: Running with entropic power schedule (0xFF, 100).
INFO: Seed: 54953015
INFO: Loaded 3 modules   (2048 inline 8-bit counters): 512 [0x74cc40b2ab40, 0x74cc40b2ad40), 512 [0x74cc40b2ad40, 0x74cc40b2af40), 1024 [0x74cc40b2af40, 0x74cc40b2b340), 
INFO: Loaded 3 PC tables (2048 PCs): 512 [0x74cc40522ce0,0x74cc40524ce0), 512 [0x74cc404fbc90,0x74cc404fdc90), 1024 [0x74cc40b09aa0,0x74cc40b0daa0), 
INFO:        0 files found in /tmp/bugrun/lang_23.lhf31A/.cifuzz-corpus/com.example.algorithm2.Algorithm2Test/testParameterizedFuzzer
INFO:        0 files found in /tmp/jazzer-java-seeds3447202054706167930
INFO: -max_len is not provided; libFuzzer will not generate inputs larger than 4096 bytes
INFO: A corpus is not provided, starting from an empty corpus
#2	INITED cov: 35 ft: 35 corp: 1/1b exec/s: 0 rss: 993Mb
#4	NEW    cov: 37 ft: 38 corp: 2/2b lim: 4 exec/s: 0 rss: 993Mb L: 1/1 MS: 4 CopyPart-Custom-ChangeBinInt-Custom-
#7	NEW    cov: 39 ft: 40 corp: 3/5b lim: 4 exec/s: 0 rss: 993Mb L: 3/3 MS: 6 CopyPart-Custom-CrossOver-Custom-CopyPart-Custom-
#9	NEW    cov: 44 ft: 46 corp: 4/8b lim: 4 exec/s: 0 rss: 993Mb L: 3/3 MS: 4 CrossOver-Custom-ChangeBinInt-Custom-
#11	NEW    cov: 59 ft: 62 corp: 5/11b lim: 4 exec/s: 0 rss: 994Mb L: 3/3 MS: 4 CopyPart-Custom-ChangeByte-Custom-
#13	NEW    cov: 60 ft: 64 corp: 6/15b lim: 4 exec/s: 0 rss: 994Mb L: 4/4 MS: 4 ChangeByte-Custom-CrossOver-Custom-
#16	NEW    cov: 60 ft: 65 corp: 7/18b lim: 4 exec/s: 0 rss: 994Mb L: 3/4 MS: 6 EraseBytes-Custom-CopyPart-Custom-ChangeBit-Custom-
#19	NEW    cov: 62 ft: 67 corp: 8/21b lim: 4 exec/s: 0 rss: 994Mb L: 3/4 MS: 6 ShuffleBytes-Custom-InsertByte-Custom-InsertByte-Custom-
#20	NEW    cov: 63 ft: 68 corp: 9/25b lim: 4 exec/s: 0 rss: 994Mb L: 4/4 MS: 2 InsertByte-Custom-
#21	NEW    cov: 66 ft: 71 corp: 10/28b lim: 4 exec/s: 0 rss: 994Mb L: 3/4 MS: 2 ChangeBinInt-Custom-
#23	NEW    cov: 66 ft: 73 corp: 11/32b lim: 4 exec/s: 0 rss: 994Mb L: 4/4 MS: 4 ShuffleBytes-Custom-CrossOver-Custom-
#26	NEW    cov: 69 ft: 77 corp: 12/36b lim: 4 exec/s: 0 rss: 994Mb L: 4/4 MS: 6 InsertByte-Custom-ShuffleBytes-Custom-ChangeByte-Custom-
#27	NEW    cov: 77 ft: 89 corp: 13/40b lim: 4 exec/s: 0 rss: 994Mb L: 4/4 MS: 2 InsertByte-Custom-
#28	NEW    cov: 78 ft: 90 corp: 14/44b lim: 4 exec/s: 0 rss: 994Mb L: 4/4 MS: 2 ChangeASCIIInt-Custom-
#29	REDUCE cov: 78 ft: 90 corp: 14/42b lim: 4 exec/s: 0 rss: 994Mb L: 2/4 MS: 2 EraseBytes-Custom-
#39	NEW    cov: 80 ft: 92 corp: 15/46b lim: 4 exec/s: 0 rss: 994Mb L: 4/4 MS: 10 ChangeASCIIInt-Custom-ChangeBinInt-Custom-ShuffleBytes-Custom-ChangeASCIIInt-Custom-ChangeASCIIInt-Custom-
INFO: using inputs from: /tmp/bugrun/lang_23.lhf31A/.cifuzz-corpus/com.example.algorithm2.Algorithm2Test/testParameterizedFuzzer
INFO: using inputs from: /tmp/jazzer-java-seeds3447202054706167930
#45	NEW    cov: 90 ft: 102 corp: 16/49b lim: 4 exec/s: 0 rss: 994Mb L: 3/4 MS: 2 ShuffleBytes-Custom-
INFO: New number of coverage counters: 4096
#51	NEW    cov: 94 ft: 106 corp: 17/51b lim: 4 exec/s: 0 rss: 996Mb L: 2/4 MS: 2 EraseBytes-Custom-
#52	NEW    cov: 103 ft: 115 corp: 18/54b lim: 4 exec/s: 0 rss: 996Mb L: 3/4 MS: 2 CopyPart-Custom-
#54	NEW    cov: 106 ft: 118 corp: 19/57b lim: 4 exec/s: 0 rss: 996Mb L: 3/4 MS: 4 CrossOver-Custom-ChangeByte-Custom-
#56	NEW    cov: 113 ft: 125 corp: 20/60b lim: 4 exec/s: 0 rss: 996Mb L: 3/4 MS: 4 ChangeByte-Custom-ShuffleBytes-Custom-
#58	NEW    cov: 116 ft: 128 corp: 21/63b lim: 4 exec/s: 0 rss: 996Mb L: 3/4 MS: 4 ChangeBit-Custom-ChangeByte-Custom-
#63	NEW    cov: 117 ft: 129 corp: 22/66b lim: 4 exec/s: 0 rss: 996Mb L: 3/4 MS: 10 ChangeBinInt-Custom-ShuffleBytes-Custom-CrossOver-Custom-ChangeByte-Custom-EraseBytes-Custom-
#69	REDUCE cov: 117 ft: 129 corp: 22/65b lim: 4 exec/s: 0 rss: 996Mb L: 3/4 MS: 2 EraseBytes-Custom-
#73	NEW    cov: 120 ft: 132 corp: 23/69b lim: 4 exec/s: 0 rss: 996Mb L: 4/4 MS: 8 ChangeBinInt-Custom-ShuffleBytes-Custom-InsertByte-Custom-ChangeByte-Custom-
#80	NEW    cov: 120 ft: 134 corp: 24/73b lim: 4 exec/s: 0 rss: 996Mb L: 4/4 MS: 4 ChangeBit-Custom-CrossOver-Custom-
#82	NEW    cov: 122 ft: 136 corp: 25/76b lim: 4 exec/s: 0 rss: 996Mb L: 3/4 MS: 4 CrossOver-Custom-CrossOver-Custom-
#87	REDUCE cov: 122 ft: 136 corp: 25/75b lim: 4 exec/s: 0 rss: 996Mb L: 3/4 MS: 10 ChangeBinInt-Custom-ShuffleBytes-Custom-ChangeByte-Custom-CopyPart-Custom-EraseBytes-Custom-
#91	REDUCE cov: 122 ft: 139 corp: 26/77b lim: 4 exec/s: 0 rss: 996Mb L: 2/4 MS: 8 CrossOver-Custom-CopyPart-Custom-ChangeByte-Custom-EraseBytes-Custom-
#92	REDUCE cov: 123 ft: 140 corp: 27/80b lim: 4 exec/s: 0 rss: 997Mb L: 3/4 MS: 2 ChangeASCIIInt-Custom-
#93	NEW    cov: 125 ft: 142 corp: 28/83b lim: 4 exec/s: 0 rss: 997Mb L: 3/4 MS: 2 ChangeBinInt-Custom-
#94	NEW    cov: 125 ft: 143 corp: 29/87b lim: 4 exec/s: 0 rss: 997Mb L: 4/4 MS: 2 CopyPart-Custom-
INFO: Instrumented org.apache.commons.lang3.ArrayUtils (took 358 ms, size +21%)
#98	NEW    cov: 125 ft: 145 corp: 30/91b lim: 4 exec/s: 0 rss: 997Mb L: 4/4 MS: 8 ShuffleBytes-Custom-CopyPart-Custom-ChangeBit-Custom-InsertByte-Custom-
#111	NEW    cov: 140 ft: 163 corp: 31/95b lim: 4 exec/s: 0 rss: 997Mb L: 4/4 MS: 6 CopyPart-Custom-CopyPart-Custom-ChangeByte-Custom-
#113	REDUCE cov: 140 ft: 163 corp: 31/94b lim: 4 exec/s: 0 rss: 997Mb L: 2/4 MS: 4 InsertByte-Custom-EraseBytes-Custom-
#114	REDUCE cov: 145 ft: 168 corp: 32/95b lim: 4 exec/s: 0 rss: 997Mb L: 1/4 MS: 2 EraseBytes-Custom-
#116	NEW    cov: 146 ft: 169 corp: 33/97b lim: 4 exec/s: 0 rss: 997Mb L: 2/4 MS: 4 CrossOver-Custom-CrossOver-Custom-
#124	NEW    cov: 148 ft: 171 corp: 34/99b lim: 4 exec/s: 0 rss: 997Mb L: 2/4 MS: 6 EraseBytes-Custom-ChangeByte-Custom-ChangeBit-Custom-
#125	REDUCE cov: 148 ft: 171 corp: 34/98b lim: 4 exec/s: 0 rss: 997Mb L: 3/4 MS: 2 EraseBytes-Custom-
#127	NEW    cov: 150 ft: 173 corp: 35/101b lim: 4 exec/s: 0 rss: 997Mb L: 3/4 MS: 4 ChangeASCIIInt-Custom-EraseBytes-Custom-
#130	REDUCE cov: 150 ft: 175 corp: 36/105b lim: 4 exec/s: 0 rss: 997Mb L: 4/4 MS: 6 ShuffleBytes-Custom-CrossOver-Custom-CopyPart-Custom-
#136	REDUCE cov: 153 ft: 180 corp: 37/108b lim: 4 exec/s: 0 rss: 997Mb L: 3/4 MS: 2 InsertByte-Custom-
#139	REDUCE cov: 153 ft: 180 corp: 37/107b lim: 4 exec/s: 0 rss: 997Mb L: 2/4 MS: 6 CopyPart-Custom-InsertByte-Custom-EraseBytes-Custom-
#142	NEW    cov: 154 ft: 181 corp: 38/111b lim: 4 exec/s: 0 rss: 997Mb L: 4/4 MS: 6 ChangeByte-Custom-CopyPart-Custom-ChangeBit-Custom-
#143	NEW    cov: 155 ft: 182 corp: 39/114b lim: 4 exec/s: 0 rss: 997Mb L: 3/4 MS: 2 ChangeBit-Custom-
#147	NEW    cov: 156 ft: 183 corp: 40/117b lim: 4 exec/s: 0 rss: 997Mb L: 3/4 MS: 8 InsertByte-Custom-EraseBytes-Custom-CrossOver-Custom-ChangeByte-Custom-
#158	NEW    cov: 166 ft: 193 corp: 41/120b lim: 4 exec/s: 0 rss: 997Mb L: 3/4 MS: 2 ChangeBit-Custom-
#167	REDUCE cov: 169 ft: 196 corp: 42/122b lim: 4 exec/s: 0 rss: 997Mb L: 2/4 MS: 8 ShuffleBytes-Custom-CrossOver-Custom-ShuffleBytes-Custom-ChangeByte-Custom-
#168	NEW    cov: 172 ft: 199 corp: 43/125b lim: 4 exec/s: 0 rss: 997Mb L: 3/4 MS: 2 CrossOver-Custom-
#173	NEW    cov: 173 ft: 200 corp: 44/127b lim: 4 exec/s: 0 rss: 997Mb L: 2/4 MS: 10 ShuffleBytes-Custom-ShuffleBytes-Custom-InsertByte-Custom-EraseBytes-Custom-ChangeByte-Custom-
#189	NEW    cov: 176 ft: 203 corp: 45/130b lim: 4 exec/s: 0 rss: 997Mb L: 3/4 MS: 2 ChangeByte-Custom-
#197	NEW    cov: 179 ft: 206 corp: 46/134b lim: 4 exec/s: 0 rss: 997Mb L: 4/4 MS: 6 ChangeBit-Custom-ShuffleBytes-Custom-InsertByte-Custom-
#198	REDUCE cov: 181 ft: 209 corp: 47/137b lim: 4 exec/s: 0 rss: 997Mb L: 3/4 MS: 2 InsertByte-Custom-
#202	REDUCE cov: 195 ft: 223 corp: 48/140b lim: 4 exec/s: 0 rss: 997Mb L: 3/4 MS: 8 CopyPart-Custom-EraseBytes-Custom-ChangeBit-Custom-InsertByte-Custom-
#205	NEW    cov: 200 ft: 228 corp: 49/144b lim: 4 exec/s: 0 rss: 997Mb L: 4/4 MS: 6 CopyPart-Custom-ChangeBit-Custom-ChangeBinInt-Custom-
#206	NEW    cov: 200 ft: 229 corp: 50/146b lim: 4 exec/s: 0 rss: 997Mb L: 2/4 MS: 2 EraseBytes-Custom-
#213	NEW    cov: 221 ft: 252 corp: 51/150b lim: 4 exec/s: 0 rss: 997Mb L: 4/4 MS: 4 ChangeBinInt-Custom-ChangeBit-Custom-
#216	NEW    cov: 232 ft: 263 corp: 52/154b lim: 4 exec/s: 0 rss: 997Mb L: 4/4 MS: 6 CopyPart-Custom-CrossOver-Custom-ChangeBinInt-Custom-
#219	NEW    cov: 235 ft: 266 corp: 53/155b lim: 4 exec/s: 0 rss: 997Mb L: 1/4 MS: 6 ChangeByte-Custom-CrossOver-Custom-CrossOver-Custom-
#223	REDUCE cov: 235 ft: 266 corp: 53/153b lim: 4 exec/s: 0 rss: 997Mb L: 2/4 MS: 8 ShuffleBytes-Custom-ChangeBit-Custom-ChangeBit-Custom-EraseBytes-Custom-
#228	NEW    cov: 236 ft: 267 corp: 54/156b lim: 4 exec/s: 0 rss: 997Mb L: 3/4 MS: 10 CopyPart-Custom-EraseBytes-Custom-ChangeBit-Custom-CrossOver-Custom-ShuffleBytes-Custom-
#230	NEW    cov: 238 ft: 269 corp: 55/159b lim: 4 exec/s: 0 rss: 997Mb L: 3/4 MS: 4 CrossOver-Custom-InsertByte-Custom-
#241	NEW    cov: 241 ft: 272 corp: 56/162b lim: 4 exec/s: 0 rss: 997Mb L: 3/4 MS: 2 ChangeByte-Custom-
#245	NEW    cov: 244 ft: 275 corp: 57/163b lim: 4 exec/s: 0 rss: 997Mb L: 1/4 MS: 8 CrossOver-Custom-CrossOver-Custom-EraseBytes-Custom-ChangeByte-Custom-
#255	NEW    cov: 251 ft: 282 corp: 58/166b lim: 4 exec/s: 0 rss: 997Mb L: 3/4 MS: 10 EraseBytes-Custom-CrossOver-Custom-CopyPart-Custom-EraseBytes-Custom-InsertByte-Custom-
#266	NEW    cov: 251 ft: 284 corp: 59/169b lim: 4 exec/s: 0 rss: 997Mb L: 3/4 MS: 2 EraseBytes-Custom-
#267	NEW    cov: 252 ft: 285 corp: 60/173b lim: 4 exec/s: 0 rss: 997Mb L: 4/4 MS: 2 CrossOver-Custom-
#273	REDUCE cov: 253 ft: 286 corp: 61/175b lim: 4 exec/s: 0 rss: 997Mb L: 2/4 MS: 2 ChangeByte-Custom-
#276	REDUCE cov: 253 ft: 286 corp: 61/174b lim: 4 exec/s: 0 rss: 997Mb L: 2/4 MS: 6 ShuffleBytes-Custom-CMP-Custom-EraseBytes-Custom- DE: "\033\000"-
#281	NEW    cov: 255 ft: 288 corp: 62/178b lim: 4 exec/s: 0 rss: 997Mb L: 4/4 MS: 10 CopyPart-Custom-ChangeBit-Custom-ChangeByte-Custom-PersAutoDict-Custom-ChangeBinInt-Custom- DE: "\033\000"-
#287	NEW    cov: 256 ft: 289 corp: 63/180b lim: 4 exec/s: 0 rss: 997Mb L: 2/4 MS: 2 EraseBytes-Custom-
#293	REDUCE cov: 258 ft: 292 corp: 64/184b lim: 4 exec/s: 0 rss: 997Mb L: 4/4 MS: 2 CrossOver-Custom-
#299	NEW    cov: 267 ft: 301 corp: 65/188b lim: 4 exec/s: 0 rss: 997Mb L: 4/4 MS: 2 CMP-Custom- DE: "\001\002"-
#304	NEW    cov: 269 ft: 303 corp: 66/190b lim: 4 exec/s: 0 rss: 997Mb L: 2/4 MS: 10 InsertByte-Custom-EraseBytes-Custom-InsertByte-Custom-CrossOver-Custom-PersAutoDict-Custom- DE: "\001\002"-
#309	NEW    cov: 273 ft: 307 corp: 67/194b lim: 4 exec/s: 0 rss: 997Mb L: 4/4 MS: 10 InsertByte-Custom-CrossOver-Custom-EraseBytes-Custom-PersAutoDict-Custom-ChangeBinInt-Custom- DE: "\033\000"-
#312	REDUCE cov: 273 ft: 307 corp: 67/193b lim: 4 exec/s: 0 rss: 997Mb L: 1/4 MS: 6 CopyPart-Custom-EraseBytes-Custom-EraseBytes-Custom-
#316	NEW    cov: 275 ft: 309 corp: 68/195b lim: 4 exec/s: 0 rss: 997Mb L: 2/4 MS: 8 ChangeBit-Custom-EraseBytes-Custom-InsertByte-Custom-EraseBytes-Custom-
#326	NEW    cov: 277 ft: 312 corp: 69/199b lim: 4 exec/s: 0 rss: 997Mb L: 4/4 MS: 10 EraseBytes-Custom-ChangeByte-Custom-ChangeASCIIInt-Custom-CrossOver-Custom-CopyPart-Custom-
#334	REDUCE cov: 280 ft: 315 corp: 70/203b lim: 4 exec/s: 0 rss: 997Mb L: 4/4 MS: 6 ChangeByte-Custom-CrossOver-Custom-CopyPart-Custom-
MS: 6 CopyPart-Custom-InsertByte-Custom-ChangeBinInt-Custom-; base unit: a261f8705904fd654d3085125084d0810a732a69
0x8d,0x8d,0x30,0xed,
\215\2150\355
artifact_prefix='/tmp/bugrun/lang_23.lhf31A/'; Test unit written to /tmp/bugrun/lang_23.lhf31A/crash-7c326bd16758cdfc22337fcc693a93088bffc027
Base64: jY0w7Q==
Done 352 runs in 0 second(s)
INFO: Instrumented org.apache.commons.lang3.CharSequenceUtils (took 45 ms, size +43%)
DEDUP_TOKEN: c9ce87d8100e4cb8
[ERROR] Tests run: 2, Failures: 0, Errors: 1, Skipped: 0, Time elapsed: 10.11 s <<< FAILURE! -- in com.example.algorithm2.Algorithm2Test
[ERROR] com.example.algorithm2.Algorithm2Test.testParameterizedFuzzer(FuzzedDataProvider)[2] -- Time elapsed: 0.925 s <<< ERROR!
java.lang.IllegalArgumentException: Minimum abbreviation width is 4
	at org.apache.commons.lang3.StringUtils.abbreviate(StringUtils.java:5693)
	at org.apache.commons.lang3.StringUtils.abbreviate(StringUtils.java:5650)
	at java.base/jdk.internal.reflect.NativeMethodAccessorImpl.invoke0(Native Method)
	at java.base/jdk.internal.reflect.NativeMethodAccessorImpl.invoke(NativeMethodAccessorImpl.java:62)
	at java.base/jdk.internal.reflect.DelegatingMethodAccessorImpl.invoke(DelegatingMethodAccessorImpl.java:43)
	at java.base/java.lang.reflect.Method.invoke(Method.java:566)
	at com.example.algorithm2.Algorithm2Test.testParameterizedFuzzer(Algorithm2Test.java:226)

[INFO] 
[INFO] Results:
[INFO] 
[ERROR] Errors: 
[ERROR]   Algorithm2Test.testParameterizedFuzzer:226 » IllegalArgument Minimum abbreviation width is 4
[INFO] 
[ERROR] Tests run: 2, Failures: 0, Errors: 1, Skipped: 0
[INFO] 
[ERROR] 

Please refer to /tmp/bugrun/lang_23.lhf31A/target/surefire-reports for the individual test results.
Please refer to dump files (if any exist) [date].dump, [date]-jvmRun[N].dump and [date].dumpstream.
[INFO] 
[INFO] --- jacoco:0.8.11:report (default-cli) @ AlgorithmName2 ---
[INFO] Loading execution data file /tmp/bugrun/lang_23.lhf31A/target/jacoco.exec
[INFO] Analyzed bundle 'AlgorithmName2' with 134 classes
[INFO] ------------------------------------------------------------------------
[INFO] BUILD SUCCESS
[INFO] ------------------------------------------------------------------------
[INFO] Total time:  21.873 s
[INFO] Finished at: 2026-10-06T03:49:07+07:00
[INFO] ------------------------------------------------------------------------
