[INFO] Scanning for projects...
[INFO] 
[INFO] ---------------------< com.example:AlgorithmName2 >---------------------
[INFO] Building AlgorithmName2 1.0-SNAPSHOT
[INFO]   from pom.xml
[INFO] --------------------------------[ jar ]---------------------------------
[INFO] 
[INFO] --- jacoco:0.8.11:prepare-agent (default) @ AlgorithmName2 ---
[INFO] argLine set to -javaagent:/home/kanyaphak673380391-3/.m2/repository/org/jacoco/org.jacoco.agent/0.8.11/org.jacoco.agent-0.8.11-runtime.jar=destfile=/tmp/bugrun/cli_24.6xpD67/target/jacoco.exec
[INFO] 
[INFO] --- resources:3.4.0:resources (default-resources) @ AlgorithmName2 ---
[INFO] Copying 1 resource from src/main/resources to target/classes
[INFO] 
[INFO] --- compiler:3.15.0:compile (default-compile) @ AlgorithmName2 ---
[INFO] Recompiling the module because of changed source code.
[INFO] Compiling 1 source file with javac [debug target 1.8] to target/classes
[WARNING] bootstrap class path not set in conjunction with -source 8
[INFO] 
[INFO] --- dependency:3.6.0:unpack-dependencies (unpack-defects4j) @ AlgorithmName2 ---
[INFO] 
[INFO] --- resources:3.4.0:testResources (default-testResources) @ AlgorithmName2 ---
[INFO] skip non existing resourceDirectory /tmp/bugrun/cli_24.6xpD67/src/test/resources
[INFO] 
[INFO] --- compiler:3.15.0:testCompile (default-testCompile) @ AlgorithmName2 ---
[INFO] Recompiling the module because of changed dependency.
[INFO] Compiling 1 source file with javac [debug target 1.8] to target/test-classes
[WARNING] bootstrap class path not set in conjunction with -source 8
[INFO] 
[INFO] --- surefire:3.1.2:test (default-cli) @ AlgorithmName2 ---
[INFO] Using auto detected provider org.apache.maven.surefire.junitplatform.JUnitPlatformProvider
[INFO] 
[INFO] -------------------------------------------------------
[INFO]  T E S T S
[INFO] -------------------------------------------------------
[INFO] Running com.example.algorithm2.Algorithm2Test
OpenJDK 64-Bit Server VM warning: Sharing is only supported for boot loader classes because bootstrap classpath has been appended
INFO: Loaded 281 hooks from com.code_intelligence.jazzer.runtime.TraceCmpHooks
INFO: Loaded 5 hooks from com.code_intelligence.jazzer.runtime.TraceDivHooks
INFO: Loaded 2 hooks from com.code_intelligence.jazzer.runtime.TraceIndirHooks
INFO: Loaded 4 hooks from com.code_intelligence.jazzer.runtime.NativeLibHooks
INFO: Loaded 2 hooks from com.code_intelligence.jazzer.sanitizers.ClojureLangHooks
INFO: Loaded 5 hooks from com.code_intelligence.jazzer.sanitizers.Deserialization
INFO: Loaded 5 hooks from com.code_intelligence.jazzer.sanitizers.ExpressionLanguageInjection
INFO: Loaded 70 hooks from com.code_intelligence.jazzer.sanitizers.LdapInjection
INFO: Loaded 46 hooks from com.code_intelligence.jazzer.sanitizers.NamingContextLookup
INFO: Loaded 1 hooks from com.code_intelligence.jazzer.sanitizers.OsCommandInjection
INFO: Loaded 52 hooks from com.code_intelligence.jazzer.sanitizers.ReflectiveCall
INFO: Loaded 8 hooks from com.code_intelligence.jazzer.sanitizers.RegexInjection
INFO: Loaded 16 hooks from com.code_intelligence.jazzer.sanitizers.RegexRoadblocks
INFO: Loaded 18 hooks from com.code_intelligence.jazzer.sanitizers.ScriptEngineInjection
INFO: Loaded 2 hooks from com.code_intelligence.jazzer.sanitizers.ServerSideRequestForgery
INFO: Loaded 19 hooks from com.code_intelligence.jazzer.sanitizers.SqlInjection
INFO: Loaded 6 hooks from com.code_intelligence.jazzer.sanitizers.XPathInjection
INFO: Instrumented com.example.algorithm2.Algorithm2Test$Skip (took 443 ms, size +44%)
INFO: Instrumented com.example.algorithm2.Algorithm2Test (took 343 ms, size +27%)
INFO: Instrumented org.apache.commons.cli.CommandLine (took 254 ms, size +28%)
INFO: Instrumented org.apache.commons.cli.ParseException (took 33 ms, size +53%)
INFO: New number of coverage counters: 1024
INFO: Instrumented org.apache.commons.cli.Option (took 232 ms, size +25%)
[harness] target=org.apache.commons.cli.CommandLine factories=1 methods=16
INFO: found LLVMFuzzerCustomMutator (0x75210020bcd0). Disabling -len_control by default.
INFO: Running with entropic power schedule (0xFF, 100).
INFO: Seed: 3180619691
INFO: using inputs from: /tmp/bugrun/cli_24.6xpD67/.cifuzz-corpus/com.example.algorithm2.Algorithm2Test/testParameterizedFuzzer
INFO: using inputs from: /tmp/jazzer-java-seeds15636605918060257321
INFO: Loaded 2 modules   (1024 inline 8-bit counters): 512 [0x752170a94f10, 0x752170a95110), 512 [0x752170a95110, 0x752170a95310), 
INFO: Loaded 2 PC tables (1024 PCs): 512 [0x7521708f6960,0x7521708f8960), 512 [0x75217043ee10,0x752170440e10), 
INFO:        0 files found in /tmp/bugrun/cli_24.6xpD67/.cifuzz-corpus/com.example.algorithm2.Algorithm2Test/testParameterizedFuzzer
INFO:        0 files found in /tmp/jazzer-java-seeds15636605918060257321
INFO: -max_len is not provided; libFuzzer will not generate inputs larger than 4096 bytes
INFO: A corpus is not provided, starting from an empty corpus
#2	INITED cov: 44 ft: 44 corp: 1/1b exec/s: 0 rss: 1024Mb
#3	NEW    cov: 45 ft: 45 corp: 2/3b lim: 4 exec/s: 0 rss: 1024Mb L: 2/2 MS: 2 InsertByte-Custom-
#4	NEW    cov: 54 ft: 54 corp: 3/5b lim: 4 exec/s: 0 rss: 1024Mb L: 2/2 MS: 2 ChangeBit-Custom-
#8	NEW    cov: 64 ft: 64 corp: 4/6b lim: 4 exec/s: 0 rss: 1024Mb L: 1/2 MS: 8 InsertByte-Custom-ShuffleBytes-Custom-ChangeByte-Custom-EraseBytes-Custom-
INFO: Instrumented org.apache.commons.cli.Util (took 22 ms, size +74%)
#29	NEW    cov: 66 ft: 66 corp: 5/8b lim: 4 exec/s: 0 rss: 1028Mb L: 2/2 MS: 2 InsertByte-Custom-
#31	NEW    cov: 69 ft: 69 corp: 6/10b lim: 4 exec/s: 0 rss: 1028Mb L: 2/2 MS: 4 ChangeBinInt-Custom-ChangeBinInt-Custom-
#34	NEW    cov: 69 ft: 78 corp: 7/14b lim: 4 exec/s: 0 rss: 1028Mb L: 4/4 MS: 6 ChangeBit-Custom-ChangeBit-Custom-CrossOver-Custom-
#39	NEW    cov: 72 ft: 83 corp: 8/18b lim: 4 exec/s: 0 rss: 1028Mb L: 4/4 MS: 10 ChangeBit-Custom-ChangeByte-Custom-CrossOver-Custom-ChangeBinInt-Custom-ChangeByte-Custom-
#42	NEW    cov: 74 ft: 85 corp: 9/21b lim: 4 exec/s: 0 rss: 1028Mb L: 3/4 MS: 6 ChangeBit-Custom-InsertByte-Custom-InsertByte-Custom-
#43	REDUCE cov: 74 ft: 85 corp: 9/20b lim: 4 exec/s: 0 rss: 1028Mb L: 1/4 MS: 2 EraseBytes-Custom-
#52	REDUCE cov: 74 ft: 85 corp: 9/19b lim: 4 exec/s: 0 rss: 1028Mb L: 2/4 MS: 8 ChangeBit-Custom-ChangeByte-Custom-ChangeASCIIInt-Custom-EraseBytes-Custom-
#58	REDUCE cov: 76 ft: 87 corp: 10/20b lim: 4 exec/s: 0 rss: 1028Mb L: 1/4 MS: 2 ChangeByte-Custom-
#68	NEW    cov: 79 ft: 90 corp: 11/21b lim: 4 exec/s: 0 rss: 1028Mb L: 1/4 MS: 10 ChangeBinInt-Custom-CrossOver-Custom-ShuffleBytes-Custom-ChangeByte-Custom-ChangeBit-Custom-
#76	REDUCE cov: 83 ft: 94 corp: 12/22b lim: 4 exec/s: 0 rss: 1028Mb L: 1/4 MS: 6 ChangeByte-Custom-EraseBytes-Custom-ChangeByte-Custom-
#82	REDUCE cov: 83 ft: 96 corp: 13/23b lim: 4 exec/s: 0 rss: 1028Mb L: 1/4 MS: 2 EraseBytes-Custom-
#90	NEW    cov: 83 ft: 103 corp: 14/27b lim: 4 exec/s: 0 rss: 1028Mb L: 4/4 MS: 6 ChangeBit-Custom-ChangeBinInt-Custom-ChangeBinInt-Custom-
#103	NEW    cov: 83 ft: 106 corp: 15/29b lim: 4 exec/s: 0 rss: 1028Mb L: 2/4 MS: 6 ShuffleBytes-Custom-ChangeByte-Custom-CopyPart-Custom-
#115	REDUCE cov: 83 ft: 106 corp: 15/28b lim: 4 exec/s: 0 rss: 1028Mb L: 1/4 MS: 4 ShuffleBytes-Custom-EraseBytes-Custom-
#125	NEW    cov: 83 ft: 109 corp: 16/32b lim: 4 exec/s: 0 rss: 1028Mb L: 4/4 MS: 10 CrossOver-Custom-ChangeBit-Custom-CopyPart-Custom-ChangeBinInt-Custom-CopyPart-Custom-
#128	NEW    cov: 83 ft: 111 corp: 17/36b lim: 4 exec/s: 0 rss: 1028Mb L: 4/4 MS: 6 InsertByte-Custom-CopyPart-Custom-CrossOver-Custom-
#134	NEW    cov: 85 ft: 113 corp: 18/37b lim: 4 exec/s: 0 rss: 1028Mb L: 1/4 MS: 2 ChangeByte-Custom-
#138	NEW    cov: 85 ft: 116 corp: 19/39b lim: 4 exec/s: 0 rss: 1028Mb L: 2/4 MS: 8 ChangeByte-Custom-ChangeByte-Custom-CrossOver-Custom-ChangeByte-Custom-
#158	REDUCE cov: 85 ft: 117 corp: 20/43b lim: 4 exec/s: 0 rss: 1028Mb L: 4/4 MS: 10 CrossOver-Custom-ChangeBit-Custom-InsertByte-Custom-ChangeByte-Custom-CopyPart-Custom-
#197	REDUCE cov: 85 ft: 117 corp: 20/41b lim: 4 exec/s: 0 rss: 1028Mb L: 2/4 MS: 8 ShuffleBytes-Custom-EraseBytes-Custom-CopyPart-Custom-CrossOver-Custom-
#241	NEW    cov: 85 ft: 120 corp: 21/45b lim: 4 exec/s: 0 rss: 1028Mb L: 4/4 MS: 8 CrossOver-Custom-ChangeBit-Custom-ChangeByte-Custom-ChangeByte-Custom-
#294	NEW    cov: 85 ft: 124 corp: 22/49b lim: 4 exec/s: 0 rss: 1028Mb L: 4/4 MS: 6 ChangeBit-Custom-CopyPart-Custom-CMP-Custom- DE: "\016\000"-
#330	REDUCE cov: 85 ft: 124 corp: 22/48b lim: 4 exec/s: 0 rss: 1028Mb L: 1/4 MS: 2 EraseBytes-Custom-
#431	NEW    cov: 85 ft: 128 corp: 23/52b lim: 4 exec/s: 0 rss: 1028Mb L: 4/4 MS: 2 CrossOver-Custom-
#488	REDUCE cov: 85 ft: 128 corp: 23/51b lim: 4 exec/s: 0 rss: 1028Mb L: 1/4 MS: 4 ShuffleBytes-Custom-EraseBytes-Custom-
#551	NEW    cov: 85 ft: 130 corp: 24/55b lim: 4 exec/s: 0 rss: 1028Mb L: 4/4 MS: 6 ChangeByte-Custom-ChangeBit-Custom-CopyPart-Custom-
#686	NEW    cov: 85 ft: 133 corp: 25/59b lim: 4 exec/s: 0 rss: 1028Mb L: 4/4 MS: 10 ChangeByte-Custom-EraseBytes-Custom-CrossOver-Custom-ShuffleBytes-Custom-ChangeByte-Custom-
#702	REDUCE cov: 85 ft: 133 corp: 25/58b lim: 4 exec/s: 0 rss: 1028Mb L: 1/4 MS: 2 EraseBytes-Custom-
#706	NEW    cov: 85 ft: 138 corp: 26/62b lim: 4 exec/s: 0 rss: 1028Mb L: 4/4 MS: 8 ChangeBinInt-Custom-ChangeBit-Custom-ChangeByte-Custom-ShuffleBytes-Custom-
#715	REDUCE cov: 85 ft: 138 corp: 26/61b lim: 4 exec/s: 0 rss: 1028Mb L: 3/4 MS: 8 ChangeBit-Custom-CopyPart-Custom-ShuffleBytes-Custom-EraseBytes-Custom-
#1005	NEW    cov: 85 ft: 141 corp: 27/64b lim: 6 exec/s: 0 rss: 1028Mb L: 3/4 MS: 10 ChangeBinInt-Custom-EraseBytes-Custom-ChangeByte-Custom-CrossOver-Custom-CrossOver-Custom-
#1007	NEW    cov: 85 ft: 143 corp: 28/68b lim: 6 exec/s: 0 rss: 1028Mb L: 4/4 MS: 4 ChangeASCIIInt-Custom-CrossOver-Custom-
#1028	NEW    cov: 85 ft: 144 corp: 29/72b lim: 6 exec/s: 0 rss: 1028Mb L: 4/4 MS: 2 ChangeBinInt-Custom-
#1039	REDUCE cov: 85 ft: 144 corp: 29/71b lim: 6 exec/s: 0 rss: 1028Mb L: 3/4 MS: 2 EraseBytes-Custom-
#1085	NEW    cov: 85 ft: 149 corp: 30/76b lim: 6 exec/s: 0 rss: 1028Mb L: 5/5 MS: 2 CopyPart-Custom-
#1092	REDUCE cov: 87 ft: 151 corp: 31/81b lim: 6 exec/s: 0 rss: 1028Mb L: 5/5 MS: 4 InsertRepeatedBytes-Custom-CrossOver-Custom-
#1118	NEW    cov: 87 ft: 152 corp: 32/87b lim: 6 exec/s: 0 rss: 1028Mb L: 6/6 MS: 2 CopyPart-Custom-
#1329	REDUCE cov: 87 ft: 152 corp: 32/85b lim: 8 exec/s: 0 rss: 1028Mb L: 4/5 MS: 2 EraseBytes-Custom-
#1530	REDUCE cov: 87 ft: 154 corp: 33/91b lim: 8 exec/s: 0 rss: 1028Mb L: 6/6 MS: 2 CopyPart-Custom-
#1593	REDUCE cov: 87 ft: 154 corp: 33/90b lim: 8 exec/s: 0 rss: 1028Mb L: 2/6 MS: 6 ChangeBinInt-Custom-ChangeBit-Custom-EraseBytes-Custom-
#1640	NEW    cov: 87 ft: 156 corp: 34/94b lim: 8 exec/s: 0 rss: 1028Mb L: 4/6 MS: 4 ChangeByte-Custom-ChangeBit-Custom-
#1656	NEW    cov: 87 ft: 164 corp: 35/101b lim: 8 exec/s: 0 rss: 1028Mb L: 7/7 MS: 2 CrossOver-Custom-
#1881	NEW    cov: 87 ft: 166 corp: 36/109b lim: 8 exec/s: 0 rss: 1028Mb L: 8/8 MS: 10 CrossOver-Custom-EraseBytes-Custom-InsertByte-Custom-ChangeBinInt-Custom-CrossOver-Custom-
#1932	NEW    cov: 87 ft: 168 corp: 37/116b lim: 8 exec/s: 0 rss: 1028Mb L: 7/8 MS: 2 InsertRepeatedBytes-Custom-
#2219	NEW    cov: 87 ft: 182 corp: 38/124b lim: 8 exec/s: 0 rss: 1028Mb L: 8/8 MS: 4 InsertByte-Custom-CopyPart-Custom-
#2223	NEW    cov: 87 ft: 186 corp: 39/132b lim: 8 exec/s: 0 rss: 1028Mb L: 8/8 MS: 8 CMP-Custom-ChangeByte-Custom-ChangeBinInt-Custom-CrossOver-Custom- DE: "\031\000"-
#2438	NEW    cov: 87 ft: 188 corp: 40/140b lim: 8 exec/s: 0 rss: 1028Mb L: 8/8 MS: 10 ChangeBit-Custom-ChangeBit-Custom-CopyPart-Custom-CopyPart-Custom-CopyPart-Custom-
#2441	REDUCE cov: 87 ft: 191 corp: 41/148b lim: 8 exec/s: 0 rss: 1028Mb L: 8/8 MS: 6 ChangeByte-Custom-ChangeBit-Custom-InsertRepeatedBytes-Custom-
#2461	NEW    cov: 87 ft: 193 corp: 42/156b lim: 8 exec/s: 0 rss: 1028Mb L: 8/8 MS: 10 ChangeBit-Custom-InsertByte-Custom-PersAutoDict-Custom-CopyPart-Custom-CopyPart-Custom- DE: "\016\000"-
#2860	REDUCE cov: 87 ft: 193 corp: 42/155b lim: 11 exec/s: 0 rss: 1028Mb L: 7/8 MS: 8 InsertByte-Custom-ShuffleBytes-Custom-EraseBytes-Custom-ChangeByte-Custom-
#3201	NEW    cov: 87 ft: 219 corp: 43/169b lim: 14 exec/s: 0 rss: 1028Mb L: 14/14 MS: 2 CopyPart-Custom-
#3298	NEW    cov: 89 ft: 221 corp: 44/175b lim: 14 exec/s: 0 rss: 1028Mb L: 6/14 MS: 4 ShuffleBytes-Custom-CrossOver-Custom-
#3598	NEW    cov: 89 ft: 222 corp: 45/187b lim: 14 exec/s: 0 rss: 1028Mb L: 12/14 MS: 10 CrossOver-Custom-ChangeByte-Custom-ChangeBit-Custom-ChangeBit-Custom-CopyPart-Custom-
#3643	REDUCE cov: 89 ft: 226 corp: 46/198b lim: 14 exec/s: 0 rss: 1028Mb L: 11/14 MS: 10 ChangeByte-Custom-InsertByte-Custom-CopyPart-Custom-CrossOver-Custom-CopyPart-Custom-
#3708	REDUCE cov: 89 ft: 230 corp: 47/212b lim: 14 exec/s: 0 rss: 1028Mb L: 14/14 MS: 10 ShuffleBytes-Custom-ChangeBinInt-Custom-CrossOver-Custom-ChangeBit-Custom-InsertRepeatedBytes-Custom-
#3779	REDUCE cov: 89 ft: 230 corp: 47/211b lim: 14 exec/s: 0 rss: 1028Mb L: 4/14 MS: 2 EraseBytes-Custom-
#4026	REDUCE cov: 89 ft: 232 corp: 48/224b lim: 14 exec/s: 0 rss: 1028Mb L: 13/14 MS: 4 ChangeBit-Custom-CopyPart-Custom-
#4623	REDUCE cov: 89 ft: 232 corp: 48/223b lim: 17 exec/s: 0 rss: 1028Mb L: 13/14 MS: 4 ChangeBit-Custom-EraseBytes-Custom-
#4664	REDUCE cov: 89 ft: 232 corp: 48/221b lim: 17 exec/s: 0 rss: 1028Mb L: 11/14 MS: 2 EraseBytes-Custom-
#5442	NEW    cov: 89 ft: 234 corp: 49/240b lim: 21 exec/s: 5442 rss: 1028Mb L: 19/19 MS: 6 PersAutoDict-Custom-EraseBytes-Custom-InsertRepeatedBytes-Custom- DE: "\016\000"-
#5493	REDUCE cov: 89 ft: 234 corp: 49/239b lim: 21 exec/s: 5493 rss: 1028Mb L: 11/19 MS: 2 EraseBytes-Custom-
#5544	REDUCE cov: 89 ft: 234 corp: 49/236b lim: 21 exec/s: 5544 rss: 1028Mb L: 11/19 MS: 2 EraseBytes-Custom-
#5586	REDUCE cov: 89 ft: 234 corp: 49/235b lim: 21 exec/s: 5586 rss: 1028Mb L: 5/19 MS: 4 ChangeBinInt-Custom-EraseBytes-Custom-
#6045	NEW    cov: 89 ft: 237 corp: 50/253b lim: 25 exec/s: 6045 rss: 1028Mb L: 18/19 MS: 8 PersAutoDict-Custom-ChangeBit-Custom-PersAutoDict-Custom-InsertRepeatedBytes-Custom- DE: "\031\000"-"\031\000"-
#6275	NEW    cov: 89 ft: 243 corp: 51/277b lim: 25 exec/s: 6275 rss: 1028Mb L: 24/24 MS: 10 ShuffleBytes-Custom-CrossOver-Custom-CopyPart-Custom-ChangeBit-Custom-InsertRepeatedBytes-Custom-
#6517	NEW    cov: 89 ft: 248 corp: 52/301b lim: 25 exec/s: 6517 rss: 1028Mb L: 24/24 MS: 4 ChangeBinInt-Custom-ChangeBinInt-Custom-
#6773	REDUCE cov: 89 ft: 248 corp: 52/293b lim: 25 exec/s: 6773 rss: 1028Mb L: 10/24 MS: 2 EraseBytes-Custom-
#7065	NEW    cov: 89 ft: 250 corp: 53/317b lim: 25 exec/s: 7065 rss: 1028Mb L: 24/24 MS: 4 CopyPart-Custom-ShuffleBytes-Custom-
#7296	REDUCE cov: 89 ft: 250 corp: 53/315b lim: 25 exec/s: 7296 rss: 1028Mb L: 9/24 MS: 2 EraseBytes-Custom-
#7524	REDUCE cov: 89 ft: 250 corp: 53/309b lim: 25 exec/s: 7524 rss: 1028Mb L: 13/24 MS: 6 ChangeBit-Custom-ShuffleBytes-Custom-EraseBytes-Custom-
#7545	REDUCE cov: 89 ft: 267 corp: 54/333b lim: 25 exec/s: 7545 rss: 1028Mb L: 24/24 MS: 2 InsertRepeatedBytes-Custom-
#7616	REDUCE cov: 89 ft: 267 corp: 54/332b lim: 25 exec/s: 7616 rss: 1028Mb L: 23/24 MS: 2 EraseBytes-Custom-
#8392	REDUCE cov: 89 ft: 267 corp: 54/331b lim: 29 exec/s: 8392 rss: 1028Mb L: 3/24 MS: 2 EraseBytes-Custom-
#10483	REDUCE cov: 89 ft: 269 corp: 55/366b lim: 48 exec/s: 10483 rss: 1028Mb L: 35/35 MS: 2 InsertRepeatedBytes-Custom-
#11824	NEW    cov: 89 ft: 273 corp: 56/400b lim: 58 exec/s: 11824 rss: 1028Mb L: 34/35 MS: 2 InsertRepeatedBytes-Custom-
#11874	NEW    cov: 89 ft: 278 corp: 57/444b lim: 58 exec/s: 11874 rss: 1028Mb L: 44/44 MS: 10 CrossOver-Custom-PersAutoDict-Custom-ChangeByte-Custom-ChangeByte-Custom-InsertRepeatedBytes-Custom- DE: "\031\000"-
#12114	REDUCE cov: 89 ft: 282 corp: 58/499b lim: 58 exec/s: 12114 rss: 1028Mb L: 55/55 MS: 10 CopyPart-Custom-InsertRepeatedBytes-Custom-EraseBytes-Custom-CMP-Custom-InsertRepeatedBytes-Custom- DE: "\377\002"-
#12117	REDUCE cov: 89 ft: 282 corp: 58/484b lim: 58 exec/s: 12117 rss: 1028Mb L: 40/44 MS: 6 ShuffleBytes-Custom-ShuffleBytes-Custom-EraseBytes-Custom-
#12199	REDUCE cov: 89 ft: 282 corp: 58/482b lim: 58 exec/s: 12199 rss: 1028Mb L: 11/44 MS: 4 ChangeBit-Custom-EraseBytes-Custom-
#12675	NEW    cov: 89 ft: 284 corp: 59/526b lim: 58 exec/s: 12675 rss: 1028Mb L: 44/44 MS: 2 ChangeBinInt-Custom-
#12964	REDUCE cov: 89 ft: 284 corp: 59/520b lim: 58 exec/s: 12964 rss: 1028Mb L: 38/44 MS: 8 CopyPart-Custom-PersAutoDict-Custom-InsertRepeatedBytes-Custom-EraseBytes-Custom- DE: "\031\000"-
#13210	REDUCE cov: 89 ft: 284 corp: 59/516b lim: 58 exec/s: 13210 rss: 1028Mb L: 31/44 MS: 2 EraseBytes-Custom-
#13972	REDUCE cov: 89 ft: 284 corp: 59/515b lim: 63 exec/s: 13972 rss: 1028Mb L: 4/44 MS: 4 CopyPart-Custom-EraseBytes-Custom-
#14272	REDUCE cov: 89 ft: 284 corp: 59/507b lim: 63 exec/s: 14272 rss: 1028Mb L: 26/44 MS: 10 ShuffleBytes-Custom-EraseBytes-Custom-ShuffleBytes-Custom-ChangeByte-Custom-PersAutoDict-Custom- DE: "\016\000"-
#14769	REDUCE cov: 89 ft: 284 corp: 59/506b lim: 63 exec/s: 14769 rss: 1028Mb L: 43/43 MS: 4 InsertByte-Custom-EraseBytes-Custom-
#15956	REDUCE cov: 89 ft: 284 corp: 59/505b lim: 74 exec/s: 15956 rss: 1028Mb L: 42/42 MS: 4 CopyPart-Custom-EraseBytes-Custom-
#16333	REDUCE cov: 89 ft: 284 corp: 59/504b lim: 74 exec/s: 16333 rss: 1028Mb L: 7/42 MS: 4 CopyPart-Custom-EraseBytes-Custom-
#16720	REDUCE cov: 89 ft: 284 corp: 59/503b lim: 74 exec/s: 16720 rss: 1028Mb L: 30/42 MS: 4 PersAutoDict-Custom-EraseBytes-Custom- DE: "\016\000"-
#16799	REDUCE cov: 89 ft: 284 corp: 59/502b lim: 74 exec/s: 16799 rss: 1028Mb L: 23/42 MS: 8 CrossOver-Custom-EraseBytes-Custom-ChangeBit-Custom-InsertByte-Custom-
#17050	REDUCE cov: 89 ft: 284 corp: 59/501b lim: 74 exec/s: 17050 rss: 1028Mb L: 29/42 MS: 2 EraseBytes-Custom-
#17077	REDUCE cov: 89 ft: 284 corp: 59/500b lim: 74 exec/s: 17077 rss: 1028Mb L: 7/42 MS: 4 ChangeBit-Custom-EraseBytes-Custom-
#18450	REDUCE cov: 89 ft: 284 corp: 59/496b lim: 86 exec/s: 18450 rss: 1028Mb L: 25/42 MS: 6 InsertRepeatedBytes-Custom-ChangeByte-Custom-EraseBytes-Custom-
#18861	REDUCE cov: 89 ft: 284 corp: 59/494b lim: 86 exec/s: 18861 rss: 1028Mb L: 22/42 MS: 2 EraseBytes-Custom-
#19059	REDUCE cov: 89 ft: 284 corp: 59/492b lim: 86 exec/s: 19059 rss: 1028Mb L: 11/42 MS: 6 ChangeByte-Custom-ChangeASCIIInt-Custom-EraseBytes-Custom-
#19314	REDUCE cov: 89 ft: 284 corp: 59/491b lim: 86 exec/s: 19314 rss: 1028Mb L: 37/42 MS: 10 EraseBytes-Custom-ChangeByte-Custom-ChangeBinInt-Custom-CMP-Custom-InsertRepeatedBytes-Custom- DE: "\007\000\000\000"-
#19781	REDUCE cov: 89 ft: 286 corp: 60/572b lim: 86 exec/s: 19781 rss: 1028Mb L: 81/81 MS: 4 PersAutoDict-Custom-InsertRepeatedBytes-Custom- DE: "\007\000\000\000"-
#19822	REDUCE cov: 89 ft: 291 corp: 61/655b lim: 86 exec/s: 19822 rss: 1028Mb L: 83/83 MS: 2 CopyPart-Custom-
#20344	REDUCE cov: 89 ft: 291 corp: 61/654b lim: 86 exec/s: 20344 rss: 1028Mb L: 8/83 MS: 4 EraseBytes-Custom-ShuffleBytes-Custom-
#20361	REDUCE cov: 89 ft: 291 corp: 61/653b lim: 86 exec/s: 20361 rss: 1028Mb L: 25/83 MS: 4 InsertByte-Custom-EraseBytes-Custom-
#20398	REDUCE cov: 89 ft: 291 corp: 61/641b lim: 86 exec/s: 20398 rss: 1028Mb L: 69/83 MS: 4 CopyPart-Custom-EraseBytes-Custom-
#20669	REDUCE cov: 89 ft: 291 corp: 61/639b lim: 86 exec/s: 20669 rss: 1028Mb L: 23/83 MS: 2 EraseBytes-Custom-
#20970	REDUCE cov: 89 ft: 291 corp: 61/638b lim: 86 exec/s: 20970 rss: 1028Mb L: 3/83 MS: 2 EraseBytes-Custom-
#21425	REDUCE cov: 89 ft: 291 corp: 61/634b lim: 86 exec/s: 21425 rss: 1028Mb L: 79/79 MS: 10 EraseBytes-Custom-ChangeBit-Custom-ShuffleBytes-Custom-ChangeBinInt-Custom-InsertRepeatedBytes-Custom-
#21960	REDUCE cov: 89 ft: 295 corp: 62/720b lim: 86 exec/s: 21960 rss: 1028Mb L: 86/86 MS: 10 CopyPart-Custom-InsertRepeatedBytes-Custom-ChangeBit-Custom-ChangeByte-Custom-InsertRepeatedBytes-Custom-
#22238	REDUCE cov: 89 ft: 299 corp: 63/804b lim: 86 exec/s: 22238 rss: 1028Mb L: 84/86 MS: 6 InsertByte-Custom-CopyPart-Custom-CopyPart-Custom-
#22486	REDUCE cov: 89 ft: 299 corp: 63/795b lim: 86 exec/s: 22486 rss: 1028Mb L: 75/86 MS: 6 EraseBytes-Custom-CopyPart-Custom-InsertRepeatedBytes-Custom-
#22782	REDUCE cov: 89 ft: 299 corp: 63/794b lim: 86 exec/s: 22782 rss: 1028Mb L: 7/86 MS: 2 EraseBytes-Custom-
#24029	REDUCE cov: 89 ft: 299 corp: 63/791b lim: 98 exec/s: 24029 rss: 1028Mb L: 72/86 MS: 4 ShuffleBytes-Custom-EraseBytes-Custom-
#24309	REDUCE cov: 89 ft: 299 corp: 63/769b lim: 98 exec/s: 24309 rss: 1028Mb L: 47/86 MS: 10 ChangeBit-Custom-InsertRepeatedBytes-Custom-EraseBytes-Custom-ChangeByte-Custom-ChangeBit-Custom-
#24571	REDUCE cov: 89 ft: 299 corp: 63/762b lim: 98 exec/s: 24571 rss: 1028Mb L: 40/86 MS: 4 EraseBytes-Custom-ChangeBit-Custom-
#24745	REDUCE cov: 89 ft: 299 corp: 63/758b lim: 98 exec/s: 24745 rss: 1028Mb L: 38/86 MS: 8 ShuffleBytes-Custom-ChangeBit-Custom-CrossOver-Custom-EraseBytes-Custom-
#25212	REDUCE cov: 89 ft: 299 corp: 63/753b lim: 98 exec/s: 25212 rss: 1028Mb L: 35/86 MS: 4 ChangeBit-Custom-EraseBytes-Custom-
#25415	REDUCE cov: 89 ft: 299 corp: 63/740b lim: 98 exec/s: 25415 rss: 1028Mb L: 22/86 MS: 6 InsertByte-Custom-CrossOver-Custom-EraseBytes-Custom-
#27456	NEW    cov: 89 ft: 304 corp: 64/851b lim: 116 exec/s: 27456 rss: 1028Mb L: 111/111 MS: 2 InsertRepeatedBytes-Custom-
#29067	REDUCE cov: 89 ft: 304 corp: 64/850b lim: 128 exec/s: 29067 rss: 1028Mb L: 24/111 MS: 2 EraseBytes-Custom-
#29871	REDUCE cov: 89 ft: 304 corp: 64/847b lim: 135 exec/s: 29871 rss: 1028Mb L: 76/111 MS: 8 InsertByte-Custom-CopyPart-Custom-ChangeByte-Custom-EraseBytes-Custom-
#30250	REDUCE cov: 89 ft: 304 corp: 64/842b lim: 135 exec/s: 30250 rss: 1029Mb L: 17/111 MS: 8 ChangeByte-Custom-EraseBytes-Custom-ShuffleBytes-Custom-ChangeBit-Custom-
#31193	REDUCE cov: 89 ft: 306 corp: 65/919b lim: 142 exec/s: 31193 rss: 1035Mb L: 77/111 MS: 6 CopyPart-Custom-CopyPart-Custom-CopyPart-Custom-
#31284	REDUCE cov: 89 ft: 306 corp: 65/899b lim: 142 exec/s: 31284 rss: 1035Mb L: 57/111 MS: 2 EraseBytes-Custom-
#31554	REDUCE cov: 89 ft: 310 corp: 66/1014b lim: 142 exec/s: 31554 rss: 1037Mb L: 115/115 MS: 10 CopyPart-Custom-ChangeByte-Custom-ChangeBinInt-Custom-EraseBytes-Custom-CrossOver-Custom-
#33322	REDUCE cov: 89 ft: 310 corp: 66/1012b lim: 156 exec/s: 33322 rss: 1047Mb L: 22/115 MS: 6 ChangeByte-Custom-InsertByte-Custom-EraseBytes-Custom-
#33763	REDUCE cov: 89 ft: 310 corp: 66/1010b lim: 156 exec/s: 16881 rss: 1049Mb L: 113/113 MS: 2 EraseBytes-Custom-
#35510	REDUCE cov: 89 ft: 310 corp: 66/1009b lim: 170 exec/s: 17755 rss: 1059Mb L: 56/113 MS: 4 ChangeBit-Custom-EraseBytes-Custom-
#37261	REDUCE cov: 89 ft: 310 corp: 66/1008b lim: 184 exec/s: 18630 rss: 1069Mb L: 75/113 MS: 2 EraseBytes-Custom-
#38105	REDUCE cov: 89 ft: 310 corp: 66/1007b lim: 191 exec/s: 19052 rss: 1073Mb L: 10/113 MS: 8 ShuffleBytes-Custom-ChangeBit-Custom-EraseBytes-Custom-InsertByte-Custom-
#38530	REDUCE cov: 89 ft: 310 corp: 66/1003b lim: 191 exec/s: 19265 rss: 1076Mb L: 52/113 MS: 10 InsertByte-Custom-InsertByte-Custom-ChangeByte-Custom-EraseBytes-Custom-CrossOver-Custom-
#40712	REDUCE cov: 89 ft: 310 corp: 66/993b lim: 212 exec/s: 20356 rss: 1088Mb L: 103/111 MS: 4 InsertByte-Custom-EraseBytes-Custom-
#41283	REDUCE cov: 89 ft: 310 corp: 66/991b lim: 212 exec/s: 20641 rss: 1091Mb L: 15/111 MS: 2 EraseBytes-Custom-
#42995	REDUCE cov: 89 ft: 310 corp: 66/989b lim: 226 exec/s: 21497 rss: 1100Mb L: 50/111 MS: 4 InsertByte-Custom-EraseBytes-Custom-
#43082	REDUCE cov: 89 ft: 310 corp: 66/987b lim: 226 exec/s: 21541 rss: 1101Mb L: 13/111 MS: 4 ChangeBit-Custom-EraseBytes-Custom-
#43422	REDUCE cov: 89 ft: 310 corp: 66/983b lim: 226 exec/s: 21711 rss: 1103Mb L: 107/107 MS: 10 ChangeBit-Custom-ChangeByte-Custom-ChangeBit-Custom-CopyPart-Custom-EraseBytes-Custom-
#43784	REDUCE cov: 89 ft: 310 corp: 66/982b lim: 226 exec/s: 21892 rss: 1105Mb L: 37/107 MS: 4 InsertByte-Custom-EraseBytes-Custom-
#44015	REDUCE cov: 89 ft: 310 corp: 66/980b lim: 226 exec/s: 22007 rss: 1106Mb L: 9/107 MS: 2 EraseBytes-Custom-
#45622	REDUCE cov: 89 ft: 310 corp: 66/979b lim: 240 exec/s: 22811 rss: 1115Mb L: 10/107 MS: 4 InsertByte-Custom-EraseBytes-Custom-
#47802	REDUCE cov: 89 ft: 310 corp: 66/978b lim: 261 exec/s: 23901 rss: 1127Mb L: 36/107 MS: 10 CrossOver-Custom-ShuffleBytes-Custom-CopyPart-Custom-CrossOver-Custom-EraseBytes-Custom-
#48797	NEW    cov: 89 ft: 319 corp: 67/1238b lim: 269 exec/s: 24398 rss: 1133Mb L: 260/260 MS: 10 ShuffleBytes-Custom-CrossOver-Custom-CMP-Custom-CrossOver-Custom-CopyPart-Custom- DE: "\000\000\000\010"-
#50123	REDUCE cov: 89 ft: 319 corp: 67/1235b lim: 277 exec/s: 25061 rss: 1140Mb L: 257/257 MS: 2 EraseBytes-Custom-
#50698	REDUCE cov: 89 ft: 319 corp: 67/1229b lim: 277 exec/s: 25349 rss: 1143Mb L: 97/257 MS: 10 CopyPart-Custom-ChangeByte-Custom-PersAutoDict-Custom-InsertByte-Custom-EraseBytes-Custom- DE: "\016\000"-
#51349	REDUCE cov: 89 ft: 319 corp: 67/1228b lim: 277 exec/s: 25674 rss: 1147Mb L: 12/257 MS: 2 EraseBytes-Custom-
#52968	REDUCE cov: 89 ft: 319 corp: 67/1204b lim: 293 exec/s: 26484 rss: 1156Mb L: 48/257 MS: 8 ChangeBinInt-Custom-ChangeBit-Custom-EraseBytes-Custom-CrossOver-Custom-
#53425	REDUCE cov: 89 ft: 319 corp: 67/1203b lim: 293 exec/s: 26712 rss: 1158Mb L: 9/257 MS: 4 ChangeBit-Custom-EraseBytes-Custom-
#53521	REDUCE cov: 89 ft: 319 corp: 67/1176b lim: 293 exec/s: 26760 rss: 1159Mb L: 70/257 MS: 2 EraseBytes-Custom-
#54202	REDUCE cov: 89 ft: 319 corp: 67/1175b lim: 293 exec/s: 27101 rss: 1163Mb L: 11/257 MS: 2 EraseBytes-Custom-
#55293	REDUCE cov: 89 ft: 319 corp: 67/1174b lim: 301 exec/s: 18431 rss: 1169Mb L: 10/257 MS: 2 EraseBytes-Custom-
#56495	REDUCE cov: 89 ft: 319 corp: 67/1158b lim: 309 exec/s: 18831 rss: 1175Mb L: 34/257 MS: 4 EraseBytes-Custom-ChangeBit-Custom-
#56818	REDUCE cov: 89 ft: 319 corp: 67/1151b lim: 309 exec/s: 18939 rss: 1177Mb L: 250/250 MS: 6 CMP-Custom-ChangeBit-Custom-EraseBytes-Custom- DE: "\007\000"-
#57844	REDUCE cov: 89 ft: 319 corp: 67/1146b lim: 317 exec/s: 19281 rss: 1183Mb L: 65/250 MS: 2 EraseBytes-Custom-
#58352	REDUCE cov: 89 ft: 319 corp: 67/1142b lim: 317 exec/s: 19450 rss: 1186Mb L: 30/250 MS: 6 CopyPart-Custom-CopyPart-Custom-EraseBytes-Custom-
#59018	REDUCE cov: 89 ft: 319 corp: 67/1138b lim: 317 exec/s: 19672 rss: 1189Mb L: 44/250 MS: 2 EraseBytes-Custom-
#60288	REDUCE cov: 89 ft: 319 corp: 67/1136b lim: 325 exec/s: 20096 rss: 1197Mb L: 63/250 MS: 10 PersAutoDict-Custom-CrossOver-Custom-ChangeBinInt-Custom-InsertByte-Custom-EraseBytes-Custom- DE: "\031\000"-
#62194	REDUCE cov: 89 ft: 319 corp: 67/1135b lim: 341 exec/s: 20731 rss: 1207Mb L: 7/250 MS: 2 EraseBytes-Custom-
#63070	REDUCE cov: 89 ft: 319 corp: 67/1134b lim: 349 exec/s: 21023 rss: 1212Mb L: 8/250 MS: 2 EraseBytes-Custom-
#64271	REDUCE cov: 89 ft: 319 corp: 67/1129b lim: 357 exec/s: 21423 rss: 1219Mb L: 81/250 MS: 2 EraseBytes-Custom-
#64619	REDUCE cov: 89 ft: 319 corp: 67/1124b lim: 357 exec/s: 21539 rss: 1221Mb L: 58/250 MS: 6 ChangeBit-Custom-InsertByte-Custom-EraseBytes-Custom-
#65536	pulse  cov: 89 ft: 319 corp: 67/1124b lim: 365 exec/s: 21845 rss: 1226Mb
#69100	REDUCE cov: 89 ft: 319 corp: 67/1119b lim: 397 exec/s: 23033 rss: 1239Mb L: 76/250 MS: 2 EraseBytes-Custom-
#70329	REDUCE cov: 89 ft: 319 corp: 67/1118b lim: 405 exec/s: 23443 rss: 1239Mb L: 3/250 MS: 8 EraseBytes-Custom-InsertByte-Custom-EraseBytes-Custom-CopyPart-Custom-
#70949	REDUCE cov: 89 ft: 319 corp: 67/1117b lim: 405 exec/s: 23649 rss: 1239Mb L: 57/250 MS: 10 CopyPart-Custom-EraseBytes-Custom-PersAutoDict-Custom-EraseBytes-Custom-EraseBytes-Custom- DE: "\007\000\000\000"-
#70993	REDUCE cov: 89 ft: 319 corp: 67/1106b lim: 405 exec/s: 23664 rss: 1239Mb L: 64/250 MS: 8 EraseBytes-Custom-ChangeBinInt-Custom-CrossOver-Custom-CopyPart-Custom-
#71977	REDUCE cov: 89 ft: 319 corp: 67/1104b lim: 413 exec/s: 23992 rss: 1239Mb L: 62/250 MS: 8 ShuffleBytes-Custom-EraseBytes-Custom-CopyPart-Custom-CopyPart-Custom-
#73165	REDUCE cov: 89 ft: 319 corp: 67/1103b lim: 421 exec/s: 24388 rss: 1239Mb L: 249/249 MS: 6 InsertRepeatedBytes-Custom-ChangeByte-Custom-EraseBytes-Custom-
#74897	REDUCE cov: 89 ft: 319 corp: 67/1092b lim: 437 exec/s: 24965 rss: 1245Mb L: 51/249 MS: 4 CopyPart-Custom-EraseBytes-Custom-
#75684	REDUCE cov: 89 ft: 319 corp: 67/1089b lim: 437 exec/s: 25228 rss: 1250Mb L: 246/246 MS: 4 EraseBytes-Custom-InsertRepeatedBytes-Custom-
#75907	REDUCE cov: 89 ft: 319 corp: 67/1088b lim: 437 exec/s: 25302 rss: 1251Mb L: 50/246 MS: 6 ChangeBinInt-Custom-InsertByte-Custom-EraseBytes-Custom-
#76558	REDUCE cov: 89 ft: 319 corp: 67/1087b lim: 437 exec/s: 25519 rss: 1254Mb L: 9/246 MS: 2 EraseBytes-Custom-
#77434	REDUCE cov: 89 ft: 319 corp: 67/1083b lim: 445 exec/s: 25811 rss: 1259Mb L: 53/246 MS: 2 EraseBytes-Custom-
#77520	REDUCE cov: 89 ft: 319 corp: 67/1081b lim: 445 exec/s: 25840 rss: 1260Mb L: 7/246 MS: 2 EraseBytes-Custom-
#80629	REDUCE cov: 89 ft: 319 corp: 67/1080b lim: 469 exec/s: 26876 rss: 1277Mb L: 39/246 MS: 8 EraseBytes-Custom-PersAutoDict-Custom-CopyPart-Custom-EraseBytes-Custom- DE: "\007\000\000\000"-
#82141	REDUCE cov: 89 ft: 319 corp: 67/1078b lim: 477 exec/s: 27380 rss: 1285Mb L: 74/246 MS: 4 ChangeBit-Custom-EraseBytes-Custom-
#82562	REDUCE cov: 89 ft: 319 corp: 67/1077b lim: 477 exec/s: 27520 rss: 1288Mb L: 8/246 MS: 2 EraseBytes-Custom-
#84329	REDUCE cov: 89 ft: 319 corp: 67/1075b lim: 493 exec/s: 28109 rss: 1297Mb L: 48/246 MS: 4 ChangeByte-Custom-EraseBytes-Custom-
#84415	REDUCE cov: 89 ft: 319 corp: 67/1067b lim: 493 exec/s: 28138 rss: 1298Mb L: 40/246 MS: 2 EraseBytes-Custom-
#85075	DONE   cov: 89 ft: 319 corp: 67/1067b lim: 493 exec/s: 21268 rss: 1301Mb
###### Recommended dictionary. ######
"\016\000" # Uses: 2177
"\031\000" # Uses: 1965
"\377\002" # Uses: 1533
"\007\000\000\000" # Uses: 1184
"\000\000\000\010" # Uses: 537
"\007\000" # Uses: 486
###### End of recommended dictionary. ######
Done 85075 runs in 4 second(s)
[INFO] Tests run: 2, Failures: 0, Errors: 0, Skipped: 0, Time elapsed: 18.99 s -- in com.example.algorithm2.Algorithm2Test
[INFO] 
[INFO] Results:
[INFO] 
[INFO] Tests run: 2, Failures: 0, Errors: 0, Skipped: 0
[INFO] 
[INFO] 
[INFO] --- jacoco:0.8.11:report (default-cli) @ AlgorithmName2 ---
[INFO] Loading execution data file /tmp/bugrun/cli_24.6xpD67/target/jacoco.exec
[INFO] Analyzed bundle 'AlgorithmName2' with 21 classes
[INFO] ------------------------------------------------------------------------
[INFO] BUILD SUCCESS
[INFO] ------------------------------------------------------------------------
[INFO] Total time:  30.158 s
[INFO] Finished at: 2026-10-06T03:29:41+07:00
[INFO] ------------------------------------------------------------------------
