[INFO] Scanning for projects...
[INFO] 
[INFO] ---------------------< com.example:AlgorithmName2 >---------------------
[INFO] Building AlgorithmName2 1.0-SNAPSHOT
[INFO]   from pom.xml
[INFO] --------------------------------[ jar ]---------------------------------
[INFO] 
[INFO] --- jacoco:0.8.11:prepare-agent (default) @ AlgorithmName2 ---
[INFO] argLine set to -javaagent:/home/kanyaphak673380391-3/.m2/repository/org/jacoco/org.jacoco.agent/0.8.11/org.jacoco.agent-0.8.11-runtime.jar=destfile=/tmp/bugrun/codec_2.t3XM4e/target/jacoco.exec
[INFO] 
[INFO] --- resources:3.4.0:resources (default-resources) @ AlgorithmName2 ---
[INFO] Copying 1 resource from src/main/resources to target/classes
[INFO] 
[INFO] --- compiler:3.15.0:compile (default-compile) @ AlgorithmName2 ---
[INFO] Recompiling the module because of changed source code.
[INFO] Compiling 1 source file with javac [debug target 1.8] to target/classes
[WARNING] bootstrap class path not set in conjunction with -source 8
[INFO] 
[INFO] --- dependency:3.6.0:unpack-dependencies (unpack-defects4j) @ AlgorithmName2 ---
[INFO] 
[INFO] --- resources:3.4.0:testResources (default-testResources) @ AlgorithmName2 ---
[INFO] skip non existing resourceDirectory /tmp/bugrun/codec_2.t3XM4e/src/test/resources
[INFO] 
[INFO] --- compiler:3.15.0:testCompile (default-testCompile) @ AlgorithmName2 ---
[INFO] Recompiling the module because of changed dependency.
[INFO] Compiling 1 source file with javac [debug target 1.8] to target/test-classes
[WARNING] bootstrap class path not set in conjunction with -source 8
[INFO] 
[INFO] --- surefire:3.1.2:test (default-cli) @ AlgorithmName2 ---
[INFO] Using auto detected provider org.apache.maven.surefire.junitplatform.JUnitPlatformProvider
[INFO] 
[INFO] -------------------------------------------------------
[INFO]  T E S T S
[INFO] -------------------------------------------------------
[INFO] Running com.example.algorithm2.Algorithm2Test
OpenJDK 64-Bit Server VM warning: Sharing is only supported for boot loader classes because bootstrap classpath has been appended
INFO: Loaded 281 hooks from com.code_intelligence.jazzer.runtime.TraceCmpHooks
INFO: Loaded 5 hooks from com.code_intelligence.jazzer.runtime.TraceDivHooks
INFO: Loaded 2 hooks from com.code_intelligence.jazzer.runtime.TraceIndirHooks
INFO: Loaded 4 hooks from com.code_intelligence.jazzer.runtime.NativeLibHooks
INFO: Loaded 2 hooks from com.code_intelligence.jazzer.sanitizers.ClojureLangHooks
INFO: Loaded 5 hooks from com.code_intelligence.jazzer.sanitizers.Deserialization
INFO: Loaded 5 hooks from com.code_intelligence.jazzer.sanitizers.ExpressionLanguageInjection
INFO: Loaded 70 hooks from com.code_intelligence.jazzer.sanitizers.LdapInjection
INFO: Loaded 46 hooks from com.code_intelligence.jazzer.sanitizers.NamingContextLookup
INFO: Loaded 1 hooks from com.code_intelligence.jazzer.sanitizers.OsCommandInjection
INFO: Loaded 52 hooks from com.code_intelligence.jazzer.sanitizers.ReflectiveCall
INFO: Loaded 8 hooks from com.code_intelligence.jazzer.sanitizers.RegexInjection
INFO: Loaded 16 hooks from com.code_intelligence.jazzer.sanitizers.RegexRoadblocks
INFO: Loaded 18 hooks from com.code_intelligence.jazzer.sanitizers.ScriptEngineInjection
INFO: Loaded 2 hooks from com.code_intelligence.jazzer.sanitizers.ServerSideRequestForgery
INFO: Loaded 19 hooks from com.code_intelligence.jazzer.sanitizers.SqlInjection
INFO: Loaded 6 hooks from com.code_intelligence.jazzer.sanitizers.XPathInjection
INFO: Instrumented com.example.algorithm2.Algorithm2Test$Skip (took 164 ms, size +44%)
INFO: Instrumented com.example.algorithm2.Algorithm2Test (took 216 ms, size +27%)
INFO: New number of coverage counters: 1024
INFO: Instrumented org.apache.commons.codec.binary.Base64 (took 274 ms, size +20%)
INFO: Instrumented org.apache.commons.codec.BinaryEncoder (took 1 ms, size +0%)
INFO: Instrumented org.apache.commons.codec.Encoder (took 14 ms, size +0%)
INFO: Instrumented org.apache.commons.codec.BinaryDecoder (took 1 ms, size +0%)
INFO: Instrumented org.apache.commons.codec.Decoder (took 0 ms, size +0%)
INFO: Instrumented org.apache.commons.codec.DecoderException (took 6 ms, size +49%)
INFO: Instrumented org.apache.commons.codec.EncoderException (took 5 ms, size +49%)
[harness] target=org.apache.commons.codec.binary.Base64 factories=5 methods=15
INFO: found LLVMFuzzerCustomMutator (0x753238e6fcd0). Disabling -len_control by default.
INFO: Running with entropic power schedule (0xFF, 100).
INFO: Seed: 3256766362
INFO: Loaded 2 modules   (1024 inline 8-bit counters): 512 [0x7532d0b09150, 0x7532d0b09350), 512 [0x7532d0b09350, 0x7532d0b09550), 
INFO: INFO: Loaded 2 PC tables (1024 PCs): 512 [0x7532d06be790,0x7532d06c0790), 512 [0x7532d05cc990,0x7532d05ce990), 
using inputs from: /tmp/bugrun/codec_2.t3XM4e/.cifuzz-corpus/com.example.algorithm2.Algorithm2Test/testParameterizedFuzzer
INFO:        0 files found in /tmp/bugrun/codec_2.t3XM4e/.cifuzz-corpus/com.example.algorithm2.Algorithm2Test/testParameterizedFuzzer
INFO:        0 files found in /tmp/jazzer-java-seeds15537169839531223706
INFO: INFO: -max_len is not provided; libFuzzer will not generate inputs larger than 4096 bytes
using inputs from: /tmp/jazzer-java-seeds15537169839531223706
INFO: A corpus is not provided, starting from an empty corpus
#2	INITED cov: 53 ft: 53 corp: 1/1b exec/s: 0 rss: 1111Mb
#4	NEW    cov: 79 ft: 89 corp: 2/3b lim: 4 exec/s: 0 rss: 1111Mb L: 2/2 MS: 4 ShuffleBytes-Custom-CopyPart-Custom-
#6	NEW    cov: 85 ft: 97 corp: 3/5b lim: 4 exec/s: 0 rss: 1111Mb L: 2/2 MS: 4 CrossOver-Custom-ChangeBit-Custom-
#7	NEW    cov: 86 ft: 98 corp: 4/7b lim: 4 exec/s: 0 rss: 1111Mb L: 2/2 MS: 2 ChangeBinInt-Custom-
#10	NEW    cov: 103 ft: 119 corp: 5/11b lim: 4 exec/s: 0 rss: 1116Mb L: 4/4 MS: 6 EraseBytes-Custom-CrossOver-Custom-CrossOver-Custom-
#11	NEW    cov: 118 ft: 154 corp: 6/12b lim: 4 exec/s: 0 rss: 1116Mb L: 1/4 MS: 2 ChangeBinInt-Custom-
#15	NEW    cov: 120 ft: 158 corp: 7/13b lim: 4 exec/s: 0 rss: 1116Mb L: 1/4 MS: 8 ShuffleBytes-Custom-CopyPart-Custom-EraseBytes-Custom-ChangeByte-Custom-
#21	NEW    cov: 121 ft: 162 corp: 8/16b lim: 4 exec/s: 0 rss: 1116Mb L: 3/4 MS: 2 InsertByte-Custom-
#25	NEW    cov: 128 ft: 169 corp: 9/20b lim: 4 exec/s: 0 rss: 1116Mb L: 4/4 MS: 8 CopyPart-Custom-ChangeBit-Custom-ChangeByte-Custom-ChangeByte-Custom-
#28	NEW    cov: 130 ft: 173 corp: 10/22b lim: 4 exec/s: 0 rss: 1116Mb L: 2/4 MS: 6 ChangeByte-Custom-CopyPart-Custom-ChangeBit-Custom-
#29	NEW    cov: 131 ft: 174 corp: 11/24b lim: 4 exec/s: 0 rss: 1117Mb L: 2/4 MS: 2 InsertByte-Custom-
#30	REDUCE cov: 131 ft: 174 corp: 11/23b lim: 4 exec/s: 0 rss: 1117Mb L: 1/4 MS: 2 EraseBytes-Custom-
#31	NEW    cov: 152 ft: 195 corp: 12/25b lim: 4 exec/s: 0 rss: 1117Mb L: 2/4 MS: 2 ChangeBit-Custom-
#39	NEW    cov: 154 ft: 201 corp: 13/28b lim: 4 exec/s: 0 rss: 1117Mb L: 3/4 MS: 6 ChangeBit-Custom-CopyPart-Custom-InsertByte-Custom-
#41	NEW    cov: 155 ft: 202 corp: 14/31b lim: 4 exec/s: 0 rss: 1117Mb L: 3/4 MS: 4 ShuffleBytes-Custom-InsertByte-Custom-
#46	NEW    cov: 156 ft: 203 corp: 15/34b lim: 4 exec/s: 0 rss: 1117Mb L: 3/4 MS: 10 ShuffleBytes-Custom-CopyPart-Custom-ShuffleBytes-Custom-CrossOver-Custom-CrossOver-Custom-
#52	REDUCE cov: 191 ft: 238 corp: 16/35b lim: 4 exec/s: 0 rss: 1117Mb L: 1/4 MS: 2 ChangeBit-Custom-
#55	NEW    cov: 191 ft: 241 corp: 17/39b lim: 4 exec/s: 0 rss: 1117Mb L: 4/4 MS: 6 ChangeBinInt-Custom-CrossOver-Custom-ChangeByte-Custom-
#67	NEW    cov: 197 ft: 247 corp: 18/41b lim: 4 exec/s: 0 rss: 1117Mb L: 2/4 MS: 4 CopyPart-Custom-InsertByte-Custom-
#78	REDUCE cov: 197 ft: 247 corp: 18/40b lim: 4 exec/s: 0 rss: 1117Mb L: 1/4 MS: 2 EraseBytes-Custom-
#80	NEW    cov: 198 ft: 254 corp: 19/43b lim: 4 exec/s: 0 rss: 1117Mb L: 3/4 MS: 4 ShuffleBytes-Custom-CrossOver-Custom-
#91	NEW    cov: 200 ft: 256 corp: 20/44b lim: 4 exec/s: 0 rss: 1117Mb L: 1/4 MS: 2 ChangeByte-Custom-
#92	NEW    cov: 201 ft: 257 corp: 21/46b lim: 4 exec/s: 0 rss: 1117Mb L: 2/4 MS: 2 CopyPart-Custom-
#100	NEW    cov: 205 ft: 261 corp: 22/49b lim: 4 exec/s: 0 rss: 1117Mb L: 3/4 MS: 6 ChangeBinInt-Custom-CopyPart-Custom-ChangeByte-Custom-
#108	NEW    cov: 205 ft: 263 corp: 23/50b lim: 4 exec/s: 0 rss: 1117Mb L: 1/4 MS: 6 CopyPart-Custom-EraseBytes-Custom-ChangeBinInt-Custom-
#113	NEW    cov: 212 ft: 271 corp: 24/52b lim: 4 exec/s: 0 rss: 1117Mb L: 2/4 MS: 10 CrossOver-Custom-CopyPart-Custom-ChangeBit-Custom-CrossOver-Custom-CrossOver-Custom-
#115	NEW    cov: 213 ft: 274 corp: 25/56b lim: 4 exec/s: 0 rss: 1117Mb L: 4/4 MS: 4 CrossOver-Custom-ChangeBit-Custom-
#123	NEW    cov: 213 ft: 275 corp: 26/60b lim: 4 exec/s: 0 rss: 1117Mb L: 4/4 MS: 6 CrossOver-Custom-CrossOver-Custom-InsertByte-Custom-
#134	NEW    cov: 217 ft: 279 corp: 27/64b lim: 4 exec/s: 0 rss: 1117Mb L: 4/4 MS: 2 InsertByte-Custom-
#139	NEW    cov: 218 ft: 280 corp: 28/68b lim: 4 exec/s: 0 rss: 1117Mb L: 4/4 MS: 10 CrossOver-Custom-ChangeByte-Custom-CrossOver-Custom-InsertByte-Custom-CrossOver-Custom-
#155	NEW    cov: 220 ft: 282 corp: 29/71b lim: 4 exec/s: 0 rss: 1117Mb L: 3/4 MS: 2 EraseBytes-Custom-
#158	NEW    cov: 222 ft: 284 corp: 30/74b lim: 4 exec/s: 0 rss: 1117Mb L: 3/4 MS: 6 CrossOver-Custom-ChangeBit-Custom-InsertByte-Custom-
#171	NEW    cov: 224 ft: 286 corp: 31/77b lim: 4 exec/s: 0 rss: 1117Mb L: 3/4 MS: 6 EraseBytes-Custom-ChangeBinInt-Custom-ChangeByte-Custom-
#195	NEW    cov: 225 ft: 287 corp: 32/80b lim: 4 exec/s: 0 rss: 1117Mb L: 3/4 MS: 8 CopyPart-Custom-ShuffleBytes-Custom-CrossOver-Custom-InsertByte-Custom-
#223	NEW    cov: 225 ft: 297 corp: 33/83b lim: 4 exec/s: 0 rss: 1117Mb L: 3/4 MS: 6 CopyPart-Custom-ChangeBit-Custom-InsertByte-Custom-
#225	NEW    cov: 229 ft: 301 corp: 34/85b lim: 4 exec/s: 0 rss: 1117Mb L: 2/4 MS: 4 CrossOver-Custom-InsertByte-Custom-
#246	REDUCE cov: 229 ft: 301 corp: 34/84b lim: 4 exec/s: 0 rss: 1117Mb L: 2/4 MS: 2 EraseBytes-Custom-
#291	REDUCE cov: 235 ft: 308 corp: 35/88b lim: 4 exec/s: 0 rss: 1117Mb L: 4/4 MS: 10 CopyPart-Custom-CopyPart-Custom-InsertByte-Custom-CrossOver-Custom-CopyPart-Custom-
#297	NEW    cov: 235 ft: 310 corp: 36/91b lim: 4 exec/s: 0 rss: 1117Mb L: 3/4 MS: 2 ChangeBinInt-Custom-
#310	NEW    cov: 235 ft: 312 corp: 37/93b lim: 4 exec/s: 0 rss: 1117Mb L: 2/4 MS: 6 EraseBytes-Custom-CopyPart-Custom-CrossOver-Custom-
#314	NEW    cov: 235 ft: 313 corp: 38/97b lim: 4 exec/s: 0 rss: 1117Mb L: 4/4 MS: 8 CrossOver-Custom-ShuffleBytes-Custom-InsertByte-Custom-ChangeBinInt-Custom-
#316	REDUCE cov: 235 ft: 313 corp: 38/96b lim: 4 exec/s: 0 rss: 1117Mb L: 2/4 MS: 4 ChangeByte-Custom-EraseBytes-Custom-
#324	NEW    cov: 236 ft: 314 corp: 39/99b lim: 4 exec/s: 0 rss: 1117Mb L: 3/4 MS: 6 CopyPart-Custom-ChangeByte-Custom-ChangeByte-Custom-
#329	NEW    cov: 237 ft: 315 corp: 40/102b lim: 4 exec/s: 0 rss: 1117Mb L: 3/4 MS: 10 ShuffleBytes-Custom-CrossOver-Custom-InsertByte-Custom-ChangeBit-Custom-CopyPart-Custom-
#363	NEW    cov: 238 ft: 316 corp: 41/106b lim: 4 exec/s: 0 rss: 1122Mb L: 4/4 MS: 8 ChangeBit-Custom-InsertByte-Custom-ChangeByte-Custom-CrossOver-Custom-
#372	NEW    cov: 240 ft: 318 corp: 42/109b lim: 4 exec/s: 0 rss: 1123Mb L: 3/4 MS: 8 ChangeBit-Custom-ChangeByte-Custom-ShuffleBytes-Custom-ShuffleBytes-Custom-
#399	NEW    cov: 240 ft: 319 corp: 43/113b lim: 4 exec/s: 0 rss: 1123Mb L: 4/4 MS: 4 InsertByte-Custom-ChangeByte-Custom-
#466	NEW    cov: 240 ft: 320 corp: 44/117b lim: 4 exec/s: 0 rss: 1124Mb L: 4/4 MS: 4 InsertByte-Custom-CopyPart-Custom-
#492	REDUCE cov: 240 ft: 320 corp: 44/116b lim: 4 exec/s: 0 rss: 1124Mb L: 2/4 MS: 2 EraseBytes-Custom-
#563	REDUCE cov: 240 ft: 320 corp: 44/114b lim: 4 exec/s: 0 rss: 1125Mb L: 2/4 MS: 2 EraseBytes-Custom-
#578	REDUCE cov: 240 ft: 320 corp: 44/113b lim: 4 exec/s: 0 rss: 1125Mb L: 2/4 MS: 10 CopyPart-Custom-ChangeBinInt-Custom-ShuffleBytes-Custom-ChangeBit-Custom-EraseBytes-Custom-
#617	NEW    cov: 241 ft: 322 corp: 45/116b lim: 4 exec/s: 0 rss: 1125Mb L: 3/4 MS: 8 ChangeBinInt-Custom-ChangeBit-Custom-EraseBytes-Custom-ChangeByte-Custom-
#678	NEW    cov: 241 ft: 323 corp: 46/120b lim: 4 exec/s: 0 rss: 1125Mb L: 4/4 MS: 2 CrossOver-Custom-
#726	REDUCE cov: 241 ft: 323 corp: 46/119b lim: 4 exec/s: 0 rss: 1125Mb L: 3/4 MS: 6 ChangeBinInt-Custom-ChangeBit-Custom-EraseBytes-Custom-
#760	NEW    cov: 241 ft: 324 corp: 47/123b lim: 4 exec/s: 0 rss: 1125Mb L: 4/4 MS: 8 CopyPart-Custom-CrossOver-Custom-EraseBytes-Custom-CopyPart-Custom-
#831	NEW    cov: 243 ft: 326 corp: 48/127b lim: 4 exec/s: 0 rss: 1125Mb L: 4/4 MS: 2 ChangeBinInt-Custom-
#856	REDUCE cov: 243 ft: 326 corp: 48/126b lim: 4 exec/s: 0 rss: 1125Mb L: 1/4 MS: 10 CopyPart-Custom-ShuffleBytes-Custom-ChangeBinInt-Custom-EraseBytes-Custom-EraseBytes-Custom-
#866	NEW    cov: 244 ft: 327 corp: 49/129b lim: 4 exec/s: 0 rss: 1125Mb L: 3/4 MS: 10 EraseBytes-Custom-ShuffleBytes-Custom-EraseBytes-Custom-ChangeByte-Custom-InsertByte-Custom-
#897	NEW    cov: 244 ft: 328 corp: 50/133b lim: 4 exec/s: 0 rss: 1125Mb L: 4/4 MS: 2 CopyPart-Custom-
#1104	NEW    cov: 244 ft: 331 corp: 51/139b lim: 6 exec/s: 0 rss: 1125Mb L: 6/6 MS: 4 CopyPart-Custom-CopyPart-Custom-
#1105	NEW    cov: 244 ft: 335 corp: 52/144b lim: 6 exec/s: 0 rss: 1125Mb L: 5/6 MS: 2 CrossOver-Custom-
#1112	NEW    cov: 245 ft: 339 corp: 53/150b lim: 6 exec/s: 0 rss: 1125Mb L: 6/6 MS: 4 CrossOver-Custom-CrossOver-Custom-
#1131	NEW    cov: 246 ft: 340 corp: 54/156b lim: 6 exec/s: 0 rss: 1125Mb L: 6/6 MS: 8 CrossOver-Custom-ShuffleBytes-Custom-InsertRepeatedBytes-Custom-CrossOver-Custom-
#1150	NEW    cov: 246 ft: 344 corp: 55/162b lim: 6 exec/s: 0 rss: 1125Mb L: 6/6 MS: 8 EraseBytes-Custom-ChangeByte-Custom-CrossOver-Custom-CrossOver-Custom-
#1151	NEW    cov: 246 ft: 345 corp: 56/167b lim: 6 exec/s: 0 rss: 1125Mb L: 5/6 MS: 2 EraseBytes-Custom-
#1152	NEW    cov: 246 ft: 346 corp: 57/173b lim: 6 exec/s: 0 rss: 1125Mb L: 6/6 MS: 2 InsertRepeatedBytes-Custom-
#1156	NEW    cov: 246 ft: 347 corp: 58/179b lim: 6 exec/s: 0 rss: 1125Mb L: 6/6 MS: 8 ShuffleBytes-Custom-ChangeByte-Custom-CrossOver-Custom-CopyPart-Custom-
#1173	NEW    cov: 246 ft: 349 corp: 59/185b lim: 6 exec/s: 0 rss: 1125Mb L: 6/6 MS: 4 EraseBytes-Custom-InsertRepeatedBytes-Custom-
#1218	NEW    cov: 246 ft: 350 corp: 60/190b lim: 6 exec/s: 0 rss: 1125Mb L: 5/6 MS: 10 CrossOver-Custom-CopyPart-Custom-InsertByte-Custom-ChangeBit-Custom-ChangeBinInt-Custom-
#1262	NEW    cov: 246 ft: 351 corp: 61/195b lim: 6 exec/s: 0 rss: 1125Mb L: 5/6 MS: 8 CopyPart-Custom-ChangeBinInt-Custom-ShuffleBytes-Custom-CrossOver-Custom-
#1269	NEW    cov: 247 ft: 352 corp: 62/201b lim: 6 exec/s: 0 rss: 1125Mb L: 6/6 MS: 4 ShuffleBytes-Custom-ChangeByte-Custom-
#1311	REDUCE cov: 247 ft: 353 corp: 63/205b lim: 6 exec/s: 0 rss: 1125Mb L: 4/6 MS: 4 InsertRepeatedBytes-Custom-ChangeByte-Custom-
#1327	NEW    cov: 248 ft: 358 corp: 64/211b lim: 6 exec/s: 0 rss: 1125Mb L: 6/6 MS: 2 InsertRepeatedBytes-Custom-
#1434	NEW    cov: 248 ft: 359 corp: 65/217b lim: 6 exec/s: 0 rss: 1125Mb L: 6/6 MS: 4 ChangeBinInt-Custom-ChangeBit-Custom-
#1471	NEW    cov: 248 ft: 360 corp: 66/223b lim: 6 exec/s: 0 rss: 1125Mb L: 6/6 MS: 4 CrossOver-Custom-CrossOver-Custom-
#1518	NEW    cov: 248 ft: 362 corp: 67/226b lim: 6 exec/s: 0 rss: 1125Mb L: 3/6 MS: 4 ChangeByte-Custom-EraseBytes-Custom-
#1585	NEW    cov: 248 ft: 363 corp: 68/232b lim: 6 exec/s: 0 rss: 1125Mb L: 6/6 MS: 4 ChangeByte-Custom-CrossOver-Custom-
#1595	NEW    cov: 248 ft: 369 corp: 69/237b lim: 6 exec/s: 0 rss: 1125Mb L: 5/6 MS: 10 InsertRepeatedBytes-Custom-CopyPart-Custom-ShuffleBytes-Custom-ChangeBinInt-Custom-ChangeByte-Custom-
#1598	NEW    cov: 248 ft: 371 corp: 70/243b lim: 6 exec/s: 0 rss: 1125Mb L: 6/6 MS: 6 CopyPart-Custom-CrossOver-Custom-ChangeByte-Custom-
#1634	NEW    cov: 248 ft: 374 corp: 71/249b lim: 6 exec/s: 0 rss: 1125Mb L: 6/6 MS: 2 ChangeBinInt-Custom-
#1670	NEW    cov: 250 ft: 378 corp: 72/254b lim: 6 exec/s: 0 rss: 1125Mb L: 5/6 MS: 2 CopyPart-Custom-
#1685	NEW    cov: 251 ft: 379 corp: 73/260b lim: 6 exec/s: 0 rss: 1125Mb L: 6/6 MS: 10 EraseBytes-Custom-CopyPart-Custom-CopyPart-Custom-CopyPart-Custom-ChangeByte-Custom-
#1831	NEW    cov: 251 ft: 381 corp: 74/266b lim: 6 exec/s: 0 rss: 1125Mb L: 6/6 MS: 2 CopyPart-Custom-
#1996	NEW    cov: 251 ft: 387 corp: 75/271b lim: 6 exec/s: 0 rss: 1158Mb L: 5/6 MS: 10 EraseBytes-Custom-ChangeBit-Custom-ShuffleBytes-Custom-ShuffleBytes-Custom-ChangeByte-Custom-
#2036	REDUCE cov: 251 ft: 387 corp: 75/270b lim: 6 exec/s: 0 rss: 1158Mb L: 5/6 MS: 10 CrossOver-Custom-CopyPart-Custom-ChangeBinInt-Custom-EraseBytes-Custom-InsertRepeatedBytes-Custom-
#2162	NEW    cov: 251 ft: 388 corp: 76/274b lim: 6 exec/s: 0 rss: 1158Mb L: 4/6 MS: 2 CrossOver-Custom-
#2201	NEW    cov: 251 ft: 415 corp: 77/280b lim: 6 exec/s: 0 rss: 1158Mb L: 6/6 MS: 8 ShuffleBytes-Custom-CopyPart-Custom-CrossOver-Custom-CrossOver-Custom-
#2260	NEW    cov: 251 ft: 416 corp: 78/286b lim: 6 exec/s: 0 rss: 1163Mb L: 6/6 MS: 8 InsertByte-Custom-ChangeByte-Custom-CopyPart-Custom-CopyPart-Custom-
#2417	REDUCE cov: 251 ft: 416 corp: 78/285b lim: 6 exec/s: 2417 rss: 1163Mb L: 2/6 MS: 4 InsertByte-Custom-EraseBytes-Custom-
#2518	REDUCE cov: 251 ft: 416 corp: 78/284b lim: 6 exec/s: 2518 rss: 1163Mb L: 5/6 MS: 2 EraseBytes-Custom-
#2748	NEW    cov: 251 ft: 417 corp: 79/292b lim: 8 exec/s: 2748 rss: 1164Mb L: 8/8 MS: 10 CopyPart-Custom-ChangeBinInt-Custom-CrossOver-Custom-CopyPart-Custom-ChangeBinInt-Custom-
#2831	NEW    cov: 251 ft: 418 corp: 80/299b lim: 8 exec/s: 2831 rss: 1164Mb L: 7/8 MS: 6 CrossOver-Custom-InsertByte-Custom-InsertByte-Custom-
#2963	NEW    cov: 251 ft: 419 corp: 81/306b lim: 8 exec/s: 2963 rss: 1164Mb L: 7/8 MS: 4 CopyPart-Custom-InsertByte-Custom-
#2975	NEW    cov: 251 ft: 431 corp: 82/314b lim: 8 exec/s: 2975 rss: 1164Mb L: 8/8 MS: 4 InsertRepeatedBytes-Custom-CopyPart-Custom-
#3043	REDUCE cov: 251 ft: 432 corp: 83/322b lim: 8 exec/s: 3043 rss: 1165Mb L: 8/8 MS: 6 InsertRepeatedBytes-Custom-ChangeBinInt-Custom-CopyPart-Custom-
#3191	REDUCE cov: 251 ft: 432 corp: 83/321b lim: 8 exec/s: 3191 rss: 1166Mb L: 5/8 MS: 6 ShuffleBytes-Custom-ShuffleBytes-Custom-EraseBytes-Custom-
#3204	REDUCE cov: 251 ft: 432 corp: 83/320b lim: 8 exec/s: 3204 rss: 1166Mb L: 2/8 MS: 6 ChangeBit-Custom-CrossOver-Custom-EraseBytes-Custom-
#3265	NEW    cov: 251 ft: 439 corp: 84/327b lim: 8 exec/s: 3265 rss: 1169Mb L: 7/8 MS: 2 InsertByte-Custom-
#3312	NEW    cov: 251 ft: 441 corp: 85/335b lim: 8 exec/s: 3312 rss: 1169Mb L: 8/8 MS: 4 CopyPart-Custom-ChangeByte-Custom-
#3366	NEW    cov: 251 ft: 450 corp: 86/343b lim: 8 exec/s: 3366 rss: 1171Mb L: 8/8 MS: 8 ShuffleBytes-Custom-CopyPart-Custom-ChangeBinInt-Custom-CrossOver-Custom-
#3562	NEW    cov: 251 ft: 452 corp: 87/350b lim: 8 exec/s: 3562 rss: 1172Mb L: 7/8 MS: 2 CopyPart-Custom-
#3660	REDUCE cov: 251 ft: 452 corp: 87/349b lim: 8 exec/s: 3660 rss: 1172Mb L: 7/8 MS: 6 CMP-Custom-EraseBytes-Custom-InsertRepeatedBytes-Custom- DE: "\000\007"-
#3763	REDUCE cov: 251 ft: 455 corp: 88/354b lim: 8 exec/s: 3763 rss: 1172Mb L: 5/8 MS: 6 InsertRepeatedBytes-Custom-ChangeBit-Custom-ChangeBinInt-Custom-
#3942	NEW    cov: 251 ft: 456 corp: 89/361b lim: 8 exec/s: 3942 rss: 1173Mb L: 7/8 MS: 8 CrossOver-Custom-InsertRepeatedBytes-Custom-CrossOver-Custom-InsertByte-Custom-
#4110	NEW    cov: 251 ft: 458 corp: 90/368b lim: 8 exec/s: 4110 rss: 1173Mb L: 7/8 MS: 6 ChangeBit-Custom-CopyPart-Custom-InsertByte-Custom-
#4239	REDUCE cov: 251 ft: 459 corp: 91/376b lim: 8 exec/s: 2119 rss: 1173Mb L: 8/8 MS: 8 InsertRepeatedBytes-Custom-CMP-Custom-ChangeByte-Custom-CopyPart-Custom- DE: "\377\011"-
#4405	REDUCE cov: 251 ft: 459 corp: 91/375b lim: 8 exec/s: 2202 rss: 1173Mb L: 5/8 MS: 2 EraseBytes-Custom-
#4610	NEW    cov: 251 ft: 460 corp: 92/383b lim: 8 exec/s: 1536 rss: 1229Mb L: 8/8 MS: 10 CMP-Custom-ShuffleBytes-Custom-PersAutoDict-Custom-CopyPart-Custom-CrossOver-Custom- DE: "\000\000\000\015"-"\000\007"-
#4759	NEW    cov: 251 ft: 461 corp: 93/391b lim: 8 exec/s: 1586 rss: 1229Mb L: 8/8 MS: 8 PersAutoDict-Custom-CopyPart-Custom-ChangeBit-Custom-ChangeByte-Custom- DE: "\000\000\000\015"-
#4768	NEW    cov: 251 ft: 462 corp: 94/399b lim: 8 exec/s: 1589 rss: 1229Mb L: 8/8 MS: 8 ChangeBit-Custom-PersAutoDict-Custom-ChangeByte-Custom-CrossOver-Custom- DE: "\377\011"-
#4940	REDUCE cov: 251 ft: 462 corp: 94/398b lim: 8 exec/s: 1646 rss: 1305Mb L: 5/8 MS: 4 ChangeBit-Custom-EraseBytes-Custom-
#5038	NEW    cov: 251 ft: 463 corp: 95/403b lim: 8 exec/s: 1679 rss: 1305Mb L: 5/8 MS: 6 InsertByte-Custom-ChangeByte-Custom-CopyPart-Custom-
#5096	NEW    cov: 251 ft: 466 corp: 96/410b lim: 8 exec/s: 1698 rss: 1309Mb L: 7/8 MS: 6 ChangeASCIIInt-Custom-CopyPart-Custom-PersAutoDict-Custom- DE: "\377\011"-
#5266	NEW    cov: 251 ft: 468 corp: 97/415b lim: 8 exec/s: 1755 rss: 1310Mb L: 5/8 MS: 10 ShuffleBytes-Custom-ChangeBit-Custom-ShuffleBytes-Custom-ShuffleBytes-Custom-CrossOver-Custom-
#5576	REDUCE cov: 251 ft: 471 corp: 98/425b lim: 11 exec/s: 1858 rss: 1312Mb L: 10/10 MS: 10 ChangeBinInt-Custom-ChangeBit-Custom-ChangeBit-Custom-PersAutoDict-Custom-InsertRepeatedBytes-Custom- DE: "\000\007"-
#5595	NEW    cov: 251 ft: 472 corp: 99/436b lim: 11 exec/s: 1865 rss: 1312Mb L: 11/11 MS: 8 PersAutoDict-Custom-CopyPart-Custom-ChangeBinInt-Custom-InsertRepeatedBytes-Custom- DE: "\000\007"-
#5600	NEW    cov: 251 ft: 477 corp: 100/447b lim: 11 exec/s: 1866 rss: 1312Mb L: 11/11 MS: 10 PersAutoDict-Custom-CopyPart-Custom-EraseBytes-Custom-ChangeBit-Custom-InsertRepeatedBytes-Custom- DE: "\000\007"-
#5710	NEW    cov: 251 ft: 478 corp: 101/457b lim: 11 exec/s: 1903 rss: 1313Mb L: 10/11 MS: 10 ChangeASCIIInt-Custom-CMP-Custom-PersAutoDict-Custom-CopyPart-Custom-InsertByte-Custom- DE: "\011\000\000\000"-"\000\000\000\015"-
#5886	REDUCE cov: 251 ft: 479 corp: 102/461b lim: 11 exec/s: 1962 rss: 1324Mb L: 4/11 MS: 2 CrossOver-Custom-
#5909	NEW    cov: 251 ft: 480 corp: 103/468b lim: 11 exec/s: 1969 rss: 1345Mb L: 7/11 MS: 6 InsertRepeatedBytes-Custom-CopyPart-Custom-ChangeByte-Custom-
#5971	REDUCE cov: 251 ft: 480 corp: 103/467b lim: 11 exec/s: 1990 rss: 1345Mb L: 6/11 MS: 4 ChangeBit-Custom-EraseBytes-Custom-
#5978	NEW    cov: 251 ft: 486 corp: 104/475b lim: 11 exec/s: 1992 rss: 1345Mb L: 8/11 MS: 4 CopyPart-Custom-ShuffleBytes-Custom-
#5979	NEW    cov: 251 ft: 487 corp: 105/486b lim: 11 exec/s: 1993 rss: 1345Mb L: 11/11 MS: 2 CrossOver-Custom-
#6071	NEW    cov: 251 ft: 491 corp: 106/497b lim: 11 exec/s: 2023 rss: 1431Mb L: 11/11 MS: 4 CopyPart-Custom-CopyPart-Custom-
#6172	NEW    cov: 251 ft: 494 corp: 107/507b lim: 11 exec/s: 2057 rss: 1434Mb L: 10/11 MS: 2 CrossOver-Custom-
#6446	NEW    cov: 251 ft: 495 corp: 108/515b lim: 11 exec/s: 2148 rss: 1471Mb L: 8/11 MS: 8 CopyPart-Custom-CrossOver-Custom-CrossOver-Custom-ChangeBit-Custom-
#6530	REDUCE cov: 251 ft: 497 corp: 109/523b lim: 11 exec/s: 2176 rss: 1504Mb L: 8/11 MS: 8 ShuffleBytes-Custom-PersAutoDict-Custom-ChangeByte-Custom-CopyPart-Custom- DE: "\377\011"-
#6545	DONE   cov: 251 ft: 497 corp: 109/523b lim: 11 exec/s: 1636 rss: 1544Mb
###### Recommended dictionary. ######
"\000\007" # Uses: 141
"\377\011" # Uses: 78
"\000\000\000\015" # Uses: 36
"\011\000\000\000" # Uses: 25
###### End of recommended dictionary. ######
Done 6545 runs in 4 second(s)
[INFO] Tests run: 2, Failures: 0, Errors: 0, Skipped: 0, Time elapsed: 18.24 s -- in com.example.algorithm2.Algorithm2Test
[INFO] 
[INFO] Results:
[INFO] 
[INFO] Tests run: 2, Failures: 0, Errors: 0, Skipped: 0
[INFO] 
[INFO] 
[INFO] --- jacoco:0.8.11:report (default-cli) @ AlgorithmName2 ---
[INFO] Loading execution data file /tmp/bugrun/codec_2.t3XM4e/target/jacoco.exec
[INFO] Analyzed bundle 'AlgorithmName2' with 23 classes
[INFO] ------------------------------------------------------------------------
[INFO] BUILD SUCCESS
[INFO] ------------------------------------------------------------------------
[INFO] Total time:  39.929 s
[INFO] Finished at: 2026-10-06T03:30:57+07:00
[INFO] ------------------------------------------------------------------------
