[INFO] Scanning for projects...
[INFO] 
[INFO] ---------------------< com.example:AlgorithmName2 >---------------------
[INFO] Building AlgorithmName2 1.0-SNAPSHOT
[INFO]   from pom.xml
[INFO] --------------------------------[ jar ]---------------------------------
[INFO] 
[INFO] --- jacoco:0.8.11:prepare-agent (default) @ AlgorithmName2 ---
[INFO] argLine set to -javaagent:/home/kanyaphak673380391-3/.m2/repository/org/jacoco/org.jacoco.agent/0.8.11/org.jacoco.agent-0.8.11-runtime.jar=destfile=/tmp/bugrun/jacksoncore_19.BQIS2F/target/jacoco.exec
[INFO] 
[INFO] --- resources:3.4.0:resources (default-resources) @ AlgorithmName2 ---
[INFO] Copying 1 resource from src/main/resources to target/classes
[INFO] 
[INFO] --- compiler:3.15.0:compile (default-compile) @ AlgorithmName2 ---
[INFO] Recompiling the module because of changed source code.
[INFO] Compiling 1 source file with javac [debug target 1.8] to target/classes
[WARNING] bootstrap class path not set in conjunction with -source 8
[INFO] 
[INFO] --- dependency:3.6.0:unpack-dependencies (unpack-defects4j) @ AlgorithmName2 ---
[INFO] 
[INFO] --- resources:3.4.0:testResources (default-testResources) @ AlgorithmName2 ---
[INFO] skip non existing resourceDirectory /tmp/bugrun/jacksoncore_19.BQIS2F/src/test/resources
[INFO] 
[INFO] --- compiler:3.15.0:testCompile (default-testCompile) @ AlgorithmName2 ---
[INFO] Recompiling the module because of changed dependency.
[INFO] Compiling 1 source file with javac [debug target 1.8] to target/test-classes
[WARNING] bootstrap class path not set in conjunction with -source 8
[INFO] 
[INFO] --- surefire:3.1.2:test (default-cli) @ AlgorithmName2 ---
[INFO] Using auto detected provider org.apache.maven.surefire.junitplatform.JUnitPlatformProvider
[INFO] 
[INFO] -------------------------------------------------------
[INFO]  T E S T S
[INFO] -------------------------------------------------------
[INFO] Running com.example.algorithm2.Algorithm2Test
OpenJDK 64-Bit Server VM warning: Sharing is only supported for boot loader classes because bootstrap classpath has been appended
INFO: Loaded 284 hooks from com.code_intelligence.jazzer.runtime.TraceCmpHooks
INFO: Loaded 5 hooks from com.code_intelligence.jazzer.runtime.TraceDivHooks
INFO: Loaded 2 hooks from com.code_intelligence.jazzer.runtime.TraceIndirHooks
INFO: Loaded 4 hooks from com.code_intelligence.jazzer.runtime.NativeLibHooks
INFO: Loaded 2 hooks from com.code_intelligence.jazzer.sanitizers.ClojureLangHooks
INFO: Loaded 5 hooks from com.code_intelligence.jazzer.sanitizers.Deserialization
INFO: Loaded 5 hooks from com.code_intelligence.jazzer.sanitizers.ExpressionLanguageInjection
INFO: Loaded 70 hooks from com.code_intelligence.jazzer.sanitizers.LdapInjection
INFO: Loaded 46 hooks from com.code_intelligence.jazzer.sanitizers.NamingContextLookup
INFO: Loaded 1 hooks from com.code_intelligence.jazzer.sanitizers.OsCommandInjection
INFO: Loaded 52 hooks from com.code_intelligence.jazzer.sanitizers.ReflectiveCall
INFO: Loaded 8 hooks from com.code_intelligence.jazzer.sanitizers.RegexInjection
INFO: Loaded 16 hooks from com.code_intelligence.jazzer.sanitizers.RegexRoadblocks
INFO: Loaded 18 hooks from com.code_intelligence.jazzer.sanitizers.ScriptEngineInjection
INFO: Loaded 2 hooks from com.code_intelligence.jazzer.sanitizers.ServerSideRequestForgery
INFO: Loaded 19 hooks from com.code_intelligence.jazzer.sanitizers.SqlInjection
INFO: Loaded 6 hooks from com.code_intelligence.jazzer.sanitizers.XPathInjection
INFO: Instrumented com.example.algorithm2.Algorithm2Test$Skip (took 503 ms, size +44%)
INFO: Instrumented com.example.algorithm2.Algorithm2Test (took 250 ms, size +27%)
INFO: New number of coverage counters: 1024
INFO: Instrumented com.fasterxml.jackson.core.JsonFactory (took 410 ms, size +11%)
INFO: Instrumented com.fasterxml.jackson.core.Versioned (took 2 ms, size +0%)
INFO: Instrumented com.fasterxml.jackson.core.SerializableString (took 3 ms, size +0%)
INFO: Instrumented com.fasterxml.jackson.core.JsonParser (took 324 ms, size +11%)
INFO: New number of coverage counters: 2048
INFO: Instrumented com.fasterxml.jackson.core.json.ReaderBasedJsonParser (took 501 ms, size +25%)
INFO: New number of coverage counters: 4096
INFO: Instrumented com.fasterxml.jackson.core.base.ParserBase (took 124 ms, size +17%)
INFO: Instrumented com.fasterxml.jackson.core.base.ParserMinimalBase (took 111 ms, size +17%)
INFO: Instrumented com.fasterxml.jackson.core.JsonGenerator (took 83 ms, size +13%)
INFO: Instrumented com.fasterxml.jackson.core.json.UTF8JsonGenerator (took 99 ms, size +21%)
INFO: Instrumented com.fasterxml.jackson.core.json.JsonGeneratorImpl (took 6 ms, size +17%)
INFO: Instrumented com.fasterxml.jackson.core.base.GeneratorBase (took 21 ms, size +14%)
INFO: Instrumented com.fasterxml.jackson.core.io.UTF8Writer (took 14 ms, size +26%)
INFO: New number of coverage counters: 8192
INFO: Instrumented com.fasterxml.jackson.core.json.WriterBasedJsonGenerator (took 88 ms, size +21%)
INFO: Instrumented com.fasterxml.jackson.core.JsonFactory$Feature (took 6 ms, size +29%)
INFO: Instrumented com.fasterxml.jackson.core.JsonParser$Feature (took 11 ms, size +25%)
INFO: Instrumented com.fasterxml.jackson.core.JsonGenerator$Feature (took 16 ms, size +25%)
INFO: Instrumented com.fasterxml.jackson.core.util.DefaultPrettyPrinter (took 22 ms, size +16%)
INFO: Instrumented com.fasterxml.jackson.core.PrettyPrinter (took 0 ms, size +0%)
INFO: Instrumented com.fasterxml.jackson.core.util.Instantiatable (took 0 ms, size +0%)
INFO: Instrumented com.fasterxml.jackson.core.util.DefaultPrettyPrinter$Indenter (took 0 ms, size +0%)
INFO: Instrumented com.fasterxml.jackson.core.io.SerializedString (took 9 ms, size +20%)
INFO: Instrumented com.fasterxml.jackson.core.ObjectCodec (took 3 ms, size +13%)
INFO: Instrumented com.fasterxml.jackson.core.TreeCodec (took 2 ms, size +32%)
INFO: Instrumented com.fasterxml.jackson.core.Version (took 13 ms, size +34%)
INFO: Instrumented com.fasterxml.jackson.core.JsonParseException (took 8 ms, size +17%)
INFO: Instrumented com.fasterxml.jackson.core.JsonProcessingException (took 9 ms, size +20%)
INFO: Instrumented com.fasterxml.jackson.core.JsonEncoding (took 4 ms, size +22%)
INFO: Instrumented com.fasterxml.jackson.core.util.BufferRecycler (took 8 ms, size +24%)
INFO: Instrumented com.fasterxml.jackson.core.format.InputAccessor (took 1 ms, size +0%)
INFO: Instrumented com.fasterxml.jackson.core.format.MatchStrength (took 7 ms, size +28%)
INFO: Instrumented com.fasterxml.jackson.core.io.InputDecorator (took 3 ms, size +37%)
INFO: Instrumented com.fasterxml.jackson.core.io.CharacterEscapes (took 8 ms, size +35%)
INFO: Instrumented com.fasterxml.jackson.core.io.OutputDecorator (took 2 ms, size +42%)
INFO: Instrumented com.fasterxml.jackson.core.FormatSchema (took 13 ms, size +0%)
[harness] target=com.fasterxml.jackson.core.JsonFactory factories=1 methods=53
INFO: Instrumented com.fasterxml.jackson.core.sym.CharsToNameCanonicalizer (took 105 ms, size +15%)
INFO: Instrumented com.fasterxml.jackson.core.sym.CharsToNameCanonicalizer$Bucket (took 3 ms, size +39%)
INFO: Instrumented com.fasterxml.jackson.core.sym.ByteQuadsCanonicalizer (took 64 ms, size +19%)
INFO: Instrumented com.fasterxml.jackson.core.sym.ByteQuadsCanonicalizer$TableInfo (took 15 ms, size +22%)
INFO: found LLVMFuzzerCustomMutator (0x7add5ac70cd0). Disabling -len_control by default.
INFO: Running with entropic power schedule (0xFF, 100).
INFO: Seed: 2508452510
INFO: Loaded 5 modules   (8192 inline 8-bit counters): 512 [0x7ade5ca80ba0, 0x7ade5ca80da0), 512 [0x7ade5ca80da0, 0x7ade5ca80fa0), 1024 [0x7ade5ca80fa0, 0x7ade5ca813a0), 2048 [0x7ade5ca813a0, 0x7ade5ca81ba0), 4096 [0x7ade5ca81ba0, 0x7ade5ca82ba0), 
INFO: Loaded 5 PC tables (8192 PCs): 512 [0x7ade5c64ad50,0x7ade5c64cd50), 512 [0x7ade5c569d50,0x7ade5c56bd50), 1024 [0x7ade5cc31830,0x7ade5cc35830), 2048 [0x7ade5cc3b4e0,0x7ade5cc434e0), 4096 [0x7ade5cc75cc0,0x7ade5cc85cc0), 
INFO:        0 files found in /tmp/bugrun/jacksoncore_19.BQIS2F/.cifuzz-corpus/com.example.algorithm2.Algorithm2Test/testParameterizedFuzzer
INFO:        0 files found in /tmp/jazzer-java-seeds9023728816846177864
INFO: -max_len is not provided; libFuzzer will not generate inputs larger than 4096 bytes
INFO: A corpus is not provided, starting from an empty corpus
INFO: using inputs from: /tmp/bugrun/jacksoncore_19.BQIS2F/.cifuzz-corpus/com.example.algorithm2.Algorithm2Test/testParameterizedFuzzer
INFO: using inputs from: /tmp/jazzer-java-seeds9023728816846177864
INFO: Instrumented com.fasterxml.jackson.core.io.IOContext (took 16 ms, size +18%)
INFO: Instrumented com.fasterxml.jackson.core.JsonStreamContext (took 6 ms, size +35%)
INFO: Instrumented com.fasterxml.jackson.core.json.JsonReadContext (took 28 ms, size +15%)
INFO: Instrumented com.fasterxml.jackson.core.io.CharTypes (took 16 ms, size +23%)
#2	INITED cov: 214 ft: 214 corp: 1/1b exec/s: 0 rss: 1145Mb
#3	NEW    cov: 223 ft: 228 corp: 2/3b lim: 4 exec/s: 0 rss: 1146Mb L: 2/2 MS: 2 InsertByte-Custom-
#4	NEW    cov: 223 ft: 232 corp: 3/5b lim: 4 exec/s: 0 rss: 1146Mb L: 2/2 MS: 2 CrossOver-Custom-
#5	NEW    cov: 224 ft: 234 corp: 4/8b lim: 4 exec/s: 0 rss: 1146Mb L: 3/3 MS: 2 CMP-Custom- DE: "\024\000"-
#6	NEW    cov: 225 ft: 237 corp: 5/10b lim: 4 exec/s: 0 rss: 1146Mb L: 2/3 MS: 2 ChangeByte-Custom-
#7	NEW    cov: 263 ft: 279 corp: 6/13b lim: 4 exec/s: 0 rss: 1146Mb L: 3/3 MS: 2 ChangeByte-Custom-
#8	NEW    cov: 264 ft: 280 corp: 7/17b lim: 4 exec/s: 0 rss: 1146Mb L: 4/4 MS: 2 InsertByte-Custom-
#9	NEW    cov: 265 ft: 281 corp: 8/19b lim: 4 exec/s: 0 rss: 1146Mb L: 2/4 MS: 2 InsertByte-Custom-
#10	NEW    cov: 265 ft: 289 corp: 9/23b lim: 4 exec/s: 0 rss: 1146Mb L: 4/4 MS: 2 ChangeBit-Custom-
INFO: Instrumented com.fasterxml.jackson.core.util.TextBuffer (took 36 ms, size +21%)
INFO: Instrumented com.fasterxml.jackson.core.json.ByteSourceJsonBootstrapper (took 18 ms, size +21%)
INFO: Instrumented com.fasterxml.jackson.core.json.UTF8StreamJsonParser (took 111 ms, size +24%)
INFO: Instrumented com.fasterxml.jackson.core.io.MergedStream (took 8 ms, size +27%)
#13	NEW    cov: 326 ft: 359 corp: 10/26b lim: 4 exec/s: 0 rss: 1160Mb L: 3/4 MS: 6 CrossOver-Custom-ChangeBinInt-Custom-EraseBytes-Custom-
#14	NEW    cov: 336 ft: 372 corp: 11/28b lim: 4 exec/s: 0 rss: 1160Mb L: 2/4 MS: 2 CMP-Custom- DE: "\000\020"-
#15	NEW    cov: 340 ft: 378 corp: 12/32b lim: 4 exec/s: 0 rss: 1160Mb L: 4/4 MS: 2 InsertByte-Custom-
#17	NEW    cov: 345 ft: 383 corp: 13/35b lim: 4 exec/s: 0 rss: 1160Mb L: 3/4 MS: 4 CrossOver-Custom-ChangeByte-Custom-
#28	NEW    cov: 352 ft: 390 corp: 14/39b lim: 4 exec/s: 0 rss: 1160Mb L: 4/4 MS: 2 ChangeByte-Custom-
#42	NEW    cov: 359 ft: 399 corp: 15/40b lim: 4 exec/s: 0 rss: 1160Mb L: 1/4 MS: 8 EraseBytes-Custom-CopyPart-Custom-ChangeBit-Custom-EraseBytes-Custom-
#43	NEW    cov: 360 ft: 400 corp: 16/44b lim: 4 exec/s: 0 rss: 1160Mb L: 4/4 MS: 2 ChangeBit-Custom-
#44	NEW    cov: 394 ft: 435 corp: 17/47b lim: 4 exec/s: 0 rss: 1160Mb L: 3/4 MS: 2 InsertByte-Custom-
#46	NEW    cov: 395 ft: 436 corp: 18/51b lim: 4 exec/s: 0 rss: 1160Mb L: 4/4 MS: 4 PersAutoDict-Custom-PersAutoDict-Custom- DE: "\000\020"-"\024\000"-
#47	NEW    cov: 395 ft: 439 corp: 19/55b lim: 4 exec/s: 0 rss: 1160Mb L: 4/4 MS: 2 CrossOver-Custom-
#50	NEW    cov: 404 ft: 448 corp: 20/56b lim: 4 exec/s: 0 rss: 1160Mb L: 1/4 MS: 6 ChangeASCIIInt-Custom-EraseBytes-Custom-ChangeByte-Custom-
#51	NEW    cov: 404 ft: 458 corp: 21/59b lim: 4 exec/s: 0 rss: 1160Mb L: 3/4 MS: 2 InsertByte-Custom-
#52	NEW    cov: 405 ft: 459 corp: 22/61b lim: 4 exec/s: 0 rss: 1160Mb L: 2/4 MS: 2 CMP-Custom- DE: "\377\007"-
#57	NEW    cov: 411 ft: 471 corp: 23/65b lim: 4 exec/s: 0 rss: 1160Mb L: 4/4 MS: 10 ChangeByte-Custom-CopyPart-Custom-ShuffleBytes-Custom-ShuffleBytes-Custom-CrossOver-Custom-
#60	NEW    cov: 422 ft: 483 corp: 24/68b lim: 4 exec/s: 0 rss: 1160Mb L: 3/4 MS: 6 ChangeByte-Custom-ChangeBit-Custom-EraseBytes-Custom-
#65	NEW    cov: 433 ft: 494 corp: 25/70b lim: 4 exec/s: 0 rss: 1160Mb L: 2/4 MS: 10 CrossOver-Custom-EraseBytes-Custom-CopyPart-Custom-InsertByte-Custom-ChangeByte-Custom-
#69	NEW    cov: 435 ft: 496 corp: 26/74b lim: 4 exec/s: 0 rss: 1160Mb L: 4/4 MS: 8 InsertByte-Custom-ChangeByte-Custom-ShuffleBytes-Custom-PersAutoDict-Custom- DE: "\024\000"-
INFO: Instrumented com.fasterxml.jackson.core.io.UTF32Reader (took 8 ms, size +22%)
INFO: Instrumented com.fasterxml.jackson.core.JsonGenerationException (took 8 ms, size +19%)
#72	NEW    cov: 509 ft: 583 corp: 27/76b lim: 4 exec/s: 0 rss: 1160Mb L: 2/4 MS: 6 ChangeBinInt-Custom-CrossOver-Custom-ChangeByte-Custom-
#73	NEW    cov: 509 ft: 590 corp: 28/78b lim: 4 exec/s: 0 rss: 1160Mb L: 2/4 MS: 2 EraseBytes-Custom-
#75	NEW    cov: 539 ft: 622 corp: 29/81b lim: 4 exec/s: 0 rss: 1160Mb L: 3/4 MS: 4 ChangeByte-Custom-CopyPart-Custom-
#81	NEW    cov: 540 ft: 644 corp: 30/85b lim: 4 exec/s: 0 rss: 1160Mb L: 4/4 MS: 2 ChangeBit-Custom-
#82	NEW    cov: 541 ft: 645 corp: 31/87b lim: 4 exec/s: 0 rss: 1160Mb L: 2/4 MS: 2 EraseBytes-Custom-
#85	NEW    cov: 552 ft: 673 corp: 32/88b lim: 4 exec/s: 0 rss: 1160Mb L: 1/4 MS: 6 CopyPart-Custom-CrossOver-Custom-ChangeBit-Custom-
#87	NEW    cov: 552 ft: 674 corp: 33/92b lim: 4 exec/s: 0 rss: 1160Mb L: 4/4 MS: 4 CrossOver-Custom-CopyPart-Custom-
#88	NEW    cov: 553 ft: 675 corp: 34/95b lim: 4 exec/s: 0 rss: 1160Mb L: 3/4 MS: 2 CopyPart-Custom-
INFO: Instrumented com.fasterxml.jackson.core.json.JsonWriteContext (took 20 ms, size +19%)
INFO: Instrumented com.fasterxml.jackson.core.json.PackageVersion (took 4 ms, size +35%)
#94	NEW    cov: 588 ft: 710 corp: 35/97b lim: 4 exec/s: 0 rss: 1160Mb L: 2/4 MS: 2 InsertByte-Custom-
#101	NEW    cov: 590 ft: 712 corp: 36/101b lim: 4 exec/s: 0 rss: 1160Mb L: 4/4 MS: 4 InsertByte-Custom-ChangeBinInt-Custom-
#108	NEW    cov: 590 ft: 721 corp: 37/105b lim: 4 exec/s: 0 rss: 1160Mb L: 4/4 MS: 4 CrossOver-Custom-CopyPart-Custom-
#119	NEW    cov: 592 ft: 723 corp: 38/109b lim: 4 exec/s: 0 rss: 1160Mb L: 4/4 MS: 2 ChangeByte-Custom-
#121	REDUCE cov: 592 ft: 723 corp: 38/108b lim: 4 exec/s: 0 rss: 1160Mb L: 3/4 MS: 4 ChangeBit-Custom-EraseBytes-Custom-
#133	REDUCE cov: 592 ft: 723 corp: 38/107b lim: 4 exec/s: 0 rss: 1160Mb L: 1/4 MS: 4 ShuffleBytes-Custom-EraseBytes-Custom-
#134	REDUCE cov: 595 ft: 726 corp: 39/110b lim: 4 exec/s: 0 rss: 1160Mb L: 3/4 MS: 2 CMP-Custom- DE: "\000\002"-
#135	NEW    cov: 596 ft: 729 corp: 40/113b lim: 4 exec/s: 0 rss: 1160Mb L: 3/4 MS: 2 ChangeBit-Custom-
#156	NEW    cov: 597 ft: 730 corp: 41/117b lim: 4 exec/s: 0 rss: 1160Mb L: 4/4 MS: 2 PersAutoDict-Custom- DE: "\000\020"-
#172	NEW    cov: 597 ft: 743 corp: 42/119b lim: 4 exec/s: 0 rss: 1160Mb L: 2/4 MS: 2 InsertByte-Custom-
#173	NEW    cov: 599 ft: 749 corp: 43/123b lim: 4 exec/s: 0 rss: 1160Mb L: 4/4 MS: 2 ChangeBit-Custom-
#189	NEW    cov: 599 ft: 750 corp: 44/127b lim: 4 exec/s: 0 rss: 1160Mb L: 4/4 MS: 2 CopyPart-Custom-
WARN: Some hooks could not be applied to class files built for Java 7 or lower.
                       Ensure that the fuzz target and its dependencies are compiled with
                       -target 8 or higher to identify as many bugs as possible.
INFO: Instrumented com.fasterxml.jackson.core.util.VersionUtil (took 72 ms, size +21%)
#192	NEW    cov: 600 ft: 751 corp: 45/131b lim: 4 exec/s: 0 rss: 1160Mb L: 4/4 MS: 6 ShuffleBytes-Custom-PersAutoDict-Custom-InsertByte-Custom- DE: "\000\002"-
#195	NEW    cov: 602 ft: 753 corp: 46/134b lim: 4 exec/s: 0 rss: 1160Mb L: 3/4 MS: 6 CrossOver-Custom-ChangeBit-Custom-InsertByte-Custom-
#209	NEW    cov: 603 ft: 760 corp: 47/136b lim: 4 exec/s: 0 rss: 1160Mb L: 2/4 MS: 8 CrossOver-Custom-CopyPart-Custom-EraseBytes-Custom-ChangeBinInt-Custom-
#231	NEW    cov: 605 ft: 763 corp: 48/139b lim: 4 exec/s: 0 rss: 1160Mb L: 3/4 MS: 4 ChangeBit-Custom-ChangeBit-Custom-
#234	REDUCE cov: 605 ft: 763 corp: 48/138b lim: 4 exec/s: 0 rss: 1160Mb L: 1/4 MS: 6 EraseBytes-Custom-ShuffleBytes-Custom-ChangeBit-Custom-
#236	NEW    cov: 606 ft: 764 corp: 49/141b lim: 4 exec/s: 0 rss: 1160Mb L: 3/4 MS: 4 ShuffleBytes-Custom-CrossOver-Custom-
#241	NEW    cov: 608 ft: 766 corp: 50/143b lim: 4 exec/s: 0 rss: 1160Mb L: 2/4 MS: 10 ChangeBit-Custom-EraseBytes-Custom-CopyPart-Custom-EraseBytes-Custom-ChangeBinInt-Custom-
#245	REDUCE cov: 627 ft: 790 corp: 51/146b lim: 4 exec/s: 0 rss: 1160Mb L: 3/4 MS: 8 ChangeBit-Custom-CopyPart-Custom-EraseBytes-Custom-ChangeBinInt-Custom-
#247	REDUCE cov: 627 ft: 790 corp: 51/145b lim: 4 exec/s: 0 rss: 1161Mb L: 1/4 MS: 4 CrossOver-Custom-EraseBytes-Custom-
#251	NEW    cov: 627 ft: 799 corp: 52/149b lim: 4 exec/s: 0 rss: 1171Mb L: 4/4 MS: 8 InsertByte-Custom-ChangeBinInt-Custom-CrossOver-Custom-ChangeBinInt-Custom-
#297	NEW    cov: 628 ft: 800 corp: 53/150b lim: 4 exec/s: 0 rss: 1171Mb L: 1/4 MS: 2 ChangeBinInt-Custom-
#302	NEW    cov: 628 ft: 809 corp: 54/154b lim: 4 exec/s: 0 rss: 1171Mb L: 4/4 MS: 10 PersAutoDict-Custom-PersAutoDict-Custom-InsertByte-Custom-CrossOver-Custom-CopyPart-Custom- DE: "\024\000"-"\000\002"-
#309	NEW    cov: 628 ft: 810 corp: 55/156b lim: 4 exec/s: 0 rss: 1171Mb L: 2/4 MS: 4 ChangeByte-Custom-CopyPart-Custom-
#321	NEW    cov: 630 ft: 812 corp: 56/160b lim: 4 exec/s: 0 rss: 1171Mb L: 4/4 MS: 4 ChangeByte-Custom-ChangeBit-Custom-
#352	REDUCE cov: 630 ft: 812 corp: 56/159b lim: 4 exec/s: 0 rss: 1171Mb L: 3/4 MS: 2 EraseBytes-Custom-
#359	NEW    cov: 630 ft: 813 corp: 57/163b lim: 4 exec/s: 0 rss: 1171Mb L: 4/4 MS: 4 CopyPart-Custom-ChangeByte-Custom-
#364	NEW    cov: 635 ft: 818 corp: 58/167b lim: 4 exec/s: 0 rss: 1171Mb L: 4/4 MS: 10 ChangeBit-Custom-ChangeByte-Custom-ChangeByte-Custom-CMP-Custom-InsertByte-Custom- DE: "@\000"-
#365	REDUCE cov: 635 ft: 818 corp: 58/166b lim: 4 exec/s: 0 rss: 1171Mb L: 3/4 MS: 2 EraseBytes-Custom-
#367	NEW    cov: 639 ft: 822 corp: 59/168b lim: 4 exec/s: 0 rss: 1171Mb L: 2/4 MS: 4 ChangeByte-Custom-ChangeByte-Custom-
#368	NEW    cov: 639 ft: 823 corp: 60/172b lim: 4 exec/s: 0 rss: 1171Mb L: 4/4 MS: 2 InsertByte-Custom-
#378	NEW    cov: 640 ft: 824 corp: 61/176b lim: 4 exec/s: 0 rss: 1171Mb L: 4/4 MS: 10 ChangeByte-Custom-ChangeBinInt-Custom-ShuffleBytes-Custom-CrossOver-Custom-CopyPart-Custom-
#412	NEW    cov: 648 ft: 832 corp: 62/180b lim: 4 exec/s: 0 rss: 1171Mb L: 4/4 MS: 8 InsertByte-Custom-PersAutoDict-Custom-ChangeBit-Custom-ChangeASCIIInt-Custom- DE: "\377\007"-
#417	NEW    cov: 653 ft: 837 corp: 63/184b lim: 4 exec/s: 0 rss: 1171Mb L: 4/4 MS: 10 ShuffleBytes-Custom-ChangeBit-Custom-CrossOver-Custom-PersAutoDict-Custom-ChangeByte-Custom- DE: "\024\000"-
#418	REDUCE cov: 653 ft: 837 corp: 63/183b lim: 4 exec/s: 0 rss: 1171Mb L: 2/4 MS: 2 EraseBytes-Custom-
#438	REDUCE cov: 653 ft: 837 corp: 63/182b lim: 4 exec/s: 0 rss: 1171Mb L: 3/4 MS: 10 CMP-Custom-EraseBytes-Custom-EraseBytes-Custom-CrossOver-Custom-ChangeBinInt-Custom- DE: "\001\000\000 "-
#441	NEW    cov: 653 ft: 838 corp: 64/186b lim: 4 exec/s: 0 rss: 1171Mb L: 4/4 MS: 6 PersAutoDict-Custom-CopyPart-Custom-CopyPart-Custom- DE: "\000\002"-
#453	REDUCE cov: 653 ft: 838 corp: 64/184b lim: 4 exec/s: 0 rss: 1171Mb L: 2/4 MS: 4 PersAutoDict-Custom-EraseBytes-Custom- DE: "@\000"-
#470	NEW    cov: 655 ft: 841 corp: 65/188b lim: 4 exec/s: 0 rss: 1171Mb L: 4/4 MS: 4 ShuffleBytes-Custom-ChangeByte-Custom-
#473	NEW    cov: 655 ft: 849 corp: 66/190b lim: 4 exec/s: 0 rss: 1171Mb L: 2/4 MS: 6 ChangeBit-Custom-EraseBytes-Custom-CopyPart-Custom-
#484	NEW    cov: 658 ft: 852 corp: 67/194b lim: 4 exec/s: 0 rss: 1171Mb L: 4/4 MS: 2 InsertByte-Custom-
#504	NEW    cov: 658 ft: 854 corp: 68/198b lim: 4 exec/s: 0 rss: 1171Mb L: 4/4 MS: 10 ShuffleBytes-Custom-CopyPart-Custom-CrossOver-Custom-CopyPart-Custom-ChangeByte-Custom-
#520	REDUCE cov: 658 ft: 854 corp: 68/195b lim: 4 exec/s: 0 rss: 1171Mb L: 1/4 MS: 2 CrossOver-Custom-
#542	REDUCE cov: 658 ft: 854 corp: 68/193b lim: 4 exec/s: 0 rss: 1171Mb L: 2/4 MS: 4 ShuffleBytes-Custom-CrossOver-Custom-
#545	NEW    cov: 659 ft: 855 corp: 69/197b lim: 4 exec/s: 0 rss: 1171Mb L: 4/4 MS: 6 ShuffleBytes-Custom-ChangeBit-Custom-ChangeBinInt-Custom-
#596	REDUCE cov: 659 ft: 855 corp: 69/196b lim: 4 exec/s: 0 rss: 1171Mb L: 1/4 MS: 2 EraseBytes-Custom-
#607	REDUCE cov: 659 ft: 855 corp: 69/195b lim: 4 exec/s: 0 rss: 1171Mb L: 1/4 MS: 2 EraseBytes-Custom-
#619	NEW    cov: 659 ft: 857 corp: 70/198b lim: 4 exec/s: 0 rss: 1171Mb L: 3/4 MS: 4 CrossOver-Custom-CopyPart-Custom-
#625	NEW    cov: 659 ft: 860 corp: 71/202b lim: 4 exec/s: 0 rss: 1171Mb L: 4/4 MS: 2 ChangeByte-Custom-
#629	NEW    cov: 659 ft: 861 corp: 72/206b lim: 4 exec/s: 0 rss: 1171Mb L: 4/4 MS: 8 InsertByte-Custom-EraseBytes-Custom-CrossOver-Custom-CopyPart-Custom-
#641	REDUCE cov: 659 ft: 861 corp: 72/205b lim: 4 exec/s: 0 rss: 1171Mb L: 1/4 MS: 4 ChangeBinInt-Custom-EraseBytes-Custom-
#674	NEW    cov: 659 ft: 862 corp: 73/207b lim: 4 exec/s: 0 rss: 1171Mb L: 2/4 MS: 6 EraseBytes-Custom-ChangeByte-Custom-CopyPart-Custom-
#731	NEW    cov: 660 ft: 863 corp: 74/211b lim: 4 exec/s: 0 rss: 1171Mb L: 4/4 MS: 4 ChangeASCIIInt-Custom-ChangeBit-Custom-
#847	REDUCE cov: 660 ft: 863 corp: 74/210b lim: 4 exec/s: 0 rss: 1171Mb L: 3/4 MS: 2 EraseBytes-Custom-
#869	REDUCE cov: 660 ft: 863 corp: 74/208b lim: 4 exec/s: 0 rss: 1171Mb L: 2/4 MS: 4 ChangeByte-Custom-EraseBytes-Custom-
#877	REDUCE cov: 660 ft: 863 corp: 74/207b lim: 4 exec/s: 0 rss: 1171Mb L: 3/4 MS: 6 CopyPart-Custom-ChangeBit-Custom-EraseBytes-Custom-
#878	NEW    cov: 663 ft: 866 corp: 75/211b lim: 4 exec/s: 0 rss: 1171Mb L: 4/4 MS: 2 ChangeASCIIInt-Custom-
#914	REDUCE cov: 663 ft: 866 corp: 75/210b lim: 4 exec/s: 0 rss: 1171Mb L: 2/4 MS: 2 EraseBytes-Custom-
#927	NEW    cov: 663 ft: 872 corp: 76/214b lim: 4 exec/s: 0 rss: 1171Mb L: 4/4 MS: 6 PersAutoDict-Custom-CopyPart-Custom-CopyPart-Custom- DE: "\000\020"-
#928	NEW    cov: 663 ft: 873 corp: 77/217b lim: 4 exec/s: 0 rss: 1171Mb L: 3/4 MS: 2 CopyPart-Custom-
#976	REDUCE cov: 663 ft: 873 corp: 77/216b lim: 4 exec/s: 0 rss: 1171Mb L: 3/4 MS: 6 CrossOver-Custom-CrossOver-Custom-ShuffleBytes-Custom-
#996	REDUCE cov: 663 ft: 873 corp: 77/215b lim: 4 exec/s: 0 rss: 1172Mb L: 3/4 MS: 10 PersAutoDict-Custom-ChangeBinInt-Custom-ShuffleBytes-Custom-CrossOver-Custom-EraseBytes-Custom- DE: "\000\020"-
#1007	NEW    cov: 664 ft: 874 corp: 78/218b lim: 4 exec/s: 0 rss: 1172Mb L: 3/4 MS: 2 ChangeByte-Custom-
#1018	REDUCE cov: 664 ft: 874 corp: 78/217b lim: 4 exec/s: 0 rss: 1172Mb L: 2/4 MS: 2 EraseBytes-Custom-
#1020	NEW    cov: 664 ft: 876 corp: 79/221b lim: 4 exec/s: 0 rss: 1172Mb L: 4/4 MS: 4 CrossOver-Custom-PersAutoDict-Custom- DE: "\377\007"-
#1026	REDUCE cov: 664 ft: 876 corp: 79/220b lim: 4 exec/s: 0 rss: 1172Mb L: 1/4 MS: 2 EraseBytes-Custom-
#1071	NEW    cov: 664 ft: 877 corp: 80/224b lim: 4 exec/s: 0 rss: 1172Mb L: 4/4 MS: 10 CrossOver-Custom-CopyPart-Custom-CopyPart-Custom-ShuffleBytes-Custom-CopyPart-Custom-
#1078	NEW    cov: 664 ft: 878 corp: 81/228b lim: 4 exec/s: 1078 rss: 1172Mb L: 4/4 MS: 4 CopyPart-Custom-CopyPart-Custom-
#1085	NEW    cov: 664 ft: 888 corp: 82/232b lim: 4 exec/s: 1085 rss: 1172Mb L: 4/4 MS: 4 InsertByte-Custom-ChangeBit-Custom-
#1106	REDUCE cov: 664 ft: 888 corp: 82/231b lim: 4 exec/s: 1106 rss: 1172Mb L: 2/4 MS: 2 EraseBytes-Custom-
#1108	NEW    cov: 664 ft: 889 corp: 83/235b lim: 4 exec/s: 1108 rss: 1172Mb L: 4/4 MS: 4 CrossOver-Custom-CopyPart-Custom-
#1109	REDUCE cov: 664 ft: 889 corp: 83/234b lim: 4 exec/s: 1109 rss: 1172Mb L: 3/4 MS: 2 EraseBytes-Custom-
#1118	NEW    cov: 666 ft: 891 corp: 84/238b lim: 4 exec/s: 1118 rss: 1172Mb L: 4/4 MS: 8 CrossOver-Custom-CrossOver-Custom-CopyPart-Custom-ChangeBinInt-Custom-
#1211	REDUCE cov: 666 ft: 891 corp: 84/237b lim: 4 exec/s: 1211 rss: 1172Mb L: 3/4 MS: 6 ChangeBinInt-Custom-ChangeBit-Custom-EraseBytes-Custom-
#1227	REDUCE cov: 666 ft: 891 corp: 84/236b lim: 4 exec/s: 1227 rss: 1172Mb L: 2/4 MS: 2 EraseBytes-Custom-
#1248	REDUCE cov: 666 ft: 900 corp: 85/240b lim: 4 exec/s: 1248 rss: 1172Mb L: 4/4 MS: 2 InsertByte-Custom-
#1283	NEW    cov: 667 ft: 901 corp: 86/244b lim: 4 exec/s: 1283 rss: 1172Mb L: 4/4 MS: 10 ShuffleBytes-Custom-CrossOver-Custom-ShuffleBytes-Custom-ChangeBinInt-Custom-CrossOver-Custom-
#1312	NEW    cov: 667 ft: 902 corp: 87/248b lim: 4 exec/s: 1312 rss: 1172Mb L: 4/4 MS: 8 CopyPart-Custom-ChangeASCIIInt-Custom-ChangeByte-Custom-CopyPart-Custom-
#1361	NEW    cov: 667 ft: 980 corp: 88/252b lim: 4 exec/s: 1361 rss: 1172Mb L: 4/4 MS: 8 PersAutoDict-Custom-ChangeByte-Custom-CrossOver-Custom-CopyPart-Custom- DE: "\024\000"-
#1477	REDUCE cov: 667 ft: 981 corp: 89/256b lim: 4 exec/s: 1477 rss: 1172Mb L: 4/4 MS: 2 CopyPart-Custom-
#1494	NEW    cov: 667 ft: 982 corp: 90/259b lim: 4 exec/s: 1494 rss: 1172Mb L: 3/4 MS: 4 ChangeByte-Custom-CopyPart-Custom-
#1526	REDUCE cov: 667 ft: 982 corp: 90/257b lim: 4 exec/s: 1526 rss: 1172Mb L: 2/4 MS: 4 EraseBytes-Custom-CopyPart-Custom-
#1529	NEW    cov: 667 ft: 983 corp: 91/259b lim: 4 exec/s: 1529 rss: 1172Mb L: 2/4 MS: 6 ChangeBinInt-Custom-EraseBytes-Custom-CopyPart-Custom-
#1539	REDUCE cov: 667 ft: 986 corp: 92/261b lim: 4 exec/s: 1539 rss: 1172Mb L: 2/4 MS: 10 ChangeBit-Custom-ShuffleBytes-Custom-ShuffleBytes-Custom-ChangeByte-Custom-ChangeByte-Custom-
#1543	NEW    cov: 667 ft: 988 corp: 93/265b lim: 4 exec/s: 1543 rss: 1172Mb L: 4/4 MS: 8 ShuffleBytes-Custom-CrossOver-Custom-CrossOver-Custom-CrossOver-Custom-
#1549	REDUCE cov: 667 ft: 988 corp: 93/264b lim: 4 exec/s: 1549 rss: 1172Mb L: 3/4 MS: 2 EraseBytes-Custom-
#1725	REDUCE cov: 667 ft: 988 corp: 93/263b lim: 4 exec/s: 1725 rss: 1172Mb L: 1/4 MS: 2 EraseBytes-Custom-
#1809	NEW    cov: 667 ft: 990 corp: 94/267b lim: 4 exec/s: 1809 rss: 1172Mb L: 4/4 MS: 8 EraseBytes-Custom-ChangeBinInt-Custom-CrossOver-Custom-CopyPart-Custom-
#1810	NEW    cov: 667 ft: 1009 corp: 95/270b lim: 4 exec/s: 1810 rss: 1172Mb L: 3/4 MS: 2 CopyPart-Custom-
#1946	REDUCE cov: 667 ft: 1010 corp: 96/274b lim: 4 exec/s: 1946 rss: 1172Mb L: 4/4 MS: 2 CopyPart-Custom-
#1982	REDUCE cov: 667 ft: 1010 corp: 96/273b lim: 4 exec/s: 1982 rss: 1172Mb L: 2/4 MS: 2 EraseBytes-Custom-
#2014	REDUCE cov: 667 ft: 1010 corp: 96/272b lim: 4 exec/s: 2014 rss: 1172Mb L: 3/4 MS: 4 PersAutoDict-Custom-EraseBytes-Custom- DE: "\024\000"-
#2050	REDUCE cov: 667 ft: 1010 corp: 96/271b lim: 4 exec/s: 2050 rss: 1172Mb L: 2/4 MS: 2 EraseBytes-Custom-
#2084	NEW    cov: 667 ft: 1013 corp: 97/275b lim: 4 exec/s: 2084 rss: 1172Mb L: 4/4 MS: 8 CrossOver-Custom-ChangeBit-Custom-CrossOver-Custom-PersAutoDict-Custom- DE: "\000\002"-
#2100	REDUCE cov: 667 ft: 1013 corp: 97/274b lim: 4 exec/s: 2100 rss: 1172Mb L: 3/4 MS: 2 EraseBytes-Custom-
#2242	REDUCE cov: 671 ft: 1017 corp: 98/278b lim: 4 exec/s: 2242 rss: 1172Mb L: 4/4 MS: 4 InsertByte-Custom-CMP-Custom- DE: "\373\000"-
#2249	NEW    cov: 671 ft: 1027 corp: 99/282b lim: 4 exec/s: 2249 rss: 1172Mb L: 4/4 MS: 4 InsertByte-Custom-InsertByte-Custom-
#2444	NEW    cov: 671 ft: 1028 corp: 100/286b lim: 4 exec/s: 2444 rss: 1172Mb L: 4/4 MS: 10 InsertByte-Custom-EraseBytes-Custom-CrossOver-Custom-CrossOver-Custom-CopyPart-Custom-
#2451	NEW    cov: 671 ft: 1029 corp: 101/289b lim: 4 exec/s: 2451 rss: 1172Mb L: 3/4 MS: 4 CopyPart-Custom-EraseBytes-Custom-
#2608	NEW    cov: 671 ft: 1057 corp: 102/293b lim: 4 exec/s: 2608 rss: 1172Mb L: 4/4 MS: 4 ShuffleBytes-Custom-ChangeBit-Custom-
#2629	REDUCE cov: 671 ft: 1057 corp: 102/292b lim: 4 exec/s: 2629 rss: 1172Mb L: 2/4 MS: 2 EraseBytes-Custom-
#2665	REDUCE cov: 671 ft: 1057 corp: 102/291b lim: 4 exec/s: 2665 rss: 1172Mb L: 3/4 MS: 2 EraseBytes-Custom-
#2668	REDUCE cov: 671 ft: 1058 corp: 103/295b lim: 4 exec/s: 2668 rss: 1172Mb L: 4/4 MS: 6 ShuffleBytes-Custom-ChangeBinInt-Custom-CopyPart-Custom-
#2771	REDUCE cov: 671 ft: 1058 corp: 103/294b lim: 4 exec/s: 2771 rss: 1173Mb L: 2/4 MS: 6 ShuffleBytes-Custom-PersAutoDict-Custom-EraseBytes-Custom- DE: "\000\002"-
#2867	REDUCE cov: 671 ft: 1058 corp: 103/293b lim: 4 exec/s: 2867 rss: 1173Mb L: 2/4 MS: 2 EraseBytes-Custom-
#2905	REDUCE cov: 671 ft: 1058 corp: 103/292b lim: 4 exec/s: 2905 rss: 1173Mb L: 3/4 MS: 6 ShuffleBytes-Custom-ChangeBit-Custom-EraseBytes-Custom-
#2961	NEW    cov: 671 ft: 1162 corp: 104/296b lim: 4 exec/s: 2961 rss: 1173Mb L: 4/4 MS: 2 CopyPart-Custom-
#3006	NEW    cov: 671 ft: 1163 corp: 105/300b lim: 4 exec/s: 3006 rss: 1173Mb L: 4/4 MS: 10 CopyPart-Custom-ChangeBinInt-Custom-ChangeBit-Custom-EraseBytes-Custom-CopyPart-Custom-
#3057	NEW    cov: 671 ft: 1170 corp: 106/304b lim: 4 exec/s: 3057 rss: 1173Mb L: 4/4 MS: 2 CopyPart-Custom-
#3083	REDUCE cov: 671 ft: 1170 corp: 106/303b lim: 4 exec/s: 3083 rss: 1173Mb L: 3/4 MS: 2 EraseBytes-Custom-
#3089	REDUCE cov: 671 ft: 1171 corp: 107/307b lim: 4 exec/s: 3089 rss: 1173Mb L: 4/4 MS: 2 CopyPart-Custom-
#3128	NEW    cov: 671 ft: 1175 corp: 108/311b lim: 4 exec/s: 3128 rss: 1173Mb L: 4/4 MS: 8 CrossOver-Custom-ChangeBit-Custom-CrossOver-Custom-CopyPart-Custom-
#3187	NEW    cov: 671 ft: 1176 corp: 109/315b lim: 4 exec/s: 3187 rss: 1173Mb L: 4/4 MS: 8 InsertByte-Custom-ChangeBinInt-Custom-ChangeBinInt-Custom-ChangeBinInt-Custom-
#3191	NEW    cov: 671 ft: 1192 corp: 110/319b lim: 4 exec/s: 3191 rss: 1173Mb L: 4/4 MS: 8 ChangeBit-Custom-CopyPart-Custom-CopyPart-Custom-CopyPart-Custom-
#3223	NEW    cov: 671 ft: 1211 corp: 111/323b lim: 4 exec/s: 3223 rss: 1173Mb L: 4/4 MS: 4 ShuffleBytes-Custom-CopyPart-Custom-
#3290	REDUCE cov: 671 ft: 1211 corp: 111/322b lim: 4 exec/s: 3290 rss: 1173Mb L: 2/4 MS: 4 ShuffleBytes-Custom-EraseBytes-Custom-
#3376	REDUCE cov: 671 ft: 1211 corp: 111/320b lim: 4 exec/s: 3376 rss: 1173Mb L: 2/4 MS: 2 EraseBytes-Custom-
#3397	NEW    cov: 671 ft: 1212 corp: 112/324b lim: 4 exec/s: 3397 rss: 1173Mb L: 4/4 MS: 2 CopyPart-Custom-
#3436	REDUCE cov: 671 ft: 1230 corp: 113/328b lim: 4 exec/s: 3436 rss: 1173Mb L: 4/4 MS: 8 ChangeBit-Custom-CopyPart-Custom-ShuffleBytes-Custom-CopyPart-Custom-
#3457	REDUCE cov: 671 ft: 1230 corp: 113/327b lim: 4 exec/s: 3457 rss: 1173Mb L: 3/4 MS: 2 EraseBytes-Custom-
#3519	REDUCE cov: 671 ft: 1230 corp: 113/326b lim: 4 exec/s: 3519 rss: 1173Mb L: 1/4 MS: 4 ChangeBit-Custom-EraseBytes-Custom-
#3570	NEW    cov: 671 ft: 1282 corp: 114/330b lim: 4 exec/s: 3570 rss: 1173Mb L: 4/4 MS: 2 ChangeBit-Custom-
#3593	NEW    cov: 671 ft: 1284 corp: 115/334b lim: 4 exec/s: 3593 rss: 1173Mb L: 4/4 MS: 6 CopyPart-Custom-CrossOver-Custom-InsertByte-Custom-
#3687	NEW    cov: 671 ft: 1294 corp: 116/338b lim: 4 exec/s: 3687 rss: 1173Mb L: 4/4 MS: 8 CrossOver-Custom-ChangeBinInt-Custom-ChangeBinInt-Custom-CrossOver-Custom-
#3761	NEW    cov: 671 ft: 1300 corp: 117/342b lim: 4 exec/s: 3761 rss: 1173Mb L: 4/4 MS: 8 ChangeByte-Custom-ShuffleBytes-Custom-CopyPart-Custom-CopyPart-Custom-
#3762	NEW    cov: 671 ft: 1308 corp: 118/346b lim: 4 exec/s: 3762 rss: 1173Mb L: 4/4 MS: 2 CopyPart-Custom-
#3841	REDUCE cov: 671 ft: 1308 corp: 118/344b lim: 4 exec/s: 3841 rss: 1173Mb L: 2/4 MS: 8 PersAutoDict-Custom-ShuffleBytes-Custom-EraseBytes-Custom-ChangeBinInt-Custom- DE: "\000\002"-
#3874	REDUCE cov: 671 ft: 1308 corp: 118/343b lim: 4 exec/s: 3874 rss: 1173Mb L: 3/4 MS: 6 ShuffleBytes-Custom-EraseBytes-Custom-CopyPart-Custom-
#3935	REDUCE cov: 671 ft: 1308 corp: 118/342b lim: 4 exec/s: 3935 rss: 1173Mb L: 3/4 MS: 2 EraseBytes-Custom-
#3998	REDUCE cov: 671 ft: 1308 corp: 118/341b lim: 4 exec/s: 3998 rss: 1173Mb L: 3/4 MS: 6 ChangeBit-Custom-ChangeByte-Custom-EraseBytes-Custom-
#4109	NEW    cov: 671 ft: 1309 corp: 119/345b lim: 4 exec/s: 4109 rss: 1173Mb L: 4/4 MS: 2 CopyPart-Custom-
#4120	REDUCE cov: 671 ft: 1315 corp: 120/349b lim: 4 exec/s: 4120 rss: 1173Mb L: 4/4 MS: 2 CopyPart-Custom-
#4169	NEW    cov: 671 ft: 1317 corp: 121/353b lim: 4 exec/s: 4169 rss: 1173Mb L: 4/4 MS: 8 CopyPart-Custom-ChangeByte-Custom-CopyPart-Custom-ShuffleBytes-Custom-
#4260	REDUCE cov: 671 ft: 1317 corp: 121/352b lim: 4 exec/s: 4260 rss: 1173Mb L: 1/4 MS: 2 EraseBytes-Custom-
#4263	REDUCE cov: 671 ft: 1317 corp: 121/351b lim: 4 exec/s: 4263 rss: 1173Mb L: 3/4 MS: 6 ChangeByte-Custom-ChangeBit-Custom-EraseBytes-Custom-
#4336	REDUCE cov: 671 ft: 1317 corp: 121/350b lim: 4 exec/s: 4336 rss: 1173Mb L: 2/4 MS: 6 CopyPart-Custom-ChangeBinInt-Custom-EraseBytes-Custom-
#4432	REDUCE cov: 671 ft: 1317 corp: 121/349b lim: 4 exec/s: 4432 rss: 1173Mb L: 1/4 MS: 2 EraseBytes-Custom-
#4449	REDUCE cov: 671 ft: 1317 corp: 121/348b lim: 4 exec/s: 4449 rss: 1173Mb L: 3/4 MS: 4 ShuffleBytes-Custom-EraseBytes-Custom-
#4475	REDUCE cov: 671 ft: 1317 corp: 121/347b lim: 4 exec/s: 4475 rss: 1173Mb L: 1/4 MS: 2 EraseBytes-Custom-
#4576	REDUCE cov: 671 ft: 1317 corp: 121/346b lim: 4 exec/s: 4576 rss: 1173Mb L: 3/4 MS: 2 EraseBytes-Custom-
#4781	NEW    cov: 671 ft: 1319 corp: 122/350b lim: 4 exec/s: 4781 rss: 1175Mb L: 4/4 MS: 10 ChangeByte-Custom-EraseBytes-Custom-InsertByte-Custom-ChangeBit-Custom-ChangeBit-Custom-
#4883	REDUCE cov: 671 ft: 1320 corp: 123/354b lim: 4 exec/s: 4883 rss: 1175Mb L: 4/4 MS: 4 CopyPart-Custom-CopyPart-Custom-
#4940	REDUCE cov: 671 ft: 1320 corp: 123/353b lim: 4 exec/s: 4940 rss: 1175Mb L: 2/4 MS: 4 InsertByte-Custom-EraseBytes-Custom-
#4971	REDUCE cov: 671 ft: 1320 corp: 123/352b lim: 4 exec/s: 4971 rss: 1175Mb L: 3/4 MS: 2 EraseBytes-Custom-
#4986	NEW    cov: 671 ft: 1321 corp: 124/356b lim: 4 exec/s: 4986 rss: 1175Mb L: 4/4 MS: 10 ShuffleBytes-Custom-CopyPart-Custom-ShuffleBytes-Custom-ChangeBit-Custom-CopyPart-Custom-
#4997	REDUCE cov: 671 ft: 1322 corp: 125/359b lim: 4 exec/s: 4997 rss: 1175Mb L: 3/4 MS: 2 CopyPart-Custom-
#5034	REDUCE cov: 671 ft: 1322 corp: 125/358b lim: 4 exec/s: 5034 rss: 1175Mb L: 2/4 MS: 4 CopyPart-Custom-EraseBytes-Custom-
#5085	NEW    cov: 671 ft: 1323 corp: 126/362b lim: 4 exec/s: 5085 rss: 1175Mb L: 4/4 MS: 2 CopyPart-Custom-
#5086	NEW    cov: 671 ft: 1324 corp: 127/366b lim: 4 exec/s: 5086 rss: 1175Mb L: 4/4 MS: 2 ChangeBinInt-Custom-
#5142	NEW    cov: 671 ft: 1328 corp: 128/370b lim: 4 exec/s: 5142 rss: 1175Mb L: 4/4 MS: 2 ChangeByte-Custom-
#5273	REDUCE cov: 671 ft: 1328 corp: 128/369b lim: 4 exec/s: 5273 rss: 1175Mb L: 2/4 MS: 2 EraseBytes-Custom-
#5349	REDUCE cov: 671 ft: 1328 corp: 128/368b lim: 4 exec/s: 5349 rss: 1175Mb L: 3/4 MS: 2 CrossOver-Custom-
#5397	REDUCE cov: 671 ft: 1328 corp: 128/367b lim: 4 exec/s: 5397 rss: 1175Mb L: 3/4 MS: 6 ChangeBit-Custom-EraseBytes-Custom-CopyPart-Custom-
#5428	NEW    cov: 671 ft: 1334 corp: 129/371b lim: 4 exec/s: 5428 rss: 1175Mb L: 4/4 MS: 2 ChangeBit-Custom-
#5479	REDUCE cov: 671 ft: 1334 corp: 129/370b lim: 4 exec/s: 5479 rss: 1175Mb L: 2/4 MS: 2 EraseBytes-Custom-
#5490	REDUCE cov: 671 ft: 1334 corp: 129/369b lim: 4 exec/s: 5490 rss: 1175Mb L: 2/4 MS: 2 EraseBytes-Custom-
#5536	REDUCE cov: 671 ft: 1368 corp: 130/373b lim: 4 exec/s: 5536 rss: 1175Mb L: 4/4 MS: 2 CopyPart-Custom-
#5744	REDUCE cov: 671 ft: 1377 corp: 131/378b lim: 6 exec/s: 5744 rss: 1175Mb L: 5/5 MS: 6 ShuffleBytes-Custom-ChangeByte-Custom-CrossOver-Custom-
#5750	NEW    cov: 671 ft: 1378 corp: 132/383b lim: 6 exec/s: 5750 rss: 1175Mb L: 5/5 MS: 2 CrossOver-Custom-
#5812	NEW    cov: 677 ft: 1386 corp: 133/388b lim: 6 exec/s: 5812 rss: 1175Mb L: 5/5 MS: 4 ChangeBit-Custom-InsertByte-Custom-
#5894	NEW    cov: 677 ft: 1395 corp: 134/394b lim: 6 exec/s: 5894 rss: 1176Mb L: 6/6 MS: 4 InsertByte-Custom-CrossOver-Custom-
#5935	NEW    cov: 677 ft: 1399 corp: 135/400b lim: 6 exec/s: 5935 rss: 1176Mb L: 6/6 MS: 2 CopyPart-Custom-
#5982	NEW    cov: 677 ft: 1403 corp: 136/405b lim: 6 exec/s: 5982 rss: 1176Mb L: 5/6 MS: 4 ShuffleBytes-Custom-InsertByte-Custom-
#6008	REDUCE cov: 677 ft: 1403 corp: 136/404b lim: 6 exec/s: 6008 rss: 1176Mb L: 2/6 MS: 2 EraseBytes-Custom-
#6054	REDUCE cov: 677 ft: 1403 corp: 136/403b lim: 6 exec/s: 6054 rss: 1176Mb L: 3/6 MS: 2 EraseBytes-Custom-
#6060	REDUCE cov: 678 ft: 1404 corp: 137/408b lim: 6 exec/s: 6060 rss: 1176Mb L: 5/6 MS: 2 PersAutoDict-Custom- DE: "\373\000"-
#6162	NEW    cov: 678 ft: 1417 corp: 138/414b lim: 6 exec/s: 6162 rss: 1176Mb L: 6/6 MS: 4 ChangeBinInt-Custom-CopyPart-Custom-
#6304	NEW    cov: 691 ft: 1431 corp: 139/419b lim: 6 exec/s: 6304 rss: 1176Mb L: 5/6 MS: 4 ChangeBit-Custom-InsertRepeatedBytes-Custom-
#6311	NEW    cov: 691 ft: 1433 corp: 140/425b lim: 6 exec/s: 6311 rss: 1176Mb L: 6/6 MS: 4 ChangeByte-Custom-CopyPart-Custom-
#6337	REDUCE cov: 691 ft: 1435 corp: 141/431b lim: 6 exec/s: 6337 rss: 1176Mb L: 6/6 MS: 2 InsertRepeatedBytes-Custom-
#6353	NEW    cov: 691 ft: 1436 corp: 142/435b lim: 6 exec/s: 6353 rss: 1176Mb L: 4/6 MS: 2 ChangeBit-Custom-
#6378	NEW    cov: 691 ft: 1437 corp: 143/441b lim: 6 exec/s: 6378 rss: 1176Mb L: 6/6 MS: 10 ChangeBinInt-Custom-ChangeByte-Custom-InsertByte-Custom-CrossOver-Custom-CopyPart-Custom-
#6469	NEW    cov: 691 ft: 1441 corp: 144/446b lim: 6 exec/s: 6469 rss: 1176Mb L: 5/6 MS: 2 InsertByte-Custom-
#6481	NEW    cov: 691 ft: 1443 corp: 145/452b lim: 6 exec/s: 6481 rss: 1176Mb L: 6/6 MS: 4 ChangeBinInt-Custom-ChangeBit-Custom-
#6632	REDUCE cov: 691 ft: 1443 corp: 145/451b lim: 6 exec/s: 6632 rss: 1176Mb L: 1/6 MS: 2 EraseBytes-Custom-
#6633	NEW    cov: 691 ft: 1444 corp: 146/456b lim: 6 exec/s: 6633 rss: 1176Mb L: 5/6 MS: 2 InsertByte-Custom-
#6685	REDUCE cov: 691 ft: 1444 corp: 146/455b lim: 6 exec/s: 6685 rss: 1176Mb L: 2/6 MS: 4 CrossOver-Custom-CrossOver-Custom-
#6895	REDUCE cov: 691 ft: 1447 corp: 147/463b lim: 8 exec/s: 6895 rss: 1176Mb L: 8/8 MS: 10 ChangeBinInt-Custom-InsertByte-Custom-InsertRepeatedBytes-Custom-InsertByte-Custom-CrossOver-Custom-
#6925	NEW    cov: 691 ft: 1448 corp: 148/471b lim: 8 exec/s: 6925 rss: 1176Mb L: 8/8 MS: 10 CopyPart-Custom-PersAutoDict-Custom-ChangeByte-Custom-ShuffleBytes-Custom-CMP-Custom- DE: "\373\000"-"\377\377\377\377\377\377\377\377"-
#6939	NEW    cov: 691 ft: 1455 corp: 149/479b lim: 8 exec/s: 6939 rss: 1176Mb L: 8/8 MS: 8 EraseBytes-Custom-EraseBytes-Custom-ShuffleBytes-Custom-InsertRepeatedBytes-Custom-
#6971	REDUCE cov: 691 ft: 1456 corp: 150/487b lim: 8 exec/s: 6971 rss: 1176Mb L: 8/8 MS: 4 InsertRepeatedBytes-Custom-CopyPart-Custom-
#6988	NEW    cov: 691 ft: 1457 corp: 151/493b lim: 8 exec/s: 6988 rss: 1176Mb L: 6/8 MS: 4 InsertRepeatedBytes-Custom-ChangeBit-Custom-
#7083	NEW    cov: 691 ft: 1460 corp: 152/501b lim: 8 exec/s: 7083 rss: 1176Mb L: 8/8 MS: 10 CrossOver-Custom-CMP-Custom-ShuffleBytes-Custom-ChangeBit-Custom-CrossOver-Custom- DE: "toString"-
#7104	NEW    cov: 691 ft: 1464 corp: 153/508b lim: 8 exec/s: 7104 rss: 1176Mb L: 7/8 MS: 2 InsertRepeatedBytes-Custom-
#7151	NEW    cov: 691 ft: 1466 corp: 154/515b lim: 8 exec/s: 7151 rss: 1176Mb L: 7/8 MS: 4 InsertByte-Custom-CopyPart-Custom-
#7167	REDUCE cov: 691 ft: 1467 corp: 155/521b lim: 8 exec/s: 7167 rss: 1176Mb L: 6/8 MS: 2 InsertRepeatedBytes-Custom-
#7180	NEW    cov: 694 ft: 1470 corp: 156/529b lim: 8 exec/s: 7180 rss: 1176Mb L: 8/8 MS: 6 ChangeBit-Custom-PersAutoDict-Custom-InsertRepeatedBytes-Custom- DE: "\000\020"-
#7191	REDUCE cov: 694 ft: 1470 corp: 156/528b lim: 8 exec/s: 7191 rss: 1176Mb L: 7/8 MS: 2 EraseBytes-Custom-
#7288	NEW    cov: 694 ft: 1474 corp: 157/536b lim: 8 exec/s: 7288 rss: 1176Mb L: 8/8 MS: 4 CopyPart-Custom-InsertByte-Custom-
#7374	NEW    cov: 694 ft: 1476 corp: 158/544b lim: 8 exec/s: 7374 rss: 1176Mb L: 8/8 MS: 2 InsertRepeatedBytes-Custom-
#7433	REDUCE cov: 694 ft: 1484 corp: 159/551b lim: 8 exec/s: 7433 rss: 1176Mb L: 7/8 MS: 8 InsertByte-Custom-InsertRepeatedBytes-Custom-ChangeBit-Custom-CopyPart-Custom-
#7514	NEW    cov: 694 ft: 1485 corp: 160/558b lim: 8 exec/s: 7514 rss: 1176Mb L: 7/8 MS: 2 InsertRepeatedBytes-Custom-
#7547	REDUCE cov: 694 ft: 1485 corp: 160/557b lim: 8 exec/s: 7547 rss: 1176Mb L: 3/8 MS: 6 CopyPart-Custom-EraseBytes-Custom-ChangeByte-Custom-
#7553	REDUCE cov: 694 ft: 1485 corp: 160/556b lim: 8 exec/s: 7553 rss: 1176Mb L: 1/8 MS: 2 EraseBytes-Custom-
#7576	NEW    cov: 694 ft: 1486 corp: 161/564b lim: 8 exec/s: 7576 rss: 1176Mb L: 8/8 MS: 6 CMP-Custom-ChangeBit-Custom-ChangeASCIIInt-Custom- DE: "\012\013\000\000"-
#7677	REDUCE cov: 694 ft: 1486 corp: 161/563b lim: 8 exec/s: 7677 rss: 1176Mb L: 1/8 MS: 2 EraseBytes-Custom-
#7688	REDUCE cov: 694 ft: 1486 corp: 161/562b lim: 8 exec/s: 7688 rss: 1176Mb L: 5/8 MS: 2 EraseBytes-Custom-
#7738	NEW    cov: 694 ft: 1488 corp: 162/569b lim: 8 exec/s: 7738 rss: 1176Mb L: 7/8 MS: 10 ChangeBinInt-Custom-CrossOver-Custom-PersAutoDict-Custom-CrossOver-Custom-InsertRepeatedBytes-Custom- DE: "\377\007"-
#7759	NEW    cov: 695 ft: 1489 corp: 163/574b lim: 8 exec/s: 7759 rss: 1176Mb L: 5/8 MS: 2 PersAutoDict-Custom- DE: "@\000"-
#7820	REDUCE cov: 695 ft: 1489 corp: 163/573b lim: 8 exec/s: 7820 rss: 1176Mb L: 1/8 MS: 2 EraseBytes-Custom-
#7913	REDUCE cov: 695 ft: 1490 corp: 164/580b lim: 8 exec/s: 7913 rss: 1176Mb L: 7/8 MS: 6 PersAutoDict-Custom-PersAutoDict-Custom-CopyPart-Custom- DE: "@\000"-"@\000"-
#8065	REDUCE cov: 695 ft: 1490 corp: 164/577b lim: 8 exec/s: 8065 rss: 1177Mb L: 5/8 MS: 4 ShuffleBytes-Custom-EraseBytes-Custom-
#8262	REDUCE cov: 695 ft: 1491 corp: 165/583b lim: 8 exec/s: 8262 rss: 1177Mb L: 6/8 MS: 4 CopyPart-Custom-InsertRepeatedBytes-Custom-
#8282	NEW    cov: 695 ft: 1492 corp: 166/591b lim: 8 exec/s: 8282 rss: 1177Mb L: 8/8 MS: 10 ChangeBit-Custom-EraseBytes-Custom-EraseBytes-Custom-ChangeByte-Custom-InsertRepeatedBytes-Custom-
#8349	NEW    cov: 695 ft: 1494 corp: 167/599b lim: 8 exec/s: 8349 rss: 1177Mb L: 8/8 MS: 4 ShuffleBytes-Custom-CopyPart-Custom-
#8481	REDUCE cov: 695 ft: 1494 corp: 167/598b lim: 8 exec/s: 8481 rss: 1177Mb L: 3/8 MS: 4 InsertByte-Custom-EraseBytes-Custom-
#8504	REDUCE cov: 697 ft: 1496 corp: 168/604b lim: 8 exec/s: 8504 rss: 1177Mb L: 6/8 MS: 6 CrossOver-Custom-PersAutoDict-Custom-InsertRepeatedBytes-Custom- DE: "\000\020"-
#8523	NEW    cov: 697 ft: 1497 corp: 169/612b lim: 8 exec/s: 8523 rss: 1177Mb L: 8/8 MS: 8 CrossOver-Custom-ChangeByte-Custom-InsertByte-Custom-CrossOver-Custom-
#8524	NEW    cov: 697 ft: 1501 corp: 170/619b lim: 8 exec/s: 8524 rss: 1177Mb L: 7/8 MS: 2 CopyPart-Custom-
#8660	REDUCE cov: 697 ft: 1501 corp: 170/616b lim: 8 exec/s: 8660 rss: 1177Mb L: 5/8 MS: 2 EraseBytes-Custom-
#8716	REDUCE cov: 697 ft: 1546 corp: 171/621b lim: 8 exec/s: 8716 rss: 1177Mb L: 5/8 MS: 2 CopyPart-Custom-
#8747	NEW    cov: 697 ft: 1548 corp: 172/628b lim: 8 exec/s: 8747 rss: 1177Mb L: 7/8 MS: 2 CopyPart-Custom-
#8765	NEW    cov: 699 ft: 1550 corp: 173/635b lim: 8 exec/s: 8765 rss: 1177Mb L: 7/8 MS: 6 CrossOver-Custom-ChangeByte-Custom-CrossOver-Custom-
#8922	REDUCE cov: 699 ft: 1550 corp: 173/634b lim: 8 exec/s: 8922 rss: 1177Mb L: 7/8 MS: 4 EraseBytes-Custom-CopyPart-Custom-
#8927	NEW    cov: 699 ft: 1552 corp: 174/642b lim: 8 exec/s: 8927 rss: 1177Mb L: 8/8 MS: 10 CMP-Custom-CrossOver-Custom-CopyPart-Custom-CopyPart-Custom-PersAutoDict-Custom- DE: "\376\376"-"\377\007"-
#9086	NEW    cov: 699 ft: 1553 corp: 175/648b lim: 8 exec/s: 9086 rss: 1177Mb L: 6/8 MS: 8 CopyPart-Custom-ShuffleBytes-Custom-ChangeBit-Custom-InsertByte-Custom-
#9117	REDUCE cov: 699 ft: 1553 corp: 175/647b lim: 8 exec/s: 9117 rss: 1177Mb L: 3/8 MS: 2 EraseBytes-Custom-
#9230	NEW    cov: 699 ft: 1555 corp: 176/654b lim: 8 exec/s: 9230 rss: 1178Mb L: 7/8 MS: 6 ChangeByte-Custom-ShuffleBytes-Custom-InsertRepeatedBytes-Custom-
#9254	REDUCE cov: 699 ft: 1556 corp: 177/660b lim: 8 exec/s: 9254 rss: 1178Mb L: 6/8 MS: 8 CopyPart-Custom-ChangeBinInt-Custom-InsertRepeatedBytes-Custom-ChangeBinInt-Custom-
#9275	REDUCE cov: 699 ft: 1556 corp: 177/659b lim: 8 exec/s: 9275 rss: 1178Mb L: 1/8 MS: 2 EraseBytes-Custom-
#9716	NEW    cov: 699 ft: 1559 corp: 178/669b lim: 11 exec/s: 9716 rss: 1178Mb L: 10/10 MS: 2 InsertRepeatedBytes-Custom-
#9832	NEW    cov: 699 ft: 1563 corp: 179/679b lim: 11 exec/s: 9832 rss: 1178Mb L: 10/10 MS: 2 InsertRepeatedBytes-Custom-
#9854	REDUCE cov: 699 ft: 1563 corp: 179/678b lim: 11 exec/s: 9854 rss: 1178Mb L: 1/10 MS: 4 ShuffleBytes-Custom-EraseBytes-Custom-
#9873	NEW    cov: 699 ft: 1564 corp: 180/686b lim: 11 exec/s: 9873 rss: 1178Mb L: 8/10 MS: 8 InsertByte-Custom-ShuffleBytes-Custom-CopyPart-Custom-PersAutoDict-Custom- DE: "@\000"-
#9889	NEW    cov: 699 ft: 1565 corp: 181/696b lim: 11 exec/s: 9889 rss: 1178Mb L: 10/10 MS: 2 CrossOver-Custom-
#9922	REDUCE cov: 699 ft: 1565 corp: 181/694b lim: 11 exec/s: 9922 rss: 1178Mb L: 4/10 MS: 6 ChangeBit-Custom-CopyPart-Custom-EraseBytes-Custom-
#9944	REDUCE cov: 699 ft: 1565 corp: 181/693b lim: 11 exec/s: 9944 rss: 1178Mb L: 6/10 MS: 4 CMP-Custom-EraseBytes-Custom- DE: "\001\000\000@"-
#10065	NEW    cov: 699 ft: 1567 corp: 182/702b lim: 11 exec/s: 10065 rss: 1178Mb L: 9/10 MS: 2 CopyPart-Custom-
#10112	NEW    cov: 699 ft: 1568 corp: 183/710b lim: 11 exec/s: 10112 rss: 1178Mb L: 8/10 MS: 4 PersAutoDict-Custom-ChangeByte-Custom- DE: "\001\000\000 "-
#10398	REDUCE cov: 699 ft: 1568 corp: 183/707b lim: 11 exec/s: 10398 rss: 1178Mb L: 4/10 MS: 2 EraseBytes-Custom-
#10416	REDUCE cov: 699 ft: 1570 corp: 184/717b lim: 11 exec/s: 10416 rss: 1178Mb L: 10/10 MS: 6 ShuffleBytes-Custom-ShuffleBytes-Custom-InsertRepeatedBytes-Custom-
#10447	NEW    cov: 699 ft: 1668 corp: 185/726b lim: 11 exec/s: 10447 rss: 1178Mb L: 9/10 MS: 2 CopyPart-Custom-
#10493	REDUCE cov: 699 ft: 1668 corp: 185/725b lim: 11 exec/s: 10493 rss: 1178Mb L: 3/10 MS: 2 EraseBytes-Custom-
#10610	REDUCE cov: 699 ft: 1668 corp: 185/724b lim: 11 exec/s: 10610 rss: 1178Mb L: 2/10 MS: 4 InsertByte-Custom-EraseBytes-Custom-
#10682	REDUCE cov: 699 ft: 1668 corp: 185/723b lim: 11 exec/s: 10682 rss: 1178Mb L: 6/10 MS: 4 ShuffleBytes-Custom-EraseBytes-Custom-
#11023	NEW    cov: 699 ft: 1670 corp: 186/735b lim: 14 exec/s: 5511 rss: 1178Mb L: 12/12 MS: 2 CrossOver-Custom-
#11122	REDUCE cov: 699 ft: 1673 corp: 187/746b lim: 14 exec/s: 5561 rss: 1178Mb L: 11/12 MS: 8 ShuffleBytes-Custom-InsertByte-Custom-InsertRepeatedBytes-Custom-CrossOver-Custom-
#11185	REDUCE cov: 699 ft: 1676 corp: 188/758b lim: 14 exec/s: 5592 rss: 1178Mb L: 12/12 MS: 6 CopyPart-Custom-InsertByte-Custom-InsertRepeatedBytes-Custom-
#11241	NEW    cov: 699 ft: 1677 corp: 189/767b lim: 14 exec/s: 5620 rss: 1178Mb L: 9/12 MS: 2 InsertRepeatedBytes-Custom-
#11272	REDUCE cov: 699 ft: 1677 corp: 189/766b lim: 14 exec/s: 5636 rss: 1178Mb L: 1/12 MS: 2 EraseBytes-Custom-
#11363	NEW    cov: 699 ft: 1679 corp: 190/779b lim: 14 exec/s: 5681 rss: 1178Mb L: 13/13 MS: 2 CopyPart-Custom-
#11450	NEW    cov: 699 ft: 1681 corp: 191/792b lim: 14 exec/s: 5725 rss: 1178Mb L: 13/13 MS: 4 CrossOver-Custom-InsertRepeatedBytes-Custom-
#11590	REDUCE cov: 699 ft: 1682 corp: 192/806b lim: 14 exec/s: 5795 rss: 1178Mb L: 14/14 MS: 10 CopyPart-Custom-ChangeBit-Custom-CrossOver-Custom-InsertByte-Custom-CrossOver-Custom-
#11617	NEW    cov: 699 ft: 1683 corp: 193/816b lim: 14 exec/s: 5808 rss: 1178Mb L: 10/14 MS: 4 EraseBytes-Custom-InsertRepeatedBytes-Custom-
#11817	REDUCE cov: 699 ft: 1685 corp: 194/823b lim: 14 exec/s: 5908 rss: 1178Mb L: 7/14 MS: 10 ShuffleBytes-Custom-ShuffleBytes-Custom-ChangeBit-Custom-CrossOver-Custom-InsertRepeatedBytes-Custom-
#11838	REDUCE cov: 699 ft: 1687 corp: 195/833b lim: 14 exec/s: 5919 rss: 1178Mb L: 10/14 MS: 2 InsertRepeatedBytes-Custom-
#11854	REDUCE cov: 699 ft: 1687 corp: 195/832b lim: 14 exec/s: 5927 rss: 1178Mb L: 7/14 MS: 2 EraseBytes-Custom-
#11895	REDUCE cov: 699 ft: 1687 corp: 195/831b lim: 14 exec/s: 5947 rss: 1178Mb L: 2/14 MS: 2 EraseBytes-Custom-
#11986	REDUCE cov: 699 ft: 1687 corp: 195/830b lim: 14 exec/s: 5993 rss: 1178Mb L: 1/14 MS: 2 EraseBytes-Custom-
#12387	REDUCE cov: 699 ft: 1687 corp: 195/829b lim: 17 exec/s: 6193 rss: 1178Mb L: 1/14 MS: 2 EraseBytes-Custom-
#12388	NEW    cov: 699 ft: 1688 corp: 196/846b lim: 17 exec/s: 6194 rss: 1178Mb L: 17/17 MS: 2 InsertRepeatedBytes-Custom-
#12552	NEW    cov: 699 ft: 1690 corp: 197/860b lim: 17 exec/s: 6276 rss: 1178Mb L: 14/17 MS: 8 InsertByte-Custom-ChangeBit-Custom-CrossOver-Custom-InsertByte-Custom-
#12553	NEW    cov: 699 ft: 1696 corp: 198/877b lim: 17 exec/s: 6276 rss: 1178Mb L: 17/17 MS: 2 InsertRepeatedBytes-Custom-
#12807	NEW    cov: 699 ft: 1697 corp: 199/893b lim: 17 exec/s: 6403 rss: 1178Mb L: 16/17 MS: 8 PersAutoDict-Custom-InsertRepeatedBytes-Custom-InsertByte-Custom-PersAutoDict-Custom- DE: "toString"-"@\000"-
#12996	NEW    cov: 699 ft: 1742 corp: 200/910b lim: 17 exec/s: 6498 rss: 1178Mb L: 17/17 MS: 8 ChangeBit-Custom-CrossOver-Custom-PersAutoDict-Custom-InsertRepeatedBytes-Custom- DE: "\012\013\000\000"-
#13042	REDUCE cov: 699 ft: 1742 corp: 200/909b lim: 17 exec/s: 6521 rss: 1178Mb L: 8/17 MS: 2 EraseBytes-Custom-
#13069	REDUCE cov: 699 ft: 1742 corp: 200/901b lim: 17 exec/s: 6534 rss: 1178Mb L: 9/17 MS: 4 ShuffleBytes-Custom-EraseBytes-Custom-
#13071	REDUCE cov: 699 ft: 1743 corp: 201/918b lim: 17 exec/s: 6535 rss: 1178Mb L: 17/17 MS: 4 EraseBytes-Custom-InsertRepeatedBytes-Custom-
#13125	REDUCE cov: 699 ft: 1743 corp: 201/917b lim: 17 exec/s: 6562 rss: 1178Mb L: 3/17 MS: 8 ChangeBinInt-Custom-EraseBytes-Custom-ShuffleBytes-Custom-CopyPart-Custom-
#13337	REDUCE cov: 699 ft: 1745 corp: 202/929b lim: 17 exec/s: 6668 rss: 1178Mb L: 12/17 MS: 4 InsertByte-Custom-InsertRepeatedBytes-Custom-
#13362	NEW    cov: 699 ft: 1746 corp: 203/942b lim: 17 exec/s: 6681 rss: 1178Mb L: 13/17 MS: 10 ShuffleBytes-Custom-EraseBytes-Custom-InsertRepeatedBytes-Custom-ShuffleBytes-Custom-CopyPart-Custom-
#13395	NEW    cov: 699 ft: 1749 corp: 204/950b lim: 17 exec/s: 6697 rss: 1178Mb L: 8/17 MS: 6 CrossOver-Custom-ChangeASCIIInt-Custom-CrossOver-Custom-
#13447	NEW    cov: 699 ft: 1752 corp: 205/964b lim: 17 exec/s: 6723 rss: 1178Mb L: 14/17 MS: 4 ChangeBit-Custom-InsertRepeatedBytes-Custom-
#13508	NEW    cov: 699 ft: 1755 corp: 206/972b lim: 17 exec/s: 6754 rss: 1178Mb L: 8/17 MS: 2 CopyPart-Custom-
#13620	REDUCE cov: 699 ft: 1755 corp: 206/971b lim: 17 exec/s: 6810 rss: 1178Mb L: 1/17 MS: 4 ChangeBit-Custom-EraseBytes-Custom-
#13632	NEW    cov: 699 ft: 1771 corp: 207/987b lim: 17 exec/s: 6816 rss: 1178Mb L: 16/17 MS: 4 InsertByte-Custom-InsertRepeatedBytes-Custom-
#13655	REDUCE cov: 699 ft: 1771 corp: 207/986b lim: 17 exec/s: 6827 rss: 1178Mb L: 12/17 MS: 6 InsertByte-Custom-CrossOver-Custom-EraseBytes-Custom-
#13791	REDUCE cov: 699 ft: 1771 corp: 207/985b lim: 17 exec/s: 6895 rss: 1178Mb L: 3/17 MS: 2 EraseBytes-Custom-
#13919	REDUCE cov: 699 ft: 1772 corp: 208/1000b lim: 17 exec/s: 6959 rss: 1178Mb L: 15/17 MS: 6 ChangeBit-Custom-InsertRepeatedBytes-Custom-PersAutoDict-Custom- DE: "toString"-
#13940	REDUCE cov: 699 ft: 1774 corp: 209/1014b lim: 17 exec/s: 6970 rss: 1178Mb L: 14/17 MS: 2 InsertRepeatedBytes-Custom-
#13944	REDUCE cov: 699 ft: 1774 corp: 209/1013b lim: 17 exec/s: 6972 rss: 1178Mb L: 3/17 MS: 8 ShuffleBytes-Custom-ShuffleBytes-Custom-ChangeBinInt-Custom-EraseBytes-Custom-
#13951	REDUCE cov: 699 ft: 1774 corp: 209/1012b lim: 17 exec/s: 6975 rss: 1178Mb L: 3/17 MS: 4 EraseBytes-Custom-ShuffleBytes-Custom-
#14577	REDUCE cov: 699 ft: 1774 corp: 209/1011b lim: 21 exec/s: 7288 rss: 1178Mb L: 5/17 MS: 2 EraseBytes-Custom-
#14974	NEW    cov: 699 ft: 1775 corp: 210/1030b lim: 21 exec/s: 7487 rss: 1178Mb L: 19/19 MS: 4 ShuffleBytes-Custom-InsertRepeatedBytes-Custom-
#15073	REDUCE cov: 699 ft: 1775 corp: 210/1029b lim: 21 exec/s: 7536 rss: 1178Mb L: 5/19 MS: 8 EraseBytes-Custom-ChangeBit-Custom-CopyPart-Custom-EraseBytes-Custom-
#15076	REDUCE cov: 699 ft: 1775 corp: 210/1028b lim: 21 exec/s: 7538 rss: 1178Mb L: 6/19 MS: 6 InsertByte-Custom-InsertByte-Custom-EraseBytes-Custom-
#15115	NEW    cov: 699 ft: 1777 corp: 211/1045b lim: 21 exec/s: 7557 rss: 1178Mb L: 17/19 MS: 8 CopyPart-Custom-ChangeBit-Custom-CrossOver-Custom-InsertRepeatedBytes-Custom-
#15127	REDUCE cov: 699 ft: 1796 corp: 212/1056b lim: 21 exec/s: 7563 rss: 1178Mb L: 11/19 MS: 4 ChangeBit-Custom-InsertRepeatedBytes-Custom-
#15191	REDUCE cov: 699 ft: 1796 corp: 212/1055b lim: 21 exec/s: 7595 rss: 1178Mb L: 1/19 MS: 8 PersAutoDict-Custom-EraseBytes-Custom-EraseBytes-Custom-EraseBytes-Custom- DE: "@\000"-
#15566	REDUCE cov: 701 ft: 1798 corp: 213/1064b lim: 21 exec/s: 7783 rss: 1178Mb L: 9/19 MS: 10 PersAutoDict-Custom-InsertByte-Custom-InsertByte-Custom-CrossOver-Custom-CMP-Custom- DE: "\376\376"-"\377\377\377\377"-
#15601	REDUCE cov: 701 ft: 1798 corp: 213/1063b lim: 21 exec/s: 7800 rss: 1178Mb L: 4/19 MS: 10 EraseBytes-Custom-EraseBytes-Custom-ShuffleBytes-Custom-CopyPart-Custom-CopyPart-Custom-
#15674	NEW    cov: 701 ft: 1799 corp: 214/1074b lim: 21 exec/s: 7837 rss: 1178Mb L: 11/19 MS: 6 ChangeBit-Custom-CopyPart-Custom-InsertRepeatedBytes-Custom-
#15781	NEW    cov: 701 ft: 1800 corp: 215/1093b lim: 21 exec/s: 7890 rss: 1178Mb L: 19/19 MS: 4 PersAutoDict-Custom-CMP-Custom- DE: "\000\020"-"\306\377\000\000"-
#15807	REDUCE cov: 701 ft: 1800 corp: 215/1092b lim: 21 exec/s: 7903 rss: 1178Mb L: 4/19 MS: 2 EraseBytes-Custom-
#15999	NEW    cov: 702 ft: 1801 corp: 216/1113b lim: 21 exec/s: 7999 rss: 1178Mb L: 21/21 MS: 4 ChangeBit-Custom-InsertRepeatedBytes-Custom-
#16060	REDUCE cov: 702 ft: 1803 corp: 217/1134b lim: 21 exec/s: 8030 rss: 1178Mb L: 21/21 MS: 2 InsertRepeatedBytes-Custom-
#16379	NEW    cov: 702 ft: 1804 corp: 218/1147b lim: 21 exec/s: 8189 rss: 1178Mb L: 13/21 MS: 8 PersAutoDict-Custom-InsertByte-Custom-CopyPart-Custom-InsertRepeatedBytes-Custom- DE: "\000\020"-
#16384	pulse  cov: 702 ft: 1804 corp: 218/1147b lim: 21 exec/s: 8192 rss: 1178Mb
#16442	NEW    cov: 702 ft: 1805 corp: 219/1165b lim: 21 exec/s: 8221 rss: 1178Mb L: 18/21 MS: 6 CMP-Custom-CrossOver-Custom-CrossOver-Custom- DE: "\377."-
#16449	REDUCE cov: 702 ft: 1833 corp: 220/1175b lim: 21 exec/s: 8224 rss: 1178Mb L: 10/21 MS: 4 PersAutoDict-Custom-PersAutoDict-Custom- DE: "\001\000\000@"-"@\000"-
#16704	NEW    cov: 702 ft: 1834 corp: 221/1188b lim: 21 exec/s: 8352 rss: 1178Mb L: 13/21 MS: 10 EraseBytes-Custom-CopyPart-Custom-CMP-Custom-InsertByte-Custom-InsertRepeatedBytes-Custom- DE: "\002\000"-
#17082	REDUCE cov: 702 ft: 1835 corp: 222/1206b lim: 21 exec/s: 8541 rss: 1178Mb L: 18/21 MS: 6 ShuffleBytes-Custom-ChangeBit-Custom-InsertRepeatedBytes-Custom-
#17088	REDUCE cov: 702 ft: 1835 corp: 222/1204b lim: 21 exec/s: 8544 rss: 1178Mb L: 9/21 MS: 2 EraseBytes-Custom-
#17269	REDUCE cov: 702 ft: 1835 corp: 222/1202b lim: 21 exec/s: 8634 rss: 1178Mb L: 19/21 MS: 2 EraseBytes-Custom-
#17416	REDUCE cov: 702 ft: 1835 corp: 222/1201b lim: 21 exec/s: 8708 rss: 1178Mb L: 1/21 MS: 4 ShuffleBytes-Custom-EraseBytes-Custom-
#17653	REDUCE cov: 702 ft: 1835 corp: 222/1200b lim: 21 exec/s: 8826 rss: 1178Mb L: 20/20 MS: 4 ChangeBinInt-Custom-EraseBytes-Custom-
#17836	REDUCE cov: 702 ft: 1837 corp: 223/1211b lim: 21 exec/s: 8918 rss: 1178Mb L: 11/20 MS: 6 InsertByte-Custom-EraseBytes-Custom-InsertRepeatedBytes-Custom-
#17912	REDUCE cov: 702 ft: 1837 corp: 223/1210b lim: 21 exec/s: 8956 rss: 1178Mb L: 9/20 MS: 2 EraseBytes-Custom-
#18123	NEW    cov: 702 ft: 1845 corp: 224/1228b lim: 21 exec/s: 9061 rss: 1178Mb L: 18/20 MS: 2 InsertRepeatedBytes-Custom-
#18237	NEW    cov: 702 ft: 1847 corp: 225/1243b lim: 21 exec/s: 9118 rss: 1178Mb L: 15/20 MS: 8 ShuffleBytes-Custom-CopyPart-Custom-ChangeBinInt-Custom-InsertRepeatedBytes-Custom-
#18376	REDUCE cov: 702 ft: 1847 corp: 225/1242b lim: 21 exec/s: 9188 rss: 1178Mb L: 2/20 MS: 8 EraseBytes-Custom-ChangeByte-Custom-ChangeBinInt-Custom-ChangeBinInt-Custom-
#18487	REDUCE cov: 702 ft: 1847 corp: 225/1235b lim: 21 exec/s: 9243 rss: 1178Mb L: 8/20 MS: 2 EraseBytes-Custom-
#18549	NEW    cov: 702 ft: 1850 corp: 226/1241b lim: 21 exec/s: 9274 rss: 1178Mb L: 6/20 MS: 4 CrossOver-Custom-ShuffleBytes-Custom-
#18602	REDUCE cov: 702 ft: 1850 corp: 226/1239b lim: 21 exec/s: 9301 rss: 1178Mb L: 4/20 MS: 6 ChangeASCIIInt-Custom-CopyPart-Custom-EraseBytes-Custom-
#18667	REDUCE cov: 702 ft: 1850 corp: 226/1238b lim: 21 exec/s: 9333 rss: 1178Mb L: 2/20 MS: 10 ChangeByte-Custom-ChangeBit-Custom-ChangeByte-Custom-ChangeByte-Custom-EraseBytes-Custom-
#18739	NEW    cov: 702 ft: 1851 corp: 227/1259b lim: 21 exec/s: 9369 rss: 1178Mb L: 21/21 MS: 4 ChangeByte-Custom-InsertRepeatedBytes-Custom-
#19183	REDUCE cov: 702 ft: 1851 corp: 227/1257b lim: 25 exec/s: 9591 rss: 1178Mb L: 6/21 MS: 8 ChangeByte-Custom-ShuffleBytes-Custom-InsertByte-Custom-EraseBytes-Custom-
#19209	REDUCE cov: 702 ft: 1851 corp: 227/1256b lim: 25 exec/s: 9604 rss: 1178Mb L: 2/21 MS: 2 EraseBytes-Custom-
#19251	NEW    cov: 702 ft: 1855 corp: 228/1280b lim: 25 exec/s: 9625 rss: 1178Mb L: 24/24 MS: 4 ChangeByte-Custom-InsertRepeatedBytes-Custom-
#19452	REDUCE cov: 702 ft: 1855 corp: 228/1279b lim: 25 exec/s: 9726 rss: 1178Mb L: 18/24 MS: 2 EraseBytes-Custom-
#19467	NEW    cov: 705 ft: 1858 corp: 229/1287b lim: 25 exec/s: 9733 rss: 1178Mb L: 8/24 MS: 10 EraseBytes-Custom-ChangeByte-Custom-EraseBytes-Custom-CrossOver-Custom-ChangeByte-Custom-
#19500	REDUCE cov: 705 ft: 1859 corp: 230/1300b lim: 25 exec/s: 9750 rss: 1178Mb L: 13/24 MS: 6 ChangeBit-Custom-InsertRepeatedBytes-Custom-InsertRepeatedBytes-Custom-
#19601	REDUCE cov: 705 ft: 1859 corp: 230/1292b lim: 25 exec/s: 9800 rss: 1178Mb L: 10/24 MS: 2 EraseBytes-Custom-
#19622	REDUCE cov: 705 ft: 1859 corp: 230/1287b lim: 25 exec/s: 9811 rss: 1178Mb L: 11/24 MS: 2 EraseBytes-Custom-
#19803	NEW    cov: 705 ft: 1863 corp: 231/1299b lim: 25 exec/s: 9901 rss: 1178Mb L: 12/24 MS: 2 CrossOver-Custom-
INFO: Instrumented com.fasterxml.jackson.core.json.DupDetector (took 19 ms, size +38%)
#20010	REDUCE cov: 705 ft: 1863 corp: 231/1297b lim: 25 exec/s: 10005 rss: 1178Mb L: 4/24 MS: 4 EraseBytes-Custom-EraseBytes-Custom-
#20081	REDUCE cov: 705 ft: 1865 corp: 232/1312b lim: 25 exec/s: 10040 rss: 1178Mb L: 15/24 MS: 2 InsertRepeatedBytes-Custom-
#20339	REDUCE cov: 705 ft: 1866 corp: 233/1325b lim: 25 exec/s: 10169 rss: 1178Mb L: 13/24 MS: 6 CrossOver-Custom-ChangeByte-Custom-InsertRepeatedBytes-Custom-
#20460	REDUCE cov: 705 ft: 1866 corp: 233/1319b lim: 25 exec/s: 10230 rss: 1178Mb L: 14/24 MS: 2 EraseBytes-Custom-
#20519	REDUCE cov: 705 ft: 1866 corp: 233/1317b lim: 25 exec/s: 10259 rss: 1178Mb L: 1/24 MS: 8 ChangeBit-Custom-CrossOver-Custom-ChangeBit-Custom-ChangeBit-Custom-
#20668	REDUCE cov: 705 ft: 1866 corp: 233/1315b lim: 25 exec/s: 10334 rss: 1178Mb L: 4/24 MS: 8 ShuffleBytes-Custom-EraseBytes-Custom-ChangeByte-Custom-ChangeByte-Custom-
#21019	NEW    cov: 705 ft: 1869 corp: 234/1337b lim: 25 exec/s: 10509 rss: 1178Mb L: 22/24 MS: 2 InsertRepeatedBytes-Custom-
#21323	REDUCE cov: 705 ft: 1869 corp: 234/1336b lim: 25 exec/s: 10661 rss: 1178Mb L: 13/24 MS: 8 ShuffleBytes-Custom-ChangeByte-Custom-CMP-Custom-EraseBytes-Custom- DE: "\000\004"-
#21474	REDUCE cov: 705 ft: 1869 corp: 234/1334b lim: 25 exec/s: 10737 rss: 1178Mb L: 12/24 MS: 2 EraseBytes-Custom-
#21961	REDUCE cov: 705 ft: 1869 corp: 234/1333b lim: 29 exec/s: 10980 rss: 1178Mb L: 9/24 MS: 4 EraseBytes-Custom-ShuffleBytes-Custom-
#22022	REDUCE cov: 705 ft: 1871 corp: 235/1359b lim: 29 exec/s: 11011 rss: 1178Mb L: 26/26 MS: 2 InsertRepeatedBytes-Custom-
#22078	REDUCE cov: 705 ft: 1871 corp: 235/1358b lim: 29 exec/s: 11039 rss: 1178Mb L: 1/26 MS: 2 EraseBytes-Custom-
#22668	NEW    cov: 705 ft: 1873 corp: 236/1380b lim: 33 exec/s: 7556 rss: 1178Mb L: 22/26 MS: 10 ShuffleBytes-Custom-CopyPart-Custom-PersAutoDict-Custom-ChangeBit-Custom-InsertRepeatedBytes-Custom- DE: "\002\000"-
#22700	REDUCE cov: 705 ft: 1873 corp: 236/1379b lim: 33 exec/s: 7566 rss: 1178Mb L: 4/26 MS: 4 EraseBytes-Custom-InsertByte-Custom-
#23019	REDUCE cov: 705 ft: 1873 corp: 236/1378b lim: 33 exec/s: 7673 rss: 1178Mb L: 6/26 MS: 8 ChangeBinInt-Custom-ChangeByte-Custom-EraseBytes-Custom-ShuffleBytes-Custom-
#23132	REDUCE cov: 705 ft: 1873 corp: 236/1374b lim: 33 exec/s: 7710 rss: 1178Mb L: 22/24 MS: 6 ChangeBit-Custom-ChangeByte-Custom-EraseBytes-Custom-
#23294	REDUCE cov: 705 ft: 1873 corp: 236/1373b lim: 33 exec/s: 7764 rss: 1181Mb L: 13/24 MS: 4 ChangeByte-Custom-EraseBytes-Custom-
#23435	REDUCE cov: 705 ft: 1873 corp: 236/1370b lim: 33 exec/s: 7811 rss: 1186Mb L: 8/24 MS: 2 EraseBytes-Custom-
#23768	REDUCE cov: 705 ft: 1873 corp: 236/1366b lim: 33 exec/s: 7922 rss: 1198Mb L: 9/24 MS: 6 ShuffleBytes-Custom-CopyPart-Custom-EraseBytes-Custom-
#23826	REDUCE cov: 705 ft: 1874 corp: 237/1376b lim: 33 exec/s: 7942 rss: 1200Mb L: 10/24 MS: 6 EraseBytes-Custom-CopyPart-Custom-InsertRepeatedBytes-Custom-
#23852	REDUCE cov: 705 ft: 1874 corp: 237/1374b lim: 33 exec/s: 7950 rss: 1201Mb L: 4/24 MS: 2 EraseBytes-Custom-
#23936	REDUCE cov: 705 ft: 1874 corp: 237/1373b lim: 33 exec/s: 7978 rss: 1204Mb L: 7/24 MS: 8 CrossOver-Custom-ShuffleBytes-Custom-ChangeBit-Custom-EraseBytes-Custom-
#24027	REDUCE cov: 705 ft: 1874 corp: 237/1369b lim: 33 exec/s: 8009 rss: 1208Mb L: 14/24 MS: 2 EraseBytes-Custom-
#24035	NEW    cov: 705 ft: 1879 corp: 238/1400b lim: 33 exec/s: 8011 rss: 1208Mb L: 31/31 MS: 6 InsertByte-Custom-EraseBytes-Custom-InsertRepeatedBytes-Custom-
#24176	REDUCE cov: 705 ft: 1879 corp: 238/1398b lim: 33 exec/s: 8058 rss: 1213Mb L: 4/31 MS: 2 EraseBytes-Custom-
#24318	REDUCE cov: 705 ft: 1879 corp: 238/1395b lim: 33 exec/s: 8106 rss: 1218Mb L: 8/31 MS: 4 EraseBytes-Custom-CopyPart-Custom-
#24824	NEW    cov: 705 ft: 1893 corp: 239/1417b lim: 38 exec/s: 8274 rss: 1236Mb L: 22/31 MS: 2 CopyPart-Custom-
#24914	DONE   cov: 705 ft: 1893 corp: 239/1417b lim: 38 exec/s: 6228 rss: 1239Mb
###### Recommended dictionary. ######
"\024\000" # Uses: 212
"\000\020" # Uses: 228
"\377\007" # Uses: 223
"\000\002" # Uses: 239
"@\000" # Uses: 209
"\001\000\000 " # Uses: 134
"\373\000" # Uses: 192
"\377\377\377\377\377\377\377\377" # Uses: 65
"toString" # Uses: 54
"\012\013\000\000" # Uses: 88
"\376\376" # Uses: 99
"\001\000\000@" # Uses: 88
"\377\377\377\377" # Uses: 45
"\306\377\000\000" # Uses: 53
"\377." # Uses: 37
"\002\000" # Uses: 52
"\000\004" # Uses: 20
###### End of recommended dictionary. ######
Done 24914 runs in 4 second(s)
[INFO] Tests run: 2, Failures: 0, Errors: 0, Skipped: 0, Time elapsed: 16.11 s -- in com.example.algorithm2.Algorithm2Test
[INFO] 
[INFO] Results:
[INFO] 
[INFO] Tests run: 2, Failures: 0, Errors: 0, Skipped: 0
[INFO] 
[INFO] 
[INFO] --- jacoco:0.8.11:report (default-cli) @ AlgorithmName2 ---
[INFO] Loading execution data file /tmp/bugrun/jacksoncore_19.BQIS2F/target/jacoco.exec
[INFO] Analyzed bundle 'AlgorithmName2' with 80 classes
[INFO] ------------------------------------------------------------------------
[INFO] BUILD SUCCESS
[INFO] ------------------------------------------------------------------------
[INFO] Total time:  29.511 s
[INFO] Finished at: 2026-10-06T04:30:05+07:00
[INFO] ------------------------------------------------------------------------
