[INFO] Scanning for projects...
[INFO] 
[INFO] ---------------------< com.example:AlgorithmName2 >---------------------
[INFO] Building AlgorithmName2 1.0-SNAPSHOT
[INFO]   from pom.xml
[INFO] --------------------------------[ jar ]---------------------------------
[INFO] 
[INFO] --- jacoco:0.8.11:prepare-agent (default) @ AlgorithmName2 ---
[INFO] argLine set to -javaagent:/home/kanyaphak673380391-3/.m2/repository/org/jacoco/org.jacoco.agent/0.8.11/org.jacoco.agent-0.8.11-runtime.jar=destfile=/tmp/bugrun/lang_34.iWblNw/target/jacoco.exec
[INFO] 
[INFO] --- resources:3.4.0:resources (default-resources) @ AlgorithmName2 ---
[INFO] Copying 1 resource from src/main/resources to target/classes
[INFO] 
[INFO] --- compiler:3.15.0:compile (default-compile) @ AlgorithmName2 ---
[INFO] Recompiling the module because of changed source code.
[INFO] Compiling 1 source file with javac [debug target 1.8] to target/classes
[WARNING] bootstrap class path not set in conjunction with -source 8
[INFO] 
[INFO] --- dependency:3.6.0:unpack-dependencies (unpack-defects4j) @ AlgorithmName2 ---
[INFO] 
[INFO] --- resources:3.4.0:testResources (default-testResources) @ AlgorithmName2 ---
[INFO] skip non existing resourceDirectory /tmp/bugrun/lang_34.iWblNw/src/test/resources
[INFO] 
[INFO] --- compiler:3.15.0:testCompile (default-testCompile) @ AlgorithmName2 ---
[INFO] Recompiling the module because of changed dependency.
[INFO] Compiling 1 source file with javac [debug target 1.8] to target/test-classes
[WARNING] bootstrap class path not set in conjunction with -source 8
[INFO] 
[INFO] --- surefire:3.1.2:test (default-cli) @ AlgorithmName2 ---
[INFO] Using auto detected provider org.apache.maven.surefire.junitplatform.JUnitPlatformProvider
[INFO] 
[INFO] -------------------------------------------------------
[INFO]  T E S T S
[INFO] -------------------------------------------------------
[INFO] Running com.example.algorithm2.Algorithm2Test
OpenJDK 64-Bit Server VM warning: Sharing is only supported for boot loader classes because bootstrap classpath has been appended
INFO: Loaded 289 hooks from com.code_intelligence.jazzer.runtime.TraceCmpHooks
INFO: Loaded 5 hooks from com.code_intelligence.jazzer.runtime.TraceDivHooks
INFO: Loaded 2 hooks from com.code_intelligence.jazzer.runtime.TraceIndirHooks
INFO: Loaded 4 hooks from com.code_intelligence.jazzer.runtime.NativeLibHooks
INFO: Loaded 2 hooks from com.code_intelligence.jazzer.sanitizers.ClojureLangHooks
INFO: Loaded 5 hooks from com.code_intelligence.jazzer.sanitizers.Deserialization
INFO: Loaded 5 hooks from com.code_intelligence.jazzer.sanitizers.ExpressionLanguageInjection
INFO: Loaded 70 hooks from com.code_intelligence.jazzer.sanitizers.LdapInjection
INFO: Loaded 46 hooks from com.code_intelligence.jazzer.sanitizers.NamingContextLookup
INFO: Loaded 1 hooks from com.code_intelligence.jazzer.sanitizers.OsCommandInjection
INFO: Loaded 52 hooks from com.code_intelligence.jazzer.sanitizers.ReflectiveCall
INFO: Loaded 8 hooks from com.code_intelligence.jazzer.sanitizers.RegexInjection
INFO: Loaded 16 hooks from com.code_intelligence.jazzer.sanitizers.RegexRoadblocks
INFO: Loaded 18 hooks from com.code_intelligence.jazzer.sanitizers.ScriptEngineInjection
INFO: Loaded 2 hooks from com.code_intelligence.jazzer.sanitizers.ServerSideRequestForgery
INFO: Loaded 19 hooks from com.code_intelligence.jazzer.sanitizers.SqlInjection
INFO: Loaded 6 hooks from com.code_intelligence.jazzer.sanitizers.XPathInjection
INFO: Instrumented com.example.algorithm2.Algorithm2Test$Skip (took 372 ms, size +44%)
INFO: Instrumented com.example.algorithm2.Algorithm2Test (took 250 ms, size +27%)
INFO: New number of coverage counters: 1024
INFO: New number of coverage counters: 2048
WARN: Some hooks could not be applied to class files built for Java 7 or lower.
                       Ensure that the fuzz target and its dependencies are compiled with
                       -target 8 or higher to identify as many bugs as possible.
INFO: Instrumented org.apache.commons.lang3.StringUtils (took 540 ms, size +32%)
[harness] target=org.apache.commons.lang3.StringUtils factories=1 methods=148
INFO: found LLVMFuzzerCustomMutator (0x70fb76c6fcd0). Disabling -len_control by default.
INFO: Running with entropic power schedule (0xFF, 100).
INFO: Seed: 2611588747
INFO: Loaded 3 modules   (2048 inline 8-bit counters): 512 [0x70fc78b08cc0, 0x70fc78b08ec0), 512 [0x70fc78b08ec0, 0x70fc78b090c0), 1024 [0x70fc78b090c0, 0x70fc78b094c0), 
INFO: Loaded 3 PC tables (2048 PCs): 512 [0x70fc78a880f0,0x70fc78a8a0f0), 512 [0x70fc7874c9f0,0x70fc7874e9f0), 1024 [0x70fc785adf40,0x70fc785b1f40), 
INFO:        0 files found in /tmp/bugrun/lang_34.iWblNw/.cifuzz-corpus/com.example.algorithm2.Algorithm2Test/testParameterizedFuzzer
INFO:        0 files found in /tmp/jazzer-java-seeds7595337388423862298
INFO: -max_len is not provided; libFuzzer will not generate inputs larger than 4096 bytes
INFO: A corpus is not provided, starting from an empty corpus
#2	INITED cov: 30 ft: 30 corp: 1/1b exec/s: 0 rss: 1074Mb
#6	NEW    cov: 32 ft: 32 corp: 2/4b lim: 4 exec/s: 0 rss: 1074Mb L: 3/3 MS: 8 CrossOver-Custom-CopyPart-Custom-CopyPart-Custom-CopyPart-Custom-
INFO: #8	NEW    cov: 40 ft: 40 corp: 3/8b lim: 4 exec/s: 0 rss: 1074Mb L: 4/4 MS: 4 CopyPart-Custom-ChangeByte-Custom-
#9	NEW    cov: 41 ft: 43 corp: 4/9b lim: 4 exec/s: 0 rss: 1074Mb L: 1/4 MS: 2 CrossOver-Custom-
using inputs from: /tmp/bugrun/lang_34.iWblNw/.cifuzz-corpus/com.example.algorithm2.Algorithm2Test/testParameterizedFuzzer
INFO: using inputs from: /tmp/jazzer-java-seeds7595337388423862298
#10	NEW    cov: 44 ft: 46 corp: 5/10b lim: 4 exec/s: 0 rss: 1074Mb L: 1/4 MS: 2 ChangeBit-Custom-
#13	NEW    cov: 46 ft: 48 corp: 6/11b lim: 4 exec/s: 0 rss: 1074Mb L: 1/4 MS: 6 ShuffleBytes-Custom-InsertByte-Custom-CrossOver-Custom-
#14	NEW    cov: 48 ft: 50 corp: 7/12b lim: 4 exec/s: 0 rss: 1074Mb L: 1/4 MS: 2 ChangeBit-Custom-
#16	NEW    cov: 50 ft: 52 corp: 8/15b lim: 4 exec/s: 0 rss: 1074Mb L: 3/4 MS: 4 ChangeBinInt-Custom-CrossOver-Custom-
#20	NEW    cov: 51 ft: 53 corp: 9/19b lim: 4 exec/s: 0 rss: 1074Mb L: 4/4 MS: 8 ChangeBit-Custom-ChangeBit-Custom-ChangeByte-Custom-ChangeBit-Custom-
#21	NEW    cov: 53 ft: 55 corp: 10/20b lim: 4 exec/s: 0 rss: 1074Mb L: 1/4 MS: 2 ChangeByte-Custom-
#24	NEW    cov: 67 ft: 69 corp: 11/23b lim: 4 exec/s: 0 rss: 1074Mb L: 3/4 MS: 6 EraseBytes-Custom-ShuffleBytes-Custom-InsertByte-Custom-
#25	NEW    cov: 73 ft: 75 corp: 12/27b lim: 4 exec/s: 0 rss: 1074Mb L: 4/4 MS: 2 InsertByte-Custom-
#26	NEW    cov: 79 ft: 81 corp: 13/28b lim: 4 exec/s: 0 rss: 1074Mb L: 1/4 MS: 2 ChangeByte-Custom-
#28	NEW    cov: 79 ft: 83 corp: 14/29b lim: 4 exec/s: 0 rss: 1074Mb L: 1/4 MS: 4 ShuffleBytes-Custom-ChangeByte-Custom-
#33	NEW    cov: 80 ft: 84 corp: 15/32b lim: 4 exec/s: 0 rss: 1074Mb L: 3/4 MS: 10 ChangeByte-Custom-CopyPart-Custom-ChangeBinInt-Custom-ChangeByte-Custom-CopyPart-Custom-
#36	NEW    cov: 81 ft: 86 corp: 16/36b lim: 4 exec/s: 0 rss: 1074Mb L: 4/4 MS: 6 CrossOver-Custom-InsertByte-Custom-InsertByte-Custom-
#38	REDUCE cov: 81 ft: 86 corp: 16/35b lim: 4 exec/s: 0 rss: 1074Mb L: 3/4 MS: 4 ChangeByte-Custom-EraseBytes-Custom-
#39	NEW    cov: 83 ft: 88 corp: 17/36b lim: 4 exec/s: 0 rss: 1074Mb L: 1/4 MS: 2 ChangeByte-Custom-
#41	NEW    cov: 85 ft: 90 corp: 18/37b lim: 4 exec/s: 0 rss: 1074Mb L: 1/4 MS: 4 ShuffleBytes-Custom-ChangeBinInt-Custom-
#42	NEW    cov: 88 ft: 93 corp: 19/41b lim: 4 exec/s: 0 rss: 1074Mb L: 4/4 MS: 2 CMP-Custom- DE: "\205\000\000\000"-
#43	NEW    cov: 90 ft: 95 corp: 20/42b lim: 4 exec/s: 0 rss: 1074Mb L: 1/4 MS: 2 ChangeBinInt-Custom-
#50	NEW    cov: 101 ft: 106 corp: 21/46b lim: 4 exec/s: 0 rss: 1074Mb L: 4/4 MS: 4 CrossOver-Custom-ChangeByte-Custom-
#54	NEW    cov: 104 ft: 109 corp: 22/47b lim: 4 exec/s: 0 rss: 1074Mb L: 1/4 MS: 8 CrossOver-Custom-ShuffleBytes-Custom-EraseBytes-Custom-ChangeByte-Custom-
#62	NEW    cov: 108 ft: 113 corp: 23/48b lim: 4 exec/s: 0 rss: 1074Mb L: 1/4 MS: 6 ShuffleBytes-Custom-ChangeBit-Custom-CrossOver-Custom-
#65	NEW    cov: 109 ft: 114 corp: 24/50b lim: 4 exec/s: 0 rss: 1074Mb L: 2/4 MS: 6 CMP-Custom-EraseBytes-Custom-ChangeByte-Custom- DE: "\212\000"-
#66	NEW    cov: 120 ft: 129 corp: 25/52b lim: 4 exec/s: 0 rss: 1074Mb L: 2/4 MS: 2 InsertByte-Custom-
#81	REDUCE cov: 123 ft: 132 corp: 26/54b lim: 4 exec/s: 0 rss: 1074Mb L: 2/4 MS: 10 ChangeBinInt-Custom-CrossOver-Custom-CrossOver-Custom-ShuffleBytes-Custom-ChangeByte-Custom-
INFO: #85	NEW    cov: 124 ft: 133 corp: 27/57b lim: 4 exec/s: 0 rss: 1074Mb L: 3/4 MS: 8 ChangeBit-Custom-ShuffleBytes-Custom-CrossOver-Custom-ShuffleBytes-Custom-
Instrumented org.apache.commons.lang3.ObjectUtils (took 13 ms, size +25%)
INFO: Instrumented org.apache.commons.lang3.ObjectUtils$Null (took 4 ms, size +43%)
#87	NEW    cov: 126 ft: 135 corp: 28/58b lim: 4 exec/s: 0 rss: 1074Mb L: 1/4 MS: 4 ShuffleBytes-Custom-ChangeBit-Custom-
#92	NEW    cov: 126 ft: 136 corp: 29/61b lim: 4 exec/s: 0 rss: 1074Mb L: 3/4 MS: 10 CrossOver-Custom-PersAutoDict-Custom-ShuffleBytes-Custom-EraseBytes-Custom-PersAutoDict-Custom- DE: "\212\000"-"\212\000"-
INFO: Instrumented org.apache.commons.lang3.SystemUtils (took 21 ms, size +22%)
#94	NEW    cov: 128 ft: 138 corp: 30/65b lim: 4 exec/s: 0 rss: 1074Mb L: 4/4 MS: 4 ChangeBit-Custom-ChangeBit-Custom-
#95	NEW    cov: 133 ft: 143 corp: 31/69b lim: 4 exec/s: 0 rss: 1074Mb L: 4/4 MS: 2 ChangeBinInt-Custom-
#96	NEW    cov: 134 ft: 146 corp: 32/70b lim: 4 exec/s: 0 rss: 1074Mb L: 1/4 MS: 2 ChangeBit-Custom-
#99	NEW    cov: 135 ft: 147 corp: 33/71b lim: 4 exec/s: 0 rss: 1074Mb L: 1/4 MS: 6 EraseBytes-Custom-ShuffleBytes-Custom-ChangeByte-Custom-
#100	NEW    cov: 139 ft: 151 corp: 34/72b lim: 4 exec/s: 0 rss: 1074Mb L: 1/4 MS: 2 ChangeBit-Custom-
#104	NEW    cov: 140 ft: 153 corp: 35/75b lim: 4 exec/s: 0 rss: 1074Mb L: 3/4 MS: 8 ChangeBit-Custom-ShuffleBytes-Custom-ShuffleBytes-Custom-CrossOver-Custom-DEDUP_TOKEN: 74bc3a1c5fcaa353

#112	NEW    cov: 142 ft: 155 corp: 36/78b lim: 4 exec/s: 0 rss: 1074Mb L: 3/4 MS: 6 InsertByte-Custom-ShuffleBytes-Custom-InsertByte-Custom-
#115	NEW    cov: 145 ft: 158 corp: 37/79b lim: 4 exec/s: 0 rss: 1074Mb L: 1/4 MS: 6 ShuffleBytes-Custom-CrossOver-Custom-ChangeByte-Custom-
#121	NEW    cov: 148 ft: 161 corp: 38/82b lim: 4 exec/s: 0 rss: 1074Mb L: 3/4 MS: 2 CrossOver-Custom-
#122	NEW    cov: 150 ft: 163 corp: 39/85b lim: 4 exec/s: 0 rss: 1074Mb L: 3/4 MS: 2 CMP-Custom- DE: "\005\000"-
#134	NEW    cov: 150 ft: 164 corp: 40/89b lim: 4 exec/s: 0 rss: 1074Mb L: 4/4 MS: 4 CopyPart-Custom-CrossOver-Custom-
#138	NEW    cov: 153 ft: 167 corp: 41/93b lim: 4 exec/s: 0 rss: 1074Mb L: 4/4 MS: 8 ShuffleBytes-Custom-ChangeByte-Custom-ChangeBit-Custom-ChangeBit-Custom-
#144	NEW    cov: 166 ft: 180 corp: 42/95b lim: 4 exec/s: 0 rss: 1074Mb L: 2/4 MS: 2 InsertByte-Custom-
#153	NEW    cov: 171 ft: 185 corp: 43/99b lim: 4 exec/s: 0 rss: 1074Mb L: 4/4 MS: 8 PersAutoDict-Custom-CopyPart-Custom-PersAutoDict-Custom-ChangeBinInt-Custom- DE: "\212\000"-"\005\000"-
#168	NEW    cov: 172 ft: 186 corp: 44/101b lim: 4 exec/s: 0 rss: 1074Mb L: 2/4 MS: 10 InsertByte-Custom-EraseBytes-Custom-ShuffleBytes-Custom-ShuffleBytes-Custom-InsertByte-Custom-
#173	NEW    cov: 176 ft: 190 corp: 45/103b lim: 4 exec/s: 0 rss: 1074Mb L: 2/4 MS: 10 ChangeBit-Custom-ShuffleBytes-Custom-PersAutoDict-Custom-CopyPart-Custom-CrossOver-Custom- DE: "\212\000"-
#175	NEW    cov: 179 ft: 193 corp: 46/105b lim: 4 exec/s: 0 rss: 1074Mb L: 2/4 MS: 4 ChangeBit-Custom-ChangeBinInt-Custom-
#176	NEW    cov: 183 ft: 197 corp: 47/107b lim: 4 exec/s: 0 rss: 1074Mb L: 2/4 MS: 2 CrossOver-Custom-
#177	NEW    cov: 185 ft: 199 corp: 48/108b lim: 4 exec/s: 0 rss: 1074Mb L: 1/4 MS: 2 ChangeBit-Custom-
#179	NEW    cov: 186 ft: 200 corp: 49/109b lim: 4 exec/s: 0 rss: 1074Mb L: 1/4 MS: 4 ShuffleBytes-Custom-ChangeByte-Custom-
#181	NEW    cov: 188 ft: 202 corp: 50/110b lim: 4 exec/s: 0 rss: 1074Mb L: 1/4 MS: 4 ShuffleBytes-Custom-ChangeBit-Custom-
#182	NEW    cov: 193 ft: 207 corp: 51/111b lim: 4 exec/s: 0 rss: 1074Mb L: 1/4 MS: 2 ChangeByte-Custom-
#188	NEW    cov: 198 ft: 212 corp: 52/114b lim: 4 exec/s: 0 rss: 1074Mb L: 3/4 MS: 2 ChangeBinInt-Custom-
#189	NEW    cov: 199 ft: 213 corp: 53/115b lim: 4 exec/s: 0 rss: 1074Mb L: 1/4 MS: 2 ChangeByte-Custom-
#193	NEW    cov: 202 ft: 216 corp: 54/117b lim: 4 exec/s: 0 rss: 1074Mb L: 2/4 MS: 8 PersAutoDict-Custom-ShuffleBytes-Custom-EraseBytes-Custom-ChangeBit-Custom- DE: "\005\000"-
#196	NEW    cov: 228 ft: 242 corp: 55/121b lim: 4 exec/s: 0 rss: 1077Mb L: 4/4 MS: 6 CrossOver-Custom-ChangeByte-Custom-ChangeBit-Custom-
#197	NEW    cov: 231 ft: 245 corp: 56/123b lim: 4 exec/s: 0 rss: 1077Mb L: 2/4 MS: 2 InsertByte-Custom-
#198	NEW    cov: 231 ft: 246 corp: 57/127b lim: 4 exec/s: 0 rss: 1077Mb L: 4/4 MS: 2 ShuffleBytes-Custom-
#200	NEW    cov: 232 ft: 247 corp: 58/129b lim: 4 exec/s: 0 rss: 1077Mb L: 2/4 MS: 4 PersAutoDict-Custom-EraseBytes-Custom- DE: "\005\000"-
#202	NEW    cov: 238 ft: 257 corp: 59/131b lim: 4 exec/s: 0 rss: 1077Mb L: 2/4 MS: 4 ChangeBinInt-Custom-ChangeBit-Custom-
#204	NEW    cov: 243 ft: 262 corp: 60/134b lim: 4 exec/s: 0 rss: 1077Mb L: 3/4 MS: 4 PersAutoDict-Custom-ChangeBinInt-Custom- DE: "\005\000"-
#205	NEW    cov: 244 ft: 264 corp: 61/135b lim: 4 exec/s: 0 rss: 1077Mb L: 1/4 MS: 2 ChangeByte-Custom-
#212	NEW    cov: 246 ft: 266 corp: 62/136b lim: 4 exec/s: 0 rss: 1077Mb L: 1/4 MS: 4 CrossOver-Custom-ChangeBit-Custom-
MS: 6 ChangeByte-Custom-CopyPart-Custom-EraseBytes-Custom-; base unit: eccfdc2f0c330328b465e0fe33b1b45625a0544e
0x8a,0xf1,
\212\361
artifact_prefix='/tmp/bugrun/lang_34.iWblNw/'; Test unit written to /tmp/bugrun/lang_34.iWblNw/crash-3286ba8311d2fbdb9acec0ca7729fccc40fd2017
Base64: ivE=
Done 215 runs in 0 second(s)
[ERROR] Tests run: 2, Failures: 0, Errors: 1, Skipped: 0, Time elapsed: 12.58 s <<< FAILURE! -- in com.example.algorithm2.Algorithm2Test
[ERROR] com.example.algorithm2.Algorithm2Test.testParameterizedFuzzer(FuzzedDataProvider)[2] -- Time elapsed: 0.305 s <<< ERROR!
java.lang.UnsupportedOperationException: The stripAccents(String) method is not supported until Java 1.6
	at org.apache.commons.lang3.StringUtils.stripAccents(StringUtils.java:672)
	at java.base/jdk.internal.reflect.NativeMethodAccessorImpl.invoke0(Native Method)
	at java.base/jdk.internal.reflect.NativeMethodAccessorImpl.invoke(NativeMethodAccessorImpl.java:62)
	at java.base/jdk.internal.reflect.DelegatingMethodAccessorImpl.invoke(DelegatingMethodAccessorImpl.java:43)
	at java.base/java.lang.reflect.Method.invoke(Method.java:566)
	at com.example.algorithm2.Algorithm2Test.testParameterizedFuzzer(Algorithm2Test.java:226)

[INFO] 
[INFO] Results:
[INFO] 
[ERROR] Errors: 
[ERROR]   Algorithm2Test.testParameterizedFuzzer:226 » UnsupportedOperation The stripAccents(String) method is not supported until Java 1.6
[INFO] 
[ERROR] Tests run: 2, Failures: 0, Errors: 1, Skipped: 0
[INFO] 
[ERROR] 

Please refer to /tmp/bugrun/lang_34.iWblNw/target/surefire-reports for the individual test results.
Please refer to dump files (if any exist) [date].dump, [date]-jvmRun[N].dump and [date].dumpstream.
[INFO] 
[INFO] --- jacoco:0.8.11:report (default-cli) @ AlgorithmName2 ---
[INFO] Loading execution data file /tmp/bugrun/lang_34.iWblNw/target/jacoco.exec
[INFO] Analyzed bundle 'AlgorithmName2' with 120 classes
[INFO] ------------------------------------------------------------------------
[INFO] BUILD SUCCESS
[INFO] ------------------------------------------------------------------------
[INFO] Total time:  23.902 s
[INFO] Finished at: 2026-10-06T02:08:33+07:00
[INFO] ------------------------------------------------------------------------
