[INFO] Scanning for projects...
[INFO] 
[INFO] ---------------------< com.example:AlgorithmName2 >---------------------
[INFO] Building AlgorithmName2 1.0-SNAPSHOT
[INFO]   from pom.xml
[INFO] --------------------------------[ jar ]---------------------------------
[INFO] 
[INFO] --- jacoco:0.8.11:prepare-agent (default) @ AlgorithmName2 ---
[INFO] argLine set to -javaagent:/home/kanyaphak673380391-3/.m2/repository/org/jacoco/org.jacoco.agent/0.8.11/org.jacoco.agent-0.8.11-runtime.jar=destfile=/tmp/bugrun/compress_12.2qykQj/target/jacoco.exec
[INFO] 
[INFO] --- resources:3.4.0:resources (default-resources) @ AlgorithmName2 ---
[INFO] Copying 1 resource from src/main/resources to target/classes
[INFO] 
[INFO] --- compiler:3.15.0:compile (default-compile) @ AlgorithmName2 ---
[INFO] Recompiling the module because of changed source code.
[INFO] Compiling 1 source file with javac [debug target 1.8] to target/classes
[WARNING] bootstrap class path not set in conjunction with -source 8
[INFO] 
[INFO] --- dependency:3.6.0:unpack-dependencies (unpack-defects4j) @ AlgorithmName2 ---
[INFO] 
[INFO] --- resources:3.4.0:testResources (default-testResources) @ AlgorithmName2 ---
[INFO] skip non existing resourceDirectory /tmp/bugrun/compress_12.2qykQj/src/test/resources
[INFO] 
[INFO] --- compiler:3.15.0:testCompile (default-testCompile) @ AlgorithmName2 ---
[INFO] Recompiling the module because of changed dependency.
[INFO] Compiling 1 source file with javac [debug target 1.8] to target/test-classes
[WARNING] bootstrap class path not set in conjunction with -source 8
[INFO] 
[INFO] --- surefire:3.1.2:test (default-cli) @ AlgorithmName2 ---
[INFO] Using auto detected provider org.apache.maven.surefire.junitplatform.JUnitPlatformProvider
[INFO] 
[INFO] -------------------------------------------------------
[INFO]  T E S T S
[INFO] -------------------------------------------------------
[INFO] Running com.example.algorithm2.Algorithm2Test
OpenJDK 64-Bit Server VM warning: Sharing is only supported for boot loader classes because bootstrap classpath has been appended
INFO: Loaded 281 hooks from com.code_intelligence.jazzer.runtime.TraceCmpHooks
INFO: Loaded 5 hooks from com.code_intelligence.jazzer.runtime.TraceDivHooks
INFO: Loaded 2 hooks from com.code_intelligence.jazzer.runtime.TraceIndirHooks
INFO: Loaded 4 hooks from com.code_intelligence.jazzer.runtime.NativeLibHooks
INFO: Loaded 2 hooks from com.code_intelligence.jazzer.sanitizers.ClojureLangHooks
INFO: Loaded 5 hooks from com.code_intelligence.jazzer.sanitizers.Deserialization
INFO: Loaded 5 hooks from com.code_intelligence.jazzer.sanitizers.ExpressionLanguageInjection
INFO: Loaded 70 hooks from com.code_intelligence.jazzer.sanitizers.LdapInjection
INFO: Loaded 46 hooks from com.code_intelligence.jazzer.sanitizers.NamingContextLookup
INFO: Loaded 1 hooks from com.code_intelligence.jazzer.sanitizers.OsCommandInjection
INFO: Loaded 52 hooks from com.code_intelligence.jazzer.sanitizers.ReflectiveCall
INFO: Loaded 8 hooks from com.code_intelligence.jazzer.sanitizers.RegexInjection
INFO: Loaded 16 hooks from com.code_intelligence.jazzer.sanitizers.RegexRoadblocks
INFO: Loaded 18 hooks from com.code_intelligence.jazzer.sanitizers.ScriptEngineInjection
INFO: Loaded 2 hooks from com.code_intelligence.jazzer.sanitizers.ServerSideRequestForgery
INFO: Loaded 19 hooks from com.code_intelligence.jazzer.sanitizers.SqlInjection
INFO: Loaded 6 hooks from com.code_intelligence.jazzer.sanitizers.XPathInjection
INFO: Instrumented com.example.algorithm2.Algorithm2Test$Skip (took 187 ms, size +44%)
INFO: Instrumented com.example.algorithm2.Algorithm2Test (took 219 ms, size +27%)
INFO: Instrumented org.apache.commons.compress.archivers.ArchiveStreamFactory (took 231 ms, size +37%)
INFO: Instrumented org.apache.commons.compress.archivers.ArchiveInputStream (took 65 ms, size +32%)
INFO: New number of coverage counters: 1024
WARN: Some hooks could not be applied to class files built for Java 7 or lower.
                       Ensure that the fuzz target and its dependencies are compiled with
                       -target 8 or higher to identify as many bugs as possible.
INFO: Instrumented org.apache.commons.compress.archivers.ar.ArArchiveInputStream (took 101 ms, size +26%)
INFO: Instrumented org.apache.commons.compress.archivers.zip.ZipArchiveInputStream (took 125 ms, size +17%)
INFO: New number of coverage counters: 2048
INFO: Instrumented org.apache.commons.compress.archivers.tar.TarArchiveInputStream (took 60 ms, size +25%)
INFO: Instrumented org.apache.commons.compress.archivers.jar.JarArchiveInputStream (took 4 ms, size +26%)
INFO: Instrumented org.apache.commons.compress.archivers.cpio.CpioArchiveInputStream (took 50 ms, size +30%)
INFO: Instrumented org.apache.commons.compress.archivers.cpio.CpioConstants (took 1 ms, size +0%)
INFO: Instrumented org.apache.commons.compress.archivers.dump.DumpArchiveInputStream (took 60 ms, size +25%)
INFO: Instrumented org.apache.commons.compress.archivers.ArchiveException (took 25 ms, size +38%)
INFO: Instrumented org.apache.commons.compress.archivers.ArchiveOutputStream (took 48 ms, size +28%)
INFO: Instrumented org.apache.commons.compress.archivers.ar.ArArchiveOutputStream (took 21 ms, size +24%)
INFO: New number of coverage counters: 4096
INFO: Instrumented org.apache.commons.compress.archivers.zip.ZipArchiveOutputStream (took 148 ms, size +18%)
INFO: Instrumented org.apache.commons.compress.archivers.tar.TarArchiveOutputStream (took 70 ms, size +16%)
INFO: Instrumented org.apache.commons.compress.archivers.jar.JarArchiveOutputStream (took 15 ms, size +36%)
INFO: Instrumented org.apache.commons.compress.archivers.cpio.CpioArchiveOutputStream (took 76 ms, size +23%)
[harness] target=org.apache.commons.compress.archivers.ArchiveStreamFactory factories=1 methods=3
INFO: using inputs from: /tmp/bugrun/compress_12.2qykQj/.cifuzz-corpus/com.example.algorithm2.Algorithm2Test/testParameterizedFuzzer
INFO: using inputs from: /tmp/jazzer-java-seeds5883717589312937635
INFO: found LLVMFuzzerCustomMutator (0x78f1de56ecd0). Disabling -len_control by default.
INFO: Running with entropic power schedule (0xFF, 100).
INFO: Seed: 571635488
INFO: Loaded 4 modules   (4096 inline 8-bit counters): 512 [0x78f2c8c626c0, 0x78f2c8c628c0), 512 [0x78f2c8c628c0, 0x78f2c8c62ac0), 1024 [0x78f2c8c62ac0, 0x78f2c8c62ec0), 2048 [0x78f2c8c62ec0, 0x78f2c8c636c0), 
INFO: Loaded 4 PC tables (4096 PCs): 512 [0x78f2c8a82b00,0x78f2c8a84b00), 512 [0x78f2c8a643d0,0x78f2c8a663d0), 1024 [0x78f2c88b8a20,0x78f2c88bca20), 2048 [0x78f2c8648080,0x78f2c8650080), 
INFO:        0 files found in /tmp/bugrun/compress_12.2qykQj/.cifuzz-corpus/com.example.algorithm2.Algorithm2Test/testParameterizedFuzzer
INFO:        0 files found in /tmp/jazzer-java-seeds5883717589312937635
INFO: -max_len is not provided; libFuzzer will not generate inputs larger than 4096 bytes
INFO: A corpus is not provided, starting from an empty corpus
INFO: Instrumented org.apache.commons.compress.archivers.zip.UnsupportedZipFeatureException (took 31 ms, size +21%)
INFO: Instrumented org.apache.commons.compress.archivers.ArchiveEntry (took 0 ms, size +0%)
INFO: Instrumented org.apache.commons.compress.archivers.zip.ZipLong (took 53 ms, size +21%)
#2	INITED cov: 116 ft: 116 corp: 1/1b exec/s: 0 rss: 891Mb
#3	NEW    cov: 120 ft: 122 corp: 2/2b lim: 4 exec/s: 0 rss: 891Mb L: 1/1 MS: 2 ChangeByte-Custom-
#4	NEW    cov: 123 ft: 133 corp: 3/3b lim: 4 exec/s: 0 rss: 891Mb L: 1/1 MS: 2 ChangeBit-Custom-
#5	NEW    cov: 123 ft: 134 corp: 4/4b lim: 4 exec/s: 0 rss: 891Mb L: 1/1 MS: 2 ChangeByte-Custom-
INFO: Instrumented org.apache.commons.compress.archivers.zip.Zip64RequiredException (took 3 ms, size +27%)
INFO: Instrumented org.apache.commons.compress.archivers.zip.ZipExtraField (took 5 ms, size +0%)
INFO: Instrumented org.apache.commons.compress.archivers.dump.UnrecognizedFormatException (took 16 ms, size +43%)
INFO: Instrumented org.apache.commons.compress.archivers.dump.DumpArchiveException (took 4 ms, size +34%)
INFO: Instrumented org.apache.commons.compress.archivers.dump.InvalidFormatException (took 11 ms, size +30%)
INFO: Instrumented org.apache.commons.compress.archivers.tar.TarArchiveInputStream$1 (took 7 ms, size +30%)
#224	NEW    cov: 128 ft: 141 corp: 5/9b lim: 6 exec/s: 0 rss: 895Mb L: 5/5 MS: 8 CopyPart-Custom-InsertRepeatedBytes-Custom-EraseBytes-Custom-CrossOver-Custom-
#444	NEW    cov: 131 ft: 144 corp: 6/17b lim: 8 exec/s: 0 rss: 896Mb L: 8/8 MS: 10 EraseBytes-Custom-ChangeByte-Custom-ChangeByte-Custom-InsertByte-Custom-InsertRepeatedBytes-Custom-
#756	NEW    cov: 132 ft: 145 corp: 7/28b lim: 11 exec/s: 0 rss: 896Mb L: 11/11 MS: 4 ChangeBinInt-Custom-CMP-Custom- DE: "2\002("-
#789	REDUCE cov: 132 ft: 145 corp: 7/27b lim: 11 exec/s: 0 rss: 896Mb L: 10/10 MS: 6 ShuffleBytes-Custom-EraseBytes-Custom-PersAutoDict-Custom- DE: "2\002("-
#794	NEW    cov: 133 ft: 146 corp: 8/38b lim: 11 exec/s: 0 rss: 896Mb L: 11/11 MS: 10 InsertRepeatedBytes-Custom-EraseBytes-Custom-CopyPart-Custom-PersAutoDict-Custom-CMP-Custom- DE: "2\002("-"P\000"-
#807	REDUCE cov: 133 ft: 146 corp: 8/37b lim: 11 exec/s: 0 rss: 896Mb L: 9/11 MS: 6 ShuffleBytes-Custom-ChangeBit-Custom-EraseBytes-Custom-
#853	REDUCE cov: 133 ft: 146 corp: 8/36b lim: 11 exec/s: 0 rss: 896Mb L: 10/10 MS: 2 EraseBytes-Custom-
#924	REDUCE cov: 133 ft: 146 corp: 8/33b lim: 11 exec/s: 0 rss: 896Mb L: 7/9 MS: 2 EraseBytes-Custom-
#961	REDUCE cov: 133 ft: 146 corp: 8/32b lim: 11 exec/s: 0 rss: 896Mb L: 7/9 MS: 4 ChangeByte-Custom-EraseBytes-Custom-
#1037	REDUCE cov: 133 ft: 146 corp: 8/30b lim: 11 exec/s: 1037 rss: 898Mb L: 5/9 MS: 2 EraseBytes-Custom-
#1103	REDUCE cov: 133 ft: 147 corp: 9/35b lim: 11 exec/s: 1103 rss: 903Mb L: 5/9 MS: 2 CrossOver-Custom-
#2061	NEW    cov: 133 ft: 150 corp: 10/46b lim: 17 exec/s: 2061 rss: 964Mb L: 11/11 MS: 6 InsertRepeatedBytes-Custom-ChangeByte-Custom-ChangeBinInt-Custom-
#2155	REDUCE cov: 133 ft: 150 corp: 10/44b lim: 17 exec/s: 2155 rss: 970Mb L: 9/9 MS: 8 ShuffleBytes-Custom-ChangeByte-Custom-ChangeByte-Custom-EraseBytes-Custom-
#2247	REDUCE cov: 133 ft: 153 corp: 11/56b lim: 17 exec/s: 2247 rss: 971Mb L: 12/12 MS: 4 InsertRepeatedBytes-Custom-ShuffleBytes-Custom-
#2269	REDUCE cov: 133 ft: 153 corp: 11/55b lim: 17 exec/s: 2269 rss: 971Mb L: 11/11 MS: 4 CopyPart-Custom-EraseBytes-Custom-
#3140	REDUCE cov: 133 ft: 156 corp: 12/70b lim: 25 exec/s: 3140 rss: 980Mb L: 15/15 MS: 2 CopyPart-Custom-
#3200	NEW    cov: 133 ft: 159 corp: 13/92b lim: 25 exec/s: 3200 rss: 980Mb L: 22/22 MS: 10 ShuffleBytes-Custom-InsertByte-Custom-InsertByte-Custom-ShuffleBytes-Custom-CopyPart-Custom-
#3405	NEW    cov: 134 ft: 160 corp: 14/114b lim: 25 exec/s: 3405 rss: 980Mb L: 22/22 MS: 10 ChangeBit-Custom-ChangeByte-Custom-ShuffleBytes-Custom-ChangeByte-Custom-InsertRepeatedBytes-Custom-
#3406	REDUCE cov: 134 ft: 160 corp: 14/111b lim: 25 exec/s: 3406 rss: 980Mb L: 6/22 MS: 2 EraseBytes-Custom-
#3463	REDUCE cov: 134 ft: 160 corp: 14/105b lim: 25 exec/s: 3463 rss: 980Mb L: 16/22 MS: 4 CrossOver-Custom-EraseBytes-Custom-
#3552	REDUCE cov: 134 ft: 160 corp: 14/103b lim: 25 exec/s: 3552 rss: 980Mb L: 14/22 MS: 8 ShuffleBytes-Custom-CopyPart-Custom-CopyPart-Custom-EraseBytes-Custom-
#3658	REDUCE cov: 134 ft: 160 corp: 14/102b lim: 25 exec/s: 3658 rss: 980Mb L: 21/21 MS: 2 EraseBytes-Custom-
#3750	REDUCE cov: 134 ft: 160 corp: 14/99b lim: 25 exec/s: 3750 rss: 980Mb L: 11/21 MS: 4 ChangeBinInt-Custom-EraseBytes-Custom-
#4211	REDUCE cov: 134 ft: 160 corp: 14/98b lim: 29 exec/s: 4211 rss: 980Mb L: 10/21 MS: 2 EraseBytes-Custom-
#4459	REDUCE cov: 134 ft: 163 corp: 15/123b lim: 29 exec/s: 2229 rss: 980Mb L: 25/25 MS: 6 ShuffleBytes-Custom-ShuffleBytes-Custom-InsertRepeatedBytes-Custom-
INFO: Instrumented org.apache.commons.compress.utils.CountingOutputStream (took 8 ms, size +37%)
#4590	REDUCE cov: 162 ft: 202 corp: 16/134b lim: 29 exec/s: 2295 rss: 980Mb L: 11/25 MS: 2 CMP-Custom- DE: "tar"-
INFO: Instrumented org.apache.commons.compress.archivers.tar.TarBuffer (took 27 ms, size +21%)
#4701	NEW    cov: 164 ft: 206 corp: 17/145b lim: 29 exec/s: 2350 rss: 980Mb L: 11/25 MS: 2 CopyPart-Custom-
#4712	NEW    cov: 172 ft: 214 corp: 18/159b lim: 29 exec/s: 2356 rss: 980Mb L: 14/25 MS: 2 CrossOver-Custom-
#4783	NEW    cov: 173 ft: 215 corp: 19/170b lim: 29 exec/s: 2391 rss: 980Mb L: 11/25 MS: 2 EraseBytes-Custom-
#5103	NEW    cov: 179 ft: 221 corp: 20/187b lim: 29 exec/s: 2551 rss: 983Mb L: 17/25 MS: 10 InsertRepeatedBytes-Custom-EraseBytes-Custom-ChangeBit-Custom-ChangeBit-Custom-ChangeByte-Custom-
#5174	NEW    cov: 190 ft: 234 corp: 21/199b lim: 29 exec/s: 2587 rss: 983Mb L: 12/25 MS: 2 InsertByte-Custom-
#5177	REDUCE cov: 191 ft: 235 corp: 22/223b lim: 29 exec/s: 2588 rss: 983Mb L: 24/25 MS: 6 ChangeBinInt-Custom-PersAutoDict-Custom-CrossOver-Custom- DE: "tar"-
#5203	REDUCE cov: 191 ft: 235 corp: 22/222b lim: 29 exec/s: 2601 rss: 983Mb L: 9/25 MS: 2 EraseBytes-Custom-
#5204	REDUCE cov: 191 ft: 235 corp: 22/219b lim: 29 exec/s: 2602 rss: 983Mb L: 9/25 MS: 2 EraseBytes-Custom-
#5392	REDUCE cov: 191 ft: 235 corp: 22/215b lim: 29 exec/s: 2696 rss: 986Mb L: 7/25 MS: 6 ChangeBinInt-Custom-PersAutoDict-Custom-EraseBytes-Custom- DE: "2\002("-
#5518	REDUCE cov: 191 ft: 235 corp: 22/212b lim: 29 exec/s: 2759 rss: 987Mb L: 4/25 MS: 2 EraseBytes-Custom-
#5729	REDUCE cov: 191 ft: 235 corp: 22/210b lim: 29 exec/s: 2864 rss: 1006Mb L: 9/25 MS: 2 EraseBytes-Custom-
#5780	REDUCE cov: 192 ft: 236 corp: 23/217b lim: 29 exec/s: 2890 rss: 1006Mb L: 7/25 MS: 2 ChangeByte-Custom-
#6493	NEW    cov: 192 ft: 239 corp: 24/250b lim: 33 exec/s: 3246 rss: 1012Mb L: 33/33 MS: 6 ChangeByte-Custom-ChangeBit-Custom-CopyPart-Custom-
#6499	REDUCE cov: 192 ft: 239 corp: 24/241b lim: 33 exec/s: 3249 rss: 1012Mb L: 15/33 MS: 2 EraseBytes-Custom-
#6578	REDUCE cov: 197 ft: 244 corp: 25/274b lim: 33 exec/s: 3289 rss: 1012Mb L: 33/33 MS: 8 InsertRepeatedBytes-Custom-InsertByte-Custom-ShuffleBytes-Custom-CMP-Custom- DE: "\004\000\000\000"-
#6585	REDUCE cov: 197 ft: 244 corp: 25/271b lim: 33 exec/s: 3292 rss: 1012Mb L: 6/33 MS: 4 ChangeByte-Custom-EraseBytes-Custom-
#6686	REDUCE cov: 197 ft: 244 corp: 25/270b lim: 33 exec/s: 3343 rss: 1012Mb L: 32/33 MS: 2 EraseBytes-Custom-
#6782	NEW    cov: 198 ft: 245 corp: 26/303b lim: 33 exec/s: 3391 rss: 1012Mb L: 33/33 MS: 2 CrossOver-Custom-
INFO: Instrumented org.apache.commons.compress.archivers.dump.DumpArchiveUtil (took 4 ms, size +26%)
#6988	REDUCE cov: 198 ft: 248 corp: 27/336b lim: 33 exec/s: 3494 rss: 1017Mb L: 33/33 MS: 2 CrossOver-Custom-
#7057	NEW    cov: 198 ft: 259 corp: 28/365b lim: 33 exec/s: 3528 rss: 1017Mb L: 29/33 MS: 8 ChangeBinInt-Custom-CrossOver-Custom-CopyPart-Custom-CopyPart-Custom-
#7354	REDUCE cov: 198 ft: 259 corp: 28/364b lim: 33 exec/s: 3677 rss: 1017Mb L: 32/33 MS: 4 EraseBytes-Custom-CrossOver-Custom-
#7428	REDUCE cov: 198 ft: 259 corp: 28/363b lim: 33 exec/s: 3714 rss: 1017Mb L: 31/33 MS: 8 ChangeBit-Custom-ChangeByte-Custom-PersAutoDict-Custom-EraseBytes-Custom- DE: "tar"-
#7742	REDUCE cov: 198 ft: 259 corp: 28/362b lim: 33 exec/s: 3871 rss: 1017Mb L: 8/33 MS: 8 EraseBytes-Custom-InsertByte-Custom-ShuffleBytes-Custom-ShuffleBytes-Custom-
INFO: Instrumented org.apache.commons.compress.archivers.zip.ZipArchiveInputStream$Buffer (took 16 ms, size +18%)
INFO: Instrumented org.apache.commons.compress.archivers.zip.ZipEncodingHelper (took 30 ms, size +21%)
INFO: Instrumented org.apache.commons.compress.archivers.zip.ZipEncoding (took 0 ms, size +0%)
#8005	REDUCE cov: 252 ft: 314 corp: 29/369b lim: 33 exec/s: 2668 rss: 1017Mb L: 7/33 MS: 6 ChangeBinInt-Custom-PersAutoDict-Custom-CMP-Custom- DE: "P\000"-"zip"-
#8081	NEW    cov: 252 ft: 316 corp: 30/394b lim: 33 exec/s: 2693 rss: 1020Mb L: 25/33 MS: 2 InsertRepeatedBytes-Custom-
#8192	pulse  cov: 252 ft: 316 corp: 30/394b lim: 33 exec/s: 2730 rss: 1022Mb
#8288	REDUCE cov: 252 ft: 316 corp: 30/393b lim: 33 exec/s: 2762 rss: 1022Mb L: 24/33 MS: 4 InsertRepeatedBytes-Custom-CrossOver-Custom-
INFO: Instrumented org.apache.commons.compress.archivers.zip.ZipEncodingHelper$SimpleEncodingHolder (took 12 ms, size +33%)
INFO: Instrumented org.apache.commons.compress.archivers.zip.FallbackZipEncoding (took 3 ms, size +28%)
#8444	NEW    cov: 280 ft: 344 corp: 31/400b lim: 33 exec/s: 2814 rss: 1022Mb L: 7/33 MS: 2 CrossOver-Custom-
#8588	REDUCE cov: 284 ft: 348 corp: 32/405b lim: 33 exec/s: 2862 rss: 1022Mb L: 5/33 MS: 8 ShuffleBytes-Custom-ChangeBinInt-Custom-CrossOver-Custom-CMP-Custom- DE: "cpio"-
#8789	REDUCE cov: 284 ft: 348 corp: 32/403b lim: 33 exec/s: 2929 rss: 1022Mb L: 13/33 MS: 2 EraseBytes-Custom-
INFO: Instrumented org.apache.commons.compress.archivers.zip.ZipArchiveOutputStream$UnicodeExtraFieldPolicy (took 3 ms, size +33%)
INFO: Instrumented org.apache.commons.compress.archivers.zip.Zip64Mode (took 3 ms, size +29%)
#8900	REDUCE cov: 284 ft: 348 corp: 32/392b lim: 33 exec/s: 2966 rss: 1022Mb L: 13/33 MS: 2 EraseBytes-Custom-
#9273	REDUCE cov: 284 ft: 348 corp: 32/391b lim: 33 exec/s: 3091 rss: 1023Mb L: 20/33 MS: 6 ChangeBinInt-Custom-CMP-Custom-EraseBytes-Custom- DE: "\010\000"-
#9330	NEW    cov: 284 ft: 374 corp: 33/423b lim: 33 exec/s: 3110 rss: 1023Mb L: 32/33 MS: 4 CopyPart-Custom-CopyPart-Custom-
#9371	REDUCE cov: 284 ft: 374 corp: 33/420b lim: 33 exec/s: 3123 rss: 1023Mb L: 29/33 MS: 2 EraseBytes-Custom-
#9579	REDUCE cov: 296 ft: 386 corp: 34/436b lim: 33 exec/s: 3193 rss: 1023Mb L: 16/33 MS: 6 CopyPart-Custom-CMP-Custom-PersAutoDict-Custom- DE: "\377\377\377\377\377\377\377\377"-"cpio"-
#9590	NEW    cov: 296 ft: 387 corp: 35/452b lim: 33 exec/s: 3196 rss: 1023Mb L: 16/33 MS: 2 ShuffleBytes-Custom-
#9805	REDUCE cov: 296 ft: 387 corp: 35/450b lim: 33 exec/s: 3268 rss: 1023Mb L: 18/33 MS: 10 CrossOver-Custom-InsertRepeatedBytes-Custom-ChangeBinInt-Custom-CopyPart-Custom-EraseBytes-Custom-
#10196	REDUCE cov: 296 ft: 387 corp: 35/449b lim: 33 exec/s: 3398 rss: 1023Mb L: 12/33 MS: 2 EraseBytes-Custom-
#10198	REDUCE cov: 296 ft: 387 corp: 35/446b lim: 33 exec/s: 3399 rss: 1023Mb L: 13/33 MS: 4 InsertRepeatedBytes-Custom-EraseBytes-Custom-
#10710	NEW    cov: 296 ft: 420 corp: 36/482b lim: 38 exec/s: 3570 rss: 1024Mb L: 36/36 MS: 4 ChangeByte-Custom-PersAutoDict-Custom- DE: "zip"-
#10722	NEW    cov: 296 ft: 425 corp: 37/520b lim: 38 exec/s: 3574 rss: 1024Mb L: 38/38 MS: 4 ChangeBit-Custom-InsertRepeatedBytes-Custom-
#10948	REDUCE cov: 296 ft: 425 corp: 37/515b lim: 38 exec/s: 3649 rss: 1024Mb L: 26/38 MS: 2 EraseBytes-Custom-
#11091	REDUCE cov: 296 ft: 431 corp: 38/553b lim: 38 exec/s: 3697 rss: 1024Mb L: 38/38 MS: 6 InsertByte-Custom-InsertRepeatedBytes-Custom-CrossOver-Custom-
#11222	REDUCE cov: 296 ft: 431 corp: 38/550b lim: 38 exec/s: 3740 rss: 1024Mb L: 10/38 MS: 2 EraseBytes-Custom-
#11535	REDUCE cov: 296 ft: 431 corp: 38/544b lim: 38 exec/s: 3845 rss: 1024Mb L: 4/38 MS: 6 ChangeBit-Custom-ChangeBinInt-Custom-CrossOver-Custom-
#11822	REDUCE cov: 296 ft: 431 corp: 38/543b lim: 38 exec/s: 3940 rss: 1024Mb L: 11/38 MS: 4 CopyPart-Custom-EraseBytes-Custom-
#11922	REDUCE cov: 296 ft: 431 corp: 38/542b lim: 38 exec/s: 3974 rss: 1024Mb L: 35/38 MS: 10 ChangeBinInt-Custom-PersAutoDict-Custom-InsertByte-Custom-EraseBytes-Custom-EraseBytes-Custom- DE: "P\000"-
#11993	REDUCE cov: 296 ft: 431 corp: 38/538b lim: 38 exec/s: 3997 rss: 1024Mb L: 9/38 MS: 2 EraseBytes-Custom-
#12018	DONE   cov: 296 ft: 431 corp: 38/538b lim: 38 exec/s: 3004 rss: 1024Mb
###### Recommended dictionary. ######
"2\002(" # Uses: 295
"P\000" # Uses: 310
"tar" # Uses: 155
"\004\000\000\000" # Uses: 70
"zip" # Uses: 54
"cpio" # Uses: 39
"\010\000" # Uses: 26
"\377\377\377\377\377\377\377\377" # Uses: 27
###### End of recommended dictionary. ######
Done 12018 runs in 4 second(s)
[INFO] Tests run: 2, Failures: 0, Errors: 0, Skipped: 0, Time elapsed: 16.28 s -- in com.example.algorithm2.Algorithm2Test
[INFO] 
[INFO] Results:
[INFO] 
[INFO] Tests run: 2, Failures: 0, Errors: 0, Skipped: 0
[INFO] 
[INFO] 
[INFO] --- jacoco:0.8.11:report (default-cli) @ AlgorithmName2 ---
[INFO] Loading execution data file /tmp/bugrun/compress_12.2qykQj/target/jacoco.exec
[INFO] Analyzed bundle 'AlgorithmName2' with 115 classes
[INFO] ------------------------------------------------------------------------
[INFO] BUILD SUCCESS
[INFO] ------------------------------------------------------------------------
[INFO] Total time:  29.522 s
[INFO] Finished at: 2026-10-06T02:46:12+07:00
[INFO] ------------------------------------------------------------------------
