[INFO] Scanning for projects...
[INFO] 
[INFO] ---------------------< com.example:AlgorithmName2 >---------------------
[INFO] Building AlgorithmName2 1.0-SNAPSHOT
[INFO]   from pom.xml
[INFO] --------------------------------[ jar ]---------------------------------
[INFO] 
[INFO] --- jacoco:0.8.11:prepare-agent (default) @ AlgorithmName2 ---
[INFO] argLine set to -javaagent:/home/kanyaphak673380391-3/.m2/repository/org/jacoco/org.jacoco.agent/0.8.11/org.jacoco.agent-0.8.11-runtime.jar=destfile=/tmp/bugrun/lang_51.zKzoAE/target/jacoco.exec
[INFO] 
[INFO] --- resources:3.4.0:resources (default-resources) @ AlgorithmName2 ---
[INFO] Copying 1 resource from src/main/resources to target/classes
[INFO] 
[INFO] --- compiler:3.15.0:compile (default-compile) @ AlgorithmName2 ---
[INFO] Recompiling the module because of changed source code.
[INFO] Compiling 1 source file with javac [debug target 1.8] to target/classes
[WARNING] bootstrap class path not set in conjunction with -source 8
[INFO] 
[INFO] --- dependency:3.6.0:unpack-dependencies (unpack-defects4j) @ AlgorithmName2 ---
[INFO] 
[INFO] --- resources:3.4.0:testResources (default-testResources) @ AlgorithmName2 ---
[INFO] skip non existing resourceDirectory /tmp/bugrun/lang_51.zKzoAE/src/test/resources
[INFO] 
[INFO] --- compiler:3.15.0:testCompile (default-testCompile) @ AlgorithmName2 ---
[INFO] Recompiling the module because of changed dependency.
[INFO] Compiling 1 source file with javac [debug target 1.8] to target/test-classes
[WARNING] bootstrap class path not set in conjunction with -source 8
[INFO] 
[INFO] --- surefire:3.1.2:test (default-cli) @ AlgorithmName2 ---
[INFO] Using auto detected provider org.apache.maven.surefire.junitplatform.JUnitPlatformProvider
[INFO] 
[INFO] -------------------------------------------------------
[INFO]  T E S T S
[INFO] -------------------------------------------------------
[INFO] Running com.example.algorithm2.Algorithm2Test
OpenJDK 64-Bit Server VM warning: Sharing is only supported for boot loader classes because bootstrap classpath has been appended
INFO: Loaded 288 hooks from com.code_intelligence.jazzer.runtime.TraceCmpHooks
INFO: Loaded 5 hooks from com.code_intelligence.jazzer.runtime.TraceDivHooks
INFO: Loaded 2 hooks from com.code_intelligence.jazzer.runtime.TraceIndirHooks
INFO: Loaded 4 hooks from com.code_intelligence.jazzer.runtime.NativeLibHooks
INFO: Loaded 2 hooks from com.code_intelligence.jazzer.sanitizers.ClojureLangHooks
INFO: Loaded 5 hooks from com.code_intelligence.jazzer.sanitizers.Deserialization
INFO: Loaded 5 hooks from com.code_intelligence.jazzer.sanitizers.ExpressionLanguageInjection
INFO: Loaded 70 hooks from com.code_intelligence.jazzer.sanitizers.LdapInjection
INFO: Loaded 46 hooks from com.code_intelligence.jazzer.sanitizers.NamingContextLookup
INFO: Loaded 1 hooks from com.code_intelligence.jazzer.sanitizers.OsCommandInjection
INFO: Loaded 52 hooks from com.code_intelligence.jazzer.sanitizers.ReflectiveCall
INFO: Loaded 8 hooks from com.code_intelligence.jazzer.sanitizers.RegexInjection
INFO: Loaded 16 hooks from com.code_intelligence.jazzer.sanitizers.RegexRoadblocks
INFO: Loaded 18 hooks from com.code_intelligence.jazzer.sanitizers.ScriptEngineInjection
INFO: Loaded 2 hooks from com.code_intelligence.jazzer.sanitizers.ServerSideRequestForgery
INFO: Loaded 19 hooks from com.code_intelligence.jazzer.sanitizers.SqlInjection
INFO: Loaded 6 hooks from com.code_intelligence.jazzer.sanitizers.XPathInjection
INFO: Instrumented com.example.algorithm2.Algorithm2Test$Skip (took 122 ms, size +44%)
INFO: Instrumented com.example.algorithm2.Algorithm2Test (took 131 ms, size +27%)
INFO: New number of coverage counters: 1024
INFO: New number of coverage counters: 2048
INFO: Instrumented org.apache.commons.lang.StringUtils (took 376 ms, size +33%)
[harness] Fallback target loaded: org.apache.commons.lang.StringUtils (original was org.apache.commons.lang3.StringUtils)
[harness] target=org.apache.commons.lang.StringUtils factories=1 methods=141
INFO: Instrumented org.apache.commons.lang.StringEscapeUtils (took 25 ms, size +20%)
INFO: Instrumented org.apache.commons.lang.exception.NestableRuntimeException (took 18 ms, size +22%)
INFO: Instrumented org.apache.commons.lang.exception.Nestable (took 0 ms, size +0%)
INFO: found LLVMFuzzerCustomMutator (0x7243dd23acd0). Disabling -len_control by default.
INFO: Running with entropic power schedule (0xFF, 100).
INFO: Seed: 189955930
INFO: Loaded 3 modules   (2048 inline 8-bit counters): 512 [0x72447cd27070, 0x72447cd27270), 512 [0x72447cd27270, 0x72447cd27470), 1024 [0x72447cd27470, 0x72447cd27870), 
INFO: Loaded 3 PC tables (2048 PCs): 512 [0x72447cbf2d90,0x72447cbf4d90), 512 [0x72447c83e1c0,0x72447c8401c0), 1024 [0x72447c4ed400,0x72447c4f1400), 
INFO:        0 files found in /tmp/bugrun/lang_51.zKzoAE/.cifuzz-corpus/com.example.algorithm2.Algorithm2Test/testParameterizedFuzzer
INFO:        0 files found in /tmp/jazzer-java-seeds8377351375999012431
INFO: -max_len is not provided; libFuzzer will not generate inputs larger than 4096 bytes
INFO: A corpus is not provided, starting from an empty corpus
#2	INITED cov: 35 ft: 35 corp: 1/1b exec/s: 0 rss: 827Mb
#7	NEW    cov: 41 ft: 41 corp: 2/2b lim: 4 exec/s: 0 rss: 827Mb L: 1/1 MS: 10 CopyPart-Custom-CrossOver-Custom-ChangeBit-Custom-CrossOver-Custom-EraseBytes-Custom-
#11	NEW    cov: 48 ft: 48 corp: 3/3b lim: 4 exec/s: 0 rss: 827Mb L: 1/1 MS: 8 CopyPart-Custom-CopyPart-Custom-ShuffleBytes-Custom-ChangeBinInt-Custom-
#12	NEW    cov: 51 ft: 51 corp: 4/5b lim: 4 exec/s: 0 rss: 827Mb L: 2/2 MS: 2 InsertByte-Custom-
#13	NEW    cov: 58 ft: 58 corp: 5/7b lim: 4 exec/s: 0 rss: 827Mb L: 2/2 MS: 2 ChangeASCIIInt-Custom-
#17	NEW    cov: 60 ft: 60 corp: 6/9b lim: 4 exec/s: 0 rss: 827Mb L: 2/2 MS: 8 ChangeBit-Custom-ChangeByte-Custom-CrossOver-Custom-ChangeBit-Custom-
#19	NEW    cov: 64 ft: 64 corp: 7/12b lim: 4 exec/s: 0 rss: 827Mb L: 3/3 MS: 4 ChangeBit-Custom-InsertByte-Custom-
INFO: using inputs from: /tmp/bugrun/lang_51.zKzoAE/.cifuzz-corpus/com.example.algorithm2.Algorithm2Test/testParameterizedFuzzer
#21	NEW    cov: 68 ft: 70 corp: 8/13b lim: 4 exec/s: 0 rss: 827Mb L: 1/3 MS: 4 ShuffleBytes-Custom-ChangeByte-Custom-
INFO: using inputs from: /tmp/jazzer-java-seeds8377351375999012431
#22	NEW    cov: 81 ft: 83 corp: 9/15b lim: 4 exec/s: 0 rss: 827Mb L: 2/3 MS: 2 InsertByte-Custom-
#25	NEW    cov: 83 ft: 85 corp: 10/17b lim: 4 exec/s: 0 rss: 827Mb L: 2/3 MS: 6 ChangeBit-Custom-InsertByte-Custom-EraseBytes-Custom-
#26	NEW    cov: 85 ft: 87 corp: 11/18b lim: 4 exec/s: 0 rss: 827Mb L: 1/3 MS: 2 ChangeBit-Custom-
#27	NEW    cov: 87 ft: 89 corp: 12/20b lim: 4 exec/s: 0 rss: 827Mb L: 2/3 MS: 2 InsertByte-Custom-
#31	NEW    cov: 89 ft: 91 corp: 13/23b lim: 4 exec/s: 0 rss: 827Mb L: 3/3 MS: 8 InsertByte-Custom-ChangeByte-Custom-ChangeBinInt-Custom-InsertByte-Custom-
#32	NEW    cov: 92 ft: 94 corp: 14/24b lim: 4 exec/s: 0 rss: 827Mb L: 1/3 MS: 2 ChangeByte-Custom-
#35	NEW    cov: 95 ft: 97 corp: 15/25b lim: 4 exec/s: 0 rss: 827Mb L: 1/3 MS: 6 CopyPart-Custom-CopyPart-Custom-ChangeBit-Custom-
#36	NEW    cov: 102 ft: 104 corp: 16/28b lim: 4 exec/s: 0 rss: 827Mb L: 3/3 MS: 2 CrossOver-Custom-
#37	NEW    cov: 104 ft: 106 corp: 17/29b lim: 4 exec/s: 0 rss: 827Mb L: 1/3 MS: 2 ChangeBinInt-Custom-
#42	NEW    cov: 107 ft: 109 corp: 18/31b lim: 4 exec/s: 0 rss: 827Mb L: 2/3 MS: 10 ChangeByte-Custom-ChangeBit-Custom-InsertByte-Custom-EraseBytes-Custom-ChangeBinInt-Custom-
#43	NEW    cov: 111 ft: 113 corp: 19/32b lim: 4 exec/s: 0 rss: 827Mb L: 1/3 MS: 2 ChangeByte-Custom-
#45	NEW    cov: 112 ft: 114 corp: 20/33b lim: 4 exec/s: 0 rss: 827Mb L: 1/3 MS: 4 CopyPart-Custom-ChangeASCIIInt-Custom-
#47	NEW    cov: 115 ft: 117 corp: 21/34b lim: 4 exec/s: 0 rss: 827Mb L: 1/3 MS: 4 ChangeBit-Custom-EraseBytes-Custom-
#52	NEW    cov: 120 ft: 122 corp: 22/38b lim: 4 exec/s: 0 rss: 827Mb L: 4/4 MS: 10 EraseBytes-Custom-CrossOver-Custom-ChangeBinInt-Custom-CrossOver-Custom-ChangeBinInt-Custom-
#53	NEW    cov: 123 ft: 125 corp: 23/40b lim: 4 exec/s: 0 rss: 827Mb L: 2/4 MS: 2 ShuffleBytes-Custom-
#58	NEW    cov: 124 ft: 126 corp: 24/42b lim: 4 exec/s: 0 rss: 827Mb L: 2/4 MS: 10 ChangeBinInt-Custom-CrossOver-Custom-ChangeASCIIInt-Custom-EraseBytes-Custom-ShuffleBytes-Custom-
#60	NEW    cov: 127 ft: 129 corp: 25/43b lim: 4 exec/s: 0 rss: 827Mb L: 1/4 MS: 4 ChangeBit-Custom-ChangeBit-Custom-
#64	NEW    cov: 129 ft: 131 corp: 26/46b lim: 4 exec/s: 0 rss: 827Mb L: 3/4 MS: 8 ChangeBinInt-Custom-InsertByte-Custom-ChangeByte-Custom-InsertByte-Custom-
#68	NEW    cov: 132 ft: 134 corp: 27/49b lim: 4 exec/s: 0 rss: 827Mb L: 3/4 MS: 8 InsertByte-Custom-ChangeBit-Custom-ChangeByte-Custom-EraseBytes-Custom-
#75	NEW    cov: 135 ft: 137 corp: 28/52b lim: 4 exec/s: 0 rss: 827Mb L: 3/4 MS: 4 ChangeBit-Custom-InsertByte-Custom-
#77	NEW    cov: 137 ft: 139 corp: 29/54b lim: 4 exec/s: 0 rss: 827Mb L: 2/4 MS: 4 ShuffleBytes-Custom-InsertByte-Custom-
#81	NEW    cov: 140 ft: 144 corp: 30/58b lim: 4 exec/s: 0 rss: 827Mb L: 4/4 MS: 8 ShuffleBytes-Custom-ChangeBit-Custom-ChangeBit-Custom-InsertByte-Custom-
INFO: New number of coverage counters: 4096
#82	NEW    cov: 146 ft: 150 corp: 31/59b lim: 4 exec/s: 0 rss: 835Mb L: 1/4 MS: 2 ChangeBit-Custom-
#85	NEW    cov: 152 ft: 160 corp: 32/60b lim: 4 exec/s: 0 rss: 835Mb L: 1/4 MS: 6 EraseBytes-Custom-CrossOver-Custom-EraseBytes-Custom-
#90	NEW    cov: 155 ft: 163 corp: 33/64b lim: 4 exec/s: 0 rss: 835Mb L: 4/4 MS: 10 ChangeBit-Custom-ChangeBinInt-Custom-CrossOver-Custom-InsertByte-Custom-ShuffleBytes-Custom-
#108	NEW    cov: 158 ft: 166 corp: 34/68b lim: 4 exec/s: 0 rss: 835Mb L: 4/4 MS: 6 CopyPart-Custom-CopyPart-Custom-ChangeBinInt-Custom-
#109	NEW    cov: 161 ft: 169 corp: 35/69b lim: 4 exec/s: 0 rss: 835Mb L: 1/4 MS: 2 ChangeByte-Custom-
#114	NEW    cov: 162 ft: 170 corp: 36/73b lim: 4 exec/s: 0 rss: 835Mb L: 4/4 MS: 10 CrossOver-Custom-ChangeASCIIInt-Custom-CopyPart-Custom-CopyPart-Custom-ChangeBinInt-Custom-
#115	NEW    cov: 163 ft: 171 corp: 37/75b lim: 4 exec/s: 0 rss: 835Mb L: 2/4 MS: 2 ChangeASCIIInt-Custom-
#117	NEW    cov: 168 ft: 176 corp: 38/79b lim: 4 exec/s: 0 rss: 835Mb L: 4/4 MS: 4 CopyPart-Custom-InsertByte-Custom-
#119	NEW    cov: 168 ft: 179 corp: 39/83b lim: 4 exec/s: 0 rss: 835Mb L: 4/4 MS: 4 ShuffleBytes-Custom-InsertByte-Custom-
#129	NEW    cov: 181 ft: 192 corp: 40/85b lim: 4 exec/s: 0 rss: 835Mb L: 2/4 MS: 10 ChangeASCIIInt-Custom-ChangeByte-Custom-ChangeBit-Custom-CopyPart-Custom-ShuffleBytes-Custom-
INFO: Instrumented org.apache.commons.lang.ArrayUtils (took 160 ms, size +21%)
#131	NEW    cov: 186 ft: 197 corp: 41/86b lim: 4 exec/s: 0 rss: 835Mb L: 1/4 MS: 4 EraseBytes-Custom-ChangeBit-Custom-
#132	REDUCE cov: 186 ft: 197 corp: 41/85b lim: 4 exec/s: 0 rss: 835Mb L: 1/4 MS: 2 EraseBytes-Custom-
#133	NEW    cov: 188 ft: 199 corp: 42/88b lim: 4 exec/s: 0 rss: 835Mb L: 3/4 MS: 2 ChangeBit-Custom-
#134	NEW    cov: 191 ft: 202 corp: 43/90b lim: 4 exec/s: 0 rss: 835Mb L: 2/4 MS: 2 EraseBytes-Custom-
#142	NEW    cov: 192 ft: 203 corp: 44/91b lim: 4 exec/s: 0 rss: 835Mb L: 1/4 MS: 6 ShuffleBytes-Custom-ChangeBit-Custom-CrossOver-Custom-
#144	NEW    cov: 192 ft: 211 corp: 45/93b lim: 4 exec/s: 0 rss: 835Mb L: 2/4 MS: 4 CopyPart-Custom-ChangeByte-Custom-
#149	REDUCE cov: 192 ft: 211 corp: 45/91b lim: 4 exec/s: 0 rss: 835Mb L: 2/4 MS: 10 ChangeBit-Custom-ShuffleBytes-Custom-ChangeBit-Custom-ChangeASCIIInt-Custom-EraseBytes-Custom-
#150	NEW    cov: 193 ft: 212 corp: 46/93b lim: 4 exec/s: 0 rss: 835Mb L: 2/4 MS: 2 CrossOver-Custom-
#153	NEW    cov: 197 ft: 216 corp: 47/96b lim: 4 exec/s: 0 rss: 835Mb L: 3/4 MS: 6 ShuffleBytes-Custom-ChangeBinInt-Custom-ChangeBinInt-Custom-
#154	NEW    cov: 209 ft: 228 corp: 48/98b lim: 4 exec/s: 0 rss: 835Mb L: 2/4 MS: 2 InsertByte-Custom-
#155	NEW    cov: 210 ft: 229 corp: 49/101b lim: 4 exec/s: 0 rss: 835Mb L: 3/4 MS: 2 CrossOver-Custom-
#157	NEW    cov: 210 ft: 239 corp: 50/103b lim: 4 exec/s: 0 rss: 835Mb L: 2/4 MS: 4 ChangeBit-Custom-CrossOver-Custom-
#158	NEW    cov: 211 ft: 240 corp: 51/106b lim: 4 exec/s: 0 rss: 835Mb L: 3/4 MS: 2 CrossOver-Custom-
#159	NEW    cov: 213 ft: 242 corp: 52/108b lim: 4 exec/s: 0 rss: 835Mb L: 2/4 MS: 2 ChangeASCIIInt-Custom-
#161	NEW    cov: 213 ft: 243 corp: 53/112b lim: 4 exec/s: 0 rss: 835Mb L: 4/4 MS: 4 ChangeBinInt-Custom-ChangeByte-Custom-
#163	NEW    cov: 215 ft: 245 corp: 54/114b lim: 4 exec/s: 0 rss: 835Mb L: 2/4 MS: 4 ChangeBit-Custom-InsertByte-Custom-
#171	NEW    cov: 219 ft: 249 corp: 55/118b lim: 4 exec/s: 0 rss: 835Mb L: 4/4 MS: 6 ShuffleBytes-Custom-ShuffleBytes-Custom-CopyPart-Custom-
#179	NEW    cov: 220 ft: 250 corp: 56/120b lim: 4 exec/s: 0 rss: 835Mb L: 2/4 MS: 6 ChangeByte-Custom-EraseBytes-Custom-ChangeBinInt-Custom-
#182	NEW    cov: 227 ft: 257 corp: 57/124b lim: 4 exec/s: 0 rss: 835Mb L: 4/4 MS: 6 ChangeASCIIInt-Custom-ShuffleBytes-Custom-ChangeByte-Custom-
#183	NEW    cov: 229 ft: 259 corp: 58/125b lim: 4 exec/s: 0 rss: 835Mb L: 1/4 MS: 2 ChangeByte-Custom-
#184	NEW    cov: 232 ft: 262 corp: 59/126b lim: 4 exec/s: 0 rss: 835Mb L: 1/4 MS: 2 ChangeBit-Custom-
#189	NEW    cov: 234 ft: 264 corp: 60/128b lim: 4 exec/s: 0 rss: 835Mb L: 2/4 MS: 10 ChangeASCIIInt-Custom-CopyPart-Custom-CopyPart-Custom-CrossOver-Custom-ChangeBit-Custom-
#190	NEW    cov: 237 ft: 267 corp: 61/131b lim: 4 exec/s: 0 rss: 835Mb L: 3/4 MS: 2 InsertByte-Custom-
#205	NEW    cov: 239 ft: 269 corp: 62/133b lim: 4 exec/s: 0 rss: 835Mb L: 2/4 MS: 10 ChangeBit-Custom-CrossOver-Custom-EraseBytes-Custom-ShuffleBytes-Custom-ChangeBinInt-Custom-
#211	REDUCE cov: 239 ft: 269 corp: 62/131b lim: 4 exec/s: 0 rss: 835Mb L: 2/4 MS: 2 EraseBytes-Custom-
#212	NEW    cov: 241 ft: 271 corp: 63/133b lim: 4 exec/s: 0 rss: 835Mb L: 2/4 MS: 2 ChangeByte-Custom-
#225	NEW    cov: 244 ft: 274 corp: 64/136b lim: 4 exec/s: 0 rss: 835Mb L: 3/4 MS: 6 ChangeBit-Custom-CrossOver-Custom-CrossOver-Custom-
#230	NEW    cov: 247 ft: 277 corp: 65/140b lim: 4 exec/s: 0 rss: 835Mb L: 4/4 MS: 10 CopyPart-Custom-CrossOver-Custom-CopyPart-Custom-CrossOver-Custom-ChangeByte-Custom-
#232	NEW    cov: 247 ft: 280 corp: 66/144b lim: 4 exec/s: 0 rss: 835Mb L: 4/4 MS: 4 CopyPart-Custom-CopyPart-Custom-
#233	NEW    cov: 250 ft: 283 corp: 67/146b lim: 4 exec/s: 0 rss: 835Mb L: 2/4 MS: 2 ChangeBinInt-Custom-
#235	NEW    cov: 253 ft: 286 corp: 68/149b lim: 4 exec/s: 0 rss: 835Mb L: 3/4 MS: 4 ChangeByte-Custom-InsertByte-Custom-
#243	NEW    cov: 255 ft: 288 corp: 69/150b lim: 4 exec/s: 0 rss: 836Mb L: 1/4 MS: 6 CrossOver-Custom-CrossOver-Custom-ChangeByte-Custom-
#251	NEW    cov: 255 ft: 291 corp: 70/153b lim: 4 exec/s: 0 rss: 836Mb L: 3/4 MS: 6 ShuffleBytes-Custom-CopyPart-Custom-CrossOver-Custom-
#261	REDUCE cov: 255 ft: 297 corp: 71/156b lim: 4 exec/s: 0 rss: 836Mb L: 3/4 MS: 10 CopyPart-Custom-ChangeBinInt-Custom-ChangeBit-Custom-InsertByte-Custom-EraseBytes-Custom-
#262	NEW    cov: 258 ft: 300 corp: 72/157b lim: 4 exec/s: 0 rss: 836Mb L: 1/4 MS: 2 ChangeByte-Custom-
#266	NEW    cov: 259 ft: 301 corp: 73/161b lim: 4 exec/s: 0 rss: 836Mb L: 4/4 MS: 8 ChangeByte-Custom-EraseBytes-Custom-InsertByte-Custom-ChangeByte-Custom-
#268	NEW    cov: 262 ft: 304 corp: 74/164b lim: 4 exec/s: 0 rss: 836Mb L: 3/4 MS: 4 ShuffleBytes-Custom-InsertByte-Custom-
#276	NEW    cov: 265 ft: 307 corp: 75/165b lim: 4 exec/s: 0 rss: 836Mb L: 1/4 MS: 6 InsertByte-Custom-EraseBytes-Custom-ChangeBit-Custom-
#277	REDUCE cov: 265 ft: 307 corp: 75/163b lim: 4 exec/s: 0 rss: 836Mb L: 2/4 MS: 2 EraseBytes-Custom-
#278	NEW    cov: 266 ft: 308 corp: 76/164b lim: 4 exec/s: 0 rss: 836Mb L: 1/4 MS: 2 ChangeBinInt-Custom-
#281	NEW    cov: 267 ft: 309 corp: 77/165b lim: 4 exec/s: 0 rss: 836Mb L: 1/4 MS: 6 CopyPart-Custom-CrossOver-Custom-ChangeBinInt-Custom-
#283	NEW    cov: 267 ft: 312 corp: 78/169b lim: 4 exec/s: 0 rss: 836Mb L: 4/4 MS: 4 ChangeBinInt-Custom-ChangeByte-Custom-
#285	NEW    cov: 269 ft: 314 corp: 79/171b lim: 4 exec/s: 0 rss: 836Mb L: 2/4 MS: 4 ChangeByte-Custom-ChangeBit-Custom-
#295	NEW    cov: 269 ft: 319 corp: 80/175b lim: 4 exec/s: 0 rss: 836Mb L: 4/4 MS: 10 ChangeByte-Custom-ChangeBit-Custom-CopyPart-Custom-ChangeByte-Custom-ChangeByte-Custom-
#309	NEW    cov: 272 ft: 324 corp: 81/179b lim: 4 exec/s: 0 rss: 836Mb L: 4/4 MS: 8 CrossOver-Custom-CopyPart-Custom-ChangeBit-Custom-ChangeBinInt-Custom-
#325	NEW    cov: 274 ft: 326 corp: 82/182b lim: 4 exec/s: 0 rss: 836Mb L: 3/4 MS: 2 InsertByte-Custom-
#328	NEW    cov: 274 ft: 329 corp: 83/185b lim: 4 exec/s: 0 rss: 836Mb L: 3/4 MS: 6 CopyPart-Custom-ChangeBit-Custom-ChangeBinInt-Custom-
#329	NEW    cov: 275 ft: 330 corp: 84/187b lim: 4 exec/s: 0 rss: 836Mb L: 2/4 MS: 2 ChangeByte-Custom-
#336	NEW    cov: 277 ft: 332 corp: 85/189b lim: 4 exec/s: 0 rss: 837Mb L: 2/4 MS: 4 ChangeByte-Custom-ChangeByte-Custom-
#345	NEW    cov: 279 ft: 334 corp: 86/191b lim: 4 exec/s: 0 rss: 837Mb L: 2/4 MS: 8 CopyPart-Custom-CopyPart-Custom-ChangeBit-Custom-EraseBytes-Custom-
#346	NEW    cov: 285 ft: 344 corp: 87/193b lim: 4 exec/s: 0 rss: 837Mb L: 2/4 MS: 2 ChangeBit-Custom-
#355	NEW    cov: 286 ft: 345 corp: 88/197b lim: 4 exec/s: 0 rss: 837Mb L: 4/4 MS: 8 CopyPart-Custom-InsertByte-Custom-CopyPart-Custom-CrossOver-Custom-
#357	NEW    cov: 287 ft: 346 corp: 89/201b lim: 4 exec/s: 0 rss: 837Mb L: 4/4 MS: 4 ShuffleBytes-Custom-ChangeASCIIInt-Custom-
#359	NEW    cov: 290 ft: 349 corp: 90/202b lim: 4 exec/s: 0 rss: 837Mb L: 1/4 MS: 4 ShuffleBytes-Custom-ChangeBit-Custom-
#360	NEW    cov: 292 ft: 351 corp: 91/203b lim: 4 exec/s: 0 rss: 837Mb L: 1/4 MS: 2 ChangeBit-Custom-
#364	NEW    cov: 298 ft: 357 corp: 92/206b lim: 4 exec/s: 0 rss: 837Mb L: 3/4 MS: 8 ChangeASCIIInt-Custom-EraseBytes-Custom-CrossOver-Custom-EraseBytes-Custom-
#378	NEW    cov: 301 ft: 360 corp: 93/208b lim: 4 exec/s: 0 rss: 837Mb L: 2/4 MS: 8 ChangeBinInt-Custom-CrossOver-Custom-ShuffleBytes-Custom-CrossOver-Custom-
#393	REDUCE cov: 304 ft: 363 corp: 94/210b lim: 4 exec/s: 0 rss: 837Mb L: 2/4 MS: 10 ChangeByte-Custom-CopyPart-Custom-ShuffleBytes-Custom-ChangeBinInt-Custom-ChangeBinInt-Custom-
#394	REDUCE cov: 304 ft: 363 corp: 94/209b lim: 4 exec/s: 0 rss: 837Mb L: 1/4 MS: 2 EraseBytes-Custom-
#395	REDUCE cov: 307 ft: 366 corp: 95/210b lim: 4 exec/s: 0 rss: 837Mb L: 1/4 MS: 2 EraseBytes-Custom-
#399	NEW    cov: 309 ft: 368 corp: 96/211b lim: 4 exec/s: 0 rss: 837Mb L: 1/4 MS: 8 ShuffleBytes-Custom-EraseBytes-Custom-CopyPart-Custom-ChangeByte-Custom-
#404	NEW    cov: 313 ft: 372 corp: 97/212b lim: 4 exec/s: 0 rss: 837Mb L: 1/4 MS: 10 CrossOver-Custom-ShuffleBytes-Custom-CrossOver-Custom-EraseBytes-Custom-ChangeBit-Custom-
#405	NEW    cov: 315 ft: 374 corp: 98/213b lim: 4 exec/s: 0 rss: 837Mb L: 1/4 MS: 2 CrossOver-Custom-
#420	NEW    cov: 318 ft: 377 corp: 99/217b lim: 4 exec/s: 0 rss: 837Mb L: 4/4 MS: 10 InsertByte-Custom-ChangeByte-Custom-ChangeBit-Custom-ChangeByte-Custom-ChangeBinInt-Custom-
#426	NEW    cov: 331 ft: 390 corp: 100/221b lim: 4 exec/s: 0 rss: 837Mb L: 4/4 MS: 2 CrossOver-Custom-
#451	NEW    cov: 333 ft: 393 corp: 101/225b lim: 4 exec/s: 0 rss: 837Mb L: 4/4 MS: 10 ChangeBinInt-Custom-ChangeByte-Custom-CopyPart-Custom-ShuffleBytes-Custom-InsertByte-Custom-
#455	NEW    cov: 338 ft: 398 corp: 102/228b lim: 4 exec/s: 0 rss: 837Mb L: 3/4 MS: 8 InsertByte-Custom-ChangeBit-Custom-ChangeBinInt-Custom-InsertByte-Custom-
#461	NEW    cov: 340 ft: 400 corp: 103/230b lim: 4 exec/s: 0 rss: 837Mb L: 2/4 MS: 2 ChangeByte-Custom-
#463	REDUCE cov: 342 ft: 402 corp: 104/231b lim: 4 exec/s: 0 rss: 837Mb L: 1/4 MS: 4 ChangeBit-Custom-ChangeByte-Custom-
#465	NEW    cov: 348 ft: 408 corp: 105/234b lim: 4 exec/s: 0 rss: 837Mb L: 3/4 MS: 4 CopyPart-Custom-EraseBytes-Custom-
#467	NEW    cov: 351 ft: 411 corp: 106/235b lim: 4 exec/s: 0 rss: 837Mb L: 1/4 MS: 4 ShuffleBytes-Custom-ChangeBit-Custom-
#468	REDUCE cov: 351 ft: 411 corp: 106/234b lim: 4 exec/s: 0 rss: 837Mb L: 1/4 MS: 2 EraseBytes-Custom-
#470	NEW    cov: 353 ft: 413 corp: 107/236b lim: 4 exec/s: 0 rss: 837Mb L: 2/4 MS: 4 CrossOver-Custom-InsertByte-Custom-
#476	NEW    cov: 355 ft: 417 corp: 108/240b lim: 4 exec/s: 0 rss: 837Mb L: 4/4 MS: 2 ChangeByte-Custom-
#477	REDUCE cov: 355 ft: 417 corp: 108/239b lim: 4 exec/s: 0 rss: 837Mb L: 1/4 MS: 2 EraseBytes-Custom-
#480	NEW    cov: 357 ft: 419 corp: 109/240b lim: 4 exec/s: 0 rss: 837Mb L: 1/4 MS: 6 ChangeByte-Custom-ChangeByte-Custom-ChangeBit-Custom-
#511	REDUCE cov: 357 ft: 419 corp: 109/239b lim: 4 exec/s: 0 rss: 837Mb L: 1/4 MS: 2 EraseBytes-Custom-
#513	NEW    cov: 359 ft: 421 corp: 110/242b lim: 4 exec/s: 0 rss: 837Mb L: 3/4 MS: 4 ChangeBinInt-Custom-CrossOver-Custom-
#520	REDUCE cov: 359 ft: 421 corp: 110/241b lim: 4 exec/s: 0 rss: 837Mb L: 2/4 MS: 4 InsertByte-Custom-EraseBytes-Custom-
#523	NEW    cov: 378 ft: 440 corp: 111/245b lim: 4 exec/s: 0 rss: 837Mb L: 4/4 MS: 6 ChangeBinInt-Custom-CopyPart-Custom-ChangeByte-Custom-
#536	NEW    cov: 380 ft: 442 corp: 112/249b lim: 4 exec/s: 0 rss: 837Mb L: 4/4 MS: 6 CopyPart-Custom-CopyPart-Custom-ChangeBinInt-Custom-
#544	REDUCE cov: 380 ft: 442 corp: 112/248b lim: 4 exec/s: 0 rss: 837Mb L: 3/4 MS: 6 ChangeByte-Custom-ChangeBit-Custom-EraseBytes-Custom-
#546	REDUCE cov: 380 ft: 442 corp: 112/247b lim: 4 exec/s: 0 rss: 837Mb L: 1/4 MS: 4 ShuffleBytes-Custom-CrossOver-Custom-
#560	REDUCE cov: 380 ft: 442 corp: 112/246b lim: 4 exec/s: 0 rss: 837Mb L: 1/4 MS: 8 ShuffleBytes-Custom-ShuffleBytes-Custom-ChangeASCIIInt-Custom-EraseBytes-Custom-
MS: 8 CopyPart-Custom-ShuffleBytes-Custom-ChangeBit-Custom-ShuffleBytes-Custom-; base unit: 0dbce036b4ef7d2434a8018c2a8291a9909fb2aa
0xf8,0xf0,
\370\360
artifact_prefix='/tmp/bugrun/lang_51.zKzoAE/'; Test unit written to /tmp/bugrun/lang_51.zKzoAE/crash-96583072dd8863913df3c22f40de0378b18eebe5
Base64: +PA=
Done 584 runs in 0 second(s)
INFO: Instrumented org.apache.commons.lang.CharUtils (took 61 ms, size +26%)
DEDUP_TOKEN: 51ae7443fa371bc9
[ERROR] Tests run: 2, Failures: 0, Errors: 1, Skipped: 0, Time elapsed: 7.282 s <<< FAILURE! -- in com.example.algorithm2.Algorithm2Test
[ERROR] com.example.algorithm2.Algorithm2Test.testParameterizedFuzzer(FuzzedDataProvider)[2] -- Time elapsed: 0.509 s <<< ERROR!
java.lang.IllegalArgumentException: Minimum abbreviation width is 4
	at org.apache.commons.lang.StringUtils.abbreviate(StringUtils.java:4904)
	at java.base/jdk.internal.reflect.NativeMethodAccessorImpl.invoke0(Native Method)
	at java.base/jdk.internal.reflect.NativeMethodAccessorImpl.invoke(NativeMethodAccessorImpl.java:62)
	at java.base/jdk.internal.reflect.DelegatingMethodAccessorImpl.invoke(DelegatingMethodAccessorImpl.java:43)
	at java.base/java.lang.reflect.Method.invoke(Method.java:566)
	at com.example.algorithm2.Algorithm2Test.testParameterizedFuzzer(Algorithm2Test.java:226)

[INFO] 
[INFO] Results:
[INFO] 
[ERROR] Errors: 
[ERROR]   Algorithm2Test.testParameterizedFuzzer:226 » IllegalArgument Minimum abbreviation width is 4
[INFO] 
[ERROR] Tests run: 2, Failures: 0, Errors: 1, Skipped: 0
[INFO] 
[ERROR] 

Please refer to /tmp/bugrun/lang_51.zKzoAE/target/surefire-reports for the individual test results.
Please refer to dump files (if any exist) [date].dump, [date]-jvmRun[N].dump and [date].dumpstream.
[INFO] 
[INFO] --- jacoco:0.8.11:report (default-cli) @ AlgorithmName2 ---
[INFO] Loading execution data file /tmp/bugrun/lang_51.zKzoAE/target/jacoco.exec
[INFO] Analyzed bundle 'AlgorithmName2' with 120 classes
[INFO] ------------------------------------------------------------------------
[INFO] BUILD SUCCESS
[INFO] ------------------------------------------------------------------------
[INFO] Total time:  24.616 s
[INFO] Finished at: 2026-10-06T03:51:21+07:00
[INFO] ------------------------------------------------------------------------
