[INFO] Scanning for projects...
[INFO] 
[INFO] ---------------------< com.example:AlgorithmName2 >---------------------
[INFO] Building AlgorithmName2 1.0-SNAPSHOT
[INFO]   from pom.xml
[INFO] --------------------------------[ jar ]---------------------------------
[INFO] 
[INFO] --- jacoco:0.8.11:prepare-agent (default) @ AlgorithmName2 ---
[INFO] argLine set to -javaagent:/home/kanyaphak673380391-3/.m2/repository/org/jacoco/org.jacoco.agent/0.8.11/org.jacoco.agent-0.8.11-runtime.jar=destfile=/tmp/bugrun/lang_39.36NZsI/target/jacoco.exec
[INFO] 
[INFO] --- resources:3.4.0:resources (default-resources) @ AlgorithmName2 ---
[INFO] Copying 1 resource from src/main/resources to target/classes
[INFO] 
[INFO] --- compiler:3.15.0:compile (default-compile) @ AlgorithmName2 ---
[INFO] Recompiling the module because of changed source code.
[INFO] Compiling 1 source file with javac [debug target 1.8] to target/classes
[WARNING] bootstrap class path not set in conjunction with -source 8
[INFO] 
[INFO] --- dependency:3.6.0:unpack-dependencies (unpack-defects4j) @ AlgorithmName2 ---
[INFO] 
[INFO] --- resources:3.4.0:testResources (default-testResources) @ AlgorithmName2 ---
[INFO] skip non existing resourceDirectory /tmp/bugrun/lang_39.36NZsI/src/test/resources
[INFO] 
[INFO] --- compiler:3.15.0:testCompile (default-testCompile) @ AlgorithmName2 ---
[INFO] Recompiling the module because of changed dependency.
[INFO] Compiling 1 source file with javac [debug target 1.8] to target/test-classes
[WARNING] bootstrap class path not set in conjunction with -source 8
[INFO] 
[INFO] --- surefire:3.1.2:test (default-cli) @ AlgorithmName2 ---
[INFO] Using auto detected provider org.apache.maven.surefire.junitplatform.JUnitPlatformProvider
[INFO] 
[INFO] -------------------------------------------------------
[INFO]  T E S T S
[INFO] -------------------------------------------------------
[INFO] Running com.example.algorithm2.Algorithm2Test
OpenJDK 64-Bit Server VM warning: Sharing is only supported for boot loader classes because bootstrap classpath has been appended
INFO: Loaded 289 hooks from com.code_intelligence.jazzer.runtime.TraceCmpHooks
INFO: Loaded 5 hooks from com.code_intelligence.jazzer.runtime.TraceDivHooks
INFO: Loaded 2 hooks from com.code_intelligence.jazzer.runtime.TraceIndirHooks
INFO: Loaded 4 hooks from com.code_intelligence.jazzer.runtime.NativeLibHooks
INFO: Loaded 2 hooks from com.code_intelligence.jazzer.sanitizers.ClojureLangHooks
INFO: Loaded 5 hooks from com.code_intelligence.jazzer.sanitizers.Deserialization
INFO: Loaded 5 hooks from com.code_intelligence.jazzer.sanitizers.ExpressionLanguageInjection
INFO: Loaded 70 hooks from com.code_intelligence.jazzer.sanitizers.LdapInjection
INFO: Loaded 46 hooks from com.code_intelligence.jazzer.sanitizers.NamingContextLookup
INFO: Loaded 1 hooks from com.code_intelligence.jazzer.sanitizers.OsCommandInjection
INFO: Loaded 52 hooks from com.code_intelligence.jazzer.sanitizers.ReflectiveCall
INFO: Loaded 8 hooks from com.code_intelligence.jazzer.sanitizers.RegexInjection
INFO: Loaded 16 hooks from com.code_intelligence.jazzer.sanitizers.RegexRoadblocks
INFO: Loaded 18 hooks from com.code_intelligence.jazzer.sanitizers.ScriptEngineInjection
INFO: Loaded 2 hooks from com.code_intelligence.jazzer.sanitizers.ServerSideRequestForgery
INFO: Loaded 19 hooks from com.code_intelligence.jazzer.sanitizers.SqlInjection
INFO: Loaded 6 hooks from com.code_intelligence.jazzer.sanitizers.XPathInjection
INFO: Instrumented com.example.algorithm2.Algorithm2Test$Skip (took 266 ms, size +44%)
INFO: Instrumented com.example.algorithm2.Algorithm2Test (took 175 ms, size +27%)
INFO: New number of coverage counters: 1024
INFO: New number of coverage counters: 2048
WARN: Some hooks could not be applied to class files built for Java 7 or lower.
                       Ensure that the fuzz target and its dependencies are compiled with
                       -target 8 or higher to identify as many bugs as possible.
INFO: Instrumented org.apache.commons.lang3.StringUtils (took 349 ms, size +31%)
[harness] target=org.apache.commons.lang3.StringUtils factories=1 methods=142
INFO: found LLVMFuzzerCustomMutator (0x755f7586ecd0). Disabling -len_control by default.
INFO: Running with entropic power schedule (0xFF, 100).
INFO: Seed: 2637602795
INFO: Loaded 3 modules   (2048 inline 8-bit counters): 512 [0x75602cb804c0, 0x75602cb806c0), 512 [0x75602cb806c0, 0x75602cb808c0), 1024 [0x75602cb808c0, 0x75602cb80cc0), 
INFO: Loaded 3 PC tables (2048 PCs): 512 [0x75602caa7080,0x75602caa9080), 512 [0x75602c724e20,0x75602c726e20), 1024 [0x75602c705980,0x75602c709980), 
INFO:        0 files found in /tmp/bugrun/lang_39.36NZsI/.cifuzz-corpus/com.example.algorithm2.Algorithm2Test/testParameterizedFuzzer
INFO:        0 files found in /tmp/jazzer-java-seeds11483935443788721988
INFO: -max_len is not provided; libFuzzer will not generate inputs larger than 4096 bytes
INFO: A corpus is not provided, starting from an empty corpus
#2	INITED cov: 30 ft: 30 corp: 1/1b exec/s: 0 rss: 791Mb
#3	NEW    cov: 30 ft: 32 corp: 2/2b lim: 4 exec/s: 0 rss: 791Mb L: 1/1 MS: 2 ChangeByte-Custom-
#5	NEW    cov: 33 ft: 35 corp: 3/4b lim: 4 exec/s: 0 rss: 791Mb L: 2/2 MS: 4 CopyPart-Custom-InsertByte-Custom-
#6	NEW    cov: 36 ft: 38 corp: 4/6b lim: 4 exec/s: 0 rss: 791Mb L: 2/2 MS: 2 ChangeByte-Custom-
INFO: using inputs from: /tmp/bugrun/lang_39.36NZsI/.cifuzz-corpus/com.example.algorithm2.Algorithm2Test/testParameterizedFuzzer
INFO: using inputs from: /tmp/jazzer-java-seeds11483935443788721988
INFO: New number of coverage counters: 4096
#8	NEW    cov: 42 ft: 44 corp: 5/8b lim: 4 exec/s: 0 rss: 853Mb L: 2/2 MS: 4 InsertByte-Custom-ChangeBinInt-Custom-
#14	REDUCE cov: 42 ft: 44 corp: 5/7b lim: 4 exec/s: 0 rss: 853Mb L: 1/2 MS: 2 EraseBytes-Custom-
#16	NEW    cov: 44 ft: 46 corp: 6/8b lim: 4 exec/s: 0 rss: 853Mb L: 1/2 MS: 4 ShuffleBytes-Custom-ChangeByte-Custom-
#19	NEW    cov: 47 ft: 53 corp: 7/9b lim: 4 exec/s: 0 rss: 853Mb L: 1/2 MS: 6 ShuffleBytes-Custom-CopyPart-Custom-ChangeBit-Custom-
#21	NEW    cov: 49 ft: 55 corp: 8/12b lim: 4 exec/s: 0 rss: 853Mb L: 3/3 MS: 4 CrossOver-Custom-ShuffleBytes-Custom-
#23	REDUCE cov: 49 ft: 55 corp: 8/11b lim: 4 exec/s: 0 rss: 853Mb L: 1/3 MS: 4 ChangeBit-Custom-EraseBytes-Custom-
#25	NEW    cov: 53 ft: 59 corp: 9/12b lim: 4 exec/s: 0 rss: 853Mb L: 1/3 MS: 4 CrossOver-Custom-ChangeByte-Custom-
#27	REDUCE cov: 60 ft: 66 corp: 10/13b lim: 4 exec/s: 0 rss: 853Mb L: 1/3 MS: 4 CopyPart-Custom-ChangeByte-Custom-
#29	NEW    cov: 67 ft: 73 corp: 11/17b lim: 4 exec/s: 0 rss: 853Mb L: 4/4 MS: 4 ShuffleBytes-Custom-CopyPart-Custom-
#36	NEW    cov: 71 ft: 77 corp: 12/20b lim: 4 exec/s: 0 rss: 854Mb L: 3/4 MS: 4 CopyPart-Custom-CopyPart-Custom-
#39	NEW    cov: 71 ft: 79 corp: 13/24b lim: 4 exec/s: 0 rss: 854Mb L: 4/4 MS: 6 ShuffleBytes-Custom-CopyPart-Custom-CrossOver-Custom-
#40	NEW    cov: 75 ft: 84 corp: 14/25b lim: 4 exec/s: 0 rss: 854Mb L: 1/4 MS: 2 ChangeByte-Custom-
#41	REDUCE cov: 77 ft: 86 corp: 15/26b lim: 4 exec/s: 0 rss: 854Mb L: 1/4 MS: 2 ChangeBit-Custom-
#42	NEW    cov: 78 ft: 87 corp: 16/29b lim: 4 exec/s: 0 rss: 854Mb L: 3/4 MS: 2 CopyPart-Custom-
#43	REDUCE cov: 81 ft: 90 corp: 17/30b lim: 4 exec/s: 0 rss: 854Mb L: 1/4 MS: 2 ChangeBit-Custom-
#49	NEW    cov: 83 ft: 92 corp: 18/33b lim: 4 exec/s: 0 rss: 854Mb L: 3/4 MS: 2 ChangeBit-Custom-
#53	NEW    cov: 86 ft: 95 corp: 19/34b lim: 4 exec/s: 0 rss: 854Mb L: 1/4 MS: 8 CrossOver-Custom-EraseBytes-Custom-ShuffleBytes-Custom-ChangeBit-Custom-
#56	NEW    cov: 89 ft: 98 corp: 20/38b lim: 4 exec/s: 0 rss: 854Mb L: 4/4 MS: 6 InsertByte-Custom-ChangeByte-Custom-ChangeBinInt-Custom-
#57	NEW    cov: 90 ft: 99 corp: 21/39b lim: 4 exec/s: 0 rss: 854Mb L: 1/4 MS: 2 ChangeByte-Custom-
#60	NEW    cov: 92 ft: 101 corp: 22/40b lim: 4 exec/s: 0 rss: 854Mb L: 1/4 MS: 6 ShuffleBytes-Custom-CopyPart-Custom-ChangeBit-Custom-
#63	NEW    cov: 105 ft: 114 corp: 23/44b lim: 4 exec/s: 0 rss: 854Mb L: 4/4 MS: 6 ChangeByte-Custom-ShuffleBytes-Custom-InsertByte-Custom-
#64	NEW    cov: 106 ft: 115 corp: 24/46b lim: 4 exec/s: 0 rss: 854Mb L: 2/4 MS: 2 InsertByte-Custom-
#69	NEW    cov: 108 ft: 117 corp: 25/50b lim: 4 exec/s: 0 rss: 854Mb L: 4/4 MS: 10 CrossOver-Custom-ShuffleBytes-Custom-ShuffleBytes-Custom-ShuffleBytes-Custom-ChangeBinInt-Custom-
#75	REDUCE cov: 108 ft: 117 corp: 25/48b lim: 4 exec/s: 0 rss: 854Mb L: 1/4 MS: 2 CrossOver-Custom-
INFO: Instrumented org.apache.commons.lang3.ArrayUtils (took 287 ms, size +20%)
#79	NEW    cov: 109 ft: 118 corp: 26/52b lim: 4 exec/s: 0 rss: 854Mb L: 4/4 MS: 8 ChangeByte-Custom-CopyPart-Custom-ShuffleBytes-Custom-ShuffleBytes-Custom-
#80	NEW    cov: 113 ft: 122 corp: 27/53b lim: 4 exec/s: 0 rss: 854Mb L: 1/4 MS: 2 ChangeBit-Custom-
#92	NEW    cov: 116 ft: 125 corp: 28/56b lim: 4 exec/s: 0 rss: 854Mb L: 3/4 MS: 4 ChangeBit-Custom-ChangeBinInt-Custom-
#94	NEW    cov: 125 ft: 134 corp: 29/60b lim: 4 exec/s: 0 rss: 854Mb L: 4/4 MS: 4 CopyPart-Custom-ChangeBit-Custom-
#95	NEW    cov: 128 ft: 137 corp: 30/63b lim: 4 exec/s: 0 rss: 854Mb L: 3/4 MS: 2 ChangeByte-Custom-
#99	NEW    cov: 129 ft: 138 corp: 31/65b lim: 4 exec/s: 0 rss: 854Mb L: 2/4 MS: 8 ShuffleBytes-Custom-CrossOver-Custom-ChangeBit-Custom-ShuffleBytes-Custom-
#100	NEW    cov: 132 ft: 141 corp: 32/66b lim: 4 exec/s: 0 rss: 854Mb L: 1/4 MS: 2 ChangeByte-Custom-
#106	NEW    cov: 135 ft: 144 corp: 33/68b lim: 4 exec/s: 0 rss: 854Mb L: 2/4 MS: 2 InsertByte-Custom-
#110	NEW    cov: 136 ft: 145 corp: 34/71b lim: 4 exec/s: 0 rss: 854Mb L: 3/4 MS: 8 InsertByte-Custom-CrossOver-Custom-CrossOver-Custom-InsertByte-Custom-
#111	NEW    cov: 139 ft: 148 corp: 35/73b lim: 4 exec/s: 0 rss: 854Mb L: 2/4 MS: 2 ChangeBinInt-Custom-
#113	NEW    cov: 142 ft: 155 corp: 36/75b lim: 4 exec/s: 0 rss: 854Mb L: 2/4 MS: 4 CrossOver-Custom-InsertByte-Custom-
#124	NEW    cov: 148 ft: 161 corp: 37/76b lim: 4 exec/s: 0 rss: 854Mb L: 1/4 MS: 2 CrossOver-Custom-
#130	NEW    cov: 153 ft: 166 corp: 38/77b lim: 4 exec/s: 0 rss: 854Mb L: 1/4 MS: 2 ChangeByte-Custom-
#133	NEW    cov: 156 ft: 170 corp: 39/78b lim: 4 exec/s: 0 rss: 854Mb L: 1/4 MS: 6 ChangeByte-Custom-ChangeByte-Custom-ChangeByte-Custom-
#138	NEW    cov: 157 ft: 171 corp: 40/82b lim: 4 exec/s: 0 rss: 854Mb L: 4/4 MS: 10 ShuffleBytes-Custom-CrossOver-Custom-CopyPart-Custom-ChangeByte-Custom-CopyPart-Custom-
#139	REDUCE cov: 157 ft: 171 corp: 40/81b lim: 4 exec/s: 0 rss: 854Mb L: 2/4 MS: 2 EraseBytes-Custom-
#140	NEW    cov: 159 ft: 173 corp: 41/82b lim: 4 exec/s: 0 rss: 854Mb L: 1/4 MS: 2 ChangeByte-Custom-
#142	NEW    cov: 162 ft: 176 corp: 42/84b lim: 4 exec/s: 0 rss: 854Mb L: 2/4 MS: 4 CopyPart-Custom-ChangeByte-Custom-
#143	NEW    cov: 165 ft: 179 corp: 43/85b lim: 4 exec/s: 0 rss: 854Mb L: 1/4 MS: 2 ChangeBit-Custom-
#144	NEW    cov: 179 ft: 193 corp: 44/88b lim: 4 exec/s: 0 rss: 854Mb L: 3/4 MS: 2 InsertByte-Custom-
#147	NEW    cov: 179 ft: 195 corp: 45/91b lim: 4 exec/s: 0 rss: 854Mb L: 3/4 MS: 6 ChangeBit-Custom-CopyPart-Custom-InsertByte-Custom-
#148	NEW    cov: 180 ft: 196 corp: 46/92b lim: 4 exec/s: 0 rss: 854Mb L: 1/4 MS: 2 ChangeBinInt-Custom-
#149	NEW    cov: 183 ft: 199 corp: 47/93b lim: 4 exec/s: 0 rss: 855Mb L: 1/4 MS: 2 ChangeBit-Custom-
#150	REDUCE cov: 193 ft: 209 corp: 48/94b lim: 4 exec/s: 0 rss: 857Mb L: 1/4 MS: 2 ChangeByte-Custom-
#151	NEW    cov: 193 ft: 211 corp: 49/98b lim: 4 exec/s: 0 rss: 857Mb L: 4/4 MS: 2 CopyPart-Custom-
#153	NEW    cov: 193 ft: 219 corp: 50/101b lim: 4 exec/s: 0 rss: 858Mb L: 3/4 MS: 4 ChangeASCIIInt-Custom-ChangeByte-Custom-
#156	NEW    cov: 205 ft: 231 corp: 51/104b lim: 4 exec/s: 0 rss: 858Mb L: 3/4 MS: 6 ShuffleBytes-Custom-CopyPart-Custom-InsertByte-Custom-
#158	NEW    cov: 207 ft: 233 corp: 52/105b lim: 4 exec/s: 0 rss: 858Mb L: 1/4 MS: 4 CopyPart-Custom-ChangeBit-Custom-
#159	REDUCE cov: 210 ft: 236 corp: 53/107b lim: 4 exec/s: 0 rss: 858Mb L: 2/4 MS: 2 ChangeBinInt-Custom-
#166	REDUCE cov: 210 ft: 236 corp: 53/106b lim: 4 exec/s: 0 rss: 858Mb L: 1/4 MS: 4 CopyPart-Custom-EraseBytes-Custom-
#167	NEW    cov: 212 ft: 238 corp: 54/107b lim: 4 exec/s: 0 rss: 858Mb L: 1/4 MS: 2 ChangeBit-Custom-
#174	REDUCE cov: 214 ft: 240 corp: 55/108b lim: 4 exec/s: 0 rss: 858Mb L: 1/4 MS: 4 ShuffleBytes-Custom-ChangeBinInt-Custom-
#180	NEW    cov: 215 ft: 243 corp: 56/112b lim: 4 exec/s: 0 rss: 858Mb L: 4/4 MS: 2 ChangeBinInt-Custom-
#181	NEW    cov: 217 ft: 245 corp: 57/113b lim: 4 exec/s: 0 rss: 858Mb L: 1/4 MS: 2 ChangeByte-Custom-
#183	NEW    cov: 222 ft: 250 corp: 58/114b lim: 4 exec/s: 0 rss: 858Mb L: 1/4 MS: 4 CrossOver-Custom-ChangeBit-Custom-
#190	NEW    cov: 226 ft: 254 corp: 59/116b lim: 4 exec/s: 0 rss: 858Mb L: 2/4 MS: 4 InsertByte-Custom-ChangeBinInt-Custom-
#194	NEW    cov: 228 ft: 256 corp: 60/117b lim: 4 exec/s: 0 rss: 858Mb L: 1/4 MS: 8 ShuffleBytes-Custom-CrossOver-Custom-ChangeBit-Custom-EraseBytes-Custom-
#203	NEW    cov: 231 ft: 259 corp: 61/119b lim: 4 exec/s: 0 rss: 858Mb L: 2/4 MS: 8 ChangeByte-Custom-CrossOver-Custom-ChangeBit-Custom-InsertByte-Custom-DEDUP_TOKEN: 87e1490c3992de43

#206	NEW    cov: 233 ft: 261 corp: 62/123b lim: 4 exec/s: 0 rss: 858Mb L: 4/4 MS: 6 CopyPart-Custom-ChangeBit-Custom-CrossOver-Custom-
#211	NEW    cov: 237 ft: 265 corp: 63/126b lim: 4 exec/s: 0 rss: 858Mb L: 3/4 MS: 10 CrossOver-Custom-InsertByte-Custom-ChangeBinInt-Custom-CrossOver-Custom-ChangeBit-Custom-
#215	NEW    cov: 238 ft: 266 corp: 64/127b lim: 4 exec/s: 0 rss: 858Mb L: 1/4 MS: 8 EraseBytes-Custom-CrossOver-Custom-CrossOver-Custom-ChangeByte-Custom-
MS: 10 ChangeByte-Custom-CMP-Custom-CrossOver-Custom-CrossOver-Custom-ChangeBit-Custom- DE: "\000\221"-; base unit: b858cb282617fb0956d960215c8e84d1ccf909c6
0xf5,0xd1,
\365\321
artifact_prefix='/tmp/bugrun/lang_39.36NZsI/'; Test unit written to /tmp/bugrun/lang_39.36NZsI/crash-7ad06268d437b7aea458fce799f7837fe025d26e
Base64: 9dE=
Done 225 runs in 0 second(s)
[ERROR] Tests run: 2, Failures: 0, Errors: 1, Skipped: 0, Time elapsed: 7.631 s <<< FAILURE! -- in com.example.algorithm2.Algorithm2Test
[ERROR] com.example.algorithm2.Algorithm2Test.testParameterizedFuzzer(FuzzedDataProvider)[2] -- Time elapsed: 0.555 s <<< ERROR!
java.lang.IllegalArgumentException: Minimum abbreviation width is 4
	at org.apache.commons.lang3.StringUtils.abbreviate(StringUtils.java:5273)
	at java.base/jdk.internal.reflect.NativeMethodAccessorImpl.invoke0(Native Method)
	at java.base/jdk.internal.reflect.NativeMethodAccessorImpl.invoke(NativeMethodAccessorImpl.java:62)
	at java.base/jdk.internal.reflect.DelegatingMethodAccessorImpl.invoke(DelegatingMethodAccessorImpl.java:43)
	at java.base/java.lang.reflect.Method.invoke(Method.java:566)
	at com.example.algorithm2.Algorithm2Test.testParameterizedFuzzer(Algorithm2Test.java:226)

[INFO] 
[INFO] Results:
[INFO] 
[ERROR] Errors: 
[ERROR]   Algorithm2Test.testParameterizedFuzzer:226 » IllegalArgument Minimum abbreviation width is 4
[INFO] 
[ERROR] Tests run: 2, Failures: 0, Errors: 1, Skipped: 0
[INFO] 
[ERROR] 

Please refer to /tmp/bugrun/lang_39.36NZsI/target/surefire-reports for the individual test results.
Please refer to dump files (if any exist) [date].dump, [date]-jvmRun[N].dump and [date].dumpstream.
[INFO] 
[INFO] --- jacoco:0.8.11:report (default-cli) @ AlgorithmName2 ---
[INFO] Loading execution data file /tmp/bugrun/lang_39.36NZsI/target/jacoco.exec
[INFO] Analyzed bundle 'AlgorithmName2' with 118 classes
[INFO] ------------------------------------------------------------------------
[INFO] BUILD SUCCESS
[INFO] ------------------------------------------------------------------------
[INFO] Total time:  21.729 s
[INFO] Finished at: 2026-10-06T02:08:59+07:00
[INFO] ------------------------------------------------------------------------
