[INFO] Scanning for projects...
[INFO] 
[INFO] ---------------------< com.example:AlgorithmName2 >---------------------
[INFO] Building AlgorithmName2 1.0-SNAPSHOT
[INFO]   from pom.xml
[INFO] --------------------------------[ jar ]---------------------------------
[INFO] 
[INFO] --- jacoco:0.8.11:prepare-agent (default) @ AlgorithmName2 ---
[INFO] argLine set to -javaagent:/home/kanyaphak673380391-3/.m2/repository/org/jacoco/org.jacoco.agent/0.8.11/org.jacoco.agent-0.8.11-runtime.jar=destfile=/tmp/bugrun/compress_7.Y7GAXk/target/jacoco.exec
[INFO] 
[INFO] --- resources:3.4.0:resources (default-resources) @ AlgorithmName2 ---
[INFO] Copying 1 resource from src/main/resources to target/classes
[INFO] 
[INFO] --- compiler:3.15.0:compile (default-compile) @ AlgorithmName2 ---
[INFO] Recompiling the module because of changed source code.
[INFO] Compiling 1 source file with javac [debug target 1.8] to target/classes
[WARNING] bootstrap class path not set in conjunction with -source 8
[INFO] 
[INFO] --- dependency:3.6.0:unpack-dependencies (unpack-defects4j) @ AlgorithmName2 ---
[INFO] 
[INFO] --- resources:3.4.0:testResources (default-testResources) @ AlgorithmName2 ---
[INFO] skip non existing resourceDirectory /tmp/bugrun/compress_7.Y7GAXk/src/test/resources
[INFO] 
[INFO] --- compiler:3.15.0:testCompile (default-testCompile) @ AlgorithmName2 ---
[INFO] Recompiling the module because of changed dependency.
[INFO] Compiling 1 source file with javac [debug target 1.8] to target/test-classes
[WARNING] bootstrap class path not set in conjunction with -source 8
[INFO] 
[INFO] --- surefire:3.1.2:test (default-cli) @ AlgorithmName2 ---
[INFO] Using auto detected provider org.apache.maven.surefire.junitplatform.JUnitPlatformProvider
[INFO] 
[INFO] -------------------------------------------------------
[INFO]  T E S T S
[INFO] -------------------------------------------------------
[INFO] Running com.example.algorithm2.Algorithm2Test
OpenJDK 64-Bit Server VM warning: Sharing is only supported for boot loader classes because bootstrap classpath has been appended
INFO: Loaded 281 hooks from com.code_intelligence.jazzer.runtime.TraceCmpHooks
INFO: Loaded 5 hooks from com.code_intelligence.jazzer.runtime.TraceDivHooks
INFO: Loaded 2 hooks from com.code_intelligence.jazzer.runtime.TraceIndirHooks
INFO: Loaded 4 hooks from com.code_intelligence.jazzer.runtime.NativeLibHooks
INFO: Loaded 2 hooks from com.code_intelligence.jazzer.sanitizers.ClojureLangHooks
INFO: Loaded 5 hooks from com.code_intelligence.jazzer.sanitizers.Deserialization
INFO: Loaded 5 hooks from com.code_intelligence.jazzer.sanitizers.ExpressionLanguageInjection
INFO: Loaded 70 hooks from com.code_intelligence.jazzer.sanitizers.LdapInjection
INFO: Loaded 46 hooks from com.code_intelligence.jazzer.sanitizers.NamingContextLookup
INFO: Loaded 1 hooks from com.code_intelligence.jazzer.sanitizers.OsCommandInjection
INFO: Loaded 52 hooks from com.code_intelligence.jazzer.sanitizers.ReflectiveCall
INFO: Loaded 8 hooks from com.code_intelligence.jazzer.sanitizers.RegexInjection
INFO: Loaded 16 hooks from com.code_intelligence.jazzer.sanitizers.RegexRoadblocks
INFO: Loaded 18 hooks from com.code_intelligence.jazzer.sanitizers.ScriptEngineInjection
INFO: Loaded 2 hooks from com.code_intelligence.jazzer.sanitizers.ServerSideRequestForgery
INFO: Loaded 19 hooks from com.code_intelligence.jazzer.sanitizers.SqlInjection
INFO: Loaded 6 hooks from com.code_intelligence.jazzer.sanitizers.XPathInjection
INFO: Instrumented com.example.algorithm2.Algorithm2Test$Skip (took 431 ms, size +44%)
INFO: Instrumented com.example.algorithm2.Algorithm2Test (took 535 ms, size +27%)
INFO: Instrumented org.apache.commons.compress.archivers.ArchiveStreamFactory (took 189 ms, size +37%)
INFO: Instrumented org.apache.commons.compress.archivers.ArchiveInputStream (took 61 ms, size +33%)
INFO: New number of coverage counters: 1024
WARN: Some hooks could not be applied to class files built for Java 7 or lower.
                       Ensure that the fuzz target and its dependencies are compiled with
                       -target 8 or higher to identify as many bugs as possible.
INFO: Instrumented org.apache.commons.compress.archivers.ar.ArArchiveInputStream (took 120 ms, size +28%)
INFO: Instrumented org.apache.commons.compress.archivers.zip.ZipArchiveInputStream (took 151 ms, size +20%)
INFO: Instrumented org.apache.commons.compress.archivers.tar.TarArchiveInputStream (took 64 ms, size +28%)
INFO: Instrumented org.apache.commons.compress.archivers.jar.JarArchiveInputStream (took 14 ms, size +26%)
INFO: New number of coverage counters: 2048
INFO: Instrumented org.apache.commons.compress.archivers.cpio.CpioArchiveInputStream (took 84 ms, size +30%)
INFO: Instrumented org.apache.commons.compress.archivers.cpio.CpioConstants (took 36 ms, size +0%)
INFO: Instrumented org.apache.commons.compress.archivers.ArchiveException (took 12 ms, size +38%)
INFO: Instrumented org.apache.commons.compress.archivers.ArchiveOutputStream (took 27 ms, size +29%)
INFO: Instrumented org.apache.commons.compress.archivers.ar.ArArchiveOutputStream (took 57 ms, size +21%)
INFO: Instrumented org.apache.commons.compress.archivers.zip.ZipArchiveOutputStream (took 152 ms, size +19%)
INFO: Instrumented org.apache.commons.compress.archivers.tar.TarArchiveOutputStream (took 42 ms, size +18%)
INFO: Instrumented org.apache.commons.compress.archivers.jar.JarArchiveOutputStream (took 9 ms, size +36%)
INFO: Instrumented org.apache.commons.compress.archivers.cpio.CpioArchiveOutputStream (took 49 ms, size +23%)
[harness] target=org.apache.commons.compress.archivers.ArchiveStreamFactory factories=1 methods=3
INFO: using inputs from: /tmp/bugrun/compress_7.Y7GAXk/.cifuzz-corpus/com.example.algorithm2.Algorithm2Test/testParameterizedFuzzer
INFO: using inputs from: /tmp/jazzer-java-seeds3196004165741173358
INFO: found LLVMFuzzerCustomMutator (0x7d15aaf70cd0). Disabling -len_control by default.
INFO: Running with entropic power schedule (0xFF, 100).
INFO: Seed: 529496531
INFO: Loaded 3 modules   (2048 inline 8-bit counters): 512 [0x7d16b49d46c0, 0x7d16b49d48c0), 512 [0x7d16b49d48c0, 0x7d16b49d4ac0), 1024 [0x7d16b49d4ac0, 0x7d16b49d4ec0), 
INFO: Loaded 3 PC tables (2048 PCs): 512 [0x7d16b4951170,0x7d16b4953170), 512 [0x7d16b4b8ec70,0x7d16b4b90c70), 1024 [0x7d16b4ba19b0,0x7d16b4ba59b0), 
INFO:        0 files found in /tmp/bugrun/compress_7.Y7GAXk/.cifuzz-corpus/com.example.algorithm2.Algorithm2Test/testParameterizedFuzzer
INFO:        0 files found in /tmp/jazzer-java-seeds3196004165741173358
INFO: -max_len is not provided; libFuzzer will not generate inputs larger than 4096 bytes
INFO: A corpus is not provided, starting from an empty corpus
INFO: Instrumented org.apache.commons.compress.archivers.zip.UnsupportedZipFeatureException (took 9 ms, size +22%)
INFO: Instrumented org.apache.commons.compress.archivers.ArchiveEntry (took 1 ms, size +0%)
INFO: Instrumented org.apache.commons.compress.archivers.zip.ZipExtraField (took 1 ms, size +0%)
#2	INITED cov: 95 ft: 95 corp: 1/1b exec/s: 0 rss: 946Mb
#3	NEW    cov: 99 ft: 100 corp: 2/3b lim: 4 exec/s: 0 rss: 946Mb L: 2/2 MS: 2 CopyPart-Custom-
#6	NEW    cov: 102 ft: 111 corp: 3/4b lim: 4 exec/s: 0 rss: 946Mb L: 1/2 MS: 6 ChangeByte-Custom-ShuffleBytes-Custom-ChangeBit-Custom-
#15	NEW    cov: 102 ft: 112 corp: 4/7b lim: 4 exec/s: 0 rss: 946Mb L: 3/3 MS: 8 ShuffleBytes-Custom-CrossOver-Custom-InsertByte-Custom-ChangeBit-Custom-
INFO: Instrumented org.apache.commons.compress.archivers.zip.ZipLong (took 14 ms, size +25%)
#56	REDUCE cov: 102 ft: 112 corp: 4/6b lim: 4 exec/s: 0 rss: 946Mb L: 1/3 MS: 2 EraseBytes-Custom-
#57	REDUCE cov: 102 ft: 112 corp: 4/5b lim: 4 exec/s: 0 rss: 946Mb L: 2/2 MS: 2 EraseBytes-Custom-
#133	REDUCE cov: 102 ft: 112 corp: 4/4b lim: 4 exec/s: 0 rss: 947Mb L: 1/1 MS: 2 EraseBytes-Custom-
#346	REDUCE cov: 107 ft: 119 corp: 5/10b lim: 6 exec/s: 0 rss: 949Mb L: 6/6 MS: 6 CopyPart-Custom-InsertRepeatedBytes-Custom-CopyPart-Custom-
#358	REDUCE cov: 127 ft: 152 corp: 6/14b lim: 6 exec/s: 0 rss: 949Mb L: 4/6 MS: 4 InsertRepeatedBytes-Custom-CMP-Custom- DE: "tar"-
#414	NEW    cov: 128 ft: 154 corp: 7/18b lim: 6 exec/s: 0 rss: 949Mb L: 4/6 MS: 2 CopyPart-Custom-
INFO: Instrumented org.apache.commons.compress.archivers.tar.TarBuffer (took 11 ms, size +21%)
#495	NEW    cov: 132 ft: 158 corp: 8/21b lim: 6 exec/s: 0 rss: 949Mb L: 3/6 MS: 2 EraseBytes-Custom-
#511	NEW    cov: 150 ft: 176 corp: 9/25b lim: 6 exec/s: 0 rss: 949Mb L: 4/6 MS: 2 ChangeByte-Custom-
#548	REDUCE cov: 151 ft: 178 corp: 10/29b lim: 6 exec/s: 0 rss: 949Mb L: 4/6 MS: 4 ChangeByte-Custom-PersAutoDict-Custom- DE: "tar"-
#768	NEW    cov: 154 ft: 181 corp: 11/37b lim: 8 exec/s: 0 rss: 949Mb L: 8/8 MS: 10 EraseBytes-Custom-ChangeByte-Custom-InsertByte-Custom-InsertRepeatedBytes-Custom-ChangeByte-Custom-
#891	REDUCE cov: 154 ft: 181 corp: 11/36b lim: 8 exec/s: 0 rss: 949Mb L: 7/7 MS: 6 ShuffleBytes-Custom-ChangeBit-Custom-CrossOver-Custom-
#1236	REDUCE cov: 155 ft: 182 corp: 12/45b lim: 11 exec/s: 0 rss: 949Mb L: 9/9 MS: 10 InsertByte-Custom-InsertByte-Custom-InsertRepeatedBytes-Custom-ChangeBinInt-Custom-InsertByte-Custom-
INFO: Instrumented org.apache.commons.compress.archivers.zip.ZipEncodingHelper (took 10 ms, size +21%)
INFO: #1451	NEW    cov: 211 ft: 238 corp: 13/49b lim: 11 exec/s: 0 rss: 949Mb L: 4/9 MS: 10 CopyPart-Custom-CrossOver-Custom-CopyPart-Custom-CrossOver-Custom-CMP-Custom- DE: "jar"-
Instrumented org.apache.commons.compress.archivers.zip.ZipEncoding (took 1 ms, size +0%)
INFO: Instrumented org.apache.commons.compress.archivers.zip.ZipEncodingHelper$SimpleEncodingHolder (took 3 ms, size +33%)
#1618	NEW    cov: 217 ft: 244 corp: 14/52b lim: 11 exec/s: 0 rss: 949Mb L: 3/9 MS: 4 InsertByte-Custom-EraseBytes-Custom-
#1689	NEW    cov: 231 ft: 261 corp: 15/56b lim: 11 exec/s: 0 rss: 949Mb L: 4/9 MS: 2 ChangeBinInt-Custom-
#1690	NEW    cov: 232 ft: 262 corp: 16/59b lim: 11 exec/s: 0 rss: 949Mb L: 3/9 MS: 2 ChangeBit-Custom-
INFO: Instrumented org.apache.commons.compress.archivers.zip.FallbackZipEncoding (took 6 ms, size +28%)
INFO: Instrumented org.apache.commons.compress.archivers.zip.ZipArchiveOutputStream$UnicodeExtraFieldPolicy (took 4 ms, size +33%)
#1917	NEW    cov: 233 ft: 263 corp: 17/63b lim: 11 exec/s: 0 rss: 949Mb L: 4/9 MS: 4 ShuffleBytes-Custom-PersAutoDict-Custom- DE: "jar"-
#2025	NEW    cov: 234 ft: 264 corp: 18/70b lim: 11 exec/s: 0 rss: 949Mb L: 7/9 MS: 6 CrossOver-Custom-InsertByte-Custom-CrossOver-Custom-
#2918	NEW    cov: 235 ft: 265 corp: 19/78b lim: 17 exec/s: 2918 rss: 949Mb L: 8/9 MS: 6 CrossOver-Custom-InsertRepeatedBytes-Custom-CMP-Custom- DE: "\001q"-
#2940	REDUCE cov: 235 ft: 265 corp: 19/77b lim: 17 exec/s: 2940 rss: 949Mb L: 5/9 MS: 4 ChangeByte-Custom-EraseBytes-Custom-
#3259	NEW    cov: 236 ft: 266 corp: 20/86b lim: 17 exec/s: 3259 rss: 949Mb L: 9/9 MS: 8 ChangeASCIIInt-Custom-ShuffleBytes-Custom-InsertByte-Custom-ChangeBit-Custom-
#3867	NEW    cov: 248 ft: 278 corp: 21/91b lim: 21 exec/s: 3867 rss: 984Mb L: 5/9 MS: 6 InsertByte-Custom-CopyPart-Custom-CMP-Custom- DE: "cpio"-
#3940	REDUCE cov: 248 ft: 278 corp: 21/90b lim: 21 exec/s: 3940 rss: 989Mb L: 7/9 MS: 6 ChangeBinInt-Custom-EraseBytes-Custom-CrossOver-Custom-
#4107	NEW    cov: 248 ft: 279 corp: 22/95b lim: 21 exec/s: 4107 rss: 999Mb L: 5/9 MS: 4 PersAutoDict-Custom-PersAutoDict-Custom- DE: "\001q"-"cpio"-
#4228	NEW    cov: 249 ft: 280 corp: 23/104b lim: 21 exec/s: 4228 rss: 1007Mb L: 9/9 MS: 2 ShuffleBytes-Custom-
#4296	REDUCE cov: 249 ft: 280 corp: 23/103b lim: 21 exec/s: 4296 rss: 1011Mb L: 8/9 MS: 6 CrossOver-Custom-ShuffleBytes-Custom-EraseBytes-Custom-
#4537	NEW    cov: 253 ft: 284 corp: 24/108b lim: 21 exec/s: 4537 rss: 1026Mb L: 5/9 MS: 2 CopyPart-Custom-
#4574	NEW    cov: 255 ft: 286 corp: 25/112b lim: 21 exec/s: 4574 rss: 1029Mb L: 4/9 MS: 4 ChangeBit-Custom-CMP-Custom- DE: "zip"-
#6335	NEW    cov: 257 ft: 288 corp: 26/116b lim: 38 exec/s: 3167 rss: 1091Mb L: 4/9 MS: 2 ChangeBinInt-Custom-
#6783	NEW    cov: 257 ft: 313 corp: 27/150b lim: 38 exec/s: 3391 rss: 1091Mb L: 34/34 MS: 6 CMP-Custom-ChangeByte-Custom-InsertRepeatedBytes-Custom- DE: "\000\000\000\000"-
#7017	NEW    cov: 257 ft: 315 corp: 28/169b lim: 38 exec/s: 3508 rss: 1091Mb L: 19/34 MS: 8 InsertRepeatedBytes-Custom-ShuffleBytes-Custom-CopyPart-Custom-CrossOver-Custom-
#7257	REDUCE cov: 257 ft: 320 corp: 29/207b lim: 38 exec/s: 3628 rss: 1091Mb L: 38/38 MS: 10 ChangeByte-Custom-ChangeASCIIInt-Custom-InsertRepeatedBytes-Custom-PersAutoDict-Custom-CrossOver-Custom- DE: "\000\000\000\000"-
#7333	NEW    cov: 257 ft: 321 corp: 30/226b lim: 38 exec/s: 3666 rss: 1091Mb L: 19/38 MS: 2 ChangeBit-Custom-
#7612	REDUCE cov: 257 ft: 321 corp: 30/223b lim: 38 exec/s: 3806 rss: 1091Mb L: 16/38 MS: 8 CMP-Custom-InsertByte-Custom-EraseBytes-Custom-ChangeBit-Custom- DE: "tar"-
#7889	REDUCE cov: 257 ft: 321 corp: 30/215b lim: 38 exec/s: 3944 rss: 1092Mb L: 8/38 MS: 4 ChangeBinInt-Custom-EraseBytes-Custom-
#8192	pulse  cov: 257 ft: 321 corp: 30/215b lim: 38 exec/s: 4096 rss: 1092Mb
#8218	REDUCE cov: 257 ft: 321 corp: 30/211b lim: 38 exec/s: 4109 rss: 1092Mb L: 15/38 MS: 8 EraseBytes-Custom-EraseBytes-Custom-EraseBytes-Custom-PersAutoDict-Custom- DE: "\000\000\000\000"-
#8475	REDUCE cov: 257 ft: 321 corp: 30/205b lim: 38 exec/s: 4237 rss: 1092Mb L: 9/38 MS: 4 InsertByte-Custom-EraseBytes-Custom-
#8882	REDUCE cov: 257 ft: 321 corp: 30/204b lim: 38 exec/s: 4441 rss: 1092Mb L: 7/38 MS: 4 PersAutoDict-Custom-EraseBytes-Custom- DE: "cpio"-
#9398	NEW    cov: 257 ft: 324 corp: 31/244b lim: 43 exec/s: 4699 rss: 1092Mb L: 40/40 MS: 2 InsertRepeatedBytes-Custom-
#9430	NEW    cov: 257 ft: 325 corp: 32/286b lim: 43 exec/s: 4715 rss: 1092Mb L: 42/42 MS: 4 InsertRepeatedBytes-Custom-CMP-Custom- DE: "GrWr"-
#9947	REDUCE cov: 257 ft: 325 corp: 32/285b lim: 48 exec/s: 4973 rss: 1092Mb L: 7/42 MS: 4 EraseBytes-Custom-CrossOver-Custom-
#10587	NEW    cov: 257 ft: 328 corp: 33/305b lim: 53 exec/s: 5293 rss: 1092Mb L: 20/42 MS: 10 PersAutoDict-Custom-CopyPart-Custom-CopyPart-Custom-CrossOver-Custom-CopyPart-Custom- DE: "\001q"-
#11586	REDUCE cov: 257 ft: 328 corp: 33/304b lim: 58 exec/s: 3862 rss: 1092Mb L: 6/42 MS: 8 ChangeBit-Custom-CrossOver-Custom-ShuffleBytes-Custom-EraseBytes-Custom-
#11956	NEW    cov: 257 ft: 329 corp: 34/352b lim: 58 exec/s: 3985 rss: 1092Mb L: 48/48 MS: 10 ChangeBit-Custom-EraseBytes-Custom-InsertByte-Custom-InsertByte-Custom-CrossOver-Custom-
#12782	REDUCE cov: 257 ft: 329 corp: 34/349b lim: 63 exec/s: 4260 rss: 1092Mb L: 17/48 MS: 2 EraseBytes-Custom-
#12848	REDUCE cov: 257 ft: 329 corp: 34/345b lim: 63 exec/s: 4282 rss: 1092Mb L: 5/48 MS: 2 EraseBytes-Custom-
#13455	NEW    cov: 257 ft: 354 corp: 35/412b lim: 68 exec/s: 4485 rss: 1092Mb L: 67/67 MS: 4 ChangeByte-Custom-InsertRepeatedBytes-Custom-
#14079	NEW    cov: 257 ft: 356 corp: 36/483b lim: 74 exec/s: 4693 rss: 1093Mb L: 71/71 MS: 8 EraseBytes-Custom-ChangeByte-Custom-CMP-Custom-InsertByte-Custom- DE: "\000\000\000c"-
#14176	NEW    cov: 257 ft: 359 corp: 37/557b lim: 74 exec/s: 4725 rss: 1093Mb L: 74/74 MS: 4 CopyPart-Custom-CopyPart-Custom-
#14308	REDUCE cov: 257 ft: 359 corp: 37/554b lim: 74 exec/s: 4769 rss: 1093Mb L: 14/74 MS: 4 ChangeBinInt-Custom-EraseBytes-Custom-
#14525	REDUCE cov: 257 ft: 359 corp: 37/553b lim: 74 exec/s: 4841 rss: 1093Mb L: 4/74 MS: 4 ShuffleBytes-Custom-EraseBytes-Custom-
#14971	REDUCE cov: 257 ft: 359 corp: 37/552b lim: 74 exec/s: 4990 rss: 1093Mb L: 13/74 MS: 2 EraseBytes-Custom-
#15187	REDUCE cov: 257 ft: 359 corp: 37/551b lim: 74 exec/s: 5062 rss: 1093Mb L: 5/74 MS: 2 EraseBytes-Custom-
#15836	NEW    cov: 257 ft: 360 corp: 38/631b lim: 80 exec/s: 5278 rss: 1093Mb L: 80/80 MS: 8 ChangeBit-Custom-ShuffleBytes-Custom-ShuffleBytes-Custom-InsertRepeatedBytes-Custom-
#16384	pulse  cov: 257 ft: 360 corp: 38/631b lim: 80 exec/s: 5461 rss: 1096Mb
#18326	DONE   cov: 257 ft: 360 corp: 38/631b lim: 104 exec/s: 4581 rss: 1096Mb
###### Recommended dictionary. ######
"tar" # Uses: 371
"jar" # Uses: 271
"\001q" # Uses: 249
"cpio" # Uses: 182
"zip" # Uses: 192
"\000\000\000\000" # Uses: 144
"GrWr" # Uses: 109
"\000\000\000c" # Uses: 48
###### End of recommended dictionary. ######
Done 18326 runs in 4 second(s)
[INFO] Tests run: 2, Failures: 0, Errors: 0, Skipped: 0, Time elapsed: 19.78 s -- in com.example.algorithm2.Algorithm2Test
[INFO] 
[INFO] Results:
[INFO] 
[INFO] Tests run: 2, Failures: 0, Errors: 0, Skipped: 0
[INFO] 
[INFO] 
[INFO] --- jacoco:0.8.11:report (default-cli) @ AlgorithmName2 ---
[INFO] Loading execution data file /tmp/bugrun/compress_7.Y7GAXk/target/jacoco.exec
[INFO] Analyzed bundle 'AlgorithmName2' with 70 classes
[INFO] ------------------------------------------------------------------------
[INFO] BUILD SUCCESS
[INFO] ------------------------------------------------------------------------
[INFO] Total time:  42.195 s
[INFO] Finished at: 2026-10-06T02:45:29+07:00
[INFO] ------------------------------------------------------------------------
