[INFO] Scanning for projects...
[INFO] 
[INFO] ---------------------< com.example:AlgorithmName2 >---------------------
[INFO] Building AlgorithmName2 1.0-SNAPSHOT
[INFO]   from pom.xml
[INFO] --------------------------------[ jar ]---------------------------------
[INFO] 
[INFO] --- jacoco:0.8.11:prepare-agent (default) @ AlgorithmName2 ---
[INFO] argLine set to -javaagent:/home/kanyaphak673380391-3/.m2/repository/org/jacoco/org.jacoco.agent/0.8.11/org.jacoco.agent-0.8.11-runtime.jar=destfile=/tmp/bugrun/jxpath_17.Eefn7a/target/jacoco.exec
[INFO] 
[INFO] --- resources:3.4.0:resources (default-resources) @ AlgorithmName2 ---
[INFO] Copying 1 resource from src/main/resources to target/classes
[INFO] 
[INFO] --- compiler:3.15.0:compile (default-compile) @ AlgorithmName2 ---
[INFO] Recompiling the module because of changed source code.
[INFO] Compiling 1 source file with javac [debug target 1.8] to target/classes
[WARNING] bootstrap class path not set in conjunction with -source 8
[INFO] 
[INFO] --- dependency:3.6.0:unpack-dependencies (unpack-defects4j) @ AlgorithmName2 ---
[INFO] 
[INFO] --- resources:3.4.0:testResources (default-testResources) @ AlgorithmName2 ---
[INFO] skip non existing resourceDirectory /tmp/bugrun/jxpath_17.Eefn7a/src/test/resources
[INFO] 
[INFO] --- compiler:3.15.0:testCompile (default-testCompile) @ AlgorithmName2 ---
[INFO] Recompiling the module because of changed dependency.
[INFO] Compiling 1 source file with javac [debug target 1.8] to target/test-classes
[WARNING] bootstrap class path not set in conjunction with -source 8
[INFO] 
[INFO] --- surefire:3.1.2:test (default-cli) @ AlgorithmName2 ---
[INFO] Using auto detected provider org.apache.maven.surefire.junitplatform.JUnitPlatformProvider
[INFO] 
[INFO] -------------------------------------------------------
[INFO]  T E S T S
[INFO] -------------------------------------------------------
[INFO] Running com.example.algorithm2.Algorithm2Test
OpenJDK 64-Bit Server VM warning: Sharing is only supported for boot loader classes because bootstrap classpath has been appended
INFO: Loaded 281 hooks from com.code_intelligence.jazzer.runtime.TraceCmpHooks
INFO: Loaded 5 hooks from com.code_intelligence.jazzer.runtime.TraceDivHooks
INFO: Loaded 2 hooks from com.code_intelligence.jazzer.runtime.TraceIndirHooks
INFO: Loaded 4 hooks from com.code_intelligence.jazzer.runtime.NativeLibHooks
INFO: Loaded 2 hooks from com.code_intelligence.jazzer.sanitizers.ClojureLangHooks
INFO: Loaded 5 hooks from com.code_intelligence.jazzer.sanitizers.Deserialization
INFO: Loaded 5 hooks from com.code_intelligence.jazzer.sanitizers.ExpressionLanguageInjection
INFO: Loaded 70 hooks from com.code_intelligence.jazzer.sanitizers.LdapInjection
INFO: Loaded 46 hooks from com.code_intelligence.jazzer.sanitizers.NamingContextLookup
INFO: Loaded 1 hooks from com.code_intelligence.jazzer.sanitizers.OsCommandInjection
INFO: Loaded 52 hooks from com.code_intelligence.jazzer.sanitizers.ReflectiveCall
INFO: Loaded 8 hooks from com.code_intelligence.jazzer.sanitizers.RegexInjection
INFO: Loaded 16 hooks from com.code_intelligence.jazzer.sanitizers.RegexRoadblocks
INFO: Loaded 18 hooks from com.code_intelligence.jazzer.sanitizers.ScriptEngineInjection
INFO: Loaded 2 hooks from com.code_intelligence.jazzer.sanitizers.ServerSideRequestForgery
INFO: Loaded 19 hooks from com.code_intelligence.jazzer.sanitizers.SqlInjection
INFO: Loaded 6 hooks from com.code_intelligence.jazzer.sanitizers.XPathInjection
INFO: Instrumented com.example.algorithm2.Algorithm2Test$Skip (took 551 ms, size +44%)
INFO: Instrumented com.example.algorithm2.Algorithm2Test (took 309 ms, size +27%)
INFO: Instrumented org.apache.commons.jxpath.JXPathContext (took 310 ms, size +12%)
INFO: Instrumented org.apache.commons.jxpath.Variables (took 1 ms, size +0%)
INFO: Instrumented org.apache.commons.jxpath.Functions (took 0 ms, size +0%)
INFO: Instrumented org.apache.commons.jxpath.JXPathException (took 44 ms, size +24%)
INFO: New number of coverage counters: 1024
INFO: Instrumented org.apache.commons.jxpath.PackageFunctions (took 49 ms, size +38%)
INFO: Instrumented org.apache.commons.jxpath.Function (took 12 ms, size +0%)
INFO: Instrumented org.apache.commons.jxpath.CompiledExpression (took 2 ms, size +0%)
INFO: Instrumented org.apache.commons.jxpath.AbstractFactory (took 8 ms, size +34%)
INFO: Instrumented org.apache.commons.jxpath.Pointer (took 0 ms, size +0%)
INFO: Instrumented org.apache.commons.jxpath.IdentityManager (took 0 ms, size +0%)
INFO: Instrumented org.apache.commons.jxpath.KeyManager (took 0 ms, size +0%)
INFO: Instrumented org.apache.commons.jxpath.NodeSet (took 10 ms, size +0%)
[harness] target=org.apache.commons.jxpath.JXPathContext factories=1 methods=41
INFO: Instrumented org.apache.commons.jxpath.JXPathContextFactory (took 40 ms, size +28%)
INFO: Instrumented org.apache.commons.jxpath.JXPathContextFactoryConfigurationError (took 29 ms, size +30%)
INFO: Instrumented org.apache.commons.jxpath.ri.JXPathContextFactoryReferenceImpl (took 28 ms, size +35%)
INFO: Instrumented org.apache.commons.jxpath.ri.JXPathContextReferenceImpl (took 222 ms, size +14%)
INFO: Instrumented org.apache.commons.jxpath.ri.Compiler (took 1 ms, size +0%)
INFO: Instrumented org.apache.commons.jxpath.JXPathNotFoundException (took 17 ms, size +47%)
INFO: Instrumented org.apache.commons.jxpath.JXPathTypeConversionException (took 3 ms, size +38%)
INFO: Instrumented org.apache.commons.jxpath.JXPathFunctionNotFoundException (took 17 ms, size +45%)
INFO: Instrumented org.apache.commons.jxpath.JXPathInvalidSyntaxException (took 2 ms, size +46%)
INFO: New number of coverage counters: 2048
INFO: Instrumented org.apache.commons.jxpath.ri.EvalContext (took 103 ms, size +26%)
INFO: Instrumented org.apache.commons.jxpath.ExpressionContext (took 27 ms, size +0%)
INFO: Instrumented org.apache.commons.jxpath.ri.axes.RootContext (took 127 ms, size +17%)
INFO: Instrumented org.apache.commons.jxpath.ri.axes.InitialContext (took 18 ms, size +34%)
INFO: Instrumented org.apache.commons.jxpath.ri.compiler.TreeCompiler (took 160 ms, size +12%)
INFO: Instrumented org.apache.commons.jxpath.ri.compiler.CoreOperationEqual (took 12 ms, size +39%)
INFO: Instrumented org.apache.commons.jxpath.ri.compiler.CoreOperationCompare (took 49 ms, size +27%)
INFO: Instrumented org.apache.commons.jxpath.ri.compiler.CoreOperation (took 24 ms, size +30%)
INFO: Instrumented org.apache.commons.jxpath.ri.compiler.Operation (took 41 ms, size +47%)
INFO: Instrumented org.apache.commons.jxpath.ri.compiler.Expression (took 86 ms, size +23%)
INFO: Instrumented org.apache.commons.jxpath.ri.compiler.NameAttributeTest (took 23 ms, size +33%)
INFO: Instrumented org.apache.commons.jxpath.ri.QName (took 58 ms, size +49%)
INFO: Instrumented org.apache.commons.jxpath.ri.model.beans.CollectionPointerFactory (took 18 ms, size +31%)
INFO: Instrumented org.apache.commons.jxpath.ri.model.NodePointerFactory (took 0 ms, size +0%)
INFO: Instrumented org.apache.commons.jxpath.ri.model.NodePointer (took 160 ms, size +17%)
INFO: Instrumented org.apache.commons.jxpath.ri.model.beans.CollectionPointer (took 36 ms, size +15%)
INFO: Instrumented org.apache.commons.jxpath.ri.model.beans.BeanPointerFactory (took 12 ms, size +19%)
INFO: Instrumented org.apache.commons.jxpath.ri.model.beans.NullPointer (took 61 ms, size +17%)
INFO: Instrumented org.apache.commons.jxpath.ri.model.beans.PropertyOwnerPointer (took 48 ms, size +19%)
INFO: Instrumented org.apache.commons.jxpath.ri.model.beans.BeanPointer (took 23 ms, size +28%)
INFO: Instrumented org.apache.commons.jxpath.ri.model.dynamic.DynamicPointerFactory (took 14 ms, size +22%)
INFO: Instrumented org.apache.commons.jxpath.ri.model.dynamic.DynamicPointer (took 13 ms, size +17%)
INFO: Instrumented org.apache.commons.jxpath.ri.model.VariablePointerFactory (took 14 ms, size +21%)
INFO: New number of coverage counters: 4096
INFO: Instrumented org.apache.commons.jxpath.ri.model.VariablePointer (took 31 ms, size +16%)
INFO: Instrumented org.apache.commons.jxpath.ri.model.dom.DOMPointerFactory (took 4 ms, size +32%)
INFO: Instrumented org.apache.commons.jxpath.ri.model.dom.DOMNodePointer (took 110 ms, size +27%)
INFO: Instrumented org.apache.commons.jxpath.ri.model.container.ContainerPointerFactory (took 10 ms, size +31%)
INFO: Instrumented org.apache.commons.jxpath.ri.model.container.ContainerPointer (took 33 ms, size +18%)
INFO: Instrumented org.apache.commons.jxpath.ri.JXPathContextReferenceImpl$1 (took 4 ms, size +35%)
INFO: Instrumented org.apache.commons.jxpath.util.ValueUtils (took 78 ms, size +25%)
INFO: Instrumented org.apache.commons.jxpath.Container (took 0 ms, size +0%)
INFO: Instrumented org.apache.commons.jxpath.JXPathIntrospector (took 15 ms, size +36%)
INFO: Instrumented org.apache.commons.jxpath.JXPathBeanInfo (took 0 ms, size +0%)
INFO: Instrumented org.apache.commons.jxpath.JXPathBasicBeanInfo (took 12 ms, size +24%)
INFO: Instrumented org.apache.commons.jxpath.MapDynamicPropertyHandler (took 10 ms, size +37%)
INFO: Instrumented org.apache.commons.jxpath.DynamicPropertyHandler (took 1 ms, size +0%)
INFO: Instrumented org.apache.commons.jxpath.ri.model.VariablePointerFactory$VariableContextWrapper (took 4 ms, size +29%)
INFO: Instrumented org.apache.commons.jxpath.JXPathInvalidAccessException (took 3 ms, size +39%)
INFO: Instrumented org.apache.commons.jxpath.ri.model.NodeIterator (took 0 ms, size +0%)
INFO: Instrumented org.apache.commons.jxpath.ri.model.beans.PropertyPointer (took 28 ms, size +21%)
INFO: Instrumented org.apache.commons.jxpath.ri.model.beans.BeanPropertyPointer (took 22 ms, size +19%)
INFO: Instrumented org.apache.commons.jxpath.ri.NamespaceResolver (took 17 ms, size +29%)
INFO: found LLVMFuzzerCustomMutator (0x7ec42586ccd0). Disabling -len_control by default.
INFO: Running with entropic power schedule (0xFF, 100).
INFO: Seed: 1813509501
INFO: using inputs from: /tmp/bugrun/jxpath_17.Eefn7a/.cifuzz-corpus/com.example.algorithm2.Algorithm2Test/testParameterizedFuzzer
INFO: using inputs from: /tmp/jazzer-java-seeds6842914425645598226
INFO: Loaded 4 modules   (4096 inline 8-bit counters): 512 [0x7ec4e8b60720, 0x7ec4e8b60920), 512 [0x7ec4e8b60920, 0x7ec4e8b60b20), 1024 [0x7ec4e8b60b20, 0x7ec4e8b60f20), 2048 [0x7ec4e8b60f20, 0x7ec4e8b61720), 
INFO: Loaded 4 PC tables (4096 PCs): 512 [0x7ec4e86bd170,0x7ec4e86bf170), 512 [0x7ec4e8a96cf0,0x7ec4e8a98cf0), 1024 [0x7ec4e87c2de0,0x7ec4e87c6de0), 2048 [0x7ec4e8ad5a10,0x7ec4e8adda10), 
INFO:        0 files found in /tmp/bugrun/jxpath_17.Eefn7a/.cifuzz-corpus/com.example.algorithm2.Algorithm2Test/testParameterizedFuzzer
INFO:        0 files found in /tmp/jazzer-java-seeds6842914425645598226
INFO: -max_len is not provided; libFuzzer will not generate inputs larger than 4096 bytes
INFO: A corpus is not provided, starting from an empty corpus
INFO: Instrumented org.apache.commons.jxpath.ri.Parser (took 25 ms, size +23%)
INFO: Instrumented org.apache.commons.jxpath.ri.parser.TokenMgrError (took 19 ms, size +21%)
INFO: Instrumented org.apache.commons.jxpath.ri.parser.ParseException (took 25 ms, size +22%)
INFO: New number of coverage counters: 8192
INFO: Instrumented org.apache.commons.jxpath.ri.parser.XPathParser (took 456 ms, size +29%)
INFO: Instrumented org.apache.commons.jxpath.ri.parser.XPathParserConstants (took 2 ms, size +9%)
INFO: Instrumented org.apache.commons.jxpath.ri.parser.XPathParser$JJCalls (took 2 ms, size +45%)
INFO: Instrumented org.apache.commons.jxpath.ri.parser.SimpleCharStream (took 65 ms, size +18%)
#2	INITED cov: 340 ft: 340 corp: 1/1b exec/s: 0 rss: 1409Mb
#3	NEW    cov: 347 ft: 385 corp: 2/3b lim: 4 exec/s: 0 rss: 1409Mb L: 2/2 MS: 2 InsertByte-Custom-
#5	NEW    cov: 349 ft: 390 corp: 3/4b lim: 4 exec/s: 0 rss: 1409Mb L: 1/2 MS: 4 ShuffleBytes-Custom-ChangeBinInt-Custom-
INFO: Instrumented org.apache.commons.jxpath.ri.parser.XPathParserTokenManager (took 175 ms, size +22%)
INFO: Instrumented org.apache.commons.jxpath.ri.parser.Token (took 6 ms, size +38%)
#7	NEW    cov: 354 ft: 395 corp: 4/6b lim: 4 exec/s: 7 rss: 1412Mb L: 2/2 MS: 4 CopyPart-Custom-InsertByte-Custom-
#10	NEW    cov: 357 ft: 398 corp: 5/7b lim: 4 exec/s: 10 rss: 1413Mb L: 1/2 MS: 6 ShuffleBytes-Custom-CopyPart-Custom-ChangeByte-Custom-
#11	NEW    cov: 358 ft: 399 corp: 6/8b lim: 4 exec/s: 11 rss: 1427Mb L: 1/2 MS: 2 ChangeBit-Custom-
#12	NEW    cov: 359 ft: 400 corp: 7/9b lim: 4 exec/s: 12 rss: 1427Mb L: 1/2 MS: 2 ChangeByte-Custom-
#13	NEW    cov: 369 ft: 468 corp: 8/10b lim: 4 exec/s: 13 rss: 1427Mb L: 1/2 MS: 2 ChangeByte-Custom-
#15	NEW    cov: 370 ft: 469 corp: 9/11b lim: 4 exec/s: 15 rss: 1427Mb L: 1/2 MS: 4 EraseBytes-Custom-ChangeBit-Custom-
INFO: Instrumented org.apache.commons.jxpath.ri.model.beans.NullPropertyPointer (took 33 ms, size +23%)
INFO: Instrumented org.apache.commons.jxpath.ri.JXPathCompiledExpression (took 9 ms, size +14%)
#24	NEW    cov: 373 ft: 472 corp: 10/13b lim: 4 exec/s: 24 rss: 1427Mb L: 2/2 MS: 8 ChangeBinInt-Custom-CrossOver-Custom-ChangeByte-Custom-ShuffleBytes-Custom-
#36	NEW    cov: 374 ft: 473 corp: 11/15b lim: 4 exec/s: 36 rss: 1428Mb L: 2/2 MS: 4 ChangeBit-Custom-ChangeBit-Custom-
#37	NEW    cov: 375 ft: 521 corp: 12/16b lim: 4 exec/s: 37 rss: 1428Mb L: 1/2 MS: 2 ShuffleBytes-Custom-
#44	NEW    cov: 376 ft: 522 corp: 13/17b lim: 4 exec/s: 44 rss: 1428Mb L: 1/2 MS: 4 ShuffleBytes-Custom-ChangeBit-Custom-
MS: 6 InsertByte-Custom-CopyPart-Custom-EraseBytes-Custom-; base unit: c4488af0c158e8c2832cb927cfb3ce534104cd1e
0xc3,
\303
artifact_prefix='/tmp/bugrun/jxpath_17.Eefn7a/'; Test unit written to /tmp/bugrun/jxpath_17.Eefn7a/crash-8bf7b464aaa2c2b536aa1d76a1297c19155f5603
Base64: ww==
Done 47 runs in 1 second(s)
DEDUP_TOKEN: 02e479c510361312
[ERROR] Tests run: 2, Failures: 0, Errors: 1, Skipped: 0, Time elapsed: 20.35 s <<< FAILURE! -- in com.example.algorithm2.Algorithm2Test
[ERROR] com.example.algorithm2.Algorithm2Test.testParameterizedFuzzer(FuzzedDataProvider)[2] -- Time elapsed: 1.584 s <<< ERROR!
org.apache.commons.jxpath.JXPathException: Cannot find an element by ID - no IdentityManager has been specified
	at org.apache.commons.jxpath.JXPathContext.getPointerByID(JXPathContext.java:766)
	at java.base/jdk.internal.reflect.NativeMethodAccessorImpl.invoke0(Native Method)
	at java.base/jdk.internal.reflect.NativeMethodAccessorImpl.invoke(NativeMethodAccessorImpl.java:62)
	at java.base/jdk.internal.reflect.DelegatingMethodAccessorImpl.invoke(DelegatingMethodAccessorImpl.java:43)
	at java.base/java.lang.reflect.Method.invoke(Method.java:566)
	at com.example.algorithm2.Algorithm2Test.testParameterizedFuzzer(Algorithm2Test.java:226)

[INFO] 
[INFO] Results:
[INFO] 
[ERROR] Errors: 
[ERROR]   Algorithm2Test.testParameterizedFuzzer:226 » JXPath Cannot find an element by ID - no IdentityManager has been specified
[INFO] 
[ERROR] Tests run: 2, Failures: 0, Errors: 1, Skipped: 0
[INFO] 
[ERROR] 

Please refer to /tmp/bugrun/jxpath_17.Eefn7a/target/surefire-reports for the individual test results.
Please refer to dump files (if any exist) [date].dump, [date]-jvmRun[N].dump and [date].dumpstream.
[INFO] 
[INFO] --- jacoco:0.8.11:report (default-cli) @ AlgorithmName2 ---
[INFO] Loading execution data file /tmp/bugrun/jxpath_17.Eefn7a/target/jacoco.exec
[INFO] Analyzed bundle 'AlgorithmName2' with 162 classes
[INFO] ------------------------------------------------------------------------
[INFO] BUILD SUCCESS
[INFO] ------------------------------------------------------------------------
[INFO] Total time:  40.494 s
[INFO] Finished at: 2026-10-06T03:06:52+07:00
[INFO] ------------------------------------------------------------------------
