[INFO] Scanning for projects...
[INFO] 
[INFO] ---------------------< com.example:AlgorithmName2 >---------------------
[INFO] Building AlgorithmName2 1.0-SNAPSHOT
[INFO]   from pom.xml
[INFO] --------------------------------[ jar ]---------------------------------
[INFO] 
[INFO] --- jacoco:0.8.11:prepare-agent (default) @ AlgorithmName2 ---
[INFO] argLine set to -javaagent:/home/kanyaphak673380391-3/.m2/repository/org/jacoco/org.jacoco.agent/0.8.11/org.jacoco.agent-0.8.11-runtime.jar=destfile=/tmp/bugrun/cli_19.rJYCFI/target/jacoco.exec
[INFO] 
[INFO] --- resources:3.4.0:resources (default-resources) @ AlgorithmName2 ---
[INFO] Copying 1 resource from src/main/resources to target/classes
[INFO] 
[INFO] --- compiler:3.15.0:compile (default-compile) @ AlgorithmName2 ---
[INFO] Recompiling the module because of changed source code.
[INFO] Compiling 1 source file with javac [debug target 1.8] to target/classes
[WARNING] bootstrap class path not set in conjunction with -source 8
[INFO] 
[INFO] --- dependency:3.6.0:unpack-dependencies (unpack-defects4j) @ AlgorithmName2 ---
[INFO] 
[INFO] --- resources:3.4.0:testResources (default-testResources) @ AlgorithmName2 ---
[INFO] skip non existing resourceDirectory /tmp/bugrun/cli_19.rJYCFI/src/test/resources
[INFO] 
[INFO] --- compiler:3.15.0:testCompile (default-testCompile) @ AlgorithmName2 ---
[INFO] Recompiling the module because of changed dependency.
[INFO] Compiling 1 source file with javac [debug target 1.8] to target/test-classes
[WARNING] bootstrap class path not set in conjunction with -source 8
[INFO] 
[INFO] --- surefire:3.1.2:test (default-cli) @ AlgorithmName2 ---
[INFO] Using auto detected provider org.apache.maven.surefire.junitplatform.JUnitPlatformProvider
[INFO] 
[INFO] -------------------------------------------------------
[INFO]  T E S T S
[INFO] -------------------------------------------------------
[INFO] Running com.example.algorithm2.Algorithm2Test
OpenJDK 64-Bit Server VM warning: Sharing is only supported for boot loader classes because bootstrap classpath has been appended
INFO: Loaded 281 hooks from com.code_intelligence.jazzer.runtime.TraceCmpHooks
INFO: Loaded 5 hooks from com.code_intelligence.jazzer.runtime.TraceDivHooks
INFO: Loaded 2 hooks from com.code_intelligence.jazzer.runtime.TraceIndirHooks
INFO: Loaded 4 hooks from com.code_intelligence.jazzer.runtime.NativeLibHooks
INFO: Loaded 2 hooks from com.code_intelligence.jazzer.sanitizers.ClojureLangHooks
INFO: Loaded 5 hooks from com.code_intelligence.jazzer.sanitizers.Deserialization
INFO: Loaded 5 hooks from com.code_intelligence.jazzer.sanitizers.ExpressionLanguageInjection
INFO: Loaded 70 hooks from com.code_intelligence.jazzer.sanitizers.LdapInjection
INFO: Loaded 46 hooks from com.code_intelligence.jazzer.sanitizers.NamingContextLookup
INFO: Loaded 1 hooks from com.code_intelligence.jazzer.sanitizers.OsCommandInjection
INFO: Loaded 52 hooks from com.code_intelligence.jazzer.sanitizers.ReflectiveCall
INFO: Loaded 8 hooks from com.code_intelligence.jazzer.sanitizers.RegexInjection
INFO: Loaded 16 hooks from com.code_intelligence.jazzer.sanitizers.RegexRoadblocks
INFO: Loaded 18 hooks from com.code_intelligence.jazzer.sanitizers.ScriptEngineInjection
INFO: Loaded 2 hooks from com.code_intelligence.jazzer.sanitizers.ServerSideRequestForgery
INFO: Loaded 19 hooks from com.code_intelligence.jazzer.sanitizers.SqlInjection
INFO: Loaded 6 hooks from com.code_intelligence.jazzer.sanitizers.XPathInjection
INFO: Instrumented com.example.algorithm2.Algorithm2Test$Skip (took 691 ms, size +44%)
INFO: Instrumented com.example.algorithm2.Algorithm2Test (took 531 ms, size +27%)
INFO: Instrumented org.apache.commons.cli.CommandLine (took 157 ms, size +31%)
INFO: New number of coverage counters: 1024
INFO: Instrumented org.apache.commons.cli.Option (took 95 ms, size +25%)
[harness] target=org.apache.commons.cli.CommandLine factories=1 methods=15
INFO: using inputs from: /tmp/bugrun/cli_19.rJYCFI/.cifuzz-corpus/com.example.algorithm2.Algorithm2Test/testParameterizedFuzzer
INFO: using inputs from: /tmp/jazzer-java-seeds15847322049378931340
INFO: found LLVMFuzzerCustomMutator (0x7d4dddd71cd0). Disabling -len_control by default.
INFO: Running with entropic power schedule (0xFF, 100).
INFO: Seed: 1297843326
INFO: Loaded 2 modules   (1024 inline 8-bit counters): 512 [0x7d4ea0aabb20, 0x7d4ea0aabd20), 512 [0x7d4ea0aabd20, 0x7d4ea0aabf20), 
INFO: Loaded 2 PC tables (1024 PCs): 512 [0x7d4ea0963c30,0x7d4ea0965c30), 512 [0x7d4ea0a2fe50,0x7d4ea0a31e50), 
INFO:        0 files found in /tmp/bugrun/cli_19.rJYCFI/.cifuzz-corpus/com.example.algorithm2.Algorithm2Test/testParameterizedFuzzer
INFO:        0 files found in /tmp/jazzer-java-seeds15847322049378931340
INFO: -max_len is not provided; libFuzzer will not generate inputs larger than 4096 bytes
INFO: A corpus is not provided, starting from an empty corpus
#2	INITED cov: 46 ft: 46 corp: 1/1b exec/s: 0 rss: 936Mb
#3	NEW    cov: 57 ft: 57 corp: 2/2b lim: 4 exec/s: 0 rss: 936Mb L: 1/1 MS: 2 ChangeBit-Custom-
#8	NEW    cov: 60 ft: 66 corp: 3/3b lim: 4 exec/s: 0 rss: 936Mb L: 1/1 MS: 10 ShuffleBytes-Custom-ShuffleBytes-Custom-CopyPart-Custom-CopyPart-Custom-ChangeBinInt-Custom-
#10	NEW    cov: 63 ft: 69 corp: 4/4b lim: 4 exec/s: 0 rss: 936Mb L: 1/1 MS: 4 InsertByte-Custom-EraseBytes-Custom-
#13	NEW    cov: 67 ft: 73 corp: 5/6b lim: 4 exec/s: 0 rss: 936Mb L: 2/2 MS: 6 ShuffleBytes-Custom-InsertByte-Custom-ChangeByte-Custom-
INFO: #33	NEW    cov: 70 ft: 76 corp: 6/9b lim: 4 exec/s: 0 rss: 936Mb L: 3/3 MS: 10 InsertByte-Custom-EraseBytes-Custom-CrossOver-Custom-ChangeBit-Custom-CopyPart-Custom-
#38	NEW    cov: 73 ft: 79 corp: 7/10b lim: 4 exec/s: 0 rss: 936Mb L: 1/3 MS: 10 ChangeByte-Custom-ShuffleBytes-Custom-ChangeByte-Custom-CopyPart-Custom-ChangeBinInt-Custom-
Instrumented org.apache.commons.cli.Util (took 16 ms, size +74%)
#48	NEW    cov: 75 ft: 91 corp: 8/14b lim: 4 exec/s: 0 rss: 936Mb L: 4/4 MS: 10 ChangeBit-Custom-ChangeBit-Custom-InsertByte-Custom-ChangeByte-Custom-CopyPart-Custom-
#50	NEW    cov: 76 ft: 92 corp: 9/16b lim: 4 exec/s: 0 rss: 936Mb L: 2/4 MS: 4 CrossOver-Custom-InsertByte-Custom-
#61	NEW    cov: 78 ft: 94 corp: 10/18b lim: 4 exec/s: 0 rss: 936Mb L: 2/4 MS: 2 InsertByte-Custom-
#64	NEW    cov: 80 ft: 96 corp: 11/20b lim: 4 exec/s: 0 rss: 936Mb L: 2/4 MS: 6 ChangeASCIIInt-Custom-ChangeBinInt-Custom-CopyPart-Custom-
#79	NEW    cov: 80 ft: 97 corp: 12/22b lim: 4 exec/s: 0 rss: 936Mb L: 2/4 MS: 10 ChangeBit-Custom-ChangeByte-Custom-ChangeBit-Custom-CopyPart-Custom-CopyPart-Custom-
#119	NEW    cov: 80 ft: 98 corp: 13/25b lim: 4 exec/s: 0 rss: 936Mb L: 3/4 MS: 10 CopyPart-Custom-ShuffleBytes-Custom-CrossOver-Custom-EraseBytes-Custom-CopyPart-Custom-
#124	NEW    cov: 83 ft: 101 corp: 14/27b lim: 4 exec/s: 0 rss: 936Mb L: 2/4 MS: 10 CrossOver-Custom-ChangeByte-Custom-ChangeBinInt-Custom-CopyPart-Custom-ChangeByte-Custom-
#146	REDUCE cov: 83 ft: 101 corp: 14/26b lim: 4 exec/s: 0 rss: 936Mb L: 1/4 MS: 4 ChangeBit-Custom-EraseBytes-Custom-
#158	NEW    cov: 83 ft: 103 corp: 15/30b lim: 4 exec/s: 0 rss: 936Mb L: 4/4 MS: 4 CopyPart-Custom-CrossOver-Custom-
#175	NEW    cov: 83 ft: 107 corp: 16/34b lim: 4 exec/s: 0 rss: 936Mb L: 4/4 MS: 4 ChangeBit-Custom-CrossOver-Custom-
#194	NEW    cov: 83 ft: 109 corp: 17/35b lim: 4 exec/s: 0 rss: 936Mb L: 1/4 MS: 8 ChangeByte-Custom-ShuffleBytes-Custom-ChangeByte-Custom-ChangeBit-Custom-
#207	NEW    cov: 83 ft: 121 corp: 18/39b lim: 4 exec/s: 0 rss: 936Mb L: 4/4 MS: 6 CopyPart-Custom-ChangeByte-Custom-CopyPart-Custom-
#264	REDUCE cov: 83 ft: 121 corp: 18/38b lim: 4 exec/s: 0 rss: 936Mb L: 1/4 MS: 4 ChangeBit-Custom-EraseBytes-Custom-
#331	NEW    cov: 83 ft: 122 corp: 19/42b lim: 4 exec/s: 0 rss: 941Mb L: 4/4 MS: 4 ShuffleBytes-Custom-CopyPart-Custom-
#366	NEW    cov: 83 ft: 124 corp: 20/46b lim: 4 exec/s: 0 rss: 943Mb L: 4/4 MS: 10 CrossOver-Custom-ChangeBit-Custom-CrossOver-Custom-ChangeBinInt-Custom-CopyPart-Custom-
#484	NEW    cov: 83 ft: 127 corp: 21/50b lim: 4 exec/s: 0 rss: 945Mb L: 4/4 MS: 6 CrossOver-Custom-ShuffleBytes-Custom-CopyPart-Custom-
#634	REDUCE cov: 83 ft: 130 corp: 22/52b lim: 4 exec/s: 0 rss: 945Mb L: 2/4 MS: 10 ChangeBit-Custom-ChangeByte-Custom-InsertByte-Custom-ChangeByte-Custom-CrossOver-Custom-
#661	NEW    cov: 83 ft: 133 corp: 23/56b lim: 4 exec/s: 0 rss: 945Mb L: 4/4 MS: 4 ShuffleBytes-Custom-CopyPart-Custom-
#722	REDUCE cov: 83 ft: 133 corp: 23/55b lim: 4 exec/s: 0 rss: 945Mb L: 1/4 MS: 2 EraseBytes-Custom-
#741	REDUCE cov: 83 ft: 133 corp: 23/54b lim: 4 exec/s: 0 rss: 945Mb L: 2/4 MS: 8 ChangeBinInt-Custom-ShuffleBytes-Custom-ChangeBit-Custom-EraseBytes-Custom-
#792	REDUCE cov: 83 ft: 133 corp: 23/52b lim: 4 exec/s: 0 rss: 945Mb L: 2/4 MS: 2 EraseBytes-Custom-
#917	NEW    cov: 83 ft: 136 corp: 24/56b lim: 4 exec/s: 0 rss: 945Mb L: 4/4 MS: 10 CopyPart-Custom-CrossOver-Custom-ShuffleBytes-Custom-ChangeByte-Custom-CrossOver-Custom-
#1111	NEW    cov: 83 ft: 140 corp: 25/60b lim: 4 exec/s: 0 rss: 945Mb L: 4/4 MS: 8 ChangeByte-Custom-CMP-Custom-CrossOver-Custom-InsertByte-Custom- DE: "\001\012"-
#1182	REDUCE cov: 83 ft: 140 corp: 25/59b lim: 4 exec/s: 0 rss: 945Mb L: 1/4 MS: 2 EraseBytes-Custom-
#1395	NEW    cov: 83 ft: 142 corp: 26/65b lim: 6 exec/s: 0 rss: 945Mb L: 6/6 MS: 6 ChangeByte-Custom-InsertByte-Custom-CrossOver-Custom-
#1407	NEW    cov: 83 ft: 144 corp: 27/71b lim: 6 exec/s: 0 rss: 945Mb L: 6/6 MS: 4 ChangeByte-Custom-CopyPart-Custom-
#1409	NEW    cov: 83 ft: 147 corp: 28/77b lim: 6 exec/s: 0 rss: 945Mb L: 6/6 MS: 4 ChangeByte-Custom-InsertRepeatedBytes-Custom-
#1706	REDUCE cov: 83 ft: 147 corp: 28/76b lim: 8 exec/s: 0 rss: 945Mb L: 5/6 MS: 4 CopyPart-Custom-EraseBytes-Custom-
#1932	NEW    cov: 83 ft: 149 corp: 29/83b lim: 8 exec/s: 0 rss: 945Mb L: 7/7 MS: 2 InsertByte-Custom-
#1985	NEW    cov: 83 ft: 162 corp: 30/90b lim: 8 exec/s: 0 rss: 945Mb L: 7/7 MS: 6 CopyPart-Custom-InsertByte-Custom-CrossOver-Custom-
#1987	NEW    cov: 83 ft: 170 corp: 31/97b lim: 8 exec/s: 0 rss: 945Mb L: 7/7 MS: 4 InsertRepeatedBytes-Custom-ShuffleBytes-Custom-
#2183	NEW    cov: 83 ft: 173 corp: 32/104b lim: 8 exec/s: 0 rss: 945Mb L: 7/7 MS: 2 InsertRepeatedBytes-Custom-
#2190	NEW    cov: 83 ft: 174 corp: 33/112b lim: 8 exec/s: 0 rss: 945Mb L: 8/8 MS: 4 CopyPart-Custom-CopyPart-Custom-
#2292	REDUCE cov: 83 ft: 178 corp: 34/120b lim: 8 exec/s: 0 rss: 945Mb L: 8/8 MS: 4 ChangeASCIIInt-Custom-InsertRepeatedBytes-Custom-
#2449	REDUCE cov: 83 ft: 178 corp: 34/119b lim: 8 exec/s: 0 rss: 945Mb L: 1/8 MS: 4 CopyPart-Custom-EraseBytes-Custom-
#2677	NEW    cov: 83 ft: 180 corp: 35/127b lim: 8 exec/s: 0 rss: 945Mb L: 8/8 MS: 6 CopyPart-Custom-InsertRepeatedBytes-Custom-InsertByte-Custom-
#2679	NEW    cov: 83 ft: 183 corp: 36/135b lim: 8 exec/s: 0 rss: 945Mb L: 8/8 MS: 4 CopyPart-Custom-InsertRepeatedBytes-Custom-
#2774	NEW    cov: 83 ft: 185 corp: 37/143b lim: 8 exec/s: 0 rss: 945Mb L: 8/8 MS: 10 InsertByte-Custom-ChangeBit-Custom-CopyPart-Custom-EraseBytes-Custom-CrossOver-Custom-
#2884	NEW    cov: 85 ft: 187 corp: 38/146b lim: 8 exec/s: 0 rss: 945Mb L: 3/8 MS: 10 ShuffleBytes-Custom-ShuffleBytes-Custom-InsertByte-Custom-CrossOver-Custom-CopyPart-Custom-
#3012	REDUCE cov: 85 ft: 187 corp: 38/143b lim: 8 exec/s: 0 rss: 945Mb L: 3/8 MS: 6 ChangeBit-Custom-CopyPart-Custom-EraseBytes-Custom-
#3056	REDUCE cov: 85 ft: 187 corp: 38/142b lim: 8 exec/s: 0 rss: 945Mb L: 1/8 MS: 8 ChangeByte-Custom-CrossOver-Custom-EraseBytes-Custom-EraseBytes-Custom-
#3111	NEW    cov: 87 ft: 189 corp: 39/149b lim: 8 exec/s: 0 rss: 945Mb L: 7/8 MS: 10 CopyPart-Custom-CrossOver-Custom-ShuffleBytes-Custom-CopyPart-Custom-EraseBytes-Custom-
#3155	NEW    cov: 87 ft: 191 corp: 40/157b lim: 8 exec/s: 0 rss: 945Mb L: 8/8 MS: 8 CrossOver-Custom-CMP-Custom-CopyPart-Custom-CopyPart-Custom- DE: "\377\377\377\377"-
#3510	NEW    cov: 87 ft: 193 corp: 41/168b lim: 11 exec/s: 0 rss: 945Mb L: 11/11 MS: 10 InsertRepeatedBytes-Custom-ShuffleBytes-Custom-InsertRepeatedBytes-Custom-ShuffleBytes-Custom-CopyPart-Custom-
#3560	NEW    cov: 87 ft: 200 corp: 42/179b lim: 11 exec/s: 0 rss: 945Mb L: 11/11 MS: 10 CopyPart-Custom-ChangeBit-Custom-ChangeByte-Custom-ChangeByte-Custom-CopyPart-Custom-
#3752	REDUCE cov: 87 ft: 200 corp: 42/176b lim: 11 exec/s: 0 rss: 945Mb L: 4/11 MS: 4 InsertByte-Custom-EraseBytes-Custom-
#4044	NEW    cov: 87 ft: 207 corp: 43/187b lim: 11 exec/s: 0 rss: 945Mb L: 11/11 MS: 4 ChangeByte-Custom-InsertRepeatedBytes-Custom-
#4045	NEW    cov: 87 ft: 213 corp: 44/198b lim: 11 exec/s: 0 rss: 945Mb L: 11/11 MS: 2 CrossOver-Custom-
#4057	NEW    cov: 87 ft: 216 corp: 45/208b lim: 11 exec/s: 0 rss: 945Mb L: 10/11 MS: 4 CopyPart-Custom-CopyPart-Custom-
#4088	REDUCE cov: 87 ft: 216 corp: 45/207b lim: 11 exec/s: 0 rss: 945Mb L: 7/11 MS: 2 EraseBytes-Custom-
#4424	REDUCE cov: 87 ft: 216 corp: 45/206b lim: 14 exec/s: 0 rss: 945Mb L: 7/11 MS: 2 EraseBytes-Custom-
#4491	NEW    cov: 87 ft: 220 corp: 46/218b lim: 14 exec/s: 0 rss: 945Mb L: 12/12 MS: 4 EraseBytes-Custom-InsertRepeatedBytes-Custom-
#4672	REDUCE cov: 87 ft: 222 corp: 47/230b lim: 14 exec/s: 0 rss: 945Mb L: 12/12 MS: 2 CopyPart-Custom-
#4675	NEW    cov: 87 ft: 226 corp: 48/242b lim: 14 exec/s: 0 rss: 945Mb L: 12/12 MS: 6 CopyPart-Custom-ChangeByte-Custom-InsertRepeatedBytes-Custom-
#4758	REDUCE cov: 87 ft: 229 corp: 49/250b lim: 14 exec/s: 0 rss: 945Mb L: 8/12 MS: 6 ShuffleBytes-Custom-InsertRepeatedBytes-Custom-CopyPart-Custom-
#5484	REDUCE cov: 87 ft: 229 corp: 49/249b lim: 21 exec/s: 0 rss: 945Mb L: 6/12 MS: 2 EraseBytes-Custom-
#5810	REDUCE cov: 87 ft: 229 corp: 49/248b lim: 21 exec/s: 0 rss: 945Mb L: 3/12 MS: 2 EraseBytes-Custom-
#6606	NEW    cov: 87 ft: 240 corp: 50/272b lim: 25 exec/s: 0 rss: 945Mb L: 24/24 MS: 2 CopyPart-Custom-
#7384	NEW    cov: 87 ft: 251 corp: 51/296b lim: 29 exec/s: 0 rss: 945Mb L: 24/24 MS: 6 CopyPart-Custom-ShuffleBytes-Custom-InsertRepeatedBytes-Custom-
#7482	NEW    cov: 87 ft: 259 corp: 52/319b lim: 29 exec/s: 0 rss: 945Mb L: 23/24 MS: 6 InsertRepeatedBytes-Custom-ChangeBit-Custom-ShuffleBytes-Custom-
#7575	REDUCE cov: 87 ft: 261 corp: 53/348b lim: 29 exec/s: 0 rss: 945Mb L: 29/29 MS: 6 ShuffleBytes-Custom-ChangeByte-Custom-InsertRepeatedBytes-Custom-
#7582	REDUCE cov: 87 ft: 261 corp: 53/346b lim: 29 exec/s: 0 rss: 945Mb L: 27/27 MS: 4 CrossOver-Custom-EraseBytes-Custom-
#8049	REDUCE cov: 87 ft: 261 corp: 53/345b lim: 33 exec/s: 0 rss: 945Mb L: 5/27 MS: 4 CrossOver-Custom-EraseBytes-Custom-
#8298	NEW    cov: 87 ft: 263 corp: 54/378b lim: 33 exec/s: 0 rss: 946Mb L: 33/33 MS: 8 ShuffleBytes-Custom-ShuffleBytes-Custom-InsertRepeatedBytes-Custom-CopyPart-Custom-
#8500	REDUCE cov: 87 ft: 263 corp: 54/376b lim: 33 exec/s: 0 rss: 946Mb L: 25/33 MS: 4 CopyPart-Custom-EraseBytes-Custom-
#10578	REDUCE cov: 87 ft: 268 corp: 55/420b lim: 53 exec/s: 0 rss: 946Mb L: 44/44 MS: 6 InsertRepeatedBytes-Custom-ChangeBit-Custom-InsertRepeatedBytes-Custom-
#10605	REDUCE cov: 87 ft: 268 corp: 55/418b lim: 53 exec/s: 0 rss: 946Mb L: 10/44 MS: 4 ChangeByte-Custom-EraseBytes-Custom-
#10891	NEW    cov: 87 ft: 272 corp: 56/453b lim: 53 exec/s: 0 rss: 946Mb L: 35/44 MS: 2 InsertRepeatedBytes-Custom-
#11228	REDUCE cov: 87 ft: 272 corp: 56/452b lim: 53 exec/s: 0 rss: 946Mb L: 11/44 MS: 4 CopyPart-Custom-EraseBytes-Custom-
#11251	REDUCE cov: 87 ft: 272 corp: 56/444b lim: 53 exec/s: 0 rss: 946Mb L: 25/44 MS: 6 CopyPart-Custom-InsertByte-Custom-EraseBytes-Custom-
#11367	REDUCE cov: 87 ft: 272 corp: 56/441b lim: 53 exec/s: 0 rss: 946Mb L: 22/44 MS: 2 EraseBytes-Custom-
#11402	REDUCE cov: 87 ft: 272 corp: 56/439b lim: 53 exec/s: 0 rss: 946Mb L: 42/42 MS: 10 ChangeByte-Custom-InsertByte-Custom-InsertByte-Custom-ChangeBinInt-Custom-EraseBytes-Custom-
#11774	REDUCE cov: 87 ft: 272 corp: 56/438b lim: 53 exec/s: 0 rss: 946Mb L: 41/41 MS: 4 EraseBytes-Custom-CMP-Custom- DE: "\027\000\000\000"-
#12962	REDUCE cov: 87 ft: 272 corp: 56/436b lim: 63 exec/s: 0 rss: 946Mb L: 22/41 MS: 6 ChangeByte-Custom-ShuffleBytes-Custom-EraseBytes-Custom-
#13643	REDUCE cov: 87 ft: 272 corp: 56/435b lim: 68 exec/s: 0 rss: 946Mb L: 3/41 MS: 2 EraseBytes-Custom-
#14592	NEW    cov: 87 ft: 274 corp: 57/509b lim: 74 exec/s: 0 rss: 946Mb L: 74/74 MS: 8 InsertRepeatedBytes-Custom-InsertRepeatedBytes-Custom-ChangeBinInt-Custom-CopyPart-Custom-
#15335	NEW    cov: 87 ft: 278 corp: 58/585b lim: 80 exec/s: 0 rss: 946Mb L: 76/76 MS: 6 ChangeByte-Custom-CopyPart-Custom-InsertRepeatedBytes-Custom-
#15346	REDUCE cov: 87 ft: 283 corp: 59/661b lim: 80 exec/s: 0 rss: 946Mb L: 76/76 MS: 2 CopyPart-Custom-
#15732	REDUCE cov: 87 ft: 283 corp: 59/660b lim: 80 exec/s: 0 rss: 946Mb L: 10/76 MS: 2 EraseBytes-Custom-
#15856	NEW    cov: 87 ft: 285 corp: 60/731b lim: 80 exec/s: 0 rss: 946Mb L: 71/76 MS: 8 CrossOver-Custom-ChangeASCIIInt-Custom-InsertRepeatedBytes-Custom-InsertRepeatedBytes-Custom-
#15927	REDUCE cov: 87 ft: 285 corp: 60/728b lim: 80 exec/s: 0 rss: 946Mb L: 68/76 MS: 2 EraseBytes-Custom-
#16267	REDUCE cov: 87 ft: 285 corp: 60/706b lim: 80 exec/s: 0 rss: 946Mb L: 54/76 MS: 10 EraseBytes-Custom-ChangeBinInt-Custom-ShuffleBytes-Custom-ChangeBinInt-Custom-ChangeByte-Custom-
#16353	REDUCE cov: 87 ft: 285 corp: 60/705b lim: 80 exec/s: 0 rss: 946Mb L: 4/76 MS: 2 EraseBytes-Custom-
#16549	REDUCE cov: 87 ft: 285 corp: 60/704b lim: 80 exec/s: 0 rss: 946Mb L: 10/76 MS: 2 EraseBytes-Custom-
#18390	REDUCE cov: 87 ft: 285 corp: 60/703b lim: 98 exec/s: 0 rss: 947Mb L: 9/76 MS: 2 EraseBytes-Custom-
#18980	REDUCE cov: 87 ft: 289 corp: 61/801b lim: 98 exec/s: 0 rss: 947Mb L: 98/98 MS: 10 InsertByte-Custom-InsertByte-Custom-CMP-Custom-InsertRepeatedBytes-Custom-InsertRepeatedBytes-Custom- DE: "\377\003"-
#19223	REDUCE cov: 87 ft: 289 corp: 61/796b lim: 98 exec/s: 0 rss: 947Mb L: 93/93 MS: 6 CopyPart-Custom-ShuffleBytes-Custom-EraseBytes-Custom-
#19622	REDUCE cov: 87 ft: 289 corp: 61/782b lim: 98 exec/s: 0 rss: 947Mb L: 79/79 MS: 8 InsertByte-Custom-EraseBytes-Custom-InsertRepeatedBytes-Custom-CopyPart-Custom-
#20339	REDUCE cov: 87 ft: 289 corp: 61/781b lim: 104 exec/s: 0 rss: 947Mb L: 11/79 MS: 4 ShuffleBytes-Custom-EraseBytes-Custom-
#20411	REDUCE cov: 87 ft: 289 corp: 61/780b lim: 104 exec/s: 0 rss: 947Mb L: 7/79 MS: 4 EraseBytes-Custom-CopyPart-Custom-
#20957	REDUCE cov: 87 ft: 289 corp: 61/779b lim: 104 exec/s: 0 rss: 947Mb L: 24/79 MS: 2 EraseBytes-Custom-
#21113	REDUCE cov: 87 ft: 289 corp: 61/778b lim: 104 exec/s: 0 rss: 947Mb L: 34/79 MS: 2 EraseBytes-Custom-
#22302	REDUCE cov: 87 ft: 289 corp: 61/776b lim: 110 exec/s: 0 rss: 947Mb L: 22/79 MS: 8 ShuffleBytes-Custom-CopyPart-Custom-CopyPart-Custom-EraseBytes-Custom-
#22953	REDUCE cov: 87 ft: 289 corp: 61/773b lim: 116 exec/s: 0 rss: 947Mb L: 51/79 MS: 2 EraseBytes-Custom-
#27438	REDUCE cov: 87 ft: 294 corp: 62/905b lim: 156 exec/s: 0 rss: 947Mb L: 132/132 MS: 10 ChangeBit-Custom-ChangeByte-Custom-ChangeBinInt-Custom-CrossOver-Custom-InsertRepeatedBytes-Custom-
#28434	REDUCE cov: 87 ft: 294 corp: 62/903b lim: 163 exec/s: 28434 rss: 947Mb L: 22/132 MS: 2 EraseBytes-Custom-
#32679	REDUCE cov: 87 ft: 294 corp: 62/900b lim: 205 exec/s: 32679 rss: 947Mb L: 129/129 MS: 10 InsertByte-Custom-CrossOver-Custom-CrossOver-Custom-ChangeBinInt-Custom-EraseBytes-Custom-
#32701	REDUCE cov: 87 ft: 294 corp: 62/899b lim: 205 exec/s: 32701 rss: 947Mb L: 10/129 MS: 4 CrossOver-Custom-EraseBytes-Custom-
#32727	REDUCE cov: 87 ft: 294 corp: 62/898b lim: 205 exec/s: 32727 rss: 947Mb L: 7/129 MS: 2 EraseBytes-Custom-
#33239	REDUCE cov: 87 ft: 294 corp: 62/897b lim: 205 exec/s: 33239 rss: 947Mb L: 78/129 MS: 4 EraseBytes-Custom-PersAutoDict-Custom- DE: "\027\000\000\000"-
#34394	REDUCE cov: 87 ft: 294 corp: 62/885b lim: 212 exec/s: 34394 rss: 947Mb L: 117/117 MS: 10 CrossOver-Custom-ShuffleBytes-Custom-PersAutoDict-Custom-ChangeBit-Custom-PersAutoDict-Custom- DE: "\377\003"-"\001\012"-
#34965	REDUCE cov: 87 ft: 294 corp: 62/884b lim: 212 exec/s: 34965 rss: 947Mb L: 7/117 MS: 2 EraseBytes-Custom-
#37162	REDUCE cov: 87 ft: 294 corp: 62/883b lim: 233 exec/s: 37162 rss: 947Mb L: 10/117 MS: 4 EraseBytes-Custom-CopyPart-Custom-
#37563	REDUCE cov: 87 ft: 294 corp: 62/882b lim: 233 exec/s: 37563 rss: 947Mb L: 50/117 MS: 2 EraseBytes-Custom-
#40958	REDUCE cov: 87 ft: 294 corp: 62/881b lim: 261 exec/s: 40958 rss: 947Mb L: 116/116 MS: 10 InsertRepeatedBytes-Custom-ChangeBit-Custom-PersAutoDict-Custom-PersAutoDict-Custom-EraseBytes-Custom- DE: "\001\012"-"\027\000\000\000"-
#42330	REDUCE cov: 87 ft: 294 corp: 62/880b lim: 269 exec/s: 42330 rss: 947Mb L: 10/116 MS: 4 EraseBytes-Custom-CopyPart-Custom-
#43128	REDUCE cov: 87 ft: 294 corp: 62/879b lim: 269 exec/s: 43128 rss: 947Mb L: 2/116 MS: 6 ChangeByte-Custom-ShuffleBytes-Custom-EraseBytes-Custom-
#44011	REDUCE cov: 87 ft: 294 corp: 62/878b lim: 277 exec/s: 44011 rss: 947Mb L: 115/115 MS: 6 InsertRepeatedBytes-Custom-CopyPart-Custom-EraseBytes-Custom-
#44503	REDUCE cov: 87 ft: 294 corp: 62/877b lim: 277 exec/s: 44503 rss: 947Mb L: 77/115 MS: 4 ChangeBit-Custom-EraseBytes-Custom-
#47919	REDUCE cov: 87 ft: 294 corp: 62/876b lim: 309 exec/s: 47919 rss: 947Mb L: 67/115 MS: 2 EraseBytes-Custom-
#49141	REDUCE cov: 87 ft: 294 corp: 62/873b lim: 317 exec/s: 49141 rss: 947Mb L: 47/115 MS: 4 ShuffleBytes-Custom-EraseBytes-Custom-
#59300	REDUCE cov: 87 ft: 294 corp: 62/870b lim: 413 exec/s: 59300 rss: 947Mb L: 71/115 MS: 8 ChangeBit-Custom-ChangeBinInt-Custom-CopyPart-Custom-EraseBytes-Custom-
#60760	REDUCE cov: 87 ft: 294 corp: 62/866b lim: 421 exec/s: 60760 rss: 947Mb L: 111/111 MS: 10 ChangeBinInt-Custom-CopyPart-Custom-CrossOver-Custom-PersAutoDict-Custom-EraseBytes-Custom- DE: "\027\000\000\000"-
#66262	REDUCE cov: 87 ft: 294 corp: 62/865b lim: 469 exec/s: 66262 rss: 947Mb L: 10/111 MS: 4 ChangeByte-Custom-EraseBytes-Custom-
#66961	REDUCE cov: 87 ft: 294 corp: 62/863b lim: 469 exec/s: 66961 rss: 947Mb L: 39/111 MS: 8 CrossOver-Custom-ChangeByte-Custom-ShuffleBytes-Custom-EraseBytes-Custom-
#67440	REDUCE cov: 87 ft: 294 corp: 62/856b lim: 469 exec/s: 67440 rss: 947Mb L: 40/111 MS: 8 EraseBytes-Custom-InsertByte-Custom-InsertByte-Custom-CrossOver-Custom-
#67632	REDUCE cov: 87 ft: 294 corp: 62/844b lim: 469 exec/s: 67632 rss: 947Mb L: 28/111 MS: 4 ChangeByte-Custom-EraseBytes-Custom-
#68015	REDUCE cov: 87 ft: 294 corp: 62/841b lim: 469 exec/s: 68015 rss: 947Mb L: 36/111 MS: 6 InsertByte-Custom-EraseBytes-Custom-CopyPart-Custom-
#68622	REDUCE cov: 87 ft: 294 corp: 62/836b lim: 469 exec/s: 68622 rss: 947Mb L: 23/111 MS: 4 ChangeBit-Custom-EraseBytes-Custom-
#69050	REDUCE cov: 87 ft: 294 corp: 62/823b lim: 469 exec/s: 69050 rss: 947Mb L: 23/111 MS: 6 InsertByte-Custom-CopyPart-Custom-EraseBytes-Custom-
#69991	REDUCE cov: 87 ft: 294 corp: 62/814b lim: 477 exec/s: 69991 rss: 947Mb L: 14/111 MS: 2 EraseBytes-Custom-
#71531	REDUCE cov: 87 ft: 296 corp: 63/1051b lim: 485 exec/s: 71531 rss: 947Mb L: 237/237 MS: 10 InsertRepeatedBytes-Custom-ChangeByte-Custom-InsertByte-Custom-InsertRepeatedBytes-Custom-InsertRepeatedBytes-Custom-
#73965	REDUCE cov: 87 ft: 296 corp: 63/1050b lim: 509 exec/s: 73965 rss: 947Mb L: 22/237 MS: 8 ChangeBinInt-Custom-ShuffleBytes-Custom-ChangeBinInt-Custom-EraseBytes-Custom-
#74173	REDUCE cov: 87 ft: 296 corp: 63/1041b lim: 509 exec/s: 74173 rss: 947Mb L: 13/237 MS: 6 ChangeBinInt-Custom-CopyPart-Custom-EraseBytes-Custom-
#76185	REDUCE cov: 87 ft: 296 corp: 63/1040b lim: 526 exec/s: 76185 rss: 947Mb L: 13/237 MS: 4 ChangeBit-Custom-EraseBytes-Custom-
#76506	REDUCE cov: 87 ft: 296 corp: 63/1039b lim: 526 exec/s: 76506 rss: 947Mb L: 12/237 MS: 2 EraseBytes-Custom-
#80810	NEW    cov: 87 ft: 300 corp: 64/1299b lim: 562 exec/s: 80810 rss: 947Mb L: 260/260 MS: 8 InsertRepeatedBytes-Custom-InsertRepeatedBytes-Custom-PersAutoDict-Custom-InsertRepeatedBytes-Custom- DE: "\027\000\000\000"-
#81492	REDUCE cov: 87 ft: 300 corp: 64/1298b lim: 562 exec/s: 81492 rss: 947Mb L: 236/260 MS: 4 InsertRepeatedBytes-Custom-EraseBytes-Custom-
#83261	REDUCE cov: 87 ft: 300 corp: 64/1295b lim: 571 exec/s: 83261 rss: 947Mb L: 257/257 MS: 8 CopyPart-Custom-EraseBytes-Custom-ChangeByte-Custom-CopyPart-Custom-
#84055	REDUCE cov: 87 ft: 300 corp: 64/1278b lim: 571 exec/s: 84055 rss: 947Mb L: 240/240 MS: 8 ChangeASCIIInt-Custom-ChangeBit-Custom-CopyPart-Custom-EraseBytes-Custom-
#85596	REDUCE cov: 87 ft: 300 corp: 64/1276b lim: 580 exec/s: 85596 rss: 947Mb L: 11/240 MS: 2 EraseBytes-Custom-
#85840	REDUCE cov: 87 ft: 300 corp: 64/1254b lim: 580 exec/s: 85840 rss: 947Mb L: 45/240 MS: 8 ChangeASCIIInt-Custom-CrossOver-Custom-ChangeASCIIInt-Custom-EraseBytes-Custom-
#87356	REDUCE cov: 87 ft: 300 corp: 64/1244b lim: 589 exec/s: 87356 rss: 947Mb L: 35/240 MS: 2 EraseBytes-Custom-
#87992	REDUCE cov: 87 ft: 300 corp: 64/1243b lim: 589 exec/s: 87992 rss: 947Mb L: 34/240 MS: 2 EraseBytes-Custom-
#88608	REDUCE cov: 87 ft: 300 corp: 64/1233b lim: 589 exec/s: 88608 rss: 947Mb L: 24/240 MS: 2 EraseBytes-Custom-
#91376	REDUCE cov: 87 ft: 300 corp: 64/1230b lim: 616 exec/s: 45688 rss: 947Mb L: 237/237 MS: 6 PersAutoDict-Custom-InsertByte-Custom-EraseBytes-Custom- DE: "\027\000\000\000"-
#92495	REDUCE cov: 87 ft: 300 corp: 64/1228b lim: 625 exec/s: 46247 rss: 947Mb L: 74/237 MS: 8 CopyPart-Custom-CopyPart-Custom-ShuffleBytes-Custom-EraseBytes-Custom-
#95127	REDUCE cov: 87 ft: 300 corp: 64/1224b lim: 643 exec/s: 47563 rss: 947Mb L: 8/237 MS: 4 PersAutoDict-Custom-EraseBytes-Custom- DE: "\027\000\000\000"-
#95604	REDUCE cov: 87 ft: 300 corp: 64/1223b lim: 643 exec/s: 47802 rss: 947Mb L: 7/237 MS: 4 InsertByte-Custom-EraseBytes-Custom-
#98335	REDUCE cov: 87 ft: 300 corp: 64/1218b lim: 670 exec/s: 49167 rss: 947Mb L: 19/237 MS: 2 EraseBytes-Custom-
#98396	REDUCE cov: 87 ft: 300 corp: 64/1216b lim: 670 exec/s: 49198 rss: 947Mb L: 17/237 MS: 2 EraseBytes-Custom-
#103142	REDUCE cov: 87 ft: 300 corp: 64/1215b lim: 715 exec/s: 51571 rss: 947Mb L: 6/237 MS: 2 EraseBytes-Custom-
#104008	REDUCE cov: 87 ft: 300 corp: 64/1210b lim: 715 exec/s: 52004 rss: 947Mb L: 12/237 MS: 2 EraseBytes-Custom-
#105869	REDUCE cov: 87 ft: 300 corp: 64/1208b lim: 733 exec/s: 52934 rss: 947Mb L: 235/236 MS: 2 EraseBytes-Custom-
#106546	REDUCE cov: 87 ft: 300 corp: 64/1207b lim: 733 exec/s: 53273 rss: 947Mb L: 10/236 MS: 4 ChangeBit-Custom-EraseBytes-Custom-
#111947	REDUCE cov: 87 ft: 300 corp: 64/1206b lim: 778 exec/s: 55973 rss: 947Mb L: 9/236 MS: 2 EraseBytes-Custom-
#113624	REDUCE cov: 87 ft: 300 corp: 64/1205b lim: 787 exec/s: 56812 rss: 947Mb L: 76/236 MS: 4 CrossOver-Custom-EraseBytes-Custom-
#114920	REDUCE cov: 87 ft: 300 corp: 64/1204b lim: 796 exec/s: 57460 rss: 947Mb L: 73/236 MS: 2 EraseBytes-Custom-
#119480	REDUCE cov: 87 ft: 309 corp: 65/1553b lim: 841 exec/s: 59740 rss: 947Mb L: 349/349 MS: 10 InsertByte-Custom-InsertRepeatedBytes-Custom-PersAutoDict-Custom-InsertRepeatedBytes-Custom-InsertRepeatedBytes-Custom- DE: "\027\000\000\000"-
#120975	REDUCE cov: 87 ft: 309 corp: 65/1523b lim: 850 exec/s: 60487 rss: 947Mb L: 319/319 MS: 10 ChangeBit-Custom-InsertByte-Custom-CMP-Custom-CrossOver-Custom-EraseBytes-Custom- DE: "\027\000"-
#121346	REDUCE cov: 87 ft: 309 corp: 65/1464b lim: 850 exec/s: 60673 rss: 947Mb L: 260/260 MS: 2 EraseBytes-Custom-
#123387	REDUCE cov: 87 ft: 309 corp: 65/1463b lim: 868 exec/s: 61693 rss: 947Mb L: 11/260 MS: 2 EraseBytes-Custom-
#124941	REDUCE cov: 87 ft: 309 corp: 65/1457b lim: 877 exec/s: 62470 rss: 947Mb L: 28/260 MS: 8 CrossOver-Custom-ShuffleBytes-Custom-ShuffleBytes-Custom-EraseBytes-Custom-
#124983	REDUCE cov: 87 ft: 309 corp: 65/1449b lim: 877 exec/s: 62491 rss: 947Mb L: 20/260 MS: 4 ChangeBit-Custom-EraseBytes-Custom-
#126437	REDUCE cov: 87 ft: 309 corp: 65/1447b lim: 886 exec/s: 63218 rss: 947Mb L: 18/260 MS: 8 ShuffleBytes-Custom-PersAutoDict-Custom-ChangeByte-Custom-EraseBytes-Custom- DE: "\377\003"-
#128374	REDUCE cov: 87 ft: 309 corp: 65/1445b lim: 904 exec/s: 64187 rss: 950Mb L: 9/260 MS: 4 CopyPart-Custom-EraseBytes-Custom-
#128580	REDUCE cov: 87 ft: 309 corp: 65/1444b lim: 904 exec/s: 64290 rss: 951Mb L: 8/260 MS: 2 EraseBytes-Custom-
#129099	REDUCE cov: 87 ft: 309 corp: 65/1442b lim: 904 exec/s: 64549 rss: 954Mb L: 16/260 MS: 8 EraseBytes-Custom-CopyPart-Custom-PersAutoDict-Custom-CrossOver-Custom- DE: "\001\012"-
#129145	REDUCE cov: 87 ft: 309 corp: 65/1438b lim: 904 exec/s: 64572 rss: 955Mb L: 12/260 MS: 2 EraseBytes-Custom-
#129608	REDUCE cov: 87 ft: 309 corp: 65/1437b lim: 904 exec/s: 64804 rss: 957Mb L: 8/260 MS: 6 CopyPart-Custom-EraseBytes-Custom-ChangeBit-Custom-
#131004	REDUCE cov: 87 ft: 309 corp: 65/1436b lim: 913 exec/s: 65502 rss: 965Mb L: 7/260 MS: 2 EraseBytes-Custom-
#131072	pulse  cov: 87 ft: 309 corp: 65/1436b lim: 913 exec/s: 65536 rss: 965Mb
#135556	REDUCE cov: 87 ft: 309 corp: 65/1431b lim: 958 exec/s: 67778 rss: 991Mb L: 68/260 MS: 4 EraseBytes-Custom-CrossOver-Custom-
#135585	REDUCE cov: 87 ft: 309 corp: 65/1430b lim: 958 exec/s: 67792 rss: 991Mb L: 75/260 MS: 8 InsertRepeatedBytes-Custom-ChangeBit-Custom-EraseBytes-Custom-PersAutoDict-Custom- DE: "\027\000\000\000"-
#135726	REDUCE cov: 87 ft: 309 corp: 65/1429b lim: 958 exec/s: 67863 rss: 992Mb L: 11/260 MS: 2 EraseBytes-Custom-
#136512	REDUCE cov: 87 ft: 309 corp: 65/1428b lim: 958 exec/s: 68256 rss: 996Mb L: 10/260 MS: 2 EraseBytes-Custom-
#136902	REDUCE cov: 87 ft: 309 corp: 65/1408b lim: 958 exec/s: 68451 rss: 998Mb L: 48/260 MS: 10 ChangeBit-Custom-ChangeBinInt-Custom-CMP-Custom-ChangeBit-Custom-EraseBytes-Custom- DE: "\001\000\000\000\000\000\000\000"-
#138223	REDUCE cov: 87 ft: 309 corp: 65/1407b lim: 967 exec/s: 69111 rss: 1006Mb L: 8/260 MS: 2 EraseBytes-Custom-
#142185	REDUCE cov: 87 ft: 311 corp: 66/1539b lim: 1003 exec/s: 71092 rss: 1028Mb L: 132/260 MS: 4 InsertRepeatedBytes-Custom-InsertRepeatedBytes-Custom-
#143172	NEW    cov: 87 ft: 313 corp: 67/1816b lim: 1012 exec/s: 71586 rss: 1033Mb L: 277/277 MS: 4 InsertRepeatedBytes-Custom-InsertRepeatedBytes-Custom-
#145148	REDUCE cov: 87 ft: 313 corp: 67/1779b lim: 1030 exec/s: 72574 rss: 1045Mb L: 240/260 MS: 2 EraseBytes-Custom-
#145602	NEW    cov: 87 ft: 315 corp: 68/2165b lim: 1030 exec/s: 72801 rss: 1047Mb L: 386/386 MS: 8 CrossOver-Custom-InsertByte-Custom-InsertRepeatedBytes-Custom-CopyPart-Custom-
#147265	REDUCE cov: 87 ft: 315 corp: 68/2162b lim: 1040 exec/s: 73632 rss: 1057Mb L: 383/383 MS: 6 ChangeByte-Custom-ChangeByte-Custom-EraseBytes-Custom-
#147932	REDUCE cov: 87 ft: 315 corp: 68/2087b lim: 1040 exec/s: 73966 rss: 1061Mb L: 308/308 MS: 4 CopyPart-Custom-EraseBytes-Custom-
#148957	REDUCE cov: 87 ft: 315 corp: 68/2073b lim: 1050 exec/s: 74478 rss: 1067Mb L: 226/308 MS: 10 ChangeBit-Custom-CopyPart-Custom-CrossOver-Custom-ChangeByte-Custom-EraseBytes-Custom-
#149024	REDUCE cov: 87 ft: 315 corp: 68/1979b lim: 1050 exec/s: 74512 rss: 1067Mb L: 132/308 MS: 4 PersAutoDict-Custom-EraseBytes-Custom- DE: "\001\000\000\000\000\000\000\000"-
#150574	REDUCE cov: 87 ft: 315 corp: 68/1929b lim: 1060 exec/s: 75287 rss: 1076Mb L: 258/260 MS: 10 CopyPart-Custom-ShuffleBytes-Custom-ChangeBit-Custom-ChangeBinInt-Custom-EraseBytes-Custom-
#151006	REDUCE cov: 87 ft: 315 corp: 68/1924b lim: 1060 exec/s: 75503 rss: 1078Mb L: 253/260 MS: 4 InsertRepeatedBytes-Custom-EraseBytes-Custom-
#151603	REDUCE cov: 87 ft: 315 corp: 68/1920b lim: 1060 exec/s: 75801 rss: 1082Mb L: 249/260 MS: 4 ChangeBit-Custom-EraseBytes-Custom-
#152034	REDUCE cov: 87 ft: 315 corp: 68/1919b lim: 1060 exec/s: 76017 rss: 1084Mb L: 74/260 MS: 2 EraseBytes-Custom-
#152316	REDUCE cov: 87 ft: 315 corp: 68/1887b lim: 1060 exec/s: 76158 rss: 1086Mb L: 217/260 MS: 4 InsertByte-Custom-EraseBytes-Custom-
#152459	REDUCE cov: 87 ft: 317 corp: 69/2104b lim: 1060 exec/s: 76229 rss: 1087Mb L: 217/260 MS: 6 ChangeBit-Custom-ChangeByte-Custom-ChangeBinInt-Custom-
#153065	REDUCE cov: 87 ft: 317 corp: 69/2099b lim: 1060 exec/s: 76532 rss: 1090Mb L: 127/260 MS: 2 EraseBytes-Custom-
#153172	REDUCE cov: 87 ft: 317 corp: 69/2098b lim: 1060 exec/s: 76586 rss: 1091Mb L: 110/260 MS: 4 InsertByte-Custom-EraseBytes-Custom-
#154419	REDUCE cov: 87 ft: 317 corp: 69/2097b lim: 1070 exec/s: 77209 rss: 1098Mb L: 259/259 MS: 4 ChangeASCIIInt-Custom-EraseBytes-Custom-
#154497	REDUCE cov: 87 ft: 317 corp: 69/2069b lim: 1070 exec/s: 77248 rss: 1098Mb L: 189/259 MS: 6 PersAutoDict-Custom-InsertByte-Custom-EraseBytes-Custom- DE: "\377\377\377\377"-
#154773	REDUCE cov: 87 ft: 317 corp: 69/2047b lim: 1070 exec/s: 77386 rss: 1100Mb L: 110/259 MS: 2 EraseBytes-Custom-
#154778	REDUCE cov: 87 ft: 317 corp: 69/2044b lim: 1070 exec/s: 77389 rss: 1100Mb L: 45/259 MS: 10 ChangeByte-Custom-ChangeBit-Custom-ChangeByte-Custom-EraseBytes-Custom-CMP-Custom- DE: "\001\000\000\000\000\000\000\000"-
#155574	REDUCE cov: 87 ft: 317 corp: 69/2040b lim: 1070 exec/s: 77787 rss: 1105Mb L: 123/259 MS: 2 EraseBytes-Custom-
#155718	REDUCE cov: 87 ft: 317 corp: 69/2036b lim: 1070 exec/s: 77859 rss: 1105Mb L: 119/259 MS: 8 ChangeBinInt-Custom-ShuffleBytes-Custom-ChangeBinInt-Custom-EraseBytes-Custom-
#156131	REDUCE cov: 87 ft: 317 corp: 69/1989b lim: 1070 exec/s: 78065 rss: 1105Mb L: 170/259 MS: 6 ChangeByte-Custom-ChangeBinInt-Custom-EraseBytes-Custom-
#159029	REDUCE cov: 87 ft: 317 corp: 69/1975b lim: 1090 exec/s: 79514 rss: 1105Mb L: 156/259 MS: 6 InsertByte-Custom-InsertByte-Custom-EraseBytes-Custom-
#162096	REDUCE cov: 87 ft: 317 corp: 69/1955b lim: 1120 exec/s: 81048 rss: 1105Mb L: 99/259 MS: 4 ChangeBit-Custom-EraseBytes-Custom-
#162214	REDUCE cov: 87 ft: 317 corp: 69/1954b lim: 1120 exec/s: 81107 rss: 1105Mb L: 258/258 MS: 6 ChangeBit-Custom-ChangeBit-Custom-EraseBytes-Custom-
#163982	REDUCE cov: 87 ft: 317 corp: 69/1945b lim: 1130 exec/s: 81991 rss: 1105Mb L: 36/258 MS: 6 CrossOver-Custom-InsertByte-Custom-EraseBytes-Custom-
#164180	REDUCE cov: 87 ft: 317 corp: 69/1942b lim: 1130 exec/s: 82090 rss: 1105Mb L: 7/258 MS: 6 ShuffleBytes-Custom-InsertByte-Custom-EraseBytes-Custom-
#166181	REDUCE cov: 87 ft: 317 corp: 69/1938b lim: 1140 exec/s: 55393 rss: 1105Mb L: 106/258 MS: 2 EraseBytes-Custom-
#169690	REDUCE cov: 87 ft: 317 corp: 69/1936b lim: 1170 exec/s: 56563 rss: 1105Mb L: 108/258 MS: 8 ShuffleBytes-Custom-ChangeByte-Custom-ChangeBinInt-Custom-EraseBytes-Custom-
#169931	REDUCE cov: 87 ft: 317 corp: 69/1933b lim: 1170 exec/s: 56643 rss: 1105Mb L: 4/258 MS: 2 EraseBytes-Custom-
#171003	REDUCE cov: 87 ft: 317 corp: 69/1921b lim: 1180 exec/s: 57001 rss: 1105Mb L: 24/258 MS: 4 ShuffleBytes-Custom-EraseBytes-Custom-
#171940	REDUCE cov: 87 ft: 317 corp: 69/1914b lim: 1180 exec/s: 57313 rss: 1105Mb L: 17/258 MS: 4 PersAutoDict-Custom-EraseBytes-Custom- DE: "\377\003"-
#175034	REDUCE cov: 87 ft: 317 corp: 69/1913b lim: 1210 exec/s: 58344 rss: 1105Mb L: 234/258 MS: 8 EraseBytes-Custom-InsertByte-Custom-PersAutoDict-Custom-InsertByte-Custom- DE: "\001\012"-
#176480	REDUCE cov: 87 ft: 317 corp: 69/1868b lim: 1220 exec/s: 58826 rss: 1105Mb L: 144/258 MS: 2 EraseBytes-Custom-
#178081	REDUCE cov: 87 ft: 317 corp: 69/1867b lim: 1230 exec/s: 59360 rss: 1105Mb L: 16/258 MS: 2 EraseBytes-Custom-
#181180	REDUCE cov: 87 ft: 317 corp: 69/1859b lim: 1260 exec/s: 60393 rss: 1105Mb L: 228/258 MS: 8 ShuffleBytes-Custom-EraseBytes-Custom-InsertByte-Custom-InsertRepeatedBytes-Custom-
#181680	REDUCE cov: 87 ft: 317 corp: 69/1857b lim: 1260 exec/s: 60560 rss: 1105Mb L: 256/256 MS: 10 InsertByte-Custom-ChangeBinInt-Custom-CMP-Custom-CMP-Custom-EraseBytes-Custom- DE: "\001\000\000\000\000\000\000\000"-"\000\000\000\000\000\000\000\000"-
#181840	REDUCE cov: 87 ft: 319 corp: 70/2090b lim: 1260 exec/s: 60613 rss: 1105Mb L: 233/256 MS: 10 ShuffleBytes-Custom-CopyPart-Custom-ChangeByte-Custom-ChangeByte-Custom-CopyPart-Custom-
#181983	REDUCE cov: 87 ft: 319 corp: 70/2089b lim: 1260 exec/s: 60661 rss: 1105Mb L: 255/255 MS: 6 ChangeByte-Custom-EraseBytes-Custom-CopyPart-Custom-
#184031	REDUCE cov: 87 ft: 319 corp: 70/2069b lim: 1280 exec/s: 61343 rss: 1105Mb L: 214/255 MS: 6 InsertByte-Custom-CrossOver-Custom-EraseBytes-Custom-
#184147	REDUCE cov: 87 ft: 319 corp: 70/2068b lim: 1280 exec/s: 61382 rss: 1105Mb L: 6/255 MS: 2 EraseBytes-Custom-
#184906	REDUCE cov: 87 ft: 319 corp: 70/2066b lim: 1280 exec/s: 61635 rss: 1105Mb L: 226/255 MS: 8 ChangeBinInt-Custom-ChangeBinInt-Custom-InsertByte-Custom-EraseBytes-Custom-
#185494	REDUCE cov: 87 ft: 319 corp: 70/2015b lim: 1280 exec/s: 61831 rss: 1105Mb L: 182/255 MS: 6 PersAutoDict-Custom-EraseBytes-Custom-InsertByte-Custom- DE: "\027\000\000\000"-
#185677	REDUCE cov: 87 ft: 319 corp: 70/2006b lim: 1280 exec/s: 61892 rss: 1105Mb L: 90/255 MS: 6 CopyPart-Custom-EraseBytes-Custom-CopyPart-Custom-
#185849	REDUCE cov: 87 ft: 319 corp: 70/2000b lim: 1280 exec/s: 61949 rss: 1105Mb L: 84/255 MS: 4 ChangeByte-Custom-EraseBytes-Custom-
#192425	REDUCE cov: 87 ft: 319 corp: 70/1996b lim: 1340 exec/s: 64141 rss: 1105Mb L: 80/255 MS: 2 EraseBytes-Custom-
#193401	REDUCE cov: 87 ft: 319 corp: 70/1982b lim: 1340 exec/s: 64467 rss: 1105Mb L: 200/255 MS: 2 EraseBytes-Custom-
#196614	REDUCE cov: 87 ft: 321 corp: 71/2164b lim: 1370 exec/s: 65538 rss: 1105Mb L: 182/255 MS: 6 PersAutoDict-Custom-CopyPart-Custom-ChangeBit-Custom- DE: "\027\000"-
#199358	REDUCE cov: 87 ft: 321 corp: 71/2156b lim: 1390 exec/s: 66452 rss: 1105Mb L: 192/255 MS: 8 ChangeBinInt-Custom-CopyPart-Custom-ChangeBit-Custom-EraseBytes-Custom-
#200573	REDUCE cov: 87 ft: 321 corp: 71/2148b lim: 1400 exec/s: 66857 rss: 1105Mb L: 66/255 MS: 10 EraseBytes-Custom-InsertByte-Custom-CopyPart-Custom-PersAutoDict-Custom-EraseBytes-Custom- DE: "\377\377\377\377"-
#202908	REDUCE cov: 87 ft: 321 corp: 71/2147b lim: 1420 exec/s: 67636 rss: 1105Mb L: 225/255 MS: 10 PersAutoDict-Custom-InsertByte-Custom-InsertRepeatedBytes-Custom-CrossOver-Custom-EraseBytes-Custom- DE: "\027\000"-
#203624	REDUCE cov: 87 ft: 321 corp: 71/2146b lim: 1420 exec/s: 67874 rss: 1105Mb L: 15/255 MS: 2 EraseBytes-Custom-
#203851	REDUCE cov: 87 ft: 321 corp: 71/2115b lim: 1420 exec/s: 67950 rss: 1105Mb L: 194/255 MS: 4 InsertByte-Custom-EraseBytes-Custom-
#203955	REDUCE cov: 87 ft: 321 corp: 71/2114b lim: 1420 exec/s: 67985 rss: 1105Mb L: 193/255 MS: 8 ChangeByte-Custom-ChangeBit-Custom-ShuffleBytes-Custom-EraseBytes-Custom-
#206952	REDUCE cov: 87 ft: 321 corp: 71/2102b lim: 1440 exec/s: 68984 rss: 1105Mb L: 181/255 MS: 4 InsertByte-Custom-EraseBytes-Custom-
#208792	REDUCE cov: 87 ft: 321 corp: 71/2083b lim: 1450 exec/s: 69597 rss: 1105Mb L: 173/255 MS: 10 ShuffleBytes-Custom-ChangeBinInt-Custom-InsertByte-Custom-EraseBytes-Custom-CrossOver-Custom-
#213272	REDUCE cov: 87 ft: 321 corp: 71/2081b lim: 1490 exec/s: 71090 rss: 1105Mb L: 13/255 MS: 10 InsertByte-Custom-EraseBytes-Custom-ShuffleBytes-Custom-EraseBytes-Custom-InsertByte-Custom-
#216585	REDUCE cov: 87 ft: 321 corp: 71/2076b lim: 1520 exec/s: 72195 rss: 1105Mb L: 61/255 MS: 6 PersAutoDict-Custom-ChangeBit-Custom-EraseBytes-Custom- DE: "\027\000"-
#216807	REDUCE cov: 87 ft: 321 corp: 71/2075b lim: 1520 exec/s: 72269 rss: 1105Mb L: 79/255 MS: 4 ChangeByte-Custom-EraseBytes-Custom-
#219221	REDUCE cov: 87 ft: 321 corp: 71/2073b lim: 1540 exec/s: 73073 rss: 1105Mb L: 179/255 MS: 8 InsertRepeatedBytes-Custom-EraseBytes-Custom-ChangeBit-Custom-EraseBytes-Custom-
#221121	REDUCE cov: 87 ft: 321 corp: 71/2072b lim: 1550 exec/s: 73707 rss: 1105Mb L: 60/255 MS: 10 ChangeByte-Custom-PersAutoDict-Custom-InsertByte-Custom-InsertRepeatedBytes-Custom-EraseBytes-Custom- DE: "\001\012"-
#221535	REDUCE cov: 87 ft: 321 corp: 71/2069b lim: 1550 exec/s: 73845 rss: 1105Mb L: 141/255 MS: 8 InsertByte-Custom-ShuffleBytes-Custom-ChangeBit-Custom-EraseBytes-Custom-
#222154	REDUCE cov: 87 ft: 321 corp: 71/2060b lim: 1550 exec/s: 74051 rss: 1105Mb L: 173/255 MS: 8 ChangeASCIIInt-Custom-CrossOver-Custom-InsertByte-Custom-EraseBytes-Custom-
#224709	REDUCE cov: 87 ft: 321 corp: 71/2055b lim: 1570 exec/s: 74903 rss: 1105Mb L: 151/255 MS: 10 CopyPart-Custom-ShuffleBytes-Custom-ChangeBinInt-Custom-EraseBytes-Custom-PersAutoDict-Custom- DE: "\000\000\000\000\000\000\000\000"-
#230265	REDUCE cov: 87 ft: 321 corp: 71/2054b lim: 1620 exec/s: 76755 rss: 1105Mb L: 59/255 MS: 2 EraseBytes-Custom-
#232622	REDUCE cov: 87 ft: 321 corp: 71/2008b lim: 1640 exec/s: 77540 rss: 1105Mb L: 133/255 MS: 4 EraseBytes-Custom-CopyPart-Custom-
#234147	REDUCE cov: 87 ft: 321 corp: 71/2007b lim: 1650 exec/s: 78049 rss: 1105Mb L: 132/255 MS: 10 ChangeBinInt-Custom-ChangeBit-Custom-CopyPart-Custom-ShuffleBytes-Custom-EraseBytes-Custom-
#234933	REDUCE cov: 87 ft: 321 corp: 71/1995b lim: 1650 exec/s: 78311 rss: 1105Mb L: 120/255 MS: 2 EraseBytes-Custom-
#237182	REDUCE cov: 87 ft: 321 corp: 71/1977b lim: 1670 exec/s: 79060 rss: 1105Mb L: 102/255 MS: 8 ShuffleBytes-Custom-InsertByte-Custom-ChangeByte-Custom-EraseBytes-Custom-
#241249	REDUCE cov: 87 ft: 321 corp: 71/1976b lim: 1710 exec/s: 80416 rss: 1105Mb L: 7/255 MS: 4 CopyPart-Custom-EraseBytes-Custom-
#244722	REDUCE cov: 87 ft: 321 corp: 71/1973b lim: 1740 exec/s: 81574 rss: 1105Mb L: 99/255 MS: 6 PersAutoDict-Custom-CMP-Custom-EraseBytes-Custom- DE: "\027\000\000\000"-"\000\000\000\004"-
#246482	REDUCE cov: 87 ft: 321 corp: 71/1916b lim: 1750 exec/s: 82160 rss: 1105Mb L: 84/255 MS: 10 CrossOver-Custom-ChangeByte-Custom-PersAutoDict-Custom-CMP-Custom-EraseBytes-Custom- DE: "\377\003"-"\001\000\000\000\000\000\000\000"-
#246783	REDUCE cov: 87 ft: 321 corp: 71/1912b lim: 1750 exec/s: 82261 rss: 1105Mb L: 178/255 MS: 2 EraseBytes-Custom-
#247599	REDUCE cov: 87 ft: 321 corp: 71/1894b lim: 1750 exec/s: 82533 rss: 1105Mb L: 155/255 MS: 2 EraseBytes-Custom-
#247636	REDUCE cov: 87 ft: 321 corp: 71/1885b lim: 1750 exec/s: 82545 rss: 1105Mb L: 169/255 MS: 4 ShuffleBytes-Custom-EraseBytes-Custom-
#249101	REDUCE cov: 87 ft: 321 corp: 71/1839b lim: 1760 exec/s: 83033 rss: 1105Mb L: 209/209 MS: 10 ChangeASCIIInt-Custom-PersAutoDict-Custom-CMP-Custom-CrossOver-Custom-EraseBytes-Custom- DE: "\001\000\000\000\000\000\000\000"-"\000\000\000\000\000\000\000\000"-
#249142	REDUCE cov: 87 ft: 321 corp: 71/1836b lim: 1760 exec/s: 83047 rss: 1105Mb L: 206/206 MS: 2 EraseBytes-Custom-
#249733	REDUCE cov: 87 ft: 321 corp: 71/1835b lim: 1760 exec/s: 83244 rss: 1105Mb L: 58/206 MS: 2 EraseBytes-Custom-
#251274	REDUCE cov: 87 ft: 321 corp: 71/1809b lim: 1770 exec/s: 83758 rss: 1106Mb L: 73/206 MS: 2 EraseBytes-Custom-
#252813	REDUCE cov: 87 ft: 321 corp: 71/1805b lim: 1780 exec/s: 84271 rss: 1106Mb L: 54/206 MS: 8 CrossOver-Custom-InsertByte-Custom-CMP-Custom-EraseBytes-Custom- DE: "\001\000\000\000\000\000\000\000"-
#254429	REDUCE cov: 87 ft: 321 corp: 71/1794b lim: 1790 exec/s: 84809 rss: 1106Mb L: 62/206 MS: 2 EraseBytes-Custom-
#255441	REDUCE cov: 87 ft: 321 corp: 71/1788b lim: 1800 exec/s: 85147 rss: 1106Mb L: 56/206 MS: 4 ChangeByte-Custom-EraseBytes-Custom-
#255585	REDUCE cov: 87 ft: 321 corp: 71/1787b lim: 1800 exec/s: 85195 rss: 1106Mb L: 78/206 MS: 8 CopyPart-Custom-ChangeBit-Custom-PersAutoDict-Custom-EraseBytes-Custom- DE: "\027\000"-
#259971	REDUCE cov: 87 ft: 321 corp: 71/1780b lim: 1840 exec/s: 86657 rss: 1106Mb L: 199/199 MS: 2 EraseBytes-Custom-
#260901	REDUCE cov: 87 ft: 321 corp: 71/1779b lim: 1840 exec/s: 86967 rss: 1106Mb L: 154/199 MS: 10 ChangeBinInt-Custom-ShuffleBytes-Custom-ChangeBinInt-Custom-EraseBytes-Custom-PersAutoDict-Custom- DE: "\001\012"-
#262144	pulse  cov: 87 ft: 321 corp: 71/1779b lim: 1850 exec/s: 87381 rss: 1106Mb
#263412	REDUCE cov: 87 ft: 321 corp: 71/1775b lim: 1860 exec/s: 87804 rss: 1106Mb L: 52/199 MS: 2 EraseBytes-Custom-
#264269	REDUCE cov: 87 ft: 321 corp: 71/1768b lim: 1860 exec/s: 88089 rss: 1106Mb L: 45/199 MS: 4 InsertByte-Custom-EraseBytes-Custom-
#269658	REDUCE cov: 87 ft: 321 corp: 71/1762b lim: 1910 exec/s: 89886 rss: 1106Mb L: 148/199 MS: 8 ChangeByte-Custom-ChangeBit-Custom-ChangeByte-Custom-EraseBytes-Custom-
#271188	REDUCE cov: 87 ft: 321 corp: 71/1728b lim: 1920 exec/s: 90396 rss: 1106Mb L: 114/199 MS: 10 EraseBytes-Custom-CrossOver-Custom-InsertRepeatedBytes-Custom-PersAutoDict-Custom-CrossOver-Custom- DE: "\027\000"-
#274780	REDUCE cov: 87 ft: 321 corp: 71/1723b lim: 1950 exec/s: 91593 rss: 1106Mb L: 40/199 MS: 4 ChangeBit-Custom-EraseBytes-Custom-
#277987	REDUCE cov: 87 ft: 321 corp: 71/1722b lim: 1980 exec/s: 92662 rss: 1106Mb L: 150/199 MS: 4 InsertByte-Custom-EraseBytes-Custom-
#279679	REDUCE cov: 87 ft: 321 corp: 71/1721b lim: 1990 exec/s: 93226 rss: 1106Mb L: 83/199 MS: 4 InsertRepeatedBytes-Custom-EraseBytes-Custom-
#280990	REDUCE cov: 87 ft: 321 corp: 71/1720b lim: 2000 exec/s: 93663 rss: 1106Mb L: 82/199 MS: 2 EraseBytes-Custom-
#287441	REDUCE cov: 87 ft: 321 corp: 71/1719b lim: 2061 exec/s: 95813 rss: 1106Mb L: 12/199 MS: 2 EraseBytes-Custom-
#288542	REDUCE cov: 87 ft: 321 corp: 71/1718b lim: 2061 exec/s: 96180 rss: 1106Mb L: 53/199 MS: 2 EraseBytes-Custom-
#290048	REDUCE cov: 87 ft: 321 corp: 71/1717b lim: 2072 exec/s: 96682 rss: 1106Mb L: 52/199 MS: 2 EraseBytes-Custom-
#291174	REDUCE cov: 87 ft: 321 corp: 71/1715b lim: 2083 exec/s: 97058 rss: 1106Mb L: 38/199 MS: 2 EraseBytes-Custom-
#291531	REDUCE cov: 87 ft: 321 corp: 71/1713b lim: 2083 exec/s: 97177 rss: 1106Mb L: 36/199 MS: 4 ChangeBit-Custom-EraseBytes-Custom-
#293316	REDUCE cov: 87 ft: 321 corp: 71/1707b lim: 2094 exec/s: 97772 rss: 1106Mb L: 108/199 MS: 10 ChangeByte-Custom-ChangeASCIIInt-Custom-ChangeASCIIInt-Custom-InsertByte-Custom-EraseBytes-Custom-
#296357	REDUCE cov: 87 ft: 321 corp: 71/1705b lim: 2116 exec/s: 98785 rss: 1106Mb L: 50/199 MS: 2 EraseBytes-Custom-
#300258	REDUCE cov: 87 ft: 321 corp: 71/1694b lim: 2149 exec/s: 100086 rss: 1106Mb L: 97/199 MS: 2 EraseBytes-Custom-
#303304	REDUCE cov: 87 ft: 321 corp: 71/1691b lim: 2171 exec/s: 101101 rss: 1106Mb L: 33/199 MS: 2 EraseBytes-Custom-
#303645	REDUCE cov: 87 ft: 321 corp: 71/1689b lim: 2171 exec/s: 101215 rss: 1106Mb L: 31/199 MS: 2 EraseBytes-Custom-
#305561	REDUCE cov: 87 ft: 321 corp: 71/1688b lim: 2182 exec/s: 101853 rss: 1106Mb L: 49/199 MS: 2 EraseBytes-Custom-
#307606	DONE   cov: 87 ft: 321 corp: 71/1688b lim: 2193 exec/s: 76901 rss: 1106Mb
###### Recommended dictionary. ######
"\001\012" # Uses: 5658
"\377\377\377\377" # Uses: 5214
"\027\000\000\000" # Uses: 4846
"\377\003" # Uses: 4942
"\027\000" # Uses: 2526
"\001\000\000\000\000\000\000\000" # Uses: 1859
"\000\000\000\000\000\000\000\000" # Uses: 1292
"\000\000\000\004" # Uses: 653
###### End of recommended dictionary. ######
Done 307606 runs in 4 second(s)
[INFO] Tests run: 2, Failures: 0, Errors: 0, Skipped: 0, Time elapsed: 21.51 s -- in com.example.algorithm2.Algorithm2Test
[INFO] 
[INFO] Results:
[INFO] 
[INFO] Tests run: 2, Failures: 0, Errors: 0, Skipped: 0
[INFO] 
[INFO] 
[INFO] --- jacoco:0.8.11:report (default-cli) @ AlgorithmName2 ---
[INFO] Loading execution data file /tmp/bugrun/cli_19.rJYCFI/target/jacoco.exec
[INFO] Analyzed bundle 'AlgorithmName2' with 21 classes
[INFO] ------------------------------------------------------------------------
[INFO] BUILD SUCCESS
[INFO] ------------------------------------------------------------------------
[INFO] Total time:  41.363 s
[INFO] Finished at: 2026-10-06T01:46:43+07:00
[INFO] ------------------------------------------------------------------------
