[INFO] Scanning for projects...
[INFO] 
[INFO] ---------------------< com.example:AlgorithmName2 >---------------------
[INFO] Building AlgorithmName2 1.0-SNAPSHOT
[INFO]   from pom.xml
[INFO] --------------------------------[ jar ]---------------------------------
[INFO] 
[INFO] --- jacoco:0.8.11:prepare-agent (default) @ AlgorithmName2 ---
[INFO] argLine set to -javaagent:/home/kanyaphak673380391-3/.m2/repository/org/jacoco/org.jacoco.agent/0.8.11/org.jacoco.agent-0.8.11-runtime.jar=destfile=/tmp/bugrun/time_16.MN0ol3/target/jacoco.exec
[INFO] 
[INFO] --- resources:3.4.0:resources (default-resources) @ AlgorithmName2 ---
[INFO] Copying 1 resource from src/main/resources to target/classes
[INFO] 
[INFO] --- compiler:3.15.0:compile (default-compile) @ AlgorithmName2 ---
[INFO] Recompiling the module because of changed source code.
[INFO] Compiling 1 source file with javac [debug target 1.8] to target/classes
[WARNING] bootstrap class path not set in conjunction with -source 8
[INFO] 
[INFO] --- dependency:3.6.0:unpack-dependencies (unpack-defects4j) @ AlgorithmName2 ---
[INFO] 
[INFO] --- resources:3.4.0:testResources (default-testResources) @ AlgorithmName2 ---
[INFO] skip non existing resourceDirectory /tmp/bugrun/time_16.MN0ol3/src/test/resources
[INFO] 
[INFO] --- compiler:3.15.0:testCompile (default-testCompile) @ AlgorithmName2 ---
[INFO] Recompiling the module because of changed dependency.
[INFO] Compiling 1 source file with javac [debug target 1.8] to target/test-classes
[WARNING] bootstrap class path not set in conjunction with -source 8
[INFO] 
[INFO] --- surefire:3.1.2:test (default-cli) @ AlgorithmName2 ---
[INFO] Using auto detected provider org.apache.maven.surefire.junitplatform.JUnitPlatformProvider
[INFO] 
[INFO] -------------------------------------------------------
[INFO]  T E S T S
[INFO] -------------------------------------------------------
[INFO] Running com.example.algorithm2.Algorithm2Test
OpenJDK 64-Bit Server VM warning: Sharing is only supported for boot loader classes because bootstrap classpath has been appended
INFO: Loaded 281 hooks from com.code_intelligence.jazzer.runtime.TraceCmpHooks
INFO: Loaded 5 hooks from com.code_intelligence.jazzer.runtime.TraceDivHooks
INFO: Loaded 2 hooks from com.code_intelligence.jazzer.runtime.TraceIndirHooks
INFO: Loaded 4 hooks from com.code_intelligence.jazzer.runtime.NativeLibHooks
INFO: Loaded 2 hooks from com.code_intelligence.jazzer.sanitizers.ClojureLangHooks
INFO: Loaded 5 hooks from com.code_intelligence.jazzer.sanitizers.Deserialization
INFO: Loaded 5 hooks from com.code_intelligence.jazzer.sanitizers.ExpressionLanguageInjection
INFO: Loaded 70 hooks from com.code_intelligence.jazzer.sanitizers.LdapInjection
INFO: Loaded 46 hooks from com.code_intelligence.jazzer.sanitizers.NamingContextLookup
INFO: Loaded 1 hooks from com.code_intelligence.jazzer.sanitizers.OsCommandInjection
INFO: Loaded 52 hooks from com.code_intelligence.jazzer.sanitizers.ReflectiveCall
INFO: Loaded 8 hooks from com.code_intelligence.jazzer.sanitizers.RegexInjection
INFO: Loaded 16 hooks from com.code_intelligence.jazzer.sanitizers.RegexRoadblocks
INFO: Loaded 18 hooks from com.code_intelligence.jazzer.sanitizers.ScriptEngineInjection
INFO: Loaded 2 hooks from com.code_intelligence.jazzer.sanitizers.ServerSideRequestForgery
INFO: Loaded 19 hooks from com.code_intelligence.jazzer.sanitizers.SqlInjection
INFO: Loaded 6 hooks from com.code_intelligence.jazzer.sanitizers.XPathInjection
INFO: Instrumented com.example.algorithm2.Algorithm2Test$Skip (took 408 ms, size +44%)
INFO: Instrumented com.example.algorithm2.Algorithm2Test (took 362 ms, size +27%)
INFO: New number of coverage counters: 1024
INFO: Instrumented org.joda.time.DateTime (took 319 ms, size +12%)
INFO: Instrumented org.joda.time.ReadableDateTime (took 10 ms, size +0%)
INFO: Instrumented org.joda.time.ReadableInstant (took 1 ms, size +0%)
INFO: Instrumented org.joda.time.base.BaseDateTime (took 93 ms, size +15%)
INFO: Instrumented org.joda.time.base.AbstractDateTime (took 67 ms, size +14%)
INFO: Instrumented org.joda.time.base.AbstractInstant (took 131 ms, size +17%)
INFO: Instrumented org.joda.time.Chronology (took 41 ms, size +21%)
INFO: Instrumented org.joda.time.chrono.ISOChronology (took 87 ms, size +17%)
INFO: New number of coverage counters: 2048
INFO: Instrumented org.joda.time.chrono.AssembledChronology (took 236 ms, size +14%)
INFO: Instrumented org.joda.time.chrono.BaseChronology (took 329 ms, size +17%)
INFO: Instrumented org.joda.time.DateTimeZone (took 112 ms, size +22%)
INFO: Instrumented org.joda.time.DateTime$Property (took 59 ms, size +20%)
INFO: Instrumented org.joda.time.field.AbstractReadableInstantFieldProperty (took 64 ms, size +19%)
INFO: Instrumented org.joda.time.DateTimeFieldType (took 70 ms, size +12%)
INFO: Instrumented org.joda.time.ReadablePeriod (took 1 ms, size +0%)
INFO: Instrumented org.joda.time.ReadableDuration (took 1 ms, size +0%)
INFO: New number of coverage counters: 4096
INFO: Instrumented org.joda.time.LocalDate (took 271 ms, size +13%)
INFO: Instrumented org.joda.time.ReadablePartial (took 5 ms, size +0%)
INFO: Instrumented org.joda.time.base.BaseLocal (took 2 ms, size +52%)
INFO: Instrumented org.joda.time.base.AbstractPartial (took 69 ms, size +19%)
INFO: Instrumented org.joda.time.LocalTime (took 217 ms, size +13%)
INFO: Instrumented org.joda.time.LocalDateTime (took 246 ms, size +13%)
INFO: Instrumented org.joda.time.format.DateTimeFormatter (took 132 ms, size +14%)
INFO: Instrumented org.joda.time.DurationFieldType (took 50 ms, size +18%)
INFO: Instrumented org.joda.time.DateMidnight (took 167 ms, size +12%)
INFO: Instrumented org.joda.time.YearMonthDay (took 175 ms, size +12%)
INFO: Instrumented org.joda.time.base.BasePartial (took 49 ms, size +13%)
INFO: Instrumented org.joda.time.TimeOfDay (took 152 ms, size +12%)
INFO: Instrumented org.joda.time.Instant (took 54 ms, size +19%)
INFO: Instrumented org.joda.time.DateTimeField (took 2 ms, size +19%)
INFO: Instrumented org.joda.time.MutableDateTime (took 150 ms, size +11%)
INFO: Instrumented org.joda.time.ReadWritableDateTime (took 1 ms, size +0%)
INFO: Instrumented org.joda.time.ReadWritableInstant (took 13 ms, size +0%)
INFO: Instrumented org.joda.time.format.DateTimePrinter (took 0 ms, size +0%)
INFO: Instrumented org.joda.time.format.DateTimeParser (took 0 ms, size +0%)
[harness] target=org.joda.time.DateTime factories=9 methods=120
INFO: Instrumented org.joda.time.DurationField (took 9 ms, size +36%)
INFO: Instrumented org.joda.time.field.UnsupportedDurationField (took 47 ms, size +25%)
INFO: New number of coverage counters: 8192
INFO: Instrumented org.joda.time.field.UnsupportedDateTimeField (took 115 ms, size +14%)
INFO: Instrumented org.joda.time.IllegalFieldValueException (took 52 ms, size +14%)
INFO: Instrumented org.joda.time.chrono.GregorianChronology (took 50 ms, size +20%)
INFO: Instrumented org.joda.time.chrono.BasicGJChronology (took 25 ms, size +32%)
INFO: Instrumented org.joda.time.chrono.BasicChronology (took 144 ms, size +14%)
INFO: Instrumented org.joda.time.chrono.ZonedChronology (took 42 ms, size +19%)
INFO: Instrumented org.joda.time.field.DividedDateTimeField (took 30 ms, size +23%)
INFO: Instrumented org.joda.time.field.DecoratedDateTimeField (took 18 ms, size +27%)
INFO: Instrumented org.joda.time.field.BaseDateTimeField (took 109 ms, size +18%)
INFO: Instrumented org.joda.time.field.RemainderDateTimeField (took 36 ms, size +20%)
INFO: Instrumented org.joda.time.field.PreciseDurationField (took 32 ms, size +30%)
INFO: Instrumented org.joda.time.field.BaseDurationField (took 29 ms, size +24%)
INFO: Instrumented org.joda.time.field.PreciseDateTimeField (took 18 ms, size +30%)
INFO: Instrumented org.joda.time.field.PreciseDurationDateTimeField (took 9 ms, size +26%)
INFO: Instrumented org.joda.time.field.ZeroIsMaxDateTimeField (took 25 ms, size +19%)
INFO: Instrumented org.joda.time.chrono.BasicChronology$HalfdayField (took 3 ms, size +23%)
INFO: Instrumented org.joda.time.chrono.BasicYearDateTimeField (took 25 ms, size +22%)
INFO: Instrumented org.joda.time.field.ImpreciseDateTimeField (took 12 ms, size +31%)
INFO: Instrumented org.joda.time.chrono.GJYearOfEraDateTimeField (took 16 ms, size +22%)
INFO: Instrumented org.joda.time.field.OffsetDateTimeField (took 9 ms, size +20%)
INFO: Instrumented org.joda.time.chrono.GJEraDateTimeField (took 6 ms, size +19%)
INFO: Instrumented org.joda.time.chrono.GJDayOfWeekDateTimeField (took 11 ms, size +16%)
INFO: Instrumented org.joda.time.chrono.BasicDayOfMonthDateTimeField (took 23 ms, size +23%)
INFO: Instrumented org.joda.time.chrono.BasicDayOfYearDateTimeField (took 16 ms, size +24%)
INFO: Instrumented org.joda.time.chrono.GJMonthOfYearDateTimeField (took 27 ms, size +23%)
INFO: Instrumented org.joda.time.chrono.BasicMonthOfYearDateTimeField (took 31 ms, size +19%)
INFO: Instrumented org.joda.time.chrono.BasicWeekyearDateTimeField (took 12 ms, size +22%)
INFO: Instrumented org.joda.time.chrono.BasicWeekOfWeekyearDateTimeField (took 17 ms, size +21%)
INFO: Instrumented org.joda.time.field.MillisDurationField (took 24 ms, size +23%)
INFO: Instrumented org.joda.time.DurationFieldType$StandardDurationFieldType (took 102 ms, size +27%)
INFO: Instrumented org.joda.time.DateTimeFieldType$StandardDateTimeFieldType (took 27 ms, size +21%)
INFO: Instrumented org.joda.time.tz.Provider (took 0 ms, size +0%)
INFO: Instrumented org.joda.time.JodaTimePermission (took 8 ms, size +49%)
INFO: Instrumented org.joda.time.tz.FixedDateTimeZone (took 31 ms, size +37%)
INFO: Instrumented org.joda.time.DateTimeZone$1 (took 16 ms, size +32%)
INFO: Instrumented org.joda.time.tz.NameProvider (took 0 ms, size +0%)
INFO: Instrumented org.joda.time.tz.ZoneInfoProvider (took 25 ms, size +22%)
INFO: Instrumented org.joda.time.tz.DefaultNameProvider (took 29 ms, size +42%)
INFO: Instrumented org.joda.time.chrono.AssembledChronology$Fields (took 23 ms, size +31%)
INFO: Instrumented org.joda.time.field.ImpreciseDateTimeField$LinkedDurationField (took 17 ms, size +21%)
INFO: Instrumented org.joda.time.field.ScaledDurationField (took 37 ms, size +28%)
INFO: Instrumented org.joda.time.field.DecoratedDurationField (took 20 ms, size +26%)
INFO: Instrumented org.joda.time.chrono.BasicChronology$YearInfo (took 1 ms, size +45%)
INFO: Instrumented org.joda.time.chrono.ISOYearOfEraDateTimeField (took 19 ms, size +22%)
INFO: Instrumented org.joda.time.tz.DateTimeZoneBuilder (took 62 ms, size +19%)
INFO: Instrumented org.joda.time.tz.DateTimeZoneBuilder$PrecalculatedZone (took 90 ms, size +24%)
INFO: Instrumented org.joda.time.tz.CachedDateTimeZone (took 41 ms, size +22%)
INFO: Instrumented org.joda.time.tz.DateTimeZoneBuilder$DSTZone (took 53 ms, size +25%)
INFO: Instrumented org.joda.time.chrono.ZonedChronology$ZonedDateTimeField (took 46 ms, size +16%)
INFO: Instrumented org.joda.time.chrono.ZonedChronology$ZonedDurationField (took 30 ms, size +23%)
INFO: Instrumented org.joda.time.DateTimeUtils (took 63 ms, size +19%)
INFO: Instrumented org.joda.time.DateTimeUtils$MillisProvider (took 12 ms, size +0%)
INFO: Instrumented org.joda.time.ReadableInterval (took 0 ms, size +0%)
INFO: Instrumented org.joda.time.DateTimeUtils$SystemMillisProvider (took 26 ms, size +43%)
INFO: using inputs from: /tmp/bugrun/time_16.MN0ol3/.cifuzz-corpus/com.example.algorithm2.Algorithm2Test/testParameterizedFuzzer
INFO: using inputs from: /tmp/jazzer-java-seeds3001374783308778086
INFO: found LLVMFuzzerCustomMutator (0x7bcc6956ecd0). Disabling -len_control by default.
INFO: Running with entropic power schedule (0xFF, 100).
INFO: Seed: 443842084
INFO: Loaded 5 modules   (8192 inline 8-bit counters): 512 [0x7bcd10c299a0, 0x7bcd10c29ba0), 512 [0x7bcd10c29ba0, 0x7bcd10c29da0), 1024 [0x7bcd10c29da0, 0x7bcd10c2a1a0), 2048 [0x7bcd10c2a1a0, 0x7bcd10c2a9a0), 4096 [0x7bcd10c2a9a0, 0x7bcd10c2b9a0), 
INFO: Loaded 5 PC tables (8192 PCs): 512 [0x7bcd10aecf80,0x7bcd10aeef80), 512 [0x7bcd10b33b40,0x7bcd10b35b40), 1024 [0x7bcd10bcdec0,0x7bcd10bd1ec0), 2048 [0x7bcd109f1b80,0x7bcd109f9b80), 4096 [0x7bcd10b60bb0,0x7bcd10b70bb0), 
INFO:        0 files found in /tmp/bugrun/time_16.MN0ol3/.cifuzz-corpus/com.example.algorithm2.Algorithm2Test/testParameterizedFuzzer
INFO:        0 files found in /tmp/jazzer-java-seeds3001374783308778086
INFO: -max_len is not provided; libFuzzer will not generate inputs larger than 4096 bytes
INFO: A corpus is not provided, starting from an empty corpus
#2	INITED cov: 91 ft: 91 corp: 1/1b exec/s: 0 rss: 1233Mb
#3	NEW    cov: 107 ft: 125 corp: 2/3b lim: 4 exec/s: 0 rss: 1233Mb L: 2/2 MS: 2 InsertByte-Custom-
INFO: Instrumented org.joda.time.field.FieldUtils (took 103 ms, size +31%)
#7	NEW    cov: 176 ft: 215 corp: 3/5b lim: 4 exec/s: 0 rss: 1233Mb L: 2/2 MS: 8 ShuffleBytes-Custom-CrossOver-Custom-CopyPart-Custom-ChangeBinInt-Custom-
#9	NEW    cov: 194 ft: 235 corp: 4/8b lim: 4 exec/s: 0 rss: 1233Mb L: 3/3 MS: 4 CrossOver-Custom-CopyPart-Custom-
#10	NEW    cov: 195 ft: 238 corp: 5/11b lim: 4 exec/s: 0 rss: 1233Mb L: 3/3 MS: 2 ChangeBinInt-Custom-
#12	NEW    cov: 197 ft: 241 corp: 6/15b lim: 4 exec/s: 0 rss: 1233Mb L: 4/4 MS: 4 CopyPart-Custom-CrossOver-Custom-
#15	NEW    cov: 197 ft: 244 corp: 7/17b lim: 4 exec/s: 0 rss: 1233Mb L: 2/4 MS: 6 CopyPart-Custom-CrossOver-Custom-InsertByte-Custom-
#16	REDUCE cov: 197 ft: 244 corp: 7/16b lim: 4 exec/s: 0 rss: 1233Mb L: 2/4 MS: 2 EraseBytes-Custom-
INFO: Instrumented org.joda.time.Duration (took 49 ms, size +20%)
INFO: Instrumented org.joda.time.base.BaseDuration (took 28 ms, size +14%)
INFO: Instrumented org.joda.time.base.AbstractDuration (took 45 ms, size +31%)
INFO: Instrumented org.joda.time.Period (took 140 ms, size +14%)
#18	NEW    cov: 203 ft: 250 corp: 8/18b lim: 4 exec/s: 0 rss: 1234Mb L: 2/4 MS: 4 EraseBytes-Custom-InsertByte-Custom-
INFO: Instrumented org.joda.time.base.BasePeriod (took 67 ms, size +15%)
INFO: Instrumented org.joda.time.base.AbstractPeriod (took 33 ms, size +24%)
INFO: Instrumented org.joda.time.convert.ConverterManager (took 53 ms, size +10%)
INFO: Instrumented org.joda.time.convert.Converter (took 0 ms, size +0%)
INFO: Instrumented org.joda.time.convert.ConverterSet (took 55 ms, size +23%)
INFO: Instrumented org.joda.time.convert.ReadableInstantConverter (took 28 ms, size +21%)
INFO: Instrumented org.joda.time.convert.InstantConverter (took 0 ms, size +0%)
INFO: Instrumented org.joda.time.convert.PartialConverter (took 0 ms, size +0%)
INFO: Instrumented org.joda.time.convert.AbstractConverter (took 20 ms, size +17%)
INFO: Instrumented org.joda.time.convert.StringConverter (took 21 ms, size +23%)
INFO: Instrumented org.joda.time.convert.DurationConverter (took 0 ms, size +0%)
INFO: Instrumented org.joda.time.convert.PeriodConverter (took 0 ms, size +0%)
INFO: Instrumented org.joda.time.convert.IntervalConverter (took 0 ms, size +0%)
INFO: Instrumented org.joda.time.convert.CalendarConverter (took 13 ms, size +26%)
INFO: New number of coverage counters: 16384
INFO: Instrumented org.joda.time.chrono.BuddhistChronology (took 17 ms, size +16%)
INFO: Instrumented org.joda.time.chrono.JulianChronology (took 38 ms, size +17%)
INFO: Instrumented org.joda.time.chrono.GJChronology (took 28 ms, size +14%)
INFO: Instrumented org.joda.time.convert.DateConverter (took 10 ms, size +33%)
INFO: Instrumented org.joda.time.convert.LongConverter (took 39 ms, size +31%)
INFO: Instrumented org.joda.time.convert.NullConverter (took 25 ms, size +22%)
INFO: Instrumented org.joda.time.convert.ConverterSet$Entry (took 1 ms, size +36%)
INFO: Instrumented org.joda.time.convert.ReadablePartialConverter (took 17 ms, size +24%)
INFO: Instrumented org.joda.time.convert.ReadableDurationConverter (took 13 ms, size +28%)
INFO: Instrumented org.joda.time.convert.ReadableIntervalConverter (took 21 ms, size +22%)
INFO: Instrumented org.joda.time.convert.ReadablePeriodConverter (took 16 ms, size +27%)
INFO: Instrumented org.joda.time.format.ISODateTimeFormat (took 186 ms, size +24%)
INFO: Instrumented org.joda.time.format.DateTimeFormatterBuilder (took 138 ms, size +13%)
INFO: Instrumented org.joda.time.format.DateTimeFormatterBuilder$CharacterLiteral (took 15 ms, size +22%)
INFO: Instrumented org.joda.time.format.DateTimeFormatterBuilder$Composite (took 28 ms, size +19%)
INFO: Instrumented org.joda.time.format.DateTimeFormatterBuilder$MatchingParser (took 12 ms, size +34%)
INFO: Instrumented org.joda.time.format.DateTimeFormatterBuilder$PaddedNumber (took 15 ms, size +19%)
INFO: Instrumented org.joda.time.format.DateTimeFormatterBuilder$NumberFormatter (took 5 ms, size +33%)
INFO: Instrumented org.joda.time.format.DateTimeFormatterBuilder$Fraction (took 30 ms, size +19%)
INFO: Instrumented org.joda.time.format.DateTimeFormatterBuilder$TimeZoneOffset (took 20 ms, size +34%)
INFO: Instrumented org.joda.time.format.DateTimeFormatterBuilder$StringLiteral (took 9 ms, size +29%)
INFO: Instrumented org.joda.time.format.DateTimeFormatterBuilder$UnpaddedNumber (took 6 ms, size +19%)
INFO: Instrumented org.joda.time.format.DateTimeParserBucket (took 60 ms, size +15%)
INFO: Instrumented org.joda.time.format.DateTimeParserBucket$SavedField (took 16 ms, size +26%)
INFO: Instrumented org.joda.time.format.DateTimeParserBucket$SavedState (took 4 ms, size +24%)
#20	REDUCE cov: 771 ft: 819 corp: 9/21b lim: 4 exec/s: 20 rss: 1238Mb L: 3/4 MS: 4 InsertByte-Custom-ShuffleBytes-Custom-
#21	NEW    cov: 774 ft: 832 corp: 10/25b lim: 4 exec/s: 21 rss: 1238Mb L: 4/4 MS: 2 CopyPart-Custom-
#23	NEW    cov: 909 ft: 971 corp: 11/28b lim: 4 exec/s: 23 rss: 1238Mb L: 3/4 MS: 4 ChangeByte-Custom-InsertByte-Custom-
#25	NEW    cov: 910 ft: 972 corp: 12/32b lim: 4 exec/s: 25 rss: 1238Mb L: 4/4 MS: 4 InsertByte-Custom-InsertByte-Custom-
#26	REDUCE cov: 910 ft: 972 corp: 12/31b lim: 4 exec/s: 26 rss: 1238Mb L: 1/4 MS: 2 EraseBytes-Custom-
#27	NEW    cov: 913 ft: 975 corp: 13/33b lim: 4 exec/s: 27 rss: 1238Mb L: 2/4 MS: 2 ChangeBit-Custom-
#28	NEW    cov: 922 ft: 998 corp: 14/36b lim: 4 exec/s: 28 rss: 1238Mb L: 3/4 MS: 2 ChangeByte-Custom-
#29	NEW    cov: 954 ft: 1034 corp: 15/40b lim: 4 exec/s: 29 rss: 1238Mb L: 4/4 MS: 2 ChangeByte-Custom-
#30	REDUCE cov: 954 ft: 1034 corp: 15/39b lim: 4 exec/s: 30 rss: 1238Mb L: 3/4 MS: 2 EraseBytes-Custom-
INFO: Instrumented org.joda.time.format.FormatUtils (took 54 ms, size +29%)
#31	NEW    cov: 955 ft: 1035 corp: 16/43b lim: 4 exec/s: 15 rss: 1238Mb L: 4/4 MS: 2 InsertByte-Custom-
#32	pulse  cov: 955 ft: 1058 corp: 16/43b lim: 4 exec/s: 16 rss: 1238Mb
#32	NEW    cov: 958 ft: 1058 corp: 17/46b lim: 4 exec/s: 16 rss: 1238Mb L: 3/4 MS: 2 ShuffleBytes-Custom-
#33	NEW    cov: 961 ft: 1061 corp: 18/50b lim: 4 exec/s: 16 rss: 1238Mb L: 4/4 MS: 2 ShuffleBytes-Custom-
DEDUP_TOKEN: ace3f9e0422b09a9
MS: 2 ChangeBit-Custom-; base unit: 62a924c8b26fa021073f3ab3e157e578e8a815cc
0xf4,0xf1,
\364\361
artifact_prefix='/tmp/bugrun/time_16.MN0ol3/'; Test unit written to /tmp/bugrun/time_16.MN0ol3/crash-dd023516d433b0c44438acfa8712c4e95801e07b
Base64: 9PE=
Done 34 runs in 2 second(s)
[ERROR] Tests run: 2, Failures: 0, Errors: 1, Skipped: 0, Time elapsed: 23.09 s <<< FAILURE! -- in com.example.algorithm2.Algorithm2Test
[ERROR] com.example.algorithm2.Algorithm2Test.testParameterizedFuzzer(FuzzedDataProvider)[2] -- Time elapsed: 2.879 s <<< ERROR!
org.joda.time.IllegalFieldValueException: Value 0 for dayOfYear must be in the range [1,365]
	at org.joda.time.field.FieldUtils.verifyValueBounds(FieldUtils.java:219)
	at org.joda.time.field.PreciseDurationDateTimeField.set(PreciseDurationDateTimeField.java:78)
	at org.joda.time.chrono.ZonedChronology$ZonedDateTimeField.set(ZonedChronology.java:466)
	at org.joda.time.DateTime.withDayOfYear(DateTime.java:1716)
	at java.base/jdk.internal.reflect.NativeMethodAccessorImpl.invoke0(Native Method)
	at java.base/jdk.internal.reflect.NativeMethodAccessorImpl.invoke(NativeMethodAccessorImpl.java:62)
	at java.base/jdk.internal.reflect.DelegatingMethodAccessorImpl.invoke(DelegatingMethodAccessorImpl.java:43)
	at java.base/java.lang.reflect.Method.invoke(Method.java:566)
	at com.example.algorithm2.Algorithm2Test.testParameterizedFuzzer(Algorithm2Test.java:226)

[INFO] 
[INFO] Results:
[INFO] 
[ERROR] Errors: 
[ERROR]   Algorithm2Test.testParameterizedFuzzer:226 » IllegalFieldValue Value 0 for dayOfYear must be in the range [1,365]
[INFO] 
[ERROR] Tests run: 2, Failures: 0, Errors: 1, Skipped: 0
[INFO] 
[ERROR] 

Please refer to /tmp/bugrun/time_16.MN0ol3/target/surefire-reports for the individual test results.
Please refer to dump files (if any exist) [date].dump, [date]-jvmRun[N].dump and [date].dumpstream.
[INFO] 
[INFO] --- jacoco:0.8.11:report (default-cli) @ AlgorithmName2 ---
[INFO] Loading execution data file /tmp/bugrun/time_16.MN0ol3/target/jacoco.exec
[INFO] Analyzed bundle 'AlgorithmName2' with 205 classes
[INFO] ------------------------------------------------------------------------
[INFO] BUILD SUCCESS
[INFO] ------------------------------------------------------------------------
[INFO] Total time:  39.362 s
[INFO] Finished at: 2026-10-06T02:44:07+07:00
[INFO] ------------------------------------------------------------------------
