[INFO] Scanning for projects...
[INFO] 
[INFO] ---------------------< com.example:AlgorithmName2 >---------------------
[INFO] Building AlgorithmName2 1.0-SNAPSHOT
[INFO]   from pom.xml
[INFO] --------------------------------[ jar ]---------------------------------
[INFO] 
[INFO] --- jacoco:0.8.11:prepare-agent (default) @ AlgorithmName2 ---
[INFO] argLine set to -javaagent:/home/kanyaphak673380391-3/.m2/repository/org/jacoco/org.jacoco.agent/0.8.11/org.jacoco.agent-0.8.11-runtime.jar=destfile=/tmp/bugrun/jacksoncore_26.vxIsXV/target/jacoco.exec
[INFO] 
[INFO] --- resources:3.4.0:resources (default-resources) @ AlgorithmName2 ---
[INFO] Copying 1 resource from src/main/resources to target/classes
[INFO] 
[INFO] --- compiler:3.15.0:compile (default-compile) @ AlgorithmName2 ---
[INFO] Recompiling the module because of changed source code.
[INFO] Compiling 1 source file with javac [debug target 1.8] to target/classes
[WARNING] bootstrap class path not set in conjunction with -source 8
[INFO] 
[INFO] --- dependency:3.6.0:unpack-dependencies (unpack-defects4j) @ AlgorithmName2 ---
[INFO] 
[INFO] --- resources:3.4.0:testResources (default-testResources) @ AlgorithmName2 ---
[INFO] skip non existing resourceDirectory /tmp/bugrun/jacksoncore_26.vxIsXV/src/test/resources
[INFO] 
[INFO] --- compiler:3.15.0:testCompile (default-testCompile) @ AlgorithmName2 ---
[INFO] Recompiling the module because of changed dependency.
[INFO] Compiling 1 source file with javac [debug target 1.8] to target/test-classes
[WARNING] bootstrap class path not set in conjunction with -source 8
[INFO] 
[INFO] --- surefire:3.1.2:test (default-cli) @ AlgorithmName2 ---
[INFO] Using auto detected provider org.apache.maven.surefire.junitplatform.JUnitPlatformProvider
[INFO] 
[INFO] -------------------------------------------------------
[INFO]  T E S T S
[INFO] -------------------------------------------------------
[INFO] Running com.example.algorithm2.Algorithm2Test
OpenJDK 64-Bit Server VM warning: Sharing is only supported for boot loader classes because bootstrap classpath has been appended
INFO: Loaded 284 hooks from com.code_intelligence.jazzer.runtime.TraceCmpHooks
INFO: Loaded 5 hooks from com.code_intelligence.jazzer.runtime.TraceDivHooks
INFO: Loaded 2 hooks from com.code_intelligence.jazzer.runtime.TraceIndirHooks
INFO: Loaded 4 hooks from com.code_intelligence.jazzer.runtime.NativeLibHooks
INFO: Loaded 2 hooks from com.code_intelligence.jazzer.sanitizers.ClojureLangHooks
INFO: Loaded 5 hooks from com.code_intelligence.jazzer.sanitizers.Deserialization
INFO: Loaded 5 hooks from com.code_intelligence.jazzer.sanitizers.ExpressionLanguageInjection
INFO: Loaded 70 hooks from com.code_intelligence.jazzer.sanitizers.LdapInjection
INFO: Loaded 46 hooks from com.code_intelligence.jazzer.sanitizers.NamingContextLookup
INFO: Loaded 1 hooks from com.code_intelligence.jazzer.sanitizers.OsCommandInjection
INFO: Loaded 52 hooks from com.code_intelligence.jazzer.sanitizers.ReflectiveCall
INFO: Loaded 8 hooks from com.code_intelligence.jazzer.sanitizers.RegexInjection
INFO: Loaded 16 hooks from com.code_intelligence.jazzer.sanitizers.RegexRoadblocks
INFO: Loaded 18 hooks from com.code_intelligence.jazzer.sanitizers.ScriptEngineInjection
INFO: Loaded 2 hooks from com.code_intelligence.jazzer.sanitizers.ServerSideRequestForgery
INFO: Loaded 19 hooks from com.code_intelligence.jazzer.sanitizers.SqlInjection
INFO: Loaded 6 hooks from com.code_intelligence.jazzer.sanitizers.XPathInjection
INFO: Instrumented com.example.algorithm2.Algorithm2Test$Skip (took 136 ms, size +44%)
INFO: Instrumented com.example.algorithm2.Algorithm2Test (took 117 ms, size +27%)
INFO: New number of coverage counters: 1024
INFO: Instrumented com.fasterxml.jackson.core.JsonFactory (took 367 ms, size +9%)
INFO: Instrumented com.fasterxml.jackson.core.Versioned (took 1 ms, size +0%)
INFO: Instrumented com.fasterxml.jackson.core.TokenStreamFactory (took 16 ms, size +24%)
INFO: Instrumented com.fasterxml.jackson.core.io.DataOutputAsStream (took 22 ms, size +34%)
INFO: Instrumented com.fasterxml.jackson.core.TSFBuilder (took 74 ms, size +10%)
INFO: Instrumented com.fasterxml.jackson.core.JsonFactoryBuilder (took 18 ms, size +13%)
INFO: Instrumented com.fasterxml.jackson.core.SerializableString (took 1 ms, size +0%)
INFO: New number of coverage counters: 2048
INFO: Instrumented com.fasterxml.jackson.core.JsonParser (took 75 ms, size +10%)
INFO: New number of coverage counters: 4096
INFO: Instrumented com.fasterxml.jackson.core.json.UTF8DataInputJsonParser (took 230 ms, size +22%)
INFO: Instrumented com.fasterxml.jackson.core.base.ParserBase (took 78 ms, size +17%)
INFO: Instrumented com.fasterxml.jackson.core.base.ParserMinimalBase (took 85 ms, size +15%)
INFO: Instrumented com.fasterxml.jackson.core.json.ReaderBasedJsonParser (took 182 ms, size +25%)
INFO: New number of coverage counters: 8192
INFO: Instrumented com.fasterxml.jackson.core.json.async.NonBlockingJsonParser (took 144 ms, size +23%)
INFO: Instrumented com.fasterxml.jackson.core.async.ByteArrayFeeder (took 0 ms, size +0%)
INFO: Instrumented com.fasterxml.jackson.core.async.NonBlockingInputFeeder (took 0 ms, size +0%)
INFO: Instrumented com.fasterxml.jackson.core.json.async.NonBlockingJsonParserBase (took 63 ms, size +11%)
INFO: Instrumented com.fasterxml.jackson.core.JsonGenerator (took 57 ms, size +13%)
INFO: Instrumented com.fasterxml.jackson.core.json.UTF8JsonGenerator (took 55 ms, size +21%)
INFO: Instrumented com.fasterxml.jackson.core.json.JsonGeneratorImpl (took 8 ms, size +15%)
INFO: Instrumented com.fasterxml.jackson.core.base.GeneratorBase (took 16 ms, size +14%)
INFO: Instrumented com.fasterxml.jackson.core.io.UTF8Writer (took 13 ms, size +26%)
INFO: Instrumented com.fasterxml.jackson.core.json.WriterBasedJsonGenerator (took 52 ms, size +21%)
INFO: Instrumented com.fasterxml.jackson.core.JsonFactory$Feature (took 4 ms, size +29%)
INFO: Instrumented com.fasterxml.jackson.core.JsonParser$Feature (took 8 ms, size +22%)
INFO: Instrumented com.fasterxml.jackson.core.JsonGenerator$Feature (took 6 ms, size +24%)
INFO: Instrumented com.fasterxml.jackson.core.util.DefaultPrettyPrinter (took 40 ms, size +14%)
INFO: Instrumented com.fasterxml.jackson.core.PrettyPrinter (took 1 ms, size +28%)
INFO: Instrumented com.fasterxml.jackson.core.util.Instantiatable (took 0 ms, size +0%)
INFO: Instrumented com.fasterxml.jackson.core.util.DefaultPrettyPrinter$Indenter (took 1 ms, size +0%)
INFO: Instrumented com.fasterxml.jackson.core.io.SerializedString (took 21 ms, size +20%)
INFO: Instrumented com.fasterxml.jackson.core.ObjectCodec (took 4 ms, size +13%)
INFO: Instrumented com.fasterxml.jackson.core.TreeCodec (took 3 ms, size +32%)
INFO: Instrumented com.fasterxml.jackson.core.StreamReadFeature (took 6 ms, size +25%)
INFO: Instrumented com.fasterxml.jackson.core.StreamWriteFeature (took 14 ms, size +23%)
INFO: Instrumented com.fasterxml.jackson.core.Version (took 10 ms, size +34%)
INFO: Instrumented com.fasterxml.jackson.core.FormatSchema (took 2 ms, size +0%)
INFO: Instrumented com.fasterxml.jackson.core.format.InputAccessor (took 0 ms, size +0%)
INFO: Instrumented com.fasterxml.jackson.core.format.MatchStrength (took 5 ms, size +28%)
INFO: Instrumented com.fasterxml.jackson.core.io.InputDecorator (took 2 ms, size +30%)
INFO: Instrumented com.fasterxml.jackson.core.io.CharacterEscapes (took 7 ms, size +35%)
INFO: Instrumented com.fasterxml.jackson.core.io.OutputDecorator (took 2 ms, size +42%)
INFO: Instrumented com.fasterxml.jackson.core.JsonParseException (took 11 ms, size +16%)
INFO: Instrumented com.fasterxml.jackson.core.exc.StreamReadException (took 5 ms, size +16%)
INFO: Instrumented com.fasterxml.jackson.core.JsonProcessingException (took 7 ms, size +19%)
INFO: Instrumented com.fasterxml.jackson.core.JsonEncoding (took 4 ms, size +22%)
INFO: Instrumented com.fasterxml.jackson.core.util.BufferRecycler (took 7 ms, size +24%)
[harness] target=com.fasterxml.jackson.core.JsonFactory factories=2 methods=66
INFO: New number of coverage counters: 16384
INFO: Instrumented com.fasterxml.jackson.core.sym.CharsToNameCanonicalizer (took 12 ms, size +14%)
INFO: Instrumented com.fasterxml.jackson.core.sym.CharsToNameCanonicalizer$TableInfo (took 2 ms, size +22%)
INFO: Instrumented com.fasterxml.jackson.core.sym.CharsToNameCanonicalizer$Bucket (took 2 ms, size +39%)
INFO: Instrumented com.fasterxml.jackson.core.sym.ByteQuadsCanonicalizer (took 43 ms, size +19%)
INFO: Instrumented com.fasterxml.jackson.core.sym.ByteQuadsCanonicalizer$TableInfo (took 3 ms, size +22%)
INFO: using inputs from: /tmp/bugrun/jacksoncore_26.vxIsXV/.cifuzz-corpus/com.example.algorithm2.Algorithm2Test/testParameterizedFuzzer
INFO: INFO: found LLVMFuzzerCustomMutator (0x7567e766fcd0). Disabling -len_control by default.
INFO: Running with entropic power schedule (0xFF, 100).
INFO: Seed: 2535160954
using inputs from: /tmp/jazzer-java-seeds3987223259851156209
INFO: Loaded 6 modules   (16384 inline 8-bit counters): 512 [0x756908b29590, 0x756908b29790), 512 [0x756908b29790, 0x756908b29990), 1024 [0x756908b29990, 0x756908b29d90), 2048 [0x756908b29d90, 0x756908b2a590), 4096 [0x756908b2a590, 0x756908b2b590), 8192 [0x756908b2b590, 0x756908b2d590), 
INFO: Loaded 6 PC tables (16384 PCs): 512 [0x756908b23540,0x756908b25540), 512 [0x7569084b5f60,0x7569084b7f60), 1024 [0x7569085341e0,0x7569085381e0), 2048 [0x756908638600,0x756908640600), 4096 [0x7569086234d0,0x7569086334d0), 8192 [0x756908cc9e50,0x756908ce9e50), 
INFO:        0 files found in /tmp/bugrun/jacksoncore_26.vxIsXV/.cifuzz-corpus/com.example.algorithm2.Algorithm2Test/testParameterizedFuzzer
INFO:        0 files found in /tmp/jazzer-java-seeds3987223259851156209
INFO: -max_len is not provided; libFuzzer will not generate inputs larger than 4096 bytes
INFO: A corpus is not provided, starting from an empty corpus
#2	INITED cov: 93 ft: 93 corp: 1/1b exec/s: 0 rss: 1048Mb
INFO: Instrumented com.fasterxml.jackson.core.io.IOContext (took 36 ms, size +18%)
INFO: Instrumented com.fasterxml.jackson.core.util.BufferRecyclers (took 10 ms, size +24%)
INFO: Instrumented com.fasterxml.jackson.core.io.JsonEOFException (took 2 ms, size +33%)
INFO: Instrumented com.fasterxml.jackson.core.exc.InputCoercionException (took 3 ms, size +18%)
#10	NEW    cov: 265 ft: 272 corp: 2/3b lim: 4 exec/s: 0 rss: 1062Mb L: 2/2 MS: 6 CrossOver-Custom-EraseBytes-Custom-InsertByte-Custom-
#12	NEW    cov: 270 ft: 287 corp: 3/4b lim: 4 exec/s: 0 rss: 1062Mb L: 1/2 MS: 4 CrossOver-Custom-CrossOver-Custom-
INFO: Instrumented com.fasterxml.jackson.core.JsonStreamContext (took 7 ms, size +21%)
INFO: Instrumented com.fasterxml.jackson.core.json.JsonReadContext (took 10 ms, size +16%)
#21	NEW    cov: 368 ft: 400 corp: 4/6b lim: 4 exec/s: 0 rss: 1067Mb L: 2/2 MS: 8 CrossOver-Custom-CrossOver-Custom-InsertByte-Custom-ChangeByte-Custom-
INFO: Instrumented com.fasterxml.jackson.core.io.CharTypes (took 7 ms, size +23%)
INFO: #26	NEW    cov: 369 ft: 401 corp: 5/9b lim: 4 exec/s: 0 rss: 1067Mb L: 3/3 MS: 10 EraseBytes-Custom-CopyPart-Custom-ChangeBit-Custom-ChangeBit-Custom-CrossOver-Custom-
Instrumented com.fasterxml.jackson.core.util.TextBuffer (took 29 ms, size +21%)
INFO: Instrumented com.fasterxml.jackson.core.JsonGenerationException (took 6 ms, size +19%)
INFO: Instrumented com.fasterxml.jackson.core.json.JsonWriteContext (took 7 ms, size +19%)
#27	NEW    cov: 371 ft: 410 corp: 6/11b lim: 4 exec/s: 0 rss: 1067Mb L: 2/3 MS: 2 CrossOver-Custom-
#29	NEW    cov: 429 ft: 474 corp: 7/12b lim: 4 exec/s: 0 rss: 1067Mb L: 1/3 MS: 4 ShuffleBytes-Custom-ChangeBit-Custom-
#31	NEW    cov: 465 ft: 518 corp: 8/14b lim: 4 exec/s: 0 rss: 1067Mb L: 2/3 MS: 4 CrossOver-Custom-EraseBytes-Custom-
#34	NEW    cov: 488 ft: 544 corp: 9/17b lim: 4 exec/s: 0 rss: 1067Mb L: 3/3 MS: 6 ShuffleBytes-Custom-EraseBytes-Custom-CrossOver-Custom-
#35	NEW    cov: 492 ft: 548 corp: 10/19b lim: 4 exec/s: 0 rss: 1067Mb L: 2/3 MS: 2 InsertByte-Custom-
#36	NEW    cov: 492 ft: 549 corp: 11/22b lim: 4 exec/s: 0 rss: 1067Mb L: 3/3 MS: 2 CopyPart-Custom-
INFO: Instrumented com.fasterxml.jackson.core.json.ByteSourceJsonBootstrapper (took 14 ms, size +21%)
#40	NEW    cov: 544 ft: 605 corp: 12/26b lim: 4 exec/s: 0 rss: 1068Mb L: 4/4 MS: 8 InsertByte-Custom-CopyPart-Custom-CrossOver-Custom-ChangeBinInt-Custom-
#41	NEW    cov: 547 ft: 610 corp: 13/30b lim: 4 exec/s: 0 rss: 1068Mb L: 4/4 MS: 2 ChangeBinInt-Custom-
#42	REDUCE cov: 547 ft: 610 corp: 13/28b lim: 4 exec/s: 0 rss: 1068Mb L: 2/4 MS: 2 EraseBytes-Custom-
#47	NEW    cov: 548 ft: 614 corp: 14/29b lim: 4 exec/s: 0 rss: 1068Mb L: 1/4 MS: 10 ShuffleBytes-Custom-EraseBytes-Custom-EraseBytes-Custom-ShuffleBytes-Custom-ChangeByte-Custom-
#49	NEW    cov: 551 ft: 619 corp: 15/32b lim: 4 exec/s: 0 rss: 1068Mb L: 3/4 MS: 4 ChangeBinInt-Custom-ChangeBinInt-Custom-
#63	NEW    cov: 558 ft: 626 corp: 16/34b lim: 4 exec/s: 0 rss: 1068Mb L: 2/4 MS: 8 EraseBytes-Custom-CopyPart-Custom-CopyPart-Custom-ChangeByte-Custom-
#65	NEW    cov: 558 ft: 632 corp: 17/38b lim: 4 exec/s: 0 rss: 1068Mb L: 4/4 MS: 4 ChangeByte-Custom-InsertByte-Custom-
#66	NEW    cov: 563 ft: 637 corp: 18/39b lim: 4 exec/s: 0 rss: 1068Mb L: 1/4 MS: 2 ChangeByte-Custom-
#67	NEW    cov: 572 ft: 646 corp: 19/41b lim: 4 exec/s: 0 rss: 1068Mb L: 2/4 MS: 2 ChangeBit-Custom-
#68	NEW    cov: 573 ft: 647 corp: 20/44b lim: 4 exec/s: 0 rss: 1068Mb L: 3/4 MS: 2 ChangeByte-Custom-
#69	NEW    cov: 577 ft: 651 corp: 21/46b lim: 4 exec/s: 0 rss: 1068Mb L: 2/4 MS: 2 ChangeBit-Custom-
#75	NEW    cov: 584 ft: 658 corp: 22/50b lim: 4 exec/s: 0 rss: 1068Mb L: 4/4 MS: 2 InsertByte-Custom-
#83	NEW    cov: 613 ft: 729 corp: 23/53b lim: 4 exec/s: 0 rss: 1068Mb L: 3/4 MS: 6 ChangeBit-Custom-CopyPart-Custom-CrossOver-Custom-
#86	NEW    cov: 614 ft: 730 corp: 24/56b lim: 4 exec/s: 0 rss: 1068Mb L: 3/4 MS: 6 InsertByte-Custom-ShuffleBytes-Custom-InsertByte-Custom-
#105	NEW    cov: 625 ft: 756 corp: 25/59b lim: 4 exec/s: 0 rss: 1068Mb L: 3/4 MS: 8 ChangeByte-Custom-InsertByte-Custom-CopyPart-Custom-ChangeByte-Custom-
#119	NEW    cov: 626 ft: 757 corp: 26/60b lim: 4 exec/s: 0 rss: 1068Mb L: 1/4 MS: 8 ShuffleBytes-Custom-ChangeBit-Custom-EraseBytes-Custom-ChangeBit-Custom-
#120	NEW    cov: 626 ft: 759 corp: 27/64b lim: 4 exec/s: 0 rss: 1068Mb L: 4/4 MS: 2 InsertByte-Custom-
#121	NEW    cov: 626 ft: 856 corp: 28/68b lim: 4 exec/s: 0 rss: 1068Mb L: 4/4 MS: 2 CopyPart-Custom-
#122	NEW    cov: 626 ft: 857 corp: 29/69b lim: 4 exec/s: 0 rss: 1068Mb L: 1/4 MS: 2 ShuffleBytes-Custom-
#126	NEW    cov: 627 ft: 858 corp: 30/71b lim: 4 exec/s: 0 rss: 1068Mb L: 2/4 MS: 8 CrossOver-Custom-ShuffleBytes-Custom-EraseBytes-Custom-ChangeBit-Custom-
#131	REDUCE cov: 634 ft: 908 corp: 31/74b lim: 4 exec/s: 0 rss: 1068Mb L: 3/4 MS: 10 InsertByte-Custom-CopyPart-Custom-ChangeBit-Custom-ChangeASCIIInt-Custom-ChangeBit-Custom-
#132	NEW    cov: 635 ft: 909 corp: 32/78b lim: 4 exec/s: 0 rss: 1068Mb L: 4/4 MS: 2 ChangeBit-Custom-
#135	NEW    cov: 636 ft: 910 corp: 33/79b lim: 4 exec/s: 0 rss: 1068Mb L: 1/4 MS: 6 EraseBytes-Custom-ShuffleBytes-Custom-ChangeByte-Custom-
#139	REDUCE cov: 636 ft: 910 corp: 33/78b lim: 4 exec/s: 0 rss: 1068Mb L: 2/4 MS: 8 ShuffleBytes-Custom-ShuffleBytes-Custom-ShuffleBytes-Custom-EraseBytes-Custom-
#142	REDUCE cov: 671 ft: 945 corp: 34/79b lim: 4 exec/s: 0 rss: 1068Mb L: 1/4 MS: 6 ChangeBit-Custom-ShuffleBytes-Custom-CrossOver-Custom-
#144	NEW    cov: 671 ft: 947 corp: 35/81b lim: 4 exec/s: 0 rss: 1068Mb L: 2/4 MS: 4 CopyPart-Custom-EraseBytes-Custom-
#148	NEW    cov: 672 ft: 948 corp: 36/83b lim: 4 exec/s: 0 rss: 1068Mb L: 2/4 MS: 8 InsertByte-Custom-ChangeByte-Custom-ShuffleBytes-Custom-ChangeByte-Custom-
#154	NEW    cov: 672 ft: 950 corp: 37/86b lim: 4 exec/s: 0 rss: 1068Mb L: 3/4 MS: 2 InsertByte-Custom-
#156	NEW    cov: 672 ft: 951 corp: 38/89b lim: 4 exec/s: 0 rss: 1068Mb L: 3/4 MS: 4 ChangeBit-Custom-CopyPart-Custom-
#161	NEW    cov: 675 ft: 978 corp: 39/93b lim: 4 exec/s: 0 rss: 1069Mb L: 4/4 MS: 10 ShuffleBytes-Custom-CrossOver-Custom-EraseBytes-Custom-InsertByte-Custom-ChangeASCIIInt-Custom-
#164	NEW    cov: 675 ft: 986 corp: 40/95b lim: 4 exec/s: 0 rss: 1069Mb L: 2/4 MS: 6 EraseBytes-Custom-CrossOver-Custom-InsertByte-Custom-
#169	NEW    cov: 677 ft: 988 corp: 41/96b lim: 4 exec/s: 0 rss: 1069Mb L: 1/4 MS: 10 ChangeBinInt-Custom-ChangeByte-Custom-CopyPart-Custom-CrossOver-Custom-ChangeASCIIInt-Custom-
#174	NEW    cov: 679 ft: 1011 corp: 42/97b lim: 4 exec/s: 0 rss: 1069Mb L: 1/4 MS: 10 EraseBytes-Custom-EraseBytes-Custom-ShuffleBytes-Custom-CopyPart-Custom-ChangeBit-Custom-
#177	NEW    cov: 701 ft: 1035 corp: 43/101b lim: 4 exec/s: 0 rss: 1069Mb L: 4/4 MS: 6 CMP-Custom-InsertByte-Custom-ChangeBit-Custom- DE: "\377\000"-
#182	NEW    cov: 701 ft: 1041 corp: 44/103b lim: 4 exec/s: 0 rss: 1069Mb L: 2/4 MS: 10 ShuffleBytes-Custom-ChangeBit-Custom-EraseBytes-Custom-ChangeByte-Custom-ChangeByte-Custom-
#186	REDUCE cov: 701 ft: 1041 corp: 44/102b lim: 4 exec/s: 0 rss: 1069Mb L: 2/4 MS: 8 CrossOver-Custom-PersAutoDict-Custom-ChangeBit-Custom-EraseBytes-Custom- DE: "\377\000"-
INFO: #188	NEW    cov: 702 ft: 1042 corp: 45/106b lim: 4 exec/s: 0 rss: 1069Mb L: 4/4 MS: 4 InsertByte-Custom-ShuffleBytes-Custom-
#190	NEW    cov: 704 ft: 1044 corp: 46/107b lim: 4 exec/s: 0 rss: 1069Mb L: 1/4 MS: 4 CopyPart-Custom-ChangeBit-Custom-
Instrumented com.fasterxml.jackson.core.json.UTF8StreamJsonParser (took 65 ms, size +24%)
INFO: Instrumented com.fasterxml.jackson.core.io.MergedStream (took 6 ms, size +27%)
INFO: #191	NEW    cov: 707 ft: 1052 corp: 47/110b lim: 4 exec/s: 0 rss: 1069Mb L: 3/4 MS: 2 ChangeByte-Custom-
Instrumented com.fasterxml.jackson.core.io.UTF32Reader (took 6 ms, size +22%)
#193	NEW    cov: 708 ft: 1053 corp: 48/113b lim: 4 exec/s: 0 rss: 1069Mb L: 3/4 MS: 4 PersAutoDict-Custom-ChangeByte-Custom- DE: "\377\000"-
INFO: Instrumented com.fasterxml.jackson.core.json.PackageVersion (took 2 ms, size +35%)
WARN: Some hooks could not be applied to class files built for Java 7 or lower.
                       Ensure that the fuzz target and its dependencies are compiled with
                       -target 8 or higher to identify as many bugs as possible.
INFO: Instrumented com.fasterxml.jackson.core.util.VersionUtil (took 6 ms, size +25%)
#196	NEW    cov: 715 ft: 1060 corp: 49/115b lim: 4 exec/s: 0 rss: 1069Mb L: 2/4 MS: 6 CrossOver-Custom-CopyPart-Custom-ChangeByte-Custom-
#202	REDUCE cov: 715 ft: 1060 corp: 49/114b lim: 4 exec/s: 0 rss: 1069Mb L: 1/4 MS: 2 EraseBytes-Custom-
#224	NEW    cov: 720 ft: 1065 corp: 50/115b lim: 4 exec/s: 0 rss: 1069Mb L: 1/4 MS: 4 ChangeByte-Custom-ChangeBit-Custom-
#266	NEW    cov: 723 ft: 1068 corp: 51/119b lim: 4 exec/s: 0 rss: 1069Mb L: 4/4 MS: 4 ChangeBinInt-Custom-ChangeBit-Custom-
#269	NEW    cov: 724 ft: 1069 corp: 52/121b lim: 4 exec/s: 0 rss: 1069Mb L: 2/4 MS: 6 EraseBytes-Custom-ChangeBit-Custom-ChangeByte-Custom-
#270	NEW    cov: 725 ft: 1070 corp: 53/123b lim: 4 exec/s: 0 rss: 1069Mb L: 2/4 MS: 2 InsertByte-Custom-
#273	NEW    cov: 726 ft: 1071 corp: 54/126b lim: 4 exec/s: 0 rss: 1069Mb L: 3/4 MS: 6 ChangeByte-Custom-ShuffleBytes-Custom-InsertByte-Custom-
#281	NEW    cov: 726 ft: 1075 corp: 55/130b lim: 4 exec/s: 0 rss: 1069Mb L: 4/4 MS: 6 CopyPart-Custom-ChangeByte-Custom-InsertByte-Custom-
#287	NEW    cov: 727 ft: 1076 corp: 56/133b lim: 4 exec/s: 0 rss: 1069Mb L: 3/4 MS: 2 ChangeByte-Custom-
#295	NEW    cov: 730 ft: 1079 corp: 57/135b lim: 4 exec/s: 0 rss: 1069Mb L: 2/4 MS: 6 ChangeByte-Custom-EraseBytes-Custom-ChangeBinInt-Custom-
#300	NEW    cov: 730 ft: 1080 corp: 58/139b lim: 4 exec/s: 0 rss: 1069Mb L: 4/4 MS: 10 CrossOver-Custom-ChangeByte-Custom-CrossOver-Custom-CopyPart-Custom-ShuffleBytes-Custom-
#301	NEW    cov: 732 ft: 1082 corp: 59/142b lim: 4 exec/s: 0 rss: 1069Mb L: 3/4 MS: 2 ChangeByte-Custom-
#307	NEW    cov: 732 ft: 1085 corp: 60/145b lim: 4 exec/s: 0 rss: 1069Mb L: 3/4 MS: 2 ChangeBit-Custom-
#308	NEW    cov: 732 ft: 1093 corp: 61/149b lim: 4 exec/s: 0 rss: 1069Mb L: 4/4 MS: 2 InsertByte-Custom-
#325	NEW    cov: 732 ft: 1095 corp: 62/153b lim: 4 exec/s: 0 rss: 1069Mb L: 4/4 MS: 4 CrossOver-Custom-ShuffleBytes-Custom-
#328	NEW    cov: 734 ft: 1097 corp: 63/154b lim: 4 exec/s: 0 rss: 1069Mb L: 1/4 MS: 6 ShuffleBytes-Custom-EraseBytes-Custom-ChangeASCIIInt-Custom-
#347	NEW    cov: 734 ft: 1113 corp: 64/158b lim: 4 exec/s: 0 rss: 1069Mb L: 4/4 MS: 8 ChangeBit-Custom-PersAutoDict-Custom-ChangeBit-Custom-CopyPart-Custom- DE: "\377\000"-
#357	NEW    cov: 736 ft: 1115 corp: 65/161b lim: 4 exec/s: 0 rss: 1069Mb L: 3/4 MS: 10 CopyPart-Custom-CrossOver-Custom-ShuffleBytes-Custom-InsertByte-Custom-InsertByte-Custom-
#368	NEW    cov: 747 ft: 1126 corp: 66/163b lim: 4 exec/s: 0 rss: 1069Mb L: 2/4 MS: 2 ChangeBit-Custom-
#369	REDUCE cov: 747 ft: 1126 corp: 66/161b lim: 4 exec/s: 0 rss: 1069Mb L: 1/4 MS: 2 CrossOver-Custom-
#388	NEW    cov: 773 ft: 1154 corp: 67/165b lim: 4 exec/s: 0 rss: 1069Mb L: 4/4 MS: 8 InsertByte-Custom-ChangeByte-Custom-CrossOver-Custom-ChangeBit-Custom-
#410	NEW    cov: 789 ft: 1170 corp: 68/169b lim: 4 exec/s: 0 rss: 1069Mb L: 4/4 MS: 4 CrossOver-Custom-CMP-Custom- DE: " \000"-
#418	NEW    cov: 818 ft: 1199 corp: 69/172b lim: 4 exec/s: 0 rss: 1069Mb L: 3/4 MS: 6 ChangeBit-Custom-CrossOver-Custom-InsertByte-Custom-
#432	NEW    cov: 818 ft: 1200 corp: 70/176b lim: 4 exec/s: 0 rss: 1069Mb L: 4/4 MS: 8 InsertByte-Custom-ShuffleBytes-Custom-CopyPart-Custom-CopyPart-Custom-
#439	NEW    cov: 822 ft: 1204 corp: 71/179b lim: 4 exec/s: 0 rss: 1069Mb L: 3/4 MS: 4 ChangeBinInt-Custom-ChangeBit-Custom-
#460	NEW    cov: 827 ft: 1209 corp: 72/180b lim: 4 exec/s: 0 rss: 1069Mb L: 1/4 MS: 2 ChangeByte-Custom-
#496	NEW    cov: 829 ft: 1211 corp: 73/183b lim: 4 exec/s: 0 rss: 1069Mb L: 3/4 MS: 2 ChangeBit-Custom-
#506	NEW    cov: 829 ft: 1218 corp: 74/186b lim: 4 exec/s: 0 rss: 1069Mb L: 3/4 MS: 10 PersAutoDict-Custom-EraseBytes-Custom-InsertByte-Custom-CopyPart-Custom-InsertByte-Custom- DE: "\377\000"-
#538	NEW    cov: 829 ft: 1222 corp: 75/190b lim: 4 exec/s: 0 rss: 1069Mb L: 4/4 MS: 4 ShuffleBytes-Custom-ChangeBit-Custom-
#560	REDUCE cov: 829 ft: 1222 corp: 75/189b lim: 4 exec/s: 0 rss: 1069Mb L: 2/4 MS: 4 ChangeBit-Custom-EraseBytes-Custom-
#578	REDUCE cov: 830 ft: 1223 corp: 76/192b lim: 4 exec/s: 0 rss: 1069Mb L: 3/4 MS: 6 CrossOver-Custom-ChangeByte-Custom-InsertByte-Custom-
#615	REDUCE cov: 830 ft: 1223 corp: 76/191b lim: 4 exec/s: 0 rss: 1069Mb L: 3/4 MS: 4 ShuffleBytes-Custom-EraseBytes-Custom-
#622	REDUCE cov: 830 ft: 1223 corp: 76/190b lim: 4 exec/s: 0 rss: 1069Mb L: 1/4 MS: 4 ChangeASCIIInt-Custom-EraseBytes-Custom-
#634	NEW    cov: 831 ft: 1224 corp: 77/194b lim: 4 exec/s: 0 rss: 1069Mb L: 4/4 MS: 4 CopyPart-Custom-ChangeByte-Custom-
#669	NEW    cov: 831 ft: 1226 corp: 78/198b lim: 4 exec/s: 0 rss: 1069Mb L: 4/4 MS: 10 ShuffleBytes-Custom-ShuffleBytes-Custom-CrossOver-Custom-ShuffleBytes-Custom-PersAutoDict-Custom- DE: "\377\000"-
#675	NEW    cov: 833 ft: 1228 corp: 79/201b lim: 4 exec/s: 0 rss: 1069Mb L: 3/4 MS: 2 ChangeBit-Custom-
#685	NEW    cov: 833 ft: 1230 corp: 80/205b lim: 4 exec/s: 0 rss: 1069Mb L: 4/4 MS: 10 ChangeBinInt-Custom-ChangeASCIIInt-Custom-ChangeByte-Custom-ChangeASCIIInt-Custom-ShuffleBytes-Custom-
#701	REDUCE cov: 833 ft: 1230 corp: 80/204b lim: 4 exec/s: 0 rss: 1069Mb L: 2/4 MS: 2 EraseBytes-Custom-
#712	NEW    cov: 833 ft: 1231 corp: 81/208b lim: 4 exec/s: 0 rss: 1069Mb L: 4/4 MS: 2 CrossOver-Custom-
#727	NEW    cov: 835 ft: 1233 corp: 82/212b lim: 4 exec/s: 0 rss: 1069Mb L: 4/4 MS: 10 ShuffleBytes-Custom-InsertByte-Custom-PersAutoDict-Custom-ChangeBinInt-Custom-ChangeByte-Custom- DE: "\377\000"-
#803	REDUCE cov: 835 ft: 1233 corp: 82/211b lim: 4 exec/s: 0 rss: 1069Mb L: 1/4 MS: 2 EraseBytes-Custom-
#820	NEW    cov: 835 ft: 1234 corp: 83/215b lim: 4 exec/s: 0 rss: 1069Mb L: 4/4 MS: 4 ChangeBit-Custom-CopyPart-Custom-
#846	NEW    cov: 837 ft: 1236 corp: 84/219b lim: 4 exec/s: 0 rss: 1070Mb L: 4/4 MS: 2 CopyPart-Custom-
#856	NEW    cov: 837 ft: 1237 corp: 85/220b lim: 4 exec/s: 0 rss: 1070Mb L: 1/4 MS: 10 CopyPart-Custom-ChangeBit-Custom-ChangeByte-Custom-CrossOver-Custom-ChangeByte-Custom-
#887	REDUCE cov: 837 ft: 1237 corp: 85/219b lim: 4 exec/s: 0 rss: 1070Mb L: 2/4 MS: 2 EraseBytes-Custom-
#894	NEW    cov: 837 ft: 1254 corp: 86/223b lim: 4 exec/s: 0 rss: 1070Mb L: 4/4 MS: 4 InsertByte-Custom-CopyPart-Custom-
#897	NEW    cov: 843 ft: 1260 corp: 87/225b lim: 4 exec/s: 0 rss: 1070Mb L: 2/4 MS: 6 ChangeByte-Custom-CopyPart-Custom-ChangeBinInt-Custom-
#918	NEW    cov: 843 ft: 1264 corp: 88/229b lim: 4 exec/s: 0 rss: 1070Mb L: 4/4 MS: 2 InsertByte-Custom-
#953	NEW    cov: 843 ft: 1287 corp: 89/233b lim: 4 exec/s: 0 rss: 1070Mb L: 4/4 MS: 10 CopyPart-Custom-ShuffleBytes-Custom-InsertByte-Custom-CrossOver-Custom-CrossOver-Custom-
#974	REDUCE cov: 843 ft: 1288 corp: 90/237b lim: 4 exec/s: 0 rss: 1070Mb L: 4/4 MS: 2 CopyPart-Custom-
#977	NEW    cov: 844 ft: 1289 corp: 91/239b lim: 4 exec/s: 0 rss: 1070Mb L: 2/4 MS: 6 InsertByte-Custom-PersAutoDict-Custom-ChangeByte-Custom- DE: " \000"-
#987	NEW    cov: 846 ft: 1291 corp: 92/240b lim: 4 exec/s: 0 rss: 1070Mb L: 1/4 MS: 10 ShuffleBytes-Custom-ChangeBit-Custom-CopyPart-Custom-ChangeByte-Custom-ChangeASCIIInt-Custom-
#1000	NEW    cov: 847 ft: 1293 corp: 93/244b lim: 4 exec/s: 0 rss: 1070Mb L: 4/4 MS: 6 PersAutoDict-Custom-ChangeByte-Custom-CrossOver-Custom- DE: "\377\000"-
#1001	REDUCE cov: 847 ft: 1293 corp: 93/243b lim: 4 exec/s: 0 rss: 1070Mb L: 1/4 MS: 2 EraseBytes-Custom-
#1037	NEW    cov: 847 ft: 1294 corp: 94/245b lim: 4 exec/s: 0 rss: 1070Mb L: 2/4 MS: 2 CopyPart-Custom-
#1068	REDUCE cov: 847 ft: 1294 corp: 94/243b lim: 4 exec/s: 0 rss: 1070Mb L: 2/4 MS: 2 EraseBytes-Custom-
#1096	NEW    cov: 847 ft: 1295 corp: 95/247b lim: 4 exec/s: 0 rss: 1070Mb L: 4/4 MS: 6 InsertByte-Custom-CrossOver-Custom-CrossOver-Custom-
#1193	NEW    cov: 847 ft: 1301 corp: 96/251b lim: 4 exec/s: 0 rss: 1071Mb L: 4/4 MS: 4 ChangeBinInt-Custom-ChangeBit-Custom-
#1269	REDUCE cov: 847 ft: 1301 corp: 96/250b lim: 4 exec/s: 0 rss: 1071Mb L: 1/4 MS: 2 EraseBytes-Custom-
#1303	REDUCE cov: 847 ft: 1301 corp: 96/249b lim: 4 exec/s: 0 rss: 1071Mb L: 1/4 MS: 8 InsertByte-Custom-CopyPart-Custom-EraseBytes-Custom-EraseBytes-Custom-
#1322	NEW    cov: 847 ft: 1310 corp: 97/253b lim: 4 exec/s: 0 rss: 1071Mb L: 4/4 MS: 8 CrossOver-Custom-CopyPart-Custom-PersAutoDict-Custom-CrossOver-Custom- DE: " \000"-
#1333	NEW    cov: 847 ft: 1315 corp: 98/257b lim: 4 exec/s: 0 rss: 1071Mb L: 4/4 MS: 2 ChangeBinInt-Custom-
#1399	NEW    cov: 847 ft: 1316 corp: 99/261b lim: 4 exec/s: 0 rss: 1071Mb L: 4/4 MS: 2 CopyPart-Custom-
#1414	NEW    cov: 848 ft: 1317 corp: 100/265b lim: 4 exec/s: 0 rss: 1071Mb L: 4/4 MS: 10 PersAutoDict-Custom-ChangeBit-Custom-CrossOver-Custom-ChangeByte-Custom-ShuffleBytes-Custom- DE: " \000"-
#1458	REDUCE cov: 848 ft: 1317 corp: 100/264b lim: 4 exec/s: 0 rss: 1071Mb L: 3/4 MS: 8 CrossOver-Custom-ChangeBit-Custom-CopyPart-Custom-EraseBytes-Custom-
#1526	REDUCE cov: 848 ft: 1317 corp: 100/263b lim: 4 exec/s: 0 rss: 1071Mb L: 2/4 MS: 6 CopyPart-Custom-ChangeByte-Custom-EraseBytes-Custom-
#1581	NEW    cov: 849 ft: 1318 corp: 101/266b lim: 4 exec/s: 0 rss: 1071Mb L: 3/4 MS: 10 CMP-Custom-ChangeByte-Custom-CrossOver-Custom-ChangeBit-Custom-InsertByte-Custom- DE: "\011\000"-
#1592	NEW    cov: 849 ft: 1322 corp: 102/270b lim: 4 exec/s: 0 rss: 1071Mb L: 4/4 MS: 2 ChangeBit-Custom-
#1801	REDUCE cov: 849 ft: 1328 corp: 103/276b lim: 6 exec/s: 0 rss: 1072Mb L: 6/6 MS: 8 InsertByte-Custom-EraseBytes-Custom-InsertRepeatedBytes-Custom-CopyPart-Custom-
#1823	NEW    cov: 849 ft: 1335 corp: 104/282b lim: 6 exec/s: 0 rss: 1072Mb L: 6/6 MS: 4 CrossOver-Custom-CrossOver-Custom-
#1839	REDUCE cov: 849 ft: 1337 corp: 105/288b lim: 6 exec/s: 0 rss: 1072Mb L: 6/6 MS: 2 InsertRepeatedBytes-Custom-
#1843	NEW    cov: 849 ft: 1339 corp: 106/294b lim: 6 exec/s: 0 rss: 1072Mb L: 6/6 MS: 8 ShuffleBytes-Custom-PersAutoDict-Custom-CrossOver-Custom-CrossOver-Custom- DE: " \000"-
#1868	NEW    cov: 855 ft: 1346 corp: 107/300b lim: 6 exec/s: 0 rss: 1072Mb L: 6/6 MS: 10 CopyPart-Custom-CrossOver-Custom-ChangeByte-Custom-InsertByte-Custom-CopyPart-Custom-
#1878	NEW    cov: 855 ft: 1352 corp: 108/306b lim: 6 exec/s: 0 rss: 1072Mb L: 6/6 MS: 10 ChangeBinInt-Custom-ChangeBit-Custom-CopyPart-Custom-ShuffleBytes-Custom-ShuffleBytes-Custom-
#1906	NEW    cov: 859 ft: 1356 corp: 109/312b lim: 6 exec/s: 0 rss: 1072Mb L: 6/6 MS: 6 ChangeBit-Custom-CopyPart-Custom-ChangeBit-Custom-
#1924	NEW    cov: 859 ft: 1357 corp: 110/316b lim: 6 exec/s: 0 rss: 1072Mb L: 4/6 MS: 6 ChangeByte-Custom-ChangeBit-Custom-CopyPart-Custom-
#2011	NEW    cov: 859 ft: 1361 corp: 111/322b lim: 6 exec/s: 0 rss: 1072Mb L: 6/6 MS: 4 CrossOver-Custom-PersAutoDict-Custom- DE: "\011\000"-
#2015	REDUCE cov: 859 ft: 1361 corp: 111/319b lim: 6 exec/s: 0 rss: 1072Mb L: 1/6 MS: 8 ChangeBit-Custom-EraseBytes-Custom-ShuffleBytes-Custom-EraseBytes-Custom-
#2033	REDUCE cov: 859 ft: 1364 corp: 112/321b lim: 6 exec/s: 0 rss: 1072Mb L: 2/6 MS: 6 ChangeBit-Custom-ShuffleBytes-Custom-CopyPart-Custom-
#2039	NEW    cov: 860 ft: 1365 corp: 113/325b lim: 6 exec/s: 0 rss: 1072Mb L: 4/6 MS: 2 ShuffleBytes-Custom-
#2040	REDUCE cov: 860 ft: 1365 corp: 113/324b lim: 6 exec/s: 0 rss: 1072Mb L: 1/6 MS: 2 EraseBytes-Custom-
#2042	NEW    cov: 860 ft: 1367 corp: 114/329b lim: 6 exec/s: 0 rss: 1072Mb L: 5/6 MS: 4 CopyPart-Custom-CopyPart-Custom-
#2051	REDUCE cov: 860 ft: 1367 corp: 114/327b lim: 6 exec/s: 0 rss: 1072Mb L: 2/6 MS: 8 ChangeBit-Custom-EraseBytes-Custom-ShuffleBytes-Custom-CopyPart-Custom-
#2080	REDUCE cov: 860 ft: 1367 corp: 114/326b lim: 6 exec/s: 0 rss: 1072Mb L: 2/6 MS: 8 EraseBytes-Custom-ChangeBit-Custom-ChangeBit-Custom-ChangeByte-Custom-
#2091	NEW    cov: 860 ft: 1372 corp: 115/332b lim: 6 exec/s: 0 rss: 1072Mb L: 6/6 MS: 2 ShuffleBytes-Custom-
#2199	NEW    cov: 868 ft: 1380 corp: 116/337b lim: 6 exec/s: 0 rss: 1072Mb L: 5/6 MS: 6 CrossOver-Custom-CopyPart-Custom-ChangeBinInt-Custom-
#2207	NEW    cov: 868 ft: 1398 corp: 117/340b lim: 6 exec/s: 0 rss: 1072Mb L: 3/6 MS: 6 ChangeBinInt-Custom-CrossOver-Custom-CrossOver-Custom-
#2236	REDUCE cov: 868 ft: 1398 corp: 117/339b lim: 6 exec/s: 0 rss: 1072Mb L: 1/6 MS: 8 ChangeBit-Custom-ChangeBit-Custom-ChangeByte-Custom-EraseBytes-Custom-
#2269	REDUCE cov: 868 ft: 1416 corp: 118/344b lim: 6 exec/s: 0 rss: 1072Mb L: 5/6 MS: 6 CopyPart-Custom-InsertRepeatedBytes-Custom-CopyPart-Custom-
#2275	REDUCE cov: 868 ft: 1416 corp: 118/343b lim: 6 exec/s: 0 rss: 1072Mb L: 1/6 MS: 2 EraseBytes-Custom-
#2287	NEW    cov: 868 ft: 1424 corp: 119/349b lim: 6 exec/s: 0 rss: 1072Mb L: 6/6 MS: 4 CopyPart-Custom-CopyPart-Custom-
#2289	REDUCE cov: 868 ft: 1425 corp: 120/353b lim: 6 exec/s: 0 rss: 1072Mb L: 4/6 MS: 4 CopyPart-Custom-CopyPart-Custom-
#2296	NEW    cov: 868 ft: 1426 corp: 121/359b lim: 6 exec/s: 0 rss: 1072Mb L: 6/6 MS: 4 ChangeBit-Custom-ChangeBit-Custom-
#2337	REDUCE cov: 868 ft: 1427 corp: 122/365b lim: 6 exec/s: 0 rss: 1072Mb L: 6/6 MS: 2 InsertRepeatedBytes-Custom-
#2373	REDUCE cov: 868 ft: 1427 corp: 122/364b lim: 6 exec/s: 0 rss: 1072Mb L: 3/6 MS: 2 EraseBytes-Custom-
#2409	REDUCE cov: 868 ft: 1427 corp: 122/363b lim: 6 exec/s: 0 rss: 1072Mb L: 1/6 MS: 2 EraseBytes-Custom-
#2421	NEW    cov: 868 ft: 1429 corp: 123/367b lim: 6 exec/s: 0 rss: 1072Mb L: 4/6 MS: 4 CrossOver-Custom-CrossOver-Custom-
#2465	NEW    cov: 868 ft: 1430 corp: 124/373b lim: 6 exec/s: 0 rss: 1072Mb L: 6/6 MS: 8 ChangeBit-Custom-CopyPart-Custom-CopyPart-Custom-CopyPart-Custom-
#2575	NEW    cov: 868 ft: 1432 corp: 125/377b lim: 6 exec/s: 0 rss: 1074Mb L: 4/6 MS: 10 ChangeBinInt-Custom-ChangeBit-Custom-PersAutoDict-Custom-EraseBytes-Custom-CrossOver-Custom- DE: " \000"-
#2613	NEW    cov: 869 ft: 1433 corp: 126/382b lim: 6 exec/s: 0 rss: 1074Mb L: 5/6 MS: 6 InsertByte-Custom-ChangeBit-Custom-PersAutoDict-Custom- DE: "\011\000"-
#2635	REDUCE cov: 869 ft: 1433 corp: 126/381b lim: 6 exec/s: 0 rss: 1074Mb L: 1/6 MS: 4 CopyPart-Custom-EraseBytes-Custom-
#2648	NEW    cov: 870 ft: 1434 corp: 127/385b lim: 6 exec/s: 0 rss: 1074Mb L: 4/6 MS: 6 ChangeBit-Custom-ChangeBit-Custom-CrossOver-Custom-
#2695	REDUCE cov: 870 ft: 1435 corp: 128/391b lim: 6 exec/s: 0 rss: 1074Mb L: 6/6 MS: 4 CopyPart-Custom-CMP-Custom- DE: "\001\000\000\005"-
#2699	NEW    cov: 870 ft: 1441 corp: 129/397b lim: 6 exec/s: 0 rss: 1074Mb L: 6/6 MS: 8 CrossOver-Custom-InsertByte-Custom-ShuffleBytes-Custom-InsertByte-Custom-
#2771	REDUCE cov: 870 ft: 1441 corp: 129/396b lim: 6 exec/s: 0 rss: 1074Mb L: 5/6 MS: 4 EraseBytes-Custom-CrossOver-Custom-
#2813	REDUCE cov: 883 ft: 1455 corp: 130/402b lim: 6 exec/s: 0 rss: 1074Mb L: 6/6 MS: 4 InsertByte-Custom-InsertRepeatedBytes-Custom-
#2854	NEW    cov: 886 ft: 1458 corp: 131/408b lim: 6 exec/s: 0 rss: 1074Mb L: 6/6 MS: 2 CopyPart-Custom-
#2870	NEW    cov: 887 ft: 1461 corp: 132/414b lim: 6 exec/s: 0 rss: 1074Mb L: 6/6 MS: 2 ChangeBinInt-Custom-
#2977	NEW    cov: 888 ft: 1462 corp: 133/420b lim: 6 exec/s: 0 rss: 1074Mb L: 6/6 MS: 4 ChangeByte-Custom-CopyPart-Custom-
#3023	REDUCE cov: 888 ft: 1462 corp: 133/419b lim: 6 exec/s: 0 rss: 1074Mb L: 3/6 MS: 2 EraseBytes-Custom-
#3041	REDUCE cov: 888 ft: 1462 corp: 133/418b lim: 6 exec/s: 0 rss: 1074Mb L: 3/6 MS: 6 CrossOver-Custom-EraseBytes-Custom-InsertByte-Custom-
#3083	NEW    cov: 888 ft: 1469 corp: 134/421b lim: 6 exec/s: 0 rss: 1074Mb L: 3/6 MS: 4 InsertByte-Custom-CrossOver-Custom-
#3089	NEW    cov: 888 ft: 1470 corp: 135/427b lim: 6 exec/s: 0 rss: 1074Mb L: 6/6 MS: 2 ChangeByte-Custom-
#3126	NEW    cov: 888 ft: 1471 corp: 136/433b lim: 6 exec/s: 0 rss: 1074Mb L: 6/6 MS: 4 InsertByte-Custom-InsertRepeatedBytes-Custom-
#3127	NEW    cov: 888 ft: 1474 corp: 137/439b lim: 6 exec/s: 0 rss: 1074Mb L: 6/6 MS: 2 CrossOver-Custom-
#3134	NEW    cov: 888 ft: 1492 corp: 138/445b lim: 6 exec/s: 0 rss: 1074Mb L: 6/6 MS: 4 ChangeBit-Custom-CopyPart-Custom-
#3193	NEW    cov: 889 ft: 1493 corp: 139/451b lim: 6 exec/s: 0 rss: 1074Mb L: 6/6 MS: 8 ChangeByte-Custom-ChangeByte-Custom-ShuffleBytes-Custom-InsertRepeatedBytes-Custom-
#3201	REDUCE cov: 890 ft: 1494 corp: 140/455b lim: 6 exec/s: 0 rss: 1074Mb L: 4/6 MS: 6 CrossOver-Custom-InsertRepeatedBytes-Custom-CrossOver-Custom-
#3254	NEW    cov: 890 ft: 1541 corp: 141/460b lim: 6 exec/s: 0 rss: 1074Mb L: 5/6 MS: 6 ChangeByte-Custom-ChangeBinInt-Custom-CopyPart-Custom-
#3300	NEW    cov: 891 ft: 1542 corp: 142/466b lim: 6 exec/s: 0 rss: 1074Mb L: 6/6 MS: 2 CrossOver-Custom-
#3326	NEW    cov: 891 ft: 1546 corp: 143/472b lim: 6 exec/s: 0 rss: 1074Mb L: 6/6 MS: 2 CopyPart-Custom-
#3327	NEW    cov: 891 ft: 1563 corp: 144/478b lim: 6 exec/s: 0 rss: 1074Mb L: 6/6 MS: 2 CopyPart-Custom-
#3491	NEW    cov: 891 ft: 1565 corp: 145/482b lim: 6 exec/s: 0 rss: 1074Mb L: 4/6 MS: 8 EraseBytes-Custom-ChangeBit-Custom-CrossOver-Custom-PersAutoDict-Custom- DE: " \000"-
#3597	NEW    cov: 893 ft: 1567 corp: 146/488b lim: 6 exec/s: 0 rss: 1074Mb L: 6/6 MS: 2 ChangeBit-Custom-
#3638	REDUCE cov: 893 ft: 1567 corp: 146/487b lim: 6 exec/s: 0 rss: 1074Mb L: 4/6 MS: 2 EraseBytes-Custom-
#3784	NEW    cov: 893 ft: 1568 corp: 147/493b lim: 6 exec/s: 0 rss: 1074Mb L: 6/6 MS: 2 CopyPart-Custom-
#3841	NEW    cov: 893 ft: 1571 corp: 148/499b lim: 6 exec/s: 0 rss: 1074Mb L: 6/6 MS: 4 ShuffleBytes-Custom-CMP-Custom- DE: "\377\003"-
#3942	REDUCE cov: 893 ft: 1571 corp: 148/498b lim: 6 exec/s: 0 rss: 1074Mb L: 3/6 MS: 2 EraseBytes-Custom-
#3948	REDUCE cov: 893 ft: 1571 corp: 148/497b lim: 6 exec/s: 0 rss: 1074Mb L: 2/6 MS: 2 EraseBytes-Custom-
#3961	REDUCE cov: 893 ft: 1571 corp: 148/495b lim: 6 exec/s: 0 rss: 1074Mb L: 2/6 MS: 6 ChangeByte-Custom-ChangeBit-Custom-EraseBytes-Custom-
#4152	NEW    cov: 893 ft: 1573 corp: 149/499b lim: 6 exec/s: 0 rss: 1074Mb L: 4/6 MS: 2 ChangeBit-Custom-
#4284	NEW    cov: 893 ft: 1608 corp: 150/505b lim: 6 exec/s: 0 rss: 1074Mb L: 6/6 MS: 4 ChangeBit-Custom-ChangeBinInt-Custom-
#4298	REDUCE cov: 893 ft: 1608 corp: 150/504b lim: 6 exec/s: 0 rss: 1074Mb L: 5/6 MS: 8 ShuffleBytes-Custom-ChangeBit-Custom-ShuffleBytes-Custom-EraseBytes-Custom-
#4322	NEW    cov: 893 ft: 1609 corp: 151/507b lim: 6 exec/s: 0 rss: 1074Mb L: 3/6 MS: 8 CopyPart-Custom-EraseBytes-Custom-CopyPart-Custom-InsertByte-Custom-
#4347	NEW    cov: 893 ft: 1613 corp: 152/512b lim: 6 exec/s: 0 rss: 1074Mb L: 5/6 MS: 10 PersAutoDict-Custom-InsertByte-Custom-ChangeBinInt-Custom-ChangeBit-Custom-CopyPart-Custom- DE: " \000"-
#4371	NEW    cov: 893 ft: 1617 corp: 153/517b lim: 6 exec/s: 0 rss: 1074Mb L: 5/6 MS: 8 ChangeByte-Custom-CrossOver-Custom-InsertRepeatedBytes-Custom-ShuffleBytes-Custom-
#4478	NEW    cov: 893 ft: 1634 corp: 154/523b lim: 6 exec/s: 0 rss: 1074Mb L: 6/6 MS: 4 ShuffleBytes-Custom-InsertRepeatedBytes-Custom-
#4541	NEW    cov: 893 ft: 1635 corp: 155/528b lim: 6 exec/s: 0 rss: 1074Mb L: 5/6 MS: 6 CopyPart-Custom-EraseBytes-Custom-ShuffleBytes-Custom-
#4649	REDUCE cov: 893 ft: 1635 corp: 155/527b lim: 6 exec/s: 0 rss: 1074Mb L: 5/6 MS: 6 PersAutoDict-Custom-ChangeByte-Custom-EraseBytes-Custom- DE: "\377\000"-
#4680	REDUCE cov: 893 ft: 1635 corp: 155/525b lim: 6 exec/s: 0 rss: 1074Mb L: 4/6 MS: 2 EraseBytes-Custom-
#4683	REDUCE cov: 893 ft: 1635 corp: 155/524b lim: 6 exec/s: 0 rss: 1074Mb L: 3/6 MS: 6 InsertByte-Custom-CopyPart-Custom-EraseBytes-Custom-
#4691	REDUCE cov: 893 ft: 1635 corp: 155/523b lim: 6 exec/s: 0 rss: 1074Mb L: 1/6 MS: 6 ChangeBinInt-Custom-CopyPart-Custom-EraseBytes-Custom-
#4807	NEW    cov: 893 ft: 1658 corp: 156/529b lim: 6 exec/s: 0 rss: 1074Mb L: 6/6 MS: 2 InsertByte-Custom-
#4811	REDUCE cov: 893 ft: 1658 corp: 156/528b lim: 6 exec/s: 0 rss: 1074Mb L: 3/6 MS: 8 ChangeBit-Custom-PersAutoDict-Custom-InsertByte-Custom-EraseBytes-Custom- DE: "\377\000"-
#4980	REDUCE cov: 893 ft: 1658 corp: 156/527b lim: 6 exec/s: 0 rss: 1074Mb L: 3/6 MS: 8 CrossOver-Custom-ChangeByte-Custom-EraseBytes-Custom-ChangeByte-Custom-
#4998	REDUCE cov: 893 ft: 1658 corp: 156/526b lim: 6 exec/s: 0 rss: 1074Mb L: 5/6 MS: 6 ShuffleBytes-Custom-ShuffleBytes-Custom-CrossOver-Custom-
#5204	REDUCE cov: 893 ft: 1660 corp: 157/534b lim: 8 exec/s: 0 rss: 1074Mb L: 8/8 MS: 2 InsertRepeatedBytes-Custom-
#5214	REDUCE cov: 893 ft: 1667 corp: 158/542b lim: 8 exec/s: 0 rss: 1075Mb L: 8/8 MS: 10 ChangeByte-Custom-ChangeBit-Custom-InsertRepeatedBytes-Custom-EraseBytes-Custom-InsertRepeatedBytes-Custom-
#5233	REDUCE cov: 893 ft: 1667 corp: 158/540b lim: 8 exec/s: 0 rss: 1075Mb L: 4/8 MS: 8 PersAutoDict-Custom-ShuffleBytes-Custom-EraseBytes-Custom-EraseBytes-Custom- DE: "\377\000"-
#5274	NEW    cov: 893 ft: 1668 corp: 159/547b lim: 8 exec/s: 0 rss: 1075Mb L: 7/8 MS: 2 CrossOver-Custom-
#5284	NEW    cov: 893 ft: 1669 corp: 160/555b lim: 8 exec/s: 0 rss: 1075Mb L: 8/8 MS: 10 InsertByte-Custom-ChangeBit-Custom-CrossOver-Custom-InsertByte-Custom-CrossOver-Custom-
#5285	REDUCE cov: 893 ft: 1673 corp: 161/560b lim: 8 exec/s: 0 rss: 1075Mb L: 5/8 MS: 2 CMP-Custom- DE: "\001\357\273\277"-
#5296	REDUCE cov: 893 ft: 1673 corp: 161/559b lim: 8 exec/s: 0 rss: 1075Mb L: 3/8 MS: 2 EraseBytes-Custom-
#5322	NEW    cov: 893 ft: 1674 corp: 162/566b lim: 8 exec/s: 0 rss: 1075Mb L: 7/8 MS: 2 CrossOver-Custom-
#5407	NEW    cov: 893 ft: 1677 corp: 163/573b lim: 8 exec/s: 0 rss: 1075Mb L: 7/8 MS: 10 ShuffleBytes-Custom-EraseBytes-Custom-ChangeByte-Custom-ChangeBit-Custom-InsertRepeatedBytes-Custom-
#5418	NEW    cov: 893 ft: 1751 corp: 164/581b lim: 8 exec/s: 0 rss: 1075Mb L: 8/8 MS: 2 CopyPart-Custom-
#5449	NEW    cov: 893 ft: 1759 corp: 165/589b lim: 8 exec/s: 0 rss: 1075Mb L: 8/8 MS: 2 CopyPart-Custom-
#5480	NEW    cov: 893 ft: 1760 corp: 166/597b lim: 8 exec/s: 0 rss: 1075Mb L: 8/8 MS: 2 InsertRepeatedBytes-Custom-
#5492	NEW    cov: 893 ft: 1762 corp: 167/603b lim: 8 exec/s: 0 rss: 1075Mb L: 6/8 MS: 4 ChangeBit-Custom-EraseBytes-Custom-
#5524	REDUCE cov: 893 ft: 1763 corp: 168/608b lim: 8 exec/s: 0 rss: 1075Mb L: 5/8 MS: 4 InsertByte-Custom-ChangeBit-Custom-
#5546	NEW    cov: 893 ft: 1821 corp: 169/616b lim: 8 exec/s: 0 rss: 1075Mb L: 8/8 MS: 4 ShuffleBytes-Custom-InsertRepeatedBytes-Custom-
#5553	REDUCE cov: 893 ft: 1821 corp: 169/615b lim: 8 exec/s: 0 rss: 1075Mb L: 5/8 MS: 4 InsertByte-Custom-EraseBytes-Custom-
#5580	NEW    cov: 893 ft: 1823 corp: 170/623b lim: 8 exec/s: 0 rss: 1075Mb L: 8/8 MS: 4 PersAutoDict-Custom-ChangeBinInt-Custom- DE: "\001\357\273\277"-
#5596	NEW    cov: 894 ft: 1824 corp: 171/630b lim: 8 exec/s: 0 rss: 1075Mb L: 7/8 MS: 2 InsertRepeatedBytes-Custom-
#5656	NEW    cov: 894 ft: 1828 corp: 172/638b lim: 8 exec/s: 0 rss: 1075Mb L: 8/8 MS: 10 ChangeBinInt-Custom-ChangeBit-Custom-CrossOver-Custom-ChangeBit-Custom-PersAutoDict-Custom- DE: "\011\000"-
#5676	NEW    cov: 894 ft: 1830 corp: 173/645b lim: 8 exec/s: 0 rss: 1075Mb L: 7/8 MS: 10 ChangeBit-Custom-CrossOver-Custom-PersAutoDict-Custom-ChangeByte-Custom-CrossOver-Custom- DE: " \000"-
#5716	NEW    cov: 894 ft: 1833 corp: 174/652b lim: 8 exec/s: 0 rss: 1075Mb L: 7/8 MS: 10 PersAutoDict-Custom-InsertByte-Custom-ChangeBinInt-Custom-ChangeBinInt-Custom-CopyPart-Custom- DE: "\377\000"-
#5731	NEW    cov: 894 ft: 1839 corp: 175/660b lim: 8 exec/s: 0 rss: 1075Mb L: 8/8 MS: 10 CrossOver-Custom-ChangeBit-Custom-ChangeByte-Custom-ChangeByte-Custom-CopyPart-Custom-
#5788	REDUCE cov: 894 ft: 1839 corp: 175/659b lim: 8 exec/s: 0 rss: 1075Mb L: 2/8 MS: 4 EraseBytes-Custom-ChangeBit-Custom-
#5845	NEW    cov: 894 ft: 1910 corp: 176/667b lim: 8 exec/s: 0 rss: 1075Mb L: 8/8 MS: 4 EraseBytes-Custom-CopyPart-Custom-
#5846	REDUCE cov: 894 ft: 1910 corp: 176/666b lim: 8 exec/s: 0 rss: 1075Mb L: 1/8 MS: 2 EraseBytes-Custom-
#5940	NEW    cov: 894 ft: 1919 corp: 177/674b lim: 8 exec/s: 0 rss: 1075Mb L: 8/8 MS: 8 ShuffleBytes-Custom-CopyPart-Custom-CopyPart-Custom-InsertRepeatedBytes-Custom-
#5947	REDUCE cov: 894 ft: 1919 corp: 177/673b lim: 8 exec/s: 0 rss: 1075Mb L: 2/8 MS: 4 ShuffleBytes-Custom-EraseBytes-Custom-
#6210	NEW    cov: 894 ft: 1924 corp: 178/681b lim: 8 exec/s: 6210 rss: 1076Mb L: 8/8 MS: 6 PersAutoDict-Custom-ChangeBinInt-Custom-ChangeByte-Custom- DE: "\011\000"-
#6554	NEW    cov: 894 ft: 1932 corp: 179/692b lim: 11 exec/s: 6554 rss: 1076Mb L: 11/11 MS: 8 CopyPart-Custom-PersAutoDict-Custom-InsertRepeatedBytes-Custom-CopyPart-Custom- DE: "\011\000"-
#6570	REDUCE cov: 894 ft: 1934 corp: 180/703b lim: 11 exec/s: 6570 rss: 1076Mb L: 11/11 MS: 2 InsertRepeatedBytes-Custom-
#6578	NEW    cov: 894 ft: 1945 corp: 181/714b lim: 11 exec/s: 6578 rss: 1076Mb L: 11/11 MS: 6 InsertByte-Custom-CopyPart-Custom-CopyPart-Custom-
#6597	NEW    cov: 894 ft: 1946 corp: 182/724b lim: 11 exec/s: 6597 rss: 1076Mb L: 10/11 MS: 8 InsertRepeatedBytes-Custom-ChangeBit-Custom-ShuffleBytes-Custom-CopyPart-Custom-
#6619	NEW    cov: 894 ft: 1948 corp: 183/735b lim: 11 exec/s: 6619 rss: 1076Mb L: 11/11 MS: 4 CMP-Custom-InsertRepeatedBytes-Custom- DE: "\001\000\000\000"-
#6621	NEW    cov: 894 ft: 1949 corp: 184/743b lim: 11 exec/s: 6621 rss: 1076Mb L: 8/11 MS: 4 ChangeBinInt-Custom-CopyPart-Custom-
#6651	NEW    cov: 894 ft: 1950 corp: 185/753b lim: 11 exec/s: 6651 rss: 1076Mb L: 10/11 MS: 10 InsertRepeatedBytes-Custom-PersAutoDict-Custom-CrossOver-Custom-PersAutoDict-Custom-ChangeBinInt-Custom- DE: " \000"-"\011\000"-
#6702	NEW    cov: 894 ft: 1951 corp: 186/764b lim: 11 exec/s: 6702 rss: 1076Mb L: 11/11 MS: 2 CopyPart-Custom-
#6710	NEW    cov: 894 ft: 1952 corp: 187/773b lim: 11 exec/s: 6710 rss: 1076Mb L: 9/11 MS: 6 CopyPart-Custom-ChangeBit-Custom-InsertRepeatedBytes-Custom-
#6766	NEW    cov: 894 ft: 1955 corp: 188/783b lim: 11 exec/s: 6766 rss: 1076Mb L: 10/11 MS: 2 CopyPart-Custom-
#6767	NEW    cov: 895 ft: 1956 corp: 189/793b lim: 11 exec/s: 6767 rss: 1076Mb L: 10/11 MS: 2 InsertRepeatedBytes-Custom-
#6769	REDUCE cov: 895 ft: 1956 corp: 189/792b lim: 11 exec/s: 6769 rss: 1076Mb L: 1/11 MS: 4 ChangeByte-Custom-EraseBytes-Custom-
#6852	NEW    cov: 895 ft: 1959 corp: 190/803b lim: 11 exec/s: 6852 rss: 1076Mb L: 11/11 MS: 6 PersAutoDict-Custom-InsertByte-Custom-PersAutoDict-Custom- DE: "\001\000\000\005"-"\001\357\273\277"-
#6913	NEW    cov: 895 ft: 2008 corp: 191/812b lim: 11 exec/s: 6913 rss: 1076Mb L: 9/11 MS: 2 CopyPart-Custom-
#6915	REDUCE cov: 895 ft: 2010 corp: 192/823b lim: 11 exec/s: 6915 rss: 1076Mb L: 11/11 MS: 4 ChangeBit-Custom-InsertRepeatedBytes-Custom-
#6964	NEW    cov: 895 ft: 2011 corp: 193/834b lim: 11 exec/s: 6964 rss: 1076Mb L: 11/11 MS: 8 CrossOver-Custom-PersAutoDict-Custom-ShuffleBytes-Custom-CopyPart-Custom- DE: "\011\000"-
#7035	NEW    cov: 895 ft: 2013 corp: 194/845b lim: 11 exec/s: 7035 rss: 1076Mb L: 11/11 MS: 2 PersAutoDict-Custom- DE: " \000"-
#7036	NEW    cov: 895 ft: 2070 corp: 195/850b lim: 11 exec/s: 7036 rss: 1076Mb L: 5/11 MS: 2 CopyPart-Custom-
#7079	REDUCE cov: 895 ft: 2071 corp: 196/859b lim: 11 exec/s: 7079 rss: 1076Mb L: 9/11 MS: 6 InsertRepeatedBytes-Custom-ChangeByte-Custom-ShuffleBytes-Custom-
#7125	REDUCE cov: 895 ft: 2072 corp: 197/865b lim: 11 exec/s: 7125 rss: 1076Mb L: 6/11 MS: 2 CopyPart-Custom-
#7146	REDUCE cov: 895 ft: 2072 corp: 197/864b lim: 11 exec/s: 7146 rss: 1076Mb L: 1/11 MS: 2 EraseBytes-Custom-
#7162	NEW    cov: 895 ft: 2135 corp: 198/870b lim: 11 exec/s: 7162 rss: 1076Mb L: 6/11 MS: 2 CopyPart-Custom-
#7176	REDUCE cov: 895 ft: 2136 corp: 199/879b lim: 11 exec/s: 7176 rss: 1076Mb L: 9/11 MS: 8 CopyPart-Custom-ChangeBit-Custom-InsertRepeatedBytes-Custom-EraseBytes-Custom-
#7204	REDUCE cov: 895 ft: 2137 corp: 200/888b lim: 11 exec/s: 7204 rss: 1076Mb L: 9/11 MS: 6 CrossOver-Custom-InsertByte-Custom-InsertRepeatedBytes-Custom-
#7256	REDUCE cov: 895 ft: 2137 corp: 200/887b lim: 11 exec/s: 7256 rss: 1076Mb L: 1/11 MS: 4 ChangeBit-Custom-EraseBytes-Custom-
#7305	REDUCE cov: 895 ft: 2137 corp: 200/883b lim: 11 exec/s: 7305 rss: 1076Mb L: 5/11 MS: 8 ChangeBinInt-Custom-ChangeBit-Custom-EraseBytes-Custom-ShuffleBytes-Custom-
#7454	NEW    cov: 895 ft: 2138 corp: 201/893b lim: 11 exec/s: 7454 rss: 1076Mb L: 10/11 MS: 8 CrossOver-Custom-CopyPart-Custom-ShuffleBytes-Custom-CrossOver-Custom-
#7515	REDUCE cov: 895 ft: 2138 corp: 201/892b lim: 11 exec/s: 7515 rss: 1076Mb L: 5/11 MS: 2 EraseBytes-Custom-
#7536	NEW    cov: 895 ft: 2146 corp: 202/903b lim: 11 exec/s: 7536 rss: 1076Mb L: 11/11 MS: 2 CopyPart-Custom-
#7592	REDUCE cov: 895 ft: 2147 corp: 203/911b lim: 11 exec/s: 7592 rss: 1076Mb L: 8/11 MS: 2 InsertRepeatedBytes-Custom-
#7612	NEW    cov: 896 ft: 2148 corp: 204/917b lim: 11 exec/s: 7612 rss: 1076Mb L: 6/11 MS: 10 ShuffleBytes-Custom-InsertByte-Custom-ShuffleBytes-Custom-InsertByte-Custom-CrossOver-Custom-
#7655	REDUCE cov: 896 ft: 2148 corp: 204/916b lim: 11 exec/s: 7655 rss: 1076Mb L: 4/11 MS: 6 ShuffleBytes-Custom-CrossOver-Custom-EraseBytes-Custom-
#7739	NEW    cov: 896 ft: 2153 corp: 205/923b lim: 11 exec/s: 7739 rss: 1076Mb L: 7/11 MS: 8 CrossOver-Custom-CrossOver-Custom-PersAutoDict-Custom-ShuffleBytes-Custom- DE: " \000"-
#7830	REDUCE cov: 896 ft: 2153 corp: 205/922b lim: 11 exec/s: 7830 rss: 1076Mb L: 5/11 MS: 2 EraseBytes-Custom-
#8011	NEW    cov: 896 ft: 2154 corp: 206/931b lim: 11 exec/s: 8011 rss: 1076Mb L: 9/11 MS: 2 InsertRepeatedBytes-Custom-
#8028	NEW    cov: 896 ft: 2155 corp: 207/940b lim: 11 exec/s: 8028 rss: 1076Mb L: 9/11 MS: 4 CrossOver-Custom-CopyPart-Custom-
#8279	REDUCE cov: 896 ft: 2157 corp: 208/950b lim: 11 exec/s: 8279 rss: 1076Mb L: 10/11 MS: 2 CopyPart-Custom-
#8444	REDUCE cov: 896 ft: 2157 corp: 208/949b lim: 11 exec/s: 8444 rss: 1076Mb L: 1/11 MS: 10 InsertByte-Custom-ChangeByte-Custom-PersAutoDict-Custom-EraseBytes-Custom-EraseBytes-Custom- DE: "\011\000"-
#8620	NEW    cov: 896 ft: 2159 corp: 209/955b lim: 11 exec/s: 8620 rss: 1076Mb L: 6/11 MS: 2 CopyPart-Custom-
#8723	NEW    cov: 896 ft: 2163 corp: 210/965b lim: 11 exec/s: 8723 rss: 1076Mb L: 10/11 MS: 6 CopyPart-Custom-ChangeBit-Custom-InsertByte-Custom-
#8762	REDUCE cov: 896 ft: 2163 corp: 210/964b lim: 11 exec/s: 8762 rss: 1076Mb L: 9/11 MS: 8 ChangeByte-Custom-ShuffleBytes-Custom-InsertByte-Custom-EraseBytes-Custom-
#9070	NEW    cov: 896 ft: 2164 corp: 211/977b lim: 14 exec/s: 9070 rss: 1076Mb L: 13/13 MS: 6 ShuffleBytes-Custom-InsertByte-Custom-InsertRepeatedBytes-Custom-
#9107	NEW    cov: 896 ft: 2169 corp: 212/987b lim: 14 exec/s: 9107 rss: 1076Mb L: 10/13 MS: 4 InsertByte-Custom-CopyPart-Custom-
#9157	NEW    cov: 896 ft: 2176 corp: 213/999b lim: 14 exec/s: 9157 rss: 1076Mb L: 12/13 MS: 10 InsertRepeatedBytes-Custom-ChangeBinInt-Custom-CMP-Custom-CopyPart-Custom-CMP-Custom- DE: "\377\377\377\377\377\377\377\377"-"\007\000"-
#9229	NEW    cov: 896 ft: 2177 corp: 214/1013b lim: 14 exec/s: 9229 rss: 1076Mb L: 14/14 MS: 4 CrossOver-Custom-InsertRepeatedBytes-Custom-
#9259	REDUCE cov: 896 ft: 2178 corp: 215/1025b lim: 14 exec/s: 9259 rss: 1076Mb L: 12/14 MS: 10 ChangeByte-Custom-InsertRepeatedBytes-Custom-ShuffleBytes-Custom-EraseBytes-Custom-CopyPart-Custom-
#9405	REDUCE cov: 896 ft: 2178 corp: 215/1021b lim: 14 exec/s: 9405 rss: 1076Mb L: 7/14 MS: 2 EraseBytes-Custom-
#9471	NEW    cov: 896 ft: 2179 corp: 216/1030b lim: 14 exec/s: 9471 rss: 1076Mb L: 9/14 MS: 2 PersAutoDict-Custom- DE: "\377\000"-
#9535	REDUCE cov: 896 ft: 2194 corp: 217/1043b lim: 14 exec/s: 9535 rss: 1076Mb L: 13/14 MS: 8 ShuffleBytes-Custom-InsertRepeatedBytes-Custom-ChangeBit-Custom-InsertRepeatedBytes-Custom-
#9578	REDUCE cov: 896 ft: 2195 corp: 218/1057b lim: 14 exec/s: 9578 rss: 1076Mb L: 14/14 MS: 6 InsertRepeatedBytes-Custom-CopyPart-Custom-InsertRepeatedBytes-Custom-
#9697	NEW    cov: 896 ft: 2196 corp: 219/1068b lim: 14 exec/s: 9697 rss: 1076Mb L: 11/14 MS: 8 ShuffleBytes-Custom-ChangeBit-Custom-PersAutoDict-Custom-InsertRepeatedBytes-Custom- DE: " \000"-
#9730	REDUCE cov: 896 ft: 2196 corp: 219/1065b lim: 14 exec/s: 9730 rss: 1076Mb L: 8/14 MS: 6 ChangeByte-Custom-ChangeBit-Custom-EraseBytes-Custom-
#9753	REDUCE cov: 896 ft: 2196 corp: 219/1062b lim: 14 exec/s: 9753 rss: 1076Mb L: 3/14 MS: 6 ChangeBinInt-Custom-EraseBytes-Custom-ShuffleBytes-Custom-
#9801	NEW    cov: 896 ft: 2197 corp: 220/1075b lim: 14 exec/s: 9801 rss: 1076Mb L: 13/14 MS: 6 ShuffleBytes-Custom-ShuffleBytes-Custom-CrossOver-Custom-
#9881	REDUCE cov: 896 ft: 2199 corp: 221/1086b lim: 14 exec/s: 9881 rss: 1076Mb L: 11/14 MS: 10 CrossOver-Custom-ChangeByte-Custom-InsertRepeatedBytes-Custom-EraseBytes-Custom-CrossOver-Custom-
#9911	NEW    cov: 896 ft: 2204 corp: 222/1094b lim: 14 exec/s: 9911 rss: 1076Mb L: 8/14 MS: 10 EraseBytes-Custom-CrossOver-Custom-ChangeByte-Custom-InsertByte-Custom-CopyPart-Custom-
#10202	REDUCE cov: 896 ft: 2204 corp: 222/1093b lim: 14 exec/s: 10202 rss: 1076Mb L: 8/14 MS: 2 EraseBytes-Custom-
#10274	NEW    cov: 896 ft: 2205 corp: 223/1106b lim: 14 exec/s: 10274 rss: 1076Mb L: 13/14 MS: 4 InsertRepeatedBytes-Custom-CopyPart-Custom-
#10600	NEW    cov: 896 ft: 2206 corp: 224/1123b lim: 17 exec/s: 10600 rss: 1076Mb L: 17/17 MS: 2 InsertRepeatedBytes-Custom-
#10620	NEW    cov: 896 ft: 2208 corp: 225/1138b lim: 17 exec/s: 10620 rss: 1076Mb L: 15/17 MS: 10 ShuffleBytes-Custom-InsertByte-Custom-CrossOver-Custom-ChangeByte-Custom-InsertRepeatedBytes-Custom-
#10672	REDUCE cov: 896 ft: 2208 corp: 225/1135b lim: 17 exec/s: 10672 rss: 1076Mb L: 8/17 MS: 4 ShuffleBytes-Custom-EraseBytes-Custom-
#10739	NEW    cov: 896 ft: 2209 corp: 226/1143b lim: 17 exec/s: 10739 rss: 1076Mb L: 8/17 MS: 4 CrossOver-Custom-CopyPart-Custom-
#10780	REDUCE cov: 896 ft: 2209 corp: 226/1141b lim: 17 exec/s: 10780 rss: 1076Mb L: 3/17 MS: 2 EraseBytes-Custom-
#10862	REDUCE cov: 896 ft: 2209 corp: 226/1140b lim: 17 exec/s: 10862 rss: 1076Mb L: 1/17 MS: 4 ChangeByte-Custom-EraseBytes-Custom-
#10863	REDUCE cov: 896 ft: 2209 corp: 226/1139b lim: 17 exec/s: 10863 rss: 1076Mb L: 4/17 MS: 2 EraseBytes-Custom-
#10957	NEW    cov: 896 ft: 2211 corp: 227/1156b lim: 17 exec/s: 10957 rss: 1076Mb L: 17/17 MS: 8 InsertRepeatedBytes-Custom-ShuffleBytes-Custom-CopyPart-Custom-ChangeBinInt-Custom-
#11067	NEW    cov: 896 ft: 2213 corp: 228/1172b lim: 17 exec/s: 11067 rss: 1076Mb L: 16/17 MS: 10 ChangeBinInt-Custom-ShuffleBytes-Custom-CopyPart-Custom-CrossOver-Custom-InsertRepeatedBytes-Custom-
#11071	NEW    cov: 896 ft: 2224 corp: 229/1184b lim: 17 exec/s: 11071 rss: 1076Mb L: 12/17 MS: 8 ShuffleBytes-Custom-EraseBytes-Custom-CrossOver-Custom-CopyPart-Custom-
#11151	NEW    cov: 896 ft: 2230 corp: 230/1199b lim: 17 exec/s: 11151 rss: 1076Mb L: 15/17 MS: 10 InsertRepeatedBytes-Custom-EraseBytes-Custom-InsertByte-Custom-CopyPart-Custom-ChangeBit-Custom-
#11182	REDUCE cov: 896 ft: 2230 corp: 230/1198b lim: 17 exec/s: 11182 rss: 1076Mb L: 3/17 MS: 2 EraseBytes-Custom-
#11291	REDUCE cov: 896 ft: 2230 corp: 230/1197b lim: 17 exec/s: 11291 rss: 1076Mb L: 2/17 MS: 8 ChangeByte-Custom-ShuffleBytes-Custom-CopyPart-Custom-EraseBytes-Custom-
#11303	NEW    cov: 896 ft: 2231 corp: 231/1214b lim: 17 exec/s: 11303 rss: 1076Mb L: 17/17 MS: 4 ChangeByte-Custom-InsertRepeatedBytes-Custom-
#11472	NEW    cov: 896 ft: 2233 corp: 232/1228b lim: 17 exec/s: 11472 rss: 1076Mb L: 14/17 MS: 8 ChangeASCIIInt-Custom-InsertByte-Custom-PersAutoDict-Custom-InsertRepeatedBytes-Custom- DE: "\011\000"-
#11483	REDUCE cov: 896 ft: 2233 corp: 232/1225b lim: 17 exec/s: 11483 rss: 1076Mb L: 5/17 MS: 2 EraseBytes-Custom-
#11653	NEW    cov: 896 ft: 2235 corp: 233/1240b lim: 17 exec/s: 11653 rss: 1076Mb L: 15/17 MS: 10 InsertByte-Custom-InsertRepeatedBytes-Custom-CopyPart-Custom-ChangeBinInt-Custom-ChangeBinInt-Custom-
#11674	NEW    cov: 896 ft: 2238 corp: 234/1253b lim: 17 exec/s: 11674 rss: 1076Mb L: 13/17 MS: 2 CopyPart-Custom-
#11707	REDUCE cov: 896 ft: 2238 corp: 234/1252b lim: 17 exec/s: 11707 rss: 1076Mb L: 11/17 MS: 6 ChangeByte-Custom-CopyPart-Custom-EraseBytes-Custom-
#11732	REDUCE cov: 896 ft: 2241 corp: 235/1266b lim: 17 exec/s: 11732 rss: 1076Mb L: 14/17 MS: 10 InsertRepeatedBytes-Custom-CopyPart-Custom-EraseBytes-Custom-InsertRepeatedBytes-Custom-CrossOver-Custom-
#11765	NEW    cov: 896 ft: 2244 corp: 236/1280b lim: 17 exec/s: 11765 rss: 1076Mb L: 14/17 MS: 6 CMP-Custom-ChangeBit-Custom-CrossOver-Custom- DE: "\000\000\000\000\000\000\000\000"-
#11766	REDUCE cov: 896 ft: 2244 corp: 236/1279b lim: 17 exec/s: 11766 rss: 1076Mb L: 3/17 MS: 2 EraseBytes-Custom-
#12028	REDUCE cov: 896 ft: 2244 corp: 236/1277b lim: 17 exec/s: 12028 rss: 1076Mb L: 12/17 MS: 4 ShuffleBytes-Custom-EraseBytes-Custom-
#12086	NEW    cov: 896 ft: 2247 corp: 237/1294b lim: 17 exec/s: 12086 rss: 1076Mb L: 17/17 MS: 6 EraseBytes-Custom-ChangeByte-Custom-InsertRepeatedBytes-Custom-
#12170	REDUCE cov: 896 ft: 2293 corp: 238/1305b lim: 17 exec/s: 12170 rss: 1076Mb L: 11/17 MS: 8 CopyPart-Custom-InsertByte-Custom-PersAutoDict-Custom-InsertRepeatedBytes-Custom- DE: "\377\000"-
#12327	REDUCE cov: 896 ft: 2293 corp: 238/1304b lim: 17 exec/s: 12327 rss: 1076Mb L: 2/17 MS: 4 InsertByte-Custom-EraseBytes-Custom-
#12352	NEW    cov: 896 ft: 2296 corp: 239/1321b lim: 17 exec/s: 12352 rss: 1076Mb L: 17/17 MS: 10 CrossOver-Custom-InsertRepeatedBytes-Custom-ChangeByte-Custom-CopyPart-Custom-ChangeBinInt-Custom-
#12405	REDUCE cov: 896 ft: 2298 corp: 240/1338b lim: 17 exec/s: 12405 rss: 1076Mb L: 17/17 MS: 6 InsertRepeatedBytes-Custom-InsertRepeatedBytes-Custom-CrossOver-Custom-
#12485	REDUCE cov: 896 ft: 2298 corp: 240/1335b lim: 17 exec/s: 12485 rss: 1076Mb L: 5/17 MS: 10 CrossOver-Custom-CopyPart-Custom-ShuffleBytes-Custom-EraseBytes-Custom-CrossOver-Custom-
#12573	NEW    cov: 896 ft: 2299 corp: 241/1352b lim: 17 exec/s: 12573 rss: 1076Mb L: 17/17 MS: 6 ShuffleBytes-Custom-PersAutoDict-Custom-InsertRepeatedBytes-Custom- DE: " \000"-
#12739	REDUCE cov: 896 ft: 2299 corp: 241/1351b lim: 17 exec/s: 12739 rss: 1076Mb L: 16/17 MS: 2 CrossOver-Custom-
#12920	NEW    cov: 896 ft: 2300 corp: 242/1360b lim: 17 exec/s: 12920 rss: 1076Mb L: 9/17 MS: 2 InsertByte-Custom-
#13118	NEW    cov: 896 ft: 2302 corp: 243/1372b lim: 17 exec/s: 13118 rss: 1076Mb L: 12/17 MS: 6 ChangeByte-Custom-InsertByte-Custom-CopyPart-Custom-
#13244	NEW    cov: 896 ft: 2321 corp: 244/1388b lim: 17 exec/s: 13244 rss: 1076Mb L: 16/17 MS: 2 CopyPart-Custom-
#13437	REDUCE cov: 896 ft: 2323 corp: 245/1402b lim: 17 exec/s: 13437 rss: 1076Mb L: 14/17 MS: 6 ChangeByte-Custom-InsertRepeatedBytes-Custom-InsertByte-Custom-
#13578	REDUCE cov: 896 ft: 2323 corp: 245/1400b lim: 17 exec/s: 13578 rss: 1076Mb L: 3/17 MS: 2 EraseBytes-Custom-
#13775	REDUCE cov: 896 ft: 2323 corp: 245/1399b lim: 17 exec/s: 13775 rss: 1076Mb L: 16/17 MS: 4 ChangeBinInt-Custom-EraseBytes-Custom-
#13846	NEW    cov: 896 ft: 2324 corp: 246/1413b lim: 17 exec/s: 13846 rss: 1076Mb L: 14/17 MS: 2 InsertRepeatedBytes-Custom-
#13929	REDUCE cov: 896 ft: 2324 corp: 246/1409b lim: 17 exec/s: 13929 rss: 1076Mb L: 6/17 MS: 6 CopyPart-Custom-ShuffleBytes-Custom-EraseBytes-Custom-
#13990	REDUCE cov: 896 ft: 2324 corp: 246/1408b lim: 17 exec/s: 13990 rss: 1076Mb L: 6/17 MS: 2 EraseBytes-Custom-
#14049	REDUCE cov: 896 ft: 2324 corp: 246/1407b lim: 17 exec/s: 14049 rss: 1079Mb L: 1/17 MS: 8 ShuffleBytes-Custom-CrossOver-Custom-CopyPart-Custom-EraseBytes-Custom-
#14402	REDUCE cov: 896 ft: 2324 corp: 246/1406b lim: 17 exec/s: 14402 rss: 1080Mb L: 14/17 MS: 6 CMP-Custom-CopyPart-Custom-EraseBytes-Custom- DE: "\011\002"-
#14428	REDUCE cov: 896 ft: 2326 corp: 247/1419b lim: 17 exec/s: 14428 rss: 1080Mb L: 13/17 MS: 2 InsertRepeatedBytes-Custom-
#14469	REDUCE cov: 896 ft: 2326 corp: 247/1418b lim: 17 exec/s: 14469 rss: 1080Mb L: 1/17 MS: 2 EraseBytes-Custom-
#14515	REDUCE cov: 896 ft: 2326 corp: 247/1416b lim: 17 exec/s: 14515 rss: 1080Mb L: 2/17 MS: 2 EraseBytes-Custom-
#14632	REDUCE cov: 896 ft: 2326 corp: 247/1415b lim: 17 exec/s: 14632 rss: 1080Mb L: 1/17 MS: 4 ChangeByte-Custom-EraseBytes-Custom-
#14729	REDUCE cov: 896 ft: 2326 corp: 247/1413b lim: 17 exec/s: 14729 rss: 1080Mb L: 2/17 MS: 4 ShuffleBytes-Custom-EraseBytes-Custom-
#14805	NEW    cov: 896 ft: 2334 corp: 248/1425b lim: 17 exec/s: 14805 rss: 1080Mb L: 12/17 MS: 2 CopyPart-Custom-
#14848	NEW    cov: 899 ft: 2337 corp: 249/1437b lim: 17 exec/s: 14848 rss: 1080Mb L: 12/17 MS: 6 InsertByte-Custom-PersAutoDict-Custom-CMP-Custom- DE: "\377\377\377\377\377\377\377\377"-"lX*\000"-
#15222	NEW    cov: 899 ft: 2338 corp: 250/1454b lim: 17 exec/s: 15222 rss: 1080Mb L: 17/17 MS: 8 ChangeBit-Custom-InsertByte-Custom-CrossOver-Custom-CrossOver-Custom-
#15314	NEW    cov: 899 ft: 2339 corp: 251/1470b lim: 17 exec/s: 15314 rss: 1080Mb L: 16/17 MS: 4 ChangeBinInt-Custom-InsertRepeatedBytes-Custom-
#15330	NEW    cov: 899 ft: 2341 corp: 252/1487b lim: 17 exec/s: 15330 rss: 1080Mb L: 17/17 MS: 2 CrossOver-Custom-
#15673	REDUCE cov: 899 ft: 2343 corp: 253/1503b lim: 17 exec/s: 15673 rss: 1080Mb L: 16/17 MS: 6 ChangeByte-Custom-CMP-Custom-InsertRepeatedBytes-Custom- DE: "\000\000\000\000"-
#15871	REDUCE cov: 899 ft: 2343 corp: 253/1502b lim: 17 exec/s: 15871 rss: 1080Mb L: 16/17 MS: 6 ChangeBinInt-Custom-ChangeBit-Custom-EraseBytes-Custom-
#15883	REDUCE cov: 899 ft: 2343 corp: 253/1500b lim: 17 exec/s: 15883 rss: 1080Mb L: 14/17 MS: 4 ChangeBit-Custom-EraseBytes-Custom-
#15909	REDUCE cov: 899 ft: 2343 corp: 253/1499b lim: 17 exec/s: 15909 rss: 1080Mb L: 1/17 MS: 2 EraseBytes-Custom-
#16098	NEW    cov: 899 ft: 2350 corp: 254/1514b lim: 17 exec/s: 16098 rss: 1080Mb L: 15/17 MS: 8 ShuffleBytes-Custom-CrossOver-Custom-InsertRepeatedBytes-Custom-ShuffleBytes-Custom-
#16114	NEW    cov: 899 ft: 2370 corp: 255/1530b lim: 17 exec/s: 16114 rss: 1080Mb L: 16/17 MS: 2 CopyPart-Custom-
#16118	NEW    cov: 899 ft: 2396 corp: 256/1547b lim: 17 exec/s: 16118 rss: 1080Mb L: 17/17 MS: 8 ChangeBit-Custom-CrossOver-Custom-ChangeBit-Custom-CMP-Custom- DE: "readUnsignedByte"-
#16147	REDUCE cov: 899 ft: 2402 corp: 257/1564b lim: 17 exec/s: 16147 rss: 1080Mb L: 17/17 MS: 8 ShuffleBytes-Custom-CopyPart-Custom-CopyPart-Custom-InsertRepeatedBytes-Custom-
#16190	REDUCE cov: 899 ft: 2405 corp: 258/1577b lim: 17 exec/s: 16190 rss: 1080Mb L: 13/17 MS: 6 ChangeBinInt-Custom-ShuffleBytes-Custom-CrossOver-Custom-
#16226	REDUCE cov: 899 ft: 2405 corp: 258/1576b lim: 17 exec/s: 16226 rss: 1080Mb L: 5/17 MS: 2 EraseBytes-Custom-
#16492	REDUCE cov: 899 ft: 2405 corp: 258/1575b lim: 17 exec/s: 16492 rss: 1080Mb L: 16/17 MS: 2 EraseBytes-Custom-
#16522	REDUCE cov: 899 ft: 2407 corp: 259/1591b lim: 17 exec/s: 16522 rss: 1080Mb L: 16/17 MS: 10 ChangeBit-Custom-InsertRepeatedBytes-Custom-CopyPart-Custom-CrossOver-Custom-CopyPart-Custom-
#16528	REDUCE cov: 899 ft: 2407 corp: 259/1590b lim: 17 exec/s: 16528 rss: 1080Mb L: 5/17 MS: 2 EraseBytes-Custom-
#16547	REDUCE cov: 899 ft: 2407 corp: 259/1587b lim: 17 exec/s: 16547 rss: 1080Mb L: 13/17 MS: 8 CMP-Custom-CrossOver-Custom-CopyPart-Custom-EraseBytes-Custom- DE: "\002\000\000\000"-
#16653	REDUCE cov: 899 ft: 2407 corp: 259/1585b lim: 17 exec/s: 16653 rss: 1080Mb L: 11/17 MS: 2 EraseBytes-Custom-
#16764	REDUCE cov: 899 ft: 2407 corp: 259/1584b lim: 17 exec/s: 16764 rss: 1080Mb L: 1/17 MS: 2 EraseBytes-Custom-
#16821	REDUCE cov: 899 ft: 2407 corp: 259/1582b lim: 17 exec/s: 16821 rss: 1080Mb L: 3/17 MS: 4 ChangeByte-Custom-EraseBytes-Custom-
#16826	NEW    cov: 899 ft: 2410 corp: 260/1595b lim: 17 exec/s: 16826 rss: 1080Mb L: 13/17 MS: 10 CopyPart-Custom-ChangeBinInt-Custom-CrossOver-Custom-ChangeByte-Custom-CMP-Custom- DE: "\276\273\357\000"-
#16913	REDUCE cov: 899 ft: 2410 corp: 260/1594b lim: 17 exec/s: 16913 rss: 1080Mb L: 7/17 MS: 4 CrossOver-Custom-EraseBytes-Custom-
#16928	NEW    cov: 899 ft: 2419 corp: 261/1611b lim: 17 exec/s: 16928 rss: 1080Mb L: 17/17 MS: 10 PersAutoDict-Custom-PersAutoDict-Custom-InsertByte-Custom-ShuffleBytes-Custom-CMP-Custom- DE: "\011\002"-"\007\000"-"\377\377\377\377\377\377\377\377"-
#17023	REDUCE cov: 899 ft: 2420 corp: 262/1621b lim: 17 exec/s: 17023 rss: 1080Mb L: 10/17 MS: 10 EraseBytes-Custom-ShuffleBytes-Custom-CopyPart-Custom-PersAutoDict-Custom-CopyPart-Custom- DE: "\011\002"-
#17042	NEW    cov: 899 ft: 2421 corp: 263/1638b lim: 17 exec/s: 17042 rss: 1080Mb L: 17/17 MS: 8 CopyPart-Custom-CrossOver-Custom-ChangeByte-Custom-CrossOver-Custom-
#17173	NEW    cov: 899 ft: 2422 corp: 264/1648b lim: 17 exec/s: 17173 rss: 1080Mb L: 10/17 MS: 2 EraseBytes-Custom-
#17253	NEW    cov: 899 ft: 2423 corp: 265/1664b lim: 17 exec/s: 17253 rss: 1080Mb L: 16/17 MS: 10 CrossOver-Custom-ChangeBinInt-Custom-CMP-Custom-ShuffleBytes-Custom-InsertRepeatedBytes-Custom- DE: "\004\000"-
#17289	REDUCE cov: 899 ft: 2423 corp: 265/1657b lim: 17 exec/s: 17289 rss: 1080Mb L: 10/17 MS: 2 EraseBytes-Custom-
#17455	REDUCE cov: 899 ft: 2423 corp: 265/1651b lim: 17 exec/s: 17455 rss: 1080Mb L: 8/17 MS: 2 CrossOver-Custom-
#17637	NEW    cov: 899 ft: 2424 corp: 266/1668b lim: 17 exec/s: 17637 rss: 1080Mb L: 17/17 MS: 4 CrossOver-Custom-ChangeBinInt-Custom-
#17639	REDUCE cov: 899 ft: 2424 corp: 266/1667b lim: 17 exec/s: 17639 rss: 1080Mb L: 11/17 MS: 4 CopyPart-Custom-EraseBytes-Custom-
#17690	REDUCE cov: 899 ft: 2424 corp: 266/1664b lim: 17 exec/s: 17690 rss: 1080Mb L: 13/17 MS: 2 EraseBytes-Custom-
#17817	REDUCE cov: 899 ft: 2426 corp: 267/1675b lim: 17 exec/s: 17817 rss: 1080Mb L: 11/17 MS: 4 CrossOver-Custom-CopyPart-Custom-
INFO: Instrumented com.fasterxml.jackson.core.json.DupDetector (took 5 ms, size +38%)
#18182	REDUCE cov: 899 ft: 2428 corp: 268/1688b lim: 17 exec/s: 18182 rss: 1080Mb L: 13/17 MS: 10 InsertByte-Custom-ChangeBit-Custom-ShuffleBytes-Custom-CopyPart-Custom-InsertRepeatedBytes-Custom-
#18188	REDUCE cov: 899 ft: 2428 corp: 268/1687b lim: 17 exec/s: 18188 rss: 1080Mb L: 1/17 MS: 2 EraseBytes-Custom-
#18521	NEW    cov: 899 ft: 2433 corp: 269/1704b lim: 17 exec/s: 18521 rss: 1080Mb L: 17/17 MS: 6 ShuffleBytes-Custom-CrossOver-Custom-CopyPart-Custom-
#18562	NEW    cov: 899 ft: 2438 corp: 270/1721b lim: 17 exec/s: 18562 rss: 1080Mb L: 17/17 MS: 2 CopyPart-Custom-
#18668	REDUCE cov: 899 ft: 2438 corp: 270/1720b lim: 17 exec/s: 18668 rss: 1080Mb L: 6/17 MS: 2 EraseBytes-Custom-
#19180	REDUCE cov: 899 ft: 2438 corp: 270/1716b lim: 21 exec/s: 19180 rss: 1080Mb L: 5/17 MS: 4 EraseBytes-Custom-CrossOver-Custom-
#19314	REDUCE cov: 899 ft: 2438 corp: 270/1715b lim: 21 exec/s: 19314 rss: 1080Mb L: 16/17 MS: 8 ShuffleBytes-Custom-InsertByte-Custom-InsertByte-Custom-EraseBytes-Custom-
#19418	REDUCE cov: 899 ft: 2438 corp: 270/1714b lim: 21 exec/s: 19418 rss: 1080Mb L: 1/17 MS: 8 ShuffleBytes-Custom-ChangeByte-Custom-ShuffleBytes-Custom-EraseBytes-Custom-
#19494	REDUCE cov: 899 ft: 2438 corp: 270/1711b lim: 21 exec/s: 19494 rss: 1080Mb L: 11/17 MS: 2 EraseBytes-Custom-
#19555	NEW    cov: 899 ft: 2441 corp: 271/1730b lim: 21 exec/s: 19555 rss: 1080Mb L: 19/19 MS: 2 InsertRepeatedBytes-Custom-
#19602	NEW    cov: 899 ft: 2444 corp: 272/1750b lim: 21 exec/s: 19602 rss: 1080Mb L: 20/20 MS: 4 ShuffleBytes-Custom-InsertByte-Custom-
#19610	REDUCE cov: 899 ft: 2445 corp: 273/1769b lim: 21 exec/s: 19610 rss: 1080Mb L: 19/20 MS: 6 PersAutoDict-Custom-PersAutoDict-Custom-ShuffleBytes-Custom- DE: "readUnsignedByte"-"\011\000"-
#19866	NEW    cov: 899 ft: 2447 corp: 274/1780b lim: 21 exec/s: 19866 rss: 1080Mb L: 11/20 MS: 2 InsertByte-Custom-
#20062	REDUCE cov: 899 ft: 2447 corp: 274/1778b lim: 21 exec/s: 20062 rss: 1080Mb L: 14/20 MS: 2 EraseBytes-Custom-
#20113	NEW    cov: 899 ft: 2456 corp: 275/1786b lim: 21 exec/s: 20113 rss: 1080Mb L: 8/20 MS: 2 CopyPart-Custom-
#20164	REDUCE cov: 899 ft: 2456 corp: 275/1785b lim: 21 exec/s: 20164 rss: 1080Mb L: 5/20 MS: 2 EraseBytes-Custom-
#20365	REDUCE cov: 899 ft: 2456 corp: 275/1784b lim: 21 exec/s: 20365 rss: 1080Mb L: 1/20 MS: 2 EraseBytes-Custom-
#20411	REDUCE cov: 899 ft: 2456 corp: 275/1781b lim: 21 exec/s: 20411 rss: 1080Mb L: 7/20 MS: 2 EraseBytes-Custom-
#20480	NEW    cov: 899 ft: 2457 corp: 276/1802b lim: 21 exec/s: 20480 rss: 1080Mb L: 21/21 MS: 8 ChangeByte-Custom-ChangeBinInt-Custom-InsertRepeatedBytes-Custom-CrossOver-Custom-
#20627	NEW    cov: 899 ft: 2460 corp: 277/1822b lim: 21 exec/s: 20627 rss: 1080Mb L: 20/21 MS: 4 InsertRepeatedBytes-Custom-InsertRepeatedBytes-Custom-
#20643	NEW    cov: 899 ft: 2470 corp: 278/1843b lim: 21 exec/s: 20643 rss: 1080Mb L: 21/21 MS: 2 PersAutoDict-Custom- DE: "\001\000\000\000"-
#20696	NEW    cov: 899 ft: 2473 corp: 279/1864b lim: 21 exec/s: 20696 rss: 1080Mb L: 21/21 MS: 6 InsertRepeatedBytes-Custom-CopyPart-Custom-CopyPart-Custom-
#20737	NEW    cov: 899 ft: 2474 corp: 280/1874b lim: 21 exec/s: 20737 rss: 1080Mb L: 10/21 MS: 2 CrossOver-Custom-
#20761	NEW    cov: 899 ft: 2476 corp: 281/1890b lim: 21 exec/s: 20761 rss: 1080Mb L: 16/21 MS: 8 CopyPart-Custom-ChangeBit-Custom-EraseBytes-Custom-InsertRepeatedBytes-Custom-
#20779	REDUCE cov: 899 ft: 2476 corp: 281/1889b lim: 21 exec/s: 20779 rss: 1080Mb L: 4/21 MS: 6 InsertByte-Custom-ChangeBit-Custom-EraseBytes-Custom-
#20990	NEW    cov: 899 ft: 2479 corp: 282/1907b lim: 21 exec/s: 20990 rss: 1080Mb L: 18/21 MS: 2 CopyPart-Custom-
#21047	NEW    cov: 899 ft: 2480 corp: 283/1926b lim: 21 exec/s: 21047 rss: 1080Mb L: 19/21 MS: 4 EraseBytes-Custom-InsertRepeatedBytes-Custom-
#21459	REDUCE cov: 899 ft: 2480 corp: 283/1925b lim: 25 exec/s: 21459 rss: 1080Mb L: 3/21 MS: 4 CrossOver-Custom-EraseBytes-Custom-
#21470	NEW    cov: 899 ft: 2486 corp: 284/1941b lim: 25 exec/s: 21470 rss: 1080Mb L: 16/21 MS: 2 CrossOver-Custom-
#21651	REDUCE cov: 899 ft: 2486 corp: 284/1938b lim: 25 exec/s: 21651 rss: 1080Mb L: 8/21 MS: 2 EraseBytes-Custom-
#21677	NEW    cov: 899 ft: 2488 corp: 285/1951b lim: 25 exec/s: 21677 rss: 1080Mb L: 13/21 MS: 2 ChangeBinInt-Custom-
#21723	REDUCE cov: 899 ft: 2488 corp: 285/1950b lim: 25 exec/s: 21723 rss: 1080Mb L: 1/21 MS: 2 EraseBytes-Custom-
#21805	REDUCE cov: 899 ft: 2488 corp: 285/1949b lim: 25 exec/s: 21805 rss: 1080Mb L: 1/21 MS: 4 ShuffleBytes-Custom-EraseBytes-Custom-
#21904	NEW    cov: 899 ft: 2489 corp: 286/1966b lim: 25 exec/s: 21904 rss: 1080Mb L: 17/21 MS: 8 ChangeBit-Custom-CopyPart-Custom-CopyPart-Custom-CrossOver-Custom-
#21922	REDUCE cov: 899 ft: 2489 corp: 286/1965b lim: 25 exec/s: 21922 rss: 1080Mb L: 12/21 MS: 6 ChangeBit-Custom-EraseBytes-Custom-ChangeBit-Custom-
#21969	REDUCE cov: 899 ft: 2489 corp: 286/1962b lim: 25 exec/s: 21969 rss: 1080Mb L: 10/21 MS: 4 ChangeBit-Custom-EraseBytes-Custom-
#22025	NEW    cov: 899 ft: 2492 corp: 287/1987b lim: 25 exec/s: 22025 rss: 1080Mb L: 25/25 MS: 2 InsertRepeatedBytes-Custom-
#22027	REDUCE cov: 899 ft: 2492 corp: 287/1986b lim: 25 exec/s: 22027 rss: 1080Mb L: 16/25 MS: 4 InsertByte-Custom-EraseBytes-Custom-
#22114	NEW    cov: 899 ft: 2493 corp: 288/2009b lim: 25 exec/s: 22114 rss: 1080Mb L: 23/25 MS: 4 ChangeBinInt-Custom-InsertRepeatedBytes-Custom-
#22143	REDUCE cov: 899 ft: 2494 corp: 289/2031b lim: 25 exec/s: 22143 rss: 1080Mb L: 22/25 MS: 8 ChangeBit-Custom-InsertRepeatedBytes-Custom-InsertRepeatedBytes-Custom-ShuffleBytes-Custom-
#22155	REDUCE cov: 899 ft: 2494 corp: 289/2028b lim: 25 exec/s: 22155 rss: 1080Mb L: 11/25 MS: 4 CopyPart-Custom-CrossOver-Custom-
#22171	REDUCE cov: 899 ft: 2494 corp: 289/2025b lim: 25 exec/s: 22171 rss: 1080Mb L: 4/25 MS: 2 EraseBytes-Custom-
#22318	REDUCE cov: 899 ft: 2501 corp: 290/2050b lim: 25 exec/s: 22318 rss: 1080Mb L: 25/25 MS: 4 InsertRepeatedBytes-Custom-ChangeBit-Custom-
#22497	REDUCE cov: 899 ft: 2501 corp: 290/2049b lim: 25 exec/s: 22497 rss: 1080Mb L: 4/25 MS: 8 ChangeBit-Custom-ChangeBit-Custom-ChangeBinInt-Custom-EraseBytes-Custom-
#22634	REDUCE cov: 899 ft: 2501 corp: 290/2042b lim: 25 exec/s: 22634 rss: 1080Mb L: 8/25 MS: 4 EraseBytes-Custom-EraseBytes-Custom-
#22892	REDUCE cov: 899 ft: 2501 corp: 290/2039b lim: 25 exec/s: 22892 rss: 1080Mb L: 20/25 MS: 6 ChangeBit-Custom-PersAutoDict-Custom-EraseBytes-Custom- DE: "lX*\000"-
#23400	REDUCE cov: 899 ft: 2501 corp: 290/2038b lim: 29 exec/s: 23400 rss: 1080Mb L: 5/25 MS: 6 EraseBytes-Custom-EraseBytes-Custom-CopyPart-Custom-
#23414	NEW    cov: 899 ft: 2502 corp: 291/2056b lim: 29 exec/s: 23414 rss: 1080Mb L: 18/25 MS: 8 CrossOver-Custom-InsertRepeatedBytes-Custom-InsertByte-Custom-CrossOver-Custom-
#24280	REDUCE cov: 899 ft: 2502 corp: 291/2053b lim: 33 exec/s: 24280 rss: 1080Mb L: 13/25 MS: 2 EraseBytes-Custom-
#24564	NEW    cov: 899 ft: 2504 corp: 292/2076b lim: 33 exec/s: 24564 rss: 1080Mb L: 23/25 MS: 8 CrossOver-Custom-InsertByte-Custom-InsertByte-Custom-CrossOver-Custom-
#25145	REDUCE cov: 899 ft: 2504 corp: 292/2073b lim: 38 exec/s: 12572 rss: 1080Mb L: 5/25 MS: 2 EraseBytes-Custom-
#25359	NEW    cov: 899 ft: 2514 corp: 293/2103b lim: 38 exec/s: 12679 rss: 1080Mb L: 30/30 MS: 8 InsertRepeatedBytes-Custom-InsertByte-Custom-CMP-Custom-ChangeBinInt-Custom- DE: "readUnsignedByte"-
#25497	REDUCE cov: 899 ft: 2514 corp: 293/2101b lim: 38 exec/s: 12748 rss: 1080Mb L: 8/30 MS: 6 ShuffleBytes-Custom-CopyPart-Custom-EraseBytes-Custom-
#25643	REDUCE cov: 899 ft: 2516 corp: 294/2109b lim: 38 exec/s: 12821 rss: 1080Mb L: 8/30 MS: 2 CopyPart-Custom-
#25742	REDUCE cov: 899 ft: 2516 corp: 294/2106b lim: 38 exec/s: 12871 rss: 1080Mb L: 14/30 MS: 8 ChangeByte-Custom-ChangeBit-Custom-EraseBytes-Custom-InsertByte-Custom-
#25821	NEW    cov: 899 ft: 2519 corp: 295/2142b lim: 38 exec/s: 12910 rss: 1080Mb L: 36/36 MS: 8 InsertByte-Custom-InsertByte-Custom-PersAutoDict-Custom-InsertRepeatedBytes-Custom- DE: "\000\000\000\000"-
#25958	REDUCE cov: 899 ft: 2519 corp: 295/2135b lim: 38 exec/s: 12979 rss: 1080Mb L: 16/36 MS: 4 CopyPart-Custom-EraseBytes-Custom-
#26700	NEW    cov: 899 ft: 2521 corp: 296/2173b lim: 43 exec/s: 13350 rss: 1080Mb L: 38/38 MS: 4 InsertRepeatedBytes-Custom-PersAutoDict-Custom- DE: "\007\000"-
#26777	REDUCE cov: 899 ft: 2521 corp: 296/2172b lim: 43 exec/s: 13388 rss: 1080Mb L: 3/38 MS: 4 ChangeBit-Custom-EraseBytes-Custom-
#26853	REDUCE cov: 899 ft: 2521 corp: 296/2171b lim: 43 exec/s: 13426 rss: 1080Mb L: 1/38 MS: 2 EraseBytes-Custom-
#26876	NEW    cov: 899 ft: 2604 corp: 297/2202b lim: 43 exec/s: 13438 rss: 1080Mb L: 31/38 MS: 6 ChangeBit-Custom-InsertByte-Custom-InsertRepeatedBytes-Custom-
#26884	REDUCE cov: 899 ft: 2604 corp: 297/2201b lim: 43 exec/s: 13442 rss: 1080Mb L: 6/38 MS: 6 ChangeBinInt-Custom-CrossOver-Custom-EraseBytes-Custom-
#27007	NEW    cov: 899 ft: 2605 corp: 298/2209b lim: 43 exec/s: 13503 rss: 1080Mb L: 8/38 MS: 6 EraseBytes-Custom-InsertByte-Custom-CrossOver-Custom-
#27185	NEW    cov: 899 ft: 2626 corp: 299/2246b lim: 43 exec/s: 13592 rss: 1080Mb L: 37/38 MS: 6 InsertRepeatedBytes-Custom-CopyPart-Custom-CopyPart-Custom-
#27283	REDUCE cov: 899 ft: 2634 corp: 300/2287b lim: 43 exec/s: 13641 rss: 1080Mb L: 41/41 MS: 6 InsertByte-Custom-ChangeByte-Custom-InsertRepeatedBytes-Custom-
#27428	NEW    cov: 899 ft: 2637 corp: 301/2310b lim: 43 exec/s: 13714 rss: 1080Mb L: 23/41 MS: 10 ChangeByte-Custom-InsertRepeatedBytes-Custom-ShuffleBytes-Custom-CrossOver-Custom-EraseBytes-Custom-
#27480	NEW    cov: 899 ft: 2638 corp: 302/2324b lim: 43 exec/s: 13740 rss: 1080Mb L: 14/41 MS: 4 PersAutoDict-Custom-CopyPart-Custom- DE: "\000\000\000\000"-
#27530	NEW    cov: 899 ft: 2640 corp: 303/2339b lim: 43 exec/s: 13765 rss: 1080Mb L: 15/41 MS: 10 ShuffleBytes-Custom-InsertByte-Custom-InsertByte-Custom-ChangeBit-Custom-CopyPart-Custom-
#27565	NEW    cov: 899 ft: 2641 corp: 304/2378b lim: 43 exec/s: 13782 rss: 1080Mb L: 39/41 MS: 10 ShuffleBytes-Custom-ChangeByte-Custom-ShuffleBytes-Custom-InsertRepeatedBytes-Custom-CrossOver-Custom-
#27865	NEW    cov: 899 ft: 2642 corp: 305/2403b lim: 43 exec/s: 13932 rss: 1080Mb L: 25/41 MS: 10 InsertByte-Custom-CrossOver-Custom-ChangeByte-Custom-CrossOver-Custom-InsertRepeatedBytes-Custom-
#27936	REDUCE cov: 899 ft: 2642 corp: 305/2402b lim: 43 exec/s: 13968 rss: 1080Mb L: 14/41 MS: 2 EraseBytes-Custom-
#27973	REDUCE cov: 899 ft: 2642 corp: 305/2401b lim: 43 exec/s: 13986 rss: 1080Mb L: 2/41 MS: 4 EraseBytes-Custom-CopyPart-Custom-
#27994	NEW    cov: 899 ft: 2645 corp: 306/2428b lim: 43 exec/s: 13997 rss: 1080Mb L: 27/41 MS: 2 CopyPart-Custom-
#28085	NEW    cov: 899 ft: 2647 corp: 307/2458b lim: 43 exec/s: 14042 rss: 1080Mb L: 30/41 MS: 2 ChangeBit-Custom-
#28230	REDUCE cov: 899 ft: 2649 corp: 308/2484b lim: 43 exec/s: 14115 rss: 1080Mb L: 26/41 MS: 10 CrossOver-Custom-ChangeByte-Custom-InsertByte-Custom-CrossOver-Custom-CopyPart-Custom-
#28313	REDUCE cov: 899 ft: 2649 corp: 308/2483b lim: 43 exec/s: 14156 rss: 1080Mb L: 12/41 MS: 6 ShuffleBytes-Custom-ChangeByte-Custom-EraseBytes-Custom-
#28603	NEW    cov: 899 ft: 2669 corp: 309/2493b lim: 43 exec/s: 14301 rss: 1080Mb L: 10/41 MS: 10 InsertRepeatedBytes-Custom-ShuffleBytes-Custom-ShuffleBytes-Custom-EraseBytes-Custom-PersAutoDict-Custom- DE: "\377\000"-
#29018	REDUCE cov: 899 ft: 2684 corp: 310/2534b lim: 43 exec/s: 14509 rss: 1080Mb L: 41/41 MS: 10 CrossOver-Custom-CopyPart-Custom-CMP-Custom-PersAutoDict-Custom-InsertRepeatedBytes-Custom- DE: "\305\305"-"lX*\000"-
#29200	NEW    cov: 899 ft: 2685 corp: 311/2565b lim: 43 exec/s: 14600 rss: 1080Mb L: 31/41 MS: 4 EraseBytes-Custom-InsertRepeatedBytes-Custom-
#29341	NEW    cov: 899 ft: 2686 corp: 312/2600b lim: 43 exec/s: 14670 rss: 1080Mb L: 35/41 MS: 2 InsertRepeatedBytes-Custom-
#29482	REDUCE cov: 899 ft: 2686 corp: 312/2599b lim: 43 exec/s: 14741 rss: 1080Mb L: 13/41 MS: 2 EraseBytes-Custom-
#29864	REDUCE cov: 899 ft: 2686 corp: 312/2598b lim: 43 exec/s: 14932 rss: 1080Mb L: 10/41 MS: 4 ChangeByte-Custom-EraseBytes-Custom-
#30195	REDUCE cov: 899 ft: 2686 corp: 312/2596b lim: 43 exec/s: 15097 rss: 1080Mb L: 7/41 MS: 2 EraseBytes-Custom-
#30236	REDUCE cov: 899 ft: 2686 corp: 312/2594b lim: 43 exec/s: 15118 rss: 1080Mb L: 8/41 MS: 2 EraseBytes-Custom-
#30413	REDUCE cov: 899 ft: 2686 corp: 312/2592b lim: 43 exec/s: 15206 rss: 1080Mb L: 11/41 MS: 4 ShuffleBytes-Custom-EraseBytes-Custom-
#30649	REDUCE cov: 899 ft: 2686 corp: 312/2588b lim: 43 exec/s: 15324 rss: 1080Mb L: 10/41 MS: 2 EraseBytes-Custom-
#30709	NEW    cov: 899 ft: 2687 corp: 313/2631b lim: 43 exec/s: 15354 rss: 1080Mb L: 43/43 MS: 10 InsertRepeatedBytes-Custom-EraseBytes-Custom-PersAutoDict-Custom-CopyPart-Custom-CopyPart-Custom- DE: "\377\377\377\377\377\377\377\377"-
#30731	REDUCE cov: 899 ft: 2687 corp: 313/2630b lim: 43 exec/s: 15365 rss: 1080Mb L: 15/43 MS: 4 ShuffleBytes-Custom-CrossOver-Custom-
#30819	REDUCE cov: 899 ft: 2688 corp: 314/2639b lim: 43 exec/s: 15409 rss: 1080Mb L: 9/43 MS: 6 ChangeByte-Custom-InsertByte-Custom-InsertByte-Custom-
#30930	REDUCE cov: 899 ft: 2688 corp: 314/2637b lim: 43 exec/s: 15465 rss: 1080Mb L: 9/43 MS: 2 EraseBytes-Custom-
#31252	REDUCE cov: 899 ft: 2688 corp: 314/2636b lim: 43 exec/s: 15626 rss: 1080Mb L: 18/43 MS: 4 ShuffleBytes-Custom-EraseBytes-Custom-
#31329	NEW    cov: 899 ft: 2689 corp: 315/2662b lim: 43 exec/s: 15664 rss: 1080Mb L: 26/43 MS: 4 ChangeByte-Custom-CopyPart-Custom-
#31691	NEW    cov: 899 ft: 2693 corp: 316/2691b lim: 43 exec/s: 15845 rss: 1080Mb L: 29/43 MS: 4 CopyPart-Custom-CopyPart-Custom-
#32075	NEW    cov: 899 ft: 2700 corp: 317/2734b lim: 43 exec/s: 16037 rss: 1080Mb L: 43/43 MS: 8 ChangeBit-Custom-ChangeByte-Custom-CMP-Custom-InsertRepeatedBytes-Custom- DE: "\241\017\000\000"-
#32224	NEW    cov: 899 ft: 2760 corp: 318/2770b lim: 43 exec/s: 16112 rss: 1080Mb L: 36/43 MS: 8 CopyPart-Custom-ChangeByte-Custom-CopyPart-Custom-InsertRepeatedBytes-Custom-
#32638	REDUCE cov: 899 ft: 2762 corp: 319/2776b lim: 43 exec/s: 16319 rss: 1080Mb L: 6/43 MS: 8 InsertByte-Custom-CopyPart-Custom-EraseBytes-Custom-CopyPart-Custom-
#32768	pulse  cov: 899 ft: 2762 corp: 319/2776b lim: 43 exec/s: 16384 rss: 1080Mb
#32844	REDUCE cov: 899 ft: 2762 corp: 319/2768b lim: 43 exec/s: 16422 rss: 1080Mb L: 28/43 MS: 2 EraseBytes-Custom-
#32854	NEW    cov: 899 ft: 2805 corp: 320/2790b lim: 43 exec/s: 16427 rss: 1080Mb L: 22/43 MS: 10 ShuffleBytes-Custom-ChangeBinInt-Custom-ChangeByte-Custom-ShuffleBytes-Custom-InsertRepeatedBytes-Custom-
#32863	NEW    cov: 899 ft: 2809 corp: 321/2823b lim: 43 exec/s: 16431 rss: 1080Mb L: 33/43 MS: 8 ChangeBinInt-Custom-CopyPart-Custom-CopyPart-Custom-CopyPart-Custom-
#33200	REDUCE cov: 899 ft: 2809 corp: 321/2812b lim: 43 exec/s: 16600 rss: 1080Mb L: 28/43 MS: 4 InsertByte-Custom-EraseBytes-Custom-
#33211	REDUCE cov: 899 ft: 2809 corp: 321/2811b lim: 43 exec/s: 16605 rss: 1080Mb L: 2/43 MS: 2 EraseBytes-Custom-
#33247	REDUCE cov: 899 ft: 2811 corp: 322/2835b lim: 43 exec/s: 16623 rss: 1080Mb L: 24/43 MS: 2 InsertRepeatedBytes-Custom-
#33390	REDUCE cov: 899 ft: 2812 corp: 323/2855b lim: 43 exec/s: 16695 rss: 1080Mb L: 20/43 MS: 6 InsertRepeatedBytes-Custom-CopyPart-Custom-InsertByte-Custom-
#33492	NEW    cov: 899 ft: 2813 corp: 324/2890b lim: 43 exec/s: 16746 rss: 1080Mb L: 35/43 MS: 4 ShuffleBytes-Custom-InsertRepeatedBytes-Custom-
#33649	REDUCE cov: 899 ft: 2813 corp: 324/2889b lim: 43 exec/s: 16824 rss: 1080Mb L: 1/43 MS: 4 ShuffleBytes-Custom-EraseBytes-Custom-
#33926	NEW    cov: 899 ft: 2815 corp: 325/2932b lim: 43 exec/s: 16963 rss: 1080Mb L: 43/43 MS: 4 CMP-Custom-InsertRepeatedBytes-Custom- DE: "\011\012\000\000"-
#34244	NEW    cov: 899 ft: 2818 corp: 326/2974b lim: 43 exec/s: 17122 rss: 1080Mb L: 42/43 MS: 6 CrossOver-Custom-CMP-Custom-InsertRepeatedBytes-Custom- DE: "\000\000\000\000"-
#34256	REDUCE cov: 899 ft: 2818 corp: 326/2971b lim: 43 exec/s: 17128 rss: 1080Mb L: 26/43 MS: 4 ChangeByte-Custom-EraseBytes-Custom-
#34302	REDUCE cov: 899 ft: 2818 corp: 326/2970b lim: 43 exec/s: 17151 rss: 1080Mb L: 18/43 MS: 2 EraseBytes-Custom-
#34356	REDUCE cov: 899 ft: 2819 corp: 327/3009b lim: 43 exec/s: 17178 rss: 1080Mb L: 39/43 MS: 8 InsertByte-Custom-EraseBytes-Custom-ChangeBit-Custom-InsertRepeatedBytes-Custom-
#34398	REDUCE cov: 899 ft: 2819 corp: 327/3008b lim: 43 exec/s: 17199 rss: 1080Mb L: 5/43 MS: 4 ShuffleBytes-Custom-EraseBytes-Custom-
#34447	REDUCE cov: 899 ft: 2819 corp: 327/3000b lim: 43 exec/s: 17223 rss: 1080Mb L: 27/43 MS: 8 ChangeBinInt-Custom-ShuffleBytes-Custom-ChangeBinInt-Custom-EraseBytes-Custom-
#35047	REDUCE cov: 899 ft: 2837 corp: 328/3047b lim: 48 exec/s: 17523 rss: 1080Mb L: 47/47 MS: 10 ShuffleBytes-Custom-InsertByte-Custom-ChangeBinInt-Custom-CrossOver-Custom-InsertRepeatedBytes-Custom-
#35048	REDUCE cov: 899 ft: 2837 corp: 328/3046b lim: 48 exec/s: 17524 rss: 1080Mb L: 1/47 MS: 2 EraseBytes-Custom-
#35149	REDUCE cov: 899 ft: 2837 corp: 328/3045b lim: 48 exec/s: 17574 rss: 1080Mb L: 16/47 MS: 2 EraseBytes-Custom-
#35155	REDUCE cov: 899 ft: 2837 corp: 328/3042b lim: 48 exec/s: 17577 rss: 1080Mb L: 13/47 MS: 2 CrossOver-Custom-
#35181	REDUCE cov: 899 ft: 2839 corp: 329/3064b lim: 48 exec/s: 17590 rss: 1080Mb L: 22/47 MS: 2 CopyPart-Custom-
#35297	NEW    cov: 899 ft: 2841 corp: 330/3103b lim: 48 exec/s: 17648 rss: 1080Mb L: 39/47 MS: 2 InsertRepeatedBytes-Custom-
MS: 10 ChangeByte-Custom-PersAutoDict-Custom-InsertRepeatedBytes-Custom-ShuffleBytes-Custom-InsertRepeatedBytes-Custom- DE: "lX*\000"-; base unit: 8bf7b464aaa2c2b536aa1d76a1297c19155f5603
0x66,0x7f,0x58,0x6c,0x66,0x66,0x66,0x66,0x66,0x66,0x66,0x66,0x66,0x66,0x66,0x66,0x66,0x66,0x66,0x66,0xff,0xff,0xff,0xff,0xff,0xff,0xff,0xff,0xff,0xff,0xff,0xff,0xff,0xff,0xff,0x66,0x66,0x66,0x66,0x66,0x66,0x66,0x66,0x2a,0x0,
f\177Xlffffffffffffffff\377\377\377\377\377\377\377\377\377\377\377\377\377\377\377ffffffff*\000
artifact_prefix='/tmp/bugrun/jacksoncore_26.vxIsXV/'; Test unit written to /tmp/bugrun/jacksoncore_26.vxIsXV/crash-b05c03b5f7a52ad0055154cf716282f4309afbda
Base64: Zn9YbGZmZmZmZmZmZmZmZmZmZmb///////////////////9mZmZmZmZmZioA
Done 35392 runs in 2 second(s)
DEDUP_TOKEN: 3e7022d26c18bb9f
[ERROR] Tests run: 2, Failures: 0, Errors: 1, Skipped: 0, Time elapsed: 11.54 s <<< FAILURE! -- in com.example.algorithm2.Algorithm2Test
[ERROR] com.example.algorithm2.Algorithm2Test.testParameterizedFuzzer(FuzzedDataProvider)[2] -- Time elapsed: 2.638 s <<< ERROR!
java.lang.ArrayIndexOutOfBoundsException: Index 602 out of bounds for length 32
	at com.fasterxml.jackson.core.json.ByteSourceJsonBootstrapper.detectEncoding(ByteSourceJsonBootstrapper.java:130)
	at com.fasterxml.jackson.core.json.ByteSourceJsonBootstrapper.constructParser(ByteSourceJsonBootstrapper.java:246)
	at com.fasterxml.jackson.core.JsonFactory._createParser(JsonFactory.java:1493)
	at com.fasterxml.jackson.core.JsonFactory.createParser(JsonFactory.java:999)
	at jdk.internal.reflect.GeneratedMethodAccessor76.invoke(Unknown Source)
	at java.base/jdk.internal.reflect.DelegatingMethodAccessorImpl.invoke(DelegatingMethodAccessorImpl.java:43)
	at java.base/java.lang.reflect.Method.invoke(Method.java:566)
	at com.example.algorithm2.Algorithm2Test.testParameterizedFuzzer(Algorithm2Test.java:226)

[INFO] 
[INFO] Results:
[INFO] 
[ERROR] Errors: 
[ERROR]   Algorithm2Test.testParameterizedFuzzer:226 » ArrayIndexOutOfBounds Index 602 out of bounds for length 32
[INFO] 
[ERROR] Tests run: 2, Failures: 0, Errors: 1, Skipped: 0
[INFO] 
[ERROR] 

Please refer to /tmp/bugrun/jacksoncore_26.vxIsXV/target/surefire-reports for the individual test results.
Please refer to dump files (if any exist) [date].dump, [date]-jvmRun[N].dump and [date].dumpstream.
[INFO] 
[INFO] --- jacoco:0.8.11:report (default-cli) @ AlgorithmName2 ---
[INFO] Loading execution data file /tmp/bugrun/jacksoncore_26.vxIsXV/target/jacoco.exec
[INFO] Analyzed bundle 'AlgorithmName2' with 104 classes
[INFO] ------------------------------------------------------------------------
[INFO] BUILD SUCCESS
[INFO] ------------------------------------------------------------------------
[INFO] Total time:  25.889 s
[INFO] Finished at: 2026-10-06T04:30:28+07:00
[INFO] ------------------------------------------------------------------------
