[INFO] Scanning for projects...
[INFO] 
[INFO] ---------------------< com.example:AlgorithmName2 >---------------------
[INFO] Building AlgorithmName2 1.0-SNAPSHOT
[INFO]   from pom.xml
[INFO] --------------------------------[ jar ]---------------------------------
[INFO] 
[INFO] --- jacoco:0.8.11:prepare-agent (default) @ AlgorithmName2 ---
[INFO] argLine set to -javaagent:/home/kanyaphak673380391-3/.m2/repository/org/jacoco/org.jacoco.agent/0.8.11/org.jacoco.agent-0.8.11-runtime.jar=destfile=/tmp/bugrun/compress_21.OrQ3cL/target/jacoco.exec
[INFO] 
[INFO] --- resources:3.4.0:resources (default-resources) @ AlgorithmName2 ---
[INFO] Copying 1 resource from src/main/resources to target/classes
[INFO] 
[INFO] --- compiler:3.15.0:compile (default-compile) @ AlgorithmName2 ---
[INFO] Recompiling the module because of changed source code.
[INFO] Compiling 1 source file with javac [debug target 1.8] to target/classes
[WARNING] bootstrap class path not set in conjunction with -source 8
[INFO] 
[INFO] --- dependency:3.6.0:unpack-dependencies (unpack-defects4j) @ AlgorithmName2 ---
[INFO] 
[INFO] --- resources:3.4.0:testResources (default-testResources) @ AlgorithmName2 ---
[INFO] skip non existing resourceDirectory /tmp/bugrun/compress_21.OrQ3cL/src/test/resources
[INFO] 
[INFO] --- compiler:3.15.0:testCompile (default-testCompile) @ AlgorithmName2 ---
[INFO] Recompiling the module because of changed dependency.
[INFO] Compiling 1 source file with javac [debug target 1.8] to target/test-classes
[WARNING] bootstrap class path not set in conjunction with -source 8
[INFO] 
[INFO] --- surefire:3.1.2:test (default-cli) @ AlgorithmName2 ---
[INFO] Using auto detected provider org.apache.maven.surefire.junitplatform.JUnitPlatformProvider
[INFO] 
[INFO] -------------------------------------------------------
[INFO]  T E S T S
[INFO] -------------------------------------------------------
[INFO] Running com.example.algorithm2.Algorithm2Test
OpenJDK 64-Bit Server VM warning: Sharing is only supported for boot loader classes because bootstrap classpath has been appended
INFO: Loaded 281 hooks from com.code_intelligence.jazzer.runtime.TraceCmpHooks
INFO: Loaded 5 hooks from com.code_intelligence.jazzer.runtime.TraceDivHooks
INFO: Loaded 2 hooks from com.code_intelligence.jazzer.runtime.TraceIndirHooks
INFO: Loaded 4 hooks from com.code_intelligence.jazzer.runtime.NativeLibHooks
INFO: Loaded 2 hooks from com.code_intelligence.jazzer.sanitizers.ClojureLangHooks
INFO: Loaded 5 hooks from com.code_intelligence.jazzer.sanitizers.Deserialization
INFO: Loaded 5 hooks from com.code_intelligence.jazzer.sanitizers.ExpressionLanguageInjection
INFO: Loaded 70 hooks from com.code_intelligence.jazzer.sanitizers.LdapInjection
INFO: Loaded 46 hooks from com.code_intelligence.jazzer.sanitizers.NamingContextLookup
INFO: Loaded 1 hooks from com.code_intelligence.jazzer.sanitizers.OsCommandInjection
INFO: Loaded 52 hooks from com.code_intelligence.jazzer.sanitizers.ReflectiveCall
INFO: Loaded 8 hooks from com.code_intelligence.jazzer.sanitizers.RegexInjection
INFO: Loaded 16 hooks from com.code_intelligence.jazzer.sanitizers.RegexRoadblocks
INFO: Loaded 18 hooks from com.code_intelligence.jazzer.sanitizers.ScriptEngineInjection
INFO: Loaded 2 hooks from com.code_intelligence.jazzer.sanitizers.ServerSideRequestForgery
INFO: Loaded 19 hooks from com.code_intelligence.jazzer.sanitizers.SqlInjection
INFO: Loaded 6 hooks from com.code_intelligence.jazzer.sanitizers.XPathInjection
INFO: Instrumented com.example.algorithm2.Algorithm2Test$Skip (took 225 ms, size +44%)
INFO: Instrumented com.example.algorithm2.Algorithm2Test (took 154 ms, size +27%)
INFO: Instrumented org.apache.commons.compress.archivers.ArchiveStreamFactory (took 70 ms, size +33%)
INFO: Instrumented org.apache.commons.compress.archivers.ArchiveInputStream (took 14 ms, size +32%)
INFO: New number of coverage counters: 1024
INFO: Instrumented org.apache.commons.compress.archivers.zip.ZipArchiveInputStream (took 102 ms, size +17%)
INFO: Instrumented org.apache.commons.compress.archivers.jar.JarArchiveInputStream (took 11 ms, size +26%)
INFO: New number of coverage counters: 2048
WARN: Some hooks could not be applied to class files built for Java 7 or lower.
                       Ensure that the fuzz target and its dependencies are compiled with
                       -target 8 or higher to identify as many bugs as possible.
INFO: Instrumented org.apache.commons.compress.archivers.ar.ArArchiveInputStream (took 42 ms, size +26%)
INFO: Instrumented org.apache.commons.compress.archivers.cpio.CpioArchiveInputStream (took 65 ms, size +27%)
INFO: Instrumented org.apache.commons.compress.archivers.cpio.CpioConstants (took 2 ms, size +0%)
INFO: Instrumented org.apache.commons.compress.archivers.arj.ArjArchiveInputStream (took 52 ms, size +17%)
INFO: Instrumented org.apache.commons.compress.archivers.dump.DumpArchiveInputStream (took 32 ms, size +24%)
INFO: Instrumented org.apache.commons.compress.archivers.tar.TarArchiveInputStream (took 64 ms, size +24%)
INFO: Instrumented org.apache.commons.compress.archivers.ArchiveException (took 7 ms, size +38%)
INFO: Instrumented org.apache.commons.compress.archivers.ArchiveOutputStream (took 8 ms, size +28%)
INFO: Instrumented org.apache.commons.compress.archivers.ar.ArArchiveOutputStream (took 24 ms, size +24%)
INFO: New number of coverage counters: 4096
INFO: Instrumented org.apache.commons.compress.archivers.zip.ZipArchiveOutputStream (took 89 ms, size +19%)
INFO: Instrumented org.apache.commons.compress.archivers.tar.TarArchiveOutputStream (took 63 ms, size +16%)
INFO: Instrumented org.apache.commons.compress.archivers.jar.JarArchiveOutputStream (took 7 ms, size +36%)
INFO: Instrumented org.apache.commons.compress.archivers.cpio.CpioArchiveOutputStream (took 31 ms, size +21%)
[harness] target=org.apache.commons.compress.archivers.ArchiveStreamFactory factories=1 methods=5
INFO: using inputs from: /tmp/bugrun/compress_21.OrQ3cL/.cifuzz-corpus/com.example.algorithm2.Algorithm2Test/testParameterizedFuzzer
INFO: using inputs from: /tmp/jazzer-java-seeds12790037995978647046
INFO: found LLVMFuzzerCustomMutator (0x74cd67d76cd0). Disabling -len_control by default.
INFO: Running with entropic power schedule (0xFF, 100).
INFO: Seed: 2243797627
INFO: Loaded 4 modules   (4096 inline 8-bit counters): 512 [0x74ceb0c198c0, 0x74ceb0c19ac0), 512 [0x74ceb0c19ac0, 0x74ceb0c19cc0), 1024 [0x74ceb0c19cc0, 0x74ceb0c1a0c0), 2048 [0x74ceb0c1a0c0, 0x74ceb0c1a8c0), 
INFO: Loaded 4 PC tables (4096 PCs): 512 [0x74ceb0b0dca0,0x74ceb0b0fca0), 512 [0x74ceb04b9090,0x74ceb04bb090), 1024 [0x74ceb068ba30,0x74ceb068fa30), 2048 [0x74ceb054f850,0x74ceb0557850), 
INFO:        0 files found in /tmp/bugrun/compress_21.OrQ3cL/.cifuzz-corpus/com.example.algorithm2.Algorithm2Test/testParameterizedFuzzer
INFO:        0 files found in /tmp/jazzer-java-seeds12790037995978647046
INFO: -max_len is not provided; libFuzzer will not generate inputs larger than 4096 bytes
INFO: A corpus is not provided, starting from an empty corpus
#2	INITED cov: 27 ft: 27 corp: 1/1b exec/s: 0 rss: 1127Mb
#3	NEW    cov: 47 ft: 49 corp: 2/2b lim: 4 exec/s: 0 rss: 1127Mb L: 1/1 MS: 2 ChangeByte-Custom-
INFO: Instrumented org.apache.commons.compress.utils.IOUtils (took 8 ms, size +33%)
INFO: Instrumented org.apache.commons.compress.archivers.zip.UnsupportedZipFeatureException (took 9 ms, size +17%)
INFO: Instrumented org.apache.commons.compress.archivers.ArchiveEntry (took 0 ms, size +0%)
INFO: Instrumented org.apache.commons.compress.archivers.zip.ZipArchiveInputStream$BoundedInputStream (took 14 ms, size +25%)
INFO: Instrumented org.apache.commons.compress.archivers.zip.UnshrinkingInputStream (took 16 ms, size +30%)
INFO: Instrumented org.apache.commons.compress.compressors.z.AbstractLZWInputStream (took 19 ms, size +22%)
INFO: Instrumented org.apache.commons.compress.compressors.CompressorInputStream (took 11 ms, size +39%)
INFO: Instrumented org.apache.commons.compress.archivers.zip.ExplodingInputStream (took 9 ms, size +28%)
#4	NEW    cov: 138 ft: 144 corp: 3/3b lim: 4 exec/s: 0 rss: 1162Mb L: 1/1 MS: 2 ChangeBit-Custom-
#5	NEW    cov: 143 ft: 151 corp: 4/4b lim: 4 exec/s: 0 rss: 1162Mb L: 1/1 MS: 2 CrossOver-Custom-
#6	NEW    cov: 144 ft: 152 corp: 5/5b lim: 4 exec/s: 0 rss: 1162Mb L: 1/1 MS: 2 ChangeByte-Custom-
#8	NEW    cov: 145 ft: 153 corp: 6/6b lim: 4 exec/s: 0 rss: 1162Mb L: 1/1 MS: 4 ShuffleBytes-Custom-ChangeBit-Custom-
#14	NEW    cov: 146 ft: 155 corp: 7/8b lim: 4 exec/s: 0 rss: 1162Mb L: 2/2 MS: 2 CrossOver-Custom-
INFO: Instrumented org.apache.commons.compress.archivers.zip.ZipLong (took 23 ms, size +20%)
INFO: Instrumented org.apache.commons.compress.archivers.zip.Zip64RequiredException (took 19 ms, size +27%)
INFO: Instrumented org.apache.commons.compress.archivers.zip.ZipExtraField (took 0 ms, size +0%)
INFO: Instrumented org.apache.commons.compress.utils.BoundedInputStream (took 5 ms, size +43%)
INFO: Instrumented org.apache.commons.compress.utils.CRC32VerifyingInputStream (took 4 ms, size +36%)
INFO: Instrumented org.apache.commons.compress.utils.ChecksumVerifyingInputStream (took 6 ms, size +34%)
INFO: Instrumented org.apache.commons.compress.archivers.dump.UnrecognizedFormatException (took 2 ms, size +43%)
INFO: Instrumented org.apache.commons.compress.archivers.dump.DumpArchiveException (took 7 ms, size +34%)
INFO: Instrumented org.apache.commons.compress.archivers.dump.InvalidFormatException (took 10 ms, size +30%)
#51	NEW    cov: 147 ft: 156 corp: 8/11b lim: 4 exec/s: 0 rss: 1162Mb L: 3/3 MS: 4 CrossOver-Custom-CrossOver-Custom-
#277	NEW    cov: 154 ft: 170 corp: 9/17b lim: 6 exec/s: 0 rss: 1165Mb L: 6/6 MS: 2 InsertRepeatedBytes-Custom-
#391	NEW    cov: 155 ft: 171 corp: 10/21b lim: 6 exec/s: 0 rss: 1171Mb L: 4/6 MS: 8 CopyPart-Custom-ChangeBinInt-Custom-ChangeBit-Custom-EraseBytes-Custom-
#607	NEW    cov: 158 ft: 174 corp: 11/28b lim: 8 exec/s: 0 rss: 1173Mb L: 7/7 MS: 2 InsertRepeatedBytes-Custom-
#925	NEW    cov: 159 ft: 175 corp: 12/37b lim: 11 exec/s: 0 rss: 1176Mb L: 9/9 MS: 6 ChangeBit-Custom-ShuffleBytes-Custom-InsertRepeatedBytes-Custom-
#1168	REDUCE cov: 159 ft: 175 corp: 12/36b lim: 11 exec/s: 0 rss: 1178Mb L: 5/9 MS: 6 InsertRepeatedBytes-Custom-ShuffleBytes-Custom-EraseBytes-Custom-
#1223	REDUCE cov: 159 ft: 175 corp: 12/35b lim: 11 exec/s: 0 rss: 1179Mb L: 3/9 MS: 10 EraseBytes-Custom-ChangeBinInt-Custom-CopyPart-Custom-ChangeBinInt-Custom-CrossOver-Custom-
#1567	NEW    cov: 160 ft: 177 corp: 13/48b lim: 14 exec/s: 0 rss: 1183Mb L: 13/13 MS: 8 CopyPart-Custom-CMP-Custom-ChangeBinInt-Custom-CMP-Custom- DE: "\001\000\000\000\000\000\000\000"-"\376\377\377\377"-
#2571	NEW    cov: 161 ft: 178 corp: 14/57b lim: 21 exec/s: 0 rss: 1192Mb L: 9/13 MS: 8 EraseBytes-Custom-ChangeBinInt-Custom-InsertByte-Custom-InsertRepeatedBytes-Custom-
#4237	NEW    cov: 166 ft: 185 corp: 15/90b lim: 33 exec/s: 0 rss: 1212Mb L: 33/33 MS: 2 InsertRepeatedBytes-Custom-
#4283	REDUCE cov: 167 ft: 186 corp: 16/123b lim: 33 exec/s: 0 rss: 1213Mb L: 33/33 MS: 2 InsertRepeatedBytes-Custom-
INFO: #4822	NEW    cov: 167 ft: 206 corp: 17/157b lim: 38 exec/s: 0 rss: 1218Mb L: 34/34 MS: 8 ChangeBit-Custom-ShuffleBytes-Custom-PersAutoDict-Custom-InsertRepeatedBytes-Custom- DE: "\001\000\000\000\000\000\000\000"-
Instrumented org.apache.commons.compress.archivers.dump.DumpArchiveUtil (took 6 ms, size +21%)
#4859	NEW    cov: 167 ft: 207 corp: 18/169b lim: 38 exec/s: 0 rss: 1218Mb L: 12/34 MS: 4 ChangeBinInt-Custom-CrossOver-Custom-
#4862	NEW    cov: 167 ft: 256 corp: 19/204b lim: 38 exec/s: 0 rss: 1218Mb L: 35/35 MS: 6 ShuffleBytes-Custom-InsertRepeatedBytes-Custom-InsertRepeatedBytes-Custom-
#4895	NEW    cov: 244 ft: 333 corp: 20/241b lim: 38 exec/s: 0 rss: 1232Mb L: 37/37 MS: 6 ShuffleBytes-Custom-CrossOver-Custom-CMP-Custom- DE: "zip"-
#4907	NEW    cov: 244 ft: 337 corp: 21/275b lim: 38 exec/s: 0 rss: 1232Mb L: 34/37 MS: 4 ChangeBit-Custom-InsertByte-Custom-
#4923	NEW    cov: 244 ft: 338 corp: 22/311b lim: 38 exec/s: 0 rss: 1232Mb L: 36/37 MS: 2 InsertByte-Custom-
#5044	NEW    cov: 244 ft: 341 corp: 23/329b lim: 38 exec/s: 0 rss: 1233Mb L: 18/37 MS: 2 CopyPart-Custom-
#5075	NEW    cov: 245 ft: 343 corp: 24/366b lim: 38 exec/s: 0 rss: 1234Mb L: 37/37 MS: 2 ChangeByte-Custom-
#5158	NEW    cov: 245 ft: 355 corp: 25/404b lim: 38 exec/s: 0 rss: 1235Mb L: 38/38 MS: 6 CopyPart-Custom-ChangeBinInt-Custom-CopyPart-Custom-
INFO: Instrumented org.apache.commons.compress.archivers.zip.ZipEncodingHelper (took 9 ms, size +20%)
INFO: Instrumented org.apache.commons.compress.archivers.zip.ZipEncoding (took 0 ms, size +0%)
INFO: Instrumented org.apache.commons.compress.archivers.zip.ZipEncodingHelper$SimpleEncodingHolder (took 7 ms, size +33%)
#5692	NEW    cov: 245 ft: 358 corp: 26/444b lim: 43 exec/s: 0 rss: 1242Mb L: 40/40 MS: 8 ShuffleBytes-Custom-EraseBytes-Custom-InsertRepeatedBytes-Custom-CrossOver-Custom-
INFO: #5749	NEW    cov: 245 ft: 359 corp: 27/487b lim: 43 exec/s: 0 rss: 1242Mb L: 43/43 MS: 4 InsertByte-Custom-CopyPart-Custom-
Instrumented org.apache.commons.compress.archivers.zip.FallbackZipEncoding (took 7 ms, size +28%)
#5776	REDUCE cov: 245 ft: 359 corp: 27/486b lim: 43 exec/s: 0 rss: 1243Mb L: 42/42 MS: 4 ChangeBinInt-Custom-EraseBytes-Custom-
INFO: Instrumented org.apache.commons.compress.utils.Charsets (took 4 ms, size +28%)
INFO: Instrumented org.apache.commons.compress.archivers.zip.ZipArchiveOutputStream$UnicodeExtraFieldPolicy (took 4 ms, size +33%)
INFO: Instrumented org.apache.commons.compress.archivers.zip.Zip64Mode (took 4 ms, size +29%)
#6464	REDUCE cov: 245 ft: 360 corp: 28/534b lim: 48 exec/s: 0 rss: 1251Mb L: 48/48 MS: 6 ChangeBinInt-Custom-ChangeBit-Custom-InsertRepeatedBytes-Custom-
#7069	NEW    cov: 245 ft: 374 corp: 29/571b lim: 53 exec/s: 0 rss: 1260Mb L: 37/48 MS: 10 InsertByte-Custom-CopyPart-Custom-ChangeBit-Custom-CopyPart-Custom-CrossOver-Custom-
#7093	NEW    cov: 245 ft: 396 corp: 30/618b lim: 53 exec/s: 0 rss: 1260Mb L: 47/48 MS: 8 ShuffleBytes-Custom-ChangeBit-Custom-ChangeByte-Custom-CopyPart-Custom-
#7102	NEW    cov: 245 ft: 397 corp: 31/658b lim: 53 exec/s: 0 rss: 1260Mb L: 40/48 MS: 8 CMP-Custom-ChangeBinInt-Custom-EraseBytes-Custom-CMP-Custom- DE: "IIII"-".\001![eeeo"-
#7292	REDUCE cov: 245 ft: 397 corp: 31/656b lim: 53 exec/s: 0 rss: 1267Mb L: 46/47 MS: 10 InsertRepeatedBytes-Custom-ChangeBinInt-Custom-CopyPart-Custom-EraseBytes-Custom-CrossOver-Custom-
#7336	NEW    cov: 245 ft: 398 corp: 32/682b lim: 53 exec/s: 0 rss: 1268Mb L: 26/47 MS: 8 ShuffleBytes-Custom-CopyPart-Custom-InsertByte-Custom-ChangeBit-Custom-
#7434	NEW    cov: 245 ft: 399 corp: 33/730b lim: 53 exec/s: 0 rss: 1269Mb L: 48/48 MS: 6 ChangeByte-Custom-InsertRepeatedBytes-Custom-CopyPart-Custom-
#7727	REDUCE cov: 245 ft: 399 corp: 33/728b lim: 53 exec/s: 0 rss: 1274Mb L: 35/48 MS: 6 InsertByte-Custom-ShuffleBytes-Custom-EraseBytes-Custom-
#7765	REDUCE cov: 245 ft: 399 corp: 33/727b lim: 53 exec/s: 7765 rss: 1274Mb L: 39/48 MS: 6 ChangeBinInt-Custom-PersAutoDict-Custom-EraseBytes-Custom- DE: "\001\000\000\000\000\000\000\000"-
#7971	REDUCE cov: 245 ft: 399 corp: 33/725b lim: 53 exec/s: 7971 rss: 1278Mb L: 33/48 MS: 2 EraseBytes-Custom-
#8237	REDUCE cov: 245 ft: 399 corp: 33/723b lim: 53 exec/s: 8237 rss: 1282Mb L: 31/48 MS: 2 EraseBytes-Custom-
#8941	NEW    cov: 245 ft: 400 corp: 34/780b lim: 58 exec/s: 8941 rss: 1286Mb L: 57/57 MS: 8 ShuffleBytes-Custom-CMP-Custom-CMP-Custom-CopyPart-Custom- DE: "ar"-"\377\001"-
#9017	NEW    cov: 246 ft: 401 corp: 35/788b lim: 58 exec/s: 9017 rss: 1286Mb L: 8/57 MS: 2 InsertByte-Custom-
#9053	REDUCE cov: 246 ft: 401 corp: 35/787b lim: 58 exec/s: 9053 rss: 1286Mb L: 56/56 MS: 2 EraseBytes-Custom-
#9125	REDUCE cov: 246 ft: 401 corp: 35/773b lim: 58 exec/s: 9125 rss: 1286Mb L: 17/56 MS: 4 InsertByte-Custom-EraseBytes-Custom-
#9301	REDUCE cov: 246 ft: 401 corp: 35/768b lim: 58 exec/s: 9301 rss: 1286Mb L: 42/56 MS: 2 EraseBytes-Custom-
#9464	REDUCE cov: 246 ft: 401 corp: 35/763b lim: 58 exec/s: 9464 rss: 1286Mb L: 43/56 MS: 6 ChangeBit-Custom-ChangeByte-Custom-EraseBytes-Custom-
#9741	REDUCE cov: 246 ft: 401 corp: 35/760b lim: 58 exec/s: 9741 rss: 1287Mb L: 53/53 MS: 4 ShuffleBytes-Custom-EraseBytes-Custom-
#10011	NEW    cov: 247 ft: 402 corp: 36/770b lim: 58 exec/s: 10011 rss: 1287Mb L: 10/53 MS: 10 ChangeBit-Custom-InsertByte-Custom-ShuffleBytes-Custom-ChangeBinInt-Custom-CMP-Custom- DE: "\000\000\000\000\000\000\000\000"-
#10172	REDUCE cov: 247 ft: 402 corp: 36/764b lim: 58 exec/s: 10172 rss: 1287Mb L: 20/53 MS: 2 EraseBytes-Custom-
#10280	REDUCE cov: 247 ft: 404 corp: 37/817b lim: 58 exec/s: 10280 rss: 1287Mb L: 53/53 MS: 6 ChangeBinInt-Custom-ChangeBit-Custom-ShuffleBytes-Custom-
#10291	NEW    cov: 248 ft: 405 corp: 38/837b lim: 58 exec/s: 10291 rss: 1287Mb L: 20/53 MS: 2 CopyPart-Custom-
#10405	NEW    cov: 249 ft: 406 corp: 39/888b lim: 58 exec/s: 10405 rss: 1287Mb L: 51/53 MS: 8 InsertByte-Custom-ChangeByte-Custom-InsertByte-Custom-InsertRepeatedBytes-Custom-
#10599	REDUCE cov: 249 ft: 406 corp: 39/887b lim: 58 exec/s: 10599 rss: 1287Mb L: 7/53 MS: 8 ChangeBit-Custom-ChangeByte-Custom-InsertByte-Custom-EraseBytes-Custom-
#10612	REDUCE cov: 249 ft: 406 corp: 39/884b lim: 58 exec/s: 10612 rss: 1287Mb L: 48/53 MS: 6 PersAutoDict-Custom-PersAutoDict-Custom-EraseBytes-Custom- DE: "IIII"-"\377\001"-
#10613	REDUCE cov: 249 ft: 406 corp: 39/878b lim: 58 exec/s: 10613 rss: 1287Mb L: 14/53 MS: 2 EraseBytes-Custom-
#10719	REDUCE cov: 249 ft: 406 corp: 39/876b lim: 58 exec/s: 10719 rss: 1287Mb L: 8/53 MS: 2 EraseBytes-Custom-
#10736	REDUCE cov: 249 ft: 406 corp: 39/873b lim: 58 exec/s: 10736 rss: 1287Mb L: 11/53 MS: 4 PersAutoDict-Custom-EraseBytes-Custom- DE: "ar"-
#11262	REDUCE cov: 249 ft: 406 corp: 39/867b lim: 63 exec/s: 11262 rss: 1288Mb L: 47/53 MS: 2 EraseBytes-Custom-
#11586	REDUCE cov: 249 ft: 406 corp: 39/866b lim: 63 exec/s: 11586 rss: 1289Mb L: 11/53 MS: 8 ChangeByte-Custom-ShuffleBytes-Custom-InsertByte-Custom-EraseBytes-Custom-
#11665	REDUCE cov: 269 ft: 427 corp: 40/910b lim: 63 exec/s: 11665 rss: 1291Mb L: 44/53 MS: 8 ChangeByte-Custom-CrossOver-Custom-ChangeByte-Custom-CMP-Custom- DE: "cpio"-
#12236	NEW    cov: 270 ft: 429 corp: 41/954b lim: 68 exec/s: 12236 rss: 1292Mb L: 44/53 MS: 2 ChangeByte-Custom-
#12260	REDUCE cov: 270 ft: 429 corp: 41/949b lim: 68 exec/s: 12260 rss: 1292Mb L: 29/53 MS: 8 CMP-Custom-ChangeBit-Custom-EraseBytes-Custom-CrossOver-Custom- DE: "\377\377\377\377\377\377\377\377"-
#12348	NEW    cov: 270 ft: 482 corp: 42/1016b lim: 68 exec/s: 12348 rss: 1292Mb L: 67/67 MS: 6 InsertByte-Custom-CrossOver-Custom-CopyPart-Custom-
#12380	REDUCE cov: 270 ft: 482 corp: 42/1009b lim: 68 exec/s: 12380 rss: 1293Mb L: 35/67 MS: 4 ChangeBinInt-Custom-EraseBytes-Custom-
#12431	REDUCE cov: 270 ft: 482 corp: 42/1004b lim: 68 exec/s: 12431 rss: 1293Mb L: 30/67 MS: 2 EraseBytes-Custom-
#12707	NEW    cov: 270 ft: 483 corp: 43/1072b lim: 68 exec/s: 12707 rss: 1293Mb L: 68/68 MS: 2 CopyPart-Custom-
INFO: Instrumented org.apache.commons.compress.archivers.zip.NioZipEncoding (took 5 ms, size +24%)
#12888	REDUCE cov: 270 ft: 483 corp: 43/1071b lim: 68 exec/s: 12888 rss: 1294Mb L: 43/68 MS: 2 EraseBytes-Custom-
#13319	NEW    cov: 270 ft: 503 corp: 44/1124b lim: 68 exec/s: 13319 rss: 1298Mb L: 53/68 MS: 2 CopyPart-Custom-
#13595	REDUCE cov: 270 ft: 503 corp: 44/1113b lim: 68 exec/s: 13595 rss: 1299Mb L: 18/68 MS: 2 EraseBytes-Custom-
#13642	REDUCE cov: 270 ft: 503 corp: 44/1110b lim: 68 exec/s: 13642 rss: 1299Mb L: 15/68 MS: 4 InsertByte-Custom-EraseBytes-Custom-
#14055	REDUCE cov: 270 ft: 503 corp: 44/1103b lim: 68 exec/s: 14055 rss: 1299Mb L: 36/68 MS: 6 ChangeBit-Custom-InsertByte-Custom-EraseBytes-Custom-
#14216	REDUCE cov: 270 ft: 503 corp: 44/1100b lim: 68 exec/s: 14216 rss: 1299Mb L: 14/68 MS: 2 EraseBytes-Custom-
#14442	NEW    cov: 280 ft: 513 corp: 45/1105b lim: 68 exec/s: 14442 rss: 1299Mb L: 5/68 MS: 2 PersAutoDict-Custom- DE: "cpio"-
#14514	REDUCE cov: 280 ft: 513 corp: 45/1099b lim: 68 exec/s: 14514 rss: 1299Mb L: 41/68 MS: 4 CopyPart-Custom-EraseBytes-Custom-
#14720	NEW    cov: 281 ft: 514 corp: 46/1104b lim: 68 exec/s: 14720 rss: 1300Mb L: 5/68 MS: 2 ShuffleBytes-Custom-
#14964	REDUCE cov: 281 ft: 514 corp: 46/1103b lim: 68 exec/s: 14964 rss: 1300Mb L: 10/68 MS: 8 InsertByte-Custom-PersAutoDict-Custom-EraseBytes-Custom-EraseBytes-Custom- DE: "\377\001"-
#15575	REDUCE cov: 281 ft: 514 corp: 46/1102b lim: 74 exec/s: 15575 rss: 1300Mb L: 35/68 MS: 2 EraseBytes-Custom-
#15643	REDUCE cov: 281 ft: 514 corp: 46/1099b lim: 74 exec/s: 15643 rss: 1300Mb L: 32/68 MS: 6 InsertRepeatedBytes-Custom-CrossOver-Custom-EraseBytes-Custom-
#15794	NEW    cov: 281 ft: 515 corp: 47/1168b lim: 74 exec/s: 15794 rss: 1300Mb L: 69/69 MS: 2 InsertByte-Custom-
#15846	NEW    cov: 281 ft: 518 corp: 48/1242b lim: 74 exec/s: 15846 rss: 1300Mb L: 74/74 MS: 4 ChangeByte-Custom-InsertRepeatedBytes-Custom-
#16460	NEW    cov: 281 ft: 519 corp: 49/1317b lim: 80 exec/s: 16460 rss: 1300Mb L: 75/75 MS: 8 ChangeBit-Custom-ChangeByte-Custom-CrossOver-Custom-CopyPart-Custom-
#17179	REDUCE cov: 281 ft: 519 corp: 49/1313b lim: 86 exec/s: 17179 rss: 1300Mb L: 7/75 MS: 8 InsertByte-Custom-InsertByte-Custom-ChangeByte-Custom-EraseBytes-Custom-
#17228	REDUCE cov: 281 ft: 519 corp: 49/1308b lim: 86 exec/s: 17228 rss: 1300Mb L: 48/75 MS: 8 ShuffleBytes-Custom-ChangeBit-Custom-ChangeBit-Custom-EraseBytes-Custom-
#17434	REDUCE cov: 281 ft: 519 corp: 49/1305b lim: 86 exec/s: 17434 rss: 1300Mb L: 29/75 MS: 2 EraseBytes-Custom-
#17895	REDUCE cov: 281 ft: 520 corp: 50/1381b lim: 86 exec/s: 17895 rss: 1300Mb L: 76/76 MS: 2 InsertRepeatedBytes-Custom-
#17954	NEW    cov: 285 ft: 524 corp: 51/1384b lim: 86 exec/s: 17954 rss: 1300Mb L: 3/76 MS: 8 EraseBytes-Custom-ChangeByte-Custom-ChangeBinInt-Custom-PersAutoDict-Custom- DE: "ar"-
#17971	REDUCE cov: 285 ft: 524 corp: 51/1375b lim: 86 exec/s: 17971 rss: 1300Mb L: 39/76 MS: 4 InsertByte-Custom-EraseBytes-Custom-
#18232	REDUCE cov: 285 ft: 524 corp: 51/1370b lim: 86 exec/s: 18232 rss: 1300Mb L: 24/76 MS: 2 EraseBytes-Custom-
#19095	REDUCE cov: 285 ft: 524 corp: 51/1368b lim: 92 exec/s: 19095 rss: 1301Mb L: 16/76 MS: 6 ChangeBit-Custom-ShuffleBytes-Custom-EraseBytes-Custom-
#19396	NEW    cov: 291 ft: 530 corp: 52/1371b lim: 92 exec/s: 19396 rss: 1301Mb L: 3/76 MS: 2 ChangeBinInt-Custom-
#19717	NEW    cov: 292 ft: 531 corp: 53/1374b lim: 92 exec/s: 19717 rss: 1301Mb L: 3/76 MS: 2 CopyPart-Custom-
#20561	NEW    cov: 298 ft: 537 corp: 54/1412b lim: 98 exec/s: 20561 rss: 1301Mb L: 38/76 MS: 8 InsertRepeatedBytes-Custom-ChangeBit-Custom-ChangeBinInt-Custom-CMP-Custom- DE: "jar"-
#20925	REDUCE cov: 298 ft: 537 corp: 54/1410b lim: 98 exec/s: 20925 rss: 1301Mb L: 12/76 MS: 8 ChangeBit-Custom-ChangeByte-Custom-ChangeByte-Custom-EraseBytes-Custom-
#21036	REDUCE cov: 301 ft: 548 corp: 55/1418b lim: 98 exec/s: 21036 rss: 1301Mb L: 8/76 MS: 2 ChangeByte-Custom-
#21112	NEW    cov: 302 ft: 549 corp: 56/1456b lim: 98 exec/s: 21112 rss: 1301Mb L: 38/76 MS: 2 ChangeByte-Custom-
#21304	NEW    cov: 302 ft: 550 corp: 57/1471b lim: 98 exec/s: 21304 rss: 1301Mb L: 15/76 MS: 4 ChangeBit-Custom-CopyPart-Custom-
#21472	NEW    cov: 302 ft: 552 corp: 58/1540b lim: 98 exec/s: 21472 rss: 1301Mb L: 69/76 MS: 6 EraseBytes-Custom-ChangeBinInt-Custom-InsertRepeatedBytes-Custom-
#21481	REDUCE cov: 302 ft: 552 corp: 58/1530b lim: 98 exec/s: 21481 rss: 1301Mb L: 31/76 MS: 8 ChangeByte-Custom-PersAutoDict-Custom-ChangeBit-Custom-EraseBytes-Custom- DE: ".\001![eeeo"-
#22038	REDUCE cov: 302 ft: 552 corp: 58/1525b lim: 98 exec/s: 22038 rss: 1302Mb L: 64/76 MS: 4 ShuffleBytes-Custom-EraseBytes-Custom-
#22234	REDUCE cov: 302 ft: 552 corp: 58/1524b lim: 98 exec/s: 22234 rss: 1302Mb L: 23/76 MS: 2 EraseBytes-Custom-
#22340	REDUCE cov: 302 ft: 552 corp: 58/1523b lim: 98 exec/s: 22340 rss: 1302Mb L: 11/76 MS: 2 EraseBytes-Custom-
#22516	REDUCE cov: 302 ft: 552 corp: 58/1522b lim: 98 exec/s: 22516 rss: 1302Mb L: 7/76 MS: 2 EraseBytes-Custom-
#22523	REDUCE cov: 302 ft: 552 corp: 58/1495b lim: 98 exec/s: 22523 rss: 1302Mb L: 37/76 MS: 4 InsertByte-Custom-EraseBytes-Custom-
#23054	REDUCE cov: 302 ft: 552 corp: 58/1490b lim: 98 exec/s: 23054 rss: 1302Mb L: 10/76 MS: 2 EraseBytes-Custom-
#23145	REDUCE cov: 302 ft: 552 corp: 58/1484b lim: 98 exec/s: 23145 rss: 1302Mb L: 14/76 MS: 2 EraseBytes-Custom-
#23814	NEW    cov: 302 ft: 600 corp: 59/1586b lim: 104 exec/s: 23814 rss: 1303Mb L: 102/102 MS: 8 InsertRepeatedBytes-Custom-InsertRepeatedBytes-Custom-ChangeByte-Custom-CopyPart-Custom-
#24146	NEW    cov: 302 ft: 609 corp: 60/1690b lim: 104 exec/s: 24146 rss: 1303Mb L: 104/104 MS: 4 CMP-Custom-CrossOver-Custom- DE: "\001\000\000\000\000\000\000\000"-
#24297	REDUCE cov: 302 ft: 609 corp: 60/1687b lim: 104 exec/s: 24297 rss: 1303Mb L: 36/104 MS: 2 EraseBytes-Custom-
#24478	REDUCE cov: 303 ft: 610 corp: 61/1694b lim: 104 exec/s: 24478 rss: 1303Mb L: 7/104 MS: 2 ShuffleBytes-Custom-
#25132	NEW    cov: 303 ft: 613 corp: 62/1802b lim: 110 exec/s: 25132 rss: 1304Mb L: 108/108 MS: 8 InsertRepeatedBytes-Custom-CrossOver-Custom-CrossOver-Custom-InsertRepeatedBytes-Custom-
#25190	NEW    cov: 303 ft: 614 corp: 63/1909b lim: 110 exec/s: 25190 rss: 1304Mb L: 107/108 MS: 6 ChangeByte-Custom-InsertRepeatedBytes-Custom-InsertRepeatedBytes-Custom-
#25262	REDUCE cov: 303 ft: 614 corp: 63/1907b lim: 110 exec/s: 25262 rss: 1304Mb L: 13/108 MS: 4 ChangeBinInt-Custom-EraseBytes-Custom-
#25326	REDUCE cov: 303 ft: 615 corp: 64/1985b lim: 110 exec/s: 25326 rss: 1304Mb L: 78/108 MS: 8 PersAutoDict-Custom-InsertByte-Custom-ChangeBinInt-Custom-CopyPart-Custom- DE: "ar"-
#25822	REDUCE cov: 303 ft: 615 corp: 64/1984b lim: 110 exec/s: 25822 rss: 1304Mb L: 36/108 MS: 2 EraseBytes-Custom-
#26036	REDUCE cov: 303 ft: 615 corp: 64/1983b lim: 110 exec/s: 26036 rss: 1304Mb L: 106/108 MS: 8 ShuffleBytes-Custom-CrossOver-Custom-ShuffleBytes-Custom-EraseBytes-Custom-
#26423	REDUCE cov: 303 ft: 616 corp: 65/2026b lim: 110 exec/s: 26423 rss: 1304Mb L: 43/108 MS: 4 InsertByte-Custom-CopyPart-Custom-
#27849	REDUCE cov: 303 ft: 616 corp: 65/2025b lim: 122 exec/s: 13924 rss: 1304Mb L: 35/108 MS: 2 EraseBytes-Custom-
#29293	NEW    cov: 303 ft: 622 corp: 66/2159b lim: 135 exec/s: 14646 rss: 1305Mb L: 134/134 MS: 8 PersAutoDict-Custom-ChangeBinInt-Custom-InsertRepeatedBytes-Custom-InsertRepeatedBytes-Custom- DE: "IIII"-
#30403	REDUCE cov: 303 ft: 622 corp: 66/2158b lim: 142 exec/s: 15201 rss: 1306Mb L: 35/134 MS: 10 PersAutoDict-Custom-ChangeBinInt-Custom-EraseBytes-Custom-ChangeBit-Custom-CMP-Custom- DE: "\377\001"-"cpio"-
#30724	REDUCE cov: 303 ft: 622 corp: 66/2156b lim: 142 exec/s: 15362 rss: 1306Mb L: 29/134 MS: 2 EraseBytes-Custom-
#31480	NEW    cov: 319 ft: 640 corp: 67/2160b lim: 149 exec/s: 15740 rss: 1307Mb L: 4/134 MS: 2 PersAutoDict-Custom- DE: "jar"-
#31779	NEW    cov: 319 ft: 641 corp: 68/2305b lim: 149 exec/s: 15889 rss: 1307Mb L: 145/145 MS: 8 ChangeByte-Custom-ChangeByte-Custom-ChangeBit-Custom-InsertRepeatedBytes-Custom-
#32249	REDUCE cov: 319 ft: 641 corp: 68/2300b lim: 149 exec/s: 16124 rss: 1308Mb L: 140/140 MS: 10 ChangeBinInt-Custom-EraseBytes-Custom-ChangeBinInt-Custom-ChangeBit-Custom-CopyPart-Custom-
#32768	pulse  cov: 319 ft: 641 corp: 68/2300b lim: 149 exec/s: 16384 rss: 1308Mb
#32770	REDUCE cov: 319 ft: 641 corp: 68/2296b lim: 149 exec/s: 16385 rss: 1308Mb L: 31/140 MS: 2 EraseBytes-Custom-
#33871	REDUCE cov: 319 ft: 641 corp: 68/2293b lim: 156 exec/s: 16935 rss: 1309Mb L: 40/140 MS: 2 EraseBytes-Custom-
#34024	NEW    cov: 320 ft: 642 corp: 69/2297b lim: 156 exec/s: 17012 rss: 1309Mb L: 4/140 MS: 6 CrossOver-Custom-CopyPart-Custom-CMP-Custom- DE: "zip"-
#34300	REDUCE cov: 320 ft: 642 corp: 69/2292b lim: 156 exec/s: 17150 rss: 1309Mb L: 35/140 MS: 2 EraseBytes-Custom-
#34794	REDUCE cov: 320 ft: 642 corp: 69/2290b lim: 156 exec/s: 17397 rss: 1309Mb L: 132/140 MS: 8 ShuffleBytes-Custom-CrossOver-Custom-ChangeBit-Custom-EraseBytes-Custom-
#34911	REDUCE cov: 320 ft: 642 corp: 69/2279b lim: 156 exec/s: 17455 rss: 1309Mb L: 129/132 MS: 4 CMP-Custom-EraseBytes-Custom- DE: "\001\000\000\000\000\000\000\000"-
#35357	REDUCE cov: 320 ft: 642 corp: 69/2277b lim: 156 exec/s: 17678 rss: 1310Mb L: 8/132 MS: 2 EraseBytes-Custom-
#35604	REDUCE cov: 320 ft: 642 corp: 69/2275b lim: 156 exec/s: 17802 rss: 1310Mb L: 127/132 MS: 4 ChangeBinInt-Custom-CMP-Custom- DE: "tar"-
#37196	NEW    cov: 331 ft: 653 corp: 70/2279b lim: 170 exec/s: 18598 rss: 1311Mb L: 4/132 MS: 4 ShuffleBytes-Custom-PersAutoDict-Custom- DE: "tar"-
#37958	REDUCE cov: 331 ft: 661 corp: 71/2451b lim: 177 exec/s: 18979 rss: 1312Mb L: 172/172 MS: 4 CrossOver-Custom-InsertRepeatedBytes-Custom-
#38704	REDUCE cov: 331 ft: 661 corp: 71/2450b lim: 184 exec/s: 19352 rss: 1312Mb L: 7/172 MS: 2 EraseBytes-Custom-
#38761	REDUCE cov: 331 ft: 661 corp: 71/2447b lim: 184 exec/s: 19380 rss: 1312Mb L: 28/172 MS: 4 PersAutoDict-Custom-EraseBytes-Custom- DE: "\377\001"-
#38807	REDUCE cov: 331 ft: 661 corp: 71/2440b lim: 184 exec/s: 19403 rss: 1312Mb L: 23/172 MS: 2 EraseBytes-Custom-
#38884	REDUCE cov: 331 ft: 661 corp: 71/2438b lim: 184 exec/s: 19442 rss: 1312Mb L: 170/170 MS: 4 CMP-Custom-PersAutoDict-Custom- DE: "cpio"-"tar"-
#39453	REDUCE cov: 331 ft: 662 corp: 72/2622b lim: 184 exec/s: 19726 rss: 1312Mb L: 184/184 MS: 8 InsertByte-Custom-ChangeBinInt-Custom-ChangeBinInt-Custom-InsertRepeatedBytes-Custom-
#39637	NEW    cov: 331 ft: 663 corp: 73/2806b lim: 184 exec/s: 19818 rss: 1313Mb L: 184/184 MS: 8 CopyPart-Custom-PersAutoDict-Custom-CrossOver-Custom-CopyPart-Custom- DE: "jar"-
#40391	REDUCE cov: 331 ft: 663 corp: 73/2790b lim: 191 exec/s: 20195 rss: 1313Mb L: 168/184 MS: 8 ChangeBit-Custom-ChangeBinInt-Custom-ChangeByte-Custom-EraseBytes-Custom-
#41447	REDUCE cov: 331 ft: 663 corp: 73/2772b lim: 198 exec/s: 20723 rss: 1313Mb L: 150/184 MS: 2 EraseBytes-Custom-
#41508	REDUCE cov: 331 ft: 663 corp: 73/2770b lim: 198 exec/s: 20754 rss: 1313Mb L: 148/184 MS: 2 PersAutoDict-Custom- DE: "tar"-
#41733	REDUCE cov: 331 ft: 663 corp: 73/2769b lim: 198 exec/s: 20866 rss: 1313Mb L: 169/184 MS: 10 EraseBytes-Custom-ChangeByte-Custom-InsertByte-Custom-ShuffleBytes-Custom-CrossOver-Custom-
#42333	NEW    cov: 331 ft: 665 corp: 74/2941b lim: 198 exec/s: 21166 rss: 1313Mb L: 172/184 MS: 10 CrossOver-Custom-ShuffleBytes-Custom-ShuffleBytes-Custom-EraseBytes-Custom-InsertRepeatedBytes-Custom-
#42473	REDUCE cov: 331 ft: 665 corp: 74/2927b lim: 198 exec/s: 21236 rss: 1313Mb L: 134/184 MS: 10 ChangeBit-Custom-ChangeBit-Custom-ChangeBit-Custom-ShuffleBytes-Custom-EraseBytes-Custom-
#42904	REDUCE cov: 331 ft: 665 corp: 74/2923b lim: 198 exec/s: 21452 rss: 1313Mb L: 49/184 MS: 2 EraseBytes-Custom-
#43061	REDUCE cov: 331 ft: 665 corp: 74/2882b lim: 198 exec/s: 21530 rss: 1313Mb L: 131/184 MS: 4 CMP-Custom-EraseBytes-Custom- DE: "\007\000\000\000"-
#43828	REDUCE cov: 331 ft: 666 corp: 75/2949b lim: 205 exec/s: 21914 rss: 1313Mb L: 67/184 MS: 4 ShuffleBytes-Custom-EraseBytes-Custom-
#44078	NEW    cov: 331 ft: 667 corp: 76/3138b lim: 205 exec/s: 22039 rss: 1313Mb L: 189/189 MS: 10 CrossOver-Custom-CrossOver-Custom-CopyPart-Custom-InsertByte-Custom-CopyPart-Custom-
#44159	REDUCE cov: 331 ft: 667 corp: 76/3120b lim: 205 exec/s: 22079 rss: 1313Mb L: 49/189 MS: 2 EraseBytes-Custom-
#44205	NEW    cov: 331 ft: 668 corp: 77/3310b lim: 205 exec/s: 22102 rss: 1313Mb L: 190/190 MS: 2 InsertByte-Custom-
#44264	NEW    cov: 331 ft: 669 corp: 78/3515b lim: 205 exec/s: 22132 rss: 1313Mb L: 205/205 MS: 8 CopyPart-Custom-CrossOver-Custom-PersAutoDict-Custom-CopyPart-Custom- DE: "ar"-
#44271	REDUCE cov: 331 ft: 669 corp: 78/3504b lim: 205 exec/s: 22135 rss: 1313Mb L: 173/205 MS: 4 InsertByte-Custom-EraseBytes-Custom-
#44432	REDUCE cov: 331 ft: 669 corp: 78/3453b lim: 205 exec/s: 22216 rss: 1313Mb L: 80/205 MS: 2 EraseBytes-Custom-
#44818	NEW    cov: 331 ft: 671 corp: 79/3650b lim: 205 exec/s: 22409 rss: 1313Mb L: 197/205 MS: 2 CMP-Custom- DE: "\000\000\000\000\000\000\000\000"-
#45186	REDUCE cov: 331 ft: 671 corp: 79/3643b lim: 205 exec/s: 22593 rss: 1313Mb L: 73/205 MS: 6 CopyPart-Custom-PersAutoDict-Custom-EraseBytes-Custom- DE: "\007\000\000\000"-
#45235	REDUCE cov: 331 ft: 671 corp: 79/3641b lim: 205 exec/s: 22617 rss: 1313Mb L: 21/205 MS: 8 ChangeBinInt-Custom-ChangeByte-Custom-ShuffleBytes-Custom-EraseBytes-Custom-
#45412	REDUCE cov: 331 ft: 671 corp: 79/3624b lim: 205 exec/s: 22706 rss: 1313Mb L: 188/197 MS: 4 CopyPart-Custom-EraseBytes-Custom-
#45601	REDUCE cov: 331 ft: 671 corp: 79/3620b lim: 205 exec/s: 22800 rss: 1313Mb L: 45/197 MS: 8 ChangeBinInt-Custom-ChangeBinInt-Custom-ChangeByte-Custom-EraseBytes-Custom-
#46243	REDUCE cov: 331 ft: 671 corp: 79/3592b lim: 205 exec/s: 23121 rss: 1313Mb L: 169/190 MS: 4 CrossOver-Custom-EraseBytes-Custom-
#47064	REDUCE cov: 331 ft: 671 corp: 79/3590b lim: 212 exec/s: 23532 rss: 1313Mb L: 46/190 MS: 2 EraseBytes-Custom-
#47530	REDUCE cov: 331 ft: 671 corp: 79/3589b lim: 212 exec/s: 23765 rss: 1313Mb L: 28/190 MS: 2 EraseBytes-Custom-
#47916	REDUCE cov: 331 ft: 671 corp: 79/3584b lim: 212 exec/s: 23958 rss: 1313Mb L: 18/190 MS: 2 EraseBytes-Custom-
#47938	REDUCE cov: 331 ft: 671 corp: 79/3575b lim: 212 exec/s: 23969 rss: 1313Mb L: 180/190 MS: 4 InsertByte-Custom-CrossOver-Custom-
#48399	REDUCE cov: 331 ft: 671 corp: 79/3573b lim: 212 exec/s: 24199 rss: 1313Mb L: 26/190 MS: 2 EraseBytes-Custom-
#48855	REDUCE cov: 331 ft: 671 corp: 79/3555b lim: 212 exec/s: 24427 rss: 1313Mb L: 170/190 MS: 2 EraseBytes-Custom-
#50486	REDUCE cov: 331 ft: 671 corp: 79/3530b lim: 226 exec/s: 25243 rss: 1315Mb L: 145/190 MS: 2 EraseBytes-Custom-
#51613	REDUCE cov: 331 ft: 671 corp: 79/3514b lim: 233 exec/s: 25806 rss: 1315Mb L: 174/180 MS: 4 CopyPart-Custom-EraseBytes-Custom-
#52626	REDUCE cov: 331 ft: 671 corp: 79/3513b lim: 240 exec/s: 26313 rss: 1315Mb L: 13/180 MS: 6 ChangeByte-Custom-ShuffleBytes-Custom-EraseBytes-Custom-
#52630	REDUCE cov: 331 ft: 671 corp: 79/3512b lim: 240 exec/s: 26315 rss: 1315Mb L: 179/179 MS: 8 ChangeBit-Custom-CMP-Custom-InsertByte-Custom-EraseBytes-Custom- DE: "\006\000"-
#53122	REDUCE cov: 331 ft: 671 corp: 79/3510b lim: 240 exec/s: 26561 rss: 1315Mb L: 11/179 MS: 4 CrossOver-Custom-EraseBytes-Custom-
#53795	REDUCE cov: 331 ft: 671 corp: 79/3508b lim: 240 exec/s: 26897 rss: 1315Mb L: 47/179 MS: 6 ChangeBinInt-Custom-CrossOver-Custom-EraseBytes-Custom-
#54401	REDUCE cov: 331 ft: 671 corp: 79/3504b lim: 240 exec/s: 27200 rss: 1316Mb L: 141/179 MS: 2 PersAutoDict-Custom- DE: "cpio"-
#55556	NEW    cov: 331 ft: 712 corp: 80/3739b lim: 247 exec/s: 18518 rss: 1316Mb L: 235/235 MS: 10 InsertRepeatedBytes-Custom-ChangeBit-Custom-CrossOver-Custom-EraseBytes-Custom-InsertRepeatedBytes-Custom-
#55673	NEW    cov: 331 ft: 725 corp: 81/3977b lim: 247 exec/s: 18557 rss: 1316Mb L: 238/238 MS: 4 ChangeBit-Custom-CMP-Custom- DE: "\023\000e"-
#55765	NEW    cov: 331 ft: 726 corp: 82/4223b lim: 247 exec/s: 18588 rss: 1316Mb L: 246/246 MS: 4 CrossOver-Custom-CrossOver-Custom-
#56029	REDUCE cov: 331 ft: 726 corp: 82/4208b lim: 247 exec/s: 18676 rss: 1316Mb L: 119/246 MS: 8 ChangeBinInt-Custom-ShuffleBytes-Custom-InsertByte-Custom-EraseBytes-Custom-
#57223	REDUCE cov: 331 ft: 726 corp: 82/4206b lim: 254 exec/s: 19074 rss: 1317Mb L: 76/246 MS: 8 EraseBytes-Custom-InsertByte-Custom-InsertByte-Custom-InsertByte-Custom-
#57450	REDUCE cov: 331 ft: 726 corp: 82/4205b lim: 254 exec/s: 19150 rss: 1317Mb L: 140/246 MS: 4 CrossOver-Custom-EraseBytes-Custom-
#57796	REDUCE cov: 331 ft: 726 corp: 82/4198b lim: 254 exec/s: 19265 rss: 1317Mb L: 166/246 MS: 2 EraseBytes-Custom-
#58290	REDUCE cov: 331 ft: 726 corp: 82/4197b lim: 254 exec/s: 19430 rss: 1317Mb L: 37/246 MS: 8 InsertByte-Custom-InsertRepeatedBytes-Custom-EraseBytes-Custom-ChangeBinInt-Custom-
#59183	REDUCE cov: 331 ft: 726 corp: 82/4195b lim: 261 exec/s: 19727 rss: 1318Mb L: 177/246 MS: 6 CopyPart-Custom-ChangeByte-Custom-PersAutoDict-Custom- DE: "tar"-
#60145	NEW    cov: 331 ft: 732 corp: 83/4459b lim: 269 exec/s: 20048 rss: 1319Mb L: 264/264 MS: 4 CopyPart-Custom-InsertRepeatedBytes-Custom-
#60781	REDUCE cov: 331 ft: 732 corp: 83/4428b lim: 269 exec/s: 20260 rss: 1319Mb L: 146/264 MS: 2 EraseBytes-Custom-
#60984	REDUCE cov: 331 ft: 732 corp: 83/4427b lim: 269 exec/s: 20328 rss: 1319Mb L: 73/264 MS: 6 EraseBytes-Custom-CMP-Custom-CrossOver-Custom- DE: "q\000"-
#61750	REDUCE cov: 331 ft: 732 corp: 83/4419b lim: 269 exec/s: 20583 rss: 1320Mb L: 158/264 MS: 2 EraseBytes-Custom-
#61996	REDUCE cov: 331 ft: 732 corp: 83/4418b lim: 269 exec/s: 20665 rss: 1320Mb L: 34/264 MS: 2 EraseBytes-Custom-
#62746	REDUCE cov: 331 ft: 732 corp: 83/4417b lim: 269 exec/s: 20915 rss: 1320Mb L: 234/264 MS: 10 ShuffleBytes-Custom-CopyPart-Custom-InsertRepeatedBytes-Custom-InsertRepeatedBytes-Custom-EraseBytes-Custom-
#62893	REDUCE cov: 331 ft: 732 corp: 83/4416b lim: 269 exec/s: 20964 rss: 1320Mb L: 45/264 MS: 4 ShuffleBytes-Custom-EraseBytes-Custom-
#63582	REDUCE cov: 331 ft: 732 corp: 83/4386b lim: 269 exec/s: 21194 rss: 1320Mb L: 128/264 MS: 8 PersAutoDict-Custom-InsertByte-Custom-ShuffleBytes-Custom-EraseBytes-Custom- DE: "\007\000\000\000"-
#65536	pulse  cov: 331 ft: 732 corp: 83/4386b lim: 285 exec/s: 21845 rss: 1320Mb
#66123	REDUCE cov: 331 ft: 732 corp: 83/4382b lim: 293 exec/s: 22041 rss: 1320Mb L: 123/264 MS: 2 EraseBytes-Custom-
#67050	REDUCE cov: 331 ft: 732 corp: 83/4379b lim: 301 exec/s: 22350 rss: 1320Mb L: 42/264 MS: 4 ChangeByte-Custom-EraseBytes-Custom-
#68096	REDUCE cov: 331 ft: 732 corp: 83/4363b lim: 309 exec/s: 22698 rss: 1320Mb L: 112/264 MS: 2 EraseBytes-Custom-
#68959	REDUCE cov: 331 ft: 733 corp: 84/4536b lim: 317 exec/s: 22986 rss: 1320Mb L: 173/264 MS: 6 InsertByte-Custom-ShuffleBytes-Custom-CopyPart-Custom-
#69123	REDUCE cov: 331 ft: 733 corp: 84/4535b lim: 317 exec/s: 23041 rss: 1320Mb L: 145/264 MS: 8 ChangeByte-Custom-PersAutoDict-Custom-ChangeByte-Custom-InsertByte-Custom- DE: "tar"-
#69663	NEW    cov: 364 ft: 766 corp: 85/4604b lim: 317 exec/s: 23221 rss: 1321Mb L: 69/264 MS: 10 CrossOver-Custom-CrossOver-Custom-ChangeByte-Custom-CMP-Custom-CMP-Custom- DE: "\377\377\377\377\377\377\377\377"-"dump"-
#69699	NEW    cov: 366 ft: 768 corp: 86/4673b lim: 317 exec/s: 23233 rss: 1321Mb L: 69/264 MS: 2 ChangeBit-Custom-
#69868	NEW    cov: 366 ft: 770 corp: 87/4724b lim: 317 exec/s: 23289 rss: 1321Mb L: 51/264 MS: 8 CMP-Custom-PersAutoDict-Custom-ShuffleBytes-Custom-EraseBytes-Custom- DE: "`r"-"\006\000"-
#69985	REDUCE cov: 366 ft: 770 corp: 87/4721b lim: 317 exec/s: 23328 rss: 1321Mb L: 5/264 MS: 4 ChangeBinInt-Custom-EraseBytes-Custom-
#70411	REDUCE cov: 366 ft: 770 corp: 87/4700b lim: 317 exec/s: 23470 rss: 1321Mb L: 152/264 MS: 2 EraseBytes-Custom-
INFO: Instrumented org.apache.commons.compress.archivers.dump.TapeInputStream (took 6 ms, size +21%)
INFO: Instrumented org.apache.commons.compress.archivers.dump.ShortFileException (took 1 ms, size +45%)
INFO: Instrumented org.apache.commons.compress.archivers.dump.UnsupportedCompressionAlgorithmException (took 2 ms, size +32%)
#70932	REDUCE cov: 366 ft: 770 corp: 87/4680b lim: 317 exec/s: 23644 rss: 1321Mb L: 31/264 MS: 2 EraseBytes-Custom-
#71089	NEW    cov: 366 ft: 771 corp: 88/4869b lim: 317 exec/s: 23696 rss: 1321Mb L: 189/264 MS: 4 ChangeBinInt-Custom-InsertRepeatedBytes-Custom-
#71185	REDUCE cov: 366 ft: 771 corp: 88/4861b lim: 317 exec/s: 23728 rss: 1321Mb L: 61/264 MS: 2 EraseBytes-Custom-
#71209	REDUCE cov: 366 ft: 771 corp: 88/4849b lim: 317 exec/s: 23736 rss: 1321Mb L: 19/264 MS: 8 InsertByte-Custom-InsertRepeatedBytes-Custom-InsertByte-Custom-CrossOver-Custom-
#71643	REDUCE cov: 366 ft: 771 corp: 88/4830b lim: 317 exec/s: 23881 rss: 1321Mb L: 170/264 MS: 8 ChangeByte-Custom-ChangeBit-Custom-InsertByte-Custom-EraseBytes-Custom-
#72370	REDUCE cov: 366 ft: 771 corp: 88/4827b lim: 317 exec/s: 24123 rss: 1321Mb L: 16/264 MS: 4 PersAutoDict-Custom-EraseBytes-Custom- DE: "q\000"-
#72787	REDUCE cov: 366 ft: 771 corp: 88/4823b lim: 317 exec/s: 24262 rss: 1321Mb L: 242/264 MS: 4 ShuffleBytes-Custom-PersAutoDict-Custom- DE: "cpio"-
#72939	NEW    cov: 366 ft: 772 corp: 89/5095b lim: 317 exec/s: 24313 rss: 1321Mb L: 272/272 MS: 4 CrossOver-Custom-CopyPart-Custom-
#72994	DONE   cov: 366 ft: 772 corp: 89/5095b lim: 317 exec/s: 18248 rss: 1321Mb
###### Recommended dictionary. ######
"\001\000\000\000\000\000\000\000" # Uses: 647
"\376\377\377\377" # Uses: 688
"zip" # Uses: 597
"IIII" # Uses: 499
".\001![eeeo" # Uses: 490
"ar" # Uses: 489
"\377\001" # Uses: 482
"\000\000\000\000\000\000\000\000" # Uses: 437
"cpio" # Uses: 449
"\377\377\377\377\377\377\377\377" # Uses: 380
"jar" # Uses: 353
"tar" # Uses: 226
"\007\000\000\000" # Uses: 204
"\006\000" # Uses: 123
"\023\000e" # Uses: 97
"q\000" # Uses: 61
"dump" # Uses: 16
"`r" # Uses: 13
###### End of recommended dictionary. ######
Done 72994 runs in 4 second(s)
[INFO] Tests run: 2, Failures: 0, Errors: 0, Skipped: 0, Time elapsed: 11.37 s -- in com.example.algorithm2.Algorithm2Test
[INFO] 
[INFO] Results:
[INFO] 
[INFO] Tests run: 2, Failures: 0, Errors: 0, Skipped: 0
[INFO] 
[INFO] 
[INFO] --- jacoco:0.8.11:report (default-cli) @ AlgorithmName2 ---
[INFO] Loading execution data file /tmp/bugrun/compress_21.OrQ3cL/target/jacoco.exec
[INFO] Analyzed bundle 'AlgorithmName2' with 174 classes
[INFO] ------------------------------------------------------------------------
[INFO] BUILD SUCCESS
[INFO] ------------------------------------------------------------------------
[INFO] Total time:  20.337 s
[INFO] Finished at: 2026-10-06T04:25:38+07:00
[INFO] ------------------------------------------------------------------------
