[INFO] Scanning for projects...
[INFO] 
[INFO] ---------------------< com.example:AlgorithmName2 >---------------------
[INFO] Building AlgorithmName2 1.0-SNAPSHOT
[INFO]   from pom.xml
[INFO] --------------------------------[ jar ]---------------------------------
[INFO] 
[INFO] --- jacoco:0.8.11:prepare-agent (default) @ AlgorithmName2 ---
[INFO] argLine set to -javaagent:/home/kanyaphak673380391-3/.m2/repository/org/jacoco/org.jacoco.agent/0.8.11/org.jacoco.agent-0.8.11-runtime.jar=destfile=/tmp/bugrun/gson_11.hJK4Ea/target/jacoco.exec
[INFO] 
[INFO] --- resources:3.4.0:resources (default-resources) @ AlgorithmName2 ---
[INFO] Copying 1 resource from src/main/resources to target/classes
[INFO] 
[INFO] --- compiler:3.15.0:compile (default-compile) @ AlgorithmName2 ---
[INFO] Recompiling the module because of changed source code.
[INFO] Compiling 1 source file with javac [debug target 1.8] to target/classes
[WARNING] bootstrap class path not set in conjunction with -source 8
[INFO] 
[INFO] --- dependency:3.6.0:unpack-dependencies (unpack-defects4j) @ AlgorithmName2 ---
[INFO] 
[INFO] --- resources:3.4.0:testResources (default-testResources) @ AlgorithmName2 ---
[INFO] skip non existing resourceDirectory /tmp/bugrun/gson_11.hJK4Ea/src/test/resources
[INFO] 
[INFO] --- compiler:3.15.0:testCompile (default-testCompile) @ AlgorithmName2 ---
[INFO] Recompiling the module because of changed dependency.
[INFO] Compiling 1 source file with javac [debug target 1.8] to target/test-classes
[WARNING] bootstrap class path not set in conjunction with -source 8
[INFO] 
[INFO] --- surefire:3.1.2:test (default-cli) @ AlgorithmName2 ---
[INFO] Using auto detected provider org.apache.maven.surefire.junitplatform.JUnitPlatformProvider
[INFO] 
[INFO] -------------------------------------------------------
[INFO]  T E S T S
[INFO] -------------------------------------------------------
[INFO] Running com.example.algorithm2.Algorithm2Test
OpenJDK 64-Bit Server VM warning: Sharing is only supported for boot loader classes because bootstrap classpath has been appended
INFO: Loaded 288 hooks from com.code_intelligence.jazzer.runtime.TraceCmpHooks
INFO: Loaded 5 hooks from com.code_intelligence.jazzer.runtime.TraceDivHooks
INFO: Loaded 2 hooks from com.code_intelligence.jazzer.runtime.TraceIndirHooks
INFO: Loaded 4 hooks from com.code_intelligence.jazzer.runtime.NativeLibHooks
INFO: Loaded 2 hooks from com.code_intelligence.jazzer.sanitizers.ClojureLangHooks
INFO: Loaded 5 hooks from com.code_intelligence.jazzer.sanitizers.Deserialization
INFO: Loaded 5 hooks from com.code_intelligence.jazzer.sanitizers.ExpressionLanguageInjection
INFO: Loaded 70 hooks from com.code_intelligence.jazzer.sanitizers.LdapInjection
INFO: Loaded 46 hooks from com.code_intelligence.jazzer.sanitizers.NamingContextLookup
INFO: Loaded 1 hooks from com.code_intelligence.jazzer.sanitizers.OsCommandInjection
INFO: Loaded 52 hooks from com.code_intelligence.jazzer.sanitizers.ReflectiveCall
INFO: Loaded 8 hooks from com.code_intelligence.jazzer.sanitizers.RegexInjection
INFO: Loaded 16 hooks from com.code_intelligence.jazzer.sanitizers.RegexRoadblocks
INFO: Loaded 18 hooks from com.code_intelligence.jazzer.sanitizers.ScriptEngineInjection
INFO: Loaded 2 hooks from com.code_intelligence.jazzer.sanitizers.ServerSideRequestForgery
INFO: Loaded 19 hooks from com.code_intelligence.jazzer.sanitizers.SqlInjection
INFO: Loaded 6 hooks from com.code_intelligence.jazzer.sanitizers.XPathInjection
INFO: Instrumented com.example.algorithm2.Algorithm2Test$Skip (took 343 ms, size +44%)
INFO: Instrumented com.example.algorithm2.Algorithm2Test (took 326 ms, size +27%)
INFO: New number of coverage counters: 1024
INFO: Instrumented com.google.gson.Gson (took 209 ms, size +10%)
INFO: Instrumented com.google.gson.TypeAdapter (took 26 ms, size +14%)
INFO: Instrumented com.google.gson.Gson$FutureTypeAdapter (took 9 ms, size +22%)
INFO: Instrumented com.google.gson.FieldNamingStrategy (took 9 ms, size +0%)
INFO: Instrumented com.google.gson.reflect.TypeToken (took 71 ms, size +21%)
INFO: Instrumented com.google.gson.Gson$1 (took 4 ms, size +49%)
INFO: Instrumented com.google.gson.TypeAdapterFactory (took 0 ms, size +0%)
INFO: Instrumented com.google.gson.Gson$4 (took 25 ms, size +21%)
INFO: Instrumented com.google.gson.Gson$2 (took 27 ms, size +20%)
INFO: Instrumented com.google.gson.Gson$3 (took 24 ms, size +20%)
INFO: Instrumented com.google.gson.JsonElement (took 63 ms, size +19%)
INFO: Instrumented com.google.gson.JsonNull (took 16 ms, size +45%)
INFO: New number of coverage counters: 2048
INFO: Instrumented com.google.gson.stream.JsonWriter (took 159 ms, size +22%)
INFO: Instrumented com.google.gson.internal.bind.JsonTreeWriter (took 57 ms, size +19%)
INFO: Instrumented com.google.gson.JsonIOException (took 7 ms, size +39%)
INFO: Instrumented com.google.gson.JsonParseException (took 6 ms, size +39%)
INFO: Instrumented com.google.gson.stream.JsonReader (took 107 ms, size +24%)
INFO: Instrumented com.google.gson.internal.bind.JsonTreeReader (took 92 ms, size +20%)
INFO: Instrumented com.google.gson.JsonSyntaxException (took 12 ms, size +38%)
INFO: Instrumented com.google.gson.stream.MalformedJsonException (took 11 ms, size +36%)
INFO: New number of coverage counters: 4096
INFO: Instrumented com.google.gson.internal.$Gson$Types (took 35 ms, size +23%)
INFO: Instrumented com.google.gson.internal.Excluder (took 76 ms, size +20%)
INFO: Instrumented com.google.gson.internal.JsonReaderInternalAccess (took 12 ms, size +48%)
INFO: Instrumented com.google.gson.stream.JsonReader$1 (took 20 ms, size +36%)
[harness] target=com.google.gson.Gson factories=1 methods=20
INFO: Instrumented com.google.gson.internal.Excluder$1 (took 5 ms, size +22%)
INFO: Instrumented com.google.gson.FieldNamingPolicy (took 37 ms, size +22%)
INFO: Instrumented com.google.gson.FieldNamingPolicy$1 (took 8 ms, size +39%)
INFO: Instrumented com.google.gson.FieldNamingPolicy$2 (took 19 ms, size +35%)
INFO: Instrumented com.google.gson.FieldNamingPolicy$3 (took 14 ms, size +32%)
INFO: Instrumented com.google.gson.FieldNamingPolicy$4 (took 13 ms, size +30%)
INFO: Instrumented com.google.gson.FieldNamingPolicy$5 (took 5 ms, size +30%)
INFO: Instrumented com.google.gson.LongSerializationPolicy (took 24 ms, size +25%)
INFO: Instrumented com.google.gson.LongSerializationPolicy$1 (took 5 ms, size +38%)
INFO: Instrumented com.google.gson.LongSerializationPolicy$2 (took 4 ms, size +34%)
INFO: Instrumented com.google.gson.JsonPrimitive (took 59 ms, size +25%)
INFO: Instrumented com.google.gson.internal.ConstructorConstructor (took 14 ms, size +19%)
INFO: Instrumented com.google.gson.internal.ObjectConstructor (took 0 ms, size +0%)
INFO: Instrumented com.google.gson.internal.bind.TypeAdapters (took 11 ms, size +8%)
INFO: Instrumented com.google.gson.internal.bind.TypeAdapters$1 (took 20 ms, size +19%)
INFO: Instrumented com.google.gson.internal.bind.TypeAdapters$2 (took 17 ms, size +22%)
INFO: Instrumented com.google.gson.internal.bind.TypeAdapters$3 (took 12 ms, size +19%)
INFO: Instrumented com.google.gson.internal.bind.TypeAdapters$4 (took 36 ms, size +20%)
INFO: Instrumented com.google.gson.internal.bind.TypeAdapters$5 (took 9 ms, size +21%)
INFO: Instrumented com.google.gson.internal.bind.TypeAdapters$6 (took 4 ms, size +21%)
INFO: Instrumented com.google.gson.internal.bind.TypeAdapters$7 (took 6 ms, size +21%)
INFO: Instrumented com.google.gson.internal.bind.TypeAdapters$11 (took 5 ms, size +21%)
INFO: Instrumented com.google.gson.internal.bind.TypeAdapters$12 (took 5 ms, size +22%)
INFO: Instrumented com.google.gson.internal.bind.TypeAdapters$13 (took 10 ms, size +22%)
INFO: Instrumented com.google.gson.internal.bind.TypeAdapters$14 (took 7 ms, size +18%)
INFO: Instrumented com.google.gson.internal.bind.TypeAdapters$15 (took 9 ms, size +23%)
INFO: Instrumented com.google.gson.internal.bind.TypeAdapters$16 (took 11 ms, size +20%)
INFO: Instrumented com.google.gson.internal.bind.TypeAdapters$17 (took 9 ms, size +21%)
INFO: Instrumented com.google.gson.internal.bind.TypeAdapters$18 (took 6 ms, size +21%)
INFO: Instrumented com.google.gson.internal.bind.TypeAdapters$19 (took 5 ms, size +21%)
INFO: Instrumented com.google.gson.internal.bind.TypeAdapters$20 (took 5 ms, size +21%)
INFO: Instrumented com.google.gson.internal.bind.TypeAdapters$21 (took 8 ms, size +34%)
INFO: Instrumented com.google.gson.internal.bind.TypeAdapters$22 (took 7 ms, size +31%)
INFO: Instrumented com.google.gson.internal.bind.TypeAdapters$23 (took 8 ms, size +21%)
INFO: Instrumented com.google.gson.internal.bind.TypeAdapters$24 (took 5 ms, size +21%)
INFO: Instrumented com.google.gson.internal.bind.TypeAdapters$27 (took 7 ms, size +39%)
INFO: Instrumented com.google.gson.internal.bind.TypeAdapters$28 (took 7 ms, size +24%)
INFO: Instrumented com.google.gson.internal.bind.TypeAdapters$29 (took 18 ms, size +16%)
INFO: Instrumented com.google.gson.TypeAdapter$1 (took 5 ms, size +23%)
INFO: Instrumented com.google.gson.internal.bind.TypeAdapters$32 (took 4 ms, size +21%)
INFO: Instrumented com.google.gson.internal.bind.TypeAdapters$33 (took 5 ms, size +20%)
INFO: Instrumented com.google.gson.internal.bind.TypeAdapters$8 (took 8 ms, size +21%)
INFO: Instrumented com.google.gson.internal.bind.TypeAdapters$9 (took 11 ms, size +23%)
INFO: Instrumented com.google.gson.internal.bind.TypeAdapters$10 (took 22 ms, size +23%)
INFO: Instrumented com.google.gson.internal.LazilyParsedNumber (took 20 ms, size +37%)
INFO: Instrumented com.google.gson.internal.bind.TypeAdapters$35 (took 6 ms, size +23%)
INFO: Instrumented com.google.gson.internal.bind.TypeAdapters$35$1 (took 4 ms, size +24%)
INFO: Instrumented com.google.gson.internal.bind.TypeAdapters$25 (took 8 ms, size +23%)
INFO: Instrumented com.google.gson.internal.bind.TypeAdapters$26 (took 4 ms, size +23%)
INFO: Instrumented com.google.gson.internal.bind.TypeAdapters$26$1 (took 3 ms, size +21%)
INFO: Instrumented com.google.gson.internal.bind.TypeAdapters$34 (took 2 ms, size +20%)
INFO: Instrumented com.google.gson.JsonArray (took 18 ms, size +20%)
INFO: Instrumented com.google.gson.JsonObject (took 8 ms, size +25%)
INFO: Instrumented com.google.gson.internal.bind.TypeAdapters$30 (took 2 ms, size +31%)
INFO: Instrumented com.google.gson.internal.bind.TypeAdapters$EnumTypeAdapter (took 4 ms, size +22%)
INFO: Instrumented com.google.gson.internal.bind.ObjectTypeAdapter (took 4 ms, size +18%)
INFO: Instrumented com.google.gson.internal.bind.ObjectTypeAdapter$1 (took 2 ms, size +29%)
INFO: Instrumented com.google.gson.Gson$5 (took 3 ms, size +22%)
INFO: Instrumented com.google.gson.Gson$6 (took 4 ms, size +23%)
INFO: Instrumented com.google.gson.internal.bind.DateTypeAdapter (took 4 ms, size +16%)
INFO: Instrumented com.google.gson.internal.bind.DateTypeAdapter$1 (took 2 ms, size +29%)
INFO: Instrumented com.google.gson.internal.bind.TimeTypeAdapter (took 5 ms, size +18%)
INFO: Instrumented com.google.gson.internal.bind.TimeTypeAdapter$1 (took 4 ms, size +29%)
INFO: Instrumented com.google.gson.internal.bind.SqlDateTypeAdapter (took 7 ms, size +18%)
INFO: Instrumented com.google.gson.internal.bind.SqlDateTypeAdapter$1 (took 3 ms, size +29%)
INFO: Instrumented com.google.gson.internal.bind.ArrayTypeAdapter (took 5 ms, size +20%)
INFO: Instrumented com.google.gson.internal.bind.TypeAdapterRuntimeTypeWrapper (took 7 ms, size +20%)
INFO: Instrumented com.google.gson.internal.bind.ArrayTypeAdapter$1 (took 2 ms, size +26%)
INFO: Instrumented com.google.gson.internal.bind.CollectionTypeAdapterFactory (took 2 ms, size +19%)
INFO: Instrumented com.google.gson.internal.bind.CollectionTypeAdapterFactory$Adapter (took 5 ms, size +16%)
INFO: Instrumented com.google.gson.internal.bind.MapTypeAdapterFactory (took 4 ms, size +15%)
INFO: Instrumented com.google.gson.internal.bind.MapTypeAdapterFactory$Adapter (took 8 ms, size +14%)
INFO: Instrumented com.google.gson.internal.bind.JsonAdapterAnnotationTypeAdapterFactory (took 4 ms, size +17%)
INFO: Instrumented com.google.gson.internal.bind.TreeTypeAdapter (took 7 ms, size +11%)
INFO: Instrumented com.google.gson.internal.bind.ReflectiveTypeAdapterFactory (took 8 ms, size +11%)
INFO: New number of coverage counters: 8192
INFO: Instrumented com.google.gson.internal.bind.ReflectiveTypeAdapterFactory$Adapter (took 5 ms, size +21%)
INFO: Instrumented com.google.gson.internal.bind.ReflectiveTypeAdapterFactory$BoundField (took 3 ms, size +31%)
INFO: Instrumented com.google.gson.internal.bind.ReflectiveTypeAdapterFactory$1 (took 3 ms, size +19%)
INFO: Instrumented com.google.gson.internal.$Gson$Preconditions (took 2 ms, size +45%)
INFO: found LLVMFuzzerCustomMutator (0x712efa570cd0). Disabling -len_control by default.
INFO: Running with entropic power schedule (0xFF, 100).
INFO: Seed: 3665841823
INFO: Loaded 5 modules   (8192 inline 8-bit counters): 512 [0x712fdca8c030, 0x712fdca8c230), 512 [0x712fdca8c230, 0x712fdca8c430), 1024 [0x712fdca8c430, 0x712fdca8c830), 2048 [0x712fdca8c830, 0x712fdca8d030), 4096 [0x712fdca8d030, 0x712fdca8e030), 
INFO: Loaded 5 PC tables (8192 PCs): 512 [0x712fdc5c09d0,0x712fdc5c29d0), 512 [0x712fdc01bb30,0x712fdc01db30), 1024 [0x712fdcbd76c0,0x712fdcbdb6c0), 2048 [0x712fdcbf8870,0x712fdcc00870), 4096 [0x712fdcc7fb40,0x712fdcc8fb40), 
INFO:        0 files found in /tmp/bugrun/gson_11.hJK4Ea/.cifuzz-corpus/com.example.algorithm2.Algorithm2Test/testParameterizedFuzzer
INFO:        0 files found in /tmp/jazzer-java-seeds4366711483783027342
INFO: -max_len is not provided; libFuzzer will not generate inputs larger than 4096 bytes
INFO: A corpus is not provided, starting from an empty corpus
#2	INITED cov: 311 ft: 311 corp: 1/1b exec/s: 0 rss: 1192Mb
#3	NEW    cov: 332 ft: 382 corp: 2/2b lim: 4 exec/s: 0 rss: 1192Mb L: 1/1 MS: 2 ChangeBinInt-Custom-
#4	NEW    cov: 333 ft: 383 corp: 3/4b lim: 4 exec/s: 0 rss: 1192Mb L: 2/2 MS: 2 CrossOver-Custom-
INFO: using inputs from: /tmp/bugrun/gson_11.hJK4Ea/.cifuzz-corpus/com.example.algorithm2.Algorithm2Test/testParameterizedFuzzer
INFO: using inputs from: /tmp/jazzer-java-seeds4366711483783027342
INFO: Instrumented com.google.gson.internal.Streams (took 3 ms, size +23%)
INFO: Instrumented com.google.gson.internal.Streams$AppendableWriter (took 4 ms, size +26%)
#5	NEW    cov: 382 ft: 435 corp: 4/5b lim: 4 exec/s: 0 rss: 1192Mb L: 1/2 MS: 2 ChangeBinInt-Custom-
#8	NEW    cov: 383 ft: 438 corp: 5/6b lim: 4 exec/s: 0 rss: 1192Mb L: 1/2 MS: 6 ShuffleBytes-Custom-CrossOver-Custom-ChangeByte-Custom-
#9	NEW    cov: 440 ft: 495 corp: 6/8b lim: 4 exec/s: 0 rss: 1192Mb L: 2/2 MS: 2 ChangeByte-Custom-
INFO: Instrumented com.google.gson.internal.bind.JsonTreeWriter$1 (took 35 ms, size +37%)
INFO: Instrumented com.google.gson.stream.JsonToken (took 4 ms, size +27%)
MS: 4 ChangeBit-Custom-CMP-Custom- DE: "\003\000"-; base unit: 5a956bfd2b0a00da20d11339c8d3c936986c78c0
0x2a,0x3,0x0,0xeb,
*\003\000\353
artifact_prefix='/tmp/bugrun/gson_11.hJK4Ea/'; Test unit written to /tmp/bugrun/gson_11.hJK4Ea/crash-a9e65f06c5d6f4902428cfcf11c107f05b30bcea
Base64: KgMA6w==
Done 11 runs in 0 second(s)
DEDUP_TOKEN: f8e6959eb8d4200c
[ERROR] Tests run: 2, Failures: 0, Errors: 1, Skipped: 0, Time elapsed: 12.34 s <<< FAILURE! -- in com.example.algorithm2.Algorithm2Test
[ERROR] com.example.algorithm2.Algorithm2Test.testParameterizedFuzzer(FuzzedDataProvider)[2] -- Time elapsed: 0.421 s <<< ERROR!
java.lang.IllegalArgumentException: Expected a Class, ParameterizedType, or GenericArrayType, but <proxy:Type> is of type com.sun.proxy.$Proxy25
	at com.google.gson.internal.$Gson$Types.getRawType($Gson$Types.java:148)
	at com.google.gson.reflect.TypeToken.<init>(TypeToken.java:73)
	at com.google.gson.reflect.TypeToken.get(TypeToken.java:296)
	at com.google.gson.Gson.fromJson(Gson.java:885)
	at com.google.gson.Gson.fromJson(Gson.java:852)
	at java.base/jdk.internal.reflect.NativeMethodAccessorImpl.invoke0(Native Method)
	at java.base/jdk.internal.reflect.NativeMethodAccessorImpl.invoke(NativeMethodAccessorImpl.java:62)
	at java.base/jdk.internal.reflect.DelegatingMethodAccessorImpl.invoke(DelegatingMethodAccessorImpl.java:43)
	at java.base/java.lang.reflect.Method.invoke(Method.java:566)
	at com.example.algorithm2.Algorithm2Test.testParameterizedFuzzer(Algorithm2Test.java:226)

[INFO] 
[INFO] Results:
[INFO] 
[ERROR] Errors: 
[ERROR]   Algorithm2Test.testParameterizedFuzzer:226 » IllegalArgument Expected a Class, ParameterizedType, or GenericArrayType, but <proxy:Type> is of type com.sun.proxy.$Proxy25
[INFO] 
[ERROR] Tests run: 2, Failures: 0, Errors: 1, Skipped: 0
[INFO] 
[ERROR] 

Please refer to /tmp/bugrun/gson_11.hJK4Ea/target/surefire-reports for the individual test results.
Please refer to dump files (if any exist) [date].dump, [date]-jvmRun[N].dump and [date].dumpstream.
[INFO] 
[INFO] --- jacoco:0.8.11:report (default-cli) @ AlgorithmName2 ---
[INFO] Loading execution data file /tmp/bugrun/gson_11.hJK4Ea/target/jacoco.exec
[INFO] Analyzed bundle 'AlgorithmName2' with 158 classes
[INFO] ------------------------------------------------------------------------
[INFO] BUILD SUCCESS
[INFO] ------------------------------------------------------------------------
[INFO] Total time:  28.763 s
[INFO] Finished at: 2026-10-06T03:37:42+07:00
[INFO] ------------------------------------------------------------------------
