[INFO] Scanning for projects...
[INFO] 
[INFO] ---------------------< com.example:AlgorithmName2 >---------------------
[INFO] Building AlgorithmName2 1.0-SNAPSHOT
[INFO]   from pom.xml
[INFO] --------------------------------[ jar ]---------------------------------
[INFO] 
[INFO] --- jacoco:0.8.11:prepare-agent (default) @ AlgorithmName2 ---
[INFO] argLine set to -javaagent:/home/kanyaphak673380391-3/.m2/repository/org/jacoco/org.jacoco.agent/0.8.11/org.jacoco.agent-0.8.11-runtime.jar=destfile=/tmp/bugrun/jxpath_22.awZ1pT/target/jacoco.exec
[INFO] 
[INFO] --- resources:3.4.0:resources (default-resources) @ AlgorithmName2 ---
[INFO] Copying 1 resource from src/main/resources to target/classes
[INFO] 
[INFO] --- compiler:3.15.0:compile (default-compile) @ AlgorithmName2 ---
[INFO] Recompiling the module because of changed source code.
[INFO] Compiling 1 source file with javac [debug target 1.8] to target/classes
[WARNING] bootstrap class path not set in conjunction with -source 8
[INFO] 
[INFO] --- dependency:3.6.0:unpack-dependencies (unpack-defects4j) @ AlgorithmName2 ---
[INFO] 
[INFO] --- resources:3.4.0:testResources (default-testResources) @ AlgorithmName2 ---
[INFO] skip non existing resourceDirectory /tmp/bugrun/jxpath_22.awZ1pT/src/test/resources
[INFO] 
[INFO] --- compiler:3.15.0:testCompile (default-testCompile) @ AlgorithmName2 ---
[INFO] Recompiling the module because of changed dependency.
[INFO] Compiling 1 source file with javac [debug target 1.8] to target/test-classes
[WARNING] bootstrap class path not set in conjunction with -source 8
[INFO] 
[INFO] --- surefire:3.1.2:test (default-cli) @ AlgorithmName2 ---
[INFO] Using auto detected provider org.apache.maven.surefire.junitplatform.JUnitPlatformProvider
[INFO] 
[INFO] -------------------------------------------------------
[INFO]  T E S T S
[INFO] -------------------------------------------------------
[INFO] Running com.example.algorithm2.Algorithm2Test
OpenJDK 64-Bit Server VM warning: Sharing is only supported for boot loader classes because bootstrap classpath has been appended
INFO: Loaded 281 hooks from com.code_intelligence.jazzer.runtime.TraceCmpHooks
INFO: Loaded 5 hooks from com.code_intelligence.jazzer.runtime.TraceDivHooks
INFO: Loaded 2 hooks from com.code_intelligence.jazzer.runtime.TraceIndirHooks
INFO: Loaded 4 hooks from com.code_intelligence.jazzer.runtime.NativeLibHooks
INFO: Loaded 2 hooks from com.code_intelligence.jazzer.sanitizers.ClojureLangHooks
INFO: Loaded 5 hooks from com.code_intelligence.jazzer.sanitizers.Deserialization
INFO: Loaded 5 hooks from com.code_intelligence.jazzer.sanitizers.ExpressionLanguageInjection
INFO: Loaded 70 hooks from com.code_intelligence.jazzer.sanitizers.LdapInjection
INFO: Loaded 46 hooks from com.code_intelligence.jazzer.sanitizers.NamingContextLookup
INFO: Loaded 1 hooks from com.code_intelligence.jazzer.sanitizers.OsCommandInjection
INFO: Loaded 52 hooks from com.code_intelligence.jazzer.sanitizers.ReflectiveCall
INFO: Loaded 8 hooks from com.code_intelligence.jazzer.sanitizers.RegexInjection
INFO: Loaded 16 hooks from com.code_intelligence.jazzer.sanitizers.RegexRoadblocks
INFO: Loaded 18 hooks from com.code_intelligence.jazzer.sanitizers.ScriptEngineInjection
INFO: Loaded 2 hooks from com.code_intelligence.jazzer.sanitizers.ServerSideRequestForgery
INFO: Loaded 19 hooks from com.code_intelligence.jazzer.sanitizers.SqlInjection
INFO: Loaded 6 hooks from com.code_intelligence.jazzer.sanitizers.XPathInjection
INFO: Instrumented com.example.algorithm2.Algorithm2Test$Skip (took 66 ms, size +44%)
INFO: Instrumented com.example.algorithm2.Algorithm2Test (took 55 ms, size +27%)
INFO: Instrumented org.apache.commons.jxpath.JXPathContext (took 52 ms, size +12%)
INFO: Instrumented org.apache.commons.jxpath.Variables (took 1 ms, size +0%)
INFO: Instrumented org.apache.commons.jxpath.Functions (took 0 ms, size +0%)
INFO: Instrumented org.apache.commons.jxpath.JXPathException (took 9 ms, size +24%)
INFO: New number of coverage counters: 1024
INFO: Instrumented org.apache.commons.jxpath.PackageFunctions (took 11 ms, size +33%)
INFO: Instrumented org.apache.commons.jxpath.Function (took 0 ms, size +0%)
INFO: Instrumented org.apache.commons.jxpath.CompiledExpression (took 1 ms, size +0%)
INFO: Instrumented org.apache.commons.jxpath.AbstractFactory (took 3 ms, size +34%)
INFO: Instrumented org.apache.commons.jxpath.Pointer (took 0 ms, size +0%)
INFO: Instrumented org.apache.commons.jxpath.IdentityManager (took 0 ms, size +0%)
INFO: Instrumented org.apache.commons.jxpath.KeyManager (took 0 ms, size +0%)
INFO: Instrumented org.apache.commons.jxpath.NodeSet (took 0 ms, size +0%)
INFO: Instrumented org.apache.commons.jxpath.ExceptionHandler (took 0 ms, size +0%)
[harness] target=org.apache.commons.jxpath.JXPathContext factories=1 methods=42
INFO: Instrumented org.apache.commons.jxpath.JXPathContextFactory (took 9 ms, size +24%)
INFO: Instrumented org.apache.commons.jxpath.JXPathContextFactoryConfigurationError (took 4 ms, size +30%)
INFO: Instrumented org.apache.commons.jxpath.util.ClassLoaderUtil (took 7 ms, size +43%)
INFO: Instrumented org.apache.commons.jxpath.ri.JXPathContextFactoryReferenceImpl (took 1 ms, size +35%)
INFO: Instrumented org.apache.commons.jxpath.ri.JXPathContextReferenceImpl (took 31 ms, size +12%)
INFO: Instrumented org.apache.commons.jxpath.ri.Compiler (took 2 ms, size +0%)
INFO: Instrumented org.apache.commons.jxpath.JXPathNotFoundException (took 2 ms, size +47%)
INFO: Instrumented org.apache.commons.jxpath.JXPathTypeConversionException (took 2 ms, size +38%)
INFO: Instrumented org.apache.commons.jxpath.JXPathFunctionNotFoundException (took 2 ms, size +45%)
INFO: New number of coverage counters: 2048
INFO: Instrumented org.apache.commons.jxpath.ri.EvalContext (took 12 ms, size +26%)
INFO: Instrumented org.apache.commons.jxpath.ExpressionContext (took 0 ms, size +0%)
INFO: Instrumented org.apache.commons.jxpath.ri.axes.RootContext (took 9 ms, size +17%)
INFO: Instrumented org.apache.commons.jxpath.ri.axes.InitialContext (took 3 ms, size +34%)
INFO: Instrumented org.apache.commons.jxpath.JXPathInvalidSyntaxException (took 2 ms, size +46%)
INFO: Instrumented org.apache.commons.jxpath.ri.compiler.TreeCompiler (took 9 ms, size +12%)
INFO: Instrumented org.apache.commons.jxpath.ri.compiler.CoreOperationEqual (took 1 ms, size +39%)
INFO: Instrumented org.apache.commons.jxpath.ri.compiler.CoreOperationCompare (took 4 ms, size +27%)
INFO: Instrumented org.apache.commons.jxpath.ri.compiler.CoreOperation (took 3 ms, size +27%)
INFO: Instrumented org.apache.commons.jxpath.ri.compiler.Operation (took 1 ms, size +47%)
INFO: Instrumented org.apache.commons.jxpath.ri.compiler.Expression (took 2 ms, size +23%)
INFO: Instrumented org.apache.commons.jxpath.ri.compiler.NameAttributeTest (took 1 ms, size +33%)
INFO: Instrumented org.apache.commons.jxpath.ri.QName (took 2 ms, size +47%)
INFO: Instrumented org.apache.commons.jxpath.ri.model.beans.CollectionPointerFactory (took 4 ms, size +31%)
INFO: Instrumented org.apache.commons.jxpath.ri.model.NodePointerFactory (took 0 ms, size +0%)
INFO: Instrumented org.apache.commons.jxpath.ri.model.NodePointer (took 23 ms, size +18%)
INFO: Instrumented org.apache.commons.jxpath.ri.model.beans.CollectionPointer (took 9 ms, size +15%)
INFO: Instrumented org.apache.commons.jxpath.ri.model.beans.BeanPointerFactory (took 1 ms, size +19%)
INFO: Instrumented org.apache.commons.jxpath.ri.model.beans.NullPointer (took 5 ms, size +17%)
INFO: Instrumented org.apache.commons.jxpath.ri.model.beans.PropertyOwnerPointer (took 6 ms, size +19%)
INFO: New number of coverage counters: 4096
INFO: Instrumented org.apache.commons.jxpath.ri.model.beans.BeanPointer (took 5 ms, size +28%)
INFO: Instrumented org.apache.commons.jxpath.ri.model.dynamic.DynamicPointerFactory (took 2 ms, size +22%)
INFO: Instrumented org.apache.commons.jxpath.ri.model.dynamic.DynamicPointer (took 4 ms, size +17%)
INFO: Instrumented org.apache.commons.jxpath.ri.model.VariablePointerFactory (took 2 ms, size +21%)
INFO: Instrumented org.apache.commons.jxpath.ri.model.VariablePointer (took 12 ms, size +16%)
INFO: Instrumented org.apache.commons.jxpath.ri.model.dom.DOMPointerFactory (took 1 ms, size +32%)
INFO: Instrumented org.apache.commons.jxpath.ri.model.dom.DOMNodePointer (took 23 ms, size +26%)
INFO: Instrumented org.apache.commons.jxpath.ri.model.container.ContainerPointerFactory (took 1 ms, size +30%)
INFO: Instrumented org.apache.commons.jxpath.ri.model.container.ContainerPointer (took 6 ms, size +18%)
INFO: Instrumented org.apache.commons.jxpath.ri.JXPathContextReferenceImpl$1 (took 2 ms, size +35%)
INFO: Instrumented org.apache.commons.jxpath.util.ValueUtils (took 9 ms, size +25%)
INFO: Instrumented org.apache.commons.jxpath.Container (took 0 ms, size +0%)
INFO: Instrumented org.apache.commons.jxpath.JXPathIntrospector (took 4 ms, size +34%)
INFO: Instrumented org.apache.commons.jxpath.JXPathBeanInfo (took 0 ms, size +0%)
INFO: Instrumented org.apache.commons.jxpath.JXPathBasicBeanInfo (took 5 ms, size +24%)
INFO: Instrumented org.apache.commons.jxpath.JXPathBasicBeanInfo$1 (took 1 ms, size +52%)
INFO: Instrumented org.apache.commons.jxpath.MapDynamicPropertyHandler (took 1 ms, size +37%)
INFO: Instrumented org.apache.commons.jxpath.DynamicPropertyHandler (took 0 ms, size +0%)
INFO: Instrumented org.apache.commons.jxpath.ri.model.VariablePointerFactory$VariableContextWrapper (took 1 ms, size +29%)
INFO: Instrumented org.apache.commons.jxpath.JXPathInvalidAccessException (took 1 ms, size +39%)
INFO: Instrumented org.apache.commons.jxpath.ri.model.NodeIterator (took 0 ms, size +0%)
INFO: Instrumented org.apache.commons.jxpath.ri.model.beans.PropertyPointer (took 8 ms, size +22%)
INFO: Instrumented org.apache.commons.jxpath.ri.model.beans.BeanPropertyPointer (took 7 ms, size +19%)
INFO: Instrumented org.apache.commons.jxpath.ri.NamespaceResolver (took 3 ms, size +31%)
INFO: found LLVMFuzzerCustomMutator (0x744f6ff76cd0). Disabling -len_control by default.
INFO: Running with entropic power schedule (0xFF, 100).
INFO: Seed: 1851495705
INFO: Loaded 4 modules   (4096 inline 8-bit counters): 512 [0x7450a0b7faf0, 0x7450a0b7fcf0), 512 [0x7450a0b7fcf0, 0x7450a0b7fef0), 1024 [0x7450a0b7fef0, 0x7450a0b802f0), 2048 [0x7450a0b802f0, 0x7450a0b80af0), 
INFO: Loaded 4 PC tables (4096 PCs): 512 [0x7450a0b40770,0x7450a0b42770), 512 [0x7450a0affcc0,0x7450a0b01cc0), 1024 [0x7450a0ccf680,0x7450a0cd3680), 2048 [0x7450a0cffa40,0x7450a0d07a40), 
INFO:        0 files found in /tmp/bugrun/jxpath_22.awZ1pT/.cifuzz-corpus/com.example.algorithm2.Algorithm2Test/testParameterizedFuzzer
INFO:        0 files found in /tmp/jazzer-java-seeds15278471422562538816
INFO: -max_len is not provided; libFuzzer will not generate inputs larger than 4096 bytes
INFO: A corpus is not provided, starting from an empty corpus
INFO: using inputs from: /tmp/bugrun/jxpath_22.awZ1pT/.cifuzz-corpus/com.example.algorithm2.Algorithm2Test/testParameterizedFuzzer
INFO: using inputs from: /tmp/jazzer-java-seeds15278471422562538816
INFO: Instrumented org.apache.commons.jxpath.ri.Parser (took 2 ms, size +23%)
INFO: Instrumented org.apache.commons.jxpath.ri.parser.TokenMgrError (took 2 ms, size +21%)
INFO: Instrumented org.apache.commons.jxpath.ri.parser.ParseException (took 3 ms, size +22%)
INFO: New number of coverage counters: 8192
#2	INITED cov: 349 ft: 349 corp: 1/1b exec/s: 0 rss: 779Mb
#3	NEW    cov: 352 ft: 353 corp: 2/2b lim: 4 exec/s: 0 rss: 779Mb L: 1/1 MS: 2 ChangeByte-Custom-
#4	NEW    cov: 355 ft: 358 corp: 3/3b lim: 4 exec/s: 0 rss: 779Mb L: 1/1 MS: 2 ChangeBit-Custom-
#5	NEW    cov: 356 ft: 366 corp: 4/4b lim: 4 exec/s: 0 rss: 779Mb L: 1/1 MS: 2 ChangeBit-Custom-
#6	NEW    cov: 362 ft: 410 corp: 5/6b lim: 4 exec/s: 0 rss: 779Mb L: 2/2 MS: 2 InsertByte-Custom-
#7	NEW    cov: 366 ft: 414 corp: 6/7b lim: 4 exec/s: 0 rss: 779Mb L: 1/2 MS: 2 ChangeByte-Custom-
#9	NEW    cov: 366 ft: 422 corp: 7/8b lim: 4 exec/s: 0 rss: 779Mb L: 1/2 MS: 4 CrossOver-Custom-ChangeByte-Custom-
#10	NEW    cov: 373 ft: 429 corp: 8/9b lim: 4 exec/s: 0 rss: 779Mb L: 1/2 MS: 2 ChangeBit-Custom-
INFO: Instrumented org.apache.commons.jxpath.ri.parser.XPathParser (took 51 ms, size +23%)
INFO: Instrumented org.apache.commons.jxpath.ri.parser.XPathParserConstants (took 1 ms, size +9%)
INFO: Instrumented org.apache.commons.jxpath.ri.parser.XPathParser$LookaheadSuccess (took 1 ms, size +38%)
INFO: Instrumented org.apache.commons.jxpath.ri.parser.XPathParser$JJCalls (took 1 ms, size +45%)
INFO: Instrumented org.apache.commons.jxpath.ri.parser.SimpleCharStream (took 9 ms, size +18%)
INFO: Instrumented org.apache.commons.jxpath.ri.parser.XPathParserTokenManager (took 35 ms, size +22%)
INFO: Instrumented org.apache.commons.jxpath.ri.parser.Token (took 2 ms, size +38%)
#13	NEW    cov: 382 ft: 489 corp: 9/10b lim: 4 exec/s: 0 rss: 782Mb L: 1/2 MS: 6 InsertByte-Custom-EraseBytes-Custom-ChangeByte-Custom-
#14	NEW    cov: 384 ft: 491 corp: 10/12b lim: 4 exec/s: 0 rss: 782Mb L: 2/2 MS: 2 ChangeByte-Custom-
#23	NEW    cov: 385 ft: 492 corp: 11/14b lim: 4 exec/s: 0 rss: 782Mb L: 2/2 MS: 8 ChangeBinInt-Custom-ShuffleBytes-Custom-InsertByte-Custom-ChangeBit-Custom-
#25	NEW    cov: 387 ft: 494 corp: 12/16b lim: 4 exec/s: 0 rss: 783Mb L: 2/2 MS: 4 InsertByte-Custom-ChangeBinInt-Custom-
#31	NEW    cov: 388 ft: 543 corp: 13/17b lim: 4 exec/s: 0 rss: 783Mb L: 1/2 MS: 2 ChangeBit-Custom-
#33	NEW    cov: 409 ft: 564 corp: 14/19b lim: 4 exec/s: 0 rss: 783Mb L: 2/2 MS: 4 CopyPart-Custom-InsertByte-Custom-
#36	NEW    cov: 417 ft: 572 corp: 15/20b lim: 4 exec/s: 0 rss: 783Mb L: 1/2 MS: 6 CrossOver-Custom-ChangeByte-Custom-ChangeBit-Custom-
#43	NEW    cov: 418 ft: 573 corp: 16/22b lim: 4 exec/s: 0 rss: 783Mb L: 2/2 MS: 4 CopyPart-Custom-ChangeBinInt-Custom-
#44	REDUCE cov: 418 ft: 573 corp: 16/21b lim: 4 exec/s: 0 rss: 783Mb L: 1/2 MS: 2 EraseBytes-Custom-
MS: 8 EraseBytes-Custom-ShuffleBytes-Custom-ChangeBit-Custom-InsertByte-Custom-; base unit: f795ca7514b6a1279b46fb53e81d6efa09600509
0x80,0x3b,
\200;
artifact_prefix='/tmp/bugrun/jxpath_22.awZ1pT/'; Test unit written to /tmp/bugrun/jxpath_22.awZ1pT/crash-e6085eca35239f2587a9ed4fc886801786d538d0
Base64: gDs=
Done 48 runs in 0 second(s)
INFO: Instrumented org.apache.commons.jxpath.ri.model.beans.NullPropertyPointer (took 8 ms, size +17%)
INFO: Instrumented org.apache.commons.jxpath.ri.JXPathCompiledExpression (took 3 ms, size +14%)
INFO: Instrumented org.apache.commons.jxpath.BasicVariables (took 2 ms, size +43%)
DEDUP_TOKEN: 3efcb2b3beb67603
[ERROR] Tests run: 2, Failures: 0, Errors: 1, Skipped: 0, Time elapsed: 3.308 s <<< FAILURE! -- in com.example.algorithm2.Algorithm2Test
[ERROR] com.example.algorithm2.Algorithm2Test.testParameterizedFuzzer(FuzzedDataProvider)[2] -- Time elapsed: 0.272 s <<< ERROR!
org.apache.commons.jxpath.JXPathException: Cannot create a relative context for a non-existent node: proxy:Pointer
	at org.apache.commons.jxpath.ri.JXPathContextReferenceImpl.getRelativeContext(JXPathContextReferenceImpl.java:680)
	at java.base/jdk.internal.reflect.NativeMethodAccessorImpl.invoke0(Native Method)
	at java.base/jdk.internal.reflect.NativeMethodAccessorImpl.invoke(NativeMethodAccessorImpl.java:62)
	at java.base/jdk.internal.reflect.DelegatingMethodAccessorImpl.invoke(DelegatingMethodAccessorImpl.java:43)
	at java.base/java.lang.reflect.Method.invoke(Method.java:566)
	at com.example.algorithm2.Algorithm2Test.testParameterizedFuzzer(Algorithm2Test.java:226)

[INFO] 
[INFO] Results:
[INFO] 
[ERROR] Errors: 
[ERROR]   Algorithm2Test.testParameterizedFuzzer:226 » JXPath Cannot create a relative context for a non-existent node: proxy:Pointer
[INFO] 
[ERROR] Tests run: 2, Failures: 0, Errors: 1, Skipped: 0
[INFO] 
[ERROR] 

Please refer to /tmp/bugrun/jxpath_22.awZ1pT/target/surefire-reports for the individual test results.
Please refer to dump files (if any exist) [date].dump, [date]-jvmRun[N].dump and [date].dumpstream.
[INFO] 
[INFO] --- jacoco:0.8.11:report (default-cli) @ AlgorithmName2 ---
[INFO] Loading execution data file /tmp/bugrun/jxpath_22.awZ1pT/target/jacoco.exec
[INFO] Analyzed bundle 'AlgorithmName2' with 166 classes
[INFO] ------------------------------------------------------------------------
[INFO] BUILD SUCCESS
[INFO] ------------------------------------------------------------------------
[INFO] Total time:  12.219 s
[INFO] Finished at: 2026-10-06T03:07:27+07:00
[INFO] ------------------------------------------------------------------------
