[INFO] Scanning for projects...
[INFO] 
[INFO] ---------------------< com.example:AlgorithmName2 >---------------------
[INFO] Building AlgorithmName2 1.0-SNAPSHOT
[INFO]   from pom.xml
[INFO] --------------------------------[ jar ]---------------------------------
[INFO] 
[INFO] --- jacoco:0.8.11:prepare-agent (default) @ AlgorithmName2 ---
[INFO] argLine set to -javaagent:/home/kanyaphak673380391-3/.m2/repository/org/jacoco/org.jacoco.agent/0.8.11/org.jacoco.agent-0.8.11-runtime.jar=destfile=/tmp/bugrun/compress_5.dCu0ez/target/jacoco.exec
[INFO] 
[INFO] --- resources:3.4.0:resources (default-resources) @ AlgorithmName2 ---
[INFO] Copying 1 resource from src/main/resources to target/classes
[INFO] 
[INFO] --- compiler:3.15.0:compile (default-compile) @ AlgorithmName2 ---
[INFO] Recompiling the module because of changed source code.
[INFO] Compiling 1 source file with javac [debug target 1.8] to target/classes
[WARNING] bootstrap class path not set in conjunction with -source 8
[INFO] 
[INFO] --- dependency:3.6.0:unpack-dependencies (unpack-defects4j) @ AlgorithmName2 ---
[INFO] 
[INFO] --- resources:3.4.0:testResources (default-testResources) @ AlgorithmName2 ---
[INFO] skip non existing resourceDirectory /tmp/bugrun/compress_5.dCu0ez/src/test/resources
[INFO] 
[INFO] --- compiler:3.15.0:testCompile (default-testCompile) @ AlgorithmName2 ---
[INFO] Recompiling the module because of changed dependency.
[INFO] Compiling 1 source file with javac [debug target 1.8] to target/test-classes
[WARNING] bootstrap class path not set in conjunction with -source 8
[INFO] 
[INFO] --- surefire:3.1.2:test (default-cli) @ AlgorithmName2 ---
[INFO] Using auto detected provider org.apache.maven.surefire.junitplatform.JUnitPlatformProvider
[INFO] 
[INFO] -------------------------------------------------------
[INFO]  T E S T S
[INFO] -------------------------------------------------------
[INFO] Running com.example.algorithm2.Algorithm2Test
OpenJDK 64-Bit Server VM warning: Sharing is only supported for boot loader classes because bootstrap classpath has been appended
INFO: Loaded 281 hooks from com.code_intelligence.jazzer.runtime.TraceCmpHooks
INFO: Loaded 5 hooks from com.code_intelligence.jazzer.runtime.TraceDivHooks
INFO: Loaded 2 hooks from com.code_intelligence.jazzer.runtime.TraceIndirHooks
INFO: Loaded 4 hooks from com.code_intelligence.jazzer.runtime.NativeLibHooks
INFO: Loaded 2 hooks from com.code_intelligence.jazzer.sanitizers.ClojureLangHooks
INFO: Loaded 5 hooks from com.code_intelligence.jazzer.sanitizers.Deserialization
INFO: Loaded 5 hooks from com.code_intelligence.jazzer.sanitizers.ExpressionLanguageInjection
INFO: Loaded 70 hooks from com.code_intelligence.jazzer.sanitizers.LdapInjection
INFO: Loaded 46 hooks from com.code_intelligence.jazzer.sanitizers.NamingContextLookup
INFO: Loaded 1 hooks from com.code_intelligence.jazzer.sanitizers.OsCommandInjection
INFO: Loaded 52 hooks from com.code_intelligence.jazzer.sanitizers.ReflectiveCall
INFO: Loaded 8 hooks from com.code_intelligence.jazzer.sanitizers.RegexInjection
INFO: Loaded 16 hooks from com.code_intelligence.jazzer.sanitizers.RegexRoadblocks
INFO: Loaded 18 hooks from com.code_intelligence.jazzer.sanitizers.ScriptEngineInjection
INFO: Loaded 2 hooks from com.code_intelligence.jazzer.sanitizers.ServerSideRequestForgery
INFO: Loaded 19 hooks from com.code_intelligence.jazzer.sanitizers.SqlInjection
INFO: Loaded 6 hooks from com.code_intelligence.jazzer.sanitizers.XPathInjection
INFO: Instrumented com.example.algorithm2.Algorithm2Test$Skip (took 358 ms, size +44%)
INFO: Instrumented com.example.algorithm2.Algorithm2Test (took 240 ms, size +27%)
INFO: Instrumented org.apache.commons.compress.archivers.ArchiveStreamFactory (took 151 ms, size +39%)
INFO: Instrumented org.apache.commons.compress.archivers.ArchiveInputStream (took 73 ms, size +41%)
INFO: New number of coverage counters: 1024
INFO: Instrumented org.apache.commons.compress.archivers.ar.ArArchiveInputStream (took 80 ms, size +29%)
INFO: Instrumented org.apache.commons.compress.archivers.zip.ZipArchiveInputStream (took 100 ms, size +21%)
INFO: Instrumented org.apache.commons.compress.archivers.tar.TarArchiveInputStream (took 84 ms, size +21%)
INFO: Instrumented org.apache.commons.compress.archivers.jar.JarArchiveInputStream (took 10 ms, size +26%)
INFO: Instrumented org.apache.commons.compress.archivers.cpio.CpioArchiveInputStream (took 50 ms, size +30%)
INFO: Instrumented org.apache.commons.compress.archivers.cpio.CpioConstants (took 1 ms, size +0%)
INFO: Instrumented org.apache.commons.compress.archivers.ArchiveException (took 6 ms, size +38%)
INFO: Instrumented org.apache.commons.compress.archivers.ArchiveOutputStream (took 36 ms, size +35%)
INFO: New number of coverage counters: 2048
INFO: Instrumented org.apache.commons.compress.archivers.ar.ArArchiveOutputStream (took 64 ms, size +21%)
INFO: Instrumented org.apache.commons.compress.archivers.zip.ZipArchiveOutputStream (took 156 ms, size +20%)
INFO: Instrumented org.apache.commons.compress.archivers.tar.TarArchiveOutputStream (took 57 ms, size +18%)
INFO: Instrumented org.apache.commons.compress.archivers.jar.JarArchiveOutputStream (took 21 ms, size +36%)
INFO: Instrumented org.apache.commons.compress.archivers.cpio.CpioArchiveOutputStream (took 88 ms, size +20%)
[harness] target=org.apache.commons.compress.archivers.ArchiveStreamFactory factories=1 methods=3
INFO: found LLVMFuzzerCustomMutator (0x744366c70cd0). Disabling -len_control by default.
INFO: Running with entropic power schedule (0xFF, 100).
INFO: Seed: 529216699
INFO: using inputs from: /tmp/bugrun/compress_5.dCu0ez/.cifuzz-corpus/com.example.algorithm2.Algorithm2Test/testParameterizedFuzzer
INFO: using inputs from: /tmp/jazzer-java-seeds4119476629995665382
INFO: Loaded 3 modules   (2048 inline 8-bit counters): 512 [0x744468b81680, 0x744468b81880), 512 [0x744468b81880, 0x744468b81a80), 1024 [0x744468b81a80, 0x744468b81e80), 
INFO: Loaded 3 PC tables (2048 PCs): 512 [0x744468b72460,0x744468b74460), 512 [0x7444687849f0,0x7444687869f0), 1024 [0x74446898ddd0,0x744468991dd0), 
INFO:        0 files found in /tmp/bugrun/compress_5.dCu0ez/.cifuzz-corpus/com.example.algorithm2.Algorithm2Test/testParameterizedFuzzer
INFO:        0 files found in /tmp/jazzer-java-seeds4119476629995665382
INFO: -max_len is not provided; libFuzzer will not generate inputs larger than 4096 bytes
INFO: A corpus is not provided, starting from an empty corpus
#2	INITED cov: 94 ft: 94 corp: 1/1b exec/s: 0 rss: 1139Mb
#3	NEW    cov: 98 ft: 99 corp: 2/3b lim: 4 exec/s: 0 rss: 1139Mb L: 2/2 MS: 2 CrossOver-Custom-
#5	NEW    cov: 101 ft: 110 corp: 3/6b lim: 4 exec/s: 0 rss: 1140Mb L: 3/3 MS: 4 CopyPart-Custom-InsertByte-Custom-
#6	REDUCE cov: 101 ft: 110 corp: 3/5b lim: 4 exec/s: 0 rss: 1140Mb L: 2/2 MS: 2 EraseBytes-Custom-
#15	REDUCE cov: 101 ft: 110 corp: 3/4b lim: 4 exec/s: 0 rss: 1140Mb L: 1/2 MS: 8 CopyPart-Custom-EraseBytes-Custom-ChangeBit-Custom-EraseBytes-Custom-
INFO: Instrumented org.apache.commons.compress.archivers.ArchiveEntry (took 14 ms, size +0%)
INFO: Instrumented org.apache.commons.compress.archivers.zip.ZipExtraField (took 0 ms, size +0%)
#23	REDUCE cov: 101 ft: 110 corp: 3/3b lim: 4 exec/s: 0 rss: 1141Mb L: 1/1 MS: 6 InsertByte-Custom-EraseBytes-Custom-EraseBytes-Custom-
#24	REDUCE cov: 101 ft: 111 corp: 4/4b lim: 4 exec/s: 0 rss: 1141Mb L: 1/1 MS: 2 ChangeByte-Custom-
INFO: Instrumented org.apache.commons.compress.archivers.zip.ZipLong (took 28 ms, size +26%)
#35	NEW    cov: 121 ft: 144 corp: 5/8b lim: 4 exec/s: 0 rss: 1154Mb L: 4/4 MS: 2 CMP-Custom- DE: "tar"-
#81	NEW    cov: 122 ft: 146 corp: 6/12b lim: 4 exec/s: 0 rss: 1157Mb L: 4/4 MS: 2 CopyPart-Custom-
#110	NEW    cov: 140 ft: 164 corp: 7/16b lim: 4 exec/s: 0 rss: 1161Mb L: 4/4 MS: 8 ChangeByte-Custom-ChangeByte-Custom-ShuffleBytes-Custom-PersAutoDict-Custom- DE: "tar"-
#135	NEW    cov: 141 ft: 166 corp: 8/20b lim: 4 exec/s: 0 rss: 1162Mb L: 4/4 MS: 10 ChangeBit-Custom-ChangeByte-Custom-ShuffleBytes-Custom-ChangeBit-Custom-CrossOver-Custom-
INFO: Instrumented org.apache.commons.compress.archivers.tar.TarBuffer (took 51 ms, size +21%)
INFO: Instrumented org.apache.commons.compress.archivers.zip.ZipEncodingHelper (took 30 ms, size +21%)
INFO: Instrumented org.apache.commons.compress.archivers.zip.ZipEncoding (took 1 ms, size +0%)
INFO: Instrumented org.apache.commons.compress.archivers.zip.ZipEncodingHelper$SimpleEncodingHolder (took 14 ms, size +33%)
#173	REDUCE cov: 193 ft: 218 corp: 9/24b lim: 4 exec/s: 0 rss: 1176Mb L: 4/4 MS: 6 ChangeByte-Custom-ChangeByte-Custom-CMP-Custom- DE: "zip"-
#175	NEW    cov: 197 ft: 222 corp: 10/27b lim: 4 exec/s: 0 rss: 1176Mb L: 3/4 MS: 4 CrossOver-Custom-ChangeBinInt-Custom-
#182	NEW    cov: 197 ft: 223 corp: 11/31b lim: 4 exec/s: 0 rss: 1176Mb L: 4/4 MS: 4 ChangeBinInt-Custom-PersAutoDict-Custom- DE: "zip"-
INFO: Instrumented org.apache.commons.compress.archivers.zip.FallbackZipEncoding (took 21 ms, size +28%)
INFO: Instrumented org.apache.commons.compress.archivers.zip.ZipArchiveOutputStream$UnicodeExtraFieldPolicy (took 4 ms, size +33%)
#255	NEW    cov: 207 ft: 233 corp: 12/35b lim: 4 exec/s: 0 rss: 1181Mb L: 4/4 MS: 6 CrossOver-Custom-PersAutoDict-Custom-ChangeBinInt-Custom- DE: "zip"-
#493	REDUCE cov: 213 ft: 239 corp: 13/38b lim: 6 exec/s: 0 rss: 1197Mb L: 3/4 MS: 6 CrossOver-Custom-ChangeBinInt-Custom-CMP-Custom- DE: "ar"-
#499	NEW    cov: 214 ft: 240 corp: 14/41b lim: 6 exec/s: 0 rss: 1197Mb L: 3/4 MS: 2 ChangeByte-Custom-
#517	NEW    cov: 219 ft: 247 corp: 15/46b lim: 6 exec/s: 0 rss: 1198Mb L: 5/5 MS: 6 CrossOver-Custom-PersAutoDict-Custom-CopyPart-Custom- DE: "zip"-
#749	NEW    cov: 222 ft: 250 corp: 16/54b lim: 8 exec/s: 0 rss: 1213Mb L: 8/8 MS: 4 PersAutoDict-Custom-InsertRepeatedBytes-Custom- DE: "ar"-
#846	REDUCE cov: 222 ft: 250 corp: 16/53b lim: 8 exec/s: 0 rss: 1219Mb L: 7/7 MS: 4 CrossOver-Custom-CrossOver-Custom-
#1190	NEW    cov: 223 ft: 251 corp: 17/62b lim: 11 exec/s: 1190 rss: 1241Mb L: 9/9 MS: 8 PersAutoDict-Custom-ShuffleBytes-Custom-EraseBytes-Custom-InsertRepeatedBytes-Custom- DE: "zip"-
#2062	NEW    cov: 229 ft: 257 corp: 18/66b lim: 17 exec/s: 2062 rss: 1255Mb L: 4/9 MS: 4 CMP-Custom-CrossOver-Custom- DE: "jar"-
#2868	NEW    cov: 230 ft: 258 corp: 19/70b lim: 21 exec/s: 2868 rss: 1261Mb L: 4/9 MS: 2 ChangeByte-Custom-
#3049	NEW    cov: 234 ft: 262 corp: 20/74b lim: 21 exec/s: 3049 rss: 1262Mb L: 4/9 MS: 2 CMP-Custom- DE: "jar"-
#4569	NEW    cov: 235 ft: 263 corp: 21/85b lim: 33 exec/s: 2284 rss: 1286Mb L: 11/11 MS: 10 EraseBytes-Custom-ChangeByte-Custom-ShuffleBytes-Custom-ChangeBit-Custom-CMP-Custom- DE: "\377\377\377\377\377\377\377\377"-
#4618	REDUCE cov: 236 ft: 264 corp: 22/96b lim: 33 exec/s: 2309 rss: 1286Mb L: 11/11 MS: 8 ChangeByte-Custom-CopyPart-Custom-ChangeBit-Custom-CrossOver-Custom-
#4799	REDUCE cov: 236 ft: 264 corp: 22/95b lim: 33 exec/s: 2399 rss: 1286Mb L: 10/11 MS: 2 EraseBytes-Custom-
#4848	NEW    cov: 236 ft: 267 corp: 23/103b lim: 33 exec/s: 2424 rss: 1286Mb L: 8/11 MS: 8 EraseBytes-Custom-ChangeByte-Custom-CMP-Custom-InsertByte-Custom- DE: "1\000\000\000"-
#5064	REDUCE cov: 236 ft: 267 corp: 23/100b lim: 33 exec/s: 2532 rss: 1286Mb L: 5/11 MS: 2 EraseBytes-Custom-
#5645	NEW    cov: 236 ft: 292 corp: 24/137b lim: 38 exec/s: 2822 rss: 1286Mb L: 37/37 MS: 2 InsertRepeatedBytes-Custom-
#5662	NEW    cov: 236 ft: 297 corp: 25/175b lim: 38 exec/s: 2831 rss: 1286Mb L: 38/38 MS: 4 EraseBytes-Custom-CopyPart-Custom-
#5943	REDUCE cov: 236 ft: 297 corp: 25/174b lim: 38 exec/s: 2971 rss: 1286Mb L: 10/38 MS: 2 EraseBytes-Custom-
#6874	NEW    cov: 236 ft: 300 corp: 26/215b lim: 43 exec/s: 3437 rss: 1286Mb L: 41/41 MS: 2 CrossOver-Custom-
#6970	NEW    cov: 236 ft: 301 corp: 27/257b lim: 43 exec/s: 3485 rss: 1286Mb L: 42/42 MS: 2 InsertByte-Custom-
#6997	REDUCE cov: 236 ft: 301 corp: 27/254b lim: 43 exec/s: 3498 rss: 1286Mb L: 34/42 MS: 4 CopyPart-Custom-EraseBytes-Custom-
#7393	REDUCE cov: 236 ft: 301 corp: 27/252b lim: 43 exec/s: 3696 rss: 1286Mb L: 8/42 MS: 2 EraseBytes-Custom-
#7403	NEW    cov: 237 ft: 302 corp: 28/265b lim: 43 exec/s: 3701 rss: 1286Mb L: 13/42 MS: 10 CrossOver-Custom-ChangeByte-Custom-PersAutoDict-Custom-EraseBytes-Custom-ChangeBit-Custom- DE: "\377\377\377\377\377\377\377\377"-
#7421	REDUCE cov: 237 ft: 302 corp: 28/264b lim: 43 exec/s: 3710 rss: 1286Mb L: 4/42 MS: 6 CopyPart-Custom-ChangeBit-Custom-EraseBytes-Custom-
#7774	REDUCE cov: 237 ft: 302 corp: 28/263b lim: 43 exec/s: 3887 rss: 1287Mb L: 40/42 MS: 6 CopyPart-Custom-EraseBytes-Custom-CopyPart-Custom-
#8192	pulse  cov: 237 ft: 302 corp: 28/263b lim: 43 exec/s: 4096 rss: 1287Mb
#8811	REDUCE cov: 237 ft: 302 corp: 28/258b lim: 53 exec/s: 4405 rss: 1288Mb L: 8/42 MS: 4 ChangeBit-Custom-EraseBytes-Custom-
#8846	REDUCE cov: 238 ft: 303 corp: 29/265b lim: 53 exec/s: 4423 rss: 1288Mb L: 7/42 MS: 10 ChangeBinInt-Custom-CMP-Custom-CrossOver-Custom-InsertByte-Custom-ShuffleBytes-Custom- DE: "\001\003"-
#9099	REDUCE cov: 238 ft: 303 corp: 29/264b lim: 53 exec/s: 4549 rss: 1288Mb L: 6/42 MS: 6 ShuffleBytes-Custom-CrossOver-Custom-EraseBytes-Custom-
#9395	REDUCE cov: 238 ft: 303 corp: 29/263b lim: 53 exec/s: 3131 rss: 1288Mb L: 9/42 MS: 2 EraseBytes-Custom-
#9426	REDUCE cov: 238 ft: 303 corp: 29/262b lim: 53 exec/s: 3142 rss: 1288Mb L: 7/42 MS: 2 EraseBytes-Custom-
#10897	REDUCE cov: 238 ft: 303 corp: 29/261b lim: 63 exec/s: 3632 rss: 1288Mb L: 5/42 MS: 2 EraseBytes-Custom-
#11149	REDUCE cov: 239 ft: 304 corp: 30/276b lim: 63 exec/s: 3716 rss: 1288Mb L: 15/42 MS: 4 CopyPart-Custom-EraseBytes-Custom-
#11350	REDUCE cov: 239 ft: 304 corp: 30/274b lim: 63 exec/s: 3783 rss: 1288Mb L: 13/42 MS: 2 EraseBytes-Custom-
#11906	REDUCE cov: 239 ft: 304 corp: 30/270b lim: 68 exec/s: 3968 rss: 1288Mb L: 9/42 MS: 2 EraseBytes-Custom-
#11940	REDUCE cov: 239 ft: 304 corp: 30/269b lim: 68 exec/s: 3980 rss: 1288Mb L: 7/42 MS: 8 CMP-Custom-ChangeBinInt-Custom-EraseBytes-Custom-InsertByte-Custom- DE: "`\012\003\012"-
#11977	REDUCE cov: 239 ft: 304 corp: 30/267b lim: 68 exec/s: 3992 rss: 1288Mb L: 7/42 MS: 4 ChangeBit-Custom-EraseBytes-Custom-
#12008	NEW    cov: 239 ft: 329 corp: 31/335b lim: 68 exec/s: 4002 rss: 1288Mb L: 68/68 MS: 2 InsertRepeatedBytes-Custom-
#13046	NEW    cov: 239 ft: 331 corp: 32/407b lim: 74 exec/s: 4348 rss: 1288Mb L: 72/72 MS: 6 InsertByte-Custom-CopyPart-Custom-CrossOver-Custom-
#13052	NEW    cov: 239 ft: 334 corp: 33/481b lim: 74 exec/s: 4350 rss: 1288Mb L: 74/74 MS: 2 CrossOver-Custom-
#13197	REDUCE cov: 239 ft: 334 corp: 33/480b lim: 74 exec/s: 4399 rss: 1288Mb L: 71/74 MS: 10 EraseBytes-Custom-ChangeByte-Custom-InsertRepeatedBytes-Custom-InsertRepeatedBytes-Custom-InsertByte-Custom-
#14019	NEW    cov: 239 ft: 335 corp: 34/555b lim: 80 exec/s: 4673 rss: 1288Mb L: 75/75 MS: 4 ChangeBinInt-Custom-InsertByte-Custom-
#14091	REDUCE cov: 239 ft: 335 corp: 34/554b lim: 80 exec/s: 4697 rss: 1288Mb L: 73/75 MS: 4 ChangeBinInt-Custom-EraseBytes-Custom-
#14381	REDUCE cov: 239 ft: 338 corp: 35/625b lim: 80 exec/s: 4793 rss: 1288Mb L: 71/75 MS: 10 CMP-Custom-CrossOver-Custom-ShuffleBytes-Custom-ChangeByte-Custom-InsertRepeatedBytes-Custom- DE: "\011\001\000\000"-
#14546	REDUCE cov: 239 ft: 338 corp: 35/624b lim: 80 exec/s: 4848 rss: 1288Mb L: 67/75 MS: 10 CopyPart-Custom-ChangeBit-Custom-ChangeBit-Custom-CrossOver-Custom-EraseBytes-Custom-
#16384	pulse  cov: 239 ft: 338 corp: 35/624b lim: 98 exec/s: 5461 rss: 1288Mb
#16811	DONE   cov: 239 ft: 338 corp: 35/624b lim: 98 exec/s: 4202 rss: 1288Mb
###### Recommended dictionary. ######
"tar" # Uses: 253
"zip" # Uses: 257
"ar" # Uses: 255
"jar" # Uses: 223
"\377\377\377\377\377\377\377\377" # Uses: 126
"1\000\000\000" # Uses: 147
"\001\003" # Uses: 94
"`\012\003\012" # Uses: 60
"\011\001\000\000" # Uses: 23
###### End of recommended dictionary. ######
Done 16811 runs in 4 second(s)
[INFO] Tests run: 2, Failures: 0, Errors: 0, Skipped: 0, Time elapsed: 18.82 s -- in com.example.algorithm2.Algorithm2Test
[INFO] 
[INFO] Results:
[INFO] 
[INFO] Tests run: 2, Failures: 0, Errors: 0, Skipped: 0
[INFO] 
[INFO] 
[INFO] --- jacoco:0.8.11:report (default-cli) @ AlgorithmName2 ---
[INFO] Loading execution data file /tmp/bugrun/compress_5.dCu0ez/target/jacoco.exec
[INFO] Analyzed bundle 'AlgorithmName2' with 64 classes
[INFO] ------------------------------------------------------------------------
[INFO] BUILD SUCCESS
[INFO] ------------------------------------------------------------------------
[INFO] Total time:  41.753 s
[INFO] Finished at: 2026-10-06T02:45:29+07:00
[INFO] ------------------------------------------------------------------------
